
  -------------------------------------------------------------
  -                                                           -
  -              Welcome to TARES version 1.8                 -
  -                                                           -
  -  (C) Copyright 2007-2025 D. Rochman, All Rights Reserved  -
  -           NRG, Petten, the Netherlands 2007-2014          -
  -           PSI, Villigen    Switzerland 2015-2025          -
  -         Nagra, Wettingen   Switzerland 2025-              -
  -           (Last Modified October 06, 2026)                -
  -           (Database from October 06, 2026)                -
  -                                                           -
  -------------------------------------------------------------


  ---------------------------------------------
   Compilation information:
   Compiled on:         Oct  7 2026, 09:32:19
   Compiled by:         koning
   Compiler version:    clang++ - 21.0.0
   Source location:     /Users/koning/tares-1.8/source/Module/
   Binaries location:   /Users/koning/bin
   System:              Darwin 25.6.0
   System version:      Darwin Kernel Version 25.6.0: Fri Jul 31 19:19:08 PDT 2026; root:xnu-12377.161.14~5/RELEASE_ARM64_T6050  
   Machine:             arm64 
  ---------------------------------------------

   User information:
   User name:           koning
   Running directory:   /Users/koning/tendl/resbase/At204/work
   Owner mode for running directory : rwx
   Group mode for running directory : r-x
  ---------------------------------------------


 Starting time: Wed Oct  7 10:23:28 2026
 ... inputs directory found (/Users/koning/tares-1.8/source/Module//../../inputs/).
 ... It will be used for resonance parameters 
 ... ###############################################
 ... #     read the input file tares.inp
 ... ###############################################
 ... line: #
 ... line: # Input file generated by Autorochman
          --> line not read
 ... line: #
 ... line: isotope    At
          --> Isotope name: At
 ... line: mass       204
          --> isotopic mass: 204
 ... line: output     n-At204
         ---> Name of the output files: n-At204
 ... line: isomer     0
          --> isomeric state: 0
 ... line: mf32mf33   y
          --> MF33 based on MF32: y
 ... line: nbrRandom  6
          --> Nbr of random files: 6
 ... ###############################################
 ... # end read the input file tares.inp
 ... ###############################################
Value for random generator type not considered in since Tares 1.7 due to compilation issues

 ... ###############################################
     #   Interpretation of the Input definition    #
     ###############################################

 ... Default energy limit: End of resonance region
 ... Nuclear charge    = 85
 ... Element           = At
 ... Mass              = 204
 ... Isomer            = 0
 ... Correlation for (Gn,Gg) not included in random files
 ... Default random option: No random
 ... Output name: n-At204
 ... Energy for the MACS: 30000 eV
 ... Resonances from CALENDF reduced (reduce=y) 
 ... For URR, level density model from TALYS selected: 91n3n12611.2850 (see manual for description)
 ... Random Generator: default (pseudo random numbers from ansi c++)
 ... Reconstruction of cross section selected
 ... Doppler broadening at 0 Kelvin
 ... URR not included (from the input file flag)
 ... Weight for grouping is flat
 ... Calculation of (n,alpha) cross section selected
 ... Number of digit for MF32c covariance representation: 2
 ... MF32 included
 ... MF33 will be used for covariance processing
 ... TENDL option set to yes (automatic choice of MF2 and format)
 ... Isotope not found in the best file --> use of MLBW formalism
 ... default option: Multi level Breit Wigner approximation selected
 ... (check file best.tendl.yes for changing this option)
 ... Retroactive option set to no with the 2025 option
 ... ladder option set to yes (CALENDF will be used for statistical resonances)

 ... ###############################################
     #           End of Input definition           #
     ###############################################

 ... gnuplot found, will be used for plotting
 ... latex found, will be used for plotting
 ... dvips found, will be used for plotting
 ... ps2epsi not found, limited plotting available
 ... uncertainties on default parameters multiplied by 1.23148
 ... Read resonance data from the 2025 directory
 ... Resonance parameters taken from /Users/koning/tares-1.8/source/Module//../../inputs/2025/Resonance/default/
 ---> Processing Z= 85 and A= 204 and isomer= 0 (level number: 0)
 Exfor path; Could not find /Users/koning/tares-1.8/source/Module//../../inputs/exfor/At204/xs/102
Thermal file; Could not open file /Users/koning/tares-1.8/source/Module//../../inputs/2025/runThermal/results//thermal.mxw.ng.cendl3.1
Thermal file; Could not open file /Users/koning/tares-1.8/source/Module//../../inputs/2025/runThermal/results//thermal.mxw.ng.brond3.1
Thermal file; Could not open file /Users/koning/tares-1.8/source/Module//../../inputs/2025/runThermal/results//thermal.xs.ng.unc.cendl3.1
 ... spin taken from the final/ directory (1)

 ... ###############################################
 ... #  Nucleus global parameters (2025 database)  #
 ... ###############################################
 0. Half-life: 9.12 min. 
 ... Scattering radius from TALYS: /Users/koning/tares-1.8/source/Module//../../inputs/2025/lib.urr/talys.urr/
 1. Spin of the target isotope: 7
 2. Relative Atomic Mass of the target isotope: 203.987
 3. Scattering radius (local compilation): 7.80749 fm +/- 0.163957 fm
      .......................................
      ... Thermal capture cross sections: ...
 4. Thermal (n,g) cross section from systematics: 101.9 +/- 71.33 b.
 5. Thermal (n,g) cross section from TENDL-2023: 101.9 +/- 9.041 b.
      .......................................
      ...  Thermal total cross sections:  ...
      .......................................
      ... Thermal elastic cross sections: ...
 6. Thermal (n,el) cross section from potential (4piR^2): 9.81214 +/- 0.490607 b.
      .......................................
             ... Resonance integral: ...
 7. No capture integral found in /Users/koning/tares-1.8/source/Module//../../inputs/capture.integral
 ... no RI(n,g) found in local compilation, take 2018 value.
 ... no RI(n,g) found in local compilation, take Sukhoruchkin value.
   ---- MACS 30 keV ----- 
 8. TALYS MACS 30 keV (HF): 2.10767 b. 
   ---------- S0 -------- 
 9. S0 from TALYS: 0.718156
   ---------- S1 -------- 
 10. S1 from TALYS: 0.602619
   ---------- S2 -------- 
 11. S2 from TALYS: 1.11674
   ---------- D0 -------- 
 12. D0 from TALYS: 0.17487 eV
   ---------- D1 -------- 
 13. D1 from TALYS: 0.0890357 eV
   ---------- D2 -------- 
 14. D2 from TALYS: 0.0611844 eV
   ---------- G0 -------- 
 15. Gg0 from TALYS: 0.124042 eV
   ---------- G1 -------- 
 16. Gg1 from TALYS: 0.127486 eV
   ---------- G2 -------- 
 17. Gg2 from TALYS: 0.13116 eV


   ---------------------- 
 ... Read resonance parameters (format: 2: Multi Level Breit Wigner)
 ... 0 resonances found 
 ... possibly no resonances in the Resonance directory for this isotope and options
 ... Use HFR (ladder) behavior 
 --> 19. Number of resonances from the input file: 2 up to 0.0874348 eV
 20. Read nuclear quantities (mass, MAT...)
 21. Read thermal (n,g) xs 
 22. Read the scattering radius 
 23. Read uncertainty on Gg for 2 resonances
 24. Read uncertainty on Gg for 2 resonances ... done
 ... order resonances 
 ... Upper limit for the RRR: 0.0874348 eV (no statistical resonances HFR) from the limit.RRR file
 ... Write parameters for l=0 waves
 ... End writing original MF2 
 ... No RRR in the database: uncertainties on default parameters multiplied by 1.99753
 ... Enter in urr function (ladder option set to y) for file n-At204
 ... read the file /Users/koning/tares-1.8/source/Module//../../inputs/2025/list.jcs.urr to find URR origin
 Default URR taken from TALYS calculations with level density model: 91n3n12611.2850
 File considered for the URR: /Users/koning/tares-1.8/source/Module//../../inputs/2025/lib.urr/talys.urr/91n3n12611.2850/At/urr/urr.dat.At.204.000.0.gz
 ... Write URR using TALYS average parameters (used for HFR)
 ... Limit of URR changed to 25 keV (recommendation from WPEC and JEFF)
 ... Extract the Sn value from file ./urr.dat.At.204.0.0
 ... found Sn= 9.18058 MeV
 ... estimated number of resonances up to 195.792 eV: 1119.64 resonances, too high ?
 ... estimated number of resonances up to 97.8959 eV:  559.822 resonances
 ... This is a test here. The higher energy limit to include URR data for calendf is set to max Sn. 24/03/2016
 ... Use Sn to define the maximum energy for the URR: Sn= 9.18058 MeV --> last_energyURR= 97.8959 eV
 ... read D0, S0, Gn and Gg
 ... number of URR energies: 1536
 Number of l: 1536 and last energy: 12
 Last  URR energy: 97.8959 eV
 ... Enter in to_MLBW_mf2 function
 ... Convert to Multi Level Breit Wigner (MLBW)
 ... Write parameter covariances (MF32) for l=0
 ... Convert parameter covariances (MF32) to MLBW
 ... copy the mf2 and mf32 to .mlbw files
 ... Enter in urr_correct function case 1
 Modify the higher limit of RRR in MF2
 --> old value: 8.787200-2 eV new value: 1.000000-2 eV
 Modify resonance covariances (MF32) to include correlations in the URR
 End Modify resonance covariances (MF32) to include correlations in the URR
 ... Enter in calendf_xs function
 Use CALENDF for statistical resonances (update MF2) up to 9.789590+1 eV (initial limit)
 Extract resonances from CALENDF for RRR->URR 2
 1736 statistical resonances found
 After reduction, 1579 statistical resonances found
 ... checking resonance order 1
 ... checking resonance order 2nd round for 1577 resonances
 ... end checking resonance order 2nd round
 Too many resonances (1577): reduced to 100.
 .......................................................
 ... Adjustment to the thermal cross section : start ...
 .......................................................

 Before adjustment (adjustment to the thermal cross section set to y)
 ... Import MF2 from TARES calculations
 ... End energy of TARES MF2 : 1.064125E+1 eV and limit to 40000 resonances
 ... File used for reconstruction: new.temp22.reconst
 ... run RECENT ...
 ... Doppler broadened at a unique temperature: 300 Kelvin using sigma1
 ... run SIGMA1 at 3.000000E+02 K.

 ============== INTER values at 300 Kelvin ==============
 Thermal (n,g) xs =  924.096 b. (meas/sys: 101.9 b.) (warning: comparison to be done at 296 or 300 K)
 Th Maxw (n,g) xs =  1010.8 b. (thermal Maxwellian value)
 Westcott factor  =  1.09378
 RI      (n,g)    =  1089.91 b. (meas or sys: - b.)
 MACS 3.000e+04 eV=  2.0852 b. (meas or sys: - b.) from 1.00E+00 to 2.00E+07 eV (end of RRR) at T= 300 Kelvin 
 Thermal (n,el) xs=  6.03228 b.
 RI      (n,el)   =  23.3943 b.
 ============= PSYCHE values ==============
 Ave. G_total L0  =  0.122092 eV
 Ave. G_total L1  =  0.120446 eV
 Ave. Gn_0    L0  =  3.11198e-05
 Ave. Gn_0    L1  =  4.19398e-05
 Ave. Gg      L0  =  0.122027 eV
 Ave. Gg      L1  =  0.120446 eV
 Ave. D       L0  =  0.174447 eV
 Ave. D       L1  =  0.354708 eV
 Ave. S       L0  =  9.08226e-05 eV
 Ave. S       L1  =  2.06644e-05 eV
 =========================================
 Calculated capture integral   1089.91 b.
 Calculated thermal (n,g)=          924.096073 b. and recommended= 101.9 b. (C/E= 9.06866)
 Calculated RI      (n,g)= 1089.91 b. (no reference value)
 ... tolerances: thermal (n,g) 20 % (reference uncertainties, minimum 2% and 5%, maximum 20%)
 Adjust the capture widths ...
 ... capture adjusted with Gn for 100 resonances (Gn<Gg) and with Gg for 0 resonances
 ... iteration 0: C/E thermal (n,g)= 9.06866

 <-------- After adjustment -------->
 ... Import MF2 from TARES calculations
 ... End energy of TARES MF2 : 1.064125E+1 eV and limit to 40000 resonances
 ... File used for reconstruction: new.temp22.reconst
 ... run RECENT ...
 ... Doppler broadened at a unique temperature: 300 Kelvin using sigma1
 ... run SIGMA1 at 3.000000E+02 K.

 ============== INTER values at 300 Kelvin ==============
 Thermal (n,g) xs =  120.243 b. (meas/sys: 101.9 b.) (warning: comparison to be done at 296 or 300 K)
 Th Maxw (n,g) xs =  131.52 b. (thermal Maxwellian value)
 Westcott factor  =  1.09379
 RI      (n,g)    =  302.924 b. (meas or sys: - b.)
 MACS 3.000e+04 eV=  2.0851 b. (meas or sys: - b.) from 1.00E+00 to 2.00E+07 eV (end of RRR) at T= 300 Kelvin 
 Thermal (n,el) xs=  7.45203 b.
 RI      (n,el)   =  22.6787 b.
 ============= PSYCHE values ==============
 Ave. G_total L0  =  0.122035 eV
 Ave. G_total L1  =  0.120446 eV
 Ave. Gn_0    L0  =  4.04927e-06
 Ave. Gn_0    L1  =  5.45713e-06
 Ave. Gg      L0  =  0.122027 eV
 Ave. Gg      L1  =  0.120446 eV
 Ave. D       L0  =  0.174447 eV
 Ave. D       L1  =  0.354708 eV
 Ave. S       L0  =  1.18177e-05 eV
 Ave. S       L1  =  2.68881e-06 eV
 =========================================
 ... iteration 1: C/E thermal (n,g)= 1.18001


 ... ratio C/E thermal (n,g): 1.180006E+00
 ...................................................... 
 ... Adjustment to the thermal cross section : stop ...
 ...................................................... 
 ... new MF2 file after adjustment: n-At204
 ... read the file /Users/koning/tares-1.8/source/Module//../../inputs/2025/list.jcs.urr to find URR origin
 Default URR taken from TALYS calculations with level density model: 91n3n12611.2850
 File considered for the URR: /Users/koning/tares-1.8/source/Module//../../inputs/2025/lib.urr/talys.urr/91n3n12611.2850/At/urr/urr.dat.At.204.000.0.gz
 ... Write URR using TALYS average parameters (not used for HFR)
 ... Limit of URR changed to 25 keV (recommendation from WPEC and JEFF)
 Energy limit of the URR set to 13.8336 eV
 ... read D0, S0, Gn and Gg
 ... number of URR energies: 36
 Number of l: 36 and last energy: 12
 Last  URR energy: 13.8336 eV
 ... Enter in urr_correct function case 2
 Modify the higher limit of RRR in MF2
 --> old value: 1.064125+1 eV new value: 1.064125+1 eV
 Modify resonance covariances (MF32) to include correlations in the URR
 End Modify resonance covariances (MF32) to include correlations in the URR
 ... Enter in update_MF32 function
 ... Change uncertainties
 ... for the HFR, random position of the positive resonances with 0.020000 %
 ... end of update MF32 function
 ... GLS calculation of the parameter correlations from the thermal/RI adjustment (MF32c)
 ... MF32: correlations from the thermal/RI adjustment (GLS) for 10 resonances (10 widths), 3 correlation lines
 ...   thermal (n,g): uncertainty from these widths 17.5957 b. -> 17.0836 b. (reference: 101.9 +/- 71.33 b.)
 ... copy the mf2 and mf32 to .mlbw files

 ... Start of final reconstruction and testing ...
 ... Reconstruction of cross sections at 0 Kelvin  ... Import MF2 from TARES calculations
 ... End energy of TARES MF2 : 1.064125E+1 eV and limit to 40000 resonances
 ... File used for reconstruction: n-At204.reconst
 ... run RECENT ...
 ... Doppler broadened at a unique temperature: 0 Kelvin using sigma1
 ... The keyword temperature is zero, no Doppler broadening for the MACS

 ============== INTER values at 0 Kelvin ==============
 Thermal (n,g) xs =  120.112 b. (meas/sys: 101.9 b.) (warning: comparison to be done at 296 or 300 K)
 Th Maxw (n,g) xs =  130.67 b. (thermal Maxwellian value)
 Westcott factor  =  1.08789
 RI      (n,g)    =  301.819 b. (meas or sys: - b.)
 MACS 3.000e+04 eV=  2.0727 b. (meas or sys: - b.) from 1.00E+00 to 1.06E+01 eV (end of RRR) at T= 0 Kelvin 
 Thermal (n,el) xs=  7.43368 b.
 RI      (n,el)   =  22.6758 b.
 ============= PSYCHE values ==============
 Ave. G_total L0  =  0.122035 eV
 Ave. G_total L1  =  0.120446 eV
 Ave. Gn_0    L0  =  4.04927e-06
 Ave. Gn_0    L1  =  5.45713e-06
 Ave. Gg      L0  =  0.122027 eV
 Ave. Gg      L1  =  0.120446 eV
 Ave. D       L0  =  0.174447 eV
 Ave. D       L1  =  0.354708 eV
 Ave. S       L0  =  1.18177e-05 eV
 Ave. S       L1  =  2.68881e-06 eV
 =========================================
 ... End of final reconstruction and testing ...

 ... grouping is not optimum, change to 70 groups
 ... Produce MF33 based on MF32 and 6 random files
 ... run endsam for 6 in groups of 1 global run
 ... run endsam from 1 to 6
 ... reorder resonance position after endsam (sampling)
 ... preparing the vectors  ... done
 ... nominal file 0 Cap(th)  ave= 1.201E+02 b. +/- 0.00 % || Ela(th) ave= 7.434E+00 b. +/- 0.00 % || RIcap ave= 1.18E+02 b. +/- 0.00 % || Macs30 ave= 2.12E+01 b. +/- 0.00 % || Gn^0(l=0) ave= 4.049E-06 +/- 0.00 % Gn^0(l=1) ave= 5.457E-06 +/- 0.00 % Gn^0(l=2) ave= 0.000E+00 +/- 0.00 % Gn^0(l=3) ave= 0.000E+00 +/- 0.00 % || Gtotal(l=0) ave= 1.220E-01 +/- 0.00 % Gtotal(l=1) ave= 1.204E-01 +/- 0.00 % Gtotal(l=2) ave= 0.000E+00 +/- 0.00 % Gtotal(l=3) ave= 0.000E+00 +/- 0.00 %  % || Gg(l=0) ave= 1.220E-01 +/- 0.00 % Gg(l=1) ave= 1.204E-01 +/- 0.00 % Gg(l=2) ave= 0.000E+00 +/- 0.00 % Gg(l=3) ave= 0.000E+00 +/- 0.00 %  % || D(l=0) ave= 1.744E-01 +/- 0.00 % D(l=1) ave= 3.547E-01 +/- 0.00 % D(l=2) ave= 0.000E+00 +/- 0.00 % D(l=3) ave= 0.000E+00 +/- 0.00 %  % || S(l=0) ave= 1.182E-05 +/- 0.00 % S(l=1) ave= 2.689E-06 +/- 0.00 % S(l=2) ave= 0.000E+00 +/- 0.00 % S(l=3) ave= 0.000E+00 +/- 0.00 % 
 ... random file  1 Cap(th)  ave= 1.310E+02 b. +/- 8.31 % || Ela(th) ave= 7.328E+00 b. +/- 1.44 % || RIcap ave= 1.20E+02 b. +/- 1.77 % || Macs30 ave= 2.12E+01 b. +/- 0.06 % || Gn^0(l=0) ave= 4.081E-06 +/- 0.78 % Gn^0(l=1) ave= 5.535E-06 +/- 1.41 % Gn^0(l=2) ave= 0.000E+00 +/- 0.00 % Gn^0(l=3) ave= 0.000E+00 +/- 0.00 % || Gtotal(l=0) ave= 1.220E-01 +/- 0.01 % Gtotal(l=1) ave= 1.204E-01 +/- 0.00 % Gtotal(l=2) ave= 0.000E+00 +/- 0.00 % Gtotal(l=3) ave= 0.000E+00 +/- 0.00 %  % || Gg(l=0) ave= 1.261E-01 +/- 3.23 % Gg(l=1) ave= 1.181E-01 +/- 1.95 % Gg(l=2) ave= 0.000E+00 +/- 0.00 % Gg(l=3) ave= 0.000E+00 +/- 0.00 %  % || D(l=0) ave= 1.759E-01 +/- 0.83 % D(l=1) ave= 3.547E-01 +/- 0.00 % D(l=2) ave= 0.000E+00 +/- 0.00 % D(l=3) ave= 0.000E+00 +/- 0.00 %  % || S(l=0) ave= 1.181E-05 +/- 0.03 % S(l=1) ave= 2.727E-06 +/- 1.41 % S(l=2) ave= 0.000E+00 +/- 0.00 % S(l=3) ave= 0.000E+00 +/- 0.00 % 
 ... random file  2 Cap(th)  ave= 1.262E+02 b. +/- 8.84 % || Ela(th) ave= 7.902E+00 b. +/- 10.34 % || RIcap ave= 1.20E+02 b. +/- 1.45 % || Macs30 ave= 2.13E+01 b. +/- 0.15 % || Gn^0(l=0) ave= 4.069E-06 +/- 0.77 % Gn^0(l=1) ave= 5.187E-06 +/- 9.56 % Gn^0(l=2) ave= 0.000E+00 +/- 0.00 % Gn^0(l=3) ave= 0.000E+00 +/- 0.00 % || Gtotal(l=0) ave= 1.220E-01 +/- 0.01 % Gtotal(l=1) ave= 1.204E-01 +/- 0.00 % Gtotal(l=2) ave= 0.000E+00 +/- 0.00 % Gtotal(l=3) ave= 0.000E+00 +/- 0.00 %  % || Gg(l=0) ave= 1.253E-01 +/- 2.80 % Gg(l=1) ave= 1.179E-01 +/- 1.62 % Gg(l=2) ave= 0.000E+00 +/- 0.00 % Gg(l=3) ave= 0.000E+00 +/- 0.00 %  % || D(l=0) ave= 1.754E-01 +/- 0.78 % D(l=1) ave= 3.547E-01 +/- 0.00 % D(l=2) ave= 0.000E+00 +/- 0.00 % D(l=3) ave= 0.000E+00 +/- 0.00 %  % || S(l=0) ave= 1.181E-05 +/- 0.05 % S(l=1) ave= 2.556E-06 +/- 9.56 % S(l=2) ave= 0.000E+00 +/- 0.00 % S(l=3) ave= 0.000E+00 +/- 0.00 % 
 ... random file  3 Cap(th)  ave= 1.160E+02 b. +/- 17.45 % || Ela(th) ave= 8.192E+00 b. +/- 10.59 % || RIcap ave= 1.19E+02 b. +/- 1.96 % || Macs30 ave= 2.11E+01 b. +/- 1.17 % || Gn^0(l=0) ave= 4.075E-06 +/- 0.72 % Gn^0(l=1) ave= 5.013E-06 +/- 10.49 % Gn^0(l=2) ave= 0.000E+00 +/- 0.00 % Gn^0(l=3) ave= 0.000E+00 +/- 0.00 % || Gtotal(l=0) ave= 1.220E-01 +/- 0.02 % Gtotal(l=1) ave= 1.204E-01 +/- 0.00 % Gtotal(l=2) ave= 0.000E+00 +/- 0.00 % Gtotal(l=3) ave= 0.000E+00 +/- 0.00 %  % || Gg(l=0) ave= 1.234E-01 +/- 3.66 % Gg(l=1) ave= 1.200E-01 +/- 3.34 % Gg(l=2) ave= 0.000E+00 +/- 0.00 % Gg(l=3) ave= 0.000E+00 +/- 0.00 %  % || D(l=0) ave= 1.759E-01 +/- 0.83 % D(l=1) ave= 3.547E-01 +/- 0.00 % D(l=2) ave= 0.000E+00 +/- 0.00 % D(l=3) ave= 0.000E+00 +/- 0.00 %  % || S(l=0) ave= 1.180E-05 +/- 0.23 % S(l=1) ave= 2.470E-06 +/- 10.49 % S(l=2) ave= 0.000E+00 +/- 0.00 % S(l=3) ave= 0.000E+00 +/- 0.00 % 
 ... random file  4 Cap(th)  ave= 1.147E+02 b. +/- 15.92 % || Ela(th) ave= 7.877E+00 b. +/- 12.68 % || RIcap ave= 1.18E+02 b. +/- 2.29 % || Macs30 ave= 2.11E+01 b. +/- 1.06 % || Gn^0(l=0) ave= 4.078E-06 +/- 0.65 % Gn^0(l=1) ave= 5.233E-06 +/- 12.32 % Gn^0(l=2) ave= 0.000E+00 +/- 0.00 % Gn^0(l=3) ave= 0.000E+00 +/- 0.00 % || Gtotal(l=0) ave= 1.220E-01 +/- 0.02 % Gtotal(l=1) ave= 1.204E-01 +/- 0.00 % Gtotal(l=2) ave= 0.000E+00 +/- 0.00 % Gtotal(l=3) ave= 0.000E+00 +/- 0.00 %  % || Gg(l=0) ave= 1.232E-01 +/- 3.29 % Gg(l=1) ave= 1.213E-01 +/- 3.66 % Gg(l=2) ave= 0.000E+00 +/- 0.00 % Gg(l=3) ave= 0.000E+00 +/- 0.00 %  % || D(l=0) ave= 1.762E-01 +/- 0.81 % D(l=1) ave= 3.547E-01 +/- 0.00 % D(l=2) ave= 0.000E+00 +/- 0.00 % D(l=3) ave= 0.000E+00 +/- 0.00 %  % || S(l=0) ave= 1.178E-05 +/- 0.30 % S(l=1) ave= 2.579E-06 +/- 12.33 % S(l=2) ave= 0.000E+00 +/- 0.00 % S(l=3) ave= 0.000E+00 +/- 0.00 % 
 ... random file  5 Cap(th)  ave= 1.111E+02 b. +/- 16.64 % || Ela(th) ave= 7.939E+00 b. +/- 11.62 % || RIcap ave= 1.18E+02 b. +/- 2.28 % || Macs30 ave= 2.12E+01 b. +/- 1.03 % || Gn^0(l=0) ave= 4.072E-06 +/- 0.67 % Gn^0(l=1) ave= 5.182E-06 +/- 11.58 % Gn^0(l=2) ave= 0.000E+00 +/- 0.00 % Gn^0(l=3) ave= 0.000E+00 +/- 0.00 % || Gtotal(l=0) ave= 1.220E-01 +/- 0.02 % Gtotal(l=1) ave= 1.204E-01 +/- 0.00 % Gtotal(l=2) ave= 0.000E+00 +/- 0.00 % Gtotal(l=3) ave= 0.000E+00 +/- 0.00 %  % || Gg(l=0) ave= 1.225E-01 +/- 3.33 % Gg(l=1) ave= 1.238E-01 +/- 5.60 % Gg(l=2) ave= 0.000E+00 +/- 0.00 % Gg(l=3) ave= 0.000E+00 +/- 0.00 %  % || D(l=0) ave= 1.759E-01 +/- 0.83 % D(l=1) ave= 3.547E-01 +/- 0.00 % D(l=2) ave= 0.000E+00 +/- 0.00 % D(l=3) ave= 0.000E+00 +/- 0.00 %  % || S(l=0) ave= 1.179E-05 +/- 0.28 % S(l=1) ave= 2.553E-06 +/- 11.58 % S(l=2) ave= 0.000E+00 +/- 0.00 % S(l=3) ave= 0.000E+00 +/- 0.00 % 
 ... random file  6 Cap(th)  ave= 1.192E+02 b. +/- 21.90 % || Ela(th) ave= 7.939E+00 b. +/- 10.75 % || RIcap ave= 1.19E+02 b. +/- 2.77 % || Macs30 ave= 2.12E+01 b. +/- 0.97 % || Gn^0(l=0) ave= 4.069E-06 +/- 0.65 % Gn^0(l=1) ave= 5.173E-06 +/- 10.75 % Gn^0(l=2) ave= 0.000E+00 +/- 0.00 % Gn^0(l=3) ave= 0.000E+00 +/- 0.00 % || Gtotal(l=0) ave= 1.220E-01 +/- 0.02 % Gtotal(l=1) ave= 1.204E-01 +/- 0.00 % Gtotal(l=2) ave= 0.000E+00 +/- 0.00 % Gtotal(l=3) ave= 0.000E+00 +/- 0.00 %  % || Gg(l=0) ave= 1.235E-01 +/- 3.72 % Gg(l=1) ave= 1.212E-01 +/- 7.54 % Gg(l=2) ave= 0.000E+00 +/- 0.00 % Gg(l=3) ave= 0.000E+00 +/- 0.00 %  % || D(l=0) ave= 1.757E-01 +/- 0.82 % D(l=1) ave= 3.547E-01 +/- 0.00 % D(l=2) ave= 0.000E+00 +/- 0.00 % D(l=3) ave= 0.000E+00 +/- 0.00 %  % || S(l=0) ave= 1.179E-05 +/- 0.28 % S(l=1) ave= 2.549E-06 +/- 10.75 % S(l=2) ave= 0.000E+00 +/- 0.00 % S(l=3) ave= 0.000E+00 +/- 0.00 % 
 ... Histogram plot for thermal (n,g)
 ... Write covariances  ... MT1  ... plot correlations
 ... MT2  ... MT102 


 ================================================
 ============== From 6 random values === start ======
 Thermal (n,tot) xs  0 K =  127.118 b. +/- 25.8164 b. ( 20.309 %) skew= +0.57 +/- 0.79
 Thermal (n,el) xs   0 K =  7.93879 b. +/- 0.853715 b. ( 10.7537 %) skew= +0.00 +/- 0.79
 Thermal (n,g) xs    0 K =  119.179 b. +/- 26.0949 b. ( 21.8955 %) skew= +0.53 +/- 0.79
 RI      (n,g)       0 K =  119.306 b. +/- 3.30094 b. ( 2.76679 %) 
 MACS    (n,g)       0 K (at Emacs= 30000 eV) =  21.186 b. +/- 0.205044 b. ( 0.967829 %) 
 Ave. Gtotal  L=0        =  1.220E-01 +/- 0.02 %
 Ave. Gn^(0)  L=0        =  4.069E-06 +/- 0.65 %
 Ave. Gg      L=0        =  1.235E-01 +/- 3.72 %
 Ave. D       L=0        =  1.757E-01 +/- 0.82 %
 Ave. S       L=0        =  1.179E-05 +/- 0.28 %
 Ave. Gtotal  L=1        =  1.204E-01 +/- 0.00 %
 Ave. Gg      L=1        =  1.212E-01 +/- 7.54 %
 Ave. D       L=1        =  3.547E-01 +/- 0.00 %
 Ave. S       L=1        =  2.549E-06 +/- 10.75 %

 Expected Thermal (n,g) (syst or meas)= 101.9 b. +/- 71.33 b. nominal: 120.112 b.
 ratio Calculated/expected thermal (n,g): 1.17 ratio DCalculated/Dexpected: 0.37 ratio Calculated/Nominal: 0.99
 ============== From 6 random values ===== stop ======
 ================================================
 ... Calculation of (n,a) and (n,p) cross sections at 300 K
 ... thermal (n,a) cross section is 3.41439e-11 +/- 1.70719e-11 b.
 ... thermal (n,a) cross section is 0 b. (random case 1)
 ... thermal (n,a) cross section is 0 b. (random case 2)
 ... thermal (n,a) cross section is 0 b. (random case 3)
 ... thermal (n,a) cross section is 0 b. (random case 4)
 ... thermal (n,a) cross section is 0 b. (random case 5)
 ... thermal (n,a) cross section is 0 b. (random case 6)
 ... thermal (n,p) cross section is 3.41439e-11 +/- 1.70719e-11 b.
 ... thermal (n,p) cross section is 0 b. (random case 1)
 ... thermal (n,p) cross section is 0 b. (random case 2)
 ... thermal (n,p) cross section is 0 b. (random case 3)
 ... thermal (n,p) cross section is 0 b. (random case 4)
 ... thermal (n,p) cross section is 0 b. (random case 5)
 ... thermal (n,p) cross section is 0 b. (random case 6)
 ... Rewrite index for MF2
 ... Write text for MF1 in file mf1.tares.txt
 ... plotting cross sections for the MF1
 ... order output files


================== summary ==================
 Thermal (n,tot) xs = 127.546 b. 
 Thermal (n,el)  xs = 7.43368 b. 
 Thermal (n,g)   xs = 120.112 b. (meas/sys: 101.9 b.)
 At 300 K (thermal adjustment): (n,el) = 7.45203 b., (n,g) = 120.243 b.

 RI      (n,g)      = 301.819 b. (meas or sys: - b.)
 RI      (n,el)     = 22.6758 b.
=============================================


 ... cleaning
                                                 
  -------------------------------------------------------------
  -                                                           -
  - TARES: successful end of run with data from hypothetical  -
  - resonances for  Z= 85, A= 204 and isomer= 0               -
  - half-life: 9.120000 min. 
  -                                                           -
  -------------------------------------------------------------

   Running time:       10 seconds

 End time: Wed Oct  7 10:23:38 2026

