
  -------------------------------------------------------------
  -                                                           -
  -              Welcome to TARES version 1.8                 -
  -                                                           -
  -  (C) Copyright 2007-2025 D. Rochman, All Rights Reserved  -
  -           NRG, Petten, the Netherlands 2007-2014          -
  -           PSI, Villigen    Switzerland 2015-2025          -
  -         Nagra, Wettingen   Switzerland 2025-              -
  -           (Last Modified October 06, 2026)                -
  -           (Database from October 06, 2026)                -
  -                                                           -
  -------------------------------------------------------------


  ---------------------------------------------
   Compilation information:
   Compiled on:         Oct  8 2026, 18:36:06
   Compiled by:         koning
   Compiler version:    clang++ - 21.0.0
   Source location:     /Users/koning/tares-1.8/source/Module/
   Binaries location:   /Users/koning/bin
   System:              Darwin 25.6.0
   System version:      Darwin Kernel Version 25.6.0: Fri Jul 31 19:19:08 PDT 2026; root:xnu-12377.161.14~5/RELEASE_ARM64_T6050  
   Machine:             arm64 
  ---------------------------------------------

   User information:
   User name:           koning
   Running directory:   /Users/koning/tendl/resbase/Xe140/work
   Owner mode for running directory : rwx
   Group mode for running directory : r-x
  ---------------------------------------------


 Starting time: Fri Oct  9 10:50:24 2026
 ... inputs directory found (/Users/koning/tares-1.8/source/Module//../../inputs/).
 ... It will be used for resonance parameters 
 ... ###############################################
 ... #     read the input file tares.inp
 ... ###############################################
 ... line: #
 ... line: # Input file generated by Autorochman
          --> line not read
 ... line: #
 ... line: isotope    Xe
          --> Isotope name: Xe
 ... line: mass       140
          --> isotopic mass: 140
 ... line: output     n-Xe140
         ---> Name of the output files: n-Xe140
 ... line: isomer     0
          --> isomeric state: 0
 ... line: mf32mf33   y
          --> MF33 based on MF32: y
 ... line: nbrRandom  6
          --> Nbr of random files: 6
 ... ###############################################
 ... # end read the input file tares.inp
 ... ###############################################
Value for random generator type not considered in since Tares 1.7 due to compilation issues

 ... ###############################################
     #   Interpretation of the Input definition    #
     ###############################################

 ... Default energy limit: End of resonance region
 ... Nuclear charge    = 54
 ... Element           = Xe
 ... Mass              = 140
 ... Isomer            = 0
 ... Correlation for (Gn,Gg) not included in random files
 ... Default random option: No random
 ... Output name: n-Xe140
 ... Energy for the MACS: 30000 eV
 ... Resonances from CALENDF reduced (reduce=y) 
 ... For URR, level density model from TALYS selected: 91n3n12611.2850 (see manual for description)
 ... Random Generator: default (pseudo random numbers from ansi c++)
 ... Reconstruction of cross section selected
 ... Doppler broadening at 0 Kelvin
 ... URR not included (from the input file flag)
 ... Weight for grouping is flat
 ... Calculation of (n,alpha) cross section selected
 ... Number of digit for MF32c covariance representation: 2
 ... MF32 included
 ... MF33 will be used for covariance processing
 ... TENDL option set to yes (automatic choice of MF2 and format)
 ... Isotope not found in the best file --> use of MLBW formalism
 ... default option: Multi level Breit Wigner approximation selected
 ... (check file best.tendl.yes for changing this option)
 ... Retroactive option set to no with the 2025 option
 ... ladder option set to yes (CALENDF will be used for statistical resonances)

 ... ###############################################
     #           End of Input definition           #
     ###############################################

 ... gnuplot found, will be used for plotting
 ... latex found, will be used for plotting
 ... dvips found, will be used for plotting
 ... ps2epsi not found, limited plotting available
 ... uncertainties on default parameters multiplied by 1.75234
 ... Read resonance data from the 2025 directory
 ... Resonance parameters taken from /Users/koning/tares-1.8/source/Module//../../inputs/2025/Resonance/default/
 ---> Processing Z= 54 and A= 140 and isomer= 0 (level number: 0)
 Exfor path; Could not find /Users/koning/tares-1.8/source/Module//../../inputs/exfor/Xe140/xs/102
Thermal file; Could not open file /Users/koning/tares-1.8/source/Module//../../inputs/2025/runThermal/results//thermal.mxw.ng.cendl3.1
Thermal file; Could not open file /Users/koning/tares-1.8/source/Module//../../inputs/2025/runThermal/results//thermal.mxw.ng.brond3.1
Thermal file; Could not open file /Users/koning/tares-1.8/source/Module//../../inputs/2025/runThermal/results//thermal.xs.ng.unc.cendl3.1
 ... spin taken from the final/ directory (1)
 ... The spin found in level file ( 0 ) and the one in the urr file ( 5.5 ) differ

 ... ###############################################
 ... #  Nucleus global parameters (2025 database)  #
 ... ###############################################
 0. Half-life: 13.6 sec. 
 ... Scattering radius from TALYS: /Users/koning/tares-1.8/source/Module//../../inputs/2025/lib.urr/talys.urr/
 1. Spin of the target isotope: 0
 2. Relative Atomic Mass of the target isotope: 139.921
 3. Scattering radius (local compilation): 6.89535 fm +/- 0.165488 fm
      .......................................
      ... Thermal capture cross sections: ...
 4. Thermal (n,g) cross section from systematics (TALYS, urr.dat): 0.700145 +/- 0.595123 b.
 5. Thermal (n,g) cross section from compilation (Firestone-2022 final on element Xe): 24.6 +/- 2.3 b.
 6. Thermal (n,g) cross section from TENDL-2023: 0.5199 b.
      .......................................
      ...  Thermal total cross sections:  ...
      .......................................
      ... Thermal elastic cross sections: ...
 7. Thermal (n,el) cross section from potential (4piR^2): 8.6658 +/- 0.43329 b.
      .......................................
             ... Resonance integral: ...
 8. No capture integral found in /Users/koning/tares-1.8/source/Module//../../inputs/capture.integral
 ... no RI(n,g) found in local compilation, take 2018 value.
 ... no RI(n,g) found in local compilation, take Sukhoruchkin value.
   ---- MACS 30 keV ----- 
 9. TALYS MACS 30 keV (HF): 0.00161262 b. 
   ---------- S0 -------- 
 10. S0 from TALYS: 1.61715
   ---------- S1 -------- 
 11. S1 from TALYS: 0.911395
   ---------- S2 -------- 
 12. S2 from TALYS: 0.98619
   ---------- D0 -------- 
 13. D0 from TALYS: 16279.9 eV
 Correction to D0: 0.5
   ---------- D1 -------- 
 14. D1 from TALYS: 5773.39 eV
   ---------- D2 -------- 
 15. D2 from TALYS: 3920.87 eV
   ---------- G0 -------- 
 16. Gg0 from TALYS: 0.0107129 eV
   ---------- G1 -------- 
 17. Gg1 from TALYS: 0.0107342 eV
   ---------- G2 -------- 
 18. Gg2 from TALYS: 0.0162841 eV


   ---------------------- 
 ... Read resonance parameters (format: 2: Multi Level Breit Wigner)
 ... 0 resonances found 
 ... possibly no resonances in the Resonance directory for this isotope and options
 ... Use HFR (ladder) behavior 
 --> 20. Number of resonances from the input file: 2 up to 8139.97 eV
 21. Read nuclear quantities (mass, MAT...)
 22. Read thermal (n,g) xs 
 23. Read the scattering radius 
 24. Read uncertainty on Gg for 2 resonances
 25. Read uncertainty on Gg for 2 resonances ... done
 ... order resonances 
 ... Upper limit for the RRR: 8139.97 eV (no statistical resonances HFR) from the limit.RRR file
 ... Write parameters for l=0 waves
 ... End writing original MF2 
 ... No RRR in the database: uncertainties on default parameters multiplied by 1.99753
 ... Enter in urr function (ladder option set to y) for file n-Xe140
 ... read the file /Users/koning/tares-1.8/source/Module//../../inputs/2025/list.jcs.urr to find URR origin
 Default URR taken from TALYS calculations with level density model: 91n3n12611.2850
 File considered for the URR: /Users/koning/tares-1.8/source/Module//../../inputs/2025/lib.urr/talys.urr/91n3n12611.2850/Xe/urr/urr.dat.Xe.140.000.0.gz
 ... Write URR using TALYS average parameters (used for HFR)
 ... Limit of URR changed to 25 keV (recommendation from WPEC and JEFF)
 ... Extract the Sn value from file ./urr.dat.Xe.140.0.0
 ... found Sn= 3.28216 MeV
 ... estimated number of resonances up to 551976 eV:  33.9053 resonances
 ... This is a test here. The higher energy limit to include URR data for calendf is set to max Sn. 24/03/2016
 ... Use Sn to define the maximum energy for the URR: Sn= 3.28216 MeV --> last_energyURR= 551976 eV
 Warning 2, the end of the RRR (551976 eV) is higher than the 1st inelastic level (376658 eV)
 ... read D0, S0, Gn and Gg
 ... number of URR energies: 1415
 Number of l: 1415 and last energy: 5
 Last  URR energy: 551976 eV
 ... Enter in to_MLBW_mf2 function
 ... Convert to Multi Level Breit Wigner (MLBW)
 ... Write parameter covariances (MF32) for l=0
 ... Convert parameter covariances (MF32) to MLBW
 ... copy the mf2 and mf32 to .mlbw files
 ... Enter in urr_correct function case 1
 Modify the higher limit of RRR in MF2
 --> old value: 8.180670+3 eV new value: 1.000000-2 eV
 Modify resonance covariances (MF32) to include correlations in the URR
 End Modify resonance covariances (MF32) to include correlations in the URR
 ... Enter in calendf_xs function
 Use CALENDF for statistical resonances (update MF2) up to 5.519760+5 eV (initial limit)
 Extract resonances from CALENDF for RRR->URR 2
 919 statistical resonances found
 Reduction to 100 resonances based on the half-life of the isotope
 After reduction, 101 statistical resonances found
 ... checking resonance order 1
 ... checking resonance order 2nd round for 99 resonances
 ... end checking resonance order 2nd round
 .......................................................
 ... Adjustment to the thermal cross section : start ...
 .......................................................

 Before adjustment (adjustment to the thermal cross section set to y)
 ... Import MF2 from TARES calculations
 ... End energy of TARES MF2 : 1.419177E+5 eV and limit to 40000 resonances
 ... File used for reconstruction: new.temp22.reconst
 ... run RECENT ...
 ... Doppler broadened at a unique temperature: 300 Kelvin using sigma1
 ... run SIGMA1 at 3.000000E+02 K.

 ============== INTER values at 300 Kelvin ==============
 Thermal (n,g) xs =  0.595662 b. (meas/sys: 0.700145 b.) (warning: comparison to be done at 296 or 300 K)
 Th Maxw (n,g) xs =  0.5992 b. (thermal Maxwellian value)
 Westcott factor  =  1.00594
 RI      (n,g)    =  1.77977 b. (meas or sys: - b.)
 MACS 3.000e+04 eV=  0.0014115 b. (meas or sys: - b.) from 1.00E+00 to 2.00E+07 eV (end of RRR) at T= 300 Kelvin 
 Thermal (n,el) xs=  0.0964252 b.
 RI      (n,el)   =  707.816 b.
 ============= PSYCHE values ==============
 Ave. G_total L0  =  575.052 eV
 Ave. G_total L1  =  44.4541 eV
 Ave. G_total L2  =  3.22622 eV
 Ave. Gn_0    L0  =  1.9882
 Ave. Gn_0    L1  =  1.42849
 Ave. Gn_0    L2  =  1.5747
 Ave. Gg      L0  =  0.0121614 eV
 Ave. Gg      L1  =  0.0132478 eV
 Ave. Gg      L2  =  0.0194458 eV
 Ave. D       L0  =  7095.89 eV
 Ave. D       L1  =  3835.61 eV
 Ave. D       L2  =  5913.24 eV
 Ave. S       L0  =  0.000294201 eV
 Ave. S       L1  =  0.000182276 eV
 Ave. S       L2  =  0.000151893 eV
 =========================================
 Calculated capture integral   1.77977 b.
 ... ratio C/E thermal (n,g): 8.507699E-01
 ...................................................... 
 ... Adjustment to the thermal cross section : stop ...
 ...................................................... 
 ... new MF2 file after adjustment: n-Xe140
 ... read the file /Users/koning/tares-1.8/source/Module//../../inputs/2025/list.jcs.urr to find URR origin
 Default URR taken from TALYS calculations with level density model: 91n3n12611.2850
 File considered for the URR: /Users/koning/tares-1.8/source/Module//../../inputs/2025/lib.urr/talys.urr/91n3n12611.2850/Xe/urr/urr.dat.Xe.140.000.0.gz
 ... Write URR using TALYS average parameters (not used for HFR)
 Energy limit of the URR set to 184493 eV
 ... read D0, S0, Gn and Gg
 ... number of URR energies: 20
 Number of l: 20 and last energy: 5
 Last  URR energy: 184493 eV
 ... Enter in urr_correct function case 2
 Modify the higher limit of RRR in MF2
 --> old value: 1.419177+5 eV new value: 1.419177+5 eV
 Modify resonance covariances (MF32) to include correlations in the URR
 End Modify resonance covariances (MF32) to include correlations in the URR
 ... Enter in update_MF32 function
 ... Change uncertainties
 ... for the HFR, random position of the positive resonances with 0.020000 %
 ... end of update MF32 function
 ... no thermal/RI adjustment needed: no GLS calculation of parameter correlations
 ... copy the mf2 and mf32 to .mlbw files

 ... Start of final reconstruction and testing ...
 ... Reconstruction of cross sections at 0 Kelvin  ... Import MF2 from TARES calculations
 ... End energy of TARES MF2 : 1.419177E+5 eV and limit to 40000 resonances
 ... File used for reconstruction: n-Xe140.reconst
 ... run RECENT ...
 ... Doppler broadened at a unique temperature: 0 Kelvin using sigma1
 ... The keyword temperature is zero, no Doppler broadening for the MACS

 ============== INTER values at 0 Kelvin ==============
 Thermal (n,g) xs =  0.595344 b. (meas/sys: 0.700145 b.) (warning: comparison to be done at 296 or 300 K)
 Th Maxw (n,g) xs =  0.59576 b. (thermal Maxwellian value)
 Westcott factor  =  1.00069
 RI      (n,g)    =  1.77496 b. (meas or sys: - b.)
 MACS 3.000e+04 eV=  0.0014107 b. (meas or sys: - b.) from 1.00E+00 to 1.42E+05 eV (end of RRR) at T= 0 Kelvin 
 Thermal (n,el) xs=  0.0960772 b.
 RI      (n,el)   =  706.038 b.
 ============= PSYCHE values ==============
 Ave. G_total L0  =  575.052 eV
 Ave. G_total L1  =  44.4541 eV
 Ave. G_total L2  =  3.22622 eV
 Ave. Gn_0    L0  =  1.9882
 Ave. Gn_0    L1  =  1.42849
 Ave. Gn_0    L2  =  1.5747
 Ave. Gg      L0  =  0.0121614 eV
 Ave. Gg      L1  =  0.0132478 eV
 Ave. Gg      L2  =  0.0194458 eV
 Ave. D       L0  =  7095.89 eV
 Ave. D       L1  =  3835.61 eV
 Ave. D       L2  =  5913.24 eV
 Ave. S       L0  =  0.000294201 eV
 Ave. S       L1  =  0.000182276 eV
 Ave. S       L2  =  0.000151893 eV
 =========================================
 ... End of final reconstruction and testing ...

 ... grouping is not optimum, change to 70 groups
 ... Produce MF33 based on MF32 and 6 random files
 ... MF3 of n-Xe140.reconst (3 sections) added to the files for ENDSAM
 ... run endsam for 6 in groups of 1 global run
 ... run endsam from 1 to 6
 ... random files: total width GT set to Gn+Gg+Gf (594 resonances in 6 files)
 ... reorder resonance position after endsam (sampling)
 ... preparing the vectors  ... done
 ... nominal file 0 Cap(th)  ave= 5.953E-01 b. +/- 0.00 % || Ela(th) ave= 9.608E-02 b. +/- 0.00 % || RIcap ave= 1.77E+00 b. +/- 0.00 % || Macs30 ave= 1.41E-03 b. +/- 0.00 % || Gn^0(l=0) ave= 1.988E+00 +/- 0.00 % Gn^0(l=1) ave= 1.428E+00 +/- 0.00 % Gn^0(l=2) ave= 1.575E+00 +/- 0.00 % Gn^0(l=3) ave= 0.000E+00 +/- 0.00 % || Gtotal(l=0) ave= 5.751E+02 +/- 0.00 % Gtotal(l=1) ave= 4.445E+01 +/- 0.00 % Gtotal(l=2) ave= 3.226E+00 +/- 0.00 % Gtotal(l=3) ave= 0.000E+00 +/- 0.00 %  % || Gg(l=0) ave= 1.216E-02 +/- 0.00 % Gg(l=1) ave= 1.325E-02 +/- 0.00 % Gg(l=2) ave= 1.945E-02 +/- 0.00 % Gg(l=3) ave= 0.000E+00 +/- 0.00 %  % || D(l=0) ave= 7.096E+03 +/- 0.00 % D(l=1) ave= 3.836E+03 +/- 0.00 % D(l=2) ave= 5.913E+03 +/- 0.00 % D(l=3) ave= 0.000E+00 +/- 0.00 %  % || S(l=0) ave= 2.942E-04 +/- 0.00 % S(l=1) ave= 1.823E-04 +/- 0.00 % S(l=2) ave= 1.519E-04 +/- 0.00 % S(l=3) ave= 0.000E+00 +/- 0.00 % 
 ... random file  1 Cap(th)  ave= 3.548E-01 b. +/- 67.78 % || Ela(th) ave= 1.637E-01 b. +/- 41.32 % || RIcap ave= 1.06E+00 b. +/- 66.88 % || Macs30 ave= 1.40E-03 b. +/- 1.03 % || Gn^0(l=0) ave= 2.024E+00 +/- 1.78 % Gn^0(l=1) ave= 1.373E+00 +/- 4.05 % Gn^0(l=2) ave= 1.447E+00 +/- 8.79 % Gn^0(l=3) ave= 0.000E+00 +/- 0.00 % || Gtotal(l=0) ave= 5.842E+02 +/- 1.57 % Gtotal(l=1) ave= 4.450E+01 +/- 0.10 % Gtotal(l=2) ave= 3.217E+00 +/- 0.30 % Gtotal(l=3) ave= 0.000E+00 +/- 0.00 %  % || Gg(l=0) ave= 1.254E-02 +/- 2.98 % Gg(l=1) ave= 1.372E-02 +/- 3.43 % Gg(l=2) ave= 1.856E-02 +/- 4.80 % Gg(l=3) ave= 0.000E+00 +/- 0.00 %  % || D(l=0) ave= 7.283E+03 +/- 2.56 % D(l=1) ave= 3.836E+03 +/- 0.00 % D(l=2) ave= 5.913E+03 +/- 0.00 % D(l=3) ave= 0.000E+00 +/- 0.00 %  % || S(l=0) ave= 2.923E-04 +/- 0.66 % S(l=1) ave= 1.753E-04 +/- 4.00 % S(l=2) ave= 1.396E-04 +/- 8.79 % S(l=3) ave= 0.000E+00 +/- 0.00 % 
 ... random file  2 Cap(th)  ave= 5.915E-01 b. +/- 65.61 % || Ela(th) ave= 3.092E-01 b. +/- 68.89 % || RIcap ave= 1.76E+00 b. +/- 65.07 % || Macs30 ave= 1.48E-03 b. +/- 8.42 % || Gn^0(l=0) ave= 2.027E+00 +/- 1.47 % Gn^0(l=1) ave= 1.263E+00 +/- 12.77 % Gn^0(l=2) ave= 1.232E+00 +/- 26.14 % Gn^0(l=3) ave= 0.000E+00 +/- 0.00 % || Gtotal(l=0) ave= 5.838E+02 +/- 1.28 % Gtotal(l=1) ave= 4.444E+01 +/- 0.20 % Gtotal(l=2) ave= 3.219E+00 +/- 0.26 % Gtotal(l=3) ave= 0.000E+00 +/- 0.00 %  % || Gg(l=0) ave= 1.227E-02 +/- 3.90 % Gg(l=1) ave= 1.380E-02 +/- 2.91 % Gg(l=2) ave= 1.918E-02 +/- 5.97 % Gg(l=3) ave= 0.000E+00 +/- 0.00 %  % || D(l=0) ave= 7.345E+03 +/- 2.40 % D(l=1) ave= 3.836E+03 +/- 0.00 % D(l=2) ave= 5.913E+03 +/- 0.00 % D(l=3) ave= 0.000E+00 +/- 0.00 %  % || S(l=0) ave= 2.904E-04 +/- 1.07 % S(l=1) ave= 1.612E-04 +/- 12.88 % S(l=2) ave= 1.188E-04 +/- 26.14 % S(l=3) ave= 0.000E+00 +/- 0.00 % 
 ... random file  3 Cap(th)  ave= 5.455E-01 b. +/- 63.32 % || Ela(th) ave= 2.821E-01 b. +/- 67.48 % || RIcap ave= 1.63E+00 b. +/- 62.78 % || Macs30 ave= 1.45E-03 b. +/- 8.39 % || Gn^0(l=0) ave= 2.019E+00 +/- 1.44 % Gn^0(l=1) ave= 1.273E+00 +/- 11.06 % Gn^0(l=2) ave= 1.244E+00 +/- 22.48 % Gn^0(l=3) ave= 0.000E+00 +/- 0.00 % || Gtotal(l=0) ave= 5.826E+02 +/- 1.17 % Gtotal(l=1) ave= 4.446E+01 +/- 0.18 % Gtotal(l=2) ave= 3.210E+00 +/- 0.50 % Gtotal(l=3) ave= 0.000E+00 +/- 0.00 %  % || Gg(l=0) ave= 1.204E-02 +/- 4.77 % Gg(l=1) ave= 1.366E-02 +/- 3.06 % Gg(l=2) ave= 1.888E-02 +/- 5.93 % Gg(l=3) ave= 0.000E+00 +/- 0.00 %  % || D(l=0) ave= 7.283E+03 +/- 2.56 % D(l=1) ave= 3.836E+03 +/- 0.00 % D(l=2) ave= 5.913E+03 +/- 0.00 % D(l=3) ave= 0.000E+00 +/- 0.00 %  % || S(l=0) ave= 2.916E-04 +/- 1.19 % S(l=1) ave= 1.624E-04 +/- 11.15 % S(l=2) ave= 1.200E-04 +/- 22.48 % S(l=3) ave= 0.000E+00 +/- 0.00 % 
 ... random file  4 Cap(th)  ave= 5.480E-01 b. +/- 56.38 % || Ela(th) ave= 2.542E-01 b. +/- 70.44 % || RIcap ave= 1.62E+00 b. +/- 56.30 % || Macs30 ave= 1.41E-03 b. +/- 9.64 % || Gn^0(l=0) ave= 2.023E+00 +/- 1.33 % Gn^0(l=1) ave= 1.281E+00 +/- 9.91 % Gn^0(l=2) ave= 1.256E+00 +/- 20.01 % Gn^0(l=3) ave= 0.000E+00 +/- 0.00 % || Gtotal(l=0) ave= 5.833E+02 +/- 1.07 % Gtotal(l=1) ave= 4.450E+01 +/- 0.24 % Gtotal(l=2) ave= 3.215E+00 +/- 0.53 % Gtotal(l=3) ave= 0.000E+00 +/- 0.00 %  % || Gg(l=0) ave= 1.243E-02 +/- 7.50 % Gg(l=1) ave= 1.367E-02 +/- 2.74 % Gg(l=2) ave= 1.949E-02 +/- 8.08 % Gg(l=3) ave= 0.000E+00 +/- 0.00 %  % || D(l=0) ave= 7.320E+03 +/- 2.50 % D(l=1) ave= 3.836E+03 +/- 0.00 % D(l=2) ave= 5.913E+03 +/- 0.00 % D(l=3) ave= 0.000E+00 +/- 0.00 %  % || S(l=0) ave= 2.907E-04 +/- 1.23 % S(l=1) ave= 1.635E-04 +/- 9.99 % S(l=2) ave= 1.212E-04 +/- 20.00 % S(l=3) ave= 0.000E+00 +/- 0.00 % 
 ... random file  5 Cap(th)  ave= 5.398E-01 b. +/- 52.36 % || Ela(th) ave= 2.142E-01 b. +/- 87.05 % || RIcap ave= 1.60E+00 b. +/- 52.37 % || Macs30 ave= 1.43E-03 b. +/- 9.37 % || Gn^0(l=0) ave= 2.025E+00 +/- 1.23 % Gn^0(l=1) ave= 1.336E+00 +/- 12.63 % Gn^0(l=2) ave= 1.384E+00 +/- 26.48 % Gn^0(l=3) ave= 0.000E+00 +/- 0.00 % || Gtotal(l=0) ave= 5.832E+02 +/- 0.97 % Gtotal(l=1) ave= 4.450E+01 +/- 0.22 % Gtotal(l=2) ave= 3.217E+00 +/- 0.51 % Gtotal(l=3) ave= 0.000E+00 +/- 0.00 %  % || Gg(l=0) ave= 1.244E-02 +/- 6.84 % Gg(l=1) ave= 1.351E-02 +/- 3.61 % Gg(l=2) ave= 2.010E-02 +/- 9.86 % Gg(l=3) ave= 0.000E+00 +/- 0.00 %  % || D(l=0) ave= 7.345E+03 +/- 2.40 % D(l=1) ave= 3.836E+03 +/- 0.00 % D(l=2) ave= 5.913E+03 +/- 0.00 % D(l=3) ave= 0.000E+00 +/- 0.00 %  % || S(l=0) ave= 2.900E-04 +/- 1.26 % S(l=1) ave= 1.705E-04 +/- 12.67 % S(l=2) ave= 1.336E-04 +/- 26.49 % S(l=3) ave= 0.000E+00 +/- 0.00 % 
 ... random file  6 Cap(th)  ave= 6.469E-01 b. +/- 57.29 % || Ela(th) ave= 2.021E-01 b. +/- 86.65 % || RIcap ave= 1.93E+00 b. +/- 58.13 % || Macs30 ave= 1.39E-03 b. +/- 11.52 % || Gn^0(l=0) ave= 2.020E+00 +/- 1.28 % Gn^0(l=1) ave= 1.347E+00 +/- 11.77 % Gn^0(l=2) ave= 1.406E+00 +/- 24.44 % Gn^0(l=3) ave= 0.000E+00 +/- 0.00 % || Gtotal(l=0) ave= 5.822E+02 +/- 1.01 % Gtotal(l=1) ave= 4.447E+01 +/- 0.26 % Gtotal(l=2) ave= 3.220E+00 +/- 0.51 % Gtotal(l=3) ave= 0.000E+00 +/- 0.00 %  % || Gg(l=0) ave= 1.228E-02 +/- 7.11 % Gg(l=1) ave= 1.352E-02 +/- 3.35 % Gg(l=2) ave= 2.019E-02 +/- 9.16 % Gg(l=3) ave= 0.000E+00 +/- 0.00 %  % || D(l=0) ave= 7.309E+03 +/- 2.53 % D(l=1) ave= 3.836E+03 +/- 0.00 % D(l=2) ave= 5.913E+03 +/- 0.00 % D(l=3) ave= 0.000E+00 +/- 0.00 %  % || S(l=0) ave= 2.906E-04 +/- 1.28 % S(l=1) ave= 1.718E-04 +/- 11.80 % S(l=2) ave= 1.357E-04 +/- 24.45 % S(l=3) ave= 0.000E+00 +/- 0.00 % 
 ... Histogram plot for thermal (n,g)
 ... Write covariances  ... MT1  ... plot correlations
 ... MT2  ... MT102 


 ================================================
 ============== From 6 random values === start ======
 Thermal (n,tot) xs  0 K =  0.849046 b. +/- 0.457082 b. ( 53.8347 %) skew= +0.81 +/- 0.79
 Thermal (n,el) xs   0 K =  0.202097 b. +/- 0.175118 b. ( 86.6507 %) skew= +1.45 +/- 0.79
 Thermal (n,g) xs    0 K =  0.64695 b. +/- 0.370631 b. ( 57.289 %) skew= +0.48 +/- 0.79
 RI      (n,g)       0 K =  1.92709 b. +/- 1.12018 b. ( 58.128 %) 
 MACS    (n,g)       0 K (at Emacs= 30000 eV) =  0.00139297 b. +/- 0.000160521 b. ( 11.5237 %) 
 Ave. Gtotal  L=0        =  5.822E+02 +/- 1.01 %
 Ave. Gn^(0)  L=0        =  2.020E+00 +/- 1.28 %
 Ave. Gg      L=0        =  1.228E-02 +/- 7.11 %
 Ave. D       L=0        =  7.309E+03 +/- 2.53 %
 Ave. S       L=0        =  2.906E-04 +/- 1.28 %
 Ave. Gtotal  L=1        =  4.447E+01 +/- 0.26 %
 Ave. Gn^(1)  L=1        =  1.347E+00 +/- 11.77 %
 Ave. Gg      L=1        =  1.352E-02 +/- 3.35 %
 Ave. D       L=1        =  3.836E+03 +/- 0.00 %
 Ave. S       L=1        =  1.718E-04 +/- 11.80 %
 Ave. Gtotal  L=2        =  3.220E+00 +/- 0.51 %
 Ave. Gn^(2)  L=2        =  1.406E+00 +/- 24.44 %
 Ave. Gg      L=2        =  2.019E-02 +/- 9.16 %
 Ave. D       L=2        =  5.913E+03 +/- 0.00 %
 Ave. S       L=2        =  1.357E-04 +/- 24.45 %

 Expected Thermal (n,g) (syst or meas)= 0.700145 b. +/- 0.595123 b. nominal: 0.595344 b.
 ratio Calculated/expected thermal (n,g): 0.92 ratio DCalculated/Dexpected: 0.62 ratio Calculated/Nominal: 1.09
 ============== From 6 random values ===== stop ======
 ================================================
 ... Calculation of (n,a) and (n,p) cross sections at 300 K
 ... thermal (n,a) cross section is 7.40132e-07 +/- 3.70066e-07 b.
 ... thermal (n,a) cross section is 1.26445e-06 b. (random case 1)
 ... thermal (n,a) cross section is 5.95425e-07 b. (random case 2)
 ... thermal (n,a) cross section is 4.63472e-07 b. (random case 3)
 ... thermal (n,a) cross section is 6.68193e-07 b. (random case 4)
 ... thermal (n,a) cross section is 2.23093e-07 b. (random case 5)
 ... thermal (n,a) cross section is 1.58699e-06 b. (random case 6)
 ... (n,p) Q-value negative for this element
 ... Rewrite index for MF2
 ... Write text for MF1 in file mf1.tares.txt
 ... plotting cross sections for the MF1
 ... order output files


================== summary ==================
 Thermal (n,tot) xs = 0.691422 b. 
 Thermal (n,el)  xs = 0.0960772 b. 
 Thermal (n,g)   xs = 0.595344 b. (meas/sys: 0.700145 b.)
 At 300 K (thermal adjustment): (n,el) = 0.0964252 b., (n,g) = 0.595662 b.

 RI      (n,g)      = 1.77496 b. (meas or sys: - b.)
 RI      (n,el)     = 706.038 b.
=============================================


 ... cleaning
                                                 
  -------------------------------------------------------------
  -                                                           -
  - TARES: successful end of run with data from hypothetical  -
  - resonances for  Z= 54, A= 140 and isomer= 0               -
  - half-life: 13.600000 sec. 
  -                                                           -
  -------------------------------------------------------------

   Running time:       15 seconds

 End time: Fri Oct  9 10:50:39 2026

