
  -------------------------------------------------------------
  -                                                           -
  -              Welcome to TARES version 1.8                 -
  -                                                           -
  -  (C) Copyright 2007-2025 D. Rochman, All Rights Reserved  -
  -           NRG, Petten, the Netherlands 2007-2014          -
  -           PSI, Villigen    Switzerland 2015-2025          -
  -         Nagra, Wettingen   Switzerland 2025-              -
  -           (Last Modified October 06, 2026)                -
  -           (Database from October 06, 2026)                -
  -                                                           -
  -------------------------------------------------------------


  ---------------------------------------------
   Compilation information:
   Compiled on:         Oct  7 2026, 09:32:19
   Compiled by:         koning
   Compiler version:    clang++ - 21.0.0
   Source location:     /Users/koning/tares-1.8/source/Module/
   Binaries location:   /Users/koning/bin
   System:              Darwin 25.6.0
   System version:      Darwin Kernel Version 25.6.0: Fri Jul 31 19:19:08 PDT 2026; root:xnu-12377.161.14~5/RELEASE_ARM64_T6050  
   Machine:             arm64 
  ---------------------------------------------

   User information:
   User name:           koning
   Running directory:   /Users/koning/tendl/resbase/Es255/work
   Owner mode for running directory : rwx
   Group mode for running directory : r-x
  ---------------------------------------------


 Starting time: Wed Oct  7 09:55:07 2026
 ... inputs directory found (/Users/koning/tares-1.8/source/Module//../../inputs/).
 ... It will be used for resonance parameters 
 ... ###############################################
 ... #     read the input file tares.inp
 ... ###############################################
 ... line: #
 ... line: # Input file generated by Autorochman
          --> line not read
 ... line: #
 ... line: isotope    Es
          --> Isotope name: Es
 ... line: mass       255
          --> isotopic mass: 255
 ... line: output     n-Es255
         ---> Name of the output files: n-Es255
 ... line: isomer     0
          --> isomeric state: 0
 ... line: mf32mf33   y
          --> MF33 based on MF32: y
 ... line: nbrRandom  10
          --> Nbr of random files: 10
 ... ###############################################
 ... # end read the input file tares.inp
 ... ###############################################
Value for random generator type not considered in since Tares 1.7 due to compilation issues

 ... ###############################################
     #   Interpretation of the Input definition    #
     ###############################################

 ... Default energy limit: End of resonance region
 ... Nuclear charge    = 99
 ... Element           = Es
 ... Mass              = 255
 ... Isomer            = 0
 ... Correlation for (Gn,Gg) not included in random files
 ... Default random option: No random
 ... Output name: n-Es255
 ... Energy for the MACS: 30000 eV
 ... Resonances from CALENDF reduced (reduce=y) 
 ... For URR, level density model from TALYS selected: 91n3n12611.2850 (see manual for description)
 ... Random Generator: default (pseudo random numbers from ansi c++)
 ... Reconstruction of cross section selected
 ... Doppler broadening at 0 Kelvin
 ... Default formalism: Multi Level Breit Wigner (from file best.tendl.yes)
 ... URR not included (from the input file flag)
 ... Weight for grouping is flat
 ... Calculation of (n,alpha) cross section selected
 ... Number of digit for MF32c covariance representation: 2
 ... MF32 included
 ... MF33 will be used for covariance processing
 ... TENDL option set to yes (automatic choice of MF2 and format)
 ... default option: Multi level Breit Wigner approximation selected
 ... (check file best.tendl.yes for changing this option)
 ... Retroactive option set to no with the 2025 option
 ... ladder option set to no (CALENDF will not be used for statistical resonances)

 ... ###############################################
     #           End of Input definition           #
     ###############################################

 ... gnuplot found, will be used for plotting
 ... latex found, will be used for plotting
 ... dvips found, will be used for plotting
 ... ps2epsi not found, limited plotting available
 ... uncertainties on default parameters multiplied by 1.71281
 ... Read resonance data from the 2025 directory
 ... Resonance parameters taken from /Users/koning/tares-1.8/source/Module//../../inputs/2025/Resonance/default/
 ---> Processing Z= 99 and A= 255 and isomer= 0 (level number: 0)
Thermal file; Could not open file /Users/koning/tares-1.8/source/Module//../../inputs/2025/runThermal/results//thermal.mxw.ng.cendl3.1
Thermal file; Could not open file /Users/koning/tares-1.8/source/Module//../../inputs/2025/runThermal/results//thermal.mxw.ng.brond3.1
Thermal file; Could not open file /Users/koning/tares-1.8/source/Module//../../inputs/2025/runThermal/results//thermal.xs.ng.unc.cendl3.1
 ... spin taken from the final/ directory (1)

 ... ###############################################
 ... #  Nucleus global parameters (2025 database)  #
 ... ###############################################
 0. Half-life: 39.8032 days 
 ... Scattering radius from TALYS: /Users/koning/tares-1.8/source/Module//../../inputs/2025/lib.urr/talys.urr/
 1. Spin of the target isotope: 3.5
 2. Relative Atomic Mass of the target isotope: 255.09
 3. Scattering radius (local compilation): 8.40412 fm +/- 0.151274 fm
      .......................................
      ... Thermal capture cross sections: ...
 4. Thermal (total) (n,g) cross section from experiments (local compilation): 55 +/- 10 b.
 5. Thermal (n,g) cross section from EAF-2010: 55.611 b.
 6. Thermal (n,g) cross section from ENDF/B-VIII.1: 55 +/- 28.86 b.
 7. Thermal (n,g) cross section from ENDF/B-VIII.0: 55 +/- 28.86 b.
 8. Thermal (n,g) cross section from TENDL-2023: 161.4 +/- 0.09405 b.
 9. Thermal (n,g) cross section from JEFF-3.3: 55 +/- 28.86 b.
 10. Thermal (n,g) cross section from JEFF-4.0: 55 +/- 28.86 b.
 11. Thermal (n,g) cross section from JENDL-5.0: 55 b.
      .......................................
      ...  Thermal total cross sections:  ...
      .......................................
      ... Thermal elastic cross sections: ...
 12. Thermal (n,el) cross section from ENDF/B-VIII.1: 9.319 b.
 13. Thermal (n,el) cross section from ENDF/B-VIII.0: 9.319 +/- 28.86 b.
 14. Thermal (n,el) cross section from JENDL-5.0: 9.319 b.
 15. Thermal (n,el) cross section from JEFF-3.3: 9.319 b.
 16. Thermal (n,el) cross section from potential (4piR^2): 10.562 +/- 0.528098 b.
      .......................................
             ... Resonance integral: ...
 17. No capture integral found in /Users/koning/tares-1.8/source/Module//../../inputs/capture.integral
 ... no RI(n,g) found in local compilation, take 2018 value.
 ... no RI(n,g) found in local compilation, take Sukhoruchkin value.
 18. Thermal (n,f) cross section from systematics: 13.474 +/- 10.7792 b.
   ---- MACS 30 keV ----- 
 19. TALYS MACS 30 keV (HF): 2.27711 b. 
   ---------- S0 -------- 
 20. S0 from TALYS: 0.370774
   ---------- S1 -------- 
 21. S1 from TALYS: 3.26306
   ---------- S2 -------- 
 22. S2 from TALYS: 0.414599
   ---------- D0 -------- 
 23. D0 from TALYS: 0.312866 eV
   ---------- D1 -------- 
 24. D1 from TALYS: 0.159876 eV
   ---------- D2 -------- 
 25. D2 from TALYS: 0.110522 eV
   ---------- G0 -------- 
 26. Gg0 from TALYS: 0.0197097 eV
   ---------- G1 -------- 
 27. Gg1 from TALYS: 0.0200543 eV
   ---------- G2 -------- 
 28. Gg2 from TALYS: 0.0202744 eV


   ---------------------- 
 ... Read resonance parameters (format: 2: Multi Level Breit Wigner)
 ... 100 resonances found 
 --> 29. Number of resonances from the input file: 100 up to 15.7342 eV
 30. Read nuclear quantities (mass, MAT...)
 31. Read thermal (n,g) xs 
 32. Read the scattering radius 
 33. Read uncertainty on Gg for 100 resonances
 34. Read uncertainty on Gg for 100 resonances ... done
 35. Read uncertainty on Gf1
 36. Read uncertainty on Gf2
 ... order resonances 
 ... Upper limit for the RRR: 15 eV (no statistical resonances HFR) from the limit.RRR file
 ... Write parameters for l=0 waves
 ... Write parameters for l=1 waves
 ... End writing original MF2 
 ... Enter in to_MLBW_mf2 function
 ... Convert to Multi Level Breit Wigner (MLBW)
 ... Gn-Gg correlations: calculated capture kernel used for 100 evaluated resonances (no measured kernel)
 ... Write parameter covariances (MF32) for l=0
 Write parameter covariances (MF32) for l=1
 ... MF32: 45 energy correlation lines (time of flight) for the first 10 evaluated resonances
 ... Convert parameter covariances (MF32) to MLBW
 ... copy the mf2 and mf32 to .mlbw files
 ... Ladder option set to no --> no use of calendf_xs
 ... no thermal/RI adjustment (ladder option set to no): no GLS calculation of parameter correlations
 ... copy the mf2 and mf32 to .mlbw files

 ... Start of final reconstruction and testing ...
 ... Reconstruction of cross sections at 0 Kelvin  ... Import MF2 from TARES calculations
 ... End energy of TARES MF2 : 1.500000E+1 eV and limit to 40000 resonances
 ... File used for reconstruction: n-Es255.reconst
 ... run RECENT ...
 ... Doppler broadened at a unique temperature: 0 Kelvin using sigma1
 ... The keyword temperature is zero, no Doppler broadening for the MACS

 ============== INTER values at 0 Kelvin ==============
 Thermal (n,g) xs =  54.5456 b. (meas/sys: 55 b.) (warning: comparison to be done at 296 or 300 K)
 Th Maxw (n,g) xs =  158.06 b. (thermal Maxwellian value)
 Westcott factor  =  2.89781
 RI      (n,g)    =  203.028 b. (meas or sys: - b.)
 MACS 3.000e+04 eV=  2.3 b. (meas or sys: - b.) from 1.00E+00 to 2.00E+07 eV (end of RRR) at T= 0 Kelvin 
 Thermal (n,el) xs=  9.29045 b.
 RI      (n,el)   =  30.8334 b.
 Thermal (n,f) xs =  12.7049 b. (meas/sys: 13.474 +/- 10.7792 b.)
 RI      (n,f) xs =  8.80249 b. 
 ============= PSYCHE values ==============
 Ave. G_total L0  =  0.0140963 eV
 Ave. G_total L1  =  0.0186677 eV
 Ave. Gn_0    L0  =  1.88945e-05
 Ave. Gn_0    L1  =  0.000531803
 Ave. Gg      L0  =  0.0125811 eV
 Ave. Gg      L1  =  0.0122956 eV
 Ave. D       L0  =  0.306122 eV
 Ave. D       L1  =  0.576923 eV
 Ave. S       L0  =  3.15051e-05 eV
 Ave. S       L1  =  0.000161265 eV
 =========================================
 ... End of final reconstruction and testing ...

 ... grouping is not optimum, change to 70 groups
 ... Produce MF33 based on MF32 and 10 random files
 ... run endsam for 10 in groups of 1 global run
 ... run endsam from 1 to 10
 ... preparing the vectors  ... done
 ... nominal file 0 Cap(th)  ave= 5.455E+01 b. +/- 0.00 % || Ela(th) ave= 9.290E+00 b. +/- 0.00 % || RIcap ave= 1.21E+02 b. +/- 0.00 % || Macs30 ave= 4.35E+01 b. +/- 0.00 % || Gn^0(l=0) ave= 1.889E-05 +/- 0.00 % Gn^0(l=1) ave= 5.318E-04 +/- 0.00 % Gn^0(l=2) ave= 0.000E+00 +/- 0.00 % Gn^0(l=3) ave= 0.000E+00 +/- 0.00 % || Gtotal(l=0) ave= 1.410E-02 +/- 0.00 % Gtotal(l=1) ave= 1.867E-02 +/- 0.00 % Gtotal(l=2) ave= 0.000E+00 +/- 0.00 % Gtotal(l=3) ave= 0.000E+00 +/- 0.00 %  % || Gg(l=0) ave= 1.258E-02 +/- 0.00 % Gg(l=1) ave= 1.230E-02 +/- 0.00 % Gg(l=2) ave= 0.000E+00 +/- 0.00 % Gg(l=3) ave= 0.000E+00 +/- 0.00 %  % || D(l=0) ave= 3.061E-01 +/- 0.00 % D(l=1) ave= 5.769E-01 +/- 0.00 % D(l=2) ave= 0.000E+00 +/- 0.00 % D(l=3) ave= 0.000E+00 +/- 0.00 %  % || S(l=0) ave= 3.151E-05 +/- 0.00 % S(l=1) ave= 1.613E-04 +/- 0.00 % S(l=2) ave= 0.000E+00 +/- 0.00 % S(l=3) ave= 0.000E+00 +/- 0.00 %  % || Fis(th) ave= 1.270E+01 b. +/- 0.00 %
 ... random file  1 Cap(th)  ave= 5.389E+01 b. +/- 1.21 % || Ela(th) ave= 8.512E+00 b. +/- 9.15 % || RIcap ave= 1.20E+02 b. +/- 0.25 % || Macs30 ave= 5.88E+01 b. +/- 26.03 % || Gn^0(l=0) ave= 1.889E-05 +/- 0.01 % Gn^0(l=1) ave= 5.870E-04 +/- 9.41 % Gn^0(l=2) ave= 0.000E+00 +/- 0.00 % Gn^0(l=3) ave= 0.000E+00 +/- 0.00 % || Gtotal(l=0) ave= 1.410E-02 +/- 0.00 % Gtotal(l=1) ave= 1.867E-02 +/- 0.00 % Gtotal(l=2) ave= 0.000E+00 +/- 0.00 % Gtotal(l=3) ave= 0.000E+00 +/- 0.00 %  % || Gg(l=0) ave= 1.249E-02 +/- 0.72 % Gg(l=1) ave= 1.235E-02 +/- 0.40 % Gg(l=2) ave= 0.000E+00 +/- 0.00 % Gg(l=3) ave= 0.000E+00 +/- 0.00 %  % || D(l=0) ave= 3.061E-01 +/- 0.00 % D(l=1) ave= 5.769E-01 +/- 0.00 % D(l=2) ave= 0.000E+00 +/- 0.00 % D(l=3) ave= 0.000E+00 +/- 0.00 %  % || S(l=0) ave= 3.151E-05 +/- 0.01 % S(l=1) ave= 1.779E-04 +/- 9.37 % S(l=2) ave= 0.000E+00 +/- 0.00 % S(l=3) ave= 0.000E+00 +/- 0.00 %  % || Fis(th) ave= 1.220E+01 b. +/- 4.16 %
 ... random file  2 Cap(th)  ave= 5.499E+01 b. +/- 3.00 % || Ela(th) ave= 9.386E+00 b. +/- 14.81 % || RIcap ave= 1.21E+02 b. +/- 0.39 % || Macs30 ave= 5.66E+01 b. +/- 22.69 % || Gn^0(l=0) ave= 1.890E-05 +/- 0.02 % Gn^0(l=1) ave= 5.384E-04 +/- 15.27 % Gn^0(l=2) ave= 0.000E+00 +/- 0.00 % Gn^0(l=3) ave= 0.000E+00 +/- 0.00 % || Gtotal(l=0) ave= 1.410E-02 +/- 0.00 % Gtotal(l=1) ave= 1.867E-02 +/- 0.00 % Gtotal(l=2) ave= 0.000E+00 +/- 0.00 % Gtotal(l=3) ave= 0.000E+00 +/- 0.00 %  % || Gg(l=0) ave= 1.253E-02 +/- 0.74 % Gg(l=1) ave= 1.224E-02 +/- 1.32 % Gg(l=2) ave= 0.000E+00 +/- 0.00 % Gg(l=3) ave= 0.000E+00 +/- 0.00 %  % || D(l=0) ave= 3.061E-01 +/- 0.00 % D(l=1) ave= 5.769E-01 +/- 0.00 % D(l=2) ave= 0.000E+00 +/- 0.00 % D(l=3) ave= 0.000E+00 +/- 0.00 %  % || S(l=0) ave= 3.151E-05 +/- 0.02 % S(l=1) ave= 1.632E-04 +/- 15.22 % S(l=2) ave= 0.000E+00 +/- 0.00 % S(l=3) ave= 0.000E+00 +/- 0.00 %  % || Fis(th) ave= 1.171E+01 b. +/- 6.88 %
 ... random file  3 Cap(th)  ave= 5.441E+01 b. +/- 3.22 % || Ela(th) ave= 9.822E+00 b. +/- 14.47 % || RIcap ave= 1.21E+02 b. +/- 0.38 % || Macs30 ave= 5.87E+01 b. +/- 19.92 % || Gn^0(l=0) ave= 1.890E-05 +/- 0.02 % Gn^0(l=1) ave= 5.141E-04 +/- 16.08 % Gn^0(l=2) ave= 0.000E+00 +/- 0.00 % Gn^0(l=3) ave= 0.000E+00 +/- 0.00 % || Gtotal(l=0) ave= 1.410E-02 +/- 0.00 % Gtotal(l=1) ave= 1.867E-02 +/- 0.00 % Gtotal(l=2) ave= 0.000E+00 +/- 0.00 % Gtotal(l=3) ave= 0.000E+00 +/- 0.00 %  % || Gg(l=0) ave= 1.254E-02 +/- 0.65 % Gg(l=1) ave= 1.230E-02 +/- 1.43 % Gg(l=2) ave= 0.000E+00 +/- 0.00 % Gg(l=3) ave= 0.000E+00 +/- 0.00 %  % || D(l=0) ave= 3.061E-01 +/- 0.00 % D(l=1) ave= 5.769E-01 +/- 0.00 % D(l=2) ave= 0.000E+00 +/- 0.00 % D(l=3) ave= 0.000E+00 +/- 0.00 %  % || S(l=0) ave= 3.151E-05 +/- 0.02 % S(l=1) ave= 1.559E-04 +/- 16.03 % S(l=2) ave= 0.000E+00 +/- 0.00 % S(l=3) ave= 0.000E+00 +/- 0.00 %  % || Fis(th) ave= 1.095E+01 b. +/- 13.58 %
 ... random file  4 Cap(th)  ave= 5.433E+01 b. +/- 2.90 % || Ela(th) ave= 9.513E+00 b. +/- 14.85 % || RIcap ave= 1.21E+02 b. +/- 0.51 % || Macs30 ave= 5.32E+01 b. +/- 28.48 % || Gn^0(l=0) ave= 1.888E-05 +/- 0.12 % Gn^0(l=1) ave= 5.311E-04 +/- 15.32 % Gn^0(l=2) ave= 0.000E+00 +/- 0.00 % Gn^0(l=3) ave= 0.000E+00 +/- 0.00 % || Gtotal(l=0) ave= 1.410E-02 +/- 0.00 % Gtotal(l=1) ave= 1.867E-02 +/- 0.00 % Gtotal(l=2) ave= 0.000E+00 +/- 0.00 % Gtotal(l=3) ave= 0.000E+00 +/- 0.00 %  % || Gg(l=0) ave= 1.253E-02 +/- 0.59 % Gg(l=1) ave= 1.231E-02 +/- 1.29 % Gg(l=2) ave= 0.000E+00 +/- 0.00 % Gg(l=3) ave= 0.000E+00 +/- 0.00 %  % || D(l=0) ave= 3.061E-01 +/- 0.00 % D(l=1) ave= 5.769E-01 +/- 0.00 % D(l=2) ave= 0.000E+00 +/- 0.00 % D(l=3) ave= 0.000E+00 +/- 0.00 %  % || S(l=0) ave= 3.149E-05 +/- 0.12 % S(l=1) ave= 1.610E-04 +/- 15.28 % S(l=2) ave= 0.000E+00 +/- 0.00 % S(l=3) ave= 0.000E+00 +/- 0.00 %  % || Fis(th) ave= 1.104E+01 b. +/- 12.16 %
 ... random file  5 Cap(th)  ave= 5.448E+01 b. +/- 2.71 % || Ela(th) ave= 9.540E+00 b. +/- 13.54 % || RIcap ave= 1.20E+02 b. +/- 0.56 % || Macs30 ave= 5.06E+01 b. +/- 29.83 % || Gn^0(l=0) ave= 1.888E-05 +/- 0.11 % Gn^0(l=1) ave= 5.275E-04 +/- 14.17 % Gn^0(l=2) ave= 0.000E+00 +/- 0.00 % Gn^0(l=3) ave= 0.000E+00 +/- 0.00 % || Gtotal(l=0) ave= 1.410E-02 +/- 0.00 % Gtotal(l=1) ave= 1.867E-02 +/- 0.00 % Gtotal(l=2) ave= 0.000E+00 +/- 0.00 % Gtotal(l=3) ave= 0.000E+00 +/- 0.00 %  % || Gg(l=0) ave= 1.254E-02 +/- 0.57 % Gg(l=1) ave= 1.231E-02 +/- 1.18 % Gg(l=2) ave= 0.000E+00 +/- 0.00 % Gg(l=3) ave= 0.000E+00 +/- 0.00 %  % || D(l=0) ave= 3.061E-01 +/- 0.00 % D(l=1) ave= 5.769E-01 +/- 0.00 % D(l=2) ave= 0.000E+00 +/- 0.00 % D(l=3) ave= 0.000E+00 +/- 0.00 %  % || S(l=0) ave= 3.149E-05 +/- 0.11 % S(l=1) ave= 1.599E-04 +/- 14.13 % S(l=2) ave= 0.000E+00 +/- 0.00 % S(l=3) ave= 0.000E+00 +/- 0.00 %  % || Fis(th) ave= 1.148E+01 b. +/- 13.64 %
 ... random file  6 Cap(th)  ave= 5.470E+01 b. +/- 2.68 % || Ela(th) ave= 9.268E+00 b. +/- 14.76 % || RIcap ave= 1.21E+02 b. +/- 0.54 % || Macs30 ave= 5.18E+01 b. +/- 27.58 % || Gn^0(l=0) ave= 1.888E-05 +/- 0.11 % Gn^0(l=1) ave= 5.453E-04 +/- 14.98 % Gn^0(l=2) ave= 0.000E+00 +/- 0.00 % Gn^0(l=3) ave= 0.000E+00 +/- 0.00 % || Gtotal(l=0) ave= 1.410E-02 +/- 0.00 % Gtotal(l=1) ave= 1.867E-02 +/- 0.00 % Gtotal(l=2) ave= 0.000E+00 +/- 0.00 % Gtotal(l=3) ave= 0.000E+00 +/- 0.00 %  % || Gg(l=0) ave= 1.254E-02 +/- 0.52 % Gg(l=1) ave= 1.235E-02 +/- 1.31 % Gg(l=2) ave= 0.000E+00 +/- 0.00 % Gg(l=3) ave= 0.000E+00 +/- 0.00 %  % || D(l=0) ave= 3.061E-01 +/- 0.00 % D(l=1) ave= 5.769E-01 +/- 0.00 % D(l=2) ave= 0.000E+00 +/- 0.00 % D(l=3) ave= 0.000E+00 +/- 0.00 %  % || S(l=0) ave= 3.149E-05 +/- 0.10 % S(l=1) ave= 1.653E-04 +/- 14.95 % S(l=2) ave= 0.000E+00 +/- 0.00 % S(l=3) ave= 0.000E+00 +/- 0.00 %  % || Fis(th) ave= 1.198E+01 b. +/- 15.88 %
 ... random file  7 Cap(th)  ave= 5.475E+01 b. +/- 2.52 % || Ela(th) ave= 9.076E+00 b. +/- 15.17 % || RIcap ave= 1.21E+02 b. +/- 0.55 % || Macs30 ave= 4.91E+01 b. +/- 30.98 % || Gn^0(l=0) ave= 1.888E-05 +/- 0.10 % Gn^0(l=1) ave= 5.572E-04 +/- 14.84 % Gn^0(l=2) ave= 0.000E+00 +/- 0.00 % Gn^0(l=3) ave= 0.000E+00 +/- 0.00 % || Gtotal(l=0) ave= 1.410E-02 +/- 0.00 % Gtotal(l=1) ave= 1.867E-02 +/- 0.00 % Gtotal(l=2) ave= 0.000E+00 +/- 0.00 % Gtotal(l=3) ave= 0.000E+00 +/- 0.00 %  % || Gg(l=0) ave= 1.255E-02 +/- 0.50 % Gg(l=1) ave= 1.233E-02 +/- 1.28 % Gg(l=2) ave= 0.000E+00 +/- 0.00 % Gg(l=3) ave= 0.000E+00 +/- 0.00 %  % || D(l=0) ave= 3.061E-01 +/- 0.00 % D(l=1) ave= 5.769E-01 +/- 0.00 % D(l=2) ave= 0.000E+00 +/- 0.00 % D(l=3) ave= 0.000E+00 +/- 0.00 %  % || S(l=0) ave= 3.149E-05 +/- 0.10 % S(l=1) ave= 1.689E-04 +/- 14.81 % S(l=2) ave= 0.000E+00 +/- 0.00 % S(l=3) ave= 0.000E+00 +/- 0.00 %  % || Fis(th) ave= 1.183E+01 b. +/- 15.46 %
 ... random file  8 Cap(th)  ave= 5.465E+01 b. +/- 2.44 % || Ela(th) ave= 9.283E+00 b. +/- 15.34 % || RIcap ave= 1.21E+02 b. +/- 0.53 % || Macs30 ave= 5.02E+01 b. +/- 29.28 % || Gn^0(l=0) ave= 1.888E-05 +/- 0.09 % Gn^0(l=1) ave= 5.452E-04 +/- 15.59 % Gn^0(l=2) ave= 0.000E+00 +/- 0.00 % Gn^0(l=3) ave= 0.000E+00 +/- 0.00 % || Gtotal(l=0) ave= 1.410E-02 +/- 0.00 % Gtotal(l=1) ave= 1.867E-02 +/- 0.00 % Gtotal(l=2) ave= 0.000E+00 +/- 0.00 % Gtotal(l=3) ave= 0.000E+00 +/- 0.00 %  % || Gg(l=0) ave= 1.254E-02 +/- 0.51 % Gg(l=1) ave= 1.233E-02 +/- 1.21 % Gg(l=2) ave= 0.000E+00 +/- 0.00 % Gg(l=3) ave= 0.000E+00 +/- 0.00 %  % || D(l=0) ave= 3.061E-01 +/- 0.00 % D(l=1) ave= 5.769E-01 +/- 0.00 % D(l=2) ave= 0.000E+00 +/- 0.00 % D(l=3) ave= 0.000E+00 +/- 0.00 %  % || S(l=0) ave= 3.149E-05 +/- 0.09 % S(l=1) ave= 1.653E-04 +/- 15.56 % S(l=2) ave= 0.000E+00 +/- 0.00 % S(l=3) ave= 0.000E+00 +/- 0.00 %  % || Fis(th) ave= 1.183E+01 b. +/- 14.57 %
 ... random file  9 Cap(th)  ave= 5.439E+01 b. +/- 2.74 % || Ela(th) ave= 9.344E+00 b. +/- 14.59 % || RIcap ave= 1.21E+02 b. +/- 0.50 % || Macs30 ave= 5.19E+01 b. +/- 28.48 % || Gn^0(l=0) ave= 1.888E-05 +/- 0.09 % Gn^0(l=1) ave= 5.404E-04 +/- 15.16 % Gn^0(l=2) ave= 0.000E+00 +/- 0.00 % Gn^0(l=3) ave= 0.000E+00 +/- 0.00 % || Gtotal(l=0) ave= 1.410E-02 +/- 0.00 % Gtotal(l=1) ave= 1.867E-02 +/- 0.00 % Gtotal(l=2) ave= 0.000E+00 +/- 0.00 % Gtotal(l=3) ave= 0.000E+00 +/- 0.00 %  % || Gg(l=0) ave= 1.255E-02 +/- 0.53 % Gg(l=1) ave= 1.233E-02 +/- 1.15 % Gg(l=2) ave= 0.000E+00 +/- 0.00 % Gg(l=3) ave= 0.000E+00 +/- 0.00 %  % || D(l=0) ave= 3.061E-01 +/- 0.00 % D(l=1) ave= 5.769E-01 +/- 0.00 % D(l=2) ave= 0.000E+00 +/- 0.00 % D(l=3) ave= 0.000E+00 +/- 0.00 %  % || S(l=0) ave= 3.149E-05 +/- 0.09 % S(l=1) ave= 1.638E-04 +/- 15.12 % S(l=2) ave= 0.000E+00 +/- 0.00 % S(l=3) ave= 0.000E+00 +/- 0.00 %  % || Fis(th) ave= 1.198E+01 b. +/- 14.15 %
 ... random file  10 Cap(th)  ave= 5.424E+01 b. +/- 2.76 % || Ela(th) ave= 9.493E+00 b. +/- 14.56 % || RIcap ave= 1.21E+02 b. +/- 0.49 % || Macs30 ave= 5.11E+01 b. +/- 27.88 % || Gn^0(l=0) ave= 1.888E-05 +/- 0.09 % Gn^0(l=1) ave= 5.320E-04 +/- 15.52 % Gn^0(l=2) ave= 0.000E+00 +/- 0.00 % Gn^0(l=3) ave= 0.000E+00 +/- 0.00 % || Gtotal(l=0) ave= 1.410E-02 +/- 0.00 % Gtotal(l=1) ave= 1.867E-02 +/- 0.00 % Gtotal(l=2) ave= 0.000E+00 +/- 0.00 % Gtotal(l=3) ave= 0.000E+00 +/- 0.00 %  % || Gg(l=0) ave= 1.255E-02 +/- 0.51 % Gg(l=1) ave= 1.235E-02 +/- 1.22 % Gg(l=2) ave= 0.000E+00 +/- 0.00 % Gg(l=3) ave= 0.000E+00 +/- 0.00 %  % || D(l=0) ave= 3.061E-01 +/- 0.00 % D(l=1) ave= 5.769E-01 +/- 0.00 % D(l=2) ave= 0.000E+00 +/- 0.00 % D(l=3) ave= 0.000E+00 +/- 0.00 %  % || S(l=0) ave= 3.149E-05 +/- 0.09 % S(l=1) ave= 1.613E-04 +/- 15.48 % S(l=2) ave= 0.000E+00 +/- 0.00 % S(l=3) ave= 0.000E+00 +/- 0.00 %  % || Fis(th) ave= 1.183E+01 b. +/- 14.31 %
 ... Histogram plot for thermal (n,g)
 ... Write covariances  ... MT1  ... plot correlations
 ... MT2  ... MT18  ... MT102 


 ================================================
 ============== From 10 random values === start ======
 Thermal (n,tot) xs  0 K =  75.5566 b. +/- 2.3516 b. ( 3.11237 %) skew= +0.21 +/- 0.66
 Thermal (n,el) xs   0 K =  9.49259 b. +/- 1.38214 b. ( 14.5602 %) skew= -0.13 +/- 0.66
 Thermal (n,f) xs    0 K = 11.8259 b. +/- 1.69224 b. ( 14.3096 %) skew= +0.08 +/- 0.66
 Thermal (n,g) xs    0 K =  54.2382 b. +/- 1.49507 b. ( 2.75649 %) skew= +0.38 +/- 0.66
 RI      (n,g)       0 K =  120.653 b. +/- 0.590145 b. ( 0.489125 %) 
 MACS    (n,g)       0 K (at Emacs= 30000 eV) =  51.1399 b. +/- 14.2598 b. ( 27.8839 %) 
 Ave. Gtotal  L=0        =  1.410E-02 +/- 0.00 %
 Ave. Gn^(0)  L=0        =  1.888E-05 +/- 0.09 %
 Ave. Gg      L=0        =  1.255E-02 +/- 0.51 %
 Ave. D       L=0        =  3.061E-01 +/- 0.00 %
 Ave. S       L=0        =  3.149E-05 +/- 0.09 %
 Ave. Gtotal  L=1        =  1.867E-02 +/- 0.00 %
 Ave. Gg      L=1        =  1.235E-02 +/- 1.22 %
 Ave. D       L=1        =  5.769E-01 +/- 0.00 %
 Ave. S       L=1        =  1.613E-04 +/- 15.48 %

 Expected Thermal (n,g) (syst or meas)= 55 b. +/- 10 b. nominal: 54.5456 b.
 ratio Calculated/expected thermal (n,g): 0.99 ratio DCalculated/Dexpected: 0.15 ratio Calculated/Nominal: 0.99
 ============== From 10 random values ===== stop ======
 ================================================
 ... Calculation of (n,a) and (n,p) cross sections at 300 K
 ... thermal (n,a) cross section is 1.19692e-14 +/- 5.98461e-15 b.
 ... thermal (n,a) cross section is 0 b. (random case 1)
 ... thermal (n,a) cross section is 0 b. (random case 2)
 ... thermal (n,a) cross section is 0 b. (random case 3)
 ... thermal (n,a) cross section is 0 b. (random case 4)
 ... thermal (n,a) cross section is 0 b. (random case 5)
 ... thermal (n,a) cross section is 0 b. (random case 6)
 ... thermal (n,a) cross section is 0 b. (random case 7)
 ... thermal (n,a) cross section is 0 b. (random case 8)
 ... thermal (n,a) cross section is 0 b. (random case 9)
 ... thermal (n,a) cross section is 0 b. (random case 10)
 ... thermal (n,p) cross section is 1.19692e-14 +/- 5.98461e-15 b.
 ... thermal (n,p) cross section is 0 b. (random case 1)
 ... thermal (n,p) cross section is 0 b. (random case 2)
 ... thermal (n,p) cross section is 0 b. (random case 3)
 ... thermal (n,p) cross section is 0 b. (random case 4)
 ... thermal (n,p) cross section is 0 b. (random case 5)
 ... thermal (n,p) cross section is 0 b. (random case 6)
 ... thermal (n,p) cross section is 0 b. (random case 7)
 ... thermal (n,p) cross section is 0 b. (random case 8)
 ... thermal (n,p) cross section is 0 b. (random case 9)
 ... thermal (n,p) cross section is 0 b. (random case 10)
 ... Rewrite index for MF2
 ... Write text for MF1 in file mf1.tares.txt
 ... plotting cross sections for the MF1
 ... order output files

 ............................................................ 
 ...                                                      ... 
 ... MF2 format selection for the final file: n-Es255.mf2.mlbw
 ... MF2 format : mlbw
 ... cross section values for the final mf2 file: START   ... 
 ... Import MF2 from TARES calculations
 ... End energy of TARES MF2 : 1.500000E+1 eV and limit to 40000 resonances
 ... File used for reconstruction: n-Es255.mf2.reconst
 ... run RECENT ...
 ... Doppler broadened at a unique temperature: 0 Kelvin using sigma1
 ... The keyword temperature is zero, no Doppler broadening for the MACS

 ============== INTER values at 0 Kelvin ==============
 Thermal (n,g) xs =  54.5456 b. (meas/sys: 55 b.) (warning: comparison to be done at 296 or 300 K)
 Th Maxw (n,g) xs =  158.06 b. (thermal Maxwellian value)
 Westcott factor  =  2.89781
 RI      (n,g)    =  203.028 b. (meas or sys: - b.)
 MACS 3.000e+04 eV=  2.3 b. (meas or sys: - b.) from 1.00E+00 to 2.00E+07 eV (end of RRR) at T= 0 Kelvin 
 Thermal (n,el) xs=  9.29045 b.
 RI      (n,el)   =  30.8334 b.
 Thermal (n,f) xs =  12.7049 b. (meas/sys: 13.474 +/- 10.7792 b.)
 RI      (n,f) xs =  8.80249 b. 
 ============= PSYCHE values ==============
 Ave. G_total L0  =  0.0140963 eV
 Ave. G_total L1  =  0.0186677 eV
 Ave. Gn_0    L0  =  1.88945e-05
 Ave. Gn_0    L1  =  0.000531803
 Ave. Gg      L0  =  0.0125811 eV
 Ave. Gg      L1  =  0.0122956 eV
 Ave. D       L0  =  0.306122 eV
 Ave. D       L1  =  0.576923 eV
 Ave. S       L0  =  3.15051e-05 eV
 Ave. S       L1  =  0.000161265 eV
 =========================================
 ... cross section values for the final mf2 file: END     ... 
 ...                                                      ... 
 ............................................................ 


================== summary ==================
 Thermal (n,tot) xs = 76.541 b. 
 Thermal (n,el)  xs = 9.29045 b. 
 Thermal (n,g)   xs = 54.5456 b. (meas/sys: 55 b.)
 Thermal (n,f)   xs = 12.7049 b. (meas/sys: 13.474 +/- 10.7792 b.)

 RI      (n,g)      = 203.028 b. (meas or sys: - b.)
 RI      (n,el)     = 30.8334 b.
 RI      (n,f)      = 8.80249 b. 
=============================================


 ... cleaning
                                                 
  -------------------------------------------------------------
  -                                                           -
  - TARES: successful end of run with data from the database  -
  -             for Z= 99, A= 255 and isomer= 0               -
  -                                                           -
  -------------------------------------------------------------

   Running time:       20 seconds

 End time: Wed Oct  7 09:55:27 2026

