
  -------------------------------------------------------------
  -                                                           -
  -              Welcome to TARES version 1.8                 -
  -                                                           -
  -  (C) Copyright 2007-2025 D. Rochman, All Rights Reserved  -
  -           NRG, Petten, the Netherlands 2007-2014          -
  -           PSI, Villigen    Switzerland 2015-2025          -
  -         Nagra, Wettingen   Switzerland 2025-              -
  -           (Last Modified October 06, 2026)                -
  -           (Database from October 06, 2026)                -
  -                                                           -
  -------------------------------------------------------------


  ---------------------------------------------
   Compilation information:
   Compiled on:         Oct  8 2026, 18:36:06
   Compiled by:         koning
   Compiler version:    clang++ - 21.0.0
   Source location:     /Users/koning/tares-1.8/source/Module/
   Binaries location:   /Users/koning/bin
   System:              Darwin 25.6.0
   System version:      Darwin Kernel Version 25.6.0: Fri Jul 31 19:19:08 PDT 2026; root:xnu-12377.161.14~5/RELEASE_ARM64_T6050  
   Machine:             arm64 
  ---------------------------------------------

   User information:
   User name:           koning
   Running directory:   /Users/koning/tendl/resbase/Br082/work
   Owner mode for running directory : rwx
   Group mode for running directory : r-x
  ---------------------------------------------


 Starting time: Fri Oct  9 13:01:29 2026
 ... inputs directory found (/Users/koning/tares-1.8/source/Module//../../inputs/).
 ... It will be used for resonance parameters 
 ... ###############################################
 ... #     read the input file tares.inp
 ... ###############################################
 ... line: #
 ... line: # Input file generated by Autorochman
          --> line not read
 ... line: #
 ... line: isotope    Br
          --> Isotope name: Br
 ... line: mass       82
          --> isotopic mass: 82
 ... line: output     n-Br082
         ---> Name of the output files: n-Br082
 ... line: isomer     0
          --> isomeric state: 0
 ... line: mf32mf33   y
          --> MF33 based on MF32: y
 ... line: nbrRandom  10
          --> Nbr of random files: 10
 ... ###############################################
 ... # end read the input file tares.inp
 ... ###############################################
Value for random generator type not considered in since Tares 1.7 due to compilation issues

 ... ###############################################
     #   Interpretation of the Input definition    #
     ###############################################

 ... Default energy limit: End of resonance region
 ... Nuclear charge    = 35
 ... Element           = Br
 ... Mass              = 82
 ... Isomer            = 0
 ... Correlation for (Gn,Gg) not included in random files
 ... Default random option: No random
 ... Output name: n-Br082
 ... Energy for the MACS: 30000 eV
 ... Resonances from CALENDF reduced (reduce=y) 
 ... For URR, level density model from TALYS selected: 91n3n12611.2850 (see manual for description)
 ... Random Generator: default (pseudo random numbers from ansi c++)
 ... Reconstruction of cross section selected
 ... Doppler broadening at 0 Kelvin
 ... URR not included (from the input file flag)
 ... Weight for grouping is flat
 ... Calculation of (n,alpha) cross section selected
 ... Number of digit for MF32c covariance representation: 2
 ... MF32 included
 ... MF33 will be used for covariance processing
 ... TENDL option set to yes (automatic choice of MF2 and format)
 ... Isotope not found in the best file --> use of MLBW formalism
 ... default option: Multi level Breit Wigner approximation selected
 ... (check file best.tendl.yes for changing this option)
 ... Retroactive option set to no with the 2025 option
 ... ladder option set to yes (CALENDF will be used for statistical resonances)

 ... ###############################################
     #           End of Input definition           #
     ###############################################

 ... gnuplot found, will be used for plotting
 ... latex found, will be used for plotting
 ... dvips found, will be used for plotting
 ... ps2epsi not found, limited plotting available
 ... uncertainties on default parameters multiplied by 1.13173
 ... Read resonance data from the 2025 directory
 ... Resonance parameters taken from /Users/koning/tares-1.8/source/Module//../../inputs/2025/Resonance/default/
 ---> Processing Z= 35 and A= 82 and isomer= 0 (level number: 0)
 Exfor path; Could not find /Users/koning/tares-1.8/source/Module//../../inputs/exfor/Br082/xs/102
Thermal file; Could not open file /Users/koning/tares-1.8/source/Module//../../inputs/2025/runThermal/results//thermal.mxw.ng.cendl3.1
Thermal file; Could not open file /Users/koning/tares-1.8/source/Module//../../inputs/2025/runThermal/results//thermal.mxw.ng.brond3.1
Thermal file; Could not open file /Users/koning/tares-1.8/source/Module//../../inputs/2025/runThermal/results//thermal.xs.ng.unc.cendl3.1
 ... spin taken from the final/ directory (1)

 ... ###############################################
 ... #  Nucleus global parameters (2025 database)  #
 ... ###############################################
 0. Half-life: 1.46991 days 
 ... Scattering radius from TALYS: /Users/koning/tares-1.8/source/Module//../../inputs/2025/lib.urr/talys.urr/
 1. Spin of the target isotope: 5
 2. Relative Atomic Mass of the target isotope: 81.9168
 3. Scattering radius (local compilation): 5.77953 fm +/- 0.104032 fm
      .......................................
      ... Thermal capture cross sections: ...
 4. Thermal (n,g) cross section from systematics (TALYS, urr.dat): 15.2733 +/- 3.81832 b.
 5. Thermal (n,g) cross section from compilation (Firestone-2022 average on element Br): 6.84 +/- 0.06 b.
 6. Thermal (n,g) cross section from compilation (Firestone-2022 final on element Br): 6.84 +/- 0.06 b.
 7. Thermal (n,g) cross section from EAF-2010: 16.63 b.
 8. Thermal (n,g) cross section from TENDL-2023: 15.3 +/- 7.152 b.
 9. Thermal (n,g) cross section from JEFF-3.3: 15.31 +/- 9.208 b.
 10. Thermal (n,g) cross section from JEFF-4.0: 15.3 +/- 6.708 b.
 11. Thermal (n,g) cross section from JENDL-5.0: 5.124 b.
      .......................................
      ...  Thermal total cross sections:  ...
      .......................................
      ... Thermal elastic cross sections: ...
 12. Thermal (n,el) cross section from JENDL-5.0: 4.773 b.
 13. Thermal (n,el) cross section from JEFF-3.3: 3.929 b.
 14. Thermal (n,el) cross section from potential (4piR^2): 7.26348 +/- 0.363174 b.
      .......................................
             ... Resonance integral: ...
 15. No capture integral found in /Users/koning/tares-1.8/source/Module//../../inputs/capture.integral
 ... no RI(n,g) found in local compilation, take 2018 value.
 ... no RI(n,g) found in local compilation, take Sukhoruchkin value.
   ---- MACS 30 keV ----- 
 16. TALYS MACS 30 keV (HF): 0.48053 b. 
   ---------- S0 -------- 
 17. S0 from TALYS: 0.812098
   ---------- S1 -------- 
 18. S1 from TALYS: 1.84398
   ---------- S2 -------- 
 19. S2 from TALYS: 1.06821
   ---------- D0 -------- 
 20. D0 from TALYS: 30.1729 eV
   ---------- D1 -------- 
 21. D1 from TALYS: 15.6655 eV
   ---------- D2 -------- 
 22. D2 from TALYS: 11.1343 eV
   ---------- G0 -------- 
 23. Gg0 from TALYS: 0.158758 eV
   ---------- G1 -------- 
 24. Gg1 from TALYS: 0.180848 eV
   ---------- G2 -------- 
 25. Gg2 from TALYS: 0.190169 eV


   ---------------------- 
 ... Read resonance parameters (format: 2: Multi Level Breit Wigner)
 ... 0 resonances found 
 ... possibly no resonances in the Resonance directory for this isotope and options
 ... Use HFR (ladder) behavior 
 --> 27. Number of resonances from the input file: 2 up to 15.0864 eV
 28. Read nuclear quantities (mass, MAT...)
 29. Read thermal (n,g) xs 
 30. Read the scattering radius 
 31. Read uncertainty on Gg for 2 resonances
 32. Read uncertainty on Gg for 2 resonances ... done
 ... order resonances 
 ... Upper limit for the RRR: 15.0864 eV (no statistical resonances HFR) from the limit.RRR file
 ... Write parameters for l=0 waves
 ... End writing original MF2 
 ... No RRR in the database: uncertainties on default parameters multiplied by 1.99753
 ... Enter in urr function (ladder option set to y) for file n-Br082
 ... read the file /Users/koning/tares-1.8/source/Module//../../inputs/2025/list.jcs.urr to find URR origin
 Default URR taken from TALYS calculations with level density model: 91n3n12611.2850
 File considered for the URR: /Users/koning/tares-1.8/source/Module//../../inputs/2025/lib.urr/talys.urr/91n3n12611.2850/Br/urr/urr.dat.Br.082.000.0.gz
 ... Write URR using TALYS average parameters (used for HFR)
 ... Limit of URR changed to 25 keV (recommendation from WPEC and JEFF)
 ... Extract the Sn value from file ./urr.dat.Br.82.0.0
 ... found Sn= 9.58636 MeV
 ... estimated number of resonances up to 175.726 eV:  5.82396 resonances
 ... This is a test here. The higher energy limit to include URR data for calendf is set to max Sn. 24/03/2016
 ... Use Sn to define the maximum energy for the URR: Sn= 9.58636 MeV --> last_energyURR= 175.726 eV
 ... read D0, S0, Gn and Gg
 ... number of URR energies: 1632
 Number of l: 1632 and last energy: 12
 Last  URR energy: 175.726 eV
 ... Enter in to_MLBW_mf2 function
 ... Convert to Multi Level Breit Wigner (MLBW)
 ... Write parameter covariances (MF32) for l=0
 ... Convert parameter covariances (MF32) to MLBW
 ... copy the mf2 and mf32 to .mlbw files
 ... Enter in urr_correct function case 1
 Modify the higher limit of RRR in MF2
 --> old value: 1.516188+1 eV new value: 1.000000-2 eV
 Modify resonance covariances (MF32) to include correlations in the URR
 End Modify resonance covariances (MF32) to include correlations in the URR
 ... Enter in calendf_xs function
 Use CALENDF for statistical resonances (update MF2) up to 1.757260+2 eV (initial limit)
 Extract resonances from CALENDF for RRR->URR 2
 47 statistical resonances found
 After reduction, 45 statistical resonances found
 ... checking resonance order 1
 ... checking resonance order 2nd round for 43 resonances
 ... end checking resonance order 2nd round
 .......................................................
 ... Adjustment to the thermal cross section : start ...
 .......................................................

 Before adjustment (adjustment to the thermal cross section set to y)
 ... Import MF2 from TARES calculations
 ... End energy of TARES MF2 : 1.474241E+2 eV and limit to 40000 resonances
 ... File used for reconstruction: new.temp22.reconst
 ... run RECENT ...
 ... Doppler broadened at a unique temperature: 300 Kelvin using sigma1
 ... run SIGMA1 at 3.000000E+02 K.

 ============== INTER values at 300 Kelvin ==============
 Thermal (n,g) xs =  58.4215 b. (meas/sys: 15.2733 b.) (warning: comparison to be done at 296 or 300 K)
 Th Maxw (n,g) xs =  59.08 b. (thermal Maxwellian value)
 Westcott factor  =  1.01128
 RI      (n,g)    =  756.394 b. (meas or sys: - b.)
 MACS 3.000e+04 eV=  0.47408 b. (meas or sys: - b.) from 1.00E+00 to 2.00E+07 eV (end of RRR) at T= 300 Kelvin 
 Thermal (n,el) xs=  3.47287 b.
 RI      (n,el)   =  68.9678 b.
 ============= PSYCHE values ==============
 Ave. G_total L0  =  0.187953 eV
 Ave. G_total L1  =  0.155923 eV
 Ave. G_total L2  =  0.159509 eV
 Ave. Gn_0    L0  =  0.00404939
 Ave. Gn_0    L1  =  0.0107397
 Ave. Gn_0    L2  =  0.00864488
 Ave. Gg      L0  =  0.150754 eV
 Ave. Gg      L1  =  0.155911 eV
 Ave. Gg      L2  =  0.159509 eV
 Ave. D       L0  =  29.4848 eV
 Ave. D       L1  =  16.3805 eV
 Ave. D       L2  =  147.424 eV
 Ave. S       L0  =  8.25663e-05 eV
 Ave. S       L1  =  0.00011044 eV
 Ave. S       L2  =  9.49115e-06 eV
 =========================================
 Calculated capture integral   756.394 b.
 Calculated thermal (n,g)=          58.4215465 b. and recommended= 15.2733 b. (C/E= 3.82508)
 Calculated RI      (n,g)= 756.394 b. (no reference value)
 ... tolerances: thermal (n,g) 20 % (reference uncertainties, minimum 2% and 5%, maximum 20%)
 Adjust the capture widths ...
 ... capture adjusted with Gn for 43 resonances (Gn<Gg) and with Gg for 0 resonances
 ... iteration 0: C/E thermal (n,g)= 3.82508

 <-------- After adjustment -------->
 ... Import MF2 from TARES calculations
 ... End energy of TARES MF2 : 1.474241E+2 eV and limit to 40000 resonances
 ... File used for reconstruction: new.temp22.reconst
 ... run RECENT ...
 ... Doppler broadened at a unique temperature: 300 Kelvin using sigma1
 ... run SIGMA1 at 3.000000E+02 K.

 ============== INTER values at 300 Kelvin ==============
 Thermal (n,g) xs =  18.0225 b. (meas/sys: 15.2733 b.) (warning: comparison to be done at 296 or 300 K)
 Th Maxw (n,g) xs =  18.226 b. (thermal Maxwellian value)
 Westcott factor  =  1.01128
 RI      (n,g)    =  257.687 b. (meas or sys: - b.)
 MACS 3.000e+04 eV=  0.47387 b. (meas or sys: - b.) from 1.00E+00 to 2.00E+07 eV (end of RRR) at T= 300 Kelvin 
 Thermal (n,el) xs=  3.95985 b.
 RI      (n,el)   =  27.9082 b.
 ============= PSYCHE values ==============
 Ave. G_total L0  =  0.16223 eV
 Ave. G_total L1  =  0.155915 eV
 Ave. G_total L2  =  0.159509 eV
 Ave. Gn_0    L0  =  0.0012492
 Ave. Gn_0    L1  =  0.0033131
 Ave. Gn_0    L2  =  0.00266686
 Ave. Gg      L0  =  0.150754 eV
 Ave. Gg      L1  =  0.155911 eV
 Ave. Gg      L2  =  0.159509 eV
 Ave. D       L0  =  29.4848 eV
 Ave. D       L1  =  16.3805 eV
 Ave. D       L2  =  147.424 eV
 Ave. S       L0  =  2.54709e-05 eV
 Ave. S       L1  =  3.40698e-05 eV
 Ave. S       L2  =  2.92792e-06 eV
 =========================================
 ... iteration 1: C/E thermal (n,g)= 1.18


 ... ratio C/E thermal (n,g): 1.180002E+00
 ...................................................... 
 ... Adjustment to the thermal cross section : stop ...
 ...................................................... 
 ... new MF2 file after adjustment: n-Br082
 ... read the file /Users/koning/tares-1.8/source/Module//../../inputs/2025/list.jcs.urr to find URR origin
 Default URR taken from TALYS calculations with level density model: 91n3n12611.2850
 File considered for the URR: /Users/koning/tares-1.8/source/Module//../../inputs/2025/lib.urr/talys.urr/91n3n12611.2850/Br/urr/urr.dat.Br.082.000.0.gz
 ... Write URR using TALYS average parameters (not used for HFR)
 ... Limit of URR changed to 25 keV (recommendation from WPEC and JEFF)
 ... read D0, S0, Gn and Gg
 ... number of URR energies: 1188
 Number of l: 1188 and last energy: 12
 Last  URR energy: 45489.5 eV
 Energies in the URR : 1188 -> reduced by a factor 2
 Energies in the URR : 648 -> reduced by a factor 2
 Energies in the URR : 348 -> reduced by a factor 2
 ... Enter in urr_correct function case 2
 Modify the higher limit of RRR in MF2
 --> old value: 1.474241+2 eV new value: 1.474241+2 eV
 Modify resonance covariances (MF32) to include correlations in the URR
 End Modify resonance covariances (MF32) to include correlations in the URR
 ... Enter in update_MF32 function
 ... Change uncertainties
 ... for the HFR, random position of the positive resonances with 0.020000 %
 ... end of update MF32 function
 ... GLS calculation of the parameter correlations from the thermal/RI adjustment (MF32c)
 ... MF32: correlations from the thermal/RI adjustment (GLS) for 3 resonances (6 widths), 3 correlation lines
 ...   thermal (n,g): uncertainty from these widths 7.67983 b. -> 3.41905 b. (reference: 15.2733 +/- 3.81832 b.)
 ... copy the mf2 and mf32 to .mlbw files

 ... Start of final reconstruction and testing ...
 ... Reconstruction of cross sections at 0 Kelvin  ... Import MF2 from TARES calculations
 ... End energy of TARES MF2 : 1.474241E+2 eV and limit to 40000 resonances
 ... File used for reconstruction: n-Br082.reconst
 ... run RECENT ...
 ... Doppler broadened at a unique temperature: 0 Kelvin using sigma1
 ... The keyword temperature is zero, no Doppler broadening for the MACS

 ============== INTER values at 0 Kelvin ==============
 Thermal (n,g) xs =  18.0093 b. (meas/sys: 15.2733 b.) (warning: comparison to be done at 296 or 300 K)
 Th Maxw (n,g) xs =  18.119 b. (thermal Maxwellian value)
 Westcott factor  =  1.0061
 RI      (n,g)    =  257.245 b. (meas or sys: - b.)
 MACS 3.000e+04 eV=  0.47106 b. (meas or sys: - b.) from 1.00E+00 to 1.47E+02 eV (end of RRR) at T= 0 Kelvin 
 Thermal (n,el) xs=  3.93537 b.
 RI      (n,el)   =  27.8589 b.
 ============= PSYCHE values ==============
 Ave. G_total L0  =  0.16223 eV
 Ave. G_total L1  =  0.155915 eV
 Ave. G_total L2  =  0.159509 eV
 Ave. Gn_0    L0  =  0.0012492
 Ave. Gn_0    L1  =  0.0033131
 Ave. Gn_0    L2  =  0.00266686
 Ave. Gg      L0  =  0.150754 eV
 Ave. Gg      L1  =  0.155911 eV
 Ave. Gg      L2  =  0.159509 eV
 Ave. D       L0  =  29.4848 eV
 Ave. D       L1  =  16.3805 eV
 Ave. D       L2  =  147.424 eV
 Ave. S       L0  =  2.54709e-05 eV
 Ave. S       L1  =  3.40698e-05 eV
 Ave. S       L2  =  2.92792e-06 eV
 =========================================
 ... End of final reconstruction and testing ...

 ... grouping is not optimum, change to 70 groups
 ... Produce MF33 based on MF32 and 10 random files
 ... MF3 of n-Br082.reconst (3 sections) added to the files for ENDSAM
 ... run endsam for 10 in groups of 1 global run
 ... run endsam from 1 to 10
 ... random files: total width GT set to Gn+Gg+Gf (430 resonances in 10 files)
 ... reorder resonance position after endsam (sampling)
 ... preparing the vectors  ... done
 ... nominal file 0 Cap(th)  ave= 1.801E+01 b. +/- 0.00 % || Ela(th) ave= 3.935E+00 b. +/- 0.00 % || RIcap ave= 2.57E+02 b. +/- 0.00 % || Macs30 ave= 4.71E-01 b. +/- 0.00 % || Gn^0(l=0) ave= 1.249E-03 +/- 0.00 % Gn^0(l=1) ave= 3.313E-03 +/- 0.00 % Gn^0(l=2) ave= 2.667E-03 +/- 0.00 % Gn^0(l=3) ave= 0.000E+00 +/- 0.00 % || Gtotal(l=0) ave= 1.622E-01 +/- 0.00 % Gtotal(l=1) ave= 1.559E-01 +/- 0.00 % Gtotal(l=2) ave= 1.595E-01 +/- 0.00 % Gtotal(l=3) ave= 0.000E+00 +/- 0.00 %  % || Gg(l=0) ave= 1.508E-01 +/- 0.00 % Gg(l=1) ave= 1.559E-01 +/- 0.00 % Gg(l=2) ave= 1.595E-01 +/- 0.00 % Gg(l=3) ave= 0.000E+00 +/- 0.00 %  % || D(l=0) ave= 2.948E+01 +/- 0.00 % D(l=1) ave= 1.638E+01 +/- 0.00 % D(l=2) ave= 1.474E+02 +/- 0.00 % D(l=3) ave= 0.000E+00 +/- 0.00 %  % || S(l=0) ave= 2.547E-05 +/- 0.00 % S(l=1) ave= 3.407E-05 +/- 0.00 % S(l=2) ave= 2.928E-06 +/- 0.00 % S(l=3) ave= 0.000E+00 +/- 0.00 % 
 ... random file  1 Cap(th)  ave= 1.275E+01 b. +/- 41.22 % || Ela(th) ave= 3.810E+00 b. +/- 3.29 % || RIcap ave= 2.52E+02 b. +/- 2.04 % || Macs30 ave= 4.71E-01 b. +/- 0.00 % || Gn^0(l=0) ave= 1.246E-03 +/- 0.27 % Gn^0(l=1) ave= 3.425E-03 +/- 3.26 % Gn^0(l=2) ave= 2.852E-03 +/- 6.50 % Gn^0(l=3) ave= 0.000E+00 +/- 0.00 % || Gtotal(l=0) ave= 1.526E-01 +/- 6.28 % Gtotal(l=1) ave= 1.512E-01 +/- 3.10 % Gtotal(l=2) ave= 1.701E-01 +/- 6.21 % Gtotal(l=3) ave= 0.000E+00 +/- 0.00 %  % || Gg(l=0) ave= 1.412E-01 +/- 6.78 % Gg(l=1) ave= 1.512E-01 +/- 3.10 % Gg(l=2) ave= 1.701E-01 +/- 6.21 % Gg(l=3) ave= 0.000E+00 +/- 0.00 %  % || D(l=0) ave= 2.948E+01 +/- 0.00 % D(l=1) ave= 1.638E+01 +/- 0.00 % D(l=2) ave= 1.474E+02 +/- 0.00 % D(l=3) ave= 0.000E+00 +/- 0.00 %  % || S(l=0) ave= 2.540E-05 +/- 0.26 % S(l=1) ave= 3.522E-05 +/- 3.26 % S(l=2) ave= 3.132E-06 +/- 6.50 % S(l=3) ave= 0.000E+00 +/- 0.00 % 
 ... random file  2 Cap(th)  ave= 1.069E+01 b. +/- 48.55 % || Ela(th) ave= 4.169E+00 b. +/- 12.41 % || RIcap ave= 2.50E+02 b. +/- 2.07 % || Macs30 ave= 4.71E-01 b. +/- 0.00 % || Gn^0(l=0) ave= 1.260E-03 +/- 1.60 % Gn^0(l=1) ave= 3.179E-03 +/- 11.30 % Gn^0(l=2) ave= 2.486E-03 +/- 21.70 % Gn^0(l=3) ave= 0.000E+00 +/- 0.00 % || Gtotal(l=0) ave= 1.325E-01 +/- 22.35 % Gtotal(l=1) ave= 1.534E-01 +/- 3.20 % Gtotal(l=2) ave= 1.541E-01 +/- 15.66 % Gtotal(l=3) ave= 0.000E+00 +/- 0.00 %  % || Gg(l=0) ave= 1.211E-01 +/- 24.35 % Gg(l=1) ave= 1.534E-01 +/- 3.20 % Gg(l=2) ave= 1.541E-01 +/- 15.66 % Gg(l=3) ave= 0.000E+00 +/- 0.00 %  % || D(l=0) ave= 3.194E+01 +/- 10.88 % D(l=1) ave= 1.638E+01 +/- 0.00 % D(l=2) ave= 1.474E+02 +/- 0.00 % D(l=3) ave= 0.000E+00 +/- 0.00 %  % || S(l=0) ave= 2.412E-05 +/- 7.55 % S(l=1) ave= 3.269E-05 +/- 11.30 % S(l=2) ave= 2.730E-06 +/- 21.70 % S(l=3) ave= 0.000E+00 +/- 0.00 % 
 ... random file  3 Cap(th)  ave= 1.352E+01 b. +/- 49.21 % || Ela(th) ave= 4.169E+00 b. +/- 10.74 % || RIcap ave= 2.53E+02 b. +/- 2.73 % || Macs30 ave= 4.71E-01 b. +/- 0.00 % || Gn^0(l=0) ave= 1.257E-03 +/- 1.44 % Gn^0(l=1) ave= 3.166E-03 +/- 9.85 % Gn^0(l=2) ave= 2.459E-03 +/- 19.09 % Gn^0(l=3) ave= 0.000E+00 +/- 0.00 % || Gtotal(l=0) ave= 1.458E-01 +/- 23.66 % Gtotal(l=1) ave= 1.563E-01 +/- 4.18 % Gtotal(l=2) ave= 1.632E-01 +/- 16.03 % Gtotal(l=3) ave= 0.000E+00 +/- 0.00 %  % || Gg(l=0) ave= 1.344E-01 +/- 25.60 % Gg(l=1) ave= 1.563E-01 +/- 4.18 % Gg(l=2) ave= 1.632E-01 +/- 16.03 % Gg(l=3) ave= 0.000E+00 +/- 0.00 %  % || D(l=0) ave= 3.133E+01 +/- 10.19 % D(l=1) ave= 1.638E+01 +/- 0.00 % D(l=2) ave= 1.474E+02 +/- 0.00 % D(l=3) ave= 0.000E+00 +/- 0.00 %  % || S(l=0) ave= 2.446E-05 +/- 6.88 % S(l=1) ave= 3.256E-05 +/- 9.85 % S(l=2) ave= 2.700E-06 +/- 19.09 % S(l=3) ave= 0.000E+00 +/- 0.00 % 
 ... random file  4 Cap(th)  ave= 1.273E+01 b. +/- 48.39 % || Ela(th) ave= 4.322E+00 b. +/- 11.66 % || RIcap ave= 2.53E+02 b. +/- 2.44 % || Macs30 ave= 4.71E-01 b. +/- 0.00 % || Gn^0(l=0) ave= 1.255E-03 +/- 1.32 % Gn^0(l=1) ave= 3.065E-03 +/- 11.25 % Gn^0(l=2) ave= 2.311E-03 +/- 22.25 % Gn^0(l=3) ave= 0.000E+00 +/- 0.00 % || Gtotal(l=0) ave= 1.483E-01 +/- 21.08 % Gtotal(l=1) ave= 1.453E-01 +/- 15.56 % Gtotal(l=2) ave= 1.677E-01 +/- 14.94 % Gtotal(l=3) ave= 0.000E+00 +/- 0.00 %  % || Gg(l=0) ave= 1.369E-01 +/- 22.77 % Gg(l=1) ave= 1.453E-01 +/- 15.56 % Gg(l=2) ave= 1.677E-01 +/- 14.94 % Gg(l=3) ave= 0.000E+00 +/- 0.00 %  % || D(l=0) ave= 3.096E+01 +/- 9.52 % D(l=1) ave= 1.638E+01 +/- 0.00 % D(l=2) ave= 1.474E+02 +/- 0.00 % D(l=3) ave= 0.000E+00 +/- 0.00 %  % || S(l=0) ave= 2.466E-05 +/- 6.31 % S(l=1) ave= 3.152E-05 +/- 11.25 % S(l=2) ave= 2.537E-06 +/- 22.25 % S(l=3) ave= 0.000E+00 +/- 0.00 % 
 ... random file  5 Cap(th)  ave= 1.505E+01 b. +/- 50.83 % || Ela(th) ave= 4.172E+00 b. +/- 13.63 % || RIcap ave= 2.55E+02 b. +/- 2.53 % || Macs30 ave= 4.71E-01 b. +/- 0.00 % || Gn^0(l=0) ave= 1.257E-03 +/- 1.22 % Gn^0(l=1) ave= 3.186E-03 +/- 13.03 % Gn^0(l=2) ave= 2.507E-03 +/- 25.62 % Gn^0(l=3) ave= 0.000E+00 +/- 0.00 % || Gtotal(l=0) ave= 1.534E-01 +/- 20.07 % Gtotal(l=1) ave= 1.604E-01 +/- 24.64 % Gtotal(l=2) ave= 1.812E-01 +/- 20.91 % Gtotal(l=3) ave= 0.000E+00 +/- 0.00 %  % || Gg(l=0) ave= 1.420E-01 +/- 21.61 % Gg(l=1) ave= 1.604E-01 +/- 24.64 % Gg(l=2) ave= 1.812E-01 +/- 20.91 % Gg(l=3) ave= 0.000E+00 +/- 0.00 %  % || D(l=0) ave= 3.071E+01 +/- 8.94 % D(l=1) ave= 1.638E+01 +/- 0.00 % D(l=2) ave= 1.474E+02 +/- 0.00 % D(l=3) ave= 0.000E+00 +/- 0.00 %  % || S(l=0) ave= 2.484E-05 +/- 5.96 % S(l=1) ave= 3.276E-05 +/- 13.03 % S(l=2) ave= 2.752E-06 +/- 25.62 % S(l=3) ave= 0.000E+00 +/- 0.00 % 
 ... random file  6 Cap(th)  ave= 1.462E+01 b. +/- 48.98 % || Ela(th) ave= 4.090E+00 b. +/- 13.80 % || RIcap ave= 2.54E+02 b. +/- 2.35 % || Macs30 ave= 4.71E-01 b. +/- 0.00 % || Gn^0(l=0) ave= 1.260E-03 +/- 1.36 % Gn^0(l=1) ave= 3.247E-03 +/- 12.72 % Gn^0(l=2) ave= 2.603E-03 +/- 24.58 % Gn^0(l=3) ave= 0.000E+00 +/- 0.00 % || Gtotal(l=0) ave= 1.533E-01 +/- 18.60 % Gtotal(l=1) ave= 1.634E-01 +/- 22.83 % Gtotal(l=2) ave= 1.790E-01 +/- 19.81 % Gtotal(l=3) ave= 0.000E+00 +/- 0.00 %  % || Gg(l=0) ave= 1.419E-01 +/- 20.03 % Gg(l=1) ave= 1.634E-01 +/- 22.84 % Gg(l=2) ave= 1.790E-01 +/- 19.81 % Gg(l=3) ave= 0.000E+00 +/- 0.00 %  % || D(l=0) ave= 3.159E+01 +/- 10.54 % D(l=1) ave= 1.638E+01 +/- 0.00 % D(l=2) ave= 1.474E+02 +/- 0.00 % D(l=3) ave= 0.000E+00 +/- 0.00 %  % || S(l=0) ave= 2.436E-05 +/- 7.39 % S(l=1) ave= 3.339E-05 +/- 12.71 % S(l=2) ave= 2.858E-06 +/- 24.58 % S(l=3) ave= 0.000E+00 +/- 0.00 % 
 ... random file  7 Cap(th)  ave= 1.433E+01 b. +/- 47.04 % || Ela(th) ave= 4.054E+00 b. +/- 13.23 % || RIcap ave= 2.55E+02 b. +/- 2.24 % || Macs30 ave= 4.71E-01 b. +/- 0.00 % || Gn^0(l=0) ave= 1.265E-03 +/- 1.59 % Gn^0(l=1) ave= 3.269E-03 +/- 11.94 % Gn^0(l=2) ave= 2.633E-03 +/- 22.93 % Gn^0(l=3) ave= 0.000E+00 +/- 0.00 % || Gtotal(l=0) ave= 1.559E-01 +/- 17.66 % Gtotal(l=1) ave= 1.654E-01 +/- 21.34 % Gtotal(l=2) ave= 1.875E-01 +/- 21.33 % Gtotal(l=3) ave= 0.000E+00 +/- 0.00 %  % || Gg(l=0) ave= 1.445E-01 +/- 19.00 % Gg(l=1) ave= 1.654E-01 +/- 21.34 % Gg(l=2) ave= 1.875E-01 +/- 21.33 % Gg(l=3) ave= 0.000E+00 +/- 0.00 %  % || D(l=0) ave= 3.225E+01 +/- 11.07 % D(l=1) ave= 1.638E+01 +/- 0.00 % D(l=2) ave= 1.474E+02 +/- 0.00 % D(l=3) ave= 0.000E+00 +/- 0.00 %  % || S(l=0) ave= 2.403E-05 +/- 7.90 % S(l=1) ave= 3.361E-05 +/- 11.94 % S(l=2) ave= 2.891E-06 +/- 22.93 % S(l=3) ave= 0.000E+00 +/- 0.00 % 
 ... random file  8 Cap(th)  ave= 1.447E+01 b. +/- 44.01 % || Ela(th) ave= 4.084E+00 b. +/- 12.56 % || RIcap ave= 2.55E+02 b. +/- 2.13 % || Macs30 ave= 4.71E-01 b. +/- 0.00 % || Gn^0(l=0) ave= 1.263E-03 +/- 1.58 % Gn^0(l=1) ave= 3.241E-03 +/- 11.61 % Gn^0(l=2) ave= 2.587E-03 +/- 22.58 % Gn^0(l=3) ave= 0.000E+00 +/- 0.00 % || Gtotal(l=0) ave= 1.575E-01 +/- 16.74 % Gtotal(l=1) ave= 1.683E-01 +/- 20.38 % Gtotal(l=2) ave= 1.852E-01 +/- 20.66 % Gtotal(l=3) ave= 0.000E+00 +/- 0.00 %  % || Gg(l=0) ave= 1.462E-01 +/- 18.00 % Gg(l=1) ave= 1.683E-01 +/- 20.38 % Gg(l=2) ave= 1.852E-01 +/- 20.66 % Gg(l=3) ave= 0.000E+00 +/- 0.00 %  % || D(l=0) ave= 3.194E+01 +/- 10.88 % D(l=1) ave= 1.638E+01 +/- 0.00 % D(l=2) ave= 1.474E+02 +/- 0.00 % D(l=3) ave= 0.000E+00 +/- 0.00 %  % || S(l=0) ave= 2.418E-05 +/- 7.61 % S(l=1) ave= 3.333E-05 +/- 11.61 % S(l=2) ave= 2.840E-06 +/- 22.58 % S(l=3) ave= 0.000E+00 +/- 0.00 % 
 ... random file  9 Cap(th)  ave= 1.455E+01 b. +/- 41.55 % || Ela(th) ave= 4.094E+00 b. +/- 11.91 % || RIcap ave= 2.55E+02 b. +/- 2.02 % || Macs30 ave= 4.71E-01 b. +/- 0.00 % || Gn^0(l=0) ave= 1.262E-03 +/- 1.52 % Gn^0(l=1) ave= 3.229E-03 +/- 11.11 % Gn^0(l=2) ave= 2.565E-03 +/- 21.75 % Gn^0(l=3) ave= 0.000E+00 +/- 0.00 % || Gtotal(l=0) ave= 1.548E-01 +/- 17.01 % Gtotal(l=1) ave= 1.654E-01 +/- 20.39 % Gtotal(l=2) ave= 1.815E-01 +/- 20.91 % Gtotal(l=3) ave= 0.000E+00 +/- 0.00 %  % || Gg(l=0) ave= 1.434E-01 +/- 18.33 % Gg(l=1) ave= 1.654E-01 +/- 20.39 % Gg(l=2) ave= 1.815E-01 +/- 20.91 % Gg(l=3) ave= 0.000E+00 +/- 0.00 %  % || D(l=0) ave= 3.170E+01 +/- 10.66 % D(l=1) ave= 1.638E+01 +/- 0.00 % D(l=2) ave= 1.474E+02 +/- 0.00 % D(l=3) ave= 0.000E+00 +/- 0.00 %  % || S(l=0) ave= 2.432E-05 +/- 7.38 % S(l=1) ave= 3.321E-05 +/- 11.11 % S(l=2) ave= 2.816E-06 +/- 21.75 % S(l=3) ave= 0.000E+00 +/- 0.00 % 
 ... random file  10 Cap(th)  ave= 1.464E+01 b. +/- 39.43 % || Ela(th) ave= 4.160E+00 b. +/- 12.26 % || RIcap ave= 2.55E+02 b. +/- 1.93 % || Macs30 ave= 4.71E-01 b. +/- 0.00 % || Gn^0(l=0) ave= 1.261E-03 +/- 1.48 % Gn^0(l=1) ave= 3.183E-03 +/- 11.69 % Gn^0(l=2) ave= 2.495E-03 +/- 23.08 % Gn^0(l=3) ave= 0.000E+00 +/- 0.00 % || Gtotal(l=0) ave= 1.528E-01 +/- 16.94 % Gtotal(l=1) ave= 1.638E-01 +/- 19.89 % Gtotal(l=2) ave= 1.763E-01 +/- 22.57 % Gtotal(l=3) ave= 0.000E+00 +/- 0.00 %  % || Gg(l=0) ave= 1.414E-01 +/- 18.28 % Gg(l=1) ave= 1.638E-01 +/- 19.89 % Gg(l=2) ave= 1.763E-01 +/- 22.57 % Gg(l=3) ave= 0.000E+00 +/- 0.00 %  % || D(l=0) ave= 3.150E+01 +/- 10.42 % D(l=1) ave= 1.638E+01 +/- 0.00 % D(l=2) ave= 1.474E+02 +/- 0.00 % D(l=3) ave= 0.000E+00 +/- 0.00 %  % || S(l=0) ave= 2.442E-05 +/- 7.13 % S(l=1) ave= 3.273E-05 +/- 11.69 % S(l=2) ave= 2.740E-06 +/- 23.08 % S(l=3) ave= 0.000E+00 +/- 0.00 % 
 ... Histogram plot for thermal (n,g)
 ... Write covariances  ... MT1  ... plot correlations
 ... MT2  ... MT102 


 ================================================
 ============== From 10 random values === start ======
 Thermal (n,tot) xs  0 K =  18.7969 b. +/- 5.58814 b. ( 29.7291 %) skew= +0.47 +/- 0.66
 Thermal (n,el) xs   0 K =  4.16009 b. +/- 0.509903 b. ( 12.257 %) skew= +0.27 +/- 0.66
 Thermal (n,g) xs    0 K =  14.6368 b. +/- 5.77073 b. ( 39.4262 %) skew= +0.53 +/- 0.66
 RI      (n,g)       0 K =  255.091 b. +/- 4.91295 b. ( 1.92596 %) 
 MACS    (n,g)       0 K (at Emacs= 30000 eV) =  0.471058 b. +/- 7.15661e-06 b. ( 0.00151926 %) 
 Ave. Gtotal  L=0        =  1.528E-01 +/- 16.94 %
 Ave. Gn^(0)  L=0        =  1.261E-03 +/- 1.48 %
 Ave. Gg      L=0        =  1.414E-01 +/- 18.28 %
 Ave. D       L=0        =  3.150E+01 +/- 10.42 %
 Ave. S       L=0        =  2.442E-05 +/- 7.13 %
 Ave. Gtotal  L=1        =  1.638E-01 +/- 19.89 %
 Ave. Gn^(1)  L=1        =  3.183E-03 +/- 11.69 %
 Ave. Gg      L=1        =  1.638E-01 +/- 19.89 %
 Ave. D       L=1        =  1.638E+01 +/- 0.00 %
 Ave. S       L=1        =  3.273E-05 +/- 11.69 %
 Ave. Gtotal  L=2        =  1.763E-01 +/- 22.57 %
 Ave. Gn^(2)  L=2        =  2.495E-03 +/- 23.08 %
 Ave. Gg      L=2        =  1.763E-01 +/- 22.57 %
 Ave. D       L=2        =  1.474E+02 +/- 0.00 %
 Ave. S       L=2        =  2.740E-06 +/- 23.08 %

 Expected Thermal (n,g) (syst or meas)= 15.2733 b. +/- 3.81832 b. nominal: 18.0093 b.
 ratio Calculated/expected thermal (n,g): 0.96 ratio DCalculated/Dexpected: 1.51 ratio Calculated/Nominal: 0.81
 ============== From 10 random values ===== stop ======
 ================================================
 ... Calculation of (n,a) and (n,p) cross sections at 300 K
 ... thermal (n,a) cross section is 0.00629224 +/- 0.00314612 b.
 ... thermal (n,a) cross section is 0.00342186 b. (random case 1)
 ... thermal (n,a) cross section is 0.0043527 b. (random case 2)
 ... thermal (n,a) cross section is 0.00826443 b. (random case 3)
 ... thermal (n,a) cross section is 0.0100912 b. (random case 4)
 ... thermal (n,a) cross section is 0.00869434 b. (random case 5)
 ... thermal (n,a) cross section is 0.00693947 b. (random case 6)
 ... thermal (n,a) cross section is 0.00649198 b. (random case 7)
 ... thermal (n,a) cross section is 0.00296489 b. (random case 8)
 ... thermal (n,a) cross section is 0.00128712 b. (random case 9)
 ... thermal (n,a) cross section is 0.00642038 b. (random case 10)
 ... thermal (n,p) cross section is 0.00629224 +/- 0.00314612 b.
 ... thermal (n,p) cross section is 0.00800463 b. (random case 1)
 ... thermal (n,p) cross section is 0.00983791 b. (random case 2)
 ... thermal (n,p) cross section is 0.0062701 b. (random case 3)
 ... thermal (n,p) cross section is 0.00417001 b. (random case 4)
 ... thermal (n,p) cross section is 0.0106195 b. (random case 5)
 ... thermal (n,p) cross section is 0.00348755 b. (random case 6)
 ... thermal (n,p) cross section is 0.0109736 b. (random case 7)
 ... thermal (n,p) cross section is 0.00401181 b. (random case 8)
 ... thermal (n,p) cross section is 0.00214786 b. (random case 9)
 ... thermal (n,p) cross section is 0.0061867 b. (random case 10)
 ... Rewrite index for MF2
 ... Write text for MF1 in file mf1.tares.txt
 ... plotting cross sections for the MF1
 ... order output files


================== summary ==================
 Thermal (n,tot) xs = 21.9573 b. 
 Thermal (n,el)  xs = 3.93537 b. 
 Thermal (n,g)   xs = 18.0093 b. (meas/sys: 15.2733 b.)
 At 300 K (thermal adjustment): (n,el) = 3.95985 b., (n,g) = 18.0225 b.

 RI      (n,g)      = 257.245 b. (meas or sys: - b.)
 RI      (n,el)     = 27.8589 b.
=============================================


 ... cleaning
                                                 
  -------------------------------------------------------------
  -                                                           -
  - TARES: successful end of run with data from hypothetical  -
  - resonances for  Z= 35,  A= 82 and isomer= 0               -
  - half-life: 1.469907 days 
  -                                                           -
  -------------------------------------------------------------

   Running time:       10 seconds

 End time: Fri Oct  9 13:01:39 2026

