
  -------------------------------------------------------------
  -                                                           -
  -              Welcome to TARES version 1.8                 -
  -                                                           -
  -  (C) Copyright 2007-2025 D. Rochman, All Rights Reserved  -
  -           NRG, Petten, the Netherlands 2007-2014          -
  -           PSI, Villigen    Switzerland 2015-2025          -
  -         Nagra, Wettingen   Switzerland 2025-              -
  -           (Last Modified October 06, 2026)                -
  -           (Database from October 06, 2026)                -
  -                                                           -
  -------------------------------------------------------------


  ---------------------------------------------
   Compilation information:
   Compiled on:         Oct  7 2026, 09:32:19
   Compiled by:         koning
   Compiler version:    clang++ - 21.0.0
   Source location:     /Users/koning/tares-1.8/source/Module/
   Binaries location:   /Users/koning/bin
   System:              Darwin 25.6.0
   System version:      Darwin Kernel Version 25.6.0: Fri Jul 31 19:19:08 PDT 2026; root:xnu-12377.161.14~5/RELEASE_ARM64_T6050  
   Machine:             arm64 
  ---------------------------------------------

   User information:
   User name:           koning
   Running directory:   /Users/koning/tendl/resbase/Ce132/work
   Owner mode for running directory : rwx
   Group mode for running directory : r-x
  ---------------------------------------------


 Starting time: Wed Oct  7 10:35:43 2026
 ... inputs directory found (/Users/koning/tares-1.8/source/Module//../../inputs/).
 ... It will be used for resonance parameters 
 ... ###############################################
 ... #     read the input file tares.inp
 ... ###############################################
 ... line: #
 ... line: # Input file generated by Autorochman
          --> line not read
 ... line: #
 ... line: isotope    Ce
          --> Isotope name: Ce
 ... line: mass       132
          --> isotopic mass: 132
 ... line: output     n-Ce132
         ---> Name of the output files: n-Ce132
 ... line: isomer     0
          --> isomeric state: 0
 ... line: mf32mf33   y
          --> MF33 based on MF32: y
 ... line: nbrRandom  10
          --> Nbr of random files: 10
 ... ###############################################
 ... # end read the input file tares.inp
 ... ###############################################
Value for random generator type not considered in since Tares 1.7 due to compilation issues

 ... ###############################################
     #   Interpretation of the Input definition    #
     ###############################################

 ... Default energy limit: End of resonance region
 ... Nuclear charge    = 58
 ... Element           = Ce
 ... Mass              = 132
 ... Isomer            = 0
 ... Correlation for (Gn,Gg) not included in random files
 ... Default random option: No random
 ... Output name: n-Ce132
 ... Energy for the MACS: 30000 eV
 ... Resonances from CALENDF reduced (reduce=y) 
 ... For URR, level density model from TALYS selected: 91n3n12611.2850 (see manual for description)
 ... Random Generator: default (pseudo random numbers from ansi c++)
 ... Reconstruction of cross section selected
 ... Doppler broadening at 0 Kelvin
 ... URR not included (from the input file flag)
 ... Weight for grouping is flat
 ... Calculation of (n,alpha) cross section selected
 ... Number of digit for MF32c covariance representation: 2
 ... MF32 included
 ... MF33 will be used for covariance processing
 ... TENDL option set to yes (automatic choice of MF2 and format)
 ... Isotope not found in the best file --> use of MLBW formalism
 ... default option: Multi level Breit Wigner approximation selected
 ... (check file best.tendl.yes for changing this option)
 ... Retroactive option set to no with the 2025 option
 ... ladder option set to yes (CALENDF will be used for statistical resonances)

 ... ###############################################
     #           End of Input definition           #
     ###############################################

 ... gnuplot found, will be used for plotting
 ... latex found, will be used for plotting
 ... dvips found, will be used for plotting
 ... ps2epsi not found, limited plotting available
 ... uncertainties on default parameters multiplied by 1.06359
 ... Read resonance data from the 2025 directory
 ... Resonance parameters taken from /Users/koning/tares-1.8/source/Module//../../inputs/2025/Resonance/default/
 ---> Processing Z= 58 and A= 132 and isomer= 0 (level number: 0)
 Exfor path; Could not find /Users/koning/tares-1.8/source/Module//../../inputs/exfor/Ce132/xs/102
Thermal file; Could not open file /Users/koning/tares-1.8/source/Module//../../inputs/2025/runThermal/results//thermal.mxw.ng.cendl3.1
Thermal file; Could not open file /Users/koning/tares-1.8/source/Module//../../inputs/2025/runThermal/results//thermal.mxw.ng.brond3.1
Thermal file; Could not open file /Users/koning/tares-1.8/source/Module//../../inputs/2025/runThermal/results//thermal.xs.ng.unc.cendl3.1
 ... spin taken from the final/ directory (1)
 ... The spin found in level file ( 0 ) and the one in the urr file ( 5.5 ) differ

 ... ###############################################
 ... #  Nucleus global parameters (2025 database)  #
 ... ###############################################
 0. Half-life: 3.51111 hours
 ... Scattering radius from TALYS: /Users/koning/tares-1.8/source/Module//../../inputs/2025/lib.urr/talys.urr/
 1. Spin of the target isotope: 0
 2. Relative Atomic Mass of the target isotope: 131.911
 3. Scattering radius (local compilation): 6.76275 fm +/- 0.142018 fm
      .......................................
      ... Thermal capture cross sections: ...
 4. Thermal (n,g) cross section from systematics: 39.53 +/- 19.765 b.
 5. Thermal (n,g) cross section from compilation (Firestone-2022 average on element Ce): 0.71 +/- 0.06 b.
 6. Thermal (n,g) cross section from compilation (Firestone-2022 final on element Ce): 0.64 +/- 0.017 b.
 7. Thermal (n,g) cross section from TENDL-2023: 39.58 +/- 8.704 b.
      .......................................
      ...  Thermal total cross sections:  ...
      .......................................
      ... Thermal elastic cross sections: ...
 8. Thermal (n,el) cross section from potential (4piR^2): 8.49915 +/- 0.424958 b.
      .......................................
             ... Resonance integral: ...
 9. No capture integral found in /Users/koning/tares-1.8/source/Module//../../inputs/capture.integral
 ... no RI(n,g) found in local compilation, take 2018 value.
 ... no RI(n,g) found in local compilation, take Sukhoruchkin value.
   ---- MACS 30 keV ----- 
 10. TALYS MACS 30 keV (HF): 0.939459 b. 
 11. Recommended MACS 30 keV from EAF: 1.57 b. 
   ---------- S0 -------- 
 12. S0 from TALYS: 2.08626
   ---------- S1 -------- 
 13. S1 from TALYS: 0.948055
   ---------- S2 -------- 
 14. S2 from TALYS: 1.21159
   ---------- D0 -------- 
 15. D0 from TALYS: 16.6369 eV
   ---------- D1 -------- 
 16. D1 from TALYS: 5.71299 eV
   ---------- D2 -------- 
 17. D2 from TALYS: 3.63781 eV
   ---------- G0 -------- 
 18. Gg0 from TALYS: 0.0912586 eV
   ---------- G1 -------- 
 19. Gg1 from TALYS: 0.0944739 eV
   ---------- G2 -------- 
 20. Gg2 from TALYS: 0.0891059 eV


   ---------------------- 
 ... Read resonance parameters (format: 2: Multi Level Breit Wigner)
 ... 0 resonances found 
 ... possibly no resonances in the Resonance directory for this isotope and options
 ... Use HFR (ladder) behavior 
 --> 22. Number of resonances from the input file: 2 up to 8.31843 eV
 23. Read nuclear quantities (mass, MAT...)
 24. Read thermal (n,g) xs 
 25. Read the scattering radius 
 26. Read uncertainty on Gg for 2 resonances
 27. Read uncertainty on Gg for 2 resonances ... done
 ... order resonances 
 ... Upper limit for the RRR: 8.31843 eV (no statistical resonances HFR) from the limit.RRR file
 ... Write parameters for l=0 waves
 ... End writing original MF2 
 ... No RRR in the database: uncertainties on default parameters multiplied by 1.99753
 ... Enter in urr function (ladder option set to y) for file n-Ce132
 ... read the file /Users/koning/tares-1.8/source/Module//../../inputs/2025/list.jcs.urr to find URR origin
 Default URR taken from TALYS calculations with level density model: 91n3n12611.2850
 File considered for the URR: /Users/koning/tares-1.8/source/Module//../../inputs/2025/lib.urr/talys.urr/91n3n12611.2850/Ce/urr/urr.dat.Ce.132.000.0.gz
 ... Write URR using TALYS average parameters (used for HFR)
 ... Limit of URR changed to 25 keV (recommendation from WPEC and JEFF)
 ... Extract the Sn value from file ./urr.dat.Ce.132.0.0
 ... found Sn= 8.02085 MeV
 ... estimated number of resonances up to 274.422 eV:  16.4948 resonances
 ... This is a test here. The higher energy limit to include URR data for calendf is set to max Sn. 24/03/2016
 ... Use Sn to define the maximum energy for the URR: Sn= 8.02085 MeV --> last_energyURR= 274.422 eV
 ... read D0, S0, Gn and Gg
 ... number of URR energies: 705
 Number of l: 705 and last energy: 5
 Last  URR energy: 274.422 eV
 ... Enter in to_MLBW_mf2 function
 ... Convert to Multi Level Breit Wigner (MLBW)
 ... Write parameter covariances (MF32) for l=0
 ... Convert parameter covariances (MF32) to MLBW
 ... copy the mf2 and mf32 to .mlbw files
 ... Enter in urr_correct function case 1
 Modify the higher limit of RRR in MF2
 --> old value: 8.360022+0 eV new value: 1.000000-2 eV
 Modify resonance covariances (MF32) to include correlations in the URR
 End Modify resonance covariances (MF32) to include correlations in the URR
 ... Enter in calendf_xs function
 Use CALENDF for statistical resonances (update MF2) up to 2.744220+2 eV (initial limit)
 Extract resonances from CALENDF for RRR->URR 2
 94 statistical resonances found
 After reduction, 86 statistical resonances found
 ... checking resonance order 1
 ... checking resonance order 2nd round for 84 resonances
 ... end checking resonance order 2nd round
 .......................................................
 ... Adjustment to the thermal cross section : start ...
 .......................................................

 Before adjustment (adjustment to the thermal cross section set to y)
 ... Import MF2 from TARES calculations
 ... End energy of TARES MF2 : 2.723254E+2 eV and limit to 40000 resonances
 ... File used for reconstruction: new.temp22.reconst
 ... run RECENT ...
 ... Doppler broadened at a unique temperature: 300 Kelvin using sigma1
 ... run SIGMA1 at 3.000000E+02 K.

 ============== INTER values at 300 Kelvin ==============
 Thermal (n,g) xs =  70.166 b. (meas/sys: 39.53 b.) (warning: comparison to be done at 296 or 300 K)
 Th Maxw (n,g) xs =  70.174 b. (thermal Maxwellian value)
 Westcott factor  =  1.00011
 RI      (n,g)    =  863.99 b. (meas or sys: - b.)
 MACS 3.000e+04 eV=  0.92973 b. (meas or sys: - b.) from 1.00E+00 to 2.00E+07 eV (end of RRR) at T= 300 Kelvin 
 Thermal (n,el) xs=  3.0671 b.
 RI      (n,el)   =  327.872 b.
 ============= PSYCHE values ==============
 Ave. G_total L0  =  0.124359 eV
 Ave. G_total L1  =  0.0929429 eV
 Ave. G_total L2  =  0.0867198 eV
 Ave. Gn_0    L0  =  0.003246
 Ave. Gn_0    L1  =  0.00157009
 Ave. Gn_0    L2  =  0.00222868
 Ave. Gg      L0  =  0.0912614 eV
 Ave. Gg      L1  =  0.0929376 eV
 Ave. Gg      L2  =  0.0867198 eV
 Ave. D       L0  =  19.4518 eV
 Ave. D       L1  =  6.9827 eV
 Ave. D       L2  =  15.1292 eV
 Ave. S       L0  =  0.000178793 eV
 Ave. S       L1  =  0.000106698 eV
 Ave. S       L2  =  8.67509e-05 eV
 =========================================
 Calculated capture integral   863.99 b.
 Calculated thermal (n,g)=          70.1659942 b. and recommended= 39.53 b. (C/E= 1.77501)
 Calculated RI      (n,g)= 863.99 b. (no reference value)
 ... tolerances: thermal (n,g) 20 % (reference uncertainties, minimum 2% and 5%, maximum 20%)
 Adjust the capture widths ...
 ... capture adjusted with Gn for 83 resonances (Gn<Gg) and with Gg for 1 resonances
 ... iteration 0: C/E thermal (n,g)= 1.77501

 <-------- After adjustment -------->
 ... Import MF2 from TARES calculations
 ... End energy of TARES MF2 : 2.723254E+2 eV and limit to 40000 resonances
 ... File used for reconstruction: new.temp22.reconst
 ... run RECENT ...
 ... Doppler broadened at a unique temperature: 300 Kelvin using sigma1
 ... run SIGMA1 at 3.000000E+02 K.

 ============== INTER values at 300 Kelvin ==============
 Thermal (n,g) xs =  46.6454 b. (meas/sys: 39.53 b.) (warning: comparison to be done at 296 or 300 K)
 Th Maxw (n,g) xs =  46.65 b. (thermal Maxwellian value)
 Westcott factor  =  1.00011
 RI      (n,g)    =  636.92 b. (meas or sys: - b.)
 MACS 3.000e+04 eV=  0.92963 b. (meas or sys: - b.) from 1.00E+00 to 2.00E+07 eV (end of RRR) at T= 300 Kelvin 
 Thermal (n,el) xs=  3.77475 b.
 RI      (n,el)   =  188.226 b.
 ============= PSYCHE values ==============
 Ave. G_total L0  =  0.115293 eV
 Ave. G_total L1  =  0.0929412 eV
 Ave. G_total L2  =  0.0867198 eV
 Ave. Gn_0    L0  =  0.00248797
 Ave. Gn_0    L1  =  0.00104377
 Ave. Gn_0    L2  =  0.0014816
 Ave. Gg      L0  =  0.0892219 eV
 Ave. Gg      L1  =  0.0929376 eV
 Ave. Gg      L2  =  0.0867198 eV
 Ave. D       L0  =  19.4518 eV
 Ave. D       L1  =  6.9827 eV
 Ave. D       L2  =  15.1292 eV
 Ave. S       L0  =  0.00013704 eV
 Ave. S       L1  =  7.09315e-05 eV
 Ave. S       L2  =  5.76708e-05 eV
 =========================================
 ... iteration 1: C/E thermal (n,g)= 1.18


 ... ratio C/E thermal (n,g): 1.180000E+00
 ...................................................... 
 ... Adjustment to the thermal cross section : stop ...
 ...................................................... 
 ... new MF2 file after adjustment: n-Ce132
 ... read the file /Users/koning/tares-1.8/source/Module//../../inputs/2025/list.jcs.urr to find URR origin
 Default URR taken from TALYS calculations with level density model: 91n3n12611.2850
 File considered for the URR: /Users/koning/tares-1.8/source/Module//../../inputs/2025/lib.urr/talys.urr/91n3n12611.2850/Ce/urr/urr.dat.Ce.132.000.0.gz
 ... Write URR using TALYS average parameters (not used for HFR)
 ... Limit of URR changed to 25 keV (recommendation from WPEC and JEFF)
 Energy limit of the URR set to 354.023 eV
 ... read D0, S0, Gn and Gg
 ... number of URR energies: 20
 Number of l: 20 and last energy: 5
 Last  URR energy: 354.023 eV
 ... Enter in urr_correct function case 2
 Modify the higher limit of RRR in MF2
 --> old value: 2.723254+2 eV new value: 2.723254+2 eV
 Modify resonance covariances (MF32) to include correlations in the URR
 End Modify resonance covariances (MF32) to include correlations in the URR
 ... Enter in update_MF32 function
 ... Change uncertainties
 ... for the HFR, random position of the positive resonances with 0.020000 %
 ... end of update MF32 function
 ... GLS calculation of the parameter correlations from the thermal/RI adjustment (MF32c)
 ... MF32: correlations from the thermal/RI adjustment (GLS) for 2 resonances (4 widths), 1 correlation lines
 ...   thermal (n,g): uncertainty from these widths 13.8625 b. -> 11.3493 b. (reference: 39.53 +/- 19.765 b.)
 ... copy the mf2 and mf32 to .mlbw files

 ... Start of final reconstruction and testing ...
 ... Reconstruction of cross sections at 0 Kelvin  ... Import MF2 from TARES calculations
 ... End energy of TARES MF2 : 2.723254E+2 eV and limit to 40000 resonances
 ... File used for reconstruction: n-Ce132.reconst
 ... run RECENT ...
 ... Doppler broadened at a unique temperature: 0 Kelvin using sigma1
 ... The keyword temperature is zero, no Doppler broadening for the MACS

 ============== INTER values at 0 Kelvin ==============
 Thermal (n,g) xs =  46.6267 b. (meas/sys: 39.53 b.) (warning: comparison to be done at 296 or 300 K)
 Th Maxw (n,g) xs =  46.382 b. (thermal Maxwellian value)
 Westcott factor  =  0.99475
 RI      (n,g)    =  636.633 b. (meas or sys: - b.)
 MACS 3.000e+04 eV=  0.92413 b. (meas or sys: - b.) from 1.00E+00 to 2.72E+02 eV (end of RRR) at T= 0 Kelvin 
 Thermal (n,el) xs=  3.76037 b.
 RI      (n,el)   =  188.172 b.
 ============= PSYCHE values ==============
 Ave. G_total L0  =  0.115293 eV
 Ave. G_total L1  =  0.0929412 eV
 Ave. G_total L2  =  0.0867198 eV
 Ave. Gn_0    L0  =  0.00248797
 Ave. Gn_0    L1  =  0.00104377
 Ave. Gn_0    L2  =  0.0014816
 Ave. Gg      L0  =  0.0892219 eV
 Ave. Gg      L1  =  0.0929376 eV
 Ave. Gg      L2  =  0.0867198 eV
 Ave. D       L0  =  19.4518 eV
 Ave. D       L1  =  6.9827 eV
 Ave. D       L2  =  15.1292 eV
 Ave. S       L0  =  0.00013704 eV
 Ave. S       L1  =  7.09315e-05 eV
 Ave. S       L2  =  5.76708e-05 eV
 =========================================
 ... End of final reconstruction and testing ...

 ... grouping is not optimum, change to 70 groups
 ... Produce MF33 based on MF32 and 10 random files
 ... run endsam for 10 in groups of 1 global run
 ... run endsam from 1 to 10
 ... reorder resonance position after endsam (sampling)
 ... preparing the vectors  ... done
 ... nominal file 0 Cap(th)  ave= 4.663E+01 b. +/- 0.00 % || Ela(th) ave= 3.760E+00 b. +/- 0.00 % || RIcap ave= 6.05E+02 b. +/- 0.00 % || Macs30 ave= 2.58E+01 b. +/- 0.00 % || Gn^0(l=0) ave= 2.488E-03 +/- 0.00 % Gn^0(l=1) ave= 1.044E-03 +/- 0.00 % Gn^0(l=2) ave= 1.482E-03 +/- 0.00 % Gn^0(l=3) ave= 0.000E+00 +/- 0.00 % || Gtotal(l=0) ave= 1.153E-01 +/- 0.00 % Gtotal(l=1) ave= 9.294E-02 +/- 0.00 % Gtotal(l=2) ave= 8.672E-02 +/- 0.00 % Gtotal(l=3) ave= 0.000E+00 +/- 0.00 %  % || Gg(l=0) ave= 8.922E-02 +/- 0.00 % Gg(l=1) ave= 9.294E-02 +/- 0.00 % Gg(l=2) ave= 8.672E-02 +/- 0.00 % Gg(l=3) ave= 0.000E+00 +/- 0.00 %  % || D(l=0) ave= 1.945E+01 +/- 0.00 % D(l=1) ave= 6.983E+00 +/- 0.00 % D(l=2) ave= 1.513E+01 +/- 0.00 % D(l=3) ave= 0.000E+00 +/- 0.00 %  % || S(l=0) ave= 1.370E-04 +/- 0.00 % S(l=1) ave= 7.093E-05 +/- 0.00 % S(l=2) ave= 5.767E-05 +/- 0.00 % S(l=3) ave= 0.000E+00 +/- 0.00 % 
 ... random file  1 Cap(th)  ave= 4.983E+01 b. +/- 6.42 % || Ela(th) ave= 4.060E+00 b. +/- 7.38 % || RIcap ave= 5.95E+02 b. +/- 1.64 % || Macs30 ave= 2.60E+01 b. +/- 0.71 % || Gn^0(l=0) ave= 2.485E-03 +/- 0.12 % Gn^0(l=1) ave= 9.871E-04 +/- 5.75 % Gn^0(l=2) ave= 1.329E-03 +/- 11.45 % Gn^0(l=3) ave= 0.000E+00 +/- 0.00 % || Gtotal(l=0) ave= 1.153E-01 +/- 0.00 % Gtotal(l=1) ave= 9.294E-02 +/- 0.00 % Gtotal(l=2) ave= 8.672E-02 +/- 0.00 % Gtotal(l=3) ave= 0.000E+00 +/- 0.00 %  % || Gg(l=0) ave= 9.094E-02 +/- 1.89 % Gg(l=1) ave= 9.581E-02 +/- 3.00 % Gg(l=2) ave= 9.072E-02 +/- 4.41 % Gg(l=3) ave= 0.000E+00 +/- 0.00 %  % || D(l=0) ave= 1.945E+01 +/- 0.00 % D(l=1) ave= 6.983E+00 +/- 0.00 % D(l=2) ave= 1.513E+01 +/- 0.00 % D(l=3) ave= 0.000E+00 +/- 0.00 %  % || S(l=0) ave= 1.369E-04 +/- 0.12 % S(l=1) ave= 6.708E-05 +/- 5.75 % S(l=2) ave= 5.175E-05 +/- 11.45 % S(l=3) ave= 0.000E+00 +/- 0.00 % 
 ... random file  2 Cap(th)  ave= 5.731E+01 b. +/- 19.02 % || Ela(th) ave= 3.760E+00 b. +/- 13.03 % || RIcap ave= 6.20E+02 b. +/- 5.90 % || Macs30 ave= 2.65E+01 b. +/- 2.92 % || Gn^0(l=0) ave= 2.536E-03 +/- 2.85 % Gn^0(l=1) ave= 1.059E-03 +/- 10.60 % Gn^0(l=2) ave= 1.544E-03 +/- 21.22 % Gn^0(l=3) ave= 0.000E+00 +/- 0.00 % || Gtotal(l=0) ave= 1.157E-01 +/- 0.54 % Gtotal(l=1) ave= 9.294E-02 +/- 0.00 % Gtotal(l=2) ave= 8.672E-02 +/- 0.00 % Gtotal(l=3) ave= 0.000E+00 +/- 0.00 %  % || Gg(l=0) ave= 9.368E-02 +/- 4.40 % Gg(l=1) ave= 9.160E-02 +/- 6.99 % Gg(l=2) ave= 9.117E-02 +/- 3.65 % Gg(l=3) ave= 0.000E+00 +/- 0.00 %  % || D(l=0) ave= 1.995E+01 +/- 3.54 % D(l=1) ave= 6.983E+00 +/- 0.00 % D(l=2) ave= 1.513E+01 +/- 0.00 % D(l=3) ave= 0.000E+00 +/- 0.00 %  % || S(l=0) ave= 1.365E-04 +/- 0.44 % S(l=1) ave= 7.200E-05 +/- 10.60 % S(l=2) ave= 6.009E-05 +/- 21.22 % S(l=3) ave= 0.000E+00 +/- 0.00 % 
 ... random file  3 Cap(th)  ave= 5.169E+01 b. +/- 26.23 % || Ela(th) ave= 4.059E+00 b. +/- 16.50 % || RIcap ave= 6.05E+02 b. +/- 6.81 % || Macs30 ave= 2.63E+01 b. +/- 2.93 % || Gn^0(l=0) ave= 2.518E-03 +/- 2.76 % Gn^0(l=1) ave= 1.003E-03 +/- 13.79 % Gn^0(l=2) ave= 1.393E-03 +/- 27.62 % Gn^0(l=3) ave= 0.000E+00 +/- 0.00 % || Gtotal(l=0) ave= 1.156E-01 +/- 0.50 % Gtotal(l=1) ave= 9.294E-02 +/- 0.00 % Gtotal(l=2) ave= 8.672E-02 +/- 0.00 % Gtotal(l=3) ave= 0.000E+00 +/- 0.00 %  % || Gg(l=0) ave= 9.445E-02 +/- 4.04 % Gg(l=1) ave= 9.063E-02 +/- 6.40 % Gg(l=2) ave= 9.094E-02 +/- 3.20 % Gg(l=3) ave= 0.000E+00 +/- 0.00 %  % || D(l=0) ave= 1.983E+01 +/- 3.27 % D(l=1) ave= 6.983E+00 +/- 0.00 % D(l=2) ave= 1.513E+01 +/- 0.00 % D(l=3) ave= 0.000E+00 +/- 0.00 %  % || S(l=0) ave= 1.363E-04 +/- 0.44 % S(l=1) ave= 6.814E-05 +/- 13.79 % S(l=2) ave= 5.424E-05 +/- 27.62 % S(l=3) ave= 0.000E+00 +/- 0.00 % 
 ... random file  4 Cap(th)  ave= 4.783E+01 b. +/- 30.07 % || Ela(th) ave= 4.002E+00 b. +/- 15.24 % || RIcap ave= 5.89E+02 b. +/- 8.39 % || Macs30 ave= 2.58E+01 b. +/- 4.30 % || Gn^0(l=0) ave= 2.538E-03 +/- 2.92 % Gn^0(l=1) ave= 1.010E-03 +/- 12.33 % Gn^0(l=2) ave= 1.410E-03 +/- 24.53 % Gn^0(l=3) ave= 0.000E+00 +/- 0.00 % || Gtotal(l=0) ave= 1.158E-01 +/- 0.56 % Gtotal(l=1) ave= 9.294E-02 +/- 0.00 % Gtotal(l=2) ave= 8.672E-02 +/- 0.00 % Gtotal(l=3) ave= 0.000E+00 +/- 0.00 %  % || Gg(l=0) ave= 9.195E-02 +/- 6.58 % Gg(l=1) ave= 9.098E-02 +/- 5.75 % Gg(l=2) ave= 8.815E-02 +/- 7.00 % Gg(l=3) ave= 0.000E+00 +/- 0.00 %  % || D(l=0) ave= 2.005E+01 +/- 3.66 % D(l=1) ave= 6.983E+00 +/- 0.00 % D(l=2) ave= 1.513E+01 +/- 0.00 % D(l=3) ave= 0.000E+00 +/- 0.00 %  % || S(l=0) ave= 1.360E-04 +/- 0.63 % S(l=1) ave= 6.867E-05 +/- 12.33 % S(l=2) ave= 5.487E-05 +/- 24.53 % S(l=3) ave= 0.000E+00 +/- 0.00 % 
 ... random file  5 Cap(th)  ave= 4.589E+01 b. +/- 30.13 % || Ela(th) ave= 3.976E+00 b. +/- 14.08 % || RIcap ave= 5.83E+02 b. +/- 8.07 % || Macs30 ave= 2.52E+01 b. +/- 6.92 % || Gn^0(l=0) ave= 2.525E-03 +/- 2.94 % Gn^0(l=1) ave= 1.014E-03 +/- 11.25 % Gn^0(l=2) ave= 1.417E-03 +/- 22.30 % Gn^0(l=3) ave= 0.000E+00 +/- 0.00 % || Gtotal(l=0) ave= 1.157E-01 +/- 0.54 % Gtotal(l=1) ave= 9.294E-02 +/- 0.00 % Gtotal(l=2) ave= 8.672E-02 +/- 0.00 % Gtotal(l=3) ave= 0.000E+00 +/- 0.00 %  % || Gg(l=0) ave= 9.145E-02 +/- 6.16 % Gg(l=1) ave= 8.955E-02 +/- 6.42 % Gg(l=2) ave= 8.806E-02 +/- 6.40 % Gg(l=3) ave= 0.000E+00 +/- 0.00 %  % || D(l=0) ave= 1.995E+01 +/- 3.54 % D(l=1) ave= 6.983E+00 +/- 0.00 % D(l=2) ave= 1.513E+01 +/- 0.00 % D(l=3) ave= 0.000E+00 +/- 0.00 %  % || S(l=0) ave= 1.358E-04 +/- 0.60 % S(l=1) ave= 6.893E-05 +/- 11.25 % S(l=2) ave= 5.515E-05 +/- 22.31 % S(l=3) ave= 0.000E+00 +/- 0.00 % 
 ... random file  6 Cap(th)  ave= 4.350E+01 b. +/- 32.36 % || Ela(th) ave= 3.807E+00 b. +/- 17.40 % || RIcap ave= 5.73E+02 b. +/- 8.68 % || Macs30 ave= 2.58E+01 b. +/- 8.17 % || Gn^0(l=0) ave= 2.541E-03 +/- 3.15 % Gn^0(l=1) ave= 1.057E-03 +/- 14.06 % Gn^0(l=2) ave= 1.549E-03 +/- 28.19 % Gn^0(l=3) ave= 0.000E+00 +/- 0.00 % || Gtotal(l=0) ave= 1.159E-01 +/- 0.57 % Gtotal(l=1) ave= 9.294E-02 +/- 0.00 % Gtotal(l=2) ave= 8.672E-02 +/- 0.00 % Gtotal(l=3) ave= 0.000E+00 +/- 0.00 %  % || Gg(l=0) ave= 9.005E-02 +/- 6.94 % Gg(l=1) ave= 9.051E-02 +/- 6.43 % Gg(l=2) ave= 8.840E-02 +/- 5.98 % Gg(l=3) ave= 0.000E+00 +/- 0.00 %  % || D(l=0) ave= 2.009E+01 +/- 3.69 % D(l=1) ave= 6.983E+00 +/- 0.00 % D(l=2) ave= 1.513E+01 +/- 0.00 % D(l=3) ave= 0.000E+00 +/- 0.00 %  % || S(l=0) ave= 1.358E-04 +/- 0.56 % S(l=1) ave= 7.183E-05 +/- 14.06 % S(l=2) ave= 6.031E-05 +/- 28.19 % S(l=3) ave= 0.000E+00 +/- 0.00 % 
 ... random file  7 Cap(th)  ave= 4.187E+01 b. +/- 33.08 % || Ela(th) ave= 3.954E+00 b. +/- 18.48 % || RIcap ave= 5.64E+02 b. +/- 9.15 % || Macs30 ave= 2.54E+01 b. +/- 8.69 % || Gn^0(l=0) ave= 2.530E-03 +/- 3.20 % Gn^0(l=1) ave= 1.029E-03 +/- 15.28 % Gn^0(l=2) ave= 1.474E-03 +/- 30.84 % Gn^0(l=3) ave= 0.000E+00 +/- 0.00 % || Gtotal(l=0) ave= 1.158E-01 +/- 0.56 % Gtotal(l=1) ave= 9.294E-02 +/- 0.00 % Gtotal(l=2) ave= 8.672E-02 +/- 0.00 % Gtotal(l=3) ave= 0.000E+00 +/- 0.00 %  % || Gg(l=0) ave= 8.903E-02 +/- 7.23 % Gg(l=1) ave= 9.072E-02 +/- 6.03 % Gg(l=2) ave= 8.768E-02 +/- 6.05 % Gg(l=3) ave= 0.000E+00 +/- 0.00 %  % || D(l=0) ave= 2.001E+01 +/- 3.62 % D(l=1) ave= 6.983E+00 +/- 0.00 % D(l=2) ave= 1.513E+01 +/- 0.00 % D(l=3) ave= 0.000E+00 +/- 0.00 %  % || S(l=0) ave= 1.357E-04 +/- 0.58 % S(l=1) ave= 6.994E-05 +/- 15.28 % S(l=2) ave= 5.738E-05 +/- 30.84 % S(l=3) ave= 0.000E+00 +/- 0.00 % 
 ... random file  8 Cap(th)  ave= 4.236E+01 b. +/- 31.00 % || Ela(th) ave= 3.945E+00 b. +/- 17.47 % || RIcap ave= 5.71E+02 b. +/- 9.08 % || Macs30 ave= 2.53E+01 b. +/- 8.33 % || Gn^0(l=0) ave= 2.523E-03 +/- 3.10 % Gn^0(l=1) ave= 1.028E-03 +/- 14.42 % Gn^0(l=2) ave= 1.467E-03 +/- 29.24 % Gn^0(l=3) ave= 0.000E+00 +/- 0.00 % || Gtotal(l=0) ave= 1.157E-01 +/- 0.54 % Gtotal(l=1) ave= 9.294E-02 +/- 0.00 % Gtotal(l=2) ave= 8.672E-02 +/- 0.00 % Gtotal(l=3) ave= 0.000E+00 +/- 0.00 %  % || Gg(l=0) ave= 8.934E-02 +/- 6.86 % Gg(l=1) ave= 9.078E-02 +/- 5.68 % Gg(l=2) ave= 8.575E-02 +/- 8.61 % Gg(l=3) ave= 0.000E+00 +/- 0.00 %  % || D(l=0) ave= 1.995E+01 +/- 3.54 % D(l=1) ave= 6.983E+00 +/- 0.00 % D(l=2) ave= 1.513E+01 +/- 0.00 % D(l=3) ave= 0.000E+00 +/- 0.00 %  % || S(l=0) ave= 1.358E-04 +/- 0.56 % S(l=1) ave= 6.986E-05 +/- 14.42 % S(l=2) ave= 5.711E-05 +/- 29.24 % S(l=3) ave= 0.000E+00 +/- 0.00 % 
 ... random file  9 Cap(th)  ave= 4.292E+01 b. +/- 29.29 % || Ela(th) ave= 4.049E+00 b. +/- 17.88 % || RIcap ave= 5.70E+02 b. +/- 8.64 % || Macs30 ave= 2.54E+01 b. +/- 8.03 % || Gn^0(l=0) ave= 2.537E-03 +/- 3.34 % Gn^0(l=1) ave= 1.008E-03 +/- 15.14 % Gn^0(l=2) ave= 1.414E-03 +/- 30.89 % Gn^0(l=3) ave= 0.000E+00 +/- 0.00 % || Gtotal(l=0) ave= 1.158E-01 +/- 0.56 % Gtotal(l=1) ave= 9.294E-02 +/- 0.00 % Gtotal(l=2) ave= 8.672E-02 +/- 0.00 % Gtotal(l=3) ave= 0.000E+00 +/- 0.00 %  % || Gg(l=0) ave= 8.886E-02 +/- 6.75 % Gg(l=1) ave= 9.209E-02 +/- 6.81 % Gg(l=2) ave= 8.569E-02 +/- 8.18 % Gg(l=3) ave= 0.000E+00 +/- 0.00 %  % || D(l=0) ave= 2.005E+01 +/- 3.66 % D(l=1) ave= 6.983E+00 +/- 0.00 % D(l=2) ave= 1.513E+01 +/- 0.00 % D(l=3) ave= 0.000E+00 +/- 0.00 %  % || S(l=0) ave= 1.359E-04 +/- 0.57 % S(l=1) ave= 6.852E-05 +/- 15.14 % S(l=2) ave= 5.505E-05 +/- 30.89 % S(l=3) ave= 0.000E+00 +/- 0.00 % 
 ... random file  10 Cap(th)  ave= 4.547E+01 b. +/- 31.76 % || Ela(th) ave= 3.944E+00 b. +/- 19.39 % || RIcap ave= 5.75E+02 b. +/- 8.72 % || Macs30 ave= 2.52E+01 b. +/- 8.20 % || Gn^0(l=0) ave= 2.534E-03 +/- 3.21 % Gn^0(l=1) ave= 1.033E-03 +/- 16.00 % Gn^0(l=2) ave= 1.489E-03 +/- 32.13 % Gn^0(l=3) ave= 0.000E+00 +/- 0.00 % || Gtotal(l=0) ave= 1.158E-01 +/- 0.55 % Gtotal(l=1) ave= 9.294E-02 +/- 0.00 % Gtotal(l=2) ave= 8.672E-02 +/- 0.00 % Gtotal(l=3) ave= 0.000E+00 +/- 0.00 %  % || Gg(l=0) ave= 8.792E-02 +/- 7.32 % Gg(l=1) ave= 9.162E-02 +/- 6.73 % Gg(l=2) ave= 8.574E-02 +/- 7.80 % Gg(l=3) ave= 0.000E+00 +/- 0.00 %  % || D(l=0) ave= 2.000E+01 +/- 3.60 % D(l=1) ave= 6.983E+00 +/- 0.00 % D(l=2) ave= 1.513E+01 +/- 0.00 % D(l=3) ave= 0.000E+00 +/- 0.00 %  % || S(l=0) ave= 1.361E-04 +/- 0.70 % S(l=1) ave= 7.021E-05 +/- 16.00 % S(l=2) ave= 5.794E-05 +/- 32.13 % S(l=3) ave= 0.000E+00 +/- 0.00 % 
 ... Histogram plot for thermal (n,g)
 ... Write covariances  ... MT1  ... plot correlations
 ... MT2  ... MT102 


 ================================================
 ============== From 10 random values === start ======
 Thermal (n,tot) xs  0 K =  49.4168 b. +/- 14.1696 b. ( 28.6736 %) skew= +0.66 +/- 0.66
 Thermal (n,el) xs   0 K =  3.94445 b. +/- 0.76473 b. ( 19.3875 %) skew= +0.04 +/- 0.66
 Thermal (n,g) xs    0 K =  45.4723 b. +/- 14.4442 b. ( 31.7648 %) skew= +0.73 +/- 0.66
 RI      (n,g)       0 K =  575.338 b. +/- 50.1669 b. ( 8.71955 %) 
 MACS    (n,g)       0 K (at Emacs= 30000 eV) =  25.1859 b. +/- 2.06616 b. ( 8.20364 %) 
 Ave. Gtotal  L=0        =  1.158E-01 +/- 0.55 %
 Ave. Gn^(0)  L=0        =  2.534E-03 +/- 3.21 %
 Ave. Gg      L=0        =  8.792E-02 +/- 7.32 %
 Ave. D       L=0        =  2.000E+01 +/- 3.60 %
 Ave. S       L=0        =  1.361E-04 +/- 0.70 %
 Ave. Gtotal  L=1        =  9.294E-02 +/- 0.00 %
 Ave. Gn^(1)  L=1        =  1.033E-03 +/- 16.00 %
 Ave. Gg      L=1        =  9.162E-02 +/- 6.73 %
 Ave. D       L=1        =  6.983E+00 +/- 0.00 %
 Ave. S       L=1        =  7.021E-05 +/- 16.00 %
 Ave. Gtotal  L=2        =  8.672E-02 +/- 0.00 %
 Ave. Gn^(2)  L=2        =  1.489E-03 +/- 32.13 %
 Ave. Gg      L=2        =  8.574E-02 +/- 7.80 %
 Ave. D       L=2        =  1.513E+01 +/- 0.00 %
 Ave. S       L=2        =  5.794E-05 +/- 32.13 %

 Expected Thermal (n,g) (syst or meas)= 39.53 b. +/- 19.765 b. nominal: 46.6267 b.
 ratio Calculated/expected thermal (n,g): 1.15 ratio DCalculated/Dexpected: 0.73 ratio Calculated/Nominal: 0.98
 ============== From 10 random values ===== stop ======
 ================================================
 ... Calculation of (n,a) and (n,p) cross sections at 300 K
 ... thermal (n,a) cross section is 2.57815e-06 +/- 1.28908e-06 b.
 ... thermal (n,a) cross section is 4.67709e-06 b. (random case 1)
 ... thermal (n,a) cross section is 6.67709e-06 b. (random case 2)
 ... thermal (n,a) cross section is 8.67709e-06 b. (random case 3)
 ... thermal (n,a) cross section is 1.06771e-05 b. (random case 4)
 ... thermal (n,a) cross section is 1.26771e-05 b. (random case 5)
 ... thermal (n,a) cross section is 1.46771e-05 b. (random case 6)
 ... thermal (n,a) cross section is 1.66771e-05 b. (random case 7)
 ... thermal (n,a) cross section is 1.86771e-05 b. (random case 8)
 ... thermal (n,a) cross section is 2.06771e-05 b. (random case 9)
 ... thermal (n,a) cross section is 2.26771e-05 b. (random case 10)
 ... thermal (n,p) cross section is 2.57815e-06 +/- 1.28908e-06 b.
 ... thermal (n,p) cross section is 4.67709e-06 b. (random case 1)
 ... thermal (n,p) cross section is 6.67709e-06 b. (random case 2)
 ... thermal (n,p) cross section is 8.67709e-06 b. (random case 3)
 ... thermal (n,p) cross section is 1.06771e-05 b. (random case 4)
 ... thermal (n,p) cross section is 1.26771e-05 b. (random case 5)
 ... thermal (n,p) cross section is 1.46771e-05 b. (random case 6)
 ... thermal (n,p) cross section is 1.66771e-05 b. (random case 7)
 ... thermal (n,p) cross section is 1.86771e-05 b. (random case 8)
 ... thermal (n,p) cross section is 2.06771e-05 b. (random case 9)
 ... thermal (n,p) cross section is 2.26771e-05 b. (random case 10)
 ... Rewrite index for MF2
 ... Write text for MF1 in file mf1.tares.txt
 ... plotting cross sections for the MF1
 ... order output files


================== summary ==================
 Thermal (n,tot) xs = 50.3871 b. 
 Thermal (n,el)  xs = 3.76037 b. 
 Thermal (n,g)   xs = 46.6267 b. (meas/sys: 39.53 b.)
 At 300 K (thermal adjustment): (n,el) = 3.77475 b., (n,g) = 46.6454 b.

 RI      (n,g)      = 636.633 b. (meas or sys: - b.)
 RI      (n,el)     = 188.172 b.
=============================================


 ... cleaning
                                                 
  -------------------------------------------------------------
  -                                                           -
  - TARES: successful end of run with data from hypothetical  -
  - resonances for  Z= 58, A= 132 and isomer= 0               -
  - half-life: 3.511111 hours
  -                                                           -
  -------------------------------------------------------------

   Running time:       17 seconds

 End time: Wed Oct  7 10:36:00 2026

