
  -------------------------------------------------------------
  -                                                           -
  -              Welcome to TARES version 1.8                 -
  -                                                           -
  -  (C) Copyright 2007-2025 D. Rochman, All Rights Reserved  -
  -           NRG, Petten, the Netherlands 2007-2014          -
  -           PSI, Villigen    Switzerland 2015-2025          -
  -         Nagra, Wettingen   Switzerland 2025-              -
  -           (Last Modified October 06, 2026)                -
  -           (Database from October 06, 2026)                -
  -                                                           -
  -------------------------------------------------------------


  ---------------------------------------------
   Compilation information:
   Compiled on:         Oct  8 2026, 18:36:06
   Compiled by:         koning
   Compiler version:    clang++ - 21.0.0
   Source location:     /Users/koning/tares-1.8/source/Module/
   Binaries location:   /Users/koning/bin
   System:              Darwin 25.6.0
   System version:      Darwin Kernel Version 25.6.0: Fri Jul 31 19:19:08 PDT 2026; root:xnu-12377.161.14~5/RELEASE_ARM64_T6050  
   Machine:             arm64 
  ---------------------------------------------

   User information:
   User name:           koning
   Running directory:   /Users/koning/tendl/resbase/Gd139/work
   Owner mode for running directory : rwx
   Group mode for running directory : r-x
  ---------------------------------------------


 Starting time: Fri Oct  9 13:06:31 2026
 ... inputs directory found (/Users/koning/tares-1.8/source/Module//../../inputs/).
 ... It will be used for resonance parameters 
 ... ###############################################
 ... #     read the input file tares.inp
 ... ###############################################
 ... line: #
 ... line: # Input file generated by Autorochman
          --> line not read
 ... line: #
 ... line: isotope    Gd
          --> Isotope name: Gd
 ... line: mass       139
          --> isotopic mass: 139
 ... line: output     n-Gd139
         ---> Name of the output files: n-Gd139
 ... line: isomer     0
          --> isomeric state: 0
 ... line: mf32mf33   y
          --> MF33 based on MF32: y
 ... line: nbrRandom  6
          --> Nbr of random files: 6
 ... ###############################################
 ... # end read the input file tares.inp
 ... ###############################################
Value for random generator type not considered in since Tares 1.7 due to compilation issues

 ... ###############################################
     #   Interpretation of the Input definition    #
     ###############################################

 ... Default energy limit: End of resonance region
 ... Nuclear charge    = 64
 ... Element           = Gd
 ... Mass              = 139
 ... Isomer            = 0
 ... Correlation for (Gn,Gg) not included in random files
 ... Default random option: No random
 ... Output name: n-Gd139
 ... Energy for the MACS: 30000 eV
 ... Resonances from CALENDF reduced (reduce=y) 
 ... For URR, level density model from TALYS selected: 91n3n12611.2850 (see manual for description)
 ... Random Generator: default (pseudo random numbers from ansi c++)
 ... Reconstruction of cross section selected
 ... Doppler broadening at 0 Kelvin
 ... URR not included (from the input file flag)
 ... Weight for grouping is flat
 ... Calculation of (n,alpha) cross section selected
 ... Number of digit for MF32c covariance representation: 2
 ... MF32 included
 ... MF33 will be used for covariance processing
 ... TENDL option set to yes (automatic choice of MF2 and format)
 ... Isotope not found in the best file --> use of MLBW formalism
 ... default option: Multi level Breit Wigner approximation selected
 ... (check file best.tendl.yes for changing this option)
 ... Retroactive option set to no with the 2025 option
 ... ladder option set to yes (CALENDF will be used for statistical resonances)

 ... ###############################################
     #           End of Input definition           #
     ###############################################

 ... gnuplot found, will be used for plotting
 ... latex found, will be used for plotting
 ... dvips found, will be used for plotting
 ... ps2epsi not found, limited plotting available
 ... uncertainties on default parameters multiplied by 1.01912
 ... Read resonance data from the 2025 directory
 ... Resonance parameters taken from /Users/koning/tares-1.8/source/Module//../../inputs/2025/Resonance/default/
 ---> Processing Z= 64 and A= 139 and isomer= 0 (level number: 0)
 Exfor path; Could not find /Users/koning/tares-1.8/source/Module//../../inputs/exfor/Gd139/xs/102
Thermal file; Could not open file /Users/koning/tares-1.8/source/Module//../../inputs/2025/runThermal/results//thermal.mxw.ng.cendl3.1
Thermal file; Could not open file /Users/koning/tares-1.8/source/Module//../../inputs/2025/runThermal/results//thermal.mxw.ng.brond3.1
Thermal file; Could not open file /Users/koning/tares-1.8/source/Module//../../inputs/2025/runThermal/results//thermal.xs.ng.unc.cendl3.1
 ... spin taken from the final/ directory (1)

 ... ###############################################
 ... #  Nucleus global parameters (2025 database)  #
 ... ###############################################
 0. Half-life: 5.7 sec. 
 ... Scattering radius from TALYS: /Users/koning/tares-1.8/source/Module//../../inputs/2025/lib.urr/talys.urr/
 1. Spin of the target isotope: 4.5
 2. Relative Atomic Mass of the target isotope: 138.938
 3. Scattering radius (local compilation): 6.87905 fm +/- 0.165097 fm
      .......................................
      ... Thermal capture cross sections: ...
 4. Thermal (n,g) cross section from systematics (TALYS, urr.dat): 135.596 +/- 115.257 b.
 5. Thermal (n,g) cross section from compilation (Firestone-2022 average on element Gd): 33200 +/- 1300 b.
 6. Thermal (n,g) cross section from compilation (Firestone-2022 final on element Gd): 71500 +/- 1600 b.
 7. Thermal (n,g) cross section from TENDL-2023: 136.6 b.
      .......................................
      ...  Thermal total cross sections:  ...
      .......................................
      ... Thermal elastic cross sections: ...
 8. Thermal (n,el) cross section from potential (4piR^2): 8.64532 +/- 0.432266 b.
      .......................................
             ... Resonance integral: ...
 9. No capture integral found in /Users/koning/tares-1.8/source/Module//../../inputs/capture.integral
 ... no RI(n,g) found in local compilation, take 2018 value.
 ... no RI(n,g) found in local compilation, take Sukhoruchkin value.
   ---- MACS 30 keV ----- 
 10. TALYS MACS 30 keV (HF): 1.40882 b. 
   ---------- S0 -------- 
 11. S0 from TALYS: 5.71247
   ---------- S1 -------- 
 12. S1 from TALYS: 0.622784
   ---------- S2 -------- 
 13. S2 from TALYS: 2.41896
   ---------- D0 -------- 
 14. D0 from TALYS: 0.0593046 eV
   ---------- D1 -------- 
 15. D1 from TALYS: 0.030522 eV
   ---------- D2 -------- 
 16. D2 from TALYS: 0.0213534 eV
   ---------- G0 -------- 
 17. Gg0 from TALYS: 0.214251 eV
   ---------- G1 -------- 
 18. Gg1 from TALYS: 0.218725 eV
   ---------- G2 -------- 
 19. Gg2 from TALYS: 0.223194 eV


   ---------------------- 
 ... Read resonance parameters (format: 2: Multi Level Breit Wigner)
 ... 0 resonances found 
 ... possibly no resonances in the Resonance directory for this isotope and options
 ... Use HFR (ladder) behavior 
 --> 21. Number of resonances from the input file: 2 up to 0.0296523 eV
 22. Read nuclear quantities (mass, MAT...)
 23. Read thermal (n,g) xs 
 24. Read the scattering radius 
 25. Read uncertainty on Gg for 2 resonances
 26. Read uncertainty on Gg for 2 resonances ... done
 ... order resonances 
 ... Upper limit for the RRR: 0.0296523 eV (no statistical resonances HFR) from the limit.RRR file
 ... Write parameters for l=0 waves
 ... End writing original MF2 
 ... No RRR in the database: uncertainties on default parameters multiplied by 1.99753
 ... Enter in urr function (ladder option set to y) for file n-Gd139
 ... read the file /Users/koning/tares-1.8/source/Module//../../inputs/2025/list.jcs.urr to find URR origin
 Default URR taken from TALYS calculations with level density model: 91n3n12611.2850
 File considered for the URR: /Users/koning/tares-1.8/source/Module//../../inputs/2025/lib.urr/talys.urr/91n3n12611.2850/Gd/urr/urr.dat.Gd.139.000.0.gz
 ... Write URR using TALYS average parameters (used for HFR)
 ... Limit of URR changed to 25 keV (recommendation from WPEC and JEFF)
 ... Extract the Sn value from file ./urr.dat.Gd.139.0.0
 ... found Sn= 12.2216 MeV
 ... estimated number of resonances up to 95.7526 eV: 1614.59 resonances, too high ?
 ... estimated number of resonances up to 47.8763 eV:  807.296 resonances
 ... This is a test here. The higher energy limit to include URR data for calendf is set to max Sn. 24/03/2016
 ... Use Sn to define the maximum energy for the URR: Sn= 12.2216 MeV --> last_energyURR= 47.8763 eV
 ... read D0, S0, Gn and Gg
 ... number of URR energies: 1440
 Number of l: 1440 and last energy: 12
 Last  URR energy: 47.8763 eV
 ... Enter in to_MLBW_mf2 function
 ... Convert to Multi Level Breit Wigner (MLBW)
 ... Write parameter covariances (MF32) for l=0
 ... Convert parameter covariances (MF32) to MLBW
 ... copy the mf2 and mf32 to .mlbw files
 ... Enter in urr_correct function case 1
 Modify the higher limit of RRR in MF2
 --> old value: 2.980100-2 eV new value: 1.000000-2 eV
 Modify resonance covariances (MF32) to include correlations in the URR
 End Modify resonance covariances (MF32) to include correlations in the URR
 ... Enter in calendf_xs function
 Use CALENDF for statistical resonances (update MF2) up to 4.787630+1 eV (initial limit)
 Extract resonances from CALENDF for RRR->URR 2
 2235 statistical resonances found
 Reduction to 100 resonances based on the half-life of the isotope
 After reduction, 101 statistical resonances found
 ... checking resonance order 1
 ... checking resonance order 2nd round for 99 resonances
 ... end checking resonance order 2nd round
 ... hypothetical resonance closer than 0.01 eV to the thermal energy:
 ... all positive resonances shifted by 0.0264284 eV (thermal energy between two resonances)
 .......................................................
 ... Adjustment to the thermal cross section : start ...
 .......................................................

 Before adjustment (adjustment to the thermal cross section set to y)
 ... Import MF2 from TARES calculations
 ... End energy of TARES MF2 : 4.438042E+0 eV and limit to 40000 resonances
 ... File used for reconstruction: new.temp22.reconst
 ... run RECENT ...
 ... Doppler broadened at a unique temperature: 300 Kelvin using sigma1
 ... run SIGMA1 at 3.000000E+02 K.

 ============== INTER values at 300 Kelvin ==============
 Thermal (n,g) xs =  9212.88 b. (meas/sys: 135.596 b.) (warning: comparison to be done at 296 or 300 K)
 Th Maxw (n,g) xs =  9995.7 b. (thermal Maxwellian value)
 Westcott factor  =  1.08497
 RI      (n,g)    =  4687.03 b. (meas or sys: - b.)
 MACS 3.000e+04 eV=  1.3991 b. (meas or sys: - b.) from 1.00E+00 to 2.00E+07 eV (end of RRR) at T= 300 Kelvin 
 Thermal (n,el) xs=  2.20208 b.
 RI      (n,el)   =  23.5903 b.
 ============= PSYCHE values ==============
 Ave. G_total L0  =  0.211276 eV
 Ave. G_total L1  =  0.210697 eV
 Ave. Gn_0    L0  =  7.05207e-05
 Ave. Gn_0    L1  =  2.13305e-05
 Ave. Gg      L0  =  0.211176 eV
 Ave. Gg      L1  =  0.210697 eV
 Ave. D       L0  =  0.0599734 eV
 Ave. D       L1  =  0.233581 eV
 Ave. S       L0  =  0.000592848 eV
 Ave. S       L1  =  1.5432e-05 eV
 =========================================
 Calculated capture integral   4687.03 b.
 Calculated thermal (n,g)=          9212.87897 b. and recommended= 135.596 b. (C/E= 67.9435)
 Calculated RI      (n,g)= 4687.03 b. (no reference value)
 ... tolerances: thermal (n,g) 20 % (reference uncertainties, minimum 2% and 5%, maximum 20%)
 Adjust the capture widths ...
 ... capture adjusted with Gn for 99 resonances (Gn<Gg) and with Gg for 0 resonances
 ... iteration 0: C/E thermal (n,g)= 67.9435
 Warning: 99 widths limited to a change of a factor 10 from their starting values

 <-------- After adjustment -------->
 ... Import MF2 from TARES calculations
 ... End energy of TARES MF2 : 4.438042E+0 eV and limit to 40000 resonances
 ... File used for reconstruction: new.temp22.reconst
 ... run RECENT ...
 ... Doppler broadened at a unique temperature: 300 Kelvin using sigma1
 ... run SIGMA1 at 3.000000E+02 K.

 ============== INTER values at 300 Kelvin ==============
 Thermal (n,g) xs =  921.348 b. (meas/sys: 135.596 b.) (warning: comparison to be done at 296 or 300 K)
 Th Maxw (n,g) xs =  999.68 b. (thermal Maxwellian value)
 Westcott factor  =  1.08502
 RI      (n,g)    =  746.385 b. (meas or sys: - b.)
 MACS 3.000e+04 eV=  1.3991 b. (meas or sys: - b.) from 1.00E+00 to 2.00E+07 eV (end of RRR) at T= 300 Kelvin 
 Thermal (n,el) xs=  5.26126 b.
 RI      (n,el)   =  12.6931 b.
 ============= PSYCHE values ==============
 Ave. G_total L0  =  0.211186 eV
 Ave. G_total L1  =  0.210697 eV
 Ave. Gn_0    L0  =  7.05208e-06
 Ave. Gn_0    L1  =  2.13305e-06
 Ave. Gg      L0  =  0.211176 eV
 Ave. Gg      L1  =  0.210697 eV
 Ave. D       L0  =  0.0599734 eV
 Ave. D       L1  =  0.233581 eV
 Ave. S       L0  =  5.92848e-05 eV
 Ave. S       L1  =  1.5432e-06 eV
 =========================================
 ... iteration 1: C/E thermal (n,g)= 6.79479
 Warning: 99 widths limited to a change of a factor 10 from their starting values

 <-------- After adjustment -------->
 ... Import MF2 from TARES calculations
 ... End energy of TARES MF2 : 4.438042E+0 eV and limit to 40000 resonances
 ... File used for reconstruction: new.temp22.reconst
 ... run RECENT ...
 ... Doppler broadened at a unique temperature: 300 Kelvin using sigma1
 ... run SIGMA1 at 3.000000E+02 K.

 ============== INTER values at 300 Kelvin ==============
 Thermal (n,g) xs =  921.348 b. (meas/sys: 135.596 b.) (warning: comparison to be done at 296 or 300 K)
 Th Maxw (n,g) xs =  999.68 b. (thermal Maxwellian value)
 Westcott factor  =  1.08502
 RI      (n,g)    =  746.385 b. (meas or sys: - b.)
 MACS 3.000e+04 eV=  1.3991 b. (meas or sys: - b.) from 1.00E+00 to 2.00E+07 eV (end of RRR) at T= 300 Kelvin 
 Thermal (n,el) xs=  5.26126 b.
 RI      (n,el)   =  12.6931 b.
 ============= PSYCHE values ==============
 Ave. G_total L0  =  0.211186 eV
 Ave. G_total L1  =  0.210697 eV
 Ave. Gn_0    L0  =  7.05208e-06
 Ave. Gn_0    L1  =  2.13305e-06
 Ave. Gg      L0  =  0.211176 eV
 Ave. Gg      L1  =  0.210697 eV
 Ave. D       L0  =  0.0599734 eV
 Ave. D       L1  =  0.233581 eV
 Ave. S       L0  =  5.92848e-05 eV
 Ave. S       L1  =  1.5432e-06 eV
 =========================================
 ... iteration 2: C/E thermal (n,g)= 6.79479
 Warning: no further change possible (widths at the limit of a factor 10): adjustment stopped


 ... ratio C/E thermal (n,g): 6.794794E+00
 ...................................................... 
 ... Adjustment to the thermal cross section : stop ...
 ...................................................... 
 ... new MF2 file after adjustment: n-Gd139
 ... read the file /Users/koning/tares-1.8/source/Module//../../inputs/2025/list.jcs.urr to find URR origin
 Default URR taken from TALYS calculations with level density model: 91n3n12611.2850
 File considered for the URR: /Users/koning/tares-1.8/source/Module//../../inputs/2025/lib.urr/talys.urr/91n3n12611.2850/Gd/urr/urr.dat.Gd.139.000.0.gz
 ... Write URR using TALYS average parameters (not used for HFR)
 ... Limit of URR changed to 25 keV (recommendation from WPEC and JEFF)
 Energy limit of the URR set to 5.76945 eV
 ... read D0, S0, Gn and Gg
 ... number of URR energies: 72
 Number of l: 72 and last energy: 12
 Last  URR energy: 5.76945 eV
 ... Enter in urr_correct function case 2
 Modify the higher limit of RRR in MF2
 --> old value: 4.438042+0 eV new value: 4.438042+0 eV
 Modify resonance covariances (MF32) to include correlations in the URR
 End Modify resonance covariances (MF32) to include correlations in the URR
 ... Enter in update_MF32 function
 ... Change uncertainties
 ... for the HFR, random position of the positive resonances with 0.020000 %
 ... end of update MF32 function
 ... GLS calculation of the parameter correlations from the thermal/RI adjustment (MF32c)
 ... MF32: correlations from the thermal/RI adjustment (GLS) for 10 resonances (10 widths), 18 correlation lines
 ...   thermal (n,g): uncertainty from these widths 66.609 b. -> 57.6709 b. (reference: 135.596 +/- 115.257 b.)
 ... copy the mf2 and mf32 to .mlbw files

 ... Start of final reconstruction and testing ...
 ... Reconstruction of cross sections at 0 Kelvin  ... Import MF2 from TARES calculations
 ... End energy of TARES MF2 : 4.438042E+0 eV and limit to 40000 resonances
 ... File used for reconstruction: n-Gd139.reconst
 ... run RECENT ...
 ... Doppler broadened at a unique temperature: 0 Kelvin using sigma1
 ... The keyword temperature is zero, no Doppler broadening for the MACS

 ============== INTER values at 0 Kelvin ==============
 Thermal (n,g) xs =  919.435 b. (meas/sys: 135.596 b.) (warning: comparison to be done at 296 or 300 K)
 Th Maxw (n,g) xs =  993.47 b. (thermal Maxwellian value)
 Westcott factor  =  1.08052
 RI      (n,g)    =  745.085 b. (meas or sys: - b.)
 MACS 3.000e+04 eV=  1.3904 b. (meas or sys: - b.) from 1.00E+00 to 4.44E+00 eV (end of RRR) at T= 0 Kelvin 
 Thermal (n,el) xs=  5.24244 b.
 RI      (n,el)   =  12.6985 b.
 ============= PSYCHE values ==============
 Ave. G_total L0  =  0.211186 eV
 Ave. G_total L1  =  0.210697 eV
 Ave. Gn_0    L0  =  7.05208e-06
 Ave. Gn_0    L1  =  2.13305e-06
 Ave. Gg      L0  =  0.211176 eV
 Ave. Gg      L1  =  0.210697 eV
 Ave. D       L0  =  0.0599734 eV
 Ave. D       L1  =  0.233581 eV
 Ave. S       L0  =  5.92848e-05 eV
 Ave. S       L1  =  1.5432e-06 eV
 =========================================
 ... End of final reconstruction and testing ...

 ... grouping is not optimum, change to 70 groups
 ... Produce MF33 based on MF32 and 6 random files
 ... MF3 of n-Gd139.reconst (3 sections) added to the files for ENDSAM
 ... run endsam for 6 in groups of 1 global run
 ... run endsam from 1 to 6
 ... random files: total width GT set to Gn+Gg+Gf (594 resonances in 6 files)
 ... reorder resonance position after endsam (sampling)
 ... preparing the vectors  ... done
 ... nominal file 0 Cap(th)  ave= 9.194E+02 b. +/- 0.00 % || Ela(th) ave= 5.242E+00 b. +/- 0.00 % || RIcap ave= 7.45E+02 b. +/- 0.00 % || Macs30 ave= 1.39E+00 b. +/- 0.00 % || Gn^0(l=0) ave= 7.052E-06 +/- 0.00 % Gn^0(l=1) ave= 2.133E-06 +/- 0.00 % Gn^0(l=2) ave= 0.000E+00 +/- 0.00 % Gn^0(l=3) ave= 0.000E+00 +/- 0.00 % || Gtotal(l=0) ave= 2.112E-01 +/- 0.00 % Gtotal(l=1) ave= 2.107E-01 +/- 0.00 % Gtotal(l=2) ave= 0.000E+00 +/- 0.00 % Gtotal(l=3) ave= 0.000E+00 +/- 0.00 %  % || Gg(l=0) ave= 2.112E-01 +/- 0.00 % Gg(l=1) ave= 2.107E-01 +/- 0.00 % Gg(l=2) ave= 0.000E+00 +/- 0.00 % Gg(l=3) ave= 0.000E+00 +/- 0.00 %  % || D(l=0) ave= 5.997E-02 +/- 0.00 % D(l=1) ave= 2.336E-01 +/- 0.00 % D(l=2) ave= 0.000E+00 +/- 0.00 % D(l=3) ave= 0.000E+00 +/- 0.00 %  % || S(l=0) ave= 5.928E-05 +/- 0.00 % S(l=1) ave= 1.543E-06 +/- 0.00 % S(l=2) ave= 0.000E+00 +/- 0.00 % S(l=3) ave= 0.000E+00 +/- 0.00 % 
 ... random file  1 Cap(th)  ave= 9.109E+02 b. +/- 0.94 % || Ela(th) ave= 4.922E+00 b. +/- 6.50 % || RIcap ave= 7.46E+02 b. +/- 0.18 % || Macs30 ave= 1.39E+00 b. +/- 0.00 % || Gn^0(l=0) ave= 7.040E-06 +/- 0.17 % Gn^0(l=1) ave= 2.262E-06 +/- 5.69 % Gn^0(l=2) ave= 0.000E+00 +/- 0.00 % Gn^0(l=3) ave= 0.000E+00 +/- 0.00 % || Gtotal(l=0) ave= 2.124E-01 +/- 0.59 % Gtotal(l=1) ave= 2.306E-01 +/- 8.61 % Gtotal(l=2) ave= 0.000E+00 +/- 0.00 % Gtotal(l=3) ave= 0.000E+00 +/- 0.00 %  % || Gg(l=0) ave= 2.124E-01 +/- 0.59 % Gg(l=1) ave= 2.306E-01 +/- 8.61 % Gg(l=2) ave= 0.000E+00 +/- 0.00 % Gg(l=3) ave= 0.000E+00 +/- 0.00 %  % || D(l=0) ave= 6.038E-02 +/- 0.68 % D(l=1) ave= 2.336E-01 +/- 0.00 % D(l=2) ave= 0.000E+00 +/- 0.00 % D(l=3) ave= 0.000E+00 +/- 0.00 %  % || S(l=0) ave= 5.875E-05 +/- 0.91 % S(l=1) ave= 1.636E-06 +/- 5.69 % S(l=2) ave= 0.000E+00 +/- 0.00 % S(l=3) ave= 0.000E+00 +/- 0.00 % 
 ... random file  2 Cap(th)  ave= 9.091E+02 b. +/- 0.82 % || Ela(th) ave= 4.975E+00 b. +/- 5.47 % || RIcap ave= 7.47E+02 b. +/- 0.15 % || Macs30 ave= 1.39E+00 b. +/- 0.00 % || Gn^0(l=0) ave= 7.039E-06 +/- 0.14 % Gn^0(l=1) ave= 2.237E-06 +/- 4.96 % Gn^0(l=2) ave= 0.000E+00 +/- 0.00 % Gn^0(l=3) ave= 0.000E+00 +/- 0.00 % || Gtotal(l=0) ave= 2.122E-01 +/- 0.50 % Gtotal(l=1) ave= 2.233E-01 +/- 8.59 % Gtotal(l=2) ave= 0.000E+00 +/- 0.00 % Gtotal(l=3) ave= 0.000E+00 +/- 0.00 %  % || Gg(l=0) ave= 2.122E-01 +/- 0.50 % Gg(l=1) ave= 2.233E-01 +/- 8.59 % Gg(l=2) ave= 0.000E+00 +/- 0.00 % Gg(l=3) ave= 0.000E+00 +/- 0.00 %  % || D(l=0) ave= 6.052E-02 +/- 0.64 % D(l=1) ave= 2.336E-01 +/- 0.00 % D(l=2) ave= 0.000E+00 +/- 0.00 % D(l=3) ave= 0.000E+00 +/- 0.00 %  % || S(l=0) ave= 5.860E-05 +/- 0.83 % S(l=1) ave= 1.618E-06 +/- 4.96 % S(l=2) ave= 0.000E+00 +/- 0.00 % S(l=3) ave= 0.000E+00 +/- 0.00 % 
 ... random file  3 Cap(th)  ave= 8.846E+02 b. +/- 4.87 % || Ela(th) ave= 4.827E+00 b. +/- 7.21 % || RIcap ave= 7.58E+02 b. +/- 2.57 % || Macs30 ave= 1.39E+00 b. +/- 0.00 % || Gn^0(l=0) ave= 7.040E-06 +/- 0.12 % Gn^0(l=1) ave= 2.317E-06 +/- 7.27 % Gn^0(l=2) ave= 0.000E+00 +/- 0.00 % Gn^0(l=3) ave= 0.000E+00 +/- 0.00 % || Gtotal(l=0) ave= 2.101E-01 +/- 1.77 % Gtotal(l=1) ave= 2.178E-01 +/- 8.79 % Gtotal(l=2) ave= 0.000E+00 +/- 0.00 % Gtotal(l=3) ave= 0.000E+00 +/- 0.00 %  % || Gg(l=0) ave= 2.101E-01 +/- 1.77 % Gg(l=1) ave= 2.178E-01 +/- 8.79 % Gg(l=2) ave= 0.000E+00 +/- 0.00 % Gg(l=3) ave= 0.000E+00 +/- 0.00 %  % || D(l=0) ave= 6.038E-02 +/- 0.68 % D(l=1) ave= 2.336E-01 +/- 0.00 % D(l=2) ave= 0.000E+00 +/- 0.00 % D(l=3) ave= 0.000E+00 +/- 0.00 %  % || S(l=0) ave= 5.875E-05 +/- 0.85 % S(l=1) ave= 1.676E-06 +/- 7.27 % S(l=2) ave= 0.000E+00 +/- 0.00 % S(l=3) ave= 0.000E+00 +/- 0.00 % 
 ... random file  4 Cap(th)  ave= 8.818E+02 b. +/- 4.41 % || Ela(th) ave= 5.000E+00 b. +/- 9.30 % || RIcap ave= 7.58E+02 b. +/- 2.30 % || Macs30 ave= 1.39E+00 b. +/- 0.00 % || Gn^0(l=0) ave= 7.044E-06 +/- 0.16 % Gn^0(l=1) ave= 2.242E-06 +/- 9.48 % Gn^0(l=2) ave= 0.000E+00 +/- 0.00 % Gn^0(l=3) ave= 0.000E+00 +/- 0.00 % || Gtotal(l=0) ave= 2.081E-01 +/- 2.48 % Gtotal(l=1) ave= 2.214E-01 +/- 8.38 % Gtotal(l=2) ave= 0.000E+00 +/- 0.00 % Gtotal(l=3) ave= 0.000E+00 +/- 0.00 %  % || Gg(l=0) ave= 2.081E-01 +/- 2.48 % Gg(l=1) ave= 2.214E-01 +/- 8.38 % Gg(l=2) ave= 0.000E+00 +/- 0.00 % Gg(l=3) ave= 0.000E+00 +/- 0.00 %  % || D(l=0) ave= 6.030E-02 +/- 0.67 % D(l=1) ave= 2.336E-01 +/- 0.00 % D(l=2) ave= 0.000E+00 +/- 0.00 % D(l=3) ave= 0.000E+00 +/- 0.00 %  % || S(l=0) ave= 5.887E-05 +/- 0.86 % S(l=1) ave= 1.622E-06 +/- 9.48 % S(l=2) ave= 0.000E+00 +/- 0.00 % S(l=3) ave= 0.000E+00 +/- 0.00 % 
 ... random file  5 Cap(th)  ave= 8.964E+02 b. +/- 5.40 % || Ela(th) ave= 5.014E+00 b. +/- 8.49 % || RIcap ave= 7.54E+02 b. +/- 2.44 % || Macs30 ave= 1.39E+00 b. +/- 0.00 % || Gn^0(l=0) ave= 7.045E-06 +/- 0.15 % Gn^0(l=1) ave= 2.233E-06 +/- 8.73 % Gn^0(l=2) ave= 0.000E+00 +/- 0.00 % Gn^0(l=3) ave= 0.000E+00 +/- 0.00 % || Gtotal(l=0) ave= 2.077E-01 +/- 2.32 % Gtotal(l=1) ave= 2.172E-01 +/- 8.93 % Gtotal(l=2) ave= 0.000E+00 +/- 0.00 % Gtotal(l=3) ave= 0.000E+00 +/- 0.00 %  % || Gg(l=0) ave= 2.077E-01 +/- 2.32 % Gg(l=1) ave= 2.172E-01 +/- 8.93 % Gg(l=2) ave= 0.000E+00 +/- 0.00 % Gg(l=3) ave= 0.000E+00 +/- 0.00 %  % || D(l=0) ave= 6.025E-02 +/- 0.64 % D(l=1) ave= 2.336E-01 +/- 0.00 % D(l=2) ave= 0.000E+00 +/- 0.00 % D(l=3) ave= 0.000E+00 +/- 0.00 %  % || S(l=0) ave= 5.894E-05 +/- 0.83 % S(l=1) ave= 1.615E-06 +/- 8.73 % S(l=2) ave= 0.000E+00 +/- 0.00 % S(l=3) ave= 0.000E+00 +/- 0.00 % 
 ... random file  6 Cap(th)  ave= 8.935E+02 b. +/- 5.08 % || Ela(th) ave= 5.415E+00 b. +/- 19.55 % || RIcap ave= 7.54E+02 b. +/- 2.26 % || Macs30 ave= 1.39E+00 b. +/- 0.00 % || Gn^0(l=0) ave= 7.045E-06 +/- 0.14 % Gn^0(l=1) ave= 2.122E-06 +/- 15.38 % Gn^0(l=2) ave= 0.000E+00 +/- 0.00 % Gn^0(l=3) ave= 0.000E+00 +/- 0.00 % || Gtotal(l=0) ave= 2.075E-01 +/- 2.16 % Gtotal(l=1) ave= 2.164E-01 +/- 8.35 % Gtotal(l=2) ave= 0.000E+00 +/- 0.00 % Gtotal(l=3) ave= 0.000E+00 +/- 0.00 %  % || Gg(l=0) ave= 2.075E-01 +/- 2.16 % Gg(l=1) ave= 2.164E-01 +/- 8.35 % Gg(l=2) ave= 0.000E+00 +/- 0.00 % Gg(l=3) ave= 0.000E+00 +/- 0.00 %  % || D(l=0) ave= 6.033E-02 +/- 0.67 % D(l=1) ave= 2.336E-01 +/- 0.00 % D(l=2) ave= 0.000E+00 +/- 0.00 % D(l=3) ave= 0.000E+00 +/- 0.00 %  % || S(l=0) ave= 5.885E-05 +/- 0.85 % S(l=1) ave= 1.535E-06 +/- 15.38 % S(l=2) ave= 0.000E+00 +/- 0.00 % S(l=3) ave= 0.000E+00 +/- 0.00 % 
 ... Histogram plot for thermal (n,g)
 ... Write covariances  ... MT1  ... plot correlations
 ... MT2  ... MT102 


 ================================================
 ============== From 6 random values === start ======
 Thermal (n,tot) xs  0 K =  898.947 b. +/- 45.3485 b. ( 5.04463 %) skew= -0.22 +/- 0.79
 Thermal (n,el) xs   0 K =  5.41513 b. +/- 1.05863 b. ( 19.5495 %) skew= +1.47 +/- 0.79
 Thermal (n,g) xs    0 K =  893.532 b. +/- 45.3482 b. ( 5.07516 %) skew= -0.18 +/- 0.79
 RI      (n,g)       0 K =  753.625 b. +/- 17.0518 b. ( 2.26264 %) 
 MACS    (n,g)       0 K (at Emacs= 30000 eV) =  1.3904 b. +/- 0 b. ( 0 %) 
 Ave. Gtotal  L=0        =  2.075E-01 +/- 2.16 %
 Ave. Gn^(0)  L=0        =  7.045E-06 +/- 0.14 %
 Ave. Gg      L=0        =  2.075E-01 +/- 2.16 %
 Ave. D       L=0        =  6.033E-02 +/- 0.67 %
 Ave. S       L=0        =  5.885E-05 +/- 0.85 %
 Ave. Gtotal  L=1        =  2.164E-01 +/- 8.35 %
 Ave. Gg      L=1        =  2.164E-01 +/- 8.35 %
 Ave. D       L=1        =  2.336E-01 +/- 0.00 %
 Ave. S       L=1        =  1.535E-06 +/- 15.38 %

 Expected Thermal (n,g) (syst or meas)= 135.596 b. +/- 115.257 b. nominal: 919.435 b.
 ratio Calculated/expected thermal (n,g): 6.59 ratio DCalculated/Dexpected: 0.39 ratio Calculated/Nominal: 0.97
 ============== From 6 random values ===== stop ======
 ================================================
 ... Calculation of (n,a) and (n,p) cross sections at 300 K
 ... thermal (n,a) cross section is 8.65085e-07 +/- 4.32543e-07 b.
 ... thermal (n,a) cross section is 7.67497e-07 b. (random case 1)
 ... thermal (n,a) cross section is 1.20985e-06 b. (random case 2)
 ... thermal (n,a) cross section is 1.14453e-06 b. (random case 3)
 ... thermal (n,a) cross section is 1.69223e-06 b. (random case 4)
 ... thermal (n,a) cross section is 1.71813e-06 b. (random case 5)
 ... thermal (n,a) cross section is 9.9461e-07 b. (random case 6)
 ... thermal (n,p) cross section is 8.65085e-07 +/- 4.32543e-07 b.
 ... thermal (n,p) cross section is 2.61925e-07 b. (random case 1)
 ... thermal (n,p) cross section is 9.24257e-07 b. (random case 2)
 ... thermal (n,p) cross section is 8.44614e-07 b. (random case 3)
 ... thermal (n,p) cross section is 7.2702e-07 b. (random case 4)
 ... thermal (n,p) cross section is 1.29679e-06 b. (random case 5)
 ... thermal (n,p) cross section is 1.13382e-06 b. (random case 6)
 ... Rewrite index for MF2
 ... Write text for MF1 in file mf1.tares.txt
 ... plotting cross sections for the MF1
 ... order output files


================== summary ==================
 Thermal (n,tot) xs = 924.677 b. 
 Thermal (n,el)  xs = 5.24244 b. 
 Thermal (n,g)   xs = 919.435 b. (meas/sys: 135.596 b.)
 At 300 K (thermal adjustment): (n,el) = 5.26126 b., (n,g) = 921.348 b.

 RI      (n,g)      = 745.085 b. (meas or sys: - b.)
 RI      (n,el)     = 12.6985 b.
=============================================


 ... cleaning
                                                 
  -------------------------------------------------------------
  -                                                           -
  - TARES: successful end of run with data from hypothetical  -
  - resonances for  Z= 64, A= 139 and isomer= 0               -
  - half-life: 5.700000 sec. 
  -                                                           -
  -------------------------------------------------------------

   Running time:       9 seconds

 End time: Fri Oct  9 13:06:40 2026

