
  -------------------------------------------------------------
  -                                                           -
  -              Welcome to TARES version 1.8                 -
  -                                                           -
  -  (C) Copyright 2007-2025 D. Rochman, All Rights Reserved  -
  -           NRG, Petten, the Netherlands 2007-2014          -
  -           PSI, Villigen    Switzerland 2015-2025          -
  -         Nagra, Wettingen   Switzerland 2025-              -
  -           (Last Modified October 06, 2026)                -
  -           (Database from October 06, 2026)                -
  -                                                           -
  -------------------------------------------------------------


  ---------------------------------------------
   Compilation information:
   Compiled on:         Oct  7 2026, 09:32:19
   Compiled by:         koning
   Compiler version:    clang++ - 21.0.0
   Source location:     /Users/koning/tares-1.8/source/Module/
   Binaries location:   /Users/koning/bin
   System:              Darwin 25.6.0
   System version:      Darwin Kernel Version 25.6.0: Fri Jul 31 19:19:08 PDT 2026; root:xnu-12377.161.14~5/RELEASE_ARM64_T6050  
   Machine:             arm64 
  ---------------------------------------------

   User information:
   User name:           koning
   Running directory:   /Users/koning/tendl/resbase/Cd117/work
   Owner mode for running directory : rwx
   Group mode for running directory : r-x
  ---------------------------------------------


 Starting time: Wed Oct  7 10:36:42 2026
 ... inputs directory found (/Users/koning/tares-1.8/source/Module//../../inputs/).
 ... It will be used for resonance parameters 
 ... ###############################################
 ... #     read the input file tares.inp
 ... ###############################################
 ... line: #
 ... line: # Input file generated by Autorochman
          --> line not read
 ... line: #
 ... line: isotope    Cd
          --> Isotope name: Cd
 ... line: mass       117
          --> isotopic mass: 117
 ... line: output     n-Cd117
         ---> Name of the output files: n-Cd117
 ... line: isomer     0
          --> isomeric state: 0
 ... line: mf32mf33   y
          --> MF33 based on MF32: y
 ... line: nbrRandom  10
          --> Nbr of random files: 10
 ... ###############################################
 ... # end read the input file tares.inp
 ... ###############################################
Value for random generator type not considered in since Tares 1.7 due to compilation issues

 ... ###############################################
     #   Interpretation of the Input definition    #
     ###############################################

 ... Default energy limit: End of resonance region
 ... Nuclear charge    = 48
 ... Element           = Cd
 ... Mass              = 117
 ... Isomer            = 0
 ... Correlation for (Gn,Gg) not included in random files
 ... Default random option: No random
 ... Output name: n-Cd117
 ... Energy for the MACS: 30000 eV
 ... Resonances from CALENDF reduced (reduce=y) 
 ... For URR, level density model from TALYS selected: 91n3n12611.2850 (see manual for description)
 ... Random Generator: default (pseudo random numbers from ansi c++)
 ... Reconstruction of cross section selected
 ... Doppler broadening at 0 Kelvin
 ... URR not included (from the input file flag)
 ... Weight for grouping is flat
 ... Calculation of (n,alpha) cross section selected
 ... Number of digit for MF32c covariance representation: 2
 ... MF32 included
 ... MF33 will be used for covariance processing
 ... TENDL option set to yes (automatic choice of MF2 and format)
 ... Isotope not found in the best file --> use of MLBW formalism
 ... default option: Multi level Breit Wigner approximation selected
 ... (check file best.tendl.yes for changing this option)
 ... Retroactive option set to no with the 2025 option
 ... ladder option set to yes (CALENDF will be used for statistical resonances)

 ... ###############################################
     #           End of Input definition           #
     ###############################################

 ... gnuplot found, will be used for plotting
 ... latex found, will be used for plotting
 ... dvips found, will be used for plotting
 ... ps2epsi not found, limited plotting available
 ... uncertainties on default parameters multiplied by 1.32082
 ... Read resonance data from the 2025 directory
 ... Resonance parameters taken from /Users/koning/tares-1.8/source/Module//../../inputs/2025/Resonance/default/
 ---> Processing Z= 48 and A= 117 and isomer= 0 (level number: 0)
 Exfor path; Could not find /Users/koning/tares-1.8/source/Module//../../inputs/exfor/Cd117/xs/102
Thermal file; Could not open file /Users/koning/tares-1.8/source/Module//../../inputs/2025/runThermal/results//thermal.mxw.ng.cendl3.1
Thermal file; Could not open file /Users/koning/tares-1.8/source/Module//../../inputs/2025/runThermal/results//thermal.mxw.ng.brond3.1
Thermal file; Could not open file /Users/koning/tares-1.8/source/Module//../../inputs/2025/runThermal/results//thermal.xs.ng.unc.cendl3.1
 ... spin taken from the final/ directory (1)

 ... ###############################################
 ... #  Nucleus global parameters (2025 database)  #
 ... ###############################################
 0. Half-life: 2.50306 hours
 ... Scattering radius from TALYS: /Users/koning/tares-1.8/source/Module//../../inputs/2025/lib.urr/talys.urr/
 1. Spin of the target isotope: 0.5
 2. Relative Atomic Mass of the target isotope: 116.907
 3. Scattering radius (local compilation): 6.49883 fm +/- 0.136475 fm
      .......................................
      ... Thermal capture cross sections: ...
 4. Thermal (n,g) cross section from systematics: 18.75 +/- 9.375 b.
 5. Thermal (n,g) cross section from compilation (Firestone-2022 average on element Cd): 2520 +/- 0.85 b.
 6. Thermal (n,g) cross section from compilation (Firestone-2022 final on element Cd): 2520 +/- 40 b.
 7. Thermal (n,g) cross section from TENDL-2023: 11.98 +/- 3.269 b.
      .......................................
      ...  Thermal total cross sections:  ...
      .......................................
      ... Thermal elastic cross sections: ...
 8. Thermal (n,el) cross section from potential (4piR^2): 8.16747 +/- 0.408373 b.
      .......................................
             ... Resonance integral: ...
 9. No capture integral found in /Users/koning/tares-1.8/source/Module//../../inputs/capture.integral
 ... no RI(n,g) found in local compilation, take 2018 value.
 ... no RI(n,g) found in local compilation, take Sukhoruchkin value.
   ---- MACS 30 keV ----- 
 10. TALYS MACS 30 keV (HF): 0.328375 b. 
   ---------- S0 -------- 
 11. S0 from TALYS: 0.640859
   ---------- S1 -------- 
 12. S1 from TALYS: 3.90331
   ---------- S2 -------- 
 13. S2 from TALYS: 0.541167
   ---------- D0 -------- 
 14. D0 from TALYS: 53.0083 eV
   ---------- D1 -------- 
 15. D1 from TALYS: 24.6465 eV
   ---------- D2 -------- 
 16. D2 from TALYS: 15.886 eV
   ---------- G0 -------- 
 17. Gg0 from TALYS: 0.0639777 eV
   ---------- G1 -------- 
 18. Gg1 from TALYS: 0.0639537 eV
   ---------- G2 -------- 
 19. Gg2 from TALYS: 0.0659144 eV


   ---------------------- 
 ... Read resonance parameters (format: 2: Multi Level Breit Wigner)
 ... 0 resonances found 
 ... possibly no resonances in the Resonance directory for this isotope and options
 ... Use HFR (ladder) behavior 
 --> 21. Number of resonances from the input file: 2 up to 26.5042 eV
 22. Read nuclear quantities (mass, MAT...)
 23. Read thermal (n,g) xs 
 24. Read the scattering radius 
 25. Read uncertainty on Gg for 2 resonances
 26. Read uncertainty on Gg for 2 resonances ... done
 ... order resonances 
 ... Upper limit for the RRR: 26.5042 eV (no statistical resonances HFR) from the limit.RRR file
 ... Write parameters for l=0 waves
 ... End writing original MF2 
 ... No RRR in the database: uncertainties on default parameters multiplied by 1.99753
 ... Enter in urr function (ladder option set to y) for file n-Cd117
 ... read the file /Users/koning/tares-1.8/source/Module//../../inputs/2025/list.jcs.urr to find URR origin
 Default URR taken from TALYS calculations with level density model: 91n3n12611.2850
 File considered for the URR: /Users/koning/tares-1.8/source/Module//../../inputs/2025/lib.urr/talys.urr/91n3n12611.2850/Cd/urr/urr.dat.Cd.117.000.0.gz
 ... Write URR using TALYS average parameters (used for HFR)
 ... Limit of URR changed to 25 keV (recommendation from WPEC and JEFF)
 ... Extract the Sn value from file ./urr.dat.Cd.117.0.0
 ... found Sn= 8.35457 MeV
 ... estimated number of resonances up to 247.834 eV:  4.67537 resonances
 ... This is a test here. The higher energy limit to include URR data for calendf is set to max Sn. 24/03/2016
 ... Use Sn to define the maximum energy for the URR: Sn= 8.35457 MeV --> last_energyURR= 247.834 eV
 ... read D0, S0, Gn and Gg
 ... number of URR energies: 1120
 Number of l: 1120 and last energy: 8
 Last  URR energy: 247.834 eV
 ... Enter in to_MLBW_mf2 function
 ... Convert to Multi Level Breit Wigner (MLBW)
 ... Write parameter covariances (MF32) for l=0
 ... Convert parameter covariances (MF32) to MLBW
 ... copy the mf2 and mf32 to .mlbw files
 ... Enter in urr_correct function case 1
 Modify the higher limit of RRR in MF2
 --> old value: 2.663668+1 eV new value: 1.000000-2 eV
 Modify resonance covariances (MF32) to include correlations in the URR
 End Modify resonance covariances (MF32) to include correlations in the URR
 ... Enter in calendf_xs function
 Use CALENDF for statistical resonances (update MF2) up to 2.478340+2 eV (initial limit)
 Extract resonances from CALENDF for RRR->URR 2
 39 statistical resonances found
 After reduction, 38 statistical resonances found
 ... checking resonance order 1
 ... checking resonance order 2nd round for 36 resonances
 ... end checking resonance order 2nd round
 .......................................................
 ... Adjustment to the thermal cross section : start ...
 .......................................................

 Before adjustment (adjustment to the thermal cross section set to y)
 ... Import MF2 from TARES calculations
 ... End energy of TARES MF2 : 1.782843E+2 eV and limit to 40000 resonances
 ... File used for reconstruction: new.temp22.reconst
 ... run RECENT ...
 ... Doppler broadened at a unique temperature: 300 Kelvin using sigma1
 ... run SIGMA1 at 3.000000E+02 K.

 ============== INTER values at 300 Kelvin ==============
 Thermal (n,g) xs =  2.26191 b. (meas/sys: 18.75 b.) (warning: comparison to be done at 296 or 300 K)
 Th Maxw (n,g) xs =  2.2761 b. (thermal Maxwellian value)
 Westcott factor  =  1.00625
 RI      (n,g)    =  59.4431 b. (meas or sys: - b.)
 MACS 3.000e+04 eV=  0.30024 b. (meas or sys: - b.) from 1.00E+00 to 2.00E+07 eV (end of RRR) at T= 300 Kelvin 
 Thermal (n,el) xs=  5.93793 b.
 RI      (n,el)   =  73.911 b.
 ============= PSYCHE values ==============
 Ave. G_total L0  =  0.167589 eV
 Ave. G_total L1  =  0.0698843 eV
 Ave. G_total L2  =  0.0628721 eV
 Ave. Gn_0    L0  =  0.00793493
 Ave. Gn_0    L1  =  0.034924
 Ave. Gn_0    L2  =  0.00622495
 Ave. Gg      L0  =  0.0655293 eV
 Ave. Gg      L1  =  0.0698406 eV
 Ave. Gg      L2  =  0.0628721 eV
 Ave. D       L0  =  44.5711 eV
 Ave. D       L1  =  35.6569 eV
 Ave. D       L2  =  35.6569 eV
 Ave. S       L0  =  0.000140809 eV
 Ave. S       L1  =  0.000260541 eV
 Ave. S       L2  =  6.13606e-05 eV
 =========================================
 Calculated capture integral   59.4431 b.
 Calculated thermal (n,g)=          2.26191382 b. and recommended= 18.75 b. (C/E= 0.120635)
 Calculated RI      (n,g)= 59.4431 b. (no reference value)
 ... tolerances: thermal (n,g) 20 % (reference uncertainties, minimum 2% and 5%, maximum 20%)
 Adjust the capture widths ...
 ... capture adjusted with Gn for 32 resonances (Gn<Gg) and with Gg for 4 resonances
 ... iteration 0: C/E thermal (n,g)= 0.120635

 <-------- After adjustment -------->
 ... Import MF2 from TARES calculations
 ... End energy of TARES MF2 : 1.782843E+2 eV and limit to 40000 resonances
 ... File used for reconstruction: new.temp22.reconst
 ... run RECENT ...
 ... Doppler broadened at a unique temperature: 300 Kelvin using sigma1
 ... run SIGMA1 at 3.000000E+02 K.

 ============== INTER values at 300 Kelvin ==============
 Thermal (n,g) xs =  15.3749 b. (meas/sys: 18.75 b.) (warning: comparison to be done at 296 or 300 K)
 Th Maxw (n,g) xs =  15.471 b. (thermal Maxwellian value)
 Westcott factor  =  1.00625
 RI      (n,g)    =  277.807 b. (meas or sys: - b.)
 MACS 3.000e+04 eV=  0.30078 b. (meas or sys: - b.) from 1.00E+00 to 2.00E+07 eV (end of RRR) at T= 300 Kelvin 
 Thermal (n,el) xs=  5.06864 b.
 RI      (n,el)   =  116.267 b.
 ============= PSYCHE values ==============
 Ave. G_total L0  =  0.351133 eV
 Ave. G_total L1  =  0.0701379 eV
 Ave. G_total L2  =  0.0628721 eV
 Ave. Gn_0    L0  =  0.0116622
 Ave. Gn_0    L1  =  0.23739
 Ave. Gn_0    L2  =  0.0423131
 Ave. Gg      L0  =  0.216141 eV
 Ave. Gg      L1  =  0.0698406 eV
 Ave. Gg      L2  =  0.0628721 eV
 Ave. D       L0  =  44.5711 eV
 Ave. D       L1  =  35.6569 eV
 Ave. D       L2  =  35.6569 eV
 Ave. S       L0  =  0.000219209 eV
 Ave. S       L1  =  0.00177099 eV
 Ave. S       L2  =  0.000417089 eV
 =========================================
 ... iteration 1: C/E thermal (n,g)= 0.819995


 ... ratio C/E thermal (n,g): 8.199951E-01
 ...................................................... 
 ... Adjustment to the thermal cross section : stop ...
 ...................................................... 
 ... new MF2 file after adjustment: n-Cd117
 ... read the file /Users/koning/tares-1.8/source/Module//../../inputs/2025/list.jcs.urr to find URR origin
 Default URR taken from TALYS calculations with level density model: 91n3n12611.2850
 File considered for the URR: /Users/koning/tares-1.8/source/Module//../../inputs/2025/lib.urr/talys.urr/91n3n12611.2850/Cd/urr/urr.dat.Cd.117.000.0.gz
 ... Write URR using TALYS average parameters (not used for HFR)
 ... Limit of URR changed to 25 keV (recommendation from WPEC and JEFF)
 ... read D0, S0, Gn and Gg
 ... number of URR energies: 984
 Number of l: 984 and last energy: 8
 Last  URR energy: 134046 eV
 Energies in the URR : 984 -> reduced by a factor 2
 Energies in the URR : 552 -> reduced by a factor 2
 Energies in the URR : 312 -> reduced by a factor 2
 ... Enter in urr_correct function case 2
 Modify the higher limit of RRR in MF2
 --> old value: 1.782843+2 eV new value: 1.782843+2 eV
 Modify resonance covariances (MF32) to include correlations in the URR
 End Modify resonance covariances (MF32) to include correlations in the URR
 ... Enter in update_MF32 function
 ... Change uncertainties
 ... for the HFR, random position of the positive resonances with 0.020000 %
 ... end of update MF32 function
 ... GLS calculation of the parameter correlations from the thermal/RI adjustment (MF32c)
 ... MF32: correlations from the thermal/RI adjustment (GLS) for 8 resonances (16 widths), 6 correlation lines
 ...   thermal (n,g): uncertainty from these widths 4.73476 b. -> 4.22634 b. (reference: 18.75 +/- 9.375 b.)
 ... copy the mf2 and mf32 to .mlbw files

 ... Start of final reconstruction and testing ...
 ... Reconstruction of cross sections at 0 Kelvin  ... Import MF2 from TARES calculations
 ... End energy of TARES MF2 : 1.782843E+2 eV and limit to 40000 resonances
 ... File used for reconstruction: n-Cd117.reconst
 ... run RECENT ...
 ... Doppler broadened at a unique temperature: 0 Kelvin using sigma1
 ... The keyword temperature is zero, no Doppler broadening for the MACS

 ============== INTER values at 0 Kelvin ==============
 Thermal (n,g) xs =  15.3665 b. (meas/sys: 18.75 b.) (warning: comparison to be done at 296 or 300 K)
 Th Maxw (n,g) xs =  15.382 b. (thermal Maxwellian value)
 Westcott factor  =  1.00103
 RI      (n,g)    =  277.972 b. (meas or sys: - b.)
 MACS 3.000e+04 eV=  0.29902 b. (meas or sys: - b.) from 1.00E+00 to 1.78E+02 eV (end of RRR) at T= 0 Kelvin 
 Thermal (n,el) xs=  5.04663 b.
 RI      (n,el)   =  107.605 b.
 ============= PSYCHE values ==============
 Ave. G_total L0  =  0.351133 eV
 Ave. G_total L1  =  0.0701379 eV
 Ave. G_total L2  =  0.0628721 eV
 Ave. Gn_0    L0  =  0.0116622
 Ave. Gn_0    L1  =  0.23739
 Ave. Gn_0    L2  =  0.0423131
 Ave. Gg      L0  =  0.216141 eV
 Ave. Gg      L1  =  0.0698406 eV
 Ave. Gg      L2  =  0.0628721 eV
 Ave. D       L0  =  44.5711 eV
 Ave. D       L1  =  35.6569 eV
 Ave. D       L2  =  35.6569 eV
 Ave. S       L0  =  0.000219209 eV
 Ave. S       L1  =  0.00177099 eV
 Ave. S       L2  =  0.000417089 eV
 =========================================
 ... End of final reconstruction and testing ...

 ... grouping is not optimum, change to 70 groups
 ... Produce MF33 based on MF32 and 10 random files
 ... run endsam for 10 in groups of 1 global run
 ... run endsam from 1 to 10
 ... reorder resonance position after endsam (sampling)
 ... preparing the vectors  ... done
 ... nominal file 0 Cap(th)  ave= 1.537E+01 b. +/- 0.00 % || Ela(th) ave= 5.047E+00 b. +/- 0.00 % || RIcap ave= 2.68E+02 b. +/- 0.00 % || Macs30 ave= 4.50E+01 b. +/- 0.00 % || Gn^0(l=0) ave= 1.166E-02 +/- 0.00 % Gn^0(l=1) ave= 2.374E-01 +/- 0.00 % Gn^0(l=2) ave= 4.231E-02 +/- 0.00 % Gn^0(l=3) ave= 0.000E+00 +/- 0.00 % || Gtotal(l=0) ave= 3.511E-01 +/- 0.00 % Gtotal(l=1) ave= 7.014E-02 +/- 0.00 % Gtotal(l=2) ave= 6.287E-02 +/- 0.00 % Gtotal(l=3) ave= 0.000E+00 +/- 0.00 %  % || Gg(l=0) ave= 2.161E-01 +/- 0.00 % Gg(l=1) ave= 6.984E-02 +/- 0.00 % Gg(l=2) ave= 6.287E-02 +/- 0.00 % Gg(l=3) ave= 0.000E+00 +/- 0.00 %  % || D(l=0) ave= 4.457E+01 +/- 0.00 % D(l=1) ave= 3.566E+01 +/- 0.00 % D(l=2) ave= 3.566E+01 +/- 0.00 % D(l=3) ave= 0.000E+00 +/- 0.00 %  % || S(l=0) ave= 2.192E-04 +/- 0.00 % S(l=1) ave= 1.771E-03 +/- 0.00 % S(l=2) ave= 4.171E-04 +/- 0.00 % S(l=3) ave= 0.000E+00 +/- 0.00 % 
 ... random file  1 Cap(th)  ave= 1.489E+01 b. +/- 3.17 % || Ela(th) ave= 5.338E+00 b. +/- 5.45 % || RIcap ave= 2.68E+02 b. +/- 0.03 % || Macs30 ave= 4.24E+01 b. +/- 6.28 % || Gn^0(l=0) ave= 1.164E-02 +/- 0.22 % Gn^0(l=1) ave= 2.265E-01 +/- 4.83 % Gn^0(l=2) ave= 3.846E-02 +/- 10.01 % Gn^0(l=3) ave= 0.000E+00 +/- 0.00 % || Gtotal(l=0) ave= 3.511E-01 +/- 0.00 % Gtotal(l=1) ave= 7.014E-02 +/- 0.00 % Gtotal(l=2) ave= 6.287E-02 +/- 0.00 % Gtotal(l=3) ave= 0.000E+00 +/- 0.00 %  % || Gg(l=0) ave= 2.151E-01 +/- 0.50 % Gg(l=1) ave= 7.739E-02 +/- 9.76 % Gg(l=2) ave= 4.677E-02 +/- 34.43 % Gg(l=3) ave= 0.000E+00 +/- 0.00 %  % || D(l=0) ave= 4.457E+01 +/- 0.00 % D(l=1) ave= 3.566E+01 +/- 0.00 % D(l=2) ave= 3.566E+01 +/- 0.00 % D(l=3) ave= 0.000E+00 +/- 0.00 %  % || S(l=0) ave= 2.189E-04 +/- 0.14 % S(l=1) ave= 1.687E-03 +/- 4.97 % S(l=2) ave= 3.791E-04 +/- 10.01 % S(l=3) ave= 0.000E+00 +/- 0.00 % 
 ... random file  2 Cap(th)  ave= 1.506E+01 b. +/- 3.01 % || Ela(th) ave= 5.220E+00 b. +/- 5.56 % || RIcap ave= 2.69E+02 b. +/- 0.28 % || Macs30 ave= 4.67E+01 b. +/- 14.00 % || Gn^0(l=0) ave= 1.170E-02 +/- 0.74 % Gn^0(l=1) ave= 2.306E-01 +/- 4.62 % Gn^0(l=2) ave= 4.003E-02 +/- 9.60 % Gn^0(l=3) ave= 0.000E+00 +/- 0.00 % || Gtotal(l=0) ave= 3.511E-01 +/- 0.00 % Gtotal(l=1) ave= 7.014E-02 +/- 0.00 % Gtotal(l=2) ave= 6.287E-02 +/- 0.00 % Gtotal(l=3) ave= 0.000E+00 +/- 0.00 %  % || Gg(l=0) ave= 2.502E-01 +/- 19.86 % Gg(l=1) ave= 8.552E-02 +/- 15.26 % Gg(l=2) ave= 5.721E-02 +/- 34.55 % Gg(l=3) ave= 0.000E+00 +/- 0.00 %  % || D(l=0) ave= 4.457E+01 +/- 0.00 % D(l=1) ave= 3.566E+01 +/- 0.00 % D(l=2) ave= 3.566E+01 +/- 0.00 % D(l=3) ave= 0.000E+00 +/- 0.00 %  % || S(l=0) ave= 2.200E-04 +/- 0.73 % S(l=1) ave= 1.717E-03 +/- 4.70 % S(l=2) ave= 3.946E-04 +/- 9.61 % S(l=3) ave= 0.000E+00 +/- 0.00 % 
 ... random file  3 Cap(th)  ave= 1.397E+01 b. +/- 13.86 % || Ela(th) ave= 5.081E+00 b. +/- 6.84 % || RIcap ave= 2.63E+02 b. +/- 3.99 % || Macs30 ave= 4.34E+01 b. +/- 18.73 % || Gn^0(l=0) ave= 1.075E-02 +/- 15.31 % Gn^0(l=1) ave= 2.373E-01 +/- 6.27 % Gn^0(l=2) ave= 4.243E-02 +/- 12.56 % Gn^0(l=3) ave= 0.000E+00 +/- 0.00 % || Gtotal(l=0) ave= 3.224E-01 +/- 15.43 % Gtotal(l=1) ave= 7.014E-02 +/- 0.00 % Gtotal(l=2) ave= 6.287E-02 +/- 0.00 % Gtotal(l=3) ave= 0.000E+00 +/- 0.00 %  % || Gg(l=0) ave= 2.111E-01 +/- 38.00 % Gg(l=1) ave= 8.472E-02 +/- 13.44 % Gg(l=2) ave= 5.908E-02 +/- 29.49 % Gg(l=3) ave= 0.000E+00 +/- 0.00 %  % || D(l=0) ave= 4.829E+01 +/- 13.32 % D(l=1) ave= 3.566E+01 +/- 0.00 % D(l=2) ave= 3.566E+01 +/- 0.00 % D(l=3) ave= 0.000E+00 +/- 0.00 %  % || S(l=0) ave= 1.916E-04 +/- 25.71 % S(l=1) ave= 1.768E-03 +/- 6.37 % S(l=2) ave= 4.183E-04 +/- 12.56 % S(l=3) ave= 0.000E+00 +/- 0.00 % 
 ... random file  4 Cap(th)  ave= 1.432E+01 b. +/- 13.03 % || Ela(th) ave= 4.883E+00 b. +/- 10.31 % || RIcap ave= 2.63E+02 b. +/- 3.57 % || Macs30 ave= 4.41E+01 b. +/- 16.80 % || Gn^0(l=0) ave= 1.091E-02 +/- 13.82 % Gn^0(l=1) ave= 2.488E-01 +/- 10.68 % Gn^0(l=2) ave= 4.695E-02 +/- 21.78 % Gn^0(l=3) ave= 0.000E+00 +/- 0.00 % || Gtotal(l=0) ave= 3.282E-01 +/- 14.00 % Gtotal(l=1) ave= 7.014E-02 +/- 0.00 % Gtotal(l=2) ave= 6.287E-02 +/- 0.00 % Gtotal(l=3) ave= 0.000E+00 +/- 0.00 %  % || Gg(l=0) ave= 2.247E-01 +/- 34.16 % Gg(l=1) ave= 8.015E-02 +/- 17.07 % Gg(l=2) ave= 5.895E-02 +/- 26.44 % Gg(l=3) ave= 0.000E+00 +/- 0.00 %  % || D(l=0) ave= 4.754E+01 +/- 12.50 % D(l=1) ave= 3.566E+01 +/- 0.00 % D(l=2) ave= 3.566E+01 +/- 0.00 % D(l=3) ave= 0.000E+00 +/- 0.00 %  % || S(l=0) ave= 1.967E-04 +/- 22.99 % S(l=1) ave= 1.855E-03 +/- 10.79 % S(l=2) ave= 4.629E-04 +/- 21.78 % S(l=3) ave= 0.000E+00 +/- 0.00 % 
 ... random file  5 Cap(th)  ave= 1.411E+01 b. +/- 12.48 % || Ela(th) ave= 5.023E+00 b. +/- 11.07 % || RIcap ave= 2.60E+02 b. +/- 4.26 % || Macs30 ave= 4.42E+01 b. +/- 15.31 % || Gn^0(l=0) ave= 1.104E-02 +/- 12.76 % Gn^0(l=1) ave= 2.426E-01 +/- 11.51 % Gn^0(l=2) ave= 4.464E-02 +/- 23.92 % Gn^0(l=3) ave= 0.000E+00 +/- 0.00 % || Gtotal(l=0) ave= 3.320E-01 +/- 12.90 % Gtotal(l=1) ave= 7.014E-02 +/- 0.00 % Gtotal(l=2) ave= 6.287E-02 +/- 0.00 % Gtotal(l=3) ave= 0.000E+00 +/- 0.00 %  % || Gg(l=0) ave= 2.182E-01 +/- 32.80 % Gg(l=1) ave= 7.800E-02 +/- 17.16 % Gg(l=2) ave= 5.768E-02 +/- 25.15 % Gg(l=3) ave= 0.000E+00 +/- 0.00 %  % || D(l=0) ave= 4.705E+01 +/- 11.77 % D(l=1) ave= 3.566E+01 +/- 0.00 % D(l=2) ave= 3.566E+01 +/- 0.00 % D(l=3) ave= 0.000E+00 +/- 0.00 %  % || S(l=0) ave= 2.005E-04 +/- 21.03 % S(l=1) ave= 1.809E-03 +/- 11.60 % S(l=2) ave= 4.400E-04 +/- 23.93 % S(l=3) ave= 0.000E+00 +/- 0.00 % 
 ... random file  6 Cap(th)  ave= 1.362E+01 b. +/- 14.96 % || Ela(th) ave= 5.115E+00 b. +/- 10.98 % || RIcap ave= 2.58E+02 b. +/- 4.33 % || Macs30 ave= 4.32E+01 b. +/- 15.49 % || Gn^0(l=0) ave= 1.058E-02 +/- 16.33 % Gn^0(l=1) ave= 2.380E-01 +/- 11.84 % Gn^0(l=2) ave= 4.306E-02 +/- 24.65 % Gn^0(l=3) ave= 0.000E+00 +/- 0.00 % || Gtotal(l=0) ave= 3.183E-01 +/- 16.30 % Gtotal(l=1) ave= 7.014E-02 +/- 0.00 % Gtotal(l=2) ave= 6.287E-02 +/- 0.00 % Gtotal(l=3) ave= 0.000E+00 +/- 0.00 %  % || Gg(l=0) ave= 2.065E-01 +/- 34.96 % Gg(l=1) ave= 7.626E-02 +/- 17.18 % Gg(l=2) ave= 5.596E-02 +/- 25.16 % Gg(l=3) ave= 0.000E+00 +/- 0.00 %  % || D(l=0) ave= 4.882E+01 +/- 13.75 % D(l=1) ave= 3.566E+01 +/- 0.00 % D(l=2) ave= 3.566E+01 +/- 0.00 % D(l=3) ave= 0.000E+00 +/- 0.00 %  % || S(l=0) ave= 1.869E-04 +/- 27.53 % S(l=1) ave= 1.776E-03 +/- 11.83 % S(l=2) ave= 4.245E-04 +/- 24.65 % S(l=3) ave= 0.000E+00 +/- 0.00 % 
 ... random file  7 Cap(th)  ave= 1.430E+01 b. +/- 18.41 % || Ela(th) ave= 5.095E+00 b. +/- 10.37 % || RIcap ave= 2.59E+02 b. +/- 4.14 % || Macs30 ave= 4.26E+01 b. +/- 15.14 % || Gn^0(l=0) ave= 1.072E-02 +/- 15.44 % Gn^0(l=1) ave= 2.387E-01 +/- 11.07 % Gn^0(l=2) ave= 4.317E-02 +/- 23.00 % Gn^0(l=3) ave= 0.000E+00 +/- 0.00 % || Gtotal(l=0) ave= 3.224E-01 +/- 15.43 % Gtotal(l=1) ave= 7.014E-02 +/- 0.00 % Gtotal(l=2) ave= 6.287E-02 +/- 0.00 % Gtotal(l=3) ave= 0.000E+00 +/- 0.00 %  % || Gg(l=0) ave= 1.984E-01 +/- 35.75 % Gg(l=1) ave= 7.432E-02 +/- 17.88 % Gg(l=2) ave= 5.451E-02 +/- 25.17 % Gg(l=3) ave= 0.000E+00 +/- 0.00 %  % || D(l=0) ave= 4.829E+01 +/- 13.32 % D(l=1) ave= 3.566E+01 +/- 0.00 % D(l=2) ave= 3.566E+01 +/- 0.00 % D(l=3) ave= 0.000E+00 +/- 0.00 %  % || S(l=0) ave= 1.909E-04 +/- 25.82 % S(l=1) ave= 1.780E-03 +/- 11.06 % S(l=2) ave= 4.256E-04 +/- 23.01 % S(l=3) ave= 0.000E+00 +/- 0.00 % 
 ... random file  8 Cap(th)  ave= 1.408E+01 b. +/- 18.16 % || Ela(th) ave= 5.183E+00 b. +/- 10.74 % || RIcap ave= 2.59E+02 b. +/- 3.91 % || Macs30 ave= 4.25E+01 b. +/- 14.35 % || Gn^0(l=0) ave= 1.080E-02 +/- 14.60 % Gn^0(l=1) ave= 2.349E-01 +/- 11.59 % Gn^0(l=2) ave= 4.186E-02 +/- 24.06 % Gn^0(l=3) ave= 0.000E+00 +/- 0.00 % || Gtotal(l=0) ave= 3.256E-01 +/- 14.67 % Gtotal(l=1) ave= 7.014E-02 +/- 0.00 % Gtotal(l=2) ave= 6.287E-02 +/- 0.00 % Gtotal(l=3) ave= 0.000E+00 +/- 0.00 %  % || Gg(l=0) ave= 2.005E-01 +/- 33.48 % Gg(l=1) ave= 7.323E-02 +/- 17.62 % Gg(l=2) ave= 5.597E-02 +/- 24.27 % Gg(l=3) ave= 0.000E+00 +/- 0.00 %  % || D(l=0) ave= 4.787E+01 +/- 12.90 % D(l=1) ave= 3.566E+01 +/- 0.00 % D(l=2) ave= 3.566E+01 +/- 0.00 % D(l=3) ave= 0.000E+00 +/- 0.00 %  % || S(l=0) ave= 1.935E-04 +/- 24.31 % S(l=1) ave= 1.752E-03 +/- 11.52 % S(l=2) ave= 4.127E-04 +/- 24.06 % S(l=3) ave= 0.000E+00 +/- 0.00 % 
 ... random file  9 Cap(th)  ave= 1.451E+01 b. +/- 18.92 % || Ela(th) ave= 5.093E+00 b. +/- 11.64 % || RIcap ave= 2.59E+02 b. +/- 3.71 % || Macs30 ave= 4.29E+01 b. +/- 13.77 % || Gn^0(l=0) ave= 1.090E-02 +/- 14.00 % Gn^0(l=1) ave= 2.395E-01 +/- 12.27 % Gn^0(l=2) ave= 4.353E-02 +/- 24.77 % Gn^0(l=3) ave= 0.000E+00 +/- 0.00 % || Gtotal(l=0) ave= 3.282E-01 +/- 14.00 % Gtotal(l=1) ave= 7.014E-02 +/- 0.00 % Gtotal(l=2) ave= 6.287E-02 +/- 0.00 % Gtotal(l=3) ave= 0.000E+00 +/- 0.00 %  % || Gg(l=0) ave= 1.993E-01 +/- 32.02 % Gg(l=1) ave= 7.327E-02 +/- 16.71 % Gg(l=2) ave= 5.696E-02 +/- 23.21 % Gg(l=3) ave= 0.000E+00 +/- 0.00 %  % || D(l=0) ave= 4.754E+01 +/- 12.50 % D(l=1) ave= 3.566E+01 +/- 0.00 % D(l=2) ave= 3.566E+01 +/- 0.00 % D(l=3) ave= 0.000E+00 +/- 0.00 %  % || S(l=0) ave= 1.963E-04 +/- 23.15 % S(l=1) ave= 1.787E-03 +/- 12.22 % S(l=2) ave= 4.291E-04 +/- 24.78 % S(l=3) ave= 0.000E+00 +/- 0.00 % 
 ... random file  10 Cap(th)  ave= 1.444E+01 b. +/- 18.19 % || Ela(th) ave= 5.079E+00 b. +/- 11.17 % || RIcap ave= 2.58E+02 b. +/- 3.79 % || Macs30 ave= 4.32E+01 b. +/- 13.22 % || Gn^0(l=0) ave= 1.096E-02 +/- 13.40 % Gn^0(l=1) ave= 2.397E-01 +/- 11.69 % Gn^0(l=2) ave= 4.358E-02 +/- 23.60 % Gn^0(l=3) ave= 0.000E+00 +/- 0.00 % || Gtotal(l=0) ave= 3.302E-01 +/- 13.42 % Gtotal(l=1) ave= 7.014E-02 +/- 0.00 % Gtotal(l=2) ave= 6.287E-02 +/- 0.00 % Gtotal(l=3) ave= 0.000E+00 +/- 0.00 %  % || Gg(l=0) ave= 2.029E-01 +/- 30.50 % Gg(l=1) ave= 7.181E-02 +/- 17.49 % Gg(l=2) ave= 5.751E-02 +/- 22.13 % Gg(l=3) ave= 0.000E+00 +/- 0.00 %  % || D(l=0) ave= 4.727E+01 +/- 12.12 % D(l=1) ave= 3.566E+01 +/- 0.00 % D(l=2) ave= 3.566E+01 +/- 0.00 % D(l=3) ave= 0.000E+00 +/- 0.00 %  % || S(l=0) ave= 1.983E-04 +/- 22.07 % S(l=1) ave= 1.790E-03 +/- 11.65 % S(l=2) ave= 4.296E-04 +/- 23.60 % S(l=3) ave= 0.000E+00 +/- 0.00 % 
 ... Histogram plot for thermal (n,g)
 ... Write covariances  ... MT1  ... plot correlations
 ... MT2  ... MT102 


 ================================================
 ============== From 10 random values === start ======
 Thermal (n,tot) xs  0 K =  19.5184 b. +/- 2.3937 b. ( 12.2638 %) skew= +0.11 +/- 0.66
 Thermal (n,el) xs   0 K =  5.07868 b. +/- 0.567063 b. ( 11.1656 %) skew= -0.19 +/- 0.66
 Thermal (n,g) xs    0 K =  14.4397 b. +/- 2.62723 b. ( 18.1945 %) skew= +0.23 +/- 0.66
 RI      (n,g)       0 K =  257.578 b. +/- 9.76779 b. ( 3.79217 %) 
 MACS    (n,g)       0 K (at Emacs= 30000 eV) =  43.1882 b. +/- 5.70793 b. ( 13.2164 %) 
 Ave. Gtotal  L=0        =  3.302E-01 +/- 13.42 %
 Ave. Gn^(0)  L=0        =  1.096E-02 +/- 13.40 %
 Ave. Gg      L=0        =  2.029E-01 +/- 30.50 %
 Ave. D       L=0        =  4.727E+01 +/- 12.12 %
 Ave. S       L=0        =  1.983E-04 +/- 22.07 %
 Ave. Gtotal  L=1        =  7.014E-02 +/- 0.00 %
 Ave. Gn^(1)  L=1        =  2.397E-01 +/- 11.69 %
 Ave. Gg      L=1        =  7.181E-02 +/- 17.49 %
 Ave. D       L=1        =  3.566E+01 +/- 0.00 %
 Ave. S       L=1        =  1.790E-03 +/- 11.65 %
 Ave. Gtotal  L=2        =  6.287E-02 +/- 0.00 %
 Ave. Gn^(2)  L=2        =  4.358E-02 +/- 23.60 %
 Ave. Gg      L=2        =  5.751E-02 +/- 22.13 %
 Ave. D       L=2        =  3.566E+01 +/- 0.00 %
 Ave. S       L=2        =  4.296E-04 +/- 23.60 %

 Expected Thermal (n,g) (syst or meas)= 18.75 b. +/- 9.375 b. nominal: 15.3665 b.
 ratio Calculated/expected thermal (n,g): 0.77 ratio DCalculated/Dexpected: 0.28 ratio Calculated/Nominal: 0.94
 ============== From 10 random values ===== stop ======
 ================================================
 ... Calculation of (n,a) and (n,p) cross sections at 300 K
 ... thermal (n,a) cross section is 2.67644e-05 +/- 1.33822e-05 b.
 ... thermal (n,a) cross section is 4.88021e-05 b. (random case 1)
 ... thermal (n,a) cross section is 7.08021e-05 b. (random case 2)
 ... thermal (n,a) cross section is 9.28021e-05 b. (random case 3)
 ... thermal (n,a) cross section is 0.000114802 b. (random case 4)
 ... thermal (n,a) cross section is 0.000136802 b. (random case 5)
 ... thermal (n,a) cross section is 0.000158802 b. (random case 6)
 ... thermal (n,a) cross section is 0.000180802 b. (random case 7)
 ... thermal (n,a) cross section is 0.000202802 b. (random case 8)
 ... thermal (n,a) cross section is 0.000224802 b. (random case 9)
 ... thermal (n,a) cross section is 0.000246802 b. (random case 10)
 ... (n,p) Q-value negative for this element
 ... Rewrite index for MF2
 ... Write text for MF1 in file mf1.tares.txt
 ... plotting cross sections for the MF1
 ... order output files


================== summary ==================
 Thermal (n,tot) xs = 20.4134 b. 
 Thermal (n,el)  xs = 5.04663 b. 
 Thermal (n,g)   xs = 15.3665 b. (meas/sys: 18.75 b.)
 At 300 K (thermal adjustment): (n,el) = 5.06864 b., (n,g) = 15.3749 b.

 RI      (n,g)      = 277.972 b. (meas or sys: - b.)
 RI      (n,el)     = 107.605 b.
=============================================


 ... cleaning
                                                 
  -------------------------------------------------------------
  -                                                           -
  - TARES: successful end of run with data from hypothetical  -
  - resonances for  Z= 48, A= 117 and isomer= 0               -
  - half-life: 2.503056 hours
  -                                                           -
  -------------------------------------------------------------

   Running time:       8 seconds

 End time: Wed Oct  7 10:36:50 2026

