
  -------------------------------------------------------------
  -                                                           -
  -              Welcome to TARES version 1.8                 -
  -                                                           -
  -  (C) Copyright 2007-2025 D. Rochman, All Rights Reserved  -
  -           NRG, Petten, the Netherlands 2007-2014          -
  -           PSI, Villigen    Switzerland 2015-2025          -
  -         Nagra, Wettingen   Switzerland 2025-              -
  -           (Last Modified October 06, 2026)                -
  -           (Database from October 06, 2026)                -
  -                                                           -
  -------------------------------------------------------------


  ---------------------------------------------
   Compilation information:
   Compiled on:         Oct  8 2026, 18:36:06
   Compiled by:         koning
   Compiler version:    clang++ - 21.0.0
   Source location:     /Users/koning/tares-1.8/source/Module/
   Binaries location:   /Users/koning/bin
   System:              Darwin 25.6.0
   System version:      Darwin Kernel Version 25.6.0: Fri Jul 31 19:19:08 PDT 2026; root:xnu-12377.161.14~5/RELEASE_ARM64_T6050  
   Machine:             arm64 
  ---------------------------------------------

   User information:
   User name:           koning
   Running directory:   /Users/koning/tendl/resbase/Os180/work
   Owner mode for running directory : rwx
   Group mode for running directory : r-x
  ---------------------------------------------


 Starting time: Fri Oct  9 11:45:04 2026
 ... inputs directory found (/Users/koning/tares-1.8/source/Module//../../inputs/).
 ... It will be used for resonance parameters 
 ... ###############################################
 ... #     read the input file tares.inp
 ... ###############################################
 ... line: #
 ... line: # Input file generated by Autorochman
          --> line not read
 ... line: #
 ... line: isotope    Os
          --> Isotope name: Os
 ... line: mass       180
          --> isotopic mass: 180
 ... line: output     n-Os180
         ---> Name of the output files: n-Os180
 ... line: isomer     0
          --> isomeric state: 0
 ... line: mf32mf33   y
          --> MF33 based on MF32: y
 ... line: nbrRandom  10
          --> Nbr of random files: 10
 ... ###############################################
 ... # end read the input file tares.inp
 ... ###############################################
Value for random generator type not considered in since Tares 1.7 due to compilation issues

 ... ###############################################
     #   Interpretation of the Input definition    #
     ###############################################

 ... Default energy limit: End of resonance region
 ... Nuclear charge    = 76
 ... Element           = Os
 ... Mass              = 180
 ... Isomer            = 0
 ... Correlation for (Gn,Gg) not included in random files
 ... Default random option: No random
 ... Output name: n-Os180
 ... Energy for the MACS: 30000 eV
 ... Resonances from CALENDF reduced (reduce=y) 
 ... For URR, level density model from TALYS selected: 91n3n12611.2850 (see manual for description)
 ... Random Generator: default (pseudo random numbers from ansi c++)
 ... Reconstruction of cross section selected
 ... Doppler broadening at 0 Kelvin
 ... URR not included (from the input file flag)
 ... Weight for grouping is flat
 ... Calculation of (n,alpha) cross section selected
 ... Number of digit for MF32c covariance representation: 2
 ... MF32 included
 ... MF33 will be used for covariance processing
 ... TENDL option set to yes (automatic choice of MF2 and format)
 ... Isotope not found in the best file --> use of MLBW formalism
 ... default option: Multi level Breit Wigner approximation selected
 ... (check file best.tendl.yes for changing this option)
 ... Retroactive option set to no with the 2025 option
 ... ladder option set to yes (CALENDF will be used for statistical resonances)

 ... ###############################################
     #           End of Input definition           #
     ###############################################

 ... gnuplot found, will be used for plotting
 ... latex found, will be used for plotting
 ... dvips found, will be used for plotting
 ... ps2epsi not found, limited plotting available
 ... uncertainties on default parameters multiplied by 1.17094
 ... Read resonance data from the 2025 directory
 ... Resonance parameters taken from /Users/koning/tares-1.8/source/Module//../../inputs/2025/Resonance/default/
 ---> Processing Z= 76 and A= 180 and isomer= 0 (level number: 0)
 Exfor path; Could not find /Users/koning/tares-1.8/source/Module//../../inputs/exfor/Os180/xs/102
Thermal file; Could not open file /Users/koning/tares-1.8/source/Module//../../inputs/2025/runThermal/results//thermal.mxw.ng.cendl3.1
Thermal file; Could not open file /Users/koning/tares-1.8/source/Module//../../inputs/2025/runThermal/results//thermal.mxw.ng.brond3.1
Thermal file; Could not open file /Users/koning/tares-1.8/source/Module//../../inputs/2025/runThermal/results//thermal.xs.ng.unc.cendl3.1
 ... spin taken from the final/ directory (1)
 ... The spin found in level file ( 0 ) and the one in the urr file ( 5.5 ) differ

 ... ###############################################
 ... #  Nucleus global parameters (2025 database)  #
 ... ###############################################
 0. Half-life: 21.5 min. 
 ... Scattering radius from TALYS: /Users/koning/tares-1.8/source/Module//../../inputs/2025/lib.urr/talys.urr/
 1. Spin of the target isotope: 0
 2. Relative Atomic Mass of the target isotope: 179.952
 3. Scattering radius (local compilation): 7.49159 fm +/- 0.157323 fm
      .......................................
      ... Thermal capture cross sections: ...
 4. Thermal (n,g) cross section from systematics (TALYS, urr.dat): 69.6989 +/- 48.7892 b.
 5. Thermal (n,g) cross section from compilation (Firestone-2022 average on element Os): 15.4 +/- 0.8 b.
 6. Thermal (n,g) cross section from compilation (Firestone-2022 final on element Os): 14.2 +/- 0.4 b.
 7. Thermal (n,g) cross section from TENDL-2023: 69.28 +/- 16.59 b.
      .......................................
      ...  Thermal total cross sections:  ...
      .......................................
      ... Thermal elastic cross sections: ...
 8. Thermal (n,el) cross section from potential (4piR^2): 9.41513 +/- 0.470757 b.
      .......................................
             ... Resonance integral: ...
 9. No capture integral found in /Users/koning/tares-1.8/source/Module//../../inputs/capture.integral
 ... no RI(n,g) found in local compilation, take 2018 value.
 ... no RI(n,g) found in local compilation, take Sukhoruchkin value.
   ---- MACS 30 keV ----- 
 10. TALYS MACS 30 keV (HF): 1.75614 b. 
   ---------- S0 -------- 
 11. S0 from TALYS: 2.4339
   ---------- S1 -------- 
 12. S1 from TALYS: 0.391253
   ---------- S2 -------- 
 13. S2 from TALYS: 6.87602
   ---------- D0 -------- 
 14. D0 from TALYS: 3.71051 eV
   ---------- D1 -------- 
 15. D1 from TALYS: 1.26365 eV
   ---------- D2 -------- 
 16. D2 from TALYS: 0.791426 eV
   ---------- G0 -------- 
 17. Gg0 from TALYS: 0.0593638 eV
   ---------- G1 -------- 
 18. Gg1 from TALYS: 0.058849 eV
   ---------- G2 -------- 
 19. Gg2 from TALYS: 0.0584387 eV


   ---------------------- 
 ... Read resonance parameters (format: 2: Multi Level Breit Wigner)
 ... 0 resonances found 
 ... possibly no resonances in the Resonance directory for this isotope and options
 ... Use HFR (ladder) behavior 
 --> 21. Number of resonances from the input file: 2 up to 1.85526 eV
 22. Read nuclear quantities (mass, MAT...)
 23. Read thermal (n,g) xs 
 24. Read the scattering radius 
 25. Read uncertainty on Gg for 2 resonances
 26. Read uncertainty on Gg for 2 resonances ... done
 ... order resonances 
 ... Upper limit for the RRR: 1.85526 eV (no statistical resonances HFR) from the limit.RRR file
 ... Write parameters for l=0 waves
 ... End writing original MF2 
 ... No RRR in the database: uncertainties on default parameters multiplied by 1.99753
 ... Enter in urr function (ladder option set to y) for file n-Os180
 ... read the file /Users/koning/tares-1.8/source/Module//../../inputs/2025/list.jcs.urr to find URR origin
 Default URR taken from TALYS calculations with level density model: 91n3n12611.2850
 File considered for the URR: /Users/koning/tares-1.8/source/Module//../../inputs/2025/lib.urr/talys.urr/91n3n12611.2850/Os/urr/urr.dat.Os.180.000.0.gz
 ... Write URR using TALYS average parameters (used for HFR)
 ... Limit of URR changed to 25 keV (recommendation from WPEC and JEFF)
 ... Extract the Sn value from file ./urr.dat.Os.180.0.0
 ... found Sn= 7.26509 MeV
 ... estimated number of resonances up to 3789.21 eV: 1021.21 resonances, too high ?
 ... estimated number of resonances up to 1894.6 eV:  510.605 resonances
 ... This is a test here. The higher energy limit to include URR data for calendf is set to max Sn. 24/03/2016
 ... Use Sn to define the maximum energy for the URR: Sn= 7.26509 MeV --> last_energyURR= 1894.6 eV
 ... read D0, S0, Gn and Gg
 ... number of URR energies: 930
 Number of l: 930 and last energy: 5
 Last  URR energy: 1894.6 eV
 ... Enter in to_MLBW_mf2 function
 ... Convert to Multi Level Breit Wigner (MLBW)
 ... Write parameter covariances (MF32) for l=0
 ... Convert parameter covariances (MF32) to MLBW
 ... copy the mf2 and mf32 to .mlbw files
 ... Enter in urr_correct function case 1
 Modify the higher limit of RRR in MF2
 --> old value: 1.864531+0 eV new value: 1.000000-2 eV
 Modify resonance covariances (MF32) to include correlations in the URR
 End Modify resonance covariances (MF32) to include correlations in the URR
 ... Enter in calendf_xs function
 Use CALENDF for statistical resonances (update MF2) up to 1.894600+3 eV (initial limit)
 Extract resonances from CALENDF for RRR->URR 2
 4266 statistical resonances found
 After reduction, 3155 statistical resonances found
 ... checking resonance order 1
 ... checking resonance order 2nd round for 3149 resonances
 ... end checking resonance order 2nd round
 Too many resonances (3149): reduced to 100.
 .......................................................
 ... Adjustment to the thermal cross section : start ...
 .......................................................

 Before adjustment (adjustment to the thermal cross section set to y)
 ... Import MF2 from TARES calculations
 ... End energy of TARES MF2 : 2.029546E+2 eV and limit to 40000 resonances
 ... File used for reconstruction: new.temp22.reconst
 ... run RECENT ...
 ... Doppler broadened at a unique temperature: 300 Kelvin using sigma1
 ... run SIGMA1 at 3.000000E+02 K.

 ============== INTER values at 300 Kelvin ==============
 Thermal (n,g) xs =  85.1333 b. (meas/sys: 69.6989 b.) (warning: comparison to be done at 296 or 300 K)
 Th Maxw (n,g) xs =  85.157 b. (thermal Maxwellian value)
 Westcott factor  =  1.00027
 RI      (n,g)    =  911.015 b. (meas or sys: - b.)
 MACS 3.000e+04 eV=  1.6376 b. (meas or sys: - b.) from 1.00E+00 to 2.00E+07 eV (end of RRR) at T= 300 Kelvin 
 Thermal (n,el) xs=  6.68208 b.
 RI      (n,el)   =  122.579 b.
 ============= PSYCHE values ==============
 Ave. G_total L0  =  0.0686132 eV
 Ave. G_total L1  =  0.0583622 eV
 Ave. G_total L2  =  0.0584405 eV
 Ave. Gn_0    L0  =  0.000902599
 Ave. Gn_0    L1  =  0.000252816
 Ave. Gn_0    L2  =  0.0118014
 Ave. Gg      L0  =  0.0593656 eV
 Ave. Gg      L1  =  0.058361 eV
 Ave. Gg      L2  =  0.0584405 eV
 Ave. D       L0  =  3.75842 eV
 Ave. D       L1  =  5.7987 eV
 Ave. D       L2  =  202.955 eV
 Ave. S       L0  =  0.000244601 eV
 Ave. S       L1  =  2.21264e-05 eV
 Ave. S       L2  =  4.65183e-05 eV
 =========================================
 Calculated capture integral   911.015 b.
 Calculated thermal (n,g)=          85.1333402 b. and recommended= 69.6989 b. (C/E= 1.22145)
 Calculated RI      (n,g)= 911.015 b. (no reference value)
 ... tolerances: thermal (n,g) 20 % (reference uncertainties, minimum 2% and 5%, maximum 20%)
 Adjust the capture widths ...
 ... capture adjusted with Gn for 99 resonances (Gn<Gg) and with Gg for 1 resonances
 ... iteration 0: C/E thermal (n,g)= 1.22145

 <-------- After adjustment -------->
 ... Import MF2 from TARES calculations
 ... End energy of TARES MF2 : 2.029546E+2 eV and limit to 40000 resonances
 ... File used for reconstruction: new.temp22.reconst
 ... run RECENT ...
 ... Doppler broadened at a unique temperature: 300 Kelvin using sigma1
 ... run SIGMA1 at 3.000000E+02 K.

 ============== INTER values at 300 Kelvin ==============
 Thermal (n,g) xs =  82.2447 b. (meas/sys: 69.6989 b.) (warning: comparison to be done at 296 or 300 K)
 Th Maxw (n,g) xs =  82.267 b. (thermal Maxwellian value)
 Westcott factor  =  1.00027
 RI      (n,g)    =  884.448 b. (meas or sys: - b.)
 MACS 3.000e+04 eV=  1.6376 b. (meas or sys: - b.) from 1.00E+00 to 2.00E+07 eV (end of RRR) at T= 300 Kelvin 
 Thermal (n,el) xs=  6.69093 b.
 RI      (n,el)   =  117.884 b.
 ============= PSYCHE values ==============
 Ave. G_total L0  =  0.0682999 eV
 Ave. G_total L1  =  0.0583622 eV
 Ave. G_total L2  =  0.0584405 eV
 Ave. Gn_0    L0  =  0.000874903
 Ave. Gn_0    L1  =  0.000244238
 Ave. Gn_0    L2  =  0.0114009
 Ave. Gg      L0  =  0.059329 eV
 Ave. Gg      L1  =  0.058361 eV
 Ave. Gg      L2  =  0.0584405 eV
 Ave. D       L0  =  3.75842 eV
 Ave. D       L1  =  5.7987 eV
 Ave. D       L2  =  202.955 eV
 Ave. S       L0  =  0.000237096 eV
 Ave. S       L1  =  2.13757e-05 eV
 Ave. S       L2  =  4.49399e-05 eV
 =========================================
 ... iteration 1: C/E thermal (n,g)= 1.18


 ... ratio C/E thermal (n,g): 1.180000E+00
 ...................................................... 
 ... Adjustment to the thermal cross section : stop ...
 ...................................................... 
 ... new MF2 file after adjustment: n-Os180
 ... read the file /Users/koning/tares-1.8/source/Module//../../inputs/2025/list.jcs.urr to find URR origin
 Default URR taken from TALYS calculations with level density model: 91n3n12611.2850
 File considered for the URR: /Users/koning/tares-1.8/source/Module//../../inputs/2025/lib.urr/talys.urr/91n3n12611.2850/Os/urr/urr.dat.Os.180.000.0.gz
 ... Write URR using TALYS average parameters (not used for HFR)
 ... Limit of URR changed to 25 keV (recommendation from WPEC and JEFF)
 ... read D0, S0, Gn and Gg
 ... number of URR energies: 605
 Number of l: 605 and last energy: 5
 Last  URR energy: 130789 eV
 Energies in the URR : 605 -> reduced by a factor 2
 Energies in the URR : 355 -> reduced by a factor 2
 ... Enter in urr_correct function case 2
 Modify the higher limit of RRR in MF2
 --> old value: 2.029546+2 eV new value: 2.029546+2 eV
 Modify resonance covariances (MF32) to include correlations in the URR
 End Modify resonance covariances (MF32) to include correlations in the URR
 ... Enter in update_MF32 function
 ... Change uncertainties
 ... for the HFR, random position of the positive resonances with 0.020000 %
 ... end of update MF32 function
 ... GLS calculation of the parameter correlations from the thermal/RI adjustment (MF32c)
 ... MF32: correlations from the thermal/RI adjustment (GLS) for 5 resonances (9 widths), 2 correlation lines
 ...   thermal (n,g): uncertainty from these widths 28.0274 b. -> 24.3028 b. (reference: 69.6989 +/- 48.7892 b.)
 ... copy the mf2 and mf32 to .mlbw files

 ... Start of final reconstruction and testing ...
 ... Reconstruction of cross sections at 0 Kelvin  ... Import MF2 from TARES calculations
 ... End energy of TARES MF2 : 2.029546E+2 eV and limit to 40000 resonances
 ... File used for reconstruction: n-Os180.reconst
 ... run RECENT ...
 ... Doppler broadened at a unique temperature: 0 Kelvin using sigma1
 ... The keyword temperature is zero, no Doppler broadening for the MACS

 ============== INTER values at 0 Kelvin ==============
 Thermal (n,g) xs =  82.2089 b. (meas/sys: 69.6989 b.) (warning: comparison to be done at 296 or 300 K)
 Th Maxw (n,g) xs =  81.789 b. (thermal Maxwellian value)
 Westcott factor  =  0.9949
 RI      (n,g)    =  884.522 b. (meas or sys: - b.)
 MACS 3.000e+04 eV=  1.6289 b. (meas or sys: - b.) from 1.00E+00 to 2.03E+02 eV (end of RRR) at T= 0 Kelvin 
 Thermal (n,el) xs=  6.67249 b.
 RI      (n,el)   =  117.188 b.
 ============= PSYCHE values ==============
 Ave. G_total L0  =  0.0682999 eV
 Ave. G_total L1  =  0.0583622 eV
 Ave. G_total L2  =  0.0584405 eV
 Ave. Gn_0    L0  =  0.000874903
 Ave. Gn_0    L1  =  0.000244238
 Ave. Gn_0    L2  =  0.0114009
 Ave. Gg      L0  =  0.059329 eV
 Ave. Gg      L1  =  0.058361 eV
 Ave. Gg      L2  =  0.0584405 eV
 Ave. D       L0  =  3.75842 eV
 Ave. D       L1  =  5.7987 eV
 Ave. D       L2  =  202.955 eV
 Ave. S       L0  =  0.000237096 eV
 Ave. S       L1  =  2.13757e-05 eV
 Ave. S       L2  =  4.49399e-05 eV
 =========================================
 ... End of final reconstruction and testing ...

 ... grouping is not optimum, change to 70 groups
 ... Produce MF33 based on MF32 and 10 random files
 ... MF3 of n-Os180.reconst (3 sections) added to the files for ENDSAM
 ... run endsam for 10 in groups of 1 global run
 ... run endsam from 1 to 10
 ... random files: total width GT set to Gn+Gg+Gf (1000 resonances in 10 files)
 ... reorder resonance position after endsam (sampling)
 ... preparing the vectors  ... done
 ... nominal file 0 Cap(th)  ave= 8.221E+01 b. +/- 0.00 % || Ela(th) ave= 6.672E+00 b. +/- 0.00 % || RIcap ave= 8.85E+02 b. +/- 0.00 % || Macs30 ave= 1.63E+00 b. +/- 0.00 % || Gn^0(l=0) ave= 8.749E-04 +/- 0.00 % Gn^0(l=1) ave= 2.442E-04 +/- 0.00 % Gn^0(l=2) ave= 1.140E-02 +/- 0.00 % Gn^0(l=3) ave= 0.000E+00 +/- 0.00 % || Gtotal(l=0) ave= 6.830E-02 +/- 0.00 % Gtotal(l=1) ave= 5.836E-02 +/- 0.00 % Gtotal(l=2) ave= 5.844E-02 +/- 0.00 % Gtotal(l=3) ave= 0.000E+00 +/- 0.00 %  % || Gg(l=0) ave= 5.933E-02 +/- 0.00 % Gg(l=1) ave= 5.836E-02 +/- 0.00 % Gg(l=2) ave= 5.844E-02 +/- 0.00 % Gg(l=3) ave= 0.000E+00 +/- 0.00 %  % || D(l=0) ave= 3.758E+00 +/- 0.00 % D(l=1) ave= 5.799E+00 +/- 0.00 % D(l=2) ave= 2.030E+02 +/- 0.00 % D(l=3) ave= 0.000E+00 +/- 0.00 %  % || S(l=0) ave= 2.371E-04 +/- 0.00 % S(l=1) ave= 2.138E-05 +/- 0.00 % S(l=2) ave= 4.494E-05 +/- 0.00 % S(l=3) ave= 0.000E+00 +/- 0.00 % 
 ... random file  1 Cap(th)  ave= 8.567E+01 b. +/- 4.04 % || Ela(th) ave= 6.236E+00 b. +/- 7.01 % || RIcap ave= 8.84E+02 b. +/- 0.11 % || Macs30 ave= 1.63E+00 b. +/- 0.00 % || Gn^0(l=0) ave= 8.780E-04 +/- 0.36 % Gn^0(l=1) ave= 2.614E-04 +/- 6.55 % Gn^0(l=2) ave= 1.311E-02 +/- 13.02 % Gn^0(l=3) ave= 0.000E+00 +/- 0.00 % || Gtotal(l=0) ave= 6.860E-02 +/- 0.44 % Gtotal(l=1) ave= 5.669E-02 +/- 2.96 % Gtotal(l=2) ave= 5.752E-02 +/- 1.60 % Gtotal(l=3) ave= 0.000E+00 +/- 0.00 %  % || Gg(l=0) ave= 5.960E-02 +/- 0.46 % Gg(l=1) ave= 5.669E-02 +/- 2.96 % Gg(l=2) ave= 5.752E-02 +/- 1.60 % Gg(l=3) ave= 0.000E+00 +/- 0.00 %  % || D(l=0) ave= 3.758E+00 +/- 0.00 % D(l=1) ave= 5.799E+00 +/- 0.00 % D(l=2) ave= 2.030E+02 +/- 0.00 % D(l=3) ave= 0.000E+00 +/- 0.00 %  % || S(l=0) ave= 2.379E-04 +/- 0.36 % S(l=1) ave= 2.287E-05 +/- 6.55 % S(l=2) ave= 5.167E-05 +/- 13.02 % S(l=3) ave= 0.000E+00 +/- 0.00 % 
 ... random file  2 Cap(th)  ave= 9.348E+01 b. +/- 12.20 % || Ela(th) ave= 6.595E+00 b. +/- 9.42 % || RIcap ave= 8.82E+02 b. +/- 0.31 % || Macs30 ave= 1.63E+00 b. +/- 0.00 % || Gn^0(l=0) ave= 8.777E-04 +/- 0.30 % Gn^0(l=1) ave= 2.490E-04 +/- 8.99 % Gn^0(l=2) ave= 1.194E-02 +/- 18.08 % Gn^0(l=3) ave= 0.000E+00 +/- 0.00 % || Gtotal(l=0) ave= 6.914E-02 +/- 1.15 % Gtotal(l=1) ave= 5.564E-02 +/- 3.62 % Gtotal(l=2) ave= 5.067E-02 +/- 19.19 % Gtotal(l=3) ave= 0.000E+00 +/- 0.00 %  % || Gg(l=0) ave= 6.014E-02 +/- 1.31 % Gg(l=1) ave= 5.564E-02 +/- 3.62 % Gg(l=2) ave= 5.067E-02 +/- 19.19 % Gg(l=3) ave= 0.000E+00 +/- 0.00 %  % || D(l=0) ave= 3.758E+00 +/- 0.00 % D(l=1) ave= 5.799E+00 +/- 0.00 % D(l=2) ave= 2.030E+02 +/- 0.00 % D(l=3) ave= 0.000E+00 +/- 0.00 %  % || S(l=0) ave= 2.378E-04 +/- 0.30 % S(l=1) ave= 2.179E-05 +/- 8.99 % S(l=2) ave= 4.707E-05 +/- 18.08 % S(l=3) ave= 0.000E+00 +/- 0.00 % 
 ... random file  3 Cap(th)  ave= 8.598E+01 b. +/- 18.97 % || Ela(th) ave= 6.548E+00 b. +/- 8.31 % || RIcap ave= 8.86E+02 b. +/- 0.93 % || Macs30 ave= 1.63E+00 b. +/- 0.00 % || Gn^0(l=0) ave= 8.748E-04 +/- 0.63 % Gn^0(l=1) ave= 2.496E-04 +/- 7.78 % Gn^0(l=2) ave= 1.198E-02 +/- 15.62 % Gn^0(l=3) ave= 0.000E+00 +/- 0.00 % || Gtotal(l=0) ave= 6.943E-02 +/- 1.23 % Gtotal(l=1) ave= 5.512E-02 +/- 3.56 % Gtotal(l=2) ave= 5.453E-02 +/- 19.73 % Gtotal(l=3) ave= 0.000E+00 +/- 0.00 %  % || Gg(l=0) ave= 6.050E-02 +/- 1.52 % Gg(l=1) ave= 5.512E-02 +/- 3.56 % Gg(l=2) ave= 5.453E-02 +/- 19.73 % Gg(l=3) ave= 0.000E+00 +/- 0.00 %  % || D(l=0) ave= 3.776E+00 +/- 0.81 % D(l=1) ave= 5.799E+00 +/- 0.00 % D(l=2) ave= 2.030E+02 +/- 0.00 % D(l=3) ave= 0.000E+00 +/- 0.00 %  % || S(l=0) ave= 2.360E-04 +/- 1.38 % S(l=1) ave= 2.185E-05 +/- 7.78 % S(l=2) ave= 4.721E-05 +/- 15.62 % S(l=3) ave= 0.000E+00 +/- 0.00 % 
 ... random file  4 Cap(th)  ave= 8.116E+01 b. +/- 21.55 % || Ela(th) ave= 6.598E+00 b. +/- 7.53 % || RIcap ave= 8.81E+02 b. +/- 1.43 % || Macs30 ave= 1.63E+00 b. +/- 0.00 % || Gn^0(l=0) ave= 8.727E-04 +/- 0.74 % Gn^0(l=1) ave= 2.475E-04 +/- 7.22 % Gn^0(l=2) ave= 1.177E-02 +/- 14.67 % Gn^0(l=3) ave= 0.000E+00 +/- 0.00 % || Gtotal(l=0) ave= 6.885E-02 +/- 2.03 % Gtotal(l=1) ave= 5.587E-02 +/- 4.12 % Gtotal(l=2) ave= 5.260E-02 +/- 19.72 % Gtotal(l=3) ave= 0.000E+00 +/- 0.00 %  % || Gg(l=0) ave= 5.995E-02 +/- 2.28 % Gg(l=1) ave= 5.586E-02 +/- 4.12 % Gg(l=2) ave= 5.260E-02 +/- 19.72 % Gg(l=3) ave= 0.000E+00 +/- 0.00 %  % || D(l=0) ave= 3.787E+00 +/- 0.92 % D(l=1) ave= 5.799E+00 +/- 0.00 % D(l=2) ave= 2.030E+02 +/- 0.00 % D(l=3) ave= 0.000E+00 +/- 0.00 %  % || S(l=0) ave= 2.348E-04 +/- 1.61 % S(l=1) ave= 2.166E-05 +/- 7.22 % S(l=2) ave= 4.638E-05 +/- 14.67 % S(l=3) ave= 0.000E+00 +/- 0.00 % 
 ... random file  5 Cap(th)  ave= 8.537E+01 b. +/- 21.71 % || Ela(th) ave= 6.342E+00 b. +/- 11.51 % || RIcap ave= 8.80E+02 b. +/- 1.34 % || Macs30 ave= 1.63E+00 b. +/- 0.00 % || Gn^0(l=0) ave= 8.734E-04 +/- 0.70 % Gn^0(l=1) ave= 2.592E-04 +/- 11.91 % Gn^0(l=2) ave= 1.302E-02 +/- 24.72 % Gn^0(l=3) ave= 0.000E+00 +/- 0.00 % || Gtotal(l=0) ave= 6.846E-02 +/- 2.24 % Gtotal(l=1) ave= 5.625E-02 +/- 4.04 % Gtotal(l=2) ave= 5.432E-02 +/- 18.82 % Gtotal(l=3) ave= 0.000E+00 +/- 0.00 %  % || Gg(l=0) ave= 5.955E-02 +/- 2.58 % Gg(l=1) ave= 5.625E-02 +/- 4.04 % Gg(l=2) ave= 5.432E-02 +/- 18.82 % Gg(l=3) ave= 0.000E+00 +/- 0.00 %  % || D(l=0) ave= 3.782E+00 +/- 0.88 % D(l=1) ave= 5.799E+00 +/- 0.00 % D(l=2) ave= 2.030E+02 +/- 0.00 % D(l=3) ave= 0.000E+00 +/- 0.00 %  % || S(l=0) ave= 2.353E-04 +/- 1.54 % S(l=1) ave= 2.269E-05 +/- 11.91 % S(l=2) ave= 5.132E-05 +/- 24.72 % S(l=3) ave= 0.000E+00 +/- 0.00 % 
 ... random file  6 Cap(th)  ave= 8.662E+01 b. +/- 20.12 % || Ela(th) ave= 6.666E+00 b. +/- 15.61 % || RIcap ave= 8.82E+02 b. +/- 1.33 % || Macs30 ave= 1.63E+00 b. +/- 0.00 % || Gn^0(l=0) ave= 8.713E-04 +/- 0.88 % Gn^0(l=1) ave= 2.494E-04 +/- 14.95 % Gn^0(l=2) ave= 1.215E-02 +/- 30.10 % Gn^0(l=3) ave= 0.000E+00 +/- 0.00 % || Gtotal(l=0) ave= 6.860E-02 +/- 2.13 % Gtotal(l=1) ave= 5.581E-02 +/- 4.24 % Gtotal(l=2) ave= 5.580E-02 +/- 18.16 % Gtotal(l=3) ave= 0.000E+00 +/- 0.00 %  % || Gg(l=0) ave= 5.972E-02 +/- 2.48 % Gg(l=1) ave= 5.581E-02 +/- 4.24 % Gg(l=2) ave= 5.580E-02 +/- 18.16 % Gg(l=3) ave= 0.000E+00 +/- 0.00 %  % || D(l=0) ave= 3.789E+00 +/- 0.93 % D(l=1) ave= 5.799E+00 +/- 0.00 % D(l=2) ave= 2.030E+02 +/- 0.00 % D(l=3) ave= 0.000E+00 +/- 0.00 %  % || S(l=0) ave= 2.343E-04 +/- 1.75 % S(l=1) ave= 2.183E-05 +/- 14.95 % S(l=2) ave= 4.791E-05 +/- 30.10 % S(l=3) ave= 0.000E+00 +/- 0.00 % 
 ... random file  7 Cap(th)  ave= 8.431E+01 b. +/- 20.64 % || Ela(th) ave= 6.812E+00 b. +/- 15.38 % || RIcap ave= 8.81E+02 b. +/- 1.26 % || Macs30 ave= 1.63E+00 b. +/- 0.00 % || Gn^0(l=0) ave= 8.714E-04 +/- 0.82 % Gn^0(l=1) ave= 2.443E-04 +/- 15.32 % Gn^0(l=2) ave= 1.167E-02 +/- 31.30 % Gn^0(l=3) ave= 0.000E+00 +/- 0.00 % || Gtotal(l=0) ave= 6.865E-02 +/- 2.00 % Gtotal(l=1) ave= 5.634E-02 +/- 4.64 % Gtotal(l=2) ave= 5.488E-02 +/- 17.85 % Gtotal(l=3) ave= 0.000E+00 +/- 0.00 %  % || Gg(l=0) ave= 5.976E-02 +/- 2.32 % Gg(l=1) ave= 5.634E-02 +/- 4.64 % Gg(l=2) ave= 5.488E-02 +/- 17.85 % Gg(l=3) ave= 0.000E+00 +/- 0.00 %  % || D(l=0) ave= 3.785E+00 +/- 0.91 % D(l=1) ave= 5.799E+00 +/- 0.00 % D(l=2) ave= 2.030E+02 +/- 0.00 % D(l=3) ave= 0.000E+00 +/- 0.00 %  % || S(l=0) ave= 2.346E-04 +/- 1.66 % S(l=1) ave= 2.138E-05 +/- 15.32 % S(l=2) ave= 4.600E-05 +/- 31.30 % S(l=3) ave= 0.000E+00 +/- 0.00 % 
 ... random file  8 Cap(th)  ave= 8.236E+01 b. +/- 21.02 % || Ela(th) ave= 6.677E+00 b. +/- 15.85 % || RIcap ave= 8.83E+02 b. +/- 1.24 % || Macs30 ave= 1.63E+00 b. +/- 0.00 % || Gn^0(l=0) ave= 8.716E-04 +/- 0.78 % Gn^0(l=1) ave= 2.494E-04 +/- 15.30 % Gn^0(l=2) ave= 1.217E-02 +/- 30.58 % Gn^0(l=3) ave= 0.000E+00 +/- 0.00 % || Gtotal(l=0) ave= 6.913E-02 +/- 2.71 % Gtotal(l=1) ave= 5.627E-02 +/- 4.39 % Gtotal(l=2) ave= 5.766E-02 +/- 21.06 % Gtotal(l=3) ave= 0.000E+00 +/- 0.00 %  % || Gg(l=0) ave= 6.023E-02 +/- 3.11 % Gg(l=1) ave= 5.627E-02 +/- 4.39 % Gg(l=2) ave= 5.766E-02 +/- 21.06 % Gg(l=3) ave= 0.000E+00 +/- 0.00 %  % || D(l=0) ave= 3.782E+00 +/- 0.88 % D(l=1) ave= 5.799E+00 +/- 0.00 % D(l=2) ave= 2.030E+02 +/- 0.00 % D(l=3) ave= 0.000E+00 +/- 0.00 %  % || S(l=0) ave= 2.348E-04 +/- 1.59 % S(l=1) ave= 2.183E-05 +/- 15.30 % S(l=2) ave= 4.796E-05 +/- 30.58 % S(l=3) ave= 0.000E+00 +/- 0.00 % 
 ... random file  9 Cap(th)  ave= 8.309E+01 b. +/- 19.94 % || Ela(th) ave= 6.535E+00 b. +/- 16.69 % || RIcap ave= 8.84E+02 b. +/- 1.24 % || Macs30 ave= 1.63E+00 b. +/- 0.00 % || Gn^0(l=0) ave= 8.707E-04 +/- 0.80 % Gn^0(l=1) ave= 2.554E-04 +/- 15.81 % Gn^0(l=2) ave= 1.278E-02 +/- 31.12 % Gn^0(l=3) ave= 0.000E+00 +/- 0.00 % || Gtotal(l=0) ave= 6.867E-02 +/- 3.26 % Gtotal(l=1) ave= 5.639E-02 +/- 4.20 % Gtotal(l=2) ave= 5.581E-02 +/- 22.93 % Gtotal(l=3) ave= 0.000E+00 +/- 0.00 %  % || Gg(l=0) ave= 5.979E-02 +/- 3.70 % Gg(l=1) ave= 5.639E-02 +/- 4.20 % Gg(l=2) ave= 5.581E-02 +/- 22.93 % Gg(l=3) ave= 0.000E+00 +/- 0.00 %  % || D(l=0) ave= 3.787E+00 +/- 0.92 % D(l=1) ave= 5.799E+00 +/- 0.00 % D(l=2) ave= 2.030E+02 +/- 0.00 % D(l=3) ave= 0.000E+00 +/- 0.00 %  % || S(l=0) ave= 2.342E-04 +/- 1.65 % S(l=1) ave= 2.235E-05 +/- 15.81 % S(l=2) ave= 5.037E-05 +/- 31.12 % S(l=3) ave= 0.000E+00 +/- 0.00 % 
 ... random file  10 Cap(th)  ave= 7.924E+01 b. +/- 25.17 % || Ela(th) ave= 6.561E+00 b. +/- 15.90 % || RIcap ave= 8.83E+02 b. +/- 1.22 % || Macs30 ave= 1.63E+00 b. +/- 0.00 % || Gn^0(l=0) ave= 8.713E-04 +/- 0.79 % Gn^0(l=1) ave= 2.539E-04 +/- 15.29 % Gn^0(l=2) ave= 1.261E-02 +/- 30.38 % Gn^0(l=3) ave= 0.000E+00 +/- 0.00 % || Gtotal(l=0) ave= 6.842E-02 +/- 3.32 % Gtotal(l=1) ave= 5.671E-02 +/- 4.37 % Gtotal(l=2) ave= 6.107E-02 +/- 33.78 % Gtotal(l=3) ave= 0.000E+00 +/- 0.00 %  % || Gg(l=0) ave= 5.953E-02 +/- 3.79 % Gg(l=1) ave= 5.671E-02 +/- 4.37 % Gg(l=2) ave= 6.107E-02 +/- 33.78 % Gg(l=3) ave= 0.000E+00 +/- 0.00 %  % || D(l=0) ave= 3.784E+00 +/- 0.90 % D(l=1) ave= 5.799E+00 +/- 0.00 % D(l=2) ave= 2.030E+02 +/- 0.00 % D(l=3) ave= 0.000E+00 +/- 0.00 %  % || S(l=0) ave= 2.346E-04 +/- 1.63 % S(l=1) ave= 2.222E-05 +/- 15.29 % S(l=2) ave= 4.969E-05 +/- 30.38 % S(l=3) ave= 0.000E+00 +/- 0.00 % 
 ... Histogram plot for thermal (n,g)
 ... Write covariances  ... MT1  ... plot correlations
 ... MT2  ... MT102 


 ================================================
 ============== From 10 random values === start ======
 Thermal (n,tot) xs  0 K =  85.8039 b. +/- 19.8668 b. ( 23.1538 %) skew= -0.19 +/- 0.66
 Thermal (n,el) xs   0 K =  6.5612 b. +/- 1.0434 b. ( 15.9026 %) skew= +0.33 +/- 0.66
 Thermal (n,g) xs    0 K =  79.2427 b. +/- 19.9425 b. ( 25.1664 %) skew= -0.20 +/- 0.66
 RI      (n,g)       0 K =  882.784 b. +/- 10.7823 b. ( 1.2214 %) 
 MACS    (n,g)       0 K (at Emacs= 30000 eV) =  1.62883 b. +/- 7.4978e-05 b. ( 0.00460319 %) 
 Ave. Gtotal  L=0        =  6.842E-02 +/- 3.32 %
 Ave. Gn^(0)  L=0        =  8.713E-04 +/- 0.79 %
 Ave. Gg      L=0        =  5.953E-02 +/- 3.79 %
 Ave. D       L=0        =  3.784E+00 +/- 0.90 %
 Ave. S       L=0        =  2.346E-04 +/- 1.63 %
 Ave. Gtotal  L=1        =  5.671E-02 +/- 4.37 %
 Ave. Gn^(1)  L=1        =  2.539E-04 +/- 15.29 %
 Ave. Gg      L=1        =  5.671E-02 +/- 4.37 %
 Ave. D       L=1        =  5.799E+00 +/- 0.00 %
 Ave. S       L=1        =  2.222E-05 +/- 15.29 %
 Ave. Gtotal  L=2        =  6.107E-02 +/- 33.78 %
 Ave. Gn^(2)  L=2        =  1.261E-02 +/- 30.38 %
 Ave. Gg      L=2        =  6.107E-02 +/- 33.78 %
 Ave. D       L=2        =  2.030E+02 +/- 0.00 %
 Ave. S       L=2        =  4.969E-05 +/- 30.38 %

 Expected Thermal (n,g) (syst or meas)= 69.6989 b. +/- 48.7892 b. nominal: 82.2089 b.
 ratio Calculated/expected thermal (n,g): 1.14 ratio DCalculated/Dexpected: 0.41 ratio Calculated/Nominal: 0.96
 ============== From 10 random values ===== stop ======
 ================================================
 ... Calculation of (n,a) and (n,p) cross sections at 300 K
 ... thermal (n,a) cross section is 1.44315e-09 +/- 7.21575e-10 b.
 ... thermal (n,a) cross section is 2.83182e-09 b. (random case 1)
 ... thermal (n,a) cross section is 1.15737e-09 b. (random case 2)
 ... thermal (n,a) cross section is 1.67446e-09 b. (random case 3)
 ... thermal (n,a) cross section is 1.52568e-09 b. (random case 4)
 ... thermal (n,a) cross section is 2.00681e-09 b. (random case 5)
 ... thermal (n,a) cross section is 1.10429e-09 b. (random case 6)
 ... thermal (n,a) cross section is 2.06246e-09 b. (random case 7)
 ... thermal (n,a) cross section is 2.3975e-09 b. (random case 8)
 ... thermal (n,a) cross section is 1.45713e-09 b. (random case 9)
 ... thermal (n,a) cross section is 1.99987e-09 b. (random case 10)
 ... thermal (n,p) cross section is 1.44315e-09 +/- 7.21575e-10 b.
 ... thermal (n,p) cross section is 1.70873e-09 b. (random case 1)
 ... thermal (n,p) cross section is 1.1538e-09 b. (random case 2)
 ... thermal (n,p) cross section is 1.00046e-09 b. (random case 3)
 ... thermal (n,p) cross section is 1.26025e-09 b. (random case 4)
 ... thermal (n,p) cross section is 2.78595e-09 b. (random case 5)
 ... thermal (n,p) cross section is 2.08074e-09 b. (random case 6)
 ... thermal (n,p) cross section is 2.73436e-09 b. (random case 7)
 ... thermal (n,p) cross section is 1.41957e-09 b. (random case 8)
 ... thermal (n,p) cross section is 2.2895e-09 b. (random case 9)
 ... thermal (n,p) cross section is 8.55748e-10 b. (random case 10)
 ... Rewrite index for MF2
 ... Write text for MF1 in file mf1.tares.txt
 ... plotting cross sections for the MF1
 ... order output files


================== summary ==================
 Thermal (n,tot) xs = 88.8814 b. 
 Thermal (n,el)  xs = 6.67249 b. 
 Thermal (n,g)   xs = 82.2089 b. (meas/sys: 69.6989 b.)
 At 300 K (thermal adjustment): (n,el) = 6.69093 b., (n,g) = 82.2447 b.

 RI      (n,g)      = 884.522 b. (meas or sys: - b.)
 RI      (n,el)     = 117.188 b.
=============================================


 ... cleaning
                                                 
  -------------------------------------------------------------
  -                                                           -
  - TARES: successful end of run with data from hypothetical  -
  - resonances for  Z= 76, A= 180 and isomer= 0               -
  - half-life: 21.500000 min. 
  -                                                           -
  -------------------------------------------------------------

   Running time:       25 seconds

 End time: Fri Oct  9 11:45:29 2026

