
  -------------------------------------------------------------
  -                                                           -
  -              Welcome to TARES version 1.8                 -
  -                                                           -
  -  (C) Copyright 2007-2025 D. Rochman, All Rights Reserved  -
  -           NRG, Petten, the Netherlands 2007-2014          -
  -           PSI, Villigen    Switzerland 2015-2025          -
  -         Nagra, Wettingen   Switzerland 2025-              -
  -           (Last Modified October 06, 2026)                -
  -           (Database from October 06, 2026)                -
  -                                                           -
  -------------------------------------------------------------


  ---------------------------------------------
   Compilation information:
   Compiled on:         Oct  7 2026, 09:32:19
   Compiled by:         koning
   Compiler version:    clang++ - 21.0.0
   Source location:     /Users/koning/tares-1.8/source/Module/
   Binaries location:   /Users/koning/bin
   System:              Darwin 25.6.0
   System version:      Darwin Kernel Version 25.6.0: Fri Jul 31 19:19:08 PDT 2026; root:xnu-12377.161.14~5/RELEASE_ARM64_T6050  
   Machine:             arm64 
  ---------------------------------------------

   User information:
   User name:           koning
   Running directory:   /Users/koning/tendl/resbase/Hs278/work
   Owner mode for running directory : rwx
   Group mode for running directory : r-x
  ---------------------------------------------


 Starting time: Wed Oct  7 09:57:01 2026
 ... inputs directory found (/Users/koning/tares-1.8/source/Module//../../inputs/).
 ... It will be used for resonance parameters 
 ... ###############################################
 ... #     read the input file tares.inp
 ... ###############################################
 ... line: #
 ... line: # Input file generated by Autorochman
          --> line not read
 ... line: #
 ... line: isotope    Hs
          --> Isotope name: Hs
 ... line: mass       278
          --> isotopic mass: 278
 ... line: output     n-Hs278
         ---> Name of the output files: n-Hs278
 ... line: isomer     0
          --> isomeric state: 0
 ... line: mf32mf33   y
          --> MF33 based on MF32: y
 ... line: nbrRandom  6
          --> Nbr of random files: 6
 ... ###############################################
 ... # end read the input file tares.inp
 ... ###############################################
Value for random generator type not considered in since Tares 1.7 due to compilation issues

 ... ###############################################
     #   Interpretation of the Input definition    #
     ###############################################

 ... Default energy limit: End of resonance region
 ... Nuclear charge    = 108
 ... Element           = Hs
 ... Mass              = 278
 ... Isomer            = 0
 ... Correlation for (Gn,Gg) not included in random files
 ... Default random option: No random
 ... Output name: n-Hs278
 ... Energy for the MACS: 30000 eV
 ... Resonances from CALENDF reduced (reduce=y) 
 ... For URR, level density model from TALYS selected: 91n3n12611.2850 (see manual for description)
 ... Random Generator: default (pseudo random numbers from ansi c++)
 ... Reconstruction of cross section selected
 ... Doppler broadening at 0 Kelvin
 ... URR not included (from the input file flag)
 ... Weight for grouping is flat
 ... Calculation of (n,alpha) cross section selected
 ... Number of digit for MF32c covariance representation: 2
 ... MF32 included
 ... MF33 will be used for covariance processing
 ... TENDL option set to yes (automatic choice of MF2 and format)
 ... Isotope not found in the best file --> use of MLBW formalism
 ... default option: Multi level Breit Wigner approximation selected
 ... (check file best.tendl.yes for changing this option)
 ... Retroactive option set to no with the 2025 option
 ... ladder option set to yes (CALENDF will be used for statistical resonances)

 ... ###############################################
     #           End of Input definition           #
     ###############################################

 ... gnuplot found, will be used for plotting
 ... latex found, will be used for plotting
 ... dvips found, will be used for plotting
 ... ps2epsi not found, limited plotting available
 ... uncertainties on default parameters multiplied by 1.70866
 ... Read resonance data from the 2025 directory
 ... Resonance parameters taken from /Users/koning/tares-1.8/source/Module//../../inputs/2025/Resonance/default/
 ---> Processing Z= 108 and A= 278 and isomer= 0 (level number: 0)
 Exfor path; Could not find /Users/koning/tares-1.8/source/Module//../../inputs/exfor/Hs278/xs/102
Thermal file; Could not open file /Users/koning/tares-1.8/source/Module//../../inputs/2025/runThermal/results//thermal.mxw.ng.cendl3.1
Thermal file; Could not open file /Users/koning/tares-1.8/source/Module//../../inputs/2025/runThermal/results//thermal.mxw.ng.brond3.1
Thermal file; Could not open file /Users/koning/tares-1.8/source/Module//../../inputs/2025/runThermal/results//thermal.xs.ng.unc.cendl3.1
 ... spin taken from the final/ directory (1)
 ... The spin found in level file ( 0 ) and the one in the urr file ( 5.5 ) differ

 ... ###############################################
 ... #  Nucleus global parameters (2025 database)  #
 ... ###############################################
 0. Half-life: 2 sec. 
 ... Scattering radius from TALYS: /Users/koning/tares-1.8/source/Module//../../inputs/2025/lib.urr/talys.urr/
 1. Spin of the target isotope: 0
 2. Relative Atomic Mass from hfbd1m: 278.152
 3. Scattering radius (local compilation): 8.64706 fm +/- 0.207529 fm
      .......................................
      ... Thermal capture cross sections: ...
 4. Thermal (n,g) cross section from systematics: 78.49 +/- 66.7165 b.
      .......................................
      ...  Thermal total cross sections:  ...
      .......................................
      ... Thermal elastic cross sections: ...
 5. Thermal (n,el) cross section from potential (4piR^2): 10.8673 +/- 0.543364 b.
      .......................................
             ... Resonance integral: ...
 6. No capture integral found in /Users/koning/tares-1.8/source/Module//../../inputs/capture.integral
 ... no RI(n,g) found in local compilation, take 2018 value.
 ... no RI(n,g) found in local compilation, take Sukhoruchkin value.
 7. Thermal (n,f) cross section from systematics: 1.61786 +/- 1.29429 b.
   ---- MACS 30 keV ----- 
 8. TALYS MACS 30 keV (HF): 6.69284e-10 b. 
   ---------- S0 -------- 
 9. S0 from TALYS: 0.382344
   ---------- S1 -------- 
 10. S1 from TALYS: 0
   ---------- S2 -------- 
 11. S2 from TALYS: 0.405015
   ---------- D0 -------- 
 12. D0 from TALYS: 2.69084 eV
   ---------- D1 -------- 
 13. D1 from TALYS: 0.910424 eV
   ---------- D2 -------- 
 14. D2 from TALYS: 0.562793 eV
   ---------- G0 -------- 
 15. Gg0 from TALYS: 0.00851812 eV
   ---------- G1 -------- 
 16. Gg1 from TALYS: 0.0085182 eV
   ---------- G2 -------- 
 17. Gg2 from TALYS: 0.008477 eV


   ---------------------- 
 ... Read resonance parameters (format: 2: Multi Level Breit Wigner)
 ... 0 resonances found 
 ... possibly no resonances in the Resonance directory for this isotope and options
 ... Use HFR (ladder) behavior 
 --> 18. Number of resonances from the input file: 2 up to 1.34542 eV
 19. Read nuclear quantities (mass, MAT...)
 20. Read thermal (n,g) xs 
 21. Read the scattering radius 
 22. Read uncertainty on Gg for 2 resonances
 23. Read uncertainty on Gg for 2 resonances ... done
 24. Read uncertainty on Gf1
 25. Read uncertainty on Gf2
 ... order resonances 
 ... Upper limit for the RRR: 1.34542 eV (no statistical resonances HFR) from the limit.RRR file
 ... Write parameters for l=0 waves
 ... End writing original MF2 
 ... No RRR in the database: uncertainties on default parameters multiplied by 1.99753
 ... Enter in urr function (ladder option set to y) for file n-Hs278
 ... read the file /Users/koning/tares-1.8/source/Module//../../inputs/2025/list.jcs.urr to find URR origin
 Default URR taken from TALYS calculations with level density model: 91n3n12611.2850
 File considered for the URR: /Users/koning/tares-1.8/source/Module//../../inputs/2025/lib.urr/talys.urr/91n3n12611.2850/Hs/urr/urr.dat.Hs.278.000.0.gz
 ... Write URR using TALYS average parameters (used for HFR)
 ... Limit of URR changed to 25 keV (recommendation from WPEC and JEFF)
 ... ---> Emax(RRR) taken from the file limit.ladder: 100 eV <---
 ... (File limit.ladder: /Users/koning/tares-1.8/source/Module//../../inputs/2025/limit.ladder.91n3n12611.2850)
 ... read D0, S0, Gn and Gg
 ... number of URR energies: 645
 Number of l: 645 and last energy: 5
 Last  URR energy: 100 eV
 ... Enter in to_MLBW_mf2 function
 ... Convert to Multi Level Breit Wigner (MLBW)
 ... Write parameter covariances (MF32) for l=0
 ... Convert parameter covariances (MF32) to MLBW
 ... copy the mf2 and mf32 to .mlbw files
 ... Enter in urr_correct function case 1
 Modify the higher limit of RRR in MF2
 --> old value: 1.352148+0 eV new value: 1.000000-2 eV
 Modify resonance covariances (MF32) to include correlations in the URR
 End Modify resonance covariances (MF32) to include correlations in the URR
 ... Enter in calendf_xs function
 Use CALENDF for statistical resonances (update MF2) up to 1.000000+2 eV (initial limit)
 Extract resonances from CALENDF for RRR->URR 2
 158 statistical resonances found
 Reduction to 100 resonances based on the half-life of the isotope
 After reduction, 101 statistical resonances found
 ... checking resonance order 1
 ... checking resonance order 2nd round for 99 resonances
 ... end checking resonance order 2nd round
 .......................................................
 ... Adjustment to the thermal cross section : start ...
 .......................................................
 --> Systematics thermal (n,g) xs   78.49 b.
 --> Systematics thermal (n,f) xs   1.61786 b.
 ... Prior values:
 ... Import MF2 from TARES calculations
 ... End energy of TARES MF2 : 7.204479E+1 eV and limit to 40000 resonances
 ... File used for reconstruction: new.temp22.reconst
 ... run RECENT ...
 ... Doppler broadened at a unique temperature: 300 Kelvin using sigma1
 ... run SIGMA1 at 3.000000E+02 K.

 ============== INTER values at 300 Kelvin ==============
 Thermal (n,g) xs =  0.000167244 b. (meas/sys: 78.49 b.) (warning: comparison to be done at 296 or 300 K)
 Th Maxw (n,g) xs =  0.00016822 b. (thermal Maxwellian value)
 Westcott factor  =  1.00587
 RI      (n,g)    =  7.1433e-05 b. (meas or sys: - b.)
 MACS 3.000e+04 eV=  6.6996e-10 b. (meas or sys: - b.) from 1.00E+00 to 2.00E+07 eV (end of RRR) at T= 300 Kelvin 
 Thermal (n,el) xs=  9.41305 b.
 RI      (n,el)   =  45.884 b.
 Thermal (n,f) xs =  13.7976 b. (meas/sys: 1.61786 +/- 1.29429 b.)
 RI      (n,f) xs =  5.4445 b. 
 ============= PSYCHE values ==============
 Ave. G_total L0  =  21181.1 eV
 Ave. G_total L1  =  21323.4 eV
 Ave. Gn_0    L0  =  0.000123937
 Ave. Gn_0    L1  =  0.00134712
 Ave. Gg      L0  =  0.00851835 eV
 Ave. Gg      L1  =  0.00848521 eV
 Ave. D       L0  =  2.66833 eV
 Ave. D       L1  =  1.2211 eV
 Ave. S       L0  =  4.81679e-05 eV
 Ave. S       L1  =  0.000575788 eV
 =========================================
 ... tolerances: thermal (n,g) 20 %, thermal (n,f) 20 % (reference uncertainties, minimum 2%, maximum 20%)
 Calculated thermal (n,g)=          1.67244E-4 b. and measured/system= 78.49 b. (C/E= 2.13077e-06)
 Calculated thermal (n,f)=          13.7976403 b. and measured/system= 1.61786 b. (C/E= 8.52834)
 Warning: first correction of Gg/Gf limited to a factor 10 (C/E too far from 1)
 ... Import MF2 from TARES calculations
 ... End energy of TARES MF2 : 7.204479E+1 eV and limit to 40000 resonances
 ... File used for reconstruction: new.temp22.reconst
 ... run RECENT ...
 ... Doppler broadened at a unique temperature: 300 Kelvin using sigma1
 ... run SIGMA1 at 3.000000E+02 K.

 ============== INTER values at 300 Kelvin ==============
 Thermal (n,g) xs =  0.0775332 b. (meas/sys: 78.49 b.) (warning: comparison to be done at 296 or 300 K)
 Th Maxw (n,g) xs =  0.078004 b. (thermal Maxwellian value)
 Westcott factor  =  1.00607
 RI      (n,g)    =  0.031172 b. (meas or sys: - b.)
 MACS 3.000e+04 eV=  4.9222e-09 b. (meas or sys: - b.) from 1.00E+00 to 2.00E+07 eV (end of RRR) at T= 300 Kelvin 
 Thermal (n,el) xs=  9.39982 b.
 RI      (n,el)   =  45.8389 b.
 Thermal (n,f) xs =  92.0471 b. (meas/sys: 1.61786 +/- 1.29429 b.)
 RI      (n,f) xs =  36.6862 b. 
 ============= PSYCHE values ==============
 Ave. G_total L0  =  2930.75 eV
 Ave. G_total L1  =  2950.44 eV
 Ave. Gn_0    L0  =  0.000123937
 Ave. Gn_0    L1  =  0.00134712
 Ave. Gg      L0  =  0.0851835 eV
 Ave. Gg      L1  =  0.0848521 eV
 Ave. D       L0  =  2.66833 eV
 Ave. D       L1  =  1.2211 eV
 Ave. S       L0  =  4.81679e-05 eV
 Ave. S       L1  =  0.000575788 eV
 =========================================
 ... iteration 0: C/E thermal (n,g)= 0.00098781  C/E thermal (n,f)= 56.8944
 Warning: 198 Gg/Gf values limited to a change of a factor 10 from their starting values
 ... Posterior values (iteration 1):
 ... Import MF2 from TARES calculations
 ... End energy of TARES MF2 : 7.204479E+1 eV and limit to 40000 resonances
 ... File used for reconstruction: new.temp22.reconst
 ... run RECENT ...
 ... Doppler broadened at a unique temperature: 300 Kelvin using sigma1
 ... run SIGMA1 at 3.000000E+02 K.

 ============== INTER values at 300 Kelvin ==============
 Thermal (n,g) xs =  0.134727 b. (meas/sys: 78.49 b.) (warning: comparison to be done at 296 or 300 K)
 Th Maxw (n,g) xs =  0.13557 b. (thermal Maxwellian value)
 Westcott factor  =  1.00626
 RI      (n,g)    =  0.0555657 b. (meas or sys: - b.)
 MACS 3.000e+04 eV=  7.2978e-09 b. (meas or sys: - b.) from 1.00E+00 to 2.00E+07 eV (end of RRR) at T= 300 Kelvin 
 Thermal (n,el) xs=  9.38979 b.
 RI      (n,el)   =  45.8234 b.
 Thermal (n,f) xs =  119.536 b. (meas/sys: 1.61786 +/- 1.29429 b.)
 RI      (n,f) xs =  48.4007 b. 
 ============= PSYCHE values ==============
 Ave. G_total L0  =  2118.2 eV
 Ave. G_total L1  =  2132.43 eV
 Ave. Gn_0    L0  =  0.000123937
 Ave. Gn_0    L1  =  0.00134712
 Ave. Gg      L0  =  0.0851835 eV
 Ave. Gg      L1  =  0.0848521 eV
 Ave. D       L0  =  2.66833 eV
 Ave. D       L1  =  1.2211 eV
 Ave. S       L0  =  4.81679e-05 eV
 Ave. S       L1  =  0.000575788 eV
 =========================================

 ... iteration 1: C/E thermal (n,g)= 0.00171648  C/E thermal (n,f)= 73.8853
 Warning: 198 Gg/Gf values limited to a change of a factor 10 from their starting values
 ... Posterior values (iteration 2):
 ... Import MF2 from TARES calculations
 ... End energy of TARES MF2 : 7.204479E+1 eV and limit to 40000 resonances
 ... File used for reconstruction: new.temp22.reconst
 ... run RECENT ...
 ... Doppler broadened at a unique temperature: 300 Kelvin using sigma1
 ... run SIGMA1 at 3.000000E+02 K.

 ============== INTER values at 300 Kelvin ==============
 Thermal (n,g) xs =  0.134727 b. (meas/sys: 78.49 b.) (warning: comparison to be done at 296 or 300 K)
 Th Maxw (n,g) xs =  0.13557 b. (thermal Maxwellian value)
 Westcott factor  =  1.00626
 RI      (n,g)    =  0.0555657 b. (meas or sys: - b.)
 MACS 3.000e+04 eV=  7.2978e-09 b. (meas or sys: - b.) from 1.00E+00 to 2.00E+07 eV (end of RRR) at T= 300 Kelvin 
 Thermal (n,el) xs=  9.38979 b.
 RI      (n,el)   =  45.8234 b.
 Thermal (n,f) xs =  119.536 b. (meas/sys: 1.61786 +/- 1.29429 b.)
 RI      (n,f) xs =  48.4007 b. 
 ============= PSYCHE values ==============
 Ave. G_total L0  =  2118.2 eV
 Ave. G_total L1  =  2132.43 eV
 Ave. Gn_0    L0  =  0.000123937
 Ave. Gn_0    L1  =  0.00134712
 Ave. Gg      L0  =  0.0851835 eV
 Ave. Gg      L1  =  0.0848521 eV
 Ave. D       L0  =  2.66833 eV
 Ave. D       L1  =  1.2211 eV
 Ave. S       L0  =  4.81679e-05 eV
 Ave. S       L1  =  0.000575788 eV
 =========================================

 ... iteration 2: C/E thermal (n,g)= 0.00171648  C/E thermal (n,f)= 73.8853
 Warning: no further change possible (widths at the limit of a factor 10): adjustment stopped
 Adjusted thermal (n,f) xs            119.535976 b. (ratio for Gf= 62.6147 )

 ... ratio C/E thermal (n,g): 1.716484E-03
 ... ratio C/E thermal (n,f): 7.388531E+01
 ...................................................... 
 ... Adjustment to the thermal cross section : stop ...
 ...................................................... 
 ... new MF2 file after adjustment: n-Hs278
 ... read the file /Users/koning/tares-1.8/source/Module//../../inputs/2025/list.jcs.urr to find URR origin
 Default URR taken from TALYS calculations with level density model: 91n3n12611.2850
 File considered for the URR: /Users/koning/tares-1.8/source/Module//../../inputs/2025/lib.urr/talys.urr/91n3n12611.2850/Hs/urr/urr.dat.Hs.278.000.0.gz
 ... Write URR using TALYS average parameters (not used for HFR)
 ... Limit of URR changed to 25 keV (recommendation from WPEC and JEFF)
 Energy limit of the URR set to 93.6582 eV
 ... read D0, S0, Gn and Gg
 ... number of URR energies: 15
 Number of l: 15 and last energy: 5
 Last  URR energy: 93.6582 eV
 ... Enter in urr_correct function case 2
 Modify the higher limit of RRR in MF2
 --> old value: 7.204479+1 eV new value: 7.204479+1 eV
 Modify resonance covariances (MF32) to include correlations in the URR
 End Modify resonance covariances (MF32) to include correlations in the URR
 ... Enter in update_MF32 function
 ... Change uncertainties
 ... for the HFR, random position of the positive resonances with 0.020000 %
 ... end of update MF32 function
 ... GLS calculation of the parameter correlations from the thermal/RI adjustment (MF32c)
 ... MF32: correlations from the thermal/RI adjustment (GLS) for 14 resonances (42 widths), 39 correlation lines
 ...   thermal (n,g): uncertainty from these widths 0.151592 b. -> 0.0956115 b. (reference: 78.49 +/- 66.7165 b.)
 ...   thermal (n,f): uncertainty from these widths 27.6046 b. -> 1.29287 b. (reference: 1.61786 +/- 1.29429 b.)
 ... copy the mf2 and mf32 to .mlbw files

 ... Start of final reconstruction and testing ...
 ... Reconstruction of cross sections at 0 Kelvin  ... Import MF2 from TARES calculations
 ... End energy of TARES MF2 : 7.204479E+1 eV and limit to 40000 resonances
 ... File used for reconstruction: n-Hs278.reconst
 ... run RECENT ...
 ... Doppler broadened at a unique temperature: 0 Kelvin using sigma1
 ... The keyword temperature is zero, no Doppler broadening for the MACS

 ============== INTER values at 0 Kelvin ==============
 Thermal (n,g) xs =  0.134657 b. (meas/sys: 78.49 b.) (warning: comparison to be done at 296 or 300 K)
 Th Maxw (n,g) xs =  0.13479 b. (thermal Maxwellian value)
 Westcott factor  =  1.00097
 RI      (n,g)    =  0.0552283 b. (meas or sys: - b.)
 MACS 3.000e+04 eV=  7.286e-09 b. (meas or sys: - b.) from 1.00E+00 to 7.20E+01 eV (end of RRR) at T= 0 Kelvin 
 Thermal (n,el) xs=  9.37257 b.
 RI      (n,el)   =  45.7858 b.
 Thermal (n,f) xs =  119.474 b. (meas/sys: 1.61786 +/- 1.29429 b.)
 RI      (n,f) xs =  48.0943 b. 
 ============= PSYCHE values ==============
 Ave. G_total L0  =  2118.2 eV
 Ave. G_total L1  =  2132.43 eV
 Ave. Gn_0    L0  =  0.000123937
 Ave. Gn_0    L1  =  0.00134712
 Ave. Gg      L0  =  0.0851835 eV
 Ave. Gg      L1  =  0.0848521 eV
 Ave. D       L0  =  2.66833 eV
 Ave. D       L1  =  1.2211 eV
 Ave. S       L0  =  4.81679e-05 eV
 Ave. S       L1  =  0.000575788 eV
 =========================================
 ... End of final reconstruction and testing ...

 ... grouping is not optimum, change to 70 groups
 ... Produce MF33 based on MF32 and 6 random files
 ... run endsam for 6 in groups of 1 global run
 ... run endsam from 1 to 6
 ... reorder resonance position after endsam (sampling)
 ... preparing the vectors  ... done
 ... nominal file 0 Cap(th)  ave= 1.347E-01 b. +/- 0.00 % || Ela(th) ave= 9.373E+00 b. +/- 0.00 % || RIcap ave= 5.52E-02 b. +/- 0.00 % || Macs30 ave= 2.30E-03 b. +/- 0.00 % || Gn^0(l=0) ave= 1.239E-04 +/- 0.00 % Gn^0(l=1) ave= 1.347E-03 +/- 0.00 % Gn^0(l=2) ave= 0.000E+00 +/- 0.00 % Gn^0(l=3) ave= 0.000E+00 +/- 0.00 % || Gtotal(l=0) ave= 2.118E+03 +/- 0.00 % Gtotal(l=1) ave= 2.132E+03 +/- 0.00 % Gtotal(l=2) ave= 0.000E+00 +/- 0.00 % Gtotal(l=3) ave= 0.000E+00 +/- 0.00 %  % || Gg(l=0) ave= 8.518E-02 +/- 0.00 % Gg(l=1) ave= 8.485E-02 +/- 0.00 % Gg(l=2) ave= 0.000E+00 +/- 0.00 % Gg(l=3) ave= 0.000E+00 +/- 0.00 %  % || D(l=0) ave= 2.668E+00 +/- 0.00 % D(l=1) ave= 1.221E+00 +/- 0.00 % D(l=2) ave= 0.000E+00 +/- 0.00 % D(l=3) ave= 0.000E+00 +/- 0.00 %  % || S(l=0) ave= 4.817E-05 +/- 0.00 % S(l=1) ave= 5.758E-04 +/- 0.00 % S(l=2) ave= 0.000E+00 +/- 0.00 % S(l=3) ave= 0.000E+00 +/- 0.00 %  % || Fis(th) ave= 1.195E+02 b. +/- 0.00 %
 ... random file  1 Cap(th)  ave= 1.740E-01 b. +/- 22.59 % || Ela(th) ave= 9.981E+00 b. +/- 6.10 % || RIcap ave= 1.05E-01 b. +/- 47.29 % || Macs30 ave= 3.80E-03 b. +/- 39.41 % || Gn^0(l=0) ave= 1.194E-04 +/- 3.77 % Gn^0(l=1) ave= 1.266E-03 +/- 6.39 % Gn^0(l=2) ave= 0.000E+00 +/- 0.00 % Gn^0(l=3) ave= 0.000E+00 +/- 0.00 % || Gtotal(l=0) ave= 2.111E+03 +/- 0.32 % Gtotal(l=1) ave= 2.132E+03 +/- 0.00 % Gtotal(l=2) ave= 0.000E+00 +/- 0.00 % Gtotal(l=3) ave= 0.000E+00 +/- 0.00 %  % || Gg(l=0) ave= 8.767E-02 +/- 2.83 % Gg(l=1) ave= 8.643E-02 +/- 1.82 % Gg(l=2) ave= 0.000E+00 +/- 0.00 % Gg(l=3) ave= 0.000E+00 +/- 0.00 %  % || D(l=0) ave= 2.720E+00 +/- 1.89 % D(l=1) ave= 1.221E+00 +/- 0.00 % D(l=2) ave= 0.000E+00 +/- 0.00 % D(l=3) ave= 0.000E+00 +/- 0.00 %  % || S(l=0) ave= 4.562E-05 +/- 5.58 % S(l=1) ave= 5.412E-04 +/- 6.39 % S(l=2) ave= 0.000E+00 +/- 0.00 % S(l=3) ave= 0.000E+00 +/- 0.00 %  % || Fis(th) ave= 1.085E+02 b. +/- 10.15 %
 ... random file  2 Cap(th)  ave= 1.638E-01 b. +/- 21.47 % || Ela(th) ave= 9.281E+00 b. +/- 11.94 % || RIcap ave= 9.49E-02 b. +/- 45.09 % || Macs30 ave= 3.38E-03 b. +/- 40.11 % || Gn^0(l=0) ave= 1.207E-04 +/- 3.38 % Gn^0(l=1) ave= 1.376E-03 +/- 12.23 % Gn^0(l=2) ave= 0.000E+00 +/- 0.00 % Gn^0(l=3) ave= 0.000E+00 +/- 0.00 % || Gtotal(l=0) ave= 2.114E+03 +/- 0.30 % Gtotal(l=1) ave= 2.132E+03 +/- 0.00 % Gtotal(l=2) ave= 0.000E+00 +/- 0.00 % Gtotal(l=3) ave= 0.000E+00 +/- 0.00 %  % || Gg(l=0) ave= 8.292E-02 +/- 8.46 % Gg(l=1) ave= 8.594E-02 +/- 1.70 % Gg(l=2) ave= 0.000E+00 +/- 0.00 % Gg(l=3) ave= 0.000E+00 +/- 0.00 %  % || D(l=0) ave= 2.703E+00 +/- 1.79 % D(l=1) ave= 1.221E+00 +/- 0.00 % D(l=2) ave= 0.000E+00 +/- 0.00 % D(l=3) ave= 0.000E+00 +/- 0.00 %  % || S(l=0) ave= 4.638E-05 +/- 5.04 % S(l=1) ave= 5.880E-04 +/- 12.23 % S(l=2) ave= 0.000E+00 +/- 0.00 % S(l=3) ave= 0.000E+00 +/- 0.00 %  % || Fis(th) ave= 1.164E+02 b. +/- 12.38 %
 ... random file  3 Cap(th)  ave= 1.405E-01 b. +/- 36.01 % || Ela(th) ave= 9.481E+00 b. +/- 10.77 % || RIcap ave= 7.98E-02 b. +/- 56.77 % || Macs30 ave= 2.84E-03 b. +/- 52.79 % || Gn^0(l=0) ave= 1.218E-04 +/- 3.27 % Gn^0(l=1) ave= 1.344E-03 +/- 11.60 % Gn^0(l=2) ave= 0.000E+00 +/- 0.00 % Gn^0(l=3) ave= 0.000E+00 +/- 0.00 % || Gtotal(l=0) ave= 2.115E+03 +/- 0.28 % Gtotal(l=1) ave= 2.132E+03 +/- 0.00 % Gtotal(l=2) ave= 0.000E+00 +/- 0.00 % Gtotal(l=3) ave= 0.000E+00 +/- 0.00 %  % || Gg(l=0) ave= 8.582E-02 +/- 9.19 % Gg(l=1) ave= 8.722E-02 +/- 2.93 % Gg(l=2) ave= 0.000E+00 +/- 0.00 % Gg(l=3) ave= 0.000E+00 +/- 0.00 %  % || D(l=0) ave= 2.694E+00 +/- 1.65 % D(l=1) ave= 1.221E+00 +/- 0.00 % D(l=2) ave= 0.000E+00 +/- 0.00 % D(l=3) ave= 0.000E+00 +/- 0.00 %  % || S(l=0) ave= 4.692E-05 +/- 4.76 % S(l=1) ave= 5.743E-04 +/- 11.60 % S(l=2) ave= 0.000E+00 +/- 0.00 % S(l=3) ave= 0.000E+00 +/- 0.00 %  % || Fis(th) ave= 1.213E+02 b. +/- 12.42 %
 ... random file  4 Cap(th)  ave= 2.247E-01 b. +/- 77.62 % || Ela(th) ave= 9.725E+00 b. +/- 10.65 % || RIcap ave= 1.15E-01 b. +/- 70.32 % || Macs30 ave= 3.88E-03 b. +/- 63.59 % || Gn^0(l=0) ave= 1.225E-04 +/- 3.18 % Gn^0(l=1) ave= 1.310E-03 +/- 11.79 % Gn^0(l=2) ave= 0.000E+00 +/- 0.00 % Gn^0(l=3) ave= 0.000E+00 +/- 0.00 % || Gtotal(l=0) ave= 2.115E+03 +/- 0.26 % Gtotal(l=1) ave= 2.132E+03 +/- 0.00 % Gtotal(l=2) ave= 0.000E+00 +/- 0.00 % Gtotal(l=3) ave= 0.000E+00 +/- 0.00 %  % || Gg(l=0) ave= 8.743E-02 +/- 8.87 % Gg(l=1) ave= 8.415E-02 +/- 7.79 % Gg(l=2) ave= 0.000E+00 +/- 0.00 % Gg(l=3) ave= 0.000E+00 +/- 0.00 %  % || D(l=0) ave= 2.689E+00 +/- 1.53 % D(l=1) ave= 1.221E+00 +/- 0.00 % D(l=2) ave= 0.000E+00 +/- 0.00 % D(l=3) ave= 0.000E+00 +/- 0.00 %  % || S(l=0) ave= 4.731E-05 +/- 4.53 % S(l=1) ave= 5.601E-04 +/- 11.79 % S(l=2) ave= 0.000E+00 +/- 0.00 % S(l=3) ave= 0.000E+00 +/- 0.00 %  % || Fis(th) ave= 1.248E+02 b. +/- 12.14 %
 ... random file  5 Cap(th)  ave= 2.032E-01 b. +/- 81.82 % || Ela(th) ave= 9.424E+00 b. +/- 12.31 % || RIcap ave= 1.02E-01 b. +/- 77.51 % || Macs30 ave= 3.57E-03 b. +/- 65.91 % || Gn^0(l=0) ave= 1.226E-04 +/- 2.90 % Gn^0(l=1) ave= 1.358E-03 +/- 12.99 % Gn^0(l=2) ave= 0.000E+00 +/- 0.00 % Gn^0(l=3) ave= 0.000E+00 +/- 0.00 % || Gtotal(l=0) ave= 2.116E+03 +/- 0.24 % Gtotal(l=1) ave= 2.132E+03 +/- 0.00 % Gtotal(l=2) ave= 0.000E+00 +/- 0.00 % Gtotal(l=3) ave= 0.000E+00 +/- 0.00 %  % || Gg(l=0) ave= 8.501E-02 +/- 10.48 % Gg(l=1) ave= 8.635E-02 +/- 8.97 % Gg(l=2) ave= 0.000E+00 +/- 0.00 % Gg(l=3) ave= 0.000E+00 +/- 0.00 %  % || D(l=0) ave= 2.685E+00 +/- 1.42 % D(l=1) ave= 1.221E+00 +/- 0.00 % D(l=2) ave= 0.000E+00 +/- 0.00 % D(l=3) ave= 0.000E+00 +/- 0.00 %  % || S(l=0) ave= 4.739E-05 +/- 4.14 % S(l=1) ave= 5.804E-04 +/- 12.99 % S(l=2) ave= 0.000E+00 +/- 0.00 % S(l=3) ave= 0.000E+00 +/- 0.00 %  % || Fis(th) ave= 1.267E+02 b. +/- 11.43 %
 ... random file  6 Cap(th)  ave= 2.186E-01 b. +/- 72.50 % || Ela(th) ave= 9.564E+00 b. +/- 11.79 % || RIcap ave= 1.06E-01 b. +/- 69.65 % || Macs30 ave= 3.88E-03 b. +/- 59.43 % || Gn^0(l=0) ave= 1.216E-04 +/- 3.38 % Gn^0(l=1) ave= 1.337E-03 +/- 12.79 % Gn^0(l=2) ave= 0.000E+00 +/- 0.00 % Gn^0(l=3) ave= 0.000E+00 +/- 0.00 % || Gtotal(l=0) ave= 2.114E+03 +/- 0.29 % Gtotal(l=1) ave= 2.132E+03 +/- 0.00 % Gtotal(l=2) ave= 0.000E+00 +/- 0.00 % Gtotal(l=3) ave= 0.000E+00 +/- 0.00 %  % || Gg(l=0) ave= 8.709E-02 +/- 11.14 % Gg(l=1) ave= 8.567E-02 +/- 8.60 % Gg(l=2) ave= 0.000E+00 +/- 0.00 % Gg(l=3) ave= 0.000E+00 +/- 0.00 %  % || D(l=0) ave= 2.698E+00 +/- 1.72 % D(l=1) ave= 1.221E+00 +/- 0.00 % D(l=2) ave= 0.000E+00 +/- 0.00 % D(l=3) ave= 0.000E+00 +/- 0.00 %  % || S(l=0) ave= 4.681E-05 +/- 4.93 % S(l=1) ave= 5.716E-04 +/- 12.79 % S(l=2) ave= 0.000E+00 +/- 0.00 % S(l=3) ave= 0.000E+00 +/- 0.00 %  % || Fis(th) ave= 1.274E+02 b. +/- 10.62 %
 ... Histogram plot for thermal (n,g)
 ... Write covariances  ... MT1  ... plot correlations
 ... MT2  ... MT18  ... MT102 


 ================================================
 ============== From 6 random values === start ======
 Thermal (n,tot) xs  0 K =  137.214 b. +/- 13.2817 b. ( 9.67956 %) skew= -1.32 +/- 0.79
 Thermal (n,el) xs   0 K =  9.56424 b. +/- 1.1276 b. ( 11.7897 %) skew= -0.59 +/- 0.79
 Thermal (n,f) xs    0 K = 127.431 b. +/- 13.5296 b. ( 10.6172 %) skew= -1.42 +/- 0.79
 Thermal (n,g) xs    0 K =  0.218593 b. +/- 0.158473 b. ( 72.4968 %) skew= +1.26 +/- 0.79
 RI      (n,g)       0 K =  0.105963 b. +/- 0.0738014 b. ( 69.6483 %) 
 MACS    (n,g)       0 K (at Emacs= 30000 eV) =  0.0038757 b. +/- 0.00230318 b. ( 59.4261 %) 
 Ave. Gtotal  L=0        =  2.114E+03 +/- 0.29 %
 Ave. Gn^(0)  L=0        =  1.216E-04 +/- 3.38 %
 Ave. Gg      L=0        =  8.709E-02 +/- 11.14 %
 Ave. D       L=0        =  2.698E+00 +/- 1.72 %
 Ave. S       L=0        =  4.681E-05 +/- 4.93 %
 Ave. Gtotal  L=1        =  2.132E+03 +/- 0.00 %
 Ave. Gg      L=1        =  8.567E-02 +/- 8.60 %
 Ave. D       L=1        =  1.221E+00 +/- 0.00 %
 Ave. S       L=1        =  5.716E-04 +/- 12.79 %

 Expected Thermal (n,g) (syst or meas)= 78.49 b. +/- 66.7165 b. nominal: 0.134657 b.
 ratio Calculated/expected thermal (n,g): 0.00 ratio DCalculated/Dexpected: 0.00 ratio Calculated/Nominal: 1.62
 ============== From 6 random values ===== stop ======
 ================================================
 ... Calculation of (n,a) and (n,p) cross sections at 300 K
 ... thermal (n,a) cross section is 3.30992e-16 +/- 1.65496e-16 b.
 ... thermal (n,a) cross section is 0 b. (random case 1)
 ... thermal (n,a) cross section is 0 b. (random case 2)
 ... thermal (n,a) cross section is 0 b. (random case 3)
 ... thermal (n,a) cross section is 0 b. (random case 4)
 ... thermal (n,a) cross section is 0 b. (random case 5)
 ... thermal (n,a) cross section is 0 b. (random case 6)
 ... thermal (n,p) cross section is 3.30992e-16 +/- 1.65496e-16 b.
 ... thermal (n,p) cross section is 0 b. (random case 1)
 ... thermal (n,p) cross section is 0 b. (random case 2)
 ... thermal (n,p) cross section is 0 b. (random case 3)
 ... thermal (n,p) cross section is 0 b. (random case 4)
 ... thermal (n,p) cross section is 0 b. (random case 5)
 ... thermal (n,p) cross section is 0 b. (random case 6)
 ... Rewrite index for MF2
 ... Write text for MF1 in file mf1.tares.txt
 ... plotting cross sections for the MF1
 ... order output files

 ............................................................ 
 ...                                                      ... 
 ... MF2 format selection for the final file: n-Hs278.mf2.mlbw
 ... MF2 format : mlbw
 ... cross section values for the final mf2 file: START   ... 
 ... Import MF2 from TARES calculations
 ... End energy of TARES MF2 : 7.204479E+1 eV and limit to 40000 resonances
 ... File used for reconstruction: n-Hs278.mf2.reconst
 ... run RECENT ...
 ... Doppler broadened at a unique temperature: 0 Kelvin using sigma1
 ... The keyword temperature is zero, no Doppler broadening for the MACS

 ============== INTER values at 0 Kelvin ==============
 Thermal (n,g) xs =  0.134657 b. (meas/sys: 78.49 b.) (warning: comparison to be done at 296 or 300 K)
 Th Maxw (n,g) xs =  0.13479 b. (thermal Maxwellian value)
 Westcott factor  =  1.00097
 RI      (n,g)    =  0.0552283 b. (meas or sys: - b.)
 MACS 3.000e+04 eV=  7.286e-09 b. (meas or sys: - b.) from 1.00E+00 to 7.20E+01 eV (end of RRR) at T= 0 Kelvin 
 Thermal (n,el) xs=  9.37257 b.
 RI      (n,el)   =  45.7858 b.
 Thermal (n,f) xs =  119.474 b. (meas/sys: 1.61786 +/- 1.29429 b.)
 RI      (n,f) xs =  48.0943 b. 
 ============= PSYCHE values ==============
 Ave. G_total L0  =  2118.2 eV
 Ave. G_total L1  =  2132.43 eV
 Ave. Gn_0    L0  =  0.000123937
 Ave. Gn_0    L1  =  0.00134712
 Ave. Gg      L0  =  0.0851835 eV
 Ave. Gg      L1  =  0.0848521 eV
 Ave. D       L0  =  2.66833 eV
 Ave. D       L1  =  1.2211 eV
 Ave. S       L0  =  4.81679e-05 eV
 Ave. S       L1  =  0.000575788 eV
 =========================================
 ... cross section values for the final mf2 file: END     ... 
 ...                                                      ... 
 ............................................................ 


================== summary ==================
 Thermal (n,tot) xs = 128.981 b. 
 Thermal (n,el)  xs = 9.37257 b. 
 Thermal (n,g)   xs = 0.134657 b. (meas/sys: 78.49 b.)
 Thermal (n,f)   xs = 119.474 b. (meas/sys: 1.61786 +/- 1.29429 b.)
 At 300 K (thermal adjustment): (n,el) = 9.38979 b., (n,g) = 0.134727 b., (n,f) = 119.536 b.

 RI      (n,g)      = 0.0552283 b. (meas or sys: - b.)
 RI      (n,el)     = 45.7858 b.
 RI      (n,f)      = 48.0943 b. 
=============================================


 ... cleaning
                                                 
  -------------------------------------------------------------
  -                                                           -
  - TARES: successful end of run with data from hypothetical  -
  - resonances for Z= 108, A= 278 and isomer= 0               -
  - half-life: 2.000000 sec. 
  -                                                           -
  -------------------------------------------------------------

   Running time:       9 seconds

 End time: Wed Oct  7 09:57:10 2026

