
  -------------------------------------------------------------
  -                                                           -
  -              Welcome to TARES version 1.8                 -
  -                                                           -
  -  (C) Copyright 2007-2025 D. Rochman, All Rights Reserved  -
  -           NRG, Petten, the Netherlands 2007-2014          -
  -           PSI, Villigen    Switzerland 2015-2025          -
  -         Nagra, Wettingen   Switzerland 2025-              -
  -           (Last Modified October 06, 2026)                -
  -           (Database from October 06, 2026)                -
  -                                                           -
  -------------------------------------------------------------


  ---------------------------------------------
   Compilation information:
   Compiled on:         Oct  7 2026, 09:32:19
   Compiled by:         koning
   Compiler version:    clang++ - 21.0.0
   Source location:     /Users/koning/tares-1.8/source/Module/
   Binaries location:   /Users/koning/bin
   System:              Darwin 25.6.0
   System version:      Darwin Kernel Version 25.6.0: Fri Jul 31 19:19:08 PDT 2026; root:xnu-12377.161.14~5/RELEASE_ARM64_T6050  
   Machine:             arm64 
  ---------------------------------------------

   User information:
   User name:           koning
   Running directory:   /Users/koning/tendl/resbase/Hg197/work
   Owner mode for running directory : rwx
   Group mode for running directory : r-x
  ---------------------------------------------


 Starting time: Wed Oct  7 09:49:30 2026
 ... inputs directory found (/Users/koning/tares-1.8/source/Module//../../inputs/).
 ... It will be used for resonance parameters 
 ... ###############################################
 ... #     read the input file tares.inp
 ... ###############################################
 ... line: #
 ... line: # Input file generated by Autorochman
          --> line not read
 ... line: #
 ... line: isotope    Hg
          --> Isotope name: Hg
 ... line: mass       197
          --> isotopic mass: 197
 ... line: output     n-Hg197
         ---> Name of the output files: n-Hg197
 ... line: isomer     0
          --> isomeric state: 0
 ... line: mf32mf33   y
          --> MF33 based on MF32: y
 ... line: nbrRandom  10
          --> Nbr of random files: 10
 ... ###############################################
 ... # end read the input file tares.inp
 ... ###############################################
Value for random generator type not considered in since Tares 1.7 due to compilation issues

 ... ###############################################
     #   Interpretation of the Input definition    #
     ###############################################

 ... Default energy limit: End of resonance region
 ... Nuclear charge    = 80
 ... Element           = Hg
 ... Mass              = 197
 ... Isomer            = 0
 ... Correlation for (Gn,Gg) not included in random files
 ... Default random option: No random
 ... Output name: n-Hg197
 ... Energy for the MACS: 30000 eV
 ... Resonances from CALENDF reduced (reduce=y) 
 ... For URR, level density model from TALYS selected: 91n3n12611.2850 (see manual for description)
 ... Random Generator: default (pseudo random numbers from ansi c++)
 ... Reconstruction of cross section selected
 ... Doppler broadening at 0 Kelvin
 ... URR not included (from the input file flag)
 ... Weight for grouping is flat
 ... Calculation of (n,alpha) cross section selected
 ... Number of digit for MF32c covariance representation: 2
 ... MF32 included
 ... MF33 will be used for covariance processing
 ... TENDL option set to yes (automatic choice of MF2 and format)
 ... Isotope not found in the best file --> use of MLBW formalism
 ... default option: Multi level Breit Wigner approximation selected
 ... (check file best.tendl.yes for changing this option)
 ... Retroactive option set to no with the 2025 option
 ... ladder option set to yes (CALENDF will be used for statistical resonances)

 ... ###############################################
     #           End of Input definition           #
     ###############################################

 ... gnuplot found, will be used for plotting
 ... latex found, will be used for plotting
 ... dvips found, will be used for plotting
 ... ps2epsi not found, limited plotting available
 ... uncertainties on default parameters multiplied by 1.38936
 ... Read resonance data from the 2025 directory
 ... Resonance parameters taken from /Users/koning/tares-1.8/source/Module//../../inputs/2025/Resonance/default/
 ---> Processing Z= 80 and A= 197 and isomer= 0 (level number: 0)
 Exfor path; Could not find /Users/koning/tares-1.8/source/Module//../../inputs/exfor/Hg197/xs/102
Thermal file; Could not open file /Users/koning/tares-1.8/source/Module//../../inputs/2025/runThermal/results//thermal.mxw.ng.cendl3.1
Thermal file; Could not open file /Users/koning/tares-1.8/source/Module//../../inputs/2025/runThermal/results//thermal.mxw.ng.brond3.1
Thermal file; Could not open file /Users/koning/tares-1.8/source/Module//../../inputs/2025/runThermal/results//thermal.xs.ng.unc.cendl3.1
 ... spin taken from the final/ directory (1)

 ... ###############################################
 ... #  Nucleus global parameters (2025 database)  #
 ... ###############################################
 0. Half-life: 2.70486 days 
 ... Scattering radius from TALYS: /Users/koning/tares-1.8/source/Module//../../inputs/2025/lib.urr/talys.urr/
 1. Spin of the target isotope: 0.5
 2. Relative Atomic Mass of the target isotope: 196.967
 3. Scattering radius (local compilation): 7.71805 fm +/- 0.138925 fm
      .......................................
      ... Thermal capture cross sections: ...
 4. Thermal (n,g) cross section from systematics: 33.69 +/- 8.4225 b.
 5. Thermal (n,g) cross section from compilation (Firestone-2022 average on element Hg): 375 +/- 4 b.
 6. Thermal (n,g) cross section from compilation (Firestone-2022 final on element Hg): 374 +/- 3 b.
 7. Thermal (n,g) cross section from EAF-2010: 19.38 b.
 8. Thermal (n,g) cross section from ENDF/B-VIII.1: 6.612 b.
 9. Thermal (n,g) cross section from ENDF/B-VIII.0: 6.637 b.
 10. Thermal (n,g) cross section from TENDL-2023: 34.21 +/- 16.44 b.
 11. Thermal (n,g) cross section from JENDL-5.0: 2.31 b.
      .......................................
      ...  Thermal total cross sections:  ...
      .......................................
      ... Thermal elastic cross sections: ...
 12. Thermal (n,el) cross section from ENDF/B-VIII.1: 11.15 b.
 13. Thermal (n,el) cross section from ENDF/B-VIII.0: 11.15 b.
 14. Thermal (n,el) cross section from potential (4piR^2): 9.69974 +/- 0.484987 b.
      .......................................
             ... Resonance integral: ...
 15. No capture integral found in /Users/koning/tares-1.8/source/Module//../../inputs/capture.integral
 ... no RI(n,g) found in local compilation, take 2018 value.
 ... no RI(n,g) found in local compilation, take Sukhoruchkin value.
   ---- MACS 30 keV ----- 
 16. TALYS MACS 30 keV (HF): 0.690681 b. 
   ---------- S0 -------- 
 17. S0 from TALYS: 1.08873
   ---------- S1 -------- 
 18. S1 from TALYS: 0.445907
   ---------- S2 -------- 
 19. S2 from TALYS: 2.2684
   ---------- D0 -------- 
 20. D0 from TALYS: 21.2283 eV
   ---------- D1 -------- 
 21. D1 from TALYS: 9.69665 eV
   ---------- D2 -------- 
 22. D2 from TALYS: 6.07722 eV
   ---------- G0 -------- 
 23. Gg0 from TALYS: 0.156745 eV
   ---------- G1 -------- 
 24. Gg1 from TALYS: 0.156815 eV
   ---------- G2 -------- 
 25. Gg2 from TALYS: 0.176062 eV


   ---------------------- 
 ... Read resonance parameters (format: 2: Multi Level Breit Wigner)
 ... 0 resonances found 
 ... possibly no resonances in the Resonance directory for this isotope and options
 ... Use HFR (ladder) behavior 
 --> 27. Number of resonances from the input file: 2 up to 10.6142 eV
 28. Read nuclear quantities (mass, MAT...)
 29. Read thermal (n,g) xs 
 30. Read the scattering radius 
 31. Read uncertainty on Gg for 2 resonances
 32. Read uncertainty on Gg for 2 resonances ... done
 ... order resonances 
 ... Upper limit for the RRR: 10.6142 eV (no statistical resonances HFR) from the limit.RRR file
 ... Write parameters for l=0 waves
 ... End writing original MF2 
 ... No RRR in the database: uncertainties on default parameters multiplied by 1.99753
 ... Enter in urr function (ladder option set to y) for file n-Hg197
 ... read the file /Users/koning/tares-1.8/source/Module//../../inputs/2025/list.jcs.urr to find URR origin
 Default URR taken from TALYS calculations with level density model: 91n3n12611.2850
 File considered for the URR: /Users/koning/tares-1.8/source/Module//../../inputs/2025/lib.urr/talys.urr/91n3n12611.2850/Hg/urr/urr.dat.Hg.197.000.0.gz
 ... Write URR using TALYS average parameters (used for HFR)
 ... Limit of URR changed to 25 keV (recommendation from WPEC and JEFF)
 ... Extract the Sn value from file ./urr.dat.Hg.197.0.0
 ... found Sn= 8.4854 MeV
 ... estimated number of resonances up to 238.391 eV:  11.2298 resonances
 ... This is a test here. The higher energy limit to include URR data for calendf is set to max Sn. 24/03/2016
 ... Use Sn to define the maximum energy for the URR: Sn= 8.4854 MeV --> last_energyURR= 238.391 eV
 ... read D0, S0, Gn and Gg
 ... number of URR energies: 1112
 Number of l: 1112 and last energy: 8
 Last  URR energy: 238.391 eV
 ... Enter in to_MLBW_mf2 function
 ... Convert to Multi Level Breit Wigner (MLBW)
 ... Write parameter covariances (MF32) for l=0
 ... Convert parameter covariances (MF32) to MLBW
 ... copy the mf2 and mf32 to .mlbw files
 ... Enter in urr_correct function case 1
 Modify the higher limit of RRR in MF2
 --> old value: 1.066724+1 eV new value: 1.000000-2 eV
 Modify resonance covariances (MF32) to include correlations in the URR
 End Modify resonance covariances (MF32) to include correlations in the URR
 ... Enter in calendf_xs function
 Use CALENDF for statistical resonances (update MF2) up to 2.383910+2 eV (initial limit)
 Extract resonances from CALENDF for RRR->URR 2
 68 statistical resonances found
 After reduction, 65 statistical resonances found
 ... checking resonance order 1
 ... checking resonance order 2nd round for 63 resonances
 ... end checking resonance order 2nd round
 .......................................................
 ... Adjustment to the thermal cross section : start ...
 .......................................................

 Before adjustment (adjustment to the thermal cross section set to y)
 ... Import MF2 from TARES calculations
 ... End energy of TARES MF2 : 2.229291E+2 eV and limit to 40000 resonances
 ... File used for reconstruction: new.temp22.reconst
 ... run RECENT ...
 ... Doppler broadened at a unique temperature: 300 Kelvin using sigma1
 ... run SIGMA1 at 3.000000E+02 K.

 ============== INTER values at 300 Kelvin ==============
 Thermal (n,g) xs =  14.76 b. (meas/sys: 33.69 b.) (warning: comparison to be done at 296 or 300 K)
 Th Maxw (n,g) xs =  14.83 b. (thermal Maxwellian value)
 Westcott factor  =  1.00477
 RI      (n,g)    =  79.8605 b. (meas or sys: - b.)
 MACS 3.000e+04 eV=  0.68647 b. (meas or sys: - b.) from 1.00E+00 to 2.00E+07 eV (end of RRR) at T= 300 Kelvin 
 Thermal (n,el) xs=  8.99448 b.
 RI      (n,el)   =  73.6328 b.
 ============= PSYCHE values ==============
 Ave. G_total L0  =  0.224181 eV
 Ave. G_total L1  =  0.153199 eV
 Ave. G_total L2  =  0.159352 eV
 Ave. Gn_0    L0  =  0.00427326
 Ave. Gn_0    L1  =  0.00128862
 Ave. Gn_0    L2  =  0.00994716
 Ave. Gg      L0  =  0.172199 eV
 Ave. Gg      L1  =  0.153192 eV
 Ave. Gg      L2  =  0.159352 eV
 Ave. D       L0  =  24.7699 eV
 Ave. D       L1  =  12.3849 eV
 Ave. D       L2  =  14.8619 eV
 Ave. S       L0  =  0.000122386 eV
 Ave. S       L1  =  3.15382e-05 eV
 Ave. S       L2  =  0.000154681 eV
 =========================================
 Calculated capture integral   79.8605 b.
 Calculated thermal (n,g)=          14.7599998 b. and recommended= 33.69 b. (C/E= 0.438112)
 Calculated RI      (n,g)= 79.8605 b. (no reference value)
 ... tolerances: thermal (n,g) 20 % (reference uncertainties, minimum 2% and 5%, maximum 20%)
 Adjust the capture widths ...
 ... capture adjusted with Gn for 62 resonances (Gn<Gg) and with Gg for 1 resonances
 ... iteration 0: C/E thermal (n,g)= 0.438112

 <-------- After adjustment -------->
 ... Import MF2 from TARES calculations
 ... End energy of TARES MF2 : 2.229291E+2 eV and limit to 40000 resonances
 ... File used for reconstruction: new.temp22.reconst
 ... run RECENT ...
 ... Doppler broadened at a unique temperature: 300 Kelvin using sigma1
 ... run SIGMA1 at 3.000000E+02 K.

 ============== INTER values at 300 Kelvin ==============
 Thermal (n,g) xs =  27.6258 b. (meas/sys: 33.69 b.) (warning: comparison to be done at 296 or 300 K)
 Th Maxw (n,g) xs =  27.758 b. (thermal Maxwellian value)
 Westcott factor  =  1.00477
 RI      (n,g)    =  116.212 b. (meas or sys: - b.)
 MACS 3.000e+04 eV=  0.6869 b. (meas or sys: - b.) from 1.00E+00 to 2.00E+07 eV (end of RRR) at T= 300 Kelvin 
 Thermal (n,el) xs=  10.9012 b.
 RI      (n,el)   =  90.0062 b.
 ============= PSYCHE values ==============
 Ave. G_total L0  =  0.259091 eV
 Ave. G_total L1  =  0.153205 eV
 Ave. G_total L2  =  0.159352 eV
 Ave. Gn_0    L0  =  0.00606878
 Ave. Gn_0    L1  =  0.00241187
 Ave. Gn_0    L2  =  0.0186178
 Ave. Gg      L0  =  0.187546 eV
 Ave. Gg      L1  =  0.153192 eV
 Ave. Gg      L2  =  0.159352 eV
 Ave. D       L0  =  24.7699 eV
 Ave. D       L1  =  12.3849 eV
 Ave. D       L2  =  14.8619 eV
 Ave. S       L0  =  0.000164157 eV
 Ave. S       L1  =  5.90289e-05 eV
 Ave. S       L2  =  0.000289512 eV
 =========================================
 ... iteration 1: C/E thermal (n,g)= 0.82


 ... ratio C/E thermal (n,g): 8.199999E-01
 ...................................................... 
 ... Adjustment to the thermal cross section : stop ...
 ...................................................... 
 ... new MF2 file after adjustment: n-Hg197
 ... read the file /Users/koning/tares-1.8/source/Module//../../inputs/2025/list.jcs.urr to find URR origin
 Default URR taken from TALYS calculations with level density model: 91n3n12611.2850
 File considered for the URR: /Users/koning/tares-1.8/source/Module//../../inputs/2025/lib.urr/talys.urr/91n3n12611.2850/Hg/urr/urr.dat.Hg.197.000.0.gz
 ... Write URR using TALYS average parameters (not used for HFR)
 ... Limit of URR changed to 25 keV (recommendation from WPEC and JEFF)
 ... read D0, S0, Gn and Gg
 ... number of URR energies: 960
 Number of l: 960 and last energy: 8
 Last  URR energy: 132620 eV
 Energies in the URR : 960 -> reduced by a factor 2
 Energies in the URR : 472 -> reduced by a factor 2
 ... Enter in urr_correct function case 2
 Modify the higher limit of RRR in MF2
 --> old value: 2.229291+2 eV new value: 2.229291+2 eV
 Modify resonance covariances (MF32) to include correlations in the URR
 End Modify resonance covariances (MF32) to include correlations in the URR
 ... Enter in update_MF32 function
 ... Change uncertainties
 ... for the HFR, random position of the positive resonances with 0.020000 %
 ... end of update MF32 function
 ... GLS calculation of the parameter correlations from the thermal/RI adjustment (MF32c)
 ... MF32: correlations from the thermal/RI adjustment (GLS) for 7 resonances (14 widths), 7 correlation lines
 ...   thermal (n,g): uncertainty from these widths 10.5888 b. -> 6.59159 b. (reference: 33.69 +/- 8.4225 b.)
 ... copy the mf2 and mf32 to .mlbw files

 ... Start of final reconstruction and testing ...
 ... Reconstruction of cross sections at 0 Kelvin  ... Import MF2 from TARES calculations
 ... End energy of TARES MF2 : 2.229291E+2 eV and limit to 40000 resonances
 ... File used for reconstruction: n-Hg197.reconst
 ... run RECENT ...
 ... Doppler broadened at a unique temperature: 0 Kelvin using sigma1
 ... The keyword temperature is zero, no Doppler broadening for the MACS

 ============== INTER values at 0 Kelvin ==============
 Thermal (n,g) xs =  27.6117 b. (meas/sys: 33.69 b.) (warning: comparison to be done at 296 or 300 K)
 Th Maxw (n,g) xs =  27.597 b. (thermal Maxwellian value)
 Westcott factor  =  0.99947
 RI      (n,g)    =  116.01 b. (meas or sys: - b.)
 MACS 3.000e+04 eV=  0.68306 b. (meas or sys: - b.) from 1.00E+00 to 2.23E+02 eV (end of RRR) at T= 0 Kelvin 
 Thermal (n,el) xs=  10.873 b.
 RI      (n,el)   =  86.3791 b.
 ============= PSYCHE values ==============
 Ave. G_total L0  =  0.259091 eV
 Ave. G_total L1  =  0.153205 eV
 Ave. G_total L2  =  0.159352 eV
 Ave. Gn_0    L0  =  0.00606878
 Ave. Gn_0    L1  =  0.00241187
 Ave. Gn_0    L2  =  0.0186178
 Ave. Gg      L0  =  0.187546 eV
 Ave. Gg      L1  =  0.153192 eV
 Ave. Gg      L2  =  0.159352 eV
 Ave. D       L0  =  24.7699 eV
 Ave. D       L1  =  12.3849 eV
 Ave. D       L2  =  14.8619 eV
 Ave. S       L0  =  0.000164157 eV
 Ave. S       L1  =  5.90289e-05 eV
 Ave. S       L2  =  0.000289512 eV
 =========================================
 ... End of final reconstruction and testing ...

 ... grouping is not optimum, change to 70 groups
 ... Produce MF33 based on MF32 and 10 random files
 ... run endsam for 10 in groups of 1 global run
 ... run endsam from 1 to 10
 ... reorder resonance position after endsam (sampling)
 ... preparing the vectors  ... done
 ... nominal file 0 Cap(th)  ave= 2.761E+01 b. +/- 0.00 % || Ela(th) ave= 1.087E+01 b. +/- 0.00 % || RIcap ave= 9.16E+01 b. +/- 0.00 % || Macs30 ave= 4.63E+01 b. +/- 0.00 % || Gn^0(l=0) ave= 6.069E-03 +/- 0.00 % Gn^0(l=1) ave= 2.412E-03 +/- 0.00 % Gn^0(l=2) ave= 1.862E-02 +/- 0.00 % Gn^0(l=3) ave= 0.000E+00 +/- 0.00 % || Gtotal(l=0) ave= 2.591E-01 +/- 0.00 % Gtotal(l=1) ave= 1.532E-01 +/- 0.00 % Gtotal(l=2) ave= 1.594E-01 +/- 0.00 % Gtotal(l=3) ave= 0.000E+00 +/- 0.00 %  % || Gg(l=0) ave= 1.875E-01 +/- 0.00 % Gg(l=1) ave= 1.532E-01 +/- 0.00 % Gg(l=2) ave= 1.594E-01 +/- 0.00 % Gg(l=3) ave= 0.000E+00 +/- 0.00 %  % || D(l=0) ave= 2.477E+01 +/- 0.00 % D(l=1) ave= 1.238E+01 +/- 0.00 % D(l=2) ave= 1.486E+01 +/- 0.00 % D(l=3) ave= 0.000E+00 +/- 0.00 %  % || S(l=0) ave= 1.642E-04 +/- 0.00 % S(l=1) ave= 5.903E-05 +/- 0.00 % S(l=2) ave= 2.895E-04 +/- 0.00 % S(l=3) ave= 0.000E+00 +/- 0.00 % 
 ... random file  1 Cap(th)  ave= 2.082E+01 b. +/- 32.61 % || Ela(th) ave= 1.097E+01 b. +/- 0.84 % || RIcap ave= 9.10E+01 b. +/- 0.68 % || Macs30 ave= 4.61E+01 b. +/- 0.49 % || Gn^0(l=0) ave= 6.065E-03 +/- 0.07 % Gn^0(l=1) ave= 2.375E-03 +/- 1.55 % Gn^0(l=2) ave= 1.806E-02 +/- 3.09 % Gn^0(l=3) ave= 0.000E+00 +/- 0.00 % || Gtotal(l=0) ave= 2.591E-01 +/- 0.00 % Gtotal(l=1) ave= 1.532E-01 +/- 0.00 % Gtotal(l=2) ave= 1.594E-01 +/- 0.00 % Gtotal(l=3) ave= 0.000E+00 +/- 0.00 %  % || Gg(l=0) ave= 1.904E-01 +/- 1.49 % Gg(l=1) ave= 1.557E-01 +/- 1.60 % Gg(l=2) ave= 1.823E-01 +/- 12.57 % Gg(l=3) ave= 0.000E+00 +/- 0.00 %  % || D(l=0) ave= 2.477E+01 +/- 0.00 % D(l=1) ave= 1.238E+01 +/- 0.00 % D(l=2) ave= 1.486E+01 +/- 0.00 % D(l=3) ave= 0.000E+00 +/- 0.00 %  % || S(l=0) ave= 1.642E-04 +/- 0.01 % S(l=1) ave= 5.816E-05 +/- 1.49 % S(l=2) ave= 2.808E-04 +/- 3.09 % S(l=3) ave= 0.000E+00 +/- 0.00 % 
 ... random file  2 Cap(th)  ave= 2.427E+01 b. +/- 30.43 % || Ela(th) ave= 1.077E+01 b. +/- 2.64 % || RIcap ave= 9.15E+01 b. +/- 0.87 % || Macs30 ave= 4.58E+01 b. +/- 0.95 % || Gn^0(l=0) ave= 6.019E-03 +/- 1.07 % Gn^0(l=1) ave= 2.424E-03 +/- 3.11 % Gn^0(l=2) ave= 1.887E-02 +/- 6.56 % Gn^0(l=3) ave= 0.000E+00 +/- 0.00 % || Gtotal(l=0) ave= 2.578E-01 +/- 0.71 % Gtotal(l=1) ave= 1.532E-01 +/- 0.00 % Gtotal(l=2) ave= 1.594E-01 +/- 0.00 % Gtotal(l=3) ave= 0.000E+00 +/- 0.00 %  % || Gg(l=0) ave= 1.920E-01 +/- 1.72 % Gg(l=1) ave= 1.625E-01 +/- 6.08 % Gg(l=2) ave= 1.689E-01 +/- 15.74 % Gg(l=3) ave= 0.000E+00 +/- 0.00 %  % || D(l=0) ave= 2.580E+01 +/- 5.66 % D(l=1) ave= 1.238E+01 +/- 0.00 % D(l=2) ave= 1.486E+01 +/- 0.00 % D(l=3) ave= 0.000E+00 +/- 0.00 %  % || S(l=0) ave= 1.557E-04 +/- 7.67 % S(l=1) ave= 5.942E-05 +/- 3.22 % S(l=2) ave= 2.935E-04 +/- 6.56 % S(l=3) ave= 0.000E+00 +/- 0.00 % 
 ... random file  3 Cap(th)  ave= 2.508E+01 b. +/- 26.11 % || Ela(th) ave= 1.073E+01 b. +/- 2.40 % || RIcap ave= 8.85E+01 b. +/- 5.74 % || Macs30 ave= 4.24E+01 b. +/- 14.04 % || Gn^0(l=0) ave= 5.964E-03 +/- 1.85 % Gn^0(l=1) ave= 2.438E-03 +/- 2.86 % Gn^0(l=2) ave= 1.908E-02 +/- 5.93 % Gn^0(l=3) ave= 0.000E+00 +/- 0.00 % || Gtotal(l=0) ave= 2.572E-01 +/- 0.75 % Gtotal(l=1) ave= 1.532E-01 +/- 0.00 % Gtotal(l=2) ave= 1.594E-01 +/- 0.00 % Gtotal(l=3) ave= 0.000E+00 +/- 0.00 %  % || Gg(l=0) ave= 1.916E-01 +/- 1.55 % Gg(l=1) ave= 1.573E-01 +/- 7.89 % Gg(l=2) ave= 1.725E-01 +/- 13.83 % Gg(l=3) ave= 0.000E+00 +/- 0.00 %  % || D(l=0) ave= 2.632E+01 +/- 5.88 % D(l=1) ave= 1.238E+01 +/- 0.00 % D(l=2) ave= 1.486E+01 +/- 0.00 % D(l=3) ave= 0.000E+00 +/- 0.00 %  % || S(l=0) ave= 1.508E-04 +/- 8.86 % S(l=1) ave= 5.976E-05 +/- 2.94 % S(l=2) ave= 2.968E-04 +/- 5.93 % S(l=3) ave= 0.000E+00 +/- 0.00 % 
 ... random file  4 Cap(th)  ave= 2.346E+01 b. +/- 28.54 % || Ela(th) ave= 1.103E+01 b. +/- 5.80 % || RIcap ave= 8.80E+01 b. +/- 5.32 % || Macs30 ave= 4.24E+01 b. +/- 12.58 % || Gn^0(l=0) ave= 5.930E-03 +/- 2.03 % Gn^0(l=1) ave= 2.370E-03 +/- 6.33 % Gn^0(l=2) ave= 1.809E-02 +/- 12.37 % Gn^0(l=3) ave= 0.000E+00 +/- 0.00 % || Gtotal(l=0) ave= 2.568E-01 +/- 0.74 % Gtotal(l=1) ave= 1.532E-01 +/- 0.00 % Gtotal(l=2) ave= 1.594E-01 +/- 0.00 % Gtotal(l=3) ave= 0.000E+00 +/- 0.00 %  % || Gg(l=0) ave= 1.953E-01 +/- 4.05 % Gg(l=1) ave= 1.538E-01 +/- 8.56 % Gg(l=2) ave= 1.758E-01 +/- 12.71 % Gg(l=3) ave= 0.000E+00 +/- 0.00 %  % || D(l=0) ave= 2.663E+01 +/- 5.70 % D(l=1) ave= 1.238E+01 +/- 0.00 % D(l=2) ave= 1.486E+01 +/- 0.00 % D(l=3) ave= 0.000E+00 +/- 0.00 %  % || S(l=0) ave= 1.477E-04 +/- 9.14 % S(l=1) ave= 5.810E-05 +/- 6.33 % S(l=2) ave= 2.813E-04 +/- 12.37 % S(l=3) ave= 0.000E+00 +/- 0.00 % 
 ... random file  5 Cap(th)  ave= 2.346E+01 b. +/- 26.05 % || Ela(th) ave= 1.109E+01 b. +/- 5.44 % || RIcap ave= 8.70E+01 b. +/- 5.49 % || Macs30 ave= 4.12E+01 b. +/- 13.35 % || Gn^0(l=0) ave= 5.911E-03 +/- 1.98 % Gn^0(l=1) ave= 2.355E-03 +/- 5.99 % Gn^0(l=2) ave= 1.784E-02 +/- 11.86 % Gn^0(l=3) ave= 0.000E+00 +/- 0.00 % || Gtotal(l=0) ave= 2.565E-01 +/- 0.71 % Gtotal(l=1) ave= 1.532E-01 +/- 0.00 % Gtotal(l=2) ave= 1.594E-01 +/- 0.00 % Gtotal(l=3) ave= 0.000E+00 +/- 0.00 %  % || Gg(l=0) ave= 1.879E-01 +/- 9.60 % Gg(l=1) ave= 1.519E-01 +/- 8.39 % Gg(l=2) ave= 1.730E-01 +/- 12.33 % Gg(l=3) ave= 0.000E+00 +/- 0.00 %  % || D(l=0) ave= 2.683E+01 +/- 5.44 % D(l=1) ave= 1.238E+01 +/- 0.00 % D(l=2) ave= 1.486E+01 +/- 0.00 % D(l=3) ave= 0.000E+00 +/- 0.00 %  % || S(l=0) ave= 1.459E-04 +/- 8.90 % S(l=1) ave= 5.772E-05 +/- 6.00 % S(l=2) ave= 2.774E-04 +/- 11.86 % S(l=3) ave= 0.000E+00 +/- 0.00 % 
 ... random file  6 Cap(th)  ave= 2.521E+01 b. +/- 28.15 % || Ela(th) ave= 1.120E+01 b. +/- 5.49 % || RIcap ave= 8.77E+01 b. +/- 5.35 % || Macs30 ave= 4.10E+01 b. +/- 12.46 % || Gn^0(l=0) ave= 5.941E-03 +/- 2.21 % Gn^0(l=1) ave= 2.330E-03 +/- 6.19 % Gn^0(l=2) ave= 1.745E-02 +/- 12.48 % Gn^0(l=3) ave= 0.000E+00 +/- 0.00 % || Gtotal(l=0) ave= 2.569E-01 +/- 0.74 % Gtotal(l=1) ave= 1.532E-01 +/- 0.00 % Gtotal(l=2) ave= 1.594E-01 +/- 0.00 % Gtotal(l=3) ave= 0.000E+00 +/- 0.00 %  % || Gg(l=0) ave= 1.826E-01 +/- 11.55 % Gg(l=1) ave= 1.553E-01 +/- 9.31 % Gg(l=2) ave= 1.699E-01 +/- 12.47 % Gg(l=3) ave= 0.000E+00 +/- 0.00 %  % || D(l=0) ave= 2.654E+01 +/- 5.77 % D(l=1) ave= 1.238E+01 +/- 0.00 % D(l=2) ave= 1.486E+01 +/- 0.00 % D(l=3) ave= 0.000E+00 +/- 0.00 %  % || S(l=0) ave= 1.487E-04 +/- 9.29 % S(l=1) ave= 5.709E-05 +/- 6.23 % S(l=2) ave= 2.713E-04 +/- 12.48 % S(l=3) ave= 0.000E+00 +/- 0.00 % 
 ... random file  7 Cap(th)  ave= 2.593E+01 b. +/- 26.62 % || Ela(th) ave= 1.128E+01 b. +/- 5.45 % || RIcap ave= 8.76E+01 b. +/- 5.01 % || Macs30 ave= 4.06E+01 b. +/- 12.18 % || Gn^0(l=0) ave= 5.958E-03 +/- 2.18 % Gn^0(l=1) ave= 2.311E-03 +/- 6.25 % Gn^0(l=2) ave= 1.715E-02 +/- 12.73 % Gn^0(l=3) ave= 0.000E+00 +/- 0.00 % || Gtotal(l=0) ave= 2.572E-01 +/- 0.75 % Gtotal(l=1) ave= 1.532E-01 +/- 0.00 % Gtotal(l=2) ave= 1.594E-01 +/- 0.00 % Gtotal(l=3) ave= 0.000E+00 +/- 0.00 %  % || Gg(l=0) ave= 1.822E-01 +/- 10.86 % Gg(l=1) ave= 1.582E-01 +/- 9.81 % Gg(l=2) ave= 1.672E-01 +/- 12.59 % Gg(l=3) ave= 0.000E+00 +/- 0.00 %  % || D(l=0) ave= 2.632E+01 +/- 5.88 % D(l=1) ave= 1.238E+01 +/- 0.00 % D(l=2) ave= 1.486E+01 +/- 0.00 % D(l=3) ave= 0.000E+00 +/- 0.00 %  % || S(l=0) ave= 1.506E-04 +/- 9.24 % S(l=1) ave= 5.662E-05 +/- 6.28 % S(l=2) ave= 2.667E-04 +/- 12.73 % S(l=3) ave= 0.000E+00 +/- 0.00 % 
 ... random file  8 Cap(th)  ave= 2.595E+01 b. +/- 25.08 % || Ela(th) ave= 1.127E+01 b. +/- 5.15 % || RIcap ave= 8.74E+01 b. +/- 4.82 % || Macs30 ave= 4.03E+01 b. +/- 11.66 % || Gn^0(l=0) ave= 5.938E-03 +/- 2.26 % Gn^0(l=1) ave= 2.311E-03 +/- 5.89 % Gn^0(l=2) ave= 1.714E-02 +/- 12.01 % Gn^0(l=3) ave= 0.000E+00 +/- 0.00 % || Gtotal(l=0) ave= 2.569E-01 +/- 0.75 % Gtotal(l=1) ave= 1.532E-01 +/- 0.00 % Gtotal(l=2) ave= 1.594E-01 +/- 0.00 % Gtotal(l=3) ave= 0.000E+00 +/- 0.00 %  % || Gg(l=0) ave= 1.786E-01 +/- 11.88 % Gg(l=1) ave= 1.564E-01 +/- 9.87 % Gg(l=2) ave= 1.675E-01 +/- 11.86 % Gg(l=3) ave= 0.000E+00 +/- 0.00 %  % || D(l=0) ave= 2.649E+01 +/- 5.81 % D(l=1) ave= 1.238E+01 +/- 0.00 % D(l=2) ave= 1.486E+01 +/- 0.00 % D(l=3) ave= 0.000E+00 +/- 0.00 %  % || S(l=0) ave= 1.489E-04 +/- 9.36 % S(l=1) ave= 5.662E-05 +/- 5.92 % S(l=2) ave= 2.666E-04 +/- 12.01 % S(l=3) ave= 0.000E+00 +/- 0.00 % 
 ... random file  9 Cap(th)  ave= 2.742E+01 b. +/- 27.63 % || Ela(th) ave= 1.128E+01 b. +/- 4.89 % || RIcap ave= 8.81E+01 b. +/- 5.19 % || Macs30 ave= 4.06E+01 b. +/- 11.19 % || Gn^0(l=0) ave= 5.930E-03 +/- 2.19 % Gn^0(l=1) ave= 2.308E-03 +/- 5.60 % Gn^0(l=2) ave= 1.709E-02 +/- 11.46 % Gn^0(l=3) ave= 0.000E+00 +/- 0.00 % || Gtotal(l=0) ave= 2.568E-01 +/- 0.74 % Gtotal(l=1) ave= 1.532E-01 +/- 0.00 % Gtotal(l=2) ave= 1.594E-01 +/- 0.00 % Gtotal(l=3) ave= 0.000E+00 +/- 0.00 %  % || Gg(l=0) ave= 1.865E-01 +/- 16.70 % Gg(l=1) ave= 1.559E-01 +/- 9.46 % Gg(l=2) ave= 1.640E-01 +/- 13.21 % Gg(l=3) ave= 0.000E+00 +/- 0.00 %  % || D(l=0) ave= 2.663E+01 +/- 5.70 % D(l=1) ave= 1.238E+01 +/- 0.00 % D(l=2) ave= 1.486E+01 +/- 0.00 % D(l=3) ave= 0.000E+00 +/- 0.00 %  % || S(l=0) ave= 1.478E-04 +/- 9.25 % S(l=1) ave= 5.654E-05 +/- 5.64 % S(l=2) ave= 2.658E-04 +/- 11.46 % S(l=3) ave= 0.000E+00 +/- 0.00 % 
 ... random file  10 Cap(th)  ave= 2.727E+01 b. +/- 26.54 % || Ela(th) ave= 1.127E+01 b. +/- 4.68 % || RIcap ave= 8.83E+01 b. +/- 4.97 % || Macs30 ave= 4.08E+01 b. +/- 10.69 % || Gn^0(l=0) ave= 5.945E-03 +/- 2.23 % Gn^0(l=1) ave= 2.311E-03 +/- 5.35 % Gn^0(l=2) ave= 1.713E-02 +/- 10.92 % Gn^0(l=3) ave= 0.000E+00 +/- 0.00 % || Gtotal(l=0) ave= 2.570E-01 +/- 0.75 % Gtotal(l=1) ave= 1.532E-01 +/- 0.00 % Gtotal(l=2) ave= 1.594E-01 +/- 0.00 % Gtotal(l=3) ave= 0.000E+00 +/- 0.00 %  % || Gg(l=0) ave= 1.895E-01 +/- 16.44 % Gg(l=1) ave= 1.563E-01 +/- 9.04 % Gg(l=2) ave= 1.648E-01 +/- 12.63 % Gg(l=3) ave= 0.000E+00 +/- 0.00 %  % || D(l=0) ave= 2.646E+01 +/- 5.83 % D(l=1) ave= 1.238E+01 +/- 0.00 % D(l=2) ave= 1.486E+01 +/- 0.00 % D(l=3) ave= 0.000E+00 +/- 0.00 %  % || S(l=0) ave= 1.493E-04 +/- 9.33 % S(l=1) ave= 5.660E-05 +/- 5.38 % S(l=2) ave= 2.663E-04 +/- 10.92 % S(l=3) ave= 0.000E+00 +/- 0.00 % 
 ... Histogram plot for thermal (n,g)
 ... Write covariances  ... MT1  ... plot correlations
 ... MT2  ... MT102 


 ================================================
 ============== From 10 random values === start ======
 Thermal (n,tot) xs  0 K =  38.5389 b. +/- 7.22402 b. ( 18.7447 %) skew= -0.01 +/- 0.66
 Thermal (n,el) xs   0 K =  11.268 b. +/- 0.52783 b. ( 4.68432 %) skew= +0.10 +/- 0.66
 Thermal (n,g) xs    0 K =  27.2709 b. +/- 7.23786 b. ( 26.5406 %) skew= -0.10 +/- 0.66
 RI      (n,g)       0 K =  88.2525 b. +/- 4.38652 b. ( 4.97042 %) 
 MACS    (n,g)       0 K (at Emacs= 30000 eV) =  40.7632 b. +/- 4.35682 b. ( 10.6881 %) 
 Ave. Gtotal  L=0        =  2.570E-01 +/- 0.75 %
 Ave. Gn^(0)  L=0        =  5.945E-03 +/- 2.23 %
 Ave. Gg      L=0        =  1.895E-01 +/- 16.44 %
 Ave. D       L=0        =  2.646E+01 +/- 5.83 %
 Ave. S       L=0        =  1.493E-04 +/- 9.33 %
 Ave. Gtotal  L=1        =  1.532E-01 +/- 0.00 %
 Ave. Gn^(1)  L=1        =  2.311E-03 +/- 5.35 %
 Ave. Gg      L=1        =  1.563E-01 +/- 9.04 %
 Ave. D       L=1        =  1.238E+01 +/- 0.00 %
 Ave. S       L=1        =  5.660E-05 +/- 5.38 %
 Ave. Gtotal  L=2        =  1.594E-01 +/- 0.00 %
 Ave. Gn^(2)  L=2        =  1.713E-02 +/- 10.92 %
 Ave. Gg      L=2        =  1.648E-01 +/- 12.63 %
 Ave. D       L=2        =  1.486E+01 +/- 0.00 %
 Ave. S       L=2        =  2.663E-04 +/- 10.92 %

 Expected Thermal (n,g) (syst or meas)= 33.69 b. +/- 8.4225 b. nominal: 27.6117 b.
 ratio Calculated/expected thermal (n,g): 0.81 ratio DCalculated/Dexpected: 0.86 ratio Calculated/Nominal: 0.99
 ============== From 10 random values ===== stop ======
 ================================================
 ... Calculation of (n,a) and (n,p) cross sections at 300 K
 ... thermal (n,a) cross section is 1.01757e-10 +/- 5.08783e-11 b.
 ... thermal (n,a) cross section is 0 b. (random case 1)
 ... thermal (n,a) cross section is 0 b. (random case 2)
 ... thermal (n,a) cross section is 0 b. (random case 3)
 ... thermal (n,a) cross section is 0 b. (random case 4)
 ... thermal (n,a) cross section is 0 b. (random case 5)
 ... thermal (n,a) cross section is 0 b. (random case 6)
 ... thermal (n,a) cross section is 0 b. (random case 7)
 ... thermal (n,a) cross section is 0 b. (random case 8)
 ... thermal (n,a) cross section is 0 b. (random case 9)
 ... thermal (n,a) cross section is 0 b. (random case 10)
 ... thermal (n,p) cross section is 1.01757e-10 +/- 5.08783e-11 b.
 ... thermal (n,p) cross section is 0 b. (random case 1)
 ... thermal (n,p) cross section is 0 b. (random case 2)
 ... thermal (n,p) cross section is 0 b. (random case 3)
 ... thermal (n,p) cross section is 0 b. (random case 4)
 ... thermal (n,p) cross section is 0 b. (random case 5)
 ... thermal (n,p) cross section is 0 b. (random case 6)
 ... thermal (n,p) cross section is 0 b. (random case 7)
 ... thermal (n,p) cross section is 0 b. (random case 8)
 ... thermal (n,p) cross section is 0 b. (random case 9)
 ... thermal (n,p) cross section is 0 b. (random case 10)
 ... Rewrite index for MF2
 ... Write text for MF1 in file mf1.tares.txt
 ... plotting cross sections for the MF1
 ... order output files


================== summary ==================
 Thermal (n,tot) xs = 38.4847 b. 
 Thermal (n,el)  xs = 10.873 b. 
 Thermal (n,g)   xs = 27.6117 b. (meas/sys: 33.69 b.)
 At 300 K (thermal adjustment): (n,el) = 10.9012 b., (n,g) = 27.6258 b.

 RI      (n,g)      = 116.01 b. (meas or sys: - b.)
 RI      (n,el)     = 86.3791 b.
=============================================


 ... cleaning
                                                 
  -------------------------------------------------------------
  -                                                           -
  - TARES: successful end of run with data from hypothetical  -
  - resonances for  Z= 80, A= 197 and isomer= 0               -
  - half-life: 2.704861 days 
  -                                                           -
  -------------------------------------------------------------

   Running time:       12 seconds

 End time: Wed Oct  7 09:49:42 2026

