
  -------------------------------------------------------------
  -                                                           -
  -              Welcome to TARES version 1.8                 -
  -                                                           -
  -  (C) Copyright 2007-2025 D. Rochman, All Rights Reserved  -
  -           NRG, Petten, the Netherlands 2007-2014          -
  -           PSI, Villigen    Switzerland 2015-2025          -
  -         Nagra, Wettingen   Switzerland 2025-              -
  -           (Last Modified October 06, 2026)                -
  -           (Database from October 06, 2026)                -
  -                                                           -
  -------------------------------------------------------------


  ---------------------------------------------
   Compilation information:
   Compiled on:         Oct  8 2026, 18:36:06
   Compiled by:         koning
   Compiler version:    clang++ - 21.0.0
   Source location:     /Users/koning/tares-1.8/source/Module/
   Binaries location:   /Users/koning/bin
   System:              Darwin 25.6.0
   System version:      Darwin Kernel Version 25.6.0: Fri Jul 31 19:19:08 PDT 2026; root:xnu-12377.161.14~5/RELEASE_ARM64_T6050  
   Machine:             arm64 
  ---------------------------------------------

   User information:
   User name:           koning
   Running directory:   /Users/koning/tendl/resbase/Fe052m/work
   Owner mode for running directory : rwx
   Group mode for running directory : r-x
  ---------------------------------------------


 Starting time: Fri Oct  9 13:43:39 2026
 ... inputs directory found (/Users/koning/tares-1.8/source/Module//../../inputs/).
 ... It will be used for resonance parameters 
 ... ###############################################
 ... #     read the input file tares.inp
 ... ###############################################
 ... line: #
 ... line: # Input file generated by Autorochman
          --> line not read
 ... line: #
 ... line: isotope    Fe
          --> Isotope name: Fe
 ... line: mass       52
          --> isotopic mass: 52
 ... line: output     n-Fe052m
         ---> Name of the output files: n-Fe052m
 ... line: isomer     1
          --> isomeric state: 1
 ... line: mf32mf33   y
          --> MF33 based on MF32: y
 ... line: nbrRandom  6
          --> Nbr of random files: 6
 ... ###############################################
 ... # end read the input file tares.inp
 ... ###############################################
Value for random generator type not considered in since Tares 1.7 due to compilation issues

 ... ###############################################
     #   Interpretation of the Input definition    #
     ###############################################

 ... Default energy limit: End of resonance region
 ... Nuclear charge    = 26
 ... Element           = Fe
 ... Mass              = 52
 ... Isomer            = 1
 ... Correlation for (Gn,Gg) not included in random files
 ... Default random option: No random
 ... Output name: n-Fe052m
 ... Energy for the MACS: 30000 eV
 ... Resonances from CALENDF reduced (reduce=y) 
 ... For URR, level density model from TALYS selected: 91n3n12611.2850 (see manual for description)
 ... Random Generator: default (pseudo random numbers from ansi c++)
 ... Reconstruction of cross section selected
 ... Doppler broadening at 0 Kelvin
 ... Default formalism: Multi Level Breit Wigner (from file best.tendl.yes)
 ... URR not included (from the input file flag)
 ... Weight for grouping is flat
 ... Calculation of (n,alpha) cross section selected
 ... Number of digit for MF32c covariance representation: 2
 ... MF32 included
 ... MF33 will be used for covariance processing
 ... TENDL option set to yes (automatic choice of MF2 and format)
 ... default option: Multi level Breit Wigner approximation selected
 ... (check file best.tendl.yes for changing this option)
 ... Retroactive option set to no with the 2025 option
 ... ladder option set to no (CALENDF will not be used for statistical resonances)

 ... ###############################################
     #           End of Input definition           #
     ###############################################

 ... gnuplot found, will be used for plotting
 ... latex found, will be used for plotting
 ... dvips found, will be used for plotting
 ... ps2epsi not found, limited plotting available
 ... uncertainties on default parameters multiplied by 1.00247
 ... Read resonance data from the 2025 directory
 ... Resonance parameters taken from /Users/koning/tares-1.8/source/Module//../../inputs/2025/Resonance/default/
 ---> Processing Z= 26 and A= 52 and isomer= 1 (level number: 42)
 Exfor path; Could not find /Users/koning/tares-1.8/source/Module//../../inputs/exfor/Fe052m/xs/102
Thermal file; Could not open file /Users/koning/tares-1.8/source/Module//../../inputs/2025/runThermal/results//thermal.mxw.ng.cendl3.1
Thermal file; Could not open file /Users/koning/tares-1.8/source/Module//../../inputs/2025/runThermal/results//thermal.mxw.ng.brond3.1
Thermal file; Could not open file /Users/koning/tares-1.8/source/Module//../../inputs/2025/runThermal/results//thermal.xs.ng.unc.cendl3.1
 ... spin taken from the final/ directory (1)
 ... The spin found in level file ( 12 ) and the one in the urr file ( 1.65 ) differ

 ... ###############################################
 ... #  Nucleus global parameters (2025 database)  #
 ... ###############################################
 0. Half-life: 45.9 sec. 
 ... Scattering radius from TALYS: /Users/koning/tares-1.8/source/Module//../../inputs/2025/lib.urr/talys.urr/
 1. Spin of the target isotope: 12
 2. Relative Atomic Mass of the target isotope: 51.9481
 3. Level of the isomer: 6.958000 MeV (level number 42)
 4. Scattering radius (local compilation): 4.97296 fm +/- 0.119351 fm
      .......................................
      ... Thermal capture cross sections: ...
 ... ratio of gg1/gg0 too high, set it now to 2
 5. Thermal (n,g) cross section from systematics (TALYS, urr.dat): 3.19054 +/- 2.71196 b.
 6. Thermal (n,g) cross section from compilation (Firestone-2022 average on element Fe): 2.57 +/- 0.04 b.
 7. Thermal (n,g) cross section from compilation (Firestone-2022 final on element Fe): 2.53 +/- 0.03 b.
      .......................................
      ...  Thermal total cross sections:  ...
      .......................................
      ... Thermal elastic cross sections: ...
 8. Thermal (n,el) cross section from potential (4piR^2): 6.24982 +/- 0.312491 b.
      .......................................
             ... Resonance integral: ...
 9. No capture integral found in /Users/koning/tares-1.8/source/Module//../../inputs/capture.integral
 ... no RI(n,g) found in local compilation, take 2018 value.
 ... no RI(n,g) found in local compilation, take Sukhoruchkin value.
   ---- MACS 30 keV ----- 
 10. TALYS MACS 30 keV (HF): 0.00340969 b. 
   ---------- S0 -------- 
 11. S0 from TALYS: 6.50533
   ---------- S1 -------- 
 12. S1 from TALYS: 0.662281
   ---------- S2 -------- 
 13. S2 from TALYS: 4.24288
   ---------- D0 -------- 
 14. D0 from TALYS: 748753 eV
   ---------- D1 -------- 
 15. D1 from TALYS: 234604 eV
   ---------- D2 -------- 
 16. D2 from TALYS: 87473.2 eV
   ---------- G0 -------- 
 17. Gg0 from TALYS: 161.509 eV
   ---------- G1 -------- 
 18. Gg1 from TALYS: 149.169 eV
   ---------- G2 -------- 
 19. Gg2 from TALYS: 140.224 eV


   ---------------------- 
 ... Read resonance parameters (format: 2: Multi Level Breit Wigner)
 ... 49 resonances found 
 --> 20. Number of resonances from the input file: 49 up to 657004 eV
 21. Read nuclear quantities (mass, MAT...)
 22. Read thermal (n,g) xs 
 23. Read the scattering radius 
 24. Read uncertainty on Gg for 49 resonances
 25. Read uncertainty on Gg for 49 resonances ... done
 ... order resonances 
 ... Upper limit for the RRR: 500001 eV (no statistical resonances HFR) from the limit.RRR file
 ... Write parameters for l=0 waves
 ... Write parameters for l=1 waves
 ... Write parameters for l=2 waves
 ... End writing original MF2 
 ... Enter in to_MLBW_mf2 function
 ... Convert to Multi Level Breit Wigner (MLBW)
 ... Gn-Gg correlations: calculated capture kernel used for 49 evaluated resonances (no measured kernel)
 ... Write parameter covariances (MF32) for l=0
 Write parameter covariances (MF32) for l=1
 Write parameter covariances (MF32) for l=2
 ... MF32: 45 energy correlation lines (time of flight) for the first 10 evaluated resonances
 ... Convert parameter covariances (MF32) to MLBW
 ... copy the mf2 and mf32 to .mlbw files
 ... Ladder option set to no --> no use of calendf_xs
 ... no thermal/RI adjustment (ladder option set to no): no GLS calculation of parameter correlations
 ... copy the mf2 and mf32 to .mlbw files

 ... Start of final reconstruction and testing ...
 ... Reconstruction of cross sections at 0 Kelvin  ... Import MF2 from TARES calculations
 ... End energy of TARES MF2 : 5.000010E+5 eV and limit to 40000 resonances
 ... File used for reconstruction: n-Fe052m.reconst
 ... run RECENT ...
 ... Doppler broadened at a unique temperature: 0 Kelvin using sigma1
 ... The keyword temperature is zero, no Doppler broadening for the MACS

 ============== INTER values at 0 Kelvin ==============
 Thermal (n,g) xs =  3.16831 b. (meas/sys: 3.19054 b.) (warning: comparison to be done at 296 or 300 K)
 Th Maxw (n,g) xs =  3.1699 b. (thermal Maxwellian value)
 Westcott factor  =  1.00049
 RI      (n,g)    =  2.04258 b. (meas or sys: - b.)
 MACS 3.000e+04 eV=  0.0019573 b. (meas or sys: - b.) from 1.00E+00 to 2.00E+07 eV (end of RRR) at T= 0 Kelvin 
 Thermal (n,el) xs=  3.88646 b.
 RI      (n,el)   =  53.1868 b.
 ============= PSYCHE values ==============
 Ave. G_total L0  =  7.37231 eV
 Ave. G_total L1  =  0.449436 eV
 Ave. G_total L2  =  0.0414496 eV
 Ave. Gn_0    L0  =  0.173878
 Ave. Gn_0    L1  =  0.00310155
 Ave. Gn_0    L2  =  0.0026331
 Ave. Gg      L0  =  0.81961 eV
 Ave. Gg      L1  =  0.0610061 eV
 Ave. Gg      L2  =  0.0320347 eV
 Ave. D       L0  =  0 eV
 Ave. D       L1  =  83333.5 eV
 Ave. D       L2  =  62500.1 eV
 Ave. S       L0  =  0.0904165 eV
 Ave. S       L1  =  7.66068e-09 eV
 Ave. S       L2  =  4.27985e-09 eV
 =========================================
 ... End of final reconstruction and testing ...

 ... grouping is not optimum, change to 70 groups
 ... Produce MF33 based on MF32 and 6 random files
 ... MF3 of n-Fe052m.reconst (3 sections) added to the files for ENDSAM
 ... run endsam for 6 in groups of 1 global run
 ... run endsam from 1 to 6
 ... random files: total width GT set to Gn+Gg+Gf (294 resonances in 6 files)
 ... preparing the vectors  ... done
 ... nominal file 0 Cap(th)  ave= 3.168E+00 b. +/- 0.00 % || Ela(th) ave= 3.886E+00 b. +/- 0.00 % || RIcap ave= 2.04E+00 b. +/- 0.00 % || Macs30 ave= 1.96E-03 b. +/- 0.00 % || Gn^0(l=0) ave= 1.739E-01 +/- 0.00 % Gn^0(l=1) ave= 3.102E-03 +/- 0.00 % Gn^0(l=2) ave= 2.633E-03 +/- 0.00 % Gn^0(l=3) ave= 0.000E+00 +/- 0.00 % || Gtotal(l=0) ave= 7.372E+00 +/- 0.00 % Gtotal(l=1) ave= 4.494E-01 +/- 0.00 % Gtotal(l=2) ave= 4.145E-02 +/- 0.00 % Gtotal(l=3) ave= 0.000E+00 +/- 0.00 %  % || Gg(l=0) ave= 8.196E-01 +/- 0.00 % Gg(l=1) ave= 6.101E-02 +/- 0.00 % Gg(l=2) ave= 3.203E-02 +/- 0.00 % Gg(l=3) ave= 0.000E+00 +/- 0.00 %  % || D(l=0) ave= 0.000E+00 +/- 0.00 % D(l=1) ave= 8.333E+04 +/- 0.00 % D(l=2) ave= 6.250E+04 +/- 0.00 % D(l=3) ave= 0.000E+00 +/- 0.00 %  % || S(l=0) ave= 9.042E-02 +/- 0.00 % S(l=1) ave= 7.661E-09 +/- 0.00 % S(l=2) ave= 4.280E-09 +/- 0.00 % S(l=3) ave= 0.000E+00 +/- 0.00 % 
 ... random file  1 Cap(th)  ave= 3.165E+00 b. +/- 0.11 % || Ela(th) ave= 3.830E+00 b. +/- 1.48 % || RIcap ave= 2.06E+00 b. +/- 0.93 % || Macs30 ave= 2.01E-03 b. +/- 2.47 % || Gn^0(l=0) ave= 1.740E-01 +/- 0.05 % Gn^0(l=1) ave= 3.144E-03 +/- 1.34 % Gn^0(l=2) ave= 2.720E-03 +/- 3.20 % Gn^0(l=3) ave= 0.000E+00 +/- 0.00 % || Gtotal(l=0) ave= 7.400E+00 +/- 0.37 % Gtotal(l=1) ave= 4.496E-01 +/- 0.03 % Gtotal(l=2) ave= 4.125E-02 +/- 0.48 % Gtotal(l=3) ave= 0.000E+00 +/- 0.00 %  % || Gg(l=0) ave= 8.435E-01 +/- 2.83 % Gg(l=1) ave= 6.109E-02 +/- 0.14 % Gg(l=2) ave= 3.182E-02 +/- 0.67 % Gg(l=3) ave= 0.000E+00 +/- 0.00 %  % || D(l=0) ave= 0.000E+00 +/- 0.00 % D(l=1) ave= 8.333E+04 +/- 0.00 % D(l=2) ave= 6.250E+04 +/- 0.00 % D(l=3) ave= 0.000E+00 +/- 0.00 %  % || S(l=0) ave= 9.046E-02 +/- 0.05 % S(l=1) ave= 7.764E-09 +/- 1.33 % S(l=2) ave= 4.422E-09 +/- 3.21 % S(l=3) ave= 0.000E+00 +/- 0.00 % 
 ... random file  2 Cap(th)  ave= 3.175E+00 b. +/- 0.44 % || Ela(th) ave= 3.722E+00 b. +/- 4.28 % || RIcap ave= 2.07E+00 b. +/- 0.89 % || Macs30 ave= 2.01E-03 b. +/- 2.07 % || Gn^0(l=0) ave= 1.738E-01 +/- 0.17 % Gn^0(l=1) ave= 3.240E-03 +/- 4.35 % Gn^0(l=2) ave= 2.917E-03 +/- 9.83 % Gn^0(l=3) ave= 0.000E+00 +/- 0.00 % || Gtotal(l=0) ave= 7.395E+00 +/- 0.31 % Gtotal(l=1) ave= 4.493E-01 +/- 0.09 % Gtotal(l=2) ave= 4.174E-02 +/- 1.69 % Gtotal(l=3) ave= 0.000E+00 +/- 0.00 %  % || Gg(l=0) ave= 8.470E-01 +/- 2.37 % Gg(l=1) ave= 6.020E-02 +/- 2.10 % Gg(l=2) ave= 3.231E-02 +/- 2.22 % Gg(l=3) ave= 0.000E+00 +/- 0.00 %  % || D(l=0) ave= 0.000E+00 +/- 0.00 % D(l=1) ave= 8.333E+04 +/- 0.00 % D(l=2) ave= 6.250E+04 +/- 0.00 % D(l=3) ave= 0.000E+00 +/- 0.00 %  % || S(l=0) ave= 9.035E-02 +/- 0.17 % S(l=1) ave= 8.000E-09 +/- 4.31 % S(l=2) ave= 4.742E-09 +/- 9.85 % S(l=3) ave= 0.000E+00 +/- 0.00 % 
 ... random file  3 Cap(th)  ave= 3.185E+00 b. +/- 0.69 % || Ela(th) ave= 3.551E+00 b. +/- 9.21 % || RIcap ave= 2.09E+00 b. +/- 1.86 % || Macs30 ave= 2.05E-03 b. +/- 3.71 % || Gn^0(l=0) ave= 1.736E-01 +/- 0.20 % Gn^0(l=1) ave= 3.411E-03 +/- 9.37 % Gn^0(l=2) ave= 3.329E-03 +/- 22.71 % Gn^0(l=3) ave= 0.000E+00 +/- 0.00 % || Gtotal(l=0) ave= 7.409E+00 +/- 0.42 % Gtotal(l=1) ave= 4.494E-01 +/- 0.09 % Gtotal(l=2) ave= 4.152E-02 +/- 1.73 % Gtotal(l=3) ave= 0.000E+00 +/- 0.00 %  % || Gg(l=0) ave= 8.660E-01 +/- 4.30 % Gg(l=1) ave= 6.037E-02 +/- 1.88 % Gg(l=2) ave= 3.210E-02 +/- 2.26 % Gg(l=3) ave= 0.000E+00 +/- 0.00 %  % || D(l=0) ave= 0.000E+00 +/- 0.00 % D(l=1) ave= 8.333E+04 +/- 0.00 % D(l=2) ave= 6.250E+04 +/- 0.00 % D(l=3) ave= 0.000E+00 +/- 0.00 %  % || S(l=0) ave= 9.028E-02 +/- 0.20 % S(l=1) ave= 8.418E-09 +/- 9.30 % S(l=2) ave= 5.414E-09 +/- 22.76 % S(l=3) ave= 0.000E+00 +/- 0.00 % 
 ... random file  4 Cap(th)  ave= 3.183E+00 b. +/- 0.63 % || Ela(th) ave= 3.695E+00 b. +/- 11.13 % || RIcap ave= 2.09E+00 b. +/- 1.67 % || Macs30 ave= 2.06E-03 b. +/- 3.37 % || Gn^0(l=0) ave= 1.737E-01 +/- 0.21 % Gn^0(l=1) ave= 3.295E-03 +/- 11.15 % Gn^0(l=2) ave= 3.091E-03 +/- 26.74 % Gn^0(l=3) ave= 0.000E+00 +/- 0.00 % || Gtotal(l=0) ave= 7.416E+00 +/- 0.42 % Gtotal(l=1) ave= 4.490E-01 +/- 0.20 % Gtotal(l=2) ave= 4.141E-02 +/- 1.63 % Gtotal(l=3) ave= 0.000E+00 +/- 0.00 %  % || Gg(l=0) ave= 8.691E-01 +/- 3.90 % Gg(l=1) ave= 6.061E-02 +/- 1.86 % Gg(l=2) ave= 3.199E-02 +/- 2.12 % Gg(l=3) ave= 0.000E+00 +/- 0.00 %  % || D(l=0) ave= 0.000E+00 +/- 0.00 % D(l=1) ave= 8.333E+04 +/- 0.00 % D(l=2) ave= 6.250E+04 +/- 0.00 % D(l=3) ave= 0.000E+00 +/- 0.00 %  % || S(l=0) ave= 9.033E-02 +/- 0.21 % S(l=1) ave= 8.135E-09 +/- 11.07 % S(l=2) ave= 5.027E-09 +/- 26.79 % S(l=3) ave= 0.000E+00 +/- 0.00 % 
 ... random file  5 Cap(th)  ave= 3.182E+00 b. +/- 0.58 % || Ela(th) ave= 3.687E+00 b. +/- 10.20 % || RIcap ave= 2.09E+00 b. +/- 1.53 % || Macs30 ave= 2.06E-03 b. +/- 3.09 % || Gn^0(l=0) ave= 1.737E-01 +/- 0.21 % Gn^0(l=1) ave= 3.294E-03 +/- 10.19 % Gn^0(l=2) ave= 3.083E-03 +/- 24.49 % Gn^0(l=3) ave= 0.000E+00 +/- 0.00 % || Gtotal(l=0) ave= 7.412E+00 +/- 0.39 % Gtotal(l=1) ave= 4.492E-01 +/- 0.20 % Gtotal(l=2) ave= 4.132E-02 +/- 1.59 % Gtotal(l=3) ave= 0.000E+00 +/- 0.00 %  % || Gg(l=0) ave= 8.680E-01 +/- 3.57 % Gg(l=1) ave= 6.062E-02 +/- 1.70 % Gg(l=2) ave= 3.189E-02 +/- 2.08 % Gg(l=3) ave= 0.000E+00 +/- 0.00 %  % || D(l=0) ave= 0.000E+00 +/- 0.00 % D(l=1) ave= 8.333E+04 +/- 0.00 % D(l=2) ave= 6.250E+04 +/- 0.00 % D(l=3) ave= 0.000E+00 +/- 0.00 %  % || S(l=0) ave= 9.030E-02 +/- 0.21 % S(l=1) ave= 8.132E-09 +/- 10.10 % S(l=2) ave= 5.012E-09 +/- 24.54 % S(l=3) ave= 0.000E+00 +/- 0.00 % 
 ... random file  6 Cap(th)  ave= 3.179E+00 b. +/- 0.62 % || Ela(th) ave= 3.735E+00 b. +/- 9.84 % || RIcap ave= 2.09E+00 b. +/- 1.51 % || Macs30 ave= 2.05E-03 b. +/- 2.99 % || Gn^0(l=0) ave= 1.737E-01 +/- 0.20 % Gn^0(l=1) ave= 3.252E-03 +/- 10.05 % Gn^0(l=2) ave= 2.990E-03 +/- 24.57 % Gn^0(l=3) ave= 0.000E+00 +/- 0.00 % || Gtotal(l=0) ave= 7.410E+00 +/- 0.37 % Gtotal(l=1) ave= 4.496E-01 +/- 0.27 % Gtotal(l=2) ave= 4.147E-02 +/- 1.73 % Gtotal(l=3) ave= 0.000E+00 +/- 0.00 %  % || Gg(l=0) ave= 8.646E-01 +/- 3.45 % Gg(l=1) ave= 6.071E-02 +/- 1.62 % Gg(l=2) ave= 3.205E-02 +/- 2.26 % Gg(l=3) ave= 0.000E+00 +/- 0.00 %  % || D(l=0) ave= 0.000E+00 +/- 0.00 % D(l=1) ave= 8.333E+04 +/- 0.00 % D(l=2) ave= 6.250E+04 +/- 0.00 % D(l=3) ave= 0.000E+00 +/- 0.00 %  % || S(l=0) ave= 9.031E-02 +/- 0.20 % S(l=1) ave= 8.030E-09 +/- 9.97 % S(l=2) ave= 4.861E-09 +/- 24.62 % S(l=3) ave= 0.000E+00 +/- 0.00 % 
 ... Histogram plot for thermal (n,g)
 ... Write covariances  ... MT1  ... plot correlations
 ... MT2  ... MT102 


 ================================================
 ============== From 6 random values === start ======
 Thermal (n,tot) xs  0 K =  6.91397 b. +/- 0.351324 b. ( 5.08137 %) skew= -0.41 +/- 0.79
 Thermal (n,el) xs   0 K =  3.73542 b. +/- 0.367689 b. ( 9.84332 %) skew= -0.49 +/- 0.79
 Thermal (n,g) xs    0 K =  3.17855 b. +/- 0.0195837 b. ( 0.616119 %) skew= +0.76 +/- 0.79
 RI      (n,g)       0 K =  2.08546 b. +/- 0.0315012 b. ( 1.51052 %) 
 MACS    (n,g)       0 K (at Emacs= 30000 eV) =  0.00205013 b. +/- 6.12352e-05 b. ( 2.98689 %) 
 Ave. Gtotal  L=0        =  7.410E+00 +/- 0.37 %
 Ave. Gn^(0)  L=0        =  1.737E-01 +/- 0.20 %
 Ave. Gg      L=0        =  8.646E-01 +/- 3.45 %
 Ave. S       L=0        =  9.031E-02 +/- 0.20 %
 Ave. Gtotal  L=1        =  4.496E-01 +/- 0.27 %
 Ave. Gn^(1)  L=1        =  3.252E-03 +/- 10.05 %
 Ave. Gg      L=1        =  6.071E-02 +/- 1.62 %
 Ave. D       L=1        =  8.333E+04 +/- 0.00 %
 Ave. S       L=1        =  8.030E-09 +/- 9.97 %
 Ave. Gtotal  L=2        =  4.147E-02 +/- 1.73 %
 Ave. Gn^(2)  L=2        =  2.990E-03 +/- 24.57 %
 Ave. Gg      L=2        =  3.205E-02 +/- 2.26 %
 Ave. D       L=2        =  6.250E+04 +/- 0.00 %
 Ave. S       L=2        =  4.861E-09 +/- 24.62 %

 Expected Thermal (n,g) (syst or meas)= 3.19054 b. +/- 2.71196 b. nominal: 3.16831 b.
 ratio Calculated/expected thermal (n,g): 1.00 ratio DCalculated/Dexpected: 0.01 ratio Calculated/Nominal: 1.00
 ============== From 6 random values ===== stop ======
 ================================================
 ... Calculation of (n,a) and (n,p) cross sections at 300 K
 ... thermal (n,a) cross section is 0.678116 +/- 0.339058 b.
 ... thermal (n,a) cross section is 0.0437607 b. (random case 1)
 ... thermal (n,a) cross section is 0.888497 b. (random case 2)
 ... thermal (n,a) cross section is 0.409056 b. (random case 3)
 ... thermal (n,a) cross section is 0.558976 b. (random case 4)
 ... thermal (n,a) cross section is 0.108722 b. (random case 5)
 ... thermal (n,a) cross section is 0.57429 b. (random case 6)
 ... thermal (n,p) cross section is 0.678116 +/- 0.339058 b.
 ... thermal (n,p) cross section is 0.828014 b. (random case 1)
 ... thermal (n,p) cross section is 0.427723 b. (random case 2)
 ... thermal (n,p) cross section is 0.0973341 b. (random case 3)
 ... thermal (n,p) cross section is 0.698927 b. (random case 4)
 ... thermal (n,p) cross section is 0.918021 b. (random case 5)
 ... thermal (n,p) cross section is 0.670807 b. (random case 6)
 ... Rewrite index for MF2
 ... Write text for MF1 in file mf1.tares.txt
 ... plotting cross sections for the MF1
 ... order output files


================== summary ==================
 Thermal (n,tot) xs = 8.411 b. 
 Thermal (n,el)  xs = 3.88646 b. 
 Thermal (n,g)   xs = 3.16831 b. (meas/sys: 3.19054 b.)
 Thermal (n,a)   xs = 0.678116 b. 
 Thermal (n,p)   xs = 0.678116 b. 

 RI      (n,g)      = 2.04258 b. (meas or sys: - b.)
 RI      (n,el)     = 53.1868 b.
=============================================


 ... cleaning
                                                 
  -------------------------------------------------------------
  -                                                           -
  - TARES: successful end of run with data from the database  -
  -             for Z= 26,  A= 52 and isomer= 1               -
  -                                                           -
  -------------------------------------------------------------

   Running time:       5 seconds

 End time: Fri Oct  9 13:43:44 2026

