
  -------------------------------------------------------------
  -                                                           -
  -              Welcome to TARES version 1.8                 -
  -                                                           -
  -  (C) Copyright 2007-2025 D. Rochman, All Rights Reserved  -
  -           NRG, Petten, the Netherlands 2007-2014          -
  -           PSI, Villigen    Switzerland 2015-2025          -
  -         Nagra, Wettingen   Switzerland 2025-              -
  -           (Last Modified October 06, 2026)                -
  -           (Database from October 06, 2026)                -
  -                                                           -
  -------------------------------------------------------------


  ---------------------------------------------
   Compilation information:
   Compiled on:         Oct  7 2026, 09:32:19
   Compiled by:         koning
   Compiler version:    clang++ - 21.0.0
   Source location:     /Users/koning/tares-1.8/source/Module/
   Binaries location:   /Users/koning/bin
   System:              Darwin 25.6.0
   System version:      Darwin Kernel Version 25.6.0: Fri Jul 31 19:19:08 PDT 2026; root:xnu-12377.161.14~5/RELEASE_ARM64_T6050  
   Machine:             arm64 
  ---------------------------------------------

   User information:
   User name:           koning
   Running directory:   /Users/koning/tendl/resbase/Nd150/work
   Owner mode for running directory : rwx
   Group mode for running directory : r-x
  ---------------------------------------------


 Starting time: Wed Oct  7 10:32:37 2026
 ... inputs directory found (/Users/koning/tares-1.8/source/Module//../../inputs/).
 ... It will be used for resonance parameters 
 ... ###############################################
 ... #     read the input file tares.inp
 ... ###############################################
 ... line: #
 ... line: # Input file generated by Autorochman
          --> line not read
 ... line: #
 ... line: isotope    Nd
          --> Isotope name: Nd
 ... line: mass       150
          --> isotopic mass: 150
 ... line: output     n-Nd150
         ---> Name of the output files: n-Nd150
 ... line: isomer     0
          --> isomeric state: 0
 ... line: mf32mf33   y
          --> MF33 based on MF32: y
 ... line: nbrRandom  20
          --> Nbr of random files: 20
 ... ###############################################
 ... # end read the input file tares.inp
 ... ###############################################
Value for random generator type not considered in since Tares 1.7 due to compilation issues

 ... ###############################################
     #   Interpretation of the Input definition    #
     ###############################################

 ... Default energy limit: End of resonance region
 ... Nuclear charge    = 60
 ... Element           = Nd
 ... Mass              = 150
 ... Isomer            = 0
 ... Correlation for (Gn,Gg) not included in random files
 ... Default random option: No random
 ... Output name: n-Nd150
 ... Energy for the MACS: 30000 eV
 ... Resonances from CALENDF reduced (reduce=y) 
 ... For URR, level density model from TALYS selected: 91n3n12611.2850 (see manual for description)
 ... Random Generator: default (pseudo random numbers from ansi c++)
 ... Reconstruction of cross section selected
 ... Doppler broadening at 0 Kelvin
 ... Default formalism: Multi Level Breit Wigner (from file best.tendl.yes)
 ... URR not included (from the input file flag)
 ... Weight for grouping is flat
 ... Calculation of (n,alpha) cross section selected
 ... Number of digit for MF32c covariance representation: 2
 ... MF32 included
 ... MF33 will be used for covariance processing
 ... TENDL option set to yes (automatic choice of MF2 and format)
 ... default option: Multi level Breit Wigner approximation selected
 ... (check file best.tendl.yes for changing this option)
 ... Retroactive option set to no with the 2025 option
 ... ladder option set to no (CALENDF will not be used for statistical resonances)

 ... ###############################################
     #           End of Input definition           #
     ###############################################

 ... gnuplot found, will be used for plotting
 ... latex found, will be used for plotting
 ... dvips found, will be used for plotting
 ... ps2epsi not found, limited plotting available
 ... uncertainties on default parameters multiplied by 1.5
 ... Read resonance data from the 2025 directory
 ... Resonance parameters taken from /Users/koning/tares-1.8/source/Module//../../inputs/2025/Resonance/default/
 ---> Processing Z= 60 and A= 150 and isomer= 0 (level number: 0)
Thermal file; Could not open file /Users/koning/tares-1.8/source/Module//../../inputs/2025/runThermal/results//thermal.mxw.ng.cendl3.1
Thermal file; Could not open file /Users/koning/tares-1.8/source/Module//../../inputs/2025/runThermal/results//thermal.mxw.ng.brond3.1
Thermal file; Could not open file /Users/koning/tares-1.8/source/Module//../../inputs/2025/runThermal/results//thermal.xs.ng.unc.cendl3.1
 ... spin taken from the final/ directory (1)
 ... The spin found in level file ( 0 ) and the one in the urr file ( 5.5 ) differ

 ... ###############################################
 ... #  Nucleus global parameters (2025 database)  #
 ... ###############################################
 0. Half-life: 9.30682e+18 years
 ... Scattering radius from file /Users/koning/tares-1.8/source/Module//../../inputs/2025/Resonance/default//global.2023.txt
 1. Spin of the target isotope: 0
 2. Relative Atomic Mass of the target isotope: 149.92
 3. Isotopic composition of the target isotope: 5.638 %
 4. Scattering radius (local compilation): 6.58 fm +/- 0.105 fm
 5. Scattering radius (Mughabghab): 6.58 +/- 0.35 fm
      .......................................
      ... Thermal capture cross sections: ...
 6. Thermal (n,g) cross section from systematics: 1.04 +/- 0.052 b.
 7. Thermal (n,g) cross section from compilation (Firestone-2022 average on element Nd): 49.2 +/- 0.8 b.
 8. Thermal (n,g) cross section from compilation (Firestone-2022 final on element Nd): 50.1 +/- 1.2 b.
 9. Thermal (n,g) cross section from compilation (Mughabghab-2006): 1.04 +/- 0.04 b.
 10. Thermal (n,g) cross section from compilation (Mughabghab-2018): 1.04 +/- 0.04 b.
 11. Thermal Maxwellian (n,g) XS from compilation (Sukhoruchkin-2009): 1.04 +/- 0.04 b.
 12. Thermal Maxwellian (n,g) XS from compilation (Sukhoruchkin-2015): 1.04 +/- 0.04 b.
 13. Thermal (n,g) cross section from EAF-2010: 1.1878 b.
 14. Thermal (n,g) cross section from compilation (CRP-2007): 1.8 +/- 0.5 b.
 15. Thermal (n,g) cross section from ENDF/B-VI.8: 1.202 b.
 16. Thermal (n,g) cross section from ENDF/B-VIII.1: 1.041 b.
 17. Thermal (n,g) cross section from ENDF/B-VIII.0: 1.046 b.
 18. Thermal (n,g) cross section from JEF2.2: 1.192 b.
 19. Thermal (n,g) cross section from TENDL-2023: 1.045 +/- 0.08927 b.
 20. Thermal (n,g) cross section from CENDL3.3: 1.031 b.
 21. Thermal (n,g) cross section from JEFF-3.3: 1.06 +/- 0.06041 b.
 22. Thermal (n,g) cross section from JEFF-4.0: 1.046 +/- 0.09694 b.
 23. Thermal (n,g) cross section from JENDL-5.0: 1.045 b.
      .......................................
      ...  Thermal total cross sections:  ...
      .......................................
      ... Thermal elastic cross sections: ...
 24. Thermal (n,el) cross section from compilation (Mughabghab): 4.6 +/- 0.4 b.
 25. Thermal (n,el) cross section from ENDF/B-VIII.1: 4.633 b.
 26. Thermal (n,el) cross section from ENDF/B-VIII.0: 4.633 b.
 27. Thermal (n,el) cross section from ENDF/B-VI.8: 3.865 b.
 28. Thermal (n,el) cross section from JENDL-5.0: 4.794 b.
 29. Thermal (n,el) cross section from JEFF-3.3: 4.329 b.
 30. Thermal (n,el) cross section from experiments (local compilation): 4.6 +/- 0.4 b.
 31. Neutron scattering length from Atominstitut (TU Wien): 5.28 +/- 0.2 fm.
      .......................................
             ... Resonance integral: ...
 32. Experimental capture integral (local compilation): 15.2 +/- 0.8 b.
 33. Experimental capture integral (Mughabghab): 15.2 +/- 0.8 b.
 34. Experimental capture integral (Sukhoruchkin): 15.7 +/- 0.8 b.
   ---- MACS 30 keV ----- 
 35. TALYS MACS 30 keV (HF): 0.169448 b. 
 36. Recommended MACS 30 keV from EAF: 0.159 b. 
 37. Recommended MACS 30 keV (local compilation): 0.159 +/- 0.01 b. 
 38. Recommended MACS 30 keV from Kadonis: 0.159 +/- 0.01 b. 
 39. Recommended MACS (Sukhoruchkin): 0.157 +/- 0.015 b.
 40. Recommended MACS (Mughabghab): 0.159 +/- 0.01 b.
   ---------- S0 -------- 
 41. S0 from TALYS: 2.67656
 42. Experimental S0: 3 +/- 0.4
 43. Atlas S0: 3.4 +/- 0.4
   ---------- S1 -------- 
 44. S1 from TALYS: 1.33744
 45. Experimental S1: 0.8 +/- 0.2
 46. Atlas S1: 0.8 +/- 0.2
   ---------- S2 -------- 
 47. S2 from TALYS: 1.89446
   ---------- D0 -------- 
 48. D0 from TALYS: 165.003 eV
 49. Experimental D0: 169 +/- 11 eV
 50. Atlas D0: 169 +/- 11
   ---------- D1 -------- 
 51. D1 from TALYS: 56.739 eV
   ---------- D2 -------- 
 52. D2 from TALYS: 36.2289 eV
   ---------- G0 -------- 
 53. Experimental average Gg0: 0.067 +/- 0.025 eV
 54. Gg0 from TALYS: 0.044242 eV
   ---------- G1 -------- 
 55. Gg1 from TALYS: 0.0431387 eV
   ---------- G2 -------- 
 56. Gg2 from TALYS: 0.0432339 eV


   ---------------------- 
 ... Read resonance parameters (format: 2: Multi Level Breit Wigner)
 ... 79 resonances found 
 --> 57. Number of resonances from the input file: 79 up to 13844 eV
 58. Read nuclear quantities (mass, MAT...)
 59. Read thermal (n,g) xs 
 60. Read the scattering radius 
 61. Read uncertainty on Gg for 79 resonances
 62. Read uncertainty on Gg for 79 resonances ... done
 ... order resonances 
 ... Upper limit for the RRR: 13851 eV (no statistical resonances HFR) from the limit.RRR file
 ... Write parameters for l=0 waves
 ... Write parameters for l=1 waves
 ... End writing original MF2 
 ... Enter in to_MLBW_mf2 function
 ... Convert to Multi Level Breit Wigner (MLBW)
 ... Gn-Gg correlations: calculated capture kernel used for 79 evaluated resonances (no measured kernel)
 ... Write parameter covariances (MF32) for l=0
 Write parameter covariances (MF32) for l=1
 ... MF32: 45 energy correlation lines (time of flight) for the first 10 evaluated resonances
 ... Convert parameter covariances (MF32) to MLBW
 ... copy the mf2 and mf32 to .mlbw files
 ... Ladder option set to no --> no use of calendf_xs
 ... no thermal/RI adjustment (ladder option set to no): no GLS calculation of parameter correlations
 ... copy the mf2 and mf32 to .mlbw files

 ... Start of final reconstruction and testing ...
 ... Reconstruction of cross sections at 0 Kelvin  ... Import MF2 from TARES calculations
 ... End energy of TARES MF2 : 1.385100E+4 eV and limit to 40000 resonances
 ... File used for reconstruction: n-Nd150.reconst
 ... run RECENT ...
 ... Doppler broadened at a unique temperature: 0 Kelvin using sigma1
 ... The keyword temperature is zero, no Doppler broadening for the MACS

 ============== INTER values at 0 Kelvin ==============
 Thermal (n,g) xs =  1.04538 b. (meas/sys: 1.04 b.) (warning: comparison to be done at 296 or 300 K)
 Th Maxw (n,g) xs =  1.0458 b. (thermal Maxwellian value)
 Westcott factor  =  1.00043
 RI      (n,g)    =  14.4147 b. (meas or sys: 15.2 b.)
 MACS 3.000e+04 eV=  0.15185 b. (meas or sys: - b.) from 1.00E+00 to 2.00E+07 eV (end of RRR) at T= 0 Kelvin 
 Thermal (n,el) xs=  4.5601 b.
 RI      (n,el)   =  121.828 b.
 ============= PSYCHE values ==============
 Ave. G_total L0  =  4.96504 eV
 Ave. G_total L1  =  0.084292 eV
 Ave. Gn_0    L0  =  0.0582663
 Ave. Gn_0    L1  =  0.0645436
 Ave. Gg      L0  =  0.065 eV
 Ave. Gg      L1  =  0.065 eV
 Ave. D       L0  =  206.731 eV
 Ave. D       L1  =  1539 eV
 Ave. S       L0  =  0.000286052 eV
 Ave. S       L1  =  3.10657e-05 eV
 =========================================
 ... End of final reconstruction and testing ...

 ... grouping is not optimum, change to 70 groups
 ... Produce MF33 based on MF32 and 20 random files
 ... run endsam for 20 in groups of 1 global run
 ... run endsam from 1 to 20
 ... preparing the vectors  ... done
 ... nominal file 0 Cap(th)  ave= 1.045E+00 b. +/- 0.00 % || Ela(th) ave= 4.560E+00 b. +/- 0.00 % || RIcap ave= 1.40E+01 b. +/- 0.00 % || Macs30 ave= 2.32E-01 b. +/- 0.00 % || Gn^0(l=0) ave= 5.827E-02 +/- 0.00 % Gn^0(l=1) ave= 6.454E-02 +/- 0.00 % Gn^0(l=2) ave= 0.000E+00 +/- 0.00 % Gn^0(l=3) ave= 0.000E+00 +/- 0.00 % || Gtotal(l=0) ave= 4.965E+00 +/- 0.00 % Gtotal(l=1) ave= 8.429E-02 +/- 0.00 % Gtotal(l=2) ave= 0.000E+00 +/- 0.00 % Gtotal(l=3) ave= 0.000E+00 +/- 0.00 %  % || Gg(l=0) ave= 6.500E-02 +/- 0.00 % Gg(l=1) ave= 6.500E-02 +/- 0.00 % Gg(l=2) ave= 0.000E+00 +/- 0.00 % Gg(l=3) ave= 0.000E+00 +/- 0.00 %  % || D(l=0) ave= 2.067E+02 +/- 0.00 % D(l=1) ave= 1.539E+03 +/- 0.00 % D(l=2) ave= 0.000E+00 +/- 0.00 % D(l=3) ave= 0.000E+00 +/- 0.00 %  % || S(l=0) ave= 2.861E-04 +/- 0.00 % S(l=1) ave= 3.107E-05 +/- 0.00 % S(l=2) ave= 0.000E+00 +/- 0.00 % S(l=3) ave= 0.000E+00 +/- 0.00 % 
 ... random file  1 Cap(th)  ave= 1.069E+00 b. +/- 2.17 % || Ela(th) ave= 5.170E+00 b. +/- 11.80 % || RIcap ave= 1.44E+01 b. +/- 2.60 % || Macs30 ave= 2.33E-01 b. +/- 0.33 % || Gn^0(l=0) ave= 5.837E-02 +/- 0.18 % Gn^0(l=1) ave= 5.892E-02 +/- 9.55 % Gn^0(l=2) ave= 0.000E+00 +/- 0.00 % Gn^0(l=3) ave= 0.000E+00 +/- 0.00 % || Gtotal(l=0) ave= 4.965E+00 +/- 0.00 % Gtotal(l=1) ave= 8.429E-02 +/- 0.00 % Gtotal(l=2) ave= 0.000E+00 +/- 0.00 % Gtotal(l=3) ave= 0.000E+00 +/- 0.00 %  % || Gg(l=0) ave= 6.533E-02 +/- 0.51 % Gg(l=1) ave= 6.511E-02 +/- 0.18 % Gg(l=2) ave= 0.000E+00 +/- 0.00 % Gg(l=3) ave= 0.000E+00 +/- 0.00 %  % || D(l=0) ave= 2.067E+02 +/- 0.00 % D(l=1) ave= 1.539E+03 +/- 0.00 % D(l=2) ave= 0.000E+00 +/- 0.00 % D(l=3) ave= 0.000E+00 +/- 0.00 %  % || S(l=0) ave= 2.866E-04 +/- 0.18 % S(l=1) ave= 2.836E-05 +/- 9.55 % S(l=2) ave= 0.000E+00 +/- 0.00 % S(l=3) ave= 0.000E+00 +/- 0.00 % 
 ... random file  2 Cap(th)  ave= 1.071E+00 b. +/- 1.79 % || Ela(th) ave= 5.127E+00 b. +/- 9.79 % || RIcap ave= 1.40E+01 b. +/- 4.55 % || Macs30 ave= 2.32E-01 b. +/- 0.71 % || Gn^0(l=0) ave= 5.832E-02 +/- 0.18 % Gn^0(l=1) ave= 5.786E-02 +/- 8.34 % Gn^0(l=2) ave= 0.000E+00 +/- 0.00 % Gn^0(l=3) ave= 0.000E+00 +/- 0.00 % || Gtotal(l=0) ave= 4.965E+00 +/- 0.00 % Gtotal(l=1) ave= 8.429E-02 +/- 0.00 % Gtotal(l=2) ave= 0.000E+00 +/- 0.00 % Gtotal(l=3) ave= 0.000E+00 +/- 0.00 %  % || Gg(l=0) ave= 6.524E-02 +/- 0.46 % Gg(l=1) ave= 6.529E-02 +/- 0.40 % Gg(l=2) ave= 0.000E+00 +/- 0.00 % Gg(l=3) ave= 0.000E+00 +/- 0.00 %  % || D(l=0) ave= 2.067E+02 +/- 0.00 % D(l=1) ave= 1.539E+03 +/- 0.00 % D(l=2) ave= 0.000E+00 +/- 0.00 % D(l=3) ave= 0.000E+00 +/- 0.00 %  % || S(l=0) ave= 2.863E-04 +/- 0.18 % S(l=1) ave= 2.785E-05 +/- 8.34 % S(l=2) ave= 0.000E+00 +/- 0.00 % S(l=3) ave= 0.000E+00 +/- 0.00 % 
 ... random file  3 Cap(th)  ave= 1.065E+00 b. +/- 1.84 % || Ela(th) ave= 4.964E+00 b. +/- 10.45 % || RIcap ave= 1.38E+01 b. +/- 4.51 % || Macs30 ave= 2.30E-01 b. +/- 1.41 % || Gn^0(l=0) ave= 5.837E-02 +/- 0.20 % Gn^0(l=1) ave= 5.970E-02 +/- 8.80 % Gn^0(l=2) ave= 0.000E+00 +/- 0.00 % Gn^0(l=3) ave= 0.000E+00 +/- 0.00 % || Gtotal(l=0) ave= 4.979E+00 +/- 0.49 % Gtotal(l=1) ave= 8.429E-02 +/- 0.00 % Gtotal(l=2) ave= 0.000E+00 +/- 0.00 % Gtotal(l=3) ave= 0.000E+00 +/- 0.00 %  % || Gg(l=0) ave= 6.490E-02 +/- 0.99 % Gg(l=1) ave= 6.511E-02 +/- 0.59 % Gg(l=2) ave= 0.000E+00 +/- 0.00 % Gg(l=3) ave= 0.000E+00 +/- 0.00 %  % || D(l=0) ave= 2.075E+02 +/- 0.65 % D(l=1) ave= 1.539E+03 +/- 0.00 % D(l=2) ave= 0.000E+00 +/- 0.00 % D(l=3) ave= 0.000E+00 +/- 0.00 %  % || S(l=0) ave= 2.855E-04 +/- 0.54 % S(l=1) ave= 2.873E-05 +/- 8.80 % S(l=2) ave= 0.000E+00 +/- 0.00 % S(l=3) ave= 0.000E+00 +/- 0.00 % 
 ... random file  4 Cap(th)  ave= 1.044E+00 b. +/- 4.29 % || Ela(th) ave= 4.707E+00 b. +/- 14.69 % || RIcap ave= 1.39E+01 b. +/- 4.09 % || Macs30 ave= 2.31E-01 b. +/- 1.37 % || Gn^0(l=0) ave= 5.847E-02 +/- 0.40 % Gn^0(l=1) ave= 6.173E-02 +/- 10.07 % Gn^0(l=2) ave= 0.000E+00 +/- 0.00 % Gn^0(l=3) ave= 0.000E+00 +/- 0.00 % || Gtotal(l=0) ave= 4.976E+00 +/- 0.45 % Gtotal(l=1) ave= 8.429E-02 +/- 0.00 % Gtotal(l=2) ave= 0.000E+00 +/- 0.00 % Gtotal(l=3) ave= 0.000E+00 +/- 0.00 %  % || Gg(l=0) ave= 6.509E-02 +/- 1.07 % Gg(l=1) ave= 6.551E-02 +/- 1.35 % Gg(l=2) ave= 0.000E+00 +/- 0.00 % Gg(l=3) ave= 0.000E+00 +/- 0.00 %  % || D(l=0) ave= 2.074E+02 +/- 0.60 % D(l=1) ave= 1.539E+03 +/- 0.00 % D(l=2) ave= 0.000E+00 +/- 0.00 % D(l=3) ave= 0.000E+00 +/- 0.00 %  % || S(l=0) ave= 2.862E-04 +/- 0.71 % S(l=1) ave= 2.971E-05 +/- 10.07 % S(l=2) ave= 0.000E+00 +/- 0.00 % S(l=3) ave= 0.000E+00 +/- 0.00 % 
 ... random file  5 Cap(th)  ave= 1.037E+00 b. +/- 4.29 % || Ela(th) ave= 4.588E+00 b. +/- 14.93 % || RIcap ave= 1.39E+01 b. +/- 3.82 % || Macs30 ave= 2.31E-01 b. +/- 1.25 % || Gn^0(l=0) ave= 5.843E-02 +/- 0.40 % Gn^0(l=1) ave= 6.350E-02 +/- 10.88 % Gn^0(l=2) ave= 0.000E+00 +/- 0.00 % Gn^0(l=3) ave= 0.000E+00 +/- 0.00 % || Gtotal(l=0) ave= 4.974E+00 +/- 0.42 % Gtotal(l=1) ave= 8.429E-02 +/- 0.00 % Gtotal(l=2) ave= 0.000E+00 +/- 0.00 % Gtotal(l=3) ave= 0.000E+00 +/- 0.00 %  % || Gg(l=0) ave= 6.504E-02 +/- 0.99 % Gg(l=1) ave= 6.548E-02 +/- 1.23 % Gg(l=2) ave= 0.000E+00 +/- 0.00 % Gg(l=3) ave= 0.000E+00 +/- 0.00 %  % || D(l=0) ave= 2.073E+02 +/- 0.56 % D(l=1) ave= 1.539E+03 +/- 0.00 % D(l=2) ave= 0.000E+00 +/- 0.00 % D(l=3) ave= 0.000E+00 +/- 0.00 %  % || S(l=0) ave= 2.861E-04 +/- 0.65 % S(l=1) ave= 3.056E-05 +/- 10.88 % S(l=2) ave= 0.000E+00 +/- 0.00 % S(l=3) ave= 0.000E+00 +/- 0.00 % 
 ... random file  6 Cap(th)  ave= 1.029E+00 b. +/- 4.40 % || Ela(th) ave= 4.487E+00 b. +/- 15.18 % || RIcap ave= 1.38E+01 b. +/- 3.98 % || Macs30 ave= 2.30E-01 b. +/- 1.24 % || Gn^0(l=0) ave= 5.861E-02 +/- 0.85 % Gn^0(l=1) ave= 6.526E-02 +/- 11.81 % Gn^0(l=2) ave= 0.000E+00 +/- 0.00 % Gn^0(l=3) ave= 0.000E+00 +/- 0.00 % || Gtotal(l=0) ave= 4.981E+00 +/- 0.51 % Gtotal(l=1) ave= 8.429E-02 +/- 0.00 % Gtotal(l=2) ave= 0.000E+00 +/- 0.00 % Gtotal(l=3) ave= 0.000E+00 +/- 0.00 %  % || Gg(l=0) ave= 6.501E-02 +/- 0.92 % Gg(l=1) ave= 6.562E-02 +/- 1.26 % Gg(l=2) ave= 0.000E+00 +/- 0.00 % Gg(l=3) ave= 0.000E+00 +/- 0.00 %  % || D(l=0) ave= 2.076E+02 +/- 0.68 % D(l=1) ave= 1.539E+03 +/- 0.00 % D(l=2) ave= 0.000E+00 +/- 0.00 % D(l=3) ave= 0.000E+00 +/- 0.00 %  % || S(l=0) ave= 2.865E-04 +/- 0.68 % S(l=1) ave= 3.141E-05 +/- 11.82 % S(l=2) ave= 0.000E+00 +/- 0.00 % S(l=3) ave= 0.000E+00 +/- 0.00 % 
 ... random file  7 Cap(th)  ave= 1.017E+00 b. +/- 5.19 % || Ela(th) ave= 4.585E+00 b. +/- 15.01 % || RIcap ave= 1.38E+01 b. +/- 3.77 % || Macs30 ave= 2.30E-01 b. +/- 1.17 % || Gn^0(l=0) ave= 5.872E-02 +/- 0.93 % Gn^0(l=1) ave= 6.409E-02 +/- 12.24 % Gn^0(l=2) ave= 0.000E+00 +/- 0.00 % Gn^0(l=3) ave= 0.000E+00 +/- 0.00 % || Gtotal(l=0) ave= 4.986E+00 +/- 0.55 % Gtotal(l=1) ave= 8.429E-02 +/- 0.00 % Gtotal(l=2) ave= 0.000E+00 +/- 0.00 % Gtotal(l=3) ave= 0.000E+00 +/- 0.00 %  % || Gg(l=0) ave= 6.503E-02 +/- 0.87 % Gg(l=1) ave= 6.547E-02 +/- 1.33 % Gg(l=2) ave= 0.000E+00 +/- 0.00 % Gg(l=3) ave= 0.000E+00 +/- 0.00 %  % || D(l=0) ave= 2.079E+02 +/- 0.73 % D(l=1) ave= 1.539E+03 +/- 0.00 % D(l=2) ave= 0.000E+00 +/- 0.00 % D(l=3) ave= 0.000E+00 +/- 0.00 %  % || S(l=0) ave= 2.867E-04 +/- 0.65 % S(l=1) ave= 3.085E-05 +/- 12.24 % S(l=2) ave= 0.000E+00 +/- 0.00 % S(l=3) ave= 0.000E+00 +/- 0.00 % 
 ... random file  8 Cap(th)  ave= 1.023E+00 b. +/- 5.14 % || Ela(th) ave= 4.694E+00 b. +/- 15.31 % || RIcap ave= 1.38E+01 b. +/- 3.55 % || Macs30 ave= 2.30E-01 b. +/- 1.24 % || Gn^0(l=0) ave= 5.879E-02 +/- 0.94 % Gn^0(l=1) ave= 6.291E-02 +/- 12.89 % Gn^0(l=2) ave= 0.000E+00 +/- 0.00 % Gn^0(l=3) ave= 0.000E+00 +/- 0.00 % || Gtotal(l=0) ave= 4.990E+00 +/- 0.56 % Gtotal(l=1) ave= 8.429E-02 +/- 0.00 % Gtotal(l=2) ave= 0.000E+00 +/- 0.00 % Gtotal(l=3) ave= 0.000E+00 +/- 0.00 %  % || Gg(l=0) ave= 6.492E-02 +/- 0.94 % Gg(l=1) ave= 6.528E-02 +/- 1.50 % Gg(l=2) ave= 0.000E+00 +/- 0.00 % Gg(l=3) ave= 0.000E+00 +/- 0.00 %  % || D(l=0) ave= 2.081E+02 +/- 0.75 % D(l=1) ave= 1.539E+03 +/- 0.00 % D(l=2) ave= 0.000E+00 +/- 0.00 % D(l=3) ave= 0.000E+00 +/- 0.00 %  % || S(l=0) ave= 2.867E-04 +/- 0.62 % S(l=1) ave= 3.028E-05 +/- 12.89 % S(l=2) ave= 0.000E+00 +/- 0.00 % S(l=3) ave= 0.000E+00 +/- 0.00 % 
 ... random file  9 Cap(th)  ave= 1.021E+00 b. +/- 4.91 % || Ela(th) ave= 4.679E+00 b. +/- 14.60 % || RIcap ave= 1.38E+01 b. +/- 3.44 % || Macs30 ave= 2.30E-01 b. +/- 1.27 % || Gn^0(l=0) ave= 5.874E-02 +/- 0.93 % Gn^0(l=1) ave= 6.336E-02 +/- 12.32 % Gn^0(l=2) ave= 0.000E+00 +/- 0.00 % Gn^0(l=3) ave= 0.000E+00 +/- 0.00 % || Gtotal(l=0) ave= 4.988E+00 +/- 0.55 % Gtotal(l=1) ave= 8.429E-02 +/- 0.00 % Gtotal(l=2) ave= 0.000E+00 +/- 0.00 % Gtotal(l=3) ave= 0.000E+00 +/- 0.00 %  % || Gg(l=0) ave= 6.497E-02 +/- 0.92 % Gg(l=1) ave= 6.530E-02 +/- 1.42 % Gg(l=2) ave= 0.000E+00 +/- 0.00 % Gg(l=3) ave= 0.000E+00 +/- 0.00 %  % || D(l=0) ave= 2.080E+02 +/- 0.74 % D(l=1) ave= 1.539E+03 +/- 0.00 % D(l=2) ave= 0.000E+00 +/- 0.00 % D(l=3) ave= 0.000E+00 +/- 0.00 %  % || S(l=0) ave= 2.867E-04 +/- 0.59 % S(l=1) ave= 3.050E-05 +/- 12.32 % S(l=2) ave= 0.000E+00 +/- 0.00 % S(l=3) ave= 0.000E+00 +/- 0.00 % 
 ... random file  10 Cap(th)  ave= 1.039E+00 b. +/- 7.03 % || Ela(th) ave= 4.808E+00 b. +/- 16.01 % || RIcap ave= 1.39E+01 b. +/- 3.43 % || Macs30 ave= 2.30E-01 b. +/- 1.21 % || Gn^0(l=0) ave= 5.875E-02 +/- 0.89 % Gn^0(l=1) ave= 6.214E-02 +/- 13.48 % Gn^0(l=2) ave= 0.000E+00 +/- 0.00 % Gn^0(l=3) ave= 0.000E+00 +/- 0.00 % || Gtotal(l=0) ave= 4.991E+00 +/- 0.56 % Gtotal(l=1) ave= 8.429E-02 +/- 0.00 % Gtotal(l=2) ave= 0.000E+00 +/- 0.00 % Gtotal(l=3) ave= 0.000E+00 +/- 0.00 %  % || Gg(l=0) ave= 6.501E-02 +/- 0.89 % Gg(l=1) ave= 6.525E-02 +/- 1.38 % Gg(l=2) ave= 0.000E+00 +/- 0.00 % Gg(l=3) ave= 0.000E+00 +/- 0.00 %  % || D(l=0) ave= 2.082E+02 +/- 0.75 % D(l=1) ave= 1.539E+03 +/- 0.00 % D(l=2) ave= 0.000E+00 +/- 0.00 % D(l=3) ave= 0.000E+00 +/- 0.00 %  % || S(l=0) ave= 2.865E-04 +/- 0.60 % S(l=1) ave= 2.991E-05 +/- 13.48 % S(l=2) ave= 0.000E+00 +/- 0.00 % S(l=3) ave= 0.000E+00 +/- 0.00 % 
 ... random file  11 Cap(th)  ave= 1.037E+00 b. +/- 6.76 % || Ela(th) ave= 4.863E+00 b. +/- 15.60 % || RIcap ave= 1.39E+01 b. +/- 3.30 % || Macs30 ave= 2.30E-01 b. +/- 1.20 % || Gn^0(l=0) ave= 5.878E-02 +/- 0.87 % Gn^0(l=1) ave= 6.097E-02 +/- 14.63 % Gn^0(l=2) ave= 0.000E+00 +/- 0.00 % Gn^0(l=3) ave= 0.000E+00 +/- 0.00 % || Gtotal(l=0) ave= 4.993E+00 +/- 0.56 % Gtotal(l=1) ave= 8.429E-02 +/- 0.00 % Gtotal(l=2) ave= 0.000E+00 +/- 0.00 % Gtotal(l=3) ave= 0.000E+00 +/- 0.00 %  % || Gg(l=0) ave= 6.502E-02 +/- 0.86 % Gg(l=1) ave= 6.526E-02 +/- 1.32 % Gg(l=2) ave= 0.000E+00 +/- 0.00 % Gg(l=3) ave= 0.000E+00 +/- 0.00 %  % || D(l=0) ave= 2.083E+02 +/- 0.75 % D(l=1) ave= 1.539E+03 +/- 0.00 % D(l=2) ave= 0.000E+00 +/- 0.00 % D(l=3) ave= 0.000E+00 +/- 0.00 %  % || S(l=0) ave= 2.864E-04 +/- 0.58 % S(l=1) ave= 2.934E-05 +/- 14.63 % S(l=2) ave= 0.000E+00 +/- 0.00 % S(l=3) ave= 0.000E+00 +/- 0.00 % 
 ... random file  12 Cap(th)  ave= 1.043E+00 b. +/- 6.75 % || Ela(th) ave= 4.790E+00 b. +/- 16.10 % || RIcap ave= 1.39E+01 b. +/- 3.21 % || Macs30 ave= 2.30E-01 b. +/- 1.16 % || Gn^0(l=0) ave= 5.877E-02 +/- 0.84 % Gn^0(l=1) ave= 6.185E-02 +/- 14.70 % Gn^0(l=2) ave= 0.000E+00 +/- 0.00 % Gn^0(l=3) ave= 0.000E+00 +/- 0.00 % || Gtotal(l=0) ave= 4.991E+00 +/- 0.56 % Gtotal(l=1) ave= 8.429E-02 +/- 0.00 % Gtotal(l=2) ave= 0.000E+00 +/- 0.00 % Gtotal(l=3) ave= 0.000E+00 +/- 0.00 %  % || Gg(l=0) ave= 6.500E-02 +/- 0.83 % Gg(l=1) ave= 6.514E-02 +/- 1.43 % Gg(l=2) ave= 0.000E+00 +/- 0.00 % Gg(l=3) ave= 0.000E+00 +/- 0.00 %  % || D(l=0) ave= 2.082E+02 +/- 0.75 % D(l=1) ave= 1.539E+03 +/- 0.00 % D(l=2) ave= 0.000E+00 +/- 0.00 % D(l=3) ave= 0.000E+00 +/- 0.00 %  % || S(l=0) ave= 2.866E-04 +/- 0.58 % S(l=1) ave= 2.977E-05 +/- 14.70 % S(l=2) ave= 0.000E+00 +/- 0.00 % S(l=3) ave= 0.000E+00 +/- 0.00 % 
 ... random file  13 Cap(th)  ave= 1.041E+00 b. +/- 6.54 % || Ela(th) ave= 4.835E+00 b. +/- 15.74 % || RIcap ave= 1.39E+01 b. +/- 3.12 % || Macs30 ave= 2.30E-01 b. +/- 1.13 % || Gn^0(l=0) ave= 5.887E-02 +/- 0.98 % Gn^0(l=1) ave= 6.105E-02 +/- 15.11 % Gn^0(l=2) ave= 0.000E+00 +/- 0.00 % Gn^0(l=3) ave= 0.000E+00 +/- 0.00 % || Gtotal(l=0) ave= 4.993E+00 +/- 0.56 % Gtotal(l=1) ave= 8.429E-02 +/- 0.00 % Gtotal(l=2) ave= 0.000E+00 +/- 0.00 % Gtotal(l=3) ave= 0.000E+00 +/- 0.00 %  % || Gg(l=0) ave= 6.501E-02 +/- 0.80 % Gg(l=1) ave= 6.515E-02 +/- 1.38 % Gg(l=2) ave= 0.000E+00 +/- 0.00 % Gg(l=3) ave= 0.000E+00 +/- 0.00 %  % || D(l=0) ave= 2.083E+02 +/- 0.75 % D(l=1) ave= 1.539E+03 +/- 0.00 % D(l=2) ave= 0.000E+00 +/- 0.00 % D(l=3) ave= 0.000E+00 +/- 0.00 %  % || S(l=0) ave= 2.869E-04 +/- 0.66 % S(l=1) ave= 2.938E-05 +/- 15.11 % S(l=2) ave= 0.000E+00 +/- 0.00 % S(l=3) ave= 0.000E+00 +/- 0.00 % 
 ... random file  14 Cap(th)  ave= 1.041E+00 b. +/- 6.32 % || Ela(th) ave= 4.888E+00 b. +/- 15.57 % || RIcap ave= 1.39E+01 b. +/- 3.03 % || Macs30 ave= 2.30E-01 b. +/- 1.10 % || Gn^0(l=0) ave= 5.885E-02 +/- 0.96 % Gn^0(l=1) ave= 6.050E-02 +/- 15.11 % Gn^0(l=2) ave= 0.000E+00 +/- 0.00 % Gn^0(l=3) ave= 0.000E+00 +/- 0.00 % || Gtotal(l=0) ave= 4.991E+00 +/- 0.56 % Gtotal(l=1) ave= 8.429E-02 +/- 0.00 % Gtotal(l=2) ave= 0.000E+00 +/- 0.00 % Gtotal(l=3) ave= 0.000E+00 +/- 0.00 %  % || Gg(l=0) ave= 6.494E-02 +/- 0.86 % Gg(l=1) ave= 6.518E-02 +/- 1.34 % Gg(l=2) ave= 0.000E+00 +/- 0.00 % Gg(l=3) ave= 0.000E+00 +/- 0.00 %  % || D(l=0) ave= 2.082E+02 +/- 0.75 % D(l=1) ave= 1.539E+03 +/- 0.00 % D(l=2) ave= 0.000E+00 +/- 0.00 % D(l=3) ave= 0.000E+00 +/- 0.00 %  % || S(l=0) ave= 2.869E-04 +/- 0.64 % S(l=1) ave= 2.912E-05 +/- 15.11 % S(l=2) ave= 0.000E+00 +/- 0.00 % S(l=3) ave= 0.000E+00 +/- 0.00 % 
 ... random file  15 Cap(th)  ave= 1.034E+00 b. +/- 6.71 % || Ela(th) ave= 4.793E+00 b. +/- 17.19 % || RIcap ave= 1.39E+01 b. +/- 3.06 % || Macs30 ave= 2.30E-01 b. +/- 1.08 % || Gn^0(l=0) ave= 5.885E-02 +/- 0.93 % Gn^0(l=1) ave= 6.165E-02 +/- 16.07 % Gn^0(l=2) ave= 0.000E+00 +/- 0.00 % Gn^0(l=3) ave= 0.000E+00 +/- 0.00 % || Gtotal(l=0) ave= 4.990E+00 +/- 0.56 % Gtotal(l=1) ave= 8.429E-02 +/- 0.00 % Gtotal(l=2) ave= 0.000E+00 +/- 0.00 % Gtotal(l=3) ave= 0.000E+00 +/- 0.00 %  % || Gg(l=0) ave= 6.489E-02 +/- 0.88 % Gg(l=1) ave= 6.519E-02 +/- 1.30 % Gg(l=2) ave= 0.000E+00 +/- 0.00 % Gg(l=3) ave= 0.000E+00 +/- 0.00 %  % || D(l=0) ave= 2.081E+02 +/- 0.75 % D(l=1) ave= 1.539E+03 +/- 0.00 % D(l=2) ave= 0.000E+00 +/- 0.00 % D(l=3) ave= 0.000E+00 +/- 0.00 %  % || S(l=0) ave= 2.870E-04 +/- 0.64 % S(l=1) ave= 2.967E-05 +/- 16.07 % S(l=2) ave= 0.000E+00 +/- 0.00 % S(l=3) ave= 0.000E+00 +/- 0.00 % 
 ... random file  16 Cap(th)  ave= 1.038E+00 b. +/- 6.64 % || Ela(th) ave= 4.788E+00 b. +/- 16.70 % || RIcap ave= 1.39E+01 b. +/- 3.03 % || Macs30 ave= 2.30E-01 b. +/- 1.11 % || Gn^0(l=0) ave= 5.883E-02 +/- 0.91 % Gn^0(l=1) ave= 6.170E-02 +/- 15.58 % Gn^0(l=2) ave= 0.000E+00 +/- 0.00 % Gn^0(l=3) ave= 0.000E+00 +/- 0.00 % || Gtotal(l=0) ave= 4.992E+00 +/- 0.56 % Gtotal(l=1) ave= 8.429E-02 +/- 0.00 % Gtotal(l=2) ave= 0.000E+00 +/- 0.00 % Gtotal(l=3) ave= 0.000E+00 +/- 0.00 %  % || Gg(l=0) ave= 6.488E-02 +/- 0.86 % Gg(l=1) ave= 6.516E-02 +/- 1.27 % Gg(l=2) ave= 0.000E+00 +/- 0.00 % Gg(l=3) ave= 0.000E+00 +/- 0.00 %  % || D(l=0) ave= 2.082E+02 +/- 0.75 % D(l=1) ave= 1.539E+03 +/- 0.00 % D(l=2) ave= 0.000E+00 +/- 0.00 % D(l=3) ave= 0.000E+00 +/- 0.00 %  % || S(l=0) ave= 2.868E-04 +/- 0.69 % S(l=1) ave= 2.970E-05 +/- 15.58 % S(l=2) ave= 0.000E+00 +/- 0.00 % S(l=3) ave= 0.000E+00 +/- 0.00 % 
 ... random file  17 Cap(th)  ave= 1.036E+00 b. +/- 6.50 % || Ela(th) ave= 4.757E+00 b. +/- 16.55 % || RIcap ave= 1.38E+01 b. +/- 3.04 % || Macs30 ave= 2.30E-01 b. +/- 1.08 % || Gn^0(l=0) ave= 5.882E-02 +/- 0.89 % Gn^0(l=1) ave= 6.199E-02 +/- 15.19 % Gn^0(l=2) ave= 0.000E+00 +/- 0.00 % Gn^0(l=3) ave= 0.000E+00 +/- 0.00 % || Gtotal(l=0) ave= 4.990E+00 +/- 0.56 % Gtotal(l=1) ave= 8.429E-02 +/- 0.00 % Gtotal(l=2) ave= 0.000E+00 +/- 0.00 % Gtotal(l=3) ave= 0.000E+00 +/- 0.00 %  % || Gg(l=0) ave= 6.485E-02 +/- 0.85 % Gg(l=1) ave= 6.516E-02 +/- 1.24 % Gg(l=2) ave= 0.000E+00 +/- 0.00 % Gg(l=3) ave= 0.000E+00 +/- 0.00 %  % || D(l=0) ave= 2.081E+02 +/- 0.75 % D(l=1) ave= 1.539E+03 +/- 0.00 % D(l=2) ave= 0.000E+00 +/- 0.00 % D(l=3) ave= 0.000E+00 +/- 0.00 %  % || S(l=0) ave= 2.869E-04 +/- 0.68 % S(l=1) ave= 2.984E-05 +/- 15.19 % S(l=2) ave= 0.000E+00 +/- 0.00 % S(l=3) ave= 0.000E+00 +/- 0.00 % 
 ... random file  18 Cap(th)  ave= 1.035E+00 b. +/- 6.37 % || Ela(th) ave= 4.783E+00 b. +/- 16.19 % || RIcap ave= 1.39E+01 b. +/- 3.20 % || Macs30 ave= 2.30E-01 b. +/- 1.07 % || Gn^0(l=0) ave= 5.879E-02 +/- 0.89 % Gn^0(l=1) ave= 6.156E-02 +/- 15.19 % Gn^0(l=2) ave= 0.000E+00 +/- 0.00 % Gn^0(l=3) ave= 0.000E+00 +/- 0.00 % || Gtotal(l=0) ave= 4.989E+00 +/- 0.56 % Gtotal(l=1) ave= 8.429E-02 +/- 0.00 % Gtotal(l=2) ave= 0.000E+00 +/- 0.00 % Gtotal(l=3) ave= 0.000E+00 +/- 0.00 %  % || Gg(l=0) ave= 6.485E-02 +/- 0.83 % Gg(l=1) ave= 6.521E-02 +/- 1.24 % Gg(l=2) ave= 0.000E+00 +/- 0.00 % Gg(l=3) ave= 0.000E+00 +/- 0.00 %  % || D(l=0) ave= 2.081E+02 +/- 0.74 % D(l=1) ave= 1.539E+03 +/- 0.00 % D(l=2) ave= 0.000E+00 +/- 0.00 % D(l=3) ave= 0.000E+00 +/- 0.00 %  % || S(l=0) ave= 2.868E-04 +/- 0.66 % S(l=1) ave= 2.963E-05 +/- 15.19 % S(l=2) ave= 0.000E+00 +/- 0.00 % S(l=3) ave= 0.000E+00 +/- 0.00 % 
 ... random file  19 Cap(th)  ave= 1.045E+00 b. +/- 7.42 % || Ela(th) ave= 4.788E+00 b. +/- 15.77 % || RIcap ave= 1.38E+01 b. +/- 3.21 % || Macs30 ave= 2.30E-01 b. +/- 1.05 % || Gn^0(l=0) ave= 5.877E-02 +/- 0.87 % Gn^0(l=1) ave= 6.203E-02 +/- 15.07 % Gn^0(l=2) ave= 0.000E+00 +/- 0.00 % Gn^0(l=3) ave= 0.000E+00 +/- 0.00 % || Gtotal(l=0) ave= 4.990E+00 +/- 0.56 % Gtotal(l=1) ave= 8.429E-02 +/- 0.00 % Gtotal(l=2) ave= 0.000E+00 +/- 0.00 % Gtotal(l=3) ave= 0.000E+00 +/- 0.00 %  % || Gg(l=0) ave= 6.484E-02 +/- 0.81 % Gg(l=1) ave= 6.509E-02 +/- 1.45 % Gg(l=2) ave= 0.000E+00 +/- 0.00 % Gg(l=3) ave= 0.000E+00 +/- 0.00 %  % || D(l=0) ave= 2.081E+02 +/- 0.75 % D(l=1) ave= 1.539E+03 +/- 0.00 % D(l=2) ave= 0.000E+00 +/- 0.00 % D(l=3) ave= 0.000E+00 +/- 0.00 %  % || S(l=0) ave= 2.866E-04 +/- 0.70 % S(l=1) ave= 2.986E-05 +/- 15.07 % S(l=2) ave= 0.000E+00 +/- 0.00 % S(l=3) ave= 0.000E+00 +/- 0.00 % 
 ... random file  20 Cap(th)  ave= 1.042E+00 b. +/- 7.36 % || Ela(th) ave= 4.753E+00 b. +/- 15.85 % || RIcap ave= 1.38E+01 b. +/- 3.30 % || Macs30 ave= 2.30E-01 b. +/- 1.03 % || Gn^0(l=0) ave= 5.874E-02 +/- 0.90 % Gn^0(l=1) ave= 6.266E-02 +/- 15.24 % Gn^0(l=2) ave= 0.000E+00 +/- 0.00 % Gn^0(l=3) ave= 0.000E+00 +/- 0.00 % || Gtotal(l=0) ave= 4.989E+00 +/- 0.56 % Gtotal(l=1) ave= 8.429E-02 +/- 0.00 % Gtotal(l=2) ave= 0.000E+00 +/- 0.00 % Gtotal(l=3) ave= 0.000E+00 +/- 0.00 %  % || Gg(l=0) ave= 6.483E-02 +/- 0.79 % Gg(l=1) ave= 6.498E-02 +/- 1.60 % Gg(l=2) ave= 0.000E+00 +/- 0.00 % Gg(l=3) ave= 0.000E+00 +/- 0.00 %  % || D(l=0) ave= 2.081E+02 +/- 0.75 % D(l=1) ave= 1.539E+03 +/- 0.00 % D(l=2) ave= 0.000E+00 +/- 0.00 % D(l=3) ave= 0.000E+00 +/- 0.00 %  % || S(l=0) ave= 2.865E-04 +/- 0.70 % S(l=1) ave= 3.016E-05 +/- 15.24 % S(l=2) ave= 0.000E+00 +/- 0.00 % S(l=3) ave= 0.000E+00 +/- 0.00 % 
 ... Histogram plot for thermal (n,g)
 ... Write covariances  ... MT1  ... plot correlations
 ... MT2  ... MT102 


 ================================================
 ============== From 20 random values === start ======
 Thermal (n,tot) xs  0 K =  5.79454 b. +/- 0.791658 b. ( 13.6621 %) skew= -0.05 +/- 0.50
 Thermal (n,el) xs   0 K =  4.75273 b. +/- 0.753262 b. ( 15.849 %) skew= -0.05 +/- 0.50
 Thermal (n,g) xs    0 K =  1.04181 b. +/- 0.0766428 b. ( 7.35671 %) skew= +0.95 +/- 0.50
 RI      (n,g)       0 K =  13.8175 b. +/- 0.456116 b. ( 3.301 %) 
 MACS    (n,g)       0 K (at Emacs= 30000 eV) =  0.229659 b. +/- 0.00237279 b. ( 1.03318 %) 
 Ave. Gtotal  L=0        =  4.989E+00 +/- 0.56 %
 Ave. Gn^(0)  L=0        =  5.874E-02 +/- 0.90 %
 Ave. Gg      L=0        =  6.483E-02 +/- 0.79 %
 Ave. D       L=0        =  2.081E+02 +/- 0.75 %
 Ave. S       L=0        =  2.865E-04 +/- 0.70 %
 Ave. Gtotal  L=1        =  8.429E-02 +/- 0.00 %
 Ave. Gg      L=1        =  6.498E-02 +/- 1.60 %
 Ave. D       L=1        =  1.539E+03 +/- 0.00 %
 Ave. S       L=1        =  3.016E-05 +/- 15.24 %

 Expected Thermal (n,g) (syst or meas)= 1.04 b. +/- 0.052 b. nominal: 1.04538 b.
 ratio Calculated/expected thermal (n,g): 1.00 ratio DCalculated/Dexpected: 1.47 ratio Calculated/Nominal: 1.00
 ============== From 20 random values ===== stop ======
 ================================================
 ... Calculation of (n,a) and (n,p) cross sections at 300 K
 ... thermal (n,a) cross section is 1.55528e-07 +/- 7.77642e-08 b.
 ... thermal (n,a) cross section is 0 b. (random case 1)
 ... thermal (n,a) cross section is 0 b. (random case 2)
 ... thermal (n,a) cross section is 0 b. (random case 3)
 ... thermal (n,a) cross section is 0 b. (random case 4)
 ... thermal (n,a) cross section is 0 b. (random case 5)
 ... thermal (n,a) cross section is 0 b. (random case 6)
 ... thermal (n,a) cross section is 0 b. (random case 7)
 ... thermal (n,a) cross section is 0 b. (random case 8)
 ... thermal (n,a) cross section is 0 b. (random case 9)
 ... thermal (n,a) cross section is 0 b. (random case 10)
 ... thermal (n,a) cross section is 0 b. (random case 11)
 ... thermal (n,a) cross section is 0 b. (random case 12)
 ... thermal (n,a) cross section is 0 b. (random case 13)
 ... thermal (n,a) cross section is 0 b. (random case 14)
 ... thermal (n,a) cross section is 0 b. (random case 15)
 ... thermal (n,a) cross section is 0 b. (random case 16)
 ... thermal (n,a) cross section is 0 b. (random case 17)
 ... thermal (n,a) cross section is 0 b. (random case 18)
 ... thermal (n,a) cross section is 0 b. (random case 19)
 ... thermal (n,a) cross section is 0 b. (random case 20)
 ... (n,p) Q-value negative for this element
 ... Rewrite index for MF2
 ... Write text for MF1 in file mf1.tares.txt
 ... plotting cross sections for the MF1
 ... order output files


================== summary ==================
 Thermal (n,tot) xs = 5.60548 b. 
 Thermal (n,el)  xs = 4.5601 b. 
 Thermal (n,g)   xs = 1.04538 b. (meas/sys: 1.04 b.)

 RI      (n,g)      = 14.4147 b. (meas or sys: 15.2 b.)
 RI      (n,el)     = 121.828 b.
=============================================


 ... cleaning
                                                 
  -------------------------------------------------------------
  -                                                           -
  - TARES: successful end of run with data from the database  -
  -             for Z= 60, A= 150 and isomer= 0               -
  -                                                           -
  -------------------------------------------------------------

   Running time:       34 seconds

 End time: Wed Oct  7 10:33:11 2026

