
  -------------------------------------------------------------
  -                                                           -
  -              Welcome to TARES version 1.8                 -
  -                                                           -
  -  (C) Copyright 2007-2025 D. Rochman, All Rights Reserved  -
  -           NRG, Petten, the Netherlands 2007-2014          -
  -           PSI, Villigen    Switzerland 2015-2025          -
  -         Nagra, Wettingen   Switzerland 2025-              -
  -           (Last Modified October 06, 2026)                -
  -           (Database from October 06, 2026)                -
  -                                                           -
  -------------------------------------------------------------


  ---------------------------------------------
   Compilation information:
   Compiled on:         Oct  8 2026, 18:36:06
   Compiled by:         koning
   Compiler version:    clang++ - 21.0.0
   Source location:     /Users/koning/tares-1.8/source/Module/
   Binaries location:   /Users/koning/bin
   System:              Darwin 25.6.0
   System version:      Darwin Kernel Version 25.6.0: Fri Jul 31 19:19:08 PDT 2026; root:xnu-12377.161.14~5/RELEASE_ARM64_T6050  
   Machine:             arm64 
  ---------------------------------------------

   User information:
   User name:           koning
   Running directory:   /Users/koning/tendl/resbase/Ta172/work
   Owner mode for running directory : rwx
   Group mode for running directory : r-x
  ---------------------------------------------


 Starting time: Fri Oct  9 11:10:32 2026
 ... inputs directory found (/Users/koning/tares-1.8/source/Module//../../inputs/).
 ... It will be used for resonance parameters 
 ... ###############################################
 ... #     read the input file tares.inp
 ... ###############################################
 ... line: #
 ... line: # Input file generated by Autorochman
          --> line not read
 ... line: #
 ... line: isotope    Ta
          --> Isotope name: Ta
 ... line: mass       172
          --> isotopic mass: 172
 ... line: output     n-Ta172
         ---> Name of the output files: n-Ta172
 ... line: isomer     0
          --> isomeric state: 0
 ... line: mf32mf33   y
          --> MF33 based on MF32: y
 ... line: nbrRandom  10
          --> Nbr of random files: 10
 ... ###############################################
 ... # end read the input file tares.inp
 ... ###############################################
Value for random generator type not considered in since Tares 1.7 due to compilation issues

 ... ###############################################
     #   Interpretation of the Input definition    #
     ###############################################

 ... Default energy limit: End of resonance region
 ... Nuclear charge    = 73
 ... Element           = Ta
 ... Mass              = 172
 ... Isomer            = 0
 ... Correlation for (Gn,Gg) not included in random files
 ... Default random option: No random
 ... Output name: n-Ta172
 ... Energy for the MACS: 30000 eV
 ... Resonances from CALENDF reduced (reduce=y) 
 ... For URR, level density model from TALYS selected: 91n3n12611.2850 (see manual for description)
 ... Random Generator: default (pseudo random numbers from ansi c++)
 ... Reconstruction of cross section selected
 ... Doppler broadening at 0 Kelvin
 ... URR not included (from the input file flag)
 ... Weight for grouping is flat
 ... Calculation of (n,alpha) cross section selected
 ... Number of digit for MF32c covariance representation: 2
 ... MF32 included
 ... MF33 will be used for covariance processing
 ... TENDL option set to yes (automatic choice of MF2 and format)
 ... Isotope not found in the best file --> use of MLBW formalism
 ... default option: Multi level Breit Wigner approximation selected
 ... (check file best.tendl.yes for changing this option)
 ... Retroactive option set to no with the 2025 option
 ... ladder option set to yes (CALENDF will be used for statistical resonances)

 ... ###############################################
     #           End of Input definition           #
     ###############################################

 ... gnuplot found, will be used for plotting
 ... latex found, will be used for plotting
 ... dvips found, will be used for plotting
 ... ps2epsi not found, limited plotting available
 ... uncertainties on default parameters multiplied by 1.1511
 ... Read resonance data from the 2025 directory
 ... Resonance parameters taken from /Users/koning/tares-1.8/source/Module//../../inputs/2025/Resonance/default/
 ---> Processing Z= 73 and A= 172 and isomer= 0 (level number: 0)
 Exfor path; Could not find /Users/koning/tares-1.8/source/Module//../../inputs/exfor/Ta172/xs/102
Thermal file; Could not open file /Users/koning/tares-1.8/source/Module//../../inputs/2025/runThermal/results//thermal.mxw.ng.cendl3.1
Thermal file; Could not open file /Users/koning/tares-1.8/source/Module//../../inputs/2025/runThermal/results//thermal.mxw.ng.brond3.1
Thermal file; Could not open file /Users/koning/tares-1.8/source/Module//../../inputs/2025/runThermal/results//thermal.xs.ng.unc.cendl3.1
 ... spin taken from the final/ directory (1)

 ... ###############################################
 ... #  Nucleus global parameters (2025 database)  #
 ... ###############################################
 0. Half-life: 36.8 min. 
 ... Scattering radius from TALYS: /Users/koning/tares-1.8/source/Module//../../inputs/2025/lib.urr/talys.urr/
 1. Spin of the target isotope: 3
 2. Relative Atomic Mass of the target isotope: 171.944
 3. Scattering radius (local compilation): 7.38003 fm +/- 0.154981 fm
      .......................................
      ... Thermal capture cross sections: ...
 4. Thermal (n,g) cross section from systematics (TALYS, urr.dat): 161.672 +/- 113.171 b.
 5. Thermal (n,g) cross section from compilation (Firestone-2022 average on element Ta): 22 +/- 4 b.
 6. Thermal (n,g) cross section from compilation (Firestone-2022 final on element Ta): 20.6 +/- 0.5 b.
 7. Thermal (n,g) cross section from TENDL-2023: 161.7 +/- 9.6 b.
      .......................................
      ...  Thermal total cross sections:  ...
      .......................................
      ... Thermal elastic cross sections: ...
 8. Thermal (n,el) cross section from potential (4piR^2): 9.27493 +/- 0.463746 b.
      .......................................
             ... Resonance integral: ...
 9. No capture integral found in /Users/koning/tares-1.8/source/Module//../../inputs/capture.integral
 ... no RI(n,g) found in local compilation, take 2018 value.
 ... no RI(n,g) found in local compilation, take Sukhoruchkin value.
   ---- MACS 30 keV ----- 
 10. TALYS MACS 30 keV (HF): 6.70412 b. 
   ---------- S0 -------- 
 11. S0 from TALYS: 4.41754
   ---------- S1 -------- 
 12. S1 from TALYS: 0.377911
   ---------- S2 -------- 
 13. S2 from TALYS: 9.27572
   ---------- D0 -------- 
 14. D0 from TALYS: 0.0385713 eV
   ---------- D1 -------- 
 15. D1 from TALYS: 0.0198202 eV
   ---------- D2 -------- 
 16. D2 from TALYS: 0.0138297 eV
   ---------- G0 -------- 
 17. Gg0 from TALYS: 0.0992211 eV
   ---------- G1 -------- 
 18. Gg1 from TALYS: 0.100404 eV
   ---------- G2 -------- 
 19. Gg2 from TALYS: 0.101152 eV


   ---------------------- 
 ... Read resonance parameters (format: 2: Multi Level Breit Wigner)
 ... 0 resonances found 
 ... possibly no resonances in the Resonance directory for this isotope and options
 ... Use HFR (ladder) behavior 
 --> 21. Number of resonances from the input file: 2 up to 0.0192856 eV
 22. Read nuclear quantities (mass, MAT...)
 23. Read thermal (n,g) xs 
 24. Read the scattering radius 
 25. Read uncertainty on Gg for 2 resonances
 26. Read uncertainty on Gg for 2 resonances ... done
 ... order resonances 
 ... Upper limit for the RRR: 0.0192856 eV (no statistical resonances HFR) from the limit.RRR file
 ... Write parameters for l=0 waves
 ... End writing original MF2 
 ... No RRR in the database: uncertainties on default parameters multiplied by 1.99753
 ... Enter in urr function (ladder option set to y) for file n-Ta172
 ... read the file /Users/koning/tares-1.8/source/Module//../../inputs/2025/list.jcs.urr to find URR origin
 Default URR taken from TALYS calculations with level density model: 91n3n12611.2850
 File considered for the URR: /Users/koning/tares-1.8/source/Module//../../inputs/2025/lib.urr/talys.urr/91n3n12611.2850/Ta/urr/urr.dat.Ta.172.000.0.gz
 ... Write URR using TALYS average parameters (used for HFR)
 ... Limit of URR changed to 25 keV (recommendation from WPEC and JEFF)
 ... ---> Emax(RRR) taken from the file limit.ladder: 15 eV <---
 ... (File limit.ladder: /Users/koning/tares-1.8/source/Module//../../inputs/2025/limit.ladder.91n3n12611.2850)
 ... read D0, S0, Gn and Gg
 ... number of URR energies: 1344
 Number of l: 1344 and last energy: 12
 Last  URR energy: 15 eV
 ... Enter in to_MLBW_mf2 function
 ... Convert to Multi Level Breit Wigner (MLBW)
 ... Write parameter covariances (MF32) for l=0
 ... Convert parameter covariances (MF32) to MLBW
 ... copy the mf2 and mf32 to .mlbw files
 ... Enter in urr_correct function case 1
 Modify the higher limit of RRR in MF2
 --> old value: 1.938200-2 eV new value: 1.000000-2 eV
 Modify resonance covariances (MF32) to include correlations in the URR
 End Modify resonance covariances (MF32) to include correlations in the URR
 ... Enter in calendf_xs function
 Use CALENDF for statistical resonances (update MF2) up to 1.500000+1 eV (initial limit)
 Extract resonances from CALENDF for RRR->URR 2
 752 statistical resonances found
 After reduction, 752 statistical resonances found
 ... checking resonance order 1
 ... checking resonance order 2nd round for 750 resonances
 ... end checking resonance order 2nd round
 ... hypothetical resonance closer than 0.01 eV to the thermal energy:
 ... all positive resonances shifted by -0.0102631 eV (thermal energy between two resonances)
 Too many resonances (750): reduced to 100.
 .......................................................
 ... Adjustment to the thermal cross section : start ...
 .......................................................

 Before adjustment (adjustment to the thermal cross section set to y)
 ... Import MF2 from TARES calculations
 ... End energy of TARES MF2 : 3.372257E+0 eV and limit to 40000 resonances
 ... File used for reconstruction: new.temp22.reconst
 ... run RECENT ...
 ... Doppler broadened at a unique temperature: 300 Kelvin using sigma1
 ... run SIGMA1 at 3.000000E+02 K.

 ============== INTER values at 300 Kelvin ==============
 Thermal (n,g) xs =  10874.3 b. (meas/sys: 161.672 b.) (warning: comparison to be done at 296 or 300 K)
 Th Maxw (n,g) xs =  10221 b. (thermal Maxwellian value)
 Westcott factor  =  0.93994
 RI      (n,g)    =  5872.8 b. (meas or sys: - b.)
 MACS 3.000e+04 eV=  7.9189 b. (meas or sys: - b.) from 1.00E+00 to 2.00E+07 eV (end of RRR) at T= 300 Kelvin 
 Thermal (n,el) xs=  5.34284 b.
 RI      (n,el)   =  21.4908 b.
 ============= PSYCHE values ==============
 Ave. G_total L0  =  0.0983658 eV
 Ave. G_total L1  =  0.098392 eV
 Ave. Gn_0    L0  =  3.65448e-05
 Ave. Gn_0    L1  =  1.42599e-05
 Ave. Gg      L0  =  0.0983197 eV
 Ave. Gg      L1  =  0.098392 eV
 Ave. D       L0  =  0.038321 eV
 Ave. D       L1  =  0.674449 eV
 Ave. S       L0  =  0.000483487 eV
 Ave. S       L1  =  3.80458e-06 eV
 =========================================
 Calculated capture integral   5872.8 b.
 Calculated thermal (n,g)=          10874.2694 b. and recommended= 161.672 b. (C/E= 67.2612)
 Calculated RI      (n,g)= 5872.8 b. (no reference value)
 ... tolerances: thermal (n,g) 20 % (reference uncertainties, minimum 2% and 5%, maximum 20%)
 Adjust the capture widths ...
 ... capture adjusted with Gn for 100 resonances (Gn<Gg) and with Gg for 0 resonances
 ... iteration 0: C/E thermal (n,g)= 67.2612
 Warning: 100 widths limited to a change of a factor 10 from their starting values

 <-------- After adjustment -------->
 ... Import MF2 from TARES calculations
 ... End energy of TARES MF2 : 3.372257E+0 eV and limit to 40000 resonances
 ... File used for reconstruction: new.temp22.reconst
 ... run RECENT ...
 ... Doppler broadened at a unique temperature: 300 Kelvin using sigma1
 ... run SIGMA1 at 3.000000E+02 K.

 ============== INTER values at 300 Kelvin ==============
 Thermal (n,g) xs =  1087.55 b. (meas/sys: 161.672 b.) (warning: comparison to be done at 296 or 300 K)
 Th Maxw (n,g) xs =  1022.2 b. (thermal Maxwellian value)
 Westcott factor  =  0.93993
 RI      (n,g)    =  2353.48 b. (meas or sys: - b.)
 MACS 3.000e+04 eV=  7.9189 b. (meas or sys: - b.) from 1.00E+00 to 2.00E+07 eV (end of RRR) at T= 300 Kelvin 
 Thermal (n,el) xs=  6.55301 b.
 RI      (n,el)   =  12.5384 b.
 ============= PSYCHE values ==============
 Ave. G_total L0  =  0.0983243 eV
 Ave. G_total L1  =  0.098392 eV
 Ave. Gn_0    L0  =  3.65448e-06
 Ave. Gn_0    L1  =  1.42599e-06
 Ave. Gg      L0  =  0.0983197 eV
 Ave. Gg      L1  =  0.098392 eV
 Ave. D       L0  =  0.038321 eV
 Ave. D       L1  =  0.674449 eV
 Ave. S       L0  =  4.83487e-05 eV
 Ave. S       L1  =  3.80458e-07 eV
 =========================================
 ... iteration 1: C/E thermal (n,g)= 6.7269
 Warning: 100 widths limited to a change of a factor 10 from their starting values

 <-------- After adjustment -------->
 ... Import MF2 from TARES calculations
 ... End energy of TARES MF2 : 3.372257E+0 eV and limit to 40000 resonances
 ... File used for reconstruction: new.temp22.reconst
 ... run RECENT ...
 ... Doppler broadened at a unique temperature: 300 Kelvin using sigma1
 ... run SIGMA1 at 3.000000E+02 K.

 ============== INTER values at 300 Kelvin ==============
 Thermal (n,g) xs =  1087.55 b. (meas/sys: 161.672 b.) (warning: comparison to be done at 296 or 300 K)
 Th Maxw (n,g) xs =  1022.2 b. (thermal Maxwellian value)
 Westcott factor  =  0.93993
 RI      (n,g)    =  2353.48 b. (meas or sys: - b.)
 MACS 3.000e+04 eV=  7.9189 b. (meas or sys: - b.) from 1.00E+00 to 2.00E+07 eV (end of RRR) at T= 300 Kelvin 
 Thermal (n,el) xs=  6.55301 b.
 RI      (n,el)   =  12.5384 b.
 ============= PSYCHE values ==============
 Ave. G_total L0  =  0.0983243 eV
 Ave. G_total L1  =  0.098392 eV
 Ave. Gn_0    L0  =  3.65448e-06
 Ave. Gn_0    L1  =  1.42599e-06
 Ave. Gg      L0  =  0.0983197 eV
 Ave. Gg      L1  =  0.098392 eV
 Ave. D       L0  =  0.038321 eV
 Ave. D       L1  =  0.674449 eV
 Ave. S       L0  =  4.83487e-05 eV
 Ave. S       L1  =  3.80458e-07 eV
 =========================================
 ... iteration 2: C/E thermal (n,g)= 6.7269
 Warning: no further change possible (widths at the limit of a factor 10): adjustment stopped


 ... ratio C/E thermal (n,g): 6.726901E+00
 ...................................................... 
 ... Adjustment to the thermal cross section : stop ...
 ...................................................... 
 ... new MF2 file after adjustment: n-Ta172
 ... read the file /Users/koning/tares-1.8/source/Module//../../inputs/2025/list.jcs.urr to find URR origin
 Default URR taken from TALYS calculations with level density model: 91n3n12611.2850
 File considered for the URR: /Users/koning/tares-1.8/source/Module//../../inputs/2025/lib.urr/talys.urr/91n3n12611.2850/Ta/urr/urr.dat.Ta.172.000.0.gz
 ... Write URR using TALYS average parameters (not used for HFR)
 ... Limit of URR changed to 25 keV (recommendation from WPEC and JEFF)
 ... read D0, S0, Gn and Gg
 ... number of URR energies: 1560
 Number of l: 1560 and last energy: 12
 Last  URR energy: 3168 eV
 Energies in the URR : 1560 -> reduced by a factor 2
 Energies in the URR : 744 -> reduced by a factor 2
 Energies in the URR : 336 -> reduced by a factor 2
 ... Enter in urr_correct function case 2
 Modify the higher limit of RRR in MF2
 --> old value: 3.372257+0 eV new value: 3.372257+0 eV
 Modify resonance covariances (MF32) to include correlations in the URR
 End Modify resonance covariances (MF32) to include correlations in the URR
 ... Enter in update_MF32 function
 ... Change uncertainties
 ... for the HFR, random position of the positive resonances with 0.020000 %
 ... end of update MF32 function
 ... GLS calculation of the parameter correlations from the thermal/RI adjustment (MF32c)
 ... MF32: correlations from the thermal/RI adjustment (GLS) for 10 resonances (10 widths), 12 correlation lines
 ...   thermal (n,g): uncertainty from these widths 79.3775 b. -> 64.9859 b. (reference: 161.672 +/- 113.171 b.)
 ... copy the mf2 and mf32 to .mlbw files

 ... Start of final reconstruction and testing ...
 ... Reconstruction of cross sections at 0 Kelvin  ... Import MF2 from TARES calculations
 ... End energy of TARES MF2 : 3.372257E+0 eV and limit to 40000 resonances
 ... File used for reconstruction: n-Ta172.reconst
 ... run RECENT ...
 ... Doppler broadened at a unique temperature: 0 Kelvin using sigma1
 ... The keyword temperature is zero, no Doppler broadening for the MACS

 ============== INTER values at 0 Kelvin ==============
 Thermal (n,g) xs =  1088.93 b. (meas/sys: 161.672 b.) (warning: comparison to be done at 296 or 300 K)
 Th Maxw (n,g) xs =  1017.8 b. (thermal Maxwellian value)
 Westcott factor  =  0.93469
 RI      (n,g)    =  2342.26 b. (meas or sys: - b.)
 MACS 3.000e+04 eV=  7.8699 b. (meas or sys: - b.) from 1.00E+00 to 3.37E+00 eV (end of RRR) at T= 0 Kelvin 
 Thermal (n,el) xs=  6.53356 b.
 RI      (n,el)   =  12.5275 b.
 ============= PSYCHE values ==============
 Ave. G_total L0  =  0.0983243 eV
 Ave. G_total L1  =  0.098392 eV
 Ave. Gn_0    L0  =  3.65448e-06
 Ave. Gn_0    L1  =  1.42599e-06
 Ave. Gg      L0  =  0.0983197 eV
 Ave. Gg      L1  =  0.098392 eV
 Ave. D       L0  =  0.038321 eV
 Ave. D       L1  =  0.674449 eV
 Ave. S       L0  =  4.83487e-05 eV
 Ave. S       L1  =  3.80458e-07 eV
 =========================================
 ... End of final reconstruction and testing ...

 ... grouping is not optimum, change to 70 groups
 ... Produce MF33 based on MF32 and 10 random files
 ... MF3 of n-Ta172.reconst (3 sections) added to the files for ENDSAM
 ... run endsam for 10 in groups of 1 global run
 ... run endsam from 1 to 10
 ... random files: total width GT set to Gn+Gg+Gf (1000 resonances in 10 files)
 ... reorder resonance position after endsam (sampling)
 ... preparing the vectors  ... done
 ... nominal file 0 Cap(th)  ave= 1.089E+03 b. +/- 0.00 % || Ela(th) ave= 6.534E+00 b. +/- 0.00 % || RIcap ave= 2.34E+03 b. +/- 0.00 % || Macs30 ave= 7.87E+00 b. +/- 0.00 % || Gn^0(l=0) ave= 3.654E-06 +/- 0.00 % Gn^0(l=1) ave= 1.426E-06 +/- 0.00 % Gn^0(l=2) ave= 0.000E+00 +/- 0.00 % Gn^0(l=3) ave= 0.000E+00 +/- 0.00 % || Gtotal(l=0) ave= 9.832E-02 +/- 0.00 % Gtotal(l=1) ave= 9.839E-02 +/- 0.00 % Gtotal(l=2) ave= 0.000E+00 +/- 0.00 % Gtotal(l=3) ave= 0.000E+00 +/- 0.00 %  % || Gg(l=0) ave= 9.832E-02 +/- 0.00 % Gg(l=1) ave= 9.839E-02 +/- 0.00 % Gg(l=2) ave= 0.000E+00 +/- 0.00 % Gg(l=3) ave= 0.000E+00 +/- 0.00 %  % || D(l=0) ave= 3.832E-02 +/- 0.00 % D(l=1) ave= 6.744E-01 +/- 0.00 % D(l=2) ave= 0.000E+00 +/- 0.00 % D(l=3) ave= 0.000E+00 +/- 0.00 %  % || S(l=0) ave= 4.835E-05 +/- 0.00 % S(l=1) ave= 3.805E-07 +/- 0.00 % S(l=2) ave= 0.000E+00 +/- 0.00 % S(l=3) ave= 0.000E+00 +/- 0.00 % 
 ... random file  1 Cap(th)  ave= 1.145E+03 b. +/- 4.89 % || Ela(th) ave= 5.924E+00 b. +/- 10.29 % || RIcap ave= 2.34E+03 b. +/- 0.26 % || Macs30 ave= 7.87E+00 b. +/- 0.00 % || Gn^0(l=0) ave= 3.654E-06 +/- 0.00 % Gn^0(l=1) ave= 1.581E-06 +/- 9.78 % Gn^0(l=2) ave= 0.000E+00 +/- 0.00 % Gn^0(l=3) ave= 0.000E+00 +/- 0.00 % || Gtotal(l=0) ave= 1.030E-01 +/- 4.55 % Gtotal(l=1) ave= 9.670E-02 +/- 1.75 % Gtotal(l=2) ave= 0.000E+00 +/- 0.00 % Gtotal(l=3) ave= 0.000E+00 +/- 0.00 %  % || Gg(l=0) ave= 1.030E-01 +/- 4.55 % Gg(l=1) ave= 9.670E-02 +/- 1.75 % Gg(l=2) ave= 0.000E+00 +/- 0.00 % Gg(l=3) ave= 0.000E+00 +/- 0.00 %  % || D(l=0) ave= 3.832E-02 +/- 0.00 % D(l=1) ave= 6.744E-01 +/- 0.00 % D(l=2) ave= 0.000E+00 +/- 0.00 % D(l=3) ave= 0.000E+00 +/- 0.00 %  % || S(l=0) ave= 4.835E-05 +/- 0.00 % S(l=1) ave= 4.217E-07 +/- 9.78 % S(l=2) ave= 0.000E+00 +/- 0.00 % S(l=3) ave= 0.000E+00 +/- 0.00 % 
 ... random file  2 Cap(th)  ave= 1.142E+03 b. +/- 4.02 % || Ela(th) ave= 6.704E+00 b. +/- 18.05 % || RIcap ave= 2.34E+03 b. +/- 0.26 % || Macs30 ave= 7.87E+00 b. +/- 0.00 % || Gn^0(l=0) ave= 3.654E-06 +/- 0.00 % Gn^0(l=1) ave= 1.436E-06 +/- 16.75 % Gn^0(l=2) ave= 0.000E+00 +/- 0.00 % Gn^0(l=3) ave= 0.000E+00 +/- 0.00 % || Gtotal(l=0) ave= 1.019E-01 +/- 4.06 % Gtotal(l=1) ave= 8.871E-02 +/- 12.83 % Gtotal(l=2) ave= 0.000E+00 +/- 0.00 % Gtotal(l=3) ave= 0.000E+00 +/- 0.00 %  % || Gg(l=0) ave= 1.019E-01 +/- 4.06 % Gg(l=1) ave= 8.871E-02 +/- 12.83 % Gg(l=2) ave= 0.000E+00 +/- 0.00 % Gg(l=3) ave= 0.000E+00 +/- 0.00 %  % || D(l=0) ave= 3.832E-02 +/- 0.00 % D(l=1) ave= 6.744E-01 +/- 0.00 % D(l=2) ave= 0.000E+00 +/- 0.00 % D(l=3) ave= 0.000E+00 +/- 0.00 %  % || S(l=0) ave= 4.835E-05 +/- 0.00 % S(l=1) ave= 3.830E-07 +/- 16.75 % S(l=2) ave= 0.000E+00 +/- 0.00 % S(l=3) ave= 0.000E+00 +/- 0.00 % 
 ... random file  3 Cap(th)  ave= 1.077E+03 b. +/- 11.10 % || Ela(th) ave= 6.565E+00 b. +/- 16.38 % || RIcap ave= 2.34E+03 b. +/- 0.37 % || Macs30 ave= 7.87E+00 b. +/- 0.00 % || Gn^0(l=0) ave= 3.654E-06 +/- 0.00 % Gn^0(l=1) ave= 1.463E-06 +/- 14.59 % Gn^0(l=2) ave= 0.000E+00 +/- 0.00 % Gn^0(l=3) ave= 0.000E+00 +/- 0.00 % || Gtotal(l=0) ave= 1.017E-01 +/- 3.55 % Gtotal(l=1) ave= 9.965E-02 +/- 21.43 % Gtotal(l=2) ave= 0.000E+00 +/- 0.00 % Gtotal(l=3) ave= 0.000E+00 +/- 0.00 %  % || Gg(l=0) ave= 1.017E-01 +/- 3.55 % Gg(l=1) ave= 9.965E-02 +/- 21.43 % Gg(l=2) ave= 0.000E+00 +/- 0.00 % Gg(l=3) ave= 0.000E+00 +/- 0.00 %  % || D(l=0) ave= 3.832E-02 +/- 0.00 % D(l=1) ave= 6.744E-01 +/- 0.00 % D(l=2) ave= 0.000E+00 +/- 0.00 % D(l=3) ave= 0.000E+00 +/- 0.00 %  % || S(l=0) ave= 4.835E-05 +/- 0.00 % S(l=1) ave= 3.902E-07 +/- 14.59 % S(l=2) ave= 0.000E+00 +/- 0.00 % S(l=3) ave= 0.000E+00 +/- 0.00 % 
 ... random file  4 Cap(th)  ave= 1.094E+03 b. +/- 10.27 % || Ela(th) ave= 6.495E+00 b. +/- 14.97 % || RIcap ave= 2.34E+03 b. +/- 0.33 % || Macs30 ave= 7.87E+00 b. +/- 0.00 % || Gn^0(l=0) ave= 3.654E-06 +/- 0.00 % Gn^0(l=1) ave= 1.468E-06 +/- 13.02 % Gn^0(l=2) ave= 0.000E+00 +/- 0.00 % Gn^0(l=3) ave= 0.000E+00 +/- 0.00 % || Gtotal(l=0) ave= 1.020E-01 +/- 3.21 % Gtotal(l=1) ave= 9.399E-02 +/- 23.63 % Gtotal(l=2) ave= 0.000E+00 +/- 0.00 % Gtotal(l=3) ave= 0.000E+00 +/- 0.00 %  % || Gg(l=0) ave= 1.020E-01 +/- 3.21 % Gg(l=1) ave= 9.399E-02 +/- 23.63 % Gg(l=2) ave= 0.000E+00 +/- 0.00 % Gg(l=3) ave= 0.000E+00 +/- 0.00 %  % || D(l=0) ave= 3.832E-02 +/- 0.00 % D(l=1) ave= 6.744E-01 +/- 0.00 % D(l=2) ave= 0.000E+00 +/- 0.00 % D(l=3) ave= 0.000E+00 +/- 0.00 %  % || S(l=0) ave= 4.835E-05 +/- 0.00 % S(l=1) ave= 3.916E-07 +/- 13.02 % S(l=2) ave= 0.000E+00 +/- 0.00 % S(l=3) ave= 0.000E+00 +/- 0.00 % 
 ... random file  5 Cap(th)  ave= 1.097E+03 b. +/- 9.37 % || Ela(th) ave= 6.473E+00 b. +/- 13.73 % || RIcap ave= 2.34E+03 b. +/- 0.35 % || Macs30 ave= 7.87E+00 b. +/- 0.00 % || Gn^0(l=0) ave= 3.654E-06 +/- 0.00 % Gn^0(l=1) ave= 1.468E-06 +/- 11.88 % Gn^0(l=2) ave= 0.000E+00 +/- 0.00 % Gn^0(l=3) ave= 0.000E+00 +/- 0.00 % || Gtotal(l=0) ave= 1.015E-01 +/- 3.09 % Gtotal(l=1) ave= 9.803E-02 +/- 22.64 % Gtotal(l=2) ave= 0.000E+00 +/- 0.00 % Gtotal(l=3) ave= 0.000E+00 +/- 0.00 %  % || Gg(l=0) ave= 1.015E-01 +/- 3.09 % Gg(l=1) ave= 9.803E-02 +/- 22.64 % Gg(l=2) ave= 0.000E+00 +/- 0.00 % Gg(l=3) ave= 0.000E+00 +/- 0.00 %  % || D(l=0) ave= 3.832E-02 +/- 0.00 % D(l=1) ave= 6.744E-01 +/- 0.00 % D(l=2) ave= 0.000E+00 +/- 0.00 % D(l=3) ave= 0.000E+00 +/- 0.00 %  % || S(l=0) ave= 4.835E-05 +/- 0.00 % S(l=1) ave= 3.918E-07 +/- 11.88 % S(l=2) ave= 0.000E+00 +/- 0.00 % S(l=3) ave= 0.000E+00 +/- 0.00 % 
 ... random file  6 Cap(th)  ave= 1.084E+03 b. +/- 9.24 % || Ela(th) ave= 6.357E+00 b. +/- 13.69 % || RIcap ave= 2.34E+03 b. +/- 0.32 % || Macs30 ave= 7.87E+00 b. +/- 0.00 % || Gn^0(l=0) ave= 3.658E-06 +/- 0.24 % Gn^0(l=1) ave= 1.497E-06 +/- 11.75 % Gn^0(l=2) ave= 0.000E+00 +/- 0.00 % Gn^0(l=3) ave= 0.000E+00 +/- 0.00 % || Gtotal(l=0) ave= 1.011E-01 +/- 3.05 % Gtotal(l=1) ave= 9.812E-02 +/- 20.94 % Gtotal(l=2) ave= 0.000E+00 +/- 0.00 % Gtotal(l=3) ave= 0.000E+00 +/- 0.00 %  % || Gg(l=0) ave= 1.011E-01 +/- 3.05 % Gg(l=1) ave= 9.812E-02 +/- 20.94 % Gg(l=2) ave= 0.000E+00 +/- 0.00 % Gg(l=3) ave= 0.000E+00 +/- 0.00 %  % || D(l=0) ave= 3.838E-02 +/- 0.40 % D(l=1) ave= 6.744E-01 +/- 0.00 % D(l=2) ave= 0.000E+00 +/- 0.00 % D(l=3) ave= 0.000E+00 +/- 0.00 %  % || S(l=0) ave= 4.832E-05 +/- 0.13 % S(l=1) ave= 3.993E-07 +/- 11.75 % S(l=2) ave= 0.000E+00 +/- 0.00 % S(l=3) ave= 0.000E+00 +/- 0.00 % 
 ... random file  7 Cap(th)  ave= 1.086E+03 b. +/- 8.64 % || Ela(th) ave= 6.220E+00 b. +/- 14.32 % || RIcap ave= 2.34E+03 b. +/- 0.41 % || Macs30 ave= 7.87E+00 b. +/- 0.00 % || Gn^0(l=0) ave= 3.661E-06 +/- 0.30 % Gn^0(l=1) ave= 1.530E-06 +/- 12.23 % Gn^0(l=2) ave= 0.000E+00 +/- 0.00 % Gn^0(l=3) ave= 0.000E+00 +/- 0.00 % || Gtotal(l=0) ave= 1.000E-01 +/- 4.12 % Gtotal(l=1) ave= 9.602E-02 +/- 20.84 % Gtotal(l=2) ave= 0.000E+00 +/- 0.00 % Gtotal(l=3) ave= 0.000E+00 +/- 0.00 %  % || Gg(l=0) ave= 1.000E-01 +/- 4.12 % Gg(l=1) ave= 9.602E-02 +/- 20.84 % Gg(l=2) ave= 0.000E+00 +/- 0.00 % Gg(l=3) ave= 0.000E+00 +/- 0.00 %  % || D(l=0) ave= 3.843E-02 +/- 0.50 % D(l=1) ave= 6.744E-01 +/- 0.00 % D(l=2) ave= 0.000E+00 +/- 0.00 % D(l=3) ave= 0.000E+00 +/- 0.00 %  % || S(l=0) ave= 4.830E-05 +/- 0.16 % S(l=1) ave= 4.083E-07 +/- 12.23 % S(l=2) ave= 0.000E+00 +/- 0.00 % S(l=3) ave= 0.000E+00 +/- 0.00 % 
 ... random file  8 Cap(th)  ave= 1.096E+03 b. +/- 8.48 % || Ela(th) ave= 6.243E+00 b. +/- 13.49 % || RIcap ave= 2.34E+03 b. +/- 0.40 % || Macs30 ave= 7.87E+00 b. +/- 0.00 % || Gn^0(l=0) ave= 3.660E-06 +/- 0.29 % Gn^0(l=1) ave= 1.520E-06 +/- 11.78 % Gn^0(l=2) ave= 0.000E+00 +/- 0.00 % Gn^0(l=3) ave= 0.000E+00 +/- 0.00 % || Gtotal(l=0) ave= 1.001E-01 +/- 3.89 % Gtotal(l=1) ave= 9.743E-02 +/- 19.79 % Gtotal(l=2) ave= 0.000E+00 +/- 0.00 % Gtotal(l=3) ave= 0.000E+00 +/- 0.00 %  % || Gg(l=0) ave= 1.001E-01 +/- 3.89 % Gg(l=1) ave= 9.743E-02 +/- 19.79 % Gg(l=2) ave= 0.000E+00 +/- 0.00 % Gg(l=3) ave= 0.000E+00 +/- 0.00 %  % || D(l=0) ave= 3.842E-02 +/- 0.48 % D(l=1) ave= 6.744E-01 +/- 0.00 % D(l=2) ave= 0.000E+00 +/- 0.00 % D(l=3) ave= 0.000E+00 +/- 0.00 %  % || S(l=0) ave= 4.831E-05 +/- 0.15 % S(l=1) ave= 4.055E-07 +/- 11.78 % S(l=2) ave= 0.000E+00 +/- 0.00 % S(l=3) ave= 0.000E+00 +/- 0.00 % 
 ... random file  9 Cap(th)  ave= 1.108E+03 b. +/- 8.64 % || Ela(th) ave= 6.263E+00 b. +/- 12.79 % || RIcap ave= 2.34E+03 b. +/- 0.41 % || Macs30 ave= 7.87E+00 b. +/- 0.00 % || Gn^0(l=0) ave= 3.662E-06 +/- 0.32 % Gn^0(l=1) ave= 1.512E-06 +/- 11.33 % Gn^0(l=2) ave= 0.000E+00 +/- 0.00 % Gn^0(l=3) ave= 0.000E+00 +/- 0.00 % || Gtotal(l=0) ave= 1.007E-01 +/- 4.10 % Gtotal(l=1) ave= 9.858E-02 +/- 18.88 % Gtotal(l=2) ave= 0.000E+00 +/- 0.00 % Gtotal(l=3) ave= 0.000E+00 +/- 0.00 %  % || Gg(l=0) ave= 1.007E-01 +/- 4.10 % Gg(l=1) ave= 9.858E-02 +/- 18.88 % Gg(l=2) ave= 0.000E+00 +/- 0.00 % Gg(l=3) ave= 0.000E+00 +/- 0.00 %  % || D(l=0) ave= 3.845E-02 +/- 0.52 % D(l=1) ave= 6.744E-01 +/- 0.00 % D(l=2) ave= 0.000E+00 +/- 0.00 % D(l=3) ave= 0.000E+00 +/- 0.00 %  % || S(l=0) ave= 4.829E-05 +/- 0.17 % S(l=1) ave= 4.035E-07 +/- 11.33 % S(l=2) ave= 0.000E+00 +/- 0.00 % S(l=3) ave= 0.000E+00 +/- 0.00 % 
 ... random file  10 Cap(th)  ave= 1.093E+03 b. +/- 9.52 % || Ela(th) ave= 6.412E+00 b. +/- 14.00 % || RIcap ave= 2.34E+03 b. +/- 0.40 % || Macs30 ave= 7.87E+00 b. +/- 0.00 % || Gn^0(l=0) ave= 3.664E-06 +/- 0.34 % Gn^0(l=1) ave= 1.484E-06 +/- 12.49 % Gn^0(l=2) ave= 0.000E+00 +/- 0.00 % Gn^0(l=3) ave= 0.000E+00 +/- 0.00 % || Gtotal(l=0) ave= 1.015E-01 +/- 4.55 % Gtotal(l=1) ave= 9.833E-02 +/- 18.06 % Gtotal(l=2) ave= 0.000E+00 +/- 0.00 % Gtotal(l=3) ave= 0.000E+00 +/- 0.00 %  % || Gg(l=0) ave= 1.015E-01 +/- 4.55 % Gg(l=1) ave= 9.833E-02 +/- 18.06 % Gg(l=2) ave= 0.000E+00 +/- 0.00 % Gg(l=3) ave= 0.000E+00 +/- 0.00 %  % || D(l=0) ave= 3.848E-02 +/- 0.55 % D(l=1) ave= 6.744E-01 +/- 0.00 % D(l=2) ave= 0.000E+00 +/- 0.00 % D(l=3) ave= 0.000E+00 +/- 0.00 %  % || S(l=0) ave= 4.828E-05 +/- 0.18 % S(l=1) ave= 3.961E-07 +/- 12.49 % S(l=2) ave= 0.000E+00 +/- 0.00 % S(l=3) ave= 0.000E+00 +/- 0.00 % 
 ... Histogram plot for thermal (n,g)
 ... Write covariances  ... MT1  ... plot correlations
 ... MT2  ... MT102 


 ================================================
 ============== From 10 random values === start ======
 Thermal (n,tot) xs  0 K =  1098.93 b. +/- 103.862 b. ( 9.45125 %) skew= -0.77 +/- 0.66
 Thermal (n,el) xs   0 K =  6.41164 b. +/- 0.897609 b. ( 13.9997 %) skew= +0.80 +/- 0.66
 Thermal (n,g) xs    0 K =  1092.51 b. +/- 104.006 b. ( 9.5199 %) skew= -0.77 +/- 0.66
 RI      (n,g)       0 K =  2339.57 b. +/- 9.37215 b. ( 0.400592 %) 
 MACS    (n,g)       0 K (at Emacs= 30000 eV) =  7.8699 b. +/- 4.76837e-07 b. ( 6.059e-06 %) 
 Ave. Gtotal  L=0        =  1.015E-01 +/- 4.55 %
 Ave. Gn^(0)  L=0        =  3.664E-06 +/- 0.34 %
 Ave. Gg      L=0        =  1.015E-01 +/- 4.55 %
 Ave. D       L=0        =  3.848E-02 +/- 0.55 %
 Ave. S       L=0        =  4.828E-05 +/- 0.18 %
 Ave. Gtotal  L=1        =  9.833E-02 +/- 18.06 %
 Ave. Gg      L=1        =  9.833E-02 +/- 18.06 %
 Ave. D       L=1        =  6.744E-01 +/- 0.00 %
 Ave. S       L=1        =  3.961E-07 +/- 12.49 %

 Expected Thermal (n,g) (syst or meas)= 161.672 b. +/- 113.171 b. nominal: 1088.93 b.
 ratio Calculated/expected thermal (n,g): 6.76 ratio DCalculated/Dexpected: 0.92 ratio Calculated/Nominal: 1.00
 ============== From 10 random values ===== stop ======
 ================================================
 ... Calculation of (n,a) and (n,p) cross sections at 300 K
 ... thermal (n,a) cross section is 5.02702e-09 +/- 2.51351e-09 b.
 ... thermal (n,a) cross section is 6.14442e-09 b. (random case 1)
 ... thermal (n,a) cross section is 4.25061e-09 b. (random case 2)
 ... thermal (n,a) cross section is 1.31566e-09 b. (random case 3)
 ... thermal (n,a) cross section is 3.43251e-09 b. (random case 4)
 ... thermal (n,a) cross section is 2.74922e-09 b. (random case 5)
 ... thermal (n,a) cross section is 4.36023e-09 b. (random case 6)
 ... thermal (n,a) cross section is 2.95066e-10 b. (random case 7)
 ... thermal (n,a) cross section is 3.62238e-09 b. (random case 8)
 ... thermal (n,a) cross section is 6.17342e-09 b. (random case 9)
 ... thermal (n,a) cross section is 1.08668e-08 b. (random case 10)
 ... thermal (n,p) cross section is 5.02702e-09 +/- 2.51351e-09 b.
 ... thermal (n,p) cross section is 2.84634e-09 b. (random case 1)
 ... thermal (n,p) cross section is 5.52034e-09 b. (random case 2)
 ... thermal (n,p) cross section is 3.36286e-09 b. (random case 3)
 ... thermal (n,p) cross section is 4.8148e-09 b. (random case 4)
 ... thermal (n,p) cross section is 9.88987e-09 b. (random case 5)
 ... thermal (n,p) cross section is 5.20548e-09 b. (random case 6)
 ... thermal (n,p) cross section is 3.86172e-09 b. (random case 7)
 ... thermal (n,p) cross section is 5.68476e-09 b. (random case 8)
 ... thermal (n,p) cross section is 7.13476e-09 b. (random case 9)
 ... thermal (n,p) cross section is 3.24509e-09 b. (random case 10)
 ... Rewrite index for MF2
 ... Write text for MF1 in file mf1.tares.txt
 ... plotting cross sections for the MF1
 ... order output files


================== summary ==================
 Thermal (n,tot) xs = 1095.46 b. 
 Thermal (n,el)  xs = 6.53356 b. 
 Thermal (n,g)   xs = 1088.93 b. (meas/sys: 161.672 b.)
 At 300 K (thermal adjustment): (n,el) = 6.55301 b., (n,g) = 1087.55 b.

 RI      (n,g)      = 2342.26 b. (meas or sys: - b.)
 RI      (n,el)     = 12.5275 b.
=============================================


 ... cleaning
                                                 
  -------------------------------------------------------------
  -                                                           -
  - TARES: successful end of run with data from hypothetical  -
  - resonances for  Z= 73, A= 172 and isomer= 0               -
  - half-life: 36.799999 min. 
  -                                                           -
  -------------------------------------------------------------

   Running time:       12 seconds

 End time: Fri Oct  9 11:10:44 2026

