
  -------------------------------------------------------------
  -                                                           -
  -              Welcome to TARES version 1.8                 -
  -                                                           -
  -  (C) Copyright 2007-2025 D. Rochman, All Rights Reserved  -
  -           NRG, Petten, the Netherlands 2007-2014          -
  -           PSI, Villigen    Switzerland 2015-2025          -
  -         Nagra, Wettingen   Switzerland 2025-              -
  -           (Last Modified October 06, 2026)                -
  -           (Database from October 06, 2026)                -
  -                                                           -
  -------------------------------------------------------------


  ---------------------------------------------
   Compilation information:
   Compiled on:         Oct  8 2026, 18:36:06
   Compiled by:         koning
   Compiler version:    clang++ - 21.0.0
   Source location:     /Users/koning/tares-1.8/source/Module/
   Binaries location:   /Users/koning/bin
   System:              Darwin 25.6.0
   System version:      Darwin Kernel Version 25.6.0: Fri Jul 31 19:19:08 PDT 2026; root:xnu-12377.161.14~5/RELEASE_ARM64_T6050  
   Machine:             arm64 
  ---------------------------------------------

   User information:
   User name:           koning
   Running directory:   /Users/koning/tendl/resbase/Tb148/work
   Owner mode for running directory : rwx
   Group mode for running directory : r-x
  ---------------------------------------------


 Starting time: Fri Oct  9 11:09:10 2026
 ... inputs directory found (/Users/koning/tares-1.8/source/Module//../../inputs/).
 ... It will be used for resonance parameters 
 ... ###############################################
 ... #     read the input file tares.inp
 ... ###############################################
 ... line: #
 ... line: # Input file generated by Autorochman
          --> line not read
 ... line: #
 ... line: isotope    Tb
          --> Isotope name: Tb
 ... line: mass       148
          --> isotopic mass: 148
 ... line: output     n-Tb148
         ---> Name of the output files: n-Tb148
 ... line: isomer     0
          --> isomeric state: 0
 ... line: mf32mf33   y
          --> MF33 based on MF32: y
 ... line: nbrRandom  10
          --> Nbr of random files: 10
 ... ###############################################
 ... # end read the input file tares.inp
 ... ###############################################
Value for random generator type not considered in since Tares 1.7 due to compilation issues

 ... ###############################################
     #   Interpretation of the Input definition    #
     ###############################################

 ... Default energy limit: End of resonance region
 ... Nuclear charge    = 65
 ... Element           = Tb
 ... Mass              = 148
 ... Isomer            = 0
 ... Correlation for (Gn,Gg) not included in random files
 ... Default random option: No random
 ... Output name: n-Tb148
 ... Energy for the MACS: 30000 eV
 ... Resonances from CALENDF reduced (reduce=y) 
 ... For URR, level density model from TALYS selected: 91n3n12611.2850 (see manual for description)
 ... Random Generator: default (pseudo random numbers from ansi c++)
 ... Reconstruction of cross section selected
 ... Doppler broadening at 0 Kelvin
 ... URR not included (from the input file flag)
 ... Weight for grouping is flat
 ... Calculation of (n,alpha) cross section selected
 ... Number of digit for MF32c covariance representation: 2
 ... MF32 included
 ... MF33 will be used for covariance processing
 ... TENDL option set to yes (automatic choice of MF2 and format)
 ... Isotope not found in the best file --> use of MLBW formalism
 ... default option: Multi level Breit Wigner approximation selected
 ... (check file best.tendl.yes for changing this option)
 ... Retroactive option set to no with the 2025 option
 ... ladder option set to yes (CALENDF will be used for statistical resonances)

 ... ###############################################
     #           End of Input definition           #
     ###############################################

 ... gnuplot found, will be used for plotting
 ... latex found, will be used for plotting
 ... dvips found, will be used for plotting
 ... ps2epsi not found, limited plotting available
 ... uncertainties on default parameters multiplied by 1.06435
 ... Read resonance data from the 2025 directory
 ... Resonance parameters taken from /Users/koning/tares-1.8/source/Module//../../inputs/2025/Resonance/default/
 ---> Processing Z= 65 and A= 148 and isomer= 0 (level number: 0)
 Exfor path; Could not find /Users/koning/tares-1.8/source/Module//../../inputs/exfor/Tb148/xs/102
Thermal file; Could not open file /Users/koning/tares-1.8/source/Module//../../inputs/2025/runThermal/results//thermal.mxw.ng.cendl3.1
Thermal file; Could not open file /Users/koning/tares-1.8/source/Module//../../inputs/2025/runThermal/results//thermal.mxw.ng.brond3.1
Thermal file; Could not open file /Users/koning/tares-1.8/source/Module//../../inputs/2025/runThermal/results//thermal.xs.ng.unc.cendl3.1
 ... spin taken from the final/ directory (1)

 ... ###############################################
 ... #  Nucleus global parameters (2025 database)  #
 ... ###############################################
 0. Half-life: 1 hours
 ... Scattering radius from TALYS: /Users/koning/tares-1.8/source/Module//../../inputs/2025/lib.urr/talys.urr/
 1. Spin of the target isotope: 2
 2. Relative Atomic Mass of the target isotope: 147.924
 3. Scattering radius (local compilation): 7.02296 fm +/- 0.147482 fm
      .......................................
      ... Thermal capture cross sections: ...
 4. Thermal (n,g) cross section from systematics (TALYS, urr.dat): 71.8369 +/- 35.9185 b.
 5. Thermal (n,g) cross section from compilation (Firestone-2022 average on element Tb): 45 +/- 4 b.
 6. Thermal (n,g) cross section from compilation (Firestone-2022 final on element Tb): 23.51 +/- 0.12 b.
 7. Thermal (n,g) cross section from TENDL-2023: 72.08 +/- 10.27 b.
      .......................................
      ...  Thermal total cross sections:  ...
      .......................................
      ... Thermal elastic cross sections: ...
 8. Thermal (n,el) cross section from potential (4piR^2): 8.82617 +/- 0.441309 b.
      .......................................
             ... Resonance integral: ...
 9. No capture integral found in /Users/koning/tares-1.8/source/Module//../../inputs/capture.integral
 ... no RI(n,g) found in local compilation, take 2018 value.
 ... no RI(n,g) found in local compilation, take Sukhoruchkin value.
   ---- MACS 30 keV ----- 
 10. TALYS MACS 30 keV (HF): 5.32189 b. 
   ---------- S0 -------- 
 11. S0 from TALYS: 9.2942
   ---------- S1 -------- 
 12. S1 from TALYS: 0.504904
   ---------- S2 -------- 
 13. S2 from TALYS: 3.45071
   ---------- D0 -------- 
 14. D0 from TALYS: 0.724681 eV
   ---------- D1 -------- 
 15. D1 from TALYS: 0.375526 eV
   ---------- D2 -------- 
 16. D2 from TALYS: 0.265718 eV
   ---------- G0 -------- 
 17. Gg0 from TALYS: 0.110762 eV
   ---------- G1 -------- 
 18. Gg1 from TALYS: 0.11129 eV
   ---------- G2 -------- 
 19. Gg2 from TALYS: 0.112071 eV


   ---------------------- 
 ... Read resonance parameters (format: 2: Multi Level Breit Wigner)
 ... 0 resonances found 
 ... possibly no resonances in the Resonance directory for this isotope and options
 ... Use HFR (ladder) behavior 
 --> 21. Number of resonances from the input file: 2 up to 0.362341 eV
 22. Read nuclear quantities (mass, MAT...)
 23. Read thermal (n,g) xs 
 24. Read the scattering radius 
 25. Read uncertainty on Gg for 2 resonances
 26. Read uncertainty on Gg for 2 resonances ... done
 ... order resonances 
 ... Upper limit for the RRR: 0.362341 eV (no statistical resonances HFR) from the limit.RRR file
 ... Write parameters for l=0 waves
 ... End writing original MF2 
 ... No RRR in the database: uncertainties on default parameters multiplied by 1.99753
 ... Enter in urr function (ladder option set to y) for file n-Tb148
 ... read the file /Users/koning/tares-1.8/source/Module//../../inputs/2025/list.jcs.urr to find URR origin
 Default URR taken from TALYS calculations with level density model: 91n3n12611.2850
 File considered for the URR: /Users/koning/tares-1.8/source/Module//../../inputs/2025/lib.urr/talys.urr/91n3n12611.2850/Tb/urr/urr.dat.Tb.148.000.0.gz
 ... Write URR using TALYS average parameters (used for HFR)
 ... Limit of URR changed to 25 keV (recommendation from WPEC and JEFF)
 ... Extract the Sn value from file ./urr.dat.Tb.148.0.0
 ... found Sn= 9.02301 MeV
 ... estimated number of resonances up to 204.452 eV:  282.127 resonances
 ... This is a test here. The higher energy limit to include URR data for calendf is set to max Sn. 24/03/2016
 ... Use Sn to define the maximum energy for the URR: Sn= 9.02301 MeV --> last_energyURR= 204.452 eV
 ... read D0, S0, Gn and Gg
 ... number of URR energies: 1518
 Number of l: 1518 and last energy: 11
 Last  URR energy: 204.452 eV
 ... Enter in to_MLBW_mf2 function
 ... Convert to Multi Level Breit Wigner (MLBW)
 ... Write parameter covariances (MF32) for l=0
 ... Convert parameter covariances (MF32) to MLBW
 ... copy the mf2 and mf32 to .mlbw files
 ... Enter in urr_correct function case 1
 Modify the higher limit of RRR in MF2
 --> old value: 3.641520-1 eV new value: 1.000000-2 eV
 Modify resonance covariances (MF32) to include correlations in the URR
 End Modify resonance covariances (MF32) to include correlations in the URR
 ... Enter in calendf_xs function
 Use CALENDF for statistical resonances (update MF2) up to 2.044520+2 eV (initial limit)
 Extract resonances from CALENDF for RRR->URR 2
 1006 statistical resonances found
 After reduction, 839 statistical resonances found
 ... checking resonance order 1
 ... checking resonance order 2nd round for 837 resonances
 ... end checking resonance order 2nd round
 Too many resonances (837): reduced to 100.
 .......................................................
 ... Adjustment to the thermal cross section : start ...
 .......................................................

 Before adjustment (adjustment to the thermal cross section set to y)
 ... Import MF2 from TARES calculations
 ... End energy of TARES MF2 : 3.972531E+1 eV and limit to 40000 resonances
 ... File used for reconstruction: new.temp22.reconst
 ... run RECENT ...
 ... Doppler broadened at a unique temperature: 300 Kelvin using sigma1
 ... run SIGMA1 at 3.000000E+02 K.

 ============== INTER values at 300 Kelvin ==============
 Thermal (n,g) xs =  12661 b. (meas/sys: 71.8369 b.) (warning: comparison to be done at 296 or 300 K)
 Th Maxw (n,g) xs =  16884 b. (thermal Maxwellian value)
 Westcott factor  =  1.33357
 RI      (n,g)    =  12835.1 b. (meas or sys: - b.)
 MACS 3.000e+04 eV=  4.9988 b. (meas or sys: - b.) from 1.00E+00 to 2.00E+07 eV (end of RRR) at T= 300 Kelvin 
 Thermal (n,el) xs=  13.2156 b.
 RI      (n,el)   =  1578.74 b.
 ============= PSYCHE values ==============
 Ave. G_total L0  =  0.116166 eV
 Ave. G_total L1  =  0.108363 eV
 Ave. Gn_0    L0  =  0.00164937
 Ave. Gn_0    L1  =  0.000185687
 Ave. Gg      L0  =  0.109345 eV
 Ave. Gg      L1  =  0.108363 eV
 Ave. D       L0  =  0.735654 eV
 Ave. D       L1  =  1.28146 eV
 Ave. S       L0  =  0.0011311 eV
 Ave. S       L1  =  2.24734e-05 eV
 =========================================
 Calculated capture integral   12835.1 b.
 Calculated thermal (n,g)=          12661.0471 b. and recommended= 71.8369 b. (C/E= 176.247)
 Calculated RI      (n,g)= 12835.1 b. (no reference value)
 ... tolerances: thermal (n,g) 20 % (reference uncertainties, minimum 2% and 5%, maximum 20%)
 Adjust the capture widths ...
 ... capture adjusted with Gn for 100 resonances (Gn<Gg) and with Gg for 0 resonances
 ... iteration 0: C/E thermal (n,g)= 176.247
 Warning: 100 widths limited to a change of a factor 10 from their starting values

 <-------- After adjustment -------->
 ... Import MF2 from TARES calculations
 ... End energy of TARES MF2 : 3.972531E+1 eV and limit to 40000 resonances
 ... File used for reconstruction: new.temp22.reconst
 ... run RECENT ...
 ... Doppler broadened at a unique temperature: 300 Kelvin using sigma1
 ... run SIGMA1 at 3.000000E+02 K.

 ============== INTER values at 300 Kelvin ==============
 Thermal (n,g) xs =  1266.4 b. (meas/sys: 71.8369 b.) (warning: comparison to be done at 296 or 300 K)
 Th Maxw (n,g) xs =  1690.1 b. (thermal Maxwellian value)
 Westcott factor  =  1.33457
 RI      (n,g)    =  2083.4 b. (meas or sys: - b.)
 MACS 3.000e+04 eV=  4.9981 b. (meas or sys: - b.) from 1.00E+00 to 2.00E+07 eV (end of RRR) at T= 300 Kelvin 
 Thermal (n,el) xs=  4.16738 b.
 RI      (n,el)   =  42.4666 b.
 ============= PSYCHE values ==============
 Ave. G_total L0  =  0.110027 eV
 Ave. G_total L1  =  0.108363 eV
 Ave. Gn_0    L0  =  0.000164937
 Ave. Gn_0    L1  =  1.85687e-05
 Ave. Gg      L0  =  0.109345 eV
 Ave. Gg      L1  =  0.108363 eV
 Ave. D       L0  =  0.735654 eV
 Ave. D       L1  =  1.28146 eV
 Ave. S       L0  =  0.00011311 eV
 Ave. S       L1  =  2.24734e-06 eV
 =========================================
 ... iteration 1: C/E thermal (n,g)= 17.6288
 Warning: 100 widths limited to a change of a factor 10 from their starting values

 <-------- After adjustment -------->
 ... Import MF2 from TARES calculations
 ... End energy of TARES MF2 : 3.972531E+1 eV and limit to 40000 resonances
 ... File used for reconstruction: new.temp22.reconst
 ... run RECENT ...
 ... Doppler broadened at a unique temperature: 300 Kelvin using sigma1
 ... run SIGMA1 at 3.000000E+02 K.

 ============== INTER values at 300 Kelvin ==============
 Thermal (n,g) xs =  1266.4 b. (meas/sys: 71.8369 b.) (warning: comparison to be done at 296 or 300 K)
 Th Maxw (n,g) xs =  1690.1 b. (thermal Maxwellian value)
 Westcott factor  =  1.33457
 RI      (n,g)    =  2083.4 b. (meas or sys: - b.)
 MACS 3.000e+04 eV=  4.9981 b. (meas or sys: - b.) from 1.00E+00 to 2.00E+07 eV (end of RRR) at T= 300 Kelvin 
 Thermal (n,el) xs=  4.16738 b.
 RI      (n,el)   =  42.4666 b.
 ============= PSYCHE values ==============
 Ave. G_total L0  =  0.110027 eV
 Ave. G_total L1  =  0.108363 eV
 Ave. Gn_0    L0  =  0.000164937
 Ave. Gn_0    L1  =  1.85687e-05
 Ave. Gg      L0  =  0.109345 eV
 Ave. Gg      L1  =  0.108363 eV
 Ave. D       L0  =  0.735654 eV
 Ave. D       L1  =  1.28146 eV
 Ave. S       L0  =  0.00011311 eV
 Ave. S       L1  =  2.24734e-06 eV
 =========================================
 ... iteration 2: C/E thermal (n,g)= 17.6288
 Warning: no further change possible (widths at the limit of a factor 10): adjustment stopped


 ... ratio C/E thermal (n,g): 1.762884E+01
 ...................................................... 
 ... Adjustment to the thermal cross section : stop ...
 ...................................................... 
 ... new MF2 file after adjustment: n-Tb148
 ... read the file /Users/koning/tares-1.8/source/Module//../../inputs/2025/list.jcs.urr to find URR origin
 Default URR taken from TALYS calculations with level density model: 91n3n12611.2850
 File considered for the URR: /Users/koning/tares-1.8/source/Module//../../inputs/2025/lib.urr/talys.urr/91n3n12611.2850/Tb/urr/urr.dat.Tb.148.000.0.gz
 ... Write URR using TALYS average parameters (not used for HFR)
 ... Limit of URR changed to 25 keV (recommendation from WPEC and JEFF)
 ... read D0, S0, Gn and Gg
 ... number of URR energies: 1606
 Number of l: 1606 and last energy: 11
 Last  URR energy: 89199 eV
 Energies in the URR : 1606 -> reduced by a factor 2
 Energies in the URR : 792 -> reduced by a factor 2
 Energies in the URR : 429 -> reduced by a factor 2
 ... Enter in urr_correct function case 2
 Modify the higher limit of RRR in MF2
 --> old value: 3.972531+1 eV new value: 3.972531+1 eV
 Modify resonance covariances (MF32) to include correlations in the URR
 End Modify resonance covariances (MF32) to include correlations in the URR
 ... Enter in update_MF32 function
 ... Change uncertainties
 ... for the HFR, random position of the positive resonances with 0.020000 %
 ... end of update MF32 function
 ... GLS calculation of the parameter correlations from the thermal/RI adjustment (MF32c)
 ... MF32: correlations from the thermal/RI adjustment (GLS) for 4 resonances (7 widths), 4 correlation lines
 ...   thermal (n,g): uncertainty from these widths 319.928 b. -> 35.6942 b. (reference: 71.8369 +/- 35.9185 b.)
 ... copy the mf2 and mf32 to .mlbw files

 ... Start of final reconstruction and testing ...
 ... Reconstruction of cross sections at 0 Kelvin  ... Import MF2 from TARES calculations
 ... End energy of TARES MF2 : 3.972531E+1 eV and limit to 40000 resonances
 ... File used for reconstruction: n-Tb148.reconst
 ... run RECENT ...
 ... Doppler broadened at a unique temperature: 0 Kelvin using sigma1
 ... The keyword temperature is zero, no Doppler broadening for the MACS

 ============== INTER values at 0 Kelvin ==============
 Thermal (n,g) xs =  1261.07 b. (meas/sys: 71.8369 b.) (warning: comparison to be done at 296 or 300 K)
 Th Maxw (n,g) xs =  1674.8 b. (thermal Maxwellian value)
 Westcott factor  =  1.3281
 RI      (n,g)    =  2077.9 b. (meas or sys: - b.)
 MACS 3.000e+04 eV=  4.9695 b. (meas or sys: - b.) from 1.00E+00 to 3.97E+01 eV (end of RRR) at T= 0 Kelvin 
 Thermal (n,el) xs=  4.15609 b.
 RI      (n,el)   =  42.3588 b.
 ============= PSYCHE values ==============
 Ave. G_total L0  =  0.110027 eV
 Ave. G_total L1  =  0.108363 eV
 Ave. Gn_0    L0  =  0.000164937
 Ave. Gn_0    L1  =  1.85687e-05
 Ave. Gg      L0  =  0.109345 eV
 Ave. Gg      L1  =  0.108363 eV
 Ave. D       L0  =  0.735654 eV
 Ave. D       L1  =  1.28146 eV
 Ave. S       L0  =  0.00011311 eV
 Ave. S       L1  =  2.24734e-06 eV
 =========================================
 ... End of final reconstruction and testing ...

 ... grouping is not optimum, change to 70 groups
 ... Produce MF33 based on MF32 and 10 random files
 ... MF3 of n-Tb148.reconst (3 sections) added to the files for ENDSAM
 ... run endsam for 10 in groups of 1 global run
 ... run endsam from 1 to 10
 ... random files: total width GT set to Gn+Gg+Gf (1000 resonances in 10 files)
 ... reorder resonance position after endsam (sampling)
 ... preparing the vectors  ... done
 ... nominal file 0 Cap(th)  ave= 1.261E+03 b. +/- 0.00 % || Ela(th) ave= 4.156E+00 b. +/- 0.00 % || RIcap ave= 2.08E+03 b. +/- 0.00 % || Macs30 ave= 4.97E+00 b. +/- 0.00 % || Gn^0(l=0) ave= 1.649E-04 +/- 0.00 % Gn^0(l=1) ave= 1.857E-05 +/- 0.00 % Gn^0(l=2) ave= 0.000E+00 +/- 0.00 % Gn^0(l=3) ave= 0.000E+00 +/- 0.00 % || Gtotal(l=0) ave= 1.100E-01 +/- 0.00 % Gtotal(l=1) ave= 1.084E-01 +/- 0.00 % Gtotal(l=2) ave= 0.000E+00 +/- 0.00 % Gtotal(l=3) ave= 0.000E+00 +/- 0.00 %  % || Gg(l=0) ave= 1.093E-01 +/- 0.00 % Gg(l=1) ave= 1.084E-01 +/- 0.00 % Gg(l=2) ave= 0.000E+00 +/- 0.00 % Gg(l=3) ave= 0.000E+00 +/- 0.00 %  % || D(l=0) ave= 7.357E-01 +/- 0.00 % D(l=1) ave= 1.281E+00 +/- 0.00 % D(l=2) ave= 0.000E+00 +/- 0.00 % D(l=3) ave= 0.000E+00 +/- 0.00 %  % || S(l=0) ave= 1.131E-04 +/- 0.00 % S(l=1) ave= 2.247E-06 +/- 0.00 % S(l=2) ave= 0.000E+00 +/- 0.00 % S(l=3) ave= 0.000E+00 +/- 0.00 % 
 ... random file  1 Cap(th)  ave= 1.288E+03 b. +/- 2.06 % || Ela(th) ave= 4.076E+00 b. +/- 1.97 % || RIcap ave= 2.07E+03 b. +/- 0.45 % || Macs30 ave= 4.97E+00 b. +/- 0.00 % || Gn^0(l=0) ave= 1.648E-04 +/- 0.08 % Gn^0(l=1) ave= 1.902E-05 +/- 2.35 % Gn^0(l=2) ave= 0.000E+00 +/- 0.00 % Gn^0(l=3) ave= 0.000E+00 +/- 0.00 % || Gtotal(l=0) ave= 1.083E-01 +/- 1.60 % Gtotal(l=1) ave= 1.067E-01 +/- 1.60 % Gtotal(l=2) ave= 0.000E+00 +/- 0.00 % Gtotal(l=3) ave= 0.000E+00 +/- 0.00 %  % || Gg(l=0) ave= 1.076E-01 +/- 1.61 % Gg(l=1) ave= 1.067E-01 +/- 1.60 % Gg(l=2) ave= 0.000E+00 +/- 0.00 % Gg(l=3) ave= 0.000E+00 +/- 0.00 %  % || D(l=0) ave= 7.357E-01 +/- 0.00 % D(l=1) ave= 1.281E+00 +/- 0.00 % D(l=2) ave= 0.000E+00 +/- 0.00 % D(l=3) ave= 0.000E+00 +/- 0.00 %  % || S(l=0) ave= 1.131E-04 +/- 0.05 % S(l=1) ave= 2.301E-06 +/- 2.35 % S(l=2) ave= 0.000E+00 +/- 0.00 % S(l=3) ave= 0.000E+00 +/- 0.00 % 
 ... random file  2 Cap(th)  ave= 1.235E+03 b. +/- 6.23 % || Ela(th) ave= 4.211E+00 b. +/- 4.81 % || RIcap ave= 2.07E+03 b. +/- 0.39 % || Macs30 ave= 4.97E+00 b. +/- 0.00 % || Gn^0(l=0) ave= 1.649E-04 +/- 0.10 % Gn^0(l=1) ave= 1.841E-05 +/- 5.07 % Gn^0(l=2) ave= 0.000E+00 +/- 0.00 % Gn^0(l=3) ave= 0.000E+00 +/- 0.00 % || Gtotal(l=0) ave= 1.070E-01 +/- 2.12 % Gtotal(l=1) ave= 1.037E-01 +/- 4.27 % Gtotal(l=2) ave= 0.000E+00 +/- 0.00 % Gtotal(l=3) ave= 0.000E+00 +/- 0.00 %  % || Gg(l=0) ave= 1.064E-01 +/- 2.13 % Gg(l=1) ave= 1.037E-01 +/- 4.27 % Gg(l=2) ave= 0.000E+00 +/- 0.00 % Gg(l=3) ave= 0.000E+00 +/- 0.00 %  % || D(l=0) ave= 7.357E-01 +/- 0.00 % D(l=1) ave= 1.281E+00 +/- 0.00 % D(l=2) ave= 0.000E+00 +/- 0.00 % D(l=3) ave= 0.000E+00 +/- 0.00 %  % || S(l=0) ave= 1.131E-04 +/- 0.08 % S(l=1) ave= 2.228E-06 +/- 5.07 % S(l=2) ave= 0.000E+00 +/- 0.00 % S(l=3) ave= 0.000E+00 +/- 0.00 % 
 ... random file  3 Cap(th)  ave= 1.333E+03 b. +/- 13.62 % || Ela(th) ave= 4.185E+00 b. +/- 4.33 % || RIcap ave= 2.07E+03 b. +/- 0.35 % || Macs30 ave= 4.97E+00 b. +/- 0.00 % || Gn^0(l=0) ave= 1.648E-04 +/- 0.13 % Gn^0(l=1) ave= 1.888E-05 +/- 6.08 % Gn^0(l=2) ave= 0.000E+00 +/- 0.00 % Gn^0(l=3) ave= 0.000E+00 +/- 0.00 % || Gtotal(l=0) ave= 1.084E-01 +/- 2.84 % Gtotal(l=1) ave= 1.054E-01 +/- 4.64 % Gtotal(l=2) ave= 0.000E+00 +/- 0.00 % Gtotal(l=3) ave= 0.000E+00 +/- 0.00 %  % || Gg(l=0) ave= 1.077E-01 +/- 2.85 % Gg(l=1) ave= 1.054E-01 +/- 4.64 % Gg(l=2) ave= 0.000E+00 +/- 0.00 % Gg(l=3) ave= 0.000E+00 +/- 0.00 %  % || D(l=0) ave= 7.357E-01 +/- 0.00 % D(l=1) ave= 1.281E+00 +/- 0.00 % D(l=2) ave= 0.000E+00 +/- 0.00 % D(l=3) ave= 0.000E+00 +/- 0.00 %  % || S(l=0) ave= 1.131E-04 +/- 0.11 % S(l=1) ave= 2.285E-06 +/- 6.08 % S(l=2) ave= 0.000E+00 +/- 0.00 % S(l=3) ave= 0.000E+00 +/- 0.00 % 
 ... random file  4 Cap(th)  ave= 1.349E+03 b. +/- 12.27 % || Ela(th) ave= 4.158E+00 b. +/- 4.10 % || RIcap ave= 2.07E+03 b. +/- 0.32 % || Macs30 ave= 4.97E+00 b. +/- 0.00 % || Gn^0(l=0) ave= 1.654E-04 +/- 0.71 % Gn^0(l=1) ave= 1.899E-05 +/- 5.52 % Gn^0(l=2) ave= 0.000E+00 +/- 0.00 % Gn^0(l=3) ave= 0.000E+00 +/- 0.00 % || Gtotal(l=0) ave= 1.116E-01 +/- 6.30 % Gtotal(l=1) ave= 1.060E-01 +/- 4.28 % Gtotal(l=2) ave= 0.000E+00 +/- 0.00 % Gtotal(l=3) ave= 0.000E+00 +/- 0.00 %  % || Gg(l=0) ave= 1.110E-01 +/- 6.34 % Gg(l=1) ave= 1.060E-01 +/- 4.28 % Gg(l=2) ave= 0.000E+00 +/- 0.00 % Gg(l=3) ave= 0.000E+00 +/- 0.00 %  % || D(l=0) ave= 7.384E-01 +/- 0.75 % D(l=1) ave= 1.281E+00 +/- 0.00 % D(l=2) ave= 0.000E+00 +/- 0.00 % D(l=3) ave= 0.000E+00 +/- 0.00 %  % || S(l=0) ave= 1.130E-04 +/- 0.12 % S(l=1) ave= 2.298E-06 +/- 5.52 % S(l=2) ave= 0.000E+00 +/- 0.00 % S(l=3) ave= 0.000E+00 +/- 0.00 % 
 ... random file  5 Cap(th)  ave= 1.299E+03 b. +/- 14.45 % || Ela(th) ave= 3.978E+00 b. +/- 10.84 % || RIcap ave= 2.07E+03 b. +/- 0.30 % || Macs30 ave= 4.97E+00 b. +/- 0.00 % || Gn^0(l=0) ave= 1.656E-04 +/- 0.71 % Gn^0(l=1) ave= 1.971E-05 +/- 9.57 % Gn^0(l=2) ave= 0.000E+00 +/- 0.00 % Gn^0(l=3) ave= 0.000E+00 +/- 0.00 % || Gtotal(l=0) ave= 1.132E-01 +/- 6.42 % Gtotal(l=1) ave= 1.065E-01 +/- 3.99 % Gtotal(l=2) ave= 0.000E+00 +/- 0.00 % Gtotal(l=3) ave= 0.000E+00 +/- 0.00 %  % || Gg(l=0) ave= 1.125E-01 +/- 6.46 % Gg(l=1) ave= 1.065E-01 +/- 3.99 % Gg(l=2) ave= 0.000E+00 +/- 0.00 % Gg(l=3) ave= 0.000E+00 +/- 0.00 %  % || D(l=0) ave= 7.403E-01 +/- 0.88 % D(l=1) ave= 1.281E+00 +/- 0.00 % D(l=2) ave= 0.000E+00 +/- 0.00 % D(l=3) ave= 0.000E+00 +/- 0.00 %  % || S(l=0) ave= 1.129E-04 +/- 0.30 % S(l=1) ave= 2.386E-06 +/- 9.57 % S(l=2) ave= 0.000E+00 +/- 0.00 % S(l=3) ave= 0.000E+00 +/- 0.00 % 
 ... random file  6 Cap(th)  ave= 1.243E+03 b. +/- 17.75 % || Ela(th) ave= 4.046E+00 b. +/- 10.68 % || RIcap ave= 2.07E+03 b. +/- 0.32 % || Macs30 ave= 4.97E+00 b. +/- 0.00 % || Gn^0(l=0) ave= 1.658E-04 +/- 0.73 % Gn^0(l=1) ave= 1.934E-05 +/- 10.18 % Gn^0(l=2) ave= 0.000E+00 +/- 0.00 % Gn^0(l=3) ave= 0.000E+00 +/- 0.00 % || Gtotal(l=0) ave= 1.132E-01 +/- 5.94 % Gtotal(l=1) ave= 1.066E-01 +/- 3.71 % Gtotal(l=2) ave= 0.000E+00 +/- 0.00 % Gtotal(l=3) ave= 0.000E+00 +/- 0.00 %  % || Gg(l=0) ave= 1.125E-01 +/- 5.98 % Gg(l=1) ave= 1.066E-01 +/- 3.71 % Gg(l=2) ave= 0.000E+00 +/- 0.00 % Gg(l=3) ave= 0.000E+00 +/- 0.00 %  % || D(l=0) ave= 7.416E-01 +/- 0.93 % D(l=1) ave= 1.281E+00 +/- 0.00 % D(l=2) ave= 0.000E+00 +/- 0.00 % D(l=3) ave= 0.000E+00 +/- 0.00 %  % || S(l=0) ave= 1.128E-04 +/- 0.32 % S(l=1) ave= 2.341E-06 +/- 10.18 % S(l=2) ave= 0.000E+00 +/- 0.00 % S(l=3) ave= 0.000E+00 +/- 0.00 % 
 ... random file  7 Cap(th)  ave= 1.260E+03 b. +/- 16.76 % || Ela(th) ave= 3.999E+00 b. +/- 10.56 % || RIcap ave= 2.07E+03 b. +/- 0.54 % || Macs30 ave= 4.97E+00 b. +/- 0.00 % || Gn^0(l=0) ave= 1.656E-04 +/- 0.79 % Gn^0(l=1) ave= 1.955E-05 +/- 9.83 % Gn^0(l=2) ave= 0.000E+00 +/- 0.00 % Gn^0(l=3) ave= 0.000E+00 +/- 0.00 % || Gtotal(l=0) ave= 1.132E-01 +/- 5.56 % Gtotal(l=1) ave= 1.061E-01 +/- 3.69 % Gtotal(l=2) ave= 0.000E+00 +/- 0.00 % Gtotal(l=3) ave= 0.000E+00 +/- 0.00 %  % || Gg(l=0) ave= 1.126E-01 +/- 5.59 % Gg(l=1) ave= 1.061E-01 +/- 3.69 % Gg(l=2) ave= 0.000E+00 +/- 0.00 % Gg(l=3) ave= 0.000E+00 +/- 0.00 %  % || D(l=0) ave= 7.409E-01 +/- 0.91 % D(l=1) ave= 1.281E+00 +/- 0.00 % D(l=2) ave= 0.000E+00 +/- 0.00 % D(l=3) ave= 0.000E+00 +/- 0.00 %  % || S(l=0) ave= 1.128E-04 +/- 0.31 % S(l=1) ave= 2.366E-06 +/- 9.83 % S(l=2) ave= 0.000E+00 +/- 0.00 % S(l=3) ave= 0.000E+00 +/- 0.00 % 
 ... random file  8 Cap(th)  ave= 1.227E+03 b. +/- 18.02 % || Ela(th) ave= 4.034E+00 b. +/- 10.16 % || RIcap ave= 2.07E+03 b. +/- 0.52 % || Macs30 ave= 4.97E+00 b. +/- 0.00 % || Gn^0(l=0) ave= 1.655E-04 +/- 0.76 % Gn^0(l=1) ave= 1.934E-05 +/- 9.87 % Gn^0(l=2) ave= 0.000E+00 +/- 0.00 % Gn^0(l=3) ave= 0.000E+00 +/- 0.00 % || Gtotal(l=0) ave= 1.128E-01 +/- 5.35 % Gtotal(l=1) ave= 1.060E-01 +/- 3.51 % Gtotal(l=2) ave= 0.000E+00 +/- 0.00 % Gtotal(l=3) ave= 0.000E+00 +/- 0.00 %  % || Gg(l=0) ave= 1.122E-01 +/- 5.38 % Gg(l=1) ave= 1.060E-01 +/- 3.51 % Gg(l=2) ave= 0.000E+00 +/- 0.00 % Gg(l=3) ave= 0.000E+00 +/- 0.00 %  % || D(l=0) ave= 7.403E-01 +/- 0.88 % D(l=1) ave= 1.281E+00 +/- 0.00 % D(l=2) ave= 0.000E+00 +/- 0.00 % D(l=3) ave= 0.000E+00 +/- 0.00 %  % || S(l=0) ave= 1.128E-04 +/- 0.31 % S(l=1) ave= 2.340E-06 +/- 9.87 % S(l=2) ave= 0.000E+00 +/- 0.00 % S(l=3) ave= 0.000E+00 +/- 0.00 % 
 ... random file  9 Cap(th)  ave= 1.231E+03 b. +/- 17.07 % || Ela(th) ave= 4.095E+00 b. +/- 10.49 % || RIcap ave= 2.07E+03 b. +/- 0.50 % || Macs30 ave= 4.97E+00 b. +/- 0.00 % || Gn^0(l=0) ave= 1.655E-04 +/- 0.72 % Gn^0(l=1) ave= 1.911E-05 +/- 10.14 % Gn^0(l=2) ave= 0.000E+00 +/- 0.00 % Gn^0(l=3) ave= 0.000E+00 +/- 0.00 % || Gtotal(l=0) ave= 1.134E-01 +/- 5.24 % Gtotal(l=1) ave= 1.057E-01 +/- 3.42 % Gtotal(l=2) ave= 0.000E+00 +/- 0.00 % Gtotal(l=3) ave= 0.000E+00 +/- 0.00 %  % || Gg(l=0) ave= 1.127E-01 +/- 5.27 % Gg(l=1) ave= 1.057E-01 +/- 3.42 % Gg(l=2) ave= 0.000E+00 +/- 0.00 % Gg(l=3) ave= 0.000E+00 +/- 0.00 %  % || D(l=0) ave= 7.398E-01 +/- 0.86 % D(l=1) ave= 1.281E+00 +/- 0.00 % D(l=2) ave= 0.000E+00 +/- 0.00 % D(l=3) ave= 0.000E+00 +/- 0.00 %  % || S(l=0) ave= 1.129E-04 +/- 0.34 % S(l=1) ave= 2.313E-06 +/- 10.14 % S(l=2) ave= 0.000E+00 +/- 0.00 % S(l=3) ave= 0.000E+00 +/- 0.00 % 
 ... random file  10 Cap(th)  ave= 1.244E+03 b. +/- 16.43 % || Ela(th) ave= 4.117E+00 b. +/- 10.10 % || RIcap ave= 2.07E+03 b. +/- 0.52 % || Macs30 ave= 4.97E+00 b. +/- 0.00 % || Gn^0(l=0) ave= 1.654E-04 +/- 0.71 % Gn^0(l=1) ave= 1.902E-05 +/- 9.81 % Gn^0(l=2) ave= 0.000E+00 +/- 0.00 % Gn^0(l=3) ave= 0.000E+00 +/- 0.00 % || Gtotal(l=0) ave= 1.138E-01 +/- 5.12 % Gtotal(l=1) ave= 1.056E-01 +/- 3.28 % Gtotal(l=2) ave= 0.000E+00 +/- 0.00 % Gtotal(l=3) ave= 0.000E+00 +/- 0.00 %  % || Gg(l=0) ave= 1.131E-01 +/- 5.15 % Gg(l=1) ave= 1.056E-01 +/- 3.28 % Gg(l=2) ave= 0.000E+00 +/- 0.00 % Gg(l=3) ave= 0.000E+00 +/- 0.00 %  % || D(l=0) ave= 7.394E-01 +/- 0.84 % D(l=1) ave= 1.281E+00 +/- 0.00 % D(l=2) ave= 0.000E+00 +/- 0.00 % D(l=3) ave= 0.000E+00 +/- 0.00 %  % || S(l=0) ave= 1.129E-04 +/- 0.33 % S(l=1) ave= 2.302E-06 +/- 9.81 % S(l=2) ave= 0.000E+00 +/- 0.00 % S(l=3) ave= 0.000E+00 +/- 0.00 % 
 ... Histogram plot for thermal (n,g)
 ... Write covariances  ... MT1  ... plot correlations
 ... MT2  ... MT102 


 ================================================
 ============== From 10 random values === start ======
 Thermal (n,tot) xs  0 K =  1248.23 b. +/- 204.412 b. ( 16.3761 %) skew= -0.05 +/- 0.66
 Thermal (n,el) xs   0 K =  4.11699 b. +/- 0.415684 b. ( 10.0968 %) skew= -1.21 +/- 0.66
 Thermal (n,g) xs    0 K =  1244.11 b. +/- 204.431 b. ( 16.4319 %) skew= -0.05 +/- 0.66
 RI      (n,g)       0 K =  2067.37 b. +/- 10.7083 b. ( 0.517964 %) 
 MACS    (n,g)       0 K (at Emacs= 30000 eV) =  4.9695 b. +/- 4.76837e-07 b. ( 9.59527e-06 %) 
 Ave. Gtotal  L=0        =  1.138E-01 +/- 5.12 %
 Ave. Gn^(0)  L=0        =  1.654E-04 +/- 0.71 %
 Ave. Gg      L=0        =  1.131E-01 +/- 5.15 %
 Ave. D       L=0        =  7.394E-01 +/- 0.84 %
 Ave. S       L=0        =  1.129E-04 +/- 0.33 %
 Ave. Gtotal  L=1        =  1.056E-01 +/- 3.28 %
 Ave. Gg      L=1        =  1.056E-01 +/- 3.28 %
 Ave. D       L=1        =  1.281E+00 +/- 0.00 %
 Ave. S       L=1        =  2.302E-06 +/- 9.81 %

 Expected Thermal (n,g) (syst or meas)= 71.8369 b. +/- 35.9185 b. nominal: 1261.07 b.
 ratio Calculated/expected thermal (n,g): 17.32 ratio DCalculated/Dexpected: 5.69 ratio Calculated/Nominal: 0.99
 ============== From 10 random values ===== stop ======
 ================================================
 ... Calculation of (n,a) and (n,p) cross sections at 300 K
 ... thermal (n,a) cross section is 2.12476e-07 +/- 1.06238e-07 b.
 ... thermal (n,a) cross section is 3.36458e-07 b. (random case 1)
 ... thermal (n,a) cross section is 2.459e-07 b. (random case 2)
 ... thermal (n,a) cross section is 4.46067e-07 b. (random case 3)
 ... thermal (n,a) cross section is 1.60748e-07 b. (random case 4)
 ... thermal (n,a) cross section is 3.31902e-07 b. (random case 5)
 ... thermal (n,a) cross section is 7.90894e-08 b. (random case 6)
 ... thermal (n,a) cross section is 7.45257e-08 b. (random case 7)
 ... thermal (n,a) cross section is 5.19836e-08 b. (random case 8)
 ... thermal (n,a) cross section is 2.92976e-08 b. (random case 9)
 ... thermal (n,a) cross section is 2.3137e-07 b. (random case 10)
 ... thermal (n,p) cross section is 2.12476e-07 +/- 1.06238e-07 b.
 ... thermal (n,p) cross section is 7.53669e-08 b. (random case 1)
 ... thermal (n,p) cross section is 1.37307e-07 b. (random case 2)
 ... thermal (n,p) cross section is 4.50015e-07 b. (random case 3)
 ... thermal (n,p) cross section is 2.05566e-07 b. (random case 4)
 ... thermal (n,p) cross section is 1.871e-07 b. (random case 5)
 ... thermal (n,p) cross section is 1.04484e-07 b. (random case 6)
 ... thermal (n,p) cross section is 1.45886e-07 b. (random case 7)
 ... thermal (n,p) cross section is 3.67033e-07 b. (random case 8)
 ... thermal (n,p) cross section is 2.20235e-07 b. (random case 9)
 ... thermal (n,p) cross section is 3.22872e-07 b. (random case 10)
 ... Rewrite index for MF2
 ... Write text for MF1 in file mf1.tares.txt
 ... plotting cross sections for the MF1
 ... order output files


================== summary ==================
 Thermal (n,tot) xs = 1265.23 b. 
 Thermal (n,el)  xs = 4.15609 b. 
 Thermal (n,g)   xs = 1261.07 b. (meas/sys: 71.8369 b.)
 At 300 K (thermal adjustment): (n,el) = 4.16738 b., (n,g) = 1266.4 b.

 RI      (n,g)      = 2077.9 b. (meas or sys: - b.)
 RI      (n,el)     = 42.3588 b.
=============================================


 ... cleaning
                                                 
  -------------------------------------------------------------
  -                                                           -
  - TARES: successful end of run with data from hypothetical  -
  - resonances for  Z= 65, A= 148 and isomer= 0               -
  - half-life: 1.000000 hours
  -                                                           -
  -------------------------------------------------------------

   Running time:       18 seconds

 End time: Fri Oct  9 11:09:28 2026

