
  -------------------------------------------------------------
  -                                                           -
  -              Welcome to TARES version 1.8                 -
  -                                                           -
  -  (C) Copyright 2007-2025 D. Rochman, All Rights Reserved  -
  -           NRG, Petten, the Netherlands 2007-2014          -
  -           PSI, Villigen    Switzerland 2015-2025          -
  -         Nagra, Wettingen   Switzerland 2025-              -
  -           (Last Modified October 06, 2026)                -
  -           (Database from October 06, 2026)                -
  -                                                           -
  -------------------------------------------------------------


  ---------------------------------------------
   Compilation information:
   Compiled on:         Oct  8 2026, 18:36:06
   Compiled by:         koning
   Compiler version:    clang++ - 21.0.0
   Source location:     /Users/koning/tares-1.8/source/Module/
   Binaries location:   /Users/koning/bin
   System:              Darwin 25.6.0
   System version:      Darwin Kernel Version 25.6.0: Fri Jul 31 19:19:08 PDT 2026; root:xnu-12377.161.14~5/RELEASE_ARM64_T6050  
   Machine:             arm64 
  ---------------------------------------------

   User information:
   User name:           koning
   Running directory:   /Users/koning/tendl/resbase/Sr077/work
   Owner mode for running directory : rwx
   Group mode for running directory : r-x
  ---------------------------------------------


 Starting time: Fri Oct  9 11:25:36 2026
 ... inputs directory found (/Users/koning/tares-1.8/source/Module//../../inputs/).
 ... It will be used for resonance parameters 
 ... ###############################################
 ... #     read the input file tares.inp
 ... ###############################################
 ... line: #
 ... line: # Input file generated by Autorochman
          --> line not read
 ... line: #
 ... line: isotope    Sr
          --> Isotope name: Sr
 ... line: mass       77
          --> isotopic mass: 77
 ... line: output     n-Sr077
         ---> Name of the output files: n-Sr077
 ... line: isomer     0
          --> isomeric state: 0
 ... line: mf32mf33   y
          --> MF33 based on MF32: y
 ... line: nbrRandom  6
          --> Nbr of random files: 6
 ... ###############################################
 ... # end read the input file tares.inp
 ... ###############################################
Value for random generator type not considered in since Tares 1.7 due to compilation issues

 ... ###############################################
     #   Interpretation of the Input definition    #
     ###############################################

 ... Default energy limit: End of resonance region
 ... Nuclear charge    = 38
 ... Element           = Sr
 ... Mass              = 77
 ... Isomer            = 0
 ... Correlation for (Gn,Gg) not included in random files
 ... Default random option: No random
 ... Output name: n-Sr077
 ... Energy for the MACS: 30000 eV
 ... Resonances from CALENDF reduced (reduce=y) 
 ... For URR, level density model from TALYS selected: 91n3n12611.2850 (see manual for description)
 ... Random Generator: default (pseudo random numbers from ansi c++)
 ... Reconstruction of cross section selected
 ... Doppler broadening at 0 Kelvin
 ... URR not included (from the input file flag)
 ... Weight for grouping is flat
 ... Calculation of (n,alpha) cross section selected
 ... Number of digit for MF32c covariance representation: 2
 ... MF32 included
 ... MF33 will be used for covariance processing
 ... TENDL option set to yes (automatic choice of MF2 and format)
 ... Isotope not found in the best file --> use of MLBW formalism
 ... default option: Multi level Breit Wigner approximation selected
 ... (check file best.tendl.yes for changing this option)
 ... Retroactive option set to no with the 2025 option
 ... ladder option set to yes (CALENDF will be used for statistical resonances)

 ... ###############################################
     #           End of Input definition           #
     ###############################################

 ... gnuplot found, will be used for plotting
 ... latex found, will be used for plotting
 ... dvips found, will be used for plotting
 ... ps2epsi not found, limited plotting available
 ... uncertainties on default parameters multiplied by 1.00339
 ... Read resonance data from the 2025 directory
 ... Resonance parameters taken from /Users/koning/tares-1.8/source/Module//../../inputs/2025/Resonance/default/
 ---> Processing Z= 38 and A= 77 and isomer= 0 (level number: 0)
 Exfor path; Could not find /Users/koning/tares-1.8/source/Module//../../inputs/exfor/Sr077/xs/102
Thermal file; Could not open file /Users/koning/tares-1.8/source/Module//../../inputs/2025/runThermal/results//thermal.mxw.ng.cendl3.1
Thermal file; Could not open file /Users/koning/tares-1.8/source/Module//../../inputs/2025/runThermal/results//thermal.mxw.ng.brond3.1
Thermal file; Could not open file /Users/koning/tares-1.8/source/Module//../../inputs/2025/runThermal/results//thermal.xs.ng.unc.cendl3.1
 ... spin taken from the final/ directory (1)

 ... ###############################################
 ... #  Nucleus global parameters (2025 database)  #
 ... ###############################################
 0. Half-life: 9 sec. 
 ... Scattering radius from TALYS: /Users/koning/tares-1.8/source/Module//../../inputs/2025/lib.urr/talys.urr/
 1. Spin of the target isotope: 2.5
 2. Relative Atomic Mass of the target isotope: 76.9379
 3. Scattering radius (local compilation): 5.66077 fm +/- 0.135858 fm
      .......................................
      ... Thermal capture cross sections: ...
 4. Thermal (n,g) cross section from systematics (TALYS, urr.dat): 30.3132 +/- 25.7662 b.
 5. Thermal (n,g) cross section from compilation (Firestone-2022 average on element Sr): 1.25 +/- 0.04 b.
 6. Thermal (n,g) cross section from compilation (Firestone-2022 final on element Sr): 1.25 +/- 0.04 b.
 7. Thermal (n,g) cross section from TENDL-2023: 30.3 b.
      .......................................
      ...  Thermal total cross sections:  ...
      .......................................
      ... Thermal elastic cross sections: ...
 8. Thermal (n,el) cross section from potential (4piR^2): 7.11423 +/- 0.355711 b.
      .......................................
             ... Resonance integral: ...
 9. No capture integral found in /Users/koning/tares-1.8/source/Module//../../inputs/capture.integral
 ... no RI(n,g) found in local compilation, take 2018 value.
 ... no RI(n,g) found in local compilation, take Sukhoruchkin value.
   ---- MACS 30 keV ----- 
 10. TALYS MACS 30 keV (HF): 0.00827197 b. 
   ---------- S0 -------- 
 11. S0 from TALYS: 0.845636
   ---------- S1 -------- 
 12. S1 from TALYS: 2.28714
   ---------- S2 -------- 
 13. S2 from TALYS: 1.07362
   ---------- D0 -------- 
 14. D0 from TALYS: 5.97006 eV
   ---------- D1 -------- 
 15. D1 from TALYS: 3.17652 eV
   ---------- D2 -------- 
 16. D2 from TALYS: 2.34913 eV
   ---------- G0 -------- 
 17. Gg0 from TALYS: 0.541325 eV
   ---------- G1 -------- 
 18. Gg1 from TALYS: 0.591739 eV
   ---------- G2 -------- 
 19. Gg2 from TALYS: 0.582935 eV


   ---------------------- 
 ... Read resonance parameters (format: 2: Multi Level Breit Wigner)
 ... 0 resonances found 
 ... possibly no resonances in the Resonance directory for this isotope and options
 ... Use HFR (ladder) behavior 
 --> 21. Number of resonances from the input file: 2 up to 2.98503 eV
 22. Read nuclear quantities (mass, MAT...)
 23. Read thermal (n,g) xs 
 24. Read the scattering radius 
 25. Read uncertainty on Gg for 2 resonances
 26. Read uncertainty on Gg for 2 resonances ... done
 ... order resonances 
 ... Upper limit for the RRR: 2.98503 eV (no statistical resonances HFR) from the limit.RRR file
 ... Write parameters for l=0 waves
 ... End writing original MF2 
 ... No RRR in the database: uncertainties on default parameters multiplied by 1.99753
 ... Enter in urr function (ladder option set to y) for file n-Sr077
 ... read the file /Users/koning/tares-1.8/source/Module//../../inputs/2025/list.jcs.urr to find URR origin
 Default URR taken from TALYS calculations with level density model: 91n3n12611.2850
 File considered for the URR: /Users/koning/tares-1.8/source/Module//../../inputs/2025/lib.urr/talys.urr/91n3n12611.2850/Sr/urr/urr.dat.Sr.077.000.0.gz
 ... Write URR using TALYS average parameters (used for HFR)
 ... Limit of URR changed to 25 keV (recommendation from WPEC and JEFF)
 ... Extract the Sn value from file ./urr.dat.Sr.77.0.0
 ... found Sn= 13.4418 MeV
 ... estimated number of resonances up to 75.4788 eV:  12.6429 resonances
 ... This is a test here. The higher energy limit to include URR data for calendf is set to max Sn. 24/03/2016
 ... Use Sn to define the maximum energy for the URR: Sn= 13.4418 MeV --> last_energyURR= 75.4788 eV
 ... read D0, S0, Gn and Gg
 ... number of URR energies: 1512
 Number of l: 1512 and last energy: 12
 Last  URR energy: 75.4788 eV
 ... Enter in to_MLBW_mf2 function
 ... Convert to Multi Level Breit Wigner (MLBW)
 ... Write parameter covariances (MF32) for l=0
 ... Convert parameter covariances (MF32) to MLBW
 ... copy the mf2 and mf32 to .mlbw files
 ... Enter in urr_correct function case 1
 Modify the higher limit of RRR in MF2
 --> old value: 2.999954+0 eV new value: 1.000000-2 eV
 Modify resonance covariances (MF32) to include correlations in the URR
 End Modify resonance covariances (MF32) to include correlations in the URR
 ... Enter in calendf_xs function
 Use CALENDF for statistical resonances (update MF2) up to 7.547880+1 eV (initial limit)
 Extract resonances from CALENDF for RRR->URR 2
 55 statistical resonances found
 After reduction, 53 statistical resonances found
 ... checking resonance order 1
 ... checking resonance order 2nd round for 51 resonances
 ... end checking resonance order 2nd round
 .......................................................
 ... Adjustment to the thermal cross section : start ...
 .......................................................

 Before adjustment (adjustment to the thermal cross section set to y)
 ... Import MF2 from TARES calculations
 ... End energy of TARES MF2 : 7.114449E+1 eV and limit to 40000 resonances
 ... File used for reconstruction: new.temp22.reconst
 ... run RECENT ...
 ... Doppler broadened at a unique temperature: 300 Kelvin using sigma1
 ... run SIGMA1 at 3.000000E+02 K.

 ============== INTER values at 300 Kelvin ==============
 Thermal (n,g) xs =  237.427 b. (meas/sys: 30.3132 b.) (warning: comparison to be done at 296 or 300 K)
 Th Maxw (n,g) xs =  239.02 b. (thermal Maxwellian value)
 Westcott factor  =  1.0067
 RI      (n,g)    =  832.155 b. (meas or sys: - b.)
 MACS 3.000e+04 eV=  0.0082852 b. (meas or sys: - b.) from 1.00E+00 to 2.00E+07 eV (end of RRR) at T= 300 Kelvin 
 Thermal (n,el) xs=  3.12409 b.
 RI      (n,el)   =  29.0332 b.
 ============= PSYCHE values ==============
 Ave. G_total L0  =  0.531076 eV
 Ave. G_total L1  =  0.535868 eV
 Ave. Gn_0    L0  =  0.000914607
 Ave. Gn_0    L1  =  0.00298915
 Ave. Gg      L0  =  0.526914 eV
 Ave. Gg      L1  =  0.535867 eV
 Ave. D       L0  =  7.11445 eV
 Ave. D       L1  =  3.95247 eV
 Ave. S       L0  =  7.42113e-05 eV
 Ave. S       L1  =  0.000150147 eV
 =========================================
 Calculated capture integral   832.155 b.
 Calculated thermal (n,g)=          237.427154 b. and recommended= 30.3132 b. (C/E= 7.83248)
 Calculated RI      (n,g)= 832.155 b. (no reference value)
 ... tolerances: thermal (n,g) 20 % (reference uncertainties, minimum 2% and 5%, maximum 20%)
 Adjust the capture widths ...
 ... capture adjusted with Gn for 51 resonances (Gn<Gg) and with Gg for 0 resonances
 ... iteration 0: C/E thermal (n,g)= 7.83248

 <-------- After adjustment -------->
 ... Import MF2 from TARES calculations
 ... End energy of TARES MF2 : 7.114449E+1 eV and limit to 40000 resonances
 ... File used for reconstruction: new.temp22.reconst
 ... run RECENT ...
 ... Doppler broadened at a unique temperature: 300 Kelvin using sigma1
 ... run SIGMA1 at 3.000000E+02 K.

 ============== INTER values at 300 Kelvin ==============
 Thermal (n,g) xs =  35.7696 b. (meas/sys: 30.3132 b.) (warning: comparison to be done at 296 or 300 K)
 Th Maxw (n,g) xs =  36.009 b. (thermal Maxwellian value)
 Westcott factor  =  1.0067
 RI      (n,g)    =  127.167 b. (meas or sys: - b.)
 MACS 3.000e+04 eV=  0.0081926 b. (meas or sys: - b.) from 1.00E+00 to 2.00E+07 eV (end of RRR) at T= 300 Kelvin 
 Thermal (n,el) xs=  3.90454 b.
 RI      (n,el)   =  19.4111 b.
 ============= PSYCHE values ==============
 Ave. G_total L0  =  0.527541 eV
 Ave. G_total L1  =  0.535867 eV
 Ave. Gn_0    L0  =  0.00013779
 Ave. Gn_0    L1  =  0.000450329
 Ave. Gg      L0  =  0.526914 eV
 Ave. Gg      L1  =  0.535867 eV
 Ave. D       L0  =  7.11445 eV
 Ave. D       L1  =  3.95247 eV
 Ave. S       L0  =  1.11803e-05 eV
 Ave. S       L1  =  2.26203e-05 eV
 =========================================
 ... iteration 1: C/E thermal (n,g)= 1.18


 ... ratio C/E thermal (n,g): 1.180004E+00
 ...................................................... 
 ... Adjustment to the thermal cross section : stop ...
 ...................................................... 
 ... new MF2 file after adjustment: n-Sr077
 ... read the file /Users/koning/tares-1.8/source/Module//../../inputs/2025/list.jcs.urr to find URR origin
 Default URR taken from TALYS calculations with level density model: 91n3n12611.2850
 File considered for the URR: /Users/koning/tares-1.8/source/Module//../../inputs/2025/lib.urr/talys.urr/91n3n12611.2850/Sr/urr/urr.dat.Sr.077.000.0.gz
 ... Write URR using TALYS average parameters (not used for HFR)
 ... Limit of URR changed to 25 keV (recommendation from WPEC and JEFF)
 Energy limit of the URR set to 92.4878 eV
 ... read D0, S0, Gn and Gg
 ... number of URR energies: 36
 Number of l: 36 and last energy: 12
 Last  URR energy: 92.4878 eV
 ... Enter in urr_correct function case 2
 Modify the higher limit of RRR in MF2
 --> old value: 7.114449+1 eV new value: 7.114449+1 eV
 Modify resonance covariances (MF32) to include correlations in the URR
 End Modify resonance covariances (MF32) to include correlations in the URR
 ... Enter in update_MF32 function
 ... Change uncertainties
 ... for the HFR, random position of the positive resonances with 0.020000 %
 ... end of update MF32 function
 ... GLS calculation of the parameter correlations from the thermal/RI adjustment (MF32c)
 ... MF32: correlations from the thermal/RI adjustment (GLS) for 5 resonances (10 widths), 2 correlation lines
 ...   thermal (n,g): uncertainty from these widths 9.46048 b. -> 8.88079 b. (reference: 30.3132 +/- 25.7662 b.)
 ... copy the mf2 and mf32 to .mlbw files

 ... Start of final reconstruction and testing ...
 ... Reconstruction of cross sections at 0 Kelvin  ... Import MF2 from TARES calculations
 ... End energy of TARES MF2 : 7.114449E+1 eV and limit to 40000 resonances
 ... File used for reconstruction: n-Sr077.reconst
 ... run RECENT ...
 ... Doppler broadened at a unique temperature: 0 Kelvin using sigma1
 ... The keyword temperature is zero, no Doppler broadening for the MACS

 ============== INTER values at 0 Kelvin ==============
 Thermal (n,g) xs =  35.7491 b. (meas/sys: 30.3132 b.) (warning: comparison to be done at 296 or 300 K)
 Th Maxw (n,g) xs =  35.803 b. (thermal Maxwellian value)
 Westcott factor  =  1.00152
 RI      (n,g)    =  126.883 b. (meas or sys: - b.)
 MACS 3.000e+04 eV=  0.0081544 b. (meas or sys: - b.) from 1.00E+00 to 7.11E+01 eV (end of RRR) at T= 0 Kelvin 
 Thermal (n,el) xs=  3.87883 b.
 RI      (n,el)   =  19.4303 b.
 ============= PSYCHE values ==============
 Ave. G_total L0  =  0.527541 eV
 Ave. G_total L1  =  0.535867 eV
 Ave. Gn_0    L0  =  0.00013779
 Ave. Gn_0    L1  =  0.000450329
 Ave. Gg      L0  =  0.526914 eV
 Ave. Gg      L1  =  0.535867 eV
 Ave. D       L0  =  7.11445 eV
 Ave. D       L1  =  3.95247 eV
 Ave. S       L0  =  1.11803e-05 eV
 Ave. S       L1  =  2.26203e-05 eV
 =========================================
 ... End of final reconstruction and testing ...

 ... grouping is not optimum, change to 70 groups
 ... Produce MF33 based on MF32 and 6 random files
 ... MF3 of n-Sr077.reconst (3 sections) added to the files for ENDSAM
 ... run endsam for 6 in groups of 1 global run
 ... run endsam from 1 to 6
 ... random files: total width GT set to Gn+Gg+Gf (306 resonances in 6 files)
 ... reorder resonance position after endsam (sampling)
 ... preparing the vectors  ... done
 ... nominal file 0 Cap(th)  ave= 3.575E+01 b. +/- 0.00 % || Ela(th) ave= 3.879E+00 b. +/- 0.00 % || RIcap ave= 1.27E+02 b. +/- 0.00 % || Macs30 ave= 8.15E-03 b. +/- 0.00 % || Gn^0(l=0) ave= 1.378E-04 +/- 0.00 % Gn^0(l=1) ave= 4.503E-04 +/- 0.00 % Gn^0(l=2) ave= 0.000E+00 +/- 0.00 % Gn^0(l=3) ave= 0.000E+00 +/- 0.00 % || Gtotal(l=0) ave= 5.275E-01 +/- 0.00 % Gtotal(l=1) ave= 5.359E-01 +/- 0.00 % Gtotal(l=2) ave= 0.000E+00 +/- 0.00 % Gtotal(l=3) ave= 0.000E+00 +/- 0.00 %  % || Gg(l=0) ave= 5.269E-01 +/- 0.00 % Gg(l=1) ave= 5.359E-01 +/- 0.00 % Gg(l=2) ave= 0.000E+00 +/- 0.00 % Gg(l=3) ave= 0.000E+00 +/- 0.00 %  % || D(l=0) ave= 7.114E+00 +/- 0.00 % D(l=1) ave= 3.952E+00 +/- 0.00 % D(l=2) ave= 0.000E+00 +/- 0.00 % D(l=3) ave= 0.000E+00 +/- 0.00 %  % || S(l=0) ave= 1.118E-05 +/- 0.00 % S(l=1) ave= 2.262E-05 +/- 0.00 % S(l=2) ave= 0.000E+00 +/- 0.00 % S(l=3) ave= 0.000E+00 +/- 0.00 % 
 ... random file  1 Cap(th)  ave= 4.117E+01 b. +/- 13.16 % || Ela(th) ave= 3.932E+00 b. +/- 1.36 % || RIcap ave= 1.28E+02 b. +/- 1.05 % || Macs30 ave= 8.15E-03 b. +/- 0.00 % || Gn^0(l=0) ave= 1.364E-04 +/- 1.02 % Gn^0(l=1) ave= 4.444E-04 +/- 1.34 % Gn^0(l=2) ave= 0.000E+00 +/- 0.00 % Gn^0(l=3) ave= 0.000E+00 +/- 0.00 % || Gtotal(l=0) ave= 5.706E-01 +/- 7.54 % Gtotal(l=1) ave= 5.285E-01 +/- 1.40 % Gtotal(l=2) ave= 0.000E+00 +/- 0.00 % Gtotal(l=3) ave= 0.000E+00 +/- 0.00 %  % || Gg(l=0) ave= 5.700E-01 +/- 7.56 % Gg(l=1) ave= 5.285E-01 +/- 1.40 % Gg(l=2) ave= 0.000E+00 +/- 0.00 % Gg(l=3) ave= 0.000E+00 +/- 0.00 %  % || D(l=0) ave= 7.510E+00 +/- 5.26 % D(l=1) ave= 3.952E+00 +/- 0.00 % D(l=2) ave= 0.000E+00 +/- 0.00 % D(l=3) ave= 0.000E+00 +/- 0.00 %  % || S(l=0) ave= 1.049E-05 +/- 6.58 % S(l=1) ave= 2.232E-05 +/- 1.33 % S(l=2) ave= 0.000E+00 +/- 0.00 % S(l=3) ave= 0.000E+00 +/- 0.00 % 
 ... random file  2 Cap(th)  ave= 3.568E+01 b. +/- 25.03 % || Ela(th) ave= 4.332E+00 b. +/- 13.09 % || RIcap ave= 1.27E+02 b. +/- 2.07 % || Macs30 ave= 8.15E-03 b. +/- 0.00 % || Gn^0(l=0) ave= 1.358E-04 +/- 1.03 % Gn^0(l=1) ave= 4.103E-04 +/- 11.80 % Gn^0(l=2) ave= 0.000E+00 +/- 0.00 % Gn^0(l=3) ave= 0.000E+00 +/- 0.00 % || Gtotal(l=0) ave= 5.466E-01 +/- 8.94 % Gtotal(l=1) ave= 5.276E-01 +/- 1.17 % Gtotal(l=2) ave= 0.000E+00 +/- 0.00 % Gtotal(l=3) ave= 0.000E+00 +/- 0.00 %  % || Gg(l=0) ave= 5.460E-01 +/- 8.95 % Gg(l=1) ave= 5.276E-01 +/- 1.17 % Gg(l=2) ave= 0.000E+00 +/- 0.00 % Gg(l=3) ave= 0.000E+00 +/- 0.00 %  % || D(l=0) ave= 7.641E+00 +/- 4.88 % D(l=1) ave= 3.952E+00 +/- 0.00 % D(l=2) ave= 0.000E+00 +/- 0.00 % D(l=3) ave= 0.000E+00 +/- 0.00 %  % || S(l=0) ave= 1.025E-05 +/- 6.38 % S(l=1) ave= 2.061E-05 +/- 11.80 % S(l=2) ave= 0.000E+00 +/- 0.00 % S(l=3) ave= 0.000E+00 +/- 0.00 % 
 ... random file  3 Cap(th)  ave= 3.566E+01 b. +/- 21.69 % || Ela(th) ave= 4.123E+00 b. +/- 14.80 % || RIcap ave= 1.27E+02 b. +/- 1.83 % || Macs30 ave= 8.15E-03 b. +/- 0.00 % || Gn^0(l=0) ave= 1.364E-04 +/- 1.13 % Gn^0(l=1) ave= 4.324E-04 +/- 13.13 % Gn^0(l=2) ave= 0.000E+00 +/- 0.00 % Gn^0(l=3) ave= 0.000E+00 +/- 0.00 % || Gtotal(l=0) ave= 5.542E-01 +/- 8.00 % Gtotal(l=1) ave= 5.408E-01 +/- 4.35 % Gtotal(l=2) ave= 0.000E+00 +/- 0.00 % Gtotal(l=3) ave= 0.000E+00 +/- 0.00 %  % || Gg(l=0) ave= 5.536E-01 +/- 8.00 % Gg(l=1) ave= 5.408E-01 +/- 4.35 % Gg(l=2) ave= 0.000E+00 +/- 0.00 % Gg(l=3) ave= 0.000E+00 +/- 0.00 %  % || D(l=0) ave= 7.510E+00 +/- 5.26 % D(l=1) ave= 3.952E+00 +/- 0.00 % D(l=2) ave= 0.000E+00 +/- 0.00 % D(l=3) ave= 0.000E+00 +/- 0.00 %  % || S(l=0) ave= 1.049E-05 +/- 6.66 % S(l=1) ave= 2.172E-05 +/- 13.13 % S(l=2) ave= 0.000E+00 +/- 0.00 % S(l=3) ave= 0.000E+00 +/- 0.00 % 
 ... random file  4 Cap(th)  ave= 3.304E+01 b. +/- 26.28 % || Ela(th) ave= 4.097E+00 b. +/- 13.38 % || RIcap ave= 1.26E+02 b. +/- 2.26 % || Macs30 ave= 8.15E-03 b. +/- 0.00 % || Gn^0(l=0) ave= 1.360E-04 +/- 1.12 % Gn^0(l=1) ave= 4.335E-04 +/- 11.73 % Gn^0(l=2) ave= 0.000E+00 +/- 0.00 % Gn^0(l=3) ave= 0.000E+00 +/- 0.00 % || Gtotal(l=0) ave= 5.283E-01 +/- 12.34 % Gtotal(l=1) ave= 5.435E-01 +/- 4.00 % Gtotal(l=2) ave= 0.000E+00 +/- 0.00 % Gtotal(l=3) ave= 0.000E+00 +/- 0.00 %  % || Gg(l=0) ave= 5.277E-01 +/- 12.36 % Gg(l=1) ave= 5.435E-01 +/- 4.00 % Gg(l=2) ave= 0.000E+00 +/- 0.00 % Gg(l=3) ave= 0.000E+00 +/- 0.00 %  % || D(l=0) ave= 7.589E+00 +/- 5.10 % D(l=1) ave= 3.952E+00 +/- 0.00 % D(l=2) ave= 0.000E+00 +/- 0.00 % D(l=3) ave= 0.000E+00 +/- 0.00 %  % || S(l=0) ave= 1.035E-05 +/- 6.60 % S(l=1) ave= 2.177E-05 +/- 11.73 % S(l=2) ave= 0.000E+00 +/- 0.00 % S(l=3) ave= 0.000E+00 +/- 0.00 % 
 ... random file  5 Cap(th)  ave= 3.619E+01 b. +/- 29.30 % || Ela(th) ave= 4.061E+00 b. +/- 12.49 % || RIcap ave= 1.27E+02 b. +/- 2.88 % || Macs30 ave= 8.15E-03 b. +/- 0.00 % || Gn^0(l=0) ave= 1.359E-04 +/- 1.07 % Gn^0(l=1) ave= 4.363E-04 +/- 10.73 % Gn^0(l=2) ave= 0.000E+00 +/- 0.00 % Gn^0(l=3) ave= 0.000E+00 +/- 0.00 % || Gtotal(l=0) ave= 5.448E-01 +/- 12.86 % Gtotal(l=1) ave= 5.383E-01 +/- 4.27 % Gtotal(l=2) ave= 0.000E+00 +/- 0.00 % Gtotal(l=3) ave= 0.000E+00 +/- 0.00 %  % || Gg(l=0) ave= 5.442E-01 +/- 12.87 % Gg(l=1) ave= 5.383E-01 +/- 4.27 % Gg(l=2) ave= 0.000E+00 +/- 0.00 % Gg(l=3) ave= 0.000E+00 +/- 0.00 %  % || D(l=0) ave= 7.641E+00 +/- 4.88 % D(l=1) ave= 3.952E+00 +/- 0.00 % D(l=2) ave= 0.000E+00 +/- 0.00 % D(l=3) ave= 0.000E+00 +/- 0.00 %  % || S(l=0) ave= 1.026E-05 +/- 6.37 % S(l=1) ave= 2.191E-05 +/- 10.73 % S(l=2) ave= 0.000E+00 +/- 0.00 % S(l=3) ave= 0.000E+00 +/- 0.00 % 
 ... random file  6 Cap(th)  ave= 3.691E+01 b. +/- 27.02 % || Ela(th) ave= 3.943E+00 b. +/- 13.97 % || RIcap ave= 1.27E+02 b. +/- 2.70 % || Macs30 ave= 8.15E-03 b. +/- 0.00 % || Gn^0(l=0) ave= 1.357E-04 +/- 1.01 % Gn^0(l=1) ave= 4.507E-04 +/- 12.42 % Gn^0(l=2) ave= 0.000E+00 +/- 0.00 % Gn^0(l=3) ave= 0.000E+00 +/- 0.00 % || Gtotal(l=0) ave= 5.419E-01 +/- 12.04 % Gtotal(l=1) ave= 5.413E-01 +/- 4.16 % Gtotal(l=2) ave= 0.000E+00 +/- 0.00 % Gtotal(l=3) ave= 0.000E+00 +/- 0.00 %  % || Gg(l=0) ave= 5.414E-01 +/- 12.05 % Gg(l=1) ave= 5.413E-01 +/- 4.16 % Gg(l=2) ave= 0.000E+00 +/- 0.00 % Gg(l=3) ave= 0.000E+00 +/- 0.00 %  % || D(l=0) ave= 7.679E+00 +/- 4.65 % D(l=1) ave= 3.952E+00 +/- 0.00 % D(l=2) ave= 0.000E+00 +/- 0.00 % D(l=3) ave= 0.000E+00 +/- 0.00 %  % || S(l=0) ave= 1.020E-05 +/- 6.13 % S(l=1) ave= 2.264E-05 +/- 12.43 % S(l=2) ave= 0.000E+00 +/- 0.00 % S(l=3) ave= 0.000E+00 +/- 0.00 % 
 ... Histogram plot for thermal (n,g)
 ... Write covariances  ... MT1  ... plot correlations
 ... MT2  ... MT102 


 ================================================
 ============== From 6 random values === start ======
 Thermal (n,tot) xs  0 K =  40.8543 b. +/- 9.72585 b. ( 23.8062 %) skew= +0.01 +/- 0.79
 Thermal (n,el) xs   0 K =  3.9432 b. +/- 0.550712 b. ( 13.9661 %) skew= +1.06 +/- 0.79
 Thermal (n,g) xs    0 K =  36.9111 b. +/- 9.97428 b. ( 27.0224 %) skew= -0.06 +/- 0.79
 RI      (n,g)       0 K =  127.205 b. +/- 3.43532 b. ( 2.70062 %) 
 MACS    (n,g)       0 K (at Emacs= 30000 eV) =  0.00815429 b. +/- 1.1235e-07 b. ( 0.00137781 %) 
 Ave. Gtotal  L=0        =  5.419E-01 +/- 12.04 %
 Ave. Gn^(0)  L=0        =  1.357E-04 +/- 1.01 %
 Ave. Gg      L=0        =  5.414E-01 +/- 12.05 %
 Ave. D       L=0        =  7.679E+00 +/- 4.65 %
 Ave. S       L=0        =  1.020E-05 +/- 6.13 %
 Ave. Gtotal  L=1        =  5.413E-01 +/- 4.16 %
 Ave. Gg      L=1        =  5.413E-01 +/- 4.16 %
 Ave. D       L=1        =  3.952E+00 +/- 0.00 %
 Ave. S       L=1        =  2.264E-05 +/- 12.43 %

 Expected Thermal (n,g) (syst or meas)= 30.3132 b. +/- 25.7662 b. nominal: 35.7491 b.
 ratio Calculated/expected thermal (n,g): 1.22 ratio DCalculated/Dexpected: 0.39 ratio Calculated/Nominal: 1.03
 ============== From 6 random values ===== stop ======
 ================================================
 ... Calculation of (n,a) and (n,p) cross sections at 300 K
 ... thermal (n,a) cross section is 0.0137264 +/- 0.00686318 b.
 ... thermal (n,a) cross section is 0.0100504 b. (random case 1)
 ... thermal (n,a) cross section is 0.00293148 b. (random case 2)
 ... thermal (n,a) cross section is 0.0157346 b. (random case 3)
 ... thermal (n,a) cross section is 0.0238661 b. (random case 4)
 ... thermal (n,a) cross section is 0.0053726 b. (random case 5)
 ... thermal (n,a) cross section is 0.00127915 b. (random case 6)
 ... thermal (n,p) cross section is 0.0137264 +/- 0.00686318 b.
 ... thermal (n,p) cross section is 0.000850967 b. (random case 1)
 ... thermal (n,p) cross section is 0.011187 b. (random case 2)
 ... thermal (n,p) cross section is 0.0116555 b. (random case 3)
 ... thermal (n,p) cross section is 0.027002 b. (random case 4)
 ... thermal (n,p) cross section is 0.0201055 b. (random case 5)
 ... thermal (n,p) cross section is 0.0141085 b. (random case 6)
 ... Rewrite index for MF2
 ... Write text for MF1 in file mf1.tares.txt
 ... plotting cross sections for the MF1
 ... order output files


================== summary ==================
 Thermal (n,tot) xs = 39.6554 b. 
 Thermal (n,el)  xs = 3.87883 b. 
 Thermal (n,g)   xs = 35.7491 b. (meas/sys: 30.3132 b.)
 Thermal (n,a)   xs = 0.0137264 b. 
 Thermal (n,p)   xs = 0.0137264 b. 
 At 300 K (thermal adjustment): (n,el) = 3.90454 b., (n,g) = 35.7696 b.

 RI      (n,g)      = 126.883 b. (meas or sys: - b.)
 RI      (n,el)     = 19.4303 b.
=============================================


 ... cleaning
                                                 
  -------------------------------------------------------------
  -                                                           -
  - TARES: successful end of run with data from hypothetical  -
  - resonances for  Z= 38,  A= 77 and isomer= 0               -
  - half-life: 9.000000 sec. 
  -                                                           -
  -------------------------------------------------------------

   Running time:       8 seconds

 End time: Fri Oct  9 11:25:44 2026

