
  -------------------------------------------------------------
  -                                                           -
  -              Welcome to TARES version 1.8                 -
  -                                                           -
  -  (C) Copyright 2007-2025 D. Rochman, All Rights Reserved  -
  -           NRG, Petten, the Netherlands 2007-2014          -
  -           PSI, Villigen    Switzerland 2015-2025          -
  -         Nagra, Wettingen   Switzerland 2025-              -
  -           (Last Modified October 06, 2026)                -
  -           (Database from October 06, 2026)                -
  -                                                           -
  -------------------------------------------------------------


  ---------------------------------------------
   Compilation information:
   Compiled on:         Oct  8 2026, 18:36:06
   Compiled by:         koning
   Compiler version:    clang++ - 21.0.0
   Source location:     /Users/koning/tares-1.8/source/Module/
   Binaries location:   /Users/koning/bin
   System:              Darwin 25.6.0
   System version:      Darwin Kernel Version 25.6.0: Fri Jul 31 19:19:08 PDT 2026; root:xnu-12377.161.14~5/RELEASE_ARM64_T6050  
   Machine:             arm64 
  ---------------------------------------------

   User information:
   User name:           koning
   Running directory:   /Users/koning/tendl/resbase/Sb129/work
   Owner mode for running directory : rwx
   Group mode for running directory : r-x
  ---------------------------------------------


 Starting time: Fri Oct  9 11:42:48 2026
 ... inputs directory found (/Users/koning/tares-1.8/source/Module//../../inputs/).
 ... It will be used for resonance parameters 
 ... ###############################################
 ... #     read the input file tares.inp
 ... ###############################################
 ... line: #
 ... line: # Input file generated by Autorochman
          --> line not read
 ... line: #
 ... line: isotope    Sb
          --> Isotope name: Sb
 ... line: mass       129
          --> isotopic mass: 129
 ... line: output     n-Sb129
         ---> Name of the output files: n-Sb129
 ... line: isomer     0
          --> isomeric state: 0
 ... line: mf32mf33   y
          --> MF33 based on MF32: y
 ... line: nbrRandom  10
          --> Nbr of random files: 10
 ... ###############################################
 ... # end read the input file tares.inp
 ... ###############################################
Value for random generator type not considered in since Tares 1.7 due to compilation issues

 ... ###############################################
     #   Interpretation of the Input definition    #
     ###############################################

 ... Default energy limit: End of resonance region
 ... Nuclear charge    = 51
 ... Element           = Sb
 ... Mass              = 129
 ... Isomer            = 0
 ... Correlation for (Gn,Gg) not included in random files
 ... Default random option: No random
 ... Output name: n-Sb129
 ... Energy for the MACS: 30000 eV
 ... Resonances from CALENDF reduced (reduce=y) 
 ... For URR, level density model from TALYS selected: 91n3n12611.2850 (see manual for description)
 ... Random Generator: default (pseudo random numbers from ansi c++)
 ... Reconstruction of cross section selected
 ... Doppler broadening at 0 Kelvin
 ... URR not included (from the input file flag)
 ... Weight for grouping is flat
 ... Calculation of (n,alpha) cross section selected
 ... Number of digit for MF32c covariance representation: 2
 ... MF32 included
 ... MF33 will be used for covariance processing
 ... TENDL option set to yes (automatic choice of MF2 and format)
 ... Isotope not found in the best file --> use of MLBW formalism
 ... default option: Multi level Breit Wigner approximation selected
 ... (check file best.tendl.yes for changing this option)
 ... Retroactive option set to no with the 2025 option
 ... ladder option set to yes (CALENDF will be used for statistical resonances)

 ... ###############################################
     #           End of Input definition           #
     ###############################################

 ... gnuplot found, will be used for plotting
 ... latex found, will be used for plotting
 ... dvips found, will be used for plotting
 ... ps2epsi not found, limited plotting available
 ... uncertainties on default parameters multiplied by 1.58733
 ... Read resonance data from the 2025 directory
 ... Resonance parameters taken from /Users/koning/tares-1.8/source/Module//../../inputs/2025/Resonance/default/
 ---> Processing Z= 51 and A= 129 and isomer= 0 (level number: 0)
 Exfor path; Could not find /Users/koning/tares-1.8/source/Module//../../inputs/exfor/Sb129/xs/102
Thermal file; Could not open file /Users/koning/tares-1.8/source/Module//../../inputs/2025/runThermal/results//thermal.mxw.ng.cendl3.1
Thermal file; Could not open file /Users/koning/tares-1.8/source/Module//../../inputs/2025/runThermal/results//thermal.mxw.ng.brond3.1
Thermal file; Could not open file /Users/koning/tares-1.8/source/Module//../../inputs/2025/runThermal/results//thermal.xs.ng.unc.cendl3.1
 ... spin taken from the final/ directory (1)

 ... ###############################################
 ... #  Nucleus global parameters (2025 database)  #
 ... ###############################################
 0. Half-life: 4.36667 hours
 ... Scattering radius from TALYS: /Users/koning/tares-1.8/source/Module//../../inputs/2025/lib.urr/talys.urr/
 1. Spin of the target isotope: 3.5
 2. Relative Atomic Mass of the target isotope: 128.909
 3. Scattering radius (local compilation): 6.71164 fm +/- 0.140944 fm
      .......................................
      ... Thermal capture cross sections: ...
 4. Thermal (n,g) cross section from systematics (TALYS, urr.dat): 3.31273 +/- 1.65637 b.
 5. Thermal (n,g) cross section from compilation (Firestone-2022 average on element Sb): 5.5 +/- 0.4 b.
 6. Thermal (n,g) cross section from compilation (Firestone-2022 final on element Sb): 5.02 +/- 0.12 b.
 7. Thermal (n,g) cross section from TENDL-2023: 3.283 +/- 1.598 b.
      .......................................
      ...  Thermal total cross sections:  ...
      .......................................
      ... Thermal elastic cross sections: ...
 8. Thermal (n,el) cross section from potential (4piR^2): 8.43492 +/- 0.421746 b.
      .......................................
             ... Resonance integral: ...
 9. No capture integral found in /Users/koning/tares-1.8/source/Module//../../inputs/capture.integral
 ... no RI(n,g) found in local compilation, take 2018 value.
 ... no RI(n,g) found in local compilation, take Sukhoruchkin value.
   ---- MACS 30 keV ----- 
 10. TALYS MACS 30 keV (HF): 0.0409558 b. 
   ---------- S0 -------- 
 11. S0 from TALYS: 0.937524
   ---------- S1 -------- 
 12. S1 from TALYS: 1.67556
   ---------- S2 -------- 
 13. S2 from TALYS: 0.702747
   ---------- D0 -------- 
 14. D0 from TALYS: 1072.56 eV
   ---------- D1 -------- 
 15. D1 from TALYS: 563.785 eV
   ---------- D2 -------- 
 16. D2 from TALYS: 408.61 eV
   ---------- G0 -------- 
 17. Gg0 from TALYS: 0.189053 eV
   ---------- G1 -------- 
 18. Gg1 from TALYS: 0.23128 eV
   ---------- G2 -------- 
 19. Gg2 from TALYS: 0.202399 eV


   ---------------------- 
 ... Read resonance parameters (format: 2: Multi Level Breit Wigner)
 ... 0 resonances found 
 ... possibly no resonances in the Resonance directory for this isotope and options
 ... Use HFR (ladder) behavior 
 --> 21. Number of resonances from the input file: 2 up to 536.281 eV
 22. Read nuclear quantities (mass, MAT...)
 23. Read thermal (n,g) xs 
 24. Read the scattering radius 
 25. Read uncertainty on Gg for 2 resonances
 26. Read uncertainty on Gg for 2 resonances ... done
 ... order resonances 
 ... Upper limit for the RRR: 536.281 eV (no statistical resonances HFR) from the limit.RRR file
 ... Write parameters for l=0 waves
 ... End writing original MF2 
 ... No RRR in the database: uncertainties on default parameters multiplied by 1.99753
 ... Enter in urr function (ladder option set to y) for file n-Sb129
 ... read the file /Users/koning/tares-1.8/source/Module//../../inputs/2025/list.jcs.urr to find URR origin
 Default URR taken from TALYS calculations with level density model: 91n3n12611.2850
 File considered for the URR: /Users/koning/tares-1.8/source/Module//../../inputs/2025/lib.urr/talys.urr/91n3n12611.2850/Sb/urr/urr.dat.Sb.129.000.0.gz
 ... Write URR using TALYS average parameters (used for HFR)
 ... Limit of URR changed to 25 keV (recommendation from WPEC and JEFF)
 ... ---> Emax(RRR) taken from the file limit.ladder: 600 eV <---
 ... (File limit.ladder: /Users/koning/tares-1.8/source/Module//../../inputs/2025/limit.ladder.91n3n12611.2850)
 ... read D0, S0, Gn and Gg
 ... number of URR energies: 1884
 Number of l: 1884 and last energy: 12
 Last  URR energy: 600 eV
 ... Enter in to_MLBW_mf2 function
 ... Convert to Multi Level Breit Wigner (MLBW)
 ... Write parameter covariances (MF32) for l=0
 ... Convert parameter covariances (MF32) to MLBW
 ... copy the mf2 and mf32 to .mlbw files
 ... Enter in urr_correct function case 1
 Modify the higher limit of RRR in MF2
 --> old value: 5.389629+2 eV new value: 1.000000-2 eV
 Modify resonance covariances (MF32) to include correlations in the URR
 End Modify resonance covariances (MF32) to include correlations in the URR
 ... Enter in calendf_xs function
 Use CALENDF for statistical resonances (update MF2) up to 6.000000+2 eV (initial limit)
 Extract resonances from CALENDF for RRR->URR 2
 8 statistical resonances found
 After reduction, 8 statistical resonances found
 ... checking resonance order 1
 ... checking resonance order 2nd round for 6 resonances
 ... end checking resonance order 2nd round
 .......................................................
 ... Adjustment to the thermal cross section : start ...
 .......................................................

 Before adjustment (adjustment to the thermal cross section set to y)
 ... Import MF2 from TARES calculations
 ... End energy of TARES MF2 : 5.587143E+1 eV and limit to 40000 resonances
 ... File used for reconstruction: new.temp22.reconst
 ... run RECENT ...
 ... Doppler broadened at a unique temperature: 300 Kelvin using sigma1
 ... run SIGMA1 at 3.000000E+02 K.

 ============== INTER values at 300 Kelvin ==============
 Thermal (n,g) xs =  73.9062 b. (meas/sys: 3.31273 b.) (warning: comparison to be done at 296 or 300 K)
 Th Maxw (n,g) xs =  74.384 b. (thermal Maxwellian value)
 Westcott factor  =  1.00646
 RI      (n,g)    =  96.6978 b. (meas or sys: - b.)
 MACS 3.000e+04 eV=  0.040931 b. (meas or sys: - b.) from 1.00E+00 to 2.00E+07 eV (end of RRR) at T= 300 Kelvin 
 Thermal (n,el) xs=  20.5038 b.
 RI      (n,el)   =  1599.96 b.
 ============= PSYCHE values ==============
 Ave. G_total L0  =  5.14351 eV
 Ave. Gn_0    L0  =  0.662826
 Ave. Gg      L0  =  0.189067 eV
 Ave. D       L0  =  0 eV
 Ave. S       L0  =  0.289986 eV
 =========================================
 Calculated capture integral   96.6978 b.
 Calculated thermal (n,g)=          73.9062241 b. and recommended= 3.31273 b. (C/E= 22.3097)
 Calculated RI      (n,g)= 96.6978 b. (no reference value)
 ... tolerances: thermal (n,g) 20 % (reference uncertainties, minimum 2% and 5%, maximum 20%)
 Adjust the capture widths ...
 ... capture adjusted with Gn for 4 resonances (Gn<Gg) and with Gg for 2 resonances
 ... iteration 0: C/E thermal (n,g)= 22.3097
 Warning: 6 widths limited to a change of a factor 10 from their starting values

 <-------- After adjustment -------->
 ... Import MF2 from TARES calculations
 ... End energy of TARES MF2 : 5.587143E+1 eV and limit to 40000 resonances
 ... File used for reconstruction: new.temp22.reconst
 ... run RECENT ...
 ... Doppler broadened at a unique temperature: 300 Kelvin using sigma1
 ... run SIGMA1 at 3.000000E+02 K.

 ============== INTER values at 300 Kelvin ==============
 Thermal (n,g) xs =  7.39066 b. (meas/sys: 3.31273 b.) (warning: comparison to be done at 296 or 300 K)
 Th Maxw (n,g) xs =  7.4384 b. (thermal Maxwellian value)
 Westcott factor  =  1.00647
 RI      (n,g)    =  14.5259 b. (meas or sys: - b.)
 MACS 3.000e+04 eV=  0.040757 b. (meas or sys: - b.) from 1.00E+00 to 2.00E+07 eV (end of RRR) at T= 300 Kelvin 
 Thermal (n,el) xs=  20.5038 b.
 RI      (n,el)   =  1655.93 b.
 ============= PSYCHE values ==============
 Ave. G_total L0  =  4.97334 eV
 Ave. Gn_0    L0  =  0.662826
 Ave. Gg      L0  =  0.0189067 eV
 Ave. D       L0  =  0 eV
 Ave. S       L0  =  0.289986 eV
 =========================================
 ... iteration 1: C/E thermal (n,g)= 2.23099
 Warning: 6 widths limited to a change of a factor 10 from their starting values

 <-------- After adjustment -------->
 ... Import MF2 from TARES calculations
 ... End energy of TARES MF2 : 5.587143E+1 eV and limit to 40000 resonances
 ... File used for reconstruction: new.temp22.reconst
 ... run RECENT ...
 ... Doppler broadened at a unique temperature: 300 Kelvin using sigma1
 ... run SIGMA1 at 3.000000E+02 K.

 ============== INTER values at 300 Kelvin ==============
 Thermal (n,g) xs =  7.39066 b. (meas/sys: 3.31273 b.) (warning: comparison to be done at 296 or 300 K)
 Th Maxw (n,g) xs =  7.4384 b. (thermal Maxwellian value)
 Westcott factor  =  1.00647
 RI      (n,g)    =  14.5259 b. (meas or sys: - b.)
 MACS 3.000e+04 eV=  0.040757 b. (meas or sys: - b.) from 1.00E+00 to 2.00E+07 eV (end of RRR) at T= 300 Kelvin 
 Thermal (n,el) xs=  20.5038 b.
 RI      (n,el)   =  1655.93 b.
 ============= PSYCHE values ==============
 Ave. G_total L0  =  4.97334 eV
 Ave. Gn_0    L0  =  0.662826
 Ave. Gg      L0  =  0.0189067 eV
 Ave. D       L0  =  0 eV
 Ave. S       L0  =  0.289986 eV
 =========================================
 ... iteration 2: C/E thermal (n,g)= 2.23099
 Warning: no further change possible (widths at the limit of a factor 10): adjustment stopped


 ... ratio C/E thermal (n,g): 2.230986E+00
 ...................................................... 
 ... Adjustment to the thermal cross section : stop ...
 ...................................................... 
 ... new MF2 file after adjustment: n-Sb129
 ... read the file /Users/koning/tares-1.8/source/Module//../../inputs/2025/list.jcs.urr to find URR origin
 Default URR taken from TALYS calculations with level density model: 91n3n12611.2850
 File considered for the URR: /Users/koning/tares-1.8/source/Module//../../inputs/2025/lib.urr/talys.urr/91n3n12611.2850/Sb/urr/urr.dat.Sb.129.000.0.gz
 ... Write URR using TALYS average parameters (not used for HFR)
 ... Limit of URR changed to 25 keV (recommendation from WPEC and JEFF)
 Energy limit of the URR set to 72.6329 eV
 ... read D0, S0, Gn and Gg
 ... number of URR energies: 96
 Number of l: 96 and last energy: 12
 Last  URR energy: 72.6329 eV
 ... Enter in urr_correct function case 2
 Modify the higher limit of RRR in MF2
 --> old value: 5.587143+1 eV new value: 5.587143+1 eV
 Modify resonance covariances (MF32) to include correlations in the URR
 End Modify resonance covariances (MF32) to include correlations in the URR
 ... Enter in update_MF32 function
 ... Change uncertainties
 ... for the HFR, random position of the positive resonances with 0.020000 %
 ... end of update MF32 function
 ... GLS calculation of the parameter correlations from the thermal/RI adjustment (MF32c)
 ... MF32: correlations from the thermal/RI adjustment (GLS) for 2 resonances (4 widths), 2 correlation lines
 ...   thermal (n,g): uncertainty from these widths 4.63613 b. -> 1.55981 b. (reference: 3.31273 +/- 1.65637 b.)
 ... copy the mf2 and mf32 to .mlbw files

 ... Start of final reconstruction and testing ...
 ... Reconstruction of cross sections at 0 Kelvin  ... Import MF2 from TARES calculations
 ... End energy of TARES MF2 : 5.587143E+1 eV and limit to 40000 resonances
 ... File used for reconstruction: n-Sb129.reconst
 ... run RECENT ...
 ... Doppler broadened at a unique temperature: 0 Kelvin using sigma1
 ... The keyword temperature is zero, no Doppler broadening for the MACS

 ============== INTER values at 0 Kelvin ==============
 Thermal (n,g) xs =  7.38526 b. (meas/sys: 3.31273 b.) (warning: comparison to be done at 296 or 300 K)
 Th Maxw (n,g) xs =  7.3952 b. (thermal Maxwellian value)
 Westcott factor  =  1.00135
 RI      (n,g)    =  14.4631 b. (meas or sys: - b.)
 MACS 3.000e+04 eV=  0.040509 b. (meas or sys: - b.) from 1.00E+00 to 5.59E+01 eV (end of RRR) at T= 0 Kelvin 
 Thermal (n,el) xs=  20.4224 b.
 RI      (n,el)   =  1550.43 b.
 ============= PSYCHE values ==============
 Ave. G_total L0  =  4.97334 eV
 Ave. Gn_0    L0  =  0.662826
 Ave. Gg      L0  =  0.0189067 eV
 Ave. D       L0  =  0 eV
 Ave. S       L0  =  0.289986 eV
 =========================================
 ... End of final reconstruction and testing ...

 ... grouping is not optimum, change to 70 groups
 ... Produce MF33 based on MF32 and 10 random files
 ... MF3 of n-Sb129.reconst (3 sections) added to the files for ENDSAM
 ... run endsam for 10 in groups of 1 global run
 ... run endsam from 1 to 10
 ... random files: total width GT set to Gn+Gg+Gf (60 resonances in 10 files)
 ... reorder resonance position after endsam (sampling)
 ... preparing the vectors  ... done
 ... nominal file 0 Cap(th)  ave= 7.385E+00 b. +/- 0.00 % || Ela(th) ave= 2.042E+01 b. +/- 0.00 % || RIcap ave= 1.45E+01 b. +/- 0.00 % || Macs30 ave= 4.05E-02 b. +/- 0.00 % || Gn^0(l=0) ave= 6.628E-01 +/- 0.00 % Gn^0(l=1) ave= 0.000E+00 +/- 0.00 % Gn^0(l=2) ave= 0.000E+00 +/- 0.00 % Gn^0(l=3) ave= 0.000E+00 +/- 0.00 % || Gtotal(l=0) ave= 4.973E+00 +/- 0.00 % Gtotal(l=1) ave= 0.000E+00 +/- 0.00 % Gtotal(l=2) ave= 0.000E+00 +/- 0.00 % Gtotal(l=3) ave= 0.000E+00 +/- 0.00 %  % || Gg(l=0) ave= 1.891E-02 +/- 0.00 % Gg(l=1) ave= 0.000E+00 +/- 0.00 % Gg(l=2) ave= 0.000E+00 +/- 0.00 % Gg(l=3) ave= 0.000E+00 +/- 0.00 %  % || D(l=0) ave= 0.000E+00 +/- 0.00 % D(l=1) ave= 0.000E+00 +/- 0.00 % D(l=2) ave= 0.000E+00 +/- 0.00 % D(l=3) ave= 0.000E+00 +/- 0.00 %  % || S(l=0) ave= 2.900E-01 +/- 0.00 % S(l=1) ave= 0.000E+00 +/- 0.00 % S(l=2) ave= 0.000E+00 +/- 0.00 % S(l=3) ave= 0.000E+00 +/- 0.00 % 
 ... random file  1 Cap(th)  ave= 8.787E+00 b. +/- 15.96 % || Ela(th) ave= 2.092E+01 b. +/- 2.40 % || RIcap ave= 1.62E+01 b. +/- 10.81 % || Macs30 ave= 4.05E-02 b. +/- 0.01 % || Gn^0(l=0) ave= 6.628E-01 +/- 0.00 % Gn^0(l=1) ave= 0.000E+00 +/- 0.00 % Gn^0(l=2) ave= 0.000E+00 +/- 0.00 % Gn^0(l=3) ave= 0.000E+00 +/- 0.00 % || Gtotal(l=0) ave= 4.973E+00 +/- 0.00 % Gtotal(l=1) ave= 0.000E+00 +/- 0.00 % Gtotal(l=2) ave= 0.000E+00 +/- 0.00 % Gtotal(l=3) ave= 0.000E+00 +/- 0.00 %  % || Gg(l=0) ave= 1.891E-02 +/- 0.00 % Gg(l=1) ave= 0.000E+00 +/- 0.00 % Gg(l=2) ave= 0.000E+00 +/- 0.00 % Gg(l=3) ave= 0.000E+00 +/- 0.00 %  % || D(l=0) ave= 0.000E+00 +/- 0.00 % D(l=1) ave= 0.000E+00 +/- 0.00 % D(l=2) ave= 0.000E+00 +/- 0.00 % D(l=3) ave= 0.000E+00 +/- 0.00 %  % || S(l=0) ave= 2.900E-01 +/- 0.00 % S(l=1) ave= 0.000E+00 +/- 0.00 % S(l=2) ave= 0.000E+00 +/- 0.00 % S(l=3) ave= 0.000E+00 +/- 0.00 % 
 ... random file  2 Cap(th)  ave= 7.753E+00 b. +/- 23.95 % || Ela(th) ave= 2.065E+01 b. +/- 2.75 % || RIcap ave= 1.49E+01 b. +/- 15.53 % || Macs30 ave= 4.05E-02 b. +/- 0.01 % || Gn^0(l=0) ave= 6.628E-01 +/- 0.00 % Gn^0(l=1) ave= 0.000E+00 +/- 0.00 % Gn^0(l=2) ave= 0.000E+00 +/- 0.00 % Gn^0(l=3) ave= 0.000E+00 +/- 0.00 % || Gtotal(l=0) ave= 4.973E+00 +/- 0.00 % Gtotal(l=1) ave= 0.000E+00 +/- 0.00 % Gtotal(l=2) ave= 0.000E+00 +/- 0.00 % Gtotal(l=3) ave= 0.000E+00 +/- 0.00 %  % || Gg(l=0) ave= 1.891E-02 +/- 0.00 % Gg(l=1) ave= 0.000E+00 +/- 0.00 % Gg(l=2) ave= 0.000E+00 +/- 0.00 % Gg(l=3) ave= 0.000E+00 +/- 0.00 %  % || D(l=0) ave= 0.000E+00 +/- 0.00 % D(l=1) ave= 0.000E+00 +/- 0.00 % D(l=2) ave= 0.000E+00 +/- 0.00 % D(l=3) ave= 0.000E+00 +/- 0.00 %  % || S(l=0) ave= 2.900E-01 +/- 0.00 % S(l=1) ave= 0.000E+00 +/- 0.00 % S(l=2) ave= 0.000E+00 +/- 0.00 % S(l=3) ave= 0.000E+00 +/- 0.00 % 
 ... random file  3 Cap(th)  ave= 8.037E+00 b. +/- 20.92 % || Ela(th) ave= 2.048E+01 b. +/- 2.81 % || RIcap ave= 1.53E+01 b. +/- 13.73 % || Macs30 ave= 4.05E-02 b. +/- 0.01 % || Gn^0(l=0) ave= 6.619E-01 +/- 0.14 % Gn^0(l=1) ave= 0.000E+00 +/- 0.00 % Gn^0(l=2) ave= 0.000E+00 +/- 0.00 % Gn^0(l=3) ave= 0.000E+00 +/- 0.00 % || Gtotal(l=0) ave= 4.968E+00 +/- 0.10 % Gtotal(l=1) ave= 0.000E+00 +/- 0.00 % Gtotal(l=2) ave= 0.000E+00 +/- 0.00 % Gtotal(l=3) ave= 0.000E+00 +/- 0.00 %  % || Gg(l=0) ave= 2.079E-02 +/- 9.07 % Gg(l=1) ave= 0.000E+00 +/- 0.00 % Gg(l=2) ave= 0.000E+00 +/- 0.00 % Gg(l=3) ave= 0.000E+00 +/- 0.00 %  % || D(l=0) ave= 0.000E+00 +/- 0.00 % D(l=1) ave= 0.000E+00 +/- 0.00 % D(l=2) ave= 0.000E+00 +/- 0.00 % D(l=3) ave= 0.000E+00 +/- 0.00 %  % || S(l=0) ave= 2.896E-01 +/- 0.14 % S(l=1) ave= 0.000E+00 +/- 0.00 % S(l=2) ave= 0.000E+00 +/- 0.00 % S(l=3) ave= 0.000E+00 +/- 0.00 % 
 ... random file  4 Cap(th)  ave= 7.650E+00 b. +/- 22.11 % || Ela(th) ave= 2.044E+01 b. +/- 2.53 % || RIcap ave= 1.48E+01 b. +/- 14.35 % || Macs30 ave= 4.05E-02 b. +/- 0.01 % || Gn^0(l=0) ave= 6.619E-01 +/- 0.14 % Gn^0(l=1) ave= 0.000E+00 +/- 0.00 % Gn^0(l=2) ave= 0.000E+00 +/- 0.00 % Gn^0(l=3) ave= 0.000E+00 +/- 0.00 % || Gtotal(l=0) ave= 4.968E+00 +/- 0.10 % Gtotal(l=1) ave= 0.000E+00 +/- 0.00 % Gtotal(l=2) ave= 0.000E+00 +/- 0.00 % Gtotal(l=3) ave= 0.000E+00 +/- 0.00 %  % || Gg(l=0) ave= 2.079E-02 +/- 9.07 % Gg(l=1) ave= 0.000E+00 +/- 0.00 % Gg(l=2) ave= 0.000E+00 +/- 0.00 % Gg(l=3) ave= 0.000E+00 +/- 0.00 %  % || D(l=0) ave= 0.000E+00 +/- 0.00 % D(l=1) ave= 0.000E+00 +/- 0.00 % D(l=2) ave= 0.000E+00 +/- 0.00 % D(l=3) ave= 0.000E+00 +/- 0.00 %  % || S(l=0) ave= 2.896E-01 +/- 0.14 % S(l=1) ave= 0.000E+00 +/- 0.00 % S(l=2) ave= 0.000E+00 +/- 0.00 % S(l=3) ave= 0.000E+00 +/- 0.00 % 
 ... random file  5 Cap(th)  ave= 7.460E+00 b. +/- 21.47 % || Ela(th) ave= 2.056E+01 b. +/- 2.62 % || RIcap ave= 1.45E+01 b. +/- 13.81 % || Macs30 ave= 4.05E-02 b. +/- 0.01 % || Gn^0(l=0) ave= 6.619E-01 +/- 0.14 % Gn^0(l=1) ave= 0.000E+00 +/- 0.00 % Gn^0(l=2) ave= 0.000E+00 +/- 0.00 % Gn^0(l=3) ave= 0.000E+00 +/- 0.00 % || Gtotal(l=0) ave= 4.968E+00 +/- 0.10 % Gtotal(l=1) ave= 0.000E+00 +/- 0.00 % Gtotal(l=2) ave= 0.000E+00 +/- 0.00 % Gtotal(l=3) ave= 0.000E+00 +/- 0.00 %  % || Gg(l=0) ave= 2.079E-02 +/- 9.07 % Gg(l=1) ave= 0.000E+00 +/- 0.00 % Gg(l=2) ave= 0.000E+00 +/- 0.00 % Gg(l=3) ave= 0.000E+00 +/- 0.00 %  % || D(l=0) ave= 0.000E+00 +/- 0.00 % D(l=1) ave= 0.000E+00 +/- 0.00 % D(l=2) ave= 0.000E+00 +/- 0.00 % D(l=3) ave= 0.000E+00 +/- 0.00 %  % || S(l=0) ave= 2.896E-01 +/- 0.14 % S(l=1) ave= 0.000E+00 +/- 0.00 % S(l=2) ave= 0.000E+00 +/- 0.00 % S(l=3) ave= 0.000E+00 +/- 0.00 % 
 ... random file  6 Cap(th)  ave= 8.957E+00 b. +/- 44.16 % || Ela(th) ave= 2.054E+01 b. +/- 2.44 % || RIcap ave= 1.65E+01 b. +/- 30.69 % || Macs30 ave= 4.05E-02 b. +/- 0.03 % || Gn^0(l=0) ave= 6.619E-01 +/- 0.14 % Gn^0(l=1) ave= 0.000E+00 +/- 0.00 % Gn^0(l=2) ave= 0.000E+00 +/- 0.00 % Gn^0(l=3) ave= 0.000E+00 +/- 0.00 % || Gtotal(l=0) ave= 4.968E+00 +/- 0.10 % Gtotal(l=1) ave= 0.000E+00 +/- 0.00 % Gtotal(l=2) ave= 0.000E+00 +/- 0.00 % Gtotal(l=3) ave= 0.000E+00 +/- 0.00 %  % || Gg(l=0) ave= 2.079E-02 +/- 9.07 % Gg(l=1) ave= 0.000E+00 +/- 0.00 % Gg(l=2) ave= 0.000E+00 +/- 0.00 % Gg(l=3) ave= 0.000E+00 +/- 0.00 %  % || D(l=0) ave= 0.000E+00 +/- 0.00 % D(l=1) ave= 0.000E+00 +/- 0.00 % D(l=2) ave= 0.000E+00 +/- 0.00 % D(l=3) ave= 0.000E+00 +/- 0.00 %  % || S(l=0) ave= 2.896E-01 +/- 0.14 % S(l=1) ave= 0.000E+00 +/- 0.00 % S(l=2) ave= 0.000E+00 +/- 0.00 % S(l=3) ave= 0.000E+00 +/- 0.00 % 
 ... random file  7 Cap(th)  ave= 9.052E+00 b. +/- 40.96 % || Ela(th) ave= 2.058E+01 b. +/- 2.33 % || RIcap ave= 1.66E+01 b. +/- 28.56 % || Macs30 ave= 4.05E-02 b. +/- 0.03 % || Gn^0(l=0) ave= 6.619E-01 +/- 0.14 % Gn^0(l=1) ave= 0.000E+00 +/- 0.00 % Gn^0(l=2) ave= 0.000E+00 +/- 0.00 % Gn^0(l=3) ave= 0.000E+00 +/- 0.00 % || Gtotal(l=0) ave= 4.968E+00 +/- 0.10 % Gtotal(l=1) ave= 0.000E+00 +/- 0.00 % Gtotal(l=2) ave= 0.000E+00 +/- 0.00 % Gtotal(l=3) ave= 0.000E+00 +/- 0.00 %  % || Gg(l=0) ave= 2.079E-02 +/- 9.07 % Gg(l=1) ave= 0.000E+00 +/- 0.00 % Gg(l=2) ave= 0.000E+00 +/- 0.00 % Gg(l=3) ave= 0.000E+00 +/- 0.00 %  % || D(l=0) ave= 0.000E+00 +/- 0.00 % D(l=1) ave= 0.000E+00 +/- 0.00 % D(l=2) ave= 0.000E+00 +/- 0.00 % D(l=3) ave= 0.000E+00 +/- 0.00 %  % || S(l=0) ave= 2.896E-01 +/- 0.14 % S(l=1) ave= 0.000E+00 +/- 0.00 % S(l=2) ave= 0.000E+00 +/- 0.00 % S(l=3) ave= 0.000E+00 +/- 0.00 % 
 ... random file  8 Cap(th)  ave= 8.266E+00 b. +/- 50.14 % || Ela(th) ave= 2.055E+01 b. +/- 2.23 % || RIcap ave= 1.56E+01 b. +/- 33.88 % || Macs30 ave= 4.05E-02 b. +/- 0.03 % || Gn^0(l=0) ave= 6.638E-01 +/- 0.43 % Gn^0(l=1) ave= 0.000E+00 +/- 0.00 % Gn^0(l=2) ave= 0.000E+00 +/- 0.00 % Gn^0(l=3) ave= 0.000E+00 +/- 0.00 % || Gtotal(l=0) ave= 4.977E+00 +/- 0.27 % Gtotal(l=1) ave= 0.000E+00 +/- 0.00 % Gtotal(l=2) ave= 0.000E+00 +/- 0.00 % Gtotal(l=3) ave= 0.000E+00 +/- 0.00 %  % || Gg(l=0) ave= 1.552E-02 +/- 49.08 % Gg(l=1) ave= 0.000E+00 +/- 0.00 % Gg(l=2) ave= 0.000E+00 +/- 0.00 % Gg(l=3) ave= 0.000E+00 +/- 0.00 %  % || D(l=0) ave= 0.000E+00 +/- 0.00 % D(l=1) ave= 0.000E+00 +/- 0.00 % D(l=2) ave= 0.000E+00 +/- 0.00 % D(l=3) ave= 0.000E+00 +/- 0.00 %  % || S(l=0) ave= 2.904E-01 +/- 0.43 % S(l=1) ave= 0.000E+00 +/- 0.00 % S(l=2) ave= 0.000E+00 +/- 0.00 % S(l=3) ave= 0.000E+00 +/- 0.00 % 
 ... random file  9 Cap(th)  ave= 8.229E+00 b. +/- 47.80 % || Ela(th) ave= 2.064E+01 b. +/- 2.48 % || RIcap ave= 1.55E+01 b. +/- 32.27 % || Macs30 ave= 4.05E-02 b. +/- 0.03 % || Gn^0(l=0) ave= 6.668E-01 +/- 0.86 % Gn^0(l=1) ave= 0.000E+00 +/- 0.00 % Gn^0(l=2) ave= 0.000E+00 +/- 0.00 % Gn^0(l=3) ave= 0.000E+00 +/- 0.00 % || Gtotal(l=0) ave= 5.001E+00 +/- 0.84 % Gtotal(l=1) ave= 0.000E+00 +/- 0.00 % Gtotal(l=2) ave= 0.000E+00 +/- 0.00 % Gtotal(l=3) ave= 0.000E+00 +/- 0.00 %  % || Gg(l=0) ave= 1.661E-02 +/- 41.31 % Gg(l=1) ave= 0.000E+00 +/- 0.00 % Gg(l=2) ave= 0.000E+00 +/- 0.00 % Gg(l=3) ave= 0.000E+00 +/- 0.00 %  % || D(l=0) ave= 0.000E+00 +/- 0.00 % D(l=1) ave= 0.000E+00 +/- 0.00 % D(l=2) ave= 0.000E+00 +/- 0.00 % D(l=3) ave= 0.000E+00 +/- 0.00 %  % || S(l=0) ave= 2.917E-01 +/- 0.86 % S(l=1) ave= 0.000E+00 +/- 0.00 % S(l=2) ave= 0.000E+00 +/- 0.00 % S(l=3) ave= 0.000E+00 +/- 0.00 % 
 ... random file  10 Cap(th)  ave= 8.113E+00 b. +/- 46.44 % || Ela(th) ave= 2.058E+01 b. +/- 2.57 % || RIcap ave= 1.54E+01 b. +/- 31.20 % || Macs30 ave= 4.05E-02 b. +/- 0.03 % || Gn^0(l=0) ave= 6.645E-01 +/- 1.04 % Gn^0(l=1) ave= 0.000E+00 +/- 0.00 % Gn^0(l=2) ave= 0.000E+00 +/- 0.00 % Gn^0(l=3) ave= 0.000E+00 +/- 0.00 % || Gtotal(l=0) ave= 4.984E+00 +/- 1.02 % Gtotal(l=1) ave= 0.000E+00 +/- 0.00 % Gtotal(l=2) ave= 0.000E+00 +/- 0.00 % Gtotal(l=3) ave= 0.000E+00 +/- 0.00 %  % || Gg(l=0) ave= 1.687E-02 +/- 36.51 % Gg(l=1) ave= 0.000E+00 +/- 0.00 % Gg(l=2) ave= 0.000E+00 +/- 0.00 % Gg(l=3) ave= 0.000E+00 +/- 0.00 %  % || D(l=0) ave= 0.000E+00 +/- 0.00 % D(l=1) ave= 0.000E+00 +/- 0.00 % D(l=2) ave= 0.000E+00 +/- 0.00 % D(l=3) ave= 0.000E+00 +/- 0.00 %  % || S(l=0) ave= 2.907E-01 +/- 1.04 % S(l=1) ave= 0.000E+00 +/- 0.00 % S(l=2) ave= 0.000E+00 +/- 0.00 % S(l=3) ave= 0.000E+00 +/- 0.00 % 
 ... Histogram plot for thermal (n,g)
 ... Write covariances  ... MT1  ... plot correlations
 ... MT2  ... MT102 


 ================================================
 ============== From 10 random values === start ======
 Thermal (n,tot) xs  0 K =  28.6912 b. +/- 3.88343 b. ( 13.5353 %) skew= +0.99 +/- 0.66
 Thermal (n,el) xs   0 K =  20.5781 b. +/- 0.529242 b. ( 2.57188 %) skew= +0.49 +/- 0.66
 Thermal (n,g) xs    0 K =  8.11313 b. +/- 3.76799 b. ( 46.4431 %) skew= +1.19 +/- 0.66
 RI      (n,g)       0 K =  15.3857 b. +/- 4.80047 b. ( 31.2008 %) 
 MACS    (n,g)       0 K (at Emacs= 30000 eV) =  0.0405107 b. +/- 1.03849e-05 b. ( 0.0256349 %) 
 Ave. Gtotal  L=0        =  4.984E+00 +/- 1.02 %
 Ave. Gn^(0)  L=0        =  6.645E-01 +/- 1.04 %
 Ave. Gg      L=0        =  1.687E-02 +/- 36.51 %
 Ave. S       L=0        =  2.907E-01 +/- 1.04 %

 Expected Thermal (n,g) (syst or meas)= 3.31273 b. +/- 1.65637 b. nominal: 7.38526 b.
 ratio Calculated/expected thermal (n,g): 2.45 ratio DCalculated/Dexpected: 2.27 ratio Calculated/Nominal: 1.10
 ============== From 10 random values ===== stop ======
 ================================================
 ... Calculation of (n,a) and (n,p) cross sections at 300 K
 <<(n,a) Q-value negative for this element>> ... (n,p) Q-value negative for this element
 ... Rewrite index for MF2
 ... Write text for MF1 in file mf1.tares.txt
 ... plotting cross sections for the MF1
 ... order output files


================== summary ==================
 Thermal (n,tot) xs = 27.8077 b. 
 Thermal (n,el)  xs = 20.4224 b. 
 Thermal (n,g)   xs = 7.38526 b. (meas/sys: 3.31273 b.)
 At 300 K (thermal adjustment): (n,el) = 20.5038 b., (n,g) = 7.39066 b.

 RI      (n,g)      = 14.4631 b. (meas or sys: - b.)
 RI      (n,el)     = 1550.43 b.
=============================================


 ... cleaning
                                                 
  -------------------------------------------------------------
  -                                                           -
  - TARES: successful end of run with data from hypothetical  -
  - resonances for  Z= 51, A= 129 and isomer= 0               -
  - half-life: 4.366667 hours
  -                                                           -
  -------------------------------------------------------------

   Running time:       8 seconds

 End time: Fri Oct  9 11:42:56 2026

