
  -------------------------------------------------------------
  -                                                           -
  -              Welcome to TARES version 1.8                 -
  -                                                           -
  -  (C) Copyright 2007-2025 D. Rochman, All Rights Reserved  -
  -           NRG, Petten, the Netherlands 2007-2014          -
  -           PSI, Villigen    Switzerland 2015-2025          -
  -         Nagra, Wettingen   Switzerland 2025-              -
  -           (Last Modified October 06, 2026)                -
  -           (Database from October 06, 2026)                -
  -                                                           -
  -------------------------------------------------------------


  ---------------------------------------------
   Compilation information:
   Compiled on:         Oct  8 2026, 18:36:06
   Compiled by:         koning
   Compiler version:    clang++ - 21.0.0
   Source location:     /Users/koning/tares-1.8/source/Module/
   Binaries location:   /Users/koning/bin
   System:              Darwin 25.6.0
   System version:      Darwin Kernel Version 25.6.0: Fri Jul 31 19:19:08 PDT 2026; root:xnu-12377.161.14~5/RELEASE_ARM64_T6050  
   Machine:             arm64 
  ---------------------------------------------

   User information:
   User name:           koning
   Running directory:   /Users/koning/tendl/resbase/I118/work
   Owner mode for running directory : rwx
   Group mode for running directory : r-x
  ---------------------------------------------


 Starting time: Fri Oct  9 11:46:15 2026
 ... inputs directory found (/Users/koning/tares-1.8/source/Module//../../inputs/).
 ... It will be used for resonance parameters 
 ... ###############################################
 ... #     read the input file tares.inp
 ... ###############################################
 ... line: #
 ... line: # Input file generated by Autorochman
          --> line not read
 ... line: #
 ... line: isotope    I
          --> Isotope name: I
 ... line: mass       118
          --> isotopic mass: 118
 ... line: output     n-I118
         ---> Name of the output files: n-I118
 ... line: isomer     0
          --> isomeric state: 0
 ... line: mf32mf33   y
          --> MF33 based on MF32: y
 ... line: nbrRandom  6
          --> Nbr of random files: 6
 ... ###############################################
 ... # end read the input file tares.inp
 ... ###############################################
Value for random generator type not considered in since Tares 1.7 due to compilation issues

 ... ###############################################
     #   Interpretation of the Input definition    #
     ###############################################

 ... Default energy limit: End of resonance region
 ... Nuclear charge    = 53
 ... Element           = I
 ... Mass              = 118
 ... Isomer            = 0
 ... Correlation for (Gn,Gg) not included in random files
 ... Default random option: No random
 ... Output name: n-I118
 ... Energy for the MACS: 30000 eV
 ... Resonances from CALENDF reduced (reduce=y) 
 ... For URR, level density model from TALYS selected: 91n3n12611.2850 (see manual for description)
 ... Random Generator: default (pseudo random numbers from ansi c++)
 ... Reconstruction of cross section selected
 ... Doppler broadening at 0 Kelvin
 ... URR not included (from the input file flag)
 ... Weight for grouping is flat
 ... Calculation of (n,alpha) cross section selected
 ... Number of digit for MF32c covariance representation: 2
 ... MF32 included
 ... MF33 will be used for covariance processing
 ... TENDL option set to yes (automatic choice of MF2 and format)
 ... Isotope not found in the best file --> use of MLBW formalism
 ... default option: Multi level Breit Wigner approximation selected
 ... (check file best.tendl.yes for changing this option)
 ... Retroactive option set to no with the 2025 option
 ... ladder option set to yes (CALENDF will be used for statistical resonances)

 ... ###############################################
     #           End of Input definition           #
     ###############################################

 ... gnuplot found, will be used for plotting
 ... latex found, will be used for plotting
 ... dvips found, will be used for plotting
 ... ps2epsi not found, limited plotting available
 ... uncertainties on default parameters multiplied by 1.03616
 ... Read resonance data from the 2025 directory
 ... Resonance parameters taken from /Users/koning/tares-1.8/source/Module//../../inputs/2025/Resonance/default/
 ---> Processing Z= 53 and A= 118 and isomer= 0 (level number: 0)
 Exfor path; Could not find /Users/koning/tares-1.8/source/Module//../../inputs/exfor/I118/xs/102
Thermal file; Could not open file /Users/koning/tares-1.8/source/Module//../../inputs/2025/runThermal/results//thermal.mxw.ng.cendl3.1
Thermal file; Could not open file /Users/koning/tares-1.8/source/Module//../../inputs/2025/runThermal/results//thermal.mxw.ng.brond3.1
Thermal file; Could not open file /Users/koning/tares-1.8/source/Module//../../inputs/2025/runThermal/results//thermal.xs.ng.unc.cendl3.1
 ... spin taken from the final/ directory (1)

 ... ###############################################
 ... #  Nucleus global parameters (2025 database)  #
 ... ###############################################
 0. Half-life: 13.7 min. 
 ... Scattering radius from TALYS: /Users/koning/tares-1.8/source/Module//../../inputs/2025/lib.urr/talys.urr/
 1. Spin of the target isotope: 2
 2. Relative Atomic Mass of the target isotope: 117.913
 3. Scattering radius (local compilation): 6.51711 fm +/- 0.136859 fm
      .......................................
      ... Thermal capture cross sections: ...
 4. Thermal (n,g) cross section from systematics (TALYS, urr.dat): 95.2016 +/- 66.6411 b.
 5. Thermal (n,g) cross section from compilation (Firestone-2022 average on element I): 6.34 +/- 0.12 b.
 6. Thermal (n,g) cross section from compilation (Firestone-2022 final on element I): 6.19 +/- 0.06 b.
 7. Thermal (n,g) cross section from TENDL-2023: 96.08 +/- 14.64 b.
      .......................................
      ...  Thermal total cross sections:  ...
      .......................................
      ... Thermal elastic cross sections: ...
 8. Thermal (n,el) cross section from potential (4piR^2): 8.19044 +/- 0.409522 b.
      .......................................
             ... Resonance integral: ...
 9. No capture integral found in /Users/koning/tares-1.8/source/Module//../../inputs/capture.integral
 ... no RI(n,g) found in local compilation, take 2018 value.
 ... no RI(n,g) found in local compilation, take Sukhoruchkin value.
   ---- MACS 30 keV ----- 
 10. TALYS MACS 30 keV (HF): 1.37119 b. 
   ---------- S0 -------- 
 11. S0 from TALYS: 0.950766
   ---------- S1 -------- 
 12. S1 from TALYS: 2.18836
   ---------- S2 -------- 
 13. S2 from TALYS: 0.740946
   ---------- D0 -------- 
 14. D0 from TALYS: 0.26434 eV
   ---------- D1 -------- 
 15. D1 from TALYS: 0.137674 eV
   ---------- D2 -------- 
 16. D2 from TALYS: 0.0982411 eV
   ---------- G0 -------- 
 17. Gg0 from TALYS: 0.208515 eV
   ---------- G1 -------- 
 18. Gg1 from TALYS: 0.209871 eV
   ---------- G2 -------- 
 19. Gg2 from TALYS: 0.210393 eV


   ---------------------- 
 ... Read resonance parameters (format: 2: Multi Level Breit Wigner)
 ... 0 resonances found 
 ... possibly no resonances in the Resonance directory for this isotope and options
 ... Use HFR (ladder) behavior 
 --> 21. Number of resonances from the input file: 2 up to 0.13217 eV
 22. Read nuclear quantities (mass, MAT...)
 23. Read thermal (n,g) xs 
 24. Read the scattering radius 
 25. Read uncertainty on Gg for 2 resonances
 26. Read uncertainty on Gg for 2 resonances ... done
 ... order resonances 
 ... Upper limit for the RRR: 0.13217 eV (no statistical resonances HFR) from the limit.RRR file
 ... Write parameters for l=0 waves
 ... End writing original MF2 
 ... No RRR in the database: uncertainties on default parameters multiplied by 1.99753
 ... Enter in urr function (ladder option set to y) for file n-I118
 ... read the file /Users/koning/tares-1.8/source/Module//../../inputs/2025/list.jcs.urr to find URR origin
 Default URR taken from TALYS calculations with level density model: 91n3n12611.2850
 File considered for the URR: /Users/koning/tares-1.8/source/Module//../../inputs/2025/lib.urr/talys.urr/91n3n12611.2850/I/urr/urr.dat.I.118.000.0.gz
 ... Write URR using TALYS average parameters (used for HFR)
 ... Limit of URR changed to 25 keV (recommendation from WPEC and JEFF)
 ... Extract the Sn value from file ./urr.dat.I.118.0.0
 ... found Sn= 10.878 MeV
 ... estimated number of resonances up to 128.115 eV:  484.658 resonances
 ... This is a test here. The higher energy limit to include URR data for calendf is set to max Sn. 24/03/2016
 ... Use Sn to define the maximum energy for the URR: Sn= 10.878 MeV --> last_energyURR= 128.115 eV
 ... read D0, S0, Gn and Gg
 ... number of URR energies: 1441
 Number of l: 1441 and last energy: 11
 Last  URR energy: 128.115 eV
 ... Enter in to_MLBW_mf2 function
 ... Convert to Multi Level Breit Wigner (MLBW)
 ... Write parameter covariances (MF32) for l=0
 ... Convert parameter covariances (MF32) to MLBW
 ... copy the mf2 and mf32 to .mlbw files
 ... Enter in urr_correct function case 1
 Modify the higher limit of RRR in MF2
 --> old value: 1.328310-1 eV new value: 1.000000-2 eV
 Modify resonance covariances (MF32) to include correlations in the URR
 End Modify resonance covariances (MF32) to include correlations in the URR
 ... Enter in calendf_xs function
 Use CALENDF for statistical resonances (update MF2) up to 1.281150+2 eV (initial limit)
 Extract resonances from CALENDF for RRR->URR 2
 1532 statistical resonances found
 After reduction, 1312 statistical resonances found
 ... checking resonance order 1
 ... checking resonance order 2nd round for 1310 resonances
 ... end checking resonance order 2nd round
 Too many resonances (1310): reduced to 100.
 .......................................................
 ... Adjustment to the thermal cross section : start ...
 .......................................................

 Before adjustment (adjustment to the thermal cross section set to y)
 ... Import MF2 from TARES calculations
 ... End energy of TARES MF2 : 1.599407E+1 eV and limit to 40000 resonances
 ... File used for reconstruction: new.temp22.reconst
 ... run RECENT ...
 ... Doppler broadened at a unique temperature: 300 Kelvin using sigma1
 ... run SIGMA1 at 3.000000E+02 K.

 ============== INTER values at 300 Kelvin ==============
 Thermal (n,g) xs =  3246.41 b. (meas/sys: 95.2016 b.) (warning: comparison to be done at 296 or 300 K)
 Th Maxw (n,g) xs =  3607.4 b. (thermal Maxwellian value)
 Westcott factor  =  1.11118
 RI      (n,g)    =  886.871 b. (meas or sys: - b.)
 MACS 3.000e+04 eV=  1.3602 b. (meas or sys: - b.) from 1.00E+00 to 2.00E+07 eV (end of RRR) at T= 300 Kelvin 
 Thermal (n,el) xs=  4.83217 b.
 RI      (n,el)   =  18.8278 b.
 ============= PSYCHE values ==============
 Ave. G_total L0  =  0.206366 eV
 Ave. G_total L1  =  0.204881 eV
 Ave. Gn_0    L0  =  5.0666e-05
 Ave. Gn_0    L1  =  0.000322092
 Ave. Gg      L0  =  0.20622 eV
 Ave. Gg      L1  =  0.20488 eV
 Ave. D       L0  =  0.266568 eV
 Ave. D       L1  =  0.592373 eV
 Ave. S       L0  =  9.43324e-05 eV
 Ave. S       L1  =  9.23073e-05 eV
 =========================================
 Calculated capture integral   886.871 b.
 Calculated thermal (n,g)=          3246.41318 b. and recommended= 95.2016 b. (C/E= 34.1004)
 Calculated RI      (n,g)= 886.871 b. (no reference value)
 ... tolerances: thermal (n,g) 20 % (reference uncertainties, minimum 2% and 5%, maximum 20%)
 Adjust the capture widths ...
 ... capture adjusted with Gn for 100 resonances (Gn<Gg) and with Gg for 0 resonances
 ... iteration 0: C/E thermal (n,g)= 34.1004
 Warning: 100 widths limited to a change of a factor 10 from their starting values

 <-------- After adjustment -------->
 ... Import MF2 from TARES calculations
 ... End energy of TARES MF2 : 1.599407E+1 eV and limit to 40000 resonances
 ... File used for reconstruction: new.temp22.reconst
 ... run RECENT ...
 ... Doppler broadened at a unique temperature: 300 Kelvin using sigma1
 ... run SIGMA1 at 3.000000E+02 K.

 ============== INTER values at 300 Kelvin ==============
 Thermal (n,g) xs =  324.656 b. (meas/sys: 95.2016 b.) (warning: comparison to be done at 296 or 300 K)
 Th Maxw (n,g) xs =  360.75 b. (thermal Maxwellian value)
 Westcott factor  =  1.11117
 RI      (n,g)    =  156.337 b. (meas or sys: - b.)
 MACS 3.000e+04 eV=  1.3602 b. (meas or sys: - b.) from 1.00E+00 to 2.00E+07 eV (end of RRR) at T= 300 Kelvin 
 Thermal (n,el) xs=  5.28937 b.
 RI      (n,el)   =  18.008 b.
 ============= PSYCHE values ==============
 Ave. G_total L0  =  0.206234 eV
 Ave. G_total L1  =  0.20488 eV
 Ave. Gn_0    L0  =  5.06661e-06
 Ave. Gn_0    L1  =  3.22092e-05
 Ave. Gg      L0  =  0.20622 eV
 Ave. Gg      L1  =  0.20488 eV
 Ave. D       L0  =  0.266568 eV
 Ave. D       L1  =  0.592373 eV
 Ave. S       L0  =  9.43324e-06 eV
 Ave. S       L1  =  9.23073e-06 eV
 =========================================
 ... iteration 1: C/E thermal (n,g)= 3.41019
 Warning: 100 widths limited to a change of a factor 10 from their starting values

 <-------- After adjustment -------->
 ... Import MF2 from TARES calculations
 ... End energy of TARES MF2 : 1.599407E+1 eV and limit to 40000 resonances
 ... File used for reconstruction: new.temp22.reconst
 ... run RECENT ...
 ... Doppler broadened at a unique temperature: 300 Kelvin using sigma1
 ... run SIGMA1 at 3.000000E+02 K.

 ============== INTER values at 300 Kelvin ==============
 Thermal (n,g) xs =  324.656 b. (meas/sys: 95.2016 b.) (warning: comparison to be done at 296 or 300 K)
 Th Maxw (n,g) xs =  360.75 b. (thermal Maxwellian value)
 Westcott factor  =  1.11117
 RI      (n,g)    =  156.337 b. (meas or sys: - b.)
 MACS 3.000e+04 eV=  1.3602 b. (meas or sys: - b.) from 1.00E+00 to 2.00E+07 eV (end of RRR) at T= 300 Kelvin 
 Thermal (n,el) xs=  5.28937 b.
 RI      (n,el)   =  18.008 b.
 ============= PSYCHE values ==============
 Ave. G_total L0  =  0.206234 eV
 Ave. G_total L1  =  0.20488 eV
 Ave. Gn_0    L0  =  5.06661e-06
 Ave. Gn_0    L1  =  3.22092e-05
 Ave. Gg      L0  =  0.20622 eV
 Ave. Gg      L1  =  0.20488 eV
 Ave. D       L0  =  0.266568 eV
 Ave. D       L1  =  0.592373 eV
 Ave. S       L0  =  9.43324e-06 eV
 Ave. S       L1  =  9.23073e-06 eV
 =========================================
 ... iteration 2: C/E thermal (n,g)= 3.41019
 Warning: no further change possible (widths at the limit of a factor 10): adjustment stopped


 ... ratio C/E thermal (n,g): 3.410194E+00
 ...................................................... 
 ... Adjustment to the thermal cross section : stop ...
 ...................................................... 
 ... new MF2 file after adjustment: n-I118
 ... read the file /Users/koning/tares-1.8/source/Module//../../inputs/2025/list.jcs.urr to find URR origin
 Default URR taken from TALYS calculations with level density model: 91n3n12611.2850
 File considered for the URR: /Users/koning/tares-1.8/source/Module//../../inputs/2025/lib.urr/talys.urr/91n3n12611.2850/I/urr/urr.dat.I.118.000.0.gz
 ... Write URR using TALYS average parameters (not used for HFR)
 ... Limit of URR changed to 25 keV (recommendation from WPEC and JEFF)
 ... read D0, S0, Gn and Gg
 ... number of URR energies: 1793
 Number of l: 1793 and last energy: 11
 Last  URR energy: 128284 eV
 Energies in the URR : 1793 -> reduced by a factor 2
 Energies in the URR : 946 -> reduced by a factor 2
 Energies in the URR : 528 -> reduced by a factor 2
 Energies in the URR : 330 -> reduced by a factor 2
 ... Enter in urr_correct function case 2
 Modify the higher limit of RRR in MF2
 --> old value: 1.599407+1 eV new value: 1.599407+1 eV
 Modify resonance covariances (MF32) to include correlations in the URR
 End Modify resonance covariances (MF32) to include correlations in the URR
 ... Enter in update_MF32 function
 ... Change uncertainties
 ... for the HFR, random position of the positive resonances with 0.020000 %
 ... end of update MF32 function
 ... GLS calculation of the parameter correlations from the thermal/RI adjustment (MF32c)
 ... MF32: correlations from the thermal/RI adjustment (GLS) for 6 resonances (6 widths), 7 correlation lines
 ...   thermal (n,g): uncertainty from these widths 26.092 b. -> 24.2961 b. (reference: 95.2016 +/- 66.6411 b.)
 ... copy the mf2 and mf32 to .mlbw files

 ... Start of final reconstruction and testing ...
 ... Reconstruction of cross sections at 0 Kelvin  ... Import MF2 from TARES calculations
 ... End energy of TARES MF2 : 1.599407E+1 eV and limit to 40000 resonances
 ... File used for reconstruction: n-I118.reconst
 ... run RECENT ...
 ... Doppler broadened at a unique temperature: 0 Kelvin using sigma1
 ... The keyword temperature is zero, no Doppler broadening for the MACS

 ============== INTER values at 0 Kelvin ==============
 Thermal (n,g) xs =  323.761 b. (meas/sys: 95.2016 b.) (warning: comparison to be done at 296 or 300 K)
 Th Maxw (n,g) xs =  358.28 b. (thermal Maxwellian value)
 Westcott factor  =  1.10661
 RI      (n,g)    =  155.793 b. (meas or sys: - b.)
 MACS 3.000e+04 eV=  1.3517 b. (meas or sys: - b.) from 1.00E+00 to 1.60E+01 eV (end of RRR) at T= 0 Kelvin 
 Thermal (n,el) xs=  5.26681 b.
 RI      (n,el)   =  17.9897 b.
 ============= PSYCHE values ==============
 Ave. G_total L0  =  0.206234 eV
 Ave. G_total L1  =  0.20488 eV
 Ave. Gn_0    L0  =  5.06661e-06
 Ave. Gn_0    L1  =  3.22092e-05
 Ave. Gg      L0  =  0.20622 eV
 Ave. Gg      L1  =  0.20488 eV
 Ave. D       L0  =  0.266568 eV
 Ave. D       L1  =  0.592373 eV
 Ave. S       L0  =  9.43324e-06 eV
 Ave. S       L1  =  9.23073e-06 eV
 =========================================
 ... End of final reconstruction and testing ...

 ... grouping is not optimum, change to 70 groups
 ... Produce MF33 based on MF32 and 6 random files
 ... MF3 of n-I118.reconst (3 sections) added to the files for ENDSAM
 ... run endsam for 6 in groups of 1 global run
 ... run endsam from 1 to 6
 ... random files: total width GT set to Gn+Gg+Gf (600 resonances in 6 files)
 ... reorder resonance position after endsam (sampling)
 ... preparing the vectors  ... done
 ... nominal file 0 Cap(th)  ave= 3.238E+02 b. +/- 0.00 % || Ela(th) ave= 5.267E+00 b. +/- 0.00 % || RIcap ave= 1.56E+02 b. +/- 0.00 % || Macs30 ave= 1.35E+00 b. +/- 0.00 % || Gn^0(l=0) ave= 5.067E-06 +/- 0.00 % Gn^0(l=1) ave= 3.221E-05 +/- 0.00 % Gn^0(l=2) ave= 0.000E+00 +/- 0.00 % Gn^0(l=3) ave= 0.000E+00 +/- 0.00 % || Gtotal(l=0) ave= 2.062E-01 +/- 0.00 % Gtotal(l=1) ave= 2.049E-01 +/- 0.00 % Gtotal(l=2) ave= 0.000E+00 +/- 0.00 % Gtotal(l=3) ave= 0.000E+00 +/- 0.00 %  % || Gg(l=0) ave= 2.062E-01 +/- 0.00 % Gg(l=1) ave= 2.049E-01 +/- 0.00 % Gg(l=2) ave= 0.000E+00 +/- 0.00 % Gg(l=3) ave= 0.000E+00 +/- 0.00 %  % || D(l=0) ave= 2.666E-01 +/- 0.00 % D(l=1) ave= 5.924E-01 +/- 0.00 % D(l=2) ave= 0.000E+00 +/- 0.00 % D(l=3) ave= 0.000E+00 +/- 0.00 %  % || S(l=0) ave= 9.433E-06 +/- 0.00 % S(l=1) ave= 9.231E-06 +/- 0.00 % S(l=2) ave= 0.000E+00 +/- 0.00 % S(l=3) ave= 0.000E+00 +/- 0.00 % 
 ... random file  1 Cap(th)  ave= 3.250E+02 b. +/- 0.38 % || Ela(th) ave= 5.057E+00 b. +/- 4.15 % || RIcap ave= 1.56E+02 b. +/- 0.19 % || Macs30 ave= 1.35E+00 b. +/- 0.00 % || Gn^0(l=0) ave= 5.028E-06 +/- 0.78 % Gn^0(l=1) ave= 3.353E-05 +/- 3.94 % Gn^0(l=2) ave= 0.000E+00 +/- 0.00 % Gn^0(l=3) ave= 0.000E+00 +/- 0.00 % || Gtotal(l=0) ave= 2.110E-01 +/- 2.25 % Gtotal(l=1) ave= 1.940E-01 +/- 5.59 % Gtotal(l=2) ave= 0.000E+00 +/- 0.00 % Gtotal(l=3) ave= 0.000E+00 +/- 0.00 %  % || Gg(l=0) ave= 2.110E-01 +/- 2.25 % Gg(l=1) ave= 1.940E-01 +/- 5.59 % Gg(l=2) ave= 0.000E+00 +/- 0.00 % Gg(l=3) ave= 0.000E+00 +/- 0.00 %  % || D(l=0) ave= 2.688E-01 +/- 0.84 % D(l=1) ave= 5.924E-01 +/- 0.00 % D(l=2) ave= 0.000E+00 +/- 0.00 % D(l=3) ave= 0.000E+00 +/- 0.00 %  % || S(l=0) ave= 9.313E-06 +/- 1.29 % S(l=1) ave= 9.609E-06 +/- 3.94 % S(l=2) ave= 0.000E+00 +/- 0.00 % S(l=3) ave= 0.000E+00 +/- 0.00 % 
 ... random file  2 Cap(th)  ave= 3.169E+02 b. +/- 3.64 % || Ela(th) ave= 5.519E+00 b. +/- 12.24 % || RIcap ave= 1.56E+02 b. +/- 0.29 % || Macs30 ave= 1.35E+00 b. +/- 0.00 % || Gn^0(l=0) ave= 5.031E-06 +/- 0.64 % Gn^0(l=1) ave= 3.132E-05 +/- 10.54 % Gn^0(l=2) ave= 0.000E+00 +/- 0.00 % Gn^0(l=3) ave= 0.000E+00 +/- 0.00 % || Gtotal(l=0) ave= 2.033E-01 +/- 5.70 % Gtotal(l=1) ave= 1.945E-01 +/- 4.56 % Gtotal(l=2) ave= 0.000E+00 +/- 0.00 % Gtotal(l=3) ave= 0.000E+00 +/- 0.00 %  % || Gg(l=0) ave= 2.033E-01 +/- 5.70 % Gg(l=1) ave= 1.945E-01 +/- 4.56 % Gg(l=2) ave= 0.000E+00 +/- 0.00 % Gg(l=3) ave= 0.000E+00 +/- 0.00 %  % || D(l=0) ave= 2.681E-01 +/- 0.79 % D(l=1) ave= 6.000E-01 +/- 1.79 % D(l=2) ave= 0.000E+00 +/- 0.00 % D(l=3) ave= 0.000E+00 +/- 0.00 %  % || S(l=0) ave= 9.339E-06 +/- 1.12 % S(l=1) ave= 8.865E-06 +/- 12.38 % S(l=2) ave= 0.000E+00 +/- 0.00 % S(l=3) ave= 0.000E+00 +/- 0.00 % 
 ... random file  3 Cap(th)  ave= 2.992E+02 b. +/- 10.74 % || Ela(th) ave= 5.241E+00 b. +/- 14.46 % || RIcap ave= 1.55E+02 b. +/- 0.79 % || Macs30 ave= 1.35E+00 b. +/- 0.00 % || Gn^0(l=0) ave= 5.024E-06 +/- 0.62 % Gn^0(l=1) ave= 3.322E-05 +/- 13.12 % Gn^0(l=2) ave= 0.000E+00 +/- 0.00 % Gn^0(l=3) ave= 0.000E+00 +/- 0.00 % || Gtotal(l=0) ave= 2.011E-01 +/- 5.34 % Gtotal(l=1) ave= 2.003E-01 +/- 6.32 % Gtotal(l=2) ave= 0.000E+00 +/- 0.00 % Gtotal(l=3) ave= 0.000E+00 +/- 0.00 %  % || Gg(l=0) ave= 2.011E-01 +/- 5.34 % Gg(l=1) ave= 2.003E-01 +/- 6.32 % Gg(l=2) ave= 0.000E+00 +/- 0.00 % Gg(l=3) ave= 0.000E+00 +/- 0.00 %  % || D(l=0) ave= 2.688E-01 +/- 0.84 % D(l=1) ave= 6.038E-01 +/- 1.89 % D(l=2) ave= 0.000E+00 +/- 0.00 % D(l=3) ave= 0.000E+00 +/- 0.00 %  % || S(l=0) ave= 9.306E-06 +/- 1.14 % S(l=1) ave= 9.315E-06 +/- 13.20 % S(l=2) ave= 0.000E+00 +/- 0.00 % S(l=3) ave= 0.000E+00 +/- 0.00 % 
 ... random file  4 Cap(th)  ave= 2.996E+02 b. +/- 9.60 % || Ela(th) ave= 5.352E+00 b. +/- 13.33 % || RIcap ave= 1.55E+02 b. +/- 0.72 % || Macs30 ave= 1.35E+00 b. +/- 0.00 % || Gn^0(l=0) ave= 5.027E-06 +/- 0.57 % Gn^0(l=1) ave= 3.240E-05 +/- 13.05 % Gn^0(l=2) ave= 0.000E+00 +/- 0.00 % Gn^0(l=3) ave= 0.000E+00 +/- 0.00 % || Gtotal(l=0) ave= 2.011E-01 +/- 4.77 % Gtotal(l=1) ave= 2.008E-01 +/- 5.66 % Gtotal(l=2) ave= 0.000E+00 +/- 0.00 % Gtotal(l=3) ave= 0.000E+00 +/- 0.00 %  % || Gg(l=0) ave= 2.011E-01 +/- 4.77 % Gg(l=1) ave= 2.008E-01 +/- 5.66 % Gg(l=2) ave= 0.000E+00 +/- 0.00 % Gg(l=3) ave= 0.000E+00 +/- 0.00 %  % || D(l=0) ave= 2.684E-01 +/- 0.82 % D(l=1) ave= 6.015E-01 +/- 1.86 % D(l=2) ave= 0.000E+00 +/- 0.00 % D(l=3) ave= 0.000E+00 +/- 0.00 %  % || S(l=0) ave= 9.324E-06 +/- 1.09 % S(l=1) ave= 9.121E-06 +/- 12.79 % S(l=2) ave= 0.000E+00 +/- 0.00 % S(l=3) ave= 0.000E+00 +/- 0.00 % 
 ... random file  5 Cap(th)  ave= 3.029E+02 b. +/- 8.99 % || Ela(th) ave= 5.231E+00 b. +/- 13.49 % || RIcap ave= 1.55E+02 b. +/- 0.65 % || Macs30 ave= 1.35E+00 b. +/- 0.00 % || Gn^0(l=0) ave= 5.022E-06 +/- 0.57 % Gn^0(l=1) ave= 3.322E-05 +/- 12.87 % Gn^0(l=2) ave= 0.000E+00 +/- 0.00 % Gn^0(l=3) ave= 0.000E+00 +/- 0.00 % || Gtotal(l=0) ave= 2.021E-01 +/- 4.47 % Gtotal(l=1) ave= 2.003E-01 +/- 5.21 % Gtotal(l=2) ave= 0.000E+00 +/- 0.00 % Gtotal(l=3) ave= 0.000E+00 +/- 0.00 %  % || Gg(l=0) ave= 2.021E-01 +/- 4.47 % Gg(l=1) ave= 2.003E-01 +/- 5.21 % Gg(l=2) ave= 0.000E+00 +/- 0.00 % Gg(l=3) ave= 0.000E+00 +/- 0.00 %  % || D(l=0) ave= 2.688E-01 +/- 0.84 % D(l=1) ave= 6.038E-01 +/- 1.89 % D(l=2) ave= 0.000E+00 +/- 0.00 % D(l=3) ave= 0.000E+00 +/- 0.00 %  % || S(l=0) ave= 9.303E-06 +/- 1.11 % S(l=1) ave= 9.306E-06 +/- 12.27 % S(l=2) ave= 0.000E+00 +/- 0.00 % S(l=3) ave= 0.000E+00 +/- 0.00 % 
 ... random file  6 Cap(th)  ave= 2.968E+02 b. +/- 9.85 % || Ela(th) ave= 5.243E+00 b. +/- 12.48 % || RIcap ave= 1.55E+02 b. +/- 0.61 % || Macs30 ave= 1.35E+00 b. +/- 0.00 % || Gn^0(l=0) ave= 5.026E-06 +/- 0.57 % Gn^0(l=1) ave= 3.299E-05 +/- 12.12 % Gn^0(l=2) ave= 0.000E+00 +/- 0.00 % Gn^0(l=3) ave= 0.000E+00 +/- 0.00 % || Gtotal(l=0) ave= 2.025E-01 +/- 4.16 % Gtotal(l=1) ave= 2.002E-01 +/- 4.83 % Gtotal(l=2) ave= 0.000E+00 +/- 0.00 % Gtotal(l=3) ave= 0.000E+00 +/- 0.00 %  % || Gg(l=0) ave= 2.025E-01 +/- 4.16 % Gg(l=1) ave= 2.002E-01 +/- 4.83 % Gg(l=2) ave= 0.000E+00 +/- 0.00 % Gg(l=3) ave= 0.000E+00 +/- 0.00 %  % || D(l=0) ave= 2.685E-01 +/- 0.83 % D(l=1) ave= 6.021E-01 +/- 1.87 % D(l=2) ave= 0.000E+00 +/- 0.00 % D(l=3) ave= 0.000E+00 +/- 0.00 %  % || S(l=0) ave= 9.320E-06 +/- 1.11 % S(l=1) ave= 9.271E-06 +/- 11.44 % S(l=2) ave= 0.000E+00 +/- 0.00 % S(l=3) ave= 0.000E+00 +/- 0.00 % 
 ... Histogram plot for thermal (n,g)
 ... Write covariances  ... MT1  ... plot correlations
 ... MT2  ... MT102 


 ================================================
 ============== From 6 random values === start ======
 Thermal (n,tot) xs  0 K =  302.07 b. +/- 29.3471 b. ( 9.71533 %) skew= -0.73 +/- 0.79
 Thermal (n,el) xs   0 K =  5.24286 b. +/- 0.654074 b. ( 12.4755 %) skew= +0.52 +/- 0.79
 Thermal (n,g) xs    0 K =  296.827 b. +/- 29.2336 b. ( 9.8487 %) skew= -0.69 +/- 0.79
 RI      (n,g)       0 K =  155.216 b. +/- 0.948797 b. ( 0.611276 %) 
 MACS    (n,g)       0 K (at Emacs= 30000 eV) =  1.3517 b. +/- 0 b. ( 0 %) 
 Ave. Gtotal  L=0        =  2.025E-01 +/- 4.16 %
 Ave. Gn^(0)  L=0        =  5.026E-06 +/- 0.57 %
 Ave. Gg      L=0        =  2.025E-01 +/- 4.16 %
 Ave. D       L=0        =  2.685E-01 +/- 0.83 %
 Ave. S       L=0        =  9.320E-06 +/- 1.11 %
 Ave. Gtotal  L=1        =  2.002E-01 +/- 4.83 %
 Ave. Gg      L=1        =  2.002E-01 +/- 4.83 %
 Ave. D       L=1        =  6.021E-01 +/- 1.87 %
 Ave. S       L=1        =  9.271E-06 +/- 11.44 %

 Expected Thermal (n,g) (syst or meas)= 95.2016 b. +/- 66.6411 b. nominal: 323.761 b.
 ratio Calculated/expected thermal (n,g): 3.12 ratio DCalculated/Dexpected: 0.44 ratio Calculated/Nominal: 0.92
 ============== From 6 random values ===== stop ======
 ================================================
 ... Calculation of (n,a) and (n,p) cross sections at 300 K
 ... thermal (n,a) cross section is 2.28985e-05 +/- 1.14493e-05 b.
 ... thermal (n,a) cross section is 2.42382e-05 b. (random case 1)
 ... thermal (n,a) cross section is 2.08064e-05 b. (random case 2)
 ... thermal (n,a) cross section is 3.25211e-05 b. (random case 3)
 ... thermal (n,a) cross section is 1.0824e-05 b. (random case 4)
 ... thermal (n,a) cross section is 3.92986e-05 b. (random case 5)
 ... thermal (n,a) cross section is 2.15643e-05 b. (random case 6)
 ... thermal (n,p) cross section is 2.28985e-05 +/- 1.14493e-05 b.
 ... thermal (n,p) cross section is 2.51846e-05 b. (random case 1)
 ... thermal (n,p) cross section is 1.01731e-05 b. (random case 2)
 ... thermal (n,p) cross section is 1.73174e-05 b. (random case 3)
 ... thermal (n,p) cross section is 2.99147e-05 b. (random case 4)
 ... thermal (n,p) cross section is 3.54041e-05 b. (random case 5)
 ... thermal (n,p) cross section is 2.89603e-05 b. (random case 6)
 ... Rewrite index for MF2
 ... Write text for MF1 in file mf1.tares.txt
 ... plotting cross sections for the MF1
 ... order output files


================== summary ==================
 Thermal (n,tot) xs = 329.028 b. 
 Thermal (n,el)  xs = 5.26681 b. 
 Thermal (n,g)   xs = 323.761 b. (meas/sys: 95.2016 b.)
 At 300 K (thermal adjustment): (n,el) = 5.28937 b., (n,g) = 324.656 b.

 RI      (n,g)      = 155.793 b. (meas or sys: - b.)
 RI      (n,el)     = 17.9897 b.
=============================================


 ... cleaning
                                                 
  -------------------------------------------------------------
  -                                                           -
  - TARES: successful end of run with data from hypothetical  -
  - resonances for  Z= 53, A= 118 and isomer= 0               -
  - half-life: 13.700000 min. 
  -                                                           -
  -------------------------------------------------------------

   Running time:       12 seconds

 End time: Fri Oct  9 11:46:27 2026

