
  -------------------------------------------------------------
  -                                                           -
  -              Welcome to TARES version 1.8                 -
  -                                                           -
  -  (C) Copyright 2007-2025 D. Rochman, All Rights Reserved  -
  -           NRG, Petten, the Netherlands 2007-2014          -
  -           PSI, Villigen    Switzerland 2015-2025          -
  -         Nagra, Wettingen   Switzerland 2025-              -
  -           (Last Modified October 06, 2026)                -
  -           (Database from October 06, 2026)                -
  -                                                           -
  -------------------------------------------------------------


  ---------------------------------------------
   Compilation information:
   Compiled on:         Oct  8 2026, 18:36:06
   Compiled by:         koning
   Compiler version:    clang++ - 21.0.0
   Source location:     /Users/koning/tares-1.8/source/Module/
   Binaries location:   /Users/koning/bin
   System:              Darwin 25.6.0
   System version:      Darwin Kernel Version 25.6.0: Fri Jul 31 19:19:08 PDT 2026; root:xnu-12377.161.14~5/RELEASE_ARM64_T6050  
   Machine:             arm64 
  ---------------------------------------------

   User information:
   User name:           koning
   Running directory:   /Users/koning/tendl/resbase/Pr148m/work
   Owner mode for running directory : rwx
   Group mode for running directory : r-x
  ---------------------------------------------


 Starting time: Fri Oct  9 12:41:27 2026
 ... inputs directory found (/Users/koning/tares-1.8/source/Module//../../inputs/).
 ... It will be used for resonance parameters 
 ... ###############################################
 ... #     read the input file tares.inp
 ... ###############################################
 ... line: #
 ... line: # Input file generated by Autorochman
          --> line not read
 ... line: #
 ... line: isotope    Pr
          --> Isotope name: Pr
 ... line: mass       148
          --> isotopic mass: 148
 ... line: output     n-Pr148m
         ---> Name of the output files: n-Pr148m
 ... line: isomer     1
          --> isomeric state: 1
 ... line: mf32mf33   y
          --> MF33 based on MF32: y
 ... line: nbrRandom  6
          --> Nbr of random files: 6
 ... ###############################################
 ... # end read the input file tares.inp
 ... ###############################################
Value for random generator type not considered in since Tares 1.7 due to compilation issues

 ... ###############################################
     #   Interpretation of the Input definition    #
     ###############################################

 ... Default energy limit: End of resonance region
 ... Nuclear charge    = 59
 ... Element           = Pr
 ... Mass              = 148
 ... Isomer            = 1
 ... Correlation for (Gn,Gg) not included in random files
 ... Default random option: No random
 ... Output name: n-Pr148m
 ... Energy for the MACS: 30000 eV
 ... Resonances from CALENDF reduced (reduce=y) 
 ... For URR, level density model from TALYS selected: 91n3n12611.2850 (see manual for description)
 ... Random Generator: default (pseudo random numbers from ansi c++)
 ... Reconstruction of cross section selected
 ... Doppler broadening at 0 Kelvin
 ... URR not included (from the input file flag)
 ... Weight for grouping is flat
 ... Calculation of (n,alpha) cross section selected
 ... Number of digit for MF32c covariance representation: 2
 ... MF32 included
 ... MF33 will be used for covariance processing
 ... TENDL option set to yes (automatic choice of MF2 and format)
 ... Isotope not found in the best file --> use of MLBW formalism
 ... default option: Multi level Breit Wigner approximation selected
 ... (check file best.tendl.yes for changing this option)
 ... Retroactive option set to no with the 2025 option

 ... ###############################################
     #           End of Input definition           #
     ###############################################

 ... gnuplot found, will be used for plotting
 ... latex found, will be used for plotting
 ... dvips found, will be used for plotting
 ... ps2epsi not found, limited plotting available
 ... uncertainties on default parameters multiplied by 1.5254
 ... Read resonance data from the 2025 directory
 ... Resonance parameters taken from /Users/koning/tares-1.8/source/Module//../../inputs/2025/Resonance/default/
 ---> Processing Z= 59 and A= 148 and isomer= 1 (level number: 1)
 Exfor path; Could not find /Users/koning/tares-1.8/source/Module//../../inputs/exfor/Pr148m/xs/102
Thermal file; Could not open file /Users/koning/tares-1.8/source/Module//../../inputs/2025/runThermal/results//thermal.mxw.ng.cendl3.1
Thermal file; Could not open file /Users/koning/tares-1.8/source/Module//../../inputs/2025/runThermal/results//thermal.mxw.ng.brond3.1
Thermal file; Could not open file /Users/koning/tares-1.8/source/Module//../../inputs/2025/runThermal/results//thermal.xs.ng.unc.cendl3.1
 ... spin taken from the final/ directory (1)

 ... ###############################################
 ... #  Nucleus global parameters (2025 database)  #
 ... ###############################################
 0. Half-life: 2.01 min. 
 ... Scattering radius from TALYS: /Users/koning/tares-1.8/source/Module//../../inputs/2025/lib.urr/talys.urr/
 1. Spin of the target isotope: 4
 2. Relative Atomic Mass of the target isotope: 147.922
 3. Level of the isomer: 0.076800 MeV (level number 1)
 4. Scattering radius (local compilation): 7.02296 fm +/- 0.147482 fm
      .......................................
      ... Thermal capture cross sections: ...
 ... ratio of 1.44127 applied for isomeric cross section (isomer/ground)
 5. Thermal (n,g) cross section from systematics (TALYS, urr.dat): 49.4144 +/- 34.5901 b.
 6. Thermal (n,g) cross section from compilation (Firestone-2022 average on element Pr): 11.7 +/- 0.6 b.
 7. Thermal (n,g) cross section from compilation (Firestone-2022 final on element Pr): 11.5 +/- 0.3 b.
      .......................................
      ...  Thermal total cross sections:  ...
      .......................................
      ... Thermal elastic cross sections: ...
 8. Thermal (n,el) cross section from potential (4piR^2): 8.82617 +/- 0.441309 b.
      .......................................
             ... Resonance integral: ...
 9. No capture integral found in /Users/koning/tares-1.8/source/Module//../../inputs/capture.integral
 ... no RI(n,g) found in local compilation, take 2018 value.
 ... no RI(n,g) found in local compilation, take Sukhoruchkin value.
   ---- MACS 30 keV ----- 
 10. TALYS MACS 30 keV (HF): 0.14137 b. 
   ---------- S0 -------- 
 11. S0 from TALYS: 4.06151
   ---------- S1 -------- 
 12. S1 from TALYS: 0.580074
   ---------- S2 -------- 
 13. S2 from TALYS: 1.83009
   ---------- D0 -------- 
 14. D0 from TALYS: 3.41294 eV
   ---------- D1 -------- 
 15. D1 from TALYS: 1.76556 eV
   ---------- D2 -------- 
 16. D2 from TALYS: 1.24583 eV
   ---------- G0 -------- 
 17. Gg0 from TALYS: 0.0389142 eV
   ---------- G1 -------- 
 18. Gg1 from TALYS: 0.0400714 eV
   ---------- G2 -------- 
 19. Gg2 from TALYS: 0.0408801 eV


   ---------------------- 
 ... Read resonance parameters (format: 2: Multi Level Breit Wigner)
 ... 0 resonances found 
 ... possibly no resonances in the Resonance directory for this isotope and options
 ... Use HFR (ladder) behavior 
 --> 21. Number of resonances from the input file: 2 up to 1.70647 eV
 22. Read nuclear quantities (mass, MAT...)
 23. Read thermal (n,g) xs 
 24. Read the scattering radius 
 25. Read uncertainty on Gg for 2 resonances
 26. Read uncertainty on Gg for 2 resonances ... done
 ... order resonances 
 ... Upper limit for the RRR: 1.70647 eV (no statistical resonances HFR) from the limit.RRR file
 ... Write parameters for l=0 waves
 ... End writing original MF2 
 ... No RRR in the database: uncertainties on default parameters multiplied by 1.99753
 ... Enter in urr function (ladder option set to y) for file n-Pr148m
 ... read the file /Users/koning/tares-1.8/source/Module//../../inputs/2025/list.jcs.urr to find URR origin
 Default URR taken from TALYS calculations with level density model: 91n3n12611.2850
 File considered for the URR: /Users/koning/tares-1.8/source/Module//../../inputs/2025/lib.urr/talys.urr/91n3n12611.2850/Pr/urr/urr.dat.Pr.148.001.1.gz
 ... Write URR using TALYS average parameters (used for HFR)
 ... Limit of URR changed to 25 keV (recommendation from WPEC and JEFF)
 ... Extract the Sn value from file ./urr.dat.Pr.148.1.1
 ... found Sn= 6.57524 MeV
 ... estimated number of resonances up to 4626.02 eV:  1 resonances
 ... This is a test here. The higher energy limit to include URR data for calendf is set to max Sn. 24/03/2016
 ... Use Sn to define the maximum energy for the URR: Sn= 6.57524 MeV --> last_energyURR= 4626.02 eV
 ... read D0, S0, Gn and Gg
 ... number of URR energies: 2400
 Number of l: 2400 and last energy: 12
 Last  URR energy: 4626.02 eV
 ... Enter in to_MLBW_mf2 function
 ... Convert to Multi Level Breit Wigner (MLBW)
 ... Write parameter covariances (MF32) for l=0
 ... Convert parameter covariances (MF32) to MLBW
 ... copy the mf2 and mf32 to .mlbw files
 ... Enter in urr_correct function case 1
 Modify the higher limit of RRR in MF2
 --> old value: 1.715000+0 eV new value: 1.000000-2 eV
 Modify resonance covariances (MF32) to include correlations in the URR
 End Modify resonance covariances (MF32) to include correlations in the URR
 ... Enter in calendf_xs function
 Use CALENDF for statistical resonances (update MF2) up to 4.626020+3 eV (initial limit)
 Extract resonances from CALENDF for RRR->URR 2
 More than 5000 resonances found (8579 statistical resonances found)
 After reduction, 4791 statistical resonances found
 ... checking resonance order 1
 ... checking resonance order 2nd round for 4788 resonances
 ... end checking resonance order 2nd round
 Too many resonances (4788): reduced to 100.
 .......................................................
 ... Adjustment to the thermal cross section : start ...
 .......................................................
 ... ratio of 1.44127 applied for isomeric cross section (isomer/ground)

 Before adjustment (adjustment to the thermal cross section set to y)
 ... Import MF2 from TARES calculations
 ... End energy of TARES MF2 : 4.381298E+2 eV and limit to 40000 resonances
 ... File used for reconstruction: new.temp22.reconst
 ... run RECENT ...
 ... Doppler broadened at a unique temperature: 300 Kelvin using sigma1
 ... run SIGMA1 at 3.000000E+02 K.

 ============== INTER values at 300 Kelvin ==============
 Thermal (n,g) xs =  2.9421 b. (meas/sys: 49.4144 b.) (warning: comparison to be done at 296 or 300 K)
 Th Maxw (n,g) xs =  2.9701 b. (thermal Maxwellian value)
 Westcott factor  =  1.00953
 RI      (n,g)    =  209.627 b. (meas or sys: - b.)
 MACS 3.000e+04 eV=  0.72075 b. (meas or sys: - b.) from 1.00E+00 to 2.00E+07 eV (end of RRR) at T= 300 Kelvin 
 Thermal (n,el) xs=  4.86126 b.
 RI      (n,el)   =  135.533 b.
 ============= PSYCHE values ==============
 Ave. G_total L0  =  0.0797109 eV
 Ave. G_total L1  =  0.0381536 eV
 Ave. Gn_0    L0  =  0.00263244
 Ave. Gn_0    L1  =  0.0013656
 Ave. Gg      L0  =  0.0381453 eV
 Ave. Gg      L1  =  0.0381376 eV
 Ave. D       L0  =  13.6916 eV
 Ave. D       L1  =  9.1277 eV
 Ave. S       L0  =  9.92522e-05 eV
 Ave. S       L1  =  2.46398e-05 eV
 =========================================
 Calculated capture integral   209.627 b.
 Calculated thermal (n,g)=          2.94210345 b. and recommended= 49.4144 b. (C/E= 0.0595394)
 Calculated RI      (n,g)= 209.627 b. (no reference value)
 ... tolerances: thermal (n,g) 20 % (reference uncertainties, minimum 2% and 5%, maximum 20%)
 Adjust the capture widths ...
 ... capture adjusted with Gn for 88 resonances (Gn<Gg) and with Gg for 12 resonances
 ... iteration 0: C/E thermal (n,g)= 0.0595394
 Warning: 100 widths limited to a change of a factor 10 from their starting values

 <-------- After adjustment -------->
 ... Import MF2 from TARES calculations
 ... End energy of TARES MF2 : 4.381298E+2 eV and limit to 40000 resonances
 ... File used for reconstruction: new.temp22.reconst
 ... run RECENT ...
 ... Doppler broadened at a unique temperature: 300 Kelvin using sigma1
 ... run SIGMA1 at 3.000000E+02 K.

 ============== INTER values at 300 Kelvin ==============
 Thermal (n,g) xs =  29.421 b. (meas/sys: 49.4144 b.) (warning: comparison to be done at 296 or 300 K)
 Th Maxw (n,g) xs =  29.701 b. (thermal Maxwellian value)
 Westcott factor  =  1.00951
 RI      (n,g)    =  692.29 b. (meas or sys: - b.)
 MACS 3.000e+04 eV=  0.72283 b. (meas or sys: - b.) from 1.00E+00 to 2.00E+07 eV (end of RRR) at T= 300 Kelvin 
 Thermal (n,el) xs=  3.00889 b.
 RI      (n,el)   =  1863.34 b.
 ============= PSYCHE values ==============
 Ave. G_total L0  =  0.277765 eV
 Ave. G_total L1  =  0.0382975 eV
 Ave. Gn_0    L0  =  0.00924595
 Ave. Gn_0    L1  =  0.013656
 Ave. Gg      L0  =  0.162653 eV
 Ave. Gg      L1  =  0.0381376 eV
 Ave. D       L0  =  13.6916 eV
 Ave. D       L1  =  9.1277 eV
 Ave. S       L0  =  0.000341399 eV
 Ave. S       L1  =  0.000246398 eV
 =========================================
 ... iteration 1: C/E thermal (n,g)= 0.595393
 Warning: 100 widths limited to a change of a factor 10 from their starting values

 <-------- After adjustment -------->
 ... Import MF2 from TARES calculations
 ... End energy of TARES MF2 : 4.381298E+2 eV and limit to 40000 resonances
 ... File used for reconstruction: new.temp22.reconst
 ... run RECENT ...
 ... Doppler broadened at a unique temperature: 300 Kelvin using sigma1
 ... run SIGMA1 at 3.000000E+02 K.

 ============== INTER values at 300 Kelvin ==============
 Thermal (n,g) xs =  29.421 b. (meas/sys: 49.4144 b.) (warning: comparison to be done at 296 or 300 K)
 Th Maxw (n,g) xs =  29.701 b. (thermal Maxwellian value)
 Westcott factor  =  1.00951
 RI      (n,g)    =  692.29 b. (meas or sys: - b.)
 MACS 3.000e+04 eV=  0.72283 b. (meas or sys: - b.) from 1.00E+00 to 2.00E+07 eV (end of RRR) at T= 300 Kelvin 
 Thermal (n,el) xs=  3.00889 b.
 RI      (n,el)   =  1863.34 b.
 ============= PSYCHE values ==============
 Ave. G_total L0  =  0.277765 eV
 Ave. G_total L1  =  0.0382975 eV
 Ave. Gn_0    L0  =  0.00924595
 Ave. Gn_0    L1  =  0.013656
 Ave. Gg      L0  =  0.162653 eV
 Ave. Gg      L1  =  0.0381376 eV
 Ave. D       L0  =  13.6916 eV
 Ave. D       L1  =  9.1277 eV
 Ave. S       L0  =  0.000341399 eV
 Ave. S       L1  =  0.000246398 eV
 =========================================
 ... iteration 2: C/E thermal (n,g)= 0.595393
 Warning: no further change possible (widths at the limit of a factor 10): adjustment stopped


 ... ratio C/E thermal (n,g): 5.953934E-01
 ...................................................... 
 ... Adjustment to the thermal cross section : stop ...
 ...................................................... 
 ... new MF2 file after adjustment: n-Pr148m
 ... read the file /Users/koning/tares-1.8/source/Module//../../inputs/2025/list.jcs.urr to find URR origin
 Default URR taken from TALYS calculations with level density model: 91n3n12611.2850
 File considered for the URR: /Users/koning/tares-1.8/source/Module//../../inputs/2025/lib.urr/talys.urr/91n3n12611.2850/Pr/urr/urr.dat.Pr.148.001.1.gz
 ... Write URR using TALYS average parameters (not used for HFR)
 ... Limit of URR changed to 25 keV (recommendation from WPEC and JEFF)
 ... read D0, S0, Gn and Gg
 ... number of URR energies: 1200
 Number of l: 1200 and last energy: 12
 Last  URR energy: 76032 eV
 Energies in the URR : 1200 -> reduced by a factor 2
 Energies in the URR : 576 -> reduced by a factor 2
 ... Enter in urr_correct function case 2
 Modify the higher limit of RRR in MF2
 --> old value: 4.381298+2 eV new value: 4.381298+2 eV
 Modify resonance covariances (MF32) to include correlations in the URR
 End Modify resonance covariances (MF32) to include correlations in the URR
 ... Enter in update_MF32 function
 ... Change uncertainties
 ... for the HFR, random position of the positive resonances with 0.020000 %
 ... end of update MF32 function
 ... GLS calculation of the parameter correlations from the thermal/RI adjustment (MF32c)
 ... MF32: correlations from the thermal/RI adjustment (GLS) for 4 resonances (8 widths), 1 correlation lines
 ...   thermal (n,g): uncertainty from these widths 13.0255 b. -> 12.1899 b. (reference: 49.4144 +/- 34.5901 b.)
 ... copy the mf2 and mf32 to .mlbw files

 ... Start of final reconstruction and testing ...
 ... Reconstruction of cross sections at 0 Kelvin  ... Import MF2 from TARES calculations
 ... End energy of TARES MF2 : 4.381298E+2 eV and limit to 40000 resonances
 ... File used for reconstruction: n-Pr148m.reconst
 ... run RECENT ...
 ... Doppler broadened at a unique temperature: 0 Kelvin using sigma1
 ... The keyword temperature is zero, no Doppler broadening for the MACS

 ============== INTER values at 0 Kelvin ==============
 Thermal (n,g) xs =  29.4033 b. (meas/sys: 49.4144 b.) (warning: comparison to be done at 296 or 300 K)
 Th Maxw (n,g) xs =  29.53 b. (thermal Maxwellian value)
 Westcott factor  =  1.0043
 RI      (n,g)    =  691.815 b. (meas or sys: - b.)
 MACS 3.000e+04 eV=  0.71952 b. (meas or sys: - b.) from 1.00E+00 to 4.38E+02 eV (end of RRR) at T= 0 Kelvin 
 Thermal (n,el) xs=  2.99847 b.
 RI      (n,el)   =  1860.25 b.
 ============= PSYCHE values ==============
 Ave. G_total L0  =  0.277765 eV
 Ave. G_total L1  =  0.0382975 eV
 Ave. Gn_0    L0  =  0.00924595
 Ave. Gn_0    L1  =  0.013656
 Ave. Gg      L0  =  0.162653 eV
 Ave. Gg      L1  =  0.0381376 eV
 Ave. D       L0  =  13.6916 eV
 Ave. D       L1  =  9.1277 eV
 Ave. S       L0  =  0.000341399 eV
 Ave. S       L1  =  0.000246398 eV
 =========================================
 ... End of final reconstruction and testing ...

 ... grouping is not optimum, change to 70 groups
 ... Produce MF33 based on MF32 and 6 random files
 ... MF3 of n-Pr148m.reconst (3 sections) added to the files for ENDSAM
 ... run endsam for 6 in groups of 1 global run
 ... run endsam from 1 to 6
 ... random files: total width GT set to Gn+Gg+Gf (600 resonances in 6 files)
 ... reorder resonance position after endsam (sampling)
 ... preparing the vectors  ... done
 ... nominal file 0 Cap(th)  ave= 2.940E+01 b. +/- 0.00 % || Ela(th) ave= 2.998E+00 b. +/- 0.00 % || RIcap ave= 6.92E+02 b. +/- 0.00 % || Macs30 ave= 7.20E-01 b. +/- 0.00 % || Gn^0(l=0) ave= 9.246E-03 +/- 0.00 % Gn^0(l=1) ave= 1.366E-02 +/- 0.00 % Gn^0(l=2) ave= 0.000E+00 +/- 0.00 % Gn^0(l=3) ave= 0.000E+00 +/- 0.00 % || Gtotal(l=0) ave= 2.778E-01 +/- 0.00 % Gtotal(l=1) ave= 3.830E-02 +/- 0.00 % Gtotal(l=2) ave= 0.000E+00 +/- 0.00 % Gtotal(l=3) ave= 0.000E+00 +/- 0.00 %  % || Gg(l=0) ave= 1.627E-01 +/- 0.00 % Gg(l=1) ave= 3.814E-02 +/- 0.00 % Gg(l=2) ave= 0.000E+00 +/- 0.00 % Gg(l=3) ave= 0.000E+00 +/- 0.00 %  % || D(l=0) ave= 1.369E+01 +/- 0.00 % D(l=1) ave= 9.128E+00 +/- 0.00 % D(l=2) ave= 0.000E+00 +/- 0.00 % D(l=3) ave= 0.000E+00 +/- 0.00 %  % || S(l=0) ave= 3.414E-04 +/- 0.00 % S(l=1) ave= 2.464E-04 +/- 0.00 % S(l=2) ave= 0.000E+00 +/- 0.00 % S(l=3) ave= 0.000E+00 +/- 0.00 % 
 ... random file  1 Cap(th)  ave= 2.639E+01 b. +/- 11.42 % || Ela(th) ave= 3.091E+00 b. +/- 2.99 % || RIcap ave= 6.46E+02 b. +/- 7.10 % || Macs30 ave= 7.20E-01 b. +/- 0.00 % || Gn^0(l=0) ave= 9.265E-03 +/- 0.20 % Gn^0(l=1) ave= 1.304E-02 +/- 4.72 % Gn^0(l=2) ave= 0.000E+00 +/- 0.00 % Gn^0(l=3) ave= 0.000E+00 +/- 0.00 % || Gtotal(l=0) ave= 2.903E-01 +/- 4.32 % Gtotal(l=1) ave= 3.932E-02 +/- 2.59 % Gtotal(l=2) ave= 0.000E+00 +/- 0.00 % Gtotal(l=3) ave= 0.000E+00 +/- 0.00 %  % || Gg(l=0) ave= 1.750E-01 +/- 7.05 % Gg(l=1) ave= 3.916E-02 +/- 2.60 % Gg(l=2) ave= 0.000E+00 +/- 0.00 % Gg(l=3) ave= 0.000E+00 +/- 0.00 %  % || D(l=0) ave= 1.369E+01 +/- 0.00 % D(l=1) ave= 9.128E+00 +/- 0.00 % D(l=2) ave= 0.000E+00 +/- 0.00 % D(l=3) ave= 0.000E+00 +/- 0.00 %  % || S(l=0) ave= 3.419E-04 +/- 0.16 % S(l=1) ave= 2.354E-04 +/- 4.66 % S(l=2) ave= 0.000E+00 +/- 0.00 % S(l=3) ave= 0.000E+00 +/- 0.00 % 
 ... random file  2 Cap(th)  ave= 3.294E+01 b. +/- 29.11 % || Ela(th) ave= 3.131E+00 b. +/- 3.02 % || RIcap ave= 6.71E+02 b. +/- 7.62 % || Macs30 ave= 7.19E-01 b. +/- 0.01 % || Gn^0(l=0) ave= 9.276E-03 +/- 0.24 % Gn^0(l=1) ave= 1.304E-02 +/- 3.86 % Gn^0(l=2) ave= 0.000E+00 +/- 0.00 % Gn^0(l=3) ave= 0.000E+00 +/- 0.00 % || Gtotal(l=0) ave= 2.986E-01 +/- 5.22 % Gtotal(l=1) ave= 3.958E-02 +/- 2.31 % Gtotal(l=2) ave= 0.000E+00 +/- 0.00 % Gtotal(l=3) ave= 0.000E+00 +/- 0.00 %  % || Gg(l=0) ave= 1.834E-01 +/- 8.49 % Gg(l=1) ave= 3.942E-02 +/- 2.32 % Gg(l=2) ave= 0.000E+00 +/- 0.00 % Gg(l=3) ave= 0.000E+00 +/- 0.00 %  % || D(l=0) ave= 1.369E+01 +/- 0.00 % D(l=1) ave= 9.128E+00 +/- 0.00 % D(l=2) ave= 0.000E+00 +/- 0.00 % D(l=3) ave= 0.000E+00 +/- 0.00 %  % || S(l=0) ave= 3.424E-04 +/- 0.23 % S(l=1) ave= 2.353E-04 +/- 3.81 % S(l=2) ave= 0.000E+00 +/- 0.00 % S(l=3) ave= 0.000E+00 +/- 0.00 % 
 ... random file  3 Cap(th)  ave= 3.223E+01 b. +/- 26.05 % || Ela(th) ave= 3.128E+00 b. +/- 2.63 % || RIcap ave= 6.77E+02 b. +/- 6.74 % || Macs30 ave= 7.19E-01 b. +/- 0.01 % || Gn^0(l=0) ave= 9.262E-03 +/- 0.34 % Gn^0(l=1) ave= 1.300E-02 +/- 3.39 % Gn^0(l=2) ave= 0.000E+00 +/- 0.00 % Gn^0(l=3) ave= 0.000E+00 +/- 0.00 % || Gtotal(l=0) ave= 2.954E-01 +/- 4.94 % Gtotal(l=1) ave= 3.974E-02 +/- 2.10 % Gtotal(l=2) ave= 0.000E+00 +/- 0.00 % Gtotal(l=3) ave= 0.000E+00 +/- 0.00 %  % || Gg(l=0) ave= 1.811E-01 +/- 7.76 % Gg(l=1) ave= 3.958E-02 +/- 2.11 % Gg(l=2) ave= 0.000E+00 +/- 0.00 % Gg(l=3) ave= 0.000E+00 +/- 0.00 %  % || D(l=0) ave= 1.380E+01 +/- 1.39 % D(l=1) ave= 9.128E+00 +/- 0.00 % D(l=2) ave= 0.000E+00 +/- 0.00 % D(l=3) ave= 0.000E+00 +/- 0.00 %  % || S(l=0) ave= 3.396E-04 +/- 1.46 % S(l=1) ave= 2.345E-04 +/- 3.36 % S(l=2) ave= 0.000E+00 +/- 0.00 % S(l=3) ave= 0.000E+00 +/- 0.00 % 
 ... random file  4 Cap(th)  ave= 3.284E+01 b. +/- 23.17 % || Ela(th) ave= 3.165E+00 b. +/- 3.29 % || RIcap ave= 6.99E+02 b. +/- 8.55 % || Macs30 ave= 7.19E-01 b. +/- 0.01 % || Gn^0(l=0) ave= 9.272E-03 +/- 0.36 % Gn^0(l=1) ave= 1.264E-02 +/- 6.43 % Gn^0(l=2) ave= 0.000E+00 +/- 0.00 % Gn^0(l=3) ave= 0.000E+00 +/- 0.00 % || Gtotal(l=0) ave= 2.877E-01 +/- 7.06 % Gtotal(l=1) ave= 4.035E-02 +/- 3.56 % Gtotal(l=2) ave= 0.000E+00 +/- 0.00 % Gtotal(l=3) ave= 0.000E+00 +/- 0.00 %  % || Gg(l=0) ave= 1.730E-01 +/- 11.84 % Gg(l=1) ave= 4.019E-02 +/- 3.57 % Gg(l=2) ave= 0.000E+00 +/- 0.00 % Gg(l=3) ave= 0.000E+00 +/- 0.00 %  % || D(l=0) ave= 1.378E+01 +/- 1.28 % D(l=1) ave= 9.128E+00 +/- 0.00 % D(l=2) ave= 0.000E+00 +/- 0.00 % D(l=3) ave= 0.000E+00 +/- 0.00 %  % || S(l=0) ave= 3.404E-04 +/- 1.39 % S(l=1) ave= 2.281E-04 +/- 6.42 % S(l=2) ave= 0.000E+00 +/- 0.00 % S(l=3) ave= 0.000E+00 +/- 0.00 % 
 ... random file  5 Cap(th)  ave= 3.136E+01 b. +/- 24.56 % || Ela(th) ave= 3.130E+00 b. +/- 3.93 % || RIcap ave= 6.89E+02 b. +/- 8.61 % || Macs30 ave= 7.19E-01 b. +/- 0.01 % || Gn^0(l=0) ave= 9.274E-03 +/- 0.34 % Gn^0(l=1) ave= 1.292E-02 +/- 7.53 % Gn^0(l=2) ave= 0.000E+00 +/- 0.00 % Gn^0(l=3) ave= 0.000E+00 +/- 0.00 % || Gtotal(l=0) ave= 2.848E-01 +/- 6.89 % Gtotal(l=1) ave= 3.968E-02 +/- 5.00 % Gtotal(l=2) ave= 0.000E+00 +/- 0.00 % Gtotal(l=3) ave= 0.000E+00 +/- 0.00 %  % || Gg(l=0) ave= 1.700E-01 +/- 11.72 % Gg(l=1) ave= 3.952E-02 +/- 5.02 % Gg(l=2) ave= 0.000E+00 +/- 0.00 % Gg(l=3) ave= 0.000E+00 +/- 0.00 %  % || D(l=0) ave= 1.377E+01 +/- 1.20 % D(l=1) ave= 9.128E+00 +/- 0.00 % D(l=2) ave= 0.000E+00 +/- 0.00 % D(l=3) ave= 0.000E+00 +/- 0.00 %  % || S(l=0) ave= 3.408E-04 +/- 1.29 % S(l=1) ave= 2.332E-04 +/- 7.51 % S(l=2) ave= 0.000E+00 +/- 0.00 % S(l=3) ave= 0.000E+00 +/- 0.00 % 
 ... random file  6 Cap(th)  ave= 2.993E+01 b. +/- 26.53 % || Ela(th) ave= 3.111E+00 b. +/- 3.98 % || RIcap ave= 6.80E+02 b. +/- 8.70 % || Macs30 ave= 7.19E-01 b. +/- 0.01 % || Gn^0(l=0) ave= 9.266E-03 +/- 0.38 % Gn^0(l=1) ave= 1.301E-02 +/- 7.11 % Gn^0(l=2) ave= 0.000E+00 +/- 0.00 % Gn^0(l=3) ave= 0.000E+00 +/- 0.00 % || Gtotal(l=0) ave= 2.829E-01 +/- 6.62 % Gtotal(l=1) ave= 3.962E-02 +/- 4.66 % Gtotal(l=2) ave= 0.000E+00 +/- 0.00 % Gtotal(l=3) ave= 0.000E+00 +/- 0.00 %  % || Gg(l=0) ave= 1.685E-01 +/- 11.16 % Gg(l=1) ave= 3.946E-02 +/- 4.68 % Gg(l=2) ave= 0.000E+00 +/- 0.00 % Gg(l=3) ave= 0.000E+00 +/- 0.00 %  % || D(l=0) ave= 1.382E+01 +/- 1.44 % D(l=1) ave= 9.128E+00 +/- 0.00 % D(l=2) ave= 0.000E+00 +/- 0.00 % D(l=3) ave= 0.000E+00 +/- 0.00 %  % || S(l=0) ave= 3.394E-04 +/- 1.56 % S(l=1) ave= 2.347E-04 +/- 7.09 % S(l=2) ave= 0.000E+00 +/- 0.00 % S(l=3) ave= 0.000E+00 +/- 0.00 % 
 ... Histogram plot for thermal (n,g)
 ... Write covariances  ... MT1  ... plot correlations
 ... MT2  ... MT102 


 ================================================
 ============== From 6 random values === start ======
 Thermal (n,tot) xs  0 K =  33.0405 b. +/- 8.01788 b. ( 24.2668 %) skew= +0.91 +/- 0.79
 Thermal (n,el) xs   0 K =  3.11079 b. +/- 0.123679 b. ( 3.97581 %) skew= +0.22 +/- 0.79
 Thermal (n,g) xs    0 K =  29.9297 b. +/- 7.94087 b. ( 26.5317 %) skew= +0.92 +/- 0.79
 RI      (n,g)       0 K =  679.571 b. +/- 59.1126 b. ( 8.69852 %) 
 MACS    (n,g)       0 K (at Emacs= 30000 eV) =  0.719434 b. +/- 7.92474e-05 b. ( 0.0110152 %) 
 Ave. Gtotal  L=0        =  2.829E-01 +/- 6.62 %
 Ave. Gn^(0)  L=0        =  9.266E-03 +/- 0.38 %
 Ave. Gg      L=0        =  1.685E-01 +/- 11.16 %
 Ave. D       L=0        =  1.382E+01 +/- 1.44 %
 Ave. S       L=0        =  3.394E-04 +/- 1.56 %
 Ave. Gtotal  L=1        =  3.962E-02 +/- 4.66 %
 Ave. Gg      L=1        =  3.946E-02 +/- 4.68 %
 Ave. D       L=1        =  9.128E+00 +/- 0.00 %
 Ave. S       L=1        =  2.347E-04 +/- 7.09 %

 Expected Thermal (n,g) (syst or meas)= 49.4144 b. +/- 34.5901 b. nominal: 29.4033 b.
 ratio Calculated/expected thermal (n,g): 0.61 ratio DCalculated/Dexpected: 0.23 ratio Calculated/Nominal: 1.02
 ============== From 6 random values ===== stop ======
 ================================================
 ... Calculation of (n,a) and (n,p) cross sections at 300 K
 ... thermal (n,a) cross section is 2.12476e-07 +/- 1.06238e-07 b.
 ... thermal (n,a) cross section is 8.31503e-08 b. (random case 1)
 ... thermal (n,a) cross section is 1.8222e-07 b. (random case 2)
 ... thermal (n,a) cross section is 2.14596e-07 b. (random case 3)
 ... thermal (n,a) cross section is 1.88756e-07 b. (random case 4)
 ... thermal (n,a) cross section is 2.41957e-07 b. (random case 5)
 ... thermal (n,a) cross section is 9.9894e-08 b. (random case 6)
 ... (n,p) Q-value negative for this element
 ... Rewrite index for MF2
 ... Write text for MF1 in file mf1.tares.txt
 ... plotting cross sections for the MF1
 ... order output files


================== summary ==================
 Thermal (n,tot) xs = 32.4018 b. 
 Thermal (n,el)  xs = 2.99847 b. 
 Thermal (n,g)   xs = 29.4033 b. (meas/sys: 49.4144 b.)
 At 300 K (thermal adjustment): (n,el) = 3.00889 b., (n,g) = 29.421 b.

 RI      (n,g)      = 691.815 b. (meas or sys: - b.)
 RI      (n,el)     = 1860.25 b.
=============================================


 ... cleaning
                                                 
  -------------------------------------------------------------
  -                                                           -
  - TARES: successful end of run with data from hypothetical  -
  - resonances for  Z= 59, A= 148 and isomer= 1               -
  - half-life: 2.010000 min. 
  -                                                           -
  -------------------------------------------------------------

   Running time:       18 seconds

 End time: Fri Oct  9 12:41:45 2026

