
  -------------------------------------------------------------
  -                                                           -
  -              Welcome to TARES version 1.8                 -
  -                                                           -
  -  (C) Copyright 2007-2025 D. Rochman, All Rights Reserved  -
  -           NRG, Petten, the Netherlands 2007-2014          -
  -           PSI, Villigen    Switzerland 2015-2025          -
  -         Nagra, Wettingen   Switzerland 2025-              -
  -           (Last Modified October 06, 2026)                -
  -           (Database from October 06, 2026)                -
  -                                                           -
  -------------------------------------------------------------


  ---------------------------------------------
   Compilation information:
   Compiled on:         Oct  7 2026, 09:32:19
   Compiled by:         koning
   Compiler version:    clang++ - 21.0.0
   Source location:     /Users/koning/tares-1.8/source/Module/
   Binaries location:   /Users/koning/bin
   System:              Darwin 25.6.0
   System version:      Darwin Kernel Version 25.6.0: Fri Jul 31 19:19:08 PDT 2026; root:xnu-12377.161.14~5/RELEASE_ARM64_T6050  
   Machine:             arm64 
  ---------------------------------------------

   User information:
   User name:           koning
   Running directory:   /Users/koning/tendl/resbase/Ir192n/work
   Owner mode for running directory : rwx
   Group mode for running directory : r-x
  ---------------------------------------------


 Starting time: Wed Oct  7 09:44:51 2026
 ... inputs directory found (/Users/koning/tares-1.8/source/Module//../../inputs/).
 ... It will be used for resonance parameters 
 ... ###############################################
 ... #     read the input file tares.inp
 ... ###############################################
 ... line: #
 ... line: # Input file generated by Autorochman
          --> line not read
 ... line: #
 ... line: isotope    Ir
          --> Isotope name: Ir
 ... line: mass       192
          --> isotopic mass: 192
 ... line: output     n-Ir192n
         ---> Name of the output files: n-Ir192n
 ... line: isomer     2
          --> isomeric state: 2
 ... line: mf32mf33   y
          --> MF33 based on MF32: y
 ... line: nbrRandom  20
          --> Nbr of random files: 20
 ... ###############################################
 ... # end read the input file tares.inp
 ... ###############################################
Value for random generator type not considered in since Tares 1.7 due to compilation issues

 ... ###############################################
     #   Interpretation of the Input definition    #
     ###############################################

 ... Default energy limit: End of resonance region
 ... Nuclear charge    = 77
 ... Element           = Ir
 ... Mass              = 192
 ... Isomer            = 2
 ... Correlation for (Gn,Gg) not included in random files
 ... Default random option: No random
 ... Output name: n-Ir192n
 ... Energy for the MACS: 30000 eV
 ... Resonances from CALENDF reduced (reduce=y) 
 ... For URR, level density model from TALYS selected: 91n3n12611.2850 (see manual for description)
 ... Random Generator: default (pseudo random numbers from ansi c++)
 ... Reconstruction of cross section selected
 ... Doppler broadening at 0 Kelvin
 ... URR not included (from the input file flag)
 ... Weight for grouping is flat
 ... Calculation of (n,alpha) cross section selected
 ... Number of digit for MF32c covariance representation: 2
 ... MF32 included
 ... MF33 will be used for covariance processing
 ... TENDL option set to yes (automatic choice of MF2 and format)
 ... Isotope not found in the best file --> use of MLBW formalism
 ... default option: Multi level Breit Wigner approximation selected
 ... (check file best.tendl.yes for changing this option)
 ... Retroactive option set to no with the 2025 option

 ... ###############################################
     #           End of Input definition           #
     ###############################################

 ... gnuplot found, will be used for plotting
 ... latex found, will be used for plotting
 ... dvips found, will be used for plotting
 ... ps2epsi not found, limited plotting available
 ... uncertainties on default parameters multiplied by 1.48053
 ... Read resonance data from the 2025 directory
 ... Resonance parameters taken from /Users/koning/tares-1.8/source/Module//../../inputs/2025/Resonance/default/
 ---> Processing Z= 77 and A= 192 and isomer= 2 (level number: 15)
 Exfor path; Could not find /Users/koning/tares-1.8/source/Module//../../inputs/exfor/Ir192n/xs/102
Thermal file; Could not open file /Users/koning/tares-1.8/source/Module//../../inputs/2025/runThermal/results//thermal.mxw.ng.cendl3.1
Thermal file; Could not open file /Users/koning/tares-1.8/source/Module//../../inputs/2025/runThermal/results//thermal.mxw.ng.brond3.1
Thermal file; Could not open file /Users/koning/tares-1.8/source/Module//../../inputs/2025/runThermal/results//thermal.xs.ng.unc.cendl3.1
 ... spin taken from the final/ directory (1)
 ... The spin found in level file ( 11 ) and the one in the urr file ( 1.55 ) differ

 ... ###############################################
 ... #  Nucleus global parameters (2025 database)  #
 ... ###############################################
 0. Half-life: 241.153 years
 ... Scattering radius from TALYS: /Users/koning/tares-1.8/source/Module//../../inputs/2025/lib.urr/talys.urr/
 1. Spin of the target isotope: 11
 2. Relative Atomic Mass of the target isotope: 191.962
 3. Level of the isomer: 0.168140 MeV (level number 15)
 4. Scattering radius (local compilation): 7.65285 fm +/- 0.137751 fm
      .......................................
      ... Thermal capture cross sections: ...
 ... ratio of 3.03463 applied for isomeric cross section (isomer/ground)
 5. Thermal (n,g) cross section from systematics: 4794.71 +/- 239.736 b.
 6. Thermal (n,g) cross section from compilation (Firestone-2022 average on element Ir): 460 +/- 23 b.
 7. Thermal (n,g) cross section from compilation (Firestone-2022 final on element Ir): 427 +/- 8 b.
      .......................................
      ...  Thermal total cross sections:  ...
      .......................................
      ... Thermal elastic cross sections: ...
 8. Thermal (n,el) cross section from potential (4piR^2): 9.6178 +/- 0.48089 b.
      .......................................
             ... Resonance integral: ...
 9. No capture integral found in /Users/koning/tares-1.8/source/Module//../../inputs/capture.integral
 ... no RI(n,g) found in local compilation, take 2018 value.
 ... no RI(n,g) found in local compilation, take Sukhoruchkin value.
   ---- MACS 30 keV ----- 
 10. TALYS MACS 30 keV (HF): 0.0095307 b. 
 11. Recommended MACS 30 keV from EAF: 2.08 b. 
   ---------- S0 -------- 
 12. S0 from TALYS: 1.51831
 13. Experimental S0: 3.7 +/- 1.8
   ---------- S1 -------- 
 14. S1 from TALYS: 0.391446
   ---------- S2 -------- 
 15. S2 from TALYS: 3.7853
   ---------- D0 -------- 
 16. D0 from TALYS: 0.625378 eV
 17. Experimental D0: 0.64 +/- 0.3 eV
   ---------- D1 -------- 
 18. D1 from TALYS: 0.313549 eV
   ---------- D2 -------- 
 19. D2 from TALYS: 0.21014 eV
   ---------- G0 -------- 
 20. Experimental average Gg0: 0.094 +/- 0.006 eV
 21. Gg0 from TALYS: 0.0832693 eV
   ---------- G1 -------- 
 22. Gg1 from TALYS: 0.0885996 eV
   ---------- G2 -------- 
 23. Gg2 from TALYS: 0.0940415 eV


   ---------------------- 
 ... Read resonance parameters (format: 2: Multi Level Breit Wigner)
 ... 0 resonances found 
 ... possibly no resonances in the Resonance directory for this isotope and options
 ... Use HFR (ladder) behavior 
 --> 25. Number of resonances from the input file: 2 up to 0.312689 eV
 26. Read nuclear quantities (mass, MAT...)
 27. Read thermal (n,g) xs 
 28. Read the scattering radius 
 29. Read uncertainty on Gg for 2 resonances
 30. Read uncertainty on Gg for 2 resonances ... done
 ... order resonances 
 ... Upper limit for the RRR: 0.312689 eV (no statistical resonances HFR) from the limit.RRR file
 ... Write parameters for l=0 waves
 ... End writing original MF2 
 ... No RRR in the database: uncertainties on default parameters multiplied by 1.99753
 ... Enter in urr function (ladder option set to y) for file n-Ir192n
 ... read the file /Users/koning/tares-1.8/source/Module//../../inputs/2025/list.jcs.urr to find URR origin
 Default URR taken from TALYS calculations with level density model: 91n3n12611.2850
 File considered for the URR: /Users/koning/tares-1.8/source/Module//../../inputs/2025/lib.urr/talys.urr/91n3n12611.2850/Ir/urr/urr.dat.Ir.192.015.2.gz
 ... Write URR using TALYS average parameters (used for HFR)
 ... Limit of URR changed to 25 keV (recommendation from WPEC and JEFF)
 ... ---> Emax(RRR) taken from the file limit.ladder: 50 eV <---
 ... (File limit.ladder: /Users/koning/tares-1.8/source/Module//../../inputs/2025/limit.ladder.91n3n12611.2850)
 ... read D0, S0, Gn and Gg
 ... number of URR energies: 1380
 Number of l: 1380 and last energy: 12
 Last  URR energy: 50 eV
 ... Enter in to_MLBW_mf2 function
 ... Convert to Multi Level Breit Wigner (MLBW)
 ... Write parameter covariances (MF32) for l=0
 ... Convert parameter covariances (MF32) to MLBW
 ... copy the mf2 and mf32 to .mlbw files
 ... Enter in urr_correct function case 1
 Modify the higher limit of RRR in MF2
 --> old value: 3.142520-1 eV new value: 1.000000-2 eV
 Modify resonance covariances (MF32) to include correlations in the URR
 End Modify resonance covariances (MF32) to include correlations in the URR
 ... Enter in calendf_xs function
 Use CALENDF for statistical resonances (update MF2) up to 5.000000+1 eV (initial limit)
 Extract resonances from CALENDF for RRR->URR 2
 195 statistical resonances found
 After reduction, 179 statistical resonances found
 ... checking resonance order 1
 ... checking resonance order 2nd round for 177 resonances
 ... end checking resonance order 2nd round
 Too many resonances (177): reduced to 100.
 .......................................................
 ... Adjustment to the thermal cross section : start ...
 .......................................................
 ... ratio of 3.03463 applied for isomeric cross section (isomer/ground)

 Before adjustment (adjustment to the thermal cross section set to y)
 ... Import MF2 from TARES calculations
 ... End energy of TARES MF2 : 2.904400E+1 eV and limit to 40000 resonances
 ... File used for reconstruction: new.temp22.reconst
 ... run RECENT ...
 ... Doppler broadened at a unique temperature: 300 Kelvin using sigma1
 ... run SIGMA1 at 3.000000E+02 K.

 ============== INTER values at 300 Kelvin ==============
 Thermal (n,g) xs =  324.274 b. (meas/sys: 4794.71 b.) (warning: comparison to be done at 296 or 300 K)
 Th Maxw (n,g) xs =  317.98 b. (thermal Maxwellian value)
 Westcott factor  =  0.98058
 RI      (n,g)    =  764.421 b. (meas or sys: - b.)
 MACS 3.000e+04 eV=  2.3166 b. (meas or sys: - b.) from 1.00E+00 to 2.00E+07 eV (end of RRR) at T= 300 Kelvin 
 Thermal (n,el) xs=  9.53742 b.
 RI      (n,el)   =  37.959 b.
 ============= PSYCHE values ==============
 Ave. G_total L0  =  0.0789475 eV
 Ave. G_total L1  =  0.0819768 eV
 Ave. Gn_0    L0  =  0.000243327
 Ave. Gn_0    L1  =  6.79162e-05
 Ave. Gg      L0  =  0.0780884 eV
 Ave. Gg      L1  =  0.0819768 eV
 Ave. D       L0  =  1.38305 eV
 Ave. D       L1  =  0.433492 eV
 Ave. S       L0  =  9.61637e-05 eV
 Ave. S       L1  =  2.61063e-05 eV
 =========================================
 Calculated capture integral   764.421 b.
 Calculated thermal (n,g)=          324.273832 b. and recommended= 4794.71 b. (C/E= 0.0676315)
 Calculated RI      (n,g)= 764.421 b. (no reference value)
 ... tolerances: thermal (n,g) 5 % (reference uncertainties, minimum 2% and 5%, maximum 20%)
 Adjust the capture widths ...
 ... capture adjusted with Gn for 100 resonances (Gn<Gg) and with Gg for 0 resonances
 ... iteration 0: C/E thermal (n,g)= 0.0676315
 Warning: 100 widths limited to a change of a factor 10 from their starting values

 <-------- After adjustment -------->
 ... Import MF2 from TARES calculations
 ... End energy of TARES MF2 : 2.904400E+1 eV and limit to 40000 resonances
 ... File used for reconstruction: new.temp22.reconst
 ... run RECENT ...
 ... Doppler broadened at a unique temperature: 300 Kelvin using sigma1
 ... run SIGMA1 at 3.000000E+02 K.

 ============== INTER values at 300 Kelvin ==============
 Thermal (n,g) xs =  3242.52 b. (meas/sys: 4794.71 b.) (warning: comparison to be done at 296 or 300 K)
 Th Maxw (n,g) xs =  3179.5 b. (thermal Maxwellian value)
 Westcott factor  =  0.98057
 RI      (n,g)    =  5119.29 b. (meas or sys: - b.)
 MACS 3.000e+04 eV=  2.317 b. (meas or sys: - b.) from 1.00E+00 to 2.00E+07 eV (end of RRR) at T= 300 Kelvin 
 Thermal (n,el) xs=  50.6226 b.
 RI      (n,el)   =  741.061 b.
 ============= PSYCHE values ==============
 Ave. G_total L0  =  0.0866787 eV
 Ave. G_total L1  =  0.0819769 eV
 Ave. Gn_0    L0  =  0.00243327
 Ave. Gn_0    L1  =  0.000679162
 Ave. Gg      L0  =  0.0780884 eV
 Ave. Gg      L1  =  0.0819768 eV
 Ave. D       L0  =  1.38305 eV
 Ave. D       L1  =  0.433492 eV
 Ave. S       L0  =  0.000961637 eV
 Ave. S       L1  =  0.000261062 eV
 =========================================
 ... iteration 1: C/E thermal (n,g)= 0.676269
 Warning: 100 widths limited to a change of a factor 10 from their starting values

 <-------- After adjustment -------->
 ... Import MF2 from TARES calculations
 ... End energy of TARES MF2 : 2.904400E+1 eV and limit to 40000 resonances
 ... File used for reconstruction: new.temp22.reconst
 ... run RECENT ...
 ... Doppler broadened at a unique temperature: 300 Kelvin using sigma1
 ... run SIGMA1 at 3.000000E+02 K.

 ============== INTER values at 300 Kelvin ==============
 Thermal (n,g) xs =  3242.52 b. (meas/sys: 4794.71 b.) (warning: comparison to be done at 296 or 300 K)
 Th Maxw (n,g) xs =  3179.5 b. (thermal Maxwellian value)
 Westcott factor  =  0.98057
 RI      (n,g)    =  5119.29 b. (meas or sys: - b.)
 MACS 3.000e+04 eV=  2.317 b. (meas or sys: - b.) from 1.00E+00 to 2.00E+07 eV (end of RRR) at T= 300 Kelvin 
 Thermal (n,el) xs=  50.6226 b.
 RI      (n,el)   =  741.061 b.
 ============= PSYCHE values ==============
 Ave. G_total L0  =  0.0866787 eV
 Ave. G_total L1  =  0.0819769 eV
 Ave. Gn_0    L0  =  0.00243327
 Ave. Gn_0    L1  =  0.000679162
 Ave. Gg      L0  =  0.0780884 eV
 Ave. Gg      L1  =  0.0819768 eV
 Ave. D       L0  =  1.38305 eV
 Ave. D       L1  =  0.433492 eV
 Ave. S       L0  =  0.000961637 eV
 Ave. S       L1  =  0.000261062 eV
 =========================================
 ... iteration 2: C/E thermal (n,g)= 0.676269
 Warning: no further change possible (widths at the limit of a factor 10): adjustment stopped


 ... ratio C/E thermal (n,g): 6.762687E-01
 ...................................................... 
 ... Adjustment to the thermal cross section : stop ...
 ...................................................... 
 ... new MF2 file after adjustment: n-Ir192n
 ... read the file /Users/koning/tares-1.8/source/Module//../../inputs/2025/list.jcs.urr to find URR origin
 Default URR taken from TALYS calculations with level density model: 91n3n12611.2850
 File considered for the URR: /Users/koning/tares-1.8/source/Module//../../inputs/2025/lib.urr/talys.urr/91n3n12611.2850/Ir/urr/urr.dat.Ir.192.015.2.gz
 ... Write URR using TALYS average parameters (not used for HFR)
 ... Limit of URR changed to 25 keV (recommendation from WPEC and JEFF)
 ... read D0, S0, Gn and Gg
 ... number of URR energies: 1296
 Number of l: 1296 and last energy: 12
 Last  URR energy: 12854.2 eV
 Energies in the URR : 1296 -> reduced by a factor 2
 Energies in the URR : 588 -> reduced by a factor 2
 ... Enter in urr_correct function case 2
 Modify the higher limit of RRR in MF2
 --> old value: 2.904400+1 eV new value: 2.904400+1 eV
 Modify resonance covariances (MF32) to include correlations in the URR
 End Modify resonance covariances (MF32) to include correlations in the URR
 ... Enter in update_MF32 function
 ... Change uncertainties
 ... for the HFR, random position of the positive resonances with 0.020000 %
 ... end of update MF32 function
 ... GLS calculation of the parameter correlations from the thermal/RI adjustment (MF32c)
 ... MF32: correlations from the thermal/RI adjustment (GLS) for 5 resonances (10 widths), 6 correlation lines
 ...   thermal (n,g): uncertainty from these widths 1515.82 b. -> 236.793 b. (reference: 4794.71 +/- 239.736 b.)
 ... copy the mf2 and mf32 to .mlbw files

 ... Start of final reconstruction and testing ...
 ... Reconstruction of cross sections at 0 Kelvin  ... Import MF2 from TARES calculations
 ... End energy of TARES MF2 : 2.904400E+1 eV and limit to 40000 resonances
 ... File used for reconstruction: n-Ir192n.reconst
 ... run RECENT ...
 ... Doppler broadened at a unique temperature: 0 Kelvin using sigma1
 ... The keyword temperature is zero, no Doppler broadening for the MACS

 ============== INTER values at 0 Kelvin ==============
 Thermal (n,g) xs =  3242.12 b. (meas/sys: 4794.71 b.) (warning: comparison to be done at 296 or 300 K)
 Th Maxw (n,g) xs =  3162.3 b. (thermal Maxwellian value)
 Westcott factor  =  0.97538
 RI      (n,g)    =  5112.7 b. (meas or sys: - b.)
 MACS 3.000e+04 eV=  2.3032 b. (meas or sys: - b.) from 1.00E+00 to 2.90E+01 eV (end of RRR) at T= 0 Kelvin 
 Thermal (n,el) xs=  50.5377 b.
 RI      (n,el)   =  740.17 b.
 ============= PSYCHE values ==============
 Ave. G_total L0  =  0.0866787 eV
 Ave. G_total L1  =  0.0819769 eV
 Ave. Gn_0    L0  =  0.00243327
 Ave. Gn_0    L1  =  0.000679162
 Ave. Gg      L0  =  0.0780884 eV
 Ave. Gg      L1  =  0.0819768 eV
 Ave. D       L0  =  1.38305 eV
 Ave. D       L1  =  0.433492 eV
 Ave. S       L0  =  0.000961637 eV
 Ave. S       L1  =  0.000261062 eV
 =========================================
 ... End of final reconstruction and testing ...

 ... grouping is not optimum, change to 70 groups
 ... Produce MF33 based on MF32 and 20 random files
 ... run endsam for 20 in groups of 1 global run
 ... run endsam from 1 to 20
 ... reorder resonance position after endsam (sampling)
 ... preparing the vectors  ... done
 ... nominal file 0 Cap(th)  ave= 3.242E+03 b. +/- 0.00 % || Ela(th) ave= 5.054E+01 b. +/- 0.00 % || RIcap ave= 4.90E+03 b. +/- 0.00 % || Macs30 ave= 8.66E+02 b. +/- 0.00 % || Gn^0(l=0) ave= 2.433E-03 +/- 0.00 % Gn^0(l=1) ave= 6.792E-04 +/- 0.00 % Gn^0(l=2) ave= 0.000E+00 +/- 0.00 % Gn^0(l=3) ave= 0.000E+00 +/- 0.00 % || Gtotal(l=0) ave= 8.668E-02 +/- 0.00 % Gtotal(l=1) ave= 8.198E-02 +/- 0.00 % Gtotal(l=2) ave= 0.000E+00 +/- 0.00 % Gtotal(l=3) ave= 0.000E+00 +/- 0.00 %  % || Gg(l=0) ave= 7.809E-02 +/- 0.00 % Gg(l=1) ave= 8.198E-02 +/- 0.00 % Gg(l=2) ave= 0.000E+00 +/- 0.00 % Gg(l=3) ave= 0.000E+00 +/- 0.00 %  % || D(l=0) ave= 1.383E+00 +/- 0.00 % D(l=1) ave= 4.335E-01 +/- 0.00 % D(l=2) ave= 0.000E+00 +/- 0.00 % D(l=3) ave= 0.000E+00 +/- 0.00 %  % || S(l=0) ave= 9.616E-04 +/- 0.00 % S(l=1) ave= 2.611E-04 +/- 0.00 % S(l=2) ave= 0.000E+00 +/- 0.00 % S(l=3) ave= 0.000E+00 +/- 0.00 % 
 ... random file  1 Cap(th)  ave= 2.846E+03 b. +/- 13.93 % || Ela(th) ave= 4.962E+01 b. +/- 1.85 % || RIcap ave= 4.76E+03 b. +/- 2.97 % || Macs30 ave= 8.49E+02 b. +/- 1.93 % || Gn^0(l=0) ave= 2.484E-03 +/- 2.03 % Gn^0(l=1) ave= 7.370E-04 +/- 7.85 % Gn^0(l=2) ave= 0.000E+00 +/- 0.00 % Gn^0(l=3) ave= 0.000E+00 +/- 0.00 % || Gtotal(l=0) ave= 8.686E-02 +/- 0.21 % Gtotal(l=1) ave= 8.198E-02 +/- 0.00 % Gtotal(l=2) ave= 0.000E+00 +/- 0.00 % Gtotal(l=3) ave= 0.000E+00 +/- 0.00 %  % || Gg(l=0) ave= 7.755E-02 +/- 0.69 % Gg(l=1) ave= 8.356E-02 +/- 1.90 % Gg(l=2) ave= 0.000E+00 +/- 0.00 % Gg(l=3) ave= 0.000E+00 +/- 0.00 %  % || D(l=0) ave= 1.418E+00 +/- 2.44 % D(l=1) ave= 4.335E-01 +/- 0.00 % D(l=2) ave= 0.000E+00 +/- 0.00 % D(l=3) ave= 0.000E+00 +/- 0.00 %  % || S(l=0) ave= 9.588E-04 +/- 0.29 % S(l=1) ave= 2.833E-04 +/- 7.85 % S(l=2) ave= 0.000E+00 +/- 0.00 % S(l=3) ave= 0.000E+00 +/- 0.00 % 
 ... random file  2 Cap(th)  ave= 4.795E+03 b. +/- 57.89 % || Ela(th) ave= 5.023E+01 b. +/- 2.29 % || RIcap ave= 4.86E+03 b. +/- 3.75 % || Macs30 ave= 8.37E+02 b. +/- 2.68 % || Gn^0(l=0) ave= 2.497E-03 +/- 1.81 % Gn^0(l=1) ave= 6.875E-04 +/- 12.28 % Gn^0(l=2) ave= 0.000E+00 +/- 0.00 % Gn^0(l=3) ave= 0.000E+00 +/- 0.00 % || Gtotal(l=0) ave= 8.692E-02 +/- 0.20 % Gtotal(l=1) ave= 8.198E-02 +/- 0.00 % Gtotal(l=2) ave= 0.000E+00 +/- 0.00 % Gtotal(l=3) ave= 0.000E+00 +/- 0.00 %  % || Gg(l=0) ave= 7.546E-02 +/- 3.96 % Gg(l=1) ave= 7.948E-02 +/- 7.45 % Gg(l=2) ave= 0.000E+00 +/- 0.00 % Gg(l=3) ave= 0.000E+00 +/- 0.00 %  % || D(l=0) ave= 1.429E+00 +/- 2.28 % D(l=1) ave= 4.335E-01 +/- 0.00 % D(l=2) ave= 0.000E+00 +/- 0.00 % D(l=3) ave= 0.000E+00 +/- 0.00 %  % || S(l=0) ave= 9.565E-04 +/- 0.42 % S(l=1) ave= 2.643E-04 +/- 12.28 % S(l=2) ave= 0.000E+00 +/- 0.00 % S(l=3) ave= 0.000E+00 +/- 0.00 % 
 ... random file  3 Cap(th)  ave= 5.432E+03 b. +/- 48.70 % || Ela(th) ave= 4.983E+01 b. +/- 2.44 % || RIcap ave= 4.82E+03 b. +/- 3.69 % || Macs30 ave= 8.36E+02 b. +/- 2.33 % || Gn^0(l=0) ave= 2.505E-03 +/- 1.66 % Gn^0(l=1) ave= 7.039E-04 +/- 11.14 % Gn^0(l=2) ave= 0.000E+00 +/- 0.00 % Gn^0(l=3) ave= 0.000E+00 +/- 0.00 % || Gtotal(l=0) ave= 8.695E-02 +/- 0.18 % Gtotal(l=1) ave= 8.198E-02 +/- 0.00 % Gtotal(l=2) ave= 0.000E+00 +/- 0.00 % Gtotal(l=3) ave= 0.000E+00 +/- 0.00 %  % || Gg(l=0) ave= 7.641E-02 +/- 4.01 % Gg(l=1) ave= 7.986E-02 +/- 6.48 % Gg(l=2) ave= 0.000E+00 +/- 0.00 % Gg(l=3) ave= 0.000E+00 +/- 0.00 %  % || D(l=0) ave= 1.435E+00 +/- 2.09 % D(l=1) ave= 4.335E-01 +/- 0.00 % D(l=2) ave= 0.000E+00 +/- 0.00 % D(l=3) ave= 0.000E+00 +/- 0.00 %  % || S(l=0) ave= 9.560E-04 +/- 0.38 % S(l=1) ave= 2.706E-04 +/- 11.14 % S(l=2) ave= 0.000E+00 +/- 0.00 % S(l=3) ave= 0.000E+00 +/- 0.00 % 
 ... random file  4 Cap(th)  ave= 5.203E+03 b. +/- 46.32 % || Ela(th) ave= 4.958E+01 b. +/- 2.42 % || RIcap ave= 4.76E+03 b. +/- 4.00 % || Macs30 ave= 8.22E+02 b. +/- 3.98 % || Gn^0(l=0) ave= 2.509E-03 +/- 1.51 % Gn^0(l=1) ave= 6.886E-04 +/- 11.10 % Gn^0(l=2) ave= 0.000E+00 +/- 0.00 % Gn^0(l=3) ave= 0.000E+00 +/- 0.00 % || Gtotal(l=0) ave= 8.697E-02 +/- 0.17 % Gtotal(l=1) ave= 8.198E-02 +/- 0.00 % Gtotal(l=2) ave= 0.000E+00 +/- 0.00 % Gtotal(l=3) ave= 0.000E+00 +/- 0.00 %  % || Gg(l=0) ave= 7.531E-02 +/- 4.65 % Gg(l=1) ave= 8.025E-02 +/- 5.84 % Gg(l=2) ave= 0.000E+00 +/- 0.00 % Gg(l=3) ave= 0.000E+00 +/- 0.00 %  % || D(l=0) ave= 1.438E+00 +/- 1.92 % D(l=1) ave= 4.335E-01 +/- 0.00 % D(l=2) ave= 0.000E+00 +/- 0.00 % D(l=3) ave= 0.000E+00 +/- 0.00 %  % || S(l=0) ave= 9.551E-04 +/- 0.39 % S(l=1) ave= 2.647E-04 +/- 11.10 % S(l=2) ave= 0.000E+00 +/- 0.00 % S(l=3) ave= 0.000E+00 +/- 0.00 % 
 ... random file  5 Cap(th)  ave= 4.797E+03 b. +/- 49.61 % || Ela(th) ave= 4.934E+01 b. +/- 2.46 % || RIcap ave= 4.75E+03 b. +/- 3.75 % || Macs30 ave= 8.26E+02 b. +/- 3.81 % || Gn^0(l=0) ave= 2.513E-03 +/- 1.43 % Gn^0(l=1) ave= 6.991E-04 +/- 10.53 % Gn^0(l=2) ave= 0.000E+00 +/- 0.00 % Gn^0(l=3) ave= 0.000E+00 +/- 0.00 % || Gtotal(l=0) ave= 8.698E-02 +/- 0.15 % Gtotal(l=1) ave= 8.198E-02 +/- 0.00 % Gtotal(l=2) ave= 0.000E+00 +/- 0.00 % Gtotal(l=3) ave= 0.000E+00 +/- 0.00 %  % || Gg(l=0) ave= 7.744E-02 +/- 7.40 % Gg(l=1) ave= 7.971E-02 +/- 5.59 % Gg(l=2) ave= 0.000E+00 +/- 0.00 % Gg(l=3) ave= 0.000E+00 +/- 0.00 %  % || D(l=0) ave= 1.441E+00 +/- 1.79 % D(l=1) ave= 4.335E-01 +/- 0.00 % D(l=2) ave= 0.000E+00 +/- 0.00 % D(l=3) ave= 0.000E+00 +/- 0.00 %  % || S(l=0) ave= 9.553E-04 +/- 0.36 % S(l=1) ave= 2.687E-04 +/- 10.53 % S(l=2) ave= 0.000E+00 +/- 0.00 % S(l=3) ave= 0.000E+00 +/- 0.00 % 
 ... random file  6 Cap(th)  ave= 4.563E+03 b. +/- 49.89 % || Ela(th) ave= 5.009E+01 b. +/- 4.28 % || RIcap ave= 4.78E+03 b. +/- 3.86 % || Macs30 ave= 8.36E+02 b. +/- 4.44 % || Gn^0(l=0) ave= 2.503E-03 +/- 1.63 % Gn^0(l=1) ave= 6.832E-04 +/- 11.47 % Gn^0(l=2) ave= 0.000E+00 +/- 0.00 % Gn^0(l=3) ave= 0.000E+00 +/- 0.00 % || Gtotal(l=0) ave= 8.694E-02 +/- 0.19 % Gtotal(l=1) ave= 8.198E-02 +/- 0.00 % Gtotal(l=2) ave= 0.000E+00 +/- 0.00 % Gtotal(l=3) ave= 0.000E+00 +/- 0.00 %  % || Gg(l=0) ave= 7.637E-02 +/- 7.75 % Gg(l=1) ave= 8.189E-02 +/- 8.25 % Gg(l=2) ave= 0.000E+00 +/- 0.00 % Gg(l=3) ave= 0.000E+00 +/- 0.00 %  % || D(l=0) ave= 1.432E+00 +/- 2.18 % D(l=1) ave= 4.335E-01 +/- 0.00 % D(l=2) ave= 0.000E+00 +/- 0.00 % D(l=3) ave= 0.000E+00 +/- 0.00 %  % || S(l=0) ave= 9.569E-04 +/- 0.53 % S(l=1) ave= 2.626E-04 +/- 11.47 % S(l=2) ave= 0.000E+00 +/- 0.00 % S(l=3) ave= 0.000E+00 +/- 0.00 % 
 ... random file  7 Cap(th)  ave= 4.306E+03 b. +/- 51.91 % || Ela(th) ave= 5.031E+01 b. +/- 4.14 % || RIcap ave= 4.78E+03 b. +/- 3.61 % || Macs30 ave= 8.39E+02 b. +/- 4.26 % || Gn^0(l=0) ave= 2.493E-03 +/- 1.88 % Gn^0(l=1) ave= 6.734E-04 +/- 11.55 % Gn^0(l=2) ave= 0.000E+00 +/- 0.00 % Gn^0(l=3) ave= 0.000E+00 +/- 0.00 % || Gtotal(l=0) ave= 8.690E-02 +/- 0.20 % Gtotal(l=1) ave= 8.198E-02 +/- 0.00 % Gtotal(l=2) ave= 0.000E+00 +/- 0.00 % Gtotal(l=3) ave= 0.000E+00 +/- 0.00 %  % || Gg(l=0) ave= 7.624E-02 +/- 7.27 % Gg(l=1) ave= 8.271E-02 +/- 8.08 % Gg(l=2) ave= 0.000E+00 +/- 0.00 % Gg(l=3) ave= 0.000E+00 +/- 0.00 %  % || D(l=0) ave= 1.426E+00 +/- 2.35 % D(l=1) ave= 4.335E-01 +/- 0.00 % D(l=2) ave= 0.000E+00 +/- 0.00 % D(l=3) ave= 0.000E+00 +/- 0.00 %  % || S(l=0) ave= 9.569E-04 +/- 0.50 % S(l=1) ave= 2.588E-04 +/- 11.55 % S(l=2) ave= 0.000E+00 +/- 0.00 % S(l=3) ave= 0.000E+00 +/- 0.00 % 
 ... random file  8 Cap(th)  ave= 4.367E+03 b. +/- 48.42 % || Ela(th) ave= 5.036E+01 b. +/- 3.92 % || RIcap ave= 4.81E+03 b. +/- 3.72 % || Macs30 ave= 8.42E+02 b. +/- 4.15 % || Gn^0(l=0) ave= 2.499E-03 +/- 1.88 % Gn^0(l=1) ave= 6.727E-04 +/- 10.91 % Gn^0(l=2) ave= 0.000E+00 +/- 0.00 % Gn^0(l=3) ave= 0.000E+00 +/- 0.00 % || Gtotal(l=0) ave= 8.692E-02 +/- 0.20 % Gtotal(l=1) ave= 8.198E-02 +/- 0.00 % Gtotal(l=2) ave= 0.000E+00 +/- 0.00 % Gtotal(l=3) ave= 0.000E+00 +/- 0.00 %  % || Gg(l=0) ave= 7.573E-02 +/- 7.16 % Gg(l=1) ave= 8.269E-02 +/- 7.62 % Gg(l=2) ave= 0.000E+00 +/- 0.00 % Gg(l=3) ave= 0.000E+00 +/- 0.00 %  % || D(l=0) ave= 1.429E+00 +/- 2.28 % D(l=1) ave= 4.335E-01 +/- 0.00 % D(l=2) ave= 0.000E+00 +/- 0.00 % D(l=3) ave= 0.000E+00 +/- 0.00 %  % || S(l=0) ave= 9.571E-04 +/- 0.48 % S(l=1) ave= 2.586E-04 +/- 10.91 % S(l=2) ave= 0.000E+00 +/- 0.00 % S(l=3) ave= 0.000E+00 +/- 0.00 % 
 ... random file  9 Cap(th)  ave= 4.316E+03 b. +/- 46.60 % || Ela(th) ave= 5.052E+01 b. +/- 3.83 % || RIcap ave= 4.82E+03 b. +/- 3.63 % || Macs30 ave= 8.46E+02 b. +/- 4.12 % || Gn^0(l=0) ave= 2.504E-03 +/- 1.88 % Gn^0(l=1) ave= 6.719E-04 +/- 10.36 % Gn^0(l=2) ave= 0.000E+00 +/- 0.00 % Gn^0(l=3) ave= 0.000E+00 +/- 0.00 % || Gtotal(l=0) ave= 8.693E-02 +/- 0.19 % Gtotal(l=1) ave= 8.198E-02 +/- 0.00 % Gtotal(l=2) ave= 0.000E+00 +/- 0.00 % Gtotal(l=3) ave= 0.000E+00 +/- 0.00 %  % || Gg(l=0) ave= 7.465E-02 +/- 8.14 % Gg(l=1) ave= 8.247E-02 +/- 7.29 % Gg(l=2) ave= 0.000E+00 +/- 0.00 % Gg(l=3) ave= 0.000E+00 +/- 0.00 %  % || D(l=0) ave= 1.431E+00 +/- 2.21 % D(l=1) ave= 4.335E-01 +/- 0.00 % D(l=2) ave= 0.000E+00 +/- 0.00 % D(l=3) ave= 0.000E+00 +/- 0.00 %  % || S(l=0) ave= 9.575E-04 +/- 0.47 % S(l=1) ave= 2.583E-04 +/- 10.37 % S(l=2) ave= 0.000E+00 +/- 0.00 % S(l=3) ave= 0.000E+00 +/- 0.00 % 
 ... random file  10 Cap(th)  ave= 4.227E+03 b. +/- 45.86 % || Ela(th) ave= 5.061E+01 b. +/- 3.68 % || RIcap ave= 4.81E+03 b. +/- 3.60 % || Macs30 ave= 8.41E+02 b. +/- 4.26 % || Gn^0(l=0) ave= 2.507E-03 +/- 1.85 % Gn^0(l=1) ave= 6.711E-04 +/- 9.90 % Gn^0(l=2) ave= 0.000E+00 +/- 0.00 % Gn^0(l=3) ave= 0.000E+00 +/- 0.00 % || Gtotal(l=0) ave= 8.694E-02 +/- 0.18 % Gtotal(l=1) ave= 8.198E-02 +/- 0.00 % Gtotal(l=2) ave= 0.000E+00 +/- 0.00 % Gtotal(l=3) ave= 0.000E+00 +/- 0.00 %  % || Gg(l=0) ave= 7.451E-02 +/- 7.80 % Gg(l=1) ave= 8.206E-02 +/- 7.17 % Gg(l=2) ave= 0.000E+00 +/- 0.00 % Gg(l=3) ave= 0.000E+00 +/- 0.00 %  % || D(l=0) ave= 1.433E+00 +/- 2.15 % D(l=1) ave= 4.335E-01 +/- 0.00 % D(l=2) ave= 0.000E+00 +/- 0.00 % D(l=3) ave= 0.000E+00 +/- 0.00 %  % || S(l=0) ave= 9.578E-04 +/- 0.45 % S(l=1) ave= 2.580E-04 +/- 9.90 % S(l=2) ave= 0.000E+00 +/- 0.00 % S(l=3) ave= 0.000E+00 +/- 0.00 % 
 ... random file  11 Cap(th)  ave= 4.053E+03 b. +/- 47.95 % || Ela(th) ave= 5.067E+01 b. +/- 3.54 % || RIcap ave= 4.80E+03 b. +/- 3.55 % || Macs30 ave= 8.39E+02 b. +/- 4.23 % || Gn^0(l=0) ave= 2.510E-03 +/- 1.81 % Gn^0(l=1) ave= 6.693E-04 +/- 9.55 % Gn^0(l=2) ave= 0.000E+00 +/- 0.00 % Gn^0(l=3) ave= 0.000E+00 +/- 0.00 % || Gtotal(l=0) ave= 8.695E-02 +/- 0.18 % Gtotal(l=1) ave= 8.198E-02 +/- 0.00 % Gtotal(l=2) ave= 0.000E+00 +/- 0.00 % Gtotal(l=3) ave= 0.000E+00 +/- 0.00 %  % || Gg(l=0) ave= 7.570E-02 +/- 9.01 % Gg(l=1) ave= 8.155E-02 +/- 7.21 % Gg(l=2) ave= 0.000E+00 +/- 0.00 % Gg(l=3) ave= 0.000E+00 +/- 0.00 %  % || D(l=0) ave= 1.435E+00 +/- 2.09 % D(l=1) ave= 4.335E-01 +/- 0.00 % D(l=2) ave= 0.000E+00 +/- 0.00 % D(l=3) ave= 0.000E+00 +/- 0.00 %  % || S(l=0) ave= 9.580E-04 +/- 0.44 % S(l=1) ave= 2.573E-04 +/- 9.55 % S(l=2) ave= 0.000E+00 +/- 0.00 % S(l=3) ave= 0.000E+00 +/- 0.00 % 
 ... random file  12 Cap(th)  ave= 4.042E+03 b. +/- 46.21 % || Ela(th) ave= 5.074E+01 b. +/- 3.43 % || RIcap ave= 4.79E+03 b. +/- 3.43 % || Macs30 ave= 8.38E+02 b. +/- 4.07 % || Gn^0(l=0) ave= 2.504E-03 +/- 1.96 % Gn^0(l=1) ave= 6.649E-04 +/- 9.51 % Gn^0(l=2) ave= 0.000E+00 +/- 0.00 % Gn^0(l=3) ave= 0.000E+00 +/- 0.00 % || Gtotal(l=0) ave= 8.693E-02 +/- 0.19 % Gtotal(l=1) ave= 8.198E-02 +/- 0.00 % Gtotal(l=2) ave= 0.000E+00 +/- 0.00 % Gtotal(l=3) ave= 0.000E+00 +/- 0.00 %  % || Gg(l=0) ave= 7.688E-02 +/- 10.06 % Gg(l=1) ave= 8.258E-02 +/- 8.11 % Gg(l=2) ave= 0.000E+00 +/- 0.00 % Gg(l=3) ave= 0.000E+00 +/- 0.00 %  % || D(l=0) ave= 1.431E+00 +/- 2.23 % D(l=1) ave= 4.335E-01 +/- 0.00 % D(l=2) ave= 0.000E+00 +/- 0.00 % D(l=3) ave= 0.000E+00 +/- 0.00 %  % || S(l=0) ave= 9.580E-04 +/- 0.42 % S(l=1) ave= 2.556E-04 +/- 9.51 % S(l=2) ave= 0.000E+00 +/- 0.00 % S(l=3) ave= 0.000E+00 +/- 0.00 % 
 ... random file  13 Cap(th)  ave= 4.004E+03 b. +/- 45.09 % || Ela(th) ave= 5.039E+01 b. +/- 4.16 % || RIcap ave= 4.79E+03 b. +/- 3.31 % || Macs30 ave= 8.34E+02 b. +/- 4.31 % || Gn^0(l=0) ave= 2.498E-03 +/- 2.07 % Gn^0(l=1) ave= 6.737E-04 +/- 10.18 % Gn^0(l=2) ave= 0.000E+00 +/- 0.00 % Gn^0(l=3) ave= 0.000E+00 +/- 0.00 % || Gtotal(l=0) ave= 8.691E-02 +/- 0.20 % Gtotal(l=1) ave= 8.198E-02 +/- 0.00 % Gtotal(l=2) ave= 0.000E+00 +/- 0.00 % Gtotal(l=3) ave= 0.000E+00 +/- 0.00 %  % || Gg(l=0) ave= 7.571E-02 +/- 11.31 % Gg(l=1) ave= 8.261E-02 +/- 7.81 % Gg(l=2) ave= 0.000E+00 +/- 0.00 % Gg(l=3) ave= 0.000E+00 +/- 0.00 %  % || D(l=0) ave= 1.428E+00 +/- 2.32 % D(l=1) ave= 4.335E-01 +/- 0.00 % D(l=2) ave= 0.000E+00 +/- 0.00 % D(l=3) ave= 0.000E+00 +/- 0.00 %  % || S(l=0) ave= 9.580E-04 +/- 0.41 % S(l=1) ave= 2.590E-04 +/- 10.18 % S(l=2) ave= 0.000E+00 +/- 0.00 % S(l=3) ave= 0.000E+00 +/- 0.00 % 
 ... random file  14 Cap(th)  ave= 4.368E+03 b. +/- 50.69 % || Ela(th) ave= 5.021E+01 b. +/- 4.23 % || RIcap ave= 4.82E+03 b. +/- 4.03 % || Macs30 ave= 8.37E+02 b. +/- 4.29 % || Gn^0(l=0) ave= 2.502E-03 +/- 2.07 % Gn^0(l=1) ave= 6.774E-04 +/- 10.00 % Gn^0(l=2) ave= 0.000E+00 +/- 0.00 % Gn^0(l=3) ave= 0.000E+00 +/- 0.00 % || Gtotal(l=0) ave= 8.692E-02 +/- 0.20 % Gtotal(l=1) ave= 8.198E-02 +/- 0.00 % Gtotal(l=2) ave= 0.000E+00 +/- 0.00 % Gtotal(l=3) ave= 0.000E+00 +/- 0.00 %  % || Gg(l=0) ave= 7.668E-02 +/- 11.79 % Gg(l=1) ave= 8.260E-02 +/- 7.54 % Gg(l=2) ave= 0.000E+00 +/- 0.00 % Gg(l=3) ave= 0.000E+00 +/- 0.00 %  % || D(l=0) ave= 1.429E+00 +/- 2.28 % D(l=1) ave= 4.335E-01 +/- 0.00 % D(l=2) ave= 0.000E+00 +/- 0.00 % D(l=3) ave= 0.000E+00 +/- 0.00 %  % || S(l=0) ave= 9.583E-04 +/- 0.41 % S(l=1) ave= 2.604E-04 +/- 10.00 % S(l=2) ave= 0.000E+00 +/- 0.00 % S(l=3) ave= 0.000E+00 +/- 0.00 % 
 ... random file  15 Cap(th)  ave= 4.367E+03 b. +/- 49.09 % || Ela(th) ave= 5.030E+01 b. +/- 4.14 % || RIcap ave= 4.83E+03 b. +/- 3.91 % || Macs30 ave= 8.38E+02 b. +/- 4.20 % || Gn^0(l=0) ave= 2.505E-03 +/- 2.06 % Gn^0(l=1) ave= 6.729E-04 +/- 10.09 % Gn^0(l=2) ave= 0.000E+00 +/- 0.00 % Gn^0(l=3) ave= 0.000E+00 +/- 0.00 % || Gtotal(l=0) ave= 8.693E-02 +/- 0.19 % Gtotal(l=1) ave= 8.198E-02 +/- 0.00 % Gtotal(l=2) ave= 0.000E+00 +/- 0.00 % Gtotal(l=3) ave= 0.000E+00 +/- 0.00 %  % || Gg(l=0) ave= 7.691E-02 +/- 11.44 % Gg(l=1) ave= 8.312E-02 +/- 7.65 % Gg(l=2) ave= 0.000E+00 +/- 0.00 % Gg(l=3) ave= 0.000E+00 +/- 0.00 %  % || D(l=0) ave= 1.431E+00 +/- 2.24 % D(l=1) ave= 4.335E-01 +/- 0.00 % D(l=2) ave= 0.000E+00 +/- 0.00 % D(l=3) ave= 0.000E+00 +/- 0.00 %  % || S(l=0) ave= 9.587E-04 +/- 0.42 % S(l=1) ave= 2.586E-04 +/- 10.09 % S(l=2) ave= 0.000E+00 +/- 0.00 % S(l=3) ave= 0.000E+00 +/- 0.00 % 
 ... random file  16 Cap(th)  ave= 4.242E+03 b. +/- 50.45 % || Ela(th) ave= 5.053E+01 b. +/- 4.39 % || RIcap ave= 4.83E+03 b. +/- 3.82 % || Macs30 ave= 8.37E+02 b. +/- 4.09 % || Gn^0(l=0) ave= 2.500E-03 +/- 2.18 % Gn^0(l=1) ave= 6.685E-04 +/- 10.19 % Gn^0(l=2) ave= 0.000E+00 +/- 0.00 % Gn^0(l=3) ave= 0.000E+00 +/- 0.00 % || Gtotal(l=0) ave= 8.691E-02 +/- 0.20 % Gtotal(l=1) ave= 8.198E-02 +/- 0.00 % Gtotal(l=2) ave= 0.000E+00 +/- 0.00 % Gtotal(l=3) ave= 0.000E+00 +/- 0.00 %  % || Gg(l=0) ave= 7.806E-02 +/- 12.42 % Gg(l=1) ave= 8.317E-02 +/- 7.42 % Gg(l=2) ave= 0.000E+00 +/- 0.00 % Gg(l=3) ave= 0.000E+00 +/- 0.00 %  % || D(l=0) ave= 1.428E+00 +/- 2.31 % D(l=1) ave= 4.335E-01 +/- 0.00 % D(l=2) ave= 0.000E+00 +/- 0.00 % D(l=3) ave= 0.000E+00 +/- 0.00 %  % || S(l=0) ave= 9.584E-04 +/- 0.42 % S(l=1) ave= 2.570E-04 +/- 10.19 % S(l=2) ave= 0.000E+00 +/- 0.00 % S(l=3) ave= 0.000E+00 +/- 0.00 % 
 ... random file  17 Cap(th)  ave= 4.202E+03 b. +/- 49.64 % || Ela(th) ave= 5.056E+01 b. +/- 4.28 % || RIcap ave= 4.82E+03 b. +/- 3.83 % || Macs30 ave= 8.37E+02 b. +/- 3.99 % || Gn^0(l=0) ave= 2.501E-03 +/- 2.13 % Gn^0(l=1) ave= 6.654E-04 +/- 10.13 % Gn^0(l=2) ave= 0.000E+00 +/- 0.00 % Gn^0(l=3) ave= 0.000E+00 +/- 0.00 % || Gtotal(l=0) ave= 8.692E-02 +/- 0.20 % Gtotal(l=1) ave= 8.198E-02 +/- 0.00 % Gtotal(l=2) ave= 0.000E+00 +/- 0.00 % Gtotal(l=3) ave= 0.000E+00 +/- 0.00 %  % || Gg(l=0) ave= 7.818E-02 +/- 12.07 % Gg(l=1) ave= 8.342E-02 +/- 7.29 % Gg(l=2) ave= 0.000E+00 +/- 0.00 % Gg(l=3) ave= 0.000E+00 +/- 0.00 %  % || D(l=0) ave= 1.429E+00 +/- 2.28 % D(l=1) ave= 4.335E-01 +/- 0.00 % D(l=2) ave= 0.000E+00 +/- 0.00 % D(l=3) ave= 0.000E+00 +/- 0.00 %  % || S(l=0) ave= 9.581E-04 +/- 0.43 % S(l=1) ave= 2.558E-04 +/- 10.13 % S(l=2) ave= 0.000E+00 +/- 0.00 % S(l=3) ave= 0.000E+00 +/- 0.00 % 
 ... random file  18 Cap(th)  ave= 4.147E+03 b. +/- 49.28 % || Ela(th) ave= 5.062E+01 b. +/- 4.18 % || RIcap ave= 4.82E+03 b. +/- 3.73 % || Macs30 ave= 8.36E+02 b. +/- 3.89 % || Gn^0(l=0) ave= 2.497E-03 +/- 2.17 % Gn^0(l=1) ave= 6.626E-04 +/- 10.07 % Gn^0(l=2) ave= 0.000E+00 +/- 0.00 % Gn^0(l=3) ave= 0.000E+00 +/- 0.00 % || Gtotal(l=0) ave= 8.691E-02 +/- 0.20 % Gtotal(l=1) ave= 8.198E-02 +/- 0.00 % Gtotal(l=2) ave= 0.000E+00 +/- 0.00 % Gtotal(l=3) ave= 0.000E+00 +/- 0.00 %  % || Gg(l=0) ave= 7.787E-02 +/- 11.92 % Gg(l=1) ave= 8.313E-02 +/- 7.27 % Gg(l=2) ave= 0.000E+00 +/- 0.00 % Gg(l=3) ave= 0.000E+00 +/- 0.00 %  % || D(l=0) ave= 1.427E+00 +/- 2.34 % D(l=1) ave= 4.335E-01 +/- 0.00 % D(l=2) ave= 0.000E+00 +/- 0.00 % D(l=3) ave= 0.000E+00 +/- 0.00 %  % || S(l=0) ave= 9.582E-04 +/- 0.43 % S(l=1) ave= 2.547E-04 +/- 10.07 % S(l=2) ave= 0.000E+00 +/- 0.00 % S(l=3) ave= 0.000E+00 +/- 0.00 % 
 ... random file  19 Cap(th)  ave= 4.038E+03 b. +/- 50.74 % || Ela(th) ave= 5.051E+01 b. +/- 4.21 % || RIcap ave= 4.82E+03 b. +/- 3.67 % || Macs30 ave= 8.37E+02 b. +/- 3.81 % || Gn^0(l=0) ave= 2.500E-03 +/- 2.16 % Gn^0(l=1) ave= 6.646E-04 +/- 9.87 % Gn^0(l=2) ave= 0.000E+00 +/- 0.00 % Gn^0(l=3) ave= 0.000E+00 +/- 0.00 % || Gtotal(l=0) ave= 8.691E-02 +/- 0.20 % Gtotal(l=1) ave= 8.198E-02 +/- 0.00 % Gtotal(l=2) ave= 0.000E+00 +/- 0.00 % Gtotal(l=3) ave= 0.000E+00 +/- 0.00 %  % || Gg(l=0) ave= 7.797E-02 +/- 11.61 % Gg(l=1) ave= 8.288E-02 +/- 7.23 % Gg(l=2) ave= 0.000E+00 +/- 0.00 % Gg(l=3) ave= 0.000E+00 +/- 0.00 %  % || D(l=0) ave= 1.428E+00 +/- 2.31 % D(l=1) ave= 4.335E-01 +/- 0.00 % D(l=2) ave= 0.000E+00 +/- 0.00 % D(l=3) ave= 0.000E+00 +/- 0.00 %  % || S(l=0) ave= 9.583E-04 +/- 0.42 % S(l=1) ave= 2.554E-04 +/- 9.87 % S(l=2) ave= 0.000E+00 +/- 0.00 % S(l=3) ave= 0.000E+00 +/- 0.00 % 
 ... random file  20 Cap(th)  ave= 4.031E+03 b. +/- 49.61 % || Ela(th) ave= 5.044E+01 b. +/- 4.15 % || RIcap ave= 4.80E+03 b. +/- 4.06 % || Macs30 ave= 8.34E+02 b. +/- 4.01 % || Gn^0(l=0) ave= 2.496E-03 +/- 2.20 % Gn^0(l=1) ave= 6.656E-04 +/- 9.64 % Gn^0(l=2) ave= 0.000E+00 +/- 0.00 % Gn^0(l=3) ave= 0.000E+00 +/- 0.00 % || Gtotal(l=0) ave= 8.690E-02 +/- 0.20 % Gtotal(l=1) ave= 8.198E-02 +/- 0.00 % Gtotal(l=2) ave= 0.000E+00 +/- 0.00 % Gtotal(l=3) ave= 0.000E+00 +/- 0.00 %  % || Gg(l=0) ave= 7.744E-02 +/- 11.81 % Gg(l=1) ave= 8.323E-02 +/- 7.27 % Gg(l=2) ave= 0.000E+00 +/- 0.00 % Gg(l=3) ave= 0.000E+00 +/- 0.00 %  % || D(l=0) ave= 1.426E+00 +/- 2.36 % D(l=1) ave= 4.335E-01 +/- 0.00 % D(l=2) ave= 0.000E+00 +/- 0.00 % D(l=3) ave= 0.000E+00 +/- 0.00 %  % || S(l=0) ave= 9.584E-04 +/- 0.41 % S(l=1) ave= 2.558E-04 +/- 9.64 % S(l=2) ave= 0.000E+00 +/- 0.00 % S(l=3) ave= 0.000E+00 +/- 0.00 % 
 ... Histogram plot for thermal (n,g)
 ... Write covariances  ... MT1  ... plot correlations
 ... MT2  ... MT102 


 ================================================
 ============== From 20 random values === start ======
 Thermal (n,tot) xs  0 K =  4081.05 b. +/- 1998.96 b. ( 48.9815 %) skew= +1.59 +/- 0.50
 Thermal (n,el) xs   0 K =  50.4417 b. +/- 2.09243 b. ( 4.14822 %) skew= -0.10 +/- 0.50
 Thermal (n,g) xs    0 K =  4030.61 b. +/- 1999.42 b. ( 49.6061 %) skew= +1.59 +/- 0.50
 RI      (n,g)       0 K =  4797.29 b. +/- 194.775 b. ( 4.0601 %) 
 MACS    (n,g)       0 K (at Emacs= 30000 eV) =  833.957 b. +/- 33.4249 b. ( 4.00799 %) 
 Ave. Gtotal  L=0        =  8.690E-02 +/- 0.20 %
 Ave. Gn^(0)  L=0        =  2.496E-03 +/- 2.20 %
 Ave. Gg      L=0        =  7.744E-02 +/- 11.81 %
 Ave. D       L=0        =  1.426E+00 +/- 2.36 %
 Ave. S       L=0        =  9.584E-04 +/- 0.41 %
 Ave. Gtotal  L=1        =  8.198E-02 +/- 0.00 %
 Ave. Gg      L=1        =  8.323E-02 +/- 7.27 %
 Ave. D       L=1        =  4.335E-01 +/- 0.00 %
 Ave. S       L=1        =  2.558E-04 +/- 9.64 %

 Expected Thermal (n,g) (syst or meas)= 4794.71 b. +/- 239.736 b. nominal: 3242.12 b.
 ratio Calculated/expected thermal (n,g): 0.84 ratio DCalculated/Dexpected: 8.34 ratio Calculated/Nominal: 1.24
 ============== From 20 random values ===== stop ======
 ================================================
 ... Calculation of (n,a) and (n,p) cross sections at 300 K
 ... thermal (n,a) cross section is 2.21979e-10 +/- 1.1099e-10 b.
 ... thermal (n,a) cross section is 0 b. (random case 1)
 ... thermal (n,a) cross section is 0 b. (random case 2)
 ... thermal (n,a) cross section is 0 b. (random case 3)
 ... thermal (n,a) cross section is 0 b. (random case 4)
 ... thermal (n,a) cross section is 0 b. (random case 5)
 ... thermal (n,a) cross section is 0 b. (random case 6)
 ... thermal (n,a) cross section is 0 b. (random case 7)
 ... thermal (n,a) cross section is 0 b. (random case 8)
 ... thermal (n,a) cross section is 0 b. (random case 9)
 ... thermal (n,a) cross section is 0 b. (random case 10)
 ... thermal (n,a) cross section is 0 b. (random case 11)
 ... thermal (n,a) cross section is 0 b. (random case 12)
 ... thermal (n,a) cross section is 0 b. (random case 13)
 ... thermal (n,a) cross section is 0 b. (random case 14)
 ... thermal (n,a) cross section is 0 b. (random case 15)
 ... thermal (n,a) cross section is 0 b. (random case 16)
 ... thermal (n,a) cross section is 0 b. (random case 17)
 ... thermal (n,a) cross section is 0 b. (random case 18)
 ... thermal (n,a) cross section is 0 b. (random case 19)
 ... thermal (n,a) cross section is 0 b. (random case 20)
 ... thermal (n,p) cross section is 2.21979e-10 +/- 1.1099e-10 b.
 ... thermal (n,p) cross section is 0 b. (random case 1)
 ... thermal (n,p) cross section is 0 b. (random case 2)
 ... thermal (n,p) cross section is 0 b. (random case 3)
 ... thermal (n,p) cross section is 0 b. (random case 4)
 ... thermal (n,p) cross section is 0 b. (random case 5)
 ... thermal (n,p) cross section is 0 b. (random case 6)
 ... thermal (n,p) cross section is 0 b. (random case 7)
 ... thermal (n,p) cross section is 0 b. (random case 8)
 ... thermal (n,p) cross section is 0 b. (random case 9)
 ... thermal (n,p) cross section is 0 b. (random case 10)
 ... thermal (n,p) cross section is 0 b. (random case 11)
 ... thermal (n,p) cross section is 0 b. (random case 12)
 ... thermal (n,p) cross section is 0 b. (random case 13)
 ... thermal (n,p) cross section is 0 b. (random case 14)
 ... thermal (n,p) cross section is 0 b. (random case 15)
 ... thermal (n,p) cross section is 0 b. (random case 16)
 ... thermal (n,p) cross section is 0 b. (random case 17)
 ... thermal (n,p) cross section is 0 b. (random case 18)
 ... thermal (n,p) cross section is 0 b. (random case 19)
 ... thermal (n,p) cross section is 0 b. (random case 20)
 ... Rewrite index for MF2
 ... Write text for MF1 in file mf1.tares.txt
 ... plotting cross sections for the MF1
 ... order output files


================== summary ==================
 Thermal (n,tot) xs = 3292.66 b. 
 Thermal (n,el)  xs = 50.5377 b. 
 Thermal (n,g)   xs = 3242.12 b. (meas/sys: 4794.71 b.)
 At 300 K (thermal adjustment): (n,el) = 50.6226 b., (n,g) = 3242.52 b.

 RI      (n,g)      = 5112.7 b. (meas or sys: - b.)
 RI      (n,el)     = 740.17 b.
=============================================


 ... cleaning
                                                 
  -------------------------------------------------------------
  -                                                           -
  - TARES: successful end of run with data from hypothetical  -
  - resonances for  Z= 77, A= 192 and isomer= 2               -
  - half-life: 241.152969 years
  -                                                           -
  -------------------------------------------------------------

   Running time:       24 seconds

 End time: Wed Oct  7 09:45:15 2026

