
  -------------------------------------------------------------
  -                                                           -
  -              Welcome to TARES version 1.8                 -
  -                                                           -
  -  (C) Copyright 2007-2025 D. Rochman, All Rights Reserved  -
  -           NRG, Petten, the Netherlands 2007-2014          -
  -           PSI, Villigen    Switzerland 2015-2025          -
  -         Nagra, Wettingen   Switzerland 2025-              -
  -           (Last Modified October 06, 2026)                -
  -           (Database from October 06, 2026)                -
  -                                                           -
  -------------------------------------------------------------


  ---------------------------------------------
   Compilation information:
   Compiled on:         Oct  8 2026, 18:36:06
   Compiled by:         koning
   Compiler version:    clang++ - 21.0.0
   Source location:     /Users/koning/tares-1.8/source/Module/
   Binaries location:   /Users/koning/bin
   System:              Darwin 25.6.0
   System version:      Darwin Kernel Version 25.6.0: Fri Jul 31 19:19:08 PDT 2026; root:xnu-12377.161.14~5/RELEASE_ARM64_T6050  
   Machine:             arm64 
  ---------------------------------------------

   User information:
   User name:           koning
   Running directory:   /Users/koning/tendl/resbase/Au193m/work
   Owner mode for running directory : rwx
   Group mode for running directory : r-x
  ---------------------------------------------


 Starting time: Fri Oct  9 13:22:40 2026
 ... inputs directory found (/Users/koning/tares-1.8/source/Module//../../inputs/).
 ... It will be used for resonance parameters 
 ... ###############################################
 ... #     read the input file tares.inp
 ... ###############################################
 ... line: #
 ... line: # Input file generated by Autorochman
          --> line not read
 ... line: #
 ... line: isotope    Au
          --> Isotope name: Au
 ... line: mass       193
          --> isotopic mass: 193
 ... line: output     n-Au193m
         ---> Name of the output files: n-Au193m
 ... line: isomer     1
          --> isomeric state: 1
 ... line: mf32mf33   y
          --> MF33 based on MF32: y
 ... line: nbrRandom  6
          --> Nbr of random files: 6
 ... ###############################################
 ... # end read the input file tares.inp
 ... ###############################################
Value for random generator type not considered in since Tares 1.7 due to compilation issues

 ... ###############################################
     #   Interpretation of the Input definition    #
     ###############################################

 ... Default energy limit: End of resonance region
 ... Nuclear charge    = 79
 ... Element           = Au
 ... Mass              = 193
 ... Isomer            = 1
 ... Correlation for (Gn,Gg) not included in random files
 ... Default random option: No random
 ... Output name: n-Au193m
 ... Energy for the MACS: 30000 eV
 ... Resonances from CALENDF reduced (reduce=y) 
 ... For URR, level density model from TALYS selected: 91n3n12611.2850 (see manual for description)
 ... Random Generator: default (pseudo random numbers from ansi c++)
 ... Reconstruction of cross section selected
 ... Doppler broadening at 0 Kelvin
 ... URR not included (from the input file flag)
 ... Weight for grouping is flat
 ... Calculation of (n,alpha) cross section selected
 ... Number of digit for MF32c covariance representation: 2
 ... MF32 included
 ... MF33 will be used for covariance processing
 ... TENDL option set to yes (automatic choice of MF2 and format)
 ... Isotope not found in the best file --> use of MLBW formalism
 ... default option: Multi level Breit Wigner approximation selected
 ... (check file best.tendl.yes for changing this option)
 ... Retroactive option set to no with the 2025 option

 ... ###############################################
     #           End of Input definition           #
     ###############################################

 ... gnuplot found, will be used for plotting
 ... latex found, will be used for plotting
 ... dvips found, will be used for plotting
 ... ps2epsi not found, limited plotting available
 ... uncertainties on default parameters multiplied by 1.33547
 ... Read resonance data from the 2025 directory
 ... Resonance parameters taken from /Users/koning/tares-1.8/source/Module//../../inputs/2025/Resonance/default/
 ---> Processing Z= 79 and A= 193 and isomer= 1 (level number: 4)
 Exfor path; Could not find /Users/koning/tares-1.8/source/Module//../../inputs/exfor/Au193m/xs/102
Thermal file; Could not open file /Users/koning/tares-1.8/source/Module//../../inputs/2025/runThermal/results//thermal.mxw.ng.cendl3.1
Thermal file; Could not open file /Users/koning/tares-1.8/source/Module//../../inputs/2025/runThermal/results//thermal.mxw.ng.brond3.1
Thermal file; Could not open file /Users/koning/tares-1.8/source/Module//../../inputs/2025/runThermal/results//thermal.xs.ng.unc.cendl3.1
 ... spin taken from the final/ directory (1)

 ... ###############################################
 ... #  Nucleus global parameters (2025 database)  #
 ... ###############################################
 0. Half-life: 3.9 sec. 
 ... Scattering radius from TALYS: /Users/koning/tares-1.8/source/Module//../../inputs/2025/lib.urr/talys.urr/
 1. Spin of the target isotope: 5.5
 2. Relative Atomic Mass of the target isotope: 192.964
 3. Level of the isomer: 0.290200 MeV (level number 4)
 4. Scattering radius (local compilation): 7.66598 fm +/- 0.183984 fm
      .......................................
      ... Thermal capture cross sections: ...
 ... ratio of 2.09093 applied for isomeric cross section (isomer/ground)
 5. Thermal (n,g) cross section from systematics (TALYS, urr.dat): 129.227 +/- 109.843 b.
 6. Thermal (n,g) cross section from compilation (Firestone-2022 average on element Au): 98.82 +/- 0.14 b.
 7. Thermal (n,g) cross section from compilation (Firestone-2022 final on element Au): 98.7 +/- 0.08 b.
      .......................................
      ...  Thermal total cross sections:  ...
      .......................................
      ... Thermal elastic cross sections: ...
 8. Thermal (n,el) cross section from potential (4piR^2): 9.6343 +/- 0.481715 b.
      .......................................
             ... Resonance integral: ...
 9. No capture integral found in /Users/koning/tares-1.8/source/Module//../../inputs/capture.integral
 ... no RI(n,g) found in local compilation, take 2018 value.
 ... no RI(n,g) found in local compilation, take Sukhoruchkin value.
   ---- MACS 30 keV ----- 
 10. TALYS MACS 30 keV (HF): 0.000762119 b. 
   ---------- S0 -------- 
 11. S0 from TALYS: 1.29359
   ---------- S1 -------- 
 12. S1 from TALYS: 0.427055
   ---------- S2 -------- 
 13. S2 from TALYS: 2.88155
   ---------- D0 -------- 
 14. D0 from TALYS: 0.776091 eV
   ---------- D1 -------- 
 15. D1 from TALYS: 0.397231 eV
   ---------- D2 -------- 
 16. D2 from TALYS: 0.275365 eV
   ---------- G0 -------- 
 17. Gg0 from TALYS: 0.116266 eV
   ---------- G1 -------- 
 18. Gg1 from TALYS: 0.119264 eV
   ---------- G2 -------- 
 19. Gg2 from TALYS: 0.121715 eV


   ---------------------- 
 ... Read resonance parameters (format: 2: Multi Level Breit Wigner)
 ... 0 resonances found 
 ... possibly no resonances in the Resonance directory for this isotope and options
 ... Use HFR (ladder) behavior 
 --> 21. Number of resonances from the input file: 2 up to 0.388046 eV
 22. Read nuclear quantities (mass, MAT...)
 23. Read thermal (n,g) xs 
 24. Read the scattering radius 
 25. Read uncertainty on Gg for 2 resonances
 26. Read uncertainty on Gg for 2 resonances ... done
 ... order resonances 
 ... Upper limit for the RRR: 0.388046 eV (no statistical resonances HFR) from the limit.RRR file
 ... Write parameters for l=0 waves
 ... End writing original MF2 
 ... No RRR in the database: uncertainties on default parameters multiplied by 1.99753
 ... Enter in urr function (ladder option set to y) for file n-Au193m
 ... read the file /Users/koning/tares-1.8/source/Module//../../inputs/2025/list.jcs.urr to find URR origin
 Default URR taken from TALYS calculations with level density model: 91n3n12611.2850
 File considered for the URR: /Users/koning/tares-1.8/source/Module//../../inputs/2025/lib.urr/talys.urr/91n3n12611.2850/Au/urr/urr.dat.Au.193.004.1.gz
 ... Write URR using TALYS average parameters (used for HFR)
 ... Limit of URR changed to 25 keV (recommendation from WPEC and JEFF)
 ... Extract the Sn value from file ./urr.dat.Au.193.4.1
 ... found Sn= 6.87844 MeV
 ... estimated number of resonances up to 4227.18 eV:  1 resonances
 ... This is a test here. The higher energy limit to include URR data for calendf is set to max Sn. 24/03/2016
 ... Use Sn to define the maximum energy for the URR: Sn= 6.87844 MeV --> last_energyURR= 4227.18 eV
 ... read D0, S0, Gn and Gg
 ... number of URR energies: 2376
 Number of l: 2376 and last energy: 12
 Last  URR energy: 4227.18 eV
 ... Enter in to_MLBW_mf2 function
 ... Convert to Multi Level Breit Wigner (MLBW)
 ... Write parameter covariances (MF32) for l=0
 ... Convert parameter covariances (MF32) to MLBW
 ... copy the mf2 and mf32 to .mlbw files
 ... Enter in urr_correct function case 1
 Modify the higher limit of RRR in MF2
 --> old value: 3.899860-1 eV new value: 1.000000-2 eV
 Modify resonance covariances (MF32) to include correlations in the URR
 End Modify resonance covariances (MF32) to include correlations in the URR
 ... Enter in calendf_xs function
 Use CALENDF for statistical resonances (update MF2) up to 4.227180+3 eV (initial limit)
 Extract resonances from CALENDF for RRR->URR 2
 More than 5000 resonances found (34512 statistical resonances found)
 Reduction to 100 resonances based on the half-life of the isotope
 After reduction, 101 statistical resonances found
 ... checking resonance order 1
 ... checking resonance order 2nd round for 100 resonances
 ... end checking resonance order 2nd round
 .......................................................
 ... Adjustment to the thermal cross section : start ...
 .......................................................
 ... ratio of 2.09093 applied for isomeric cross section (isomer/ground)

 Before adjustment (adjustment to the thermal cross section set to y)
 ... Import MF2 from TARES calculations
 ... End energy of TARES MF2 : 1.828340E+2 eV and limit to 40000 resonances
 ... File used for reconstruction: new.temp22.reconst
 ... run RECENT ...
 ... Doppler broadened at a unique temperature: 300 Kelvin using sigma1
 ... run SIGMA1 at 3.000000E+02 K.

 ============== INTER values at 300 Kelvin ==============
 Thermal (n,g) xs =  10.9126 b. (meas/sys: 129.227 b.) (warning: comparison to be done at 296 or 300 K)
 Th Maxw (n,g) xs =  11.096 b. (thermal Maxwellian value)
 Westcott factor  =  1.01681
 RI      (n,g)    =  279.17 b. (meas or sys: - b.)
 MACS 3.000e+04 eV=  2.2225 b. (meas or sys: - b.) from 1.00E+00 to 2.00E+07 eV (end of RRR) at T= 300 Kelvin 
 Thermal (n,el) xs=  6.6411 b.
 RI      (n,el)   =  43.3856 b.
 ============= PSYCHE values ==============
 Ave. G_total L0  =  0.116747 eV
 Ave. G_total L1  =  0.114255 eV
 Ave. Gn_0    L0  =  0.000210214
 Ave. Gn_0    L1  =  0.000378962
 Ave. Gg      L0  =  0.114873 eV
 Ave. Gg      L1  =  0.114253 eV
 Ave. D       L0  =  2.61191 eV
 Ave. D       L1  =  7.61808 eV
 Ave. S       L0  =  3.97904e-05 eV
 Ave. S       L1  =  8.49021e-06 eV
 =========================================
 Calculated capture integral   279.17 b.
 Calculated thermal (n,g)=          10.9125837 b. and recommended= 129.227 b. (C/E= 0.0844449)
 Calculated RI      (n,g)= 279.17 b. (no reference value)
 ... tolerances: thermal (n,g) 20 % (reference uncertainties, minimum 2% and 5%, maximum 20%)
 Adjust the capture widths ...
 ... capture adjusted with Gn for 100 resonances (Gn<Gg) and with Gg for 0 resonances
 ... iteration 0: C/E thermal (n,g)= 0.0844449

 <-------- After adjustment -------->
 ... Import MF2 from TARES calculations
 ... End energy of TARES MF2 : 1.828340E+2 eV and limit to 40000 resonances
 ... File used for reconstruction: new.temp22.reconst
 ... run RECENT ...
 ... Doppler broadened at a unique temperature: 300 Kelvin using sigma1
 ... run SIGMA1 at 3.000000E+02 K.

 ============== INTER values at 300 Kelvin ==============
 Thermal (n,g) xs =  105.966 b. (meas/sys: 129.227 b.) (warning: comparison to be done at 296 or 300 K)
 Th Maxw (n,g) xs =  107.75 b. (thermal Maxwellian value)
 Westcott factor  =  1.01681
 RI      (n,g)    =  1916.95 b. (meas or sys: - b.)
 MACS 3.000e+04 eV=  2.2245 b. (meas or sys: - b.) from 1.00E+00 to 2.00E+07 eV (end of RRR) at T= 300 Kelvin 
 Thermal (n,el) xs=  2.35289 b.
 RI      (n,el)   =  252.527 b.
 ============= PSYCHE values ==============
 Ave. G_total L0  =  0.133069 eV
 Ave. G_total L1  =  0.114269 eV
 Ave. Gn_0    L0  =  0.00204128
 Ave. Gn_0    L1  =  0.00367991
 Ave. Gg      L0  =  0.114873 eV
 Ave. Gg      L1  =  0.114253 eV
 Ave. D       L0  =  2.61191 eV
 Ave. D       L1  =  7.61808 eV
 Ave. S       L0  =  0.000386384 eV
 Ave. S       L1  =  8.2444e-05 eV
 =========================================
 ... iteration 1: C/E thermal (n,g)= 0.819999


 ... ratio C/E thermal (n,g): 8.199992E-01
 ...................................................... 
 ... Adjustment to the thermal cross section : stop ...
 ...................................................... 
 ... new MF2 file after adjustment: n-Au193m
 ... read the file /Users/koning/tares-1.8/source/Module//../../inputs/2025/list.jcs.urr to find URR origin
 Default URR taken from TALYS calculations with level density model: 91n3n12611.2850
 File considered for the URR: /Users/koning/tares-1.8/source/Module//../../inputs/2025/lib.urr/talys.urr/91n3n12611.2850/Au/urr/urr.dat.Au.193.004.1.gz
 ... Write URR using TALYS average parameters (not used for HFR)
 ... Limit of URR changed to 25 keV (recommendation from WPEC and JEFF)
 ... read D0, S0, Gn and Gg
 ... number of URR energies: 1092
 Number of l: 1092 and last energy: 12
 Last  URR energy: 37851.7 eV
 Energies in the URR : 1092 -> reduced by a factor 2
 Energies in the URR : 600 -> reduced by a factor 2
 ... Enter in urr_correct function case 2
 Modify the higher limit of RRR in MF2
 --> old value: 1.828340+2 eV new value: 1.828340+2 eV
 Modify resonance covariances (MF32) to include correlations in the URR
 End Modify resonance covariances (MF32) to include correlations in the URR
 ... Enter in update_MF32 function
 ... Change uncertainties
 ... for the HFR, random position of the positive resonances with 0.020000 %
 ... end of update MF32 function
 ... GLS calculation of the parameter correlations from the thermal/RI adjustment (MF32c)
 ... MF32: correlations from the thermal/RI adjustment (GLS) for 7 resonances (14 widths), 2 correlation lines
 ...   thermal (n,g): uncertainty from these widths 29.1839 b. -> 28.2053 b. (reference: 129.227 +/- 109.843 b.)
 ... copy the mf2 and mf32 to .mlbw files

 ... Start of final reconstruction and testing ...
 ... Reconstruction of cross sections at 0 Kelvin  ... Import MF2 from TARES calculations
 ... End energy of TARES MF2 : 1.828340E+2 eV and limit to 40000 resonances
 ... File used for reconstruction: n-Au193m.reconst
 ... run RECENT ...
 ... Doppler broadened at a unique temperature: 0 Kelvin using sigma1
 ... The keyword temperature is zero, no Doppler broadening for the MACS

 ============== INTER values at 0 Kelvin ==============
 Thermal (n,g) xs =  105.895 b. (meas/sys: 129.227 b.) (warning: comparison to be done at 296 or 300 K)
 Th Maxw (n,g) xs =  107.1 b. (thermal Maxwellian value)
 Westcott factor  =  1.0114
 RI      (n,g)    =  1914.86 b. (meas or sys: - b.)
 MACS 3.000e+04 eV=  2.2111 b. (meas or sys: - b.) from 1.00E+00 to 1.83E+02 eV (end of RRR) at T= 0 Kelvin 
 Thermal (n,el) xs=  2.34674 b.
 RI      (n,el)   =  252.038 b.
 ============= PSYCHE values ==============
 Ave. G_total L0  =  0.133069 eV
 Ave. G_total L1  =  0.114269 eV
 Ave. Gn_0    L0  =  0.00204128
 Ave. Gn_0    L1  =  0.00367991
 Ave. Gg      L0  =  0.114873 eV
 Ave. Gg      L1  =  0.114253 eV
 Ave. D       L0  =  2.61191 eV
 Ave. D       L1  =  7.61808 eV
 Ave. S       L0  =  0.000386384 eV
 Ave. S       L1  =  8.2444e-05 eV
 =========================================
 ... End of final reconstruction and testing ...

 ... grouping is not optimum, change to 70 groups
 ... Produce MF33 based on MF32 and 6 random files
 ... MF3 of n-Au193m.reconst (3 sections) added to the files for ENDSAM
 ... run endsam for 6 in groups of 1 global run
 ... run endsam from 1 to 6
 ... random files: total width GT set to Gn+Gg+Gf (600 resonances in 6 files)
 ... reorder resonance position after endsam (sampling)
 ... preparing the vectors  ... done
 ... nominal file 0 Cap(th)  ave= 1.059E+02 b. +/- 0.00 % || Ela(th) ave= 2.347E+00 b. +/- 0.00 % || RIcap ave= 1.91E+03 b. +/- 0.00 % || Macs30 ave= 2.21E+00 b. +/- 0.00 % || Gn^0(l=0) ave= 2.041E-03 +/- 0.00 % Gn^0(l=1) ave= 3.680E-03 +/- 0.00 % Gn^0(l=2) ave= 0.000E+00 +/- 0.00 % Gn^0(l=3) ave= 0.000E+00 +/- 0.00 % || Gtotal(l=0) ave= 1.331E-01 +/- 0.00 % Gtotal(l=1) ave= 1.143E-01 +/- 0.00 % Gtotal(l=2) ave= 0.000E+00 +/- 0.00 % Gtotal(l=3) ave= 0.000E+00 +/- 0.00 %  % || Gg(l=0) ave= 1.149E-01 +/- 0.00 % Gg(l=1) ave= 1.143E-01 +/- 0.00 % Gg(l=2) ave= 0.000E+00 +/- 0.00 % Gg(l=3) ave= 0.000E+00 +/- 0.00 %  % || D(l=0) ave= 2.612E+00 +/- 0.00 % D(l=1) ave= 7.618E+00 +/- 0.00 % D(l=2) ave= 0.000E+00 +/- 0.00 % D(l=3) ave= 0.000E+00 +/- 0.00 %  % || S(l=0) ave= 3.864E-04 +/- 0.00 % S(l=1) ave= 8.244E-05 +/- 0.00 % S(l=2) ave= 0.000E+00 +/- 0.00 % S(l=3) ave= 0.000E+00 +/- 0.00 % 
 ... random file  1 Cap(th)  ave= 1.013E+02 b. +/- 4.53 % || Ela(th) ave= 2.500E+00 b. +/- 6.12 % || RIcap ave= 1.90E+03 b. +/- 0.55 % || Macs30 ave= 2.21E+00 b. +/- 0.00 % || Gn^0(l=0) ave= 2.044E-03 +/- 0.12 % Gn^0(l=1) ave= 3.544E-03 +/- 3.83 % Gn^0(l=2) ave= 0.000E+00 +/- 0.00 % Gn^0(l=3) ave= 0.000E+00 +/- 0.00 % || Gtotal(l=0) ave= 1.343E-01 +/- 0.88 % Gtotal(l=1) ave= 1.083E-01 +/- 5.53 % Gtotal(l=2) ave= 0.000E+00 +/- 0.00 % Gtotal(l=3) ave= 0.000E+00 +/- 0.00 %  % || Gg(l=0) ave= 1.160E-01 +/- 1.00 % Gg(l=1) ave= 1.083E-01 +/- 5.53 % Gg(l=2) ave= 0.000E+00 +/- 0.00 % Gg(l=3) ave= 0.000E+00 +/- 0.00 %  % || D(l=0) ave= 2.612E+00 +/- 0.00 % D(l=1) ave= 7.618E+00 +/- 0.00 % D(l=2) ave= 0.000E+00 +/- 0.00 % D(l=3) ave= 0.000E+00 +/- 0.00 %  % || S(l=0) ave= 3.868E-04 +/- 0.12 % S(l=1) ave= 7.938E-05 +/- 3.85 % S(l=2) ave= 0.000E+00 +/- 0.00 % S(l=3) ave= 0.000E+00 +/- 0.00 % 
 ... random file  2 Cap(th)  ave= 1.200E+02 b. +/- 22.26 % || Ela(th) ave= 2.828E+00 b. +/- 17.00 % || RIcap ave= 1.92E+03 b. +/- 1.12 % || Macs30 ave= 2.21E+00 b. +/- 0.00 % || Gn^0(l=0) ave= 2.043E-03 +/- 0.10 % Gn^0(l=1) ave= 3.307E-03 +/- 10.67 % Gn^0(l=2) ave= 0.000E+00 +/- 0.00 % Gn^0(l=3) ave= 0.000E+00 +/- 0.00 % || Gtotal(l=0) ave= 1.339E-01 +/- 0.81 % Gtotal(l=1) ave= 1.052E-01 +/- 6.21 % Gtotal(l=2) ave= 0.000E+00 +/- 0.00 % Gtotal(l=3) ave= 0.000E+00 +/- 0.00 %  % || Gg(l=0) ave= 1.157E-01 +/- 0.90 % Gg(l=1) ave= 1.052E-01 +/- 6.21 % Gg(l=2) ave= 0.000E+00 +/- 0.00 % Gg(l=3) ave= 0.000E+00 +/- 0.00 %  % || D(l=0) ave= 2.625E+00 +/- 0.68 % D(l=1) ave= 7.618E+00 +/- 0.00 % D(l=2) ave= 0.000E+00 +/- 0.00 % D(l=3) ave= 0.000E+00 +/- 0.00 %  % || S(l=0) ave= 3.850E-04 +/- 0.68 % S(l=1) ave= 7.408E-05 +/- 10.66 % S(l=2) ave= 0.000E+00 +/- 0.00 % S(l=3) ave= 0.000E+00 +/- 0.00 % 
 ... random file  3 Cap(th)  ave= 1.165E+02 b. +/- 20.54 % || Ela(th) ave= 2.754E+00 b. +/- 15.81 % || RIcap ave= 1.92E+03 b. +/- 0.97 % || Macs30 ave= 2.21E+00 b. +/- 0.00 % || Gn^0(l=0) ave= 2.042E-03 +/- 0.13 % Gn^0(l=1) ave= 3.354E-03 +/- 9.43 % Gn^0(l=2) ave= 0.000E+00 +/- 0.00 % Gn^0(l=3) ave= 0.000E+00 +/- 0.00 % || Gtotal(l=0) ave= 1.352E-01 +/- 1.80 % Gtotal(l=1) ave= 1.100E-01 +/- 9.15 % Gtotal(l=2) ave= 0.000E+00 +/- 0.00 % Gtotal(l=3) ave= 0.000E+00 +/- 0.00 %  % || Gg(l=0) ave= 1.170E-01 +/- 2.07 % Gg(l=1) ave= 1.100E-01 +/- 9.15 % Gg(l=2) ave= 0.000E+00 +/- 0.00 % Gg(l=3) ave= 0.000E+00 +/- 0.00 %  % || D(l=0) ave= 2.621E+00 +/- 0.63 % D(l=1) ave= 7.618E+00 +/- 0.00 % D(l=2) ave= 0.000E+00 +/- 0.00 % D(l=3) ave= 0.000E+00 +/- 0.00 %  % || S(l=0) ave= 3.853E-04 +/- 0.60 % S(l=1) ave= 7.515E-05 +/- 9.43 % S(l=2) ave= 0.000E+00 +/- 0.00 % S(l=3) ave= 0.000E+00 +/- 0.00 % 
 ... random file  4 Cap(th)  ave= 1.141E+02 b. +/- 19.19 % || Ela(th) ave= 2.682E+00 b. +/- 15.50 % || RIcap ave= 1.91E+03 b. +/- 1.33 % || Macs30 ave= 2.21E+00 b. +/- 0.00 % || Gn^0(l=0) ave= 2.043E-03 +/- 0.12 % Gn^0(l=1) ave= 3.412E-03 +/- 8.94 % Gn^0(l=2) ave= 0.000E+00 +/- 0.00 % Gn^0(l=3) ave= 0.000E+00 +/- 0.00 % || Gtotal(l=0) ave= 1.344E-01 +/- 1.98 % Gtotal(l=1) ave= 1.081E-01 +/- 9.08 % Gtotal(l=2) ave= 0.000E+00 +/- 0.00 % Gtotal(l=3) ave= 0.000E+00 +/- 0.00 %  % || Gg(l=0) ave= 1.163E-01 +/- 2.27 % Gg(l=1) ave= 1.081E-01 +/- 9.08 % Gg(l=2) ave= 0.000E+00 +/- 0.00 % Gg(l=3) ave= 0.000E+00 +/- 0.00 %  % || D(l=0) ave= 2.627E+00 +/- 0.71 % D(l=1) ave= 7.618E+00 +/- 0.00 % D(l=2) ave= 0.000E+00 +/- 0.00 % D(l=3) ave= 0.000E+00 +/- 0.00 %  % || S(l=0) ave= 3.846E-04 +/- 0.64 % S(l=1) ave= 7.643E-05 +/- 8.94 % S(l=2) ave= 0.000E+00 +/- 0.00 % S(l=3) ave= 0.000E+00 +/- 0.00 % 
 ... random file  5 Cap(th)  ave= 1.102E+02 b. +/- 19.85 % || Ela(th) ave= 2.648E+00 b. +/- 14.60 % || RIcap ave= 1.90E+03 b. +/- 1.48 % || Macs30 ave= 2.21E+00 b. +/- 0.00 % || Gn^0(l=0) ave= 2.044E-03 +/- 0.18 % Gn^0(l=1) ave= 3.434E-03 +/- 8.24 % Gn^0(l=2) ave= 0.000E+00 +/- 0.00 % Gn^0(l=3) ave= 0.000E+00 +/- 0.00 % || Gtotal(l=0) ave= 1.350E-01 +/- 2.02 % Gtotal(l=1) ave= 1.059E-01 +/- 9.60 % Gtotal(l=2) ave= 0.000E+00 +/- 0.00 % Gtotal(l=3) ave= 0.000E+00 +/- 0.00 %  % || Gg(l=0) ave= 1.168E-01 +/- 2.32 % Gg(l=1) ave= 1.059E-01 +/- 9.61 % Gg(l=2) ave= 0.000E+00 +/- 0.00 % Gg(l=3) ave= 0.000E+00 +/- 0.00 %  % || D(l=0) ave= 2.631E+00 +/- 0.72 % D(l=1) ave= 7.618E+00 +/- 0.00 % D(l=2) ave= 0.000E+00 +/- 0.00 % D(l=3) ave= 0.000E+00 +/- 0.00 %  % || S(l=0) ave= 3.843E-04 +/- 0.61 % S(l=1) ave= 7.692E-05 +/- 8.24 % S(l=2) ave= 0.000E+00 +/- 0.00 % S(l=3) ave= 0.000E+00 +/- 0.00 % 
 ... random file  6 Cap(th)  ave= 1.075E+02 b. +/- 19.80 % || Ela(th) ave= 2.530E+00 b. +/- 18.19 % || RIcap ave= 1.89E+03 b. +/- 1.73 % || Macs30 ave= 2.21E+00 b. +/- 0.00 % || Gn^0(l=0) ave= 2.044E-03 +/- 0.17 % Gn^0(l=1) ave= 3.563E-03 +/- 11.55 % Gn^0(l=2) ave= 0.000E+00 +/- 0.00 % Gn^0(l=3) ave= 0.000E+00 +/- 0.00 % || Gtotal(l=0) ave= 1.341E-01 +/- 2.49 % Gtotal(l=1) ave= 1.055E-01 +/- 8.99 % Gtotal(l=2) ave= 0.000E+00 +/- 0.00 % Gtotal(l=3) ave= 0.000E+00 +/- 0.00 %  % || Gg(l=0) ave= 1.160E-01 +/- 2.85 % Gg(l=1) ave= 1.055E-01 +/- 8.99 % Gg(l=2) ave= 0.000E+00 +/- 0.00 % Gg(l=3) ave= 0.000E+00 +/- 0.00 %  % || D(l=0) ave= 2.634E+00 +/- 0.71 % D(l=1) ave= 7.618E+00 +/- 0.00 % D(l=2) ave= 0.000E+00 +/- 0.00 % D(l=3) ave= 0.000E+00 +/- 0.00 %  % || S(l=0) ave= 3.839E-04 +/- 0.62 % S(l=1) ave= 7.983E-05 +/- 11.55 % S(l=2) ave= 0.000E+00 +/- 0.00 % S(l=3) ave= 0.000E+00 +/- 0.00 % 
 ... Histogram plot for thermal (n,g)
 ... Write covariances  ... MT1  ... plot correlations
 ... MT2  ... MT102 


 ================================================
 ============== From 6 random values === start ======
 Thermal (n,tot) xs  0 K =  110.033 b. +/- 21.6866 b. ( 19.7091 %) skew= +1.69 +/- 0.79
 Thermal (n,el) xs   0 K =  2.53037 b. +/- 0.460189 b. ( 18.1866 %) skew= +0.74 +/- 0.79
 Thermal (n,g) xs    0 K =  107.503 b. +/- 21.2881 b. ( 19.8024 %) skew= +1.69 +/- 0.79
 RI      (n,g)       0 K =  1893.66 b. +/- 32.774 b. ( 1.73072 %) 
 MACS    (n,g)       0 K (at Emacs= 30000 eV) =  2.21101 b. +/- 6.39135e-05 b. ( 0.00289069 %) 
 Ave. Gtotal  L=0        =  1.341E-01 +/- 2.49 %
 Ave. Gn^(0)  L=0        =  2.044E-03 +/- 0.17 %
 Ave. Gg      L=0        =  1.160E-01 +/- 2.85 %
 Ave. D       L=0        =  2.634E+00 +/- 0.71 %
 Ave. S       L=0        =  3.839E-04 +/- 0.62 %
 Ave. Gtotal  L=1        =  1.055E-01 +/- 8.99 %
 Ave. Gg      L=1        =  1.055E-01 +/- 8.99 %
 Ave. D       L=1        =  7.618E+00 +/- 0.00 %
 Ave. S       L=1        =  7.983E-05 +/- 11.55 %

 Expected Thermal (n,g) (syst or meas)= 129.227 b. +/- 109.843 b. nominal: 105.895 b.
 ratio Calculated/expected thermal (n,g): 0.83 ratio DCalculated/Dexpected: 0.19 ratio Calculated/Nominal: 1.02
 ============== From 6 random values ===== stop ======
 ================================================
 ... Calculation of (n,a) and (n,p) cross sections at 300 K
 ... thermal (n,a) cross section is 1.89916e-10 +/- 9.49582e-11 b.
 ... thermal (n,a) cross section is 2.25075e-10 b. (random case 1)
 ... thermal (n,a) cross section is 1.53038e-10 b. (random case 2)
 ... thermal (n,a) cross section is 2.44467e-10 b. (random case 3)
 ... thermal (n,a) cross section is 2.27255e-10 b. (random case 4)
 ... thermal (n,a) cross section is 3.18288e-10 b. (random case 5)
 ... thermal (n,a) cross section is 1.62649e-10 b. (random case 6)
 ... thermal (n,p) cross section is 1.89916e-10 +/- 9.49582e-11 b.
 ... thermal (n,p) cross section is 3.05927e-10 b. (random case 1)
 ... thermal (n,p) cross section is 2.05909e-10 b. (random case 2)
 ... thermal (n,p) cross section is 2.89358e-10 b. (random case 3)
 ... thermal (n,p) cross section is 3.07648e-10 b. (random case 4)
 ... thermal (n,p) cross section is 2.19521e-10 b. (random case 5)
 ... thermal (n,p) cross section is 3.86858e-11 b. (random case 6)
 ... Rewrite index for MF2
 ... Write text for MF1 in file mf1.tares.txt
 ... plotting cross sections for the MF1
 ... order output files


================== summary ==================
 Thermal (n,tot) xs = 108.242 b. 
 Thermal (n,el)  xs = 2.34674 b. 
 Thermal (n,g)   xs = 105.895 b. (meas/sys: 129.227 b.)
 At 300 K (thermal adjustment): (n,el) = 2.35289 b., (n,g) = 105.966 b.

 RI      (n,g)      = 1914.86 b. (meas or sys: - b.)
 RI      (n,el)     = 252.038 b.
=============================================


 ... cleaning
                                                 
  -------------------------------------------------------------
  -                                                           -
  - TARES: successful end of run with data from hypothetical  -
  - resonances for  Z= 79, A= 193 and isomer= 1               -
  - half-life: 3.900000 sec. 
  -                                                           -
  -------------------------------------------------------------

   Running time:       18 seconds

 End time: Fri Oct  9 13:22:58 2026

