
  -------------------------------------------------------------
  -                                                           -
  -              Welcome to TARES version 1.8                 -
  -                                                           -
  -  (C) Copyright 2007-2025 D. Rochman, All Rights Reserved  -
  -           NRG, Petten, the Netherlands 2007-2014          -
  -           PSI, Villigen    Switzerland 2015-2025          -
  -         Nagra, Wettingen   Switzerland 2025-              -
  -           (Last Modified October 06, 2026)                -
  -           (Database from October 06, 2026)                -
  -                                                           -
  -------------------------------------------------------------


  ---------------------------------------------
   Compilation information:
   Compiled on:         Oct  8 2026, 18:36:06
   Compiled by:         koning
   Compiler version:    clang++ - 21.0.0
   Source location:     /Users/koning/tares-1.8/source/Module/
   Binaries location:   /Users/koning/bin
   System:              Darwin 25.6.0
   System version:      Darwin Kernel Version 25.6.0: Fri Jul 31 19:19:08 PDT 2026; root:xnu-12377.161.14~5/RELEASE_ARM64_T6050  
   Machine:             arm64 
  ---------------------------------------------

   User information:
   User name:           koning
   Running directory:   /Users/koning/tendl/resbase/O022/work
   Owner mode for running directory : rwx
   Group mode for running directory : r-x
  ---------------------------------------------


 Starting time: Fri Oct  9 11:56:27 2026
 ... inputs directory found (/Users/koning/tares-1.8/source/Module//../../inputs/).
 ... It will be used for resonance parameters 
 ... ###############################################
 ... #     read the input file tares.inp
 ... ###############################################
 ... line: #
 ... line: # Input file generated by Autorochman
          --> line not read
 ... line: #
 ... line: isotope    O
          --> Isotope name: O
 ... line: mass       22
          --> isotopic mass: 22
 ... line: output     n-O022
         ---> Name of the output files: n-O022
 ... line: isomer     0
          --> isomeric state: 0
 ... line: mf32mf33   y
          --> MF33 based on MF32: y
 ... line: nbrRandom  6
          --> Nbr of random files: 6
 ... ###############################################
 ... # end read the input file tares.inp
 ... ###############################################
Value for random generator type not considered in since Tares 1.7 due to compilation issues

 ... ###############################################
     #   Interpretation of the Input definition    #
     ###############################################

 ... Default energy limit: End of resonance region
 ... Nuclear charge    = 8
 ... Element           = O
 ... Mass              = 22
 ... Isomer            = 0
 ... Correlation for (Gn,Gg) not included in random files
 ... Default random option: No random
 ... Output name: n-O022
 ... Energy for the MACS: 30000 eV
 ... Resonances from CALENDF reduced (reduce=y) 
 ... For URR, level density model from TALYS selected: 91n3n12611.2850 (see manual for description)
 ... Random Generator: default (pseudo random numbers from ansi c++)
 ... Reconstruction of cross section selected
 ... Doppler broadening at 0 Kelvin
 ... URR not included (from the input file flag)
 ... Weight for grouping is flat
 ... Calculation of (n,alpha) cross section selected
 ... Number of digit for MF32c covariance representation: 2
 ... MF32 included
 ... MF33 will be used for covariance processing
 ... TENDL option set to yes (automatic choice of MF2 and format)
 ... Isotope not found in the best file --> use of MLBW formalism
 ... default option: Multi level Breit Wigner approximation selected
 ... (check file best.tendl.yes for changing this option)
 ... Retroactive option set to no with the 2025 option
 ... ladder option set to yes (CALENDF will be used for statistical resonances)

 ... ###############################################
     #           End of Input definition           #
     ###############################################

 ... gnuplot found, will be used for plotting
 ... latex found, will be used for plotting
 ... dvips found, will be used for plotting
 ... ps2epsi not found, limited plotting available
 ... uncertainties on default parameters multiplied by 1.95257
 ... Read resonance data from the 2025 directory
 ... Resonance parameters taken from /Users/koning/tares-1.8/source/Module//../../inputs/2025/Resonance/default/
 ---> Processing Z= 8 and A= 22 and isomer= 0 (level number: 0)
 Exfor path; Could not find /Users/koning/tares-1.8/source/Module//../../inputs/exfor/O022/xs/102
Thermal file; Could not open file /Users/koning/tares-1.8/source/Module//../../inputs/2025/runThermal/results//thermal.mxw.ng.cendl3.1
Thermal file; Could not open file /Users/koning/tares-1.8/source/Module//../../inputs/2025/runThermal/results//thermal.mxw.ng.brond3.1
Thermal file; Could not open file /Users/koning/tares-1.8/source/Module//../../inputs/2025/runThermal/results//thermal.xs.ng.unc.cendl3.1
 ... spin taken from the final/ directory (1)
 ... The spin found in level file ( 0 ) and the one in the urr file ( 5.5 ) differ

 ... ###############################################
 ... #  Nucleus global parameters (2025 database)  #
 ... ###############################################
 0. Half-life: 2.25 sec. 
 ... Scattering radius from TALYS: /Users/koning/tares-1.8/source/Module//../../inputs/2025/lib.urr/talys.urr/
 1. Spin of the target isotope: 0
 2. Relative Atomic Mass of the target isotope: 22.0099
 3. Scattering radius (local compilation): 3.74398 fm +/- 0.0898555 fm
      .......................................
      ... Thermal capture cross sections: ...
 4. Thermal (n,g) cross section from systematics (TALYS, urr.dat): 5.55822e-05 +/- 4.72449e-05 b.
 5. Thermal (n,g) cross section from compilation (Firestone-2022 final on element O): 0.000261 +/- 9e-06 b.
 6. Thermal (n,g) cross section from TENDL-2023: 5.558e-05 b.
      .......................................
      ...  Thermal total cross sections:  ...
      .......................................
      ... Thermal elastic cross sections: ...
 7. Thermal (n,el) cross section from potential (4piR^2): 4.70528 +/- 0.235264 b.
      .......................................
             ... Resonance integral: ...
 8. No capture integral found in /Users/koning/tares-1.8/source/Module//../../inputs/capture.integral
 ... no RI(n,g) found in local compilation, take 2018 value.
 ... no RI(n,g) found in local compilation, take Sukhoruchkin value.
   ---- MACS 30 keV ----- 
 9. TALYS MACS 30 keV (HF): 1.92605e-05 b. 
   ---------- S0 -------- 
 10. S0 from TALYS: 1.02225
   ---------- S1 -------- 
 11. S1 from TALYS: 1.12178
   ---------- S2 -------- 
 12. S2 from TALYS: 2.10553
   ---------- D0 -------- 
 13. D0 from TALYS: 4.69153e+06 eV
   ---------- D1 -------- 
 14. D1 from TALYS: 2.01229e+06 eV
   ---------- D2 -------- 
 15. D2 from TALYS: 2.00057e+06 eV
   ---------- G0 -------- 
 16. Gg0 from TALYS: 0.162918 eV
   ---------- G1 -------- 
 17. Gg1 from TALYS: 0.0522181 eV
   ---------- G2 -------- 
 18. Gg2 from TALYS: 0.122381 eV


   ---------------------- 
 ... Read resonance parameters (format: 2: Multi Level Breit Wigner)
 ... 0 resonances found 
 ... possibly no resonances in the Resonance directory for this isotope and options
 ... Use HFR (ladder) behavior 
 --> 20. Number of resonances from the input file: 2 up to 2.34576e+06 eV
 21. Read nuclear quantities (mass, MAT...)
 22. Read thermal (n,g) xs 
 23. Read the scattering radius 
 24. Upper limit of the RRR above 1 MeV (2.34576e+06 eV). Reset to 500 keV
 25. Read uncertainty on Gg for 2 resonances
 26. Read uncertainty on Gg for 2 resonances ... done
 ... order resonances 
 ... Upper limit for the RRR: 500000 eV (no statistical resonances HFR) from the limit.RRR file
 ... Write parameters for l=0 waves
 ... End writing original MF2 
 ... No RRR in the database: uncertainties on default parameters multiplied by 1.99753
 ... Enter in urr function (ladder option set to y) for file n-O022
 ... read the file /Users/koning/tares-1.8/source/Module//../../inputs/2025/list.jcs.urr to find URR origin
 Default URR taken from TALYS calculations with level density model: 91n3n12611.2850
 File considered for the URR: /Users/koning/tares-1.8/source/Module//../../inputs/2025/lib.urr/talys.urr/91n3n12611.2850/O/urr/urr.dat.O.022.000.0.gz
 ... Write URR using TALYS average parameters (used for HFR)
 ... ---> Emax(RRR) taken from the file limit.ladder: 7e+06 eV <---
 ... (File limit.ladder: /Users/koning/tares-1.8/source/Module//../../inputs/2025/limit.ladder.91n3n12611.2850)
 Warning 2, the end of the RRR (7e+06 eV) is higher than the 1st inelastic level (3.199e+06 eV)
 ... read D0, S0, Gn and Gg
 ... number of URR energies: 1710
 Number of l: 1710 and last energy: 5
 Last  URR energy: 7e+06 eV
 ... Enter in to_MLBW_mf2 function
 ... Convert to Multi Level Breit Wigner (MLBW)
 ... Write parameter covariances (MF32) for l=0
 ... Convert parameter covariances (MF32) to MLBW
 ... copy the mf2 and mf32 to .mlbw files
 ... Enter in urr_correct function case 1
 Modify the higher limit of RRR in MF2
 --> old value: 2.357493+6 eV new value: 1.000000-2 eV
 Modify resonance covariances (MF32) to include correlations in the URR
 End Modify resonance covariances (MF32) to include correlations in the URR
 ... Enter in calendf_xs function
 Use CALENDF for statistical resonances (update MF2) up to 7.000000+6 eV (initial limit)
 Extract resonances from CALENDF for RRR->URR 2
 46 statistical resonances found
 After reduction, 43 statistical resonances found
 ... checking resonance order 1
 ... checking resonance order 2nd round for 41 resonances
 ... end checking resonance order 2nd round
 .......................................................
 ... Adjustment to the thermal cross section : start ...
 .......................................................

 Before adjustment (adjustment to the thermal cross section set to y)
 ... Import MF2 from TARES calculations
 ... End energy of TARES MF2 : 6.792296E+6 eV and limit to 40000 resonances
 ... File used for reconstruction: new.temp22.reconst
 ... run RECENT ...
 ... Doppler broadened at a unique temperature: 300 Kelvin using sigma1
 ... run SIGMA1 at 3.000000E+02 K.

 ============== INTER values at 300 Kelvin ==============
 Thermal (n,g) xs =  0.00863978 b. (meas/sys: 5.55822e-05 b.) (warning: comparison to be done at 296 or 300 K)
 Th Maxw (n,g) xs =  0.0086914 b. (thermal Maxwellian value)
 Westcott factor  =  1.00597
 RI      (n,g)    =  0.00409926 b. (meas or sys: - b.)
 MACS 3.000e+04 eV=  0.0002171 b. (meas or sys: - b.) from 1.00E+00 to 2.00E+07 eV (end of RRR) at T= 300 Kelvin 
 Thermal (n,el) xs=  5.96546 b.
 RI      (n,el)   =  78.8595 b.
 ============= PSYCHE values ==============
 Ave. G_total L0  =  198498 eV
 Ave. G_total L1  =  156748 eV
 Ave. G_total L2  =  163467 eV
 Ave. Gn_0    L0  =  86.5027
 Ave. Gn_0    L1  =  134.024
 Ave. Gn_0    L2  =  355.262
 Ave. Gg      L0  =  0.27739 eV
 Ave. Gg      L1  =  0.481437 eV
 Ave. Gg      L2  =  0.174527 eV
 Ave. D       L0  =  1.69807e+06 eV
 Ave. D       L1  =  754700 eV
 Ave. D       L2  =  754700 eV
 Ave. S       L0  =  6.36771e-05 eV
 Ave. S       L1  =  0.000104859 eV
 Ave. S       L2  =  0.000221159 eV
 =========================================
 Calculated capture integral   0.00409926 b.
 Calculated thermal (n,g)=          .008639783 b. and recommended= 5.55822e-05 b. (C/E= 155.441)
 Calculated RI      (n,g)= 0.00409926 b. (no reference value)
 ... tolerances: thermal (n,g) 20 % (reference uncertainties, minimum 2% and 5%, maximum 20%)
 Adjust the capture widths ...
 ... capture adjusted with Gn for 0 resonances (Gn<Gg) and with Gg for 41 resonances
 ... iteration 0: C/E thermal (n,g)= 155.441
 Warning: 41 widths limited to a change of a factor 10 from their starting values

 <-------- After adjustment -------->
 ... Import MF2 from TARES calculations
 ... End energy of TARES MF2 : 6.792296E+6 eV and limit to 40000 resonances
 ... File used for reconstruction: new.temp22.reconst
 ... run RECENT ...
 ... Doppler broadened at a unique temperature: 300 Kelvin using sigma1
 ... run SIGMA1 at 3.000000E+02 K.

 ============== INTER values at 300 Kelvin ==============
 Thermal (n,g) xs =  0.000863978 b. (meas/sys: 5.55822e-05 b.) (warning: comparison to be done at 296 or 300 K)
 Th Maxw (n,g) xs =  0.00086914 b. (thermal Maxwellian value)
 Westcott factor  =  1.00597
 RI      (n,g)    =  0.000409931 b. (meas or sys: - b.)
 MACS 3.000e+04 eV=  2.1712e-05 b. (meas or sys: - b.) from 1.00E+00 to 2.00E+07 eV (end of RRR) at T= 300 Kelvin 
 Thermal (n,el) xs=  5.96546 b.
 RI      (n,el)   =  78.8599 b.
 ============= PSYCHE values ==============
 Ave. G_total L0  =  198498 eV
 Ave. G_total L1  =  156747 eV
 Ave. G_total L2  =  163466 eV
 Ave. Gn_0    L0  =  86.5027
 Ave. Gn_0    L1  =  134.024
 Ave. Gn_0    L2  =  355.262
 Ave. Gg      L0  =  0.027739 eV
 Ave. Gg      L1  =  0.0481437 eV
 Ave. Gg      L2  =  0.0174527 eV
 Ave. D       L0  =  1.69807e+06 eV
 Ave. D       L1  =  754700 eV
 Ave. D       L2  =  754700 eV
 Ave. S       L0  =  6.36771e-05 eV
 Ave. S       L1  =  0.000104859 eV
 Ave. S       L2  =  0.000221159 eV
 =========================================
 ... iteration 1: C/E thermal (n,g)= 15.5441
 Warning: 41 widths limited to a change of a factor 10 from their starting values

 <-------- After adjustment -------->
 ... Import MF2 from TARES calculations
 ... End energy of TARES MF2 : 6.792296E+6 eV and limit to 40000 resonances
 ... File used for reconstruction: new.temp22.reconst
 ... run RECENT ...
 ... Doppler broadened at a unique temperature: 300 Kelvin using sigma1
 ... run SIGMA1 at 3.000000E+02 K.

 ============== INTER values at 300 Kelvin ==============
 Thermal (n,g) xs =  0.000863978 b. (meas/sys: 5.55822e-05 b.) (warning: comparison to be done at 296 or 300 K)
 Th Maxw (n,g) xs =  0.00086914 b. (thermal Maxwellian value)
 Westcott factor  =  1.00597
 RI      (n,g)    =  0.000409931 b. (meas or sys: - b.)
 MACS 3.000e+04 eV=  2.1712e-05 b. (meas or sys: - b.) from 1.00E+00 to 2.00E+07 eV (end of RRR) at T= 300 Kelvin 
 Thermal (n,el) xs=  5.96546 b.
 RI      (n,el)   =  78.8599 b.
 ============= PSYCHE values ==============
 Ave. G_total L0  =  198498 eV
 Ave. G_total L1  =  156747 eV
 Ave. G_total L2  =  163466 eV
 Ave. Gn_0    L0  =  86.5027
 Ave. Gn_0    L1  =  134.024
 Ave. Gn_0    L2  =  355.262
 Ave. Gg      L0  =  0.027739 eV
 Ave. Gg      L1  =  0.0481437 eV
 Ave. Gg      L2  =  0.0174527 eV
 Ave. D       L0  =  1.69807e+06 eV
 Ave. D       L1  =  754700 eV
 Ave. D       L2  =  754700 eV
 Ave. S       L0  =  6.36771e-05 eV
 Ave. S       L1  =  0.000104859 eV
 Ave. S       L2  =  0.000221159 eV
 =========================================
 ... iteration 2: C/E thermal (n,g)= 15.5441
 Warning: no further change possible (widths at the limit of a factor 10): adjustment stopped


 ... ratio C/E thermal (n,g): 1.554414E+01
 ...................................................... 
 ... Adjustment to the thermal cross section : stop ...
 ...................................................... 
 ... new MF2 file after adjustment: n-O022
 ... Enter in update_MF32 function
 ... Change uncertainties
 ... for the HFR, random position of the positive resonances with 0.020000 %
 ... end of update MF32 function
 ... GLS calculation of the parameter correlations from the thermal/RI adjustment (MF32c)
 ... MF32: correlations from the thermal/RI adjustment (GLS) for 1 resonances (2 widths), 1 correlation lines
 ...   thermal (n,g): uncertainty from these widths 0.000669875 b. -> 4.71278e-05 b. (reference: 5.55822e-05 +/- 4.72449e-05 b.)
 ... copy the mf2 and mf32 to .mlbw files

 ... Start of final reconstruction and testing ...
 ... Reconstruction of cross sections at 0 Kelvin  ... Import MF2 from TARES calculations
 ... End energy of TARES MF2 : 6.792296E+6 eV and limit to 40000 resonances
 ... File used for reconstruction: n-O022.reconst
 ... run RECENT ...
 ... Doppler broadened at a unique temperature: 0 Kelvin using sigma1
 ... The keyword temperature is zero, no Doppler broadening for the MACS

 ============== INTER values at 0 Kelvin ==============
 Thermal (n,g) xs =  0.000863846 b. (meas/sys: 5.55822e-05 b.) (warning: comparison to be done at 296 or 300 K)
 Th Maxw (n,g) xs =  0.00086433 b. (thermal Maxwellian value)
 Westcott factor  =  1.00056
 RI      (n,g)    =  0.000407648 b. (meas or sys: - b.)
 MACS 3.000e+04 eV=  2.1666e-05 b. (meas or sys: - b.) from 1.00E+00 to 6.79E+06 eV (end of RRR) at T= 0 Kelvin 
 Thermal (n,el) xs=  5.83013 b.
 RI      (n,el)   =  78.531 b.
 ============= PSYCHE values ==============
 Ave. G_total L0  =  198498 eV
 Ave. G_total L1  =  156747 eV
 Ave. G_total L2  =  163466 eV
 Ave. Gn_0    L0  =  86.5027
 Ave. Gn_0    L1  =  134.024
 Ave. Gn_0    L2  =  355.262
 Ave. Gg      L0  =  0.027739 eV
 Ave. Gg      L1  =  0.0481437 eV
 Ave. Gg      L2  =  0.0174527 eV
 Ave. D       L0  =  1.69807e+06 eV
 Ave. D       L1  =  754700 eV
 Ave. D       L2  =  754700 eV
 Ave. S       L0  =  6.36771e-05 eV
 Ave. S       L1  =  0.000104859 eV
 Ave. S       L2  =  0.000221159 eV
 =========================================
 ... End of final reconstruction and testing ...

 ... grouping is not optimum, change to 70 groups
 ... Produce MF33 based on MF32 and 6 random files
 ... MF3 of n-O022.reconst (3 sections) added to the files for ENDSAM
 ... run endsam for 6 in groups of 1 global run
 ... run endsam from 1 to 6
 ... random files: total width GT set to Gn+Gg+Gf (246 resonances in 6 files)
 ... reorder resonance position after endsam (sampling)
 ... preparing the vectors  ... done
 ... nominal file 0 Cap(th)  ave= 8.638E-04 b. +/- 0.00 % || Ela(th) ave= 5.830E+00 b. +/- 0.00 % || RIcap ave= 4.08E-04 b. +/- 0.00 % || Macs30 ave= 2.17E-05 b. +/- 0.00 % || Gn^0(l=0) ave= 8.650E+01 +/- 0.00 % Gn^0(l=1) ave= 1.340E+02 +/- 0.00 % Gn^0(l=2) ave= 3.553E+02 +/- 0.00 % Gn^0(l=3) ave= 0.000E+00 +/- 0.00 % || Gtotal(l=0) ave= 1.985E+05 +/- 0.00 % Gtotal(l=1) ave= 1.567E+05 +/- 0.00 % Gtotal(l=2) ave= 1.635E+05 +/- 0.00 % Gtotal(l=3) ave= 0.000E+00 +/- 0.00 %  % || Gg(l=0) ave= 2.774E-02 +/- 0.00 % Gg(l=1) ave= 4.814E-02 +/- 0.00 % Gg(l=2) ave= 1.745E-02 +/- 0.00 % Gg(l=3) ave= 0.000E+00 +/- 0.00 %  % || D(l=0) ave= 1.698E+06 +/- 0.00 % D(l=1) ave= 7.547E+05 +/- 0.00 % D(l=2) ave= 7.547E+05 +/- 0.00 % D(l=3) ave= 0.000E+00 +/- 0.00 %  % || S(l=0) ave= 6.368E-05 +/- 0.00 % S(l=1) ave= 1.049E-04 +/- 0.00 % S(l=2) ave= 2.212E-04 +/- 0.00 % S(l=3) ave= 0.000E+00 +/- 0.00 % 
 ... random file  1 Cap(th)  ave= 6.404E-04 b. +/- 34.90 % || Ela(th) ave= 5.780E+00 b. +/- 0.86 % || RIcap ave= 3.12E-04 b. +/- 30.59 % || Macs30 ave= 2.16E-05 b. +/- 0.29 % || Gn^0(l=0) ave= 8.586E+01 +/- 0.75 % Gn^0(l=1) ave= 1.365E+02 +/- 1.81 % Gn^0(l=2) ave= 3.706E+02 +/- 4.15 % Gn^0(l=3) ave= 0.000E+00 +/- 0.00 % || Gtotal(l=0) ave= 1.966E+05 +/- 0.95 % Gtotal(l=1) ave= 1.575E+05 +/- 0.48 % Gtotal(l=2) ave= 1.631E+05 +/- 0.20 % Gtotal(l=3) ave= 0.000E+00 +/- 0.00 %  % || Gg(l=0) ave= 2.603E-02 +/- 6.58 % Gg(l=1) ave= 4.245E-02 +/- 13.42 % Gg(l=2) ave= 1.578E-02 +/- 10.61 % Gg(l=3) ave= 0.000E+00 +/- 0.00 %  % || D(l=0) ave= 1.698E+06 +/- 0.00 % D(l=1) ave= 7.547E+05 +/- 0.00 % D(l=2) ave= 7.547E+05 +/- 0.00 % D(l=3) ave= 0.000E+00 +/- 0.00 %  % || S(l=0) ave= 6.320E-05 +/- 0.75 % S(l=1) ave= 1.067E-04 +/- 1.69 % S(l=2) ave= 2.308E-04 +/- 4.19 % S(l=3) ave= 0.000E+00 +/- 0.00 % 
 ... random file  2 Cap(th)  ave= 1.293E-03 b. +/- 72.75 % || Ela(th) ave= 5.783E+00 b. +/- 0.71 % || RIcap ave= 5.88E-04 b. +/- 67.66 % || Macs30 ave= 2.03E-05 b. +/- 9.16 % || Gn^0(l=0) ave= 8.574E+01 +/- 0.65 % Gn^0(l=1) ave= 1.357E+02 +/- 1.72 % Gn^0(l=2) ave= 3.637E+02 +/- 4.38 % Gn^0(l=3) ave= 0.000E+00 +/- 0.00 % || Gtotal(l=0) ave= 1.964E+05 +/- 0.79 % Gtotal(l=1) ave= 1.579E+05 +/- 0.52 % Gtotal(l=2) ave= 1.636E+05 +/- 0.44 % Gtotal(l=3) ave= 0.000E+00 +/- 0.00 %  % || Gg(l=0) ave= 2.546E-02 +/- 6.34 % Gg(l=1) ave= 4.361E-02 +/- 11.31 % Gg(l=2) ave= 1.939E-02 +/- 27.25 % Gg(l=3) ave= 0.000E+00 +/- 0.00 %  % || D(l=0) ave= 1.698E+06 +/- 0.00 % D(l=1) ave= 7.547E+05 +/- 0.00 % D(l=2) ave= 7.547E+05 +/- 0.00 % D(l=3) ave= 0.000E+00 +/- 0.00 %  % || S(l=0) ave= 6.311E-05 +/- 0.65 % S(l=1) ave= 1.061E-04 +/- 1.58 % S(l=2) ave= 2.264E-04 +/- 4.44 % S(l=3) ave= 0.000E+00 +/- 0.00 % 
 ... random file  3 Cap(th)  ave= 1.168E-03 b. +/- 72.16 % || Ela(th) ave= 5.723E+00 b. +/- 1.91 % || RIcap ave= 5.51E-04 b. +/- 63.59 % || Macs30 ave= 2.95E-05 b. +/- 54.30 % || Gn^0(l=0) ave= 7.468E+01 +/- 25.64 % Gn^0(l=1) ave= 1.367E+02 +/- 1.94 % Gn^0(l=2) ave= 3.737E+02 +/- 5.92 % Gn^0(l=3) ave= 0.000E+00 +/- 0.00 % || Gtotal(l=0) ave= 1.660E+05 +/- 31.83 % Gtotal(l=1) ave= 1.575E+05 +/- 0.59 % Gtotal(l=2) ave= 1.642E+05 +/- 0.74 % Gtotal(l=3) ave= 0.000E+00 +/- 0.00 %  % || Gg(l=0) ave= 2.586E-02 +/- 6.06 % Gg(l=1) ave= 4.645E-02 +/- 14.01 % Gg(l=2) ave= 2.050E-02 +/- 24.22 % Gg(l=3) ave= 0.000E+00 +/- 0.00 %  % || D(l=0) ave= 1.840E+06 +/- 13.32 % D(l=1) ave= 7.547E+05 +/- 0.00 % D(l=2) ave= 7.547E+05 +/- 0.00 % D(l=3) ave= 0.000E+00 +/- 0.00 %  % || S(l=0) ave= 5.345E-05 +/- 31.32 % S(l=1) ave= 1.067E-04 +/- 1.67 % S(l=2) ave= 2.326E-04 +/- 5.93 % S(l=3) ave= 0.000E+00 +/- 0.00 % 
 ... random file  4 Cap(th)  ave= 1.023E-03 b. +/- 78.94 % || Ela(th) ave= 5.722E+00 b. +/- 1.71 % || RIcap ave= 4.81E-04 b. +/- 71.35 % || Macs30 ave= 2.49E-05 b. +/- 68.23 % || Gn^0(l=0) ave= 6.797E+01 +/- 32.03 % Gn^0(l=1) ave= 1.362E+02 +/- 1.85 % Gn^0(l=2) ave= 3.736E+02 +/- 5.30 % Gn^0(l=3) ave= 0.000E+00 +/- 0.00 % || Gtotal(l=0) ave= 1.476E+05 +/- 40.54 % Gtotal(l=1) ave= 1.569E+05 +/- 0.93 % Gtotal(l=2) ave= 1.642E+05 +/- 0.66 % Gtotal(l=3) ave= 0.000E+00 +/- 0.00 %  % || Gg(l=0) ave= 2.386E-02 +/- 17.82 % Gg(l=1) ave= 4.883E-02 +/- 15.41 % Gg(l=2) ave= 1.895E-02 +/- 28.58 % Gg(l=3) ave= 0.000E+00 +/- 0.00 %  % || D(l=0) ave= 1.924E+06 +/- 14.41 % D(l=1) ave= 7.547E+05 +/- 0.00 % D(l=2) ave= 7.547E+05 +/- 0.00 % D(l=3) ave= 0.000E+00 +/- 0.00 %  % || S(l=0) ave= 4.760E-05 +/- 39.92 % S(l=1) ave= 1.064E-04 +/- 1.61 % S(l=2) ave= 2.326E-04 +/- 5.31 % S(l=3) ave= 0.000E+00 +/- 0.00 % 
 ... random file  5 Cap(th)  ave= 1.057E-03 b. +/- 70.12 % || Ela(th) ave= 5.721E+00 b. +/- 1.56 % || RIcap ave= 4.94E-04 b. +/- 63.68 % || Macs30 ave= 2.41E-05 b. +/- 64.67 % || Gn^0(l=0) ave= 6.361E+01 +/- 34.79 % Gn^0(l=1) ave= 1.362E+02 +/- 1.69 % Gn^0(l=2) ave= 3.724E+02 +/- 4.90 % Gn^0(l=3) ave= 0.000E+00 +/- 0.00 % || Gtotal(l=0) ave= 1.355E+05 +/- 44.99 % Gtotal(l=1) ave= 1.568E+05 +/- 0.86 % Gtotal(l=2) ave= 1.641E+05 +/- 0.63 % Gtotal(l=3) ave= 0.000E+00 +/- 0.00 %  % || Gg(l=0) ave= 2.922E-02 +/- 43.10 % Gg(l=1) ave= 4.787E-02 +/- 15.04 % Gg(l=2) ave= 1.882E-02 +/- 26.31 % Gg(l=3) ave= 0.000E+00 +/- 0.00 %  % || D(l=0) ave= 1.981E+06 +/- 14.29 % D(l=1) ave= 7.547E+05 +/- 0.00 % D(l=2) ave= 7.547E+05 +/- 0.00 % D(l=3) ave= 0.000E+00 +/- 0.00 %  % || S(l=0) ave= 4.377E-05 +/- 44.19 % S(l=1) ave= 1.064E-04 +/- 1.47 % S(l=2) ave= 2.319E-04 +/- 4.91 % S(l=3) ave= 0.000E+00 +/- 0.00 % 
 ... random file  6 Cap(th)  ave= 1.014E-03 b. +/- 68.42 % || Ela(th) ave= 5.662E+00 b. +/- 2.94 % || RIcap ave= 4.83E-04 b. +/- 60.55 % || Macs30 ave= 2.82E-05 b. +/- 62.13 % || Gn^0(l=0) ave= 6.041E+01 +/- 36.31 % Gn^0(l=1) ave= 1.377E+02 +/- 3.06 % Gn^0(l=2) ave= 3.817E+02 +/- 7.41 % Gn^0(l=3) ave= 0.000E+00 +/- 0.00 % || Gtotal(l=0) ave= 1.267E+05 +/- 47.65 % Gtotal(l=1) ave= 1.566E+05 +/- 0.87 % Gtotal(l=2) ave= 1.637E+05 +/- 0.85 % Gtotal(l=3) ave= 0.000E+00 +/- 0.00 %  % || Gg(l=0) ave= 2.879E-02 +/- 40.66 % Gg(l=1) ave= 5.005E-02 +/- 17.06 % Gg(l=2) ave= 1.836E-02 +/- 25.71 % Gg(l=3) ave= 0.000E+00 +/- 0.00 %  % || D(l=0) ave= 2.022E+06 +/- 13.86 % D(l=1) ave= 7.547E+05 +/- 0.00 % D(l=2) ave= 7.547E+05 +/- 0.00 % D(l=3) ave= 0.000E+00 +/- 0.00 %  % || S(l=0) ave= 4.098E-05 +/- 46.76 % S(l=1) ave= 1.073E-04 +/- 2.53 % S(l=2) ave= 2.377E-04 +/- 7.44 % S(l=3) ave= 0.000E+00 +/- 0.00 % 
 ... Histogram plot for thermal (n,g)
 ... Write covariances  ... MT1  ... plot correlations
 ... MT2  ... MT102 


 ================================================
 ============== From 6 random values === start ======
 Thermal (n,tot) xs  0 K =  5.66324 b. +/- 0.166929 b. ( 2.94759 %) skew= -1.20 +/- 0.79
 Thermal (n,el) xs   0 K =  5.66223 b. +/- 0.166732 b. ( 2.94463 %) skew= -1.20 +/- 0.79
 Thermal (n,g) xs    0 K =  0.00101428 b. +/- 0.000693934 b. ( 68.4162 %) skew= +1.52 +/- 0.79
 RI      (n,g)       0 K =  0.000483248 b. +/- 0.000292611 b. ( 60.5509 %) 
 MACS    (n,g)       0 K (at Emacs= 30000 eV) =  2.81674e-05 b. +/- 1.75013e-05 b. ( 62.1333 %) 
 Ave. Gtotal  L=0        =  1.267E+05 +/- 47.65 %
 Ave. Gn^(0)  L=0        =  6.041E+01 +/- 36.31 %
 Ave. Gg      L=0        =  2.879E-02 +/- 40.66 %
 Ave. D       L=0        =  2.022E+06 +/- 13.86 %
 Ave. S       L=0        =  4.098E-05 +/- 46.76 %
 Ave. Gtotal  L=1        =  1.566E+05 +/- 0.87 %
 Ave. Gn^(1)  L=1        =  1.377E+02 +/- 3.06 %
 Ave. Gg      L=1        =  5.005E-02 +/- 17.06 %
 Ave. D       L=1        =  7.547E+05 +/- 0.00 %
 Ave. S       L=1        =  1.073E-04 +/- 2.53 %
 Ave. Gtotal  L=2        =  1.637E+05 +/- 0.85 %
 Ave. Gn^(2)  L=2        =  3.817E+02 +/- 7.41 %
 Ave. Gg      L=2        =  1.836E-02 +/- 25.71 %
 Ave. D       L=2        =  7.547E+05 +/- 0.00 %
 Ave. S       L=2        =  2.377E-04 +/- 7.44 %

 Expected Thermal (n,g) (syst or meas)= 5.55822e-05 b. +/- 4.72449e-05 b. nominal: 0.000863846 b.
 ratio Calculated/expected thermal (n,g): 18.25 ratio DCalculated/Dexpected: 14.69 ratio Calculated/Nominal: 1.17
 ============== From 6 random values ===== stop ======
 ================================================
 ... Calculation of (n,a) and (n,p) cross sections at 300 K
 ... thermal (n,a) cross section is 73.0806 +/- 36.5403 b.
 ... thermal (n,a) cross section is 93.9098 b. (random case 1)
 ... thermal (n,a) cross section is 116.794 b. (random case 2)
 ... thermal (n,a) cross section is 23.6738 b. (random case 3)
 ... thermal (n,a) cross section is 108.102 b. (random case 4)
 ... thermal (n,a) cross section is 75.6714 b. (random case 5)
 ... thermal (n,a) cross section is 4.07873 b. (random case 6)
 ... thermal (n,p) cross section is 73.0806 +/- 36.5403 b.
 ... thermal (n,p) cross section is 95.2783 b. (random case 1)
 ... thermal (n,p) cross section is 60.079 b. (random case 2)
 ... thermal (n,p) cross section is 73.3088 b. (random case 3)
 ... thermal (n,p) cross section is 79.099 b. (random case 4)
 ... thermal (n,p) cross section is 48.6901 b. (random case 5)
 ... thermal (n,p) cross section is 89.4022 b. (random case 6)
 ... Rewrite index for MF2
 ... Write text for MF1 in file mf1.tares.txt
 ... plotting cross sections for the MF1
 ... order output files


================== summary ==================
 Thermal (n,tot) xs = 151.992 b. 
 Thermal (n,el)  xs = 5.83013 b. 
 Thermal (n,g)   xs = 0.000863846 b. (meas/sys: 5.55822e-05 b.)
 Thermal (n,a)   xs = 73.0806 b. 
 Thermal (n,p)   xs = 73.0806 b. 
 At 300 K (thermal adjustment): (n,el) = 5.96546 b., (n,g) = 0.000863978 b.

 RI      (n,g)      = 0.000407648 b. (meas or sys: - b.)
 RI      (n,el)     = 78.531 b.
=============================================


 ... cleaning
                                                 
  -------------------------------------------------------------
  -                                                           -
  - TARES: successful end of run with data from hypothetical  -
  - resonances for  Z= 8,  A= 22 and isomer= 0               -
  - half-life: 2.250000 sec. 
  -                                                           -
  -------------------------------------------------------------

   Running time:       12 seconds

 End time: Fri Oct  9 11:56:39 2026

