
  -------------------------------------------------------------
  -                                                           -
  -              Welcome to TARES version 1.8                 -
  -                                                           -
  -  (C) Copyright 2007-2025 D. Rochman, All Rights Reserved  -
  -           NRG, Petten, the Netherlands 2007-2014          -
  -           PSI, Villigen    Switzerland 2015-2025          -
  -         Nagra, Wettingen   Switzerland 2025-              -
  -           (Last Modified October 06, 2026)                -
  -           (Database from October 06, 2026)                -
  -                                                           -
  -------------------------------------------------------------


  ---------------------------------------------
   Compilation information:
   Compiled on:         Oct  8 2026, 18:36:06
   Compiled by:         koning
   Compiler version:    clang++ - 21.0.0
   Source location:     /Users/koning/tares-1.8/source/Module/
   Binaries location:   /Users/koning/bin
   System:              Darwin 25.6.0
   System version:      Darwin Kernel Version 25.6.0: Fri Jul 31 19:19:08 PDT 2026; root:xnu-12377.161.14~5/RELEASE_ARM64_T6050  
   Machine:             arm64 
  ---------------------------------------------

   User information:
   User name:           koning
   Running directory:   /Users/koning/tendl/resbase/In107m/work
   Owner mode for running directory : rwx
   Group mode for running directory : r-x
  ---------------------------------------------


 Starting time: Fri Oct  9 11:55:31 2026
 ... inputs directory found (/Users/koning/tares-1.8/source/Module//../../inputs/).
 ... It will be used for resonance parameters 
 ... ###############################################
 ... #     read the input file tares.inp
 ... ###############################################
 ... line: #
 ... line: # Input file generated by Autorochman
          --> line not read
 ... line: #
 ... line: isotope    In
          --> Isotope name: In
 ... line: mass       107
          --> isotopic mass: 107
 ... line: output     n-In107m
         ---> Name of the output files: n-In107m
 ... line: isomer     1
          --> isomeric state: 1
 ... line: mf32mf33   y
          --> MF33 based on MF32: y
 ... line: nbrRandom  6
          --> Nbr of random files: 6
 ... ###############################################
 ... # end read the input file tares.inp
 ... ###############################################
Value for random generator type not considered in since Tares 1.7 due to compilation issues

 ... ###############################################
     #   Interpretation of the Input definition    #
     ###############################################

 ... Default energy limit: End of resonance region
 ... Nuclear charge    = 49
 ... Element           = In
 ... Mass              = 107
 ... Isomer            = 1
 ... Correlation for (Gn,Gg) not included in random files
 ... Default random option: No random
 ... Output name: n-In107m
 ... Energy for the MACS: 30000 eV
 ... Resonances from CALENDF reduced (reduce=y) 
 ... For URR, level density model from TALYS selected: 91n3n12611.2850 (see manual for description)
 ... Random Generator: default (pseudo random numbers from ansi c++)
 ... Reconstruction of cross section selected
 ... Doppler broadening at 0 Kelvin
 ... URR not included (from the input file flag)
 ... Weight for grouping is flat
 ... Calculation of (n,alpha) cross section selected
 ... Number of digit for MF32c covariance representation: 2
 ... MF32 included
 ... MF33 will be used for covariance processing
 ... TENDL option set to yes (automatic choice of MF2 and format)
 ... Isotope not found in the best file --> use of MLBW formalism
 ... default option: Multi level Breit Wigner approximation selected
 ... (check file best.tendl.yes for changing this option)
 ... Retroactive option set to no with the 2025 option

 ... ###############################################
     #           End of Input definition           #
     ###############################################

 ... gnuplot found, will be used for plotting
 ... latex found, will be used for plotting
 ... dvips found, will be used for plotting
 ... ps2epsi not found, limited plotting available
 ... uncertainties on default parameters multiplied by 1.02197
 ... Read resonance data from the 2025 directory
 ... Resonance parameters taken from /Users/koning/tares-1.8/source/Module//../../inputs/2025/Resonance/default/
 ---> Processing Z= 49 and A= 107 and isomer= 1 (level number: 1)
 Exfor path; Could not find /Users/koning/tares-1.8/source/Module//../../inputs/exfor/In107m/xs/102
Thermal file; Could not open file /Users/koning/tares-1.8/source/Module//../../inputs/2025/runThermal/results//thermal.mxw.ng.cendl3.1
Thermal file; Could not open file /Users/koning/tares-1.8/source/Module//../../inputs/2025/runThermal/results//thermal.mxw.ng.brond3.1
Thermal file; Could not open file /Users/koning/tares-1.8/source/Module//../../inputs/2025/runThermal/results//thermal.xs.ng.unc.cendl3.1
 ... spin taken from the final/ directory (1)

 ... ###############################################
 ... #  Nucleus global parameters (2025 database)  #
 ... ###############################################
 0. Half-life: 50.4 sec. 
 ... Scattering radius from TALYS: /Users/koning/tares-1.8/source/Module//../../inputs/2025/lib.urr/talys.urr/
 1. Spin of the target isotope: 0.5
 2. Relative Atomic Mass of the target isotope: 106.91
 3. Level of the isomer: 0.678500 MeV (level number 1)
 4. Scattering radius (local compilation): 6.31002 fm +/- 0.15144 fm
      .......................................
      ... Thermal capture cross sections: ...
 ... ratio of 1.69803 applied for isomeric cross section (isomer/ground)
 5. Thermal (n,g) cross section from systematics (TALYS, urr.dat): 29.7973 +/- 25.3277 b.
 6. Thermal (n,g) cross section from compilation (Firestone-2022 average on element In): 195 +/- 3 b.
 7. Thermal (n,g) cross section from compilation (Firestone-2022 final on element In): 194.2 +/- 1.6 b.
      .......................................
      ...  Thermal total cross sections:  ...
      .......................................
      ... Thermal elastic cross sections: ...
 8. Thermal (n,el) cross section from potential (4piR^2): 7.93018 +/- 0.396509 b.
      .......................................
             ... Resonance integral: ...
 9. No capture integral found in /Users/koning/tares-1.8/source/Module//../../inputs/capture.integral
 ... no RI(n,g) found in local compilation, take 2018 value.
 ... no RI(n,g) found in local compilation, take Sukhoruchkin value.
   ---- MACS 30 keV ----- 
 10. TALYS MACS 30 keV (HF): 7.26591e-09 b. 
   ---------- S0 -------- 
 11. S0 from TALYS: 0.650482
   ---------- S1 -------- 
 12. S1 from TALYS: 5.13893
   ---------- S2 -------- 
 13. S2 from TALYS: 0.567456
   ---------- D0 -------- 
 14. D0 from TALYS: 93.2555 eV
   ---------- D1 -------- 
 15. D1 from TALYS: 43.3134 eV
   ---------- D2 -------- 
 16. D2 from TALYS: 27.8708 eV
   ---------- G0 -------- 
 17. Gg0 from TALYS: 0.712775 eV
   ---------- G1 -------- 
 18. Gg1 from TALYS: 0.712887 eV
   ---------- G2 -------- 
 19. Gg2 from TALYS: 0.725663 eV


   ---------------------- 
 ... Read resonance parameters (format: 2: Multi Level Breit Wigner)
 ... 0 resonances found 
 ... possibly no resonances in the Resonance directory for this isotope and options
 ... Use HFR (ladder) behavior 
 --> 21. Number of resonances from the input file: 2 up to 46.6277 eV
 22. Read nuclear quantities (mass, MAT...)
 23. Read thermal (n,g) xs 
 24. Read the scattering radius 
 25. Read uncertainty on Gg for 2 resonances
 26. Read uncertainty on Gg for 2 resonances ... done
 ... order resonances 
 ... Upper limit for the RRR: 46.6277 eV (no statistical resonances HFR) from the limit.RRR file
 ... Write parameters for l=0 waves
 ... End writing original MF2 
 ... No RRR in the database: uncertainties on default parameters multiplied by 1.99753
 ... Enter in urr function (ladder option set to y) for file n-In107m
 ... read the file /Users/koning/tares-1.8/source/Module//../../inputs/2025/list.jcs.urr to find URR origin
 Default URR taken from TALYS calculations with level density model: 91n3n12611.2850
 File considered for the URR: /Users/koning/tares-1.8/source/Module//../../inputs/2025/lib.urr/talys.urr/91n3n12611.2850/In/urr/urr.dat.In.107.001.1.gz
 ... Write URR using TALYS average parameters (used for HFR)
 ... Limit of URR changed to 25 keV (recommendation from WPEC and JEFF)
 ... Extract the Sn value from file ./urr.dat.In.107.1.1
 ... found Sn= 8.62448 MeV
 ... estimated number of resonances up to 228.896 eV:  1 resonances
 ... This is a test here. The higher energy limit to include URR data for calendf is set to max Sn. 24/03/2016
 ... Use Sn to define the maximum energy for the URR: Sn= 8.62448 MeV --> last_energyURR= 228.896 eV
 ... read D0, S0, Gn and Gg
 ... number of URR energies: 1112
 Number of l: 1112 and last energy: 8
 Last  URR energy: 228.896 eV
 ... Enter in to_MLBW_mf2 function
 ... Convert to Multi Level Breit Wigner (MLBW)
 ... Write parameter covariances (MF32) for l=0
 ... Convert parameter covariances (MF32) to MLBW
 ... copy the mf2 and mf32 to .mlbw files
 ... Enter in urr_correct function case 1
 Modify the higher limit of RRR in MF2
 --> old value: 4.686087+1 eV new value: 1.000000-2 eV
 Modify resonance covariances (MF32) to include correlations in the URR
 End Modify resonance covariances (MF32) to include correlations in the URR
 ... Enter in calendf_xs function
 Use CALENDF for statistical resonances (update MF2) up to 2.288960+2 eV (initial limit)
 Extract resonances from CALENDF for RRR->URR 2
 26 statistical resonances found
 After reduction, 26 statistical resonances found
 ... checking resonance order 1
 ... checking resonance order 2nd round for 24 resonances
 ... end checking resonance order 2nd round
 .......................................................
 ... Adjustment to the thermal cross section : start ...
 .......................................................
 ... ratio of 1.69803 applied for isomeric cross section (isomer/ground)

 Before adjustment (adjustment to the thermal cross section set to y)
 ... Import MF2 from TARES calculations
 ... End energy of TARES MF2 : 2.228055E+2 eV and limit to 40000 resonances
 ... File used for reconstruction: new.temp22.reconst
 ... run RECENT ...
 ... Doppler broadened at a unique temperature: 300 Kelvin using sigma1
 ... run SIGMA1 at 3.000000E+02 K.

 ============== INTER values at 300 Kelvin ==============
 Thermal (n,g) xs =  1635.1 b. (meas/sys: 29.7973 b.) (warning: comparison to be done at 296 or 300 K)
 Th Maxw (n,g) xs =  1658.2 b. (thermal Maxwellian value)
 Westcott factor  =  1.01415
 RI      (n,g)    =  4254.64 b. (meas or sys: - b.)
 MACS 3.000e+04 eV=  0.50014 b. (meas or sys: - b.) from 1.00E+00 to 2.00E+07 eV (end of RRR) at T= 300 Kelvin 
 Thermal (n,el) xs=  1.86518 b.
 RI      (n,el)   =  97.9404 b.
 ============= PSYCHE values ==============
 Ave. G_total L0  =  0.791431 eV
 Ave. G_total L1  =  0.703457 eV
 Ave. G_total L2  =  0.70944 eV
 Ave. Gn_0    L0  =  0.00681108
 Ave. Gn_0    L1  =  0.0851858
 Ave. Gn_0    L2  =  0.0114408
 Ave. Gg      L0  =  0.725677 eV
 Ave. Gg      L1  =  0.703209 eV
 Ave. Gg      L2  =  0.70944 eV
 Ave. D       L0  =  74.2685 eV
 Ave. D       L1  =  55.7014 eV
 Ave. D       L2  =  111.403 eV
 Ave. S       L0  =  9.17088e-05 eV
 Ave. S       L1  =  0.000470717 eV
 Ave. S       L2  =  3.42512e-05 eV
 =========================================
 Calculated capture integral   4254.64 b.
 Calculated thermal (n,g)=          1635.10380 b. and recommended= 29.7973 b. (C/E= 54.8742)
 Calculated RI      (n,g)= 4254.64 b. (no reference value)
 ... tolerances: thermal (n,g) 20 % (reference uncertainties, minimum 2% and 5%, maximum 20%)
 Adjust the capture widths ...
 ... capture adjusted with Gn for 24 resonances (Gn<Gg) and with Gg for 0 resonances
 ... iteration 0: C/E thermal (n,g)= 54.8742
 Warning: 24 widths limited to a change of a factor 10 from their starting values

 <-------- After adjustment -------->
 ... Import MF2 from TARES calculations
 ... End energy of TARES MF2 : 2.228055E+2 eV and limit to 40000 resonances
 ... File used for reconstruction: new.temp22.reconst
 ... run RECENT ...
 ... Doppler broadened at a unique temperature: 300 Kelvin using sigma1
 ... run SIGMA1 at 3.000000E+02 K.

 ============== INTER values at 300 Kelvin ==============
 Thermal (n,g) xs =  163.516 b. (meas/sys: 29.7973 b.) (warning: comparison to be done at 296 or 300 K)
 Th Maxw (n,g) xs =  165.81 b. (thermal Maxwellian value)
 Westcott factor  =  1.01403
 RI      (n,g)    =  438.821 b. (meas or sys: - b.)
 MACS 3.000e+04 eV=  0.49942 b. (meas or sys: - b.) from 1.00E+00 to 2.00E+07 eV (end of RRR) at T= 300 Kelvin 
 Thermal (n,el) xs=  4.51449 b.
 RI      (n,el)   =  30.3546 b.
 ============= PSYCHE values ==============
 Ave. G_total L0  =  0.732252 eV
 Ave. G_total L1  =  0.703233 eV
 Ave. G_total L2  =  0.70944 eV
 Ave. Gn_0    L0  =  0.000681108
 Ave. Gn_0    L1  =  0.00851858
 Ave. Gn_0    L2  =  0.00114408
 Ave. Gg      L0  =  0.725677 eV
 Ave. Gg      L1  =  0.703209 eV
 Ave. Gg      L2  =  0.70944 eV
 Ave. D       L0  =  74.2685 eV
 Ave. D       L1  =  55.7014 eV
 Ave. D       L2  =  111.403 eV
 Ave. S       L0  =  9.17088e-06 eV
 Ave. S       L1  =  4.70717e-05 eV
 Ave. S       L2  =  3.42512e-06 eV
 =========================================
 ... iteration 1: C/E thermal (n,g)= 5.48762
 Warning: 24 widths limited to a change of a factor 10 from their starting values

 <-------- After adjustment -------->
 ... Import MF2 from TARES calculations
 ... End energy of TARES MF2 : 2.228055E+2 eV and limit to 40000 resonances
 ... File used for reconstruction: new.temp22.reconst
 ... run RECENT ...
 ... Doppler broadened at a unique temperature: 300 Kelvin using sigma1
 ... run SIGMA1 at 3.000000E+02 K.

 ============== INTER values at 300 Kelvin ==============
 Thermal (n,g) xs =  163.516 b. (meas/sys: 29.7973 b.) (warning: comparison to be done at 296 or 300 K)
 Th Maxw (n,g) xs =  165.81 b. (thermal Maxwellian value)
 Westcott factor  =  1.01403
 RI      (n,g)    =  438.821 b. (meas or sys: - b.)
 MACS 3.000e+04 eV=  0.49942 b. (meas or sys: - b.) from 1.00E+00 to 2.00E+07 eV (end of RRR) at T= 300 Kelvin 
 Thermal (n,el) xs=  4.51449 b.
 RI      (n,el)   =  30.3546 b.
 ============= PSYCHE values ==============
 Ave. G_total L0  =  0.732252 eV
 Ave. G_total L1  =  0.703233 eV
 Ave. G_total L2  =  0.70944 eV
 Ave. Gn_0    L0  =  0.000681108
 Ave. Gn_0    L1  =  0.00851858
 Ave. Gn_0    L2  =  0.00114408
 Ave. Gg      L0  =  0.725677 eV
 Ave. Gg      L1  =  0.703209 eV
 Ave. Gg      L2  =  0.70944 eV
 Ave. D       L0  =  74.2685 eV
 Ave. D       L1  =  55.7014 eV
 Ave. D       L2  =  111.403 eV
 Ave. S       L0  =  9.17088e-06 eV
 Ave. S       L1  =  4.70717e-05 eV
 Ave. S       L2  =  3.42512e-06 eV
 =========================================
 ... iteration 2: C/E thermal (n,g)= 5.48762
 Warning: no further change possible (widths at the limit of a factor 10): adjustment stopped


 ... ratio C/E thermal (n,g): 5.487621E+00
 ...................................................... 
 ... Adjustment to the thermal cross section : stop ...
 ...................................................... 
 ... new MF2 file after adjustment: n-In107m
 ... read the file /Users/koning/tares-1.8/source/Module//../../inputs/2025/list.jcs.urr to find URR origin
 Default URR taken from TALYS calculations with level density model: 91n3n12611.2850
 File considered for the URR: /Users/koning/tares-1.8/source/Module//../../inputs/2025/lib.urr/talys.urr/91n3n12611.2850/In/urr/urr.dat.In.107.001.1.gz
 ... Write URR using TALYS average parameters (not used for HFR)
 ... Limit of URR changed to 25 keV (recommendation from WPEC and JEFF)
 Energy limit of the URR set to 289.647 eV
 ... read D0, S0, Gn and Gg
 ... number of URR energies: 24
 Number of l: 24 and last energy: 8
 Last  URR energy: 289.647 eV
 ... Enter in urr_correct function case 2
 Modify the higher limit of RRR in MF2
 --> old value: 2.228055+2 eV new value: 2.228055+2 eV
 Modify resonance covariances (MF32) to include correlations in the URR
 End Modify resonance covariances (MF32) to include correlations in the URR
 ... Enter in update_MF32 function
 ... Change uncertainties
 ... for the HFR, random position of the positive resonances with 0.020000 %
 ... end of update MF32 function
 ... GLS calculation of the parameter correlations from the thermal/RI adjustment (MF32c)
 ... MF32: correlations from the thermal/RI adjustment (GLS) for 1 resonances (2 widths), 1 correlation lines
 ...   thermal (n,g): uncertainty from these widths 64.2731 b. -> 23.5641 b. (reference: 29.7973 +/- 25.3277 b.)
 ... copy the mf2 and mf32 to .mlbw files

 ... Start of final reconstruction and testing ...
 ... Reconstruction of cross sections at 0 Kelvin  ... Import MF2 from TARES calculations
 ... End energy of TARES MF2 : 2.228055E+2 eV and limit to 40000 resonances
 ... File used for reconstruction: n-In107m.reconst
 ... run RECENT ...
 ... Doppler broadened at a unique temperature: 0 Kelvin using sigma1
 ... The keyword temperature is zero, no Doppler broadening for the MACS

 ============== INTER values at 0 Kelvin ==============
 Thermal (n,g) xs =  163.393 b. (meas/sys: 29.7973 b.) (warning: comparison to be done at 296 or 300 K)
 Th Maxw (n,g) xs =  164.83 b. (thermal Maxwellian value)
 Westcott factor  =  1.00878
 RI      (n,g)    =  437.641 b. (meas or sys: - b.)
 MACS 3.000e+04 eV=  0.49628 b. (meas or sys: - b.) from 1.00E+00 to 2.23E+02 eV (end of RRR) at T= 0 Kelvin 
 Thermal (n,el) xs=  4.49313 b.
 RI      (n,el)   =  30.3055 b.
 ============= PSYCHE values ==============
 Ave. G_total L0  =  0.732252 eV
 Ave. G_total L1  =  0.703233 eV
 Ave. G_total L2  =  0.70944 eV
 Ave. Gn_0    L0  =  0.000681108
 Ave. Gn_0    L1  =  0.00851858
 Ave. Gn_0    L2  =  0.00114408
 Ave. Gg      L0  =  0.725677 eV
 Ave. Gg      L1  =  0.703209 eV
 Ave. Gg      L2  =  0.70944 eV
 Ave. D       L0  =  74.2685 eV
 Ave. D       L1  =  55.7014 eV
 Ave. D       L2  =  111.403 eV
 Ave. S       L0  =  9.17088e-06 eV
 Ave. S       L1  =  4.70717e-05 eV
 Ave. S       L2  =  3.42512e-06 eV
 =========================================
 ... End of final reconstruction and testing ...

 ... grouping is not optimum, change to 70 groups
 ... Produce MF33 based on MF32 and 6 random files
 ... MF3 of n-In107m.reconst (3 sections) added to the files for ENDSAM
 ... run endsam for 6 in groups of 1 global run
 ... run endsam from 1 to 6
 ... random files: total width GT set to Gn+Gg+Gf (144 resonances in 6 files)
 ... reorder resonance position after endsam (sampling)
 ... preparing the vectors  ... done
 ... nominal file 0 Cap(th)  ave= 1.634E+02 b. +/- 0.00 % || Ela(th) ave= 4.493E+00 b. +/- 0.00 % || RIcap ave= 4.38E+02 b. +/- 0.00 % || Macs30 ave= 4.96E-01 b. +/- 0.00 % || Gn^0(l=0) ave= 6.811E-04 +/- 0.00 % Gn^0(l=1) ave= 8.519E-03 +/- 0.00 % Gn^0(l=2) ave= 1.144E-03 +/- 0.00 % Gn^0(l=3) ave= 0.000E+00 +/- 0.00 % || Gtotal(l=0) ave= 7.323E-01 +/- 0.00 % Gtotal(l=1) ave= 7.032E-01 +/- 0.00 % Gtotal(l=2) ave= 7.094E-01 +/- 0.00 % Gtotal(l=3) ave= 0.000E+00 +/- 0.00 %  % || Gg(l=0) ave= 7.257E-01 +/- 0.00 % Gg(l=1) ave= 7.032E-01 +/- 0.00 % Gg(l=2) ave= 7.094E-01 +/- 0.00 % Gg(l=3) ave= 0.000E+00 +/- 0.00 %  % || D(l=0) ave= 7.427E+01 +/- 0.00 % D(l=1) ave= 5.570E+01 +/- 0.00 % D(l=2) ave= 1.114E+02 +/- 0.00 % D(l=3) ave= 0.000E+00 +/- 0.00 %  % || S(l=0) ave= 9.171E-06 +/- 0.00 % S(l=1) ave= 4.707E-05 +/- 0.00 % S(l=2) ave= 3.425E-06 +/- 0.00 % S(l=3) ave= 0.000E+00 +/- 0.00 % 
 ... random file  1 Cap(th)  ave= 1.448E+02 b. +/- 12.82 % || Ela(th) ave= 4.057E+00 b. +/- 10.75 % || RIcap ave= 4.34E+02 b. +/- 0.76 % || Macs30 ave= 4.96E-01 b. +/- 0.00 % || Gn^0(l=0) ave= 7.950E-04 +/- 14.32 % Gn^0(l=1) ave= 9.457E-03 +/- 9.92 % Gn^0(l=2) ave= 1.432E-03 +/- 20.10 % Gn^0(l=3) ave= 0.000E+00 +/- 0.00 % || Gtotal(l=0) ave= 6.969E-01 +/- 5.08 % Gtotal(l=1) ave= 7.052E-01 +/- 0.28 % Gtotal(l=2) ave= 6.804E-01 +/- 4.26 % Gtotal(l=3) ave= 0.000E+00 +/- 0.00 %  % || Gg(l=0) ave= 6.892E-01 +/- 5.29 % Gg(l=1) ave= 7.052E-01 +/- 0.28 % Gg(l=2) ave= 6.804E-01 +/- 4.26 % Gg(l=3) ave= 0.000E+00 +/- 0.00 %  % || D(l=0) ave= 9.284E+01 +/- 20.00 % D(l=1) ave= 5.570E+01 +/- 0.00 % D(l=2) ave= 1.114E+02 +/- 0.00 % D(l=3) ave= 0.000E+00 +/- 0.00 %  % || S(l=0) ave= 9.174E-06 +/- 0.04 % S(l=1) ave= 5.225E-05 +/- 9.92 % S(l=2) ave= 4.287E-06 +/- 20.10 % S(l=3) ave= 0.000E+00 +/- 0.00 % 
 ... random file  2 Cap(th)  ave= 1.436E+02 b. +/- 10.63 % || Ela(th) ave= 4.325E+00 b. +/- 12.03 % || RIcap ave= 4.35E+02 b. +/- 0.63 % || Macs30 ave= 4.96E-01 b. +/- 0.00 % || Gn^0(l=0) ave= 7.553E-04 +/- 14.37 % Gn^0(l=1) ave= 8.972E-03 +/- 11.45 % Gn^0(l=2) ave= 1.283E-03 +/- 24.63 % Gn^0(l=3) ave= 0.000E+00 +/- 0.00 % || Gtotal(l=0) ave= 6.979E-01 +/- 4.14 % Gtotal(l=1) ave= 7.471E-01 +/- 7.92 % Gtotal(l=2) ave= 6.889E-01 +/- 3.86 % Gtotal(l=3) ave= 0.000E+00 +/- 0.00 %  % || Gg(l=0) ave= 6.906E-01 +/- 4.32 % Gg(l=1) ave= 7.471E-01 +/- 7.92 % Gg(l=2) ave= 6.889E-01 +/- 3.86 % Gg(l=3) ave= 0.000E+00 +/- 0.00 %  % || D(l=0) ave= 8.665E+01 +/- 20.20 % D(l=1) ave= 5.570E+01 +/- 0.00 % D(l=2) ave= 1.114E+02 +/- 0.00 % D(l=3) ave= 0.000E+00 +/- 0.00 %  % || S(l=0) ave= 9.151E-06 +/- 0.37 % S(l=1) ave= 4.958E-05 +/- 11.45 % S(l=2) ave= 3.840E-06 +/- 24.63 % S(l=3) ave= 0.000E+00 +/- 0.00 % 
 ... random file  3 Cap(th)  ave= 1.343E+02 b. +/- 15.50 % || Ela(th) ave= 3.878E+00 b. +/- 23.10 % || RIcap ave= 4.33E+02 b. +/- 0.95 % || Macs30 ave= 4.96E-01 b. +/- 0.00 % || Gn^0(l=0) ave= 7.343E-04 +/- 13.73 % Gn^0(l=1) ave= 1.034E-02 +/- 24.46 % Gn^0(l=2) ave= 1.799E-03 +/- 51.99 % Gn^0(l=3) ave= 0.000E+00 +/- 0.00 % || Gtotal(l=0) ave= 7.135E-01 +/- 5.15 % Gtotal(l=1) ave= 7.878E-01 +/- 11.07 % Gtotal(l=2) ave= 5.899E-01 +/- 29.32 % Gtotal(l=3) ave= 0.000E+00 +/- 0.00 %  % || Gg(l=0) ave= 7.064E-01 +/- 5.32 % Gg(l=1) ave= 7.878E-01 +/- 11.07 % Gg(l=2) ave= 5.899E-01 +/- 29.32 % Gg(l=3) ave= 0.000E+00 +/- 0.00 %  % || D(l=0) ave= 8.355E+01 +/- 19.25 % D(l=1) ave= 5.570E+01 +/- 0.00 % D(l=2) ave= 1.114E+02 +/- 0.00 % D(l=3) ave= 0.000E+00 +/- 0.00 %  % || S(l=0) ave= 9.122E-06 +/- 0.62 % S(l=1) ave= 5.713E-05 +/- 24.45 % S(l=2) ave= 5.386E-06 +/- 51.99 % S(l=3) ave= 0.000E+00 +/- 0.00 % 
 ... random file  4 Cap(th)  ave= 1.356E+02 b. +/- 13.86 % || Ela(th) ave= 4.322E+00 b. +/- 27.66 % || RIcap ave= 4.34E+02 b. +/- 0.96 % || Macs30 ave= 4.96E-01 b. +/- 0.00 % || Gn^0(l=0) ave= 7.706E-04 +/- 15.02 % Gn^0(l=1) ave= 9.530E-03 +/- 29.18 % Gn^0(l=2) ave= 1.567E-03 +/- 61.06 % Gn^0(l=3) ave= 0.000E+00 +/- 0.00 % || Gtotal(l=0) ave= 6.939E-01 +/- 7.37 % Gtotal(l=1) ave= 7.286E-01 +/- 19.46 % Gtotal(l=2) ave= 5.798E-01 +/- 26.91 % Gtotal(l=3) ave= 0.000E+00 +/- 0.00 %  % || Gg(l=0) ave= 6.864E-01 +/- 7.60 % Gg(l=1) ave= 7.286E-01 +/- 19.46 % Gg(l=2) ave= 5.798E-01 +/- 26.91 % Gg(l=3) ave= 0.000E+00 +/- 0.00 %  % || D(l=0) ave= 8.912E+01 +/- 20.41 % D(l=1) ave= 5.570E+01 +/- 0.00 % D(l=2) ave= 1.114E+02 +/- 0.00 % D(l=3) ave= 0.000E+00 +/- 0.00 %  % || S(l=0) ave= 9.147E-06 +/- 0.78 % S(l=1) ave= 5.266E-05 +/- 29.17 % S(l=2) ave= 4.691E-06 +/- 61.06 % S(l=3) ave= 0.000E+00 +/- 0.00 % 
 ... random file  5 Cap(th)  ave= 1.906E+02 b. +/- 65.16 % || Ela(th) ave= 4.297E+00 b. +/- 25.43 % || RIcap ave= 4.35E+02 b. +/- 1.18 % || Macs30 ave= 4.96E-01 b. +/- 0.00 % || Gn^0(l=0) ave= 7.936E-04 +/- 14.81 % Gn^0(l=1) ave= 9.494E-03 +/- 26.75 % Gn^0(l=2) ave= 1.533E-03 +/- 57.20 % Gn^0(l=3) ave= 0.000E+00 +/- 0.00 % || Gtotal(l=0) ave= 8.210E-01 +/- 35.10 % Gtotal(l=1) ave= 6.899E-01 +/- 22.57 % Gtotal(l=2) ave= 5.918E-01 +/- 24.49 % Gtotal(l=3) ave= 0.000E+00 +/- 0.00 %  % || Gg(l=0) ave= 8.134E-01 +/- 35.39 % Gg(l=1) ave= 6.899E-01 +/- 22.57 % Gg(l=2) ave= 5.918E-01 +/- 24.49 % Gg(l=3) ave= 0.000E+00 +/- 0.00 %  % || D(l=0) ave= 9.284E+01 +/- 20.00 % D(l=1) ave= 5.570E+01 +/- 0.00 % D(l=2) ave= 1.114E+02 +/- 0.00 % D(l=3) ave= 0.000E+00 +/- 0.00 %  % || S(l=0) ave= 9.152E-06 +/- 0.72 % S(l=1) ave= 5.246E-05 +/- 26.74 % S(l=2) ave= 4.588E-06 +/- 57.21 % S(l=3) ave= 0.000E+00 +/- 0.00 % 
 ... random file  6 Cap(th)  ave= 1.789E+02 b. +/- 66.24 % || Ela(th) ave= 4.276E+00 b. +/- 23.70 % || RIcap ave= 4.35E+02 b. +/- 1.10 % || Macs30 ave= 4.96E-01 b. +/- 0.00 % || Gn^0(l=0) ave= 8.107E-04 +/- 14.38 % Gn^0(l=1) ave= 9.443E-03 +/- 24.93 % Gn^0(l=2) ave= 1.503E-03 +/- 54.22 % Gn^0(l=3) ave= 0.000E+00 +/- 0.00 % || Gtotal(l=0) ave= 7.909E-01 +/- 35.01 % Gtotal(l=1) ave= 6.689E-01 +/- 22.88 % Gtotal(l=2) ave= 6.169E-01 +/- 23.93 % Gtotal(l=3) ave= 0.000E+00 +/- 0.00 %  % || Gg(l=0) ave= 7.830E-01 +/- 35.33 % Gg(l=1) ave= 6.689E-01 +/- 22.88 % Gg(l=2) ave= 6.169E-01 +/- 23.93 % Gg(l=3) ave= 0.000E+00 +/- 0.00 %  % || D(l=0) ave= 9.549E+01 +/- 19.25 % D(l=1) ave= 5.570E+01 +/- 0.00 % D(l=2) ave= 1.114E+02 +/- 0.00 % D(l=3) ave= 0.000E+00 +/- 0.00 %  % || S(l=0) ave= 9.162E-06 +/- 0.72 % S(l=1) ave= 5.218E-05 +/- 24.93 % S(l=2) ave= 4.499E-06 +/- 54.23 % S(l=3) ave= 0.000E+00 +/- 0.00 % 
 ... Histogram plot for thermal (n,g)
 ... Write covariances  ... MT1  ... plot correlations
 ... MT2  ... MT102 


 ================================================
 ============== From 6 random values === start ======
 Thermal (n,tot) xs  0 K =  183.149 b. +/- 118.552 b. ( 64.7296 %) skew= +1.93 +/- 0.79
 Thermal (n,el) xs   0 K =  4.27552 b. +/- 1.01319 b. ( 23.6975 %) skew= +0.10 +/- 0.79
 Thermal (n,g) xs    0 K =  178.874 b. +/- 118.494 b. ( 66.2442 %) skew= +1.94 +/- 0.79
 RI      (n,g)       0 K =  434.989 b. +/- 4.78989 b. ( 1.10115 %) 
 MACS    (n,g)       0 K (at Emacs= 30000 eV) =  0.49628 b. +/- 2.98023e-08 b. ( 6.00514e-06 %) 
 Ave. Gtotal  L=0        =  7.909E-01 +/- 35.01 %
 Ave. Gn^(0)  L=0        =  8.107E-04 +/- 14.38 %
 Ave. Gg      L=0        =  7.830E-01 +/- 35.33 %
 Ave. D       L=0        =  9.549E+01 +/- 19.25 %
 Ave. S       L=0        =  9.162E-06 +/- 0.72 %
 Ave. Gtotal  L=1        =  6.689E-01 +/- 22.88 %
 Ave. Gn^(1)  L=1        =  9.443E-03 +/- 24.93 %
 Ave. Gg      L=1        =  6.689E-01 +/- 22.88 %
 Ave. D       L=1        =  5.570E+01 +/- 0.00 %
 Ave. S       L=1        =  5.218E-05 +/- 24.93 %
 Ave. Gtotal  L=2        =  6.169E-01 +/- 23.93 %
 Ave. Gn^(2)  L=2        =  1.503E-03 +/- 54.22 %
 Ave. Gg      L=2        =  6.169E-01 +/- 23.93 %
 Ave. D       L=2        =  1.114E+02 +/- 0.00 %
 Ave. S       L=2        =  4.499E-06 +/- 54.23 %

 Expected Thermal (n,g) (syst or meas)= 29.7973 b. +/- 25.3277 b. nominal: 163.393 b.
 ratio Calculated/expected thermal (n,g): 6.00 ratio DCalculated/Dexpected: 4.68 ratio Calculated/Nominal: 1.09
 ============== From 6 random values ===== stop ======
 ================================================
 ... Calculation of (n,a) and (n,p) cross sections at 300 K
 ... thermal (n,a) cross section is 0.000127367 +/- 6.36835e-05 b.
 ... thermal (n,a) cross section is 0.000156941 b. (random case 1)
 ... thermal (n,a) cross section is 0.000140015 b. (random case 2)
 ... thermal (n,a) cross section is 0.000119841 b. (random case 3)
 ... thermal (n,a) cross section is 0.00013473 b. (random case 4)
 ... thermal (n,a) cross section is 1.61328e-05 b. (random case 5)
 ... thermal (n,a) cross section is 4.14733e-05 b. (random case 6)
 ... thermal (n,p) cross section is 0.000127367 +/- 6.36835e-05 b.
 ... thermal (n,p) cross section is 6.9752e-05 b. (random case 1)
 ... thermal (n,p) cross section is 0.000123689 b. (random case 2)
 ... thermal (n,p) cross section is 0.000136692 b. (random case 3)
 ... thermal (n,p) cross section is 6.80567e-05 b. (random case 4)
 ... thermal (n,p) cross section is 3.91475e-05 b. (random case 5)
 ... thermal (n,p) cross section is 4.97061e-05 b. (random case 6)
 ... Rewrite index for MF2
 ... Write text for MF1 in file mf1.tares.txt
 ... plotting cross sections for the MF1
 ... order output files


================== summary ==================
 Thermal (n,tot) xs = 167.886 b. 
 Thermal (n,el)  xs = 4.49313 b. 
 Thermal (n,g)   xs = 163.393 b. (meas/sys: 29.7973 b.)
 At 300 K (thermal adjustment): (n,el) = 4.51449 b., (n,g) = 163.516 b.

 RI      (n,g)      = 437.641 b. (meas or sys: - b.)
 RI      (n,el)     = 30.3055 b.
=============================================


 ... cleaning
                                                 
  -------------------------------------------------------------
  -                                                           -
  - TARES: successful end of run with data from hypothetical  -
  - resonances for  Z= 49, A= 107 and isomer= 1               -
  - half-life: 50.400002 sec. 
  -                                                           -
  -------------------------------------------------------------

   Running time:       7 seconds

 End time: Fri Oct  9 11:55:38 2026

