
  -------------------------------------------------------------
  -                                                           -
  -              Welcome to TARES version 1.8                 -
  -                                                           -
  -  (C) Copyright 2007-2025 D. Rochman, All Rights Reserved  -
  -           NRG, Petten, the Netherlands 2007-2014          -
  -           PSI, Villigen    Switzerland 2015-2025          -
  -         Nagra, Wettingen   Switzerland 2025-              -
  -           (Last Modified October 06, 2026)                -
  -           (Database from October 06, 2026)                -
  -                                                           -
  -------------------------------------------------------------


  ---------------------------------------------
   Compilation information:
   Compiled on:         Oct  7 2026, 09:32:19
   Compiled by:         koning
   Compiler version:    clang++ - 21.0.0
   Source location:     /Users/koning/tares-1.8/source/Module/
   Binaries location:   /Users/koning/bin
   System:              Darwin 25.6.0
   System version:      Darwin Kernel Version 25.6.0: Fri Jul 31 19:19:08 PDT 2026; root:xnu-12377.161.14~5/RELEASE_ARM64_T6050  
   Machine:             arm64 
  ---------------------------------------------

   User information:
   User name:           koning
   Running directory:   /Users/koning/tendl/resbase/At198m/work
   Owner mode for running directory : rwx
   Group mode for running directory : r-x
  ---------------------------------------------


 Starting time: Wed Oct  7 10:46:05 2026
 ... inputs directory found (/Users/koning/tares-1.8/source/Module//../../inputs/).
 ... It will be used for resonance parameters 
 ... ###############################################
 ... #     read the input file tares.inp
 ... ###############################################
 ... line: #
 ... line: # Input file generated by Autorochman
          --> line not read
 ... line: #
 ... line: isotope    At
          --> Isotope name: At
 ... line: mass       198
          --> isotopic mass: 198
 ... line: output     n-At198m
         ---> Name of the output files: n-At198m
 ... line: isomer     1
          --> isomeric state: 1
 ... line: mf32mf33   y
          --> MF33 based on MF32: y
 ... line: nbrRandom  6
          --> Nbr of random files: 6
 ... ###############################################
 ... # end read the input file tares.inp
 ... ###############################################
Value for random generator type not considered in since Tares 1.7 due to compilation issues

 ... ###############################################
     #   Interpretation of the Input definition    #
     ###############################################

 ... Default energy limit: End of resonance region
 ... Nuclear charge    = 85
 ... Element           = At
 ... Mass              = 198
 ... Isomer            = 1
 ... Correlation for (Gn,Gg) not included in random files
 ... Default random option: No random
 ... Output name: n-At198m
 ... Energy for the MACS: 30000 eV
 ... Resonances from CALENDF reduced (reduce=y) 
 ... For URR, level density model from TALYS selected: 91n3n12611.2850 (see manual for description)
 ... Random Generator: default (pseudo random numbers from ansi c++)
 ... Reconstruction of cross section selected
 ... Doppler broadening at 0 Kelvin
 ... URR not included (from the input file flag)
 ... Weight for grouping is flat
 ... Calculation of (n,alpha) cross section selected
 ... Number of digit for MF32c covariance representation: 2
 ... MF32 included
 ... MF33 will be used for covariance processing
 ... TENDL option set to yes (automatic choice of MF2 and format)
 ... Isotope not found in the best file --> use of MLBW formalism
 ... default option: Multi level Breit Wigner approximation selected
 ... (check file best.tendl.yes for changing this option)
 ... Retroactive option set to no with the 2025 option

 ... ###############################################
     #           End of Input definition           #
     ###############################################

 ... gnuplot found, will be used for plotting
 ... latex found, will be used for plotting
 ... dvips found, will be used for plotting
 ... ps2epsi not found, limited plotting available
 ... uncertainties on default parameters multiplied by 1.11435
 ... Read resonance data from the 2025 directory
 ... Resonance parameters taken from /Users/koning/tares-1.8/source/Module//../../inputs/2025/Resonance/default/
 ---> Processing Z= 85 and A= 198 and isomer= 1 (level number: 1)
 Exfor path; Could not find /Users/koning/tares-1.8/source/Module//../../inputs/exfor/At198m/xs/102
Thermal file; Could not open file /Users/koning/tares-1.8/source/Module//../../inputs/2025/runThermal/results//thermal.mxw.ng.cendl3.1
Thermal file; Could not open file /Users/koning/tares-1.8/source/Module//../../inputs/2025/runThermal/results//thermal.mxw.ng.brond3.1
Thermal file; Could not open file /Users/koning/tares-1.8/source/Module//../../inputs/2025/runThermal/results//thermal.xs.ng.unc.cendl3.1
 ... spin taken from the final/ directory (1)

 ... ###############################################
 ... #  Nucleus global parameters (2025 database)  #
 ... ###############################################
 0. Half-life: 1.21 sec. 
 ... Scattering radius from TALYS: /Users/koning/tares-1.8/source/Module//../../inputs/2025/lib.urr/talys.urr/
 1. Spin of the target isotope: 10
 2. Relative Atomic Mass of the target isotope: 197.992
 3. Level of the isomer: 0.306600 MeV (level number 1)
 4. Scattering radius (local compilation): 7.73096 fm +/- 0.185543 fm
      .......................................
      ... Thermal capture cross sections: ...
 ... ratio of 3.22322 applied for isomeric cross section (isomer/ground)
 5. Thermal (n,g) cross section from systematics: 848.995 +/- 721.646 b.
      .......................................
      ...  Thermal total cross sections:  ...
      .......................................
      ... Thermal elastic cross sections: ...
 6. Thermal (n,el) cross section from potential (4piR^2): 9.71596 +/- 0.485798 b.
      .......................................
             ... Resonance integral: ...
 7. No capture integral found in /Users/koning/tares-1.8/source/Module//../../inputs/capture.integral
 ... no RI(n,g) found in local compilation, take 2018 value.
 ... no RI(n,g) found in local compilation, take Sukhoruchkin value.
   ---- MACS 30 keV ----- 
 8. TALYS MACS 30 keV (HF): 0.00113941 b. 
   ---------- S0 -------- 
 9. S0 from TALYS: 0.82924
   ---------- S1 -------- 
 10. S1 from TALYS: 0.590184
   ---------- S2 -------- 
 11. S2 from TALYS: 1.36717
   ---------- D0 -------- 
 12. D0 from TALYS: 0.00572127 eV
   ---------- D1 -------- 
 13. D1 from TALYS: 0.00288884 eV
   ---------- D2 -------- 
 14. D2 from TALYS: 0.00195802 eV
   ---------- G0 -------- 
 15. Gg0 from TALYS: 0.191391 eV
   ---------- G1 -------- 
 16. Gg1 from TALYS: 0.197041 eV
   ---------- G2 -------- 
 17. Gg2 from TALYS: 0.20234 eV


   ---------------------- 
 ... Read resonance parameters (format: 2: Multi Level Breit Wigner)
 ... 0 resonances found 
 ... possibly no resonances in the Resonance directory for this isotope and options
 ... Use HFR (ladder) behavior 
 --> 19. Number of resonances from the input file: 2 up to 0.00286063 eV
 20. Read nuclear quantities (mass, MAT...)
 21. Read thermal (n,g) xs 
 22. Read the scattering radius 
 23. Read uncertainty on Gg for 2 resonances
 24. Read uncertainty on Gg for 2 resonances ... done
 ... order resonances 
 ... Upper limit for the RRR: 0.00286063 eV (no statistical resonances HFR) from the limit.RRR file
 ... Write parameters for l=0 waves
 ... End writing original MF2 
 ... No RRR in the database: uncertainties on default parameters multiplied by 1.99753
 ... Enter in urr function (ladder option set to y) for file n-At198m
 ... read the file /Users/koning/tares-1.8/source/Module//../../inputs/2025/list.jcs.urr to find URR origin
 Default URR taken from TALYS calculations with level density model: 91n3n12611.2850
 File considered for the URR: /Users/koning/tares-1.8/source/Module//../../inputs/2025/lib.urr/talys.urr/91n3n12611.2850/At/urr/urr.dat.At.198.001.1.gz
 ... Write URR using TALYS average parameters (used for HFR)
 ... Limit of URR changed to 25 keV (recommendation from WPEC and JEFF)
 ... ---> Emax(RRR) taken from the file limit.ladder: 20 eV <---
 ... (File limit.ladder: /Users/koning/tares-1.8/source/Module//../../inputs/2025/limit.ladder.91n3n12611.2850)
 ... read D0, S0, Gn and Gg
 ... number of URR energies: 1404
 Number of l: 1404 and last energy: 12
 Last  URR energy: 20 eV
 ... Enter in to_MLBW_mf2 function
 ... Convert to Multi Level Breit Wigner (MLBW)
 ... Write parameter covariances (MF32) for l=0
 ... Convert parameter covariances (MF32) to MLBW
 ... copy the mf2 and mf32 to .mlbw files
 ... Enter in urr_correct function case 1
 Modify the higher limit of RRR in MF2
 --> old value: 2.875000-3 eV new value: 1.000000-2 eV
 Modify resonance covariances (MF32) to include correlations in the URR
 End Modify resonance covariances (MF32) to include correlations in the URR
 ... Enter in calendf_xs function
 Use CALENDF for statistical resonances (update MF2) up to 2.000000+1 eV (initial limit)
 Extract resonances from CALENDF for RRR->URR 2
 More than 5000 resonances found (5584 statistical resonances found)
 Reduction to 100 resonances based on the half-life of the isotope
 After reduction, 101 statistical resonances found
 ... checking resonance order 1
 ... checking resonance order 2nd round for 100 resonances
 ... end checking resonance order 2nd round
 ... hypothetical resonance closer than 0.01 eV to the thermal energy:
 ... all positive resonances shifted by -0.0154195 eV (thermal energy between two resonances)
 .......................................................
 ... Adjustment to the thermal cross section : start ...
 .......................................................
 ... ratio of 3.22322 applied for isomeric cross section (isomer/ground)

 Before adjustment (adjustment to the thermal cross section set to y)
 ... Import MF2 from TARES calculations
 ... End energy of TARES MF2 : 2.022707E+0 eV and limit to 40000 resonances
 ... File used for reconstruction: new.temp22.reconst
 ... run RECENT ...
 ... Doppler broadened at a unique temperature: 300 Kelvin using sigma1
 ... run SIGMA1 at 3.000000E+02 K.

 ============== INTER values at 300 Kelvin ==============
 Thermal (n,g) xs =  315.319 b. (meas/sys: 848.995 b.) (warning: comparison to be done at 296 or 300 K)
 Th Maxw (n,g) xs =  340.89 b. (thermal Maxwellian value)
 Westcott factor  =  1.08109
 RI      (n,g)    =  621.671 b. (meas or sys: - b.)
 MACS 3.000e+04 eV=  2.3938 b. (meas or sys: - b.) from 1.00E+00 to 2.00E+07 eV (end of RRR) at T= 300 Kelvin 
 Thermal (n,el) xs=  7.16914 b.
 RI      (n,el)   =  9.77189 b.
 ============= PSYCHE values ==============
 Ave. G_total L0  =  0.188507 eV
 Ave. Gn_0    L0  =  1.20236e-06
 Ave. Gg      L0  =  0.188506 eV
 Ave. D       L0  =  0.0206398 eV
 Ave. S       L0  =  2.94908e-05 eV
 =========================================
 Calculated capture integral   621.671 b.
 Calculated thermal (n,g)=          315.318566 b. and recommended= 848.995 b. (C/E= 0.371402)
 Calculated RI      (n,g)= 621.671 b. (no reference value)
 ... tolerances: thermal (n,g) 20 % (reference uncertainties, minimum 2% and 5%, maximum 20%)
 Adjust the capture widths ...
 ... capture adjusted with Gn for 100 resonances (Gn<Gg) and with Gg for 0 resonances
 ... iteration 0: C/E thermal (n,g)= 0.371402

 <-------- After adjustment -------->
 ... Import MF2 from TARES calculations
 ... End energy of TARES MF2 : 2.022707E+0 eV and limit to 40000 resonances
 ... File used for reconstruction: new.temp22.reconst
 ... run RECENT ...
 ... Doppler broadened at a unique temperature: 300 Kelvin using sigma1
 ... run SIGMA1 at 3.000000E+02 K.

 ============== INTER values at 300 Kelvin ==============
 Thermal (n,g) xs =  696.174 b. (meas/sys: 848.995 b.) (warning: comparison to be done at 296 or 300 K)
 Th Maxw (n,g) xs =  752.62 b. (thermal Maxwellian value)
 Westcott factor  =  1.08108
 RI      (n,g)    =  795.629 b. (meas or sys: - b.)
 MACS 3.000e+04 eV=  2.3938 b. (meas or sys: - b.) from 1.00E+00 to 2.00E+07 eV (end of RRR) at T= 300 Kelvin 
 Thermal (n,el) xs=  6.74828 b.
 RI      (n,el)   =  9.7843 b.
 ============= PSYCHE values ==============
 Ave. G_total L0  =  0.188508 eV
 Ave. Gn_0    L0  =  2.65462e-06
 Ave. Gg      L0  =  0.188506 eV
 Ave. D       L0  =  0.0206398 eV
 Ave. S       L0  =  6.51114e-05 eV
 =========================================
 ... iteration 1: C/E thermal (n,g)= 0.819997


 ... ratio C/E thermal (n,g): 8.199975E-01
 ...................................................... 
 ... Adjustment to the thermal cross section : stop ...
 ...................................................... 
 ... new MF2 file after adjustment: n-At198m
 ... read the file /Users/koning/tares-1.8/source/Module//../../inputs/2025/list.jcs.urr to find URR origin
 Default URR taken from TALYS calculations with level density model: 91n3n12611.2850
 File considered for the URR: /Users/koning/tares-1.8/source/Module//../../inputs/2025/lib.urr/talys.urr/91n3n12611.2850/At/urr/urr.dat.At.198.001.1.gz
 ... Write URR using TALYS average parameters (not used for HFR)
 ... Limit of URR changed to 25 keV (recommendation from WPEC and JEFF)
 Energy limit of the URR set to 2.62952 eV
 ... read D0, S0, Gn and Gg
 ... number of URR energies: 36
 Number of l: 36 and last energy: 12
 Last  URR energy: 2.62952 eV
 ... Enter in urr_correct function case 2
 Modify the higher limit of RRR in MF2
 --> old value: 2.022707+0 eV new value: 2.022707+0 eV
 Modify resonance covariances (MF32) to include correlations in the URR
 End Modify resonance covariances (MF32) to include correlations in the URR
 ... Enter in update_MF32 function
 ... Change uncertainties
 ... for the HFR, random position of the positive resonances with 0.020000 %
 ... end of update MF32 function
 ... GLS calculation of the parameter correlations from the thermal/RI adjustment (MF32c)
 ... MF32: correlations from the thermal/RI adjustment (GLS) for 9 resonances (9 widths), 0 correlation lines
 ...   thermal (n,g): uncertainty from these widths 93.5968 b. -> 92.8193 b. (reference: 848.995 +/- 721.646 b.)
 ... copy the mf2 and mf32 to .mlbw files

 ... Start of final reconstruction and testing ...
 ... Reconstruction of cross sections at 0 Kelvin  ... Import MF2 from TARES calculations
 ... End energy of TARES MF2 : 2.022707E+0 eV and limit to 40000 resonances
 ... File used for reconstruction: n-At198m.reconst
 ... run RECENT ...
 ... Doppler broadened at a unique temperature: 0 Kelvin using sigma1
 ... The keyword temperature is zero, no Doppler broadening for the MACS

 ============== INTER values at 0 Kelvin ==============
 Thermal (n,g) xs =  695.054 b. (meas/sys: 848.995 b.) (warning: comparison to be done at 296 or 300 K)
 Th Maxw (n,g) xs =  747.95 b. (thermal Maxwellian value)
 Westcott factor  =  1.07611
 RI      (n,g)    =  792.746 b. (meas or sys: - b.)
 MACS 3.000e+04 eV=  2.3789 b. (meas or sys: - b.) from 1.00E+00 to 2.02E+00 eV (end of RRR) at T= 0 Kelvin 
 Thermal (n,el) xs=  6.73078 b.
 RI      (n,el)   =  9.78289 b.
 ============= PSYCHE values ==============
 Ave. G_total L0  =  0.188508 eV
 Ave. Gn_0    L0  =  2.65462e-06
 Ave. Gg      L0  =  0.188506 eV
 Ave. D       L0  =  0.0206398 eV
 Ave. S       L0  =  6.51114e-05 eV
 =========================================
 ... End of final reconstruction and testing ...

 ... grouping is not optimum, change to 70 groups
 ... Produce MF33 based on MF32 and 6 random files
 ... run endsam for 6 in groups of 1 global run
 ... run endsam from 1 to 6
 ... reorder resonance position after endsam (sampling)
 ... preparing the vectors  ... done
 ... nominal file 0 Cap(th)  ave= 6.951E+02 b. +/- 0.00 % || Ela(th) ave= 6.731E+00 b. +/- 0.00 % || RIcap ave= 3.18E+02 b. +/- 0.00 % || Macs30 ave= 2.52E+02 b. +/- 0.00 % || Gn^0(l=0) ave= 2.655E-06 +/- 0.00 % Gn^0(l=1) ave= 0.000E+00 +/- 0.00 % Gn^0(l=2) ave= 0.000E+00 +/- 0.00 % Gn^0(l=3) ave= 0.000E+00 +/- 0.00 % || Gtotal(l=0) ave= 1.885E-01 +/- 0.00 % Gtotal(l=1) ave= 0.000E+00 +/- 0.00 % Gtotal(l=2) ave= 0.000E+00 +/- 0.00 % Gtotal(l=3) ave= 0.000E+00 +/- 0.00 %  % || Gg(l=0) ave= 1.885E-01 +/- 0.00 % Gg(l=1) ave= 0.000E+00 +/- 0.00 % Gg(l=2) ave= 0.000E+00 +/- 0.00 % Gg(l=3) ave= 0.000E+00 +/- 0.00 %  % || D(l=0) ave= 2.064E-02 +/- 0.00 % D(l=1) ave= 0.000E+00 +/- 0.00 % D(l=2) ave= 0.000E+00 +/- 0.00 % D(l=3) ave= 0.000E+00 +/- 0.00 %  % || S(l=0) ave= 6.511E-05 +/- 0.00 % S(l=1) ave= 0.000E+00 +/- 0.00 % S(l=2) ave= 0.000E+00 +/- 0.00 % S(l=3) ave= 0.000E+00 +/- 0.00 % 
 ... random file  1 Cap(th)  ave= 7.040E+02 b. +/- 1.27 % || Ela(th) ave= 7.458E+00 b. +/- 9.75 % || RIcap ave= 3.17E+02 b. +/- 0.24 % || Macs30 ave= 2.53E+02 b. +/- 0.63 % || Gn^0(l=0) ave= 2.595E-06 +/- 2.31 % Gn^0(l=1) ave= 0.000E+00 +/- 0.00 % Gn^0(l=2) ave= 0.000E+00 +/- 0.00 % Gn^0(l=3) ave= 0.000E+00 +/- 0.00 % || Gtotal(l=0) ave= 1.885E-01 +/- 0.01 % Gtotal(l=1) ave= 0.000E+00 +/- 0.00 % Gtotal(l=2) ave= 0.000E+00 +/- 0.00 % Gtotal(l=3) ave= 0.000E+00 +/- 0.00 %  % || Gg(l=0) ave= 1.956E-01 +/- 3.62 % Gg(l=1) ave= 0.000E+00 +/- 0.00 % Gg(l=2) ave= 0.000E+00 +/- 0.00 % Gg(l=3) ave= 0.000E+00 +/- 0.00 %  % || D(l=0) ave= 2.075E-02 +/- 0.51 % D(l=1) ave= 0.000E+00 +/- 0.00 % D(l=2) ave= 0.000E+00 +/- 0.00 % D(l=3) ave= 0.000E+00 +/- 0.00 %  % || S(l=0) ave= 6.325E-05 +/- 2.95 % S(l=1) ave= 0.000E+00 +/- 0.00 % S(l=2) ave= 0.000E+00 +/- 0.00 % S(l=3) ave= 0.000E+00 +/- 0.00 % 
 ... random file  2 Cap(th)  ave= 7.176E+02 b. +/- 2.87 % || Ela(th) ave= 7.675E+00 b. +/- 8.71 % || RIcap ave= 3.17E+02 b. +/- 0.20 % || Macs30 ave= 2.64E+02 b. +/- 5.84 % || Gn^0(l=0) ave= 2.615E-06 +/- 2.16 % Gn^0(l=1) ave= 0.000E+00 +/- 0.00 % Gn^0(l=2) ave= 0.000E+00 +/- 0.00 % Gn^0(l=3) ave= 0.000E+00 +/- 0.00 % || Gtotal(l=0) ave= 1.885E-01 +/- 0.01 % Gtotal(l=1) ave= 0.000E+00 +/- 0.00 % Gtotal(l=2) ave= 0.000E+00 +/- 0.00 % Gtotal(l=3) ave= 0.000E+00 +/- 0.00 %  % || Gg(l=0) ave= 1.914E-01 +/- 4.33 % Gg(l=1) ave= 0.000E+00 +/- 0.00 % Gg(l=2) ave= 0.000E+00 +/- 0.00 % Gg(l=3) ave= 0.000E+00 +/- 0.00 %  % || D(l=0) ave= 2.071E-02 +/- 0.48 % D(l=1) ave= 0.000E+00 +/- 0.00 % D(l=2) ave= 0.000E+00 +/- 0.00 % D(l=3) ave= 0.000E+00 +/- 0.00 %  % || S(l=0) ave= 6.387E-05 +/- 2.75 % S(l=1) ave= 0.000E+00 +/- 0.00 % S(l=2) ave= 0.000E+00 +/- 0.00 % S(l=3) ave= 0.000E+00 +/- 0.00 % 
 ... random file  3 Cap(th)  ave= 6.855E+02 b. +/- 8.52 % || Ela(th) ave= 7.157E+00 b. +/- 14.92 % || RIcap ave= 3.17E+02 b. +/- 0.17 % || Macs30 ave= 2.64E+02 b. +/- 5.06 % || Gn^0(l=0) ave= 2.625E-06 +/- 1.98 % Gn^0(l=1) ave= 0.000E+00 +/- 0.00 % Gn^0(l=2) ave= 0.000E+00 +/- 0.00 % Gn^0(l=3) ave= 0.000E+00 +/- 0.00 % || Gtotal(l=0) ave= 1.885E-01 +/- 0.01 % Gtotal(l=1) ave= 0.000E+00 +/- 0.00 % Gtotal(l=2) ave= 0.000E+00 +/- 0.00 % Gtotal(l=3) ave= 0.000E+00 +/- 0.00 %  % || Gg(l=0) ave= 1.939E-01 +/- 4.33 % Gg(l=1) ave= 0.000E+00 +/- 0.00 % Gg(l=2) ave= 0.000E+00 +/- 0.00 % Gg(l=3) ave= 0.000E+00 +/- 0.00 %  % || D(l=0) ave= 2.069E-02 +/- 0.45 % D(l=1) ave= 0.000E+00 +/- 0.00 % D(l=2) ave= 0.000E+00 +/- 0.00 % D(l=3) ave= 0.000E+00 +/- 0.00 %  % || S(l=0) ave= 6.418E-05 +/- 2.52 % S(l=1) ave= 0.000E+00 +/- 0.00 % S(l=2) ave= 0.000E+00 +/- 0.00 % S(l=3) ave= 0.000E+00 +/- 0.00 % 
 ... random file  4 Cap(th)  ave= 7.047E+02 b. +/- 9.21 % || Ela(th) ave= 6.893E+00 b. +/- 15.83 % || RIcap ave= 3.17E+02 b. +/- 0.19 % || Macs30 ave= 2.59E+02 b. +/- 5.98 % || Gn^0(l=0) ave= 2.607E-06 +/- 2.25 % Gn^0(l=1) ave= 0.000E+00 +/- 0.00 % Gn^0(l=2) ave= 0.000E+00 +/- 0.00 % Gn^0(l=3) ave= 0.000E+00 +/- 0.00 % || Gtotal(l=0) ave= 1.885E-01 +/- 0.01 % Gtotal(l=1) ave= 0.000E+00 +/- 0.00 % Gtotal(l=2) ave= 0.000E+00 +/- 0.00 % Gtotal(l=3) ave= 0.000E+00 +/- 0.00 %  % || Gg(l=0) ave= 1.911E-01 +/- 4.91 % Gg(l=1) ave= 0.000E+00 +/- 0.00 % Gg(l=2) ave= 0.000E+00 +/- 0.00 % Gg(l=3) ave= 0.000E+00 +/- 0.00 %  % || D(l=0) ave= 2.072E-02 +/- 0.50 % D(l=1) ave= 0.000E+00 +/- 0.00 % D(l=2) ave= 0.000E+00 +/- 0.00 % D(l=3) ave= 0.000E+00 +/- 0.00 %  % || S(l=0) ave= 6.362E-05 +/- 2.87 % S(l=1) ave= 0.000E+00 +/- 0.00 % S(l=2) ave= 0.000E+00 +/- 0.00 % S(l=3) ave= 0.000E+00 +/- 0.00 % 
 ... random file  5 Cap(th)  ave= 7.320E+02 b. +/- 11.62 % || Ela(th) ave= 6.853E+00 b. +/- 14.59 % || RIcap ave= 3.17E+02 b. +/- 0.38 % || Macs30 ave= 2.62E+02 b. +/- 6.05 % || Gn^0(l=0) ave= 2.595E-06 +/- 2.31 % Gn^0(l=1) ave= 0.000E+00 +/- 0.00 % Gn^0(l=2) ave= 0.000E+00 +/- 0.00 % Gn^0(l=3) ave= 0.000E+00 +/- 0.00 % || Gtotal(l=0) ave= 1.885E-01 +/- 0.01 % Gtotal(l=1) ave= 0.000E+00 +/- 0.00 % Gtotal(l=2) ave= 0.000E+00 +/- 0.00 % Gtotal(l=3) ave= 0.000E+00 +/- 0.00 %  % || Gg(l=0) ave= 1.907E-01 +/- 4.51 % Gg(l=1) ave= 0.000E+00 +/- 0.00 % Gg(l=2) ave= 0.000E+00 +/- 0.00 % Gg(l=3) ave= 0.000E+00 +/- 0.00 %  % || D(l=0) ave= 2.075E-02 +/- 0.51 % D(l=1) ave= 0.000E+00 +/- 0.00 % D(l=2) ave= 0.000E+00 +/- 0.00 % D(l=3) ave= 0.000E+00 +/- 0.00 %  % || S(l=0) ave= 6.325E-05 +/- 2.95 % S(l=1) ave= 0.000E+00 +/- 0.00 % S(l=2) ave= 0.000E+00 +/- 0.00 % S(l=3) ave= 0.000E+00 +/- 0.00 % 
 ... random file  6 Cap(th)  ave= 7.107E+02 b. +/- 13.29 % || Ela(th) ave= 7.027E+00 b. +/- 14.51 % || RIcap ave= 3.17E+02 b. +/- 0.38 % || Macs30 ave= 2.60E+02 b. +/- 6.00 % || Gn^0(l=0) ave= 2.603E-06 +/- 2.28 % Gn^0(l=1) ave= 0.000E+00 +/- 0.00 % Gn^0(l=2) ave= 0.000E+00 +/- 0.00 % Gn^0(l=3) ave= 0.000E+00 +/- 0.00 % || Gtotal(l=0) ave= 1.885E-01 +/- 0.01 % Gtotal(l=1) ave= 0.000E+00 +/- 0.00 % Gtotal(l=2) ave= 0.000E+00 +/- 0.00 % Gtotal(l=3) ave= 0.000E+00 +/- 0.00 %  % || Gg(l=0) ave= 1.897E-01 +/- 4.38 % Gg(l=1) ave= 0.000E+00 +/- 0.00 % Gg(l=2) ave= 0.000E+00 +/- 0.00 % Gg(l=3) ave= 0.000E+00 +/- 0.00 %  % || D(l=0) ave= 2.073E-02 +/- 0.51 % D(l=1) ave= 0.000E+00 +/- 0.00 % D(l=2) ave= 0.000E+00 +/- 0.00 % D(l=3) ave= 0.000E+00 +/- 0.00 %  % || S(l=0) ave= 6.351E-05 +/- 2.91 % S(l=1) ave= 0.000E+00 +/- 0.00 % S(l=2) ave= 0.000E+00 +/- 0.00 % S(l=3) ave= 0.000E+00 +/- 0.00 % 
 ... Histogram plot for thermal (n,g)
 ... Write covariances  ... MT1  ... plot correlations
 ... MT2  ... MT102 


 ================================================
 ============== From 6 random values === start ======
 Thermal (n,tot) xs  0 K =  717.696 b. +/- 94.39 b. ( 13.1518 %) skew= +0.06 +/- 0.79
 Thermal (n,el) xs   0 K =  7.02728 b. +/- 1.01935 b. ( 14.5056 %) skew= -0.09 +/- 0.79
 Thermal (n,g) xs    0 K =  710.669 b. +/- 94.4753 b. ( 13.2939 %) skew= +0.07 +/- 0.79
 RI      (n,g)       0 K =  317.188 b. +/- 1.19308 b. ( 0.376143 %) 
 MACS    (n,g)       0 K (at Emacs= 30000 eV) =  260.309 b. +/- 15.6147 b. ( 5.99852 %) 
 Ave. Gtotal  L=0        =  1.885E-01 +/- 0.01 %
 Ave. Gn^(0)  L=0        =  2.603E-06 +/- 2.28 %
 Ave. Gg      L=0        =  1.897E-01 +/- 4.38 %
 Ave. D       L=0        =  2.073E-02 +/- 0.51 %
 Ave. S       L=0        =  6.351E-05 +/- 2.91 %

 Expected Thermal (n,g) (syst or meas)= 848.995 b. +/- 721.646 b. nominal: 695.054 b.
 ratio Calculated/expected thermal (n,g): 0.84 ratio DCalculated/Dexpected: 0.13 ratio Calculated/Nominal: 1.02
 ============== From 6 random values ===== stop ======
 ================================================
 ... Calculation of (n,a) and (n,p) cross sections at 300 K
 ... thermal (n,a) cross section is 8.70588e-11 +/- 4.35294e-11 b.
 ... thermal (n,a) cross section is 0 b. (random case 1)
 ... thermal (n,a) cross section is 0 b. (random case 2)
 ... thermal (n,a) cross section is 0 b. (random case 3)
 ... thermal (n,a) cross section is 0 b. (random case 4)
 ... thermal (n,a) cross section is 0 b. (random case 5)
 ... thermal (n,a) cross section is 0 b. (random case 6)
 ... thermal (n,p) cross section is 8.70588e-11 +/- 4.35294e-11 b.
 ... thermal (n,p) cross section is 0 b. (random case 1)
 ... thermal (n,p) cross section is 0 b. (random case 2)
 ... thermal (n,p) cross section is 0 b. (random case 3)
 ... thermal (n,p) cross section is 0 b. (random case 4)
 ... thermal (n,p) cross section is 0 b. (random case 5)
 ... thermal (n,p) cross section is 0 b. (random case 6)
 ... Rewrite index for MF2
 ... Write text for MF1 in file mf1.tares.txt
 ... plotting cross sections for the MF1
 ... order output files


================== summary ==================
 Thermal (n,tot) xs = 701.785 b. 
 Thermal (n,el)  xs = 6.73078 b. 
 Thermal (n,g)   xs = 695.054 b. (meas/sys: 848.995 b.)
 At 300 K (thermal adjustment): (n,el) = 6.74828 b., (n,g) = 696.174 b.

 RI      (n,g)      = 792.746 b. (meas or sys: - b.)
 RI      (n,el)     = 9.78289 b.
=============================================


 ... cleaning
                                                 
  -------------------------------------------------------------
  -                                                           -
  - TARES: successful end of run with data from hypothetical  -
  - resonances for  Z= 85, A= 198 and isomer= 1               -
  - half-life: 1.210000 sec. 
  -                                                           -
  -------------------------------------------------------------

   Running time:       14 seconds

 End time: Wed Oct  7 10:46:19 2026

