
  -------------------------------------------------------------
  -                                                           -
  -              Welcome to TARES version 1.8                 -
  -                                                           -
  -  (C) Copyright 2007-2025 D. Rochman, All Rights Reserved  -
  -           NRG, Petten, the Netherlands 2007-2014          -
  -           PSI, Villigen    Switzerland 2015-2025          -
  -         Nagra, Wettingen   Switzerland 2025-              -
  -           (Last Modified October 06, 2026)                -
  -           (Database from October 06, 2026)                -
  -                                                           -
  -------------------------------------------------------------


  ---------------------------------------------
   Compilation information:
   Compiled on:         Oct  7 2026, 09:32:19
   Compiled by:         koning
   Compiler version:    clang++ - 21.0.0
   Source location:     /Users/koning/tares-1.8/source/Module/
   Binaries location:   /Users/koning/bin
   System:              Darwin 25.6.0
   System version:      Darwin Kernel Version 25.6.0: Fri Jul 31 19:19:08 PDT 2026; root:xnu-12377.161.14~5/RELEASE_ARM64_T6050  
   Machine:             arm64 
  ---------------------------------------------

   User information:
   User name:           koning
   Running directory:   /Users/koning/tendl/resbase/I121/work
   Owner mode for running directory : rwx
   Group mode for running directory : r-x
  ---------------------------------------------


 Starting time: Wed Oct  7 09:49:59 2026
 ... inputs directory found (/Users/koning/tares-1.8/source/Module//../../inputs/).
 ... It will be used for resonance parameters 
 ... ###############################################
 ... #     read the input file tares.inp
 ... ###############################################
 ... line: #
 ... line: # Input file generated by Autorochman
          --> line not read
 ... line: #
 ... line: isotope    I
          --> Isotope name: I
 ... line: mass       121
          --> isotopic mass: 121
 ... line: output     n-I121
         ---> Name of the output files: n-I121
 ... line: isomer     0
          --> isomeric state: 0
 ... line: mf32mf33   y
          --> MF33 based on MF32: y
 ... line: nbrRandom  10
          --> Nbr of random files: 10
 ... ###############################################
 ... # end read the input file tares.inp
 ... ###############################################
Value for random generator type not considered in since Tares 1.7 due to compilation issues

 ... ###############################################
     #   Interpretation of the Input definition    #
     ###############################################

 ... Default energy limit: End of resonance region
 ... Nuclear charge    = 53
 ... Element           = I
 ... Mass              = 121
 ... Isomer            = 0
 ... Correlation for (Gn,Gg) not included in random files
 ... Default random option: No random
 ... Output name: n-I121
 ... Energy for the MACS: 30000 eV
 ... Resonances from CALENDF reduced (reduce=y) 
 ... For URR, level density model from TALYS selected: 91n3n12611.2850 (see manual for description)
 ... Random Generator: default (pseudo random numbers from ansi c++)
 ... Reconstruction of cross section selected
 ... Doppler broadening at 0 Kelvin
 ... URR not included (from the input file flag)
 ... Weight for grouping is flat
 ... Calculation of (n,alpha) cross section selected
 ... Number of digit for MF32c covariance representation: 2
 ... MF32 included
 ... MF33 will be used for covariance processing
 ... TENDL option set to yes (automatic choice of MF2 and format)
 ... Isotope not found in the best file --> use of MLBW formalism
 ... default option: Multi level Breit Wigner approximation selected
 ... (check file best.tendl.yes for changing this option)
 ... Retroactive option set to no with the 2025 option
 ... ladder option set to yes (CALENDF will be used for statistical resonances)

 ... ###############################################
     #           End of Input definition           #
     ###############################################

 ... gnuplot found, will be used for plotting
 ... latex found, will be used for plotting
 ... dvips found, will be used for plotting
 ... ps2epsi not found, limited plotting available
 ... uncertainties on default parameters multiplied by 1.0689
 ... Read resonance data from the 2025 directory
 ... Resonance parameters taken from /Users/koning/tares-1.8/source/Module//../../inputs/2025/Resonance/default/
 ---> Processing Z= 53 and A= 121 and isomer= 0 (level number: 0)
 Exfor path; Could not find /Users/koning/tares-1.8/source/Module//../../inputs/exfor/I121/xs/102
Thermal file; Could not open file /Users/koning/tares-1.8/source/Module//../../inputs/2025/runThermal/results//thermal.mxw.ng.cendl3.1
Thermal file; Could not open file /Users/koning/tares-1.8/source/Module//../../inputs/2025/runThermal/results//thermal.mxw.ng.brond3.1
Thermal file; Could not open file /Users/koning/tares-1.8/source/Module//../../inputs/2025/runThermal/results//thermal.xs.ng.unc.cendl3.1
 ... spin taken from the final/ directory (1)

 ... ###############################################
 ... #  Nucleus global parameters (2025 database)  #
 ... ###############################################
 0. Half-life: 2.12 hours
 ... Scattering radius from TALYS: /Users/koning/tares-1.8/source/Module//../../inputs/2025/lib.urr/talys.urr/
 1. Spin of the target isotope: 2.5
 2. Relative Atomic Mass of the target isotope: 120.907
 3. Scattering radius (local compilation): 6.57133 fm +/- 0.137998 fm
      .......................................
      ... Thermal capture cross sections: ...
 4. Thermal (n,g) cross section from systematics: 51.86 +/- 25.93 b.
 5. Thermal (n,g) cross section from compilation (Firestone-2022 average on element I): 6.34 +/- 0.12 b.
 6. Thermal (n,g) cross section from compilation (Firestone-2022 final on element I): 6.19 +/- 0.06 b.
 7. Thermal (n,g) cross section from TENDL-2023: 51.88 +/- 14.31 b.
      .......................................
      ...  Thermal total cross sections:  ...
      .......................................
      ... Thermal elastic cross sections: ...
 8. Thermal (n,el) cross section from potential (4piR^2): 8.25858 +/- 0.412929 b.
      .......................................
             ... Resonance integral: ...
 9. No capture integral found in /Users/koning/tares-1.8/source/Module//../../inputs/capture.integral
 ... no RI(n,g) found in local compilation, take 2018 value.
 ... no RI(n,g) found in local compilation, take Sukhoruchkin value.
   ---- MACS 30 keV ----- 
 10. TALYS MACS 30 keV (HF): 2.02992 b. 
   ---------- S0 -------- 
 11. S0 from TALYS: 0.991537
   ---------- S1 -------- 
 12. S1 from TALYS: 1.94702
   ---------- S2 -------- 
 13. S2 from TALYS: 0.753501
   ---------- D0 -------- 
 14. D0 from TALYS: 1.40752 eV
   ---------- D1 -------- 
 15. D1 from TALYS: 0.734095 eV
   ---------- D2 -------- 
 16. D2 from TALYS: 0.525066 eV
   ---------- G0 -------- 
 17. Gg0 from TALYS: 0.10205 eV
   ---------- G1 -------- 
 18. Gg1 from TALYS: 0.105365 eV
   ---------- G2 -------- 
 19. Gg2 from TALYS: 0.105032 eV


   ---------------------- 
 ... Read resonance parameters (format: 2: Multi Level Breit Wigner)
 ... 0 resonances found 
 ... possibly no resonances in the Resonance directory for this isotope and options
 ... Use HFR (ladder) behavior 
 --> 21. Number of resonances from the input file: 2 up to 0.70376 eV
 22. Read nuclear quantities (mass, MAT...)
 23. Read thermal (n,g) xs 
 24. Read the scattering radius 
 25. Read uncertainty on Gg for 2 resonances
 26. Read uncertainty on Gg for 2 resonances ... done
 ... order resonances 
 ... Upper limit for the RRR: 0.70376 eV (no statistical resonances HFR) from the limit.RRR file
 ... Write parameters for l=0 waves
 ... End writing original MF2 
 ... No RRR in the database: uncertainties on default parameters multiplied by 1.99753
 ... Enter in urr function (ladder option set to y) for file n-I121
 ... read the file /Users/koning/tares-1.8/source/Module//../../inputs/2025/list.jcs.urr to find URR origin
 Default URR taken from TALYS calculations with level density model: 91n3n12611.2850
 File considered for the URR: /Users/koning/tares-1.8/source/Module//../../inputs/2025/lib.urr/talys.urr/91n3n12611.2850/I/urr/urr.dat.I.121.000.0.gz
 ... Write URR using TALYS average parameters (used for HFR)
 ... Limit of URR changed to 25 keV (recommendation from WPEC and JEFF)
 ... Extract the Sn value from file ./urr.dat.I.121.0.0
 ... found Sn= 7.90495 MeV
 ... estimated number of resonances up to 3200.6 eV: 2273.93 resonances, too high ?
 ... estimated number of resonances up to 1600.3 eV: 1136.97 resonances, too high ?
 ... estimated number of resonances up to 800.151 eV:  568.483 resonances
 ... This is a test here. The higher energy limit to include URR data for calendf is set to max Sn. 24/03/2016
 ... Use Sn to define the maximum energy for the URR: Sn= 7.90495 MeV --> last_energyURR= 800.151 eV
 ... read D0, S0, Gn and Gg
 ... number of URR energies: 2016
 Number of l: 2016 and last energy: 12
 Last  URR energy: 800.151 eV
 ... Enter in to_MLBW_mf2 function
 ... Convert to Multi Level Breit Wigner (MLBW)
 ... Write parameter covariances (MF32) for l=0
 ... Convert parameter covariances (MF32) to MLBW
 ... copy the mf2 and mf32 to .mlbw files
 ... Enter in urr_correct function case 1
 Modify the higher limit of RRR in MF2
 --> old value: 7.072790-1 eV new value: 1.000000-2 eV
 Modify resonance covariances (MF32) to include correlations in the URR
 End Modify resonance covariances (MF32) to include correlations in the URR
 ... Enter in calendf_xs function
 Use CALENDF for statistical resonances (update MF2) up to 8.001510+2 eV (initial limit)
 Extract resonances from CALENDF for RRR->URR 2
 2717 statistical resonances found
 After reduction, 2404 statistical resonances found
 ... checking resonance order 1
 ... checking resonance order 2nd round for 2396 resonances
 ... end checking resonance order 2nd round
 Too many resonances (2396): reduced to 100.
 .......................................................
 ... Adjustment to the thermal cross section : start ...
 .......................................................

 Before adjustment (adjustment to the thermal cross section set to y)
 ... Import MF2 from TARES calculations
 ... End energy of TARES MF2 : 8.045749E+1 eV and limit to 40000 resonances
 ... File used for reconstruction: new.temp22.reconst
 ... run RECENT ...
 ... Doppler broadened at a unique temperature: 300 Kelvin using sigma1
 ... run SIGMA1 at 3.000000E+02 K.

 ============== INTER values at 300 Kelvin ==============
 Thermal (n,g) xs =  112.392 b. (meas/sys: 51.86 b.) (warning: comparison to be done at 296 or 300 K)
 Th Maxw (n,g) xs =  117.09 b. (thermal Maxwellian value)
 Westcott factor  =  1.04181
 RI      (n,g)    =  1236.91 b. (meas or sys: - b.)
 MACS 3.000e+04 eV=  2.0234 b. (meas or sys: - b.) from 1.00E+00 to 2.00E+07 eV (end of RRR) at T= 300 Kelvin 
 Thermal (n,el) xs=  3.40663 b.
 RI      (n,el)   =  44.9234 b.
 ============= PSYCHE values ==============
 Ave. G_total L0  =  0.102102 eV
 Ave. G_total L1  =  0.100591 eV
 Ave. Gn_0    L0  =  0.000282623
 Ave. Gn_0    L1  =  0.00174052
 Ave. Gg      L0  =  0.100506 eV
 Ave. Gg      L1  =  0.10059 eV
 Ave. D       L0  =  1.3872 eV
 Ave. D       L1  =  3.65716 eV
 Ave. S       L0  =  0.000101583 eV
 Ave. S       L1  =  7.93771e-05 eV
 =========================================
 Calculated capture integral   1236.91 b.
 Calculated thermal (n,g)=          112.391685 b. and recommended= 51.86 b. (C/E= 2.16721)
 Calculated RI      (n,g)= 1236.91 b. (no reference value)
 ... tolerances: thermal (n,g) 20 % (reference uncertainties, minimum 2% and 5%, maximum 20%)
 Adjust the capture widths ...
 ... capture adjusted with Gn for 100 resonances (Gn<Gg) and with Gg for 0 resonances
 ... iteration 0: C/E thermal (n,g)= 2.16721

 <-------- After adjustment -------->
 ... Import MF2 from TARES calculations
 ... End energy of TARES MF2 : 8.045749E+1 eV and limit to 40000 resonances
 ... File used for reconstruction: new.temp22.reconst
 ... run RECENT ...
 ... Doppler broadened at a unique temperature: 300 Kelvin using sigma1
 ... run SIGMA1 at 3.000000E+02 K.

 ============== INTER values at 300 Kelvin ==============
 Thermal (n,g) xs =  61.195 b. (meas/sys: 51.86 b.) (warning: comparison to be done at 296 or 300 K)
 Th Maxw (n,g) xs =  63.754 b. (thermal Maxwellian value)
 Westcott factor  =  1.04181
 RI      (n,g)    =  715.312 b. (meas or sys: - b.)
 MACS 3.000e+04 eV=  2.0233 b. (meas or sys: - b.) from 1.00E+00 to 2.00E+07 eV (end of RRR) at T= 300 Kelvin 
 Thermal (n,el) xs=  4.27643 b.
 RI      (n,el)   =  31.2069 b.
 ============= PSYCHE values ==============
 Ave. G_total L0  =  0.101375 eV
 Ave. G_total L1  =  0.10059 eV
 Ave. Gn_0    L0  =  0.000153882
 Ave. Gn_0    L1  =  0.000947677
 Ave. Gg      L0  =  0.100506 eV
 Ave. Gg      L1  =  0.10059 eV
 Ave. D       L0  =  1.3872 eV
 Ave. D       L1  =  3.65716 eV
 Ave. S       L0  =  5.53095e-05 eV
 Ave. S       L1  =  4.32191e-05 eV
 =========================================
 ... iteration 1: C/E thermal (n,g)= 1.18


 ... ratio C/E thermal (n,g): 1.180004E+00
 ...................................................... 
 ... Adjustment to the thermal cross section : stop ...
 ...................................................... 
 ... new MF2 file after adjustment: n-I121
 ... read the file /Users/koning/tares-1.8/source/Module//../../inputs/2025/list.jcs.urr to find URR origin
 Default URR taken from TALYS calculations with level density model: 91n3n12611.2850
 File considered for the URR: /Users/koning/tares-1.8/source/Module//../../inputs/2025/lib.urr/talys.urr/91n3n12611.2850/I/urr/urr.dat.I.121.000.0.gz
 ... Write URR using TALYS average parameters (not used for HFR)
 ... Limit of URR changed to 25 keV (recommendation from WPEC and JEFF)
 ... read D0, S0, Gn and Gg
 ... number of URR energies: 1536
 Number of l: 1536 and last energy: 12
 Last  URR energy: 94752.9 eV
 Energies in the URR : 1536 -> reduced by a factor 2
 Energies in the URR : 744 -> reduced by a factor 2
 Energies in the URR : 384 -> reduced by a factor 2
 ... Enter in urr_correct function case 2
 Modify the higher limit of RRR in MF2
 --> old value: 8.045749+1 eV new value: 8.045749+1 eV
 Modify resonance covariances (MF32) to include correlations in the URR
 End Modify resonance covariances (MF32) to include correlations in the URR
 ... Enter in update_MF32 function
 ... Change uncertainties
 ... for the HFR, random position of the positive resonances with 0.020000 %
 ... end of update MF32 function
 ... GLS calculation of the parameter correlations from the thermal/RI adjustment (MF32c)
 ... MF32: correlations from the thermal/RI adjustment (GLS) for 8 resonances (15 widths), 4 correlation lines
 ...   thermal (n,g): uncertainty from these widths 14.8255 b. -> 12.8704 b. (reference: 51.86 +/- 25.93 b.)
 ... copy the mf2 and mf32 to .mlbw files

 ... Start of final reconstruction and testing ...
 ... Reconstruction of cross sections at 0 Kelvin  ... Import MF2 from TARES calculations
 ... End energy of TARES MF2 : 8.045749E+1 eV and limit to 40000 resonances
 ... File used for reconstruction: n-I121.reconst
 ... run RECENT ...
 ... Doppler broadened at a unique temperature: 0 Kelvin using sigma1
 ... The keyword temperature is zero, no Doppler broadening for the MACS

 ============== INTER values at 0 Kelvin ==============
 Thermal (n,g) xs =  61.1181 b. (meas/sys: 51.86 b.) (warning: comparison to be done at 296 or 300 K)
 Th Maxw (n,g) xs =  63.321 b. (thermal Maxwellian value)
 Westcott factor  =  1.03604
 RI      (n,g)    =  713.814 b. (meas or sys: - b.)
 MACS 3.000e+04 eV=  2.0111 b. (meas or sys: - b.) from 1.00E+00 to 8.05E+01 eV (end of RRR) at T= 0 Kelvin 
 Thermal (n,el) xs=  4.2587 b.
 RI      (n,el)   =  31.1204 b.
 ============= PSYCHE values ==============
 Ave. G_total L0  =  0.101375 eV
 Ave. G_total L1  =  0.10059 eV
 Ave. Gn_0    L0  =  0.000153882
 Ave. Gn_0    L1  =  0.000947677
 Ave. Gg      L0  =  0.100506 eV
 Ave. Gg      L1  =  0.10059 eV
 Ave. D       L0  =  1.3872 eV
 Ave. D       L1  =  3.65716 eV
 Ave. S       L0  =  5.53095e-05 eV
 Ave. S       L1  =  4.32191e-05 eV
 =========================================
 ... End of final reconstruction and testing ...

 ... grouping is not optimum, change to 70 groups
 ... Produce MF33 based on MF32 and 10 random files
 ... run endsam for 10 in groups of 1 global run
 ... run endsam from 1 to 10
 ... reorder resonance position after endsam (sampling)
 ... preparing the vectors  ... done
 ... nominal file 0 Cap(th)  ave= 6.112E+01 b. +/- 0.00 % || Ela(th) ave= 4.259E+00 b. +/- 0.00 % || RIcap ave= 6.34E+02 b. +/- 0.00 % || Macs30 ave= 3.29E+01 b. +/- 0.00 % || Gn^0(l=0) ave= 1.539E-04 +/- 0.00 % Gn^0(l=1) ave= 9.477E-04 +/- 0.00 % Gn^0(l=2) ave= 0.000E+00 +/- 0.00 % Gn^0(l=3) ave= 0.000E+00 +/- 0.00 % || Gtotal(l=0) ave= 1.014E-01 +/- 0.00 % Gtotal(l=1) ave= 1.006E-01 +/- 0.00 % Gtotal(l=2) ave= 0.000E+00 +/- 0.00 % Gtotal(l=3) ave= 0.000E+00 +/- 0.00 %  % || Gg(l=0) ave= 1.005E-01 +/- 0.00 % Gg(l=1) ave= 1.006E-01 +/- 0.00 % Gg(l=2) ave= 0.000E+00 +/- 0.00 % Gg(l=3) ave= 0.000E+00 +/- 0.00 %  % || D(l=0) ave= 1.387E+00 +/- 0.00 % D(l=1) ave= 3.657E+00 +/- 0.00 % D(l=2) ave= 0.000E+00 +/- 0.00 % D(l=3) ave= 0.000E+00 +/- 0.00 %  % || S(l=0) ave= 5.531E-05 +/- 0.00 % S(l=1) ave= 4.322E-05 +/- 0.00 % S(l=2) ave= 0.000E+00 +/- 0.00 % S(l=3) ave= 0.000E+00 +/- 0.00 % 
 ... random file  1 Cap(th)  ave= 5.726E+01 b. +/- 6.74 % || Ela(th) ave= 4.515E+00 b. +/- 5.67 % || RIcap ave= 6.33E+02 b. +/- 0.26 % || Macs30 ave= 3.30E+01 b. +/- 0.48 % || Gn^0(l=0) ave= 1.538E-04 +/- 0.07 % Gn^0(l=1) ave= 9.026E-04 +/- 5.00 % Gn^0(l=2) ave= 0.000E+00 +/- 0.00 % Gn^0(l=3) ave= 0.000E+00 +/- 0.00 % || Gtotal(l=0) ave= 1.014E-01 +/- 0.00 % Gtotal(l=1) ave= 1.006E-01 +/- 0.00 % Gtotal(l=2) ave= 0.000E+00 +/- 0.00 % Gtotal(l=3) ave= 0.000E+00 +/- 0.00 %  % || Gg(l=0) ave= 1.031E-01 +/- 2.49 % Gg(l=1) ave= 1.003E-01 +/- 0.32 % Gg(l=2) ave= 0.000E+00 +/- 0.00 % Gg(l=3) ave= 0.000E+00 +/- 0.00 %  % || D(l=0) ave= 1.387E+00 +/- 0.00 % D(l=1) ave= 3.657E+00 +/- 0.00 % D(l=2) ave= 0.000E+00 +/- 0.00 % D(l=3) ave= 0.000E+00 +/- 0.00 %  % || S(l=0) ave= 5.527E-05 +/- 0.06 % S(l=1) ave= 4.116E-05 +/- 5.00 % S(l=2) ave= 0.000E+00 +/- 0.00 % S(l=3) ave= 0.000E+00 +/- 0.00 % 
 ... random file  2 Cap(th)  ave= 5.613E+01 b. +/- 6.30 % || Ela(th) ave= 4.659E+00 b. +/- 6.28 % || RIcap ave= 6.30E+02 b. +/- 0.64 % || Macs30 ave= 3.30E+01 b. +/- 0.54 % || Gn^0(l=0) ave= 1.537E-04 +/- 0.06 % Gn^0(l=1) ave= 8.784E-04 +/- 5.72 % Gn^0(l=2) ave= 0.000E+00 +/- 0.00 % Gn^0(l=3) ave= 0.000E+00 +/- 0.00 % || Gtotal(l=0) ave= 1.014E-01 +/- 0.00 % Gtotal(l=1) ave= 1.006E-01 +/- 0.00 % Gtotal(l=2) ave= 0.000E+00 +/- 0.00 % Gtotal(l=3) ave= 0.000E+00 +/- 0.00 %  % || Gg(l=0) ave= 9.996E-02 +/- 4.87 % Gg(l=1) ave= 1.026E-01 +/- 3.18 % Gg(l=2) ave= 0.000E+00 +/- 0.00 % Gg(l=3) ave= 0.000E+00 +/- 0.00 %  % || D(l=0) ave= 1.387E+00 +/- 0.00 % D(l=1) ave= 3.657E+00 +/- 0.00 % D(l=2) ave= 0.000E+00 +/- 0.00 % D(l=3) ave= 0.000E+00 +/- 0.00 %  % || S(l=0) ave= 5.526E-05 +/- 0.06 % S(l=1) ave= 4.006E-05 +/- 5.72 % S(l=2) ave= 0.000E+00 +/- 0.00 % S(l=3) ave= 0.000E+00 +/- 0.00 % 
 ... random file  3 Cap(th)  ave= 5.402E+01 b. +/- 8.81 % || Ela(th) ave= 4.671E+00 b. +/- 5.44 % || RIcap ave= 6.29E+02 b. +/- 0.72 % || Macs30 ave= 3.29E+01 b. +/- 0.49 % || Gn^0(l=0) ave= 1.536E-04 +/- 0.16 % Gn^0(l=1) ave= 8.761E-04 +/- 4.99 % Gn^0(l=2) ave= 0.000E+00 +/- 0.00 % Gn^0(l=3) ave= 0.000E+00 +/- 0.00 % || Gtotal(l=0) ave= 1.014E-01 +/- 0.00 % Gtotal(l=1) ave= 1.006E-01 +/- 0.00 % Gtotal(l=2) ave= 0.000E+00 +/- 0.00 % Gtotal(l=3) ave= 0.000E+00 +/- 0.00 %  % || Gg(l=0) ave= 9.984E-02 +/- 4.23 % Gg(l=1) ave= 1.007E-01 +/- 4.30 % Gg(l=2) ave= 0.000E+00 +/- 0.00 % Gg(l=3) ave= 0.000E+00 +/- 0.00 %  % || D(l=0) ave= 1.387E+00 +/- 0.00 % D(l=1) ave= 3.657E+00 +/- 0.00 % D(l=2) ave= 0.000E+00 +/- 0.00 % D(l=3) ave= 0.000E+00 +/- 0.00 %  % || S(l=0) ave= 5.522E-05 +/- 0.14 % S(l=1) ave= 3.995E-05 +/- 4.99 % S(l=2) ave= 0.000E+00 +/- 0.00 % S(l=3) ave= 0.000E+00 +/- 0.00 % 
 ... random file  4 Cap(th)  ave= 5.667E+01 b. +/- 11.99 % || Ela(th) ave= 4.649E+00 b. +/- 4.98 % || RIcap ave= 6.30E+02 b. +/- 0.83 % || Macs30 ave= 3.29E+01 b. +/- 0.44 % || Gn^0(l=0) ave= 1.537E-04 +/- 0.16 % Gn^0(l=1) ave= 8.792E-04 +/- 4.50 % Gn^0(l=2) ave= 0.000E+00 +/- 0.00 % Gn^0(l=3) ave= 0.000E+00 +/- 0.00 % || Gtotal(l=0) ave= 1.014E-01 +/- 0.00 % Gtotal(l=1) ave= 1.006E-01 +/- 0.00 % Gtotal(l=2) ave= 0.000E+00 +/- 0.00 % Gtotal(l=3) ave= 0.000E+00 +/- 0.00 %  % || Gg(l=0) ave= 1.002E-01 +/- 3.83 % Gg(l=1) ave= 1.015E-01 +/- 4.15 % Gg(l=2) ave= 0.000E+00 +/- 0.00 % Gg(l=3) ave= 0.000E+00 +/- 0.00 %  % || D(l=0) ave= 1.387E+00 +/- 0.00 % D(l=1) ave= 3.657E+00 +/- 0.00 % D(l=2) ave= 0.000E+00 +/- 0.00 % D(l=3) ave= 0.000E+00 +/- 0.00 %  % || S(l=0) ave= 5.524E-05 +/- 0.15 % S(l=1) ave= 4.009E-05 +/- 4.50 % S(l=2) ave= 0.000E+00 +/- 0.00 % S(l=3) ave= 0.000E+00 +/- 0.00 % 
 ... random file  5 Cap(th)  ave= 5.505E+01 b. +/- 13.04 % || Ela(th) ave= 4.589E+00 b. +/- 5.44 % || RIcap ave= 6.30E+02 b. +/- 0.77 % || Macs30 ave= 3.28E+01 b. +/- 1.01 % || Gn^0(l=0) ave= 1.522E-04 +/- 2.14 % Gn^0(l=1) ave= 8.894E-04 +/- 4.81 % Gn^0(l=2) ave= 0.000E+00 +/- 0.00 % Gn^0(l=3) ave= 0.000E+00 +/- 0.00 % || Gtotal(l=0) ave= 1.014E-01 +/- 0.03 % Gtotal(l=1) ave= 1.006E-01 +/- 0.00 % Gtotal(l=2) ave= 0.000E+00 +/- 0.00 % Gtotal(l=3) ave= 0.000E+00 +/- 0.00 %  % || Gg(l=0) ave= 9.939E-02 +/- 3.96 % Gg(l=1) ave= 1.017E-01 +/- 3.79 % Gg(l=2) ave= 0.000E+00 +/- 0.00 % Gg(l=3) ave= 0.000E+00 +/- 0.00 %  % || D(l=0) ave= 1.391E+00 +/- 0.65 % D(l=1) ave= 3.657E+00 +/- 0.00 % D(l=2) ave= 0.000E+00 +/- 0.00 % D(l=3) ave= 0.000E+00 +/- 0.00 %  % || S(l=0) ave= 5.444E-05 +/- 3.30 % S(l=1) ave= 4.056E-05 +/- 4.81 % S(l=2) ave= 0.000E+00 +/- 0.00 % S(l=3) ave= 0.000E+00 +/- 0.00 % 
 ... random file  6 Cap(th)  ave= 5.871E+01 b. +/- 18.98 % || Ela(th) ave= 4.436E+00 b. +/- 9.93 % || RIcap ave= 6.30E+02 b. +/- 0.71 % || Macs30 ave= 3.28E+01 b. +/- 0.97 % || Gn^0(l=0) ave= 1.512E-04 +/- 2.61 % Gn^0(l=1) ave= 9.227E-04 +/- 9.82 % Gn^0(l=2) ave= 0.000E+00 +/- 0.00 % Gn^0(l=3) ave= 0.000E+00 +/- 0.00 % || Gtotal(l=0) ave= 1.014E-01 +/- 0.03 % Gtotal(l=1) ave= 1.006E-01 +/- 0.00 % Gtotal(l=2) ave= 0.000E+00 +/- 0.00 % Gtotal(l=3) ave= 0.000E+00 +/- 0.00 %  % || Gg(l=0) ave= 9.917E-02 +/- 3.72 % Gg(l=1) ave= 1.008E-01 +/- 4.11 % Gg(l=2) ave= 0.000E+00 +/- 0.00 % Gg(l=3) ave= 0.000E+00 +/- 0.00 %  % || D(l=0) ave= 1.394E+00 +/- 0.79 % D(l=1) ave= 3.657E+00 +/- 0.00 % D(l=2) ave= 0.000E+00 +/- 0.00 % D(l=3) ave= 0.000E+00 +/- 0.00 %  % || S(l=0) ave= 5.386E-05 +/- 4.05 % S(l=1) ave= 4.208E-05 +/- 9.83 % S(l=2) ave= 0.000E+00 +/- 0.00 % S(l=3) ave= 0.000E+00 +/- 0.00 % 
 ... random file  7 Cap(th)  ave= 5.809E+01 b. +/- 18.17 % || Ela(th) ave= 4.336E+00 b. +/- 11.30 % || RIcap ave= 6.29E+02 b. +/- 0.89 % || Macs30 ave= 3.27E+01 b. +/- 1.19 % || Gn^0(l=0) ave= 1.504E-04 +/- 2.86 % Gn^0(l=1) ave= 9.439E-04 +/- 10.78 % Gn^0(l=2) ave= 0.000E+00 +/- 0.00 % Gn^0(l=3) ave= 0.000E+00 +/- 0.00 % || Gtotal(l=0) ave= 1.013E-01 +/- 0.03 % Gtotal(l=1) ave= 1.006E-01 +/- 0.00 % Gtotal(l=2) ave= 0.000E+00 +/- 0.00 % Gtotal(l=3) ave= 0.000E+00 +/- 0.00 %  % || Gg(l=0) ave= 9.798E-02 +/- 4.77 % Gg(l=1) ave= 1.015E-01 +/- 4.26 % Gg(l=2) ave= 0.000E+00 +/- 0.00 % Gg(l=3) ave= 0.000E+00 +/- 0.00 %  % || D(l=0) ave= 1.396E+00 +/- 0.84 % D(l=1) ave= 3.657E+00 +/- 0.00 % D(l=2) ave= 0.000E+00 +/- 0.00 % D(l=3) ave= 0.000E+00 +/- 0.00 %  % || S(l=0) ave= 5.341E-05 +/- 4.43 % S(l=1) ave= 4.305E-05 +/- 10.78 % S(l=2) ave= 0.000E+00 +/- 0.00 % S(l=3) ave= 0.000E+00 +/- 0.00 % 
 ... random file  8 Cap(th)  ave= 5.697E+01 b. +/- 18.32 % || Ela(th) ave= 4.415E+00 b. +/- 11.61 % || RIcap ave= 6.30E+02 b. +/- 0.91 % || Macs30 ave= 3.27E+01 b. +/- 1.12 % || Gn^0(l=0) ave= 1.507E-04 +/- 2.77 % Gn^0(l=1) ave= 9.295E-04 +/- 11.22 % Gn^0(l=2) ave= 0.000E+00 +/- 0.00 % Gn^0(l=3) ave= 0.000E+00 +/- 0.00 % || Gtotal(l=0) ave= 1.014E-01 +/- 0.03 % Gtotal(l=1) ave= 1.006E-01 +/- 0.00 % Gtotal(l=2) ave= 0.000E+00 +/- 0.00 % Gtotal(l=3) ave= 0.000E+00 +/- 0.00 %  % || Gg(l=0) ave= 9.942E-02 +/- 6.05 % Gg(l=1) ave= 1.010E-01 +/- 4.28 % Gg(l=2) ave= 0.000E+00 +/- 0.00 % Gg(l=3) ave= 0.000E+00 +/- 0.00 %  % || D(l=0) ave= 1.395E+00 +/- 0.82 % D(l=1) ave= 3.657E+00 +/- 0.00 % D(l=2) ave= 0.000E+00 +/- 0.00 % D(l=3) ave= 0.000E+00 +/- 0.00 %  % || S(l=0) ave= 5.361E-05 +/- 4.29 % S(l=1) ave= 4.239E-05 +/- 11.22 % S(l=2) ave= 0.000E+00 +/- 0.00 % S(l=3) ave= 0.000E+00 +/- 0.00 % 
 ... random file  9 Cap(th)  ave= 5.568E+01 b. +/- 19.10 % || Ela(th) ave= 4.359E+00 b. +/- 11.79 % || RIcap ave= 6.30E+02 b. +/- 0.88 % || Macs30 ave= 3.26E+01 b. +/- 1.23 % || Gn^0(l=0) ave= 1.501E-04 +/- 2.90 % Gn^0(l=1) ave= 9.399E-04 +/- 11.04 % Gn^0(l=2) ave= 0.000E+00 +/- 0.00 % Gn^0(l=3) ave= 0.000E+00 +/- 0.00 % || Gtotal(l=0) ave= 1.013E-01 +/- 0.03 % Gtotal(l=1) ave= 1.006E-01 +/- 0.00 % Gtotal(l=2) ave= 0.000E+00 +/- 0.00 % Gtotal(l=3) ave= 0.000E+00 +/- 0.00 %  % || Gg(l=0) ave= 9.976E-02 +/- 5.81 % Gg(l=1) ave= 1.003E-01 +/- 4.59 % Gg(l=2) ave= 0.000E+00 +/- 0.00 % Gg(l=3) ave= 0.000E+00 +/- 0.00 %  % || D(l=0) ave= 1.397E+00 +/- 0.85 % D(l=1) ave= 3.657E+00 +/- 0.00 % D(l=2) ave= 0.000E+00 +/- 0.00 % D(l=3) ave= 0.000E+00 +/- 0.00 %  % || S(l=0) ave= 5.329E-05 +/- 4.50 % S(l=1) ave= 4.287E-05 +/- 11.04 % S(l=2) ave= 0.000E+00 +/- 0.00 % S(l=3) ave= 0.000E+00 +/- 0.00 % 
 ... random file  10 Cap(th)  ave= 5.642E+01 b. +/- 18.44 % || Ela(th) ave= 4.360E+00 b. +/- 11.24 % || RIcap ave= 6.30E+02 b. +/- 0.87 % || Macs30 ave= 3.26E+01 b. +/- 1.26 % || Gn^0(l=0) ave= 1.505E-04 +/- 2.87 % Gn^0(l=1) ave= 9.387E-04 +/- 10.55 % Gn^0(l=2) ave= 0.000E+00 +/- 0.00 % Gn^0(l=3) ave= 0.000E+00 +/- 0.00 % || Gtotal(l=0) ave= 1.013E-01 +/- 0.03 % Gtotal(l=1) ave= 1.006E-01 +/- 0.00 % Gtotal(l=2) ave= 0.000E+00 +/- 0.00 % Gtotal(l=3) ave= 0.000E+00 +/- 0.00 %  % || Gg(l=0) ave= 9.990E-02 +/- 5.55 % Gg(l=1) ave= 1.017E-01 +/- 6.16 % Gg(l=2) ave= 0.000E+00 +/- 0.00 % Gg(l=3) ave= 0.000E+00 +/- 0.00 %  % || D(l=0) ave= 1.396E+00 +/- 0.84 % D(l=1) ave= 3.657E+00 +/- 0.00 % D(l=2) ave= 0.000E+00 +/- 0.00 % D(l=3) ave= 0.000E+00 +/- 0.00 %  % || S(l=0) ave= 5.348E-05 +/- 4.42 % S(l=1) ave= 4.281E-05 +/- 10.55 % S(l=2) ave= 0.000E+00 +/- 0.00 % S(l=3) ave= 0.000E+00 +/- 0.00 % 
 ... Histogram plot for thermal (n,g)
 ... Write covariances  ... MT1  ... plot correlations
 ... MT2  ... MT102 


 ================================================
 ============== From 10 random values === start ======
 Thermal (n,tot) xs  0 K =  60.7793 b. +/- 10.2285 b. ( 16.8288 %) skew= +0.89 +/- 0.66
 Thermal (n,el) xs   0 K =  4.36022 b. +/- 0.490149 b. ( 11.2414 %) skew= -0.36 +/- 0.66
 Thermal (n,g) xs    0 K =  56.4191 b. +/- 10.405 b. ( 18.4423 %) skew= +0.96 +/- 0.66
 RI      (n,g)       0 K =  630.052 b. +/- 5.50159 b. ( 0.873197 %) 
 MACS    (n,g)       0 K (at Emacs= 30000 eV) =  32.6473 b. +/- 0.410264 b. ( 1.25666 %) 
 Ave. Gtotal  L=0        =  1.013E-01 +/- 0.03 %
 Ave. Gn^(0)  L=0        =  1.505E-04 +/- 2.87 %
 Ave. Gg      L=0        =  9.990E-02 +/- 5.55 %
 Ave. D       L=0        =  1.396E+00 +/- 0.84 %
 Ave. S       L=0        =  5.348E-05 +/- 4.42 %
 Ave. Gtotal  L=1        =  1.006E-01 +/- 0.00 %
 Ave. Gg      L=1        =  1.017E-01 +/- 6.16 %
 Ave. D       L=1        =  3.657E+00 +/- 0.00 %
 Ave. S       L=1        =  4.281E-05 +/- 10.55 %

 Expected Thermal (n,g) (syst or meas)= 51.86 b. +/- 25.93 b. nominal: 61.1181 b.
 ratio Calculated/expected thermal (n,g): 1.09 ratio DCalculated/Dexpected: 0.40 ratio Calculated/Nominal: 0.92
 ============== From 10 random values ===== stop ======
 ================================================
 ... Calculation of (n,a) and (n,p) cross sections at 300 K
 ... thermal (n,a) cross section is 1.43403e-05 +/- 7.17014e-06 b.
 ... thermal (n,a) cross section is 2.57396e-05 b. (random case 1)
 ... thermal (n,a) cross section is 3.77396e-05 b. (random case 2)
 ... thermal (n,a) cross section is 4.97396e-05 b. (random case 3)
 ... thermal (n,a) cross section is 6.17396e-05 b. (random case 4)
 ... thermal (n,a) cross section is 7.37396e-05 b. (random case 5)
 ... thermal (n,a) cross section is 8.57396e-05 b. (random case 6)
 ... thermal (n,a) cross section is 9.77396e-05 b. (random case 7)
 ... thermal (n,a) cross section is 0.00010974 b. (random case 8)
 ... thermal (n,a) cross section is 0.00012174 b. (random case 9)
 ... thermal (n,a) cross section is 0.00013374 b. (random case 10)
 ... thermal (n,p) cross section is 1.43403e-05 +/- 7.17014e-06 b.
 ... thermal (n,p) cross section is 2.57396e-05 b. (random case 1)
 ... thermal (n,p) cross section is 3.77396e-05 b. (random case 2)
 ... thermal (n,p) cross section is 4.97396e-05 b. (random case 3)
 ... thermal (n,p) cross section is 6.17396e-05 b. (random case 4)
 ... thermal (n,p) cross section is 7.37396e-05 b. (random case 5)
 ... thermal (n,p) cross section is 8.57396e-05 b. (random case 6)
 ... thermal (n,p) cross section is 9.77396e-05 b. (random case 7)
 ... thermal (n,p) cross section is 0.00010974 b. (random case 8)
 ... thermal (n,p) cross section is 0.00012174 b. (random case 9)
 ... thermal (n,p) cross section is 0.00013374 b. (random case 10)
 ... Rewrite index for MF2
 ... Write text for MF1 in file mf1.tares.txt
 ... plotting cross sections for the MF1
 ... order output files


================== summary ==================
 Thermal (n,tot) xs = 65.3771 b. 
 Thermal (n,el)  xs = 4.2587 b. 
 Thermal (n,g)   xs = 61.1181 b. (meas/sys: 51.86 b.)
 At 300 K (thermal adjustment): (n,el) = 4.27643 b., (n,g) = 61.195 b.

 RI      (n,g)      = 713.814 b. (meas or sys: - b.)
 RI      (n,el)     = 31.1204 b.
=============================================


 ... cleaning
                                                 
  -------------------------------------------------------------
  -                                                           -
  - TARES: successful end of run with data from hypothetical  -
  - resonances for  Z= 53, A= 121 and isomer= 0               -
  - half-life: 2.120000 hours
  -                                                           -
  -------------------------------------------------------------

   Running time:       19 seconds

 End time: Wed Oct  7 09:50:18 2026

