
  -------------------------------------------------------------
  -                                                           -
  -              Welcome to TARES version 1.8                 -
  -                                                           -
  -  (C) Copyright 2007-2025 D. Rochman, All Rights Reserved  -
  -           NRG, Petten, the Netherlands 2007-2014          -
  -           PSI, Villigen    Switzerland 2015-2025          -
  -         Nagra, Wettingen   Switzerland 2025-              -
  -           (Last Modified October 06, 2026)                -
  -           (Database from October 06, 2026)                -
  -                                                           -
  -------------------------------------------------------------


  ---------------------------------------------
   Compilation information:
   Compiled on:         Oct  8 2026, 18:36:06
   Compiled by:         koning
   Compiler version:    clang++ - 21.0.0
   Source location:     /Users/koning/tares-1.8/source/Module/
   Binaries location:   /Users/koning/bin
   System:              Darwin 25.6.0
   System version:      Darwin Kernel Version 25.6.0: Fri Jul 31 19:19:08 PDT 2026; root:xnu-12377.161.14~5/RELEASE_ARM64_T6050  
   Machine:             arm64 
  ---------------------------------------------

   User information:
   User name:           koning
   Running directory:   /Users/koning/tendl/resbase/Bh270/work
   Owner mode for running directory : rwx
   Group mode for running directory : r-x
  ---------------------------------------------


 Starting time: Fri Oct  9 13:15:47 2026
 ... inputs directory found (/Users/koning/tares-1.8/source/Module//../../inputs/).
 ... It will be used for resonance parameters 
 ... ###############################################
 ... #     read the input file tares.inp
 ... ###############################################
 ... line: #
 ... line: # Input file generated by Autorochman
          --> line not read
 ... line: #
 ... line: isotope    Bh
          --> Isotope name: Bh
 ... line: mass       270
          --> isotopic mass: 270
 ... line: output     n-Bh270
         ---> Name of the output files: n-Bh270
 ... line: isomer     0
          --> isomeric state: 0
 ... line: mf32mf33   y
          --> MF33 based on MF32: y
 ... line: nbrRandom  6
          --> Nbr of random files: 6
 ... ###############################################
 ... # end read the input file tares.inp
 ... ###############################################
Value for random generator type not considered in since Tares 1.7 due to compilation issues

 ... ###############################################
     #   Interpretation of the Input definition    #
     ###############################################

 ... Default energy limit: End of resonance region
 ... Nuclear charge    = 107
 ... Element           = Bh
 ... Mass              = 270
 ... Isomer            = 0
 ... Correlation for (Gn,Gg) not included in random files
 ... Default random option: No random
 ... Output name: n-Bh270
 ... Energy for the MACS: 30000 eV
 ... Resonances from CALENDF reduced (reduce=y) 
 ... For URR, level density model from TALYS selected: 91n3n12611.2850 (see manual for description)
 ... Random Generator: default (pseudo random numbers from ansi c++)
 ... Reconstruction of cross section selected
 ... Doppler broadening at 0 Kelvin
 ... URR not included (from the input file flag)
 ... Weight for grouping is flat
 ... Calculation of (n,alpha) cross section selected
 ... Number of digit for MF32c covariance representation: 2
 ... MF32 included
 ... MF33 will be used for covariance processing
 ... TENDL option set to yes (automatic choice of MF2 and format)
 ... Isotope not found in the best file --> use of MLBW formalism
 ... default option: Multi level Breit Wigner approximation selected
 ... (check file best.tendl.yes for changing this option)
 ... Retroactive option set to no with the 2025 option
 ... ladder option set to yes (CALENDF will be used for statistical resonances)

 ... ###############################################
     #           End of Input definition           #
     ###############################################

 ... gnuplot found, will be used for plotting
 ... latex found, will be used for plotting
 ... dvips found, will be used for plotting
 ... ps2epsi not found, limited plotting available
 ... uncertainties on default parameters multiplied by 1.56964
 ... Read resonance data from the 2025 directory
 ... Resonance parameters taken from /Users/koning/tares-1.8/source/Module//../../inputs/2025/Resonance/default/
 ---> Processing Z= 107 and A= 270 and isomer= 0 (level number: 0)
 Exfor path; Could not find /Users/koning/tares-1.8/source/Module//../../inputs/exfor/Bh270/xs/102
Thermal file; Could not open file /Users/koning/tares-1.8/source/Module//../../inputs/2025/runThermal/results//thermal.mxw.ng.cendl3.1
Thermal file; Could not open file /Users/koning/tares-1.8/source/Module//../../inputs/2025/runThermal/results//thermal.mxw.ng.brond3.1
Thermal file; Could not open file /Users/koning/tares-1.8/source/Module//../../inputs/2025/runThermal/results//thermal.xs.ng.unc.cendl3.1
 ... spin taken from the final/ directory (1)
 ... The spin found in level file ( 1 ) and the one in the urr file ( 5.5 ) differ

 ... ###############################################
 ... #  Nucleus global parameters (2025 database)  #
 ... ###############################################
 0. Half-life: 3.8 min. 
 ... Scattering radius from TALYS: /Users/koning/tares-1.8/source/Module//../../inputs/2025/lib.urr/talys.urr/
 1. Spin of the target isotope: 1
 2. Relative Atomic Mass of the target isotope: 270.133
 3. Scattering radius (local compilation): 8.56414 fm +/- 0.179847 fm
      .......................................
      ... Thermal capture cross sections: ...
 4. Thermal (n,g) cross section from systematics (TALYS, urr.dat): 133.417 +/- 93.3918 b.
      .......................................
      ...  Thermal total cross sections:  ...
      .......................................
      ... Thermal elastic cross sections: ...
 5. Thermal (n,el) cross section from potential (4piR^2): 10.7631 +/- 0.538153 b.
      .......................................
             ... Resonance integral: ...
 6. No capture integral found in /Users/koning/tares-1.8/source/Module//../../inputs/capture.integral
 ... no RI(n,g) found in local compilation, take 2018 value.
 ... no RI(n,g) found in local compilation, take Sukhoruchkin value.
 7. Thermal (n,f) cross section from systematics: 6105.51 +/- 4884.41 b.
   ---- MACS 30 keV ----- 
 8. TALYS MACS 30 keV (HF): 0.00246524 b. 
   ---------- S0 -------- 
 9. S0 from TALYS: 0.426135
   ---------- S1 -------- 
 10. S1 from TALYS: 0
   ---------- S2 -------- 
 11. S2 from TALYS: 0.4533
   ---------- D0 -------- 
 12. D0 from TALYS: 0.195123 eV
   ---------- D1 -------- 
 13. D1 from TALYS: 0.0996419 eV
   ---------- D2 -------- 
 14. D2 from TALYS: 0.0614765 eV
   ---------- G0 -------- 
 15. Gg0 from TALYS: 0.0299587 eV
   ---------- G1 -------- 
 16. Gg1 from TALYS: 0.0299587 eV
   ---------- G2 -------- 
 17. Gg2 from TALYS: 0.0299587 eV


   ---------------------- 
 ... Read resonance parameters (format: 2: Multi Level Breit Wigner)
 ... 0 resonances found 
 ... possibly no resonances in the Resonance directory for this isotope and options
 ... Use HFR (ladder) behavior 
 --> 18. Number of resonances from the input file: 2 up to 0.0975614 eV
 19. Read nuclear quantities (mass, MAT...)
 20. Read thermal (n,g) xs 
 21. Read the scattering radius 
 22. Read uncertainty on Gg for 2 resonances
 23. Read uncertainty on Gg for 2 resonances ... done
 24. Read uncertainty on Gf1
 25. Read uncertainty on Gf2
 ... order resonances 
 ... Upper limit for the RRR: 0.0975614 eV (no statistical resonances HFR) from the limit.RRR file
 ... Write parameters for l=0 waves
 ... End writing original MF2 
 ... No RRR in the database: uncertainties on default parameters multiplied by 1.99753
 ... Enter in urr function (ladder option set to y) for file n-Bh270
 ... read the file /Users/koning/tares-1.8/source/Module//../../inputs/2025/list.jcs.urr to find URR origin
 Default URR taken from TALYS calculations with level density model: 91n3n12611.2850
 File considered for the URR: /Users/koning/tares-1.8/source/Module//../../inputs/2025/lib.urr/talys.urr/91n3n12611.2850/Bh/urr/urr.dat.Bh.270.000.0.gz
 ... Write URR using TALYS average parameters (used for HFR)
 ... Limit of URR changed to 25 keV (recommendation from WPEC and JEFF)
 ... ---> Emax(RRR) taken from the file limit.ladder: 25 eV <---
 ... (File limit.ladder: /Users/koning/tares-1.8/source/Module//../../inputs/2025/limit.ladder.91n3n12611.2850)
 ... read D0, S0, Gn and Gg
 ... number of URR energies: 918
 Number of l: 918 and last energy: 9
 Last  URR energy: 25 eV
 ... Enter in to_MLBW_mf2 function
 ... Convert to Multi Level Breit Wigner (MLBW)
 ... Write parameter covariances (MF32) for l=0
 ... Convert parameter covariances (MF32) to MLBW
 ... copy the mf2 and mf32 to .mlbw files
 ... Enter in urr_correct function case 1
 Modify the higher limit of RRR in MF2
 --> old value: 9.804900-2 eV new value: 1.000000-2 eV
 Modify resonance covariances (MF32) to include correlations in the URR
 End Modify resonance covariances (MF32) to include correlations in the URR
 ... Enter in calendf_xs function
 Use CALENDF for statistical resonances (update MF2) up to 2.500000+1 eV (initial limit)
 Extract resonances from CALENDF for RRR->URR 2
 368 statistical resonances found
 After reduction, 334 statistical resonances found
 ... checking resonance order 1
 ... checking resonance order 2nd round for 332 resonances
 ... end checking resonance order 2nd round
 .......................................................
 ... Adjustment to the thermal cross section : start ...
 .......................................................
 --> Systematics thermal (n,g) xs   133.417 b.
 --> Systematics thermal (n,f) xs   6105.51 b.
 ... Prior values:
 ... Import MF2 from TARES calculations
 ... End energy of TARES MF2 : 2.487710E+1 eV and limit to 40000 resonances
 ... File used for reconstruction: new.temp22.reconst
 ... run RECENT ...
 ... Doppler broadened at a unique temperature: 300 Kelvin using sigma1
 ... run SIGMA1 at 3.000000E+02 K.

 ============== INTER values at 300 Kelvin ==============
 Thermal (n,g) xs =  63.7231 b. (meas/sys: 133.417 b.) (warning: comparison to be done at 296 or 300 K)
 Th Maxw (n,g) xs =  60.577 b. (thermal Maxwellian value)
 Westcott factor  =  0.95064
 RI      (n,g)    =  37.1434 b. (meas or sys: - b.)
 MACS 3.000e+04 eV=  0.044497 b. (meas or sys: - b.) from 1.00E+00 to 2.00E+07 eV (end of RRR) at T= 300 Kelvin 
 Thermal (n,el) xs=  8.90517 b.
 RI      (n,el)   =  34.0824 b.
 Thermal (n,f) xs =  368.932 b. (meas/sys: 6105.51 +/- 4884.41 b.)
 RI      (n,f) xs =  317.845 b. 
 ============= PSYCHE values ==============
 Ave. G_total L0  =  0.869 eV
 Ave. G_total L1  =  0.794978 eV
 Ave. Gn_0    L0  =  1.67738e-05
 Ave. Gn_0    L1  =  0.000210562
 Ave. Gg      L0  =  0.0298396 eV
 Ave. Gg      L1  =  0.0296731 eV
 Ave. D       L0  =  0.197437 eV
 Ave. D       L1  =  0.129568 eV
 Ave. S       L0  =  4.31085e-05 eV
 Ave. S       L1  =  0.000376339 eV
 =========================================
 ... tolerances: thermal (n,g) 20 %, thermal (n,f) 20 % (reference uncertainties, minimum 2%, maximum 20%)
 Calculated thermal (n,g)=          63.7231258 b. and measured/system= 133.417 b. (C/E= 0.477624)
 Calculated thermal (n,f)=          368.932370 b. and measured/system= 6105.51 b. (C/E= 0.0604261)
 Warning: first correction of Gg/Gf limited to a factor 10 (C/E too far from 1)
 ... Import MF2 from TARES calculations
 ... End energy of TARES MF2 : 2.487710E+1 eV and limit to 40000 resonances
 ... File used for reconstruction: new.temp22.reconst
 ... run RECENT ...
 ... Doppler broadened at a unique temperature: 300 Kelvin using sigma1
 ... run SIGMA1 at 3.000000E+02 K.

 ============== INTER values at 300 Kelvin ==============
 Thermal (n,g) xs =  44.0964 b. (meas/sys: 133.417 b.) (warning: comparison to be done at 296 or 300 K)
 Th Maxw (n,g) xs =  41.644 b. (thermal Maxwellian value)
 Westcott factor  =  0.9444
 RI      (n,g)    =  11.4724 b. (meas or sys: - b.)
 MACS 3.000e+04 eV=  0.044496 b. (meas or sys: - b.) from 1.00E+00 to 2.00E+07 eV (end of RRR) at T= 300 Kelvin 
 Thermal (n,el) xs=  8.95149 b.
 RI      (n,el)   =  34.4146 b.
 Thermal (n,f) xs =  643.84 b. (meas/sys: 6105.51 +/- 4884.41 b.)
 RI      (n,f) xs =  245.84 b. 
 ============= PSYCHE values ==============
 Ave. G_total L0  =  8.44229 eV
 Ave. G_total L1  =  7.70399 eV
 Ave. Gn_0    L0  =  1.67738e-05
 Ave. Gn_0    L1  =  0.000210562
 Ave. Gg      L0  =  0.0512296 eV
 Ave. Gg      L1  =  0.0509437 eV
 Ave. D       L0  =  0.197437 eV
 Ave. D       L1  =  0.129568 eV
 Ave. S       L0  =  4.31085e-05 eV
 Ave. S       L1  =  0.000376339 eV
 =========================================
 ... iteration 0: C/E thermal (n,g)= 0.330516  C/E thermal (n,f)= 0.105452
 Warning: 332 Gg/Gf values limited to a change of a factor 10 from their starting values
 ... Posterior values (iteration 1):
 ... Import MF2 from TARES calculations
 ... End energy of TARES MF2 : 2.487710E+1 eV and limit to 40000 resonances
 ... File used for reconstruction: new.temp22.reconst
 ... run RECENT ...
 ... Doppler broadened at a unique temperature: 300 Kelvin using sigma1
 ... run SIGMA1 at 3.000000E+02 K.

 ============== INTER values at 300 Kelvin ==============
 Thermal (n,g) xs =  85.3427 b. (meas/sys: 133.417 b.) (warning: comparison to be done at 296 or 300 K)
 Th Maxw (n,g) xs =  81.255 b. (thermal Maxwellian value)
 Westcott factor  =  0.9521
 RI      (n,g)    =  21.4557 b. (meas or sys: - b.)
 MACS 3.000e+04 eV=  0.044496 b. (meas or sys: - b.) from 1.00E+00 to 2.00E+07 eV (end of RRR) at T= 300 Kelvin 
 Thermal (n,el) xs=  8.92585 b.
 RI      (n,el)   =  34.4177 b.
 Thermal (n,f) xs =  606.928 b. (meas/sys: 6105.51 +/- 4884.41 b.)
 RI      (n,f) xs =  235.814 b. 
 ============= PSYCHE values ==============
 Ave. G_total L0  =  8.51816 eV
 Ave. G_total L1  =  7.77944 eV
 Ave. Gn_0    L0  =  1.67738e-05
 Ave. Gn_0    L1  =  0.000210562
 Ave. Gg      L0  =  0.127099 eV
 Ave. Gg      L1  =  0.12639 eV
 Ave. D       L0  =  0.197437 eV
 Ave. D       L1  =  0.129568 eV
 Ave. S       L0  =  4.31085e-05 eV
 Ave. S       L1  =  0.000376339 eV
 =========================================

 ... iteration 1: C/E thermal (n,g)= 0.63967  C/E thermal (n,f)= 0.0994065
 Warning: 332 Gg/Gf values limited to a change of a factor 10 from their starting values
 ... Posterior values (iteration 2):
 ... Import MF2 from TARES calculations
 ... End energy of TARES MF2 : 2.487710E+1 eV and limit to 40000 resonances
 ... File used for reconstruction: new.temp22.reconst
 ... run RECENT ...
 ... Doppler broadened at a unique temperature: 300 Kelvin using sigma1
 ... run SIGMA1 at 3.000000E+02 K.

 ============== INTER values at 300 Kelvin ==============
 Thermal (n,g) xs =  97.4811 b. (meas/sys: 133.417 b.) (warning: comparison to be done at 296 or 300 K)
 Th Maxw (n,g) xs =  93.282 b. (thermal Maxwellian value)
 Westcott factor  =  0.95692
 RI      (n,g)    =  25.0729 b. (meas or sys: - b.)
 MACS 3.000e+04 eV=  0.044496 b. (meas or sys: - b.) from 1.00E+00 to 2.00E+07 eV (end of RRR) at T= 300 Kelvin 
 Thermal (n,el) xs=  8.91603 b.
 RI      (n,el)   =  34.4178 b.
 Thermal (n,f) xs =  591.831 b. (meas/sys: 6105.51 +/- 4884.41 b.)
 RI      (n,f) xs =  232.155 b. 
 ============= PSYCHE values ==============
 Ave. G_total L0  =  8.554 eV
 Ave. G_total L1  =  7.81507 eV
 Ave. Gn_0    L0  =  1.67738e-05
 Ave. Gn_0    L1  =  0.000210562
 Ave. Gg      L0  =  0.16293 eV
 Ave. Gg      L1  =  0.16202 eV
 Ave. D       L0  =  0.197437 eV
 Ave. D       L1  =  0.129568 eV
 Ave. S       L0  =  4.31085e-05 eV
 Ave. S       L1  =  0.000376339 eV
 =========================================

 ... iteration 2: C/E thermal (n,g)= 0.730651  C/E thermal (n,f)= 0.0969338
 Warning: 332 Gg/Gf values limited to a change of a factor 10 from their starting values
 ... Posterior values (iteration 3):
 ... Import MF2 from TARES calculations
 ... End energy of TARES MF2 : 2.487710E+1 eV and limit to 40000 resonances
 ... File used for reconstruction: new.temp22.reconst
 ... run RECENT ...
 ... Doppler broadened at a unique temperature: 300 Kelvin using sigma1
 ... run SIGMA1 at 3.000000E+02 K.

 ============== INTER values at 300 Kelvin ==============
 Thermal (n,g) xs =  102.817 b. (meas/sys: 133.417 b.) (warning: comparison to be done at 296 or 300 K)
 Th Maxw (n,g) xs =  98.674 b. (thermal Maxwellian value)
 Westcott factor  =  0.95971
 RI      (n,g)    =  26.9028 b. (meas or sys: - b.)
 MACS 3.000e+04 eV=  0.044497 b. (meas or sys: - b.) from 1.00E+00 to 2.00E+07 eV (end of RRR) at T= 300 Kelvin 
 Thermal (n,el) xs=  8.91123 b.
 RI      (n,el)   =  34.4303 b.
 Thermal (n,f) xs =  584.083 b. (meas/sys: 6105.51 +/- 4884.41 b.)
 RI      (n,f) xs =  230.297 b. 
 ============= PSYCHE values ==============
 Ave. G_total L0  =  8.57392 eV
 Ave. G_total L1  =  7.83489 eV
 Ave. Gn_0    L0  =  1.67738e-05
 Ave. Gn_0    L1  =  0.000210562
 Ave. Gg      L0  =  0.182854 eV
 Ave. Gg      L1  =  0.181834 eV
 Ave. D       L0  =  0.197437 eV
 Ave. D       L1  =  0.129568 eV
 Ave. S       L0  =  4.31085e-05 eV
 Ave. S       L1  =  0.000376339 eV
 =========================================

 ... iteration 3: C/E thermal (n,g)= 0.770647  C/E thermal (n,f)= 0.0956648
 Warning: 332 Gg/Gf values limited to a change of a factor 10 from their starting values
 ... Posterior values (iteration 4):
 ... Import MF2 from TARES calculations
 ... End energy of TARES MF2 : 2.487710E+1 eV and limit to 40000 resonances
 ... File used for reconstruction: new.temp22.reconst
 ... run RECENT ...
 ... Doppler broadened at a unique temperature: 300 Kelvin using sigma1
 ... run SIGMA1 at 3.000000E+02 K.

 ============== INTER values at 300 Kelvin ==============
 Thermal (n,g) xs =  105.57 b. (meas/sys: 133.417 b.) (warning: comparison to be done at 296 or 300 K)
 Th Maxw (n,g) xs =  101.51 b. (thermal Maxwellian value)
 Westcott factor  =  0.96151
 RI      (n,g)    =  27.9183 b. (meas or sys: - b.)
 MACS 3.000e+04 eV=  0.044497 b. (meas or sys: - b.) from 1.00E+00 to 2.00E+07 eV (end of RRR) at T= 300 Kelvin 
 Thermal (n,el) xs=  8.90861 b.
 RI      (n,el)   =  34.4324 b.
 Thermal (n,f) xs =  579.732 b. (meas/sys: 6105.51 +/- 4884.41 b.)
 RI      (n,f) xs =  229.234 b. 
 ============= PSYCHE values ==============
 Ave. G_total L0  =  8.58563 eV
 Ave. G_total L1  =  7.84653 eV
 Ave. Gn_0    L0  =  1.67738e-05
 Ave. Gn_0    L1  =  0.000210562
 Ave. Gg      L0  =  0.194564 eV
 Ave. Gg      L1  =  0.193478 eV
 Ave. D       L0  =  0.197437 eV
 Ave. D       L1  =  0.129568 eV
 Ave. S       L0  =  4.31085e-05 eV
 Ave. S       L1  =  0.000376339 eV
 =========================================

 ... iteration 4: C/E thermal (n,g)= 0.791282  C/E thermal (n,f)= 0.0949522
 Warning: 332 Gg/Gf values limited to a change of a factor 10 from their starting values
 ... Posterior values (iteration 5):
 ... Import MF2 from TARES calculations
 ... End energy of TARES MF2 : 2.487710E+1 eV and limit to 40000 resonances
 ... File used for reconstruction: new.temp22.reconst
 ... run RECENT ...
 ... Doppler broadened at a unique temperature: 300 Kelvin using sigma1
 ... run SIGMA1 at 3.000000E+02 K.

 ============== INTER values at 300 Kelvin ==============
 Thermal (n,g) xs =  107.109 b. (meas/sys: 133.417 b.) (warning: comparison to be done at 296 or 300 K)
 Th Maxw (n,g) xs =  103.09 b. (thermal Maxwellian value)
 Westcott factor  =  0.96245
 RI      (n,g)    =  28.5241 b. (meas or sys: - b.)
 MACS 3.000e+04 eV=  0.044497 b. (meas or sys: - b.) from 1.00E+00 to 2.00E+07 eV (end of RRR) at T= 300 Kelvin 
 Thermal (n,el) xs=  8.90711 b.
 RI      (n,el)   =  34.4338 b.
 Thermal (n,f) xs =  577.179 b. (meas/sys: 6105.51 +/- 4884.41 b.)
 RI      (n,f) xs =  228.649 b. 
 ============= PSYCHE values ==============
 Ave. G_total L0  =  8.59269 eV
 Ave. G_total L1  =  7.85355 eV
 Ave. Gn_0    L0  =  1.67738e-05
 Ave. Gn_0    L1  =  0.000210562
 Ave. Gg      L0  =  0.201625 eV
 Ave. Gg      L1  =  0.200501 eV
 Ave. D       L0  =  0.197437 eV
 Ave. D       L1  =  0.129568 eV
 Ave. S       L0  =  4.31085e-05 eV
 Ave. S       L1  =  0.000376339 eV
 =========================================

 ... iteration 5: C/E thermal (n,g)= 0.802817  C/E thermal (n,f)= 0.0945341
 Warning: 332 Gg/Gf values limited to a change of a factor 10 from their starting values
 ... Posterior values (iteration 6):
 ... Import MF2 from TARES calculations
 ... End energy of TARES MF2 : 2.487710E+1 eV and limit to 40000 resonances
 ... File used for reconstruction: new.temp22.reconst
 ... run RECENT ...
 ... Doppler broadened at a unique temperature: 300 Kelvin using sigma1
 ... run SIGMA1 at 3.000000E+02 K.

 ============== INTER values at 300 Kelvin ==============
 Thermal (n,g) xs =  108.008 b. (meas/sys: 133.417 b.) (warning: comparison to be done at 296 or 300 K)
 Th Maxw (n,g) xs =  104.01 b. (thermal Maxwellian value)
 Westcott factor  =  0.96302
 RI      (n,g)    =  28.8845 b. (meas or sys: - b.)
 MACS 3.000e+04 eV=  0.044497 b. (meas or sys: - b.) from 1.00E+00 to 2.00E+07 eV (end of RRR) at T= 300 Kelvin 
 Thermal (n,el) xs=  8.90622 b.
 RI      (n,el)   =  34.4464 b.
 Thermal (n,f) xs =  575.644 b. (meas/sys: 6105.51 +/- 4884.41 b.)
 RI      (n,f) xs =  228.274 b. 
 ============= PSYCHE values ==============
 Ave. G_total L0  =  8.59701 eV
 Ave. G_total L1  =  7.85784 eV
 Ave. Gn_0    L0  =  1.67738e-05
 Ave. Gn_0    L1  =  0.000210562
 Ave. Gg      L0  =  0.205941 eV
 Ave. Gg      L1  =  0.204792 eV
 Ave. D       L0  =  0.197437 eV
 Ave. D       L1  =  0.129568 eV
 Ave. S       L0  =  4.31085e-05 eV
 Ave. S       L1  =  0.000376339 eV
 =========================================

 ... iteration 6: C/E thermal (n,g)= 0.809553  C/E thermal (n,f)= 0.0942827
 Warning: 332 Gg/Gf values limited to a change of a factor 10 from their starting values
 ... Posterior values (iteration 7):
 ... Import MF2 from TARES calculations
 ... End energy of TARES MF2 : 2.487710E+1 eV and limit to 40000 resonances
 ... File used for reconstruction: new.temp22.reconst
 ... run RECENT ...
 ... Doppler broadened at a unique temperature: 300 Kelvin using sigma1
 ... run SIGMA1 at 3.000000E+02 K.

 ============== INTER values at 300 Kelvin ==============
 Thermal (n,g) xs =  108.546 b. (meas/sys: 133.417 b.) (warning: comparison to be done at 296 or 300 K)
 Th Maxw (n,g) xs =  104.57 b. (thermal Maxwellian value)
 Westcott factor  =  0.96337
 RI      (n,g)    =  29.1119 b. (meas or sys: - b.)
 MACS 3.000e+04 eV=  0.044497 b. (meas or sys: - b.) from 1.00E+00 to 2.00E+07 eV (end of RRR) at T= 300 Kelvin 
 Thermal (n,el) xs=  8.90568 b.
 RI      (n,el)   =  34.4483 b.
 Thermal (n,f) xs =  574.709 b. (meas/sys: 6105.51 +/- 4884.41 b.)
 RI      (n,f) xs =  228.013 b. 
 ============= PSYCHE values ==============
 Ave. G_total L0  =  8.59967 eV
 Ave. G_total L1  =  7.86048 eV
 Ave. Gn_0    L0  =  1.67738e-05
 Ave. Gn_0    L1  =  0.000210562
 Ave. Gg      L0  =  0.208599 eV
 Ave. Gg      L1  =  0.207435 eV
 Ave. D       L0  =  0.197437 eV
 Ave. D       L1  =  0.129568 eV
 Ave. S       L0  =  4.31085e-05 eV
 Ave. S       L1  =  0.000376339 eV
 =========================================

 ... iteration 7: C/E thermal (n,g)= 0.813589  C/E thermal (n,f)= 0.0941294
 Warning: 332 Gg/Gf values limited to a change of a factor 10 from their starting values
 ... Posterior values (iteration 8):
 ... Import MF2 from TARES calculations
 ... End energy of TARES MF2 : 2.487710E+1 eV and limit to 40000 resonances
 ... File used for reconstruction: new.temp22.reconst
 ... run RECENT ...
 ... Doppler broadened at a unique temperature: 300 Kelvin using sigma1
 ... run SIGMA1 at 3.000000E+02 K.

 ============== INTER values at 300 Kelvin ==============
 Thermal (n,g) xs =  108.874 b. (meas/sys: 133.417 b.) (warning: comparison to be done at 296 or 300 K)
 Th Maxw (n,g) xs =  104.91 b. (thermal Maxwellian value)
 Westcott factor  =  0.96359
 RI      (n,g)    =  29.2538 b. (meas or sys: - b.)
 MACS 3.000e+04 eV=  0.044497 b. (meas or sys: - b.) from 1.00E+00 to 2.00E+07 eV (end of RRR) at T= 300 Kelvin 
 Thermal (n,el) xs=  8.90534 b.
 RI      (n,el)   =  34.4491 b.
 Thermal (n,f) xs =  574.133 b. (meas/sys: 6105.51 +/- 4884.41 b.)
 RI      (n,f) xs =  227.87 b. 
 ============= PSYCHE values ==============
 Ave. G_total L0  =  8.60131 eV
 Ave. G_total L1  =  7.86212 eV
 Ave. Gn_0    L0  =  1.67738e-05
 Ave. Gn_0    L1  =  0.000210562
 Ave. Gg      L0  =  0.210242 eV
 Ave. Gg      L1  =  0.209069 eV
 Ave. D       L0  =  0.197437 eV
 Ave. D       L1  =  0.129568 eV
 Ave. S       L0  =  4.31085e-05 eV
 Ave. S       L1  =  0.000376339 eV
 =========================================

 ... iteration 8: C/E thermal (n,g)= 0.816043  C/E thermal (n,f)= 0.0940352
 Warning: 332 Gg/Gf values limited to a change of a factor 10 from their starting values
 ... Posterior values (iteration 9):
 ... Import MF2 from TARES calculations
 ... End energy of TARES MF2 : 2.487710E+1 eV and limit to 40000 resonances
 ... File used for reconstruction: new.temp22.reconst
 ... run RECENT ...
 ... Doppler broadened at a unique temperature: 300 Kelvin using sigma1
 ... run SIGMA1 at 3.000000E+02 K.

 ============== INTER values at 300 Kelvin ==============
 Thermal (n,g) xs =  109.075 b. (meas/sys: 133.417 b.) (warning: comparison to be done at 296 or 300 K)
 Th Maxw (n,g) xs =  105.12 b. (thermal Maxwellian value)
 Westcott factor  =  0.96372
 RI      (n,g)    =  29.3362 b. (meas or sys: - b.)
 MACS 3.000e+04 eV=  0.044497 b. (meas or sys: - b.) from 1.00E+00 to 2.00E+07 eV (end of RRR) at T= 300 Kelvin 
 Thermal (n,el) xs=  8.90514 b.
 RI      (n,el)   =  34.4497 b.
 Thermal (n,f) xs =  573.778 b. (meas/sys: 6105.51 +/- 4884.41 b.)
 RI      (n,f) xs =  227.786 b. 
 ============= PSYCHE values ==============
 Ave. G_total L0  =  8.60233 eV
 Ave. G_total L1  =  7.86313 eV
 Ave. Gn_0    L0  =  1.67738e-05
 Ave. Gn_0    L1  =  0.000210562
 Ave. Gg      L0  =  0.211262 eV
 Ave. Gg      L1  =  0.210083 eV
 Ave. D       L0  =  0.197437 eV
 Ave. D       L1  =  0.129568 eV
 Ave. S       L0  =  4.31085e-05 eV
 Ave. S       L1  =  0.000376339 eV
 =========================================

 ... iteration 9: C/E thermal (n,g)= 0.817549  C/E thermal (n,f)= 0.093977
 Warning: 332 Gg/Gf values limited to a change of a factor 10 from their starting values
 ... Posterior values (iteration 10):
 ... Import MF2 from TARES calculations
 ... End energy of TARES MF2 : 2.487710E+1 eV and limit to 40000 resonances
 ... File used for reconstruction: new.temp22.reconst
 ... run RECENT ...
 ... Doppler broadened at a unique temperature: 300 Kelvin using sigma1
 ... run SIGMA1 at 3.000000E+02 K.

 ============== INTER values at 300 Kelvin ==============
 Thermal (n,g) xs =  109.199 b. (meas/sys: 133.417 b.) (warning: comparison to be done at 296 or 300 K)
 Th Maxw (n,g) xs =  105.25 b. (thermal Maxwellian value)
 Westcott factor  =  0.9638
 RI      (n,g)    =  29.3901 b. (meas or sys: - b.)
 MACS 3.000e+04 eV=  0.044497 b. (meas or sys: - b.) from 1.00E+00 to 2.00E+07 eV (end of RRR) at T= 300 Kelvin 
 Thermal (n,el) xs=  8.90501 b.
 RI      (n,el)   =  34.4501 b.
 Thermal (n,f) xs =  573.558 b. (meas/sys: 6105.51 +/- 4884.41 b.)
 RI      (n,f) xs =  227.733 b. 
 ============= PSYCHE values ==============
 Ave. G_total L0  =  8.60296 eV
 Ave. G_total L1  =  7.86376 eV
 Ave. Gn_0    L0  =  1.67738e-05
 Ave. Gn_0    L1  =  0.000210562
 Ave. Gg      L0  =  0.211895 eV
 Ave. Gg      L1  =  0.210713 eV
 Ave. D       L0  =  0.197437 eV
 Ave. D       L1  =  0.129568 eV
 Ave. S       L0  =  4.31085e-05 eV
 Ave. S       L1  =  0.000376339 eV
 =========================================

 ... iteration 10: C/E thermal (n,g)= 0.818479  C/E thermal (n,f)= 0.0939409
 Warning: 332 Gg/Gf values limited to a change of a factor 10 from their starting values
 ... Posterior values (iteration 11):
 ... Import MF2 from TARES calculations
 ... End energy of TARES MF2 : 2.487710E+1 eV and limit to 40000 resonances
 ... File used for reconstruction: new.temp22.reconst
 ... run RECENT ...
 ... Doppler broadened at a unique temperature: 300 Kelvin using sigma1
 ... run SIGMA1 at 3.000000E+02 K.

 ============== INTER values at 300 Kelvin ==============
 Thermal (n,g) xs =  109.276 b. (meas/sys: 133.417 b.) (warning: comparison to be done at 296 or 300 K)
 Th Maxw (n,g) xs =  105.33 b. (thermal Maxwellian value)
 Westcott factor  =  0.96386
 RI      (n,g)    =  29.4225 b. (meas or sys: - b.)
 MACS 3.000e+04 eV=  0.044497 b. (meas or sys: - b.) from 1.00E+00 to 2.00E+07 eV (end of RRR) at T= 300 Kelvin 
 Thermal (n,el) xs=  8.90494 b.
 RI      (n,el)   =  34.4506 b.
 Thermal (n,f) xs =  573.421 b. (meas/sys: 6105.51 +/- 4884.41 b.)
 RI      (n,f) xs =  227.7 b. 
 ============= PSYCHE values ==============
 Ave. G_total L0  =  8.60335 eV
 Ave. G_total L1  =  7.86416 eV
 Ave. Gn_0    L0  =  1.67738e-05
 Ave. Gn_0    L1  =  0.000210562
 Ave. Gg      L0  =  0.212289 eV
 Ave. Gg      L1  =  0.211104 eV
 Ave. D       L0  =  0.197437 eV
 Ave. D       L1  =  0.129568 eV
 Ave. S       L0  =  4.31085e-05 eV
 Ave. S       L1  =  0.000376339 eV
 =========================================

 ... iteration 11: C/E thermal (n,g)= 0.819055  C/E thermal (n,f)= 0.0939185
 Warning: 332 Gg/Gf values limited to a change of a factor 10 from their starting values
 ... Posterior values (iteration 12):
 ... Import MF2 from TARES calculations
 ... End energy of TARES MF2 : 2.487710E+1 eV and limit to 40000 resonances
 ... File used for reconstruction: new.temp22.reconst
 ... run RECENT ...
 ... Doppler broadened at a unique temperature: 300 Kelvin using sigma1
 ... run SIGMA1 at 3.000000E+02 K.

 ============== INTER values at 300 Kelvin ==============
 Thermal (n,g) xs =  109.323 b. (meas/sys: 133.417 b.) (warning: comparison to be done at 296 or 300 K)
 Th Maxw (n,g) xs =  105.38 b. (thermal Maxwellian value)
 Westcott factor  =  0.96389
 RI      (n,g)    =  29.4424 b. (meas or sys: - b.)
 MACS 3.000e+04 eV=  0.044497 b. (meas or sys: - b.) from 1.00E+00 to 2.00E+07 eV (end of RRR) at T= 300 Kelvin 
 Thermal (n,el) xs=  8.90489 b.
 RI      (n,el)   =  34.4495 b.
 Thermal (n,f) xs =  573.336 b. (meas/sys: 6105.51 +/- 4884.41 b.)
 RI      (n,f) xs =  227.669 b. 
 ============= PSYCHE values ==============
 Ave. G_total L0  =  8.6036 eV
 Ave. G_total L1  =  7.8644 eV
 Ave. Gn_0    L0  =  1.67738e-05
 Ave. Gn_0    L1  =  0.000210562
 Ave. Gg      L0  =  0.212534 eV
 Ave. Gg      L1  =  0.211348 eV
 Ave. D       L0  =  0.197437 eV
 Ave. D       L1  =  0.129568 eV
 Ave. S       L0  =  4.31085e-05 eV
 Ave. S       L1  =  0.000376339 eV
 =========================================

 ... iteration 12: C/E thermal (n,g)= 0.819412  C/E thermal (n,f)= 0.0939046
 Warning: 332 Gg/Gf values limited to a change of a factor 10 from their starting values
 ... Posterior values (iteration 13):
 ... Import MF2 from TARES calculations
 ... End energy of TARES MF2 : 2.487710E+1 eV and limit to 40000 resonances
 ... File used for reconstruction: new.temp22.reconst
 ... run RECENT ...
 ... Doppler broadened at a unique temperature: 300 Kelvin using sigma1
 ... run SIGMA1 at 3.000000E+02 K.

 ============== INTER values at 300 Kelvin ==============
 Thermal (n,g) xs =  109.353 b. (meas/sys: 133.417 b.) (warning: comparison to be done at 296 or 300 K)
 Th Maxw (n,g) xs =  105.41 b. (thermal Maxwellian value)
 Westcott factor  =  0.96391
 RI      (n,g)    =  29.4463 b. (meas or sys: - b.)
 MACS 3.000e+04 eV=  0.044497 b. (meas or sys: - b.) from 1.00E+00 to 2.00E+07 eV (end of RRR) at T= 300 Kelvin 
 Thermal (n,el) xs=  8.90486 b.
 RI      (n,el)   =  34.4496 b.
 Thermal (n,f) xs =  573.283 b. (meas/sys: 6105.51 +/- 4884.41 b.)
 RI      (n,f) xs =  227.657 b. 
 ============= PSYCHE values ==============
 Ave. G_total L0  =  8.60375 eV
 Ave. G_total L1  =  7.86455 eV
 Ave. Gn_0    L0  =  1.67738e-05
 Ave. Gn_0    L1  =  0.000210562
 Ave. Gg      L0  =  0.212687 eV
 Ave. Gg      L1  =  0.2115 eV
 Ave. D       L0  =  0.197437 eV
 Ave. D       L1  =  0.129568 eV
 Ave. S       L0  =  4.31085e-05 eV
 Ave. S       L1  =  0.000376339 eV
 =========================================

 ... iteration 13: C/E thermal (n,g)= 0.819634  C/E thermal (n,f)= 0.0938959
 Warning: 332 Gg/Gf values limited to a change of a factor 10 from their starting values
 ... Posterior values (iteration 14):
 ... Import MF2 from TARES calculations
 ... End energy of TARES MF2 : 2.487710E+1 eV and limit to 40000 resonances
 ... File used for reconstruction: new.temp22.reconst
 ... run RECENT ...
 ... Doppler broadened at a unique temperature: 300 Kelvin using sigma1
 ... run SIGMA1 at 3.000000E+02 K.

 ============== INTER values at 300 Kelvin ==============
 Thermal (n,g) xs =  109.371 b. (meas/sys: 133.417 b.) (warning: comparison to be done at 296 or 300 K)
 Th Maxw (n,g) xs =  105.43 b. (thermal Maxwellian value)
 Westcott factor  =  0.96392
 RI      (n,g)    =  29.454 b. (meas or sys: - b.)
 MACS 3.000e+04 eV=  0.044497 b. (meas or sys: - b.) from 1.00E+00 to 2.00E+07 eV (end of RRR) at T= 300 Kelvin 
 Thermal (n,el) xs=  8.90484 b.
 RI      (n,el)   =  34.4495 b.
 Thermal (n,f) xs =  573.25 b. (meas/sys: 6105.51 +/- 4884.41 b.)
 RI      (n,f) xs =  227.662 b. 
 ============= PSYCHE values ==============
 Ave. G_total L0  =  8.60385 eV
 Ave. G_total L1  =  7.86464 eV
 Ave. Gn_0    L0  =  1.67738e-05
 Ave. Gn_0    L1  =  0.000210562
 Ave. Gg      L0  =  0.212781 eV
 Ave. Gg      L1  =  0.211594 eV
 Ave. D       L0  =  0.197437 eV
 Ave. D       L1  =  0.129568 eV
 Ave. S       L0  =  4.31085e-05 eV
 Ave. S       L1  =  0.000376339 eV
 =========================================

 ... iteration 14: C/E thermal (n,g)= 0.819772  C/E thermal (n,f)= 0.0938906
 Warning: 332 Gg/Gf values limited to a change of a factor 10 from their starting values
 ... Posterior values (iteration 15):
 ... Import MF2 from TARES calculations
 ... End energy of TARES MF2 : 2.487710E+1 eV and limit to 40000 resonances
 ... File used for reconstruction: new.temp22.reconst
 ... run RECENT ...
 ... Doppler broadened at a unique temperature: 300 Kelvin using sigma1
 ... run SIGMA1 at 3.000000E+02 K.

 ============== INTER values at 300 Kelvin ==============
 Thermal (n,g) xs =  109.383 b. (meas/sys: 133.417 b.) (warning: comparison to be done at 296 or 300 K)
 Th Maxw (n,g) xs =  105.44 b. (thermal Maxwellian value)
 Westcott factor  =  0.96393
 RI      (n,g)    =  29.4589 b. (meas or sys: - b.)
 MACS 3.000e+04 eV=  0.044497 b. (meas or sys: - b.) from 1.00E+00 to 2.00E+07 eV (end of RRR) at T= 300 Kelvin 
 Thermal (n,el) xs=  8.90483 b.
 RI      (n,el)   =  34.4495 b.
 Thermal (n,f) xs =  573.23 b. (meas/sys: 6105.51 +/- 4884.41 b.)
 RI      (n,f) xs =  227.657 b. 
 ============= PSYCHE values ==============
 Ave. G_total L0  =  8.60391 eV
 Ave. G_total L1  =  7.8647 eV
 Ave. Gn_0    L0  =  1.67738e-05
 Ave. Gn_0    L1  =  0.000210562
 Ave. Gg      L0  =  0.21284 eV
 Ave. Gg      L1  =  0.211653 eV
 Ave. D       L0  =  0.197437 eV
 Ave. D       L1  =  0.129568 eV
 Ave. S       L0  =  4.31085e-05 eV
 Ave. S       L1  =  0.000376339 eV
 =========================================

 ... iteration 15: C/E thermal (n,g)= 0.819858  C/E thermal (n,f)= 0.0938872
 Warning: thermal (n,g) and (n,f) adjustment not converged after 15 iterations
 Adjusted thermal (n,f) xs            573.229660 b. (ratio for Gf= 0.114497 )

 ... ratio C/E thermal (n,g): 8.198582E-01
 ... ratio C/E thermal (n,f): 9.388721E-02
 ...................................................... 
 ... Adjustment to the thermal cross section : stop ...
 ...................................................... 
 ... new MF2 file after adjustment: n-Bh270
 ... read the file /Users/koning/tares-1.8/source/Module//../../inputs/2025/list.jcs.urr to find URR origin
 Default URR taken from TALYS calculations with level density model: 91n3n12611.2850
 File considered for the URR: /Users/koning/tares-1.8/source/Module//../../inputs/2025/lib.urr/talys.urr/91n3n12611.2850/Bh/urr/urr.dat.Bh.270.000.0.gz
 ... Write URR using TALYS average parameters (not used for HFR)
 ... Limit of URR changed to 25 keV (recommendation from WPEC and JEFF)
 ... read D0, S0, Gn and Gg
 ... number of URR energies: 1080
 Number of l: 1080 and last energy: 9
 Last  URR energy: 24444.1 eV
 Energies in the URR : 1080 -> reduced by a factor 2
 Energies in the URR : 540 -> reduced by a factor 2
 ... Enter in urr_correct function case 2
 Modify the higher limit of RRR in MF2
 --> old value: 2.487710+1 eV new value: 2.487710+1 eV
 Modify resonance covariances (MF32) to include correlations in the URR
 End Modify resonance covariances (MF32) to include correlations in the URR
 ... Enter in update_MF32 function
 ... Change uncertainties
 ... for the HFR, random position of the positive resonances with 0.020000 %
 ... end of update MF32 function
 ... GLS calculation of the parameter correlations from the thermal/RI adjustment (MF32c)
 ... MF32: correlations from the thermal/RI adjustment (GLS) for 20 resonances (51 widths), 3 correlation lines
 ...   thermal (n,g): uncertainty from these widths 26.0981 b. -> 25.1351 b. (reference: 133.417 +/- 93.3918 b.)
 ...   thermal (n,f): uncertainty from these widths 68.3853 b. -> 68.3631 b. (reference: 6105.51 +/- 4884.41 b.)
 ... copy the mf2 and mf32 to .mlbw files

 ... Start of final reconstruction and testing ...
 ... Reconstruction of cross sections at 0 Kelvin  ... Import MF2 from TARES calculations
 ... End energy of TARES MF2 : 2.487710E+1 eV and limit to 40000 resonances
 ... File used for reconstruction: n-Bh270.reconst
 ... run RECENT ...
 ... Doppler broadened at a unique temperature: 0 Kelvin using sigma1
 ... The keyword temperature is zero, no Doppler broadening for the MACS

 ============== INTER values at 0 Kelvin ==============
 Thermal (n,g) xs =  109.38 b. (meas/sys: 133.417 b.) (warning: comparison to be done at 296 or 300 K)
 Th Maxw (n,g) xs =  104.88 b. (thermal Maxwellian value)
 Westcott factor  =  0.95882
 RI      (n,g)    =  29.3667 b. (meas or sys: - b.)
 MACS 3.000e+04 eV=  0.044723 b. (meas or sys: - b.) from 1.00E+00 to 2.49E+01 eV (end of RRR) at T= 0 Kelvin 
 Thermal (n,el) xs=  8.88799 b.
 RI      (n,el)   =  34.4014 b.
 Thermal (n,f) xs =  572.972 b. (meas/sys: 6105.51 +/- 4884.41 b.)
 RI      (n,f) xs =  226.465 b. 
 ============= PSYCHE values ==============
 Ave. G_total L0  =  8.60391 eV
 Ave. G_total L1  =  7.8647 eV
 Ave. Gn_0    L0  =  1.67738e-05
 Ave. Gn_0    L1  =  0.000210562
 Ave. Gg      L0  =  0.21284 eV
 Ave. Gg      L1  =  0.211653 eV
 Ave. D       L0  =  0.197437 eV
 Ave. D       L1  =  0.129568 eV
 Ave. S       L0  =  4.31085e-05 eV
 Ave. S       L1  =  0.000376339 eV
 =========================================
 ... End of final reconstruction and testing ...

 ... grouping is not optimum, change to 70 groups
 ... Produce MF33 based on MF32 and 6 random files
 ... MF3 of n-Bh270.reconst (4 sections) added to the files for ENDSAM
 ... run endsam for 6 in groups of 1 global run
 ... run endsam from 1 to 6
 ... random files: total width GT set to Gn+Gg+Gf (1992 resonances in 6 files)
 ... reorder resonance position after endsam (sampling)
 ... preparing the vectors  ... done
 ... nominal file 0 Cap(th)  ave= 1.094E+02 b. +/- 0.00 % || Ela(th) ave= 8.888E+00 b. +/- 0.00 % || RIcap ave= 2.94E+01 b. +/- 0.00 % || Macs30 ave= 4.47E-02 b. +/- 0.00 % || Gn^0(l=0) ave= 1.677E-05 +/- 0.00 % Gn^0(l=1) ave= 2.106E-04 +/- 0.00 % Gn^0(l=2) ave= 0.000E+00 +/- 0.00 % Gn^0(l=3) ave= 0.000E+00 +/- 0.00 % || Gtotal(l=0) ave= 8.604E+00 +/- 0.00 % Gtotal(l=1) ave= 7.865E+00 +/- 0.00 % Gtotal(l=2) ave= 0.000E+00 +/- 0.00 % Gtotal(l=3) ave= 0.000E+00 +/- 0.00 %  % || Gg(l=0) ave= 2.128E-01 +/- 0.00 % Gg(l=1) ave= 2.117E-01 +/- 0.00 % Gg(l=2) ave= 0.000E+00 +/- 0.00 % Gg(l=3) ave= 0.000E+00 +/- 0.00 %  % || D(l=0) ave= 1.974E-01 +/- 0.00 % D(l=1) ave= 1.296E-01 +/- 0.00 % D(l=2) ave= 0.000E+00 +/- 0.00 % D(l=3) ave= 0.000E+00 +/- 0.00 %  % || S(l=0) ave= 4.311E-05 +/- 0.00 % S(l=1) ave= 3.763E-04 +/- 0.00 % S(l=2) ave= 0.000E+00 +/- 0.00 % S(l=3) ave= 0.000E+00 +/- 0.00 %  % || Fis(th) ave= 5.730E+02 b. +/- 0.00 %
 ... random file  1 Cap(th)  ave= 9.538E+01 b. +/- 14.68 % || Ela(th) ave= 8.609E+00 b. +/- 3.25 % || RIcap ave= 2.84E+01 b. +/- 3.27 % || Macs30 ave= 4.47E-02 b. +/- 0.00 % || Gn^0(l=0) ave= 1.678E-05 +/- 0.04 % Gn^0(l=1) ave= 2.173E-04 +/- 3.08 % Gn^0(l=2) ave= 0.000E+00 +/- 0.00 % Gn^0(l=3) ave= 0.000E+00 +/- 0.00 % || Gtotal(l=0) ave= 8.894E+00 +/- 3.26 % Gtotal(l=1) ave= 7.877E+00 +/- 0.16 % Gtotal(l=2) ave= 0.000E+00 +/- 0.00 % Gtotal(l=3) ave= 0.000E+00 +/- 0.00 %  % || Gg(l=0) ave= 2.216E-01 +/- 3.96 % Gg(l=1) ave= 2.181E-01 +/- 2.94 % Gg(l=2) ave= 0.000E+00 +/- 0.00 % Gg(l=3) ave= 0.000E+00 +/- 0.00 %  % || D(l=0) ave= 1.982E-01 +/- 0.40 % D(l=1) ave= 1.296E-01 +/- 0.00 % D(l=2) ave= 0.000E+00 +/- 0.00 % D(l=3) ave= 0.000E+00 +/- 0.00 %  % || S(l=0) ave= 4.302E-05 +/- 0.21 % S(l=1) ave= 3.883E-04 +/- 3.08 % S(l=2) ave= 0.000E+00 +/- 0.00 % S(l=3) ave= 0.000E+00 +/- 0.00 %  % || Fis(th) ave= 5.968E+02 b. +/- 4.00 %
 ... random file  2 Cap(th)  ave= 1.022E+02 b. +/- 14.61 % || Ela(th) ave= 8.898E+00 b. +/- 5.27 % || RIcap ave= 2.85E+01 b. +/- 2.69 % || Macs30 ave= 4.47E-02 b. +/- 0.00 % || Gn^0(l=0) ave= 1.680E-05 +/- 0.16 % Gn^0(l=1) ave= 2.108E-04 +/- 5.05 % Gn^0(l=2) ave= 0.000E+00 +/- 0.00 % Gn^0(l=3) ave= 0.000E+00 +/- 0.00 % || Gtotal(l=0) ave= 8.750E+00 +/- 3.58 % Gtotal(l=1) ave= 7.652E+00 +/- 4.16 % Gtotal(l=2) ave= 0.000E+00 +/- 0.00 % Gtotal(l=3) ave= 0.000E+00 +/- 0.00 %  % || Gg(l=0) ave= 2.140E-01 +/- 6.04 % Gg(l=1) ave= 2.154E-01 +/- 3.00 % Gg(l=2) ave= 0.000E+00 +/- 0.00 % Gg(l=3) ave= 0.000E+00 +/- 0.00 %  % || D(l=0) ave= 1.985E-01 +/- 0.38 % D(l=1) ave= 1.296E-01 +/- 0.00 % D(l=2) ave= 0.000E+00 +/- 0.00 % D(l=3) ave= 0.000E+00 +/- 0.00 %  % || S(l=0) ave= 4.300E-05 +/- 0.19 % S(l=1) ave= 3.768E-04 +/- 5.05 % S(l=2) ave= 0.000E+00 +/- 0.00 % S(l=3) ave= 0.000E+00 +/- 0.00 %  % || Fis(th) ave= 5.919E+02 b. +/- 3.49 %
 ... random file  3 Cap(th)  ave= 1.080E+02 b. +/- 15.20 % || Ela(th) ave= 9.033E+00 b. +/- 5.18 % || RIcap ave= 2.97E+01 b. +/- 7.02 % || Macs30 ave= 4.47E-02 b. +/- 0.00 % || Gn^0(l=0) ave= 1.678E-05 +/- 0.26 % Gn^0(l=1) ave= 2.075E-04 +/- 5.22 % Gn^0(l=2) ave= 0.000E+00 +/- 0.00 % Gn^0(l=3) ave= 0.000E+00 +/- 0.00 % || Gtotal(l=0) ave= 8.589E+00 +/- 4.52 % Gtotal(l=1) ave= 7.737E+00 +/- 4.04 % Gtotal(l=2) ave= 0.000E+00 +/- 0.00 % Gtotal(l=3) ave= 0.000E+00 +/- 0.00 %  % || Gg(l=0) ave= 2.137E-01 +/- 5.25 % Gg(l=1) ave= 2.144E-01 +/- 2.73 % Gg(l=2) ave= 0.000E+00 +/- 0.00 % Gg(l=3) ave= 0.000E+00 +/- 0.00 %  % || D(l=0) ave= 1.982E-01 +/- 0.40 % D(l=1) ave= 1.296E-01 +/- 0.00 % D(l=2) ave= 0.000E+00 +/- 0.00 % D(l=3) ave= 0.000E+00 +/- 0.00 %  % || S(l=0) ave= 4.299E-05 +/- 0.16 % S(l=1) ave= 3.709E-04 +/- 5.22 % S(l=2) ave= 0.000E+00 +/- 0.00 % S(l=3) ave= 0.000E+00 +/- 0.00 %  % || Fis(th) ave= 5.987E+02 b. +/- 3.58 %
 ... random file  4 Cap(th)  ave= 1.125E+02 b. +/- 15.29 % || Ela(th) ave= 8.865E+00 b. +/- 6.05 % || RIcap ave= 3.00E+01 b. +/- 6.67 % || Macs30 ave= 4.47E-02 b. +/- 0.00 % || Gn^0(l=0) ave= 1.677E-05 +/- 0.24 % Gn^0(l=1) ave= 2.119E-04 +/- 6.19 % Gn^0(l=2) ave= 0.000E+00 +/- 0.00 % Gn^0(l=3) ave= 0.000E+00 +/- 0.00 % || Gtotal(l=0) ave= 8.529E+00 +/- 4.31 % Gtotal(l=1) ave= 7.612E+00 +/- 4.92 % Gtotal(l=2) ave= 0.000E+00 +/- 0.00 % Gtotal(l=3) ave= 0.000E+00 +/- 0.00 %  % || Gg(l=0) ave= 2.131E-01 +/- 4.73 % Gg(l=1) ave= 2.136E-01 +/- 2.55 % Gg(l=2) ave= 0.000E+00 +/- 0.00 % Gg(l=3) ave= 0.000E+00 +/- 0.00 %  % || D(l=0) ave= 1.981E-01 +/- 0.39 % D(l=1) ave= 1.296E-01 +/- 0.00 % D(l=2) ave= 0.000E+00 +/- 0.00 % D(l=3) ave= 0.000E+00 +/- 0.00 %  % || S(l=0) ave= 4.299E-05 +/- 0.15 % S(l=1) ave= 3.788E-04 +/- 6.19 % S(l=2) ave= 0.000E+00 +/- 0.00 % S(l=3) ave= 0.000E+00 +/- 0.00 %  % || Fis(th) ave= 5.896E+02 b. +/- 4.49 %
 ... random file  5 Cap(th)  ave= 1.131E+02 b. +/- 13.94 % || Ela(th) ave= 8.782E+00 b. +/- 5.97 % || RIcap ave= 3.06E+01 b. +/- 7.19 % || Macs30 ave= 4.47E-02 b. +/- 0.00 % || Gn^0(l=0) ave= 1.677E-05 +/- 0.22 % Gn^0(l=1) ave= 2.138E-04 +/- 5.93 % Gn^0(l=2) ave= 0.000E+00 +/- 0.00 % Gn^0(l=3) ave= 0.000E+00 +/- 0.00 % || Gtotal(l=0) ave= 8.521E+00 +/- 3.95 % Gtotal(l=1) ave= 7.636E+00 +/- 4.53 % Gtotal(l=2) ave= 0.000E+00 +/- 0.00 % Gtotal(l=3) ave= 0.000E+00 +/- 0.00 %  % || Gg(l=0) ave= 2.159E-01 +/- 5.13 % Gg(l=1) ave= 2.116E-01 +/- 3.18 % Gg(l=2) ave= 0.000E+00 +/- 0.00 % Gg(l=3) ave= 0.000E+00 +/- 0.00 %  % || D(l=0) ave= 1.980E-01 +/- 0.38 % D(l=1) ave= 1.296E-01 +/- 0.00 % D(l=2) ave= 0.000E+00 +/- 0.00 % D(l=3) ave= 0.000E+00 +/- 0.00 %  % || S(l=0) ave= 4.301E-05 +/- 0.16 % S(l=1) ave= 3.821E-04 +/- 5.93 % S(l=2) ave= 0.000E+00 +/- 0.00 % S(l=3) ave= 0.000E+00 +/- 0.00 %  % || Fis(th) ave= 5.949E+02 b. +/- 4.52 %
 ... random file  6 Cap(th)  ave= 1.139E+02 b. +/- 12.93 % || Ela(th) ave= 8.934E+00 b. +/- 6.85 % || RIcap ave= 3.10E+01 b. +/- 7.53 % || Macs30 ave= 4.47E-02 b. +/- 0.00 % || Gn^0(l=0) ave= 1.678E-05 +/- 0.25 % Gn^0(l=1) ave= 2.104E-04 +/- 6.83 % Gn^0(l=2) ave= 0.000E+00 +/- 0.00 % Gn^0(l=3) ave= 0.000E+00 +/- 0.00 % || Gtotal(l=0) ave= 8.524E+00 +/- 3.65 % Gtotal(l=1) ave= 7.752E+00 +/- 5.53 % Gtotal(l=2) ave= 0.000E+00 +/- 0.00 % Gtotal(l=3) ave= 0.000E+00 +/- 0.00 %  % || Gg(l=0) ave= 2.142E-01 +/- 5.15 % Gg(l=1) ave= 2.099E-01 +/- 3.57 % Gg(l=2) ave= 0.000E+00 +/- 0.00 % Gg(l=3) ave= 0.000E+00 +/- 0.00 %  % || D(l=0) ave= 1.981E-01 +/- 0.39 % D(l=1) ave= 1.296E-01 +/- 0.00 % D(l=2) ave= 0.000E+00 +/- 0.00 % D(l=3) ave= 0.000E+00 +/- 0.00 %  % || S(l=0) ave= 4.300E-05 +/- 0.15 % S(l=1) ave= 3.761E-04 +/- 6.83 % S(l=2) ave= 0.000E+00 +/- 0.00 % S(l=3) ave= 0.000E+00 +/- 0.00 %  % || Fis(th) ave= 6.023E+02 b. +/- 5.13 %
 ... Histogram plot for thermal (n,g)
 ... Write covariances  ... MT1  ... plot correlations
 ... MT2  ... MT18  ... MT102 


 ================================================
 ============== From 6 random values === start ======
 Thermal (n,tot) xs  0 K =  725.193 b. +/- 30.7519 b. ( 4.24051 %) skew= +0.37 +/- 0.79
 Thermal (n,el) xs   0 K =  8.93411 b. +/- 0.612381 b. ( 6.85441 %) skew= +0.15 +/- 0.79
 Thermal (n,f) xs    0 K = 602.341 b. +/- 30.8842 b. ( 5.12737 %) skew= -0.22 +/- 0.79
 Thermal (n,g) xs    0 K =  113.918 b. +/- 14.7251 b. ( 12.926 %) skew= -1.27 +/- 0.79
 RI      (n,g)       0 K =  31.0449 b. +/- 2.33742 b. ( 7.52914 %) 
 MACS    (n,g)       0 K (at Emacs= 30000 eV) =  0.044723 b. +/- 0 b. ( 0 %) 
 Ave. Gtotal  L=0        =  8.524E+00 +/- 3.65 %
 Ave. Gn^(0)  L=0        =  1.678E-05 +/- 0.25 %
 Ave. Gg      L=0        =  2.142E-01 +/- 5.15 %
 Ave. D       L=0        =  1.981E-01 +/- 0.39 %
 Ave. S       L=0        =  4.300E-05 +/- 0.15 %
 Ave. Gtotal  L=1        =  7.752E+00 +/- 5.53 %
 Ave. Gg      L=1        =  2.099E-01 +/- 3.57 %
 Ave. D       L=1        =  1.296E-01 +/- 0.00 %
 Ave. S       L=1        =  3.761E-04 +/- 6.83 %

 Expected Thermal (n,g) (syst or meas)= 133.417 b. +/- 93.3918 b. nominal: 109.38 b.
 ratio Calculated/expected thermal (n,g): 0.85 ratio DCalculated/Dexpected: 0.16 ratio Calculated/Nominal: 1.04
 ============== From 6 random values ===== stop ======
 ================================================
 ... Calculation of (n,a) and (n,p) cross sections at 300 K
 ... thermal (n,a) cross section is 1.15297e-15 +/- 5.76484e-16 b.
 ... thermal (n,a) cross section is 8.78163e-16 b. (random case 1)
 ... thermal (n,a) cross section is 5.55694e-16 b. (random case 2)
 ... thermal (n,a) cross section is 1.22376e-15 b. (random case 3)
 ... thermal (n,a) cross section is 1.48011e-15 b. (random case 4)
 ... thermal (n,a) cross section is 1.18864e-15 b. (random case 5)
 ... thermal (n,a) cross section is 1.9822e-15 b. (random case 6)
 ... thermal (n,p) cross section is 1.15297e-15 +/- 5.76484e-16 b.
 ... thermal (n,p) cross section is 1.06262e-15 b. (random case 1)
 ... thermal (n,p) cross section is 8.99402e-16 b. (random case 2)
 ... thermal (n,p) cross section is 1.3611e-15 b. (random case 3)
 ... thermal (n,p) cross section is 1.96634e-15 b. (random case 4)
 ... thermal (n,p) cross section is 9.07447e-16 b. (random case 5)
 ... thermal (n,p) cross section is 2.60585e-15 b. (random case 6)
 ... Rewrite index for MF2
 ... Write text for MF1 in file mf1.tares.txt
 ... plotting cross sections for the MF1
 ... order output files

 ............................................................ 
 ...                                                      ... 
 ... MF2 format selection for the final file: n-Bh270.mf2.mlbw
 ... MF2 format : mlbw
 ... cross section values for the final mf2 file: START   ... 
 ... Import MF2 from TARES calculations
 ... End energy of TARES MF2 : 2.487710E+1 eV and limit to 40000 resonances
 ... File used for reconstruction: n-Bh270.mf2.reconst
 ... run RECENT ...
 ... Doppler broadened at a unique temperature: 0 Kelvin using sigma1
 ... The keyword temperature is zero, no Doppler broadening for the MACS

 ============== INTER values at 0 Kelvin ==============
 Thermal (n,g) xs =  109.38 b. (meas/sys: 133.417 b.) (warning: comparison to be done at 296 or 300 K)
 Th Maxw (n,g) xs =  104.88 b. (thermal Maxwellian value)
 Westcott factor  =  0.95882
 RI      (n,g)    =  29.3667 b. (meas or sys: - b.)
 MACS 3.000e+04 eV=  0.044723 b. (meas or sys: - b.) from 1.00E+00 to 2.49E+01 eV (end of RRR) at T= 0 Kelvin 
 Thermal (n,el) xs=  8.88799 b.
 RI      (n,el)   =  34.4014 b.
 Thermal (n,f) xs =  572.972 b. (meas/sys: 6105.51 +/- 4884.41 b.)
 RI      (n,f) xs =  226.465 b. 
 ============= PSYCHE values ==============
 Ave. G_total L0  =  8.60391 eV
 Ave. G_total L1  =  7.8647 eV
 Ave. Gn_0    L0  =  1.67738e-05
 Ave. Gn_0    L1  =  0.000210562
 Ave. Gg      L0  =  0.21284 eV
 Ave. Gg      L1  =  0.211653 eV
 Ave. D       L0  =  0.197437 eV
 Ave. D       L1  =  0.129568 eV
 Ave. S       L0  =  4.31085e-05 eV
 Ave. S       L1  =  0.000376339 eV
 =========================================
 ... cross section values for the final mf2 file: END     ... 
 ...                                                      ... 
 ............................................................ 


================== summary ==================
 Thermal (n,tot) xs = 691.24 b. 
 Thermal (n,el)  xs = 8.88799 b. 
 Thermal (n,g)   xs = 109.38 b. (meas/sys: 133.417 b.)
 Thermal (n,f)   xs = 572.972 b. (meas/sys: 6105.51 +/- 4884.41 b.)
 At 300 K (thermal adjustment): (n,el) = 8.90483 b., (n,g) = 109.383 b., (n,f) = 573.23 b.

 RI      (n,g)      = 29.3667 b. (meas or sys: - b.)
 RI      (n,el)     = 34.4014 b.
 RI      (n,f)      = 226.465 b. 
=============================================


 ... cleaning
                                                 
  -------------------------------------------------------------
  -                                                           -
  - TARES: successful end of run with data from hypothetical  -
  - resonances for Z= 107, A= 270 and isomer= 0               -
  - half-life: 3.800000 min. 
  -                                                           -
  -------------------------------------------------------------

   Running time:       24 seconds

 End time: Fri Oct  9 13:16:11 2026

