
  -------------------------------------------------------------
  -                                                           -
  -              Welcome to TARES version 1.8                 -
  -                                                           -
  -  (C) Copyright 2007-2025 D. Rochman, All Rights Reserved  -
  -           NRG, Petten, the Netherlands 2007-2014          -
  -           PSI, Villigen    Switzerland 2015-2025          -
  -         Nagra, Wettingen   Switzerland 2025-              -
  -           (Last Modified October 06, 2026)                -
  -           (Database from October 06, 2026)                -
  -                                                           -
  -------------------------------------------------------------


  ---------------------------------------------
   Compilation information:
   Compiled on:         Oct  8 2026, 18:36:06
   Compiled by:         koning
   Compiler version:    clang++ - 21.0.0
   Source location:     /Users/koning/tares-1.8/source/Module/
   Binaries location:   /Users/koning/bin
   System:              Darwin 25.6.0
   System version:      Darwin Kernel Version 25.6.0: Fri Jul 31 19:19:08 PDT 2026; root:xnu-12377.161.14~5/RELEASE_ARM64_T6050  
   Machine:             arm64 
  ---------------------------------------------

   User information:
   User name:           koning
   Running directory:   /Users/koning/tendl/resbase/Gd157/work
   Owner mode for running directory : rwx
   Group mode for running directory : r-x
  ---------------------------------------------


 Starting time: Fri Oct  9 12:44:14 2026
 ... inputs directory found (/Users/koning/tares-1.8/source/Module//../../inputs/).
 ... It will be used for resonance parameters 
 ... ###############################################
 ... #     read the input file tares.inp
 ... ###############################################
 ... line: #
 ... line: # Input file generated by Autorochman
          --> line not read
 ... line: #
 ... line: isotope    Gd
          --> Isotope name: Gd
 ... line: mass       157
          --> isotopic mass: 157
 ... line: output     n-Gd157
         ---> Name of the output files: n-Gd157
 ... line: isomer     0
          --> isomeric state: 0
 ... line: mf32mf33   y
          --> MF33 based on MF32: y
 ... line: nbrRandom  40
          --> Nbr of random files: 40
 ... ###############################################
 ... # end read the input file tares.inp
 ... ###############################################
Value for random generator type not considered in since Tares 1.7 due to compilation issues

 ... ###############################################
     #   Interpretation of the Input definition    #
     ###############################################

 ... Default energy limit: End of resonance region
 ... Nuclear charge    = 64
 ... Element           = Gd
 ... Mass              = 157
 ... Isomer            = 0
 ... Correlation for (Gn,Gg) not included in random files
 ... Default random option: No random
 ... Output name: n-Gd157
 ... Energy for the MACS: 30000 eV
 ... Resonances from CALENDF reduced (reduce=y) 
 ... For URR, level density model from TALYS selected: 91n3n12611.2850 (see manual for description)
 ... Random Generator: default (pseudo random numbers from ansi c++)
 ... Reconstruction of cross section selected
 ... Doppler broadening at 0 Kelvin
 ... Default formalism: Multi Level Breit Wigner (from file best.tendl.yes)
 ... URR not included (from the input file flag)
 ... Weight for grouping is flat
 ... Calculation of (n,alpha) cross section selected
 ... Number of digit for MF32c covariance representation: 2
 ... MF32 included
 ... MF33 will be used for covariance processing
 ... TENDL option set to yes (automatic choice of MF2 and format)
 ... default option: Multi level Breit Wigner approximation selected
 ... (check file best.tendl.yes for changing this option)
 ... Retroactive option set to no with the 2025 option
 ... ladder option set to no (CALENDF will not be used for statistical resonances)

 ... ###############################################
     #           End of Input definition           #
     ###############################################

 ... gnuplot found, will be used for plotting
 ... latex found, will be used for plotting
 ... dvips found, will be used for plotting
 ... ps2epsi not found, limited plotting available
 ... uncertainties on default parameters multiplied by 1.36297
 ... Read resonance data from the 2025 directory
 ... Resonance parameters taken from /Users/koning/tares-1.8/source/Module//../../inputs/2025/Resonance/default/
 ---> Processing Z= 64 and A= 157 and isomer= 0 (level number: 0)
Thermal file; Could not open file /Users/koning/tares-1.8/source/Module//../../inputs/2025/runThermal/results//thermal.mxw.ng.cendl3.1
Thermal file; Could not open file /Users/koning/tares-1.8/source/Module//../../inputs/2025/runThermal/results//thermal.mxw.ng.brond3.1
Thermal file; Could not open file /Users/koning/tares-1.8/source/Module//../../inputs/2025/runThermal/results//thermal.xs.ng.unc.cendl3.1
 ... spin taken from the final/ directory (1)

 ... ###############################################
 ... #  Nucleus global parameters (2025 database)  #
 ... ###############################################
 ... Scattering radius from TALYS: /Users/koning/tares-1.8/source/Module//../../inputs/2025/lib.urr/talys.urr/
 0. Spin of the target isotope: 1.5
 1. Relative Atomic Mass of the target isotope: 156.923
 2. Isotopic composition of the target isotope: 15.65 %
 3. Scattering radius (local compilation): 7.16112 fm +/- 0.107417 fm
 4. Thermal (n,a) cross section from experiments (local compilation): 0.0005 b.
 5. Experimental thermal (n,a) (Mughabghab): 0.0005 b.
      .......................................
      ... Thermal capture cross sections: ...
 6. Thermal (sigma0) (n,g) cross section from experiments (local compilation): 254000 +/- 815 b.
 7. Thermal (n,g) cross section from compilation (Firestone-2022 average on element Gd): 33200 +/- 1300 b.
 8. Thermal (n,g) cross section from compilation (Firestone-2022 final on element Gd): 71500 +/- 1600 b.
 9. Thermal (n,g) cross section from compilation (Firestone-2022 isotopic): 196000 +/- 3000 b.
 10. Thermal (n,g) cross section from compilation (Mughabghab-2006): 254000 +/- 815 b.
 11. Thermal (n,g) cross section from compilation (Mughabghab-2018): 254000 +/- 815 b.
 12. Thermal (n,g) cross section from compilation (Sukhoruchkin-2009): 254000 +/- 815 b.
 13. Thermal (n,g) cross section from compilation (Sukhoruchkin-2015): 254000 +/- 815 b.
 14. Thermal (n,g) cross section from EAF-2010: 253370 b.
 15. Thermal (n,g) cross section from compilation (CRP-2007): 210000 +/- 5000 b.
 16. Thermal (n,g) cross section from ENDF/B-VI.8: 254000 b.
 17. Thermal (n,g) cross section from ENDF/B-VIII.1: 252900 +/- 10540 b.
 18. Thermal (n,g) cross section from ENDF/B-VIII.0: 253600 +/- 10540 b.
 19. Thermal (n,g) cross section from JEF2.2: 253900 b.
 20. Thermal (n,g) cross section from TENDL-2023: 180600 +/- 5110 b.
 21. Thermal (n,g) cross section from CENDL3.3: 253600 b.
 22. Thermal (n,g) cross section from JEFF-3.3: 253900 b.
 23. Thermal (n,g) cross section from JEFF-4.0: 254600 +/- 0.03769 b.
 24. Thermal (n,g) cross section from JENDL-5.0: 253800 b.
      .......................................
      ...  Thermal total cross sections:  ...
 25. Thermal (n,tot) cross section from recommendations (resonancetables): 255920 +/- 4668 b.
 26. Thermal (n,tot) cross section from JENDL-5.0 (resonancetables): 254628 b.
 27. Thermal (n,tot) cross section from ENDF/B-VIII.1 (resonancetables): 253891 b.
 28. Thermal (n,tot) cross section from JEFF-4.0 (resonancetables): 255589 b.
 29. Thermal (n,tot) cross section from TENDL-2025 (resonancetables): 254563 b.
 30. Thermal (n,tot) cross section from CENDL-3.2 (resonancetables): 254643 b.
      .......................................
      ... Thermal elastic cross sections: ...
 31. Thermal (n,el) cross section from compilation (Mughabghab): 1006 +/- 100 b.
 32. Thermal (n,el) cross section from ENDF/B-VIII.1: 1002 b.
 33. Thermal (n,el) cross section from ENDF/B-VIII.0: 1002 +/- 10540 b.
 34. Thermal (n,el) cross section from ENDF/B-VI.8: 1009 b.
 35. Thermal (n,el) cross section from JENDL-5.0: 1017 b.
 36. Thermal (n,el) cross section from JEFF-3.3: 1760 b.
 37. Thermal (n,el) cross section from experiments (local compilation): 1006 +/- 100 b.
      .......................................
             ... Resonance integral: ...
 38. Experimental capture integral (local compilation): 754 +/- 20 b.
 39. Experimental capture integral (Sukhoruchkin): 759 +/- 20 b.
   ---- MACS 30 keV ----- 
 40. TALYS MACS 30 keV (HF): 1.0695 b. 
 41. Recommended MACS 30 keV from EAF: 1.36 b. 
 42. Recommended MACS 30 keV (local compilation): 1.355 +/- 0.039 b. 
 43. Recommended MACS 30 keV from Kadonis: 1.369 +/- 0.015 b. 
 44. Recommended MACS (Sukhoruchkin): 1.4 +/- 0.13 b.
 45. Recommended MACS (Mughabghab): 1.355 +/- 0.039 b.
   ---------- S0 -------- 
 46. S0 from TALYS: 1.05074
 47. Experimental S0: 2.2 +/- 0.2
 48. Atlas S0: 2.2 +/- 0.2
   ---------- S1 -------- 
 49. S1 from TALYS: 3.13142
 50. Experimental S1: 2.2 +/- 0.7
 51. Atlas S1: 2.2 +/- 0.7
   ---------- S2 -------- 
 52. S2 from TALYS: 1.09682
   ---------- D0 -------- 
 53. D0 from TALYS: 4.89991 eV
 54. Experimental D0: 4.47 +/- 0.33 eV
 55. Atlas D0: 4.65 +/- 0.3
   ---------- D1 -------- 
 56. D1 from TALYS: 2.54117 eV
   ---------- D2 -------- 
 57. D2 from TALYS: 1.71711 eV
   ---------- G0 -------- 
 58. Experimental average Gg0: 0.099 +/- 0.006 eV
 59. Gg0 from TALYS: 0.0732413 eV
   ---------- G1 -------- 
 60. Gg1 from TALYS: 0.0724108 eV
   ---------- G2 -------- 
 61. Gg2 from TALYS: 0.0709177 eV


   ---------------------- 
 ... Read resonance parameters (format: 2: Multi Level Breit Wigner)
 ... 155 resonances found 
 --> 62. Number of resonances from the input file: 155 up to 988.7 eV
 63. Read nuclear quantities (mass, MAT...)
 64. Read thermal (n,g) xs 
 65. Read the scattering radius 
 66. Read uncertainty on Gg for 155 resonances
 67. Read uncertainty on Gg for 155 resonances ... done
 ... order resonances 
 ... Upper limit for the RRR: 989 eV (no statistical resonances HFR) from the limit.RRR file
 ... Write parameters for l=0 waves
 ... Write parameters for l=1 waves
 ... End writing original MF2 
 ... Enter in to_MLBW_mf2 function
 ... Convert to Multi Level Breit Wigner (MLBW)
 ... Gn-Gg correlations: calculated capture kernel used for 155 evaluated resonances (no measured kernel)
 ... Write parameter covariances (MF32) for l=0
 Write parameter covariances (MF32) for l=1
 ... MF32: 37 energy correlation lines (time of flight) for the first 10 evaluated resonances
 ... Convert parameter covariances (MF32) to MLBW
 ... copy the mf2 and mf32 to .mlbw files
 ... Ladder option set to no --> no use of calendf_xs
 ... no thermal/RI adjustment (ladder option set to no): no GLS calculation of parameter correlations
 ... copy the mf2 and mf32 to .mlbw files

 ... Start of final reconstruction and testing ...
 ... Reconstruction of cross sections at 0 Kelvin  ... Import MF2 from TARES calculations
 ... End energy of TARES MF2 : 9.890000E+2 eV and limit to 40000 resonances
 ... File used for reconstruction: n-Gd157.reconst
 ... run RECENT ...
 ... Doppler broadened at a unique temperature: 0 Kelvin using sigma1
 ... The keyword temperature is zero, no Doppler broadening for the MACS

 ============== INTER values at 0 Kelvin ==============
 Thermal (n,g) xs =  253993 b. (meas/sys: 254000 b.) (warning: comparison to be done at 296 or 300 K)
 Th Maxw (n,g) xs =  216180 b. (thermal Maxwellian value)
 Westcott factor  =  0.85111
 RI      (n,g)    =  705.481 b. (meas or sys: 754 b.)
 MACS 3.000e+04 eV=  0.92889 b. (meas or sys: - b.) from 1.00E+00 to 2.00E+07 eV (end of RRR) at T= 0 Kelvin 
 Thermal (n,el) xs=  1004.89 b.
 RI      (n,el)   =  182.223 b.
 ============= PSYCHE values ==============
 Ave. G_total L0  =  0.205312 eV
 Ave. G_total L1  =  0.16985 eV
 Ave. Gn_0    L0  =  0.00428298
 Ave. Gn_0    L1  =  3.52534
 Ave. Gg      L0  =  0.10537 eV
 Ave. Gg      L1  =  0.105161 eV
 Ave. D       L0  =  11.1124 eV
 Ave. D       L1  =  15.4531 eV
 Ave. S       L0  =  0.000202815 eV
 Ave. S       L1  =  0.0418572 eV
 =========================================
 ... End of final reconstruction and testing ...

 ... grouping is not optimum, change to 70 groups
 ... Produce MF33 based on MF32 and 40 random files
 ... MF3 of n-Gd157.reconst (3 sections) added to the files for ENDSAM
 ... run endsam for 40 in groups of 1 global run
 ... run endsam from 1 to 40
 ... random files: total width GT set to Gn+Gg+Gf (6200 resonances in 40 files)
 ... preparing the vectors  ... done
 ... nominal file 0 Cap(th)  ave= 2.540E+05 b. +/- 0.00 % || Ela(th) ave= 1.005E+03 b. +/- 0.00 % || RIcap ave= 7.05E+02 b. +/- 0.00 % || Macs30 ave= 9.29E-01 b. +/- 0.00 % || Gn^0(l=0) ave= 4.283E-03 +/- 0.00 % Gn^0(l=1) ave= 3.525E+00 +/- 0.00 % Gn^0(l=2) ave= 0.000E+00 +/- 0.00 % Gn^0(l=3) ave= 0.000E+00 +/- 0.00 % || Gtotal(l=0) ave= 2.053E-01 +/- 0.00 % Gtotal(l=1) ave= 1.699E-01 +/- 0.00 % Gtotal(l=2) ave= 0.000E+00 +/- 0.00 % Gtotal(l=3) ave= 0.000E+00 +/- 0.00 %  % || Gg(l=0) ave= 1.054E-01 +/- 0.00 % Gg(l=1) ave= 1.052E-01 +/- 0.00 % Gg(l=2) ave= 0.000E+00 +/- 0.00 % Gg(l=3) ave= 0.000E+00 +/- 0.00 %  % || D(l=0) ave= 1.111E+01 +/- 0.00 % D(l=1) ave= 1.545E+01 +/- 0.00 % D(l=2) ave= 0.000E+00 +/- 0.00 % D(l=3) ave= 0.000E+00 +/- 0.00 %  % || S(l=0) ave= 2.028E-04 +/- 0.00 % S(l=1) ave= 4.186E-02 +/- 0.00 % S(l=2) ave= 0.000E+00 +/- 0.00 % S(l=3) ave= 0.000E+00 +/- 0.00 % 
 ... random file  1 Cap(th)  ave= 2.572E+05 b. +/- 1.26 % || Ela(th) ave= 1.031E+03 b. +/- 2.51 % || RIcap ave= 7.05E+02 b. +/- 0.10 % || Macs30 ave= 9.29E-01 b. +/- 0.01 % || Gn^0(l=0) ave= 4.281E-03 +/- 0.06 % Gn^0(l=1) ave= 3.343E+00 +/- 5.44 % Gn^0(l=2) ave= 0.000E+00 +/- 0.00 % Gn^0(l=3) ave= 0.000E+00 +/- 0.00 % || Gtotal(l=0) ave= 2.060E-01 +/- 0.33 % Gtotal(l=1) ave= 1.694E-01 +/- 0.27 % Gtotal(l=2) ave= 0.000E+00 +/- 0.00 % Gtotal(l=3) ave= 0.000E+00 +/- 0.00 %  % || Gg(l=0) ave= 1.060E-01 +/- 0.60 % Gg(l=1) ave= 1.052E-01 +/- 0.01 % Gg(l=2) ave= 0.000E+00 +/- 0.00 % Gg(l=3) ave= 0.000E+00 +/- 0.00 %  % || D(l=0) ave= 1.111E+01 +/- 0.00 % D(l=1) ave= 1.545E+01 +/- 0.00 % D(l=2) ave= 0.000E+00 +/- 0.00 % D(l=3) ave= 0.000E+00 +/- 0.00 %  % || S(l=0) ave= 2.025E-04 +/- 0.15 % S(l=1) ave= 3.975E-02 +/- 5.31 % S(l=2) ave= 0.000E+00 +/- 0.00 % S(l=3) ave= 0.000E+00 +/- 0.00 % 
 ... random file  2 Cap(th)  ave= 2.524E+05 b. +/- 2.90 % || Ela(th) ave= 9.929E+02 b. +/- 5.79 % || RIcap ave= 7.03E+02 b. +/- 0.39 % || Macs30 ave= 9.29E-01 b. +/- 0.01 % || Gn^0(l=0) ave= 4.297E-03 +/- 0.55 % Gn^0(l=1) ave= 3.452E+00 +/- 6.19 % Gn^0(l=2) ave= 0.000E+00 +/- 0.00 % Gn^0(l=3) ave= 0.000E+00 +/- 0.00 % || Gtotal(l=0) ave= 2.062E-01 +/- 0.29 % Gtotal(l=1) ave= 1.695E-01 +/- 0.25 % Gtotal(l=2) ave= 0.000E+00 +/- 0.00 % Gtotal(l=3) ave= 0.000E+00 +/- 0.00 %  % || Gg(l=0) ave= 1.056E-01 +/- 0.73 % Gg(l=1) ave= 1.056E-01 +/- 0.59 % Gg(l=2) ave= 0.000E+00 +/- 0.00 % Gg(l=3) ave= 0.000E+00 +/- 0.00 %  % || D(l=0) ave= 1.111E+01 +/- 0.00 % D(l=1) ave= 1.545E+01 +/- 0.00 % D(l=2) ave= 0.000E+00 +/- 0.00 % D(l=3) ave= 0.000E+00 +/- 0.00 %  % || S(l=0) ave= 2.029E-04 +/- 0.29 % S(l=1) ave= 4.085E-02 +/- 5.68 % S(l=2) ave= 0.000E+00 +/- 0.00 % S(l=3) ave= 0.000E+00 +/- 0.00 % 
 ... random file  3 Cap(th)  ave= 2.547E+05 b. +/- 2.94 % || Ela(th) ave= 1.012E+03 b. +/- 5.88 % || RIcap ave= 7.04E+02 b. +/- 0.39 % || Macs30 ave= 9.29E-01 b. +/- 0.01 % || Gn^0(l=0) ave= 4.291E-03 +/- 0.54 % Gn^0(l=1) ave= 3.502E+00 +/- 5.84 % Gn^0(l=2) ave= 0.000E+00 +/- 0.00 % Gn^0(l=3) ave= 0.000E+00 +/- 0.00 % || Gtotal(l=0) ave= 2.060E-01 +/- 0.27 % Gtotal(l=1) ave= 1.696E-01 +/- 0.23 % Gtotal(l=2) ave= 0.000E+00 +/- 0.00 % Gtotal(l=3) ave= 0.000E+00 +/- 0.00 %  % || Gg(l=0) ave= 1.057E-01 +/- 0.64 % Gg(l=1) ave= 1.053E-01 +/- 0.77 % Gg(l=2) ave= 0.000E+00 +/- 0.00 % Gg(l=3) ave= 0.000E+00 +/- 0.00 %  % || D(l=0) ave= 1.111E+01 +/- 0.00 % D(l=1) ave= 1.545E+01 +/- 0.00 % D(l=2) ave= 0.000E+00 +/- 0.00 % D(l=3) ave= 0.000E+00 +/- 0.00 %  % || S(l=0) ave= 2.026E-04 +/- 0.36 % S(l=1) ave= 4.149E-02 +/- 5.54 % S(l=2) ave= 0.000E+00 +/- 0.00 % S(l=3) ave= 0.000E+00 +/- 0.00 % 
 ... random file  4 Cap(th)  ave= 2.534E+05 b. +/- 2.84 % || Ela(th) ave= 1.001E+03 b. +/- 5.72 % || RIcap ave= 7.03E+02 b. +/- 0.47 % || Macs30 ave= 9.29E-01 b. +/- 0.01 % || Gn^0(l=0) ave= 4.296E-03 +/- 0.54 % Gn^0(l=1) ave= 3.527E+00 +/- 5.38 % Gn^0(l=2) ave= 0.000E+00 +/- 0.00 % Gn^0(l=3) ave= 0.000E+00 +/- 0.00 % || Gtotal(l=0) ave= 2.060E-01 +/- 0.24 % Gtotal(l=1) ave= 1.693E-01 +/- 0.38 % Gtotal(l=2) ave= 0.000E+00 +/- 0.00 % Gtotal(l=3) ave= 0.000E+00 +/- 0.00 %  % || Gg(l=0) ave= 1.056E-01 +/- 0.64 % Gg(l=1) ave= 1.053E-01 +/- 0.69 % Gg(l=2) ave= 0.000E+00 +/- 0.00 % Gg(l=3) ave= 0.000E+00 +/- 0.00 %  % || D(l=0) ave= 1.111E+01 +/- 0.00 % D(l=1) ave= 1.545E+01 +/- 0.00 % D(l=2) ave= 0.000E+00 +/- 0.00 % D(l=3) ave= 0.000E+00 +/- 0.00 %  % || S(l=0) ave= 2.028E-04 +/- 0.38 % S(l=1) ave= 4.181E-02 +/- 5.15 % S(l=2) ave= 0.000E+00 +/- 0.00 % S(l=3) ave= 0.000E+00 +/- 0.00 % 
 ... random file  5 Cap(th)  ave= 2.523E+05 b. +/- 2.80 % || Ela(th) ave= 9.918E+02 b. +/- 5.67 % || RIcap ave= 7.01E+02 b. +/- 0.73 % || Macs30 ave= 9.29E-01 b. +/- 0.01 % || Gn^0(l=0) ave= 4.283E-03 +/- 0.83 % Gn^0(l=1) ave= 3.564E+00 +/- 5.37 % Gn^0(l=2) ave= 0.000E+00 +/- 0.00 % Gn^0(l=3) ave= 0.000E+00 +/- 0.00 % || Gtotal(l=0) ave= 2.060E-01 +/- 0.22 % Gtotal(l=1) ave= 1.693E-01 +/- 0.36 % Gtotal(l=2) ave= 0.000E+00 +/- 0.00 % Gtotal(l=3) ave= 0.000E+00 +/- 0.00 %  % || Gg(l=0) ave= 1.058E-01 +/- 0.79 % Gg(l=1) ave= 1.053E-01 +/- 0.64 % Gg(l=2) ave= 0.000E+00 +/- 0.00 % Gg(l=3) ave= 0.000E+00 +/- 0.00 %  % || D(l=0) ave= 1.111E+01 +/- 0.00 % D(l=1) ave= 1.545E+01 +/- 0.00 % D(l=2) ave= 0.000E+00 +/- 0.00 % D(l=3) ave= 0.000E+00 +/- 0.00 %  % || S(l=0) ave= 2.023E-04 +/- 0.62 % S(l=1) ave= 4.233E-02 +/- 5.39 % S(l=2) ave= 0.000E+00 +/- 0.00 % S(l=3) ave= 0.000E+00 +/- 0.00 % 
 ... random file  6 Cap(th)  ave= 2.516E+05 b. +/- 2.69 % || Ela(th) ave= 9.864E+02 b. +/- 5.45 % || RIcap ave= 7.00E+02 b. +/- 0.74 % || Macs30 ave= 9.29E-01 b. +/- 0.01 % || Gn^0(l=0) ave= 4.293E-03 +/- 0.94 % Gn^0(l=1) ave= 3.628E+00 +/- 6.54 % Gn^0(l=2) ave= 0.000E+00 +/- 0.00 % Gn^0(l=3) ave= 0.000E+00 +/- 0.00 % || Gtotal(l=0) ave= 2.065E-01 +/- 0.56 % Gtotal(l=1) ave= 1.691E-01 +/- 0.42 % Gtotal(l=2) ave= 0.000E+00 +/- 0.00 % Gtotal(l=3) ave= 0.000E+00 +/- 0.00 %  % || Gg(l=0) ave= 1.061E-01 +/- 0.92 % Gg(l=1) ave= 1.054E-01 +/- 0.67 % Gg(l=2) ave= 0.000E+00 +/- 0.00 % Gg(l=3) ave= 0.000E+00 +/- 0.00 %  % || D(l=0) ave= 1.111E+01 +/- 0.00 % D(l=1) ave= 1.545E+01 +/- 0.00 % D(l=2) ave= 0.000E+00 +/- 0.00 % D(l=3) ave= 0.000E+00 +/- 0.00 %  % || S(l=0) ave= 2.029E-04 +/- 0.87 % S(l=1) ave= 4.311E-02 +/- 6.61 % S(l=2) ave= 0.000E+00 +/- 0.00 % S(l=3) ave= 0.000E+00 +/- 0.00 % 
 ... random file  7 Cap(th)  ave= 2.523E+05 b. +/- 2.62 % || Ela(th) ave= 9.921E+02 b. +/- 5.29 % || RIcap ave= 6.99E+02 b. +/- 0.75 % || Macs30 ave= 9.29E-01 b. +/- 0.01 % || Gn^0(l=0) ave= 4.273E-03 +/- 1.52 % Gn^0(l=1) ave= 3.631E+00 +/- 6.12 % Gn^0(l=2) ave= 0.000E+00 +/- 0.00 % Gn^0(l=3) ave= 0.000E+00 +/- 0.00 % || Gtotal(l=0) ave= 2.057E-01 +/- 1.12 % Gtotal(l=1) ave= 1.688E-01 +/- 0.56 % Gtotal(l=2) ave= 0.000E+00 +/- 0.00 % Gtotal(l=3) ave= 0.000E+00 +/- 0.00 %  % || Gg(l=0) ave= 1.059E-01 +/- 1.00 % Gg(l=1) ave= 1.053E-01 +/- 0.65 % Gg(l=2) ave= 0.000E+00 +/- 0.00 % Gg(l=3) ave= 0.000E+00 +/- 0.00 %  % || D(l=0) ave= 1.111E+01 +/- 0.00 % D(l=1) ave= 1.545E+01 +/- 0.00 % D(l=2) ave= 0.000E+00 +/- 0.00 % D(l=3) ave= 0.000E+00 +/- 0.00 %  % || S(l=0) ave= 2.020E-04 +/- 1.39 % S(l=1) ave= 4.313E-02 +/- 6.18 % S(l=2) ave= 0.000E+00 +/- 0.00 % S(l=3) ave= 0.000E+00 +/- 0.00 % 
 ... random file  8 Cap(th)  ave= 2.527E+05 b. +/- 2.52 % || Ela(th) ave= 9.956E+02 b. +/- 5.07 % || RIcap ave= 7.00E+02 b. +/- 0.77 % || Macs30 ave= 9.29E-01 b. +/- 0.01 % || Gn^0(l=0) ave= 4.275E-03 +/- 1.44 % Gn^0(l=1) ave= 3.580E+00 +/- 7.10 % Gn^0(l=2) ave= 0.000E+00 +/- 0.00 % Gn^0(l=3) ave= 0.000E+00 +/- 0.00 % || Gtotal(l=0) ave= 2.055E-01 +/- 1.10 % Gtotal(l=1) ave= 1.690E-01 +/- 0.63 % Gtotal(l=2) ave= 0.000E+00 +/- 0.00 % Gtotal(l=3) ave= 0.000E+00 +/- 0.00 %  % || Gg(l=0) ave= 1.056E-01 +/- 1.14 % Gg(l=1) ave= 1.053E-01 +/- 0.62 % Gg(l=2) ave= 0.000E+00 +/- 0.00 % Gg(l=3) ave= 0.000E+00 +/- 0.00 %  % || D(l=0) ave= 1.111E+01 +/- 0.00 % D(l=1) ave= 1.545E+01 +/- 0.00 % D(l=2) ave= 0.000E+00 +/- 0.00 % D(l=3) ave= 0.000E+00 +/- 0.00 %  % || S(l=0) ave= 2.022E-04 +/- 1.33 % S(l=1) ave= 4.252E-02 +/- 7.19 % S(l=2) ave= 0.000E+00 +/- 0.00 % S(l=3) ave= 0.000E+00 +/- 0.00 % 
 ... random file  9 Cap(th)  ave= 2.530E+05 b. +/- 2.41 % || Ela(th) ave= 9.981E+02 b. +/- 4.86 % || RIcap ave= 7.00E+02 b. +/- 0.74 % || Macs30 ave= 9.29E-01 b. +/- 0.01 % || Gn^0(l=0) ave= 4.274E-03 +/- 1.37 % Gn^0(l=1) ave= 3.590E+00 +/- 6.76 % Gn^0(l=2) ave= 0.000E+00 +/- 0.00 % Gn^0(l=3) ave= 0.000E+00 +/- 0.00 % || Gtotal(l=0) ave= 2.055E-01 +/- 1.04 % Gtotal(l=1) ave= 1.692E-01 +/- 0.68 % Gtotal(l=2) ave= 0.000E+00 +/- 0.00 % Gtotal(l=3) ave= 0.000E+00 +/- 0.00 %  % || Gg(l=0) ave= 1.057E-01 +/- 1.08 % Gg(l=1) ave= 1.053E-01 +/- 0.61 % Gg(l=2) ave= 0.000E+00 +/- 0.00 % Gg(l=3) ave= 0.000E+00 +/- 0.00 %  % || D(l=0) ave= 1.111E+01 +/- 0.00 % D(l=1) ave= 1.545E+01 +/- 0.00 % D(l=2) ave= 0.000E+00 +/- 0.00 % D(l=3) ave= 0.000E+00 +/- 0.00 %  % || S(l=0) ave= 2.022E-04 +/- 1.26 % S(l=1) ave= 4.263E-02 +/- 6.85 % S(l=2) ave= 0.000E+00 +/- 0.00 % S(l=3) ave= 0.000E+00 +/- 0.00 % 
 ... random file  10 Cap(th)  ave= 2.535E+05 b. +/- 2.37 % || Ela(th) ave= 1.002E+03 b. +/- 4.75 % || RIcap ave= 7.01E+02 b. +/- 0.81 % || Macs30 ave= 9.29E-01 b. +/- 0.01 % || Gn^0(l=0) ave= 4.269E-03 +/- 1.37 % Gn^0(l=1) ave= 3.605E+00 +/- 6.56 % Gn^0(l=2) ave= 0.000E+00 +/- 0.00 % Gn^0(l=3) ave= 0.000E+00 +/- 0.00 % || Gtotal(l=0) ave= 2.054E-01 +/- 1.00 % Gtotal(l=1) ave= 1.692E-01 +/- 0.65 % Gtotal(l=2) ave= 0.000E+00 +/- 0.00 % Gtotal(l=3) ave= 0.000E+00 +/- 0.00 %  % || Gg(l=0) ave= 1.057E-01 +/- 1.04 % Gg(l=1) ave= 1.053E-01 +/- 0.59 % Gg(l=2) ave= 0.000E+00 +/- 0.00 % Gg(l=3) ave= 0.000E+00 +/- 0.00 %  % || D(l=0) ave= 1.111E+01 +/- 0.00 % D(l=1) ave= 1.545E+01 +/- 0.00 % D(l=2) ave= 0.000E+00 +/- 0.00 % D(l=3) ave= 0.000E+00 +/- 0.00 %  % || S(l=0) ave= 2.019E-04 +/- 1.29 % S(l=1) ave= 4.285E-02 +/- 6.68 % S(l=2) ave= 0.000E+00 +/- 0.00 % S(l=3) ave= 0.000E+00 +/- 0.00 % 
 ... random file  11 Cap(th)  ave= 2.533E+05 b. +/- 2.29 % || Ela(th) ave= 1.000E+03 b. +/- 4.59 % || RIcap ave= 7.01E+02 b. +/- 0.77 % || Macs30 ave= 9.29E-01 b. +/- 0.01 % || Gn^0(l=0) ave= 4.272E-03 +/- 1.33 % Gn^0(l=1) ave= 3.574E+00 +/- 6.94 % Gn^0(l=2) ave= 0.000E+00 +/- 0.00 % Gn^0(l=3) ave= 0.000E+00 +/- 0.00 % || Gtotal(l=0) ave= 2.053E-01 +/- 0.97 % Gtotal(l=1) ave= 1.692E-01 +/- 0.63 % Gtotal(l=2) ave= 0.000E+00 +/- 0.00 % Gtotal(l=3) ave= 0.000E+00 +/- 0.00 %  % || Gg(l=0) ave= 1.056E-01 +/- 1.03 % Gg(l=1) ave= 1.054E-01 +/- 0.64 % Gg(l=2) ave= 0.000E+00 +/- 0.00 % Gg(l=3) ave= 0.000E+00 +/- 0.00 %  % || D(l=0) ave= 1.111E+01 +/- 0.00 % D(l=1) ave= 1.545E+01 +/- 0.00 % D(l=2) ave= 0.000E+00 +/- 0.00 % D(l=3) ave= 0.000E+00 +/- 0.00 %  % || S(l=0) ave= 2.021E-04 +/- 1.27 % S(l=1) ave= 4.248E-02 +/- 7.05 % S(l=2) ave= 0.000E+00 +/- 0.00 % S(l=3) ave= 0.000E+00 +/- 0.00 % 
 ... random file  12 Cap(th)  ave= 2.537E+05 b. +/- 2.25 % || Ela(th) ave= 1.003E+03 b. +/- 4.50 % || RIcap ave= 7.02E+02 b. +/- 0.78 % || Macs30 ave= 9.29E-01 b. +/- 0.01 % || Gn^0(l=0) ave= 4.267E-03 +/- 1.34 % Gn^0(l=1) ave= 3.595E+00 +/- 6.94 % Gn^0(l=2) ave= 0.000E+00 +/- 0.00 % Gn^0(l=3) ave= 0.000E+00 +/- 0.00 % || Gtotal(l=0) ave= 2.051E-01 +/- 1.00 % Gtotal(l=1) ave= 1.692E-01 +/- 0.62 % Gtotal(l=2) ave= 0.000E+00 +/- 0.00 % Gtotal(l=3) ave= 0.000E+00 +/- 0.00 %  % || Gg(l=0) ave= 1.055E-01 +/- 1.01 % Gg(l=1) ave= 1.054E-01 +/- 0.63 % Gg(l=2) ave= 0.000E+00 +/- 0.00 % Gg(l=3) ave= 0.000E+00 +/- 0.00 %  % || D(l=0) ave= 1.111E+01 +/- 0.00 % D(l=1) ave= 1.545E+01 +/- 0.00 % D(l=2) ave= 0.000E+00 +/- 0.00 % D(l=3) ave= 0.000E+00 +/- 0.00 %  % || S(l=0) ave= 2.017E-04 +/- 1.37 % S(l=1) ave= 4.271E-02 +/- 6.99 % S(l=2) ave= 0.000E+00 +/- 0.00 % S(l=3) ave= 0.000E+00 +/- 0.00 % 
 ... random file  13 Cap(th)  ave= 2.536E+05 b. +/- 2.17 % || Ela(th) ave= 1.002E+03 b. +/- 4.36 % || RIcap ave= 7.02E+02 b. +/- 0.76 % || Macs30 ave= 9.29E-01 b. +/- 0.01 % || Gn^0(l=0) ave= 4.269E-03 +/- 1.30 % Gn^0(l=1) ave= 3.560E+00 +/- 7.64 % Gn^0(l=2) ave= 0.000E+00 +/- 0.00 % Gn^0(l=3) ave= 0.000E+00 +/- 0.00 % || Gtotal(l=0) ave= 2.051E-01 +/- 0.97 % Gtotal(l=1) ave= 1.692E-01 +/- 0.62 % Gtotal(l=2) ave= 0.000E+00 +/- 0.00 % Gtotal(l=3) ave= 0.000E+00 +/- 0.00 %  % || Gg(l=0) ave= 1.055E-01 +/- 1.00 % Gg(l=1) ave= 1.053E-01 +/- 0.61 % Gg(l=2) ave= 0.000E+00 +/- 0.00 % Gg(l=3) ave= 0.000E+00 +/- 0.00 %  % || D(l=0) ave= 1.111E+01 +/- 0.00 % D(l=1) ave= 1.545E+01 +/- 0.00 % D(l=2) ave= 0.000E+00 +/- 0.00 % D(l=3) ave= 0.000E+00 +/- 0.00 %  % || S(l=0) ave= 2.019E-04 +/- 1.35 % S(l=1) ave= 4.231E-02 +/- 7.62 % S(l=2) ave= 0.000E+00 +/- 0.00 % S(l=3) ave= 0.000E+00 +/- 0.00 % 
 ... random file  14 Cap(th)  ave= 2.533E+05 b. +/- 2.14 % || Ela(th) ave= 9.999E+02 b. +/- 4.29 % || RIcap ave= 7.02E+02 b. +/- 0.74 % || Macs30 ave= 9.29E-01 b. +/- 0.01 % || Gn^0(l=0) ave= 4.272E-03 +/- 1.28 % Gn^0(l=1) ave= 3.536E+00 +/- 7.86 % Gn^0(l=2) ave= 0.000E+00 +/- 0.00 % Gn^0(l=3) ave= 0.000E+00 +/- 0.00 % || Gtotal(l=0) ave= 2.051E-01 +/- 0.94 % Gtotal(l=1) ave= 1.693E-01 +/- 0.61 % Gtotal(l=2) ave= 0.000E+00 +/- 0.00 % Gtotal(l=3) ave= 0.000E+00 +/- 0.00 %  % || Gg(l=0) ave= 1.054E-01 +/- 1.03 % Gg(l=1) ave= 1.055E-01 +/- 0.72 % Gg(l=2) ave= 0.000E+00 +/- 0.00 % Gg(l=3) ave= 0.000E+00 +/- 0.00 %  % || D(l=0) ave= 1.111E+01 +/- 0.00 % D(l=1) ave= 1.545E+01 +/- 0.00 % D(l=2) ave= 0.000E+00 +/- 0.00 % D(l=3) ave= 0.000E+00 +/- 0.00 %  % || S(l=0) ave= 2.021E-04 +/- 1.36 % S(l=1) ave= 4.202E-02 +/- 7.84 % S(l=2) ave= 0.000E+00 +/- 0.00 % S(l=3) ave= 0.000E+00 +/- 0.00 % 
 ... random file  15 Cap(th)  ave= 2.531E+05 b. +/- 2.10 % || Ela(th) ave= 9.982E+02 b. +/- 4.21 % || RIcap ave= 7.02E+02 b. +/- 0.71 % || Macs30 ave= 9.29E-01 b. +/- 0.01 % || Gn^0(l=0) ave= 4.277E-03 +/- 1.33 % Gn^0(l=1) ave= 3.530E+00 +/- 7.66 % Gn^0(l=2) ave= 0.000E+00 +/- 0.00 % Gn^0(l=3) ave= 0.000E+00 +/- 0.00 % || Gtotal(l=0) ave= 2.052E-01 +/- 0.96 % Gtotal(l=1) ave= 1.694E-01 +/- 0.63 % Gtotal(l=2) ave= 0.000E+00 +/- 0.00 % Gtotal(l=3) ave= 0.000E+00 +/- 0.00 %  % || Gg(l=0) ave= 1.054E-01 +/- 1.00 % Gg(l=1) ave= 1.055E-01 +/- 0.70 % Gg(l=2) ave= 0.000E+00 +/- 0.00 % Gg(l=3) ave= 0.000E+00 +/- 0.00 %  % || D(l=0) ave= 1.111E+01 +/- 0.00 % D(l=1) ave= 1.545E+01 +/- 0.00 % D(l=2) ave= 0.000E+00 +/- 0.00 % D(l=3) ave= 0.000E+00 +/- 0.00 %  % || S(l=0) ave= 2.023E-04 +/- 1.40 % S(l=1) ave= 4.195E-02 +/- 7.63 % S(l=2) ave= 0.000E+00 +/- 0.00 % S(l=3) ave= 0.000E+00 +/- 0.00 % 
 ... random file  16 Cap(th)  ave= 2.530E+05 b. +/- 2.04 % || Ela(th) ave= 9.976E+02 b. +/- 4.09 % || RIcap ave= 7.02E+02 b. +/- 0.69 % || Macs30 ave= 9.29E-01 b. +/- 0.01 % || Gn^0(l=0) ave= 4.277E-03 +/- 1.29 % Gn^0(l=1) ave= 3.511E+00 +/- 7.76 % Gn^0(l=2) ave= 0.000E+00 +/- 0.00 % Gn^0(l=3) ave= 0.000E+00 +/- 0.00 % || Gtotal(l=0) ave= 2.052E-01 +/- 0.93 % Gtotal(l=1) ave= 1.694E-01 +/- 0.62 % Gtotal(l=2) ave= 0.000E+00 +/- 0.00 % Gtotal(l=3) ave= 0.000E+00 +/- 0.00 %  % || Gg(l=0) ave= 1.054E-01 +/- 0.97 % Gg(l=1) ave= 1.055E-01 +/- 0.68 % Gg(l=2) ave= 0.000E+00 +/- 0.00 % Gg(l=3) ave= 0.000E+00 +/- 0.00 %  % || D(l=0) ave= 1.111E+01 +/- 0.00 % D(l=1) ave= 1.545E+01 +/- 0.00 % D(l=2) ave= 0.000E+00 +/- 0.00 % D(l=3) ave= 0.000E+00 +/- 0.00 %  % || S(l=0) ave= 2.024E-04 +/- 1.36 % S(l=1) ave= 4.173E-02 +/- 7.73 % S(l=2) ave= 0.000E+00 +/- 0.00 % S(l=3) ave= 0.000E+00 +/- 0.00 % 
 ... random file  17 Cap(th)  ave= 2.531E+05 b. +/- 1.98 % || Ela(th) ave= 9.978E+02 b. +/- 3.98 % || RIcap ave= 7.02E+02 b. +/- 0.67 % || Macs30 ave= 9.29E-01 b. +/- 0.01 % || Gn^0(l=0) ave= 4.274E-03 +/- 1.27 % Gn^0(l=1) ave= 3.510E+00 +/- 7.54 % Gn^0(l=2) ave= 0.000E+00 +/- 0.00 % Gn^0(l=3) ave= 0.000E+00 +/- 0.00 % || Gtotal(l=0) ave= 2.051E-01 +/- 0.95 % Gtotal(l=1) ave= 1.693E-01 +/- 0.63 % Gtotal(l=2) ave= 0.000E+00 +/- 0.00 % Gtotal(l=3) ave= 0.000E+00 +/- 0.00 %  % || Gg(l=0) ave= 1.053E-01 +/- 1.03 % Gg(l=1) ave= 1.054E-01 +/- 0.73 % Gg(l=2) ave= 0.000E+00 +/- 0.00 % Gg(l=3) ave= 0.000E+00 +/- 0.00 %  % || D(l=0) ave= 1.111E+01 +/- 0.00 % D(l=1) ave= 1.545E+01 +/- 0.00 % D(l=2) ave= 0.000E+00 +/- 0.00 % D(l=3) ave= 0.000E+00 +/- 0.00 %  % || S(l=0) ave= 2.022E-04 +/- 1.35 % S(l=1) ave= 4.172E-02 +/- 7.51 % S(l=2) ave= 0.000E+00 +/- 0.00 % S(l=3) ave= 0.000E+00 +/- 0.00 % 
 ... random file  18 Cap(th)  ave= 2.529E+05 b. +/- 1.94 % || Ela(th) ave= 9.968E+02 b. +/- 3.90 % || RIcap ave= 7.02E+02 b. +/- 0.66 % || Macs30 ave= 9.29E-01 b. +/- 0.01 % || Gn^0(l=0) ave= 4.276E-03 +/- 1.25 % Gn^0(l=1) ave= 3.508E+00 +/- 7.36 % Gn^0(l=2) ave= 0.000E+00 +/- 0.00 % Gn^0(l=3) ave= 0.000E+00 +/- 0.00 % || Gtotal(l=0) ave= 2.050E-01 +/- 0.94 % Gtotal(l=1) ave= 1.694E-01 +/- 0.67 % Gtotal(l=2) ave= 0.000E+00 +/- 0.00 % Gtotal(l=3) ave= 0.000E+00 +/- 0.00 %  % || Gg(l=0) ave= 1.052E-01 +/- 1.07 % Gg(l=1) ave= 1.054E-01 +/- 0.72 % Gg(l=2) ave= 0.000E+00 +/- 0.00 % Gg(l=3) ave= 0.000E+00 +/- 0.00 %  % || D(l=0) ave= 1.111E+01 +/- 0.00 % D(l=1) ave= 1.545E+01 +/- 0.00 % D(l=2) ave= 0.000E+00 +/- 0.00 % D(l=3) ave= 0.000E+00 +/- 0.00 %  % || S(l=0) ave= 2.023E-04 +/- 1.33 % S(l=1) ave= 4.171E-02 +/- 7.32 % S(l=2) ave= 0.000E+00 +/- 0.00 % S(l=3) ave= 0.000E+00 +/- 0.00 % 
 ... random file  19 Cap(th)  ave= 2.533E+05 b. +/- 1.99 % || Ela(th) ave= 9.997E+02 b. +/- 3.99 % || RIcap ave= 7.02E+02 b. +/- 0.64 % || Macs30 ave= 9.29E-01 b. +/- 0.01 % || Gn^0(l=0) ave= 4.273E-03 +/- 1.26 % Gn^0(l=1) ave= 3.513E+00 +/- 7.19 % Gn^0(l=2) ave= 0.000E+00 +/- 0.00 % Gn^0(l=3) ave= 0.000E+00 +/- 0.00 % || Gtotal(l=0) ave= 2.050E-01 +/- 0.92 % Gtotal(l=1) ave= 1.696E-01 +/- 0.78 % Gtotal(l=2) ave= 0.000E+00 +/- 0.00 % Gtotal(l=3) ave= 0.000E+00 +/- 0.00 %  % || Gg(l=0) ave= 1.053E-01 +/- 1.07 % Gg(l=1) ave= 1.055E-01 +/- 0.85 % Gg(l=2) ave= 0.000E+00 +/- 0.00 % Gg(l=3) ave= 0.000E+00 +/- 0.00 %  % || D(l=0) ave= 1.111E+01 +/- 0.00 % D(l=1) ave= 1.545E+01 +/- 0.00 % D(l=2) ave= 0.000E+00 +/- 0.00 % D(l=3) ave= 0.000E+00 +/- 0.00 %  % || S(l=0) ave= 2.022E-04 +/- 1.35 % S(l=1) ave= 4.178E-02 +/- 7.16 % S(l=2) ave= 0.000E+00 +/- 0.00 % S(l=3) ave= 0.000E+00 +/- 0.00 % 
 ... random file  20 Cap(th)  ave= 2.531E+05 b. +/- 1.97 % || Ela(th) ave= 9.981E+02 b. +/- 3.96 % || RIcap ave= 7.01E+02 b. +/- 0.65 % || Macs30 ave= 9.29E-01 b. +/- 0.01 % || Gn^0(l=0) ave= 4.275E-03 +/- 1.24 % Gn^0(l=1) ave= 3.494E+00 +/- 7.48 % Gn^0(l=2) ave= 0.000E+00 +/- 0.00 % Gn^0(l=3) ave= 0.000E+00 +/- 0.00 % || Gtotal(l=0) ave= 2.050E-01 +/- 0.91 % Gtotal(l=1) ave= 1.695E-01 +/- 0.78 % Gtotal(l=2) ave= 0.000E+00 +/- 0.00 % Gtotal(l=3) ave= 0.000E+00 +/- 0.00 %  % || Gg(l=0) ave= 1.053E-01 +/- 1.05 % Gg(l=1) ave= 1.055E-01 +/- 0.83 % Gg(l=2) ave= 0.000E+00 +/- 0.00 % Gg(l=3) ave= 0.000E+00 +/- 0.00 %  % || D(l=0) ave= 1.111E+01 +/- 0.00 % D(l=1) ave= 1.545E+01 +/- 0.00 % D(l=2) ave= 0.000E+00 +/- 0.00 % D(l=3) ave= 0.000E+00 +/- 0.00 %  % || S(l=0) ave= 2.022E-04 +/- 1.33 % S(l=1) ave= 4.156E-02 +/- 7.38 % S(l=2) ave= 0.000E+00 +/- 0.00 % S(l=3) ave= 0.000E+00 +/- 0.00 % 
 ... random file  21 Cap(th)  ave= 2.533E+05 b. +/- 1.96 % || Ela(th) ave= 9.996E+02 b. +/- 3.93 % || RIcap ave= 7.02E+02 b. +/- 0.70 % || Macs30 ave= 9.29E-01 b. +/- 0.01 % || Gn^0(l=0) ave= 4.270E-03 +/- 1.31 % Gn^0(l=1) ave= 3.502E+00 +/- 7.37 % Gn^0(l=2) ave= 0.000E+00 +/- 0.00 % Gn^0(l=3) ave= 0.000E+00 +/- 0.00 % || Gtotal(l=0) ave= 2.050E-01 +/- 0.91 % Gtotal(l=1) ave= 1.695E-01 +/- 0.78 % Gtotal(l=2) ave= 0.000E+00 +/- 0.00 % Gtotal(l=3) ave= 0.000E+00 +/- 0.00 %  % || Gg(l=0) ave= 1.053E-01 +/- 1.03 % Gg(l=1) ave= 1.054E-01 +/- 0.86 % Gg(l=2) ave= 0.000E+00 +/- 0.00 % Gg(l=3) ave= 0.000E+00 +/- 0.00 %  % || D(l=0) ave= 1.111E+01 +/- 0.00 % D(l=1) ave= 1.545E+01 +/- 0.00 % D(l=2) ave= 0.000E+00 +/- 0.00 % D(l=3) ave= 0.000E+00 +/- 0.00 %  % || S(l=0) ave= 2.021E-04 +/- 1.38 % S(l=1) ave= 4.167E-02 +/- 7.29 % S(l=2) ave= 0.000E+00 +/- 0.00 % S(l=3) ave= 0.000E+00 +/- 0.00 % 
 ... random file  22 Cap(th)  ave= 2.532E+05 b. +/- 1.92 % || Ela(th) ave= 9.991E+02 b. +/- 3.85 % || RIcap ave= 7.02E+02 b. +/- 0.72 % || Macs30 ave= 9.29E-01 b. +/- 0.01 % || Gn^0(l=0) ave= 4.271E-03 +/- 1.28 % Gn^0(l=1) ave= 3.505E+00 +/- 7.21 % Gn^0(l=2) ave= 0.000E+00 +/- 0.00 % Gn^0(l=3) ave= 0.000E+00 +/- 0.00 % || Gtotal(l=0) ave= 2.049E-01 +/- 0.89 % Gtotal(l=1) ave= 1.696E-01 +/- 0.82 % Gtotal(l=2) ave= 0.000E+00 +/- 0.00 % Gtotal(l=3) ave= 0.000E+00 +/- 0.00 %  % || Gg(l=0) ave= 1.053E-01 +/- 1.03 % Gg(l=1) ave= 1.054E-01 +/- 0.85 % Gg(l=2) ave= 0.000E+00 +/- 0.00 % Gg(l=3) ave= 0.000E+00 +/- 0.00 %  % || D(l=0) ave= 1.111E+01 +/- 0.00 % D(l=1) ave= 1.545E+01 +/- 0.00 % D(l=2) ave= 0.000E+00 +/- 0.00 % D(l=3) ave= 0.000E+00 +/- 0.00 %  % || S(l=0) ave= 2.021E-04 +/- 1.35 % S(l=1) ave= 4.172E-02 +/- 7.15 % S(l=2) ave= 0.000E+00 +/- 0.00 % S(l=3) ave= 0.000E+00 +/- 0.00 % 
 ... random file  23 Cap(th)  ave= 2.534E+05 b. +/- 1.92 % || Ela(th) ave= 1.001E+03 b. +/- 3.85 % || RIcap ave= 7.03E+02 b. +/- 0.76 % || Macs30 ave= 9.29E-01 b. +/- 0.01 % || Gn^0(l=0) ave= 4.274E-03 +/- 1.30 % Gn^0(l=1) ave= 3.498E+00 +/- 7.13 % Gn^0(l=2) ave= 0.000E+00 +/- 0.00 % Gn^0(l=3) ave= 0.000E+00 +/- 0.00 % || Gtotal(l=0) ave= 2.050E-01 +/- 0.90 % Gtotal(l=1) ave= 1.695E-01 +/- 0.84 % Gtotal(l=2) ave= 0.000E+00 +/- 0.00 % Gtotal(l=3) ave= 0.000E+00 +/- 0.00 %  % || Gg(l=0) ave= 1.053E-01 +/- 1.04 % Gg(l=1) ave= 1.054E-01 +/- 0.89 % Gg(l=2) ave= 0.000E+00 +/- 0.00 % Gg(l=3) ave= 0.000E+00 +/- 0.00 %  % || D(l=0) ave= 1.111E+01 +/- 0.00 % D(l=1) ave= 1.545E+01 +/- 0.00 % D(l=2) ave= 0.000E+00 +/- 0.00 % D(l=3) ave= 0.000E+00 +/- 0.00 %  % || S(l=0) ave= 2.022E-04 +/- 1.39 % S(l=1) ave= 4.164E-02 +/- 7.07 % S(l=2) ave= 0.000E+00 +/- 0.00 % S(l=3) ave= 0.000E+00 +/- 0.00 % 
 ... random file  24 Cap(th)  ave= 2.539E+05 b. +/- 2.04 % || Ela(th) ave= 1.004E+03 b. +/- 4.10 % || RIcap ave= 7.03E+02 b. +/- 0.75 % || Macs30 ave= 9.29E-01 b. +/- 0.01 % || Gn^0(l=0) ave= 4.277E-03 +/- 1.34 % Gn^0(l=1) ave= 3.506E+00 +/- 7.05 % Gn^0(l=2) ave= 0.000E+00 +/- 0.00 % Gn^0(l=3) ave= 0.000E+00 +/- 0.00 % || Gtotal(l=0) ave= 2.051E-01 +/- 0.89 % Gtotal(l=1) ave= 1.695E-01 +/- 0.83 % Gtotal(l=2) ave= 0.000E+00 +/- 0.00 % Gtotal(l=3) ave= 0.000E+00 +/- 0.00 %  % || Gg(l=0) ave= 1.053E-01 +/- 1.02 % Gg(l=1) ave= 1.053E-01 +/- 0.90 % Gg(l=2) ave= 0.000E+00 +/- 0.00 % Gg(l=3) ave= 0.000E+00 +/- 0.00 %  % || D(l=0) ave= 1.111E+01 +/- 0.00 % D(l=1) ave= 1.545E+01 +/- 0.00 % D(l=2) ave= 0.000E+00 +/- 0.00 % D(l=3) ave= 0.000E+00 +/- 0.00 %  % || S(l=0) ave= 2.024E-04 +/- 1.41 % S(l=1) ave= 4.173E-02 +/- 6.99 % S(l=2) ave= 0.000E+00 +/- 0.00 % S(l=3) ave= 0.000E+00 +/- 0.00 % 
 ... random file  25 Cap(th)  ave= 2.537E+05 b. +/- 2.02 % || Ela(th) ave= 1.003E+03 b. +/- 4.06 % || RIcap ave= 7.02E+02 b. +/- 0.79 % || Macs30 ave= 9.29E-01 b. +/- 0.01 % || Gn^0(l=0) ave= 4.276E-03 +/- 1.32 % Gn^0(l=1) ave= 3.490E+00 +/- 7.31 % Gn^0(l=2) ave= 0.000E+00 +/- 0.00 % Gn^0(l=3) ave= 0.000E+00 +/- 0.00 % || Gtotal(l=0) ave= 2.050E-01 +/- 0.88 % Gtotal(l=1) ave= 1.694E-01 +/- 0.83 % Gtotal(l=2) ave= 0.000E+00 +/- 0.00 % Gtotal(l=3) ave= 0.000E+00 +/- 0.00 %  % || Gg(l=0) ave= 1.053E-01 +/- 1.00 % Gg(l=1) ave= 1.054E-01 +/- 0.90 % Gg(l=2) ave= 0.000E+00 +/- 0.00 % Gg(l=3) ave= 0.000E+00 +/- 0.00 %  % || D(l=0) ave= 1.111E+01 +/- 0.00 % D(l=1) ave= 1.545E+01 +/- 0.00 % D(l=2) ave= 0.000E+00 +/- 0.00 % D(l=3) ave= 0.000E+00 +/- 0.00 %  % || S(l=0) ave= 2.024E-04 +/- 1.39 % S(l=1) ave= 4.153E-02 +/- 7.29 % S(l=2) ave= 0.000E+00 +/- 0.00 % S(l=3) ave= 0.000E+00 +/- 0.00 % 
 ... random file  26 Cap(th)  ave= 2.541E+05 b. +/- 2.08 % || Ela(th) ave= 1.006E+03 b. +/- 4.20 % || RIcap ave= 7.03E+02 b. +/- 0.79 % || Macs30 ave= 9.29E-01 b. +/- 0.01 % || Gn^0(l=0) ave= 4.275E-03 +/- 1.31 % Gn^0(l=1) ave= 3.484E+00 +/- 7.25 % Gn^0(l=2) ave= 0.000E+00 +/- 0.00 % Gn^0(l=3) ave= 0.000E+00 +/- 0.00 % || Gtotal(l=0) ave= 2.051E-01 +/- 0.86 % Gtotal(l=1) ave= 1.694E-01 +/- 0.81 % Gtotal(l=2) ave= 0.000E+00 +/- 0.00 % Gtotal(l=3) ave= 0.000E+00 +/- 0.00 %  % || Gg(l=0) ave= 1.054E-01 +/- 1.04 % Gg(l=1) ave= 1.054E-01 +/- 0.89 % Gg(l=2) ave= 0.000E+00 +/- 0.00 % Gg(l=3) ave= 0.000E+00 +/- 0.00 %  % || D(l=0) ave= 1.111E+01 +/- 0.00 % D(l=1) ave= 1.545E+01 +/- 0.00 % D(l=2) ave= 0.000E+00 +/- 0.00 % D(l=3) ave= 0.000E+00 +/- 0.00 %  % || S(l=0) ave= 2.023E-04 +/- 1.37 % S(l=1) ave= 4.146E-02 +/- 7.22 % S(l=2) ave= 0.000E+00 +/- 0.00 % S(l=3) ave= 0.000E+00 +/- 0.00 % 
 ... random file  27 Cap(th)  ave= 2.542E+05 b. +/- 2.07 % || Ela(th) ave= 1.007E+03 b. +/- 4.15 % || RIcap ave= 7.03E+02 b. +/- 0.78 % || Macs30 ave= 9.29E-01 b. +/- 0.01 % || Gn^0(l=0) ave= 4.275E-03 +/- 1.28 % Gn^0(l=1) ave= 3.480E+00 +/- 7.15 % Gn^0(l=2) ave= 0.000E+00 +/- 0.00 % Gn^0(l=3) ave= 0.000E+00 +/- 0.00 % || Gtotal(l=0) ave= 2.051E-01 +/- 0.86 % Gtotal(l=1) ave= 1.694E-01 +/- 0.80 % Gtotal(l=2) ave= 0.000E+00 +/- 0.00 % Gtotal(l=3) ave= 0.000E+00 +/- 0.00 %  % || Gg(l=0) ave= 1.054E-01 +/- 1.05 % Gg(l=1) ave= 1.054E-01 +/- 0.87 % Gg(l=2) ave= 0.000E+00 +/- 0.00 % Gg(l=3) ave= 0.000E+00 +/- 0.00 %  % || D(l=0) ave= 1.111E+01 +/- 0.00 % D(l=1) ave= 1.545E+01 +/- 0.00 % D(l=2) ave= 0.000E+00 +/- 0.00 % D(l=3) ave= 0.000E+00 +/- 0.00 %  % || S(l=0) ave= 2.023E-04 +/- 1.35 % S(l=1) ave= 4.141E-02 +/- 7.13 % S(l=2) ave= 0.000E+00 +/- 0.00 % S(l=3) ave= 0.000E+00 +/- 0.00 % 
 ... random file  28 Cap(th)  ave= 2.548E+05 b. +/- 2.34 % || Ela(th) ave= 1.011E+03 b. +/- 4.72 % || RIcap ave= 7.03E+02 b. +/- 0.85 % || Macs30 ave= 9.29E-01 b. +/- 0.01 % || Gn^0(l=0) ave= 4.280E-03 +/- 1.41 % Gn^0(l=1) ave= 3.479E+00 +/- 7.03 % Gn^0(l=2) ave= 0.000E+00 +/- 0.00 % Gn^0(l=3) ave= 0.000E+00 +/- 0.00 % || Gtotal(l=0) ave= 2.052E-01 +/- 0.86 % Gtotal(l=1) ave= 1.695E-01 +/- 0.80 % Gtotal(l=2) ave= 0.000E+00 +/- 0.00 % Gtotal(l=3) ave= 0.000E+00 +/- 0.00 %  % || Gg(l=0) ave= 1.054E-01 +/- 1.06 % Gg(l=1) ave= 1.053E-01 +/- 0.87 % Gg(l=2) ave= 0.000E+00 +/- 0.00 % Gg(l=3) ave= 0.000E+00 +/- 0.00 %  % || D(l=0) ave= 1.111E+01 +/- 0.00 % D(l=1) ave= 1.545E+01 +/- 0.00 % D(l=2) ave= 0.000E+00 +/- 0.00 % D(l=3) ave= 0.000E+00 +/- 0.00 %  % || S(l=0) ave= 2.026E-04 +/- 1.55 % S(l=1) ave= 4.141E-02 +/- 7.00 % S(l=2) ave= 0.000E+00 +/- 0.00 % S(l=3) ave= 0.000E+00 +/- 0.00 % 
 ... random file  29 Cap(th)  ave= 2.545E+05 b. +/- 2.38 % || Ela(th) ave= 1.009E+03 b. +/- 4.80 % || RIcap ave= 7.03E+02 b. +/- 0.89 % || Macs30 ave= 9.29E-01 b. +/- 0.01 % || Gn^0(l=0) ave= 4.282E-03 +/- 1.40 % Gn^0(l=1) ave= 3.472E+00 +/- 7.00 % Gn^0(l=2) ave= 0.000E+00 +/- 0.00 % Gn^0(l=3) ave= 0.000E+00 +/- 0.00 % || Gtotal(l=0) ave= 2.052E-01 +/- 0.85 % Gtotal(l=1) ave= 1.695E-01 +/- 0.80 % Gtotal(l=2) ave= 0.000E+00 +/- 0.00 % Gtotal(l=3) ave= 0.000E+00 +/- 0.00 %  % || Gg(l=0) ave= 1.053E-01 +/- 1.07 % Gg(l=1) ave= 1.053E-01 +/- 0.86 % Gg(l=2) ave= 0.000E+00 +/- 0.00 % Gg(l=3) ave= 0.000E+00 +/- 0.00 %  % || D(l=0) ave= 1.111E+01 +/- 0.00 % D(l=1) ave= 1.545E+01 +/- 0.00 % D(l=2) ave= 0.000E+00 +/- 0.00 % D(l=3) ave= 0.000E+00 +/- 0.00 %  % || S(l=0) ave= 2.027E-04 +/- 1.54 % S(l=1) ave= 4.131E-02 +/- 7.00 % S(l=2) ave= 0.000E+00 +/- 0.00 % S(l=3) ave= 0.000E+00 +/- 0.00 % 
 ... random file  30 Cap(th)  ave= 2.545E+05 b. +/- 2.34 % || Ela(th) ave= 1.010E+03 b. +/- 4.72 % || RIcap ave= 7.03E+02 b. +/- 0.89 % || Macs30 ave= 9.29E-01 b. +/- 0.01 % || Gn^0(l=0) ave= 4.279E-03 +/- 1.43 % Gn^0(l=1) ave= 3.473E+00 +/- 6.89 % Gn^0(l=2) ave= 0.000E+00 +/- 0.00 % Gn^0(l=3) ave= 0.000E+00 +/- 0.00 % || Gtotal(l=0) ave= 2.052E-01 +/- 0.84 % Gtotal(l=1) ave= 1.695E-01 +/- 0.78 % Gtotal(l=2) ave= 0.000E+00 +/- 0.00 % Gtotal(l=3) ave= 0.000E+00 +/- 0.00 %  % || Gg(l=0) ave= 1.054E-01 +/- 1.06 % Gg(l=1) ave= 1.053E-01 +/- 0.84 % Gg(l=2) ave= 0.000E+00 +/- 0.00 % Gg(l=3) ave= 0.000E+00 +/- 0.00 %  % || D(l=0) ave= 1.111E+01 +/- 0.00 % D(l=1) ave= 1.545E+01 +/- 0.00 % D(l=2) ave= 0.000E+00 +/- 0.00 % D(l=3) ave= 0.000E+00 +/- 0.00 %  % || S(l=0) ave= 2.025E-04 +/- 1.55 % S(l=1) ave= 4.132E-02 +/- 6.89 % S(l=2) ave= 0.000E+00 +/- 0.00 % S(l=3) ave= 0.000E+00 +/- 0.00 % 
 ... random file  31 Cap(th)  ave= 2.545E+05 b. +/- 2.30 % || Ela(th) ave= 1.009E+03 b. +/- 4.65 % || RIcap ave= 7.03E+02 b. +/- 0.87 % || Macs30 ave= 9.29E-01 b. +/- 0.01 % || Gn^0(l=0) ave= 4.279E-03 +/- 1.40 % Gn^0(l=1) ave= 3.479E+00 +/- 6.83 % Gn^0(l=2) ave= 0.000E+00 +/- 0.00 % Gn^0(l=3) ave= 0.000E+00 +/- 0.00 % || Gtotal(l=0) ave= 2.051E-01 +/- 0.83 % Gtotal(l=1) ave= 1.696E-01 +/- 0.79 % Gtotal(l=2) ave= 0.000E+00 +/- 0.00 % Gtotal(l=3) ave= 0.000E+00 +/- 0.00 %  % || Gg(l=0) ave= 1.054E-01 +/- 1.04 % Gg(l=1) ave= 1.054E-01 +/- 0.94 % Gg(l=2) ave= 0.000E+00 +/- 0.00 % Gg(l=3) ave= 0.000E+00 +/- 0.00 %  % || D(l=0) ave= 1.111E+01 +/- 0.00 % D(l=1) ave= 1.545E+01 +/- 0.00 % D(l=2) ave= 0.000E+00 +/- 0.00 % D(l=3) ave= 0.000E+00 +/- 0.00 %  % || S(l=0) ave= 2.025E-04 +/- 1.52 % S(l=1) ave= 4.139E-02 +/- 6.83 % S(l=2) ave= 0.000E+00 +/- 0.00 % S(l=3) ave= 0.000E+00 +/- 0.00 % 
 ... random file  32 Cap(th)  ave= 2.544E+05 b. +/- 2.28 % || Ela(th) ave= 1.009E+03 b. +/- 4.59 % || RIcap ave= 7.03E+02 b. +/- 0.86 % || Macs30 ave= 9.29E-01 b. +/- 0.01 % || Gn^0(l=0) ave= 4.278E-03 +/- 1.38 % Gn^0(l=1) ave= 3.502E+00 +/- 7.63 % Gn^0(l=2) ave= 0.000E+00 +/- 0.00 % Gn^0(l=3) ave= 0.000E+00 +/- 0.00 % || Gtotal(l=0) ave= 2.052E-01 +/- 0.83 % Gtotal(l=1) ave= 1.696E-01 +/- 0.78 % Gtotal(l=2) ave= 0.000E+00 +/- 0.00 % Gtotal(l=3) ave= 0.000E+00 +/- 0.00 %  % || Gg(l=0) ave= 1.054E-01 +/- 1.10 % Gg(l=1) ave= 1.055E-01 +/- 0.97 % Gg(l=2) ave= 0.000E+00 +/- 0.00 % Gg(l=3) ave= 0.000E+00 +/- 0.00 %  % || D(l=0) ave= 1.111E+01 +/- 0.00 % D(l=1) ave= 1.545E+01 +/- 0.00 % D(l=2) ave= 0.000E+00 +/- 0.00 % D(l=3) ave= 0.000E+00 +/- 0.00 %  % || S(l=0) ave= 2.025E-04 +/- 1.50 % S(l=1) ave= 4.165E-02 +/- 7.58 % S(l=2) ave= 0.000E+00 +/- 0.00 % S(l=3) ave= 0.000E+00 +/- 0.00 % 
 ... random file  33 Cap(th)  ave= 2.546E+05 b. +/- 2.28 % || Ela(th) ave= 1.010E+03 b. +/- 4.60 % || RIcap ave= 7.03E+02 b. +/- 0.85 % || Macs30 ave= 9.29E-01 b. +/- 0.01 % || Gn^0(l=0) ave= 4.279E-03 +/- 1.36 % Gn^0(l=1) ave= 3.495E+00 +/- 7.61 % Gn^0(l=2) ave= 0.000E+00 +/- 0.00 % Gn^0(l=3) ave= 0.000E+00 +/- 0.00 % || Gtotal(l=0) ave= 2.052E-01 +/- 0.82 % Gtotal(l=1) ave= 1.697E-01 +/- 0.81 % Gtotal(l=2) ave= 0.000E+00 +/- 0.00 % Gtotal(l=3) ave= 0.000E+00 +/- 0.00 %  % || Gg(l=0) ave= 1.054E-01 +/- 1.08 % Gg(l=1) ave= 1.054E-01 +/- 0.96 % Gg(l=2) ave= 0.000E+00 +/- 0.00 % Gg(l=3) ave= 0.000E+00 +/- 0.00 %  % || D(l=0) ave= 1.111E+01 +/- 0.00 % D(l=1) ave= 1.545E+01 +/- 0.00 % D(l=2) ave= 0.000E+00 +/- 0.00 % D(l=3) ave= 0.000E+00 +/- 0.00 %  % || S(l=0) ave= 2.025E-04 +/- 1.49 % S(l=1) ave= 4.155E-02 +/- 7.61 % S(l=2) ave= 0.000E+00 +/- 0.00 % S(l=3) ave= 0.000E+00 +/- 0.00 % 
 ... random file  34 Cap(th)  ave= 2.544E+05 b. +/- 2.34 % || Ela(th) ave= 1.008E+03 b. +/- 4.71 % || RIcap ave= 7.03E+02 b. +/- 0.85 % || Macs30 ave= 9.29E-01 b. +/- 0.01 % || Gn^0(l=0) ave= 4.286E-03 +/- 1.66 % Gn^0(l=1) ave= 3.511E+00 +/- 7.91 % Gn^0(l=2) ave= 0.000E+00 +/- 0.00 % Gn^0(l=3) ave= 0.000E+00 +/- 0.00 % || Gtotal(l=0) ave= 2.054E-01 +/- 0.95 % Gtotal(l=1) ave= 1.697E-01 +/- 0.82 % Gtotal(l=2) ave= 0.000E+00 +/- 0.00 % Gtotal(l=3) ave= 0.000E+00 +/- 0.00 %  % || Gg(l=0) ave= 1.054E-01 +/- 1.09 % Gg(l=1) ave= 1.054E-01 +/- 0.96 % Gg(l=2) ave= 0.000E+00 +/- 0.00 % Gg(l=3) ave= 0.000E+00 +/- 0.00 %  % || D(l=0) ave= 1.111E+01 +/- 0.00 % D(l=1) ave= 1.545E+01 +/- 0.00 % D(l=2) ave= 0.000E+00 +/- 0.00 % D(l=3) ave= 0.000E+00 +/- 0.00 %  % || S(l=0) ave= 2.029E-04 +/- 1.83 % S(l=1) ave= 4.173E-02 +/- 7.90 % S(l=2) ave= 0.000E+00 +/- 0.00 % S(l=3) ave= 0.000E+00 +/- 0.00 % 
 ... random file  35 Cap(th)  ave= 2.545E+05 b. +/- 2.34 % || Ela(th) ave= 1.010E+03 b. +/- 4.71 % || RIcap ave= 7.03E+02 b. +/- 0.84 % || Macs30 ave= 9.29E-01 b. +/- 0.01 % || Gn^0(l=0) ave= 4.286E-03 +/- 1.64 % Gn^0(l=1) ave= 3.498E+00 +/- 8.11 % Gn^0(l=2) ave= 0.000E+00 +/- 0.00 % Gn^0(l=3) ave= 0.000E+00 +/- 0.00 % || Gtotal(l=0) ave= 2.054E-01 +/- 0.94 % Gtotal(l=1) ave= 1.697E-01 +/- 0.81 % Gtotal(l=2) ave= 0.000E+00 +/- 0.00 % Gtotal(l=3) ave= 0.000E+00 +/- 0.00 %  % || Gg(l=0) ave= 1.054E-01 +/- 1.07 % Gg(l=1) ave= 1.054E-01 +/- 0.96 % Gg(l=2) ave= 0.000E+00 +/- 0.00 % Gg(l=3) ave= 0.000E+00 +/- 0.00 %  % || D(l=0) ave= 1.111E+01 +/- 0.00 % D(l=1) ave= 1.545E+01 +/- 0.00 % D(l=2) ave= 0.000E+00 +/- 0.00 % D(l=3) ave= 0.000E+00 +/- 0.00 %  % || S(l=0) ave= 2.029E-04 +/- 1.81 % S(l=1) ave= 4.158E-02 +/- 8.11 % S(l=2) ave= 0.000E+00 +/- 0.00 % S(l=3) ave= 0.000E+00 +/- 0.00 % 
 ... random file  36 Cap(th)  ave= 2.545E+05 b. +/- 2.31 % || Ela(th) ave= 1.010E+03 b. +/- 4.65 % || RIcap ave= 7.03E+02 b. +/- 0.88 % || Macs30 ave= 9.29E-01 b. +/- 0.01 % || Gn^0(l=0) ave= 4.285E-03 +/- 1.63 % Gn^0(l=1) ave= 3.499E+00 +/- 8.00 % Gn^0(l=2) ave= 0.000E+00 +/- 0.00 % Gn^0(l=3) ave= 0.000E+00 +/- 0.00 % || Gtotal(l=0) ave= 2.053E-01 +/- 0.94 % Gtotal(l=1) ave= 1.697E-01 +/- 0.80 % Gtotal(l=2) ave= 0.000E+00 +/- 0.00 % Gtotal(l=3) ave= 0.000E+00 +/- 0.00 %  % || Gg(l=0) ave= 1.054E-01 +/- 1.08 % Gg(l=1) ave= 1.054E-01 +/- 0.95 % Gg(l=2) ave= 0.000E+00 +/- 0.00 % Gg(l=3) ave= 0.000E+00 +/- 0.00 %  % || D(l=0) ave= 1.111E+01 +/- 0.00 % D(l=1) ave= 1.545E+01 +/- 0.00 % D(l=2) ave= 0.000E+00 +/- 0.00 % D(l=3) ave= 0.000E+00 +/- 0.00 %  % || S(l=0) ave= 2.028E-04 +/- 1.79 % S(l=1) ave= 4.159E-02 +/- 8.00 % S(l=2) ave= 0.000E+00 +/- 0.00 % S(l=3) ave= 0.000E+00 +/- 0.00 % 
 ... random file  37 Cap(th)  ave= 2.546E+05 b. +/- 2.29 % || Ela(th) ave= 1.010E+03 b. +/- 4.59 % || RIcap ave= 7.03E+02 b. +/- 0.87 % || Macs30 ave= 9.29E-01 b. +/- 0.01 % || Gn^0(l=0) ave= 4.284E-03 +/- 1.61 % Gn^0(l=1) ave= 3.483E+00 +/- 8.44 % Gn^0(l=2) ave= 0.000E+00 +/- 0.00 % Gn^0(l=3) ave= 0.000E+00 +/- 0.00 % || Gtotal(l=0) ave= 2.053E-01 +/- 0.93 % Gtotal(l=1) ave= 1.697E-01 +/- 0.81 % Gtotal(l=2) ave= 0.000E+00 +/- 0.00 % Gtotal(l=3) ave= 0.000E+00 +/- 0.00 %  % || Gg(l=0) ave= 1.054E-01 +/- 1.07 % Gg(l=1) ave= 1.054E-01 +/- 0.93 % Gg(l=2) ave= 0.000E+00 +/- 0.00 % Gg(l=3) ave= 0.000E+00 +/- 0.00 %  % || D(l=0) ave= 1.111E+01 +/- 0.00 % D(l=1) ave= 1.545E+01 +/- 0.00 % D(l=2) ave= 0.000E+00 +/- 0.00 % D(l=3) ave= 0.000E+00 +/- 0.00 %  % || S(l=0) ave= 2.027E-04 +/- 1.79 % S(l=1) ave= 4.139E-02 +/- 8.42 % S(l=2) ave= 0.000E+00 +/- 0.00 % S(l=3) ave= 0.000E+00 +/- 0.00 % 
 ... random file  38 Cap(th)  ave= 2.546E+05 b. +/- 2.26 % || Ela(th) ave= 1.010E+03 b. +/- 4.54 % || RIcap ave= 7.03E+02 b. +/- 0.86 % || Macs30 ave= 9.29E-01 b. +/- 0.01 % || Gn^0(l=0) ave= 4.287E-03 +/- 1.68 % Gn^0(l=1) ave= 3.488E+00 +/- 8.36 % Gn^0(l=2) ave= 0.000E+00 +/- 0.00 % Gn^0(l=3) ave= 0.000E+00 +/- 0.00 % || Gtotal(l=0) ave= 2.054E-01 +/- 0.94 % Gtotal(l=1) ave= 1.697E-01 +/- 0.80 % Gtotal(l=2) ave= 0.000E+00 +/- 0.00 % Gtotal(l=3) ave= 0.000E+00 +/- 0.00 %  % || Gg(l=0) ave= 1.054E-01 +/- 1.07 % Gg(l=1) ave= 1.054E-01 +/- 0.92 % Gg(l=2) ave= 0.000E+00 +/- 0.00 % Gg(l=3) ave= 0.000E+00 +/- 0.00 %  % || D(l=0) ave= 1.111E+01 +/- 0.00 % D(l=1) ave= 1.545E+01 +/- 0.00 % D(l=2) ave= 0.000E+00 +/- 0.00 % D(l=3) ave= 0.000E+00 +/- 0.00 %  % || S(l=0) ave= 2.029E-04 +/- 1.85 % S(l=1) ave= 4.146E-02 +/- 8.36 % S(l=2) ave= 0.000E+00 +/- 0.00 % S(l=3) ave= 0.000E+00 +/- 0.00 % 
 ... random file  39 Cap(th)  ave= 2.547E+05 b. +/- 2.26 % || Ela(th) ave= 1.011E+03 b. +/- 4.55 % || RIcap ave= 7.03E+02 b. +/- 0.87 % || Macs30 ave= 9.29E-01 b. +/- 0.01 % || Gn^0(l=0) ave= 4.287E-03 +/- 1.66 % Gn^0(l=1) ave= 3.491E+00 +/- 8.28 % Gn^0(l=2) ave= 0.000E+00 +/- 0.00 % Gn^0(l=3) ave= 0.000E+00 +/- 0.00 % || Gtotal(l=0) ave= 2.053E-01 +/- 0.94 % Gtotal(l=1) ave= 1.697E-01 +/- 0.80 % Gtotal(l=2) ave= 0.000E+00 +/- 0.00 % Gtotal(l=3) ave= 0.000E+00 +/- 0.00 %  % || Gg(l=0) ave= 1.053E-01 +/- 1.07 % Gg(l=1) ave= 1.054E-01 +/- 0.93 % Gg(l=2) ave= 0.000E+00 +/- 0.00 % Gg(l=3) ave= 0.000E+00 +/- 0.00 %  % || D(l=0) ave= 1.111E+01 +/- 0.00 % D(l=1) ave= 1.545E+01 +/- 0.00 % D(l=2) ave= 0.000E+00 +/- 0.00 % D(l=3) ave= 0.000E+00 +/- 0.00 %  % || S(l=0) ave= 2.029E-04 +/- 1.83 % S(l=1) ave= 4.151E-02 +/- 8.27 % S(l=2) ave= 0.000E+00 +/- 0.00 % S(l=3) ave= 0.000E+00 +/- 0.00 % 
 ... random file  40 Cap(th)  ave= 2.546E+05 b. +/- 2.24 % || Ela(th) ave= 1.011E+03 b. +/- 4.51 % || RIcap ave= 7.03E+02 b. +/- 0.87 % || Macs30 ave= 9.29E-01 b. +/- 0.01 % || Gn^0(l=0) ave= 4.287E-03 +/- 1.64 % Gn^0(l=1) ave= 3.490E+00 +/- 8.19 % Gn^0(l=2) ave= 0.000E+00 +/- 0.00 % Gn^0(l=3) ave= 0.000E+00 +/- 0.00 % || Gtotal(l=0) ave= 2.054E-01 +/- 0.94 % Gtotal(l=1) ave= 1.697E-01 +/- 0.80 % Gtotal(l=2) ave= 0.000E+00 +/- 0.00 % Gtotal(l=3) ave= 0.000E+00 +/- 0.00 %  % || Gg(l=0) ave= 1.054E-01 +/- 1.08 % Gg(l=1) ave= 1.054E-01 +/- 0.94 % Gg(l=2) ave= 0.000E+00 +/- 0.00 % Gg(l=3) ave= 0.000E+00 +/- 0.00 %  % || D(l=0) ave= 1.111E+01 +/- 0.00 % D(l=1) ave= 1.545E+01 +/- 0.00 % D(l=2) ave= 0.000E+00 +/- 0.00 % D(l=3) ave= 0.000E+00 +/- 0.00 %  % || S(l=0) ave= 2.029E-04 +/- 1.80 % S(l=1) ave= 4.148E-02 +/- 8.18 % S(l=2) ave= 0.000E+00 +/- 0.00 % S(l=3) ave= 0.000E+00 +/- 0.00 % 
 ... Histogram plot for thermal (n,g)
 ... Write covariances  ... MT1  ... plot correlations
 ... MT2  ... MT102 


 ================================================
 ============== From 40 random values === start ======
 Thermal (n,tot) xs  0 K =  255652 b. +/- 5757.76 b. ( 2.25219 %) skew= +0.25 +/- 0.37
 Thermal (n,el) xs   0 K =  1010.52 b. +/- 45.5538 b. ( 4.50795 %) skew= +0.32 +/- 0.37
 Thermal (n,g) xs    0 K =  254641 b. +/- 5712.21 b. ( 2.24324 %) skew= +0.25 +/- 0.37
 RI      (n,g)       0 K =  703.193 b. +/- 6.13896 b. ( 0.873011 %) 
 MACS    (n,g)       0 K (at Emacs= 30000 eV) =  0.928819 b. +/- 6.51032e-05 b. ( 0.00700924 %) 
 Ave. Gtotal  L=0        =  2.054E-01 +/- 0.94 %
 Ave. Gn^(0)  L=0        =  4.287E-03 +/- 1.64 %
 Ave. Gg      L=0        =  1.054E-01 +/- 1.08 %
 Ave. D       L=0        =  1.111E+01 +/- 0.00 %
 Ave. S       L=0        =  2.029E-04 +/- 1.80 %
 Ave. Gtotal  L=1        =  1.697E-01 +/- 0.80 %
 Ave. Gg      L=1        =  1.054E-01 +/- 0.94 %
 Ave. D       L=1        =  1.545E+01 +/- 0.00 %
 Ave. S       L=1        =  4.148E-02 +/- 8.18 %

 Expected Thermal (n,g) (syst or meas)= 254000 b. +/- 815 b. nominal: 253993 b.
 ratio Calculated/expected thermal (n,g): 1.00 ratio DCalculated/Dexpected: 7.01 ratio Calculated/Nominal: 1.00
 ============== From 40 random values ===== stop ======
 ================================================
 ... Calculation of (n,a) and (n,p) cross sections at 300 K
 ... thermal (n,a) cross section is 0.0005 +/- 0.00025 b.
 ... thermal (n,a) cross section is 0.000378545 b. (random case 1)
 ... thermal (n,a) cross section is 0.000135544 b. (random case 2)
 ... thermal (n,a) cross section is 0.000406162 b. (random case 3)
 ... thermal (n,a) cross section is 0.000689523 b. (random case 4)
 ... thermal (n,a) cross section is 0.000578311 b. (random case 5)
 ... thermal (n,a) cross section is 0.000309381 b. (random case 6)
 ... thermal (n,a) cross section is 0.000433944 b. (random case 7)
 ... thermal (n,a) cross section is 0.000177395 b. (random case 8)
 ... thermal (n,a) cross section is 0.000788153 b. (random case 9)
 ... thermal (n,a) cross section is 0.000778451 b. (random case 10)
 ... thermal (n,a) cross section is 0.000767578 b. (random case 11)
 ... thermal (n,a) cross section is 0.000655792 b. (random case 12)
 ... thermal (n,a) cross section is 0.000293425 b. (random case 13)
 ... thermal (n,a) cross section is 0.000748173 b. (random case 14)
 ... thermal (n,a) cross section is 0.000466208 b. (random case 15)
 ... thermal (n,a) cross section is 0.000789495 b. (random case 16)
 ... thermal (n,a) cross section is 0.000303788 b. (random case 17)
 ... thermal (n,a) cross section is 0.000706076 b. (random case 18)
 ... thermal (n,a) cross section is 7.5592e-05 b. (random case 19)
 ... thermal (n,a) cross section is 0.000484991 b. (random case 20)
 ... thermal (n,a) cross section is 0.0004706 b. (random case 21)
 ... thermal (n,a) cross section is 0.00109195 b. (random case 22)
 ... thermal (n,a) cross section is 0.000698406 b. (random case 23)
 ... thermal (n,a) cross section is 0.000168436 b. (random case 24)
 ... thermal (n,a) cross section is 0.00033581 b. (random case 25)
 ... thermal (n,a) cross section is 0.00045797 b. (random case 26)
 ... thermal (n,a) cross section is 0.000508539 b. (random case 27)
 ... thermal (n,a) cross section is 0.000738461 b. (random case 28)
 ... thermal (n,a) cross section is 0.000318604 b. (random case 29)
 ... thermal (n,a) cross section is 0.0010256 b. (random case 30)
 ... thermal (n,a) cross section is 0.000358278 b. (random case 31)
 ... thermal (n,a) cross section is 0.000238972 b. (random case 32)
 ... thermal (n,a) cross section is 0.00028471 b. (random case 33)
 ... thermal (n,a) cross section is 0.000586435 b. (random case 34)
 ... thermal (n,a) cross section is 0.000406224 b. (random case 35)
 ... thermal (n,a) cross section is 0.000465928 b. (random case 36)
 ... thermal (n,a) cross section is 0.000546016 b. (random case 37)
 ... thermal (n,a) cross section is 0.000194529 b. (random case 38)
 ... thermal (n,a) cross section is 0.000911001 b. (random case 39)
 ... thermal (n,a) cross section is 0.000332319 b. (random case 40)
 ... (n,p) Q-value negative for this element
 ... Rewrite index for MF2
 ... Write text for MF1 in file mf1.tares.txt
 ... plotting cross sections for the MF1
 ... order output files


================== summary ==================
 Thermal (n,tot) xs = 254998 b. (recommended: 255920 b.)
 Thermal (n,el)  xs = 1004.89 b. 
 Thermal (n,g)   xs = 253993 b. (meas/sys: 254000 b.)

 RI      (n,g)      = 705.481 b. (meas or sys: 754 b.)
 RI      (n,el)     = 182.223 b.
=============================================


 ... cleaning
                                                 
  -------------------------------------------------------------
  -                                                           -
  - TARES: successful end of run with data from the database  -
  -             for Z= 64, A= 157 and isomer= 0               -
  -                                                           -
  -------------------------------------------------------------

   Running time:       75 seconds

 End time: Fri Oct  9 12:45:29 2026

