
  -------------------------------------------------------------
  -                                                           -
  -              Welcome to TARES version 1.8                 -
  -                                                           -
  -  (C) Copyright 2007-2025 D. Rochman, All Rights Reserved  -
  -           NRG, Petten, the Netherlands 2007-2014          -
  -           PSI, Villigen    Switzerland 2015-2025          -
  -         Nagra, Wettingen   Switzerland 2025-              -
  -           (Last Modified October 06, 2026)                -
  -           (Database from October 06, 2026)                -
  -                                                           -
  -------------------------------------------------------------


  ---------------------------------------------
   Compilation information:
   Compiled on:         Oct  8 2026, 18:36:06
   Compiled by:         koning
   Compiler version:    clang++ - 21.0.0
   Source location:     /Users/koning/tares-1.8/source/Module/
   Binaries location:   /Users/koning/bin
   System:              Darwin 25.6.0
   System version:      Darwin Kernel Version 25.6.0: Fri Jul 31 19:19:08 PDT 2026; root:xnu-12377.161.14~5/RELEASE_ARM64_T6050  
   Machine:             arm64 
  ---------------------------------------------

   User information:
   User name:           koning
   Running directory:   /Users/koning/tendl/resbase/Sr096/work
   Owner mode for running directory : rwx
   Group mode for running directory : r-x
  ---------------------------------------------


 Starting time: Fri Oct  9 11:29:29 2026
 ... inputs directory found (/Users/koning/tares-1.8/source/Module//../../inputs/).
 ... It will be used for resonance parameters 
 ... ###############################################
 ... #     read the input file tares.inp
 ... ###############################################
 ... line: #
 ... line: # Input file generated by Autorochman
          --> line not read
 ... line: #
 ... line: isotope    Sr
          --> Isotope name: Sr
 ... line: mass       96
          --> isotopic mass: 96
 ... line: output     n-Sr096
         ---> Name of the output files: n-Sr096
 ... line: isomer     0
          --> isomeric state: 0
 ... line: mf32mf33   y
          --> MF33 based on MF32: y
 ... line: nbrRandom  6
          --> Nbr of random files: 6
 ... ###############################################
 ... # end read the input file tares.inp
 ... ###############################################
Value for random generator type not considered in since Tares 1.7 due to compilation issues

 ... ###############################################
     #   Interpretation of the Input definition    #
     ###############################################

 ... Default energy limit: End of resonance region
 ... Nuclear charge    = 38
 ... Element           = Sr
 ... Mass              = 96
 ... Isomer            = 0
 ... Correlation for (Gn,Gg) not included in random files
 ... Default random option: No random
 ... Output name: n-Sr096
 ... Energy for the MACS: 30000 eV
 ... Resonances from CALENDF reduced (reduce=y) 
 ... For URR, level density model from TALYS selected: 91n3n12611.2850 (see manual for description)
 ... Random Generator: default (pseudo random numbers from ansi c++)
 ... Reconstruction of cross section selected
 ... Doppler broadening at 0 Kelvin
 ... URR not included (from the input file flag)
 ... Weight for grouping is flat
 ... Calculation of (n,alpha) cross section selected
 ... Number of digit for MF32c covariance representation: 2
 ... MF32 included
 ... MF33 will be used for covariance processing
 ... TENDL option set to yes (automatic choice of MF2 and format)
 ... Isotope not found in the best file --> use of MLBW formalism
 ... default option: Multi level Breit Wigner approximation selected
 ... (check file best.tendl.yes for changing this option)
 ... Retroactive option set to no with the 2025 option
 ... ladder option set to yes (CALENDF will be used for statistical resonances)

 ... ###############################################
     #           End of Input definition           #
     ###############################################

 ... gnuplot found, will be used for plotting
 ... latex found, will be used for plotting
 ... dvips found, will be used for plotting
 ... ps2epsi not found, limited plotting available
 ... uncertainties on default parameters multiplied by 1.5783
 ... Read resonance data from the 2025 directory
 ... Resonance parameters taken from /Users/koning/tares-1.8/source/Module//../../inputs/2025/Resonance/default/
 ---> Processing Z= 38 and A= 96 and isomer= 0 (level number: 0)
 Exfor path; Could not find /Users/koning/tares-1.8/source/Module//../../inputs/exfor/Sr096/xs/102
Thermal file; Could not open file /Users/koning/tares-1.8/source/Module//../../inputs/2025/runThermal/results//thermal.mxw.ng.cendl3.1
Thermal file; Could not open file /Users/koning/tares-1.8/source/Module//../../inputs/2025/runThermal/results//thermal.mxw.ng.brond3.1
Thermal file; Could not open file /Users/koning/tares-1.8/source/Module//../../inputs/2025/runThermal/results//thermal.xs.ng.unc.cendl3.1
 ... spin taken from the final/ directory (1)
 ... The spin found in level file ( 0 ) and the one in the urr file ( 5.5 ) differ

 ... ###############################################
 ... #  Nucleus global parameters (2025 database)  #
 ... ###############################################
 0. Half-life: 1.059 sec. 
 ... Scattering radius from TALYS: /Users/koning/tares-1.8/source/Module//../../inputs/2025/lib.urr/talys.urr/
 1. Spin of the target isotope: 0
 2. Relative Atomic Mass of the target isotope: 95.9217
 3. Scattering radius (local compilation): 6.08812 fm +/- 0.146115 fm
      .......................................
      ... Thermal capture cross sections: ...
 4. Thermal (n,g) cross section from systematics (TALYS, urr.dat): 0.949791 +/- 0.807322 b.
 5. Thermal (n,g) cross section from compilation (Firestone-2022 average on element Sr): 1.25 +/- 0.04 b.
 6. Thermal (n,g) cross section from compilation (Firestone-2022 final on element Sr): 1.25 +/- 0.04 b.
 7. Thermal (n,g) cross section from TENDL-2023: 0.9498 b.
      .......................................
      ...  Thermal total cross sections:  ...
      .......................................
      ... Thermal elastic cross sections: ...
 8. Thermal (n,el) cross section from potential (4piR^2): 7.65131 +/- 0.382565 b.
      .......................................
             ... Resonance integral: ...
 9. No capture integral found in /Users/koning/tares-1.8/source/Module//../../inputs/capture.integral
 ... no RI(n,g) found in local compilation, take 2018 value.
 ... no RI(n,g) found in local compilation, take Sukhoruchkin value.
   ---- MACS 30 keV ----- 
 10. TALYS MACS 30 keV (HF): 0.00421829 b. 
   ---------- S0 -------- 
 11. S0 from TALYS: 0.524125
   ---------- S1 -------- 
 12. S1 from TALYS: 4.85811
   ---------- S2 -------- 
 13. S2 from TALYS: 0.538764
   ---------- D0 -------- 
 14. D0 from TALYS: 15744 eV
   ---------- D1 -------- 
 15. D1 from TALYS: 5589.13 eV
   ---------- D2 -------- 
 16. D2 from TALYS: 3803.61 eV
   ---------- G0 -------- 
 17. Gg0 from TALYS: 0.0442365 eV
   ---------- G1 -------- 
 18. Gg1 from TALYS: 0.0637142 eV
   ---------- G2 -------- 
 19. Gg2 from TALYS: 0.0414447 eV


   ---------------------- 
 ... Read resonance parameters (format: 2: Multi Level Breit Wigner)
 ... 0 resonances found 
 ... possibly no resonances in the Resonance directory for this isotope and options
 ... Use HFR (ladder) behavior 
 --> 21. Number of resonances from the input file: 2 up to 7872 eV
 22. Read nuclear quantities (mass, MAT...)
 23. Read thermal (n,g) xs 
 24. Read the scattering radius 
 25. Read uncertainty on Gg for 2 resonances
 26. Read uncertainty on Gg for 2 resonances ... done
 ... order resonances 
 ... Upper limit for the RRR: 7872 eV (no statistical resonances HFR) from the limit.RRR file
 ... Write parameters for l=0 waves
 ... End writing original MF2 
 ... No RRR in the database: uncertainties on default parameters multiplied by 1.99753
 ... Enter in urr function (ladder option set to y) for file n-Sr096
 ... read the file /Users/koning/tares-1.8/source/Module//../../inputs/2025/list.jcs.urr to find URR origin
 Default URR taken from TALYS calculations with level density model: 91n3n12611.2850
 File considered for the URR: /Users/koning/tares-1.8/source/Module//../../inputs/2025/lib.urr/talys.urr/91n3n12611.2850/Sr/urr/urr.dat.Sr.096.000.0.gz
 ... Write URR using TALYS average parameters (used for HFR)
 ... Limit of URR changed to 25 keV (recommendation from WPEC and JEFF)
 ... Extract the Sn value from file ./urr.dat.Sr.96.0.0
 ... found Sn= 3.73374 MeV
 ... estimated number of resonances up to 517521 eV:  32.871 resonances
 ... This is a test here. The higher energy limit to include URR data for calendf is set to max Sn. 24/03/2016
 ... Use Sn to define the maximum energy for the URR: Sn= 3.73374 MeV --> last_energyURR= 517521 eV
 ... read D0, S0, Gn and Gg
 ... number of URR energies: 1405
 Number of l: 1405 and last energy: 5
 Last  URR energy: 517521 eV
 ... Enter in to_MLBW_mf2 function
 ... Convert to Multi Level Breit Wigner (MLBW)
 ... Write parameter covariances (MF32) for l=0
 ... Convert parameter covariances (MF32) to MLBW
 ... copy the mf2 and mf32 to .mlbw files
 ... Enter in urr_correct function case 1
 Modify the higher limit of RRR in MF2
 --> old value: 7.911360+3 eV new value: 1.000000-2 eV
 Modify resonance covariances (MF32) to include correlations in the URR
 End Modify resonance covariances (MF32) to include correlations in the URR
 ... Enter in calendf_xs function
 Use CALENDF for statistical resonances (update MF2) up to 5.175210+5 eV (initial limit)
 Extract resonances from CALENDF for RRR->URR 2
 444 statistical resonances found
 Reduction to 100 resonances based on the half-life of the isotope
 After reduction, 101 statistical resonances found
 ... checking resonance order 1
 ... checking resonance order 2nd round for 99 resonances
 ... end checking resonance order 2nd round
 .......................................................
 ... Adjustment to the thermal cross section : start ...
 .......................................................

 Before adjustment (adjustment to the thermal cross section set to y)
 ... Import MF2 from TARES calculations
 ... End energy of TARES MF2 : 2.067466E+5 eV and limit to 40000 resonances
 ... File used for reconstruction: new.temp22.reconst
 ... run RECENT ...
 ... Doppler broadened at a unique temperature: 300 Kelvin using sigma1
 ... run SIGMA1 at 3.000000E+02 K.

 ============== INTER values at 300 Kelvin ==============
 Thermal (n,g) xs =  0.537388 b. (meas/sys: 0.949791 b.) (warning: comparison to be done at 296 or 300 K)
 Th Maxw (n,g) xs =  0.54047 b. (thermal Maxwellian value)
 Westcott factor  =  1.00574
 RI      (n,g)    =  0.226635 b. (meas or sys: - b.)
 MACS 3.000e+04 eV=  0.0020003 b. (meas or sys: - b.) from 1.00E+00 to 2.00E+07 eV (end of RRR) at T= 300 Kelvin 
 Thermal (n,el) xs=  16.1094 b.
 RI      (n,el)   =  145.935 b.
 ============= PSYCHE values ==============
 Ave. G_total L0  =  229.979 eV
 Ave. G_total L1  =  367.237 eV
 Ave. G_total L2  =  1.98627 eV
 Ave. Gn_0    L0  =  0.660357
 Ave. Gn_0    L1  =  6.05911
 Ave. Gn_0    L2  =  0.809732
 Ave. Gg      L0  =  0.043834 eV
 Ave. Gg      L1  =  0.0595284 eV
 Ave. Gg      L2  =  0.0389313 eV
 Ave. D       L0  =  12161.6 eV
 Ave. D       L1  =  6669.25 eV
 Ave. D       L2  =  7129.19 eV
 Ave. S       L0  =  5.74927e-05 eV
 Ave. S       L1  =  0.000505298 eV
 Ave. S       L2  =  5.6714e-05 eV
 =========================================
 Calculated capture integral   0.226635 b.
 Calculated thermal (n,g)=          .537388178 b. and recommended= 0.949791 b. (C/E= 0.565796)
 Calculated RI      (n,g)= 0.226635 b. (no reference value)
 ... tolerances: thermal (n,g) 20 % (reference uncertainties, minimum 2% and 5%, maximum 20%)
 Adjust the capture widths ...
 ... capture adjusted with Gn for 7 resonances (Gn<Gg) and with Gg for 92 resonances
 ... iteration 0: C/E thermal (n,g)= 0.565796

 <-------- After adjustment -------->
 ... Import MF2 from TARES calculations
 ... End energy of TARES MF2 : 2.067466E+5 eV and limit to 40000 resonances
 ... File used for reconstruction: new.temp22.reconst
 ... run RECENT ...
 ... Doppler broadened at a unique temperature: 300 Kelvin using sigma1
 ... run SIGMA1 at 3.000000E+02 K.

 ============== INTER values at 300 Kelvin ==============
 Thermal (n,g) xs =  0.778828 b. (meas/sys: 0.949791 b.) (warning: comparison to be done at 296 or 300 K)
 Th Maxw (n,g) xs =  0.7833 b. (thermal Maxwellian value)
 Westcott factor  =  1.00574
 RI      (n,g)    =  0.327114 b. (meas or sys: - b.)
 MACS 3.000e+04 eV=  0.0028701 b. (meas or sys: - b.) from 1.00E+00 to 2.00E+07 eV (end of RRR) at T= 300 Kelvin 
 Thermal (n,el) xs=  16.1094 b.
 RI      (n,el)   =  145.933 b.
 ============= PSYCHE values ==============
 Ave. G_total L0  =  229.999 eV
 Ave. G_total L1  =  367.263 eV
 Ave. G_total L2  =  2.00323 eV
 Ave. Gn_0    L0  =  0.660357
 Ave. Gn_0    L1  =  6.05911
 Ave. Gn_0    L2  =  0.813338
 Ave. Gg      L0  =  0.0635279 eV
 Ave. Gg      L1  =  0.0862736 eV
 Ave. Gg      L2  =  0.0558852 eV
 Ave. D       L0  =  12161.6 eV
 Ave. D       L1  =  6669.25 eV
 Ave. D       L2  =  7129.19 eV
 Ave. S       L0  =  5.74927e-05 eV
 Ave. S       L1  =  0.000505298 eV
 Ave. S       L2  =  5.7028e-05 eV
 =========================================
 ... iteration 1: C/E thermal (n,g)= 0.82


 ... ratio C/E thermal (n,g): 8.200000E-01
 ...................................................... 
 ... Adjustment to the thermal cross section : stop ...
 ...................................................... 
 ... new MF2 file after adjustment: n-Sr096
 ... read the file /Users/koning/tares-1.8/source/Module//../../inputs/2025/list.jcs.urr to find URR origin
 Default URR taken from TALYS calculations with level density model: 91n3n12611.2850
 File considered for the URR: /Users/koning/tares-1.8/source/Module//../../inputs/2025/lib.urr/talys.urr/91n3n12611.2850/Sr/urr/urr.dat.Sr.096.000.0.gz
 ... Write URR using TALYS average parameters (not used for HFR)
 Energy limit of the URR set to 248096 eV
 ... read D0, S0, Gn and Gg
 ... number of URR energies: 10
 Number of l: 10 and last energy: 5
 Last  URR energy: 248096 eV
 ... Enter in urr_correct function case 2
 Modify the higher limit of RRR in MF2
 --> old value: 2.067466+5 eV new value: 2.067466+5 eV
 Modify resonance covariances (MF32) to include correlations in the URR
 End Modify resonance covariances (MF32) to include correlations in the URR
 ... Enter in update_MF32 function
 ... Change uncertainties
 ... for the HFR, random position of the positive resonances with 0.020000 %
 ... end of update MF32 function
 ... GLS calculation of the parameter correlations from the thermal/RI adjustment (MF32c)
 ... MF32: correlations from the thermal/RI adjustment (GLS) for 1 resonances (2 widths), 0 correlation lines
 ...   thermal (n,g): uncertainty from these widths 0.489817 b. -> 0.418769 b. (reference: 0.949791 +/- 0.807322 b.)
 ... copy the mf2 and mf32 to .mlbw files

 ... Start of final reconstruction and testing ...
 ... Reconstruction of cross sections at 0 Kelvin  ... Import MF2 from TARES calculations
 ... End energy of TARES MF2 : 2.067466E+5 eV and limit to 40000 resonances
 ... File used for reconstruction: n-Sr096.reconst
 ... run RECENT ...
 ... Doppler broadened at a unique temperature: 0 Kelvin using sigma1
 ... The keyword temperature is zero, no Doppler broadening for the MACS

 ============== INTER values at 0 Kelvin ==============
 Thermal (n,g) xs =  0.778411 b. (meas/sys: 0.949791 b.) (warning: comparison to be done at 296 or 300 K)
 Th Maxw (n,g) xs =  0.77882 b. (thermal Maxwellian value)
 Westcott factor  =  1.00053
 RI      (n,g)    =  0.325211 b. (meas or sys: - b.)
 MACS 3.000e+04 eV=  0.0028671 b. (meas or sys: - b.) from 1.00E+00 to 2.07E+05 eV (end of RRR) at T= 0 Kelvin 
 Thermal (n,el) xs=  16.024 b.
 RI      (n,el)   =  145.041 b.
 ============= PSYCHE values ==============
 Ave. G_total L0  =  229.999 eV
 Ave. G_total L1  =  367.263 eV
 Ave. G_total L2  =  2.00323 eV
 Ave. Gn_0    L0  =  0.660357
 Ave. Gn_0    L1  =  6.05911
 Ave. Gn_0    L2  =  0.813338
 Ave. Gg      L0  =  0.0635279 eV
 Ave. Gg      L1  =  0.0862736 eV
 Ave. Gg      L2  =  0.0558852 eV
 Ave. D       L0  =  12161.6 eV
 Ave. D       L1  =  6669.25 eV
 Ave. D       L2  =  7129.19 eV
 Ave. S       L0  =  5.74927e-05 eV
 Ave. S       L1  =  0.000505298 eV
 Ave. S       L2  =  5.7028e-05 eV
 =========================================
 ... End of final reconstruction and testing ...

 ... grouping is not optimum, change to 70 groups
 ... Produce MF33 based on MF32 and 6 random files
 ... MF3 of n-Sr096.reconst (3 sections) added to the files for ENDSAM
 ... run endsam for 6 in groups of 1 global run
 ... run endsam from 1 to 6
 ... random files: total width GT set to Gn+Gg+Gf (594 resonances in 6 files)
 ... reorder resonance position after endsam (sampling)
 ... preparing the vectors  ... done
 ... nominal file 0 Cap(th)  ave= 7.784E-01 b. +/- 0.00 % || Ela(th) ave= 1.602E+01 b. +/- 0.00 % || RIcap ave= 3.25E-01 b. +/- 0.00 % || Macs30 ave= 2.87E-03 b. +/- 0.00 % || Gn^0(l=0) ave= 6.604E-01 +/- 0.00 % Gn^0(l=1) ave= 6.059E+00 +/- 0.00 % Gn^0(l=2) ave= 8.133E-01 +/- 0.00 % Gn^0(l=3) ave= 0.000E+00 +/- 0.00 % || Gtotal(l=0) ave= 2.300E+02 +/- 0.00 % Gtotal(l=1) ave= 3.673E+02 +/- 0.00 % Gtotal(l=2) ave= 2.003E+00 +/- 0.00 % Gtotal(l=3) ave= 0.000E+00 +/- 0.00 %  % || Gg(l=0) ave= 6.353E-02 +/- 0.00 % Gg(l=1) ave= 8.627E-02 +/- 0.00 % Gg(l=2) ave= 5.589E-02 +/- 0.00 % Gg(l=3) ave= 0.000E+00 +/- 0.00 %  % || D(l=0) ave= 1.216E+04 +/- 0.00 % D(l=1) ave= 6.669E+03 +/- 0.00 % D(l=2) ave= 7.129E+03 +/- 0.00 % D(l=3) ave= 0.000E+00 +/- 0.00 %  % || S(l=0) ave= 5.749E-05 +/- 0.00 % S(l=1) ave= 5.053E-04 +/- 0.00 % S(l=2) ave= 5.703E-05 +/- 0.00 % S(l=3) ave= 0.000E+00 +/- 0.00 % 
 ... random file  1 Cap(th)  ave= 7.561E-01 b. +/- 2.96 % || Ela(th) ave= 1.705E+01 b. +/- 6.01 % || RIcap ave= 3.17E-01 b. +/- 2.63 % || Macs30 ave= 3.21E-03 b. +/- 10.64 % || Gn^0(l=0) ave= 6.804E-01 +/- 2.94 % Gn^0(l=1) ave= 5.617E+00 +/- 7.86 % Gn^0(l=2) ave= 6.905E-01 +/- 17.79 % Gn^0(l=3) ave= 0.000E+00 +/- 0.00 % || Gtotal(l=0) ave= 2.366E+02 +/- 2.80 % Gtotal(l=1) ave= 3.661E+02 +/- 0.31 % Gtotal(l=2) ave= 2.001E+00 +/- 0.09 % Gtotal(l=3) ave= 0.000E+00 +/- 0.00 %  % || Gg(l=0) ave= 6.520E-02 +/- 2.56 % Gg(l=1) ave= 9.232E-02 +/- 6.55 % Gg(l=2) ave= 5.722E-02 +/- 2.34 % Gg(l=3) ave= 0.000E+00 +/- 0.00 %  % || D(l=0) ave= 1.254E+04 +/- 3.03 % D(l=1) ave= 6.669E+03 +/- 0.00 % D(l=2) ave= 7.129E+03 +/- 0.00 % D(l=3) ave= 0.000E+00 +/- 0.00 %  % || S(l=0) ave= 5.754E-05 +/- 0.09 % S(l=1) ave= 4.683E-04 +/- 7.90 % S(l=2) ave= 4.842E-05 +/- 17.79 % S(l=3) ave= 0.000E+00 +/- 0.00 % 
 ... random file  2 Cap(th)  ave= 7.155E-01 b. +/- 8.42 % || Ela(th) ave= 1.656E+01 b. +/- 6.55 % || RIcap ave= 3.00E-01 b. +/- 8.45 % || Macs30 ave= 2.92E-03 b. +/- 16.84 % || Gn^0(l=0) ave= 6.840E-01 +/- 2.51 % Gn^0(l=1) ave= 5.780E+00 +/- 7.39 % Gn^0(l=2) ave= 7.382E-01 +/- 16.38 % Gn^0(l=3) ave= 0.000E+00 +/- 0.00 % || Gtotal(l=0) ave= 2.378E+02 +/- 2.37 % Gtotal(l=1) ave= 3.661E+02 +/- 0.25 % Gtotal(l=2) ave= 2.003E+00 +/- 0.11 % Gtotal(l=3) ave= 0.000E+00 +/- 0.00 %  % || Gg(l=0) ave= 6.216E-02 +/- 7.24 % Gg(l=1) ave= 8.277E-02 +/- 17.38 % Gg(l=2) ave= 5.678E-02 +/- 2.22 % Gg(l=3) ave= 0.000E+00 +/- 0.00 %  % || D(l=0) ave= 1.267E+04 +/- 2.83 % D(l=1) ave= 6.669E+03 +/- 0.00 % D(l=2) ave= 7.129E+03 +/- 0.00 % D(l=3) ave= 0.000E+00 +/- 0.00 %  % || S(l=0) ave= 5.731E-05 +/- 0.58 % S(l=1) ave= 4.820E-04 +/- 7.44 % S(l=2) ave= 5.174E-05 +/- 16.35 % S(l=3) ave= 0.000E+00 +/- 0.00 % 
 ... random file  3 Cap(th)  ave= 7.353E-01 b. +/- 8.49 % || Ela(th) ave= 1.705E+01 b. +/- 7.43 % || RIcap ave= 3.08E-01 b. +/- 8.48 % || Macs30 ave= 2.95E-03 b. +/- 14.55 % || Gn^0(l=0) ave= 6.770E-01 +/- 2.83 % Gn^0(l=1) ave= 5.556E+00 +/- 9.63 % Gn^0(l=2) ave= 6.770E-01 +/- 22.02 % Gn^0(l=3) ave= 0.000E+00 +/- 0.00 % || Gtotal(l=0) ave= 2.355E+02 +/- 2.68 % Gtotal(l=1) ave= 3.661E+02 +/- 0.22 % Gtotal(l=2) ave= 2.001E+00 +/- 0.16 % Gtotal(l=3) ave= 0.000E+00 +/- 0.00 %  % || Gg(l=0) ave= 6.268E-02 +/- 6.38 % Gg(l=1) ave= 8.199E-02 +/- 15.28 % Gg(l=2) ave= 5.599E-02 +/- 3.12 % Gg(l=3) ave= 0.000E+00 +/- 0.00 %  % || D(l=0) ave= 1.254E+04 +/- 3.03 % D(l=1) ave= 6.669E+03 +/- 0.00 % D(l=2) ave= 7.129E+03 +/- 0.00 % D(l=3) ave= 0.000E+00 +/- 0.00 %  % || S(l=0) ave= 5.726E-05 +/- 0.52 % S(l=1) ave= 4.630E-04 +/- 9.78 % S(l=2) ave= 4.746E-05 +/- 21.96 % S(l=3) ave= 0.000E+00 +/- 0.00 % 
 ... random file  4 Cap(th)  ave= 6.805E-01 b. +/- 18.06 % || Ela(th) ave= 1.717E+01 b. +/- 6.74 % || RIcap ave= 2.86E-01 b. +/- 17.55 % || Macs30 ave= 2.97E-03 b. +/- 12.99 % || Gn^0(l=0) ave= 6.818E-01 +/- 2.87 % Gn^0(l=1) ave= 5.546E+00 +/- 8.64 % Gn^0(l=2) ave= 6.703E-01 +/- 19.99 % Gn^0(l=3) ave= 0.000E+00 +/- 0.00 % || Gtotal(l=0) ave= 2.371E+02 +/- 2.75 % Gtotal(l=1) ave= 3.668E+02 +/- 0.44 % Gtotal(l=2) ave= 2.002E+00 +/- 0.16 % Gtotal(l=3) ave= 0.000E+00 +/- 0.00 %  % || Gg(l=0) ave= 6.056E-02 +/- 9.16 % Gg(l=1) ave= 8.499E-02 +/- 14.96 % Gg(l=2) ave= 5.647E-02 +/- 3.24 % Gg(l=3) ave= 0.000E+00 +/- 0.00 %  % || D(l=0) ave= 1.262E+04 +/- 2.95 % D(l=1) ave= 6.669E+03 +/- 0.00 % D(l=2) ave= 7.129E+03 +/- 0.00 % D(l=3) ave= 0.000E+00 +/- 0.00 %  % || S(l=0) ave= 5.733E-05 +/- 0.52 % S(l=1) ave= 4.623E-04 +/- 8.77 % S(l=2) ave= 4.698E-05 +/- 19.95 % S(l=3) ave= 0.000E+00 +/- 0.00 % 
 ... random file  5 Cap(th)  ave= 6.041E-01 b. +/- 33.83 % || Ela(th) ave= 1.690E+01 b. +/- 7.22 % || RIcap ave= 2.55E-01 b. +/- 32.71 % || Macs30 ave= 2.87E-03 b. +/- 14.12 % || Gn^0(l=0) ave= 6.775E-01 +/- 2.99 % Gn^0(l=1) ave= 5.699E+00 +/- 9.74 % Gn^0(l=2) ave= 7.173E-01 +/- 22.48 % Gn^0(l=3) ave= 0.000E+00 +/- 0.00 % || Gtotal(l=0) ave= 2.357E+02 +/- 2.88 % Gtotal(l=1) ave= 3.665E+02 +/- 0.43 % Gtotal(l=2) ave= 2.000E+00 +/- 0.30 % Gtotal(l=3) ave= 0.000E+00 +/- 0.00 %  % || Gg(l=0) ave= 5.838E-02 +/- 12.05 % Gg(l=1) ave= 8.332E-02 +/- 14.63 % Gg(l=2) ave= 5.489E-02 +/- 7.09 % Gg(l=3) ave= 0.000E+00 +/- 0.00 %  % || D(l=0) ave= 1.254E+04 +/- 3.03 % D(l=1) ave= 6.669E+03 +/- 0.00 % D(l=2) ave= 7.129E+03 +/- 0.00 % D(l=3) ave= 0.000E+00 +/- 0.00 %  % || S(l=0) ave= 5.730E-05 +/- 0.50 % S(l=1) ave= 4.751E-04 +/- 9.84 % S(l=2) ave= 5.027E-05 +/- 22.45 % S(l=3) ave= 0.000E+00 +/- 0.00 % 
 ... random file  6 Cap(th)  ave= 6.036E-01 b. +/- 31.35 % || Ela(th) ave= 1.690E+01 b. +/- 6.69 % || RIcap ave= 2.55E-01 b. +/- 30.26 % || Macs30 ave= 2.91E-03 b. +/- 13.20 % || Gn^0(l=0) ave= 6.802E-01 +/- 2.93 % Gn^0(l=1) ave= 5.664E+00 +/- 9.19 % Gn^0(l=2) ave= 7.063E-01 +/- 21.47 % Gn^0(l=3) ave= 0.000E+00 +/- 0.00 % || Gtotal(l=0) ave= 2.365E+02 +/- 2.81 % Gtotal(l=1) ave= 3.665E+02 +/- 0.40 % Gtotal(l=2) ave= 2.000E+00 +/- 0.28 % Gtotal(l=3) ave= 0.000E+00 +/- 0.00 %  % || Gg(l=0) ave= 5.800E-02 +/- 11.34 % Gg(l=1) ave= 8.371E-02 +/- 13.53 % Gg(l=2) ave= 5.570E-02 +/- 7.39 % Gg(l=3) ave= 0.000E+00 +/- 0.00 %  % || D(l=0) ave= 1.260E+04 +/- 2.99 % D(l=1) ave= 6.669E+03 +/- 0.00 % D(l=2) ave= 7.129E+03 +/- 0.00 % D(l=3) ave= 0.000E+00 +/- 0.00 %  % || S(l=0) ave= 5.729E-05 +/- 0.46 % S(l=1) ave= 4.721E-04 +/- 9.30 % S(l=2) ave= 4.951E-05 +/- 21.45 % S(l=3) ave= 0.000E+00 +/- 0.00 % 
 ... Histogram plot for thermal (n,g)
 ... Write covariances  ... MT1  ... plot correlations
 ... MT2  ... MT102 


 ================================================
 ============== From 6 random values === start ======
 Thermal (n,tot) xs  0 K =  17.5011 b. +/- 1.2279 b. ( 7.01614 %) skew= +0.05 +/- 0.79
 Thermal (n,el) xs   0 K =  16.8975 b. +/- 1.13011 b. ( 6.68804 %) skew= +0.09 +/- 0.79
 Thermal (n,g) xs    0 K =  0.603593 b. +/- 0.189239 b. ( 31.352 %) skew= -0.92 +/- 0.79
 RI      (n,g)       0 K =  0.25473 b. +/- 0.0770787 b. ( 30.259 %) 
 MACS    (n,g)       0 K (at Emacs= 30000 eV) =  0.00290597 b. +/- 0.000383708 b. ( 13.2041 %) 
 Ave. Gtotal  L=0        =  2.365E+02 +/- 2.81 %
 Ave. Gn^(0)  L=0        =  6.802E-01 +/- 2.93 %
 Ave. Gg      L=0        =  5.800E-02 +/- 11.34 %
 Ave. D       L=0        =  1.260E+04 +/- 2.99 %
 Ave. S       L=0        =  5.729E-05 +/- 0.46 %
 Ave. Gtotal  L=1        =  3.665E+02 +/- 0.40 %
 Ave. Gn^(1)  L=1        =  5.664E+00 +/- 9.19 %
 Ave. Gg      L=1        =  8.371E-02 +/- 13.53 %
 Ave. D       L=1        =  6.669E+03 +/- 0.00 %
 Ave. S       L=1        =  4.721E-04 +/- 9.30 %
 Ave. Gtotal  L=2        =  2.000E+00 +/- 0.28 %
 Ave. Gn^(2)  L=2        =  7.063E-01 +/- 21.47 %
 Ave. Gg      L=2        =  5.570E-02 +/- 7.39 %
 Ave. D       L=2        =  7.129E+03 +/- 0.00 %
 Ave. S       L=2        =  4.951E-05 +/- 21.45 %

 Expected Thermal (n,g) (syst or meas)= 0.949791 b. +/- 0.807322 b. nominal: 0.778411 b.
 ratio Calculated/expected thermal (n,g): 0.64 ratio DCalculated/Dexpected: 0.23 ratio Calculated/Nominal: 0.78
 ============== From 6 random values ===== stop ======
 ================================================
 ... Calculation of (n,a) and (n,p) cross sections at 300 K
 <<(n,a) Q-value negative for this element>> ... (n,p) Q-value negative for this element
 ... Rewrite index for MF2
 ... Write text for MF1 in file mf1.tares.txt
 ... plotting cross sections for the MF1
 ... order output files


================== summary ==================
 Thermal (n,tot) xs = 16.8024 b. 
 Thermal (n,el)  xs = 16.024 b. 
 Thermal (n,g)   xs = 0.778411 b. (meas/sys: 0.949791 b.)
 At 300 K (thermal adjustment): (n,el) = 16.1094 b., (n,g) = 0.778828 b.

 RI      (n,g)      = 0.325211 b. (meas or sys: - b.)
 RI      (n,el)     = 145.041 b.
=============================================


 ... cleaning
                                                 
  -------------------------------------------------------------
  -                                                           -
  - TARES: successful end of run with data from hypothetical  -
  - resonances for  Z= 38,  A= 96 and isomer= 0               -
  - half-life: 1.059000 sec. 
  -                                                           -
  -------------------------------------------------------------

   Running time:       12 seconds

 End time: Fri Oct  9 11:29:41 2026

