
  -------------------------------------------------------------
  -                                                           -
  -              Welcome to TARES version 1.8                 -
  -                                                           -
  -  (C) Copyright 2007-2025 D. Rochman, All Rights Reserved  -
  -           NRG, Petten, the Netherlands 2007-2014          -
  -           PSI, Villigen    Switzerland 2015-2025          -
  -         Nagra, Wettingen   Switzerland 2025-              -
  -           (Last Modified October 06, 2026)                -
  -           (Database from October 06, 2026)                -
  -                                                           -
  -------------------------------------------------------------


  ---------------------------------------------
   Compilation information:
   Compiled on:         Oct  8 2026, 18:36:06
   Compiled by:         koning
   Compiler version:    clang++ - 21.0.0
   Source location:     /Users/koning/tares-1.8/source/Module/
   Binaries location:   /Users/koning/bin
   System:              Darwin 25.6.0
   System version:      Darwin Kernel Version 25.6.0: Fri Jul 31 19:19:08 PDT 2026; root:xnu-12377.161.14~5/RELEASE_ARM64_T6050  
   Machine:             arm64 
  ---------------------------------------------

   User information:
   User name:           koning
   Running directory:   /Users/koning/tendl/resbase/Nb102m/work
   Owner mode for running directory : rwx
   Group mode for running directory : r-x
  ---------------------------------------------


 Starting time: Fri Oct  9 12:45:06 2026
 ... inputs directory found (/Users/koning/tares-1.8/source/Module//../../inputs/).
 ... It will be used for resonance parameters 
 ... ###############################################
 ... #     read the input file tares.inp
 ... ###############################################
 ... line: #
 ... line: # Input file generated by Autorochman
          --> line not read
 ... line: #
 ... line: isotope    Nb
          --> Isotope name: Nb
 ... line: mass       102
          --> isotopic mass: 102
 ... line: output     n-Nb102m
         ---> Name of the output files: n-Nb102m
 ... line: isomer     1
          --> isomeric state: 1
 ... line: mf32mf33   y
          --> MF33 based on MF32: y
 ... line: nbrRandom  6
          --> Nbr of random files: 6
 ... ###############################################
 ... # end read the input file tares.inp
 ... ###############################################
Value for random generator type not considered in since Tares 1.7 due to compilation issues

 ... ###############################################
     #   Interpretation of the Input definition    #
     ###############################################

 ... Default energy limit: End of resonance region
 ... Nuclear charge    = 41
 ... Element           = Nb
 ... Mass              = 102
 ... Isomer            = 1
 ... Correlation for (Gn,Gg) not included in random files
 ... Default random option: No random
 ... Output name: n-Nb102m
 ... Energy for the MACS: 30000 eV
 ... Resonances from CALENDF reduced (reduce=y) 
 ... For URR, level density model from TALYS selected: 91n3n12611.2850 (see manual for description)
 ... Random Generator: default (pseudo random numbers from ansi c++)
 ... Reconstruction of cross section selected
 ... Doppler broadening at 0 Kelvin
 ... URR not included (from the input file flag)
 ... Weight for grouping is flat
 ... Calculation of (n,alpha) cross section selected
 ... Number of digit for MF32c covariance representation: 2
 ... MF32 included
 ... MF33 will be used for covariance processing
 ... TENDL option set to yes (automatic choice of MF2 and format)
 ... Isotope not found in the best file --> use of MLBW formalism
 ... default option: Multi level Breit Wigner approximation selected
 ... (check file best.tendl.yes for changing this option)
 ... Retroactive option set to no with the 2025 option

 ... ###############################################
     #           End of Input definition           #
     ###############################################

 ... gnuplot found, will be used for plotting
 ... latex found, will be used for plotting
 ... dvips found, will be used for plotting
 ... ps2epsi not found, limited plotting available
 ... uncertainties on default parameters multiplied by 1.46348
 ... Read resonance data from the 2025 directory
 ... Resonance parameters taken from /Users/koning/tares-1.8/source/Module//../../inputs/2025/Resonance/default/
 ---> Processing Z= 41 and A= 102 and isomer= 1 (level number: 1)
 Exfor path; Could not find /Users/koning/tares-1.8/source/Module//../../inputs/exfor/Nb102m/xs/102
Thermal file; Could not open file /Users/koning/tares-1.8/source/Module//../../inputs/2025/runThermal/results//thermal.mxw.ng.cendl3.1
Thermal file; Could not open file /Users/koning/tares-1.8/source/Module//../../inputs/2025/runThermal/results//thermal.mxw.ng.brond3.1
Thermal file; Could not open file /Users/koning/tares-1.8/source/Module//../../inputs/2025/runThermal/results//thermal.xs.ng.unc.cendl3.1
 ... spin taken from the final/ directory (1)
 ... The spin found in level file ( 1 ) and the one in the urr file ( 5.5 ) differ

 ... ###############################################
 ... #  Nucleus global parameters (2025 database)  #
 ... ###############################################
 0. Half-life: 1.3 sec. 
 ... Scattering radius from TALYS: /Users/koning/tares-1.8/source/Module//../../inputs/2025/lib.urr/talys.urr/
 1. Spin of the target isotope: 1
 2. Relative Atomic Mass of the target isotope: 101.918
 3. Level of the isomer: 0.194000 MeV (level number 1)
 4. Scattering radius (local compilation): 6.21115 fm +/- 0.149068 fm
      .......................................
      ... Thermal capture cross sections: ...
 ... ratio of 0.938622 applied for isomeric cross section (isomer/ground)
 5. Thermal (n,g) cross section from systematics (TALYS, urr.dat): 16.4271 +/- 13.963 b.
 6. Thermal (n,g) cross section from compilation (Firestone-2022 average on element Nb): 1.16 +/- 0.03 b.
 7. Thermal (n,g) cross section from compilation (Firestone-2022 final on element Nb): 1.16 +/- 0.03 b.
      .......................................
      ...  Thermal total cross sections:  ...
      .......................................
      ... Thermal elastic cross sections: ...
 8. Thermal (n,el) cross section from potential (4piR^2): 7.80592 +/- 0.390296 b.
      .......................................
             ... Resonance integral: ...
 9. No capture integral found in /Users/koning/tares-1.8/source/Module//../../inputs/capture.integral
 ... no RI(n,g) found in local compilation, take 2018 value.
 ... no RI(n,g) found in local compilation, take Sukhoruchkin value.
   ---- MACS 30 keV ----- 
 10. TALYS MACS 30 keV (HF): 0.0022677 b. 
   ---------- S0 -------- 
 11. S0 from TALYS: 0.486484
   ---------- S1 -------- 
 12. S1 from TALYS: 8.7085
   ---------- S2 -------- 
 13. S2 from TALYS: 0.45965
   ---------- D0 -------- 
 14. D0 from TALYS: 33.7262 eV
   ---------- D1 -------- 
 15. D1 from TALYS: 17.916 eV
   ---------- D2 -------- 
 16. D2 from TALYS: 11.6301 eV
   ---------- G0 -------- 
 17. Gg0 from TALYS: 0.077099 eV
   ---------- G1 -------- 
 18. Gg1 from TALYS: 0.0752563 eV
   ---------- G2 -------- 
 19. Gg2 from TALYS: 0.077099 eV


   ---------------------- 
 ... Read resonance parameters (format: 2: Multi Level Breit Wigner)
 ... 0 resonances found 
 ... possibly no resonances in the Resonance directory for this isotope and options
 ... Use HFR (ladder) behavior 
 --> 21. Number of resonances from the input file: 2 up to 16.8631 eV
 22. Read nuclear quantities (mass, MAT...)
 23. Read thermal (n,g) xs 
 24. Read the scattering radius 
 25. Read uncertainty on Gg for 2 resonances
 26. Read uncertainty on Gg for 2 resonances ... done
 ... order resonances 
 ... Upper limit for the RRR: 16.8631 eV (no statistical resonances HFR) from the limit.RRR file
 ... Write parameters for l=0 waves
 ... End writing original MF2 
 ... No RRR in the database: uncertainties on default parameters multiplied by 1.99753
 ... Enter in urr function (ladder option set to y) for file n-Nb102m
 ... read the file /Users/koning/tares-1.8/source/Module//../../inputs/2025/list.jcs.urr to find URR origin
 Default URR taken from TALYS calculations with level density model: 91n3n12611.2850
 File considered for the URR: /Users/koning/tares-1.8/source/Module//../../inputs/2025/lib.urr/talys.urr/91n3n12611.2850/Nb/urr/urr.dat.Nb.102.001.1.gz
 ... Write URR using TALYS average parameters (used for HFR)
 ... Limit of URR changed to 25 keV (recommendation from WPEC and JEFF)
 ... Extract the Sn value from file ./urr.dat.Nb.102.1.1
 ... found Sn= 6.80172 MeV
 ... estimated number of resonances up to 4323.07 eV:  1 resonances
 ... This is a test here. The higher energy limit to include URR data for calendf is set to max Sn. 24/03/2016
 ... Use Sn to define the maximum energy for the URR: Sn= 6.80172 MeV --> last_energyURR= 4323.07 eV
 ... read D0, S0, Gn and Gg
 ... number of URR energies: 1782
 Number of l: 1782 and last energy: 9
 Last  URR energy: 4323.07 eV
 ... Enter in to_MLBW_mf2 function
 ... Convert to Multi Level Breit Wigner (MLBW)
 ... Write parameter covariances (MF32) for l=0
 ... Convert parameter covariances (MF32) to MLBW
 ... copy the mf2 and mf32 to .mlbw files
 ... Enter in urr_correct function case 1
 Modify the higher limit of RRR in MF2
 --> old value: 1.694741+1 eV new value: 1.000000-2 eV
 Modify resonance covariances (MF32) to include correlations in the URR
 End Modify resonance covariances (MF32) to include correlations in the URR
 ... Enter in calendf_xs function
 Use CALENDF for statistical resonances (update MF2) up to 4.323070+3 eV (initial limit)
 Extract resonances from CALENDF for RRR->URR 2
 786 statistical resonances found
 Reduction to 100 resonances based on the half-life of the isotope
 After reduction, 101 statistical resonances found
 ... checking resonance order 1
 ... checking resonance order 2nd round for 99 resonances
 ... end checking resonance order 2nd round
 .......................................................
 ... Adjustment to the thermal cross section : start ...
 .......................................................
 ... ratio of 0.938622 applied for isomeric cross section (isomer/ground)

 Before adjustment (adjustment to the thermal cross section set to y)
 ... Import MF2 from TARES calculations
 ... End energy of TARES MF2 : 1.025349E+3 eV and limit to 40000 resonances
 ... File used for reconstruction: new.temp22.reconst
 ... run RECENT ...
 ... Doppler broadened at a unique temperature: 300 Kelvin using sigma1
 ... run SIGMA1 at 3.000000E+02 K.

 ============== INTER values at 300 Kelvin ==============
 Thermal (n,g) xs =  9.78415 b. (meas/sys: 16.4271 b.) (warning: comparison to be done at 296 or 300 K)
 Th Maxw (n,g) xs =  9.8618 b. (thermal Maxwellian value)
 Westcott factor  =  1.00793
 RI      (n,g)    =  242.263 b. (meas or sys: - b.)
 MACS 3.000e+04 eV=  0.30115 b. (meas or sys: - b.) from 1.00E+00 to 2.00E+07 eV (end of RRR) at T= 300 Kelvin 
 Thermal (n,el) xs=  4.29501 b.
 RI      (n,el)   =  67.5656 b.
 ============= PSYCHE values ==============
 Ave. G_total L0  =  0.1363 eV
 Ave. G_total L1  =  0.0771221 eV
 Ave. G_total L2  =  0.0749175 eV
 Ave. Gn_0    L0  =  0.00276836
 Ave. Gn_0    L1  =  0.0823257
 Ave. Gn_0    L2  =  0.00608545
 Ave. Gg      L0  =  0.0770821 eV
 Ave. Gg      L1  =  0.0749365 eV
 Ave. Gg      L2  =  0.0749175 eV
 Ave. D       L0  =  33.0758 eV
 Ave. D       L1  =  39.4365 eV
 Ave. D       L2  =  68.3566 eV
 Ave. S       L0  =  4.0539e-05 eV
 Ave. S       L1  =  0.000451989 eV
 Ave. S       L2  =  1.41011e-05 eV
 =========================================
 Calculated capture integral   242.263 b.
 Calculated thermal (n,g)=          9.78415282 b. and recommended= 16.4271 b. (C/E= 0.59561)
 Calculated RI      (n,g)= 242.263 b. (no reference value)
 ... tolerances: thermal (n,g) 20 % (reference uncertainties, minimum 2% and 5%, maximum 20%)
 Adjust the capture widths ...
 ... capture adjusted with Gn for 92 resonances (Gn<Gg) and with Gg for 7 resonances
 ... iteration 0: C/E thermal (n,g)= 0.59561

 <-------- After adjustment -------->
 ... Import MF2 from TARES calculations
 ... End energy of TARES MF2 : 1.025349E+3 eV and limit to 40000 resonances
 ... File used for reconstruction: new.temp22.reconst
 ... run RECENT ...
 ... Doppler broadened at a unique temperature: 300 Kelvin using sigma1
 ... run SIGMA1 at 3.000000E+02 K.

 ============== INTER values at 300 Kelvin ==============
 Thermal (n,g) xs =  13.4702 b. (meas/sys: 16.4271 b.) (warning: comparison to be done at 296 or 300 K)
 Th Maxw (n,g) xs =  13.577 b. (thermal Maxwellian value)
 Westcott factor  =  1.00793
 RI      (n,g)    =  322.786 b. (meas or sys: - b.)
 MACS 3.000e+04 eV=  0.30165 b. (meas or sys: - b.) from 1.00E+00 to 2.00E+07 eV (end of RRR) at T= 300 Kelvin 
 Thermal (n,el) xs=  4.1471 b.
 RI      (n,el)   =  85.905 b.
 ============= PSYCHE values ==============
 Ave. G_total L0  =  0.149591 eV
 Ave. G_total L1  =  0.0779455 eV
 Ave. G_total L2  =  0.0749176 eV
 Ave. Gn_0    L0  =  0.00317075
 Ave. Gn_0    L1  =  0.113341
 Ave. Gn_0    L2  =  0.00837808
 Ave. Gg      L0  =  0.0834349 eV
 Ave. Gg      L1  =  0.0749365 eV
 Ave. Gg      L2  =  0.0749175 eV
 Ave. D       L0  =  33.0758 eV
 Ave. D       L1  =  39.4365 eV
 Ave. D       L2  =  68.3566 eV
 Ave. S       L0  =  4.65555e-05 eV
 Ave. S       L1  =  0.00062227 eV
 Ave. S       L2  =  1.94135e-05 eV
 =========================================
 ... iteration 1: C/E thermal (n,g)= 0.82


 ... ratio C/E thermal (n,g): 8.200000E-01
 ...................................................... 
 ... Adjustment to the thermal cross section : stop ...
 ...................................................... 
 ... new MF2 file after adjustment: n-Nb102m
 ... read the file /Users/koning/tares-1.8/source/Module//../../inputs/2025/list.jcs.urr to find URR origin
 Default URR taken from TALYS calculations with level density model: 91n3n12611.2850
 File considered for the URR: /Users/koning/tares-1.8/source/Module//../../inputs/2025/lib.urr/talys.urr/91n3n12611.2850/Nb/urr/urr.dat.Nb.102.001.1.gz
 ... Write URR using TALYS average parameters (not used for HFR)
 ... Limit of URR changed to 25 keV (recommendation from WPEC and JEFF)
 Energy limit of the URR set to 1332.95 eV
 ... read D0, S0, Gn and Gg
 ... number of URR energies: 27
 Number of l: 27 and last energy: 9
 Last  URR energy: 1332.95 eV
 ... Enter in urr_correct function case 2
 Modify the higher limit of RRR in MF2
 --> old value: 1.025349+3 eV new value: 1.025349+3 eV
 Modify resonance covariances (MF32) to include correlations in the URR
 End Modify resonance covariances (MF32) to include correlations in the URR
 ... Enter in update_MF32 function
 ... Change uncertainties
 ... for the HFR, random position of the positive resonances with 0.020000 %
 ... end of update MF32 function
 ... GLS calculation of the parameter correlations from the thermal/RI adjustment (MF32c)
 ... MF32: correlations from the thermal/RI adjustment (GLS) for 4 resonances (8 widths), 3 correlation lines
 ...   thermal (n,g): uncertainty from these widths 5.31934 b. -> 4.97085 b. (reference: 16.4271 +/- 13.963 b.)
 ... copy the mf2 and mf32 to .mlbw files

 ... Start of final reconstruction and testing ...
 ... Reconstruction of cross sections at 0 Kelvin  ... Import MF2 from TARES calculations
 ... End energy of TARES MF2 : 1.025349E+3 eV and limit to 40000 resonances
 ... File used for reconstruction: n-Nb102m.reconst
 ... run RECENT ...
 ... Doppler broadened at a unique temperature: 0 Kelvin using sigma1
 ... The keyword temperature is zero, no Doppler broadening for the MACS

 ============== INTER values at 0 Kelvin ==============
 Thermal (n,g) xs =  13.4622 b. (meas/sys: 16.4271 b.) (warning: comparison to be done at 296 or 300 K)
 Th Maxw (n,g) xs =  13.499 b. (thermal Maxwellian value)
 Westcott factor  =  1.00274
 RI      (n,g)    =  322.794 b. (meas or sys: - b.)
 MACS 3.000e+04 eV=  0.29987 b. (meas or sys: - b.) from 1.00E+00 to 1.03E+03 eV (end of RRR) at T= 0 Kelvin 
 Thermal (n,el) xs=  4.1265 b.
 RI      (n,el)   =  85.8943 b.
 ============= PSYCHE values ==============
 Ave. G_total L0  =  0.149591 eV
 Ave. G_total L1  =  0.0779455 eV
 Ave. G_total L2  =  0.0749176 eV
 Ave. Gn_0    L0  =  0.00317075
 Ave. Gn_0    L1  =  0.113341
 Ave. Gn_0    L2  =  0.00837808
 Ave. Gg      L0  =  0.0834349 eV
 Ave. Gg      L1  =  0.0749365 eV
 Ave. Gg      L2  =  0.0749175 eV
 Ave. D       L0  =  33.0758 eV
 Ave. D       L1  =  39.4365 eV
 Ave. D       L2  =  68.3566 eV
 Ave. S       L0  =  4.65555e-05 eV
 Ave. S       L1  =  0.00062227 eV
 Ave. S       L2  =  1.94135e-05 eV
 =========================================
 ... End of final reconstruction and testing ...

 ... grouping is not optimum, change to 70 groups
 ... Produce MF33 based on MF32 and 6 random files
 ... MF3 of n-Nb102m.reconst (3 sections) added to the files for ENDSAM
 ... run endsam for 6 in groups of 1 global run
 ... run endsam from 1 to 6
 ... random files: total width GT set to Gn+Gg+Gf (594 resonances in 6 files)
 ... reorder resonance position after endsam (sampling)
 ... preparing the vectors  ... done
 ... nominal file 0 Cap(th)  ave= 1.346E+01 b. +/- 0.00 % || Ela(th) ave= 4.127E+00 b. +/- 0.00 % || RIcap ave= 3.23E+02 b. +/- 0.00 % || Macs30 ave= 3.00E-01 b. +/- 0.00 % || Gn^0(l=0) ave= 3.171E-03 +/- 0.00 % Gn^0(l=1) ave= 1.133E-01 +/- 0.00 % Gn^0(l=2) ave= 8.378E-03 +/- 0.00 % Gn^0(l=3) ave= 0.000E+00 +/- 0.00 % || Gtotal(l=0) ave= 1.496E-01 +/- 0.00 % Gtotal(l=1) ave= 7.795E-02 +/- 0.00 % Gtotal(l=2) ave= 7.492E-02 +/- 0.00 % Gtotal(l=3) ave= 0.000E+00 +/- 0.00 %  % || Gg(l=0) ave= 8.343E-02 +/- 0.00 % Gg(l=1) ave= 7.494E-02 +/- 0.00 % Gg(l=2) ave= 7.492E-02 +/- 0.00 % Gg(l=3) ave= 0.000E+00 +/- 0.00 %  % || D(l=0) ave= 3.308E+01 +/- 0.00 % D(l=1) ave= 3.944E+01 +/- 0.00 % D(l=2) ave= 6.836E+01 +/- 0.00 % D(l=3) ave= 0.000E+00 +/- 0.00 %  % || S(l=0) ave= 4.656E-05 +/- 0.00 % S(l=1) ave= 6.223E-04 +/- 0.00 % S(l=2) ave= 1.941E-05 +/- 0.00 % S(l=3) ave= 0.000E+00 +/- 0.00 % 
 ... random file  1 Cap(th)  ave= 1.144E+01 b. +/- 17.65 % || Ela(th) ave= 3.957E+00 b. +/- 4.28 % || RIcap ave= 3.16E+02 b. +/- 2.28 % || Macs30 ave= 3.00E-01 b. +/- 0.04 % || Gn^0(l=0) ave= 3.160E-03 +/- 0.34 % Gn^0(l=1) ave= 1.182E-01 +/- 4.15 % Gn^0(l=2) ave= 9.113E-03 +/- 8.07 % Gn^0(l=3) ave= 0.000E+00 +/- 0.00 % || Gtotal(l=0) ave= 1.437E-01 +/- 4.10 % Gtotal(l=1) ave= 8.226E-02 +/- 5.25 % Gtotal(l=2) ave= 6.979E-02 +/- 7.35 % Gtotal(l=3) ave= 0.000E+00 +/- 0.00 %  % || Gg(l=0) ave= 7.780E-02 +/- 7.25 % Gg(l=1) ave= 7.925E-02 +/- 5.45 % Gg(l=2) ave= 6.979E-02 +/- 7.35 % Gg(l=3) ave= 0.000E+00 +/- 0.00 %  % || D(l=0) ave= 3.308E+01 +/- 0.00 % D(l=1) ave= 3.944E+01 +/- 0.00 % D(l=2) ave= 6.836E+01 +/- 0.00 % D(l=3) ave= 0.000E+00 +/- 0.00 %  % || S(l=0) ave= 4.639E-05 +/- 0.37 % S(l=1) ave= 6.489E-04 +/- 4.11 % S(l=2) ave= 2.112E-05 +/- 8.06 % S(l=3) ave= 0.000E+00 +/- 0.00 % 
 ... random file  2 Cap(th)  ave= 1.051E+01 b. +/- 20.14 % || Ela(th) ave= 4.300E+00 b. +/- 11.72 % || RIcap ave= 3.08E+02 b. +/- 3.86 % || Macs30 ave= 3.00E-01 b. +/- 0.03 % || Gn^0(l=0) ave= 3.159E-03 +/- 0.29 % Gn^0(l=1) ave= 1.106E-01 +/- 10.39 % Gn^0(l=2) ave= 8.033E-03 +/- 20.43 % Gn^0(l=3) ave= 0.000E+00 +/- 0.00 % || Gtotal(l=0) ave= 1.462E-01 +/- 4.11 % Gtotal(l=1) ave= 7.583E-02 +/- 12.86 % Gtotal(l=2) ave= 7.418E-02 +/- 10.09 % Gtotal(l=3) ave= 0.000E+00 +/- 0.00 %  % || Gg(l=0) ave= 8.044E-02 +/- 7.37 % Gg(l=1) ave= 7.282E-02 +/- 13.39 % Gg(l=2) ave= 7.418E-02 +/- 10.09 % Gg(l=3) ave= 0.000E+00 +/- 0.00 %  % || D(l=0) ave= 3.308E+01 +/- 0.00 % D(l=1) ave= 3.944E+01 +/- 0.00 % D(l=2) ave= 6.836E+01 +/- 0.00 % D(l=3) ave= 0.000E+00 +/- 0.00 %  % || S(l=0) ave= 4.639E-05 +/- 0.30 % S(l=1) ave= 6.074E-04 +/- 10.33 % S(l=2) ave= 1.861E-05 +/- 20.43 % S(l=3) ave= 0.000E+00 +/- 0.00 % 
 ... random file  3 Cap(th)  ave= 1.048E+01 b. +/- 17.49 % || Ela(th) ave= 4.572E+00 b. +/- 14.05 % || RIcap ave= 3.09E+02 b. +/- 3.35 % || Macs30 ave= 3.00E-01 b. +/- 0.03 % || Gn^0(l=0) ave= 3.188E-03 +/- 1.62 % Gn^0(l=1) ave= 1.051E-01 +/- 13.11 % Gn^0(l=2) ave= 7.302E-03 +/- 26.08 % Gn^0(l=3) ave= 0.000E+00 +/- 0.00 % || Gtotal(l=0) ave= 1.494E-01 +/- 5.01 % Gtotal(l=1) ave= 7.977E-02 +/- 13.60 % Gtotal(l=2) ave= 7.286E-02 +/- 9.43 % Gtotal(l=3) ave= 0.000E+00 +/- 0.00 %  % || Gg(l=0) ave= 8.291E-02 +/- 8.07 % Gg(l=1) ave= 7.675E-02 +/- 14.13 % Gg(l=2) ave= 7.286E-02 +/- 9.43 % Gg(l=3) ave= 0.000E+00 +/- 0.00 %  % || D(l=0) ave= 3.335E+01 +/- 1.43 % D(l=1) ave= 3.944E+01 +/- 0.00 % D(l=2) ave= 6.836E+01 +/- 0.00 % D(l=3) ave= 0.000E+00 +/- 0.00 %  % || S(l=0) ave= 4.638E-05 +/- 0.26 % S(l=1) ave= 5.772E-04 +/- 13.07 % S(l=2) ave= 1.692E-05 +/- 26.08 % S(l=3) ave= 0.000E+00 +/- 0.00 % 
 ... random file  4 Cap(th)  ave= 1.068E+01 b. +/- 15.80 % || Ela(th) ave= 4.556E+00 b. +/- 12.63 % || RIcap ave= 3.10E+02 b. +/- 3.06 % || Macs30 ave= 3.00E-01 b. +/- 0.03 % || Gn^0(l=0) ave= 3.199E-03 +/- 1.58 % Gn^0(l=1) ave= 1.050E-01 +/- 11.75 % Gn^0(l=2) ave= 7.276E-03 +/- 23.42 % Gn^0(l=3) ave= 0.000E+00 +/- 0.00 % || Gtotal(l=0) ave= 1.501E-01 +/- 4.58 % Gtotal(l=1) ave= 8.019E-02 +/- 12.15 % Gtotal(l=2) ave= 7.462E-02 +/- 9.48 % Gtotal(l=3) ave= 0.000E+00 +/- 0.00 %  % || Gg(l=0) ave= 8.352E-02 +/- 7.31 % Gg(l=1) ave= 7.718E-02 +/- 12.62 % Gg(l=2) ave= 7.461E-02 +/- 9.48 % Gg(l=3) ave= 0.000E+00 +/- 0.00 %  % || D(l=0) ave= 3.352E+01 +/- 1.61 % D(l=1) ave= 3.944E+01 +/- 0.00 % D(l=2) ave= 6.836E+01 +/- 0.00 % D(l=3) ave= 0.000E+00 +/- 0.00 %  % || S(l=0) ave= 4.631E-05 +/- 0.39 % S(l=1) ave= 5.765E-04 +/- 11.70 % S(l=2) ave= 1.686E-05 +/- 23.42 % S(l=3) ave= 0.000E+00 +/- 0.00 % 
 ... random file  5 Cap(th)  ave= 1.172E+01 b. +/- 23.78 % || Ela(th) ave= 4.605E+00 b. +/- 11.65 % || RIcap ave= 3.11E+02 b. +/- 2.88 % || Macs30 ave= 3.00E-01 b. +/- 0.03 % || Gn^0(l=0) ave= 3.194E-03 +/- 1.49 % Gn^0(l=1) ave= 1.038E-01 +/- 11.15 % Gn^0(l=2) ave= 7.100E-03 +/- 22.60 % Gn^0(l=3) ave= 0.000E+00 +/- 0.00 % || Gtotal(l=0) ave= 1.503E-01 +/- 4.18 % Gtotal(l=1) ave= 7.908E-02 +/- 11.67 % Gtotal(l=2) ave= 7.494E-02 +/- 8.67 % Gtotal(l=3) ave= 0.000E+00 +/- 0.00 %  % || Gg(l=0) ave= 8.380E-02 +/- 6.69 % Gg(l=1) ave= 7.607E-02 +/- 12.13 % Gg(l=2) ave= 7.494E-02 +/- 8.67 % Gg(l=3) ave= 0.000E+00 +/- 0.00 %  % || D(l=0) ave= 3.344E+01 +/- 1.55 % D(l=1) ave= 3.944E+01 +/- 0.00 % D(l=2) ave= 6.836E+01 +/- 0.00 % D(l=3) ave= 0.000E+00 +/- 0.00 %  % || S(l=0) ave= 4.633E-05 +/- 0.37 % S(l=1) ave= 5.701E-04 +/- 11.10 % S(l=2) ave= 1.645E-05 +/- 22.60 % S(l=3) ave= 0.000E+00 +/- 0.00 % 
 ... random file  6 Cap(th)  ave= 1.141E+01 b. +/- 23.58 % || Ela(th) ave= 4.528E+00 b. +/- 11.72 % || RIcap ave= 3.11E+02 b. +/- 2.67 % || Macs30 ave= 3.00E-01 b. +/- 0.03 % || Gn^0(l=0) ave= 3.190E-03 +/- 1.41 % Gn^0(l=1) ave= 1.053E-01 +/- 10.77 % Gn^0(l=2) ave= 7.310E-03 +/- 21.51 % Gn^0(l=3) ave= 0.000E+00 +/- 0.00 % || Gtotal(l=0) ave= 1.507E-01 +/- 3.92 % Gtotal(l=1) ave= 7.757E-02 +/- 12.01 % Gtotal(l=2) ave= 7.639E-02 +/- 9.14 % Gtotal(l=3) ave= 0.000E+00 +/- 0.00 %  % || Gg(l=0) ave= 8.427E-02 +/- 6.31 % Gg(l=1) ave= 7.456E-02 +/- 12.49 % Gg(l=2) ave= 7.639E-02 +/- 9.14 % Gg(l=3) ave= 0.000E+00 +/- 0.00 %  % || D(l=0) ave= 3.339E+01 +/- 1.49 % D(l=1) ave= 3.944E+01 +/- 0.00 % D(l=2) ave= 6.836E+01 +/- 0.00 % D(l=3) ave= 0.000E+00 +/- 0.00 %  % || S(l=0) ave= 4.633E-05 +/- 0.35 % S(l=1) ave= 5.783E-04 +/- 10.71 % S(l=2) ave= 1.694E-05 +/- 21.51 % S(l=3) ave= 0.000E+00 +/- 0.00 % 
 ... Histogram plot for thermal (n,g)
 ... Write covariances  ... MT1  ... plot correlations
 ... MT2  ... MT102 


 ================================================
 ============== From 6 random values === start ======
 Thermal (n,tot) xs  0 K =  15.9365 b. +/- 2.80051 b. ( 17.5729 %) skew= +1.02 +/- 0.79
 Thermal (n,el) xs   0 K =  4.52816 b. +/- 0.530873 b. ( 11.7238 %) skew= +0.19 +/- 0.79
 Thermal (n,g) xs    0 K =  11.4083 b. +/- 2.69011 b. ( 23.5802 %) skew= +1.02 +/- 0.79
 RI      (n,g)       0 K =  311.167 b. +/- 8.31991 b. ( 2.67378 %) 
 MACS    (n,g)       0 K (at Emacs= 30000 eV) =  0.299763 b. +/- 9.75016e-05 b. ( 0.0325262 %) 
 Ave. Gtotal  L=0        =  1.507E-01 +/- 3.92 %
 Ave. Gn^(0)  L=0        =  3.190E-03 +/- 1.41 %
 Ave. Gg      L=0        =  8.427E-02 +/- 6.31 %
 Ave. D       L=0        =  3.339E+01 +/- 1.49 %
 Ave. S       L=0        =  4.633E-05 +/- 0.35 %
 Ave. Gtotal  L=1        =  7.757E-02 +/- 12.01 %
 Ave. Gn^(1)  L=1        =  1.053E-01 +/- 10.77 %
 Ave. Gg      L=1        =  7.456E-02 +/- 12.49 %
 Ave. D       L=1        =  3.944E+01 +/- 0.00 %
 Ave. S       L=1        =  5.783E-04 +/- 10.71 %
 Ave. Gtotal  L=2        =  7.639E-02 +/- 9.14 %
 Ave. Gn^(2)  L=2        =  7.310E-03 +/- 21.51 %
 Ave. Gg      L=2        =  7.639E-02 +/- 9.14 %
 Ave. D       L=2        =  6.836E+01 +/- 0.00 %
 Ave. S       L=2        =  1.694E-05 +/- 21.51 %

 Expected Thermal (n,g) (syst or meas)= 16.4271 b. +/- 13.963 b. nominal: 13.4622 b.
 ratio Calculated/expected thermal (n,g): 0.69 ratio DCalculated/Dexpected: 0.19 ratio Calculated/Nominal: 0.85
 ============== From 6 random values ===== stop ======
 ================================================
 ... Calculation of (n,a) and (n,p) cross sections at 300 K
 <<(n,a) Q-value negative for this element>> ... (n,p) Q-value negative for this element
 ... Rewrite index for MF2
 ... Write text for MF1 in file mf1.tares.txt
 ... plotting cross sections for the MF1
 ... order output files


================== summary ==================
 Thermal (n,tot) xs = 17.5887 b. 
 Thermal (n,el)  xs = 4.1265 b. 
 Thermal (n,g)   xs = 13.4622 b. (meas/sys: 16.4271 b.)
 At 300 K (thermal adjustment): (n,el) = 4.1471 b., (n,g) = 13.4702 b.

 RI      (n,g)      = 322.794 b. (meas or sys: - b.)
 RI      (n,el)     = 85.8943 b.
=============================================


 ... cleaning
                                                 
  -------------------------------------------------------------
  -                                                           -
  - TARES: successful end of run with data from hypothetical  -
  - resonances for  Z= 41, A= 102 and isomer= 1               -
  - half-life: 1.300000 sec. 
  -                                                           -
  -------------------------------------------------------------

   Running time:       14 seconds

 End time: Fri Oct  9 12:45:20 2026

