
  -------------------------------------------------------------
  -                                                           -
  -              Welcome to TARES version 1.8                 -
  -                                                           -
  -  (C) Copyright 2007-2025 D. Rochman, All Rights Reserved  -
  -           NRG, Petten, the Netherlands 2007-2014          -
  -           PSI, Villigen    Switzerland 2015-2025          -
  -         Nagra, Wettingen   Switzerland 2025-              -
  -           (Last Modified October 06, 2026)                -
  -           (Database from October 06, 2026)                -
  -                                                           -
  -------------------------------------------------------------


  ---------------------------------------------
   Compilation information:
   Compiled on:         Oct  7 2026, 09:32:19
   Compiled by:         koning
   Compiler version:    clang++ - 21.0.0
   Source location:     /Users/koning/tares-1.8/source/Module/
   Binaries location:   /Users/koning/bin
   System:              Darwin 25.6.0
   System version:      Darwin Kernel Version 25.6.0: Fri Jul 31 19:19:08 PDT 2026; root:xnu-12377.161.14~5/RELEASE_ARM64_T6050  
   Machine:             arm64 
  ---------------------------------------------

   User information:
   User name:           koning
   Running directory:   /Users/koning/tendl/resbase/Ag106/work
   Owner mode for running directory : rwx
   Group mode for running directory : r-x
  ---------------------------------------------


 Starting time: Wed Oct  7 10:01:04 2026
 ... inputs directory found (/Users/koning/tares-1.8/source/Module//../../inputs/).
 ... It will be used for resonance parameters 
 ... ###############################################
 ... #     read the input file tares.inp
 ... ###############################################
 ... line: #
 ... line: # Input file generated by Autorochman
          --> line not read
 ... line: #
 ... line: isotope    Ag
          --> Isotope name: Ag
 ... line: mass       106
          --> isotopic mass: 106
 ... line: output     n-Ag106
         ---> Name of the output files: n-Ag106
 ... line: isomer     0
          --> isomeric state: 0
 ... line: mf32mf33   y
          --> MF33 based on MF32: y
 ... line: nbrRandom  10
          --> Nbr of random files: 10
 ... ###############################################
 ... # end read the input file tares.inp
 ... ###############################################
Value for random generator type not considered in since Tares 1.7 due to compilation issues

 ... ###############################################
     #   Interpretation of the Input definition    #
     ###############################################

 ... Default energy limit: End of resonance region
 ... Nuclear charge    = 47
 ... Element           = Ag
 ... Mass              = 106
 ... Isomer            = 0
 ... Correlation for (Gn,Gg) not included in random files
 ... Default random option: No random
 ... Output name: n-Ag106
 ... Energy for the MACS: 30000 eV
 ... Resonances from CALENDF reduced (reduce=y) 
 ... For URR, level density model from TALYS selected: 91n3n12611.2850 (see manual for description)
 ... Random Generator: default (pseudo random numbers from ansi c++)
 ... Reconstruction of cross section selected
 ... Doppler broadening at 0 Kelvin
 ... URR not included (from the input file flag)
 ... Weight for grouping is flat
 ... Calculation of (n,alpha) cross section selected
 ... Number of digit for MF32c covariance representation: 2
 ... MF32 included
 ... MF33 will be used for covariance processing
 ... TENDL option set to yes (automatic choice of MF2 and format)
 ... Isotope not found in the best file --> use of MLBW formalism
 ... default option: Multi level Breit Wigner approximation selected
 ... (check file best.tendl.yes for changing this option)
 ... Retroactive option set to no with the 2025 option
 ... ladder option set to yes (CALENDF will be used for statistical resonances)

 ... ###############################################
     #           End of Input definition           #
     ###############################################

 ... gnuplot found, will be used for plotting
 ... latex found, will be used for plotting
 ... dvips found, will be used for plotting
 ... ps2epsi not found, limited plotting available
 ... uncertainties on default parameters multiplied by 1.05039
 ... Read resonance data from the 2025 directory
 ... Resonance parameters taken from /Users/koning/tares-1.8/source/Module//../../inputs/2025/Resonance/default/
 ---> Processing Z= 47 and A= 106 and isomer= 0 (level number: 0)
 Exfor path; Could not find /Users/koning/tares-1.8/source/Module//../../inputs/exfor/Ag106/xs/102
Thermal file; Could not open file /Users/koning/tares-1.8/source/Module//../../inputs/2025/runThermal/results//thermal.mxw.ng.cendl3.1
Thermal file; Could not open file /Users/koning/tares-1.8/source/Module//../../inputs/2025/runThermal/results//thermal.mxw.ng.brond3.1
Thermal file; Could not open file /Users/koning/tares-1.8/source/Module//../../inputs/2025/runThermal/results//thermal.xs.ng.unc.cendl3.1
 ... spin taken from the final/ directory (1)
 ... The spin found in level file ( 1 ) and the one in the urr file ( 5.5 ) differ

 ... ###############################################
 ... #  Nucleus global parameters (2025 database)  #
 ... ###############################################
 0. Half-life: 23.9667 min. 
 ... Scattering radius from TALYS: /Users/koning/tares-1.8/source/Module//../../inputs/2025/lib.urr/talys.urr/
 1. Spin of the target isotope: 1
 2. Relative Atomic Mass of the target isotope: 105.906
 3. Scattering radius (local compilation): 6.29049 fm +/- 0.1321 fm
      .......................................
      ... Thermal capture cross sections: ...
 4. Thermal (n,g) cross section from systematics: 46.66 +/- 32.662 b.
 5. Thermal (n,g) cross section from compilation (Firestone-2022 average on element Ag): 63.7 +/- 0.6 b.
 6. Thermal (n,g) cross section from compilation (Firestone-2022 final on element Ag): 63.8 +/- 0.5 b.
 7. Thermal (n,g) cross section from TENDL-2023: 19.59 +/- 4.778 b.
 8. Thermal (n,g) cross section from JEFF-3.3: 157.4 +/- 0.02566 b.
 9. Thermal (n,g) cross section from JEFF-4.0: 19.59 +/- 7.876 b.
 10. Thermal (n,g) cross section from JENDL-5.0: 14.09 b.
      .......................................
      ...  Thermal total cross sections:  ...
      .......................................
      ... Thermal elastic cross sections: ...
 11. Thermal (n,el) cross section from potential (4piR^2): 7.90564 +/- 0.395282 b.
      .......................................
             ... Resonance integral: ...
 12. No capture integral found in /Users/koning/tares-1.8/source/Module//../../inputs/capture.integral
 ... no RI(n,g) found in local compilation, take 2018 value.
 ... no RI(n,g) found in local compilation, take Sukhoruchkin value.
   ---- MACS 30 keV ----- 
 13. TALYS MACS 30 keV (HF): 2.5986 b. 
   ---------- S0 -------- 
 14. S0 from TALYS: 0.583142
   ---------- S1 -------- 
 15. S1 from TALYS: 6.5408
   ---------- S2 -------- 
 16. S2 from TALYS: 0.524669
   ---------- D0 -------- 
 17. D0 from TALYS: 2.9186 eV
   ---------- D1 -------- 
 18. D1 from TALYS: 1.54093 eV
   ---------- D2 -------- 
 19. D2 from TALYS: 0.992547 eV
   ---------- G0 -------- 
 20. Gg0 from TALYS: 0.166381 eV
   ---------- G1 -------- 
 21. Gg1 from TALYS: 0.163165 eV
   ---------- G2 -------- 
 22. Gg2 from TALYS: 0.166381 eV


   ---------------------- 
 ... Read resonance parameters (format: 2: Multi Level Breit Wigner)
 ... 0 resonances found 
 ... possibly no resonances in the Resonance directory for this isotope and options
 ... Use HFR (ladder) behavior 
 --> 24. Number of resonances from the input file: 2 up to 1.4593 eV
 25. Read nuclear quantities (mass, MAT...)
 26. Read thermal (n,g) xs 
 27. Read the scattering radius 
 28. Read uncertainty on Gg for 2 resonances
 29. Read uncertainty on Gg for 2 resonances ... done
 ... order resonances 
 ... Upper limit for the RRR: 1.4593 eV (no statistical resonances HFR) from the limit.RRR file
 ... Write parameters for l=0 waves
 ... End writing original MF2 
 ... No RRR in the database: uncertainties on default parameters multiplied by 1.99753
 ... Enter in urr function (ladder option set to y) for file n-Ag106
 ... read the file /Users/koning/tares-1.8/source/Module//../../inputs/2025/list.jcs.urr to find URR origin
 Default URR taken from TALYS calculations with level density model: 91n3n12611.2850
 File considered for the URR: /Users/koning/tares-1.8/source/Module//../../inputs/2025/lib.urr/talys.urr/91n3n12611.2850/Ag/urr/urr.dat.Ag.106.000.0.gz
 ... Write URR using TALYS average parameters (used for HFR)
 ... Limit of URR changed to 25 keV (recommendation from WPEC and JEFF)
 ... Extract the Sn value from file ./urr.dat.Ag.106.0.0
 ... found Sn= 9.53562 MeV
 ... estimated number of resonances up to 178.073 eV:  61.0133 resonances
 ... This is a test here. The higher energy limit to include URR data for calendf is set to max Sn. 24/03/2016
 ... Use Sn to define the maximum energy for the URR: Sn= 9.53562 MeV --> last_energyURR= 178.073 eV
 ... read D0, S0, Gn and Gg
 ... number of URR energies: 1224
 Number of l: 1224 and last energy: 9
 Last  URR energy: 178.073 eV
 ... Enter in to_MLBW_mf2 function
 ... Convert to Multi Level Breit Wigner (MLBW)
 ... Write parameter covariances (MF32) for l=0
 ... Convert parameter covariances (MF32) to MLBW
 ... copy the mf2 and mf32 to .mlbw files
 ... Enter in urr_correct function case 1
 Modify the higher limit of RRR in MF2
 --> old value: 1.466594+0 eV new value: 1.000000-2 eV
 Modify resonance covariances (MF32) to include correlations in the URR
 End Modify resonance covariances (MF32) to include correlations in the URR
 ... Enter in calendf_xs function
 Use CALENDF for statistical resonances (update MF2) up to 1.780730+2 eV (initial limit)
 Extract resonances from CALENDF for RRR->URR 2
 201 statistical resonances found
 After reduction, 184 statistical resonances found
 ... checking resonance order 1
 ... checking resonance order 2nd round for 182 resonances
 ... end checking resonance order 2nd round
 Too many resonances (182): reduced to 100.
 .......................................................
 ... Adjustment to the thermal cross section : start ...
 .......................................................

 Before adjustment (adjustment to the thermal cross section set to y)
 ... Import MF2 from TARES calculations
 ... End energy of TARES MF2 : 9.827997E+1 eV and limit to 40000 resonances
 ... File used for reconstruction: new.temp22.reconst
 ... run RECENT ...
 ... Doppler broadened at a unique temperature: 300 Kelvin using sigma1
 ... run SIGMA1 at 3.000000E+02 K.

 ============== INTER values at 300 Kelvin ==============
 Thermal (n,g) xs =  67.9762 b. (meas/sys: 46.66 b.) (warning: comparison to be done at 296 or 300 K)
 Th Maxw (n,g) xs =  69.731 b. (thermal Maxwellian value)
 Westcott factor  =  1.02581
 RI      (n,g)    =  711.156 b. (meas or sys: - b.)
 MACS 3.000e+04 eV=  2.4987 b. (meas or sys: - b.) from 1.00E+00 to 2.00E+07 eV (end of RRR) at T= 300 Kelvin 
 Thermal (n,el) xs=  3.67833 b.
 RI      (n,el)   =  30.4743 b.
 ============= PSYCHE values ==============
 Ave. G_total L0  =  0.166665 eV
 Ave. G_total L1  =  0.159309 eV
 Ave. Gn_0    L0  =  0.000402446
 Ave. Gn_0    L1  =  0.00529619
 Ave. Gg      L0  =  0.164188 eV
 Ave. Gg      L1  =  0.159306 eV
 Ave. D       L0  =  2.97818 eV
 Ave. D       L1  =  1.9656 eV
 Ave. S       L0  =  7.05108e-05 eV
 Ave. S       L1  =  0.00059566 eV
 =========================================
 Calculated capture integral   711.156 b.
 Calculated thermal (n,g)=          67.9761978 b. and recommended= 46.66 b. (C/E= 1.45684)
 Calculated RI      (n,g)= 711.156 b. (no reference value)
 ... tolerances: thermal (n,g) 20 % (reference uncertainties, minimum 2% and 5%, maximum 20%)
 Adjust the capture widths ...
 ... capture adjusted with Gn for 100 resonances (Gn<Gg) and with Gg for 0 resonances
 ... iteration 0: C/E thermal (n,g)= 1.45684

 <-------- After adjustment -------->
 ... Import MF2 from TARES calculations
 ... End energy of TARES MF2 : 9.827997E+1 eV and limit to 40000 resonances
 ... File used for reconstruction: new.temp22.reconst
 ... run RECENT ...
 ... Doppler broadened at a unique temperature: 300 Kelvin using sigma1
 ... run SIGMA1 at 3.000000E+02 K.

 ============== INTER values at 300 Kelvin ==============
 Thermal (n,g) xs =  55.0591 b. (meas/sys: 46.66 b.) (warning: comparison to be done at 296 or 300 K)
 Th Maxw (n,g) xs =  56.48 b. (thermal Maxwellian value)
 Westcott factor  =  1.02581
 RI      (n,g)    =  586.571 b. (meas or sys: - b.)
 MACS 3.000e+04 eV=  2.4987 b. (meas or sys: - b.) from 1.00E+00 to 2.00E+07 eV (end of RRR) at T= 300 Kelvin 
 Thermal (n,el) xs=  3.91319 b.
 RI      (n,el)   =  28.2897 b.
 ============= PSYCHE values ==============
 Ave. G_total L0  =  0.166194 eV
 Ave. G_total L1  =  0.159308 eV
 Ave. Gn_0    L0  =  0.00032597
 Ave. Gn_0    L1  =  0.00428976
 Ave. Gg      L0  =  0.164188 eV
 Ave. Gg      L1  =  0.159306 eV
 Ave. D       L0  =  2.97818 eV
 Ave. D       L1  =  1.9656 eV
 Ave. S       L0  =  5.71117e-05 eV
 Ave. S       L1  =  0.000482468 eV
 =========================================
 ... iteration 1: C/E thermal (n,g)= 1.18001


 ... ratio C/E thermal (n,g): 1.180006E+00
 ...................................................... 
 ... Adjustment to the thermal cross section : stop ...
 ...................................................... 
 ... new MF2 file after adjustment: n-Ag106
 ... read the file /Users/koning/tares-1.8/source/Module//../../inputs/2025/list.jcs.urr to find URR origin
 Default URR taken from TALYS calculations with level density model: 91n3n12611.2850
 File considered for the URR: /Users/koning/tares-1.8/source/Module//../../inputs/2025/lib.urr/talys.urr/91n3n12611.2850/Ag/urr/urr.dat.Ag.106.000.0.gz
 ... Write URR using TALYS average parameters (not used for HFR)
 ... Limit of URR changed to 25 keV (recommendation from WPEC and JEFF)
 ... read D0, S0, Gn and Gg
 ... number of URR energies: 1143
 Number of l: 1143 and last energy: 9
 Last  URR energy: 88763.4 eV
 Energies in the URR : 1143 -> reduced by a factor 2
 Energies in the URR : 540 -> reduced by a factor 2
 ... Enter in urr_correct function case 2
 Modify the higher limit of RRR in MF2
 --> old value: 9.827997+1 eV new value: 9.827997+1 eV
 Modify resonance covariances (MF32) to include correlations in the URR
 End Modify resonance covariances (MF32) to include correlations in the URR
 ... Enter in update_MF32 function
 ... Change uncertainties
 ... for the HFR, random position of the positive resonances with 0.020000 %
 ... end of update MF32 function
 ... GLS calculation of the parameter correlations from the thermal/RI adjustment (MF32c)
 ... MF32: correlations from the thermal/RI adjustment (GLS) for 6 resonances (12 widths), 2 correlation lines
 ...   thermal (n,g): uncertainty from these widths 14.6058 b. -> 13.3334 b. (reference: 46.66 +/- 32.662 b.)
 ... copy the mf2 and mf32 to .mlbw files

 ... Start of final reconstruction and testing ...
 ... Reconstruction of cross sections at 0 Kelvin  ... Import MF2 from TARES calculations
 ... End energy of TARES MF2 : 9.827997E+1 eV and limit to 40000 resonances
 ... File used for reconstruction: n-Ag106.reconst
 ... run RECENT ...
 ... Doppler broadened at a unique temperature: 0 Kelvin using sigma1
 ... The keyword temperature is zero, no Doppler broadening for the MACS

 ============== INTER values at 0 Kelvin ==============
 Thermal (n,g) xs =  55.0078 b. (meas/sys: 46.66 b.) (warning: comparison to be done at 296 or 300 K)
 Th Maxw (n,g) xs =  56.115 b. (thermal Maxwellian value)
 Westcott factor  =  1.02014
 RI      (n,g)    =  585.715 b. (meas or sys: - b.)
 MACS 3.000e+04 eV=  2.4844 b. (meas or sys: - b.) from 1.00E+00 to 9.83E+01 eV (end of RRR) at T= 0 Kelvin 
 Thermal (n,el) xs=  3.89456 b.
 RI      (n,el)   =  28.2439 b.
 ============= PSYCHE values ==============
 Ave. G_total L0  =  0.166194 eV
 Ave. G_total L1  =  0.159308 eV
 Ave. Gn_0    L0  =  0.00032597
 Ave. Gn_0    L1  =  0.00428976
 Ave. Gg      L0  =  0.164188 eV
 Ave. Gg      L1  =  0.159306 eV
 Ave. D       L0  =  2.97818 eV
 Ave. D       L1  =  1.9656 eV
 Ave. S       L0  =  5.71117e-05 eV
 Ave. S       L1  =  0.000482468 eV
 =========================================
 ... End of final reconstruction and testing ...

 ... grouping is not optimum, change to 70 groups
 ... Produce MF33 based on MF32 and 10 random files
 ... run endsam for 10 in groups of 1 global run
 ... run endsam from 1 to 10
 ... reorder resonance position after endsam (sampling)
 ... preparing the vectors  ... done
 ... nominal file 0 Cap(th)  ave= 5.501E+01 b. +/- 0.00 % || Ela(th) ave= 3.895E+00 b. +/- 0.00 % || RIcap ave= 5.37E+02 b. +/- 0.00 % || Macs30 ave= 3.28E+01 b. +/- 0.00 % || Gn^0(l=0) ave= 3.260E-04 +/- 0.00 % Gn^0(l=1) ave= 4.290E-03 +/- 0.00 % Gn^0(l=2) ave= 0.000E+00 +/- 0.00 % Gn^0(l=3) ave= 0.000E+00 +/- 0.00 % || Gtotal(l=0) ave= 1.662E-01 +/- 0.00 % Gtotal(l=1) ave= 1.593E-01 +/- 0.00 % Gtotal(l=2) ave= 0.000E+00 +/- 0.00 % Gtotal(l=3) ave= 0.000E+00 +/- 0.00 %  % || Gg(l=0) ave= 1.642E-01 +/- 0.00 % Gg(l=1) ave= 1.593E-01 +/- 0.00 % Gg(l=2) ave= 0.000E+00 +/- 0.00 % Gg(l=3) ave= 0.000E+00 +/- 0.00 %  % || D(l=0) ave= 2.978E+00 +/- 0.00 % D(l=1) ave= 1.966E+00 +/- 0.00 % D(l=2) ave= 0.000E+00 +/- 0.00 % D(l=3) ave= 0.000E+00 +/- 0.00 %  % || S(l=0) ave= 5.711E-05 +/- 0.00 % S(l=1) ave= 4.825E-04 +/- 0.00 % S(l=2) ave= 0.000E+00 +/- 0.00 % S(l=3) ave= 0.000E+00 +/- 0.00 % 
 ... random file  1 Cap(th)  ave= 5.498E+01 b. +/- 0.05 % || Ela(th) ave= 4.205E+00 b. +/- 7.38 % || RIcap ave= 5.37E+02 b. +/- 0.03 % || Macs30 ave= 3.26E+01 b. +/- 0.46 % || Gn^0(l=0) ave= 3.258E-04 +/- 0.06 % Gn^0(l=1) ave= 4.026E-03 +/- 6.55 % Gn^0(l=2) ave= 0.000E+00 +/- 0.00 % Gn^0(l=3) ave= 0.000E+00 +/- 0.00 % || Gtotal(l=0) ave= 1.662E-01 +/- 0.00 % Gtotal(l=1) ave= 1.593E-01 +/- 0.00 % Gtotal(l=2) ave= 0.000E+00 +/- 0.00 % Gtotal(l=3) ave= 0.000E+00 +/- 0.00 %  % || Gg(l=0) ave= 1.730E-01 +/- 5.11 % Gg(l=1) ave= 1.632E-01 +/- 2.40 % Gg(l=2) ave= 0.000E+00 +/- 0.00 % Gg(l=3) ave= 0.000E+00 +/- 0.00 %  % || D(l=0) ave= 2.978E+00 +/- 0.00 % D(l=1) ave= 1.966E+00 +/- 0.00 % D(l=2) ave= 0.000E+00 +/- 0.00 % D(l=3) ave= 0.000E+00 +/- 0.00 %  % || S(l=0) ave= 5.708E-05 +/- 0.06 % S(l=1) ave= 4.528E-04 +/- 6.55 % S(l=2) ave= 0.000E+00 +/- 0.00 % S(l=3) ave= 0.000E+00 +/- 0.00 % 
 ... random file  2 Cap(th)  ave= 6.076E+01 b. +/- 13.46 % || Ela(th) ave= 4.237E+00 b. +/- 6.07 % || RIcap ave= 5.34E+02 b. +/- 0.76 % || Macs30 ave= 3.25E+01 b. +/- 0.62 % || Gn^0(l=0) ave= 3.262E-04 +/- 0.19 % Gn^0(l=1) ave= 3.992E-03 +/- 5.52 % Gn^0(l=2) ave= 0.000E+00 +/- 0.00 % Gn^0(l=3) ave= 0.000E+00 +/- 0.00 % || Gtotal(l=0) ave= 1.662E-01 +/- 0.00 % Gtotal(l=1) ave= 1.593E-01 +/- 0.00 % Gtotal(l=2) ave= 0.000E+00 +/- 0.00 % Gtotal(l=3) ave= 0.000E+00 +/- 0.00 %  % || Gg(l=0) ave= 1.659E-01 +/- 7.48 % Gg(l=1) ave= 1.633E-01 +/- 1.96 % Gg(l=2) ave= 0.000E+00 +/- 0.00 % Gg(l=3) ave= 0.000E+00 +/- 0.00 %  % || D(l=0) ave= 2.978E+00 +/- 0.00 % D(l=1) ave= 1.966E+00 +/- 0.00 % D(l=2) ave= 0.000E+00 +/- 0.00 % D(l=3) ave= 0.000E+00 +/- 0.00 %  % || S(l=0) ave= 5.714E-05 +/- 0.17 % S(l=1) ave= 4.490E-04 +/- 5.52 % S(l=2) ave= 0.000E+00 +/- 0.00 % S(l=3) ave= 0.000E+00 +/- 0.00 % 
 ... random file  3 Cap(th)  ave= 6.129E+01 b. +/- 11.65 % || Ela(th) ave= 4.083E+00 b. +/- 8.50 % || RIcap ave= 5.33E+02 b. +/- 0.71 % || Macs30 ave= 3.26E+01 b. +/- 0.55 % || Gn^0(l=0) ave= 3.262E-04 +/- 0.17 % Gn^0(l=1) ave= 4.138E-03 +/- 7.64 % Gn^0(l=2) ave= 0.000E+00 +/- 0.00 % Gn^0(l=3) ave= 0.000E+00 +/- 0.00 % || Gtotal(l=0) ave= 1.662E-01 +/- 0.00 % Gtotal(l=1) ave= 1.593E-01 +/- 0.00 % Gtotal(l=2) ave= 0.000E+00 +/- 0.00 % Gtotal(l=3) ave= 0.000E+00 +/- 0.00 %  % || Gg(l=0) ave= 1.654E-01 +/- 6.52 % Gg(l=1) ave= 1.664E-01 +/- 3.62 % Gg(l=2) ave= 0.000E+00 +/- 0.00 % Gg(l=3) ave= 0.000E+00 +/- 0.00 %  % || D(l=0) ave= 2.978E+00 +/- 0.00 % D(l=1) ave= 1.966E+00 +/- 0.00 % D(l=2) ave= 0.000E+00 +/- 0.00 % D(l=3) ave= 0.000E+00 +/- 0.00 %  % || S(l=0) ave= 5.715E-05 +/- 0.15 % S(l=1) ave= 4.654E-04 +/- 7.64 % S(l=2) ave= 0.000E+00 +/- 0.00 % S(l=3) ave= 0.000E+00 +/- 0.00 % 
 ... random file  4 Cap(th)  ave= 6.365E+01 b. +/- 12.47 % || Ela(th) ave= 4.100E+00 b. +/- 7.61 % || RIcap ave= 5.30E+02 b. +/- 1.44 % || Macs30 ave= 3.26E+01 b. +/- 0.50 % || Gn^0(l=0) ave= 3.277E-04 +/- 0.90 % Gn^0(l=1) ave= 4.120E-03 +/- 6.92 % Gn^0(l=2) ave= 0.000E+00 +/- 0.00 % Gn^0(l=3) ave= 0.000E+00 +/- 0.00 % || Gtotal(l=0) ave= 1.662E-01 +/- 0.02 % Gtotal(l=1) ave= 1.593E-01 +/- 0.00 % Gtotal(l=2) ave= 0.000E+00 +/- 0.00 % Gtotal(l=3) ave= 0.000E+00 +/- 0.00 %  % || Gg(l=0) ave= 1.620E-01 +/- 7.27 % Gg(l=1) ave= 1.628E-01 +/- 5.55 % Gg(l=2) ave= 0.000E+00 +/- 0.00 % Gg(l=3) ave= 0.000E+00 +/- 0.00 %  % || D(l=0) ave= 2.997E+00 +/- 1.24 % D(l=1) ave= 1.966E+00 +/- 0.00 % D(l=2) ave= 0.000E+00 +/- 0.00 % D(l=3) ave= 0.000E+00 +/- 0.00 %  % || S(l=0) ave= 5.706E-05 +/- 0.35 % S(l=1) ave= 4.634E-04 +/- 6.92 % S(l=2) ave= 0.000E+00 +/- 0.00 % S(l=3) ave= 0.000E+00 +/- 0.00 % 
 ... random file  5 Cap(th)  ave= 5.958E+01 b. +/- 19.51 % || Ela(th) ave= 4.076E+00 b. +/- 7.11 % || RIcap ave= 5.32E+02 b. +/- 1.54 % || Macs30 ave= 3.25E+01 b. +/- 0.65 % || Gn^0(l=0) ave= 3.289E-04 +/- 1.16 % Gn^0(l=1) ave= 4.138E-03 +/- 6.36 % Gn^0(l=2) ave= 0.000E+00 +/- 0.00 % Gn^0(l=3) ave= 0.000E+00 +/- 0.00 % || Gtotal(l=0) ave= 1.662E-01 +/- 0.03 % Gtotal(l=1) ave= 1.593E-01 +/- 0.00 % Gtotal(l=2) ave= 0.000E+00 +/- 0.00 % Gtotal(l=3) ave= 0.000E+00 +/- 0.00 %  % || Gg(l=0) ave= 1.586E-01 +/- 8.35 % Gg(l=1) ave= 1.599E-01 +/- 6.49 % Gg(l=2) ave= 0.000E+00 +/- 0.00 % Gg(l=3) ave= 0.000E+00 +/- 0.00 %  % || D(l=0) ave= 3.009E+00 +/- 1.46 % D(l=1) ave= 1.966E+00 +/- 0.00 % D(l=2) ave= 0.000E+00 +/- 0.00 % D(l=3) ave= 0.000E+00 +/- 0.00 %  % || S(l=0) ave= 5.705E-05 +/- 0.32 % S(l=1) ave= 4.655E-04 +/- 6.36 % S(l=2) ave= 0.000E+00 +/- 0.00 % S(l=3) ave= 0.000E+00 +/- 0.00 % 
 ... random file  6 Cap(th)  ave= 5.587E+01 b. +/- 25.23 % || Ela(th) ave= 3.974E+00 b. +/- 9.24 % || RIcap ave= 5.32E+02 b. +/- 1.42 % || Macs30 ave= 3.25E+01 b. +/- 0.64 % || Gn^0(l=0) ave= 3.282E-04 +/- 1.19 % Gn^0(l=1) ave= 4.247E-03 +/- 8.51 % Gn^0(l=2) ave= 0.000E+00 +/- 0.00 % Gn^0(l=3) ave= 0.000E+00 +/- 0.00 % || Gtotal(l=0) ave= 1.662E-01 +/- 0.03 % Gtotal(l=1) ave= 1.593E-01 +/- 0.00 % Gtotal(l=2) ave= 0.000E+00 +/- 0.00 % Gtotal(l=3) ave= 0.000E+00 +/- 0.00 %  % || Gg(l=0) ave= 1.598E-01 +/- 7.90 % Gg(l=1) ave= 1.607E-01 +/- 6.08 % Gg(l=2) ave= 0.000E+00 +/- 0.00 % Gg(l=3) ave= 0.000E+00 +/- 0.00 %  % || D(l=0) ave= 3.005E+00 +/- 1.40 % D(l=1) ave= 1.966E+00 +/- 0.00 % D(l=2) ave= 0.000E+00 +/- 0.00 % D(l=3) ave= 0.000E+00 +/- 0.00 %  % || S(l=0) ave= 5.701E-05 +/- 0.34 % S(l=1) ave= 4.777E-04 +/- 8.51 % S(l=2) ave= 0.000E+00 +/- 0.00 % S(l=3) ave= 0.000E+00 +/- 0.00 % 
 ... random file  7 Cap(th)  ave= 5.431E+01 b. +/- 25.44 % || Ela(th) ave= 4.034E+00 b. +/- 9.39 % || RIcap ave= 5.32E+02 b. +/- 1.33 % || Macs30 ave= 3.26E+01 b. +/- 0.77 % || Gn^0(l=0) ave= 3.279E-04 +/- 1.15 % Gn^0(l=1) ave= 4.193E-03 +/- 8.76 % Gn^0(l=2) ave= 0.000E+00 +/- 0.00 % Gn^0(l=3) ave= 0.000E+00 +/- 0.00 % || Gtotal(l=0) ave= 1.662E-01 +/- 0.02 % Gtotal(l=1) ave= 1.593E-01 +/- 0.00 % Gtotal(l=2) ave= 0.000E+00 +/- 0.00 % Gtotal(l=3) ave= 0.000E+00 +/- 0.00 %  % || Gg(l=0) ave= 1.623E-01 +/- 8.30 % Gg(l=1) ave= 1.622E-01 +/- 6.14 % Gg(l=2) ave= 0.000E+00 +/- 0.00 % Gg(l=3) ave= 0.000E+00 +/- 0.00 %  % || D(l=0) ave= 3.001E+00 +/- 1.34 % D(l=1) ave= 1.966E+00 +/- 0.00 % D(l=2) ave= 0.000E+00 +/- 0.00 % D(l=3) ave= 0.000E+00 +/- 0.00 %  % || S(l=0) ave= 5.700E-05 +/- 0.32 % S(l=1) ave= 4.716E-04 +/- 8.76 % S(l=2) ave= 0.000E+00 +/- 0.00 % S(l=3) ave= 0.000E+00 +/- 0.00 % 
 ... random file  8 Cap(th)  ave= 5.688E+01 b. +/- 26.24 % || Ela(th) ave= 3.970E+00 b. +/- 10.10 % || RIcap ave= 5.31E+02 b. +/- 1.38 % || Macs30 ave= 3.26E+01 b. +/- 0.73 % || Gn^0(l=0) ave= 3.275E-04 +/- 1.13 % Gn^0(l=1) ave= 4.258E-03 +/- 9.22 % Gn^0(l=2) ave= 0.000E+00 +/- 0.00 % Gn^0(l=3) ave= 0.000E+00 +/- 0.00 % || Gtotal(l=0) ave= 1.662E-01 +/- 0.02 % Gtotal(l=1) ave= 1.593E-01 +/- 0.00 % Gtotal(l=2) ave= 0.000E+00 +/- 0.00 % Gtotal(l=3) ave= 0.000E+00 +/- 0.00 %  % || Gg(l=0) ave= 1.616E-01 +/- 7.95 % Gg(l=1) ave= 1.623E-01 +/- 5.79 % Gg(l=2) ave= 0.000E+00 +/- 0.00 % Gg(l=3) ave= 0.000E+00 +/- 0.00 %  % || D(l=0) ave= 2.999E+00 +/- 1.29 % D(l=1) ave= 1.966E+00 +/- 0.00 % D(l=2) ave= 0.000E+00 +/- 0.00 % D(l=3) ave= 0.000E+00 +/- 0.00 %  % || S(l=0) ave= 5.699E-05 +/- 0.31 % S(l=1) ave= 4.789E-04 +/- 9.22 % S(l=2) ave= 0.000E+00 +/- 0.00 % S(l=3) ave= 0.000E+00 +/- 0.00 % 
 ... random file  9 Cap(th)  ave= 5.551E+01 b. +/- 26.58 % || Ela(th) ave= 3.908E+00 b. +/- 10.84 % || RIcap ave= 5.32E+02 b. +/- 1.42 % || Macs30 ave= 3.26E+01 b. +/- 0.70 % || Gn^0(l=0) ave= 3.274E-04 +/- 1.08 % Gn^0(l=1) ave= 4.322E-03 +/- 9.70 % Gn^0(l=2) ave= 0.000E+00 +/- 0.00 % Gn^0(l=3) ave= 0.000E+00 +/- 0.00 % || Gtotal(l=0) ave= 1.662E-01 +/- 0.02 % Gtotal(l=1) ave= 1.593E-01 +/- 0.00 % Gtotal(l=2) ave= 0.000E+00 +/- 0.00 % Gtotal(l=3) ave= 0.000E+00 +/- 0.00 %  % || Gg(l=0) ave= 1.595E-01 +/- 8.52 % Gg(l=1) ave= 1.616E-01 +/- 5.68 % Gg(l=2) ave= 0.000E+00 +/- 0.00 % Gg(l=3) ave= 0.000E+00 +/- 0.00 %  % || D(l=0) ave= 2.997E+00 +/- 1.24 % D(l=1) ave= 1.966E+00 +/- 0.00 % D(l=2) ave= 0.000E+00 +/- 0.00 % D(l=3) ave= 0.000E+00 +/- 0.00 %  % || S(l=0) ave= 5.702E-05 +/- 0.32 % S(l=1) ave= 4.861E-04 +/- 9.70 % S(l=2) ave= 0.000E+00 +/- 0.00 % S(l=3) ave= 0.000E+00 +/- 0.00 % 
 ... random file  10 Cap(th)  ave= 5.415E+01 b. +/- 27.15 % || Ela(th) ave= 3.857E+00 b. +/- 11.26 % || RIcap ave= 5.34E+02 b. +/- 1.74 % || Macs30 ave= 3.26E+01 b. +/- 0.67 % || Gn^0(l=0) ave= 3.272E-04 +/- 1.04 % Gn^0(l=1) ave= 4.374E-03 +/- 9.87 % Gn^0(l=2) ave= 0.000E+00 +/- 0.00 % Gn^0(l=3) ave= 0.000E+00 +/- 0.00 % || Gtotal(l=0) ave= 1.662E-01 +/- 0.02 % Gtotal(l=1) ave= 1.593E-01 +/- 0.00 % Gtotal(l=2) ave= 0.000E+00 +/- 0.00 % Gtotal(l=3) ave= 0.000E+00 +/- 0.00 %  % || Gg(l=0) ave= 1.611E-01 +/- 8.62 % Gg(l=1) ave= 1.610E-01 +/- 5.54 % Gg(l=2) ave= 0.000E+00 +/- 0.00 % Gg(l=3) ave= 0.000E+00 +/- 0.00 %  % || D(l=0) ave= 2.995E+00 +/- 1.20 % D(l=1) ave= 1.966E+00 +/- 0.00 % D(l=2) ave= 0.000E+00 +/- 0.00 % D(l=3) ave= 0.000E+00 +/- 0.00 %  % || S(l=0) ave= 5.701E-05 +/- 0.30 % S(l=1) ave= 4.919E-04 +/- 9.87 % S(l=2) ave= 0.000E+00 +/- 0.00 % S(l=3) ave= 0.000E+00 +/- 0.00 % 
 ... Histogram plot for thermal (n,g)
 ... Write covariances  ... MT1  ... plot correlations
 ... MT2  ... MT102 


 ================================================
 ============== From 10 random values === start ======
 Thermal (n,tot) xs  0 K =  58.0099 b. +/- 14.8194 b. ( 25.5463 %) skew= +0.23 +/- 0.66
 Thermal (n,el) xs   0 K =  3.85711 b. +/- 0.434282 b. ( 11.2593 %) skew= +0.17 +/- 0.66
 Thermal (n,g) xs    0 K =  54.1528 b. +/- 14.7036 b. ( 27.1522 %) skew= +0.26 +/- 0.66
 RI      (n,g)       0 K =  533.646 b. +/- 9.29848 b. ( 1.74244 %) 
 MACS    (n,g)       0 K (at Emacs= 30000 eV) =  32.6106 b. +/- 0.217311 b. ( 0.66638 %) 
 Ave. Gtotal  L=0        =  1.662E-01 +/- 0.02 %
 Ave. Gn^(0)  L=0        =  3.272E-04 +/- 1.04 %
 Ave. Gg      L=0        =  1.611E-01 +/- 8.62 %
 Ave. D       L=0        =  2.995E+00 +/- 1.20 %
 Ave. S       L=0        =  5.701E-05 +/- 0.30 %
 Ave. Gtotal  L=1        =  1.593E-01 +/- 0.00 %
 Ave. Gg      L=1        =  1.610E-01 +/- 5.54 %
 Ave. D       L=1        =  1.966E+00 +/- 0.00 %
 Ave. S       L=1        =  4.919E-04 +/- 9.87 %

 Expected Thermal (n,g) (syst or meas)= 46.66 b. +/- 32.662 b. nominal: 55.0078 b.
 ratio Calculated/expected thermal (n,g): 1.16 ratio DCalculated/Dexpected: 0.45 ratio Calculated/Nominal: 0.98
 ============== From 10 random values ===== stop ======
 ================================================
 ... Calculation of (n,a) and (n,p) cross sections at 300 K
 ... thermal (n,a) cross section is 0.00014887 +/- 7.4435e-05 b.
 ... thermal (n,a) cross section is 0.000273104 b. (random case 1)
 ... thermal (n,a) cross section is 0.000397104 b. (random case 2)
 ... thermal (n,a) cross section is 0.000521104 b. (random case 3)
 ... thermal (n,a) cross section is 0.000645104 b. (random case 4)
 ... thermal (n,a) cross section is 0.000769104 b. (random case 5)
 ... thermal (n,a) cross section is 0.000893104 b. (random case 6)
 ... thermal (n,a) cross section is 0.0010171 b. (random case 7)
 ... thermal (n,a) cross section is 0.0011411 b. (random case 8)
 ... thermal (n,a) cross section is 0.0012651 b. (random case 9)
 ... thermal (n,a) cross section is 0.0013891 b. (random case 10)
 ... thermal (n,p) cross section is 0.00014887 +/- 7.4435e-05 b.
 ... thermal (n,p) cross section is 0.000273104 b. (random case 1)
 ... thermal (n,p) cross section is 0.000397104 b. (random case 2)
 ... thermal (n,p) cross section is 0.000521104 b. (random case 3)
 ... thermal (n,p) cross section is 0.000645104 b. (random case 4)
 ... thermal (n,p) cross section is 0.000769104 b. (random case 5)
 ... thermal (n,p) cross section is 0.000893104 b. (random case 6)
 ... thermal (n,p) cross section is 0.0010171 b. (random case 7)
 ... thermal (n,p) cross section is 0.0011411 b. (random case 8)
 ... thermal (n,p) cross section is 0.0012651 b. (random case 9)
 ... thermal (n,p) cross section is 0.0013891 b. (random case 10)
 ... Rewrite index for MF2
 ... Write text for MF1 in file mf1.tares.txt
 ... plotting cross sections for the MF1
 ... order output files


================== summary ==================
 Thermal (n,tot) xs = 58.9051 b. 
 Thermal (n,el)  xs = 3.89456 b. 
 Thermal (n,g)   xs = 55.0078 b. (meas/sys: 46.66 b.)
 At 300 K (thermal adjustment): (n,el) = 3.91319 b., (n,g) = 55.0591 b.

 RI      (n,g)      = 585.715 b. (meas or sys: - b.)
 RI      (n,el)     = 28.2439 b.
=============================================


 ... cleaning
                                                 
  -------------------------------------------------------------
  -                                                           -
  - TARES: successful end of run with data from hypothetical  -
  - resonances for  Z= 47, A= 106 and isomer= 0               -
  - half-life: 23.966667 min. 
  -                                                           -
  -------------------------------------------------------------

   Running time:       13 seconds

 End time: Wed Oct  7 10:01:17 2026

