
  -------------------------------------------------------------
  -                                                           -
  -              Welcome to TARES version 1.8                 -
  -                                                           -
  -  (C) Copyright 2007-2025 D. Rochman, All Rights Reserved  -
  -           NRG, Petten, the Netherlands 2007-2014          -
  -           PSI, Villigen    Switzerland 2015-2025          -
  -         Nagra, Wettingen   Switzerland 2025-              -
  -           (Last Modified October 06, 2026)                -
  -           (Database from October 06, 2026)                -
  -                                                           -
  -------------------------------------------------------------


  ---------------------------------------------
   Compilation information:
   Compiled on:         Oct  8 2026, 18:36:06
   Compiled by:         koning
   Compiler version:    clang++ - 21.0.0
   Source location:     /Users/koning/tares-1.8/source/Module/
   Binaries location:   /Users/koning/bin
   System:              Darwin 25.6.0
   System version:      Darwin Kernel Version 25.6.0: Fri Jul 31 19:19:08 PDT 2026; root:xnu-12377.161.14~5/RELEASE_ARM64_T6050  
   Machine:             arm64 
  ---------------------------------------------

   User information:
   User name:           koning
   Running directory:   /Users/koning/tendl/resbase/Te124/work
   Owner mode for running directory : rwx
   Group mode for running directory : r-x
  ---------------------------------------------


 Starting time: Fri Oct  9 11:11:48 2026
 ... inputs directory found (/Users/koning/tares-1.8/source/Module//../../inputs/).
 ... It will be used for resonance parameters 
 ... ###############################################
 ... #     read the input file tares.inp
 ... ###############################################
 ... line: #
 ... line: # Input file generated by Autorochman
          --> line not read
 ... line: #
 ... line: isotope    Te
          --> Isotope name: Te
 ... line: mass       124
          --> isotopic mass: 124
 ... line: output     n-Te124
         ---> Name of the output files: n-Te124
 ... line: isomer     0
          --> isomeric state: 0
 ... line: mf32mf33   y
          --> MF33 based on MF32: y
 ... line: nbrRandom  20
          --> Nbr of random files: 20
 ... ###############################################
 ... # end read the input file tares.inp
 ... ###############################################
Value for random generator type not considered in since Tares 1.7 due to compilation issues

 ... ###############################################
     #   Interpretation of the Input definition    #
     ###############################################

 ... Default energy limit: End of resonance region
 ... Nuclear charge    = 52
 ... Element           = Te
 ... Mass              = 124
 ... Isomer            = 0
 ... Correlation for (Gn,Gg) not included in random files
 ... Default random option: No random
 ... Output name: n-Te124
 ... Energy for the MACS: 30000 eV
 ... Resonances from CALENDF reduced (reduce=y) 
 ... For URR, level density model from TALYS selected: 91n3n12611.2850 (see manual for description)
 ... Random Generator: default (pseudo random numbers from ansi c++)
 ... Reconstruction of cross section selected
 ... Doppler broadening at 0 Kelvin
 ... Default formalism: Multi Level Breit Wigner (from file best.tendl.yes)
 ... URR not included (from the input file flag)
 ... Weight for grouping is flat
 ... Calculation of (n,alpha) cross section selected
 ... Number of digit for MF32c covariance representation: 2
 ... MF32 included
 ... MF33 will be used for covariance processing
 ... TENDL option set to yes (automatic choice of MF2 and format)
 ... default option: Multi level Breit Wigner approximation selected
 ... (check file best.tendl.yes for changing this option)
 ... Retroactive option set to no with the 2025 option
 ... ladder option set to no (CALENDF will not be used for statistical resonances)

 ... ###############################################
     #           End of Input definition           #
     ###############################################

 ... gnuplot found, will be used for plotting
 ... latex found, will be used for plotting
 ... dvips found, will be used for plotting
 ... ps2epsi not found, limited plotting available
 ... uncertainties on default parameters multiplied by 1.20027
 ... Read resonance data from the 2025 directory
 ... Resonance parameters taken from /Users/koning/tares-1.8/source/Module//../../inputs/2025/Resonance/default/
 ---> Processing Z= 52 and A= 124 and isomer= 0 (level number: 0)
Thermal file; Could not open file /Users/koning/tares-1.8/source/Module//../../inputs/2025/runThermal/results//thermal.mxw.ng.cendl3.1
Thermal file; Could not open file /Users/koning/tares-1.8/source/Module//../../inputs/2025/runThermal/results//thermal.mxw.ng.brond3.1
Thermal file; Could not open file /Users/koning/tares-1.8/source/Module//../../inputs/2025/runThermal/results//thermal.xs.ng.unc.cendl3.1
 ... spin taken from the final/ directory (1)
 ... The spin found in level file ( 0 ) and the one in the urr file ( 5.5 ) differ

 ... ###############################################
 ... #  Nucleus global parameters (2025 database)  #
 ... ###############################################
 ... Scattering radius from file /Users/koning/tares-1.8/source/Module//../../inputs/2025/Resonance/default//global.2023.txt
 0. Spin of the target isotope: 0
 1. Relative Atomic Mass of the target isotope: 123.902
 2. Isotopic composition of the target isotope: 4.74 %
 3. Scattering radius (local compilation): 6.8 fm +/- 0.06 fm
 4. Scattering radius (Mughabghab): 5.8 +/- 0.2 fm
      .......................................
      ... Thermal capture cross sections: ...
 5. Thermal (total) (n,g) cross section from experiments (local compilation): 6.3 +/- 0.7 b.
 6. Thermal (n,g) cross section from compilation (Firestone-2022 average on element Te): 4.61 +/- 0.09 b.
 7. Thermal (n,g) cross section from compilation (Firestone-2022 final on element Te): 4.59 +/- 0.08 b.
 8. Thermal (n,g) cross section from compilation (Firestone-2022 isotopic): 6.5 +/- 1.3 b.
 9. Thermal Maxwellian (n,g) XS from compilation (Mughabghab-2006): 6.3 +/- 0.7 b.
 10. Thermal Maxwellian (n,g) XS from compilation (Mughabghab-2018): 6.3 +/- 0.7 b.
 11. Thermal Maxwellian (n,g) XS from compilation (Sukhoruchkin-2009): 6.3 +/- 0.7 b.
 12. Thermal Maxwellian (n,g) XS from compilation (Sukhoruchkin-2015): 6.3 +/- 0.7 b.
 13. Thermal (n,g) cross section from EAF-2010: 6.8084 b.
 14. Thermal (n,g) cross section from compilation (CRP-2007): 7.73 +/- 0.25 b.
 15. Thermal (n,g) cross section from ENDF/B-VI.8: 6.803 b.
 16. Thermal (n,g) cross section from ENDF/B-VIII.1: 6.326 b.
 17. Thermal (n,g) cross section from ENDF/B-VIII.0: 6.356 b.
 18. Thermal (n,g) cross section from JEF2.2: 6.803 b.
 19. Thermal (n,g) cross section from TENDL-2023: 6.294 +/- 0.8575 b.
 20. Thermal (n,g) cross section from JEFF-3.3: 6.367 +/- 0.7159 b.
 21. Thermal (n,g) cross section from JEFF-4.0: 6.31 +/- 0.9195 b.
 22. Thermal (n,g) cross section from JENDL-5.0: 6.821 b.
      .......................................
      ...  Thermal total cross sections:  ...
      .......................................
      ... Thermal elastic cross sections: ...
 23. Thermal (n,el) cross section from compilation (Mughabghab): 8 +/- 0.2 b.
 24. Thermal (n,el) cross section from ENDF/B-VIII.1: 7.179 b.
 25. Thermal (n,el) cross section from ENDF/B-VIII.0: 7.179 b.
 26. Thermal (n,el) cross section from ENDF/B-VI.8: 3.832 b.
 27. Thermal (n,el) cross section from JENDL-5.0: 3.668 b.
 28. Thermal (n,el) cross section from JEFF-3.3: 5.445 b.
 29. Thermal (n,el) cross section from experiments (local compilation): 8 +/- 0.2 b.
 30. Neutron scattering length from Atominstitut (TU Wien): 7.95 +/- 0.1 fm.
      .......................................
             ... Resonance integral: ...
 31. Experimental capture integral (local compilation): 5.3 +/- 0.7 b.
 32. Experimental capture integral (Sukhoruchkin): 5.3 +/- 0.6 b.
   ---- MACS 30 keV ----- 
 33. TALYS MACS 30 keV (HF): 0.151341 b. 
 34. Recommended MACS 30 keV from EAF: 0.155 b. 
 35. Recommended MACS 30 keV (local compilation): 0.1546 +/- 0.0016 b. 
 36. Recommended MACS 30 keV from Kadonis: 0.155 +/- 0.002 b. 
 37. Recommended MACS (Sukhoruchkin): 0.135 +/- 0.027 b.
 38. Recommended MACS (Mughabghab): 0.1546 +/- 0.0016 b.
   ---------- S0 -------- 
 39. S0 from TALYS: 1.56493
 40. Experimental S0: 0.57 +/- 0.14
 41. Atlas S0: 0.57 +/- 0.14
   ---------- S1 -------- 
 42. S1 from TALYS: 2.35374
 43. Experimental S1: 1.92 +/- 0.3
 44. Atlas S1: 1.92 +/- 0.3
   ---------- S2 -------- 
 45. S2 from TALYS: 0.617192
   ---------- D0 -------- 
 46. D0 from TALYS: 219.364 eV
 47. Experimental D0: 220 +/- 30 eV
 48. Atlas D0: 220 +/- 30
   ---------- D1 -------- 
 49. Experimental D1: 127 +/- 12 eV
 50. D1 from TALYS: 75.9284 eV
 51. Atlas D1: 106 +/- 9
   ---------- D2 -------- 
 52. D2 from TALYS: 49.122 eV
   ---------- G0 -------- 
 53. Experimental average Gg0: 0.059 +/- 0.01 eV
 54. Gg0 from TALYS: 0.0528184 eV
   ---------- G1 -------- 
 55. Experimental average Gg1: 0.075 +/- 0.011 eV
 56. Gg1 from TALYS: 0.0587456 eV
   ---------- G2 -------- 
 57. Gg2 from TALYS: 0.0499863 eV


   ---------------------- 
 ... Read resonance parameters (format: 2: Multi Level Breit Wigner)
 ... 443 resonances found 
 --> 58. Number of resonances from the input file: 443 up to 41100 eV
 59. Read nuclear quantities (mass, MAT...)
 60. Read thermal (n,g) xs 
 61. Read the scattering radius 
 62. Read uncertainty on Gg for 443 resonances
 63. Read uncertainty on Gg for 443 resonances ... done
 ... order resonances 
 ... Upper limit for the RRR: 12771 eV (no statistical resonances HFR) from the limit.RRR file
 ... Write parameters for l=0 waves
 ... Write parameters for l=1 waves
 ... End writing original MF2 
 ... Enter in to_MLBW_mf2 function
 ... Convert to Multi Level Breit Wigner (MLBW)
 ... Gn-Gg correlations: calculated capture kernel used for 183 evaluated resonances (no measured kernel)
 ... Write parameter covariances (MF32) for l=0
 Write parameter covariances (MF32) for l=1
 ... MF32: 45 energy correlation lines (time of flight) for the first 10 evaluated resonances
 ... Convert parameter covariances (MF32) to MLBW
 ... copy the mf2 and mf32 to .mlbw files
 ... Ladder option set to no --> no use of calendf_xs
 ... no thermal/RI adjustment (ladder option set to no): no GLS calculation of parameter correlations
 ... copy the mf2 and mf32 to .mlbw files

 ... Start of final reconstruction and testing ...
 ... Reconstruction of cross sections at 0 Kelvin  ... Import MF2 from TARES calculations
 ... End energy of TARES MF2 : 1.277100E+4 eV and limit to 40000 resonances
 ... File used for reconstruction: n-Te124.reconst
 ... run RECENT ...
 ... Doppler broadened at a unique temperature: 0 Kelvin using sigma1
 ... The keyword temperature is zero, no Doppler broadening for the MACS

 ============== INTER values at 0 Kelvin ==============
 Thermal (n,g) xs =  6.30679 b. (meas/sys: 6.3 b.) (warning: comparison to be done at 296 or 300 K)
 Th Maxw (n,g) xs =  6.306 b. (thermal Maxwellian value)
 Westcott factor  =  0.99987
 RI      (n,g)    =  5.33832 b. (meas or sys: 5.3 b.)
 MACS 3.000e+04 eV=  0.14459 b. (meas or sys: - b.) from 1.00E+00 to 2.00E+07 eV (end of RRR) at T= 0 Kelvin 
 Thermal (n,el) xs=  8.02787 b.
 RI      (n,el)   =  71.6049 b.
 ============= PSYCHE values ==============
 Ave. G_total L0  =  1.67132 eV
 Ave. G_total L1  =  0.136796 eV
 Ave. Gn_0    L0  =  0.0217761
 Ave. Gn_0    L1  =  0.0486556
 Ave. Gg      L0  =  0.0659499 eV
 Ave. Gg      L1  =  0.0791032 eV
 Ave. D       L0  =  327.462 eV
 Ave. D       L1  =  143.494 eV
 Ave. S       L0  =  6.82049e-05 eV
 Ave. S       L1  =  0.000198873 eV
 =========================================
 ... End of final reconstruction and testing ...

 ... grouping is not optimum, change to 70 groups
 ... Produce MF33 based on MF32 and 20 random files
 ... MF3 of n-Te124.reconst (3 sections) added to the files for ENDSAM
 ... run endsam for 20 in groups of 1 global run
 ... run endsam from 1 to 20
 ... random files: total width GT set to Gn+Gg+Gf (4080 resonances in 20 files)
 ... preparing the vectors  ... done
 ... nominal file 0 Cap(th)  ave= 6.307E+00 b. +/- 0.00 % || Ela(th) ave= 8.028E+00 b. +/- 0.00 % || RIcap ave= 5.34E+00 b. +/- 0.00 % || Macs30 ave= 1.45E-01 b. +/- 0.00 % || Gn^0(l=0) ave= 2.178E-02 +/- 0.00 % Gn^0(l=1) ave= 4.866E-02 +/- 0.00 % Gn^0(l=2) ave= 0.000E+00 +/- 0.00 % Gn^0(l=3) ave= 0.000E+00 +/- 0.00 % || Gtotal(l=0) ave= 1.671E+00 +/- 0.00 % Gtotal(l=1) ave= 1.368E-01 +/- 0.00 % Gtotal(l=2) ave= 0.000E+00 +/- 0.00 % Gtotal(l=3) ave= 0.000E+00 +/- 0.00 %  % || Gg(l=0) ave= 6.595E-02 +/- 0.00 % Gg(l=1) ave= 7.910E-02 +/- 0.00 % Gg(l=2) ave= 0.000E+00 +/- 0.00 % Gg(l=3) ave= 0.000E+00 +/- 0.00 %  % || D(l=0) ave= 3.275E+02 +/- 0.00 % D(l=1) ave= 1.435E+02 +/- 0.00 % D(l=2) ave= 0.000E+00 +/- 0.00 % D(l=3) ave= 0.000E+00 +/- 0.00 %  % || S(l=0) ave= 6.820E-05 +/- 0.00 % S(l=1) ave= 1.989E-04 +/- 0.00 % S(l=2) ave= 0.000E+00 +/- 0.00 % S(l=3) ave= 0.000E+00 +/- 0.00 % 
 ... random file  1 Cap(th)  ave= 5.942E+00 b. +/- 6.14 % || Ela(th) ave= 8.112E+00 b. +/- 1.04 % || RIcap ave= 5.08E+00 b. +/- 5.01 % || Macs30 ave= 1.44E-01 b. +/- 0.08 % || Gn^0(l=0) ave= 2.191E-02 +/- 0.62 % Gn^0(l=1) ave= 4.518E-02 +/- 7.69 % Gn^0(l=2) ave= 0.000E+00 +/- 0.00 % Gn^0(l=3) ave= 0.000E+00 +/- 0.00 % || Gtotal(l=0) ave= 1.674E+00 +/- 0.15 % Gtotal(l=1) ave= 1.325E-01 +/- 3.23 % Gtotal(l=2) ave= 0.000E+00 +/- 0.00 % Gtotal(l=3) ave= 0.000E+00 +/- 0.00 %  % || Gg(l=0) ave= 6.548E-02 +/- 0.71 % Gg(l=1) ave= 7.969E-02 +/- 0.73 % Gg(l=2) ave= 0.000E+00 +/- 0.00 % Gg(l=3) ave= 0.000E+00 +/- 0.00 %  % || D(l=0) ave= 3.275E+02 +/- 0.00 % D(l=1) ave= 1.435E+02 +/- 0.00 % D(l=2) ave= 0.000E+00 +/- 0.00 % D(l=3) ave= 0.000E+00 +/- 0.00 %  % || S(l=0) ave= 6.863E-05 +/- 0.62 % S(l=1) ave= 1.863E-04 +/- 6.74 % S(l=2) ave= 0.000E+00 +/- 0.00 % S(l=3) ave= 0.000E+00 +/- 0.00 % 
 ... random file  2 Cap(th)  ave= 6.066E+00 b. +/- 5.70 % || Ela(th) ave= 8.032E+00 b. +/- 1.66 % || RIcap ave= 5.12E+00 b. +/- 4.19 % || Macs30 ave= 1.44E-01 b. +/- 0.06 % || Gn^0(l=0) ave= 2.207E-02 +/- 1.11 % Gn^0(l=1) ave= 4.655E-02 +/- 7.37 % Gn^0(l=2) ave= 0.000E+00 +/- 0.00 % Gn^0(l=3) ave= 0.000E+00 +/- 0.00 % || Gtotal(l=0) ave= 1.693E+00 +/- 1.61 % Gtotal(l=1) ave= 1.334E-01 +/- 2.77 % Gtotal(l=2) ave= 0.000E+00 +/- 0.00 % Gtotal(l=3) ave= 0.000E+00 +/- 0.00 %  % || Gg(l=0) ave= 6.680E-02 +/- 2.84 % Gg(l=1) ave= 8.011E-02 +/- 0.96 % Gg(l=2) ave= 0.000E+00 +/- 0.00 % Gg(l=3) ave= 0.000E+00 +/- 0.00 %  % || D(l=0) ave= 3.275E+02 +/- 0.00 % D(l=1) ave= 1.435E+02 +/- 0.00 % D(l=2) ave= 0.000E+00 +/- 0.00 % D(l=3) ave= 0.000E+00 +/- 0.00 %  % || S(l=0) ave= 6.911E-05 +/- 1.11 % S(l=1) ave= 1.915E-04 +/- 6.56 % S(l=2) ave= 0.000E+00 +/- 0.00 % S(l=3) ave= 0.000E+00 +/- 0.00 % 
 ... random file  3 Cap(th)  ave= 6.179E+00 b. +/- 5.79 % || Ela(th) ave= 8.070E+00 b. +/- 1.65 % || RIcap ave= 5.13E+00 b. +/- 3.64 % || Macs30 ave= 1.44E-01 b. +/- 0.09 % || Gn^0(l=0) ave= 2.185E-02 +/- 1.98 % Gn^0(l=1) ave= 4.584E-02 +/- 7.02 % Gn^0(l=2) ave= 0.000E+00 +/- 0.00 % Gn^0(l=3) ave= 0.000E+00 +/- 0.00 % || Gtotal(l=0) ave= 1.675E+00 +/- 2.31 % Gtotal(l=1) ave= 1.328E-01 +/- 2.53 % Gtotal(l=2) ave= 0.000E+00 +/- 0.00 % Gtotal(l=3) ave= 0.000E+00 +/- 0.00 %  % || Gg(l=0) ave= 6.601E-02 +/- 3.24 % Gg(l=1) ave= 8.009E-02 +/- 0.83 % Gg(l=2) ave= 0.000E+00 +/- 0.00 % Gg(l=3) ave= 0.000E+00 +/- 0.00 %  % || D(l=0) ave= 3.275E+02 +/- 0.00 % D(l=1) ave= 1.435E+02 +/- 0.00 % D(l=2) ave= 0.000E+00 +/- 0.00 % D(l=3) ave= 0.000E+00 +/- 0.00 %  % || S(l=0) ave= 6.843E-05 +/- 1.98 % S(l=1) ave= 1.885E-04 +/- 6.38 % S(l=2) ave= 0.000E+00 +/- 0.00 % S(l=3) ave= 0.000E+00 +/- 0.00 % 
 ... random file  4 Cap(th)  ave= 6.196E+00 b. +/- 5.19 % || Ela(th) ave= 8.099E+00 b. +/- 1.64 % || RIcap ave= 5.20E+00 b. +/- 4.08 % || Macs30 ave= 1.44E-01 b. +/- 0.11 % || Gn^0(l=0) ave= 2.179E-02 +/- 1.84 % Gn^0(l=1) ave= 4.589E-02 +/- 6.27 % Gn^0(l=2) ave= 0.000E+00 +/- 0.00 % Gn^0(l=3) ave= 0.000E+00 +/- 0.00 % || Gtotal(l=0) ave= 1.667E+00 +/- 2.31 % Gtotal(l=1) ave= 1.332E-01 +/- 2.34 % Gtotal(l=2) ave= 0.000E+00 +/- 0.00 % Gtotal(l=3) ave= 0.000E+00 +/- 0.00 %  % || Gg(l=0) ave= 6.615E-02 +/- 2.92 % Gg(l=1) ave= 7.961E-02 +/- 1.43 % Gg(l=2) ave= 0.000E+00 +/- 0.00 % Gg(l=3) ave= 0.000E+00 +/- 0.00 %  % || D(l=0) ave= 3.292E+02 +/- 1.05 % D(l=1) ave= 1.435E+02 +/- 0.00 % D(l=2) ave= 0.000E+00 +/- 0.00 % D(l=3) ave= 0.000E+00 +/- 0.00 %  % || S(l=0) ave= 6.793E-05 +/- 2.32 % S(l=1) ave= 1.879E-04 +/- 5.76 % S(l=2) ave= 0.000E+00 +/- 0.00 % S(l=3) ave= 0.000E+00 +/- 0.00 % 
 ... random file  5 Cap(th)  ave= 6.224E+00 b. +/- 4.83 % || Ela(th) ave= 8.292E+00 b. +/- 5.41 % || RIcap ave= 5.18E+00 b. +/- 3.82 % || Macs30 ave= 1.44E-01 b. +/- 0.11 % || Gn^0(l=0) ave= 2.183E-02 +/- 1.73 % Gn^0(l=1) ave= 4.515E-02 +/- 6.87 % Gn^0(l=2) ave= 0.000E+00 +/- 0.00 % Gn^0(l=3) ave= 0.000E+00 +/- 0.00 % || Gtotal(l=0) ave= 1.672E+00 +/- 2.21 % Gtotal(l=1) ave= 1.340E-01 +/- 2.46 % Gtotal(l=2) ave= 0.000E+00 +/- 0.00 % Gtotal(l=3) ave= 0.000E+00 +/- 0.00 %  % || Gg(l=0) ave= 6.631E-02 +/- 2.72 % Gg(l=1) ave= 7.906E-02 +/- 2.03 % Gg(l=2) ave= 0.000E+00 +/- 0.00 % Gg(l=3) ave= 0.000E+00 +/- 0.00 %  % || D(l=0) ave= 3.289E+02 +/- 0.98 % D(l=1) ave= 1.435E+02 +/- 0.00 % D(l=2) ave= 0.000E+00 +/- 0.00 % D(l=3) ave= 0.000E+00 +/- 0.00 %  % || S(l=0) ave= 6.811E-05 +/- 2.20 % S(l=1) ave= 1.845E-04 +/- 6.74 % S(l=2) ave= 0.000E+00 +/- 0.00 % S(l=3) ave= 0.000E+00 +/- 0.00 % 
 ... random file  6 Cap(th)  ave= 6.282E+00 b. +/- 4.97 % || Ela(th) ave= 8.198E+00 b. +/- 5.78 % || RIcap ave= 5.23E+00 b. +/- 4.29 % || Macs30 ave= 1.44E-01 b. +/- 0.11 % || Gn^0(l=0) ave= 2.175E-02 +/- 1.89 % Gn^0(l=1) ave= 4.640E-02 +/- 9.02 % Gn^0(l=2) ave= 0.000E+00 +/- 0.00 % Gn^0(l=3) ave= 0.000E+00 +/- 0.00 % || Gtotal(l=0) ave= 1.663E+00 +/- 2.43 % Gtotal(l=1) ave= 1.344E-01 +/- 2.39 % Gtotal(l=2) ave= 0.000E+00 +/- 0.00 % Gtotal(l=3) ave= 0.000E+00 +/- 0.00 %  % || Gg(l=0) ave= 6.632E-02 +/- 2.51 % Gg(l=1) ave= 7.958E-02 +/- 2.44 % Gg(l=2) ave= 0.000E+00 +/- 0.00 % Gg(l=3) ave= 0.000E+00 +/- 0.00 %  % || D(l=0) ave= 3.299E+02 +/- 1.18 % D(l=1) ave= 1.435E+02 +/- 0.00 % D(l=2) ave= 0.000E+00 +/- 0.00 % D(l=3) ave= 0.000E+00 +/- 0.00 %  % || S(l=0) ave= 6.763E-05 +/- 2.67 % S(l=1) ave= 1.895E-04 +/- 8.84 % S(l=2) ave= 0.000E+00 +/- 0.00 % S(l=3) ave= 0.000E+00 +/- 0.00 % 
 ... random file  7 Cap(th)  ave= 6.276E+00 b. +/- 4.66 % || Ela(th) ave= 8.216E+00 b. +/- 5.43 % || RIcap ave= 5.24E+00 b. +/- 4.06 % || Macs30 ave= 1.44E-01 b. +/- 0.15 % || Gn^0(l=0) ave= 2.167E-02 +/- 2.01 % Gn^0(l=1) ave= 4.628E-02 +/- 8.48 % Gn^0(l=2) ave= 0.000E+00 +/- 0.00 % Gn^0(l=3) ave= 0.000E+00 +/- 0.00 % || Gtotal(l=0) ave= 1.654E+00 +/- 2.77 % Gtotal(l=1) ave= 1.344E-01 +/- 2.23 % Gtotal(l=2) ave= 0.000E+00 +/- 0.00 % Gtotal(l=3) ave= 0.000E+00 +/- 0.00 %  % || Gg(l=0) ave= 6.611E-02 +/- 2.51 % Gg(l=1) ave= 7.911E-02 +/- 2.77 % Gg(l=2) ave= 0.000E+00 +/- 0.00 % Gg(l=3) ave= 0.000E+00 +/- 0.00 %  % || D(l=0) ave= 3.307E+02 +/- 1.26 % D(l=1) ave= 1.435E+02 +/- 0.00 % D(l=2) ave= 0.000E+00 +/- 0.00 % D(l=3) ave= 0.000E+00 +/- 0.00 %  % || S(l=0) ave= 6.724E-05 +/- 2.94 % S(l=1) ave= 1.890E-04 +/- 8.32 % S(l=2) ave= 0.000E+00 +/- 0.00 % S(l=3) ave= 0.000E+00 +/- 0.00 % 
 ... random file  8 Cap(th)  ave= 6.361E+00 b. +/- 5.76 % || Ela(th) ave= 8.327E+00 b. +/- 6.30 % || RIcap ave= 5.26E+00 b. +/- 3.89 % || Macs30 ave= 1.44E-01 b. +/- 0.14 % || Gn^0(l=0) ave= 2.168E-02 +/- 1.90 % Gn^0(l=1) ave= 4.530E-02 +/- 10.21 % Gn^0(l=2) ave= 0.000E+00 +/- 0.00 % Gn^0(l=3) ave= 0.000E+00 +/- 0.00 % || Gtotal(l=0) ave= 1.653E+00 +/- 2.61 % Gtotal(l=1) ave= 1.336E-01 +/- 2.65 % Gtotal(l=2) ave= 0.000E+00 +/- 0.00 % Gtotal(l=3) ave= 0.000E+00 +/- 0.00 %  % || Gg(l=0) ave= 6.605E-02 +/- 2.38 % Gg(l=1) ave= 7.890E-02 +/- 2.72 % Gg(l=2) ave= 0.000E+00 +/- 0.00 % Gg(l=3) ave= 0.000E+00 +/- 0.00 %  % || D(l=0) ave= 3.303E+02 +/- 1.23 % D(l=1) ave= 1.435E+02 +/- 0.00 % D(l=2) ave= 0.000E+00 +/- 0.00 % D(l=3) ave= 0.000E+00 +/- 0.00 %  % || S(l=0) ave= 6.735E-05 +/- 2.80 % S(l=1) ave= 1.852E-04 +/- 9.86 % S(l=2) ave= 0.000E+00 +/- 0.00 % S(l=3) ave= 0.000E+00 +/- 0.00 % 
 ... random file  9 Cap(th)  ave= 6.276E+00 b. +/- 6.86 % || Ela(th) ave= 8.268E+00 b. +/- 6.39 % || RIcap ave= 5.21E+00 b. +/- 4.69 % || Macs30 ave= 1.44E-01 b. +/- 0.14 % || Gn^0(l=0) ave= 2.157E-02 +/- 2.36 % Gn^0(l=1) ave= 4.620E-02 +/- 11.14 % Gn^0(l=2) ave= 0.000E+00 +/- 0.00 % Gn^0(l=3) ave= 0.000E+00 +/- 0.00 % || Gtotal(l=0) ave= 1.646E+00 +/- 2.84 % Gtotal(l=1) ave= 1.348E-01 +/- 3.72 % Gtotal(l=2) ave= 0.000E+00 +/- 0.00 % Gtotal(l=3) ave= 0.000E+00 +/- 0.00 %  % || Gg(l=0) ave= 6.632E-02 +/- 2.56 % Gg(l=1) ave= 7.904E-02 +/- 2.63 % Gg(l=2) ave= 0.000E+00 +/- 0.00 % Gg(l=3) ave= 0.000E+00 +/- 0.00 %  % || D(l=0) ave= 3.300E+02 +/- 1.20 % D(l=1) ave= 1.435E+02 +/- 0.00 % D(l=2) ave= 0.000E+00 +/- 0.00 % D(l=3) ave= 0.000E+00 +/- 0.00 %  % || S(l=0) ave= 6.706E-05 +/- 2.97 % S(l=1) ave= 1.887E-04 +/- 10.72 % S(l=2) ave= 0.000E+00 +/- 0.00 % S(l=3) ave= 0.000E+00 +/- 0.00 % 
 ... random file  10 Cap(th)  ave= 6.210E+00 b. +/- 7.43 % || Ela(th) ave= 8.234E+00 b. +/- 6.25 % || RIcap ave= 5.22E+00 b. +/- 4.50 % || Macs30 ave= 1.44E-01 b. +/- 0.13 % || Gn^0(l=0) ave= 2.154E-02 +/- 2.29 % Gn^0(l=1) ave= 4.697E-02 +/- 11.66 % Gn^0(l=2) ave= 0.000E+00 +/- 0.00 % Gn^0(l=3) ave= 0.000E+00 +/- 0.00 % || Gtotal(l=0) ave= 1.646E+00 +/- 2.71 % Gtotal(l=1) ave= 1.363E-01 +/- 4.88 % Gtotal(l=2) ave= 0.000E+00 +/- 0.00 % Gtotal(l=3) ave= 0.000E+00 +/- 0.00 %  % || Gg(l=0) ave= 6.662E-02 +/- 2.81 % Gg(l=1) ave= 7.929E-02 +/- 2.68 % Gg(l=2) ave= 0.000E+00 +/- 0.00 % Gg(l=3) ave= 0.000E+00 +/- 0.00 %  % || D(l=0) ave= 3.298E+02 +/- 1.16 % D(l=1) ave= 1.435E+02 +/- 0.00 % D(l=2) ave= 0.000E+00 +/- 0.00 % D(l=3) ave= 0.000E+00 +/- 0.00 %  % || S(l=0) ave= 6.702E-05 +/- 2.83 % S(l=1) ave= 1.914E-04 +/- 11.01 % S(l=2) ave= 0.000E+00 +/- 0.00 % S(l=3) ave= 0.000E+00 +/- 0.00 % 
 ... random file  11 Cap(th)  ave= 6.272E+00 b. +/- 7.77 % || Ela(th) ave= 8.175E+00 b. +/- 6.50 % || RIcap ave= 5.26E+00 b. +/- 5.02 % || Macs30 ave= 1.44E-01 b. +/- 0.15 % || Gn^0(l=0) ave= 2.157E-02 +/- 2.22 % Gn^0(l=1) ave= 4.731E-02 +/- 11.34 % Gn^0(l=2) ave= 0.000E+00 +/- 0.00 % Gn^0(l=3) ave= 0.000E+00 +/- 0.00 % || Gtotal(l=0) ave= 1.648E+00 +/- 2.62 % Gtotal(l=1) ave= 1.359E-01 +/- 4.76 % Gtotal(l=2) ave= 0.000E+00 +/- 0.00 % Gtotal(l=3) ave= 0.000E+00 +/- 0.00 %  % || Gg(l=0) ave= 6.683E-02 +/- 2.88 % Gg(l=1) ave= 7.901E-02 +/- 2.83 % Gg(l=2) ave= 0.000E+00 +/- 0.00 % Gg(l=3) ave= 0.000E+00 +/- 0.00 %  % || D(l=0) ave= 3.296E+02 +/- 1.13 % D(l=1) ave= 1.435E+02 +/- 0.00 % D(l=2) ave= 0.000E+00 +/- 0.00 % D(l=3) ave= 0.000E+00 +/- 0.00 %  % || S(l=0) ave= 6.713E-05 +/- 2.76 % S(l=1) ave= 1.926E-04 +/- 10.68 % S(l=2) ave= 0.000E+00 +/- 0.00 % S(l=3) ave= 0.000E+00 +/- 0.00 % 
 ... random file  12 Cap(th)  ave= 6.164E+00 b. +/- 9.72 % || Ela(th) ave= 8.238E+00 b. +/- 6.75 % || RIcap ave= 5.23E+00 b. +/- 5.22 % || Macs30 ave= 1.44E-01 b. +/- 0.18 % || Gn^0(l=0) ave= 2.152E-02 +/- 2.27 % Gn^0(l=1) ave= 4.706E-02 +/- 11.10 % Gn^0(l=2) ave= 0.000E+00 +/- 0.00 % Gn^0(l=3) ave= 0.000E+00 +/- 0.00 % || Gtotal(l=0) ave= 1.645E+00 +/- 2.64 % Gtotal(l=1) ave= 1.369E-01 +/- 5.15 % Gtotal(l=2) ave= 0.000E+00 +/- 0.00 % Gtotal(l=3) ave= 0.000E+00 +/- 0.00 %  % || Gg(l=0) ave= 6.691E-02 +/- 2.79 % Gg(l=1) ave= 7.955E-02 +/- 3.60 % Gg(l=2) ave= 0.000E+00 +/- 0.00 % Gg(l=3) ave= 0.000E+00 +/- 0.00 %  % || D(l=0) ave= 3.295E+02 +/- 1.10 % D(l=1) ave= 1.435E+02 +/- 0.00 % D(l=2) ave= 0.000E+00 +/- 0.00 % D(l=3) ave= 0.000E+00 +/- 0.00 %  % || S(l=0) ave= 6.702E-05 +/- 2.73 % S(l=1) ave= 1.916E-04 +/- 10.49 % S(l=2) ave= 0.000E+00 +/- 0.00 % S(l=3) ave= 0.000E+00 +/- 0.00 % 
 ... random file  13 Cap(th)  ave= 6.126E+00 b. +/- 9.69 % || Ela(th) ave= 8.212E+00 b. +/- 6.62 % || RIcap ave= 5.21E+00 b. +/- 5.23 % || Macs30 ave= 1.44E-01 b. +/- 0.17 % || Gn^0(l=0) ave= 2.153E-02 +/- 2.19 % Gn^0(l=1) ave= 4.741E-02 +/- 10.95 % Gn^0(l=2) ave= 0.000E+00 +/- 0.00 % Gn^0(l=3) ave= 0.000E+00 +/- 0.00 % || Gtotal(l=0) ave= 1.647E+00 +/- 2.60 % Gtotal(l=1) ave= 1.371E-01 +/- 4.98 % Gtotal(l=2) ave= 0.000E+00 +/- 0.00 % Gtotal(l=3) ave= 0.000E+00 +/- 0.00 %  % || Gg(l=0) ave= 6.680E-02 +/- 2.75 % Gg(l=1) ave= 7.936E-02 +/- 3.58 % Gg(l=2) ave= 0.000E+00 +/- 0.00 % Gg(l=3) ave= 0.000E+00 +/- 0.00 %  % || D(l=0) ave= 3.293E+02 +/- 1.07 % D(l=1) ave= 1.435E+02 +/- 0.00 % D(l=2) ave= 0.000E+00 +/- 0.00 % D(l=3) ave= 0.000E+00 +/- 0.00 %  % || S(l=0) ave= 6.708E-05 +/- 2.64 % S(l=1) ave= 1.931E-04 +/- 10.44 % S(l=2) ave= 0.000E+00 +/- 0.00 % S(l=3) ave= 0.000E+00 +/- 0.00 % 
 ... random file  14 Cap(th)  ave= 6.161E+00 b. +/- 9.56 % || Ela(th) ave= 8.188E+00 b. +/- 6.51 % || RIcap ave= 5.25E+00 b. +/- 5.69 % || Macs30 ave= 1.44E-01 b. +/- 0.17 % || Gn^0(l=0) ave= 2.158E-02 +/- 2.26 % Gn^0(l=1) ave= 4.724E-02 +/- 10.70 % Gn^0(l=2) ave= 0.000E+00 +/- 0.00 % Gn^0(l=3) ave= 0.000E+00 +/- 0.00 % || Gtotal(l=0) ave= 1.649E+00 +/- 2.53 % Gtotal(l=1) ave= 1.365E-01 +/- 5.09 % Gtotal(l=2) ave= 0.000E+00 +/- 0.00 % Gtotal(l=3) ave= 0.000E+00 +/- 0.00 %  % || Gg(l=0) ave= 6.677E-02 +/- 2.67 % Gg(l=1) ave= 7.918E-02 +/- 3.57 % Gg(l=2) ave= 0.000E+00 +/- 0.00 % Gg(l=3) ave= 0.000E+00 +/- 0.00 %  % || D(l=0) ave= 3.298E+02 +/- 1.16 % D(l=1) ave= 1.435E+02 +/- 0.00 % D(l=2) ave= 0.000E+00 +/- 0.00 % D(l=3) ave= 0.000E+00 +/- 0.00 %  % || S(l=0) ave= 6.713E-05 +/- 2.57 % S(l=1) ave= 1.929E-04 +/- 10.10 % S(l=2) ave= 0.000E+00 +/- 0.00 % S(l=3) ave= 0.000E+00 +/- 0.00 % 
 ... random file  15 Cap(th)  ave= 6.175E+00 b. +/- 9.28 % || Ela(th) ave= 8.162E+00 b. +/- 6.44 % || RIcap ave= 5.26E+00 b. +/- 5.54 % || Macs30 ave= 1.44E-01 b. +/- 0.17 % || Gn^0(l=0) ave= 2.155E-02 +/- 2.22 % Gn^0(l=1) ave= 4.751E-02 +/- 10.54 % Gn^0(l=2) ave= 0.000E+00 +/- 0.00 % Gn^0(l=3) ave= 0.000E+00 +/- 0.00 % || Gtotal(l=0) ave= 1.646E+00 +/- 2.51 % Gtotal(l=1) ave= 1.365E-01 +/- 4.93 % Gtotal(l=2) ave= 0.000E+00 +/- 0.00 % Gtotal(l=3) ave= 0.000E+00 +/- 0.00 %  % || Gg(l=0) ave= 6.680E-02 +/- 2.59 % Gg(l=1) ave= 7.915E-02 +/- 3.47 % Gg(l=2) ave= 0.000E+00 +/- 0.00 % Gg(l=3) ave= 0.000E+00 +/- 0.00 %  % || D(l=0) ave= 3.296E+02 +/- 1.13 % D(l=1) ave= 1.435E+02 +/- 0.00 % D(l=2) ave= 0.000E+00 +/- 0.00 % D(l=3) ave= 0.000E+00 +/- 0.00 %  % || S(l=0) ave= 6.709E-05 +/- 2.50 % S(l=1) ave= 1.941E-04 +/- 10.02 % S(l=2) ave= 0.000E+00 +/- 0.00 % S(l=3) ave= 0.000E+00 +/- 0.00 % 
 ... random file  16 Cap(th)  ave= 6.199E+00 b. +/- 9.10 % || Ela(th) ave= 8.126E+00 b. +/- 6.53 % || RIcap ave= 5.26E+00 b. +/- 5.39 % || Macs30 ave= 1.44E-01 b. +/- 0.17 % || Gn^0(l=0) ave= 2.155E-02 +/- 2.16 % Gn^0(l=1) ave= 4.797E-02 +/- 10.81 % Gn^0(l=2) ave= 0.000E+00 +/- 0.00 % Gn^0(l=3) ave= 0.000E+00 +/- 0.00 % || Gtotal(l=0) ave= 1.646E+00 +/- 2.44 % Gtotal(l=1) ave= 1.371E-01 +/- 5.11 % Gtotal(l=2) ave= 0.000E+00 +/- 0.00 % Gtotal(l=3) ave= 0.000E+00 +/- 0.00 %  % || Gg(l=0) ave= 6.698E-02 +/- 2.72 % Gg(l=1) ave= 7.926E-02 +/- 3.41 % Gg(l=2) ave= 0.000E+00 +/- 0.00 % Gg(l=3) ave= 0.000E+00 +/- 0.00 %  % || D(l=0) ave= 3.295E+02 +/- 1.11 % D(l=1) ave= 1.435E+02 +/- 0.00 % D(l=2) ave= 0.000E+00 +/- 0.00 % D(l=3) ave= 0.000E+00 +/- 0.00 %  % || S(l=0) ave= 6.709E-05 +/- 2.43 % S(l=1) ave= 1.953E-04 +/- 9.97 % S(l=2) ave= 0.000E+00 +/- 0.00 % S(l=3) ave= 0.000E+00 +/- 0.00 % 
 ... random file  17 Cap(th)  ave= 6.192E+00 b. +/- 8.86 % || Ela(th) ave= 8.090E+00 b. +/- 6.62 % || RIcap ave= 5.24E+00 b. +/- 5.37 % || Macs30 ave= 1.44E-01 b. +/- 0.17 % || Gn^0(l=0) ave= 2.154E-02 +/- 2.11 % Gn^0(l=1) ave= 4.789E-02 +/- 10.55 % Gn^0(l=2) ave= 0.000E+00 +/- 0.00 % Gn^0(l=3) ave= 0.000E+00 +/- 0.00 % || Gtotal(l=0) ave= 1.645E+00 +/- 2.37 % Gtotal(l=1) ave= 1.365E-01 +/- 5.41 % Gtotal(l=2) ave= 0.000E+00 +/- 0.00 % Gtotal(l=3) ave= 0.000E+00 +/- 0.00 %  % || Gg(l=0) ave= 6.681E-02 +/- 2.85 % Gg(l=1) ave= 7.916E-02 +/- 3.37 % Gg(l=2) ave= 0.000E+00 +/- 0.00 % Gg(l=3) ave= 0.000E+00 +/- 0.00 %  % || D(l=0) ave= 3.294E+02 +/- 1.09 % D(l=1) ave= 1.435E+02 +/- 0.00 % D(l=2) ave= 0.000E+00 +/- 0.00 % D(l=3) ave= 0.000E+00 +/- 0.00 %  % || S(l=0) ave= 6.708E-05 +/- 2.36 % S(l=1) ave= 1.954E-04 +/- 9.69 % S(l=2) ave= 0.000E+00 +/- 0.00 % S(l=3) ave= 0.000E+00 +/- 0.00 % 
 ... random file  18 Cap(th)  ave= 6.150E+00 b. +/- 9.16 % || Ela(th) ave= 8.091E+00 b. +/- 6.45 % || RIcap ave= 5.23E+00 b. +/- 5.34 % || Macs30 ave= 1.44E-01 b. +/- 0.16 % || Gn^0(l=0) ave= 2.154E-02 +/- 2.06 % Gn^0(l=1) ave= 4.791E-02 +/- 10.26 % Gn^0(l=2) ave= 0.000E+00 +/- 0.00 % Gn^0(l=3) ave= 0.000E+00 +/- 0.00 % || Gtotal(l=0) ave= 1.648E+00 +/- 2.37 % Gtotal(l=1) ave= 1.365E-01 +/- 5.26 % Gtotal(l=2) ave= 0.000E+00 +/- 0.00 % Gtotal(l=3) ave= 0.000E+00 +/- 0.00 %  % || Gg(l=0) ave= 6.681E-02 +/- 2.77 % Gg(l=1) ave= 7.902E-02 +/- 3.36 % Gg(l=2) ave= 0.000E+00 +/- 0.00 % Gg(l=3) ave= 0.000E+00 +/- 0.00 %  % || D(l=0) ave= 3.293E+02 +/- 1.07 % D(l=1) ave= 1.435E+02 +/- 0.00 % D(l=2) ave= 0.000E+00 +/- 0.00 % D(l=3) ave= 0.000E+00 +/- 0.00 %  % || S(l=0) ave= 6.713E-05 +/- 2.31 % S(l=1) ave= 1.957E-04 +/- 9.44 % S(l=2) ave= 0.000E+00 +/- 0.00 % S(l=3) ave= 0.000E+00 +/- 0.00 % 
 ... random file  19 Cap(th)  ave= 6.119E+00 b. +/- 9.25 % || Ela(th) ave= 8.071E+00 b. +/- 6.39 % || RIcap ave= 5.22E+00 b. +/- 5.22 % || Macs30 ave= 1.44E-01 b. +/- 0.17 % || Gn^0(l=0) ave= 2.157E-02 +/- 2.05 % Gn^0(l=1) ave= 4.772E-02 +/- 10.19 % Gn^0(l=2) ave= 0.000E+00 +/- 0.00 % Gn^0(l=3) ave= 0.000E+00 +/- 0.00 % || Gtotal(l=0) ave= 1.650E+00 +/- 2.43 % Gtotal(l=1) ave= 1.359E-01 +/- 5.51 % Gtotal(l=2) ave= 0.000E+00 +/- 0.00 % Gtotal(l=3) ave= 0.000E+00 +/- 0.00 %  % || Gg(l=0) ave= 6.685E-02 +/- 2.72 % Gg(l=1) ave= 7.898E-02 +/- 3.29 % Gg(l=2) ave= 0.000E+00 +/- 0.00 % Gg(l=3) ave= 0.000E+00 +/- 0.00 %  % || D(l=0) ave= 3.292E+02 +/- 1.05 % D(l=1) ave= 1.435E+02 +/- 0.00 % D(l=2) ave= 0.000E+00 +/- 0.00 % D(l=3) ave= 0.000E+00 +/- 0.00 %  % || S(l=0) ave= 6.721E-05 +/- 2.32 % S(l=1) ave= 1.952E-04 +/- 9.28 % S(l=2) ave= 0.000E+00 +/- 0.00 % S(l=3) ave= 0.000E+00 +/- 0.00 % 
 ... random file  20 Cap(th)  ave= 6.102E+00 b. +/- 9.14 % || Ela(th) ave= 8.075E+00 b. +/- 6.24 % || RIcap ave= 5.22E+00 b. +/- 5.10 % || Macs30 ave= 1.44E-01 b. +/- 0.17 % || Gn^0(l=0) ave= 2.155E-02 +/- 2.02 % Gn^0(l=1) ave= 4.774E-02 +/- 9.94 % Gn^0(l=2) ave= 0.000E+00 +/- 0.00 % Gn^0(l=3) ave= 0.000E+00 +/- 0.00 % || Gtotal(l=0) ave= 1.648E+00 +/- 2.44 % Gtotal(l=1) ave= 1.356E-01 +/- 5.44 % Gtotal(l=2) ave= 0.000E+00 +/- 0.00 % Gtotal(l=3) ave= 0.000E+00 +/- 0.00 %  % || Gg(l=0) ave= 6.681E-02 +/- 2.67 % Gg(l=1) ave= 7.888E-02 +/- 3.26 % Gg(l=2) ave= 0.000E+00 +/- 0.00 % Gg(l=3) ave= 0.000E+00 +/- 0.00 %  % || D(l=0) ave= 3.295E+02 +/- 1.11 % D(l=1) ave= 1.435E+02 +/- 0.00 % D(l=2) ave= 0.000E+00 +/- 0.00 % D(l=3) ave= 0.000E+00 +/- 0.00 %  % || S(l=0) ave= 6.711E-05 +/- 2.36 % S(l=1) ave= 1.954E-04 +/- 9.06 % S(l=2) ave= 0.000E+00 +/- 0.00 % S(l=3) ave= 0.000E+00 +/- 0.00 % 
 ... Histogram plot for thermal (n,g)
 ... Write covariances  ... MT1  ... plot correlations
 ... MT2  ... MT102 


 ================================================
 ============== From 20 random values === start ======
 Thermal (n,tot) xs  0 K =  14.1771 b. +/- 0.727545 b. ( 5.13184 %) skew= +1.15 +/- 0.50
 Thermal (n,el) xs   0 K =  8.07546 b. +/- 0.503543 b. ( 6.23548 %) skew= +1.18 +/- 0.50
 Thermal (n,g) xs    0 K =  6.1016 b. +/- 0.557569 b. ( 9.13807 %) skew= -0.29 +/- 0.50
 RI      (n,g)       0 K =  5.22162 b. +/- 0.266519 b. ( 5.10415 %) 
 MACS    (n,g)       0 K (at Emacs= 30000 eV) =  0.144457 b. +/- 0.000239351 b. ( 0.165691 %) 
 Ave. Gtotal  L=0        =  1.648E+00 +/- 2.44 %
 Ave. Gn^(0)  L=0        =  2.155E-02 +/- 2.02 %
 Ave. Gg      L=0        =  6.681E-02 +/- 2.67 %
 Ave. D       L=0        =  3.295E+02 +/- 1.11 %
 Ave. S       L=0        =  6.711E-05 +/- 2.36 %
 Ave. Gtotal  L=1        =  1.356E-01 +/- 5.44 %
 Ave. Gg      L=1        =  7.888E-02 +/- 3.26 %
 Ave. D       L=1        =  1.435E+02 +/- 0.00 %
 Ave. S       L=1        =  1.954E-04 +/- 9.06 %

 Expected Thermal (n,g) (syst or meas)= 6.3 b. +/- 0.7 b. nominal: 6.30679 b.
 ratio Calculated/expected thermal (n,g): 0.97 ratio DCalculated/Dexpected: 0.80 ratio Calculated/Nominal: 0.97
 ============== From 20 random values ===== stop ======
 ================================================
 ... Calculation of (n,a) and (n,p) cross sections at 300 K
 ... thermal (n,a) cross section is 8.98066e-06 +/- 4.49033e-06 b.
 ... thermal (n,a) cross section is 4.65254e-06 b. (random case 1)
 ... thermal (n,a) cross section is 9.95643e-06 b. (random case 2)
 ... thermal (n,a) cross section is 8.35142e-06 b. (random case 3)
 ... thermal (n,a) cross section is 1.37039e-06 b. (random case 4)
 ... thermal (n,a) cross section is 3.62146e-06 b. (random case 5)
 ... thermal (n,a) cross section is 1.08941e-05 b. (random case 6)
 ... thermal (n,a) cross section is 5.67691e-06 b. (random case 7)
 ... thermal (n,a) cross section is 4.64238e-06 b. (random case 8)
 ... thermal (n,a) cross section is 1.02457e-05 b. (random case 9)
 ... thermal (n,a) cross section is 1.14344e-05 b. (random case 10)
 ... thermal (n,a) cross section is 9.60377e-06 b. (random case 11)
 ... thermal (n,a) cross section is 1.68048e-05 b. (random case 12)
 ... thermal (n,a) cross section is 5.73646e-06 b. (random case 13)
 ... thermal (n,a) cross section is 5.32462e-06 b. (random case 14)
 ... thermal (n,a) cross section is 1.03837e-05 b. (random case 15)
 ... thermal (n,a) cross section is 1.19893e-05 b. (random case 16)
 ... thermal (n,a) cross section is 6.34837e-06 b. (random case 17)
 ... thermal (n,a) cross section is 1.58881e-06 b. (random case 18)
 ... thermal (n,a) cross section is 1.10587e-05 b. (random case 19)
 ... thermal (n,a) cross section is 8.32357e-06 b. (random case 20)
 ... (n,p) Q-value negative for this element
 ... Rewrite index for MF2
 ... Write text for MF1 in file mf1.tares.txt
 ... plotting cross sections for the MF1
 ... order output files


================== summary ==================
 Thermal (n,tot) xs = 14.3347 b. 
 Thermal (n,el)  xs = 8.02787 b. 
 Thermal (n,g)   xs = 6.30679 b. (meas/sys: 6.3 b.)

 RI      (n,g)      = 5.33832 b. (meas or sys: 5.3 b.)
 RI      (n,el)     = 71.6049 b.
=============================================


 ... cleaning
                                                 
  -------------------------------------------------------------
  -                                                           -
  - TARES: successful end of run with data from the database  -
  -             for Z= 52, A= 124 and isomer= 0               -
  -                                                           -
  -------------------------------------------------------------

   Running time:       49 seconds

 End time: Fri Oct  9 11:12:37 2026

