
  -------------------------------------------------------------
  -                                                           -
  -              Welcome to TARES version 1.8                 -
  -                                                           -
  -  (C) Copyright 2007-2025 D. Rochman, All Rights Reserved  -
  -           NRG, Petten, the Netherlands 2007-2014          -
  -           PSI, Villigen    Switzerland 2015-2025          -
  -         Nagra, Wettingen   Switzerland 2025-              -
  -           (Last Modified October 06, 2026)                -
  -           (Database from October 06, 2026)                -
  -                                                           -
  -------------------------------------------------------------


  ---------------------------------------------
   Compilation information:
   Compiled on:         Oct  7 2026, 09:32:19
   Compiled by:         koning
   Compiler version:    clang++ - 21.0.0
   Source location:     /Users/koning/tares-1.8/source/Module/
   Binaries location:   /Users/koning/bin
   System:              Darwin 25.6.0
   System version:      Darwin Kernel Version 25.6.0: Fri Jul 31 19:19:08 PDT 2026; root:xnu-12377.161.14~5/RELEASE_ARM64_T6050  
   Machine:             arm64 
  ---------------------------------------------

   User information:
   User name:           koning
   Running directory:   /Users/koning/tendl/resbase/I134/work
   Owner mode for running directory : rwx
   Group mode for running directory : r-x
  ---------------------------------------------


 Starting time: Wed Oct  7 09:50:54 2026
 ... inputs directory found (/Users/koning/tares-1.8/source/Module//../../inputs/).
 ... It will be used for resonance parameters 
 ... ###############################################
 ... #     read the input file tares.inp
 ... ###############################################
 ... line: #
 ... line: # Input file generated by Autorochman
          --> line not read
 ... line: #
 ... line: isotope    I
          --> Isotope name: I
 ... line: mass       134
          --> isotopic mass: 134
 ... line: output     n-I134
         ---> Name of the output files: n-I134
 ... line: isomer     0
          --> isomeric state: 0
 ... line: mf32mf33   y
          --> MF33 based on MF32: y
 ... line: nbrRandom  10
          --> Nbr of random files: 10
 ... ###############################################
 ... # end read the input file tares.inp
 ... ###############################################
Value for random generator type not considered in since Tares 1.7 due to compilation issues

 ... ###############################################
     #   Interpretation of the Input definition    #
     ###############################################

 ... Default energy limit: End of resonance region
 ... Nuclear charge    = 53
 ... Element           = I
 ... Mass              = 134
 ... Isomer            = 0
 ... Correlation for (Gn,Gg) not included in random files
 ... Default random option: No random
 ... Output name: n-I134
 ... Energy for the MACS: 30000 eV
 ... Resonances from CALENDF reduced (reduce=y) 
 ... For URR, level density model from TALYS selected: 91n3n12611.2850 (see manual for description)
 ... Random Generator: default (pseudo random numbers from ansi c++)
 ... Reconstruction of cross section selected
 ... Doppler broadening at 0 Kelvin
 ... URR not included (from the input file flag)
 ... Weight for grouping is flat
 ... Calculation of (n,alpha) cross section selected
 ... Number of digit for MF32c covariance representation: 2
 ... MF32 included
 ... MF33 will be used for covariance processing
 ... TENDL option set to yes (automatic choice of MF2 and format)
 ... Isotope not found in the best file --> use of MLBW formalism
 ... default option: Multi level Breit Wigner approximation selected
 ... (check file best.tendl.yes for changing this option)
 ... Retroactive option set to no with the 2025 option
 ... ladder option set to yes (CALENDF will be used for statistical resonances)

 ... ###############################################
     #           End of Input definition           #
     ###############################################

 ... gnuplot found, will be used for plotting
 ... latex found, will be used for plotting
 ... dvips found, will be used for plotting
 ... ps2epsi not found, limited plotting available
 ... uncertainties on default parameters multiplied by 1.5841
 ... Read resonance data from the 2025 directory
 ... Resonance parameters taken from /Users/koning/tares-1.8/source/Module//../../inputs/2025/Resonance/default/
 ---> Processing Z= 53 and A= 134 and isomer= 0 (level number: 0)
 Exfor path; Could not find /Users/koning/tares-1.8/source/Module//../../inputs/exfor/I134/xs/102
Thermal file; Could not open file /Users/koning/tares-1.8/source/Module//../../inputs/2025/runThermal/results//thermal.mxw.ng.cendl3.1
Thermal file; Could not open file /Users/koning/tares-1.8/source/Module//../../inputs/2025/runThermal/results//thermal.mxw.ng.brond3.1
Thermal file; Could not open file /Users/koning/tares-1.8/source/Module//../../inputs/2025/runThermal/results//thermal.xs.ng.unc.cendl3.1
 ... spin taken from the final/ directory (1)

 ... ###############################################
 ... #  Nucleus global parameters (2025 database)  #
 ... ###############################################
 0. Half-life: 52.5 min. 
 ... Scattering radius from TALYS: /Users/koning/tares-1.8/source/Module//../../inputs/2025/lib.urr/talys.urr/
 1. Spin of the target isotope: 4
 2. Relative Atomic Mass of the target isotope: 133.909
 3. Scattering radius (local compilation): 6.79639 fm +/- 0.142724 fm
      .......................................
      ... Thermal capture cross sections: ...
 4. Thermal (n,g) cross section from systematics: 4.496 +/- 3.1472 b.
 5. Thermal (n,g) cross section from compilation (Firestone-2022 average on element I): 6.34 +/- 0.12 b.
 6. Thermal (n,g) cross section from compilation (Firestone-2022 final on element I): 6.19 +/- 0.06 b.
 7. Thermal (n,g) cross section from ENDF/B-VIII.1: 0.007966 b.
 8. Thermal (n,g) cross section from ENDF/B-VIII.0: 0.007996 b.
 9. Thermal (n,g) cross section from TENDL-2023: 4.496 +/- 2.594 b.
      .......................................
      ...  Thermal total cross sections:  ...
      .......................................
      ... Thermal elastic cross sections: ...
 10. Thermal (n,el) cross section from ENDF/B-VIII.1: 2.894 b.
 11. Thermal (n,el) cross section from ENDF/B-VIII.0: 2.894 b.
 12. Thermal (n,el) cross section from potential (4piR^2): 8.54143 +/- 0.427072 b.
      .......................................
             ... Resonance integral: ...
 13. No capture integral found in /Users/koning/tares-1.8/source/Module//../../inputs/capture.integral
 ... no RI(n,g) found in local compilation, take 2018 value.
 ... no RI(n,g) found in local compilation, take Sukhoruchkin value.
   ---- MACS 30 keV ----- 
 14. TALYS MACS 30 keV (HF): 0.163377 b. 
   ---------- S0 -------- 
 15. S0 from TALYS: 1.25443
   ---------- S1 -------- 
 16. S1 from TALYS: 1.19157
   ---------- S2 -------- 
 17. S2 from TALYS: 0.855416
   ---------- D0 -------- 
 18. D0 from TALYS: 395.845 eV
   ---------- D1 -------- 
 19. D1 from TALYS: 207.02 eV
   ---------- D2 -------- 
 20. D2 from TALYS: 148.786 eV
   ---------- G0 -------- 
 21. Gg0 from TALYS: 0.531487 eV
   ---------- G1 -------- 
 22. Gg1 from TALYS: 0.674018 eV
   ---------- G2 -------- 
 23. Gg2 from TALYS: 0.614925 eV


   ---------------------- 
 ... Read resonance parameters (format: 2: Multi Level Breit Wigner)
 ... 0 resonances found 
 ... possibly no resonances in the Resonance directory for this isotope and options
 ... Use HFR (ladder) behavior 
 --> 25. Number of resonances from the input file: 2 up to 197.923 eV
 26. Read nuclear quantities (mass, MAT...)
 27. Read thermal (n,g) xs 
 28. Read the scattering radius 
 29. Read uncertainty on Gg for 2 resonances
 30. Read uncertainty on Gg for 2 resonances ... done
 ... order resonances 
 ... Upper limit for the RRR: 197.923 eV (no statistical resonances HFR) from the limit.RRR file
 ... Write parameters for l=0 waves
 ... End writing original MF2 
 ... No RRR in the database: uncertainties on default parameters multiplied by 1.99753
 ... Enter in urr function (ladder option set to y) for file n-I134
 ... read the file /Users/koning/tares-1.8/source/Module//../../inputs/2025/list.jcs.urr to find URR origin
 Default URR taken from TALYS calculations with level density model: 91n3n12611.2850
 File considered for the URR: /Users/koning/tares-1.8/source/Module//../../inputs/2025/lib.urr/talys.urr/91n3n12611.2850/I/urr/urr.dat.I.134.000.0.gz
 ... Write URR using TALYS average parameters (used for HFR)
 ... Limit of URR changed to 25 keV (recommendation from WPEC and JEFF)
 ... ---> Emax(RRR) taken from the file limit.ladder: 1000 eV <---
 ... (File limit.ladder: /Users/koning/tares-1.8/source/Module//../../inputs/2025/limit.ladder.91n3n12611.2850)
 ... read D0, S0, Gn and Gg
 ... number of URR energies: 2124
 Number of l: 2124 and last energy: 12
 Last  URR energy: 1000 eV
 ... Enter in to_MLBW_mf2 function
 ... Convert to Multi Level Breit Wigner (MLBW)
 ... Write parameter covariances (MF32) for l=0
 ... Convert parameter covariances (MF32) to MLBW
 ... copy the mf2 and mf32 to .mlbw files
 ... Enter in urr_correct function case 1
 Modify the higher limit of RRR in MF2
 --> old value: 1.989123+2 eV new value: 1.000000-2 eV
 Modify resonance covariances (MF32) to include correlations in the URR
 End Modify resonance covariances (MF32) to include correlations in the URR
 ... Enter in calendf_xs function
 Use CALENDF for statistical resonances (update MF2) up to 1.000000+3 eV (initial limit)
 Extract resonances from CALENDF for RRR->URR 2
 39 statistical resonances found
 After reduction, 36 statistical resonances found
 ... checking resonance order 1
 ... checking resonance order 2nd round for 34 resonances
 ... end checking resonance order 2nd round
 .......................................................
 ... Adjustment to the thermal cross section : start ...
 .......................................................

 Before adjustment (adjustment to the thermal cross section set to y)
 ... Import MF2 from TARES calculations
 ... End energy of TARES MF2 : 8.266250E+2 eV and limit to 40000 resonances
 ... File used for reconstruction: new.temp22.reconst
 ... run RECENT ...
 ... Doppler broadened at a unique temperature: 300 Kelvin using sigma1
 ... run SIGMA1 at 3.000000E+02 K.

 ============== INTER values at 300 Kelvin ==============
 Thermal (n,g) xs =  3.12364 b. (meas/sys: 4.496 b.) (warning: comparison to be done at 296 or 300 K)
 Th Maxw (n,g) xs =  3.1415 b. (thermal Maxwellian value)
 Westcott factor  =  1.00573
 RI      (n,g)    =  11.9321 b. (meas or sys: - b.)
 MACS 3.000e+04 eV=  0.17585 b. (meas or sys: - b.) from 1.00E+00 to 2.00E+07 eV (end of RRR) at T= 300 Kelvin 
 Thermal (n,el) xs=  6.35961 b.
 RI      (n,el)   =  65.4176 b.
 ============= PSYCHE values ==============
 Ave. G_total L0  =  1.95866 eV
 Ave. G_total L1  =  0.626191 eV
 Ave. G_total L2  =  0.507794 eV
 Ave. Gn_0    L0  =  0.0584718
 Ave. Gn_0    L1  =  0.098866
 Ave. Gn_0    L2  =  0.22289
 Ave. Gg      L0  =  0.515715 eV
 Ave. Gg      L1  =  0.623116 eV
 Ave. Gg      L2  =  0.507792 eV
 Ave. D       L0  =  413.312 eV
 Ave. D       L1  =  165.325 eV
 Ave. D       L2  =  826.625 eV
 Ave. S       L0  =  0.000105543 eV
 Ave. S       L1  =  0.000106777 eV
 Ave. S       L2  =  5.81107e-05 eV
 =========================================
 Calculated capture integral   11.9321 b.
 Calculated thermal (n,g)=          3.12363667 b. and recommended= 4.496 b. (C/E= 0.694759)
 Calculated RI      (n,g)= 11.9321 b. (no reference value)
 ... tolerances: thermal (n,g) 20 % (reference uncertainties, minimum 2% and 5%, maximum 20%)
 Adjust the capture widths ...
 ... capture adjusted with Gn for 28 resonances (Gn<Gg) and with Gg for 6 resonances
 ... iteration 0: C/E thermal (n,g)= 0.694759

 <-------- After adjustment -------->
 ... Import MF2 from TARES calculations
 ... End energy of TARES MF2 : 8.266250E+2 eV and limit to 40000 resonances
 ... File used for reconstruction: new.temp22.reconst
 ... run RECENT ...
 ... Doppler broadened at a unique temperature: 300 Kelvin using sigma1
 ... run SIGMA1 at 3.000000E+02 K.

 ============== INTER values at 300 Kelvin ==============
 Thermal (n,g) xs =  3.68672 b. (meas/sys: 4.496 b.) (warning: comparison to be done at 296 or 300 K)
 Th Maxw (n,g) xs =  3.7078 b. (thermal Maxwellian value)
 Westcott factor  =  1.00573
 RI      (n,g)    =  13.0448 b. (meas or sys: - b.)
 MACS 3.000e+04 eV=  0.17614 b. (meas or sys: - b.) from 1.00E+00 to 2.00E+07 eV (end of RRR) at T= 300 Kelvin 
 Thermal (n,el) xs=  6.35961 b.
 RI      (n,el)   =  64.2844 b.
 ============= PSYCHE values ==============
 Ave. G_total L0  =  2.05163 eV
 Ave. G_total L1  =  0.626745 eV
 Ave. G_total L2  =  0.507794 eV
 Ave. Gn_0    L0  =  0.0584718
 Ave. Gn_0    L1  =  0.116688
 Ave. Gn_0    L2  =  0.26307
 Ave. Gg      L0  =  0.60868 eV
 Ave. Gg      L1  =  0.623116 eV
 Ave. Gg      L2  =  0.507792 eV
 Ave. D       L0  =  413.312 eV
 Ave. D       L1  =  165.325 eV
 Ave. D       L2  =  826.625 eV
 Ave. S       L0  =  0.000105543 eV
 Ave. S       L1  =  0.000126026 eV
 Ave. S       L2  =  6.8586e-05 eV
 =========================================
 ... iteration 1: C/E thermal (n,g)= 0.82


 ... ratio C/E thermal (n,g): 8.199996E-01
 ...................................................... 
 ... Adjustment to the thermal cross section : stop ...
 ...................................................... 
 ... new MF2 file after adjustment: n-I134
 ... read the file /Users/koning/tares-1.8/source/Module//../../inputs/2025/list.jcs.urr to find URR origin
 Default URR taken from TALYS calculations with level density model: 91n3n12611.2850
 File considered for the URR: /Users/koning/tares-1.8/source/Module//../../inputs/2025/lib.urr/talys.urr/91n3n12611.2850/I/urr/urr.dat.I.134.000.0.gz
 ... Write URR using TALYS average parameters (not used for HFR)
 ... Limit of URR changed to 25 keV (recommendation from WPEC and JEFF)
 ... read D0, S0, Gn and Gg
 ... number of URR energies: 744
 Number of l: 744 and last energy: 12
 Last  URR energy: 43946.1 eV
 Energies in the URR : 744 -> reduced by a factor 2
 Energies in the URR : 432 -> reduced by a factor 2
 ... Enter in urr_correct function case 2
 Modify the higher limit of RRR in MF2
 --> old value: 8.266250+2 eV new value: 8.266250+2 eV
 Modify resonance covariances (MF32) to include correlations in the URR
 End Modify resonance covariances (MF32) to include correlations in the URR
 ... Enter in update_MF32 function
 ... Change uncertainties
 ... for the HFR, random position of the positive resonances with 0.020000 %
 ... end of update MF32 function
 ... GLS calculation of the parameter correlations from the thermal/RI adjustment (MF32c)
 ... MF32: correlations from the thermal/RI adjustment (GLS) for 6 resonances (12 widths), 4 correlation lines
 ...   thermal (n,g): uncertainty from these widths 1.4068 b. -> 1.28433 b. (reference: 4.496 +/- 3.1472 b.)
 ... copy the mf2 and mf32 to .mlbw files

 ... Start of final reconstruction and testing ...
 ... Reconstruction of cross sections at 0 Kelvin  ... Import MF2 from TARES calculations
 ... End energy of TARES MF2 : 8.266250E+2 eV and limit to 40000 resonances
 ... File used for reconstruction: n-I134.reconst
 ... run RECENT ...
 ... Doppler broadened at a unique temperature: 0 Kelvin using sigma1
 ... The keyword temperature is zero, no Doppler broadening for the MACS

 ============== INTER values at 0 Kelvin ==============
 Thermal (n,g) xs =  3.68476 b. (meas/sys: 4.496 b.) (warning: comparison to be done at 296 or 300 K)
 Th Maxw (n,g) xs =  3.6865 b. (thermal Maxwellian value)
 Westcott factor  =  1.00047
 RI      (n,g)    =  13.0096 b. (meas or sys: - b.)
 MACS 3.000e+04 eV=  0.1752 b. (meas or sys: - b.) from 1.00E+00 to 8.27E+02 eV (end of RRR) at T= 0 Kelvin 
 Thermal (n,el) xs=  6.33544 b.
 RI      (n,el)   =  60.8903 b.
 ============= PSYCHE values ==============
 Ave. G_total L0  =  2.05163 eV
 Ave. G_total L1  =  0.626745 eV
 Ave. G_total L2  =  0.507794 eV
 Ave. Gn_0    L0  =  0.0584718
 Ave. Gn_0    L1  =  0.116688
 Ave. Gn_0    L2  =  0.26307
 Ave. Gg      L0  =  0.60868 eV
 Ave. Gg      L1  =  0.623116 eV
 Ave. Gg      L2  =  0.507792 eV
 Ave. D       L0  =  413.312 eV
 Ave. D       L1  =  165.325 eV
 Ave. D       L2  =  826.625 eV
 Ave. S       L0  =  0.000105543 eV
 Ave. S       L1  =  0.000126026 eV
 Ave. S       L2  =  6.8586e-05 eV
 =========================================
 ... End of final reconstruction and testing ...

 ... grouping is not optimum, change to 70 groups
 ... Produce MF33 based on MF32 and 10 random files
 ... run endsam for 10 in groups of 1 global run
 ... run endsam from 1 to 10
 ... reorder resonance position after endsam (sampling)
 ... preparing the vectors  ... done
 ... nominal file 0 Cap(th)  ave= 3.685E+00 b. +/- 0.00 % || Ela(th) ave= 6.335E+00 b. +/- 0.00 % || RIcap ave= 1.02E+01 b. +/- 0.00 % || Macs30 ave= 6.95E+00 b. +/- 0.00 % || Gn^0(l=0) ave= 5.847E-02 +/- 0.00 % Gn^0(l=1) ave= 1.167E-01 +/- 0.00 % Gn^0(l=2) ave= 2.631E-01 +/- 0.00 % Gn^0(l=3) ave= 0.000E+00 +/- 0.00 % || Gtotal(l=0) ave= 2.052E+00 +/- 0.00 % Gtotal(l=1) ave= 6.267E-01 +/- 0.00 % Gtotal(l=2) ave= 5.078E-01 +/- 0.00 % Gtotal(l=3) ave= 0.000E+00 +/- 0.00 %  % || Gg(l=0) ave= 6.087E-01 +/- 0.00 % Gg(l=1) ave= 6.231E-01 +/- 0.00 % Gg(l=2) ave= 5.078E-01 +/- 0.00 % Gg(l=3) ave= 0.000E+00 +/- 0.00 %  % || D(l=0) ave= 4.133E+02 +/- 0.00 % D(l=1) ave= 1.653E+02 +/- 0.00 % D(l=2) ave= 8.266E+02 +/- 0.00 % D(l=3) ave= 0.000E+00 +/- 0.00 %  % || S(l=0) ave= 1.055E-04 +/- 0.00 % S(l=1) ave= 1.260E-04 +/- 0.00 % S(l=2) ave= 6.859E-05 +/- 0.00 % S(l=3) ave= 0.000E+00 +/- 0.00 % 
 ... random file  1 Cap(th)  ave= 3.256E+00 b. +/- 13.17 % || Ela(th) ave= 6.675E+00 b. +/- 5.09 % || RIcap ave= 1.16E+01 b. +/- 12.17 % || Macs30 ave= 8.46E+00 b. +/- 17.94 % || Gn^0(l=0) ave= 5.836E-02 +/- 0.19 % Gn^0(l=1) ave= 1.111E-01 +/- 5.02 % Gn^0(l=2) ave= 2.380E-01 +/- 10.52 % Gn^0(l=3) ave= 0.000E+00 +/- 0.00 % || Gtotal(l=0) ave= 2.052E+00 +/- 0.00 % Gtotal(l=1) ave= 6.267E-01 +/- 0.00 % Gtotal(l=2) ave= 5.078E-01 +/- 0.00 % Gtotal(l=3) ave= 0.000E+00 +/- 0.00 %  % || Gg(l=0) ave= 8.112E-01 +/- 24.96 % Gg(l=1) ave= 5.733E-01 +/- 8.68 % Gg(l=2) ave= 4.892E-01 +/- 3.81 % Gg(l=3) ave= 0.000E+00 +/- 0.00 %  % || D(l=0) ave= 4.133E+02 +/- 0.00 % D(l=1) ave= 1.653E+02 +/- 0.00 % D(l=2) ave= 8.266E+02 +/- 0.00 % D(l=3) ave= 0.000E+00 +/- 0.00 %  % || S(l=0) ave= 1.054E-04 +/- 0.17 % S(l=1) ave= 1.200E-04 +/- 4.99 % S(l=2) ave= 6.206E-05 +/- 10.52 % S(l=3) ave= 0.000E+00 +/- 0.00 % 
 ... random file  2 Cap(th)  ave= 3.367E+00 b. +/- 11.41 % || Ela(th) ave= 6.597E+00 b. +/- 4.52 % || RIcap ave= 1.09E+01 b. +/- 13.55 % || Macs30 ave= 8.33E+00 b. +/- 15.07 % || Gn^0(l=0) ave= 5.826E-02 +/- 0.29 % Gn^0(l=1) ave= 1.124E-01 +/- 4.39 % Gn^0(l=2) ave= 2.445E-01 +/- 9.16 % Gn^0(l=3) ave= 0.000E+00 +/- 0.00 % || Gtotal(l=0) ave= 2.052E+00 +/- 0.00 % Gtotal(l=1) ave= 6.267E-01 +/- 0.00 % Gtotal(l=2) ave= 5.078E-01 +/- 0.00 % Gtotal(l=3) ave= 0.000E+00 +/- 0.00 %  % || Gg(l=0) ave= 7.403E-01 +/- 26.11 % Gg(l=1) ave= 5.371E-01 +/- 12.19 % Gg(l=2) ave= 4.375E-01 +/- 17.05 % Gg(l=3) ave= 0.000E+00 +/- 0.00 %  % || D(l=0) ave= 4.133E+02 +/- 0.00 % D(l=1) ave= 1.653E+02 +/- 0.00 % D(l=2) ave= 8.266E+02 +/- 0.00 % D(l=3) ave= 0.000E+00 +/- 0.00 %  % || S(l=0) ave= 1.051E-04 +/- 0.37 % S(l=1) ave= 1.215E-04 +/- 4.36 % S(l=2) ave= 6.375E-05 +/- 9.16 % S(l=3) ave= 0.000E+00 +/- 0.00 % 
 ... random file  3 Cap(th)  ave= 3.148E+00 b. +/- 16.03 % || Ela(th) ave= 6.397E+00 b. +/- 6.75 % || RIcap ave= 1.07E+01 b. +/- 12.59 % || Macs30 ave= 7.66E+00 b. +/- 20.73 % || Gn^0(l=0) ave= 5.836E-02 +/- 0.39 % Gn^0(l=1) ave= 1.165E-01 +/- 7.09 % Gn^0(l=2) ave= 2.625E-01 +/- 14.00 % Gn^0(l=3) ave= 0.000E+00 +/- 0.00 % || Gtotal(l=0) ave= 2.052E+00 +/- 0.00 % Gtotal(l=1) ave= 6.267E-01 +/- 0.00 % Gtotal(l=2) ave= 5.078E-01 +/- 0.00 % Gtotal(l=3) ave= 0.000E+00 +/- 0.00 %  % || Gg(l=0) ave= 6.914E-01 +/- 27.14 % Gg(l=1) ave= 5.297E-01 +/- 10.97 % Gg(l=2) ave= 4.206E-01 +/- 16.87 % Gg(l=3) ave= 0.000E+00 +/- 0.00 %  % || D(l=0) ave= 4.133E+02 +/- 0.00 % D(l=1) ave= 1.653E+02 +/- 0.00 % D(l=2) ave= 8.266E+02 +/- 0.00 % D(l=3) ave= 0.000E+00 +/- 0.00 %  % || S(l=0) ave= 1.053E-04 +/- 0.45 % S(l=1) ave= 1.258E-04 +/- 6.93 % S(l=2) ave= 6.844E-05 +/- 14.00 % S(l=3) ave= 0.000E+00 +/- 0.00 % 
 ... random file  4 Cap(th)  ave= 2.929E+00 b. +/- 21.49 % || Ela(th) ave= 6.251E+00 b. +/- 7.76 % || RIcap ave= 9.73E+00 b. +/- 23.26 % || Macs30 ave= 6.99E+00 b. +/- 27.78 % || Gn^0(l=0) ave= 5.889E-02 +/- 1.84 % Gn^0(l=1) ave= 1.201E-01 +/- 8.51 % Gn^0(l=2) ave= 2.768E-01 +/- 15.74 % Gn^0(l=3) ave= 0.000E+00 +/- 0.00 % || Gtotal(l=0) ave= 2.044E+00 +/- 0.73 % Gtotal(l=1) ave= 6.267E-01 +/- 0.00 % Gtotal(l=2) ave= 5.078E-01 +/- 0.00 % Gtotal(l=3) ave= 0.000E+00 +/- 0.00 %  % || Gg(l=0) ave= 6.036E-01 +/- 40.23 % Gg(l=1) ave= 5.171E-01 +/- 11.18 % Gg(l=2) ave= 5.692E-01 +/- 53.39 % Gg(l=3) ave= 0.000E+00 +/- 0.00 %  % || D(l=0) ave= 4.960E+02 +/- 33.33 % D(l=1) ave= 1.653E+02 +/- 0.00 % D(l=2) ave= 8.266E+02 +/- 0.00 % D(l=3) ave= 0.000E+00 +/- 0.00 %  % || S(l=0) ave= 9.958E-05 +/- 11.49 % S(l=1) ave= 1.297E-04 +/- 8.58 % S(l=2) ave= 7.218E-05 +/- 15.74 % S(l=3) ave= 0.000E+00 +/- 0.00 % 
 ... random file  5 Cap(th)  ave= 3.068E+00 b. +/- 21.29 % || Ela(th) ave= 6.294E+00 b. +/- 7.21 % || RIcap ave= 9.71E+00 b. +/- 21.27 % || Macs30 ave= 6.84E+00 b. +/- 26.41 % || Gn^0(l=0) ave= 5.888E-02 +/- 1.68 % Gn^0(l=1) ave= 1.190E-01 +/- 8.08 % Gn^0(l=2) ave= 2.718E-01 +/- 15.22 % Gn^0(l=3) ave= 0.000E+00 +/- 0.00 % || Gtotal(l=0) ave= 2.045E+00 +/- 0.68 % Gtotal(l=1) ave= 6.267E-01 +/- 0.00 % Gtotal(l=2) ave= 5.078E-01 +/- 0.00 % Gtotal(l=3) ave= 0.000E+00 +/- 0.00 %  % || Gg(l=0) ave= 6.487E-01 +/- 37.54 % Gg(l=1) ave= 5.299E-01 +/- 11.32 % Gg(l=2) ave= 5.567E-01 +/- 50.08 % Gg(l=3) ave= 0.000E+00 +/- 0.00 %  % || D(l=0) ave= 4.822E+02 +/- 31.94 % D(l=1) ave= 1.653E+02 +/- 0.00 % D(l=2) ave= 8.266E+02 +/- 0.00 % D(l=3) ave= 0.000E+00 +/- 0.00 %  % || S(l=0) ave= 1.007E-04 +/- 10.66 % S(l=1) ave= 1.286E-04 +/- 8.14 % S(l=2) ave= 7.085E-05 +/- 15.22 % S(l=3) ave= 0.000E+00 +/- 0.00 % 
 ... random file  6 Cap(th)  ave= 3.441E+00 b. +/- 31.85 % || Ela(th) ave= 6.337E+00 b. +/- 6.83 % || RIcap ave= 9.68E+00 b. +/- 19.75 % || Macs30 ave= 6.58E+00 b. +/- 27.24 % || Gn^0(l=0) ave= 5.918E-02 +/- 1.98 % Gn^0(l=1) ave= 1.180E-01 +/- 7.82 % Gn^0(l=2) ave= 2.675E-01 +/- 14.84 % Gn^0(l=3) ave= 0.000E+00 +/- 0.00 % || Gtotal(l=0) ave= 2.041E+00 +/- 0.82 % Gtotal(l=1) ave= 6.267E-01 +/- 0.00 % Gtotal(l=2) ave= 5.078E-01 +/- 0.00 % Gtotal(l=3) ave= 0.000E+00 +/- 0.00 %  % || Gg(l=0) ave= 6.186E-01 +/- 38.36 % Gg(l=1) ave= 5.278E-01 +/- 10.57 % Gg(l=2) ave= 5.355E-01 +/- 49.17 % Gg(l=3) ave= 0.000E+00 +/- 0.00 %  % || D(l=0) ave= 5.314E+02 +/- 35.14 % D(l=1) ave= 1.653E+02 +/- 0.00 % D(l=2) ave= 8.266E+02 +/- 0.00 % D(l=3) ave= 0.000E+00 +/- 0.00 %  % || S(l=0) ave= 9.727E-05 +/- 13.38 % S(l=1) ave= 1.275E-04 +/- 7.87 % S(l=2) ave= 6.975E-05 +/- 14.84 % S(l=3) ave= 0.000E+00 +/- 0.00 % 
 ... random file  7 Cap(th)  ave= 3.726E+00 b. +/- 34.15 % || Ela(th) ave= 6.440E+00 b. +/- 7.59 % || RIcap ave= 9.98E+00 b. +/- 19.58 % || Macs30 ave= 6.72E+00 b. +/- 25.55 % || Gn^0(l=0) ave= 5.954E-02 +/- 2.46 % Gn^0(l=1) ave= 1.161E-01 +/- 8.59 % Gn^0(l=2) ave= 2.594E-01 +/- 16.51 % Gn^0(l=3) ave= 0.000E+00 +/- 0.00 % || Gtotal(l=0) ave= 2.038E+00 +/- 0.88 % Gtotal(l=1) ave= 6.267E-01 +/- 0.00 % Gtotal(l=2) ave= 5.078E-01 +/- 0.00 % Gtotal(l=3) ave= 0.000E+00 +/- 0.00 %  % || Gg(l=0) ave= 6.353E-01 +/- 35.62 % Gg(l=1) ave= 5.287E-01 +/- 9.88 % Gg(l=2) ave= 4.898E-01 +/- 56.02 % Gg(l=3) ave= 0.000E+00 +/- 0.00 %  % || D(l=0) ave= 5.683E+02 +/- 35.21 % D(l=1) ave= 1.653E+02 +/- 0.00 % D(l=2) ave= 8.266E+02 +/- 0.00 % D(l=3) ave= 0.000E+00 +/- 0.00 %  % || S(l=0) ave= 9.486E-05 +/- 14.49 % S(l=1) ave= 1.255E-04 +/- 8.60 % S(l=2) ave= 6.764E-05 +/- 16.51 % S(l=3) ave= 0.000E+00 +/- 0.00 % 
 ... random file  8 Cap(th)  ave= 3.997E+00 b. +/- 35.62 % || Ela(th) ave= 6.364E+00 b. +/- 7.99 % || RIcap ave= 1.00E+01 b. +/- 18.44 % || Macs30 ave= 6.59E+00 b. +/- 25.15 % || Gn^0(l=0) ave= 5.988E-02 +/- 2.80 % Gn^0(l=1) ave= 1.175E-01 +/- 8.65 % Gn^0(l=2) ave= 2.659E-01 +/- 16.68 % Gn^0(l=3) ave= 0.000E+00 +/- 0.00 % || Gtotal(l=0) ave= 2.035E+00 +/- 0.91 % Gtotal(l=1) ave= 6.267E-01 +/- 0.00 % Gtotal(l=2) ave= 5.078E-01 +/- 0.00 % Gtotal(l=3) ave= 0.000E+00 +/- 0.00 %  % || Gg(l=0) ave= 6.197E-01 +/- 35.16 % Gg(l=1) ave= 5.592E-01 +/- 17.75 % Gg(l=2) ave= 5.212E-01 +/- 52.49 % Gg(l=3) ave= 0.000E+00 +/- 0.00 %  % || D(l=0) ave= 5.970E+02 +/- 34.40 % D(l=1) ave= 1.653E+02 +/- 0.00 % D(l=2) ave= 8.266E+02 +/- 0.00 % D(l=3) ave= 0.000E+00 +/- 0.00 %  % || S(l=0) ave= 9.306E-05 +/- 14.96 % S(l=1) ave= 1.270E-04 +/- 8.63 % S(l=2) ave= 6.933E-05 +/- 16.68 % S(l=3) ave= 0.000E+00 +/- 0.00 % 
 ... random file  9 Cap(th)  ave= 3.846E+00 b. +/- 37.04 % || Ela(th) ave= 6.444E+00 b. +/- 8.35 % || RIcap ave= 9.81E+00 b. +/- 18.73 % || Macs30 ave= 6.57E+00 b. +/- 23.93 % || Gn^0(l=0) ave= 6.009E-02 +/- 2.85 % Gn^0(l=1) ave= 1.161E-01 +/- 9.04 % Gn^0(l=2) ave= 2.597E-01 +/- 17.71 % Gn^0(l=3) ave= 0.000E+00 +/- 0.00 % || Gtotal(l=0) ave= 2.033E+00 +/- 0.91 % Gtotal(l=1) ave= 6.267E-01 +/- 0.00 % Gtotal(l=2) ave= 5.078E-01 +/- 0.00 % Gtotal(l=3) ave= 0.000E+00 +/- 0.00 %  % || Gg(l=0) ave= 5.977E-01 +/- 36.29 % Gg(l=1) ave= 5.478E-01 +/- 18.29 % Gg(l=2) ave= 5.083E-01 +/- 51.63 % Gg(l=3) ave= 0.000E+00 +/- 0.00 %  % || D(l=0) ave= 6.200E+02 +/- 33.33 % D(l=1) ave= 1.653E+02 +/- 0.00 % D(l=2) ave= 8.266E+02 +/- 0.00 % D(l=3) ave= 0.000E+00 +/- 0.00 %  % || S(l=0) ave= 9.155E-05 +/- 15.25 % S(l=1) ave= 1.255E-04 +/- 8.99 % S(l=2) ave= 6.772E-05 +/- 17.71 % S(l=3) ave= 0.000E+00 +/- 0.00 % 
 ... random file  10 Cap(th)  ave= 4.305E+00 b. +/- 46.17 % || Ela(th) ave= 6.424E+00 b. +/- 8.05 % || RIcap ave= 1.00E+01 b. +/- 18.79 % || Macs30 ave= 6.63E+00 b. +/- 22.78 % || Gn^0(l=0) ave= 6.023E-02 +/- 2.81 % Gn^0(l=1) ave= 1.163E-01 +/- 8.62 % Gn^0(l=2) ave= 2.612E-01 +/- 16.88 % Gn^0(l=3) ave= 0.000E+00 +/- 0.00 % || Gtotal(l=0) ave= 2.031E+00 +/- 0.91 % Gtotal(l=1) ave= 6.267E-01 +/- 0.00 % Gtotal(l=2) ave= 5.078E-01 +/- 0.00 % Gtotal(l=3) ave= 0.000E+00 +/- 0.00 %  % || Gg(l=0) ave= 5.987E-01 +/- 34.55 % Gg(l=1) ave= 5.363E-01 +/- 19.06 % Gg(l=2) ave= 5.026E-01 +/- 49.91 % Gg(l=3) ave= 0.000E+00 +/- 0.00 %  % || D(l=0) ave= 6.388E+02 +/- 32.22 % D(l=1) ave= 1.653E+02 +/- 0.00 % D(l=2) ave= 8.266E+02 +/- 0.00 % D(l=3) ave= 0.000E+00 +/- 0.00 %  % || S(l=0) ave= 9.029E-05 +/- 15.40 % S(l=1) ave= 1.257E-04 +/- 8.57 % S(l=2) ave= 6.809E-05 +/- 16.88 % S(l=3) ave= 0.000E+00 +/- 0.00 % 
 ... Histogram plot for thermal (n,g)
 ... Write covariances  ... MT1  ... plot correlations
 ... MT2  ... MT102 


 ================================================
 ============== From 10 random values === start ======
 Thermal (n,tot) xs  0 K =  10.7285 b. +/- 2.04235 b. ( 19.0366 %) skew= +0.59 +/- 0.66
 Thermal (n,el) xs   0 K =  6.42369 b. +/- 0.51696 b. ( 8.04772 %) skew= +0.02 +/- 0.66
 Thermal (n,g) xs    0 K =  4.30485 b. +/- 1.98759 b. ( 46.171 %) skew= +0.94 +/- 0.66
 RI      (n,g)       0 K =  10.0292 b. +/- 1.88478 b. ( 18.7928 %) 
 MACS    (n,g)       0 K (at Emacs= 30000 eV) =  6.62957 b. +/- 1.51039 b. ( 22.7826 %) 
 Ave. Gtotal  L=0        =  2.031E+00 +/- 0.91 %
 Ave. Gn^(0)  L=0        =  6.023E-02 +/- 2.81 %
 Ave. Gg      L=0        =  5.987E-01 +/- 34.55 %
 Ave. D       L=0        =  6.388E+02 +/- 32.22 %
 Ave. S       L=0        =  9.029E-05 +/- 15.40 %
 Ave. Gtotal  L=1        =  6.267E-01 +/- 0.00 %
 Ave. Gn^(1)  L=1        =  1.163E-01 +/- 8.62 %
 Ave. Gg      L=1        =  5.363E-01 +/- 19.06 %
 Ave. D       L=1        =  1.653E+02 +/- 0.00 %
 Ave. S       L=1        =  1.257E-04 +/- 8.57 %
 Ave. Gtotal  L=2        =  5.078E-01 +/- 0.00 %
 Ave. Gn^(2)  L=2        =  2.612E-01 +/- 16.88 %
 Ave. Gg      L=2        =  5.026E-01 +/- 49.91 %
 Ave. D       L=2        =  8.266E+02 +/- 0.00 %
 Ave. S       L=2        =  6.809E-05 +/- 16.88 %

 Expected Thermal (n,g) (syst or meas)= 4.496 b. +/- 3.1472 b. nominal: 3.68476 b.
 ratio Calculated/expected thermal (n,g): 0.96 ratio DCalculated/Dexpected: 0.63 ratio Calculated/Nominal: 1.17
 ============== From 10 random values ===== stop ======
 ================================================
 ... Calculation of (n,a) and (n,p) cross sections at 300 K
 ... thermal (n,a) cross section is 1.88716e-06 +/- 9.4358e-07 b.
 ... thermal (n,a) cross section is 3.67709e-06 b. (random case 1)
 ... thermal (n,a) cross section is 5.67709e-06 b. (random case 2)
 ... thermal (n,a) cross section is 7.67709e-06 b. (random case 3)
 ... thermal (n,a) cross section is 9.67709e-06 b. (random case 4)
 ... thermal (n,a) cross section is 1.16771e-05 b. (random case 5)
 ... thermal (n,a) cross section is 1.36771e-05 b. (random case 6)
 ... thermal (n,a) cross section is 1.56771e-05 b. (random case 7)
 ... thermal (n,a) cross section is 1.76771e-05 b. (random case 8)
 ... thermal (n,a) cross section is 1.96771e-05 b. (random case 9)
 ... thermal (n,a) cross section is 2.16771e-05 b. (random case 10)
 ... (n,p) Q-value negative for this element
 ... Rewrite index for MF2
 ... Write text for MF1 in file mf1.tares.txt
 ... plotting cross sections for the MF1
 ... order output files


================== summary ==================
 Thermal (n,tot) xs = 10.0202 b. 
 Thermal (n,el)  xs = 6.33544 b. 
 Thermal (n,g)   xs = 3.68476 b. (meas/sys: 4.496 b.)
 At 300 K (thermal adjustment): (n,el) = 6.35961 b., (n,g) = 3.68672 b.

 RI      (n,g)      = 13.0096 b. (meas or sys: - b.)
 RI      (n,el)     = 60.8903 b.
=============================================


 ... cleaning
                                                 
  -------------------------------------------------------------
  -                                                           -
  - TARES: successful end of run with data from hypothetical  -
  - resonances for  Z= 53, A= 134 and isomer= 0               -
  - half-life: 52.500000 min. 
  -                                                           -
  -------------------------------------------------------------

   Running time:       11 seconds

 End time: Wed Oct  7 09:51:05 2026

