
  -------------------------------------------------------------
  -                                                           -
  -              Welcome to TARES version 1.8                 -
  -                                                           -
  -  (C) Copyright 2007-2025 D. Rochman, All Rights Reserved  -
  -           NRG, Petten, the Netherlands 2007-2014          -
  -           PSI, Villigen    Switzerland 2015-2025          -
  -         Nagra, Wettingen   Switzerland 2025-              -
  -           (Last Modified October 06, 2026)                -
  -           (Database from October 06, 2026)                -
  -                                                           -
  -------------------------------------------------------------


  ---------------------------------------------
   Compilation information:
   Compiled on:         Oct  8 2026, 18:36:06
   Compiled by:         koning
   Compiler version:    clang++ - 21.0.0
   Source location:     /Users/koning/tares-1.8/source/Module/
   Binaries location:   /Users/koning/bin
   System:              Darwin 25.6.0
   System version:      Darwin Kernel Version 25.6.0: Fri Jul 31 19:19:08 PDT 2026; root:xnu-12377.161.14~5/RELEASE_ARM64_T6050  
   Machine:             arm64 
  ---------------------------------------------

   User information:
   User name:           koning
   Running directory:   /Users/koning/tendl/resbase/La127m/work
   Owner mode for running directory : rwx
   Group mode for running directory : r-x
  ---------------------------------------------


 Starting time: Fri Oct  9 12:10:48 2026
 ... inputs directory found (/Users/koning/tares-1.8/source/Module//../../inputs/).
 ... It will be used for resonance parameters 
 ... ###############################################
 ... #     read the input file tares.inp
 ... ###############################################
 ... line: #
 ... line: # Input file generated by Autorochman
          --> line not read
 ... line: #
 ... line: isotope    La
          --> Isotope name: La
 ... line: mass       127
          --> isotopic mass: 127
 ... line: output     n-La127m
         ---> Name of the output files: n-La127m
 ... line: isomer     1
          --> isomeric state: 1
 ... line: mf32mf33   y
          --> MF33 based on MF32: y
 ... line: nbrRandom  6
          --> Nbr of random files: 6
 ... ###############################################
 ... # end read the input file tares.inp
 ... ###############################################
Value for random generator type not considered in since Tares 1.7 due to compilation issues

 ... ###############################################
     #   Interpretation of the Input definition    #
     ###############################################

 ... Default energy limit: End of resonance region
 ... Nuclear charge    = 57
 ... Element           = La
 ... Mass              = 127
 ... Isomer            = 1
 ... Correlation for (Gn,Gg) not included in random files
 ... Default random option: No random
 ... Output name: n-La127m
 ... Energy for the MACS: 30000 eV
 ... Resonances from CALENDF reduced (reduce=y) 
 ... For URR, level density model from TALYS selected: 91n3n12611.2850 (see manual for description)
 ... Random Generator: default (pseudo random numbers from ansi c++)
 ... Reconstruction of cross section selected
 ... Doppler broadening at 0 Kelvin
 ... URR not included (from the input file flag)
 ... Weight for grouping is flat
 ... Calculation of (n,alpha) cross section selected
 ... Number of digit for MF32c covariance representation: 2
 ... MF32 included
 ... MF33 will be used for covariance processing
 ... TENDL option set to yes (automatic choice of MF2 and format)
 ... Isotope not found in the best file --> use of MLBW formalism
 ... default option: Multi level Breit Wigner approximation selected
 ... (check file best.tendl.yes for changing this option)
 ... Retroactive option set to no with the 2025 option

 ... ###############################################
     #           End of Input definition           #
     ###############################################

 ... gnuplot found, will be used for plotting
 ... latex found, will be used for plotting
 ... dvips found, will be used for plotting
 ... ps2epsi not found, limited plotting available
 ... uncertainties on default parameters multiplied by 1.03686
 ... Read resonance data from the 2025 directory
 ... Resonance parameters taken from /Users/koning/tares-1.8/source/Module//../../inputs/2025/Resonance/default/
 ---> Processing Z= 57 and A= 127 and isomer= 1 (level number: 1)
 Exfor path; Could not find /Users/koning/tares-1.8/source/Module//../../inputs/exfor/La127m/xs/102
Thermal file; Could not open file /Users/koning/tares-1.8/source/Module//../../inputs/2025/runThermal/results//thermal.mxw.ng.cendl3.1
Thermal file; Could not open file /Users/koning/tares-1.8/source/Module//../../inputs/2025/runThermal/results//thermal.mxw.ng.brond3.1
Thermal file; Could not open file /Users/koning/tares-1.8/source/Module//../../inputs/2025/runThermal/results//thermal.xs.ng.unc.cendl3.1
 ... spin taken from the final/ directory (1)

 ... ###############################################
 ... #  Nucleus global parameters (2025 database)  #
 ... ###############################################
 0. Half-life: 3.7 min. 
 ... Scattering radius from TALYS: /Users/koning/tares-1.8/source/Module//../../inputs/2025/lib.urr/talys.urr/
 1. Spin of the target isotope: 1.5
 2. Relative Atomic Mass of the target isotope: 126.916
 3. Level of the isomer: 0.014200 MeV (level number 1)
 4. Scattering radius (local compilation): 6.67712 fm +/- 0.14022 fm
      .......................................
      ... Thermal capture cross sections: ...
 ... ratio of 0.712209 applied for isomeric cross section (isomer/ground)
 5. Thermal (n,g) cross section from systematics (TALYS, urr.dat): 60.9727 +/- 42.6809 b.
 6. Thermal (n,g) cross section from compilation (Firestone-2022 average on element La): 8.96 +/- 0.09 b.
 7. Thermal (n,g) cross section from compilation (Firestone-2022 final on element La): 9.06 +/- 0.04 b.
      .......................................
      ...  Thermal total cross sections:  ...
      .......................................
      ... Thermal elastic cross sections: ...
 8. Thermal (n,el) cross section from potential (4piR^2): 8.39154 +/- 0.419577 b.
      .......................................
             ... Resonance integral: ...
 9. No capture integral found in /Users/koning/tares-1.8/source/Module//../../inputs/capture.integral
 ... no RI(n,g) found in local compilation, take 2018 value.
 ... no RI(n,g) found in local compilation, take Sukhoruchkin value.
   ---- MACS 30 keV ----- 
 10. TALYS MACS 30 keV (HF): 2.80842 b. 
   ---------- S0 -------- 
 11. S0 from TALYS: 1.64658
   ---------- S1 -------- 
 12. S1 from TALYS: 1.17366
   ---------- S2 -------- 
 13. S2 from TALYS: 1.06169
   ---------- D0 -------- 
 14. D0 from TALYS: 0.44974 eV
   ---------- D1 -------- 
 15. D1 from TALYS: 0.23406 eV
   ---------- D2 -------- 
 16. D2 from TALYS: 0.158971 eV
   ---------- G0 -------- 
 17. Gg0 from TALYS: 0.14703 eV
   ---------- G1 -------- 
 18. Gg1 from TALYS: 0.148517 eV
   ---------- G2 -------- 
 19. Gg2 from TALYS: 0.148151 eV


   ---------------------- 
 ... Read resonance parameters (format: 2: Multi Level Breit Wigner)
 ... 0 resonances found 
 ... possibly no resonances in the Resonance directory for this isotope and options
 ... Use HFR (ladder) behavior 
 --> 21. Number of resonances from the input file: 2 up to 0.22487 eV
 22. Read nuclear quantities (mass, MAT...)
 23. Read thermal (n,g) xs 
 24. Read the scattering radius 
 25. Read uncertainty on Gg for 2 resonances
 26. Read uncertainty on Gg for 2 resonances ... done
 ... order resonances 
 ... Upper limit for the RRR: 0.22487 eV (no statistical resonances HFR) from the limit.RRR file
 ... Write parameters for l=0 waves
 ... End writing original MF2 
 ... No RRR in the database: uncertainties on default parameters multiplied by 1.99753
 ... Enter in urr function (ladder option set to y) for file n-La127m
 ... read the file /Users/koning/tares-1.8/source/Module//../../inputs/2025/list.jcs.urr to find URR origin
 Default URR taken from TALYS calculations with level density model: 91n3n12611.2850
 File considered for the URR: /Users/koning/tares-1.8/source/Module//../../inputs/2025/lib.urr/talys.urr/91n3n12611.2850/La/urr/urr.dat.La.127.001.1.gz
 ... Write URR using TALYS average parameters (used for HFR)
 ... Limit of URR changed to 25 keV (recommendation from WPEC and JEFF)
 ... Extract the Sn value from file ./urr.dat.La.127.1.1
 ... found Sn= 8.80064 MeV
 ... estimated number of resonances up to 217.613 eV:  1 resonances
 ... This is a test here. The higher energy limit to include URR data for calendf is set to max Sn. 24/03/2016
 ... Use Sn to define the maximum energy for the URR: Sn= 8.80064 MeV --> last_energyURR= 217.613 eV
 ... read D0, S0, Gn and Gg
 ... number of URR energies: 1518
 Number of l: 1518 and last energy: 11
 Last  URR energy: 217.613 eV
 ... Enter in to_MLBW_mf2 function
 ... Convert to Multi Level Breit Wigner (MLBW)
 ... Write parameter covariances (MF32) for l=0
 ... Convert parameter covariances (MF32) to MLBW
 ... copy the mf2 and mf32 to .mlbw files
 ... Enter in urr_correct function case 1
 Modify the higher limit of RRR in MF2
 --> old value: 2.259940-1 eV new value: 1.000000-2 eV
 Modify resonance covariances (MF32) to include correlations in the URR
 End Modify resonance covariances (MF32) to include correlations in the URR
 ... Enter in calendf_xs function
 Use CALENDF for statistical resonances (update MF2) up to 2.176130+2 eV (initial limit)
 Extract resonances from CALENDF for RRR->URR 2
 1602 statistical resonances found
 After reduction, 1293 statistical resonances found
 ... checking resonance order 1
 ... checking resonance order 2nd round for 1288 resonances
 ... end checking resonance order 2nd round
 Too many resonances (1288): reduced to 100.
 .......................................................
 ... Adjustment to the thermal cross section : start ...
 .......................................................
 ... ratio of 0.712209 applied for isomeric cross section (isomer/ground)

 Before adjustment (adjustment to the thermal cross section set to y)
 ... Import MF2 from TARES calculations
 ... End energy of TARES MF2 : 2.786740E+1 eV and limit to 40000 resonances
 ... File used for reconstruction: new.temp22.reconst
 ... run RECENT ...
 ... Doppler broadened at a unique temperature: 300 Kelvin using sigma1
 ... run SIGMA1 at 3.000000E+02 K.

 ============== INTER values at 300 Kelvin ==============
 Thermal (n,g) xs =  495.392 b. (meas/sys: 60.9727 b.) (warning: comparison to be done at 296 or 300 K)
 Th Maxw (n,g) xs =  504.37 b. (thermal Maxwellian value)
 Westcott factor  =  1.01812
 RI      (n,g)    =  1498.51 b. (meas or sys: - b.)
 MACS 3.000e+04 eV=  2.6962 b. (meas or sys: - b.) from 1.00E+00 to 2.00E+07 eV (end of RRR) at T= 300 Kelvin 
 Thermal (n,el) xs=  4.57481 b.
 RI      (n,el)   =  26.0817 b.
 ============= PSYCHE values ==============
 Ave. G_total L0  =  0.14625 eV
 Ave. G_total L1  =  0.146307 eV
 Ave. Gn_0    L0  =  0.000152653
 Ave. Gn_0    L1  =  0.000337237
 Ave. Gg      L0  =  0.145705 eV
 Ave. Gg      L1  =  0.146307 eV
 Ave. D       L0  =  0.456842 eV
 Ave. D       L1  =  1.21163 eV
 Ave. S       L0  =  0.000168035 eV
 Ave. S       L1  =  3.72695e-05 eV
 =========================================
 Calculated capture integral   1498.51 b.
 Calculated thermal (n,g)=          495.391827 b. and recommended= 60.9727 b. (C/E= 8.12482)
 Calculated RI      (n,g)= 1498.51 b. (no reference value)
 ... tolerances: thermal (n,g) 20 % (reference uncertainties, minimum 2% and 5%, maximum 20%)
 Adjust the capture widths ...
 ... capture adjusted with Gn for 100 resonances (Gn<Gg) and with Gg for 0 resonances
 ... iteration 0: C/E thermal (n,g)= 8.12482

 <-------- After adjustment -------->
 ... Import MF2 from TARES calculations
 ... End energy of TARES MF2 : 2.786740E+1 eV and limit to 40000 resonances
 ... File used for reconstruction: new.temp22.reconst
 ... run RECENT ...
 ... Doppler broadened at a unique temperature: 300 Kelvin using sigma1
 ... run SIGMA1 at 3.000000E+02 K.

 ============== INTER values at 300 Kelvin ==============
 Thermal (n,g) xs =  71.9481 b. (meas/sys: 60.9727 b.) (warning: comparison to be done at 296 or 300 K)
 Th Maxw (n,g) xs =  73.252 b. (thermal Maxwellian value)
 Westcott factor  =  1.01812
 RI      (n,g)    =  387.523 b. (meas or sys: - b.)
 MACS 3.000e+04 eV=  2.6961 b. (meas or sys: - b.) from 1.00E+00 to 2.00E+07 eV (end of RRR) at T= 300 Kelvin 
 Thermal (n,el) xs=  5.45073 b.
 RI      (n,el)   =  21.7661 b.
 ============= PSYCHE values ==============
 Ave. G_total L0  =  0.145784 eV
 Ave. G_total L1  =  0.146307 eV
 Ave. Gn_0    L0  =  2.21704e-05
 Ave. Gn_0    L1  =  4.89783e-05
 Ave. Gg      L0  =  0.145705 eV
 Ave. Gg      L1  =  0.146307 eV
 Ave. D       L0  =  0.456842 eV
 Ave. D       L1  =  1.21163 eV
 Ave. S       L0  =  2.44044e-05 eV
 Ave. S       L1  =  5.4128e-06 eV
 =========================================
 ... iteration 1: C/E thermal (n,g)= 1.18001


 ... ratio C/E thermal (n,g): 1.180006E+00
 ...................................................... 
 ... Adjustment to the thermal cross section : stop ...
 ...................................................... 
 ... new MF2 file after adjustment: n-La127m
 ... read the file /Users/koning/tares-1.8/source/Module//../../inputs/2025/list.jcs.urr to find URR origin
 Default URR taken from TALYS calculations with level density model: 91n3n12611.2850
 File considered for the URR: /Users/koning/tares-1.8/source/Module//../../inputs/2025/lib.urr/talys.urr/91n3n12611.2850/La/urr/urr.dat.La.127.001.1.gz
 ... Write URR using TALYS average parameters (not used for HFR)
 ... Limit of URR changed to 25 keV (recommendation from WPEC and JEFF)
 ... read D0, S0, Gn and Gg
 ... number of URR energies: 1221
 Number of l: 1221 and last energy: 11
 Last  URR energy: 14058 eV
 Energies in the URR : 1221 -> reduced by a factor 2
 Energies in the URR : 605 -> reduced by a factor 2
 Energies in the URR : 308 -> reduced by a factor 2
 ... Enter in urr_correct function case 2
 Modify the higher limit of RRR in MF2
 --> old value: 2.786740+1 eV new value: 2.786740+1 eV
 Modify resonance covariances (MF32) to include correlations in the URR
 End Modify resonance covariances (MF32) to include correlations in the URR
 ... Enter in update_MF32 function
 ... Change uncertainties
 ... for the HFR, random position of the positive resonances with 0.020000 %
 ... end of update MF32 function
 ... GLS calculation of the parameter correlations from the thermal/RI adjustment (MF32c)
 ... MF32: correlations from the thermal/RI adjustment (GLS) for 10 resonances (14 widths), 3 correlation lines
 ...   thermal (n,g): uncertainty from these widths 14.1355 b. -> 13.4187 b. (reference: 60.9727 +/- 42.6809 b.)
 ... copy the mf2 and mf32 to .mlbw files

 ... Start of final reconstruction and testing ...
 ... Reconstruction of cross sections at 0 Kelvin  ... Import MF2 from TARES calculations
 ... End energy of TARES MF2 : 2.786740E+1 eV and limit to 40000 resonances
 ... File used for reconstruction: n-La127m.reconst
 ... run RECENT ...
 ... Doppler broadened at a unique temperature: 0 Kelvin using sigma1
 ... The keyword temperature is zero, no Doppler broadening for the MACS

 ============== INTER values at 0 Kelvin ==============
 Thermal (n,g) xs =  71.8986 b. (meas/sys: 60.9727 b.) (warning: comparison to be done at 296 or 300 K)
 Th Maxw (n,g) xs =  72.809 b. (thermal Maxwellian value)
 Westcott factor  =  1.01267
 RI      (n,g)    =  386.525 b. (meas or sys: - b.)
 MACS 3.000e+04 eV=  2.6804 b. (meas or sys: - b.) from 1.00E+00 to 2.79E+01 eV (end of RRR) at T= 0 Kelvin 
 Thermal (n,el) xs=  5.42909 b.
 RI      (n,el)   =  21.7624 b.
 ============= PSYCHE values ==============
 Ave. G_total L0  =  0.145784 eV
 Ave. G_total L1  =  0.146307 eV
 Ave. Gn_0    L0  =  2.21704e-05
 Ave. Gn_0    L1  =  4.89783e-05
 Ave. Gg      L0  =  0.145705 eV
 Ave. Gg      L1  =  0.146307 eV
 Ave. D       L0  =  0.456842 eV
 Ave. D       L1  =  1.21163 eV
 Ave. S       L0  =  2.44044e-05 eV
 Ave. S       L1  =  5.4128e-06 eV
 =========================================
 ... End of final reconstruction and testing ...

 ... grouping is not optimum, change to 70 groups
 ... Produce MF33 based on MF32 and 6 random files
 ... MF3 of n-La127m.reconst (3 sections) added to the files for ENDSAM
 ... run endsam for 6 in groups of 1 global run
 ... run endsam from 1 to 6
 ... random files: total width GT set to Gn+Gg+Gf (600 resonances in 6 files)
 ... reorder resonance position after endsam (sampling)
 ... preparing the vectors  ... done
 ... nominal file 0 Cap(th)  ave= 7.190E+01 b. +/- 0.00 % || Ela(th) ave= 5.429E+00 b. +/- 0.00 % || RIcap ave= 3.87E+02 b. +/- 0.00 % || Macs30 ave= 2.68E+00 b. +/- 0.00 % || Gn^0(l=0) ave= 2.217E-05 +/- 0.00 % Gn^0(l=1) ave= 4.898E-05 +/- 0.00 % Gn^0(l=2) ave= 0.000E+00 +/- 0.00 % Gn^0(l=3) ave= 0.000E+00 +/- 0.00 % || Gtotal(l=0) ave= 1.458E-01 +/- 0.00 % Gtotal(l=1) ave= 1.463E-01 +/- 0.00 % Gtotal(l=2) ave= 0.000E+00 +/- 0.00 % Gtotal(l=3) ave= 0.000E+00 +/- 0.00 %  % || Gg(l=0) ave= 1.457E-01 +/- 0.00 % Gg(l=1) ave= 1.463E-01 +/- 0.00 % Gg(l=2) ave= 0.000E+00 +/- 0.00 % Gg(l=3) ave= 0.000E+00 +/- 0.00 %  % || D(l=0) ave= 4.568E-01 +/- 0.00 % D(l=1) ave= 1.212E+00 +/- 0.00 % D(l=2) ave= 0.000E+00 +/- 0.00 % D(l=3) ave= 0.000E+00 +/- 0.00 %  % || S(l=0) ave= 2.440E-05 +/- 0.00 % S(l=1) ave= 5.413E-06 +/- 0.00 % S(l=2) ave= 0.000E+00 +/- 0.00 % S(l=3) ave= 0.000E+00 +/- 0.00 % 
 ... random file  1 Cap(th)  ave= 7.101E+01 b. +/- 1.25 % || Ela(th) ave= 5.010E+00 b. +/- 8.37 % || RIcap ave= 3.87E+02 b. +/- 0.08 % || Macs30 ave= 2.68E+00 b. +/- 0.00 % || Gn^0(l=0) ave= 2.213E-05 +/- 0.19 % Gn^0(l=1) ave= 5.336E-05 +/- 8.22 % Gn^0(l=2) ave= 0.000E+00 +/- 0.00 % Gn^0(l=3) ave= 0.000E+00 +/- 0.00 % || Gtotal(l=0) ave= 1.493E-01 +/- 2.33 % Gtotal(l=1) ave= 1.392E-01 +/- 5.10 % Gtotal(l=2) ave= 0.000E+00 +/- 0.00 % Gtotal(l=3) ave= 0.000E+00 +/- 0.00 %  % || Gg(l=0) ave= 1.492E-01 +/- 2.34 % Gg(l=1) ave= 1.392E-01 +/- 5.10 % Gg(l=2) ave= 0.000E+00 +/- 0.00 % Gg(l=3) ave= 0.000E+00 +/- 0.00 %  % || D(l=0) ave= 4.568E-01 +/- 0.00 % D(l=1) ave= 1.212E+00 +/- 0.00 % D(l=2) ave= 0.000E+00 +/- 0.00 % D(l=3) ave= 0.000E+00 +/- 0.00 %  % || S(l=0) ave= 2.437E-05 +/- 0.14 % S(l=1) ave= 5.897E-06 +/- 8.22 % S(l=2) ave= 0.000E+00 +/- 0.00 % S(l=3) ave= 0.000E+00 +/- 0.00 % 
 ... random file  2 Cap(th)  ave= 6.847E+01 b. +/- 5.35 % || Ela(th) ave= 5.021E+00 b. +/- 6.82 % || RIcap ave= 3.87E+02 b. +/- 0.07 % || Macs30 ave= 2.68E+00 b. +/- 0.00 % || Gn^0(l=0) ave= 2.217E-05 +/- 0.31 % Gn^0(l=1) ave= 5.314E-05 +/- 6.77 % Gn^0(l=2) ave= 0.000E+00 +/- 0.00 % Gn^0(l=3) ave= 0.000E+00 +/- 0.00 % || Gtotal(l=0) ave= 1.495E-01 +/- 1.91 % Gtotal(l=1) ave= 1.412E-01 +/- 4.58 % Gtotal(l=2) ave= 0.000E+00 +/- 0.00 % Gtotal(l=3) ave= 0.000E+00 +/- 0.00 %  % || Gg(l=0) ave= 1.494E-01 +/- 1.91 % Gg(l=1) ave= 1.412E-01 +/- 4.58 % Gg(l=2) ave= 0.000E+00 +/- 0.00 % Gg(l=3) ave= 0.000E+00 +/- 0.00 %  % || D(l=0) ave= 4.568E-01 +/- 0.00 % D(l=1) ave= 1.212E+00 +/- 0.00 % D(l=2) ave= 0.000E+00 +/- 0.00 % D(l=3) ave= 0.000E+00 +/- 0.00 %  % || S(l=0) ave= 2.441E-05 +/- 0.28 % S(l=1) ave= 5.872E-06 +/- 6.76 % S(l=2) ave= 0.000E+00 +/- 0.00 % S(l=3) ave= 0.000E+00 +/- 0.00 % 
 ... random file  3 Cap(th)  ave= 7.052E+01 b. +/- 6.76 % || Ela(th) ave= 5.274E+00 b. +/- 10.04 % || RIcap ave= 3.86E+02 b. +/- 0.24 % || Macs30 ave= 2.68E+00 b. +/- 0.00 % || Gn^0(l=0) ave= 2.217E-05 +/- 0.27 % Gn^0(l=1) ave= 5.089E-05 +/- 9.80 % Gn^0(l=2) ave= 0.000E+00 +/- 0.00 % Gn^0(l=3) ave= 0.000E+00 +/- 0.00 % || Gtotal(l=0) ave= 1.475E-01 +/- 2.91 % Gtotal(l=1) ave= 1.439E-01 +/- 5.04 % Gtotal(l=2) ave= 0.000E+00 +/- 0.00 % Gtotal(l=3) ave= 0.000E+00 +/- 0.00 %  % || Gg(l=0) ave= 1.474E-01 +/- 2.91 % Gg(l=1) ave= 1.439E-01 +/- 5.04 % Gg(l=2) ave= 0.000E+00 +/- 0.00 % Gg(l=3) ave= 0.000E+00 +/- 0.00 %  % || D(l=0) ave= 4.568E-01 +/- 0.00 % D(l=1) ave= 1.212E+00 +/- 0.00 % D(l=2) ave= 0.000E+00 +/- 0.00 % D(l=3) ave= 0.000E+00 +/- 0.00 %  % || S(l=0) ave= 2.441E-05 +/- 0.24 % S(l=1) ave= 5.624E-06 +/- 9.80 % S(l=2) ave= 0.000E+00 +/- 0.00 % S(l=3) ave= 0.000E+00 +/- 0.00 % 
 ... random file  4 Cap(th)  ave= 7.307E+01 b. +/- 9.09 % || Ela(th) ave= 5.086E+00 b. +/- 11.89 % || RIcap ave= 3.85E+02 b. +/- 0.57 % || Macs30 ave= 2.68E+00 b. +/- 0.00 % || Gn^0(l=0) ave= 2.216E-05 +/- 0.25 % Gn^0(l=1) ave= 5.294E-05 +/- 11.46 % Gn^0(l=2) ave= 0.000E+00 +/- 0.00 % Gn^0(l=3) ave= 0.000E+00 +/- 0.00 % || Gtotal(l=0) ave= 1.480E-01 +/- 2.71 % Gtotal(l=1) ave= 1.391E-01 +/- 8.26 % Gtotal(l=2) ave= 0.000E+00 +/- 0.00 % Gtotal(l=3) ave= 0.000E+00 +/- 0.00 %  % || Gg(l=0) ave= 1.480E-01 +/- 2.71 % Gg(l=1) ave= 1.391E-01 +/- 8.26 % Gg(l=2) ave= 0.000E+00 +/- 0.00 % Gg(l=3) ave= 0.000E+00 +/- 0.00 %  % || D(l=0) ave= 4.568E-01 +/- 0.00 % D(l=1) ave= 1.212E+00 +/- 0.00 % D(l=2) ave= 0.000E+00 +/- 0.00 % D(l=3) ave= 0.000E+00 +/- 0.00 %  % || S(l=0) ave= 2.441E-05 +/- 0.22 % S(l=1) ave= 5.851E-06 +/- 11.46 % S(l=2) ave= 0.000E+00 +/- 0.00 % S(l=3) ave= 0.000E+00 +/- 0.00 % 
 ... random file  5 Cap(th)  ave= 7.527E+01 b. +/- 10.38 % || Ela(th) ave= 5.031E+00 b. +/- 11.25 % || RIcap ave= 3.84E+02 b. +/- 1.19 % || Macs30 ave= 2.68E+00 b. +/- 0.00 % || Gn^0(l=0) ave= 2.216E-05 +/- 0.23 % Gn^0(l=1) ave= 5.344E-05 +/- 10.57 % Gn^0(l=2) ave= 0.000E+00 +/- 0.00 % Gn^0(l=3) ave= 0.000E+00 +/- 0.00 % || Gtotal(l=0) ave= 1.462E-01 +/- 3.78 % Gtotal(l=1) ave= 1.411E-01 +/- 8.05 % Gtotal(l=2) ave= 0.000E+00 +/- 0.00 % Gtotal(l=3) ave= 0.000E+00 +/- 0.00 %  % || Gg(l=0) ave= 1.461E-01 +/- 3.78 % Gg(l=1) ave= 1.411E-01 +/- 8.05 % Gg(l=2) ave= 0.000E+00 +/- 0.00 % Gg(l=3) ave= 0.000E+00 +/- 0.00 %  % || D(l=0) ave= 4.568E-01 +/- 0.00 % D(l=1) ave= 1.212E+00 +/- 0.00 % D(l=2) ave= 0.000E+00 +/- 0.00 % D(l=3) ave= 0.000E+00 +/- 0.00 %  % || S(l=0) ave= 2.441E-05 +/- 0.20 % S(l=1) ave= 5.906E-06 +/- 10.57 % S(l=2) ave= 0.000E+00 +/- 0.00 % S(l=3) ave= 0.000E+00 +/- 0.00 % 
 ... random file  6 Cap(th)  ave= 7.144E+01 b. +/- 16.61 % || Ela(th) ave= 5.062E+00 b. +/- 10.46 % || RIcap ave= 3.85E+02 b. +/- 1.60 % || Macs30 ave= 2.68E+00 b. +/- 0.00 % || Gn^0(l=0) ave= 2.221E-05 +/- 0.60 % Gn^0(l=1) ave= 5.303E-05 +/- 10.04 % Gn^0(l=2) ave= 0.000E+00 +/- 0.00 % Gn^0(l=3) ave= 0.000E+00 +/- 0.00 % || Gtotal(l=0) ave= 1.474E-01 +/- 3.99 % Gtotal(l=1) ave= 1.405E-01 +/- 7.55 % Gtotal(l=2) ave= 0.000E+00 +/- 0.00 % Gtotal(l=3) ave= 0.000E+00 +/- 0.00 %  % || Gg(l=0) ave= 1.473E-01 +/- 3.99 % Gg(l=1) ave= 1.405E-01 +/- 7.55 % Gg(l=2) ave= 0.000E+00 +/- 0.00 % Gg(l=3) ave= 0.000E+00 +/- 0.00 %  % || D(l=0) ave= 4.579E-01 +/- 0.58 % D(l=1) ave= 1.212E+00 +/- 0.00 % D(l=2) ave= 0.000E+00 +/- 0.00 % D(l=3) ave= 0.000E+00 +/- 0.00 %  % || S(l=0) ave= 2.440E-05 +/- 0.19 % S(l=1) ave= 5.861E-06 +/- 10.04 % S(l=2) ave= 0.000E+00 +/- 0.00 % S(l=3) ave= 0.000E+00 +/- 0.00 % 
 ... Histogram plot for thermal (n,g)
 ... Write covariances  ... MT1  ... plot correlations
 ... MT2  ... MT102 


 ================================================
 ============== From 6 random values === start ======
 Thermal (n,tot) xs  0 K =  76.4996 b. +/- 11.7351 b. ( 15.3401 %) skew= -0.68 +/- 0.79
 Thermal (n,el) xs   0 K =  5.06245 b. +/- 0.529656 b. ( 10.4625 %) skew= +0.44 +/- 0.79
 Thermal (n,g) xs    0 K =  71.4372 b. +/- 11.8629 b. ( 16.6061 %) skew= -0.65 +/- 0.79
 RI      (n,g)       0 K =  385.377 b. +/- 6.17061 b. ( 1.60119 %) 
 MACS    (n,g)       0 K (at Emacs= 30000 eV) =  2.6804 b. +/- 2.38419e-07 b. ( 8.89489e-06 %) 
 Ave. Gtotal  L=0        =  1.474E-01 +/- 3.99 %
 Ave. Gn^(0)  L=0        =  2.221E-05 +/- 0.60 %
 Ave. Gg      L=0        =  1.473E-01 +/- 3.99 %
 Ave. D       L=0        =  4.579E-01 +/- 0.58 %
 Ave. S       L=0        =  2.440E-05 +/- 0.19 %
 Ave. Gtotal  L=1        =  1.405E-01 +/- 7.55 %
 Ave. Gg      L=1        =  1.405E-01 +/- 7.55 %
 Ave. D       L=1        =  1.212E+00 +/- 0.00 %
 Ave. S       L=1        =  5.861E-06 +/- 10.04 %

 Expected Thermal (n,g) (syst or meas)= 60.9727 b. +/- 42.6809 b. nominal: 71.8986 b.
 ratio Calculated/expected thermal (n,g): 1.17 ratio DCalculated/Dexpected: 0.28 ratio Calculated/Nominal: 0.99
 ============== From 6 random values ===== stop ======
 ================================================
 ... Calculation of (n,a) and (n,p) cross sections at 300 K
 ... thermal (n,a) cross section is 5.62417e-06 +/- 2.81208e-06 b.
 ... thermal (n,a) cross section is 1.9037e-06 b. (random case 1)
 ... thermal (n,a) cross section is 8.92644e-06 b. (random case 2)
 ... thermal (n,a) cross section is 3.81393e-06 b. (random case 3)
 ... thermal (n,a) cross section is 3.53946e-08 b. (random case 4)
 ... thermal (n,a) cross section is 7.31642e-06 b. (random case 5)
 ... thermal (n,a) cross section is 4.35879e-06 b. (random case 6)
 ... thermal (n,p) cross section is 5.62417e-06 +/- 2.81208e-06 b.
 ... thermal (n,p) cross section is 7.89752e-06 b. (random case 1)
 ... thermal (n,p) cross section is 1.96396e-06 b. (random case 2)
 ... thermal (n,p) cross section is 7.52836e-06 b. (random case 3)
 ... thermal (n,p) cross section is 2.24209e-06 b. (random case 4)
 ... thermal (n,p) cross section is 3.16459e-06 b. (random case 5)
 ... thermal (n,p) cross section is 5.68035e-06 b. (random case 6)
 ... Rewrite index for MF2
 ... Write text for MF1 in file mf1.tares.txt
 ... plotting cross sections for the MF1
 ... order output files


================== summary ==================
 Thermal (n,tot) xs = 77.3277 b. 
 Thermal (n,el)  xs = 5.42909 b. 
 Thermal (n,g)   xs = 71.8986 b. (meas/sys: 60.9727 b.)
 At 300 K (thermal adjustment): (n,el) = 5.45073 b., (n,g) = 71.9481 b.

 RI      (n,g)      = 386.525 b. (meas or sys: - b.)
 RI      (n,el)     = 21.7624 b.
=============================================


 ... cleaning
                                                 
  -------------------------------------------------------------
  -                                                           -
  - TARES: successful end of run with data from hypothetical  -
  - resonances for  Z= 57, A= 127 and isomer= 1               -
  - half-life: 3.700000 min. 
  -                                                           -
  -------------------------------------------------------------

   Running time:       12 seconds

 End time: Fri Oct  9 12:11:00 2026

