
  -------------------------------------------------------------
  -                                                           -
  -              Welcome to TARES version 1.8                 -
  -                                                           -
  -  (C) Copyright 2007-2025 D. Rochman, All Rights Reserved  -
  -           NRG, Petten, the Netherlands 2007-2014          -
  -           PSI, Villigen    Switzerland 2015-2025          -
  -         Nagra, Wettingen   Switzerland 2025-              -
  -           (Last Modified October 06, 2026)                -
  -           (Database from October 06, 2026)                -
  -                                                           -
  -------------------------------------------------------------


  ---------------------------------------------
   Compilation information:
   Compiled on:         Oct  8 2026, 18:36:06
   Compiled by:         koning
   Compiler version:    clang++ - 21.0.0
   Source location:     /Users/koning/tares-1.8/source/Module/
   Binaries location:   /Users/koning/bin
   System:              Darwin 25.6.0
   System version:      Darwin Kernel Version 25.6.0: Fri Jul 31 19:19:08 PDT 2026; root:xnu-12377.161.14~5/RELEASE_ARM64_T6050  
   Machine:             arm64 
  ---------------------------------------------

   User information:
   User name:           koning
   Running directory:   /Users/koning/tendl/resbase/Pu241/work
   Owner mode for running directory : rwx
   Group mode for running directory : r-x
  ---------------------------------------------


 Starting time: Fri Oct  9 11:52:18 2026
 ... inputs directory found (/Users/koning/tares-1.8/source/Module//../../inputs/).
 ... It will be used for resonance parameters 
 ... ###############################################
 ... #     read the input file tares.inp
 ... ###############################################
 ... line: #
 ... line: # Input file generated by Autorochman
          --> line not read
 ... line: #
 ... line: isotope    Pu
          --> Isotope name: Pu
 ... line: mass       241
          --> isotopic mass: 241
 ... line: output     n-Pu241
         ---> Name of the output files: n-Pu241
 ... line: isomer     0
          --> isomeric state: 0
 ... line: mf32mf33   y
          --> MF33 based on MF32: y
 ... line: nbrRandom  20
          --> Nbr of random files: 20
 ... ###############################################
 ... # end read the input file tares.inp
 ... ###############################################
Value for random generator type not considered in since Tares 1.7 due to compilation issues

 ... ###############################################
     #   Interpretation of the Input definition    #
     ###############################################

 ... Default energy limit: End of resonance region
 ... Nuclear charge    = 94
 ... Element           = Pu
 ... Mass              = 241
 ... Isomer            = 0
 ... Correlation for (Gn,Gg) not included in random files
 ... Default random option: No random
 ... Output name: n-Pu241
 ... Energy for the MACS: 30000 eV
 ... Resonances from CALENDF reduced (reduce=y) 
 ... For URR, level density model from TALYS selected: 91n3n12611.2850 (see manual for description)
 ... Random Generator: default (pseudo random numbers from ansi c++)
 ... Reconstruction of cross section selected
 ... Doppler broadening at 0 Kelvin
 ... Default Formalism: Reich Moore (from file best.tendl.yes)
 ... URR not included (from the input file flag)
 ... Weight for grouping is flat
 ... Calculation of (n,alpha) cross section selected
 ... Number of digit for MF32c covariance representation: 2
 ... MF32 included
 ... MF33 will be used for covariance processing
 ... TENDL option set to yes (automatic choice of MF2 and format)
 ... Retroactive option set to no with the 2025 option
 ... ladder option set to no (CALENDF will not be used for statistical resonances)

 ... ###############################################
     #           End of Input definition           #
     ###############################################

 ... gnuplot found, will be used for plotting
 ... latex found, will be used for plotting
 ... dvips found, will be used for plotting
 ... ps2epsi not found, limited plotting available
 ... uncertainties on default parameters multiplied by 1.68265
 ... Read resonance data from the 2025 directory
 ... Resonance parameters taken from /Users/koning/tares-1.8/source/Module//../../inputs/2025/Resonance/endfb8.1/
 ---> Processing Z= 94 and A= 241 and isomer= 0 (level number: 0)
Thermal file; Could not open file /Users/koning/tares-1.8/source/Module//../../inputs/2025/runThermal/results//thermal.mxw.ng.cendl3.1
Thermal file; Could not open file /Users/koning/tares-1.8/source/Module//../../inputs/2025/runThermal/results//thermal.mxw.ng.brond3.1
Thermal file; Could not open file /Users/koning/tares-1.8/source/Module//../../inputs/2025/runThermal/results//thermal.xs.ng.unc.cendl3.1
 ... spin taken from the final/ directory (1)

 ... ###############################################
 ... #  Nucleus global parameters (2025 database)  #
 ... ###############################################
 0. Half-life: 14.3392 years
 ... Scattering radius from file /Users/koning/tares-1.8/source/Module//../../inputs/2025/Resonance/endfb8.1//global.2023.txt
 1. Spin of the target isotope: 2.5
 2. Relative Atomic Mass of the target isotope: 241.056
 3. Scattering radius from endfb8.1 (local compilation): 9.54 fm +/- 0.17172 fm
 4. Scattering radius (Mughabghab): 9.7 +/- 0.2 fm
 5. Thermal (n,f) cross section from compilation (Mughabghab): 1011.1 +/- 6.2 b.
 6. Thermal (n,f) cross section from compilation (Sukhoruchkin): 1012 b.
      .......................................
      ... Thermal capture cross sections: ...
 7. Thermal (total) (n,g) cross section from endfb8.1 (local compilation): 363.9 +/- 18.195 b.
 8. Thermal (n,g) cross section from compilation (Mughabghab-2006): 362.1 +/- 5.1 b.
 9. Thermal (n,g) cross section from compilation (Mughabghab-2018): 362.1 +/- 5.1 b.
 10. Thermal (n,g) cross section from compilation (Sukhoruchkin-2009): 361.8 +/- 5 b.
 11. Thermal (n,g) cross section from compilation (Sukhoruchkin-2015): 361.8 +/- 5 b.
 12. Thermal (n,g) cross section from EAF-2010: 363.28 b.
 13. Thermal (n,g) cross section from ENDF/B-VI.8: 361.9 b.
 14. Thermal (n,g) cross section from ENDF/B-VIII.1: 364 b.
 15. Thermal (n,g) cross section from ENDF/B-VIII.0: 363.3 b.
 16. Thermal (n,g) cross section from JEF2.2: 363.3 b.
 17. Thermal (n,g) cross section from TENDL-2023: 407.5 +/- 8.793 b.
 18. Thermal (n,g) cross section from CENDL3.3: 361.6 b.
 19. Thermal (n,g) cross section from JEFF-3.3: 363.3 +/- 38.63 b.
 20. Thermal (n,g) cross section from JEFF-4.0: 364.2 +/- 38.78 b.
 21. Thermal (n,g) cross section from JENDL-5.0: 363.3 b.
      .......................................
      ...  Thermal total cross sections:  ...
 22. Thermal (n,tot) cross section from recommendations (resonancetables): 1403 b.
 23. Thermal (n,tot) cross section from JENDL-5.0 (resonancetables): 1386.28 b.
 24. Thermal (n,tot) cross section from ENDF/B-VIII.1 (resonancetables): 1399.38 b.
 25. Thermal (n,tot) cross section from JEFF-4.0 (resonancetables): 1399.5 b.
 26. Thermal (n,tot) cross section from TENDL-2025 (resonancetables): 1386.28 b.
 27. Thermal (n,tot) cross section from CENDL-3.2 (resonancetables): 1385 b.
      .......................................
      ... Thermal elastic cross sections: ...
 28. Thermal (n,el) cross section from compilation (Mughabghab): 8.9 +/- 0.8 b.
 29. Thermal (n,el) cross section from ENDF/B-VIII.1: 12 b.
 30. Thermal (n,el) cross section from ENDF/B-VIII.0: 11.26 b.
 31. Thermal (n,el) cross section from ENDF/B-VI.8: 11.36 b.
 32. Thermal (n,el) cross section from JENDL-5.0: 11.26 b.
 33. Thermal (n,el) cross section from JEFF-3.3: 11.26 b.
 34. Thermal (n,el) cross section from experiments (local compilation): 11.98 +/- 0.599 b.
      .......................................
             ... Resonance integral: ...
 35. Experimental capture integral (local compilation): 162 +/- 10 b.
 36. Experimental fission integral (Mughabghab): 553 +/- 20 b.
 37. Experimental fission integral (Sukhoruchkin): 570 +/- 49 b.
 38. Experimental capture integral (Mughabghab): 183 +/- 10 b.
 39. Experimental capture integral (Sukhoruchkin): 180 +/- 6 b.
 40. Thermal (n,f) cross section from experiments (local compilation): 1023 +/- 818.4 b.
 41. Fission integral from experiments (local compilation): 570 +/- 15 b.
   ---- MACS 30 keV ----- 
 42. TALYS MACS 30 keV (HF): 0.0242061 b. 
 43. Recommended MACS 30 keV (local compilation): 0.554 +/- 0 b. 
 44. Recommended MACS (Sukhoruchkin): 0.552 +/- 0.012 b.
   ---------- S0 -------- 
 45. S0 from TALYS: 2.22737
 46. Experimental S0: 1.23 +/- 0.09
 47. endfb8.1 S0: 1.142 +/- 0
   ---------- S1 -------- 
 48. S1 from TALYS: 2.36453
   ---------- S2 -------- 
 49. S2 from TALYS: 3.05241
   ---------- D0 -------- 
 50. D0 from TALYS: 1.24719 eV
 51. Experimental D0: 0.83 +/- 0.08 eV
 52. endfb8.1 D0: 1.277 +/- 0
   ---------- D1 -------- 
 53. D1 from TALYS: 0.638887 eV
   ---------- D2 -------- 
 54. D2 from TALYS: 0.443473 eV
   ---------- G0 -------- 
 55. Experimental average Gg0: 0.036 +/- 0.006 eV
 56. Gg0 from TALYS: 0.0114501 eV
   ---------- G1 -------- 
 57. Gg1 from TALYS: 0.0120618 eV
   ---------- G2 -------- 
 58. Gg2 from TALYS: 0.0119241 eV


   ---------------------- 
 ... Read resonance parameters (format: 3: Reich Moore)
 ... 243 resonances found 
 --> 59. Number of resonances from the input file: 243 up to 400 eV
 60. Read nuclear quantities (mass, MAT...)
 61. Read thermal (n,g) xs 
 62. Read the scattering radius 
 63. Read uncertainty on Gg for 243 resonances
 64. Read uncertainty on Gg for 243 resonances ... done
 65. Read uncertainty on Gf1
 66. Read uncertainty on Gf2
 ... order resonances 
 ... Upper limit for the RRR: 300 eV (no statistical resonances HFR) from the limit.RRR file
 ... Write parameters for l=0 waves
 ... End writing original MF2 
 ... Gn-Gg correlations: calculated capture kernel used for 243 evaluated resonances (no measured kernel)
 ... Write parameter covariances (MF32) for l=0
 ... MF32: 45 energy correlation lines (time of flight) for the first 10 evaluated resonances
 ... copy the mf2 and mf32 to .mlbw files
 ... Ladder option set to no --> no use of calendf_xs
 ... no thermal/RI adjustment (ladder option set to no): no GLS calculation of parameter correlations
 ... translate into MLBW
 ... copy the mf2 and mf32 to .mlbw files

 ... Start of final reconstruction and testing ...
 ... Reconstruction of cross sections at 0 Kelvin  ... Import MF2 from TARES calculations
 ... End energy of TARES MF2 : 3.000000E+2 eV and limit to 40000 resonances
 ... File used for reconstruction: n-Pu241.reconst
 ... run RECENT ...
 ... Doppler broadened at a unique temperature: 0 Kelvin using sigma1
 ... The keyword temperature is zero, no Doppler broadening for the MACS

 ============== INTER values at 0 Kelvin ==============
 Thermal (n,g) xs =  363.894 b. (meas/sys: 363.9 b.) (warning: comparison to be done at 296 or 300 K)
 Th Maxw (n,g) xs =  374.97 b. (thermal Maxwellian value)
 Westcott factor  =  1.03043
 RI      (n,g)    =  162.175 b. (meas or sys: 162 b.)
 MACS 3.000e+04 eV=  0.028768 b. (meas or sys: - b.) from 1.00E+00 to 2.00E+07 eV (end of RRR) at T= 0 Kelvin 
 Thermal (n,el) xs=  11.9784 b.
 RI      (n,el)   =  83.9175 b.
 Thermal (n,f) xs =  1023.28 b. (meas/sys: 1023 +/- 818.4 b.)
 RI      (n,f) xs =  534.99 b. (meas/sys: 570 +/- 15 b.)
 ============= PSYCHE values ==============
 Ave. Gn_0    L0  =  0.000300167
 Ave. Gg      L0  =  0.0346492 eV
 Ave. D       L0  =  1.2766 eV
 Ave. S       L0  =  0.000114177 eV
 =========================================
 ... End of final reconstruction and testing ...

 ... grouping is not optimum, change to 70 groups
 ... Produce MF33 based on MF32 and 20 random files
 ... MF3 of n-Pu241.reconst (4 sections) added to the files for ENDSAM
 ... run endsam for 20 in groups of 1 global run
 ... run endsam from 1 to 20
 ... preparing the vectors  ... done
 ... nominal file 0 Cap(th)  ave= 3.639E+02 b. +/- 0.00 % || Ela(th) ave= 1.198E+01 b. +/- 0.00 % || RIcap ave= 1.62E+02 b. +/- 0.00 % || Macs30 ave= 2.88E-02 b. +/- 0.00 % || Gn^0(l=0) ave= 3.002E-04 +/- 0.00 % Gn^0(l=1) ave= 0.000E+00 +/- 0.00 % Gn^0(l=2) ave= 0.000E+00 +/- 0.00 % Gn^0(l=3) ave= 0.000E+00 +/- 0.00 % || Gtotal(l=0) ave= 0.000E+00 +/- 0.00 % Gtotal(l=1) ave= 0.000E+00 +/- 0.00 % Gtotal(l=2) ave= 0.000E+00 +/- 0.00 % Gtotal(l=3) ave= 0.000E+00 +/- 0.00 %  % || Gg(l=0) ave= 3.465E-02 +/- 0.00 % Gg(l=1) ave= 0.000E+00 +/- 0.00 % Gg(l=2) ave= 0.000E+00 +/- 0.00 % Gg(l=3) ave= 0.000E+00 +/- 0.00 %  % || D(l=0) ave= 1.277E+00 +/- 0.00 % D(l=1) ave= 0.000E+00 +/- 0.00 % D(l=2) ave= 0.000E+00 +/- 0.00 % D(l=3) ave= 0.000E+00 +/- 0.00 %  % || S(l=0) ave= 1.142E-04 +/- 0.00 % S(l=1) ave= 0.000E+00 +/- 0.00 % S(l=2) ave= 0.000E+00 +/- 0.00 % S(l=3) ave= 0.000E+00 +/- 0.00 %  % || Fis(th) ave= 1.023E+03 b. +/- 0.00 %
 ... random file  1 Cap(th)  ave= 3.613E+02 b. +/- 0.72 % || Ela(th) ave= 1.418E+01 b. +/- 15.50 % || RIcap ave= 1.66E+02 b. +/- 2.56 % || Macs30 ave= 2.88E-02 b. +/- 0.03 % || Gn^0(l=0) ave= 3.002E-04 +/- 0.02 % Gn^0(l=1) ave= 0.000E+00 +/- 0.00 % Gn^0(l=2) ave= 0.000E+00 +/- 0.00 % Gn^0(l=3) ave= 0.000E+00 +/- 0.00 % || Gtotal(l=0) ave= 0.000E+00 +/- 0.00 % Gtotal(l=1) ave= 0.000E+00 +/- 0.00 % Gtotal(l=2) ave= 0.000E+00 +/- 0.00 % Gtotal(l=3) ave= 0.000E+00 +/- 0.00 %  % || Gg(l=0) ave= 3.463E-02 +/- 0.06 % Gg(l=1) ave= 0.000E+00 +/- 0.00 % Gg(l=2) ave= 0.000E+00 +/- 0.00 % Gg(l=3) ave= 0.000E+00 +/- 0.00 %  % || D(l=0) ave= 1.277E+00 +/- 0.00 % D(l=1) ave= 0.000E+00 +/- 0.00 % D(l=2) ave= 0.000E+00 +/- 0.00 % D(l=3) ave= 0.000E+00 +/- 0.00 %  % || S(l=0) ave= 1.142E-04 +/- 0.02 % S(l=1) ave= 0.000E+00 +/- 0.00 % S(l=2) ave= 0.000E+00 +/- 0.00 % S(l=3) ave= 0.000E+00 +/- 0.00 %  % || Fis(th) ave= 9.303E+02 b. +/- 9.99 %
 ... random file  2 Cap(th)  ave= 3.581E+02 b. +/- 1.37 % || Ela(th) ave= 1.328E+01 b. +/- 16.51 % || RIcap ave= 1.68E+02 b. +/- 2.40 % || Macs30 ave= 2.88E-02 b. +/- 0.02 % || Gn^0(l=0) ave= 3.002E-04 +/- 0.03 % Gn^0(l=1) ave= 0.000E+00 +/- 0.00 % Gn^0(l=2) ave= 0.000E+00 +/- 0.00 % Gn^0(l=3) ave= 0.000E+00 +/- 0.00 % || Gtotal(l=0) ave= 0.000E+00 +/- 0.00 % Gtotal(l=1) ave= 0.000E+00 +/- 0.00 % Gtotal(l=2) ave= 0.000E+00 +/- 0.00 % Gtotal(l=3) ave= 0.000E+00 +/- 0.00 %  % || Gg(l=0) ave= 3.461E-02 +/- 0.10 % Gg(l=1) ave= 0.000E+00 +/- 0.00 % Gg(l=2) ave= 0.000E+00 +/- 0.00 % Gg(l=3) ave= 0.000E+00 +/- 0.00 %  % || D(l=0) ave= 1.277E+00 +/- 0.00 % D(l=1) ave= 0.000E+00 +/- 0.00 % D(l=2) ave= 0.000E+00 +/- 0.00 % D(l=3) ave= 0.000E+00 +/- 0.00 %  % || S(l=0) ave= 1.142E-04 +/- 0.02 % S(l=1) ave= 0.000E+00 +/- 0.00 % S(l=2) ave= 0.000E+00 +/- 0.00 % S(l=3) ave= 0.000E+00 +/- 0.00 %  % || Fis(th) ave= 9.159E+02 b. +/- 8.58 %
 ... random file  3 Cap(th)  ave= 3.598E+02 b. +/- 1.43 % || Ela(th) ave= 1.338E+01 b. +/- 14.25 % || RIcap ave= 1.66E+02 b. +/- 2.91 % || Macs30 ave= 2.88E-02 b. +/- 0.02 % || Gn^0(l=0) ave= 3.001E-04 +/- 0.04 % Gn^0(l=1) ave= 0.000E+00 +/- 0.00 % Gn^0(l=2) ave= 0.000E+00 +/- 0.00 % Gn^0(l=3) ave= 0.000E+00 +/- 0.00 % || Gtotal(l=0) ave= 0.000E+00 +/- 0.00 % Gtotal(l=1) ave= 0.000E+00 +/- 0.00 % Gtotal(l=2) ave= 0.000E+00 +/- 0.00 % Gtotal(l=3) ave= 0.000E+00 +/- 0.00 %  % || Gg(l=0) ave= 3.460E-02 +/- 0.09 % Gg(l=1) ave= 0.000E+00 +/- 0.00 % Gg(l=2) ave= 0.000E+00 +/- 0.00 % Gg(l=3) ave= 0.000E+00 +/- 0.00 %  % || D(l=0) ave= 1.277E+00 +/- 0.00 % D(l=1) ave= 0.000E+00 +/- 0.00 % D(l=2) ave= 0.000E+00 +/- 0.00 % D(l=3) ave= 0.000E+00 +/- 0.00 %  % || S(l=0) ave= 1.142E-04 +/- 0.04 % S(l=1) ave= 0.000E+00 +/- 0.00 % S(l=2) ave= 0.000E+00 +/- 0.00 % S(l=3) ave= 0.000E+00 +/- 0.00 %  % || Fis(th) ave= 9.224E+02 b. +/- 7.48 %
 ... random file  4 Cap(th)  ave= 3.603E+02 b. +/- 1.30 % || Ela(th) ave= 1.335E+01 b. +/- 12.79 % || RIcap ave= 1.64E+02 b. +/- 3.45 % || Macs30 ave= 2.88E-02 b. +/- 0.02 % || Gn^0(l=0) ave= 3.001E-04 +/- 0.06 % Gn^0(l=1) ave= 0.000E+00 +/- 0.00 % Gn^0(l=2) ave= 0.000E+00 +/- 0.00 % Gn^0(l=3) ave= 0.000E+00 +/- 0.00 % || Gtotal(l=0) ave= 0.000E+00 +/- 0.00 % Gtotal(l=1) ave= 0.000E+00 +/- 0.00 % Gtotal(l=2) ave= 0.000E+00 +/- 0.00 % Gtotal(l=3) ave= 0.000E+00 +/- 0.00 %  % || Gg(l=0) ave= 3.463E-02 +/- 0.20 % Gg(l=1) ave= 0.000E+00 +/- 0.00 % Gg(l=2) ave= 0.000E+00 +/- 0.00 % Gg(l=3) ave= 0.000E+00 +/- 0.00 %  % || D(l=0) ave= 1.277E+00 +/- 0.00 % D(l=1) ave= 0.000E+00 +/- 0.00 % D(l=2) ave= 0.000E+00 +/- 0.00 % D(l=3) ave= 0.000E+00 +/- 0.00 %  % || S(l=0) ave= 1.141E-04 +/- 0.07 % S(l=1) ave= 0.000E+00 +/- 0.00 % S(l=2) ave= 0.000E+00 +/- 0.00 % S(l=3) ave= 0.000E+00 +/- 0.00 %  % || Fis(th) ave= 9.465E+02 b. +/- 8.28 %
 ... random file  5 Cap(th)  ave= 3.613E+02 b. +/- 1.34 % || Ela(th) ave= 1.333E+01 b. +/- 11.70 % || RIcap ave= 1.66E+02 b. +/- 4.23 % || Macs30 ave= 2.88E-02 b. +/- 0.02 % || Gn^0(l=0) ave= 3.001E-04 +/- 0.06 % Gn^0(l=1) ave= 0.000E+00 +/- 0.00 % Gn^0(l=2) ave= 0.000E+00 +/- 0.00 % Gn^0(l=3) ave= 0.000E+00 +/- 0.00 % || Gtotal(l=0) ave= 0.000E+00 +/- 0.00 % Gtotal(l=1) ave= 0.000E+00 +/- 0.00 % Gtotal(l=2) ave= 0.000E+00 +/- 0.00 % Gtotal(l=3) ave= 0.000E+00 +/- 0.00 %  % || Gg(l=0) ave= 3.466E-02 +/- 0.26 % Gg(l=1) ave= 0.000E+00 +/- 0.00 % Gg(l=2) ave= 0.000E+00 +/- 0.00 % Gg(l=3) ave= 0.000E+00 +/- 0.00 %  % || D(l=0) ave= 1.277E+00 +/- 0.00 % D(l=1) ave= 0.000E+00 +/- 0.00 % D(l=2) ave= 0.000E+00 +/- 0.00 % D(l=3) ave= 0.000E+00 +/- 0.00 %  % || S(l=0) ave= 1.141E-04 +/- 0.06 % S(l=1) ave= 0.000E+00 +/- 0.00 % S(l=2) ave= 0.000E+00 +/- 0.00 % S(l=3) ave= 0.000E+00 +/- 0.00 %  % || Fis(th) ave= 9.251E+02 b. +/- 9.31 %
 ... random file  6 Cap(th)  ave= 3.635E+02 b. +/- 1.93 % || Ela(th) ave= 1.319E+01 b. +/- 11.21 % || RIcap ave= 1.67E+02 b. +/- 3.98 % || Macs30 ave= 2.88E-02 b. +/- 0.02 % || Gn^0(l=0) ave= 3.001E-04 +/- 0.07 % Gn^0(l=1) ave= 0.000E+00 +/- 0.00 % Gn^0(l=2) ave= 0.000E+00 +/- 0.00 % Gn^0(l=3) ave= 0.000E+00 +/- 0.00 % || Gtotal(l=0) ave= 0.000E+00 +/- 0.00 % Gtotal(l=1) ave= 0.000E+00 +/- 0.00 % Gtotal(l=2) ave= 0.000E+00 +/- 0.00 % Gtotal(l=3) ave= 0.000E+00 +/- 0.00 %  % || Gg(l=0) ave= 3.464E-02 +/- 0.28 % Gg(l=1) ave= 0.000E+00 +/- 0.00 % Gg(l=2) ave= 0.000E+00 +/- 0.00 % Gg(l=3) ave= 0.000E+00 +/- 0.00 %  % || D(l=0) ave= 1.277E+00 +/- 0.00 % D(l=1) ave= 0.000E+00 +/- 0.00 % D(l=2) ave= 0.000E+00 +/- 0.00 % D(l=3) ave= 0.000E+00 +/- 0.00 %  % || S(l=0) ave= 1.142E-04 +/- 0.08 % S(l=1) ave= 0.000E+00 +/- 0.00 % S(l=2) ave= 0.000E+00 +/- 0.00 % S(l=3) ave= 0.000E+00 +/- 0.00 %  % || Fis(th) ave= 9.688E+02 b. +/- 13.77 %
 ... random file  7 Cap(th)  ave= 3.638E+02 b. +/- 1.82 % || Ela(th) ave= 1.278E+01 b. +/- 13.86 % || RIcap ave= 1.68E+02 b. +/- 4.47 % || Macs30 ave= 2.88E-02 b. +/- 0.02 % || Gn^0(l=0) ave= 3.001E-04 +/- 0.07 % Gn^0(l=1) ave= 0.000E+00 +/- 0.00 % Gn^0(l=2) ave= 0.000E+00 +/- 0.00 % Gn^0(l=3) ave= 0.000E+00 +/- 0.00 % || Gtotal(l=0) ave= 0.000E+00 +/- 0.00 % Gtotal(l=1) ave= 0.000E+00 +/- 0.00 % Gtotal(l=2) ave= 0.000E+00 +/- 0.00 % Gtotal(l=3) ave= 0.000E+00 +/- 0.00 %  % || Gg(l=0) ave= 3.465E-02 +/- 0.27 % Gg(l=1) ave= 0.000E+00 +/- 0.00 % Gg(l=2) ave= 0.000E+00 +/- 0.00 % Gg(l=3) ave= 0.000E+00 +/- 0.00 %  % || D(l=0) ave= 1.277E+00 +/- 0.00 % D(l=1) ave= 0.000E+00 +/- 0.00 % D(l=2) ave= 0.000E+00 +/- 0.00 % D(l=3) ave= 0.000E+00 +/- 0.00 %  % || S(l=0) ave= 1.142E-04 +/- 0.07 % S(l=1) ave= 0.000E+00 +/- 0.00 % S(l=2) ave= 0.000E+00 +/- 0.00 % S(l=3) ave= 0.000E+00 +/- 0.00 %  % || Fis(th) ave= 9.534E+02 b. +/- 13.77 %
 ... random file  8 Cap(th)  ave= 3.637E+02 b. +/- 1.72 % || Ela(th) ave= 1.311E+01 b. +/- 14.59 % || RIcap ave= 1.69E+02 b. +/- 4.43 % || Macs30 ave= 2.88E-02 b. +/- 0.02 % || Gn^0(l=0) ave= 3.001E-04 +/- 0.07 % Gn^0(l=1) ave= 0.000E+00 +/- 0.00 % Gn^0(l=2) ave= 0.000E+00 +/- 0.00 % Gn^0(l=3) ave= 0.000E+00 +/- 0.00 % || Gtotal(l=0) ave= 0.000E+00 +/- 0.00 % Gtotal(l=1) ave= 0.000E+00 +/- 0.00 % Gtotal(l=2) ave= 0.000E+00 +/- 0.00 % Gtotal(l=3) ave= 0.000E+00 +/- 0.00 %  % || Gg(l=0) ave= 3.468E-02 +/- 0.33 % Gg(l=1) ave= 0.000E+00 +/- 0.00 % Gg(l=2) ave= 0.000E+00 +/- 0.00 % Gg(l=3) ave= 0.000E+00 +/- 0.00 %  % || D(l=0) ave= 1.277E+00 +/- 0.00 % D(l=1) ave= 0.000E+00 +/- 0.00 % D(l=2) ave= 0.000E+00 +/- 0.00 % D(l=3) ave= 0.000E+00 +/- 0.00 %  % || S(l=0) ave= 1.141E-04 +/- 0.07 % S(l=1) ave= 0.000E+00 +/- 0.00 % S(l=2) ave= 0.000E+00 +/- 0.00 % S(l=3) ave= 0.000E+00 +/- 0.00 %  % || Fis(th) ave= 9.560E+02 b. +/- 12.97 %
 ... random file  9 Cap(th)  ave= 3.646E+02 b. +/- 1.77 % || Ela(th) ave= 1.337E+01 b. +/- 14.83 % || RIcap ave= 1.70E+02 b. +/- 4.35 % || Macs30 ave= 2.88E-02 b. +/- 0.02 % || Gn^0(l=0) ave= 3.001E-04 +/- 0.07 % Gn^0(l=1) ave= 0.000E+00 +/- 0.00 % Gn^0(l=2) ave= 0.000E+00 +/- 0.00 % Gn^0(l=3) ave= 0.000E+00 +/- 0.00 % || Gtotal(l=0) ave= 0.000E+00 +/- 0.00 % Gtotal(l=1) ave= 0.000E+00 +/- 0.00 % Gtotal(l=2) ave= 0.000E+00 +/- 0.00 % Gtotal(l=3) ave= 0.000E+00 +/- 0.00 %  % || Gg(l=0) ave= 3.467E-02 +/- 0.31 % Gg(l=1) ave= 0.000E+00 +/- 0.00 % Gg(l=2) ave= 0.000E+00 +/- 0.00 % Gg(l=3) ave= 0.000E+00 +/- 0.00 %  % || D(l=0) ave= 1.277E+00 +/- 0.00 % D(l=1) ave= 0.000E+00 +/- 0.00 % D(l=2) ave= 0.000E+00 +/- 0.00 % D(l=3) ave= 0.000E+00 +/- 0.00 %  % || S(l=0) ave= 1.141E-04 +/- 0.07 % S(l=1) ave= 0.000E+00 +/- 0.00 % S(l=2) ave= 0.000E+00 +/- 0.00 % S(l=3) ave= 0.000E+00 +/- 0.00 %  % || Fis(th) ave= 1.010E+03 b. +/- 19.91 %
 ... random file  10 Cap(th)  ave= 3.640E+02 b. +/- 1.76 % || Ela(th) ave= 1.314E+01 b. +/- 15.41 % || RIcap ave= 1.71E+02 b. +/- 4.54 % || Macs30 ave= 2.88E-02 b. +/- 0.02 % || Gn^0(l=0) ave= 3.001E-04 +/- 0.07 % Gn^0(l=1) ave= 0.000E+00 +/- 0.00 % Gn^0(l=2) ave= 0.000E+00 +/- 0.00 % Gn^0(l=3) ave= 0.000E+00 +/- 0.00 % || Gtotal(l=0) ave= 0.000E+00 +/- 0.00 % Gtotal(l=1) ave= 0.000E+00 +/- 0.00 % Gtotal(l=2) ave= 0.000E+00 +/- 0.00 % Gtotal(l=3) ave= 0.000E+00 +/- 0.00 %  % || Gg(l=0) ave= 3.468E-02 +/- 0.30 % Gg(l=1) ave= 0.000E+00 +/- 0.00 % Gg(l=2) ave= 0.000E+00 +/- 0.00 % Gg(l=3) ave= 0.000E+00 +/- 0.00 %  % || D(l=0) ave= 1.277E+00 +/- 0.00 % D(l=1) ave= 0.000E+00 +/- 0.00 % D(l=2) ave= 0.000E+00 +/- 0.00 % D(l=3) ave= 0.000E+00 +/- 0.00 %  % || S(l=0) ave= 1.141E-04 +/- 0.07 % S(l=1) ave= 0.000E+00 +/- 0.00 % S(l=2) ave= 0.000E+00 +/- 0.00 % S(l=3) ave= 0.000E+00 +/- 0.00 %  % || Fis(th) ave= 1.017E+03 b. +/- 18.97 %
 ... random file  11 Cap(th)  ave= 3.637E+02 b. +/- 1.72 % || Ela(th) ave= 1.286E+01 b. +/- 16.76 % || RIcap ave= 1.69E+02 b. +/- 5.28 % || Macs30 ave= 2.88E-02 b. +/- 0.02 % || Gn^0(l=0) ave= 3.001E-04 +/- 0.07 % Gn^0(l=1) ave= 0.000E+00 +/- 0.00 % Gn^0(l=2) ave= 0.000E+00 +/- 0.00 % Gn^0(l=3) ave= 0.000E+00 +/- 0.00 % || Gtotal(l=0) ave= 0.000E+00 +/- 0.00 % Gtotal(l=1) ave= 0.000E+00 +/- 0.00 % Gtotal(l=2) ave= 0.000E+00 +/- 0.00 % Gtotal(l=3) ave= 0.000E+00 +/- 0.00 %  % || Gg(l=0) ave= 3.468E-02 +/- 0.29 % Gg(l=1) ave= 0.000E+00 +/- 0.00 % Gg(l=2) ave= 0.000E+00 +/- 0.00 % Gg(l=3) ave= 0.000E+00 +/- 0.00 %  % || D(l=0) ave= 1.277E+00 +/- 0.00 % D(l=1) ave= 0.000E+00 +/- 0.00 % D(l=2) ave= 0.000E+00 +/- 0.00 % D(l=3) ave= 0.000E+00 +/- 0.00 %  % || S(l=0) ave= 1.142E-04 +/- 0.07 % S(l=1) ave= 0.000E+00 +/- 0.00 % S(l=2) ave= 0.000E+00 +/- 0.00 % S(l=3) ave= 0.000E+00 +/- 0.00 %  % || Fis(th) ave= 1.006E+03 b. +/- 18.69 %
 ... random file  12 Cap(th)  ave= 3.639E+02 b. +/- 1.66 % || Ela(th) ave= 1.289E+01 b. +/- 16.09 % || RIcap ave= 1.69E+02 b. +/- 5.16 % || Macs30 ave= 2.88E-02 b. +/- 0.02 % || Gn^0(l=0) ave= 3.001E-04 +/- 0.07 % Gn^0(l=1) ave= 0.000E+00 +/- 0.00 % Gn^0(l=2) ave= 0.000E+00 +/- 0.00 % Gn^0(l=3) ave= 0.000E+00 +/- 0.00 % || Gtotal(l=0) ave= 0.000E+00 +/- 0.00 % Gtotal(l=1) ave= 0.000E+00 +/- 0.00 % Gtotal(l=2) ave= 0.000E+00 +/- 0.00 % Gtotal(l=3) ave= 0.000E+00 +/- 0.00 %  % || Gg(l=0) ave= 3.466E-02 +/- 0.31 % Gg(l=1) ave= 0.000E+00 +/- 0.00 % Gg(l=2) ave= 0.000E+00 +/- 0.00 % Gg(l=3) ave= 0.000E+00 +/- 0.00 %  % || D(l=0) ave= 1.277E+00 +/- 0.00 % D(l=1) ave= 0.000E+00 +/- 0.00 % D(l=2) ave= 0.000E+00 +/- 0.00 % D(l=3) ave= 0.000E+00 +/- 0.00 %  % || S(l=0) ave= 1.142E-04 +/- 0.07 % S(l=1) ave= 0.000E+00 +/- 0.00 % S(l=2) ave= 0.000E+00 +/- 0.00 % S(l=3) ave= 0.000E+00 +/- 0.00 %  % || Fis(th) ave= 9.973E+02 b. +/- 18.36 %
 ... random file  13 Cap(th)  ave= 3.637E+02 b. +/- 1.61 % || Ela(th) ave= 1.304E+01 b. +/- 15.85 % || RIcap ave= 1.69E+02 b. +/- 4.97 % || Macs30 ave= 2.88E-02 b. +/- 0.02 % || Gn^0(l=0) ave= 3.002E-04 +/- 0.08 % Gn^0(l=1) ave= 0.000E+00 +/- 0.00 % Gn^0(l=2) ave= 0.000E+00 +/- 0.00 % Gn^0(l=3) ave= 0.000E+00 +/- 0.00 % || Gtotal(l=0) ave= 0.000E+00 +/- 0.00 % Gtotal(l=1) ave= 0.000E+00 +/- 0.00 % Gtotal(l=2) ave= 0.000E+00 +/- 0.00 % Gtotal(l=3) ave= 0.000E+00 +/- 0.00 %  % || Gg(l=0) ave= 3.464E-02 +/- 0.37 % Gg(l=1) ave= 0.000E+00 +/- 0.00 % Gg(l=2) ave= 0.000E+00 +/- 0.00 % Gg(l=3) ave= 0.000E+00 +/- 0.00 %  % || D(l=0) ave= 1.277E+00 +/- 0.00 % D(l=1) ave= 0.000E+00 +/- 0.00 % D(l=2) ave= 0.000E+00 +/- 0.00 % D(l=3) ave= 0.000E+00 +/- 0.00 %  % || S(l=0) ave= 1.142E-04 +/- 0.09 % S(l=1) ave= 0.000E+00 +/- 0.00 % S(l=2) ave= 0.000E+00 +/- 0.00 % S(l=3) ave= 0.000E+00 +/- 0.00 %  % || Fis(th) ave= 9.799E+02 b. +/- 19.10 %
 ... random file  14 Cap(th)  ave= 3.633E+02 b. +/- 1.61 % || Ela(th) ave= 1.312E+01 b. +/- 15.38 % || RIcap ave= 1.70E+02 b. +/- 5.05 % || Macs30 ave= 2.88E-02 b. +/- 0.02 % || Gn^0(l=0) ave= 3.002E-04 +/- 0.08 % Gn^0(l=1) ave= 0.000E+00 +/- 0.00 % Gn^0(l=2) ave= 0.000E+00 +/- 0.00 % Gn^0(l=3) ave= 0.000E+00 +/- 0.00 % || Gtotal(l=0) ave= 0.000E+00 +/- 0.00 % Gtotal(l=1) ave= 0.000E+00 +/- 0.00 % Gtotal(l=2) ave= 0.000E+00 +/- 0.00 % Gtotal(l=3) ave= 0.000E+00 +/- 0.00 %  % || Gg(l=0) ave= 3.464E-02 +/- 0.36 % Gg(l=1) ave= 0.000E+00 +/- 0.00 % Gg(l=2) ave= 0.000E+00 +/- 0.00 % Gg(l=3) ave= 0.000E+00 +/- 0.00 %  % || D(l=0) ave= 1.277E+00 +/- 0.00 % D(l=1) ave= 0.000E+00 +/- 0.00 % D(l=2) ave= 0.000E+00 +/- 0.00 % D(l=3) ave= 0.000E+00 +/- 0.00 %  % || S(l=0) ave= 1.142E-04 +/- 0.08 % S(l=1) ave= 0.000E+00 +/- 0.00 % S(l=2) ave= 0.000E+00 +/- 0.00 % S(l=3) ave= 0.000E+00 +/- 0.00 %  % || Fis(th) ave= 9.716E+02 b. +/- 18.89 %
 ... random file  15 Cap(th)  ave= 3.638E+02 b. +/- 1.64 % || Ela(th) ave= 1.293E+01 b. +/- 16.05 % || RIcap ave= 1.69E+02 b. +/- 5.24 % || Macs30 ave= 2.88E-02 b. +/- 0.02 % || Gn^0(l=0) ave= 3.002E-04 +/- 0.08 % Gn^0(l=1) ave= 0.000E+00 +/- 0.00 % Gn^0(l=2) ave= 0.000E+00 +/- 0.00 % Gn^0(l=3) ave= 0.000E+00 +/- 0.00 % || Gtotal(l=0) ave= 0.000E+00 +/- 0.00 % Gtotal(l=1) ave= 0.000E+00 +/- 0.00 % Gtotal(l=2) ave= 0.000E+00 +/- 0.00 % Gtotal(l=3) ave= 0.000E+00 +/- 0.00 %  % || Gg(l=0) ave= 3.464E-02 +/- 0.35 % Gg(l=1) ave= 0.000E+00 +/- 0.00 % Gg(l=2) ave= 0.000E+00 +/- 0.00 % Gg(l=3) ave= 0.000E+00 +/- 0.00 %  % || D(l=0) ave= 1.277E+00 +/- 0.00 % D(l=1) ave= 0.000E+00 +/- 0.00 % D(l=2) ave= 0.000E+00 +/- 0.00 % D(l=3) ave= 0.000E+00 +/- 0.00 %  % || S(l=0) ave= 1.142E-04 +/- 0.08 % S(l=1) ave= 0.000E+00 +/- 0.00 % S(l=2) ave= 0.000E+00 +/- 0.00 % S(l=3) ave= 0.000E+00 +/- 0.00 %  % || Fis(th) ave= 9.810E+02 b. +/- 18.50 %
 ... random file  16 Cap(th)  ave= 3.643E+02 b. +/- 1.68 % || Ela(th) ave= 1.284E+01 b. +/- 15.99 % || RIcap ave= 1.68E+02 b. +/- 5.44 % || Macs30 ave= 2.88E-02 b. +/- 0.02 % || Gn^0(l=0) ave= 3.002E-04 +/- 0.08 % Gn^0(l=1) ave= 0.000E+00 +/- 0.00 % Gn^0(l=2) ave= 0.000E+00 +/- 0.00 % Gn^0(l=3) ave= 0.000E+00 +/- 0.00 % || Gtotal(l=0) ave= 0.000E+00 +/- 0.00 % Gtotal(l=1) ave= 0.000E+00 +/- 0.00 % Gtotal(l=2) ave= 0.000E+00 +/- 0.00 % Gtotal(l=3) ave= 0.000E+00 +/- 0.00 %  % || Gg(l=0) ave= 3.463E-02 +/- 0.35 % Gg(l=1) ave= 0.000E+00 +/- 0.00 % Gg(l=2) ave= 0.000E+00 +/- 0.00 % Gg(l=3) ave= 0.000E+00 +/- 0.00 %  % || D(l=0) ave= 1.277E+00 +/- 0.00 % D(l=1) ave= 0.000E+00 +/- 0.00 % D(l=2) ave= 0.000E+00 +/- 0.00 % D(l=3) ave= 0.000E+00 +/- 0.00 %  % || S(l=0) ave= 1.142E-04 +/- 0.08 % S(l=1) ave= 0.000E+00 +/- 0.00 % S(l=2) ave= 0.000E+00 +/- 0.00 % S(l=3) ave= 0.000E+00 +/- 0.00 %  % || Fis(th) ave= 9.772E+02 b. +/- 18.08 %
 ... random file  17 Cap(th)  ave= 3.638E+02 b. +/- 1.75 % || Ela(th) ave= 1.290E+01 b. +/- 15.61 % || RIcap ave= 1.68E+02 b. +/- 5.30 % || Macs30 ave= 2.88E-02 b. +/- 0.02 % || Gn^0(l=0) ave= 3.002E-04 +/- 0.07 % Gn^0(l=1) ave= 0.000E+00 +/- 0.00 % Gn^0(l=2) ave= 0.000E+00 +/- 0.00 % Gn^0(l=3) ave= 0.000E+00 +/- 0.00 % || Gtotal(l=0) ave= 0.000E+00 +/- 0.00 % Gtotal(l=1) ave= 0.000E+00 +/- 0.00 % Gtotal(l=2) ave= 0.000E+00 +/- 0.00 % Gtotal(l=3) ave= 0.000E+00 +/- 0.00 %  % || Gg(l=0) ave= 3.464E-02 +/- 0.37 % Gg(l=1) ave= 0.000E+00 +/- 0.00 % Gg(l=2) ave= 0.000E+00 +/- 0.00 % Gg(l=3) ave= 0.000E+00 +/- 0.00 %  % || D(l=0) ave= 1.277E+00 +/- 0.00 % D(l=1) ave= 0.000E+00 +/- 0.00 % D(l=2) ave= 0.000E+00 +/- 0.00 % D(l=3) ave= 0.000E+00 +/- 0.00 %  % || S(l=0) ave= 1.142E-04 +/- 0.08 % S(l=1) ave= 0.000E+00 +/- 0.00 % S(l=2) ave= 0.000E+00 +/- 0.00 % S(l=3) ave= 0.000E+00 +/- 0.00 %  % || Fis(th) ave= 9.622E+02 b. +/- 18.98 %
 ... random file  18 Cap(th)  ave= 3.641E+02 b. +/- 1.74 % || Ela(th) ave= 1.288E+01 b. +/- 15.24 % || RIcap ave= 1.67E+02 b. +/- 5.75 % || Macs30 ave= 2.88E-02 b. +/- 0.02 % || Gn^0(l=0) ave= 3.002E-04 +/- 0.07 % Gn^0(l=1) ave= 0.000E+00 +/- 0.00 % Gn^0(l=2) ave= 0.000E+00 +/- 0.00 % Gn^0(l=3) ave= 0.000E+00 +/- 0.00 % || Gtotal(l=0) ave= 0.000E+00 +/- 0.00 % Gtotal(l=1) ave= 0.000E+00 +/- 0.00 % Gtotal(l=2) ave= 0.000E+00 +/- 0.00 % Gtotal(l=3) ave= 0.000E+00 +/- 0.00 %  % || Gg(l=0) ave= 3.463E-02 +/- 0.37 % Gg(l=1) ave= 0.000E+00 +/- 0.00 % Gg(l=2) ave= 0.000E+00 +/- 0.00 % Gg(l=3) ave= 0.000E+00 +/- 0.00 %  % || D(l=0) ave= 1.277E+00 +/- 0.00 % D(l=1) ave= 0.000E+00 +/- 0.00 % D(l=2) ave= 0.000E+00 +/- 0.00 % D(l=3) ave= 0.000E+00 +/- 0.00 %  % || S(l=0) ave= 1.142E-04 +/- 0.07 % S(l=1) ave= 0.000E+00 +/- 0.00 % S(l=2) ave= 0.000E+00 +/- 0.00 % S(l=3) ave= 0.000E+00 +/- 0.00 %  % || Fis(th) ave= 9.688E+02 b. +/- 18.58 %
 ... random file  19 Cap(th)  ave= 3.643E+02 b. +/- 1.71 % || Ela(th) ave= 1.286E+01 b. +/- 14.91 % || RIcap ave= 1.67E+02 b. +/- 5.65 % || Macs30 ave= 2.88E-02 b. +/- 0.02 % || Gn^0(l=0) ave= 3.002E-04 +/- 0.07 % Gn^0(l=1) ave= 0.000E+00 +/- 0.00 % Gn^0(l=2) ave= 0.000E+00 +/- 0.00 % Gn^0(l=3) ave= 0.000E+00 +/- 0.00 % || Gtotal(l=0) ave= 0.000E+00 +/- 0.00 % Gtotal(l=1) ave= 0.000E+00 +/- 0.00 % Gtotal(l=2) ave= 0.000E+00 +/- 0.00 % Gtotal(l=3) ave= 0.000E+00 +/- 0.00 %  % || Gg(l=0) ave= 3.464E-02 +/- 0.36 % Gg(l=1) ave= 0.000E+00 +/- 0.00 % Gg(l=2) ave= 0.000E+00 +/- 0.00 % Gg(l=3) ave= 0.000E+00 +/- 0.00 %  % || D(l=0) ave= 1.277E+00 +/- 0.00 % D(l=1) ave= 0.000E+00 +/- 0.00 % D(l=2) ave= 0.000E+00 +/- 0.00 % D(l=3) ave= 0.000E+00 +/- 0.00 %  % || S(l=0) ave= 1.142E-04 +/- 0.07 % S(l=1) ave= 0.000E+00 +/- 0.00 % S(l=2) ave= 0.000E+00 +/- 0.00 % S(l=3) ave= 0.000E+00 +/- 0.00 %  % || Fis(th) ave= 9.590E+02 b. +/- 18.82 %
 ... random file  20 Cap(th)  ave= 3.645E+02 b. +/- 1.69 % || Ela(th) ave= 1.271E+01 b. +/- 15.55 % || RIcap ave= 1.67E+02 b. +/- 5.51 % || Macs30 ave= 2.88E-02 b. +/- 0.02 % || Gn^0(l=0) ave= 3.002E-04 +/- 0.08 % Gn^0(l=1) ave= 0.000E+00 +/- 0.00 % Gn^0(l=2) ave= 0.000E+00 +/- 0.00 % Gn^0(l=3) ave= 0.000E+00 +/- 0.00 % || Gtotal(l=0) ave= 0.000E+00 +/- 0.00 % Gtotal(l=1) ave= 0.000E+00 +/- 0.00 % Gtotal(l=2) ave= 0.000E+00 +/- 0.00 % Gtotal(l=3) ave= 0.000E+00 +/- 0.00 %  % || Gg(l=0) ave= 3.464E-02 +/- 0.35 % Gg(l=1) ave= 0.000E+00 +/- 0.00 % Gg(l=2) ave= 0.000E+00 +/- 0.00 % Gg(l=3) ave= 0.000E+00 +/- 0.00 %  % || D(l=0) ave= 1.277E+00 +/- 0.00 % D(l=1) ave= 0.000E+00 +/- 0.00 % D(l=2) ave= 0.000E+00 +/- 0.00 % D(l=3) ave= 0.000E+00 +/- 0.00 %  % || S(l=0) ave= 1.142E-04 +/- 0.08 % S(l=1) ave= 0.000E+00 +/- 0.00 % S(l=2) ave= 0.000E+00 +/- 0.00 % S(l=3) ave= 0.000E+00 +/- 0.00 %  % || Fis(th) ave= 9.635E+02 b. +/- 18.40 %
 ... Histogram plot for thermal (n,g)
 ... Write covariances  ... MT1  ... plot correlations
 ... MT2  ... MT18  ... MT102 


 ================================================
 ============== From 20 random values === start ======
 Thermal (n,tot) xs  0 K =  1340.7 b. +/- 180.801 b. ( 13.4856 %) skew= +1.21 +/- 0.50
 Thermal (n,el) xs   0 K =  12.714 b. +/- 1.9766 b. ( 15.5466 %) skew= +0.14 +/- 0.50
 Thermal (n,f) xs    0 K = 963.469 b. +/- 177.261 b. ( 18.3983 %) skew= +1.20 +/- 0.50
 Thermal (n,g) xs    0 K =  364.519 b. +/- 6.16489 b. ( 1.69124 %) skew= -0.11 +/- 0.50
 RI      (n,g)       0 K =  167.11 b. +/- 9.20879 b. ( 5.51061 %) 
 MACS    (n,g)       0 K (at Emacs= 30000 eV) =  0.0287788 b. +/- 5.99924e-06 b. ( 0.0208461 %) 
 Ave. Gn^(0)  L=0        =  3.002E-04 +/- 0.08 %
 Ave. Gg      L=0        =  3.464E-02 +/- 0.35 %
 Ave. D       L=0        =  1.277E+00 +/- 0.00 %
 Ave. S       L=0        =  1.142E-04 +/- 0.08 %

 Expected Thermal (n,g) (syst or meas)= 363.9 b. +/- 18.195 b. nominal: 363.894 b.
 ratio Calculated/expected thermal (n,g): 1.00 ratio DCalculated/Dexpected: 0.34 ratio Calculated/Nominal: 1.00
 ============== From 20 random values ===== stop ======
 ================================================
 ... Calculation of (n,a) and (n,p) cross sections at 300 K
 ... thermal (n,a) cross section is 1.06308e-13 +/- 5.31539e-14 b.
 ... thermal (n,a) cross section is 1.76596e-13 b. (random case 1)
 ... thermal (n,a) cross section is 6.57782e-14 b. (random case 2)
 ... thermal (n,a) cross section is 1.7395e-13 b. (random case 3)
 ... thermal (n,a) cross section is 1.62531e-13 b. (random case 4)
 ... thermal (n,a) cross section is 9.08491e-14 b. (random case 5)
 ... thermal (n,a) cross section is 1.76147e-13 b. (random case 6)
 ... thermal (n,a) cross section is 1.63855e-13 b. (random case 7)
 ... thermal (n,a) cross section is 1.62437e-13 b. (random case 8)
 ... thermal (n,a) cross section is 7.8199e-14 b. (random case 9)
 ... thermal (n,a) cross section is 1.79082e-13 b. (random case 10)
 ... thermal (n,a) cross section is 1.28854e-13 b. (random case 11)
 ... thermal (n,a) cross section is 1.29355e-13 b. (random case 12)
 ... thermal (n,a) cross section is 1.45538e-13 b. (random case 13)
 ... thermal (n,a) cross section is 1.17843e-13 b. (random case 14)
 ... thermal (n,a) cross section is 6.49018e-14 b. (random case 15)
 ... thermal (n,a) cross section is 1.49637e-13 b. (random case 16)
 ... thermal (n,a) cross section is 8.51942e-14 b. (random case 17)
 ... thermal (n,a) cross section is 8.49802e-14 b. (random case 18)
 ... thermal (n,a) cross section is 4.79653e-14 b. (random case 19)
 ... thermal (n,a) cross section is 2.39585e-14 b. (random case 20)
 ... (n,p) Q-value negative for this element
 ... Rewrite index for MF2
 ... Write text for MF1 in file mf1.tares.txt
 ... plotting cross sections for the MF1
 ... order output files

 ............................................................ 
 ...                                                      ... 
 ... MF2 format selection for the final file: n-Pu241.mf2.rm
 ... MF2 format : rm
 ... cross section values for the final mf2 file: START   ... 
 ... Import MF2 from TARES calculations
 ... End energy of TARES MF2 : 3.000000E+2 eV and limit to 40000 resonances
 ... File used for reconstruction: n-Pu241.mf2.reconst
 ... run RECENT ...
 ... Doppler broadened at a unique temperature: 0 Kelvin using sigma1
 ... The keyword temperature is zero, no Doppler broadening for the MACS

 ============== INTER values at 0 Kelvin ==============
 Thermal (n,g) xs =  363.894 b. (meas/sys: 363.9 b.) (warning: comparison to be done at 296 or 300 K)
 Th Maxw (n,g) xs =  374.97 b. (thermal Maxwellian value)
 Westcott factor  =  1.03043
 RI      (n,g)    =  162.175 b. (meas or sys: 162 b.)
 MACS 3.000e+04 eV=  0.028768 b. (meas or sys: - b.) from 1.00E+00 to 2.00E+07 eV (end of RRR) at T= 0 Kelvin 
 Thermal (n,el) xs=  11.9784 b.
 RI      (n,el)   =  83.9175 b.
 Thermal (n,f) xs =  1023.28 b. (meas/sys: 1023 +/- 818.4 b.)
 RI      (n,f) xs =  534.99 b. (meas/sys: 570 +/- 15 b.)
 ============= PSYCHE values ==============
 Ave. Gn_0    L0  =  0.000300167
 Ave. Gg      L0  =  0.0346492 eV
 Ave. D       L0  =  1.2766 eV
 Ave. S       L0  =  0.000114177 eV
 =========================================
 ... cross section values for the final mf2 file: END     ... 
 ...                                                      ... 
 ............................................................ 


================== summary ==================
 Thermal (n,tot) xs = 1399.15 b. (recommended: 1403 b.)
 Thermal (n,el)  xs = 11.9784 b. 
 Thermal (n,g)   xs = 363.894 b. (meas/sys: 363.9 b.)
 Thermal (n,f)   xs = 1023.28 b. (meas/sys: 1023 +/- 818.4 b.)

 RI      (n,g)      = 162.175 b. (meas or sys: 162 b.)
 RI      (n,el)     = 83.9175 b.
 RI      (n,f)      = 534.99 b. (meas/sys: 570 +/- 15 b.)
=============================================


 ... cleaning
                                                 
  -------------------------------------------------------------
  -                                                           -
  - TARES: successful end of run with data from the database  -
  -             for Z= 94, A= 241 and isomer= 0               -
  -                                                           -
  -------------------------------------------------------------

   Running time:       78 seconds

 End time: Fri Oct  9 11:53:36 2026

