
  -------------------------------------------------------------
  -                                                           -
  -              Welcome to TARES version 1.8                 -
  -                                                           -
  -  (C) Copyright 2007-2025 D. Rochman, All Rights Reserved  -
  -           NRG, Petten, the Netherlands 2007-2014          -
  -           PSI, Villigen    Switzerland 2015-2025          -
  -         Nagra, Wettingen   Switzerland 2025-              -
  -           (Last Modified October 06, 2026)                -
  -           (Database from October 06, 2026)                -
  -                                                           -
  -------------------------------------------------------------


  ---------------------------------------------
   Compilation information:
   Compiled on:         Oct  7 2026, 09:32:19
   Compiled by:         koning
   Compiler version:    clang++ - 21.0.0
   Source location:     /Users/koning/tares-1.8/source/Module/
   Binaries location:   /Users/koning/bin
   System:              Darwin 25.6.0
   System version:      Darwin Kernel Version 25.6.0: Fri Jul 31 19:19:08 PDT 2026; root:xnu-12377.161.14~5/RELEASE_ARM64_T6050  
   Machine:             arm64 
  ---------------------------------------------

   User information:
   User name:           koning
   Running directory:   /Users/koning/tendl/resbase/Ir197m/work
   Owner mode for running directory : rwx
   Group mode for running directory : r-x
  ---------------------------------------------


 Starting time: Wed Oct  7 09:55:40 2026
 ... inputs directory found (/Users/koning/tares-1.8/source/Module//../../inputs/).
 ... It will be used for resonance parameters 
 ... ###############################################
 ... #     read the input file tares.inp
 ... ###############################################
 ... line: #
 ... line: # Input file generated by Autorochman
          --> line not read
 ... line: #
 ... line: isotope    Ir
          --> Isotope name: Ir
 ... line: mass       197
          --> isotopic mass: 197
 ... line: output     n-Ir197m
         ---> Name of the output files: n-Ir197m
 ... line: isomer     1
          --> isomeric state: 1
 ... line: mf32mf33   y
          --> MF33 based on MF32: y
 ... line: nbrRandom  6
          --> Nbr of random files: 6
 ... ###############################################
 ... # end read the input file tares.inp
 ... ###############################################
Value for random generator type not considered in since Tares 1.7 due to compilation issues

 ... ###############################################
     #   Interpretation of the Input definition    #
     ###############################################

 ... Default energy limit: End of resonance region
 ... Nuclear charge    = 77
 ... Element           = Ir
 ... Mass              = 197
 ... Isomer            = 1
 ... Correlation for (Gn,Gg) not included in random files
 ... Default random option: No random
 ... Output name: n-Ir197m
 ... Energy for the MACS: 30000 eV
 ... Resonances from CALENDF reduced (reduce=y) 
 ... For URR, level density model from TALYS selected: 91n3n12611.2850 (see manual for description)
 ... Random Generator: default (pseudo random numbers from ansi c++)
 ... Reconstruction of cross section selected
 ... Doppler broadening at 0 Kelvin
 ... URR not included (from the input file flag)
 ... Weight for grouping is flat
 ... Calculation of (n,alpha) cross section selected
 ... Number of digit for MF32c covariance representation: 2
 ... MF32 included
 ... MF33 will be used for covariance processing
 ... TENDL option set to yes (automatic choice of MF2 and format)
 ... Isotope not found in the best file --> use of MLBW formalism
 ... default option: Multi level Breit Wigner approximation selected
 ... (check file best.tendl.yes for changing this option)
 ... Retroactive option set to no with the 2025 option

 ... ###############################################
     #           End of Input definition           #
     ###############################################

 ... gnuplot found, will be used for plotting
 ... latex found, will be used for plotting
 ... dvips found, will be used for plotting
 ... ps2epsi not found, limited plotting available
 ... uncertainties on default parameters multiplied by 1.66848
 ... Read resonance data from the 2025 directory
 ... Resonance parameters taken from /Users/koning/tares-1.8/source/Module//../../inputs/2025/Resonance/default/
 ---> Processing Z= 77 and A= 197 and isomer= 1 (level number: 2)
 Exfor path; Could not find /Users/koning/tares-1.8/source/Module//../../inputs/exfor/Ir197m/xs/102
Thermal file; Could not open file /Users/koning/tares-1.8/source/Module//../../inputs/2025/runThermal/results//thermal.mxw.ng.cendl3.1
Thermal file; Could not open file /Users/koning/tares-1.8/source/Module//../../inputs/2025/runThermal/results//thermal.mxw.ng.brond3.1
Thermal file; Could not open file /Users/koning/tares-1.8/source/Module//../../inputs/2025/runThermal/results//thermal.xs.ng.unc.cendl3.1
 ... spin taken from the final/ directory (1)

 ... ###############################################
 ... #  Nucleus global parameters (2025 database)  #
 ... ###############################################
 0. Half-life: 8.9 min. 
 ... Scattering radius from TALYS: /Users/koning/tares-1.8/source/Module//../../inputs/2025/lib.urr/talys.urr/
 1. Spin of the target isotope: 5.5
 2. Relative Atomic Mass of the target isotope: 196.969
 3. Level of the isomer: 0.115000 MeV (level number 2)
 4. Scattering radius (local compilation): 7.71805 fm +/- 0.162079 fm
      .......................................
      ... Thermal capture cross sections: ...
 ... ratio of 1.31893 applied for isomeric cross section (isomer/ground)
 5. Thermal (n,g) cross section from systematics: 26.1807 +/- 18.3265 b.
 6. Thermal (n,g) cross section from compilation (Firestone-2022 average on element Ir): 460 +/- 23 b.
 7. Thermal (n,g) cross section from compilation (Firestone-2022 final on element Ir): 427 +/- 8 b.
      .......................................
      ...  Thermal total cross sections:  ...
      .......................................
      ... Thermal elastic cross sections: ...
 8. Thermal (n,el) cross section from potential (4piR^2): 9.69974 +/- 0.484987 b.
      .......................................
             ... Resonance integral: ...
 9. No capture integral found in /Users/koning/tares-1.8/source/Module//../../inputs/capture.integral
 ... no RI(n,g) found in local compilation, take 2018 value.
 ... no RI(n,g) found in local compilation, take Sukhoruchkin value.
   ---- MACS 30 keV ----- 
 10. TALYS MACS 30 keV (HF): 0.0409702 b. 
   ---------- S0 -------- 
 11. S0 from TALYS: 1.30076
   ---------- S1 -------- 
 12. S1 from TALYS: 0.38849
   ---------- S2 -------- 
 13. S2 from TALYS: 3.03848
   ---------- D0 -------- 
 14. D0 from TALYS: 19.1391 eV
   ---------- D1 -------- 
 15. D1 from TALYS: 9.81843 eV
   ---------- D2 -------- 
 16. D2 from TALYS: 6.83244 eV
   ---------- G0 -------- 
 17. Gg0 from TALYS: 0.0882683 eV
   ---------- G1 -------- 
 18. Gg1 from TALYS: 0.0940465 eV
   ---------- G2 -------- 
 19. Gg2 from TALYS: 0.100237 eV


   ---------------------- 
 ... Read resonance parameters (format: 2: Multi Level Breit Wigner)
 ... 0 resonances found 
 ... possibly no resonances in the Resonance directory for this isotope and options
 ... Use HFR (ladder) behavior 
 --> 21. Number of resonances from the input file: 2 up to 9.56955 eV
 22. Read nuclear quantities (mass, MAT...)
 23. Read thermal (n,g) xs 
 24. Read the scattering radius 
 25. Read uncertainty on Gg for 2 resonances
 26. Read uncertainty on Gg for 2 resonances ... done
 ... order resonances 
 ... Upper limit for the RRR: 9.56955 eV (no statistical resonances HFR) from the limit.RRR file
 ... Write parameters for l=0 waves
 ... End writing original MF2 
 ... No RRR in the database: uncertainties on default parameters multiplied by 1.99753
 ... Enter in urr function (ladder option set to y) for file n-Ir197m
 ... read the file /Users/koning/tares-1.8/source/Module//../../inputs/2025/list.jcs.urr to find URR origin
 Default URR taken from TALYS calculations with level density model: 91n3n12611.2850
 File considered for the URR: /Users/koning/tares-1.8/source/Module//../../inputs/2025/lib.urr/talys.urr/91n3n12611.2850/Ir/urr/urr.dat.Ir.197.002.1.gz
 ... Write URR using TALYS average parameters (used for HFR)
 ... Limit of URR changed to 25 keV (recommendation from WPEC and JEFF)
 ... Extract the Sn value from file ./urr.dat.Ir.197.2.1
 ... found Sn= 5.51719 MeV
 ... estimated number of resonances up to 16451.3 eV:  1 resonances
 ... This is a test here. The higher energy limit to include URR data for calendf is set to max Sn. 24/03/2016
 ... Use Sn to define the maximum energy for the URR: Sn= 5.51719 MeV --> last_energyURR= 16451.3 eV
 ... read D0, S0, Gn and Gg
 ... number of URR energies: 2592
 Number of l: 2592 and last energy: 12
 Last  URR energy: 16451.3 eV
 ... Enter in to_MLBW_mf2 function
 ... Convert to Multi Level Breit Wigner (MLBW)
 ... Write parameter covariances (MF32) for l=0
 ... Convert parameter covariances (MF32) to MLBW
 ... copy the mf2 and mf32 to .mlbw files
 ... Enter in urr_correct function case 1
 Modify the higher limit of RRR in MF2
 --> old value: 9.617397+0 eV new value: 1.000000-2 eV
 Modify resonance covariances (MF32) to include correlations in the URR
 End Modify resonance covariances (MF32) to include correlations in the URR
 ... Enter in calendf_xs function
 Use CALENDF for statistical resonances (update MF2) up to 1.645130+4 eV (initial limit)
 Extract resonances from CALENDF for RRR->URR 2
 More than 5000 resonances found (5666 statistical resonances found)
 After reduction, 3444 statistical resonances found
 ... checking resonance order 1
 ... checking resonance order 2nd round for 3443 resonances
 ... end checking resonance order 2nd round
 Too many resonances (3443): reduced to 100.
 .......................................................
 ... Adjustment to the thermal cross section : start ...
 .......................................................
 ... ratio of 1.31893 applied for isomeric cross section (isomer/ground)

 Before adjustment (adjustment to the thermal cross section set to y)
 ... Import MF2 from TARES calculations
 ... End energy of TARES MF2 : 1.764035E+3 eV and limit to 40000 resonances
 ... File used for reconstruction: new.temp22.reconst
 ... run RECENT ...
 ... Doppler broadened at a unique temperature: 300 Kelvin using sigma1
 ... run SIGMA1 at 3.000000E+02 K.

 ============== INTER values at 300 Kelvin ==============
 Thermal (n,g) xs =  8.11973 b. (meas/sys: 26.1807 b.) (warning: comparison to be done at 296 or 300 K)
 Th Maxw (n,g) xs =  8.181 b. (thermal Maxwellian value)
 Westcott factor  =  1.00754
 RI      (n,g)    =  253.483 b. (meas or sys: - b.)
 MACS 3.000e+04 eV=  0.39833 b. (meas or sys: - b.) from 1.00E+00 to 2.00E+07 eV (end of RRR) at T= 300 Kelvin 
 Thermal (n,el) xs=  6.06002 b.
 RI      (n,el)   =  158.943 b.
 ============= PSYCHE values ==============
 Ave. G_total L0  =  0.178696 eV
 Ave. G_total L1  =  0.0836494 eV
 Ave. G_total L2  =  0.0830049 eV
 Ave. Gn_0    L0  =  0.00344632
 Ave. Gn_0    L1  =  0.00407411
 Ave. Gn_0    L2  =  0.0807062
 Ave. Gg      L0  =  0.0849016 eV
 Ave. Gg      L1  =  0.0831705 eV
 Ave. Gg      L2  =  0.0829971 eV
 Ave. D       L0  =  67.8475 eV
 Ave. D       L1  =  43.0252 eV
 Ave. D       L2  =  294.006 eV
 Ave. S       L0  =  2.63923e-05 eV
 Ave. S       L1  =  1.63237e-05 eV
 Ave. S       L2  =  3.36879e-05 eV
 =========================================
 Calculated capture integral   253.483 b.
 Calculated thermal (n,g)=          8.11973365 b. and recommended= 26.1807 b. (C/E= 0.310142)
 Calculated RI      (n,g)= 253.483 b. (no reference value)
 ... tolerances: thermal (n,g) 20 % (reference uncertainties, minimum 2% and 5%, maximum 20%)
 Adjust the capture widths ...
 ... capture adjusted with Gn for 94 resonances (Gn<Gg) and with Gg for 6 resonances
 ... iteration 0: C/E thermal (n,g)= 0.310142

 <-------- After adjustment -------->
 ... Import MF2 from TARES calculations
 ... End energy of TARES MF2 : 1.764035E+3 eV and limit to 40000 resonances
 ... File used for reconstruction: new.temp22.reconst
 ... run RECENT ...
 ... Doppler broadened at a unique temperature: 300 Kelvin using sigma1
 ... run SIGMA1 at 3.000000E+02 K.

 ============== INTER values at 300 Kelvin ==============
 Thermal (n,g) xs =  21.4682 b. (meas/sys: 26.1807 b.) (warning: comparison to be done at 296 or 300 K)
 Th Maxw (n,g) xs =  21.63 b. (thermal Maxwellian value)
 Westcott factor  =  1.00754
 RI      (n,g)    =  454.431 b. (meas or sys: - b.)
 MACS 3.000e+04 eV=  0.3999 b. (meas or sys: - b.) from 1.00E+00 to 2.00E+07 eV (end of RRR) at T= 300 Kelvin 
 Thermal (n,el) xs=  4.55745 b.
 RI      (n,el)   =  520.042 b.
 ============= PSYCHE values ==============
 Ave. G_total L0  =  0.247568 eV
 Ave. G_total L1  =  0.0844366 eV
 Ave. G_total L2  =  0.0830178 eV
 Ave. Gn_0    L0  =  0.00528221
 Ave. Gn_0    L1  =  0.0107717
 Ave. Gn_0    L2  =  0.213383
 Ave. Gg      L0  =  0.11587 eV
 Ave. Gg      L1  =  0.0831705 eV
 Ave. Gg      L2  =  0.0829971 eV
 Ave. D       L0  =  67.8475 eV
 Ave. D       L1  =  43.0252 eV
 Ave. D       L2  =  294.006 eV
 Ave. S       L0  =  4.02002e-05 eV
 Ave. S       L1  =  4.31592e-05 eV
 Ave. S       L2  =  8.90691e-05 eV
 =========================================
 ... iteration 1: C/E thermal (n,g)= 0.82


 ... ratio C/E thermal (n,g): 8.199996E-01
 ...................................................... 
 ... Adjustment to the thermal cross section : stop ...
 ...................................................... 
 ... new MF2 file after adjustment: n-Ir197m
 ... read the file /Users/koning/tares-1.8/source/Module//../../inputs/2025/list.jcs.urr to find URR origin
 Default URR taken from TALYS calculations with level density model: 91n3n12611.2850
 File considered for the URR: /Users/koning/tares-1.8/source/Module//../../inputs/2025/lib.urr/talys.urr/91n3n12611.2850/Ir/urr/urr.dat.Ir.197.002.1.gz
 ... Write URR using TALYS average parameters (not used for HFR)
 ... Limit of URR changed to 25 keV (recommendation from WPEC and JEFF)
 ... read D0, S0, Gn and Gg
 ... number of URR energies: 600
 Number of l: 600 and last energy: 12
 Last  URR energy: 51480 eV
 Energies in the URR : 600 -> reduced by a factor 2
 Energies in the URR : 348 -> reduced by a factor 2
 ... Enter in urr_correct function case 2
 Modify the higher limit of RRR in MF2
 --> old value: 1.764035+3 eV new value: 1.764035+3 eV
 Modify resonance covariances (MF32) to include correlations in the URR
 End Modify resonance covariances (MF32) to include correlations in the URR
 ... Enter in update_MF32 function
 ... Change uncertainties
 ... for the HFR, random position of the positive resonances with 0.020000 %
 ... end of update MF32 function
 ... GLS calculation of the parameter correlations from the thermal/RI adjustment (MF32c)
 ... MF32: correlations from the thermal/RI adjustment (GLS) for 2 resonances (4 widths), 1 correlation lines
 ...   thermal (n,g): uncertainty from these widths 13.9106 b. -> 11.0802 b. (reference: 26.1807 +/- 18.3265 b.)
 ... copy the mf2 and mf32 to .mlbw files

 ... Start of final reconstruction and testing ...
 ... Reconstruction of cross sections at 0 Kelvin  ... Import MF2 from TARES calculations
 ... End energy of TARES MF2 : 1.764035E+3 eV and limit to 40000 resonances
 ... File used for reconstruction: n-Ir197m.reconst
 ... run RECENT ...
 ... Doppler broadened at a unique temperature: 0 Kelvin using sigma1
 ... The keyword temperature is zero, no Doppler broadening for the MACS

 ============== INTER values at 0 Kelvin ==============
 Thermal (n,g) xs =  21.4564 b. (meas/sys: 26.1807 b.) (warning: comparison to be done at 296 or 300 K)
 Th Maxw (n,g) xs =  21.505 b. (thermal Maxwellian value)
 Westcott factor  =  1.00228
 RI      (n,g)    =  454.089 b. (meas or sys: - b.)
 MACS 3.000e+04 eV=  0.3976 b. (meas or sys: - b.) from 1.00E+00 to 1.76E+03 eV (end of RRR) at T= 0 Kelvin 
 Thermal (n,el) xs=  4.5457 b.
 RI      (n,el)   =  519.112 b.
 ============= PSYCHE values ==============
 Ave. G_total L0  =  0.247568 eV
 Ave. G_total L1  =  0.0844366 eV
 Ave. G_total L2  =  0.0830178 eV
 Ave. Gn_0    L0  =  0.00528221
 Ave. Gn_0    L1  =  0.0107717
 Ave. Gn_0    L2  =  0.213383
 Ave. Gg      L0  =  0.11587 eV
 Ave. Gg      L1  =  0.0831705 eV
 Ave. Gg      L2  =  0.0829971 eV
 Ave. D       L0  =  67.8475 eV
 Ave. D       L1  =  43.0252 eV
 Ave. D       L2  =  294.006 eV
 Ave. S       L0  =  4.02002e-05 eV
 Ave. S       L1  =  4.31592e-05 eV
 Ave. S       L2  =  8.90691e-05 eV
 =========================================
 ... End of final reconstruction and testing ...

 ... grouping is not optimum, change to 70 groups
 ... Produce MF33 based on MF32 and 6 random files
 ... run endsam for 6 in groups of 1 global run
 ... run endsam from 1 to 6
 ... reorder resonance position after endsam (sampling)
 ... preparing the vectors  ... done
 ... nominal file 0 Cap(th)  ave= 2.146E+01 b. +/- 0.00 % || Ela(th) ave= 4.546E+00 b. +/- 0.00 % || RIcap ave= 4.50E+02 b. +/- 0.00 % || Macs30 ave= 2.08E+00 b. +/- 0.00 % || Gn^0(l=0) ave= 5.282E-03 +/- 0.00 % Gn^0(l=1) ave= 1.077E-02 +/- 0.00 % Gn^0(l=2) ave= 2.134E-01 +/- 0.00 % Gn^0(l=3) ave= 0.000E+00 +/- 0.00 % || Gtotal(l=0) ave= 2.476E-01 +/- 0.00 % Gtotal(l=1) ave= 8.444E-02 +/- 0.00 % Gtotal(l=2) ave= 8.302E-02 +/- 0.00 % Gtotal(l=3) ave= 0.000E+00 +/- 0.00 %  % || Gg(l=0) ave= 1.159E-01 +/- 0.00 % Gg(l=1) ave= 8.317E-02 +/- 0.00 % Gg(l=2) ave= 8.300E-02 +/- 0.00 % Gg(l=3) ave= 0.000E+00 +/- 0.00 %  % || D(l=0) ave= 6.785E+01 +/- 0.00 % D(l=1) ave= 4.303E+01 +/- 0.00 % D(l=2) ave= 2.940E+02 +/- 0.00 % D(l=3) ave= 0.000E+00 +/- 0.00 %  % || S(l=0) ave= 4.020E-05 +/- 0.00 % S(l=1) ave= 4.316E-05 +/- 0.00 % S(l=2) ave= 8.907E-05 +/- 0.00 % S(l=3) ave= 0.000E+00 +/- 0.00 % 
 ... random file  1 Cap(th)  ave= 2.116E+01 b. +/- 1.39 % || Ela(th) ave= 4.685E+00 b. +/- 2.98 % || RIcap ave= 4.46E+02 b. +/- 1.05 % || Macs30 ave= 2.21E+00 b. +/- 5.89 % || Gn^0(l=0) ave= 5.255E-03 +/- 0.52 % Gn^0(l=1) ave= 1.052E-02 +/- 2.35 % Gn^0(l=2) ave= 2.041E-01 +/- 4.57 % Gn^0(l=3) ave= 0.000E+00 +/- 0.00 % || Gtotal(l=0) ave= 2.476E-01 +/- 0.00 % Gtotal(l=1) ave= 8.444E-02 +/- 0.00 % Gtotal(l=2) ave= 8.302E-02 +/- 0.00 % Gtotal(l=3) ave= 0.000E+00 +/- 0.00 %  % || Gg(l=0) ave= 1.235E-01 +/- 6.17 % Gg(l=1) ave= 8.621E-02 +/- 3.53 % Gg(l=2) ave= 7.498E-02 +/- 10.69 % Gg(l=3) ave= 0.000E+00 +/- 0.00 %  % || D(l=0) ave= 6.785E+01 +/- 0.00 % D(l=1) ave= 4.303E+01 +/- 0.00 % D(l=2) ave= 2.940E+02 +/- 0.00 % D(l=3) ave= 0.000E+00 +/- 0.00 %  % || S(l=0) ave= 3.999E-05 +/- 0.51 % S(l=1) ave= 4.217E-05 +/- 2.35 % S(l=2) ave= 8.516E-05 +/- 4.59 % S(l=3) ave= 0.000E+00 +/- 0.00 % 
 ... random file  2 Cap(th)  ave= 2.415E+01 b. +/- 17.52 % || Ela(th) ave= 4.646E+00 b. +/- 2.73 % || RIcap ave= 4.73E+02 b. +/- 8.23 % || Macs30 ave= 2.07E+00 b. +/- 10.87 % || Gn^0(l=0) ave= 5.261E-03 +/- 0.45 % Gn^0(l=1) ave= 1.062E-02 +/- 2.26 % Gn^0(l=2) ave= 2.075E-01 +/- 4.36 % Gn^0(l=3) ave= 0.000E+00 +/- 0.00 % || Gtotal(l=0) ave= 2.476E-01 +/- 0.00 % Gtotal(l=1) ave= 8.444E-02 +/- 0.00 % Gtotal(l=2) ave= 8.302E-02 +/- 0.00 % Gtotal(l=3) ave= 0.000E+00 +/- 0.00 %  % || Gg(l=0) ave= 1.174E-01 +/- 9.05 % Gg(l=1) ave= 8.109E-02 +/- 9.44 % Gg(l=2) ave= 7.892E-02 +/- 10.89 % Gg(l=3) ave= 0.000E+00 +/- 0.00 %  % || D(l=0) ave= 6.785E+01 +/- 0.00 % D(l=1) ave= 4.303E+01 +/- 0.00 % D(l=2) ave= 2.940E+02 +/- 0.00 % D(l=3) ave= 0.000E+00 +/- 0.00 %  % || S(l=0) ave= 4.005E-05 +/- 0.46 % S(l=1) ave= 4.253E-05 +/- 2.25 % S(l=2) ave= 8.661E-05 +/- 4.38 % S(l=3) ave= 0.000E+00 +/- 0.00 % 
 ... random file  3 Cap(th)  ave= 2.283E+01 b. +/- 18.93 % || Ela(th) ave= 4.588E+00 b. +/- 3.24 % || RIcap ave= 4.60E+02 b. +/- 8.72 % || Macs30 ave= 2.11E+00 b. +/- 9.89 % || Gn^0(l=0) ave= 5.253E-03 +/- 0.48 % Gn^0(l=1) ave= 1.075E-02 +/- 2.91 % Gn^0(l=2) ave= 2.122E-01 +/- 5.34 % Gn^0(l=3) ave= 0.000E+00 +/- 0.00 % || Gtotal(l=0) ave= 2.472E-01 +/- 0.27 % Gtotal(l=1) ave= 8.444E-02 +/- 0.00 % Gtotal(l=2) ave= 8.302E-02 +/- 0.00 % Gtotal(l=3) ave= 0.000E+00 +/- 0.00 %  % || Gg(l=0) ave= 1.215E-01 +/- 9.58 % Gg(l=1) ave= 8.190E-02 +/- 8.27 % Gg(l=2) ave= 8.337E-02 +/- 12.85 % Gg(l=3) ave= 0.000E+00 +/- 0.00 %  % || D(l=0) ave= 6.853E+01 +/- 1.71 % D(l=1) ave= 4.303E+01 +/- 0.00 % D(l=2) ave= 2.940E+02 +/- 0.00 % D(l=3) ave= 0.000E+00 +/- 0.00 %  % || S(l=0) ave= 3.959E-05 +/- 2.06 % S(l=1) ave= 4.307E-05 +/- 2.89 % S(l=2) ave= 8.859E-05 +/- 5.35 % S(l=3) ave= 0.000E+00 +/- 0.00 % 
 ... random file  4 Cap(th)  ave= 2.901E+01 b. +/- 44.63 % || Ela(th) ave= 4.599E+00 b. +/- 2.93 % || RIcap ave= 4.99E+02 b. +/- 17.09 % || Macs30 ave= 2.07E+00 b. +/- 9.99 % || Gn^0(l=0) ave= 5.257E-03 +/- 0.45 % Gn^0(l=1) ave= 1.073E-02 +/- 2.63 % Gn^0(l=2) ave= 2.117E-01 +/- 4.82 % Gn^0(l=3) ave= 0.000E+00 +/- 0.00 % || Gtotal(l=0) ave= 2.469E-01 +/- 0.31 % Gtotal(l=1) ave= 8.444E-02 +/- 0.00 % Gtotal(l=2) ave= 8.302E-02 +/- 0.00 % Gtotal(l=3) ave= 0.000E+00 +/- 0.00 %  % || Gg(l=0) ave= 1.199E-01 +/- 9.11 % Gg(l=1) ave= 8.098E-02 +/- 7.82 % Gg(l=2) ave= 8.682E-02 +/- 13.61 % Gg(l=3) ave= 0.000E+00 +/- 0.00 %  % || D(l=0) ave= 6.893E+01 +/- 1.93 % D(l=1) ave= 4.303E+01 +/- 0.00 % D(l=2) ave= 2.940E+02 +/- 0.00 % D(l=3) ave= 0.000E+00 +/- 0.00 %  % || S(l=0) ave= 3.938E-05 +/- 2.14 % S(l=1) ave= 4.298E-05 +/- 2.62 % S(l=2) ave= 8.835E-05 +/- 4.83 % S(l=3) ave= 0.000E+00 +/- 0.00 % 
 ... random file  5 Cap(th)  ave= 2.561E+01 b. +/- 54.86 % || Ela(th) ave= 4.558E+00 b. +/- 3.37 % || RIcap ave= 4.57E+02 b. +/- 26.65 % || Macs30 ave= 2.01E+00 b. +/- 11.30 % || Gn^0(l=0) ave= 5.263E-03 +/- 0.48 % Gn^0(l=1) ave= 1.080E-02 +/- 2.76 % Gn^0(l=2) ave= 2.138E-01 +/- 4.91 % Gn^0(l=3) ave= 0.000E+00 +/- 0.00 % || Gtotal(l=0) ave= 2.470E-01 +/- 0.30 % Gtotal(l=1) ave= 8.444E-02 +/- 0.00 % Gtotal(l=2) ave= 8.302E-02 +/- 0.00 % Gtotal(l=3) ave= 0.000E+00 +/- 0.00 %  % || Gg(l=0) ave= 1.161E-01 +/- 11.22 % Gg(l=1) ave= 7.959E-02 +/- 8.24 % Gg(l=2) ave= 8.326E-02 +/- 16.10 % Gg(l=3) ave= 0.000E+00 +/- 0.00 %  % || D(l=0) ave= 6.875E+01 +/- 1.86 % D(l=1) ave= 4.303E+01 +/- 0.00 % D(l=2) ave= 2.940E+02 +/- 0.00 % D(l=3) ave= 0.000E+00 +/- 0.00 %  % || S(l=0) ave= 3.952E-05 +/- 2.12 % S(l=1) ave= 4.325E-05 +/- 2.76 % S(l=2) ave= 8.925E-05 +/- 4.91 % S(l=3) ave= 0.000E+00 +/- 0.00 % 
 ... random file  6 Cap(th)  ave= 2.332E+01 b. +/- 60.72 % || Ela(th) ave= 4.544E+00 b. +/- 3.22 % || RIcap ave= 4.30E+02 b. +/- 30.59 % || Macs30 ave= 1.97E+00 b. +/- 11.82 % || Gn^0(l=0) ave= 5.273E-03 +/- 0.64 % Gn^0(l=1) ave= 1.081E-02 +/- 2.56 % Gn^0(l=2) ave= 2.144E-01 +/- 4.57 % Gn^0(l=3) ave= 0.000E+00 +/- 0.00 % || Gtotal(l=0) ave= 2.469E-01 +/- 0.31 % Gtotal(l=1) ave= 8.444E-02 +/- 0.00 % Gtotal(l=2) ave= 8.302E-02 +/- 0.00 % Gtotal(l=3) ave= 0.000E+00 +/- 0.00 %  % || Gg(l=0) ave= 1.146E-01 +/- 10.99 % Gg(l=1) ave= 8.004E-02 +/- 7.71 % Gg(l=2) ave= 8.181E-02 +/- 15.77 % Gg(l=3) ave= 0.000E+00 +/- 0.00 %  % || D(l=0) ave= 6.901E+01 +/- 1.95 % D(l=1) ave= 4.303E+01 +/- 0.00 % D(l=2) ave= 2.940E+02 +/- 0.00 % D(l=3) ave= 0.000E+00 +/- 0.00 %  % || S(l=0) ave= 3.945E-05 +/- 2.03 % S(l=1) ave= 4.330E-05 +/- 2.57 % S(l=2) ave= 8.948E-05 +/- 4.58 % S(l=3) ave= 0.000E+00 +/- 0.00 % 
 ... Histogram plot for thermal (n,g)
 ... Write covariances  ... MT1  ... plot correlations
 ... MT2  ... MT102 


 ================================================
 ============== From 6 random values === start ======
 Thermal (n,tot) xs  0 K =  27.8674 b. +/- 14.2334 b. ( 51.0753 %) skew= +1.12 +/- 0.79
 Thermal (n,el) xs   0 K =  4.54447 b. +/- 0.146153 b. ( 3.21606 %) skew= +0.61 +/- 0.79
 Thermal (n,g) xs    0 K =  23.323 b. +/- 14.1617 b. ( 60.7202 %) skew= +1.13 +/- 0.79
 RI      (n,g)       0 K =  429.642 b. +/- 131.427 b. ( 30.5898 %) 
 MACS    (n,g)       0 K (at Emacs= 30000 eV) =  1.97253 b. +/- 0.233158 b. ( 11.8203 %) 
 Ave. Gtotal  L=0        =  2.469E-01 +/- 0.31 %
 Ave. Gn^(0)  L=0        =  5.273E-03 +/- 0.64 %
 Ave. Gg      L=0        =  1.146E-01 +/- 10.99 %
 Ave. D       L=0        =  6.901E+01 +/- 1.95 %
 Ave. S       L=0        =  3.945E-05 +/- 2.03 %
 Ave. Gtotal  L=1        =  8.444E-02 +/- 0.00 %
 Ave. Gn^(1)  L=1        =  1.081E-02 +/- 2.56 %
 Ave. Gg      L=1        =  8.004E-02 +/- 7.71 %
 Ave. D       L=1        =  4.303E+01 +/- 0.00 %
 Ave. S       L=1        =  4.330E-05 +/- 2.57 %
 Ave. Gtotal  L=2        =  8.302E-02 +/- 0.00 %
 Ave. Gn^(2)  L=2        =  2.144E-01 +/- 4.57 %
 Ave. Gg      L=2        =  8.181E-02 +/- 15.77 %
 Ave. D       L=2        =  2.940E+02 +/- 0.00 %
 Ave. S       L=2        =  8.948E-05 +/- 4.58 %

 Expected Thermal (n,g) (syst or meas)= 26.1807 b. +/- 18.3265 b. nominal: 21.4564 b.
 ratio Calculated/expected thermal (n,g): 0.89 ratio DCalculated/Dexpected: 0.77 ratio Calculated/Nominal: 1.09
 ============== From 6 random values ===== stop ======
 ================================================
 ... Calculation of (n,a) and (n,p) cross sections at 300 K
 ... thermal (n,a) cross section is 1.01757e-10 +/- 5.08783e-11 b.
 ... thermal (n,a) cross section is 0 b. (random case 1)
 ... thermal (n,a) cross section is 0 b. (random case 2)
 ... thermal (n,a) cross section is 0 b. (random case 3)
 ... thermal (n,a) cross section is 0 b. (random case 4)
 ... thermal (n,a) cross section is 0 b. (random case 5)
 ... thermal (n,a) cross section is 0 b. (random case 6)
 ... (n,p) Q-value negative for this element
 ... Rewrite index for MF2
 ... Write text for MF1 in file mf1.tares.txt
 ... plotting cross sections for the MF1
 ... order output files


================== summary ==================
 Thermal (n,tot) xs = 26.0021 b. 
 Thermal (n,el)  xs = 4.5457 b. 
 Thermal (n,g)   xs = 21.4564 b. (meas/sys: 26.1807 b.)
 At 300 K (thermal adjustment): (n,el) = 4.55745 b., (n,g) = 21.4682 b.

 RI      (n,g)      = 454.089 b. (meas or sys: - b.)
 RI      (n,el)     = 519.112 b.
=============================================


 ... cleaning
                                                 
  -------------------------------------------------------------
  -                                                           -
  - TARES: successful end of run with data from hypothetical  -
  - resonances for  Z= 77, A= 197 and isomer= 1               -
  - half-life: 8.900000 min. 
  -                                                           -
  -------------------------------------------------------------

   Running time:       20 seconds

 End time: Wed Oct  7 09:56:00 2026

