
  -------------------------------------------------------------
  -                                                           -
  -              Welcome to TARES version 1.8                 -
  -                                                           -
  -  (C) Copyright 2007-2025 D. Rochman, All Rights Reserved  -
  -           NRG, Petten, the Netherlands 2007-2014          -
  -           PSI, Villigen    Switzerland 2015-2025          -
  -         Nagra, Wettingen   Switzerland 2025-              -
  -           (Last Modified October 06, 2026)                -
  -           (Database from October 06, 2026)                -
  -                                                           -
  -------------------------------------------------------------


  ---------------------------------------------
   Compilation information:
   Compiled on:         Oct  8 2026, 18:36:06
   Compiled by:         koning
   Compiler version:    clang++ - 21.0.0
   Source location:     /Users/koning/tares-1.8/source/Module/
   Binaries location:   /Users/koning/bin
   System:              Darwin 25.6.0
   System version:      Darwin Kernel Version 25.6.0: Fri Jul 31 19:19:08 PDT 2026; root:xnu-12377.161.14~5/RELEASE_ARM64_T6050  
   Machine:             arm64 
  ---------------------------------------------

   User information:
   User name:           koning
   Running directory:   /Users/koning/tendl/resbase/Pt180/work
   Owner mode for running directory : rwx
   Group mode for running directory : r-x
  ---------------------------------------------


 Starting time: Fri Oct  9 12:42:57 2026
 ... inputs directory found (/Users/koning/tares-1.8/source/Module//../../inputs/).
 ... It will be used for resonance parameters 
 ... ###############################################
 ... #     read the input file tares.inp
 ... ###############################################
 ... line: #
 ... line: # Input file generated by Autorochman
          --> line not read
 ... line: #
 ... line: isotope    Pt
          --> Isotope name: Pt
 ... line: mass       180
          --> isotopic mass: 180
 ... line: output     n-Pt180
         ---> Name of the output files: n-Pt180
 ... line: isomer     0
          --> isomeric state: 0
 ... line: mf32mf33   y
          --> MF33 based on MF32: y
 ... line: nbrRandom  6
          --> Nbr of random files: 6
 ... ###############################################
 ... # end read the input file tares.inp
 ... ###############################################
Value for random generator type not considered in since Tares 1.7 due to compilation issues

 ... ###############################################
     #   Interpretation of the Input definition    #
     ###############################################

 ... Default energy limit: End of resonance region
 ... Nuclear charge    = 78
 ... Element           = Pt
 ... Mass              = 180
 ... Isomer            = 0
 ... Correlation for (Gn,Gg) not included in random files
 ... Default random option: No random
 ... Output name: n-Pt180
 ... Energy for the MACS: 30000 eV
 ... Resonances from CALENDF reduced (reduce=y) 
 ... For URR, level density model from TALYS selected: 91n3n12611.2850 (see manual for description)
 ... Random Generator: default (pseudo random numbers from ansi c++)
 ... Reconstruction of cross section selected
 ... Doppler broadening at 0 Kelvin
 ... URR not included (from the input file flag)
 ... Weight for grouping is flat
 ... Calculation of (n,alpha) cross section selected
 ... Number of digit for MF32c covariance representation: 2
 ... MF32 included
 ... MF33 will be used for covariance processing
 ... TENDL option set to yes (automatic choice of MF2 and format)
 ... Isotope not found in the best file --> use of MLBW formalism
 ... default option: Multi level Breit Wigner approximation selected
 ... (check file best.tendl.yes for changing this option)
 ... Retroactive option set to no with the 2025 option
 ... ladder option set to yes (CALENDF will be used for statistical resonances)

 ... ###############################################
     #           End of Input definition           #
     ###############################################

 ... gnuplot found, will be used for plotting
 ... latex found, will be used for plotting
 ... dvips found, will be used for plotting
 ... ps2epsi not found, limited plotting available
 ... uncertainties on default parameters multiplied by 1.09049
 ... Read resonance data from the 2025 directory
 ... Resonance parameters taken from /Users/koning/tares-1.8/source/Module//../../inputs/2025/Resonance/default/
 ---> Processing Z= 78 and A= 180 and isomer= 0 (level number: 0)
 Exfor path; Could not find /Users/koning/tares-1.8/source/Module//../../inputs/exfor/Pt180/xs/102
Thermal file; Could not open file /Users/koning/tares-1.8/source/Module//../../inputs/2025/runThermal/results//thermal.mxw.ng.cendl3.1
Thermal file; Could not open file /Users/koning/tares-1.8/source/Module//../../inputs/2025/runThermal/results//thermal.mxw.ng.brond3.1
Thermal file; Could not open file /Users/koning/tares-1.8/source/Module//../../inputs/2025/runThermal/results//thermal.xs.ng.unc.cendl3.1
 ... spin taken from the final/ directory (1)
 ... The spin found in level file ( 0 ) and the one in the urr file ( 5.5 ) differ

 ... ###############################################
 ... #  Nucleus global parameters (2025 database)  #
 ... ###############################################
 0. Half-life: 56 sec. 
 ... Scattering radius from TALYS: /Users/koning/tares-1.8/source/Module//../../inputs/2025/lib.urr/talys.urr/
 1. Spin of the target isotope: 0
 2. Relative Atomic Mass of the target isotope: 179.963
 3. Scattering radius (local compilation): 7.49159 fm +/- 0.179798 fm
      .......................................
      ... Thermal capture cross sections: ...
 4. Thermal (n,g) cross section from systematics (TALYS, urr.dat): 106.033 +/- 90.1283 b.
 5. Thermal (n,g) cross section from compilation (Firestone-2022 average on element Pt): 9.7 +/- 0.3 b.
 6. Thermal (n,g) cross section from compilation (Firestone-2022 final on element Pt): 9.9 +/- 0.24 b.
 7. Thermal (n,g) cross section from TENDL-2023: 106.1 b.
      .......................................
      ...  Thermal total cross sections:  ...
      .......................................
      ... Thermal elastic cross sections: ...
 8. Thermal (n,el) cross section from potential (4piR^2): 9.41513 +/- 0.470757 b.
      .......................................
             ... Resonance integral: ...
 9. No capture integral found in /Users/koning/tares-1.8/source/Module//../../inputs/capture.integral
 ... no RI(n,g) found in local compilation, take 2018 value.
 ... no RI(n,g) found in local compilation, take Sukhoruchkin value.
   ---- MACS 30 keV ----- 
 10. TALYS MACS 30 keV (HF): 2.93064 b. 
   ---------- S0 -------- 
 11. S0 from TALYS: 2.06276
   ---------- S1 -------- 
 12. S1 from TALYS: 0.4198
   ---------- S2 -------- 
 13. S2 from TALYS: 5.59353
   ---------- D0 -------- 
 14. D0 from TALYS: 1.00687 eV
   ---------- D1 -------- 
 15. D1 from TALYS: 0.342463 eV
   ---------- D2 -------- 
 16. D2 from TALYS: 0.213938 eV
   ---------- G0 -------- 
 17. Gg0 from TALYS: 0.0746766 eV
   ---------- G1 -------- 
 18. Gg1 from TALYS: 0.0743749 eV
   ---------- G2 -------- 
 19. Gg2 from TALYS: 0.0737964 eV


   ---------------------- 
 ... Read resonance parameters (format: 2: Multi Level Breit Wigner)
 ... 0 resonances found 
 ... possibly no resonances in the Resonance directory for this isotope and options
 ... Use HFR (ladder) behavior 
 --> 21. Number of resonances from the input file: 2 up to 0.503437 eV
 22. Read nuclear quantities (mass, MAT...)
 23. Read thermal (n,g) xs 
 24. Read the scattering radius 
 25. Read uncertainty on Gg for 2 resonances
 26. Read uncertainty on Gg for 2 resonances ... done
 ... order resonances 
 ... Upper limit for the RRR: 0.503437 eV (no statistical resonances HFR) from the limit.RRR file
 ... Write parameters for l=0 waves
 ... End writing original MF2 
 ... No RRR in the database: uncertainties on default parameters multiplied by 1.99753
 ... Enter in urr function (ladder option set to y) for file n-Pt180
 ... read the file /Users/koning/tares-1.8/source/Module//../../inputs/2025/list.jcs.urr to find URR origin
 Default URR taken from TALYS calculations with level density model: 91n3n12611.2850
 File considered for the URR: /Users/koning/tares-1.8/source/Module//../../inputs/2025/lib.urr/talys.urr/91n3n12611.2850/Pt/urr/urr.dat.Pt.180.000.0.gz
 ... Write URR using TALYS average parameters (used for HFR)
 ... Limit of URR changed to 25 keV (recommendation from WPEC and JEFF)
 ... Extract the Sn value from file ./urr.dat.Pt.180.0.0
 ... found Sn= 8.02294 MeV
 ... estimated number of resonances up to 274.244 eV:  272.372 resonances
 ... This is a test here. The higher energy limit to include URR data for calendf is set to max Sn. 24/03/2016
 ... Use Sn to define the maximum energy for the URR: Sn= 8.02294 MeV --> last_energyURR= 274.244 eV
 ... read D0, S0, Gn and Gg
 ... number of URR energies: 705
 Number of l: 705 and last energy: 5
 Last  URR energy: 274.244 eV
 ... Enter in to_MLBW_mf2 function
 ... Convert to Multi Level Breit Wigner (MLBW)
 ... Write parameter covariances (MF32) for l=0
 ... Convert parameter covariances (MF32) to MLBW
 ... copy the mf2 and mf32 to .mlbw files
 ... Enter in urr_correct function case 1
 Modify the higher limit of RRR in MF2
 --> old value: 5.059540-1 eV new value: 1.000000-2 eV
 Modify resonance covariances (MF32) to include correlations in the URR
 End Modify resonance covariances (MF32) to include correlations in the URR
 ... Enter in calendf_xs function
 Use CALENDF for statistical resonances (update MF2) up to 2.742440+2 eV (initial limit)
 Extract resonances from CALENDF for RRR->URR 2
 1344 statistical resonances found
 Reduction to 100 resonances based on the half-life of the isotope
 After reduction, 101 statistical resonances found
 ... checking resonance order 1
 ... checking resonance order 2nd round for 99 resonances
 ... end checking resonance order 2nd round
 .......................................................
 ... Adjustment to the thermal cross section : start ...
 .......................................................

 Before adjustment (adjustment to the thermal cross section set to y)
 ... Import MF2 from TARES calculations
 ... End energy of TARES MF2 : 4.611933E+1 eV and limit to 40000 resonances
 ... File used for reconstruction: new.temp22.reconst
 ... run RECENT ...
 ... Doppler broadened at a unique temperature: 300 Kelvin using sigma1
 ... run SIGMA1 at 3.000000E+02 K.

 ============== INTER values at 300 Kelvin ==============
 Thermal (n,g) xs =  1179.57 b. (meas/sys: 106.033 b.) (warning: comparison to be done at 296 or 300 K)
 Th Maxw (n,g) xs =  1234.7 b. (thermal Maxwellian value)
 Westcott factor  =  1.04673
 RI      (n,g)    =  5504.12 b. (meas or sys: - b.)
 MACS 3.000e+04 eV=  2.909 b. (meas or sys: - b.) from 1.00E+00 to 2.00E+07 eV (end of RRR) at T= 300 Kelvin 
 Thermal (n,el) xs=  2.44066 b.
 RI      (n,el)   =  91.7806 b.
 ============= PSYCHE values ==============
 Ave. G_total L0  =  0.0755943 eV
 Ave. G_total L1  =  0.0738422 eV
 Ave. Gn_0    L0  =  0.000203468
 Ave. Gn_0    L1  =  5.41636e-05
 Ave. Gg      L0  =  0.0746774 eV
 Ave. Gg      L1  =  0.0738422 eV
 Ave. D       L0  =  1.00259 eV
 Ave. D       L1  =  1.02487 eV
 Ave. S       L0  =  0.000207354 eV
 Ave. S       L1  =  2.73671e-05 eV
 =========================================
 Calculated capture integral   5504.12 b.
 Calculated thermal (n,g)=          1179.57004 b. and recommended= 106.033 b. (C/E= 11.1245)
 Calculated RI      (n,g)= 5504.12 b. (no reference value)
 ... tolerances: thermal (n,g) 20 % (reference uncertainties, minimum 2% and 5%, maximum 20%)
 Adjust the capture widths ...
 ... capture adjusted with Gn for 99 resonances (Gn<Gg) and with Gg for 0 resonances
 ... iteration 0: C/E thermal (n,g)= 11.1245

 <-------- After adjustment -------->
 ... Import MF2 from TARES calculations
 ... End energy of TARES MF2 : 4.611933E+1 eV and limit to 40000 resonances
 ... File used for reconstruction: new.temp22.reconst
 ... run RECENT ...
 ... Doppler broadened at a unique temperature: 300 Kelvin using sigma1
 ... run SIGMA1 at 3.000000E+02 K.

 ============== INTER values at 300 Kelvin ==============
 Thermal (n,g) xs =  125.121 b. (meas/sys: 106.033 b.) (warning: comparison to be done at 296 or 300 K)
 Th Maxw (n,g) xs =  130.97 b. (thermal Maxwellian value)
 Westcott factor  =  1.04672
 RI      (n,g)    =  784.125 b. (meas or sys: - b.)
 MACS 3.000e+04 eV=  2.9088 b. (meas or sys: - b.) from 1.00E+00 to 2.00E+07 eV (end of RRR) at T= 300 Kelvin 
 Thermal (n,el) xs=  6.46509 b.
 RI      (n,el)   =  33.1513 b.
 ============= PSYCHE values ==============
 Ave. G_total L0  =  0.0747746 eV
 Ave. G_total L1  =  0.0738422 eV
 Ave. Gn_0    L0  =  2.15823e-05
 Ave. Gn_0    L1  =  5.74524e-06
 Ave. Gg      L0  =  0.0746774 eV
 Ave. Gg      L1  =  0.0738422 eV
 Ave. D       L0  =  1.00259 eV
 Ave. D       L1  =  1.02487 eV
 Ave. S       L0  =  2.19944e-05 eV
 Ave. S       L1  =  2.90289e-06 eV
 =========================================
 ... iteration 1: C/E thermal (n,g)= 1.18001


 ... ratio C/E thermal (n,g): 1.180014E+00
 ...................................................... 
 ... Adjustment to the thermal cross section : stop ...
 ...................................................... 
 ... new MF2 file after adjustment: n-Pt180
 ... read the file /Users/koning/tares-1.8/source/Module//../../inputs/2025/list.jcs.urr to find URR origin
 Default URR taken from TALYS calculations with level density model: 91n3n12611.2850
 File considered for the URR: /Users/koning/tares-1.8/source/Module//../../inputs/2025/lib.urr/talys.urr/91n3n12611.2850/Pt/urr/urr.dat.Pt.180.000.0.gz
 ... Write URR using TALYS average parameters (not used for HFR)
 ... Limit of URR changed to 25 keV (recommendation from WPEC and JEFF)
 Energy limit of the URR set to 59.9551 eV
 ... read D0, S0, Gn and Gg
 ... number of URR energies: 30
 Number of l: 30 and last energy: 5
 Last  URR energy: 59.9551 eV
 ... Enter in urr_correct function case 2
 Modify the higher limit of RRR in MF2
 --> old value: 4.611933+1 eV new value: 4.611933+1 eV
 Modify resonance covariances (MF32) to include correlations in the URR
 End Modify resonance covariances (MF32) to include correlations in the URR
 ... Enter in update_MF32 function
 ... Change uncertainties
 ... for the HFR, random position of the positive resonances with 0.020000 %
 ... end of update MF32 function
 ... GLS calculation of the parameter correlations from the thermal/RI adjustment (MF32c)
 ... MF32: correlations from the thermal/RI adjustment (GLS) for 3 resonances (5 widths), 1 correlation lines
 ...   thermal (n,g): uncertainty from these widths 41.0272 b. -> 37.3404 b. (reference: 106.033 +/- 90.1283 b.)
 ... copy the mf2 and mf32 to .mlbw files

 ... Start of final reconstruction and testing ...
 ... Reconstruction of cross sections at 0 Kelvin  ... Import MF2 from TARES calculations
 ... End energy of TARES MF2 : 4.611933E+1 eV and limit to 40000 resonances
 ... File used for reconstruction: n-Pt180.reconst
 ... run RECENT ...
 ... Doppler broadened at a unique temperature: 0 Kelvin using sigma1
 ... The keyword temperature is zero, no Doppler broadening for the MACS

 ============== INTER values at 0 Kelvin ==============
 Thermal (n,g) xs =  124.99 b. (meas/sys: 106.033 b.) (warning: comparison to be done at 296 or 300 K)
 Th Maxw (n,g) xs =  130.1 b. (thermal Maxwellian value)
 Westcott factor  =  1.04084
 RI      (n,g)    =  791.665 b. (meas or sys: - b.)
 MACS 3.000e+04 eV=  2.8916 b. (meas or sys: - b.) from 1.00E+00 to 4.61E+01 eV (end of RRR) at T= 0 Kelvin 
 Thermal (n,el) xs=  6.4474 b.
 RI      (n,el)   =  33.1176 b.
 ============= PSYCHE values ==============
 Ave. G_total L0  =  0.0747746 eV
 Ave. G_total L1  =  0.0738422 eV
 Ave. Gn_0    L0  =  2.15823e-05
 Ave. Gn_0    L1  =  5.74524e-06
 Ave. Gg      L0  =  0.0746774 eV
 Ave. Gg      L1  =  0.0738422 eV
 Ave. D       L0  =  1.00259 eV
 Ave. D       L1  =  1.02487 eV
 Ave. S       L0  =  2.19944e-05 eV
 Ave. S       L1  =  2.90289e-06 eV
 =========================================
 ... End of final reconstruction and testing ...

 ... grouping is not optimum, change to 70 groups
 ... Produce MF33 based on MF32 and 6 random files
 ... MF3 of n-Pt180.reconst (3 sections) added to the files for ENDSAM
 ... run endsam for 6 in groups of 1 global run
 ... run endsam from 1 to 6
 ... random files: total width GT set to Gn+Gg+Gf (594 resonances in 6 files)
 ... reorder resonance position after endsam (sampling)
 ... preparing the vectors  ... done
 ... nominal file 0 Cap(th)  ave= 1.250E+02 b. +/- 0.00 % || Ela(th) ave= 6.447E+00 b. +/- 0.00 % || RIcap ave= 7.92E+02 b. +/- 0.00 % || Macs30 ave= 2.89E+00 b. +/- 0.00 % || Gn^0(l=0) ave= 2.158E-05 +/- 0.00 % Gn^0(l=1) ave= 5.745E-06 +/- 0.00 % Gn^0(l=2) ave= 0.000E+00 +/- 0.00 % Gn^0(l=3) ave= 0.000E+00 +/- 0.00 % || Gtotal(l=0) ave= 7.477E-02 +/- 0.00 % Gtotal(l=1) ave= 7.384E-02 +/- 0.00 % Gtotal(l=2) ave= 0.000E+00 +/- 0.00 % Gtotal(l=3) ave= 0.000E+00 +/- 0.00 %  % || Gg(l=0) ave= 7.468E-02 +/- 0.00 % Gg(l=1) ave= 7.384E-02 +/- 0.00 % Gg(l=2) ave= 0.000E+00 +/- 0.00 % Gg(l=3) ave= 0.000E+00 +/- 0.00 %  % || D(l=0) ave= 1.003E+00 +/- 0.00 % D(l=1) ave= 1.025E+00 +/- 0.00 % D(l=2) ave= 0.000E+00 +/- 0.00 % D(l=3) ave= 0.000E+00 +/- 0.00 %  % || S(l=0) ave= 2.199E-05 +/- 0.00 % S(l=1) ave= 2.903E-06 +/- 0.00 % S(l=2) ave= 0.000E+00 +/- 0.00 % S(l=3) ave= 0.000E+00 +/- 0.00 % 
 ... random file  1 Cap(th)  ave= 1.295E+02 b. +/- 3.47 % || Ela(th) ave= 7.709E+00 b. +/- 16.36 % || RIcap ave= 7.99E+02 b. +/- 0.88 % || Macs30 ave= 2.89E+00 b. +/- 0.00 % || Gn^0(l=0) ave= 2.174E-05 +/- 0.74 % Gn^0(l=1) ave= 4.967E-06 +/- 15.67 % Gn^0(l=2) ave= 0.000E+00 +/- 0.00 % Gn^0(l=3) ave= 0.000E+00 +/- 0.00 % || Gtotal(l=0) ave= 7.275E-02 +/- 2.79 % Gtotal(l=1) ave= 7.527E-02 +/- 1.89 % Gtotal(l=2) ave= 0.000E+00 +/- 0.00 % Gtotal(l=3) ave= 0.000E+00 +/- 0.00 %  % || Gg(l=0) ave= 7.265E-02 +/- 2.79 % Gg(l=1) ave= 7.527E-02 +/- 1.89 % Gg(l=2) ave= 0.000E+00 +/- 0.00 % Gg(l=3) ave= 0.000E+00 +/- 0.00 %  % || D(l=0) ave= 1.014E+00 +/- 1.10 % D(l=1) ave= 1.025E+00 +/- 0.00 % D(l=2) ave= 0.000E+00 +/- 0.00 % D(l=3) ave= 0.000E+00 +/- 0.00 %  % || S(l=0) ave= 2.192E-05 +/- 0.34 % S(l=1) ave= 2.510E-06 +/- 15.67 % S(l=2) ave= 0.000E+00 +/- 0.00 % S(l=3) ave= 0.000E+00 +/- 0.00 % 
 ... random file  2 Cap(th)  ave= 1.281E+02 b. +/- 3.24 % || Ela(th) ave= 7.314E+00 b. +/- 16.02 % || RIcap ave= 7.88E+02 b. +/- 2.10 % || Macs30 ave= 2.89E+00 b. +/- 0.00 % || Gn^0(l=0) ave= 2.178E-05 +/- 0.64 % Gn^0(l=1) ave= 5.210E-06 +/- 13.87 % Gn^0(l=2) ave= 0.000E+00 +/- 0.00 % Gn^0(l=3) ave= 0.000E+00 +/- 0.00 % || Gtotal(l=0) ave= 7.485E-02 +/- 4.54 % Gtotal(l=1) ave= 7.227E-02 +/- 6.08 % Gtotal(l=2) ave= 0.000E+00 +/- 0.00 % Gtotal(l=3) ave= 0.000E+00 +/- 0.00 %  % || Gg(l=0) ave= 7.475E-02 +/- 4.55 % Gg(l=1) ave= 7.227E-02 +/- 6.08 % Gg(l=2) ave= 0.000E+00 +/- 0.00 % Gg(l=3) ave= 0.000E+00 +/- 0.00 %  % || D(l=0) ave= 1.017E+00 +/- 1.03 % D(l=1) ave= 1.025E+00 +/- 0.00 % D(l=2) ave= 0.000E+00 +/- 0.00 % D(l=3) ave= 0.000E+00 +/- 0.00 %  % || S(l=0) ave= 2.188E-05 +/- 0.39 % S(l=1) ave= 2.632E-06 +/- 13.87 % S(l=2) ave= 0.000E+00 +/- 0.00 % S(l=3) ave= 0.000E+00 +/- 0.00 % 
 ... random file  3 Cap(th)  ave= 1.169E+02 b. +/- 16.85 % || Ela(th) ave= 6.623E+00 b. +/- 23.69 % || RIcap ave= 8.10E+02 b. +/- 5.10 % || Macs30 ave= 2.89E+00 b. +/- 0.00 % || Gn^0(l=0) ave= 2.173E-05 +/- 0.67 % Gn^0(l=1) ave= 5.908E-06 +/- 23.04 % Gn^0(l=2) ave= 0.000E+00 +/- 0.00 % Gn^0(l=3) ave= 0.000E+00 +/- 0.00 % || Gtotal(l=0) ave= 7.652E-02 +/- 5.40 % Gtotal(l=1) ave= 7.600E-02 +/- 9.88 % Gtotal(l=2) ave= 0.000E+00 +/- 0.00 % Gtotal(l=3) ave= 0.000E+00 +/- 0.00 %  % || Gg(l=0) ave= 7.642E-02 +/- 5.41 % Gg(l=1) ave= 7.600E-02 +/- 9.88 % Gg(l=2) ave= 0.000E+00 +/- 0.00 % Gg(l=3) ave= 0.000E+00 +/- 0.00 %  % || D(l=0) ave= 1.014E+00 +/- 1.10 % D(l=1) ave= 1.025E+00 +/- 0.00 % D(l=2) ave= 0.000E+00 +/- 0.00 % D(l=3) ave= 0.000E+00 +/- 0.00 %  % || S(l=0) ave= 2.191E-05 +/- 0.42 % S(l=1) ave= 2.985E-06 +/- 23.04 % S(l=2) ave= 0.000E+00 +/- 0.00 % S(l=3) ave= 0.000E+00 +/- 0.00 % 
 ... random file  4 Cap(th)  ave= 1.232E+02 b. +/- 17.56 % || Ela(th) ave= 6.691E+00 b. +/- 21.07 % || RIcap ave= 8.00E+02 b. +/- 5.24 % || Macs30 ave= 2.89E+00 b. +/- 0.00 % || Gn^0(l=0) ave= 2.178E-05 +/- 0.73 % Gn^0(l=1) ave= 5.791E-06 +/- 21.40 % Gn^0(l=2) ave= 0.000E+00 +/- 0.00 % Gn^0(l=3) ave= 0.000E+00 +/- 0.00 % || Gtotal(l=0) ave= 7.647E-02 +/- 4.84 % Gtotal(l=1) ave= 7.598E-02 +/- 8.84 % Gtotal(l=2) ave= 0.000E+00 +/- 0.00 % Gtotal(l=3) ave= 0.000E+00 +/- 0.00 %  % || Gg(l=0) ave= 7.637E-02 +/- 4.84 % Gg(l=1) ave= 7.598E-02 +/- 8.84 % Gg(l=2) ave= 0.000E+00 +/- 0.00 % Gg(l=3) ave= 0.000E+00 +/- 0.00 %  % || D(l=0) ave= 1.016E+00 +/- 1.07 % D(l=1) ave= 1.025E+00 +/- 0.00 % D(l=2) ave= 0.000E+00 +/- 0.00 % D(l=3) ave= 0.000E+00 +/- 0.00 %  % || S(l=0) ave= 2.191E-05 +/- 0.37 % S(l=1) ave= 2.926E-06 +/- 21.40 % S(l=2) ave= 0.000E+00 +/- 0.00 % S(l=3) ave= 0.000E+00 +/- 0.00 % 
 ... random file  5 Cap(th)  ave= 1.315E+02 b. +/- 20.62 % || Ela(th) ave= 6.606E+00 b. +/- 19.70 % || RIcap ave= 7.92E+02 b. +/- 5.33 % || Macs30 ave= 2.89E+00 b. +/- 0.00 % || Gn^0(l=0) ave= 2.179E-05 +/- 0.69 % Gn^0(l=1) ave= 5.822E-06 +/- 19.47 % Gn^0(l=2) ave= 0.000E+00 +/- 0.00 % Gn^0(l=3) ave= 0.000E+00 +/- 0.00 % || Gtotal(l=0) ave= 7.555E-02 +/- 5.23 % Gtotal(l=1) ave= 7.634E-02 +/- 8.10 % Gtotal(l=2) ave= 0.000E+00 +/- 0.00 % Gtotal(l=3) ave= 0.000E+00 +/- 0.00 %  % || Gg(l=0) ave= 7.545E-02 +/- 5.24 % Gg(l=1) ave= 7.634E-02 +/- 8.10 % Gg(l=2) ave= 0.000E+00 +/- 0.00 % Gg(l=3) ave= 0.000E+00 +/- 0.00 %  % || D(l=0) ave= 1.017E+00 +/- 1.03 % D(l=1) ave= 1.025E+00 +/- 0.00 % D(l=2) ave= 0.000E+00 +/- 0.00 % D(l=3) ave= 0.000E+00 +/- 0.00 %  % || S(l=0) ave= 2.189E-05 +/- 0.36 % S(l=1) ave= 2.942E-06 +/- 19.47 % S(l=2) ave= 0.000E+00 +/- 0.00 % S(l=3) ave= 0.000E+00 +/- 0.00 % 
 ... random file  6 Cap(th)  ave= 1.309E+02 b. +/- 19.22 % || Ela(th) ave= 6.814E+00 b. +/- 19.20 % || RIcap ave= 7.94E+02 b. +/- 4.95 % || Macs30 ave= 2.89E+00 b. +/- 0.00 % || Gn^0(l=0) ave= 2.181E-05 +/- 0.68 % Gn^0(l=1) ave= 5.653E-06 +/- 19.97 % Gn^0(l=2) ave= 0.000E+00 +/- 0.00 % Gn^0(l=3) ave= 0.000E+00 +/- 0.00 % || Gtotal(l=0) ave= 7.649E-02 +/- 5.66 % Gtotal(l=1) ave= 7.625E-02 +/- 7.51 % Gtotal(l=2) ave= 0.000E+00 +/- 0.00 % Gtotal(l=3) ave= 0.000E+00 +/- 0.00 %  % || Gg(l=0) ave= 7.639E-02 +/- 5.67 % Gg(l=1) ave= 7.625E-02 +/- 7.51 % Gg(l=2) ave= 0.000E+00 +/- 0.00 % Gg(l=3) ave= 0.000E+00 +/- 0.00 %  % || D(l=0) ave= 1.019E+00 +/- 0.99 % D(l=1) ave= 1.025E+00 +/- 0.00 % D(l=2) ave= 0.000E+00 +/- 0.00 % D(l=3) ave= 0.000E+00 +/- 0.00 %  % || S(l=0) ave= 2.189E-05 +/- 0.34 % S(l=1) ave= 2.856E-06 +/- 19.97 % S(l=2) ave= 0.000E+00 +/- 0.00 % S(l=3) ave= 0.000E+00 +/- 0.00 % 
 ... Histogram plot for thermal (n,g)
 ... Write covariances  ... MT1  ... plot correlations
 ... MT2  ... MT102 


 ================================================
 ============== From 6 random values === start ======
 Thermal (n,tot) xs  0 K =  137.687 b. +/- 25.6896 b. ( 18.6579 %) skew= -0.39 +/- 0.79
 Thermal (n,el) xs   0 K =  6.81422 b. +/- 1.30851 b. ( 19.2026 %) skew= +0.00 +/- 0.79
 Thermal (n,g) xs    0 K =  130.873 b. +/- 25.1563 b. ( 19.2219 %) skew= -0.24 +/- 0.79
 RI      (n,g)       0 K =  793.707 b. +/- 39.2947 b. ( 4.95078 %) 
 MACS    (n,g)       0 K (at Emacs= 30000 eV) =  2.8916 b. +/- 0 b. ( 0 %) 
 Ave. Gtotal  L=0        =  7.649E-02 +/- 5.66 %
 Ave. Gn^(0)  L=0        =  2.181E-05 +/- 0.68 %
 Ave. Gg      L=0        =  7.639E-02 +/- 5.67 %
 Ave. D       L=0        =  1.019E+00 +/- 0.99 %
 Ave. S       L=0        =  2.189E-05 +/- 0.34 %
 Ave. Gtotal  L=1        =  7.625E-02 +/- 7.51 %
 Ave. Gg      L=1        =  7.625E-02 +/- 7.51 %
 Ave. D       L=1        =  1.025E+00 +/- 0.00 %
 Ave. S       L=1        =  2.856E-06 +/- 19.97 %

 Expected Thermal (n,g) (syst or meas)= 106.033 b. +/- 90.1283 b. nominal: 124.99 b.
 ratio Calculated/expected thermal (n,g): 1.23 ratio DCalculated/Dexpected: 0.28 ratio Calculated/Nominal: 1.05
 ============== From 6 random values ===== stop ======
 ================================================
 ... Calculation of (n,a) and (n,p) cross sections at 300 K
 ... thermal (n,a) cross section is 1.44315e-09 +/- 7.21575e-10 b.
 ... thermal (n,a) cross section is 1.56274e-09 b. (random case 1)
 ... thermal (n,a) cross section is 2.87804e-09 b. (random case 2)
 ... thermal (n,a) cross section is 1.5197e-09 b. (random case 3)
 ... thermal (n,a) cross section is 2.85642e-10 b. (random case 4)
 ... thermal (n,a) cross section is 1.32042e-09 b. (random case 5)
 ... thermal (n,a) cross section is 1.05743e-09 b. (random case 6)
 ... thermal (n,p) cross section is 1.44315e-09 +/- 7.21575e-10 b.
 ... thermal (n,p) cross section is 7.90487e-10 b. (random case 1)
 ... thermal (n,p) cross section is 1.53733e-09 b. (random case 2)
 ... thermal (n,p) cross section is 2.1231e-09 b. (random case 3)
 ... thermal (n,p) cross section is 1.46022e-09 b. (random case 4)
 ... thermal (n,p) cross section is 7.98016e-10 b. (random case 5)
 ... thermal (n,p) cross section is 1.65289e-09 b. (random case 6)
 ... Rewrite index for MF2
 ... Write text for MF1 in file mf1.tares.txt
 ... plotting cross sections for the MF1
 ... order output files


================== summary ==================
 Thermal (n,tot) xs = 131.437 b. 
 Thermal (n,el)  xs = 6.4474 b. 
 Thermal (n,g)   xs = 124.99 b. (meas/sys: 106.033 b.)
 At 300 K (thermal adjustment): (n,el) = 6.46509 b., (n,g) = 125.121 b.

 RI      (n,g)      = 791.665 b. (meas or sys: - b.)
 RI      (n,el)     = 33.1176 b.
=============================================


 ... cleaning
                                                 
  -------------------------------------------------------------
  -                                                           -
  - TARES: successful end of run with data from hypothetical  -
  - resonances for  Z= 78, A= 180 and isomer= 0               -
  - half-life: 56.000000 sec. 
  -                                                           -
  -------------------------------------------------------------

   Running time:       12 seconds

 End time: Fri Oct  9 12:43:09 2026

