
  -------------------------------------------------------------
  -                                                           -
  -              Welcome to TARES version 1.8                 -
  -                                                           -
  -  (C) Copyright 2007-2025 D. Rochman, All Rights Reserved  -
  -           NRG, Petten, the Netherlands 2007-2014          -
  -           PSI, Villigen    Switzerland 2015-2025          -
  -         Nagra, Wettingen   Switzerland 2025-              -
  -           (Last Modified October 06, 2026)                -
  -           (Database from October 06, 2026)                -
  -                                                           -
  -------------------------------------------------------------


  ---------------------------------------------
   Compilation information:
   Compiled on:         Oct  8 2026, 18:36:06
   Compiled by:         koning
   Compiler version:    clang++ - 21.0.0
   Source location:     /Users/koning/tares-1.8/source/Module/
   Binaries location:   /Users/koning/bin
   System:              Darwin 25.6.0
   System version:      Darwin Kernel Version 25.6.0: Fri Jul 31 19:19:08 PDT 2026; root:xnu-12377.161.14~5/RELEASE_ARM64_T6050  
   Machine:             arm64 
  ---------------------------------------------

   User information:
   User name:           koning
   Running directory:   /Users/koning/tendl/resbase/Ag104m/work
   Owner mode for running directory : rwx
   Group mode for running directory : r-x
  ---------------------------------------------


 Starting time: Fri Oct  9 12:48:18 2026
 ... inputs directory found (/Users/koning/tares-1.8/source/Module//../../inputs/).
 ... It will be used for resonance parameters 
 ... ###############################################
 ... #     read the input file tares.inp
 ... ###############################################
 ... line: #
 ... line: # Input file generated by Autorochman
          --> line not read
 ... line: #
 ... line: isotope    Ag
          --> Isotope name: Ag
 ... line: mass       104
          --> isotopic mass: 104
 ... line: output     n-Ag104m
         ---> Name of the output files: n-Ag104m
 ... line: isomer     1
          --> isomeric state: 1
 ... line: mf32mf33   y
          --> MF33 based on MF32: y
 ... line: nbrRandom  10
          --> Nbr of random files: 10
 ... ###############################################
 ... # end read the input file tares.inp
 ... ###############################################
Value for random generator type not considered in since Tares 1.7 due to compilation issues

 ... ###############################################
     #   Interpretation of the Input definition    #
     ###############################################

 ... Default energy limit: End of resonance region
 ... Nuclear charge    = 47
 ... Element           = Ag
 ... Mass              = 104
 ... Isomer            = 1
 ... Correlation for (Gn,Gg) not included in random files
 ... Default random option: No random
 ... Output name: n-Ag104m
 ... Energy for the MACS: 30000 eV
 ... Resonances from CALENDF reduced (reduce=y) 
 ... For URR, level density model from TALYS selected: 91n3n12611.2850 (see manual for description)
 ... Random Generator: default (pseudo random numbers from ansi c++)
 ... Reconstruction of cross section selected
 ... Doppler broadening at 0 Kelvin
 ... URR not included (from the input file flag)
 ... Weight for grouping is flat
 ... Calculation of (n,alpha) cross section selected
 ... Number of digit for MF32c covariance representation: 2
 ... MF32 included
 ... MF33 will be used for covariance processing
 ... TENDL option set to yes (automatic choice of MF2 and format)
 ... Isotope not found in the best file --> use of MLBW formalism
 ... default option: Multi level Breit Wigner approximation selected
 ... (check file best.tendl.yes for changing this option)
 ... Retroactive option set to no with the 2025 option

 ... ###############################################
     #           End of Input definition           #
     ###############################################

 ... gnuplot found, will be used for plotting
 ... latex found, will be used for plotting
 ... dvips found, will be used for plotting
 ... ps2epsi not found, limited plotting available
 ... uncertainties on default parameters multiplied by 1.03086
 ... Read resonance data from the 2025 directory
 ... Resonance parameters taken from /Users/koning/tares-1.8/source/Module//../../inputs/2025/Resonance/default/
 ---> Processing Z= 47 and A= 104 and isomer= 1 (level number: 1)
 Exfor path; Could not find /Users/koning/tares-1.8/source/Module//../../inputs/exfor/Ag104m/xs/102
Thermal file; Could not open file /Users/koning/tares-1.8/source/Module//../../inputs/2025/runThermal/results//thermal.mxw.ng.cendl3.1
Thermal file; Could not open file /Users/koning/tares-1.8/source/Module//../../inputs/2025/runThermal/results//thermal.mxw.ng.brond3.1
Thermal file; Could not open file /Users/koning/tares-1.8/source/Module//../../inputs/2025/runThermal/results//thermal.xs.ng.unc.cendl3.1
 ... spin taken from the final/ directory (1)

 ... ###############################################
 ... #  Nucleus global parameters (2025 database)  #
 ... ###############################################
 0. Half-life: 33.5 min. 
 ... Scattering radius from TALYS: /Users/koning/tares-1.8/source/Module//../../inputs/2025/lib.urr/talys.urr/
 1. Spin of the target isotope: 2
 2. Relative Atomic Mass of the target isotope: 103.908
 3. Level of the isomer: 0.006900 MeV (level number 1)
 4. Scattering radius (local compilation): 6.25108 fm +/- 0.131273 fm
      .......................................
      ... Thermal capture cross sections: ...
 ... ratio of 0.77903 applied for isomeric cross section (isomer/ground)
 5. Thermal (n,g) cross section from systematics (TALYS, urr.dat): 26.0275 +/- 18.2192 b.
 6. Thermal (n,g) cross section from compilation (Firestone-2022 average on element Ag): 63.7 +/- 0.6 b.
 7. Thermal (n,g) cross section from compilation (Firestone-2022 final on element Ag): 63.8 +/- 0.5 b.
      .......................................
      ...  Thermal total cross sections:  ...
      .......................................
      ... Thermal elastic cross sections: ...
 8. Thermal (n,el) cross section from potential (4piR^2): 7.85611 +/- 0.392805 b.
      .......................................
             ... Resonance integral: ...
 9. No capture integral found in /Users/koning/tares-1.8/source/Module//../../inputs/capture.integral
 ... no RI(n,g) found in local compilation, take 2018 value.
 ... no RI(n,g) found in local compilation, take Sukhoruchkin value.
   ---- MACS 30 keV ----- 
 10. TALYS MACS 30 keV (HF): 2.07063 b. 
   ---------- S0 -------- 
 11. S0 from TALYS: 0.584341
   ---------- S1 -------- 
 12. S1 from TALYS: 6.95436
   ---------- S2 -------- 
 13. S2 from TALYS: 0.528868
   ---------- D0 -------- 
 14. D0 from TALYS: 5.81526 eV
   ---------- D1 -------- 
 15. D1 from TALYS: 3.0619 eV
   ---------- D2 -------- 
 16. D2 from TALYS: 2.22498 eV
   ---------- G0 -------- 
 17. Gg0 from TALYS: 0.221172 eV
   ---------- G1 -------- 
 18. Gg1 from TALYS: 0.219594 eV
   ---------- G2 -------- 
 19. Gg2 from TALYS: 0.229167 eV


   ---------------------- 
 ... Read resonance parameters (format: 2: Multi Level Breit Wigner)
 ... 0 resonances found 
 ... possibly no resonances in the Resonance directory for this isotope and options
 ... Use HFR (ladder) behavior 
 --> 21. Number of resonances from the input file: 2 up to 2.90763 eV
 22. Read nuclear quantities (mass, MAT...)
 23. Read thermal (n,g) xs 
 24. Read the scattering radius 
 25. Read uncertainty on Gg for 2 resonances
 26. Read uncertainty on Gg for 2 resonances ... done
 ... order resonances 
 ... Upper limit for the RRR: 2.90763 eV (no statistical resonances HFR) from the limit.RRR file
 ... Write parameters for l=0 waves
 ... End writing original MF2 
 ... No RRR in the database: uncertainties on default parameters multiplied by 1.99753
 ... Enter in urr function (ladder option set to y) for file n-Ag104m
 ... read the file /Users/koning/tares-1.8/source/Module//../../inputs/2025/list.jcs.urr to find URR origin
 Default URR taken from TALYS calculations with level density model: 91n3n12611.2850
 File considered for the URR: /Users/koning/tares-1.8/source/Module//../../inputs/2025/lib.urr/talys.urr/91n3n12611.2850/Ag/urr/urr.dat.Ag.104.001.1.gz
 ... Write URR using TALYS average parameters (used for HFR)
 ... Limit of URR changed to 25 keV (recommendation from WPEC and JEFF)
 ... Extract the Sn value from file ./urr.dat.Ag.104.1.1
 ... found Sn= 10.0257 MeV
 ... estimated number of resonances up to 157.103 eV:  1 resonances
 ... This is a test here. The higher energy limit to include URR data for calendf is set to max Sn. 24/03/2016
 ... Use Sn to define the maximum energy for the URR: Sn= 10.0257 MeV --> last_energyURR= 157.103 eV
 ... read D0, S0, Gn and Gg
 ... number of URR energies: 1474
 Number of l: 1474 and last energy: 11
 Last  URR energy: 157.103 eV
 ... Enter in to_MLBW_mf2 function
 ... Convert to Multi Level Breit Wigner (MLBW)
 ... Write parameter covariances (MF32) for l=0
 ... Convert parameter covariances (MF32) to MLBW
 ... copy the mf2 and mf32 to .mlbw files
 ... Enter in urr_correct function case 1
 Modify the higher limit of RRR in MF2
 --> old value: 2.922169+0 eV new value: 1.000000-2 eV
 Modify resonance covariances (MF32) to include correlations in the URR
 End Modify resonance covariances (MF32) to include correlations in the URR
 ... Enter in calendf_xs function
 Use CALENDF for statistical resonances (update MF2) up to 1.571030+2 eV (initial limit)
 Extract resonances from CALENDF for RRR->URR 2
 103 statistical resonances found
 After reduction, 91 statistical resonances found
 ... checking resonance order 1
 ... checking resonance order 2nd round for 89 resonances
 ... end checking resonance order 2nd round
 .......................................................
 ... Adjustment to the thermal cross section : start ...
 .......................................................
 ... ratio of 0.77903 applied for isomeric cross section (isomer/ground)

 Before adjustment (adjustment to the thermal cross section set to y)
 ... Import MF2 from TARES calculations
 ... End energy of TARES MF2 : 1.523392E+2 eV and limit to 40000 resonances
 ... File used for reconstruction: new.temp22.reconst
 ... run RECENT ...
 ... Doppler broadened at a unique temperature: 300 Kelvin using sigma1
 ... run SIGMA1 at 3.000000E+02 K.

 ============== INTER values at 300 Kelvin ==============
 Thermal (n,g) xs =  26.0737 b. (meas/sys: 26.0275 b.) (warning: comparison to be done at 296 or 300 K)
 Th Maxw (n,g) xs =  26.122 b. (thermal Maxwellian value)
 Westcott factor  =  1.00184
 RI      (n,g)    =  117.288 b. (meas or sys: - b.)
 MACS 3.000e+04 eV=  1.613 b. (meas or sys: - b.) from 1.00E+00 to 2.00E+07 eV (end of RRR) at T= 300 Kelvin 
 Thermal (n,el) xs=  5.01691 b.
 RI      (n,el)   =  31.3626 b.
 ============= PSYCHE values ==============
 Ave. G_total L0  =  0.220268 eV
 Ave. G_total L1  =  0.210164 eV
 Ave. G_total L2  =  0.21125 eV
 Ave. Gn_0    L0  =  0.000674261
 Ave. Gn_0    L1  =  0.0119177
 Ave. Gn_0    L2  =  0.00441304
 Ave. Gg      L0  =  0.214234 eV
 Ave. Gg      L1  =  0.210147 eV
 Ave. Gg      L2  =  0.21125 eV
 Ave. D       L0  =  5.8592 eV
 Ave. D       L1  =  3.90613 eV
 Ave. D       L2  =  76.1696 eV
 Ave. S       L0  =  6.12316e-05 eV
 Ave. S       L1  =  0.000510039 eV
 Ave. S       L2  =  7.61256e-06 eV
 =========================================
 Calculated capture integral   117.288 b.
 ... ratio C/E thermal (n,g): 1.001775E+00
 ...................................................... 
 ... Adjustment to the thermal cross section : stop ...
 ...................................................... 
 ... new MF2 file after adjustment: n-Ag104m
 ... read the file /Users/koning/tares-1.8/source/Module//../../inputs/2025/list.jcs.urr to find URR origin
 Default URR taken from TALYS calculations with level density model: 91n3n12611.2850
 File considered for the URR: /Users/koning/tares-1.8/source/Module//../../inputs/2025/lib.urr/talys.urr/91n3n12611.2850/Ag/urr/urr.dat.Ag.104.001.1.gz
 ... Write URR using TALYS average parameters (not used for HFR)
 ... Limit of URR changed to 25 keV (recommendation from WPEC and JEFF)
 ... read D0, S0, Gn and Gg
 ... number of URR energies: 781
 Number of l: 781 and last energy: 11
 Last  URR energy: 6831 eV
 Energies in the URR : 781 -> reduced by a factor 2
 Energies in the URR : 385 -> reduced by a factor 2
 ... Enter in urr_correct function case 2
 Modify the higher limit of RRR in MF2
 --> old value: 1.523392+2 eV new value: 1.523392+2 eV
 Modify resonance covariances (MF32) to include correlations in the URR
 End Modify resonance covariances (MF32) to include correlations in the URR
 ... Enter in update_MF32 function
 ... Change uncertainties
 ... for the HFR, random position of the positive resonances with 0.020000 %
 ... end of update MF32 function
 ... no thermal/RI adjustment needed: no GLS calculation of parameter correlations
 ... copy the mf2 and mf32 to .mlbw files

 ... Start of final reconstruction and testing ...
 ... Reconstruction of cross sections at 0 Kelvin  ... Import MF2 from TARES calculations
 ... End energy of TARES MF2 : 1.523392E+2 eV and limit to 40000 resonances
 ... File used for reconstruction: n-Ag104m.reconst
 ... run RECENT ...
 ... Doppler broadened at a unique temperature: 0 Kelvin using sigma1
 ... The keyword temperature is zero, no Doppler broadening for the MACS

 ============== INTER values at 0 Kelvin ==============
 Thermal (n,g) xs =  26.0627 b. (meas/sys: 26.0275 b.) (warning: comparison to be done at 296 or 300 K)
 Th Maxw (n,g) xs =  25.973 b. (thermal Maxwellian value)
 Westcott factor  =  0.99655
 RI      (n,g)    =  117.119 b. (meas or sys: - b.)
 MACS 3.000e+04 eV=  1.6035 b. (meas or sys: - b.) from 1.00E+00 to 1.52E+02 eV (end of RRR) at T= 0 Kelvin 
 Thermal (n,el) xs=  4.99243 b.
 RI      (n,el)   =  31.2461 b.
 ============= PSYCHE values ==============
 Ave. G_total L0  =  0.220268 eV
 Ave. G_total L1  =  0.210164 eV
 Ave. G_total L2  =  0.21125 eV
 Ave. Gn_0    L0  =  0.000674261
 Ave. Gn_0    L1  =  0.0119177
 Ave. Gn_0    L2  =  0.00441304
 Ave. Gg      L0  =  0.214234 eV
 Ave. Gg      L1  =  0.210147 eV
 Ave. Gg      L2  =  0.21125 eV
 Ave. D       L0  =  5.8592 eV
 Ave. D       L1  =  3.90613 eV
 Ave. D       L2  =  76.1696 eV
 Ave. S       L0  =  6.12316e-05 eV
 Ave. S       L1  =  0.000510039 eV
 Ave. S       L2  =  7.61256e-06 eV
 =========================================
 ... End of final reconstruction and testing ...

 ... grouping is not optimum, change to 70 groups
 ... Produce MF33 based on MF32 and 10 random files
 ... MF3 of n-Ag104m.reconst (3 sections) added to the files for ENDSAM
 ... run endsam for 10 in groups of 1 global run
 ... run endsam from 1 to 10
 ... random files: total width GT set to Gn+Gg+Gf (890 resonances in 10 files)
 ... reorder resonance position after endsam (sampling)
 ... preparing the vectors  ... done
 ... nominal file 0 Cap(th)  ave= 2.606E+01 b. +/- 0.00 % || Ela(th) ave= 4.992E+00 b. +/- 0.00 % || RIcap ave= 1.17E+02 b. +/- 0.00 % || Macs30 ave= 1.60E+00 b. +/- 0.00 % || Gn^0(l=0) ave= 6.743E-04 +/- 0.00 % Gn^0(l=1) ave= 1.192E-02 +/- 0.00 % Gn^0(l=2) ave= 4.413E-03 +/- 0.00 % Gn^0(l=3) ave= 0.000E+00 +/- 0.00 % || Gtotal(l=0) ave= 2.203E-01 +/- 0.00 % Gtotal(l=1) ave= 2.102E-01 +/- 0.00 % Gtotal(l=2) ave= 2.113E-01 +/- 0.00 % Gtotal(l=3) ave= 0.000E+00 +/- 0.00 %  % || Gg(l=0) ave= 2.142E-01 +/- 0.00 % Gg(l=1) ave= 2.101E-01 +/- 0.00 % Gg(l=2) ave= 2.113E-01 +/- 0.00 % Gg(l=3) ave= 0.000E+00 +/- 0.00 %  % || D(l=0) ave= 5.859E+00 +/- 0.00 % D(l=1) ave= 3.906E+00 +/- 0.00 % D(l=2) ave= 7.617E+01 +/- 0.00 % D(l=3) ave= 0.000E+00 +/- 0.00 %  % || S(l=0) ave= 6.123E-05 +/- 0.00 % S(l=1) ave= 5.100E-04 +/- 0.00 % S(l=2) ave= 7.613E-06 +/- 0.00 % S(l=3) ave= 0.000E+00 +/- 0.00 % 
 ... random file  1 Cap(th)  ave= 2.060E+01 b. +/- 26.54 % || Ela(th) ave= 4.348E+00 b. +/- 14.82 % || RIcap ave= 1.15E+02 b. +/- 2.17 % || Macs30 ave= 1.60E+00 b. +/- 0.00 % || Gn^0(l=0) ave= 6.702E-04 +/- 0.60 % Gn^0(l=1) ave= 1.403E-02 +/- 15.03 % Gn^0(l=2) ave= 6.243E-03 +/- 29.31 % Gn^0(l=3) ave= 0.000E+00 +/- 0.00 % || Gtotal(l=0) ave= 2.167E-01 +/- 1.65 % Gtotal(l=1) ave= 2.138E-01 +/- 1.70 % Gtotal(l=2) ave= 1.896E-01 +/- 11.43 % Gtotal(l=3) ave= 0.000E+00 +/- 0.00 %  % || Gg(l=0) ave= 2.108E-01 +/- 1.65 % Gg(l=1) ave= 2.138E-01 +/- 1.70 % Gg(l=2) ave= 1.896E-01 +/- 11.43 % Gg(l=3) ave= 0.000E+00 +/- 0.00 %  % || D(l=0) ave= 5.976E+00 +/- 1.96 % D(l=1) ave= 3.906E+00 +/- 0.00 % D(l=2) ave= 7.617E+01 +/- 0.00 % D(l=3) ave= 0.000E+00 +/- 0.00 %  % || S(l=0) ave= 5.949E-05 +/- 2.93 % S(l=1) ave= 6.005E-04 +/- 15.07 % S(l=2) ave= 1.077E-05 +/- 29.31 % S(l=3) ave= 0.000E+00 +/- 0.00 % 
 ... random file  2 Cap(th)  ave= 2.283E+01 b. +/- 23.94 % || Ela(th) ave= 4.682E+00 b. +/- 15.11 % || RIcap ave= 1.15E+02 b. +/- 2.02 % || Macs30 ave= 1.60E+00 b. +/- 0.00 % || Gn^0(l=0) ave= 6.693E-04 +/- 0.53 % Gn^0(l=1) ave= 1.305E-02 +/- 16.90 % Gn^0(l=2) ave= 5.436E-03 +/- 34.59 % Gn^0(l=3) ave= 0.000E+00 +/- 0.00 % || Gtotal(l=0) ave= 2.190E-01 +/- 2.01 % Gtotal(l=1) ave= 2.075E-01 +/- 4.55 % Gtotal(l=2) ave= 1.831E-01 +/- 10.89 % Gtotal(l=3) ave= 0.000E+00 +/- 0.00 %  % || Gg(l=0) ave= 2.131E-01 +/- 2.06 % Gg(l=1) ave= 2.075E-01 +/- 4.55 % Gg(l=2) ave= 1.831E-01 +/- 10.89 % Gg(l=3) ave= 0.000E+00 +/- 0.00 %  % || D(l=0) ave= 6.015E+00 +/- 1.84 % D(l=1) ave= 3.906E+00 +/- 0.00 % D(l=2) ave= 7.617E+01 +/- 0.00 % D(l=3) ave= 0.000E+00 +/- 0.00 %  % || S(l=0) ave= 5.893E-05 +/- 2.76 % S(l=1) ave= 5.586E-04 +/- 16.97 % S(l=2) ave= 9.376E-06 +/- 34.58 % S(l=3) ave= 0.000E+00 +/- 0.00 % 
 ... random file  3 Cap(th)  ave= 2.429E+01 b. +/- 22.11 % || Ela(th) ave= 4.834E+00 b. +/- 13.79 % || RIcap ave= 1.16E+02 b. +/- 1.80 % || Macs30 ave= 1.60E+00 b. +/- 0.00 % || Gn^0(l=0) ave= 6.716E-04 +/- 0.75 % Gn^0(l=1) ave= 1.260E-02 +/- 16.35 % Gn^0(l=2) ave= 5.057E-03 +/- 34.71 % Gn^0(l=3) ave= 0.000E+00 +/- 0.00 % || Gtotal(l=0) ave= 2.144E-01 +/- 4.16 % Gtotal(l=1) ave= 2.138E-01 +/- 6.38 % Gtotal(l=2) ave= 1.810E-01 +/- 9.74 % Gtotal(l=3) ave= 0.000E+00 +/- 0.00 %  % || Gg(l=0) ave= 2.084E-01 +/- 4.31 % Gg(l=1) ave= 2.138E-01 +/- 6.38 % Gg(l=2) ave= 1.810E-01 +/- 9.74 % Gg(l=3) ave= 0.000E+00 +/- 0.00 %  % || D(l=0) ave= 5.976E+00 +/- 1.96 % D(l=1) ave= 3.906E+00 +/- 0.00 % D(l=2) ave= 7.617E+01 +/- 0.00 % D(l=3) ave= 0.000E+00 +/- 0.00 %  % || S(l=0) ave= 5.961E-05 +/- 3.08 % S(l=1) ave= 5.395E-04 +/- 16.41 % S(l=2) ave= 8.723E-06 +/- 34.71 % S(l=3) ave= 0.000E+00 +/- 0.00 % 
 ... random file  4 Cap(th)  ave= 2.525E+01 b. +/- 20.49 % || Ela(th) ave= 4.747E+00 b. +/- 13.08 % || RIcap ave= 1.16E+02 b. +/- 1.89 % || Macs30 ave= 1.60E+00 b. +/- 0.00 % || Gn^0(l=0) ave= 6.709E-04 +/- 0.71 % Gn^0(l=1) ave= 1.280E-02 +/- 14.72 % Gn^0(l=2) ave= 5.183E-03 +/- 30.68 % Gn^0(l=3) ave= 0.000E+00 +/- 0.00 % || Gtotal(l=0) ave= 2.193E-01 +/- 5.78 % Gtotal(l=1) ave= 2.098E-01 +/- 6.91 % Gtotal(l=2) ave= 1.937E-01 +/- 15.38 % Gtotal(l=3) ave= 0.000E+00 +/- 0.00 %  % || Gg(l=0) ave= 2.134E-01 +/- 5.97 % Gg(l=1) ave= 2.098E-01 +/- 6.91 % Gg(l=2) ave= 1.937E-01 +/- 15.38 % Gg(l=3) ave= 0.000E+00 +/- 0.00 %  % || D(l=0) ave= 6.000E+00 +/- 1.91 % D(l=1) ave= 3.906E+00 +/- 0.00 % D(l=2) ave= 7.617E+01 +/- 0.00 % D(l=3) ave= 0.000E+00 +/- 0.00 %  % || S(l=0) ave= 5.927E-05 +/- 3.01 % S(l=1) ave= 5.476E-04 +/- 14.76 % S(l=2) ave= 8.940E-06 +/- 30.68 % S(l=3) ave= 0.000E+00 +/- 0.00 % 
 ... random file  5 Cap(th)  ave= 2.447E+01 b. +/- 20.59 % || Ela(th) ave= 4.886E+00 b. +/- 13.24 % || RIcap ave= 1.16E+02 b. +/- 2.08 % || Macs30 ave= 1.60E+00 b. +/- 0.00 % || Gn^0(l=0) ave= 6.718E-04 +/- 0.72 % Gn^0(l=1) ave= 1.244E-02 +/- 15.22 % Gn^0(l=2) ave= 4.908E-03 +/- 32.13 % Gn^0(l=3) ave= 0.000E+00 +/- 0.00 % || Gtotal(l=0) ave= 2.153E-01 +/- 6.79 % Gtotal(l=1) ave= 2.111E-01 +/- 6.40 % Gtotal(l=2) ave= 1.864E-01 +/- 17.01 % Gtotal(l=3) ave= 0.000E+00 +/- 0.00 %  % || Gg(l=0) ave= 2.093E-01 +/- 7.02 % Gg(l=1) ave= 2.110E-01 +/- 6.40 % Gg(l=2) ave= 1.864E-01 +/- 17.01 % Gg(l=3) ave= 0.000E+00 +/- 0.00 %  % || D(l=0) ave= 5.976E+00 +/- 1.96 % D(l=1) ave= 3.906E+00 +/- 0.00 % D(l=2) ave= 7.617E+01 +/- 0.00 % D(l=3) ave= 0.000E+00 +/- 0.00 %  % || S(l=0) ave= 5.962E-05 +/- 3.05 % S(l=1) ave= 5.324E-04 +/- 15.25 % S(l=2) ave= 8.466E-06 +/- 32.12 % S(l=3) ave= 0.000E+00 +/- 0.00 % 
 ... random file  6 Cap(th)  ave= 2.490E+01 b. +/- 19.21 % || Ela(th) ave= 4.949E+00 b. +/- 12.49 % || RIcap ave= 1.16E+02 b. +/- 1.97 % || Macs30 ave= 1.60E+00 b. +/- 0.00 % || Gn^0(l=0) ave= 6.726E-04 +/- 0.73 % Gn^0(l=1) ave= 1.226E-02 +/- 14.72 % Gn^0(l=2) ave= 4.759E-03 +/- 31.61 % Gn^0(l=3) ave= 0.000E+00 +/- 0.00 % || Gtotal(l=0) ave= 2.149E-01 +/- 6.32 % Gtotal(l=1) ave= 2.092E-01 +/- 6.36 % Gtotal(l=2) ave= 2.149E-01 +/- 35.28 % Gtotal(l=3) ave= 0.000E+00 +/- 0.00 %  % || Gg(l=0) ave= 2.089E-01 +/- 6.53 % Gg(l=1) ave= 2.092E-01 +/- 6.36 % Gg(l=2) ave= 2.149E-01 +/- 35.28 % Gg(l=3) ave= 0.000E+00 +/- 0.00 %  % || D(l=0) ave= 5.960E+00 +/- 1.95 % D(l=1) ave= 3.906E+00 +/- 0.00 % D(l=2) ave= 7.617E+01 +/- 0.00 % D(l=3) ave= 0.000E+00 +/- 0.00 %  % || S(l=0) ave= 5.990E-05 +/- 3.03 % S(l=1) ave= 5.248E-04 +/- 14.76 % S(l=2) ave= 8.210E-06 +/- 31.60 % S(l=3) ave= 0.000E+00 +/- 0.00 % 
 ... random file  7 Cap(th)  ave= 2.408E+01 b. +/- 20.66 % || Ela(th) ave= 5.008E+00 b. +/- 11.96 % || RIcap ave= 1.16E+02 b. +/- 1.94 % || Macs30 ave= 1.60E+00 b. +/- 0.00 % || Gn^0(l=0) ave= 6.730E-04 +/- 0.70 % Gn^0(l=1) ave= 1.210E-02 +/- 14.41 % Gn^0(l=2) ave= 4.631E-03 +/- 31.25 % Gn^0(l=3) ave= 0.000E+00 +/- 0.00 % || Gtotal(l=0) ave= 2.206E-01 +/- 9.01 % Gtotal(l=1) ave= 2.148E-01 +/- 8.96 % Gtotal(l=2) ave= 2.127E-01 +/- 33.47 % Gtotal(l=3) ave= 0.000E+00 +/- 0.00 %  % || Gg(l=0) ave= 2.147E-01 +/- 9.27 % Gg(l=1) ave= 2.147E-01 +/- 8.96 % Gg(l=2) ave= 2.127E-01 +/- 33.47 % Gg(l=3) ave= 0.000E+00 +/- 0.00 %  % || D(l=0) ave= 5.947E+00 +/- 1.91 % D(l=1) ave= 3.906E+00 +/- 0.00 % D(l=2) ave= 7.617E+01 +/- 0.00 % D(l=3) ave= 0.000E+00 +/- 0.00 %  % || S(l=0) ave= 6.008E-05 +/- 2.93 % S(l=1) ave= 5.179E-04 +/- 14.43 % S(l=2) ave= 7.989E-06 +/- 31.24 % S(l=3) ave= 0.000E+00 +/- 0.00 % 
 ... random file  8 Cap(th)  ave= 2.446E+01 b. +/- 19.67 % || Ela(th) ave= 5.150E+00 b. +/- 13.47 % || RIcap ave= 1.16E+02 b. +/- 1.87 % || Macs30 ave= 1.60E+00 b. +/- 0.00 % || Gn^0(l=0) ave= 6.732E-04 +/- 0.66 % Gn^0(l=1) ave= 1.181E-02 +/- 15.59 % Gn^0(l=2) ave= 4.424E-03 +/- 33.55 % Gn^0(l=3) ave= 0.000E+00 +/- 0.00 % || Gtotal(l=0) ave= 2.212E-01 +/- 8.50 % Gtotal(l=1) ave= 2.139E-01 +/- 8.57 % Gtotal(l=2) ave= 2.086E-01 +/- 32.67 % Gtotal(l=3) ave= 0.000E+00 +/- 0.00 %  % || Gg(l=0) ave= 2.152E-01 +/- 8.75 % Gg(l=1) ave= 2.139E-01 +/- 8.57 % Gg(l=2) ave= 2.086E-01 +/- 32.67 % Gg(l=3) ave= 0.000E+00 +/- 0.00 %  % || D(l=0) ave= 5.937E+00 +/- 1.86 % D(l=1) ave= 3.906E+00 +/- 0.00 % D(l=2) ave= 7.617E+01 +/- 0.00 % D(l=3) ave= 0.000E+00 +/- 0.00 %  % || S(l=0) ave= 6.021E-05 +/- 2.82 % S(l=1) ave= 5.053E-04 +/- 15.63 % S(l=2) ave= 7.632E-06 +/- 33.55 % S(l=3) ave= 0.000E+00 +/- 0.00 % 
 ... random file  9 Cap(th)  ave= 2.528E+01 b. +/- 20.51 % || Ela(th) ave= 5.249E+00 b. +/- 13.75 % || RIcap ave= 1.16E+02 b. +/- 1.95 % || Macs30 ave= 1.60E+00 b. +/- 0.00 % || Gn^0(l=0) ave= 6.731E-04 +/- 0.63 % Gn^0(l=1) ave= 1.160E-02 +/- 16.04 % Gn^0(l=2) ave= 4.273E-03 +/- 34.64 % Gn^0(l=3) ave= 0.000E+00 +/- 0.00 % || Gtotal(l=0) ave= 2.206E-01 +/- 8.12 % Gtotal(l=1) ave= 2.125E-01 +/- 8.41 % Gtotal(l=2) ave= 2.088E-01 +/- 30.96 % Gtotal(l=3) ave= 0.000E+00 +/- 0.00 %  % || Gg(l=0) ave= 2.146E-01 +/- 8.35 % Gg(l=1) ave= 2.125E-01 +/- 8.41 % Gg(l=2) ave= 2.088E-01 +/- 30.96 % Gg(l=3) ave= 0.000E+00 +/- 0.00 %  % || D(l=0) ave= 5.930E+00 +/- 1.81 % D(l=1) ave= 3.906E+00 +/- 0.00 % D(l=2) ave= 7.617E+01 +/- 0.00 % D(l=3) ave= 0.000E+00 +/- 0.00 %  % || S(l=0) ave= 6.028E-05 +/- 2.70 % S(l=1) ave= 4.961E-04 +/- 16.09 % S(l=2) ave= 7.370E-06 +/- 34.64 % S(l=3) ave= 0.000E+00 +/- 0.00 % 
 ... random file  10 Cap(th)  ave= 2.499E+01 b. +/- 20.10 % || Ela(th) ave= 5.229E+00 b. +/- 13.22 % || RIcap ave= 1.16E+02 b. +/- 1.92 % || Macs30 ave= 1.60E+00 b. +/- 0.00 % || Gn^0(l=0) ave= 6.727E-04 +/- 0.63 % Gn^0(l=1) ave= 1.162E-02 +/- 15.28 % Gn^0(l=2) ave= 4.279E-03 +/- 32.98 % Gn^0(l=3) ave= 0.000E+00 +/- 0.00 % || Gtotal(l=0) ave= 2.196E-01 +/- 7.92 % Gtotal(l=1) ave= 2.112E-01 +/- 8.30 % Gtotal(l=2) ave= 2.091E-01 +/- 29.47 % Gtotal(l=3) ave= 0.000E+00 +/- 0.00 %  % || Gg(l=0) ave= 2.136E-01 +/- 8.15 % Gg(l=1) ave= 2.112E-01 +/- 8.30 % Gg(l=2) ave= 2.091E-01 +/- 29.47 % Gg(l=3) ave= 0.000E+00 +/- 0.00 %  % || D(l=0) ave= 5.944E+00 +/- 1.90 % D(l=1) ave= 3.906E+00 +/- 0.00 % D(l=2) ave= 7.617E+01 +/- 0.00 % D(l=3) ave= 0.000E+00 +/- 0.00 %  % || S(l=0) ave= 6.008E-05 +/- 2.80 % S(l=1) ave= 4.971E-04 +/- 15.33 % S(l=2) ave= 7.382E-06 +/- 32.98 % S(l=3) ave= 0.000E+00 +/- 0.00 % 
 ... Histogram plot for thermal (n,g)
 ... Write covariances  ... MT1  ... plot correlations
 ... MT2  ... MT102 


 ================================================
 ============== From 10 random values === start ======
 Thermal (n,tot) xs  0 K =  30.2234 b. +/- 5.40837 b. ( 17.8947 %) skew= -0.61 +/- 0.66
 Thermal (n,el) xs   0 K =  5.229 b. +/- 0.691114 b. ( 13.2169 %) skew= -0.59 +/- 0.66
 Thermal (n,g) xs    0 K =  24.9944 b. +/- 5.02342 b. ( 20.0982 %) skew= -0.54 +/- 0.66
 RI      (n,g)       0 K =  116.111 b. +/- 2.23117 b. ( 1.92159 %) 
 MACS    (n,g)       0 K (at Emacs= 30000 eV) =  1.6035 b. +/- 2.38419e-07 b. ( 1.48686e-05 %) 
 Ave. Gtotal  L=0        =  2.196E-01 +/- 7.92 %
 Ave. Gn^(0)  L=0        =  6.727E-04 +/- 0.63 %
 Ave. Gg      L=0        =  2.136E-01 +/- 8.15 %
 Ave. D       L=0        =  5.944E+00 +/- 1.90 %
 Ave. S       L=0        =  6.008E-05 +/- 2.80 %
 Ave. Gtotal  L=1        =  2.112E-01 +/- 8.30 %
 Ave. Gn^(1)  L=1        =  1.162E-02 +/- 15.28 %
 Ave. Gg      L=1        =  2.112E-01 +/- 8.30 %
 Ave. D       L=1        =  3.906E+00 +/- 0.00 %
 Ave. S       L=1        =  4.971E-04 +/- 15.33 %
 Ave. Gtotal  L=2        =  2.091E-01 +/- 29.47 %
 Ave. Gn^(2)  L=2        =  4.279E-03 +/- 32.98 %
 Ave. Gg      L=2        =  2.091E-01 +/- 29.47 %
 Ave. D       L=2        =  7.617E+01 +/- 0.00 %
 Ave. S       L=2        =  7.382E-06 +/- 32.98 %

 Expected Thermal (n,g) (syst or meas)= 26.0275 b. +/- 18.2192 b. nominal: 26.0627 b.
 ratio Calculated/expected thermal (n,g): 0.96 ratio DCalculated/Dexpected: 0.28 ratio Calculated/Nominal: 0.96
 ============== From 10 random values ===== stop ======
 ================================================
 ... Calculation of (n,a) and (n,p) cross sections at 300 K
 ... thermal (n,a) cross section is 0.000203379 +/- 0.00010169 b.
 ... thermal (n,a) cross section is 0.000184323 b. (random case 1)
 ... thermal (n,a) cross section is 0.000398678 b. (random case 2)
 ... thermal (n,a) cross section is 0.000173537 b. (random case 3)
 ... thermal (n,a) cross section is 1.19811e-05 b. (random case 4)
 ... thermal (n,a) cross section is 0.000124378 b. (random case 5)
 ... thermal (n,a) cross section is 0.000252078 b. (random case 6)
 ... thermal (n,a) cross section is 0.00014867 b. (random case 7)
 ... thermal (n,a) cross section is 0.000231407 b. (random case 8)
 ... thermal (n,a) cross section is 8.63483e-05 b. (random case 9)
 ... thermal (n,a) cross section is 0.000272245 b. (random case 10)
 ... thermal (n,p) cross section is 0.000203379 +/- 0.00010169 b.
 ... thermal (n,p) cross section is 0.000174317 b. (random case 1)
 ... thermal (n,p) cross section is 0.00017244 b. (random case 2)
 ... thermal (n,p) cross section is 0.000255032 b. (random case 3)
 ... thermal (n,p) cross section is 0.000226993 b. (random case 4)
 ... thermal (n,p) cross section is 0.000401032 b. (random case 5)
 ... thermal (n,p) cross section is 0.000159412 b. (random case 6)
 ... thermal (n,p) cross section is 0.000279891 b. (random case 7)
 ... thermal (n,p) cross section is 0.000124919 b. (random case 8)
 ... thermal (n,p) cross section is 1.45054e-05 b. (random case 9)
 ... thermal (n,p) cross section is 0.000295567 b. (random case 10)
 ... Rewrite index for MF2
 ... Write text for MF1 in file mf1.tares.txt
 ... plotting cross sections for the MF1
 ... order output files


================== summary ==================
 Thermal (n,tot) xs = 31.0555 b. 
 Thermal (n,el)  xs = 4.99243 b. 
 Thermal (n,g)   xs = 26.0627 b. (meas/sys: 26.0275 b.)
 At 300 K (thermal adjustment): (n,el) = 5.01691 b., (n,g) = 26.0737 b.

 RI      (n,g)      = 117.119 b. (meas or sys: - b.)
 RI      (n,el)     = 31.2461 b.
=============================================


 ... cleaning
                                                 
  -------------------------------------------------------------
  -                                                           -
  - TARES: successful end of run with data from hypothetical  -
  - resonances for  Z= 47, A= 104 and isomer= 1               -
  - half-life: 33.500000 min. 
  -                                                           -
  -------------------------------------------------------------

   Running time:       14 seconds

 End time: Fri Oct  9 12:48:32 2026

