
  -------------------------------------------------------------
  -                                                           -
  -              Welcome to TARES version 1.8                 -
  -                                                           -
  -  (C) Copyright 2007-2025 D. Rochman, All Rights Reserved  -
  -           NRG, Petten, the Netherlands 2007-2014          -
  -           PSI, Villigen    Switzerland 2015-2025          -
  -         Nagra, Wettingen   Switzerland 2025-              -
  -           (Last Modified October 06, 2026)                -
  -           (Database from October 06, 2026)                -
  -                                                           -
  -------------------------------------------------------------


  ---------------------------------------------
   Compilation information:
   Compiled on:         Oct  8 2026, 18:36:06
   Compiled by:         koning
   Compiler version:    clang++ - 21.0.0
   Source location:     /Users/koning/tares-1.8/source/Module/
   Binaries location:   /Users/koning/bin
   System:              Darwin 25.6.0
   System version:      Darwin Kernel Version 25.6.0: Fri Jul 31 19:19:08 PDT 2026; root:xnu-12377.161.14~5/RELEASE_ARM64_T6050  
   Machine:             arm64 
  ---------------------------------------------

   User information:
   User name:           koning
   Running directory:   /Users/koning/tendl/resbase/Ir185/work
   Owner mode for running directory : rwx
   Group mode for running directory : r-x
  ---------------------------------------------


 Starting time: Fri Oct  9 11:42:12 2026
 ... inputs directory found (/Users/koning/tares-1.8/source/Module//../../inputs/).
 ... It will be used for resonance parameters 
 ... ###############################################
 ... #     read the input file tares.inp
 ... ###############################################
 ... line: #
 ... line: # Input file generated by Autorochman
          --> line not read
 ... line: #
 ... line: isotope    Ir
          --> Isotope name: Ir
 ... line: mass       185
          --> isotopic mass: 185
 ... line: output     n-Ir185
         ---> Name of the output files: n-Ir185
 ... line: isomer     0
          --> isomeric state: 0
 ... line: mf32mf33   y
          --> MF33 based on MF32: y
 ... line: nbrRandom  10
          --> Nbr of random files: 10
 ... ###############################################
 ... # end read the input file tares.inp
 ... ###############################################
Value for random generator type not considered in since Tares 1.7 due to compilation issues

 ... ###############################################
     #   Interpretation of the Input definition    #
     ###############################################

 ... Default energy limit: End of resonance region
 ... Nuclear charge    = 77
 ... Element           = Ir
 ... Mass              = 185
 ... Isomer            = 0
 ... Correlation for (Gn,Gg) not included in random files
 ... Default random option: No random
 ... Output name: n-Ir185
 ... Energy for the MACS: 30000 eV
 ... Resonances from CALENDF reduced (reduce=y) 
 ... For URR, level density model from TALYS selected: 91n3n12611.2850 (see manual for description)
 ... Random Generator: default (pseudo random numbers from ansi c++)
 ... Reconstruction of cross section selected
 ... Doppler broadening at 0 Kelvin
 ... URR not included (from the input file flag)
 ... Weight for grouping is flat
 ... Calculation of (n,alpha) cross section selected
 ... Number of digit for MF32c covariance representation: 2
 ... MF32 included
 ... MF33 will be used for covariance processing
 ... TENDL option set to yes (automatic choice of MF2 and format)
 ... Isotope not found in the best file --> use of MLBW formalism
 ... default option: Multi level Breit Wigner approximation selected
 ... (check file best.tendl.yes for changing this option)
 ... Retroactive option set to no with the 2025 option
 ... ladder option set to yes (CALENDF will be used for statistical resonances)

 ... ###############################################
     #           End of Input definition           #
     ###############################################

 ... gnuplot found, will be used for plotting
 ... latex found, will be used for plotting
 ... dvips found, will be used for plotting
 ... ps2epsi not found, limited plotting available
 ... uncertainties on default parameters multiplied by 1.23707
 ... Read resonance data from the 2025 directory
 ... Resonance parameters taken from /Users/koning/tares-1.8/source/Module//../../inputs/2025/Resonance/default/
 ---> Processing Z= 77 and A= 185 and isomer= 0 (level number: 0)
 Exfor path; Could not find /Users/koning/tares-1.8/source/Module//../../inputs/exfor/Ir185/xs/102
Thermal file; Could not open file /Users/koning/tares-1.8/source/Module//../../inputs/2025/runThermal/results//thermal.mxw.ng.cendl3.1
Thermal file; Could not open file /Users/koning/tares-1.8/source/Module//../../inputs/2025/runThermal/results//thermal.mxw.ng.brond3.1
Thermal file; Could not open file /Users/koning/tares-1.8/source/Module//../../inputs/2025/runThermal/results//thermal.xs.ng.unc.cendl3.1
 ... spin taken from the final/ directory (1)

 ... ###############################################
 ... #  Nucleus global parameters (2025 database)  #
 ... ###############################################
 0. Half-life: 14.4 hours
 ... Scattering radius from TALYS: /Users/koning/tares-1.8/source/Module//../../inputs/2025/lib.urr/talys.urr/
 1. Spin of the target isotope: 2.5
 2. Relative Atomic Mass of the target isotope: 184.956
 3. Scattering radius (local compilation): 7.55963 fm +/- 0.158752 fm
      .......................................
      ... Thermal capture cross sections: ...
 4. Thermal (n,g) cross section from systematics (TALYS, urr.dat): 98.2448 +/- 49.1224 b.
 5. Thermal (n,g) cross section from compilation (Firestone-2022 average on element Ir): 460 +/- 23 b.
 6. Thermal (n,g) cross section from compilation (Firestone-2022 final on element Ir): 427 +/- 8 b.
 7. Thermal (n,g) cross section from TENDL-2023: 90.11 +/- 16.3 b.
 8. Thermal (n,g) cross section from JENDL-5.0: 72.83 b.
      .......................................
      ...  Thermal total cross sections:  ...
      .......................................
      ... Thermal elastic cross sections: ...
 9. Thermal (n,el) cross section from JENDL-5.0: 9.538 b.
 10. Thermal (n,el) cross section from potential (4piR^2): 9.50064 +/- 0.475032 b.
      .......................................
             ... Resonance integral: ...
 11. No capture integral found in /Users/koning/tares-1.8/source/Module//../../inputs/capture.integral
 ... no RI(n,g) found in local compilation, take 2018 value.
 ... no RI(n,g) found in local compilation, take Sukhoruchkin value.
   ---- MACS 30 keV ----- 
 12. TALYS MACS 30 keV (HF): 3.52187 b. 
   ---------- S0 -------- 
 13. S0 from TALYS: 1.8984
   ---------- S1 -------- 
 14. S1 from TALYS: 0.398112
   ---------- S2 -------- 
 15. S2 from TALYS: 5.03468
   ---------- D0 -------- 
 16. D0 from TALYS: 0.230623 eV
   ---------- D1 -------- 
 17. D1 from TALYS: 0.118704 eV
   ---------- D2 -------- 
 18. D2 from TALYS: 0.0830535 eV
   ---------- G0 -------- 
 19. Gg0 from TALYS: 0.0550753 eV
   ---------- G1 -------- 
 20. Gg1 from TALYS: 0.0556788 eV
   ---------- G2 -------- 
 21. Gg2 from TALYS: 0.0559292 eV


   ---------------------- 
 ... Read resonance parameters (format: 2: Multi Level Breit Wigner)
 ... 0 resonances found 
 ... possibly no resonances in the Resonance directory for this isotope and options
 ... Use HFR (ladder) behavior 
 --> 23. Number of resonances from the input file: 2 up to 0.115312 eV
 24. Read nuclear quantities (mass, MAT...)
 25. Read thermal (n,g) xs 
 26. Read the scattering radius 
 27. Read uncertainty on Gg for 2 resonances
 28. Read uncertainty on Gg for 2 resonances ... done
 ... order resonances 
 ... Upper limit for the RRR: 0.115312 eV (no statistical resonances HFR) from the limit.RRR file
 ... Write parameters for l=0 waves
 ... End writing original MF2 
 ... No RRR in the database: uncertainties on default parameters multiplied by 1.99753
 ... Enter in urr function (ladder option set to y) for file n-Ir185
 ... read the file /Users/koning/tares-1.8/source/Module//../../inputs/2025/list.jcs.urr to find URR origin
 Default URR taken from TALYS calculations with level density model: 91n3n12611.2850
 File considered for the URR: /Users/koning/tares-1.8/source/Module//../../inputs/2025/lib.urr/talys.urr/91n3n12611.2850/Ir/urr/urr.dat.Ir.185.000.0.gz
 ... Write URR using TALYS average parameters (used for HFR)
 ... Limit of URR changed to 25 keV (recommendation from WPEC and JEFF)
 ... Extract the Sn value from file ./urr.dat.Ir.185.0.0
 ... found Sn= 6.90811 MeV
 ... estimated number of resonances up to 4190.94 eV: 18172.2 resonances, too high ?
 ... estimated number of resonances up to 2095.47 eV: 9086.12 resonances, too high ?
 ... estimated number of resonances up to 1047.74 eV: 4543.06 resonances, too high ?
 ... estimated number of resonances up to 523.868 eV: 2271.53 resonances, too high ?
 ... estimated number of resonances up to 261.934 eV: 1135.76 resonances, too high ?
 too many reductions... stops after 5
 ... estimated number of resonances up to 130.967 eV:  567.882 resonances
 ... This is a test here. The higher energy limit to include URR data for calendf is set to max Sn. 24/03/2016
 ... Use Sn to define the maximum energy for the URR: Sn= 6.90811 MeV --> last_energyURR= 130.967 eV
 ... read D0, S0, Gn and Gg
 ... number of URR energies: 1584
 Number of l: 1584 and last energy: 12
 Last  URR energy: 130.967 eV
 ... Enter in to_MLBW_mf2 function
 ... Convert to Multi Level Breit Wigner (MLBW)
 ... Write parameter covariances (MF32) for l=0
 ... Convert parameter covariances (MF32) to MLBW
 ... copy the mf2 and mf32 to .mlbw files
 ... Enter in urr_correct function case 1
 Modify the higher limit of RRR in MF2
 --> old value: 1.158880-1 eV new value: 1.000000-2 eV
 Modify resonance covariances (MF32) to include correlations in the URR
 End Modify resonance covariances (MF32) to include correlations in the URR
 ... Enter in calendf_xs function
 Use CALENDF for statistical resonances (update MF2) up to 1.309670+2 eV (initial limit)
 Extract resonances from CALENDF for RRR->URR 2
 1823 statistical resonances found
 After reduction, 1597 statistical resonances found
 ... checking resonance order 1
 ... checking resonance order 2nd round for 1595 resonances
 ... end checking resonance order 2nd round
 Too many resonances (1595): reduced to 100.
 .......................................................
 ... Adjustment to the thermal cross section : start ...
 .......................................................

 Before adjustment (adjustment to the thermal cross section set to y)
 ... Import MF2 from TARES calculations
 ... End energy of TARES MF2 : 1.380677E+1 eV and limit to 40000 resonances
 ... File used for reconstruction: new.temp22.reconst
 ... run RECENT ...
 ... Doppler broadened at a unique temperature: 300 Kelvin using sigma1
 ... run SIGMA1 at 3.000000E+02 K.

 ============== INTER values at 300 Kelvin ==============
 Thermal (n,g) xs =  4736.96 b. (meas/sys: 98.2448 b.) (warning: comparison to be done at 296 or 300 K)
 Th Maxw (n,g) xs =  4193.2 b. (thermal Maxwellian value)
 Westcott factor  =  0.88521
 RI      (n,g)    =  1978.81 b. (meas or sys: - b.)
 MACS 3.000e+04 eV=  3.1325 b. (meas or sys: - b.) from 1.00E+00 to 2.00E+07 eV (end of RRR) at T= 300 Kelvin 
 Thermal (n,el) xs=  4.85097 b.
 RI      (n,el)   =  31.0339 b.
 ============= PSYCHE values ==============
 Ave. G_total L0  =  0.0548832 eV
 Ave. G_total L1  =  0.054281 eV
 Ave. Gn_0    L0  =  0.00011661
 Ave. Gn_0    L1  =  4.63619e-05
 Ave. Gg      L0  =  0.0545727 eV
 Ave. Gg      L1  =  0.054281 eV
 Ave. D       L0  =  0.238048 eV
 Ave. D       L1  =  0.511362 eV
 Ave. S       L0  =  0.000245793 eV
 Ave. S       L1  =  1.54574e-05 eV
 =========================================
 Calculated capture integral   1978.81 b.
 Calculated thermal (n,g)=          4736.95684 b. and recommended= 98.2448 b. (C/E= 48.2159)
 Calculated RI      (n,g)= 1978.81 b. (no reference value)
 ... tolerances: thermal (n,g) 20 % (reference uncertainties, minimum 2% and 5%, maximum 20%)
 Adjust the capture widths ...
 ... capture adjusted with Gn for 100 resonances (Gn<Gg) and with Gg for 0 resonances
 ... iteration 0: C/E thermal (n,g)= 48.2159
 Warning: 100 widths limited to a change of a factor 10 from their starting values

 <-------- After adjustment -------->
 ... Import MF2 from TARES calculations
 ... End energy of TARES MF2 : 1.380677E+1 eV and limit to 40000 resonances
 ... File used for reconstruction: new.temp22.reconst
 ... run RECENT ...
 ... Doppler broadened at a unique temperature: 300 Kelvin using sigma1
 ... run SIGMA1 at 3.000000E+02 K.

 ============== INTER values at 300 Kelvin ==============
 Thermal (n,g) xs =  473.743 b. (meas/sys: 98.2448 b.) (warning: comparison to be done at 296 or 300 K)
 Th Maxw (n,g) xs =  419.37 b. (thermal Maxwellian value)
 Westcott factor  =  0.88522
 RI      (n,g)    =  557.645 b. (meas or sys: - b.)
 MACS 3.000e+04 eV=  3.1325 b. (meas or sys: - b.) from 1.00E+00 to 2.00E+07 eV (end of RRR) at T= 300 Kelvin 
 Thermal (n,el) xs=  6.90424 b.
 RI      (n,el)   =  22.7895 b.
 ============= PSYCHE values ==============
 Ave. G_total L0  =  0.0546037 eV
 Ave. G_total L1  =  0.054281 eV
 Ave. Gn_0    L0  =  1.1661e-05
 Ave. Gn_0    L1  =  4.63619e-06
 Ave. Gg      L0  =  0.0545727 eV
 Ave. Gg      L1  =  0.054281 eV
 Ave. D       L0  =  0.238048 eV
 Ave. D       L1  =  0.511362 eV
 Ave. S       L0  =  2.45793e-05 eV
 Ave. S       L1  =  1.54574e-06 eV
 =========================================
 ... iteration 1: C/E thermal (n,g)= 4.82207
 Warning: 100 widths limited to a change of a factor 10 from their starting values

 <-------- After adjustment -------->
 ... Import MF2 from TARES calculations
 ... End energy of TARES MF2 : 1.380677E+1 eV and limit to 40000 resonances
 ... File used for reconstruction: new.temp22.reconst
 ... run RECENT ...
 ... Doppler broadened at a unique temperature: 300 Kelvin using sigma1
 ... run SIGMA1 at 3.000000E+02 K.

 ============== INTER values at 300 Kelvin ==============
 Thermal (n,g) xs =  473.743 b. (meas/sys: 98.2448 b.) (warning: comparison to be done at 296 or 300 K)
 Th Maxw (n,g) xs =  419.37 b. (thermal Maxwellian value)
 Westcott factor  =  0.88522
 RI      (n,g)    =  557.645 b. (meas or sys: - b.)
 MACS 3.000e+04 eV=  3.1325 b. (meas or sys: - b.) from 1.00E+00 to 2.00E+07 eV (end of RRR) at T= 300 Kelvin 
 Thermal (n,el) xs=  6.90424 b.
 RI      (n,el)   =  22.7895 b.
 ============= PSYCHE values ==============
 Ave. G_total L0  =  0.0546037 eV
 Ave. G_total L1  =  0.054281 eV
 Ave. Gn_0    L0  =  1.1661e-05
 Ave. Gn_0    L1  =  4.63619e-06
 Ave. Gg      L0  =  0.0545727 eV
 Ave. Gg      L1  =  0.054281 eV
 Ave. D       L0  =  0.238048 eV
 Ave. D       L1  =  0.511362 eV
 Ave. S       L0  =  2.45793e-05 eV
 Ave. S       L1  =  1.54574e-06 eV
 =========================================
 ... iteration 2: C/E thermal (n,g)= 4.82207
 Warning: no further change possible (widths at the limit of a factor 10): adjustment stopped


 ... ratio C/E thermal (n,g): 4.822074E+00
 ...................................................... 
 ... Adjustment to the thermal cross section : stop ...
 ...................................................... 
 ... new MF2 file after adjustment: n-Ir185
 ... read the file /Users/koning/tares-1.8/source/Module//../../inputs/2025/list.jcs.urr to find URR origin
 Default URR taken from TALYS calculations with level density model: 91n3n12611.2850
 File considered for the URR: /Users/koning/tares-1.8/source/Module//../../inputs/2025/lib.urr/talys.urr/91n3n12611.2850/Ir/urr/urr.dat.Ir.185.000.0.gz
 ... Write URR using TALYS average parameters (not used for HFR)
 ... Limit of URR changed to 25 keV (recommendation from WPEC and JEFF)
 ... read D0, S0, Gn and Gg
 ... number of URR energies: 1320
 Number of l: 1320 and last energy: 12
 Last  URR energy: 5742 eV
 Energies in the URR : 1320 -> reduced by a factor 2
 Energies in the URR : 648 -> reduced by a factor 2
 Energies in the URR : 336 -> reduced by a factor 2
 ... Enter in urr_correct function case 2
 Modify the higher limit of RRR in MF2
 --> old value: 1.380677+1 eV new value: 1.380677+1 eV
 Modify resonance covariances (MF32) to include correlations in the URR
 End Modify resonance covariances (MF32) to include correlations in the URR
 ... Enter in update_MF32 function
 ... Change uncertainties
 ... for the HFR, random position of the positive resonances with 0.020000 %
 ... end of update MF32 function
 ... GLS calculation of the parameter correlations from the thermal/RI adjustment (MF32c)
 ... MF32: correlations from the thermal/RI adjustment (GLS) for 3 resonances (3 widths), 2 correlation lines
 ...   thermal (n,g): uncertainty from these widths 75.9908 b. -> 41.2536 b. (reference: 98.2448 +/- 49.1224 b.)
 ... copy the mf2 and mf32 to .mlbw files

 ... Start of final reconstruction and testing ...
 ... Reconstruction of cross sections at 0 Kelvin  ... Import MF2 from TARES calculations
 ... End energy of TARES MF2 : 1.380677E+1 eV and limit to 40000 resonances
 ... File used for reconstruction: n-Ir185.reconst
 ... run RECENT ...
 ... Doppler broadened at a unique temperature: 0 Kelvin using sigma1
 ... The keyword temperature is zero, no Doppler broadening for the MACS

 ============== INTER values at 0 Kelvin ==============
 Thermal (n,g) xs =  470.486 b. (meas/sys: 98.2448 b.) (warning: comparison to be done at 296 or 300 K)
 Th Maxw (n,g) xs =  419.48 b. (thermal Maxwellian value)
 Westcott factor  =  0.89158
 RI      (n,g)    =  555.049 b. (meas or sys: - b.)
 MACS 3.000e+04 eV=  3.1139 b. (meas or sys: - b.) from 1.00E+00 to 1.38E+01 eV (end of RRR) at T= 0 Kelvin 
 Thermal (n,el) xs=  6.88276 b.
 RI      (n,el)   =  22.7773 b.
 ============= PSYCHE values ==============
 Ave. G_total L0  =  0.0546037 eV
 Ave. G_total L1  =  0.054281 eV
 Ave. Gn_0    L0  =  1.1661e-05
 Ave. Gn_0    L1  =  4.63619e-06
 Ave. Gg      L0  =  0.0545727 eV
 Ave. Gg      L1  =  0.054281 eV
 Ave. D       L0  =  0.238048 eV
 Ave. D       L1  =  0.511362 eV
 Ave. S       L0  =  2.45793e-05 eV
 Ave. S       L1  =  1.54574e-06 eV
 =========================================
 ... End of final reconstruction and testing ...

 ... grouping is not optimum, change to 70 groups
 ... Produce MF33 based on MF32 and 10 random files
 ... MF3 of n-Ir185.reconst (3 sections) added to the files for ENDSAM
 ... run endsam for 10 in groups of 1 global run
 ... run endsam from 1 to 10
 ... random files: total width GT set to Gn+Gg+Gf (1000 resonances in 10 files)
 ... reorder resonance position after endsam (sampling)
 ... preparing the vectors  ... done
 ... nominal file 0 Cap(th)  ave= 4.705E+02 b. +/- 0.00 % || Ela(th) ave= 6.883E+00 b. +/- 0.00 % || RIcap ave= 5.55E+02 b. +/- 0.00 % || Macs30 ave= 3.11E+00 b. +/- 0.00 % || Gn^0(l=0) ave= 1.166E-05 +/- 0.00 % Gn^0(l=1) ave= 4.636E-06 +/- 0.00 % Gn^0(l=2) ave= 0.000E+00 +/- 0.00 % Gn^0(l=3) ave= 0.000E+00 +/- 0.00 % || Gtotal(l=0) ave= 5.460E-02 +/- 0.00 % Gtotal(l=1) ave= 5.428E-02 +/- 0.00 % Gtotal(l=2) ave= 0.000E+00 +/- 0.00 % Gtotal(l=3) ave= 0.000E+00 +/- 0.00 %  % || Gg(l=0) ave= 5.457E-02 +/- 0.00 % Gg(l=1) ave= 5.428E-02 +/- 0.00 % Gg(l=2) ave= 0.000E+00 +/- 0.00 % Gg(l=3) ave= 0.000E+00 +/- 0.00 %  % || D(l=0) ave= 2.380E-01 +/- 0.00 % D(l=1) ave= 5.114E-01 +/- 0.00 % D(l=2) ave= 0.000E+00 +/- 0.00 % D(l=3) ave= 0.000E+00 +/- 0.00 %  % || S(l=0) ave= 2.458E-05 +/- 0.00 % S(l=1) ave= 1.546E-06 +/- 0.00 % S(l=2) ave= 0.000E+00 +/- 0.00 % S(l=3) ave= 0.000E+00 +/- 0.00 % 
 ... random file  1 Cap(th)  ave= 4.513E+02 b. +/- 4.24 % || Ela(th) ave= 7.721E+00 b. +/- 10.86 % || RIcap ave= 5.55E+02 b. +/- 0.03 % || Macs30 ave= 3.11E+00 b. +/- 0.00 % || Gn^0(l=0) ave= 1.168E-05 +/- 0.13 % Gn^0(l=1) ave= 4.197E-06 +/- 10.47 % Gn^0(l=2) ave= 0.000E+00 +/- 0.00 % Gn^0(l=3) ave= 0.000E+00 +/- 0.00 % || Gtotal(l=0) ave= 5.446E-02 +/- 0.27 % Gtotal(l=1) ave= 5.773E-02 +/- 5.97 % Gtotal(l=2) ave= 0.000E+00 +/- 0.00 % Gtotal(l=3) ave= 0.000E+00 +/- 0.00 %  % || Gg(l=0) ave= 5.442E-02 +/- 0.27 % Gg(l=1) ave= 5.773E-02 +/- 5.97 % Gg(l=2) ave= 0.000E+00 +/- 0.00 % Gg(l=3) ave= 0.000E+00 +/- 0.00 %  % || D(l=0) ave= 2.380E-01 +/- 0.00 % D(l=1) ave= 5.114E-01 +/- 0.00 % D(l=2) ave= 0.000E+00 +/- 0.00 % D(l=3) ave= 0.000E+00 +/- 0.00 %  % || S(l=0) ave= 2.460E-05 +/- 0.10 % S(l=1) ave= 1.399E-06 +/- 10.47 % S(l=2) ave= 0.000E+00 +/- 0.00 % S(l=3) ave= 0.000E+00 +/- 0.00 % 
 ... random file  2 Cap(th)  ave= 4.461E+02 b. +/- 3.87 % || Ela(th) ave= 7.694E+00 b. +/- 8.91 % || RIcap ave= 5.54E+02 b. +/- 0.19 % || Macs30 ave= 3.11E+00 b. +/- 0.00 % || Gn^0(l=0) ave= 1.165E-05 +/- 0.29 % Gn^0(l=1) ave= 4.196E-06 +/- 8.55 % Gn^0(l=2) ave= 0.000E+00 +/- 0.00 % Gn^0(l=3) ave= 0.000E+00 +/- 0.00 % || Gtotal(l=0) ave= 5.628E-02 +/- 4.59 % Gtotal(l=1) ave= 5.671E-02 +/- 5.58 % Gtotal(l=2) ave= 0.000E+00 +/- 0.00 % Gtotal(l=3) ave= 0.000E+00 +/- 0.00 %  % || Gg(l=0) ave= 5.625E-02 +/- 4.59 % Gg(l=1) ave= 5.671E-02 +/- 5.58 % Gg(l=2) ave= 0.000E+00 +/- 0.00 % Gg(l=3) ave= 0.000E+00 +/- 0.00 %  % || D(l=0) ave= 2.380E-01 +/- 0.00 % D(l=1) ave= 5.114E-01 +/- 0.00 % D(l=2) ave= 0.000E+00 +/- 0.00 % D(l=3) ave= 0.000E+00 +/- 0.00 %  % || S(l=0) ave= 2.456E-05 +/- 0.29 % S(l=1) ave= 1.399E-06 +/- 8.55 % S(l=2) ave= 0.000E+00 +/- 0.00 % S(l=3) ave= 0.000E+00 +/- 0.00 % 
 ... random file  3 Cap(th)  ave= 4.492E+02 b. +/- 3.53 % || Ela(th) ave= 7.431E+00 b. +/- 10.06 % || RIcap ave= 5.54E+02 b. +/- 0.17 % || Macs30 ave= 3.11E+00 b. +/- 0.00 % || Gn^0(l=0) ave= 1.170E-05 +/- 0.70 % Gn^0(l=1) ave= 4.317E-06 +/- 8.67 % Gn^0(l=2) ave= 0.000E+00 +/- 0.00 % Gn^0(l=3) ave= 0.000E+00 +/- 0.00 % || Gtotal(l=0) ave= 5.695E-02 +/- 4.42 % Gtotal(l=1) ave= 5.585E-02 +/- 5.58 % Gtotal(l=2) ave= 0.000E+00 +/- 0.00 % Gtotal(l=3) ave= 0.000E+00 +/- 0.00 %  % || Gg(l=0) ave= 5.692E-02 +/- 4.43 % Gg(l=1) ave= 5.585E-02 +/- 5.58 % Gg(l=2) ave= 0.000E+00 +/- 0.00 % Gg(l=3) ave= 0.000E+00 +/- 0.00 %  % || D(l=0) ave= 2.391E-01 +/- 0.76 % D(l=1) ave= 5.114E-01 +/- 0.00 % D(l=2) ave= 0.000E+00 +/- 0.00 % D(l=3) ave= 0.000E+00 +/- 0.00 %  % || S(l=0) ave= 2.454E-05 +/- 0.28 % S(l=1) ave= 1.439E-06 +/- 8.67 % S(l=2) ave= 0.000E+00 +/- 0.00 % S(l=3) ave= 0.000E+00 +/- 0.00 % 
 ... random file  4 Cap(th)  ave= 4.501E+02 b. +/- 3.18 % || Ela(th) ave= 7.390E+00 b. +/- 9.12 % || RIcap ave= 5.55E+02 b. +/- 0.22 % || Macs30 ave= 3.11E+00 b. +/- 0.00 % || Gn^0(l=0) ave= 1.171E-05 +/- 0.67 % Gn^0(l=1) ave= 4.340E-06 +/- 7.79 % Gn^0(l=2) ave= 0.000E+00 +/- 0.00 % Gn^0(l=3) ave= 0.000E+00 +/- 0.00 % || Gtotal(l=0) ave= 5.560E-02 +/- 6.33 % Gtotal(l=1) ave= 5.646E-02 +/- 5.38 % Gtotal(l=2) ave= 0.000E+00 +/- 0.00 % Gtotal(l=3) ave= 0.000E+00 +/- 0.00 %  % || Gg(l=0) ave= 5.557E-02 +/- 6.33 % Gg(l=1) ave= 5.646E-02 +/- 5.38 % Gg(l=2) ave= 0.000E+00 +/- 0.00 % Gg(l=3) ave= 0.000E+00 +/- 0.00 %  % || D(l=0) ave= 2.397E-01 +/- 0.85 % D(l=1) ave= 5.114E-01 +/- 0.00 % D(l=2) ave= 0.000E+00 +/- 0.00 % D(l=3) ave= 0.000E+00 +/- 0.00 %  % || S(l=0) ave= 2.451E-05 +/- 0.34 % S(l=1) ave= 1.447E-06 +/- 7.79 % S(l=2) ave= 0.000E+00 +/- 0.00 % S(l=3) ave= 0.000E+00 +/- 0.00 % 
 ... random file  5 Cap(th)  ave= 4.568E+02 b. +/- 4.37 % || Ela(th) ave= 7.237E+00 b. +/- 9.73 % || RIcap ave= 5.54E+02 b. +/- 0.23 % || Macs30 ave= 3.11E+00 b. +/- 0.00 % || Gn^0(l=0) ave= 1.173E-05 +/- 0.68 % Gn^0(l=1) ave= 4.430E-06 +/- 8.31 % Gn^0(l=2) ave= 0.000E+00 +/- 0.00 % Gn^0(l=3) ave= 0.000E+00 +/- 0.00 % || Gtotal(l=0) ave= 5.507E-02 +/- 6.21 % Gtotal(l=1) ave= 5.644E-02 +/- 4.92 % Gtotal(l=2) ave= 0.000E+00 +/- 0.00 % Gtotal(l=3) ave= 0.000E+00 +/- 0.00 %  % || Gg(l=0) ave= 5.504E-02 +/- 6.21 % Gg(l=1) ave= 5.644E-02 +/- 4.92 % Gg(l=2) ave= 0.000E+00 +/- 0.00 % Gg(l=3) ave= 0.000E+00 +/- 0.00 %  % || D(l=0) ave= 2.401E-01 +/- 0.87 % D(l=1) ave= 5.114E-01 +/- 0.00 % D(l=2) ave= 0.000E+00 +/- 0.00 % D(l=3) ave= 0.000E+00 +/- 0.00 %  % || S(l=0) ave= 2.450E-05 +/- 0.33 % S(l=1) ave= 1.477E-06 +/- 8.31 % S(l=2) ave= 0.000E+00 +/- 0.00 % S(l=3) ave= 0.000E+00 +/- 0.00 % 
 ... random file  6 Cap(th)  ave= 4.558E+02 b. +/- 4.09 % || Ela(th) ave= 7.266E+00 b. +/- 9.03 % || RIcap ave= 5.54E+02 b. +/- 0.23 % || Macs30 ave= 3.11E+00 b. +/- 0.00 % || Gn^0(l=0) ave= 1.173E-05 +/- 0.64 % Gn^0(l=1) ave= 4.412E-06 +/- 7.78 % Gn^0(l=2) ave= 0.000E+00 +/- 0.00 % Gn^0(l=3) ave= 0.000E+00 +/- 0.00 % || Gtotal(l=0) ave= 5.497E-02 +/- 5.78 % Gtotal(l=1) ave= 5.655E-02 +/- 4.57 % Gtotal(l=2) ave= 0.000E+00 +/- 0.00 % Gtotal(l=3) ave= 0.000E+00 +/- 0.00 %  % || Gg(l=0) ave= 5.494E-02 +/- 5.78 % Gg(l=1) ave= 5.655E-02 +/- 4.57 % Gg(l=2) ave= 0.000E+00 +/- 0.00 % Gg(l=3) ave= 0.000E+00 +/- 0.00 %  % || D(l=0) ave= 2.404E-01 +/- 0.86 % D(l=1) ave= 5.114E-01 +/- 0.00 % D(l=2) ave= 0.000E+00 +/- 0.00 % D(l=3) ave= 0.000E+00 +/- 0.00 %  % || S(l=0) ave= 2.448E-05 +/- 0.35 % S(l=1) ave= 1.471E-06 +/- 7.78 % S(l=2) ave= 0.000E+00 +/- 0.00 % S(l=3) ave= 0.000E+00 +/- 0.00 % 
 ... random file  7 Cap(th)  ave= 4.579E+02 b. +/- 3.99 % || Ela(th) ave= 7.216E+00 b. +/- 8.70 % || RIcap ave= 5.55E+02 b. +/- 0.24 % || Macs30 ave= 3.11E+00 b. +/- 0.00 % || Gn^0(l=0) ave= 1.174E-05 +/- 0.65 % Gn^0(l=1) ave= 4.439E-06 +/- 7.41 % Gn^0(l=2) ave= 0.000E+00 +/- 0.00 % Gn^0(l=3) ave= 0.000E+00 +/- 0.00 % || Gtotal(l=0) ave= 5.519E-02 +/- 5.49 % Gtotal(l=1) ave= 5.615E-02 +/- 4.70 % Gtotal(l=2) ave= 0.000E+00 +/- 0.00 % Gtotal(l=3) ave= 0.000E+00 +/- 0.00 %  % || Gg(l=0) ave= 5.516E-02 +/- 5.49 % Gg(l=1) ave= 5.615E-02 +/- 4.70 % Gg(l=2) ave= 0.000E+00 +/- 0.00 % Gg(l=3) ave= 0.000E+00 +/- 0.00 %  % || D(l=0) ave= 2.407E-01 +/- 0.84 % D(l=1) ave= 5.114E-01 +/- 0.00 % D(l=2) ave= 0.000E+00 +/- 0.00 % D(l=3) ave= 0.000E+00 +/- 0.00 %  % || S(l=0) ave= 2.448E-05 +/- 0.33 % S(l=1) ave= 1.480E-06 +/- 7.41 % S(l=2) ave= 0.000E+00 +/- 0.00 % S(l=3) ave= 0.000E+00 +/- 0.00 % 
 ... random file  8 Cap(th)  ave= 4.498E+02 b. +/- 6.38 % || Ela(th) ave= 7.063E+00 b. +/- 10.39 % || RIcap ave= 5.55E+02 b. +/- 0.23 % || Macs30 ave= 3.11E+00 b. +/- 0.00 % || Gn^0(l=0) ave= 1.174E-05 +/- 0.62 % Gn^0(l=1) ave= 4.533E-06 +/- 9.01 % Gn^0(l=2) ave= 0.000E+00 +/- 0.00 % Gn^0(l=3) ave= 0.000E+00 +/- 0.00 % || Gtotal(l=0) ave= 5.477E-02 +/- 5.65 % Gtotal(l=1) ave= 5.598E-02 +/- 4.53 % Gtotal(l=2) ave= 0.000E+00 +/- 0.00 % Gtotal(l=3) ave= 0.000E+00 +/- 0.00 %  % || Gg(l=0) ave= 5.474E-02 +/- 5.66 % Gg(l=1) ave= 5.598E-02 +/- 4.53 % Gg(l=2) ave= 0.000E+00 +/- 0.00 % Gg(l=3) ave= 0.000E+00 +/- 0.00 %  % || D(l=0) ave= 2.404E-01 +/- 0.86 % D(l=1) ave= 5.114E-01 +/- 0.00 % D(l=2) ave= 0.000E+00 +/- 0.00 % D(l=3) ave= 0.000E+00 +/- 0.00 %  % || S(l=0) ave= 2.450E-05 +/- 0.38 % S(l=1) ave= 1.511E-06 +/- 9.01 % S(l=2) ave= 0.000E+00 +/- 0.00 % S(l=3) ave= 0.000E+00 +/- 0.00 % 
 ... random file  9 Cap(th)  ave= 4.540E+02 b. +/- 6.61 % || Ela(th) ave= 7.011E+00 b. +/- 10.17 % || RIcap ave= 5.55E+02 b. +/- 0.22 % || Macs30 ave= 3.11E+00 b. +/- 0.00 % || Gn^0(l=0) ave= 1.174E-05 +/- 0.60 % Gn^0(l=1) ave= 4.561E-06 +/- 8.69 % Gn^0(l=2) ave= 0.000E+00 +/- 0.00 % Gn^0(l=3) ave= 0.000E+00 +/- 0.00 % || Gtotal(l=0) ave= 5.521E-02 +/- 5.84 % Gtotal(l=1) ave= 5.596E-02 +/- 4.30 % Gtotal(l=2) ave= 0.000E+00 +/- 0.00 % Gtotal(l=3) ave= 0.000E+00 +/- 0.00 %  % || Gg(l=0) ave= 5.518E-02 +/- 5.84 % Gg(l=1) ave= 5.596E-02 +/- 4.30 % Gg(l=2) ave= 0.000E+00 +/- 0.00 % Gg(l=3) ave= 0.000E+00 +/- 0.00 %  % || D(l=0) ave= 2.406E-01 +/- 0.85 % D(l=1) ave= 5.114E-01 +/- 0.00 % D(l=2) ave= 0.000E+00 +/- 0.00 % D(l=3) ave= 0.000E+00 +/- 0.00 %  % || S(l=0) ave= 2.449E-05 +/- 0.37 % S(l=1) ave= 1.521E-06 +/- 8.69 % S(l=2) ave= 0.000E+00 +/- 0.00 % S(l=3) ave= 0.000E+00 +/- 0.00 % 
 ... random file  10 Cap(th)  ave= 4.541E+02 b. +/- 6.31 % || Ela(th) ave= 6.983E+00 b. +/- 9.82 % || RIcap ave= 5.55E+02 b. +/- 0.23 % || Macs30 ave= 3.11E+00 b. +/- 0.00 % || Gn^0(l=0) ave= 1.174E-05 +/- 0.62 % Gn^0(l=1) ave= 4.580E-06 +/- 8.35 % Gn^0(l=2) ave= 0.000E+00 +/- 0.00 % Gn^0(l=3) ave= 0.000E+00 +/- 0.00 % || Gtotal(l=0) ave= 5.561E-02 +/- 5.98 % Gtotal(l=1) ave= 5.511E-02 +/- 6.39 % Gtotal(l=2) ave= 0.000E+00 +/- 0.00 % Gtotal(l=3) ave= 0.000E+00 +/- 0.00 %  % || Gg(l=0) ave= 5.558E-02 +/- 5.98 % Gg(l=1) ave= 5.511E-02 +/- 6.39 % Gg(l=2) ave= 0.000E+00 +/- 0.00 % Gg(l=3) ave= 0.000E+00 +/- 0.00 %  % || D(l=0) ave= 2.403E-01 +/- 0.87 % D(l=1) ave= 5.114E-01 +/- 0.00 % D(l=2) ave= 0.000E+00 +/- 0.00 % D(l=3) ave= 0.000E+00 +/- 0.00 %  % || S(l=0) ave= 2.450E-05 +/- 0.36 % S(l=1) ave= 1.527E-06 +/- 8.35 % S(l=2) ave= 0.000E+00 +/- 0.00 % S(l=3) ave= 0.000E+00 +/- 0.00 % 
 ... Histogram plot for thermal (n,g)
 ... Write covariances  ... MT1  ... plot correlations
 ... MT2  ... MT102 


 ================================================
 ============== From 10 random values === start ======
 Thermal (n,tot) xs  0 K =  461.08 b. +/- 28.6096 b. ( 6.20492 %) skew= -0.98 +/- 0.66
 Thermal (n,el) xs   0 K =  6.9827 b. +/- 0.68587 b. ( 9.82241 %) skew= +0.71 +/- 0.66
 Thermal (n,g) xs    0 K =  454.097 b. +/- 28.6339 b. ( 6.30569 %) skew= -0.91 +/- 0.66
 RI      (n,g)       0 K =  554.776 b. +/- 1.26082 b. ( 0.227266 %) 
 MACS    (n,g)       0 K (at Emacs= 30000 eV) =  3.1139 b. +/- 4.76837e-07 b. ( 1.53132e-05 %) 
 Ave. Gtotal  L=0        =  5.561E-02 +/- 5.98 %
 Ave. Gn^(0)  L=0        =  1.174E-05 +/- 0.62 %
 Ave. Gg      L=0        =  5.558E-02 +/- 5.98 %
 Ave. D       L=0        =  2.403E-01 +/- 0.87 %
 Ave. S       L=0        =  2.450E-05 +/- 0.36 %
 Ave. Gtotal  L=1        =  5.511E-02 +/- 6.39 %
 Ave. Gg      L=1        =  5.511E-02 +/- 6.39 %
 Ave. D       L=1        =  5.114E-01 +/- 0.00 %
 Ave. S       L=1        =  1.527E-06 +/- 8.35 %

 Expected Thermal (n,g) (syst or meas)= 98.2448 b. +/- 49.1224 b. nominal: 470.486 b.
 ratio Calculated/expected thermal (n,g): 4.62 ratio DCalculated/Dexpected: 0.58 ratio Calculated/Nominal: 0.97
 ============== From 10 random values ===== stop ======
 ================================================
 ... Calculation of (n,a) and (n,p) cross sections at 300 K
 ... thermal (n,a) cross section is 6.61549e-10 +/- 3.30774e-10 b.
 ... thermal (n,a) cross section is 2.52995e-10 b. (random case 1)
 ... thermal (n,a) cross section is 1.05988e-09 b. (random case 2)
 ... thermal (n,a) cross section is 4.95039e-10 b. (random case 3)
 ... thermal (n,a) cross section is 7.99929e-10 b. (random case 4)
 ... thermal (n,a) cross section is 9.0755e-10 b. (random case 5)
 ... thermal (n,a) cross section is 8.52385e-10 b. (random case 6)
 ... thermal (n,a) cross section is 7.03127e-10 b. (random case 7)
 ... thermal (n,a) cross section is 5.85442e-10 b. (random case 8)
 ... thermal (n,a) cross section is 8.96185e-10 b. (random case 9)
 ... thermal (n,a) cross section is 4.23139e-10 b. (random case 10)
 ... thermal (n,p) cross section is 6.61549e-10 +/- 3.30774e-10 b.
 ... thermal (n,p) cross section is 1.14642e-09 b. (random case 1)
 ... thermal (n,p) cross section is 2.15211e-10 b. (random case 2)
 ... thermal (n,p) cross section is 1.10161e-09 b. (random case 3)
 ... thermal (n,p) cross section is 5.11586e-10 b. (random case 4)
 ... thermal (n,p) cross section is 7.86897e-10 b. (random case 5)
 ... thermal (n,p) cross section is 8.57504e-10 b. (random case 6)
 ... thermal (n,p) cross section is 1.09864e-09 b. (random case 7)
 ... thermal (n,p) cross section is 8.90112e-10 b. (random case 8)
 ... thermal (n,p) cross section is 1.02425e-09 b. (random case 9)
 ... thermal (n,p) cross section is 6.5385e-10 b. (random case 10)
 ... Rewrite index for MF2
 ... Write text for MF1 in file mf1.tares.txt
 ... plotting cross sections for the MF1
 ... order output files


================== summary ==================
 Thermal (n,tot) xs = 477.369 b. 
 Thermal (n,el)  xs = 6.88276 b. 
 Thermal (n,g)   xs = 470.486 b. (meas/sys: 98.2448 b.)
 At 300 K (thermal adjustment): (n,el) = 6.90424 b., (n,g) = 473.743 b.

 RI      (n,g)      = 555.049 b. (meas or sys: - b.)
 RI      (n,el)     = 22.7773 b.
=============================================


 ... cleaning
                                                 
  -------------------------------------------------------------
  -                                                           -
  - TARES: successful end of run with data from hypothetical  -
  - resonances for  Z= 77, A= 185 and isomer= 0               -
  - half-life: 14.400000 hours
  -                                                           -
  -------------------------------------------------------------

   Running time:       18 seconds

 End time: Fri Oct  9 11:42:30 2026

