
  -------------------------------------------------------------
  -                                                           -
  -              Welcome to TARES version 1.8                 -
  -                                                           -
  -  (C) Copyright 2007-2025 D. Rochman, All Rights Reserved  -
  -           NRG, Petten, the Netherlands 2007-2014          -
  -           PSI, Villigen    Switzerland 2015-2025          -
  -         Nagra, Wettingen   Switzerland 2025-              -
  -           (Last Modified October 06, 2026)                -
  -           (Database from October 06, 2026)                -
  -                                                           -
  -------------------------------------------------------------


  ---------------------------------------------
   Compilation information:
   Compiled on:         Oct  7 2026, 09:32:19
   Compiled by:         koning
   Compiler version:    clang++ - 21.0.0
   Source location:     /Users/koning/tares-1.8/source/Module/
   Binaries location:   /Users/koning/bin
   System:              Darwin 25.6.0
   System version:      Darwin Kernel Version 25.6.0: Fri Jul 31 19:19:08 PDT 2026; root:xnu-12377.161.14~5/RELEASE_ARM64_T6050  
   Machine:             arm64 
  ---------------------------------------------

   User information:
   User name:           koning
   Running directory:   /Users/koning/tendl/resbase/Am233/work
   Owner mode for running directory : rwx
   Group mode for running directory : r-x
  ---------------------------------------------


 Starting time: Wed Oct  7 10:26:35 2026
 ... inputs directory found (/Users/koning/tares-1.8/source/Module//../../inputs/).
 ... It will be used for resonance parameters 
 ... ###############################################
 ... #     read the input file tares.inp
 ... ###############################################
 ... line: #
 ... line: # Input file generated by Autorochman
          --> line not read
 ... line: #
 ... line: isotope    Am
          --> Isotope name: Am
 ... line: mass       233
          --> isotopic mass: 233
 ... line: output     n-Am233
         ---> Name of the output files: n-Am233
 ... line: isomer     0
          --> isomeric state: 0
 ... line: mf32mf33   y
          --> MF33 based on MF32: y
 ... line: nbrRandom  6
          --> Nbr of random files: 6
 ... ###############################################
 ... # end read the input file tares.inp
 ... ###############################################
Value for random generator type not considered in since Tares 1.7 due to compilation issues

 ... ###############################################
     #   Interpretation of the Input definition    #
     ###############################################

 ... Default energy limit: End of resonance region
 ... Nuclear charge    = 95
 ... Element           = Am
 ... Mass              = 233
 ... Isomer            = 0
 ... Correlation for (Gn,Gg) not included in random files
 ... Default random option: No random
 ... Output name: n-Am233
 ... Energy for the MACS: 30000 eV
 ... Resonances from CALENDF reduced (reduce=y) 
 ... For URR, level density model from TALYS selected: 91n3n12611.2850 (see manual for description)
 ... Random Generator: default (pseudo random numbers from ansi c++)
 ... Reconstruction of cross section selected
 ... Doppler broadening at 0 Kelvin
 ... URR not included (from the input file flag)
 ... Weight for grouping is flat
 ... Calculation of (n,alpha) cross section selected
 ... Number of digit for MF32c covariance representation: 2
 ... MF32 included
 ... MF33 will be used for covariance processing
 ... TENDL option set to yes (automatic choice of MF2 and format)
 ... Isotope not found in the best file --> use of MLBW formalism
 ... default option: Multi level Breit Wigner approximation selected
 ... (check file best.tendl.yes for changing this option)
 ... Retroactive option set to no with the 2025 option
 ... ladder option set to yes (CALENDF will be used for statistical resonances)

 ... ###############################################
     #           End of Input definition           #
     ###############################################

 ... gnuplot found, will be used for plotting
 ... latex found, will be used for plotting
 ... dvips found, will be used for plotting
 ... ps2epsi not found, limited plotting available
 ... uncertainties on default parameters multiplied by 1.3616
 ... Read resonance data from the 2025 directory
 ... Resonance parameters taken from /Users/koning/tares-1.8/source/Module//../../inputs/2025/Resonance/default/
 ---> Processing Z= 95 and A= 233 and isomer= 0 (level number: 0)
 Exfor path; Could not find /Users/koning/tares-1.8/source/Module//../../inputs/exfor/Am233/xs/102
Thermal file; Could not open file /Users/koning/tares-1.8/source/Module//../../inputs/2025/runThermal/results//thermal.mxw.ng.cendl3.1
Thermal file; Could not open file /Users/koning/tares-1.8/source/Module//../../inputs/2025/runThermal/results//thermal.mxw.ng.brond3.1
Thermal file; Could not open file /Users/koning/tares-1.8/source/Module//../../inputs/2025/runThermal/results//thermal.xs.ng.unc.cendl3.1
 ... spin taken from the final/ directory (1)

 ... ###############################################
 ... #  Nucleus global parameters (2025 database)  #
 ... ###############################################
 0. Half-life: 3.2 min. 
 ... Scattering radius from TALYS: /Users/koning/tares-1.8/source/Module//../../inputs/2025/lib.urr/talys.urr/
 1. Spin of the target isotope: 2.5
 2. Relative Atomic Mass of the target isotope: 233.046
 3. Scattering radius (local compilation): 8.15758 fm +/- 0.171309 fm
      .......................................
      ... Thermal capture cross sections: ...
 4. Thermal (n,g) cross section from systematics: 191.4 +/- 133.98 b.
 5. Thermal (n,g) cross section from TENDL-2023: 60.38 +/- 2.227 b.
      .......................................
      ...  Thermal total cross sections:  ...
      .......................................
      ... Thermal elastic cross sections: ...
 6. Thermal (n,el) cross section from potential (4piR^2): 10.2521 +/- 0.512606 b.
      .......................................
             ... Resonance integral: ...
 7. No capture integral found in /Users/koning/tares-1.8/source/Module//../../inputs/capture.integral
 ... no RI(n,g) found in local compilation, take 2018 value.
 ... no RI(n,g) found in local compilation, take Sukhoruchkin value.
 8. Thermal (n,f) cross section from systematics: 56.1624 +/- 44.9299 b.
   ---- MACS 30 keV ----- 
 9. TALYS MACS 30 keV (HF): 0.00129064 b. 
   ---------- S0 -------- 
 10. S0 from TALYS: 0.586029
   ---------- S1 -------- 
 11. S1 from TALYS: 0
   ---------- S2 -------- 
 12. S2 from TALYS: 0.652143
   ---------- D0 -------- 
 13. D0 from TALYS: 0.0271696 eV
   ---------- D1 -------- 
 14. D1 from TALYS: 0.0138833 eV
   ---------- D2 -------- 
 15. D2 from TALYS: 0.00959703 eV
   ---------- G0 -------- 
 16. Gg0 from TALYS: 0.0508351 eV
   ---------- G1 -------- 
 17. Gg1 from TALYS: 0.0512441 eV
   ---------- G2 -------- 
 18. Gg2 from TALYS: 0.051434 eV


   ---------------------- 
 ... Read resonance parameters (format: 2: Multi Level Breit Wigner)
 ... 0 resonances found 
 ... possibly no resonances in the Resonance directory for this isotope and options
 ... Use HFR (ladder) behavior 
 --> 19. Number of resonances from the input file: 2 up to 0.0135848 eV
 20. Read nuclear quantities (mass, MAT...)
 21. Read thermal (n,g) xs 
 22. Read the scattering radius 
 23. Read uncertainty on Gg for 2 resonances
 24. Read uncertainty on Gg for 2 resonances ... done
 25. Read uncertainty on Gf1
 26. Read uncertainty on Gf2
 ... order resonances 
 ... Upper limit for the RRR: 0.0135848 eV (no statistical resonances HFR) from the limit.RRR file
 ... Write parameters for l=0 waves
 ... End writing original MF2 
 ... No RRR in the database: uncertainties on default parameters multiplied by 1.99753
 ... Enter in urr function (ladder option set to y) for file n-Am233
 ... read the file /Users/koning/tares-1.8/source/Module//../../inputs/2025/list.jcs.urr to find URR origin
 Default URR taken from TALYS calculations with level density model: 91n3n12611.2850
 File considered for the URR: /Users/koning/tares-1.8/source/Module//../../inputs/2025/lib.urr/talys.urr/91n3n12611.2850/Am/urr/urr.dat.Am.233.000.0.gz
 ... Write URR using TALYS average parameters (used for HFR)
 ... Limit of URR changed to 25 keV (recommendation from WPEC and JEFF)
 ... ---> Emax(RRR) taken from the file limit.ladder: 5 eV <---
 ... (File limit.ladder: /Users/koning/tares-1.8/source/Module//../../inputs/2025/limit.ladder.91n3n12611.2850)
 ... read D0, S0, Gn and Gg
 ... number of URR energies: 1056
 Number of l: 1056 and last energy: 12
 Last  URR energy: 5 eV
 ... Enter in to_MLBW_mf2 function
 ... Convert to Multi Level Breit Wigner (MLBW)
 ... Write parameter covariances (MF32) for l=0
 ... Convert parameter covariances (MF32) to MLBW
 ... copy the mf2 and mf32 to .mlbw files
 ... Enter in urr_correct function case 1
 Modify the higher limit of RRR in MF2
 --> old value: 1.365300-2 eV new value: 1.000000-2 eV
 Modify resonance covariances (MF32) to include correlations in the URR
 End Modify resonance covariances (MF32) to include correlations in the URR
 ... Enter in calendf_xs function
 Use CALENDF for statistical resonances (update MF2) up to 5.000000+0 eV (initial limit)
 Extract resonances from CALENDF for RRR->URR 2
 325 statistical resonances found
 After reduction, 325 statistical resonances found
 ... checking resonance order 1
 ... checking resonance order 2nd round for 323 resonances
 ... end checking resonance order 2nd round
 .......................................................
 ... Adjustment to the thermal cross section : start ...
 .......................................................
 --> Systematics thermal (n,g) xs   191.4 b.
 --> Systematics thermal (n,f) xs   56.1624 b.
 ... Prior values:
 ... Import MF2 from TARES calculations
 ... End energy of TARES MF2 : 4.960906E+0 eV and limit to 40000 resonances
 ... File used for reconstruction: new.temp22.reconst
 ... run RECENT ...
 ... Doppler broadened at a unique temperature: 300 Kelvin using sigma1
 ... run SIGMA1 at 3.000000E+02 K.

 ============== INTER values at 300 Kelvin ==============
 Thermal (n,g) xs =  23.2683 b. (meas/sys: 191.4 b.) (warning: comparison to be done at 296 or 300 K)
 Th Maxw (n,g) xs =  23.377 b. (thermal Maxwellian value)
 Westcott factor  =  1.00466
 RI      (n,g)    =  12.9784 b. (meas or sys: - b.)
 MACS 3.000e+04 eV=  0.0012718 b. (meas or sys: - b.) from 1.00E+00 to 2.00E+07 eV (end of RRR) at T= 300 Kelvin 
 Thermal (n,el) xs=  8.09962 b.
 RI      (n,el)   =  18.1934 b.
 Thermal (n,f) xs =  555.485 b. (meas/sys: 56.1624 +/- 44.9299 b.)
 RI      (n,f) xs =  214.515 b. 
 ============= PSYCHE values ==============
 Ave. G_total L0  =  7.62931 eV
 Ave. G_total L1  =  7.68472 eV
 Ave. Gn_0    L0  =  3.27125e-06
 Ave. Gn_0    L1  =  2.63384e-05
 Ave. Gg      L0  =  0.0505013 eV
 Ave. Gg      L1  =  0.050341 eV
 Ave. D       L0  =  0.025838 eV
 Ave. D       L1  =  0.0409991 eV
 Ave. S       L0  =  6.33091e-05 eV
 Ave. S       L1  =  0.000100406 eV
 =========================================
 ... tolerances: thermal (n,g) 20 %, thermal (n,f) 20 % (reference uncertainties, minimum 2%, maximum 20%)
 Calculated thermal (n,g)=          23.2683220 b. and measured/system= 191.4 b. (C/E= 0.121569)
 Calculated thermal (n,f)=          555.485058 b. and measured/system= 56.1624 b. (C/E= 9.89069)
 ... Import MF2 from TARES calculations
 ... End energy of TARES MF2 : 4.960906E+0 eV and limit to 40000 resonances
 ... File used for reconstruction: new.temp22.reconst
 ... run RECENT ...
 ... Doppler broadened at a unique temperature: 300 Kelvin using sigma1
 ... run SIGMA1 at 3.000000E+02 K.

 ============== INTER values at 300 Kelvin ==============
 Thermal (n,g) xs =  341.969 b. (meas/sys: 191.4 b.) (warning: comparison to be done at 296 or 300 K)
 Th Maxw (n,g) xs =  341.91 b. (thermal Maxwellian value)
 Westcott factor  =  0.99984
 RI      (n,g)    =  166.408 b. (meas or sys: - b.)
 MACS 3.000e+04 eV=  0.0012726 b. (meas or sys: - b.) from 1.00E+00 to 2.00E+07 eV (end of RRR) at T= 300 Kelvin 
 Thermal (n,el) xs=  7.8195 b.
 RI      (n,el)   =  18.1197 b.
 Thermal (n,f) xs =  426.662 b. (meas/sys: 56.1624 +/- 44.9299 b.)
 RI      (n,f) xs =  223.577 b. 
 ============= PSYCHE values ==============
 Ave. G_total L0  =  1.24483 eV
 Ave. G_total L1  =  1.25037 eV
 Ave. Gn_0    L0  =  3.27125e-06
 Ave. Gn_0    L1  =  2.63384e-05
 Ave. Gg      L0  =  0.340638 eV
 Ave. Gg      L1  =  0.339557 eV
 Ave. D       L0  =  0.025838 eV
 Ave. D       L1  =  0.0409991 eV
 Ave. S       L0  =  6.33091e-05 eV
 Ave. S       L1  =  0.000100406 eV
 =========================================
 ... iteration 0: C/E thermal (n,g)= 1.78667  C/E thermal (n,f)= 7.59693
 Warning: 323 Gg/Gf values limited to a change of a factor 10 from their starting values
 ... Posterior values (iteration 1):
 ... Import MF2 from TARES calculations
 ... End energy of TARES MF2 : 4.960906E+0 eV and limit to 40000 resonances
 ... File used for reconstruction: new.temp22.reconst
 ... run RECENT ...
 ... Doppler broadened at a unique temperature: 300 Kelvin using sigma1
 ... run SIGMA1 at 3.000000E+02 K.

 ============== INTER values at 300 Kelvin ==============
 Thermal (n,g) xs =  338.716 b. (meas/sys: 191.4 b.) (warning: comparison to be done at 296 or 300 K)
 Th Maxw (n,g) xs =  336.14 b. (thermal Maxwellian value)
 Westcott factor  =  0.9924
 RI      (n,g)    =  154.091 b. (meas or sys: - b.)
 MACS 3.000e+04 eV=  0.0012725 b. (meas or sys: - b.) from 1.00E+00 to 2.00E+07 eV (end of RRR) at T= 300 Kelvin 
 Thermal (n,el) xs=  7.80355 b.
 RI      (n,el)   =  18.074 b.
 Thermal (n,f) xs =  461.91 b. (meas/sys: 56.1624 +/- 44.9299 b.)
 RI      (n,f) xs =  254.532 b. 
 ============= PSYCHE values ==============
 Ave. G_total L0  =  0.982858 eV
 Ave. G_total L1  =  0.987697 eV
 Ave. Gn_0    L0  =  3.27125e-06
 Ave. Gn_0    L1  =  2.63384e-05
 Ave. Gg      L0  =  0.224973 eV
 Ave. Gg      L1  =  0.224259 eV
 Ave. D       L0  =  0.025838 eV
 Ave. D       L1  =  0.0409991 eV
 Ave. S       L0  =  6.33091e-05 eV
 Ave. S       L1  =  0.000100406 eV
 =========================================

 ... iteration 1: C/E thermal (n,g)= 1.76967  C/E thermal (n,f)= 8.22454
 Warning: 323 Gg/Gf values limited to a change of a factor 10 from their starting values
 ... Posterior values (iteration 2):
 ... Import MF2 from TARES calculations
 ... End energy of TARES MF2 : 4.960906E+0 eV and limit to 40000 resonances
 ... File used for reconstruction: new.temp22.reconst
 ... run RECENT ...
 ... Doppler broadened at a unique temperature: 300 Kelvin using sigma1
 ... run SIGMA1 at 3.000000E+02 K.

 ============== INTER values at 300 Kelvin ==============
 Thermal (n,g) xs =  310.749 b. (meas/sys: 191.4 b.) (warning: comparison to be done at 296 or 300 K)
 Th Maxw (n,g) xs =  307.47 b. (thermal Maxwellian value)
 Westcott factor  =  0.98943
 RI      (n,g)    =  127.861 b. (meas or sys: - b.)
 MACS 3.000e+04 eV=  0.0012724 b. (meas or sys: - b.) from 1.00E+00 to 2.00E+07 eV (end of RRR) at T= 300 Kelvin 
 Thermal (n,el) xs=  7.80176 b.
 RI      (n,el)   =  18.0493 b.
 Thermal (n,f) xs =  521.203 b. (meas/sys: 56.1624 +/- 44.9299 b.)
 RI      (n,f) xs =  286.553 b. 
 ============= PSYCHE values ==============
 Ave. G_total L0  =  0.907895 eV
 Ave. G_total L1  =  0.912972 eV
 Ave. Gn_0    L0  =  3.27125e-06
 Ave. Gn_0    L1  =  2.63384e-05
 Ave. Gg      L0  =  0.15001 eV
 Ave. Gg      L1  =  0.149534 eV
 Ave. D       L0  =  0.025838 eV
 Ave. D       L1  =  0.0409991 eV
 Ave. S       L0  =  6.33091e-05 eV
 Ave. S       L1  =  0.000100406 eV
 =========================================

 ... iteration 2: C/E thermal (n,g)= 1.62356  C/E thermal (n,f)= 9.28028
 Warning: 323 Gg/Gf values limited to a change of a factor 10 from their starting values
 ... Posterior values (iteration 3):
 ... Import MF2 from TARES calculations
 ... End energy of TARES MF2 : 4.960906E+0 eV and limit to 40000 resonances
 ... File used for reconstruction: new.temp22.reconst
 ... run RECENT ...
 ... Doppler broadened at a unique temperature: 300 Kelvin using sigma1
 ... run SIGMA1 at 3.000000E+02 K.

 ============== INTER values at 300 Kelvin ==============
 Thermal (n,g) xs =  287.968 b. (meas/sys: 191.4 b.) (warning: comparison to be done at 296 or 300 K)
 Th Maxw (n,g) xs =  285.75 b. (thermal Maxwellian value)
 Westcott factor  =  0.9923
 RI      (n,g)    =  108.842 b. (meas or sys: - b.)
 MACS 3.000e+04 eV=  0.0012723 b. (meas or sys: - b.) from 1.00E+00 to 2.00E+07 eV (end of RRR) at T= 300 Kelvin 
 Thermal (n,el) xs=  7.79511 b.
 RI      (n,el)   =  18.0397 b.
 Thermal (n,f) xs =  566.129 b. (meas/sys: 56.1624 +/- 44.9299 b.)
 RI      (n,f) xs =  308.482 b. 
 ============= PSYCHE values ==============
 Ave. G_total L0  =  0.866912 eV
 Ave. G_total L1  =  0.872119 eV
 Ave. Gn_0    L0  =  3.27125e-06
 Ave. Gn_0    L1  =  2.63384e-05
 Ave. Gg      L0  =  0.109027 eV
 Ave. Gg      L1  =  0.108681 eV
 Ave. D       L0  =  0.025838 eV
 Ave. D       L1  =  0.0409991 eV
 Ave. S       L0  =  6.33091e-05 eV
 Ave. S       L1  =  0.000100406 eV
 =========================================

 ... iteration 3: C/E thermal (n,g)= 1.50453  C/E thermal (n,f)= 10.0802
 Warning: 323 Gg/Gf values limited to a change of a factor 10 from their starting values
 ... Posterior values (iteration 4):
 ... Import MF2 from TARES calculations
 ... End energy of TARES MF2 : 4.960906E+0 eV and limit to 40000 resonances
 ... File used for reconstruction: new.temp22.reconst
 ... run RECENT ...
 ... Doppler broadened at a unique temperature: 300 Kelvin using sigma1
 ... run SIGMA1 at 3.000000E+02 K.

 ============== INTER values at 300 Kelvin ==============
 Thermal (n,g) xs =  268.68 b. (meas/sys: 191.4 b.) (warning: comparison to be done at 296 or 300 K)
 Th Maxw (n,g) xs =  267.9 b. (thermal Maxwellian value)
 Westcott factor  =  0.99708
 RI      (n,g)    =  95.6268 b. (meas or sys: - b.)
 MACS 3.000e+04 eV=  0.0012723 b. (meas or sys: - b.) from 1.00E+00 to 2.00E+07 eV (end of RRR) at T= 300 Kelvin 
 Thermal (n,el) xs=  7.78631 b.
 RI      (n,el)   =  18.0284 b.
 Thermal (n,f) xs =  598.779 b. (meas/sys: 56.1624 +/- 44.9299 b.)
 RI      (n,f) xs =  323.535 b. 
 ============= PSYCHE values ==============
 Ave. G_total L0  =  0.843395 eV
 Ave. G_total L1  =  0.848677 eV
 Ave. Gn_0    L0  =  3.27125e-06
 Ave. Gn_0    L1  =  2.63384e-05
 Ave. Gg      L0  =  0.0855095 eV
 Ave. Gg      L1  =  0.085238 eV
 Ave. D       L0  =  0.025838 eV
 Ave. D       L1  =  0.0409991 eV
 Ave. S       L0  =  6.33091e-05 eV
 Ave. S       L1  =  0.000100406 eV
 =========================================

 ... iteration 4: C/E thermal (n,g)= 1.40376  C/E thermal (n,f)= 10.6616
 Warning: 323 Gg/Gf values limited to a change of a factor 10 from their starting values
 ... Posterior values (iteration 5):
 ... Import MF2 from TARES calculations
 ... End energy of TARES MF2 : 4.960906E+0 eV and limit to 40000 resonances
 ... File used for reconstruction: new.temp22.reconst
 ... run RECENT ...
 ... Doppler broadened at a unique temperature: 300 Kelvin using sigma1
 ... run SIGMA1 at 3.000000E+02 K.

 ============== INTER values at 300 Kelvin ==============
 Thermal (n,g) xs =  253.31 b. (meas/sys: 191.4 b.) (warning: comparison to be done at 296 or 300 K)
 Th Maxw (n,g) xs =  254.91 b. (thermal Maxwellian value)
 Westcott factor  =  1.00632
 RI      (n,g)    =  86.8845 b. (meas or sys: - b.)
 MACS 3.000e+04 eV=  0.0012722 b. (meas or sys: - b.) from 1.00E+00 to 2.00E+07 eV (end of RRR) at T= 300 Kelvin 
 Thermal (n,el) xs=  7.7783 b.
 RI      (n,el)   =  18.0284 b.
 Thermal (n,f) xs =  620.948 b. (meas/sys: 56.1624 +/- 44.9299 b.)
 RI      (n,f) xs =  333.487 b. 
 ============= PSYCHE values ==============
 Ave. G_total L0  =  0.829764 eV
 Ave. G_total L1  =  0.835089 eV
 Ave. Gn_0    L0  =  3.27125e-06
 Ave. Gn_0    L1  =  2.63384e-05
 Ave. Gg      L0  =  0.0718792 eV
 Ave. Gg      L1  =  0.071651 eV
 Ave. D       L0  =  0.025838 eV
 Ave. D       L1  =  0.0409991 eV
 Ave. S       L0  =  6.33091e-05 eV
 Ave. S       L1  =  0.000100406 eV
 =========================================

 ... iteration 5: C/E thermal (n,g)= 1.32346  C/E thermal (n,f)= 11.0563
 Warning: 323 Gg/Gf values limited to a change of a factor 10 from their starting values
 ... Posterior values (iteration 6):
 ... Import MF2 from TARES calculations
 ... End energy of TARES MF2 : 4.960906E+0 eV and limit to 40000 resonances
 ... File used for reconstruction: new.temp22.reconst
 ... run RECENT ...
 ... Doppler broadened at a unique temperature: 300 Kelvin using sigma1
 ... run SIGMA1 at 3.000000E+02 K.

 ============== INTER values at 300 Kelvin ==============
 Thermal (n,g) xs =  242.37 b. (meas/sys: 191.4 b.) (warning: comparison to be done at 296 or 300 K)
 Th Maxw (n,g) xs =  246.32 b. (thermal Maxwellian value)
 Westcott factor  =  1.01628
 RI      (n,g)    =  81.4161 b. (meas or sys: - b.)
 MACS 3.000e+04 eV=  0.0012722 b. (meas or sys: - b.) from 1.00E+00 to 2.00E+07 eV (end of RRR) at T= 300 Kelvin 
 Thermal (n,el) xs=  7.77244 b.
 RI      (n,el)   =  18.0294 b.
 Thermal (n,f) xs =  634.971 b. (meas/sys: 56.1624 +/- 44.9299 b.)
 RI      (n,f) xs =  339.639 b. 
 ============= PSYCHE values ==============
 Ave. G_total L0  =  0.821973 eV
 Ave. G_total L1  =  0.827322 eV
 Ave. Gn_0    L0  =  3.27125e-06
 Ave. Gn_0    L1  =  2.63384e-05
 Ave. Gg      L0  =  0.0640877 eV
 Ave. Gg      L1  =  0.0638842 eV
 Ave. D       L0  =  0.025838 eV
 Ave. D       L1  =  0.0409991 eV
 Ave. S       L0  =  6.33091e-05 eV
 Ave. S       L1  =  0.000100406 eV
 =========================================

 ... iteration 6: C/E thermal (n,g)= 1.2663  C/E thermal (n,f)= 11.306
 Warning: 323 Gg/Gf values limited to a change of a factor 10 from their starting values
 ... Posterior values (iteration 7):
 ... Import MF2 from TARES calculations
 ... End energy of TARES MF2 : 4.960906E+0 eV and limit to 40000 resonances
 ... File used for reconstruction: new.temp22.reconst
 ... run RECENT ...
 ... Doppler broadened at a unique temperature: 300 Kelvin using sigma1
 ... run SIGMA1 at 3.000000E+02 K.

 ============== INTER values at 300 Kelvin ==============
 Thermal (n,g) xs =  235.342 b. (meas/sys: 191.4 b.) (warning: comparison to be done at 296 or 300 K)
 Th Maxw (n,g) xs =  240.75 b. (thermal Maxwellian value)
 Westcott factor  =  1.02299
 RI      (n,g)    =  78.1898 b. (meas or sys: - b.)
 MACS 3.000e+04 eV=  0.0012722 b. (meas or sys: - b.) from 1.00E+00 to 2.00E+07 eV (end of RRR) at T= 300 Kelvin 
 Thermal (n,el) xs=  7.76867 b.
 RI      (n,el)   =  18.0279 b.
 Thermal (n,f) xs =  643.316 b. (meas/sys: 56.1624 +/- 44.9299 b.)
 RI      (n,f) xs =  343.216 b. 
 ============= PSYCHE values ==============
 Ave. G_total L0  =  0.817605 eV
 Ave. G_total L1  =  0.822969 eV
 Ave. Gn_0    L0  =  3.27125e-06
 Ave. Gn_0    L1  =  2.63384e-05
 Ave. Gg      L0  =  0.0597201 eV
 Ave. Gg      L1  =  0.0595304 eV
 Ave. D       L0  =  0.025838 eV
 Ave. D       L1  =  0.0409991 eV
 Ave. S       L0  =  6.33091e-05 eV
 Ave. S       L1  =  0.000100406 eV
 =========================================

 ... iteration 7: C/E thermal (n,g)= 1.22958  C/E thermal (n,f)= 11.4546
 Warning: 323 Gg/Gf values limited to a change of a factor 10 from their starting values
 ... Posterior values (iteration 8):
 ... Import MF2 from TARES calculations
 ... End energy of TARES MF2 : 4.960906E+0 eV and limit to 40000 resonances
 ... File used for reconstruction: new.temp22.reconst
 ... run RECENT ...
 ... Doppler broadened at a unique temperature: 300 Kelvin using sigma1
 ... run SIGMA1 at 3.000000E+02 K.

 ============== INTER values at 300 Kelvin ==============
 Thermal (n,g) xs =  231.146 b. (meas/sys: 191.4 b.) (warning: comparison to be done at 296 or 300 K)
 Th Maxw (n,g) xs =  237.45 b. (thermal Maxwellian value)
 Westcott factor  =  1.02726
 RI      (n,g)    =  76.3694 b. (meas or sys: - b.)
 MACS 3.000e+04 eV=  0.0012722 b. (meas or sys: - b.) from 1.00E+00 to 2.00E+07 eV (end of RRR) at T= 300 Kelvin 
 Thermal (n,el) xs=  7.76643 b.
 RI      (n,el)   =  18.0274 b.
 Thermal (n,f) xs =  648.076 b. (meas/sys: 56.1624 +/- 44.9299 b.)
 RI      (n,f) xs =  345.252 b. 
 ============= PSYCHE values ==============
 Ave. G_total L0  =  0.815197 eV
 Ave. G_total L1  =  0.820568 eV
 Ave. Gn_0    L0  =  3.27125e-06
 Ave. Gn_0    L1  =  2.63384e-05
 Ave. Gg      L0  =  0.0573118 eV
 Ave. Gg      L1  =  0.0571299 eV
 Ave. D       L0  =  0.025838 eV
 Ave. D       L1  =  0.0409991 eV
 Ave. S       L0  =  6.33091e-05 eV
 Ave. S       L1  =  0.000100406 eV
 =========================================

 ... iteration 8: C/E thermal (n,g)= 1.20766  C/E thermal (n,f)= 11.5393
 Warning: 323 Gg/Gf values limited to a change of a factor 10 from their starting values
 ... Posterior values (iteration 9):
 ... Import MF2 from TARES calculations
 ... End energy of TARES MF2 : 4.960906E+0 eV and limit to 40000 resonances
 ... File used for reconstruction: new.temp22.reconst
 ... run RECENT ...
 ... Doppler broadened at a unique temperature: 300 Kelvin using sigma1
 ... run SIGMA1 at 3.000000E+02 K.

 ============== INTER values at 300 Kelvin ==============
 Thermal (n,g) xs =  228.754 b. (meas/sys: 191.4 b.) (warning: comparison to be done at 296 or 300 K)
 Th Maxw (n,g) xs =  235.58 b. (thermal Maxwellian value)
 Westcott factor  =  1.02984
 RI      (n,g)    =  75.3534 b. (meas or sys: - b.)
 MACS 3.000e+04 eV=  0.0012722 b. (meas or sys: - b.) from 1.00E+00 to 2.00E+07 eV (end of RRR) at T= 300 Kelvin 
 Thermal (n,el) xs=  7.76516 b.
 RI      (n,el)   =  18.0268 b.
 Thermal (n,f) xs =  650.719 b. (meas/sys: 56.1624 +/- 44.9299 b.)
 RI      (n,f) xs =  346.406 b. 
 ============= PSYCHE values ==============
 Ave. G_total L0  =  0.813884 eV
 Ave. G_total L1  =  0.81926 eV
 Ave. Gn_0    L0  =  3.27125e-06
 Ave. Gn_0    L1  =  2.63384e-05
 Ave. Gg      L0  =  0.0559994 eV
 Ave. Gg      L1  =  0.0558216 eV
 Ave. D       L0  =  0.025838 eV
 Ave. D       L1  =  0.0409991 eV
 Ave. S       L0  =  6.33091e-05 eV
 Ave. S       L1  =  0.000100406 eV
 =========================================

 ... iteration 9: C/E thermal (n,g)= 1.19516  C/E thermal (n,f)= 11.5864
 Warning: 323 Gg/Gf values limited to a change of a factor 10 from their starting values
 ... Posterior values (iteration 10):
 ... Import MF2 from TARES calculations
 ... End energy of TARES MF2 : 4.960906E+0 eV and limit to 40000 resonances
 ... File used for reconstruction: new.temp22.reconst
 ... run RECENT ...
 ... Doppler broadened at a unique temperature: 300 Kelvin using sigma1
 ... run SIGMA1 at 3.000000E+02 K.

 ============== INTER values at 300 Kelvin ==============
 Thermal (n,g) xs =  227.428 b. (meas/sys: 191.4 b.) (warning: comparison to be done at 296 or 300 K)
 Th Maxw (n,g) xs =  234.54 b. (thermal Maxwellian value)
 Westcott factor  =  1.03128
 RI      (n,g)    =  74.7922 b. (meas or sys: - b.)
 MACS 3.000e+04 eV=  0.0012722 b. (meas or sys: - b.) from 1.00E+00 to 2.00E+07 eV (end of RRR) at T= 300 Kelvin 
 Thermal (n,el) xs=  7.76445 b.
 RI      (n,el)   =  18.0267 b.
 Thermal (n,f) xs =  652.165 b. (meas/sys: 56.1624 +/- 44.9299 b.)
 RI      (n,f) xs =  347.035 b. 
 ============= PSYCHE values ==============
 Ave. G_total L0  =  0.813174 eV
 Ave. G_total L1  =  0.818551 eV
 Ave. Gn_0    L0  =  3.27125e-06
 Ave. Gn_0    L1  =  2.63384e-05
 Ave. Gg      L0  =  0.0552888 eV
 Ave. Gg      L1  =  0.0551133 eV
 Ave. D       L0  =  0.025838 eV
 Ave. D       L1  =  0.0409991 eV
 Ave. S       L0  =  6.33091e-05 eV
 Ave. S       L1  =  0.000100406 eV
 =========================================

 ... iteration 10: C/E thermal (n,g)= 1.18823  C/E thermal (n,f)= 11.6121
 Warning: 323 Gg/Gf values limited to a change of a factor 10 from their starting values
 ... Posterior values (iteration 11):
 ... Import MF2 from TARES calculations
 ... End energy of TARES MF2 : 4.960906E+0 eV and limit to 40000 resonances
 ... File used for reconstruction: new.temp22.reconst
 ... run RECENT ...
 ... Doppler broadened at a unique temperature: 300 Kelvin using sigma1
 ... run SIGMA1 at 3.000000E+02 K.

 ============== INTER values at 300 Kelvin ==============
 Thermal (n,g) xs =  226.703 b. (meas/sys: 191.4 b.) (warning: comparison to be done at 296 or 300 K)
 Th Maxw (n,g) xs =  233.97 b. (thermal Maxwellian value)
 Westcott factor  =  1.03207
 RI      (n,g)    =  74.4878 b. (meas or sys: - b.)
 MACS 3.000e+04 eV=  0.0012722 b. (meas or sys: - b.) from 1.00E+00 to 2.00E+07 eV (end of RRR) at T= 300 Kelvin 
 Thermal (n,el) xs=  7.76407 b.
 RI      (n,el)   =  18.0263 b.
 Thermal (n,f) xs =  652.948 b. (meas/sys: 56.1624 +/- 44.9299 b.)
 RI      (n,f) xs =  347.378 b. 
 ============= PSYCHE values ==============
 Ave. G_total L0  =  0.812791 eV
 Ave. G_total L1  =  0.81817 eV
 Ave. Gn_0    L0  =  3.27125e-06
 Ave. Gn_0    L1  =  2.63384e-05
 Ave. Gg      L0  =  0.0549058 eV
 Ave. Gg      L1  =  0.0547315 eV
 Ave. D       L0  =  0.025838 eV
 Ave. D       L1  =  0.0409991 eV
 Ave. S       L0  =  6.33091e-05 eV
 Ave. S       L1  =  0.000100406 eV
 =========================================

 ... iteration 11: C/E thermal (n,g)= 1.18444  C/E thermal (n,f)= 11.6261
 Warning: 323 Gg/Gf values limited to a change of a factor 10 from their starting values
 ... Posterior values (iteration 12):
 ... Import MF2 from TARES calculations
 ... End energy of TARES MF2 : 4.960906E+0 eV and limit to 40000 resonances
 ... File used for reconstruction: new.temp22.reconst
 ... run RECENT ...
 ... Doppler broadened at a unique temperature: 300 Kelvin using sigma1
 ... run SIGMA1 at 3.000000E+02 K.

 ============== INTER values at 300 Kelvin ==============
 Thermal (n,g) xs =  226.31 b. (meas/sys: 191.4 b.) (warning: comparison to be done at 296 or 300 K)
 Th Maxw (n,g) xs =  233.66 b. (thermal Maxwellian value)
 Westcott factor  =  1.0325
 RI      (n,g)    =  74.3299 b. (meas or sys: - b.)
 MACS 3.000e+04 eV=  0.0012722 b. (meas or sys: - b.) from 1.00E+00 to 2.00E+07 eV (end of RRR) at T= 300 Kelvin 
 Thermal (n,el) xs=  7.76386 b.
 RI      (n,el)   =  18.0269 b.
 Thermal (n,f) xs =  653.371 b. (meas/sys: 56.1624 +/- 44.9299 b.)
 RI      (n,f) xs =  347.569 b. 
 ============= PSYCHE values ==============
 Ave. G_total L0  =  0.812585 eV
 Ave. G_total L1  =  0.817964 eV
 Ave. Gn_0    L0  =  3.27125e-06
 Ave. Gn_0    L1  =  2.63384e-05
 Ave. Gg      L0  =  0.0546998 eV
 Ave. Gg      L1  =  0.0545261 eV
 Ave. D       L0  =  0.025838 eV
 Ave. D       L1  =  0.0409991 eV
 Ave. S       L0  =  6.33091e-05 eV
 Ave. S       L1  =  0.000100406 eV
 =========================================

 ... iteration 12: C/E thermal (n,g)= 1.18239  C/E thermal (n,f)= 11.6336
 Warning: 323 Gg/Gf values limited to a change of a factor 10 from their starting values
 ... Posterior values (iteration 13):
 ... Import MF2 from TARES calculations
 ... End energy of TARES MF2 : 4.960906E+0 eV and limit to 40000 resonances
 ... File used for reconstruction: new.temp22.reconst
 ... run RECENT ...
 ... Doppler broadened at a unique temperature: 300 Kelvin using sigma1
 ... run SIGMA1 at 3.000000E+02 K.

 ============== INTER values at 300 Kelvin ==============
 Thermal (n,g) xs =  226.098 b. (meas/sys: 191.4 b.) (warning: comparison to be done at 296 or 300 K)
 Th Maxw (n,g) xs =  233.5 b. (thermal Maxwellian value)
 Westcott factor  =  1.03273
 RI      (n,g)    =  74.2371 b. (meas or sys: - b.)
 MACS 3.000e+04 eV=  0.0012721 b. (meas or sys: - b.) from 1.00E+00 to 2.00E+07 eV (end of RRR) at T= 300 Kelvin 
 Thermal (n,el) xs=  7.76375 b.
 RI      (n,el)   =  18.0268 b.
 Thermal (n,f) xs =  653.598 b. (meas/sys: 56.1624 +/- 44.9299 b.)
 RI      (n,f) xs =  347.66 b. 
 ============= PSYCHE values ==============
 Ave. G_total L0  =  0.812474 eV
 Ave. G_total L1  =  0.817854 eV
 Ave. Gn_0    L0  =  3.27125e-06
 Ave. Gn_0    L1  =  2.63384e-05
 Ave. Gg      L0  =  0.0545891 eV
 Ave. Gg      L1  =  0.0544159 eV
 Ave. D       L0  =  0.025838 eV
 Ave. D       L1  =  0.0409991 eV
 Ave. S       L0  =  6.33091e-05 eV
 Ave. S       L1  =  0.000100406 eV
 =========================================

 ... iteration 13: C/E thermal (n,g)= 1.18129  C/E thermal (n,f)= 11.6376
 Warning: 323 Gg/Gf values limited to a change of a factor 10 from their starting values
 ... Posterior values (iteration 14):
 ... Import MF2 from TARES calculations
 ... End energy of TARES MF2 : 4.960906E+0 eV and limit to 40000 resonances
 ... File used for reconstruction: new.temp22.reconst
 ... run RECENT ...
 ... Doppler broadened at a unique temperature: 300 Kelvin using sigma1
 ... run SIGMA1 at 3.000000E+02 K.

 ============== INTER values at 300 Kelvin ==============
 Thermal (n,g) xs =  225.984 b. (meas/sys: 191.4 b.) (warning: comparison to be done at 296 or 300 K)
 Th Maxw (n,g) xs =  233.41 b. (thermal Maxwellian value)
 Westcott factor  =  1.03285
 RI      (n,g)    =  74.1872 b. (meas or sys: - b.)
 MACS 3.000e+04 eV=  0.0012722 b. (meas or sys: - b.) from 1.00E+00 to 2.00E+07 eV (end of RRR) at T= 300 Kelvin 
 Thermal (n,el) xs=  7.76369 b.
 RI      (n,el)   =  18.0271 b.
 Thermal (n,f) xs =  653.721 b. (meas/sys: 56.1624 +/- 44.9299 b.)
 RI      (n,f) xs =  347.715 b. 
 ============= PSYCHE values ==============
 Ave. G_total L0  =  0.812415 eV
 Ave. G_total L1  =  0.817795 eV
 Ave. Gn_0    L0  =  3.27125e-06
 Ave. Gn_0    L1  =  2.63384e-05
 Ave. Gg      L0  =  0.0545297 eV
 Ave. Gg      L1  =  0.0543566 eV
 Ave. D       L0  =  0.025838 eV
 Ave. D       L1  =  0.0409991 eV
 Ave. S       L0  =  6.33091e-05 eV
 Ave. S       L1  =  0.000100406 eV
 =========================================

 ... iteration 14: C/E thermal (n,g)= 1.18069  C/E thermal (n,f)= 11.6398
 Warning: 323 Gg/Gf values limited to a change of a factor 10 from their starting values
 ... Posterior values (iteration 15):
 ... Import MF2 from TARES calculations
 ... End energy of TARES MF2 : 4.960906E+0 eV and limit to 40000 resonances
 ... File used for reconstruction: new.temp22.reconst
 ... run RECENT ...
 ... Doppler broadened at a unique temperature: 300 Kelvin using sigma1
 ... run SIGMA1 at 3.000000E+02 K.

 ============== INTER values at 300 Kelvin ==============
 Thermal (n,g) xs =  225.923 b. (meas/sys: 191.4 b.) (warning: comparison to be done at 296 or 300 K)
 Th Maxw (n,g) xs =  233.36 b. (thermal Maxwellian value)
 Westcott factor  =  1.03292
 RI      (n,g)    =  74.162 b. (meas or sys: - b.)
 MACS 3.000e+04 eV=  0.0012721 b. (meas or sys: - b.) from 1.00E+00 to 2.00E+07 eV (end of RRR) at T= 300 Kelvin 
 Thermal (n,el) xs=  7.76366 b.
 RI      (n,el)   =  18.0266 b.
 Thermal (n,f) xs =  653.786 b. (meas/sys: 56.1624 +/- 44.9299 b.)
 RI      (n,f) xs =  347.743 b. 
 ============= PSYCHE values ==============
 Ave. G_total L0  =  0.812383 eV
 Ave. G_total L1  =  0.817763 eV
 Ave. Gn_0    L0  =  3.27125e-06
 Ave. Gn_0    L1  =  2.63384e-05
 Ave. Gg      L0  =  0.0544978 eV
 Ave. Gg      L1  =  0.0543248 eV
 Ave. D       L0  =  0.025838 eV
 Ave. D       L1  =  0.0409991 eV
 Ave. S       L0  =  6.33091e-05 eV
 Ave. S       L1  =  0.000100406 eV
 =========================================

 ... iteration 15: C/E thermal (n,g)= 1.18037  C/E thermal (n,f)= 11.641
 Warning: thermal (n,g) and (n,f) adjustment not converged after 15 iterations
 Adjusted thermal (n,f) xs            653.786148 b. (ratio for Gf= 9.86524 )

 ... ratio C/E thermal (n,g): 1.180371E+00
 ... ratio C/E thermal (n,f): 1.164099E+01
 ...................................................... 
 ... Adjustment to the thermal cross section : stop ...
 ...................................................... 
 ... new MF2 file after adjustment: n-Am233
 ... read the file /Users/koning/tares-1.8/source/Module//../../inputs/2025/list.jcs.urr to find URR origin
 Default URR taken from TALYS calculations with level density model: 91n3n12611.2850
 File considered for the URR: /Users/koning/tares-1.8/source/Module//../../inputs/2025/lib.urr/talys.urr/91n3n12611.2850/Am/urr/urr.dat.Am.233.000.0.gz
 ... Write URR using TALYS average parameters (not used for HFR)
 ... Limit of URR changed to 25 keV (recommendation from WPEC and JEFF)
 Energy limit of the URR set to 6.44918 eV
 ... read D0, S0, Gn and Gg
 ... number of URR energies: 96
 Number of l: 96 and last energy: 12
 Last  URR energy: 6.44918 eV
 ... Enter in urr_correct function case 2
 Modify the higher limit of RRR in MF2
 --> old value: 4.960906+0 eV new value: 4.960906+0 eV
 Modify resonance covariances (MF32) to include correlations in the URR
 End Modify resonance covariances (MF32) to include correlations in the URR
 ... Enter in update_MF32 function
 ... Change uncertainties
 ... for the HFR, random position of the positive resonances with 0.020000 %
 ... end of update MF32 function
 ... GLS calculation of the parameter correlations from the thermal/RI adjustment (MF32c)
 ... MF32: correlations from the thermal/RI adjustment (GLS) for 20 resonances (40 widths), 102 correlation lines
 ...   thermal (n,g): uncertainty from these widths 37.6536 b. -> 32.1916 b. (reference: 191.4 +/- 133.98 b.)
 ...   thermal (n,f): uncertainty from these widths 52.2338 b. -> 33.8513 b. (reference: 56.1624 +/- 44.9299 b.)
 ... copy the mf2 and mf32 to .mlbw files

 ... Start of final reconstruction and testing ...
 ... Reconstruction of cross sections at 0 Kelvin  ... Import MF2 from TARES calculations
 ... End energy of TARES MF2 : 4.960906E+0 eV and limit to 40000 resonances
 ... File used for reconstruction: n-Am233.reconst
 ... run RECENT ...
 ... Doppler broadened at a unique temperature: 0 Kelvin using sigma1
 ... The keyword temperature is zero, no Doppler broadening for the MACS

 ============== INTER values at 0 Kelvin ==============
 Thermal (n,g) xs =  225.164 b. (meas/sys: 191.4 b.) (warning: comparison to be done at 296 or 300 K)
 Th Maxw (n,g) xs =  232.9 b. (thermal Maxwellian value)
 Westcott factor  =  1.03437
 RI      (n,g)    =  74.0352 b. (meas or sys: - b.)
 MACS 3.000e+04 eV=  0.0012728 b. (meas or sys: - b.) from 1.00E+00 to 4.96E+00 eV (end of RRR) at T= 0 Kelvin 
 Thermal (n,el) xs=  7.74634 b.
 RI      (n,el)   =  18.0179 b.
 Thermal (n,f) xs =  653.232 b. (meas/sys: 56.1624 +/- 44.9299 b.)
 RI      (n,f) xs =  347.327 b. 
 ============= PSYCHE values ==============
 Ave. G_total L0  =  0.812383 eV
 Ave. G_total L1  =  0.817763 eV
 Ave. Gn_0    L0  =  3.27125e-06
 Ave. Gn_0    L1  =  2.63384e-05
 Ave. Gg      L0  =  0.0544978 eV
 Ave. Gg      L1  =  0.0543248 eV
 Ave. D       L0  =  0.025838 eV
 Ave. D       L1  =  0.0409991 eV
 Ave. S       L0  =  6.33091e-05 eV
 Ave. S       L1  =  0.000100406 eV
 =========================================
 ... End of final reconstruction and testing ...

 ... grouping is not optimum, change to 70 groups
 ... Produce MF33 based on MF32 and 6 random files
 ... run endsam for 6 in groups of 1 global run
 ... run endsam from 1 to 6
 ... reorder resonance position after endsam (sampling)
 ... preparing the vectors  ... done
 ... nominal file 0 Cap(th)  ave= 2.252E+02 b. +/- 0.00 % || Ela(th) ave= 7.746E+00 b. +/- 0.00 % || RIcap ave= 7.40E+01 b. +/- 0.00 % || Macs30 ave= 2.65E+01 b. +/- 0.00 % || Gn^0(l=0) ave= 3.271E-06 +/- 0.00 % Gn^0(l=1) ave= 2.634E-05 +/- 0.00 % Gn^0(l=2) ave= 0.000E+00 +/- 0.00 % Gn^0(l=3) ave= 0.000E+00 +/- 0.00 % || Gtotal(l=0) ave= 8.124E-01 +/- 0.00 % Gtotal(l=1) ave= 8.178E-01 +/- 0.00 % Gtotal(l=2) ave= 0.000E+00 +/- 0.00 % Gtotal(l=3) ave= 0.000E+00 +/- 0.00 %  % || Gg(l=0) ave= 5.450E-02 +/- 0.00 % Gg(l=1) ave= 5.432E-02 +/- 0.00 % Gg(l=2) ave= 0.000E+00 +/- 0.00 % Gg(l=3) ave= 0.000E+00 +/- 0.00 %  % || D(l=0) ave= 2.584E-02 +/- 0.00 % D(l=1) ave= 4.100E-02 +/- 0.00 % D(l=2) ave= 0.000E+00 +/- 0.00 % D(l=3) ave= 0.000E+00 +/- 0.00 %  % || S(l=0) ave= 6.331E-05 +/- 0.00 % S(l=1) ave= 1.004E-04 +/- 0.00 % S(l=2) ave= 0.000E+00 +/- 0.00 % S(l=3) ave= 0.000E+00 +/- 0.00 %  % || Fis(th) ave= 6.532E+02 b. +/- 0.00 %
 ... random file  1 Cap(th)  ave= 2.208E+02 b. +/- 1.97 % || Ela(th) ave= 7.317E+00 b. +/- 5.86 % || RIcap ave= 7.66E+01 b. +/- 3.43 % || Macs30 ave= 2.69E+01 b. +/- 1.52 % || Gn^0(l=0) ave= 3.246E-06 +/- 0.78 % Gn^0(l=1) ave= 2.800E-05 +/- 5.93 % Gn^0(l=2) ave= 0.000E+00 +/- 0.00 % Gn^0(l=3) ave= 0.000E+00 +/- 0.00 % || Gtotal(l=0) ave= 8.121E-01 +/- 0.04 % Gtotal(l=1) ave= 8.178E-01 +/- 0.00 % Gtotal(l=2) ave= 0.000E+00 +/- 0.00 % Gtotal(l=3) ave= 0.000E+00 +/- 0.00 %  % || Gg(l=0) ave= 5.424E-02 +/- 0.47 % Gg(l=1) ave= 5.489E-02 +/- 1.04 % Gg(l=2) ave= 0.000E+00 +/- 0.00 % Gg(l=3) ave= 0.000E+00 +/- 0.00 %  % || D(l=0) ave= 2.591E-02 +/- 0.26 % D(l=1) ave= 4.100E-02 +/- 0.00 % D(l=2) ave= 0.000E+00 +/- 0.00 % D(l=3) ave= 0.000E+00 +/- 0.00 %  % || S(l=0) ave= 6.276E-05 +/- 0.87 % S(l=1) ave= 1.067E-04 +/- 5.93 % S(l=2) ave= 0.000E+00 +/- 0.00 % S(l=3) ave= 0.000E+00 +/- 0.00 %  % || Fis(th) ave= 6.492E+02 b. +/- 0.63 %
 ... random file  2 Cap(th)  ave= 2.153E+02 b. +/- 3.95 % || Ela(th) ave= 7.627E+00 b. +/- 7.35 % || RIcap ave= 7.96E+01 b. +/- 6.06 % || Macs30 ave= 2.90E+01 b. +/- 10.14 % || Gn^0(l=0) ave= 3.236E-06 +/- 0.76 % Gn^0(l=1) ave= 2.696E-05 +/- 7.42 % Gn^0(l=2) ave= 0.000E+00 +/- 0.00 % Gn^0(l=3) ave= 0.000E+00 +/- 0.00 % || Gtotal(l=0) ave= 8.120E-01 +/- 0.04 % Gtotal(l=1) ave= 8.178E-01 +/- 0.00 % Gtotal(l=2) ave= 0.000E+00 +/- 0.00 % Gtotal(l=3) ave= 0.000E+00 +/- 0.00 %  % || Gg(l=0) ave= 5.612E-02 +/- 4.74 % Gg(l=1) ave= 5.494E-02 +/- 0.86 % Gg(l=2) ave= 0.000E+00 +/- 0.00 % Gg(l=3) ave= 0.000E+00 +/- 0.00 %  % || D(l=0) ave= 2.593E-02 +/- 0.25 % D(l=1) ave= 4.100E-02 +/- 0.00 % D(l=2) ave= 0.000E+00 +/- 0.00 % D(l=3) ave= 0.000E+00 +/- 0.00 %  % || S(l=0) ave= 6.256E-05 +/- 0.84 % S(l=1) ave= 1.028E-04 +/- 7.42 % S(l=2) ave= 0.000E+00 +/- 0.00 % S(l=3) ave= 0.000E+00 +/- 0.00 %  % || Fis(th) ave= 6.474E+02 b. +/- 0.64 %
 ... random file  3 Cap(th)  ave= 2.174E+02 b. +/- 3.78 % || Ela(th) ave= 7.832E+00 b. +/- 7.69 % || RIcap ave= 7.81E+01 b. +/- 6.35 % || Macs30 ave= 2.79E+01 b. +/- 11.22 % || Gn^0(l=0) ave= 3.231E-06 +/- 0.72 % Gn^0(l=1) ave= 2.631E-05 +/- 7.85 % Gn^0(l=2) ave= 0.000E+00 +/- 0.00 % Gn^0(l=3) ave= 0.000E+00 +/- 0.00 % || Gtotal(l=0) ave= 8.119E-01 +/- 0.03 % Gtotal(l=1) ave= 8.178E-01 +/- 0.00 % Gtotal(l=2) ave= 0.000E+00 +/- 0.00 % Gtotal(l=3) ave= 0.000E+00 +/- 0.00 %  % || Gg(l=0) ave= 5.576E-02 +/- 4.28 % Gg(l=1) ave= 5.435E-02 +/- 2.02 % Gg(l=2) ave= 0.000E+00 +/- 0.00 % Gg(l=3) ave= 0.000E+00 +/- 0.00 %  % || D(l=0) ave= 2.594E-02 +/- 0.23 % D(l=1) ave= 4.100E-02 +/- 0.00 % D(l=2) ave= 0.000E+00 +/- 0.00 % D(l=3) ave= 0.000E+00 +/- 0.00 %  % || S(l=0) ave= 6.245E-05 +/- 0.79 % S(l=1) ave= 1.003E-04 +/- 7.85 % S(l=2) ave= 0.000E+00 +/- 0.00 % S(l=3) ave= 0.000E+00 +/- 0.00 %  % || Fis(th) ave= 6.348E+02 b. +/- 3.48 %
 ... random file  4 Cap(th)  ave= 2.273E+02 b. +/- 9.23 % || Ela(th) ave= 8.176E+00 b. +/- 10.68 % || RIcap ave= 7.89E+01 b. +/- 5.99 % || Macs30 ave= 2.85E+01 b. +/- 10.62 % || Gn^0(l=0) ave= 3.229E-06 +/- 0.66 % Gn^0(l=1) ave= 2.538E-05 +/- 10.35 % Gn^0(l=2) ave= 0.000E+00 +/- 0.00 % Gn^0(l=3) ave= 0.000E+00 +/- 0.00 % || Gtotal(l=0) ave= 8.119E-01 +/- 0.03 % Gtotal(l=1) ave= 8.178E-01 +/- 0.00 % Gtotal(l=2) ave= 0.000E+00 +/- 0.00 % Gtotal(l=3) ave= 0.000E+00 +/- 0.00 %  % || Gg(l=0) ave= 5.542E-02 +/- 4.05 % Gg(l=1) ave= 5.379E-02 +/- 2.79 % Gg(l=2) ave= 0.000E+00 +/- 0.00 % Gg(l=3) ave= 0.000E+00 +/- 0.00 %  % || D(l=0) ave= 2.595E-02 +/- 0.21 % D(l=1) ave= 4.100E-02 +/- 0.00 % D(l=2) ave= 0.000E+00 +/- 0.00 % D(l=3) ave= 0.000E+00 +/- 0.00 %  % || S(l=0) ave= 6.241E-05 +/- 0.72 % S(l=1) ave= 9.674E-05 +/- 10.35 % S(l=2) ave= 0.000E+00 +/- 0.00 % S(l=3) ave= 0.000E+00 +/- 0.00 %  % || Fis(th) ave= 6.305E+02 b. +/- 3.42 %
 ... random file  5 Cap(th)  ave= 2.289E+02 b. +/- 8.52 % || Ela(th) ave= 8.148E+00 b. +/- 9.81 % || RIcap ave= 7.73E+01 b. +/- 7.33 % || Macs30 ave= 2.83E+01 b. +/- 9.89 % || Gn^0(l=0) ave= 3.236E-06 +/- 0.77 % Gn^0(l=1) ave= 2.543E-05 +/- 9.44 % Gn^0(l=2) ave= 0.000E+00 +/- 0.00 % Gn^0(l=3) ave= 0.000E+00 +/- 0.00 % || Gtotal(l=0) ave= 8.120E-01 +/- 0.04 % Gtotal(l=1) ave= 8.178E-01 +/- 0.00 % Gtotal(l=2) ave= 0.000E+00 +/- 0.00 % Gtotal(l=3) ave= 0.000E+00 +/- 0.00 %  % || Gg(l=0) ave= 5.518E-02 +/- 3.84 % Gg(l=1) ave= 5.350E-02 +/- 2.83 % Gg(l=2) ave= 0.000E+00 +/- 0.00 % Gg(l=3) ave= 0.000E+00 +/- 0.00 %  % || D(l=0) ave= 2.593E-02 +/- 0.25 % D(l=1) ave= 4.100E-02 +/- 0.00 % D(l=2) ave= 0.000E+00 +/- 0.00 % D(l=3) ave= 0.000E+00 +/- 0.00 %  % || S(l=0) ave= 6.255E-05 +/- 0.83 % S(l=1) ave= 9.696E-05 +/- 9.44 % S(l=2) ave= 0.000E+00 +/- 0.00 % S(l=3) ave= 0.000E+00 +/- 0.00 %  % || Fis(th) ave= 6.264E+02 b. +/- 3.47 %
 ... random file  6 Cap(th)  ave= 2.286E+02 b. +/- 7.91 % || Ela(th) ave= 7.907E+00 b. +/- 11.98 % || RIcap ave= 7.86E+01 b. +/- 7.77 % || Macs30 ave= 2.86E+01 b. +/- 9.51 % || Gn^0(l=0) ave= 3.234E-06 +/- 0.73 % Gn^0(l=1) ave= 2.628E-05 +/- 11.58 % Gn^0(l=2) ave= 0.000E+00 +/- 0.00 % Gn^0(l=3) ave= 0.000E+00 +/- 0.00 % || Gtotal(l=0) ave= 8.119E-01 +/- 0.03 % Gtotal(l=1) ave= 8.178E-01 +/- 0.00 % Gtotal(l=2) ave= 0.000E+00 +/- 0.00 % Gtotal(l=3) ave= 0.000E+00 +/- 0.00 %  % || Gg(l=0) ave= 5.554E-02 +/- 3.88 % Gg(l=1) ave= 5.360E-02 +/- 2.66 % Gg(l=2) ave= 0.000E+00 +/- 0.00 % Gg(l=3) ave= 0.000E+00 +/- 0.00 %  % || D(l=0) ave= 2.593E-02 +/- 0.24 % D(l=1) ave= 4.100E-02 +/- 0.00 % D(l=2) ave= 0.000E+00 +/- 0.00 % D(l=3) ave= 0.000E+00 +/- 0.00 %  % || S(l=0) ave= 6.251E-05 +/- 0.79 % S(l=1) ave= 1.002E-04 +/- 11.58 % S(l=2) ave= 0.000E+00 +/- 0.00 % S(l=3) ave= 0.000E+00 +/- 0.00 %  % || Fis(th) ave= 6.227E+02 b. +/- 3.55 %
 ... Histogram plot for thermal (n,g)
 ... Write covariances  ... MT1  ... plot correlations
 ... MT2  ... MT18  ... MT102 


 ================================================
 ============== From 6 random values === start ======
 Thermal (n,tot) xs  0 K =  859.139 b. +/- 21.9305 b. ( 2.55261 %) skew= +0.05 +/- 0.79
 Thermal (n,el) xs   0 K =  7.90699 b. +/- 0.946897 b. ( 11.9754 %) skew= +0.09 +/- 0.79
 Thermal (n,f) xs    0 K = 622.652 b. +/- 22.1034 b. ( 3.54988 %) skew= +0.21 +/- 0.79
 Thermal (n,g) xs    0 K =  228.58 b. +/- 18.0757 b. ( 7.90782 %) skew= +0.95 +/- 0.79
 RI      (n,g)       0 K =  78.5503 b. +/- 6.10178 b. ( 7.76799 %) 
 MACS    (n,g)       0 K (at Emacs= 30000 eV) =  28.6457 b. +/- 2.72364 b. ( 9.50801 %) 
 Ave. Gtotal  L=0        =  8.119E-01 +/- 0.03 %
 Ave. Gn^(0)  L=0        =  3.234E-06 +/- 0.73 %
 Ave. Gg      L=0        =  5.554E-02 +/- 3.88 %
 Ave. D       L=0        =  2.593E-02 +/- 0.24 %
 Ave. S       L=0        =  6.251E-05 +/- 0.79 %
 Ave. Gtotal  L=1        =  8.178E-01 +/- 0.00 %
 Ave. Gg      L=1        =  5.360E-02 +/- 2.66 %
 Ave. D       L=1        =  4.100E-02 +/- 0.00 %
 Ave. S       L=1        =  1.002E-04 +/- 11.58 %

 Expected Thermal (n,g) (syst or meas)= 191.4 b. +/- 133.98 b. nominal: 225.164 b.
 ratio Calculated/expected thermal (n,g): 1.19 ratio DCalculated/Dexpected: 0.13 ratio Calculated/Nominal: 1.02
 ============== From 6 random values ===== stop ======
 ================================================
 ... Calculation of (n,a) and (n,p) cross sections at 300 K
 ... thermal (n,a) cross section is 3.70309e-13 +/- 1.85155e-13 b.
 ... thermal (n,a) cross section is 0 b. (random case 1)
 ... thermal (n,a) cross section is 0 b. (random case 2)
 ... thermal (n,a) cross section is 0 b. (random case 3)
 ... thermal (n,a) cross section is 0 b. (random case 4)
 ... thermal (n,a) cross section is 0 b. (random case 5)
 ... thermal (n,a) cross section is 0 b. (random case 6)
 ... thermal (n,p) cross section is 3.70309e-13 +/- 1.85155e-13 b.
 ... thermal (n,p) cross section is 0 b. (random case 1)
 ... thermal (n,p) cross section is 0 b. (random case 2)
 ... thermal (n,p) cross section is 0 b. (random case 3)
 ... thermal (n,p) cross section is 0 b. (random case 4)
 ... thermal (n,p) cross section is 0 b. (random case 5)
 ... thermal (n,p) cross section is 0 b. (random case 6)
 ... Rewrite index for MF2
 ... Write text for MF1 in file mf1.tares.txt
 ... plotting cross sections for the MF1
 ... order output files

 ............................................................ 
 ...                                                      ... 
 ... MF2 format selection for the final file: n-Am233.mf2.mlbw
 ... MF2 format : mlbw
 ... cross section values for the final mf2 file: START   ... 
 ... Import MF2 from TARES calculations
 ... End energy of TARES MF2 : 4.960906E+0 eV and limit to 40000 resonances
 ... File used for reconstruction: n-Am233.mf2.reconst
 ... run RECENT ...
 ... Doppler broadened at a unique temperature: 0 Kelvin using sigma1
 ... The keyword temperature is zero, no Doppler broadening for the MACS

 ============== INTER values at 0 Kelvin ==============
 Thermal (n,g) xs =  225.164 b. (meas/sys: 191.4 b.) (warning: comparison to be done at 296 or 300 K)
 Th Maxw (n,g) xs =  232.9 b. (thermal Maxwellian value)
 Westcott factor  =  1.03437
 RI      (n,g)    =  74.0352 b. (meas or sys: - b.)
 MACS 3.000e+04 eV=  0.0012728 b. (meas or sys: - b.) from 1.00E+00 to 4.96E+00 eV (end of RRR) at T= 0 Kelvin 
 Thermal (n,el) xs=  7.74634 b.
 RI      (n,el)   =  18.0179 b.
 Thermal (n,f) xs =  653.232 b. (meas/sys: 56.1624 +/- 44.9299 b.)
 RI      (n,f) xs =  347.327 b. 
 ============= PSYCHE values ==============
 Ave. G_total L0  =  0.812383 eV
 Ave. G_total L1  =  0.817763 eV
 Ave. Gn_0    L0  =  3.27125e-06
 Ave. Gn_0    L1  =  2.63384e-05
 Ave. Gg      L0  =  0.0544978 eV
 Ave. Gg      L1  =  0.0543248 eV
 Ave. D       L0  =  0.025838 eV
 Ave. D       L1  =  0.0409991 eV
 Ave. S       L0  =  6.33091e-05 eV
 Ave. S       L1  =  0.000100406 eV
 =========================================
 ... cross section values for the final mf2 file: END     ... 
 ...                                                      ... 
 ............................................................ 


================== summary ==================
 Thermal (n,tot) xs = 886.142 b. 
 Thermal (n,el)  xs = 7.74634 b. 
 Thermal (n,g)   xs = 225.164 b. (meas/sys: 191.4 b.)
 Thermal (n,f)   xs = 653.232 b. (meas/sys: 56.1624 +/- 44.9299 b.)
 At 300 K (thermal adjustment): (n,el) = 7.76366 b., (n,g) = 225.923 b., (n,f) = 653.786 b.

 RI      (n,g)      = 74.0352 b. (meas or sys: - b.)
 RI      (n,el)     = 18.0179 b.
 RI      (n,f)      = 347.327 b. 
=============================================


 ... cleaning
                                                 
  -------------------------------------------------------------
  -                                                           -
  - TARES: successful end of run with data from hypothetical  -
  - resonances for  Z= 95, A= 233 and isomer= 0               -
  - half-life: 3.200000 min. 
  -                                                           -
  -------------------------------------------------------------

   Running time:       39 seconds

 End time: Wed Oct  7 10:27:14 2026

