
  -------------------------------------------------------------
  -                                                           -
  -              Welcome to TARES version 1.8                 -
  -                                                           -
  -  (C) Copyright 2007-2025 D. Rochman, All Rights Reserved  -
  -           NRG, Petten, the Netherlands 2007-2014          -
  -           PSI, Villigen    Switzerland 2015-2025          -
  -         Nagra, Wettingen   Switzerland 2025-              -
  -           (Last Modified October 06, 2026)                -
  -           (Database from October 06, 2026)                -
  -                                                           -
  -------------------------------------------------------------


  ---------------------------------------------
   Compilation information:
   Compiled on:         Oct  7 2026, 09:32:19
   Compiled by:         koning
   Compiler version:    clang++ - 21.0.0
   Source location:     /Users/koning/tares-1.8/source/Module/
   Binaries location:   /Users/koning/bin
   System:              Darwin 25.6.0
   System version:      Darwin Kernel Version 25.6.0: Fri Jul 31 19:19:08 PDT 2026; root:xnu-12377.161.14~5/RELEASE_ARM64_T6050  
   Machine:             arm64 
  ---------------------------------------------

   User information:
   User name:           koning
   Running directory:   /Users/koning/tendl/resbase/U238/work
   Owner mode for running directory : rwx
   Group mode for running directory : r-x
  ---------------------------------------------


 Starting time: Wed Oct  7 10:43:15 2026
 ... inputs directory found (/Users/koning/tares-1.8/source/Module//../../inputs/).
 ... It will be used for resonance parameters 
 ... ###############################################
 ... #     read the input file tares.inp
 ... ###############################################
 ... line: #
 ... line: # Input file generated by Autorochman
          --> line not read
 ... line: #
 ... line: isotope    U
          --> Isotope name: U
 ... line: mass       238
          --> isotopic mass: 238
 ... line: output     n-U238
         ---> Name of the output files: n-U238
 ... line: isomer     0
          --> isomeric state: 0
 ... line: mf32mf33   y
          --> MF33 based on MF32: y
 ... line: nbrRandom  20
          --> Nbr of random files: 20
 ... ###############################################
 ... # end read the input file tares.inp
 ... ###############################################
Value for random generator type not considered in since Tares 1.7 due to compilation issues

 ... ###############################################
     #   Interpretation of the Input definition    #
     ###############################################

 ... Default energy limit: End of resonance region
 ... Nuclear charge    = 92
 ... Element           = U
 ... Mass              = 238
 ... Isomer            = 0
 ... Correlation for (Gn,Gg) not included in random files
 ... Default random option: No random
 ... Output name: n-U238
 ... Energy for the MACS: 30000 eV
 ... Resonances from CALENDF reduced (reduce=y) 
 ... For URR, level density model from TALYS selected: 91n3n12611.2850 (see manual for description)
 ... Random Generator: default (pseudo random numbers from ansi c++)
 ... Reconstruction of cross section selected
 ... Doppler broadening at 0 Kelvin
 ... Default Formalism: Reich Moore (from file best.tendl.yes)
 ... URR not included (from the input file flag)
 ... Weight for grouping is flat
 ... Calculation of (n,alpha) cross section selected
 ... Number of digit for MF32c covariance representation: 2
 ... MF32 included
 ... MF33 will be used for covariance processing
 ... TENDL option set to yes (automatic choice of MF2 and format)
 ... Retroactive option set to no with the 2025 option
 ... ladder option set to no (CALENDF will not be used for statistical resonances)

 ... ###############################################
     #           End of Input definition           #
     ###############################################

 ... gnuplot found, will be used for plotting
 ... latex found, will be used for plotting
 ... dvips found, will be used for plotting
 ... ps2epsi not found, limited plotting available
 ... uncertainties on default parameters multiplied by 1.73952
 ... Read resonance data from the 2025 directory
 ... Resonance parameters taken from /Users/koning/tares-1.8/source/Module//../../inputs/2025/Resonance/endfb8.1/
 ---> Processing Z= 92 and A= 238 and isomer= 0 (level number: 0)
Thermal file; Could not open file /Users/koning/tares-1.8/source/Module//../../inputs/2025/runThermal/results//thermal.mxw.ng.cendl3.1
Thermal file; Could not open file /Users/koning/tares-1.8/source/Module//../../inputs/2025/runThermal/results//thermal.mxw.ng.brond3.1
Thermal file; Could not open file /Users/koning/tares-1.8/source/Module//../../inputs/2025/runThermal/results//thermal.xs.ng.unc.cendl3.1
 ... spin taken from the final/ directory (1)
 ... The spin found in level file ( 0 ) and the one in the urr file ( 5.5 ) differ

 ... ###############################################
 ... #  Nucleus global parameters (2025 database)  #
 ... ###############################################
 0. Half-life: 4.46474e+09 years
 ... Scattering radius from file /Users/koning/tares-1.8/source/Module//../../inputs/2025/Resonance/endfb8.1//global.2023.txt
 1. Spin of the target isotope: 0
 2. Relative Atomic Mass of the target isotope: 238.05
 3. Isotopic composition of the target isotope: 99.274 %
 4. Scattering radius from endfb8.1 (local compilation): 9.48 fm +/- 0.17064 fm
 5. Scattering radius (Mughabghab): 9.6 +/- 0.1 fm
 6. Experimental thermal (n,a) (Mughabghab): 1.3e-06 +/- 6e-07 b.
 7. Thermal (n,f) cross section from compilation (Mughabghab): 1.1e-05 +/- 2e-06 b.
 8. Thermal (n,f) cross section from compilation (Sukhoruchkin): 1.68e-05 b.
 9. Thermal (n,a) cross section from compilation (Sukhoruchkin): 1.3e-06 +/- 6e-07 b.
      .......................................
      ... Thermal capture cross sections: ...
 10. Thermal (total) (n,g) cross section from endfb8.1 (local compilation): 2.682 +/- 0.1341 b.
 11. Thermal (n,g) cross section from experiments (Kzero): 2.67 +/- 0.01 b.
 12. Thermal (n,g) cross section from compilation (Firestone-2022 average): 2.74 +/- 0.04 b.
 13. Thermal (n,g) cross section from compilation (Firestone-2022 final): 2.692 +/- 0.017 b.
 14. Thermal (n,g) cross section from compilation (Mughabghab-2006): 2.68 +/- 0.019 b.
 15. Thermal (n,g) cross section from compilation (Mughabghab-2018): 2.682 +/- 0.019 b.
 16. Thermal (n,g) cross section from compilation (Sukhoruchkin-2009): 2.68 +/- 0.02 b.
 17. Thermal (n,g) cross section from compilation (Sukhoruchkin-2015): 2.68 +/- 0.02 b.
 18. Thermal (n,g) cross section from EAF-2010: 2.7196 b.
 19. Thermal (n,g) cross section from compilation (CRP-2007): 2.34 +/- 0.04 b.
 20. Thermal (n,g) cross section from ENDF/B-VI.8: 2.728 b.
 21. Thermal (n,g) cross section from ENDF/B-VIII.1: 2.684 b.
 22. Thermal (n,g) cross section from ENDF/B-VIII.0: 2.692 b.
 23. Thermal (n,g) cross section from JEF2.2: 2.728 b.
 24. Thermal (n,g) cross section from TENDL-2023: 2.695 +/- 0.03666 b.
 25. Thermal (n,g) cross section from CENDL3.3: 2.718 b.
 26. Thermal (n,g) cross section from JEFF-3.3: 2.692 +/- 0.0291 b.
 27. Thermal (n,g) cross section from JEFF-4.0: 2.69 +/- 0.02917 b.
 28. Thermal (n,g) cross section from JENDL-5.0: 2.692 b.
      .......................................
      ...  Thermal total cross sections:  ...
 29. Thermal (n,tot) cross section from recommendations (resonancetables): 10.55 b.
 30. Thermal (n,tot) cross section from JENDL-5.0 (resonancetables): 11.9224 b.
 31. Thermal (n,tot) cross section from ENDF/B-VIII.1 (resonancetables): 11.9224 b.
 32. Thermal (n,tot) cross section from JEFF-4.0 (resonancetables): 11.9313 b.
 33. Thermal (n,tot) cross section from TENDL-2025 (resonancetables): 11.9226 b.
 34. Thermal (n,tot) cross section from CENDL-3.2 (resonancetables): 11.9824 b.
      .......................................
      ... Thermal elastic cross sections: ...
 35. Thermal (n,el) cross section from compilation (Mughabghab): 9.075 +/- 0.015 b.
 36. Thermal (n,el) cross section from ENDF/B-VIII.1: 9.24 b.
 37. Thermal (n,el) cross section from ENDF/B-VIII.0: 9.24 b.
 38. Thermal (n,el) cross section from ENDF/B-VI.8: 9.376 b.
 39. Thermal (n,el) cross section from JENDL-5.0: 9.24 b.
 40. Thermal (n,el) cross section from JEFF-3.3: 9.24 b.
 41. Thermal (n,el) cross section from experiments (local compilation): 9.22 +/- 0.461 b.
 42. Neutron scattering length from Atominstitut (TU Wien): 8.407 +/- 0.007 fm.
      .......................................
             ... Resonance integral: ...
 43. Experimental capture integral (local compilation): 277 +/- 3 b.
 44. Experimental fission integral (Sukhoruchkin): 2.054 b.
 45. Experimental capture integral (Kzero): 276 +/- 4 b.
 46. Experimental capture integral (Mughabghab): 277 +/- 3 b.
 47. Experimental capture integral (Sukhoruchkin): 275.6 b.
 48. Thermal (n,f) cross section from experiments (local compilation): 1.85e-05 +/- 1.48e-05 b.
 49. Fission integral from experiments (local compilation): 0.00163 +/- 0.00016 b.
   ---- MACS 30 keV ----- 
 50. TALYS MACS 30 keV (HF): 0.141242 b. 
 51. Recommended MACS 30 keV (local compilation): 0.397 +/- 0 b. 
 52. Recommended MACS (Sukhoruchkin): 0.4014 b.
   ---------- S0 -------- 
 53. S0 from TALYS: 0.399101
 54. Experimental S0: 1.29 +/- 0.13
 55. endfb8.1 S0: 1.016 +/- 0
   ---------- S1 -------- 
 56. S1 from TALYS: 2.34126
 57. Experimental S1: 2.17 +/- 0.19
 58. endfb8.1 S1: 1.609 +/- 0
   ---------- S2 -------- 
 59. S2 from TALYS: 0.47713
   ---------- D0 -------- 
 60. D0 from TALYS: 56.158 eV
 61. Experimental D0: 20.26 +/- 0.72 eV
 62. endfb8.1 D0: 22.37 +/- 0
   ---------- D1 -------- 
 63. Experimental D1: 7.42 +/- 0.23 eV
 64. D1 from TALYS: 19.0543 eV
 65. endfb8.1 D1: 8.278 +/- 0
   ---------- D2 -------- 
 66. D2 from TALYS: 11.8454 eV
   ---------- G0 -------- 
 67. Experimental average Gg0: 0.0234 +/- 0.0003 eV
 68. Gg0 from TALYS: 0.0081696 eV
   ---------- G1 -------- 
 69. Gg1 from TALYS: 0.00966421 eV
   ---------- G2 -------- 
 70. Gg2 from TALYS: 0.00802117 eV


   ---------------------- 
 ... Read resonance parameters (format: 3: Reich Moore)
 ... 3345 resonances found 
 --> 71. Number of resonances from the input file: 3345 up to 20003.8 eV
 72. Read nuclear quantities (mass, MAT...)
 73. Read thermal (n,g) xs 
 74. Read the scattering radius 
 75. Read uncertainty on Gg for 3345 resonances
 76. Read uncertainty on Gg for 3345 resonances ... done
 77. Read uncertainty on Gf1
 78. Read uncertainty on Gf2
 ... order resonances 
 ... Upper limit for the RRR: 20000 eV (no statistical resonances HFR) from the limit.RRR file
 ... Write parameters for l=0 waves
 ... Write parameters for l=1 waves
 ... End writing original MF2 
 ... Gn-Gg correlations: calculated capture kernel used for 3345 evaluated resonances (no measured kernel)
 ... Write parameter covariances (MF32) for l=0
 Write parameter covariances (MF32) for l=1
 ... MF32: 45 energy correlation lines (time of flight) for the first 10 evaluated resonances
 ... copy the mf2 and mf32 to .mlbw files
 ... Ladder option set to no --> no use of calendf_xs
 ... no thermal/RI adjustment (ladder option set to no): no GLS calculation of parameter correlations
 ... translate into MLBW
 ... copy the mf2 and mf32 to .mlbw files

 ... Start of final reconstruction and testing ...
 ... Reconstruction of cross sections at 0 Kelvin  ... Import MF2 from TARES calculations
 ... End energy of TARES MF2 : 2.000000E+4 eV and limit to 40000 resonances
 ... File used for reconstruction: n-U238.reconst
 ... run RECENT ...
 ... Doppler broadened at a unique temperature: 0 Kelvin using sigma1
 ... The keyword temperature is zero, no Doppler broadening for the MACS

 ============== INTER values at 0 Kelvin ==============
 Thermal (n,g) xs =  2.68241 b. (meas/sys: 2.682 b.) (warning: comparison to be done at 296 or 300 K)
 Th Maxw (n,g) xs =  2.6879 b. (thermal Maxwellian value)
 Westcott factor  =  1.00205
 RI      (n,g)    =  274.548 b. (meas or sys: 277 b.)
 MACS 3.000e+04 eV=  0.18418 b. (meas or sys: - b.) from 1.00E+00 to 2.00E+07 eV (end of RRR) at T= 0 Kelvin 
 Thermal (n,el) xs=  9.21999 b.
 RI      (n,el)   =  296.95 b.
 Thermal (n,f) xs =  1.85009e-05 b. (meas/sys: 1.85e-05 +/- 1.48e-05 b.)
 RI      (n,f) xs =  0.00183241 b. (meas/sys: 0.00163 +/- 0.00016 b.)
 ============= PSYCHE values ==============
 Ave. Gn_0    L0  =  0.00227146
 Ave. Gn_0    L1  =  0.00221374
 Ave. Gg      L0  =  0.0239697 eV
 Ave. Gg      L1  =  0.0239254 eV
 Ave. D       L0  =  22.3714 eV
 Ave. D       L1  =  8.27815 eV
 Ave. S       L0  =  0.000101648 eV
 Ave. S       L1  =  0.00012945 eV
 =========================================
 ... End of final reconstruction and testing ...

 ... grouping is not optimum, change to 70 groups
 ... Produce MF33 based on MF32 and 20 random files
 ... run endsam for 20 in groups of 1 global run
 ... run endsam from 1 to 20
 ... preparing the vectors  ... done
 ... nominal file 0 Cap(th)  ave= 2.682E+00 b. +/- 0.00 % || Ela(th) ave= 9.220E+00 b. +/- 0.00 % || RIcap ave= 2.74E+02 b. +/- 0.00 % || Macs30 ave= 7.85E-01 b. +/- 0.00 % || Gn^0(l=0) ave= 2.271E-03 +/- 0.00 % Gn^0(l=1) ave= 2.214E-03 +/- 0.00 % Gn^0(l=2) ave= 0.000E+00 +/- 0.00 % Gn^0(l=3) ave= 0.000E+00 +/- 0.00 % || Gtotal(l=0) ave= 0.000E+00 +/- 0.00 % Gtotal(l=1) ave= 0.000E+00 +/- 0.00 % Gtotal(l=2) ave= 0.000E+00 +/- 0.00 % Gtotal(l=3) ave= 0.000E+00 +/- 0.00 %  % || Gg(l=0) ave= 2.397E-02 +/- 0.00 % Gg(l=1) ave= 2.393E-02 +/- 0.00 % Gg(l=2) ave= 0.000E+00 +/- 0.00 % Gg(l=3) ave= 0.000E+00 +/- 0.00 %  % || D(l=0) ave= 2.237E+01 +/- 0.00 % D(l=1) ave= 8.278E+00 +/- 0.00 % D(l=2) ave= 0.000E+00 +/- 0.00 % D(l=3) ave= 0.000E+00 +/- 0.00 %  % || S(l=0) ave= 1.016E-04 +/- 0.00 % S(l=1) ave= 1.294E-04 +/- 0.00 % S(l=2) ave= 0.000E+00 +/- 0.00 % S(l=3) ave= 0.000E+00 +/- 0.00 %  % || Fis(th) ave= 1.850E-05 b. +/- 0.00 %
 ... random file  1 Cap(th)  ave= 2.659E+00 b. +/- 0.87 % || Ela(th) ave= 8.016E+00 b. +/- 15.03 % || RIcap ave= 2.74E+02 b. +/- 0.15 % || Macs30 ave= 7.84E-01 b. +/- 0.03 % || Gn^0(l=0) ave= 2.277E-03 +/- 0.24 % Gn^0(l=1) ave= 2.362E-03 +/- 6.26 % Gn^0(l=2) ave= 0.000E+00 +/- 0.00 % Gn^0(l=3) ave= 0.000E+00 +/- 0.00 % || Gtotal(l=0) ave= 0.000E+00 +/- 0.00 % Gtotal(l=1) ave= 0.000E+00 +/- 0.00 % Gtotal(l=2) ave= 0.000E+00 +/- 0.00 % Gtotal(l=3) ave= 0.000E+00 +/- 0.00 %  % || Gg(l=0) ave= 2.397E-02 +/- 0.00 % Gg(l=1) ave= 2.393E-02 +/- 0.01 % Gg(l=2) ave= 0.000E+00 +/- 0.00 % Gg(l=3) ave= 0.000E+00 +/- 0.00 %  % || D(l=0) ave= 2.237E+01 +/- 0.00 % D(l=1) ave= 8.278E+00 +/- 0.00 % D(l=2) ave= 0.000E+00 +/- 0.00 % D(l=3) ave= 0.000E+00 +/- 0.00 %  % || S(l=0) ave= 1.019E-04 +/- 0.24 % S(l=1) ave= 1.381E-04 +/- 6.28 % S(l=2) ave= 0.000E+00 +/- 0.00 % S(l=3) ave= 0.000E+00 +/- 0.00 %  % || Fis(th) ave= 1.913E-05 b. +/- 3.31 %
 ... random file  2 Cap(th)  ave= 2.660E+00 b. +/- 0.71 % || Ela(th) ave= 8.884E+00 b. +/- 17.70 % || RIcap ave= 2.73E+02 b. +/- 0.30 % || Macs30 ave= 7.84E-01 b. +/- 0.05 % || Gn^0(l=0) ave= 2.275E-03 +/- 0.22 % Gn^0(l=1) ave= 2.171E-03 +/- 13.58 % Gn^0(l=2) ave= 0.000E+00 +/- 0.00 % Gn^0(l=3) ave= 0.000E+00 +/- 0.00 % || Gtotal(l=0) ave= 0.000E+00 +/- 0.00 % Gtotal(l=1) ave= 0.000E+00 +/- 0.00 % Gtotal(l=2) ave= 0.000E+00 +/- 0.00 % Gtotal(l=3) ave= 0.000E+00 +/- 0.00 %  % || Gg(l=0) ave= 2.397E-02 +/- 0.00 % Gg(l=1) ave= 2.393E-02 +/- 0.03 % Gg(l=2) ave= 0.000E+00 +/- 0.00 % Gg(l=3) ave= 0.000E+00 +/- 0.00 %  % || D(l=0) ave= 2.237E+01 +/- 0.00 % D(l=1) ave= 8.277E+00 +/- 0.02 % D(l=2) ave= 0.000E+00 +/- 0.00 % D(l=3) ave= 0.000E+00 +/- 0.00 %  % || S(l=0) ave= 1.018E-04 +/- 0.22 % S(l=1) ave= 1.270E-04 +/- 13.57 % S(l=2) ave= 0.000E+00 +/- 0.00 % S(l=3) ave= 0.000E+00 +/- 0.00 %  % || Fis(th) ave= 1.918E-05 b. +/- 2.71 %
 ... random file  3 Cap(th)  ave= 2.676E+00 b. +/- 1.19 % || Ela(th) ave= 9.240E+00 b. +/- 16.19 % || RIcap ave= 2.74E+02 b. +/- 0.49 % || Macs30 ave= 7.84E-01 b. +/- 0.04 % || Gn^0(l=0) ave= 2.277E-03 +/- 0.24 % Gn^0(l=1) ave= 2.141E-03 +/- 12.18 % Gn^0(l=2) ave= 0.000E+00 +/- 0.00 % Gn^0(l=3) ave= 0.000E+00 +/- 0.00 % || Gtotal(l=0) ave= 0.000E+00 +/- 0.00 % Gtotal(l=1) ave= 0.000E+00 +/- 0.00 % Gtotal(l=2) ave= 0.000E+00 +/- 0.00 % Gtotal(l=3) ave= 0.000E+00 +/- 0.00 %  % || Gg(l=0) ave= 2.397E-02 +/- 0.04 % Gg(l=1) ave= 2.393E-02 +/- 0.03 % Gg(l=2) ave= 0.000E+00 +/- 0.00 % Gg(l=3) ave= 0.000E+00 +/- 0.00 %  % || D(l=0) ave= 2.237E+01 +/- 0.05 % D(l=1) ave= 8.276E+00 +/- 0.02 % D(l=2) ave= 0.000E+00 +/- 0.00 % D(l=3) ave= 0.000E+00 +/- 0.00 %  % || S(l=0) ave= 1.019E-04 +/- 0.27 % S(l=1) ave= 1.252E-04 +/- 12.16 % S(l=2) ave= 0.000E+00 +/- 0.00 % S(l=3) ave= 0.000E+00 +/- 0.00 %  % || Fis(th) ave= 1.834E-05 b. +/- 8.26 %
 ... random file  4 Cap(th)  ave= 2.677E+00 b. +/- 1.07 % || Ela(th) ave= 9.736E+00 b. +/- 17.10 % || RIcap ave= 2.74E+02 b. +/- 0.45 % || Macs30 ave= 7.84E-01 b. +/- 0.04 % || Gn^0(l=0) ave= 2.276E-03 +/- 0.23 % Gn^0(l=1) ave= 2.133E-03 +/- 10.96 % Gn^0(l=2) ave= 0.000E+00 +/- 0.00 % Gn^0(l=3) ave= 0.000E+00 +/- 0.00 % || Gtotal(l=0) ave= 0.000E+00 +/- 0.00 % Gtotal(l=1) ave= 0.000E+00 +/- 0.00 % Gtotal(l=2) ave= 0.000E+00 +/- 0.00 % Gtotal(l=3) ave= 0.000E+00 +/- 0.00 %  % || Gg(l=0) ave= 2.397E-02 +/- 0.03 % Gg(l=1) ave= 2.393E-02 +/- 0.03 % Gg(l=2) ave= 0.000E+00 +/- 0.00 % Gg(l=3) ave= 0.000E+00 +/- 0.00 %  % || D(l=0) ave= 2.237E+01 +/- 0.04 % D(l=1) ave= 8.276E+00 +/- 0.02 % D(l=2) ave= 0.000E+00 +/- 0.00 % D(l=3) ave= 0.000E+00 +/- 0.00 %  % || S(l=0) ave= 1.019E-04 +/- 0.26 % S(l=1) ave= 1.248E-04 +/- 10.94 % S(l=2) ave= 0.000E+00 +/- 0.00 % S(l=3) ave= 0.000E+00 +/- 0.00 %  % || Fis(th) ave= 1.948E-05 b. +/- 13.58 %
 ... random file  5 Cap(th)  ave= 2.676E+00 b. +/- 0.98 % || Ela(th) ave= 9.592E+00 b. +/- 16.19 % || RIcap ave= 2.74E+02 b. +/- 0.48 % || Macs30 ave= 7.84E-01 b. +/- 0.05 % || Gn^0(l=0) ave= 2.275E-03 +/- 0.23 % Gn^0(l=1) ave= 2.096E-03 +/- 10.92 % Gn^0(l=2) ave= 0.000E+00 +/- 0.00 % Gn^0(l=3) ave= 0.000E+00 +/- 0.00 % || Gtotal(l=0) ave= 0.000E+00 +/- 0.00 % Gtotal(l=1) ave= 0.000E+00 +/- 0.00 % Gtotal(l=2) ave= 0.000E+00 +/- 0.00 % Gtotal(l=3) ave= 0.000E+00 +/- 0.00 %  % || Gg(l=0) ave= 2.397E-02 +/- 0.05 % Gg(l=1) ave= 2.393E-02 +/- 0.03 % Gg(l=2) ave= 0.000E+00 +/- 0.00 % Gg(l=3) ave= 0.000E+00 +/- 0.00 %  % || D(l=0) ave= 2.237E+01 +/- 0.04 % D(l=1) ave= 8.276E+00 +/- 0.02 % D(l=2) ave= 0.000E+00 +/- 0.00 % D(l=3) ave= 0.000E+00 +/- 0.00 %  % || S(l=0) ave= 1.018E-04 +/- 0.26 % S(l=1) ave= 1.226E-04 +/- 10.91 % S(l=2) ave= 0.000E+00 +/- 0.00 % S(l=3) ave= 0.000E+00 +/- 0.00 %  % || Fis(th) ave= 1.939E-05 b. +/- 12.50 %
 ... random file  6 Cap(th)  ave= 2.673E+00 b. +/- 0.96 % || Ela(th) ave= 9.779E+00 b. +/- 15.43 % || RIcap ave= 2.74E+02 b. +/- 0.51 % || Macs30 ave= 7.84E-01 b. +/- 0.05 % || Gn^0(l=0) ave= 2.275E-03 +/- 0.22 % Gn^0(l=1) ave= 2.186E-03 +/- 13.97 % Gn^0(l=2) ave= 0.000E+00 +/- 0.00 % Gn^0(l=3) ave= 0.000E+00 +/- 0.00 % || Gtotal(l=0) ave= 0.000E+00 +/- 0.00 % Gtotal(l=1) ave= 0.000E+00 +/- 0.00 % Gtotal(l=2) ave= 0.000E+00 +/- 0.00 % Gtotal(l=3) ave= 0.000E+00 +/- 0.00 %  % || Gg(l=0) ave= 2.397E-02 +/- 0.04 % Gg(l=1) ave= 2.393E-02 +/- 0.02 % Gg(l=2) ave= 0.000E+00 +/- 0.00 % Gg(l=3) ave= 0.000E+00 +/- 0.00 %  % || D(l=0) ave= 2.237E+01 +/- 0.04 % D(l=1) ave= 8.276E+00 +/- 0.02 % D(l=2) ave= 0.000E+00 +/- 0.00 % D(l=3) ave= 0.000E+00 +/- 0.00 %  % || S(l=0) ave= 1.018E-04 +/- 0.25 % S(l=1) ave= 1.279E-04 +/- 13.96 % S(l=2) ave= 0.000E+00 +/- 0.00 % S(l=3) ave= 0.000E+00 +/- 0.00 %  % || Fis(th) ave= 1.921E-05 b. +/- 11.90 %
 ... random file  7 Cap(th)  ave= 2.673E+00 b. +/- 0.90 % || Ela(th) ave= 9.499E+00 b. +/- 16.79 % || RIcap ave= 2.74E+02 b. +/- 0.55 % || Macs30 ave= 7.84E-01 b. +/- 0.05 % || Gn^0(l=0) ave= 2.274E-03 +/- 0.21 % Gn^0(l=1) ave= 2.171E-03 +/- 13.27 % Gn^0(l=2) ave= 0.000E+00 +/- 0.00 % Gn^0(l=3) ave= 0.000E+00 +/- 0.00 % || Gtotal(l=0) ave= 0.000E+00 +/- 0.00 % Gtotal(l=1) ave= 0.000E+00 +/- 0.00 % Gtotal(l=2) ave= 0.000E+00 +/- 0.00 % Gtotal(l=3) ave= 0.000E+00 +/- 0.00 %  % || Gg(l=0) ave= 2.397E-02 +/- 0.05 % Gg(l=1) ave= 2.393E-02 +/- 0.03 % Gg(l=2) ave= 0.000E+00 +/- 0.00 % Gg(l=3) ave= 0.000E+00 +/- 0.00 %  % || D(l=0) ave= 2.237E+01 +/- 0.04 % D(l=1) ave= 8.276E+00 +/- 0.02 % D(l=2) ave= 0.000E+00 +/- 0.00 % D(l=3) ave= 0.000E+00 +/- 0.00 %  % || S(l=0) ave= 1.018E-04 +/- 0.24 % S(l=1) ave= 1.270E-04 +/- 13.26 % S(l=2) ave= 0.000E+00 +/- 0.00 % S(l=3) ave= 0.000E+00 +/- 0.00 %  % || Fis(th) ave= 1.900E-05 b. +/- 11.65 %
 ... random file  8 Cap(th)  ave= 2.674E+00 b. +/- 0.85 % || Ela(th) ave= 9.665E+00 b. +/- 16.31 % || RIcap ave= 2.74E+02 b. +/- 0.53 % || Macs30 ave= 7.84E-01 b. +/- 0.05 % || Gn^0(l=0) ave= 2.274E-03 +/- 0.21 % Gn^0(l=1) ave= 2.163E-03 +/- 12.61 % Gn^0(l=2) ave= 0.000E+00 +/- 0.00 % Gn^0(l=3) ave= 0.000E+00 +/- 0.00 % || Gtotal(l=0) ave= 0.000E+00 +/- 0.00 % Gtotal(l=1) ave= 0.000E+00 +/- 0.00 % Gtotal(l=2) ave= 0.000E+00 +/- 0.00 % Gtotal(l=3) ave= 0.000E+00 +/- 0.00 %  % || Gg(l=0) ave= 2.397E-02 +/- 0.05 % Gg(l=1) ave= 2.393E-02 +/- 0.03 % Gg(l=2) ave= 0.000E+00 +/- 0.00 % Gg(l=3) ave= 0.000E+00 +/- 0.00 %  % || D(l=0) ave= 2.237E+01 +/- 0.04 % D(l=1) ave= 8.277E+00 +/- 0.02 % D(l=2) ave= 0.000E+00 +/- 0.00 % D(l=3) ave= 0.000E+00 +/- 0.00 %  % || S(l=0) ave= 1.018E-04 +/- 0.23 % S(l=1) ave= 1.265E-04 +/- 12.60 % S(l=2) ave= 0.000E+00 +/- 0.00 % S(l=3) ave= 0.000E+00 +/- 0.00 %  % || Fis(th) ave= 1.941E-05 b. +/- 12.33 %
 ... random file  9 Cap(th)  ave= 2.677E+00 b. +/- 0.90 % || Ela(th) ave= 9.524E+00 b. +/- 16.31 % || RIcap ave= 2.74E+02 b. +/- 0.54 % || Macs30 ave= 7.84E-01 b. +/- 0.06 % || Gn^0(l=0) ave= 2.274E-03 +/- 0.20 % Gn^0(l=1) ave= 2.197E-03 +/- 12.65 % Gn^0(l=2) ave= 0.000E+00 +/- 0.00 % Gn^0(l=3) ave= 0.000E+00 +/- 0.00 % || Gtotal(l=0) ave= 0.000E+00 +/- 0.00 % Gtotal(l=1) ave= 0.000E+00 +/- 0.00 % Gtotal(l=2) ave= 0.000E+00 +/- 0.00 % Gtotal(l=3) ave= 0.000E+00 +/- 0.00 %  % || Gg(l=0) ave= 2.397E-02 +/- 0.05 % Gg(l=1) ave= 2.393E-02 +/- 0.03 % Gg(l=2) ave= 0.000E+00 +/- 0.00 % Gg(l=3) ave= 0.000E+00 +/- 0.00 %  % || D(l=0) ave= 2.237E+01 +/- 0.03 % D(l=1) ave= 8.277E+00 +/- 0.02 % D(l=2) ave= 0.000E+00 +/- 0.00 % D(l=3) ave= 0.000E+00 +/- 0.00 %  % || S(l=0) ave= 1.018E-04 +/- 0.22 % S(l=1) ave= 1.285E-04 +/- 12.63 % S(l=2) ave= 0.000E+00 +/- 0.00 % S(l=3) ave= 0.000E+00 +/- 0.00 %  % || Fis(th) ave= 1.952E-05 b. +/- 11.75 %
 ... random file  10 Cap(th)  ave= 2.681E+00 b. +/- 0.94 % || Ela(th) ave= 9.614E+00 b. +/- 15.69 % || RIcap ave= 2.74E+02 b. +/- 0.64 % || Macs30 ave= 7.84E-01 b. +/- 0.05 % || Gn^0(l=0) ave= 2.274E-03 +/- 0.19 % Gn^0(l=1) ave= 2.223E-03 +/- 12.47 % Gn^0(l=2) ave= 0.000E+00 +/- 0.00 % Gn^0(l=3) ave= 0.000E+00 +/- 0.00 % || Gtotal(l=0) ave= 0.000E+00 +/- 0.00 % Gtotal(l=1) ave= 0.000E+00 +/- 0.00 % Gtotal(l=2) ave= 0.000E+00 +/- 0.00 % Gtotal(l=3) ave= 0.000E+00 +/- 0.00 %  % || Gg(l=0) ave= 2.397E-02 +/- 0.05 % Gg(l=1) ave= 2.393E-02 +/- 0.03 % Gg(l=2) ave= 0.000E+00 +/- 0.00 % Gg(l=3) ave= 0.000E+00 +/- 0.00 %  % || D(l=0) ave= 2.237E+01 +/- 0.03 % D(l=1) ave= 8.277E+00 +/- 0.02 % D(l=2) ave= 0.000E+00 +/- 0.00 % D(l=3) ave= 0.000E+00 +/- 0.00 %  % || S(l=0) ave= 1.018E-04 +/- 0.21 % S(l=1) ave= 1.300E-04 +/- 12.46 % S(l=2) ave= 0.000E+00 +/- 0.00 % S(l=3) ave= 0.000E+00 +/- 0.00 %  % || Fis(th) ave= 1.989E-05 b. +/- 12.44 %
 ... random file  11 Cap(th)  ave= 2.677E+00 b. +/- 1.03 % || Ela(th) ave= 9.633E+00 b. +/- 15.00 % || RIcap ave= 2.74E+02 b. +/- 0.62 % || Macs30 ave= 7.84E-01 b. +/- 0.05 % || Gn^0(l=0) ave= 2.273E-03 +/- 0.18 % Gn^0(l=1) ave= 2.208E-03 +/- 12.23 % Gn^0(l=2) ave= 0.000E+00 +/- 0.00 % Gn^0(l=3) ave= 0.000E+00 +/- 0.00 % || Gtotal(l=0) ave= 0.000E+00 +/- 0.00 % Gtotal(l=1) ave= 0.000E+00 +/- 0.00 % Gtotal(l=2) ave= 0.000E+00 +/- 0.00 % Gtotal(l=3) ave= 0.000E+00 +/- 0.00 %  % || Gg(l=0) ave= 2.397E-02 +/- 0.05 % Gg(l=1) ave= 2.393E-02 +/- 0.04 % Gg(l=2) ave= 0.000E+00 +/- 0.00 % Gg(l=3) ave= 0.000E+00 +/- 0.00 %  % || D(l=0) ave= 2.237E+01 +/- 0.03 % D(l=1) ave= 8.277E+00 +/- 0.02 % D(l=2) ave= 0.000E+00 +/- 0.00 % D(l=3) ave= 0.000E+00 +/- 0.00 %  % || S(l=0) ave= 1.017E-04 +/- 0.21 % S(l=1) ave= 1.291E-04 +/- 12.22 % S(l=2) ave= 0.000E+00 +/- 0.00 % S(l=3) ave= 0.000E+00 +/- 0.00 %  % || Fis(th) ave= 1.976E-05 b. +/- 12.18 %
 ... random file  12 Cap(th)  ave= 2.681E+00 b. +/- 1.13 % || Ela(th) ave= 9.534E+00 b. +/- 15.01 % || RIcap ave= 2.74E+02 b. +/- 0.64 % || Macs30 ave= 7.84E-01 b. +/- 0.05 % || Gn^0(l=0) ave= 2.273E-03 +/- 0.18 % Gn^0(l=1) ave= 2.201E-03 +/- 11.83 % Gn^0(l=2) ave= 0.000E+00 +/- 0.00 % Gn^0(l=3) ave= 0.000E+00 +/- 0.00 % || Gtotal(l=0) ave= 0.000E+00 +/- 0.00 % Gtotal(l=1) ave= 0.000E+00 +/- 0.00 % Gtotal(l=2) ave= 0.000E+00 +/- 0.00 % Gtotal(l=3) ave= 0.000E+00 +/- 0.00 %  % || Gg(l=0) ave= 2.397E-02 +/- 0.05 % Gg(l=1) ave= 2.393E-02 +/- 0.04 % Gg(l=2) ave= 0.000E+00 +/- 0.00 % Gg(l=3) ave= 0.000E+00 +/- 0.00 %  % || D(l=0) ave= 2.237E+01 +/- 0.03 % D(l=1) ave= 8.277E+00 +/- 0.03 % D(l=2) ave= 0.000E+00 +/- 0.00 % D(l=3) ave= 0.000E+00 +/- 0.00 %  % || S(l=0) ave= 1.017E-04 +/- 0.20 % S(l=1) ave= 1.287E-04 +/- 11.82 % S(l=2) ave= 0.000E+00 +/- 0.00 % S(l=3) ave= 0.000E+00 +/- 0.00 %  % || Fis(th) ave= 1.982E-05 b. +/- 11.72 %
 ... random file  13 Cap(th)  ave= 2.679E+00 b. +/- 1.13 % || Ela(th) ave= 9.532E+00 b. +/- 14.46 % || RIcap ave= 2.74E+02 b. +/- 0.64 % || Macs30 ave= 7.84E-01 b. +/- 0.05 % || Gn^0(l=0) ave= 2.273E-03 +/- 0.17 % Gn^0(l=1) ave= 2.206E-03 +/- 11.41 % Gn^0(l=2) ave= 0.000E+00 +/- 0.00 % Gn^0(l=3) ave= 0.000E+00 +/- 0.00 % || Gtotal(l=0) ave= 0.000E+00 +/- 0.00 % Gtotal(l=1) ave= 0.000E+00 +/- 0.00 % Gtotal(l=2) ave= 0.000E+00 +/- 0.00 % Gtotal(l=3) ave= 0.000E+00 +/- 0.00 %  % || Gg(l=0) ave= 2.397E-02 +/- 0.06 % Gg(l=1) ave= 2.393E-02 +/- 0.04 % Gg(l=2) ave= 0.000E+00 +/- 0.00 % Gg(l=3) ave= 0.000E+00 +/- 0.00 %  % || D(l=0) ave= 2.237E+01 +/- 0.03 % D(l=1) ave= 8.277E+00 +/- 0.03 % D(l=2) ave= 0.000E+00 +/- 0.00 % D(l=3) ave= 0.000E+00 +/- 0.00 %  % || S(l=0) ave= 1.017E-04 +/- 0.19 % S(l=1) ave= 1.291E-04 +/- 11.40 % S(l=2) ave= 0.000E+00 +/- 0.00 % S(l=3) ave= 0.000E+00 +/- 0.00 %  % || Fis(th) ave= 1.989E-05 b. +/- 11.32 %
 ... random file  14 Cap(th)  ave= 2.678E+00 b. +/- 1.10 % || Ela(th) ave= 9.933E+00 b. +/- 20.19 % || RIcap ave= 2.74E+02 b. +/- 0.62 % || Macs30 ave= 7.84E-01 b. +/- 0.05 % || Gn^0(l=0) ave= 2.273E-03 +/- 0.17 % Gn^0(l=1) ave= 2.153E-03 +/- 14.59 % Gn^0(l=2) ave= 0.000E+00 +/- 0.00 % Gn^0(l=3) ave= 0.000E+00 +/- 0.00 % || Gtotal(l=0) ave= 0.000E+00 +/- 0.00 % Gtotal(l=1) ave= 0.000E+00 +/- 0.00 % Gtotal(l=2) ave= 0.000E+00 +/- 0.00 % Gtotal(l=3) ave= 0.000E+00 +/- 0.00 %  % || Gg(l=0) ave= 2.397E-02 +/- 0.06 % Gg(l=1) ave= 2.393E-02 +/- 0.05 % Gg(l=2) ave= 0.000E+00 +/- 0.00 % Gg(l=3) ave= 0.000E+00 +/- 0.00 %  % || D(l=0) ave= 2.237E+01 +/- 0.03 % D(l=1) ave= 8.277E+00 +/- 0.03 % D(l=2) ave= 0.000E+00 +/- 0.00 % D(l=3) ave= 0.000E+00 +/- 0.00 %  % || S(l=0) ave= 1.017E-04 +/- 0.19 % S(l=1) ave= 1.260E-04 +/- 14.57 % S(l=2) ave= 0.000E+00 +/- 0.00 % S(l=3) ave= 0.000E+00 +/- 0.00 %  % || Fis(th) ave= 1.966E-05 b. +/- 11.87 %
 ... random file  15 Cap(th)  ave= 2.676E+00 b. +/- 1.12 % || Ela(th) ave= 9.761E+00 b. +/- 21.03 % || RIcap ave= 2.74E+02 b. +/- 0.63 % || Macs30 ave= 7.84E-01 b. +/- 0.05 % || Gn^0(l=0) ave= 2.273E-03 +/- 0.16 % Gn^0(l=1) ave= 2.245E-03 +/- 20.80 % Gn^0(l=2) ave= 0.000E+00 +/- 0.00 % Gn^0(l=3) ave= 0.000E+00 +/- 0.00 % || Gtotal(l=0) ave= 0.000E+00 +/- 0.00 % Gtotal(l=1) ave= 0.000E+00 +/- 0.00 % Gtotal(l=2) ave= 0.000E+00 +/- 0.00 % Gtotal(l=3) ave= 0.000E+00 +/- 0.00 %  % || Gg(l=0) ave= 2.397E-02 +/- 0.06 % Gg(l=1) ave= 2.393E-02 +/- 0.05 % Gg(l=2) ave= 0.000E+00 +/- 0.00 % Gg(l=3) ave= 0.000E+00 +/- 0.00 %  % || D(l=0) ave= 2.237E+01 +/- 0.03 % D(l=1) ave= 8.277E+00 +/- 0.03 % D(l=2) ave= 0.000E+00 +/- 0.00 % D(l=3) ave= 0.000E+00 +/- 0.00 %  % || S(l=0) ave= 1.017E-04 +/- 0.18 % S(l=1) ave= 1.313E-04 +/- 20.78 % S(l=2) ave= 0.000E+00 +/- 0.00 % S(l=3) ave= 0.000E+00 +/- 0.00 %  % || Fis(th) ave= 1.950E-05 b. +/- 12.02 %
 ... random file  16 Cap(th)  ave= 2.675E+00 b. +/- 1.09 % || Ela(th) ave= 1.000E+01 b. +/- 22.15 % || RIcap ave= 2.74E+02 b. +/- 0.62 % || Macs30 ave= 7.84E-01 b. +/- 0.06 % || Gn^0(l=0) ave= 2.273E-03 +/- 0.16 % Gn^0(l=1) ave= 2.297E-03 +/- 21.75 % Gn^0(l=2) ave= 0.000E+00 +/- 0.00 % Gn^0(l=3) ave= 0.000E+00 +/- 0.00 % || Gtotal(l=0) ave= 0.000E+00 +/- 0.00 % Gtotal(l=1) ave= 0.000E+00 +/- 0.00 % Gtotal(l=2) ave= 0.000E+00 +/- 0.00 % Gtotal(l=3) ave= 0.000E+00 +/- 0.00 %  % || Gg(l=0) ave= 2.397E-02 +/- 0.06 % Gg(l=1) ave= 2.393E-02 +/- 0.05 % Gg(l=2) ave= 0.000E+00 +/- 0.00 % Gg(l=3) ave= 0.000E+00 +/- 0.00 %  % || D(l=0) ave= 2.237E+01 +/- 0.03 % D(l=1) ave= 8.276E+00 +/- 0.03 % D(l=2) ave= 0.000E+00 +/- 0.00 % D(l=3) ave= 0.000E+00 +/- 0.00 %  % || S(l=0) ave= 1.017E-04 +/- 0.18 % S(l=1) ave= 1.344E-04 +/- 21.73 % S(l=2) ave= 0.000E+00 +/- 0.00 % S(l=3) ave= 0.000E+00 +/- 0.00 %  % || Fis(th) ave= 1.959E-05 b. +/- 11.73 %
 ... random file  17 Cap(th)  ave= 2.676E+00 b. +/- 1.06 % || Ela(th) ave= 9.805E+00 b. +/- 23.50 % || RIcap ave= 2.74E+02 b. +/- 0.61 % || Macs30 ave= 7.84E-01 b. +/- 0.06 % || Gn^0(l=0) ave= 2.273E-03 +/- 0.15 % Gn^0(l=1) ave= 2.290E-03 +/- 21.25 % Gn^0(l=2) ave= 0.000E+00 +/- 0.00 % Gn^0(l=3) ave= 0.000E+00 +/- 0.00 % || Gtotal(l=0) ave= 0.000E+00 +/- 0.00 % Gtotal(l=1) ave= 0.000E+00 +/- 0.00 % Gtotal(l=2) ave= 0.000E+00 +/- 0.00 % Gtotal(l=3) ave= 0.000E+00 +/- 0.00 %  % || Gg(l=0) ave= 2.397E-02 +/- 0.06 % Gg(l=1) ave= 2.393E-02 +/- 0.05 % Gg(l=2) ave= 0.000E+00 +/- 0.00 % Gg(l=3) ave= 0.000E+00 +/- 0.00 %  % || D(l=0) ave= 2.237E+01 +/- 0.03 % D(l=1) ave= 8.276E+00 +/- 0.03 % D(l=2) ave= 0.000E+00 +/- 0.00 % D(l=3) ave= 0.000E+00 +/- 0.00 %  % || S(l=0) ave= 1.017E-04 +/- 0.17 % S(l=1) ave= 1.339E-04 +/- 21.24 % S(l=2) ave= 0.000E+00 +/- 0.00 % S(l=3) ave= 0.000E+00 +/- 0.00 %  % || Fis(th) ave= 1.963E-05 b. +/- 11.42 %
 ... random file  18 Cap(th)  ave= 2.678E+00 b. +/- 1.07 % || Ela(th) ave= 9.954E+00 b. +/- 23.41 % || RIcap ave= 2.74E+02 b. +/- 0.61 % || Macs30 ave= 7.84E-01 b. +/- 0.06 % || Gn^0(l=0) ave= 2.273E-03 +/- 0.15 % Gn^0(l=1) ave= 2.328E-03 +/- 21.53 % Gn^0(l=2) ave= 0.000E+00 +/- 0.00 % Gn^0(l=3) ave= 0.000E+00 +/- 0.00 % || Gtotal(l=0) ave= 0.000E+00 +/- 0.00 % Gtotal(l=1) ave= 0.000E+00 +/- 0.00 % Gtotal(l=2) ave= 0.000E+00 +/- 0.00 % Gtotal(l=3) ave= 0.000E+00 +/- 0.00 %  % || Gg(l=0) ave= 2.397E-02 +/- 0.06 % Gg(l=1) ave= 2.393E-02 +/- 0.05 % Gg(l=2) ave= 0.000E+00 +/- 0.00 % Gg(l=3) ave= 0.000E+00 +/- 0.00 %  % || D(l=0) ave= 2.237E+01 +/- 0.02 % D(l=1) ave= 8.276E+00 +/- 0.03 % D(l=2) ave= 0.000E+00 +/- 0.00 % D(l=3) ave= 0.000E+00 +/- 0.00 %  % || S(l=0) ave= 1.017E-04 +/- 0.17 % S(l=1) ave= 1.362E-04 +/- 21.52 % S(l=2) ave= 0.000E+00 +/- 0.00 % S(l=3) ave= 0.000E+00 +/- 0.00 %  % || Fis(th) ave= 1.953E-05 b. +/- 11.38 %
 ... random file  19 Cap(th)  ave= 2.678E+00 b. +/- 1.05 % || Ela(th) ave= 1.007E+01 b. +/- 23.12 % || RIcap ave= 2.74E+02 b. +/- 0.60 % || Macs30 ave= 7.84E-01 b. +/- 0.06 % || Gn^0(l=0) ave= 2.273E-03 +/- 0.15 % Gn^0(l=1) ave= 2.305E-03 +/- 21.64 % Gn^0(l=2) ave= 0.000E+00 +/- 0.00 % Gn^0(l=3) ave= 0.000E+00 +/- 0.00 % || Gtotal(l=0) ave= 0.000E+00 +/- 0.00 % Gtotal(l=1) ave= 0.000E+00 +/- 0.00 % Gtotal(l=2) ave= 0.000E+00 +/- 0.00 % Gtotal(l=3) ave= 0.000E+00 +/- 0.00 %  % || Gg(l=0) ave= 2.397E-02 +/- 0.06 % Gg(l=1) ave= 2.393E-02 +/- 0.05 % Gg(l=2) ave= 0.000E+00 +/- 0.00 % Gg(l=3) ave= 0.000E+00 +/- 0.00 %  % || D(l=0) ave= 2.237E+01 +/- 0.02 % D(l=1) ave= 8.276E+00 +/- 0.03 % D(l=2) ave= 0.000E+00 +/- 0.00 % D(l=3) ave= 0.000E+00 +/- 0.00 %  % || S(l=0) ave= 1.017E-04 +/- 0.16 % S(l=1) ave= 1.349E-04 +/- 21.62 % S(l=2) ave= 0.000E+00 +/- 0.00 % S(l=3) ave= 0.000E+00 +/- 0.00 %  % || Fis(th) ave= 1.925E-05 b. +/- 12.98 %
 ... random file  20 Cap(th)  ave= 2.674E+00 b. +/- 1.16 % || Ela(th) ave= 9.901E+00 b. +/- 24.23 % || RIcap ave= 2.74E+02 b. +/- 0.60 % || Macs30 ave= 7.84E-01 b. +/- 0.06 % || Gn^0(l=0) ave= 2.273E-03 +/- 0.14 % Gn^0(l=1) ave= 2.283E-03 +/- 21.78 % Gn^0(l=2) ave= 0.000E+00 +/- 0.00 % Gn^0(l=3) ave= 0.000E+00 +/- 0.00 % || Gtotal(l=0) ave= 0.000E+00 +/- 0.00 % Gtotal(l=1) ave= 0.000E+00 +/- 0.00 % Gtotal(l=2) ave= 0.000E+00 +/- 0.00 % Gtotal(l=3) ave= 0.000E+00 +/- 0.00 %  % || Gg(l=0) ave= 2.397E-02 +/- 0.06 % Gg(l=1) ave= 2.393E-02 +/- 0.05 % Gg(l=2) ave= 0.000E+00 +/- 0.00 % Gg(l=3) ave= 0.000E+00 +/- 0.00 %  % || D(l=0) ave= 2.237E+01 +/- 0.02 % D(l=1) ave= 8.276E+00 +/- 0.03 % D(l=2) ave= 0.000E+00 +/- 0.00 % D(l=3) ave= 0.000E+00 +/- 0.00 %  % || S(l=0) ave= 1.017E-04 +/- 0.16 % S(l=1) ave= 1.335E-04 +/- 21.76 % S(l=2) ave= 0.000E+00 +/- 0.00 % S(l=3) ave= 0.000E+00 +/- 0.00 %  % || Fis(th) ave= 1.907E-05 b. +/- 13.47 %
 ... Histogram plot for thermal (n,g)
 ... Write covariances  ... MT1  ... plot correlations
 ... MT2  ... MT18  ... MT102 


 ================================================
 ============== From 20 random values === start ======
 Thermal (n,tot) xs  0 K =  12.5756 b. +/- 2.40555 b. ( 19.1287 %) skew= +0.44 +/- 0.50
 Thermal (n,el) xs   0 K =  9.90124 b. +/- 2.39873 b. ( 24.2265 %) skew= +0.46 +/- 0.50
 Thermal (n,f) xs    0 K = 1.90656e-05 b. +/- 2.5679e-06 b. ( 13.4688 %) skew= +0.07 +/- 0.50
 Thermal (n,g) xs    0 K =  2.67433 b. +/- 0.030964 b. ( 1.15783 %) skew= +0.01 +/- 0.50
 RI      (n,g)       0 K =  274.116 b. +/- 1.63794 b. ( 0.597533 %) 
 MACS    (n,g)       0 K (at Emacs= 30000 eV) =  0.783775 b. +/- 0.000484833 b. ( 0.0618587 %) 
 Ave. Gn^(0)  L=0        =  2.273E-03 +/- 0.14 %
 Ave. Gg      L=0        =  2.397E-02 +/- 0.06 %
 Ave. D       L=0        =  2.237E+01 +/- 0.02 %
 Ave. S       L=0        =  1.017E-04 +/- 0.16 %
 Ave. Gg      L=1        =  2.393E-02 +/- 0.05 %
 Ave. D       L=1        =  8.276E+00 +/- 0.03 %
 Ave. S       L=1        =  1.335E-04 +/- 21.76 %

 Expected Thermal (n,g) (syst or meas)= 2.682 b. +/- 0.1341 b. nominal: 2.68241 b.
 ratio Calculated/expected thermal (n,g): 1.00 ratio DCalculated/Dexpected: 0.23 ratio Calculated/Nominal: 1.00
 ============== From 20 random values ===== stop ======
 ================================================
 ... Calculation of (n,a) and (n,p) cross sections at 300 K
 ... thermal (n,a) cross section is 1.69752e-13 +/- 8.4876e-14 b.
 ... thermal (n,a) cross section is 0 b. (random case 1)
 ... thermal (n,a) cross section is 0 b. (random case 2)
 ... thermal (n,a) cross section is 0 b. (random case 3)
 ... thermal (n,a) cross section is 0 b. (random case 4)
 ... thermal (n,a) cross section is 0 b. (random case 5)
 ... thermal (n,a) cross section is 0 b. (random case 6)
 ... thermal (n,a) cross section is 0 b. (random case 7)
 ... thermal (n,a) cross section is 0 b. (random case 8)
 ... thermal (n,a) cross section is 0 b. (random case 9)
 ... thermal (n,a) cross section is 0 b. (random case 10)
 ... thermal (n,a) cross section is 0 b. (random case 11)
 ... thermal (n,a) cross section is 0 b. (random case 12)
 ... thermal (n,a) cross section is 0 b. (random case 13)
 ... thermal (n,a) cross section is 0 b. (random case 14)
 ... thermal (n,a) cross section is 0 b. (random case 15)
 ... thermal (n,a) cross section is 0 b. (random case 16)
 ... thermal (n,a) cross section is 0 b. (random case 17)
 ... thermal (n,a) cross section is 0 b. (random case 18)
 ... thermal (n,a) cross section is 0 b. (random case 19)
 ... thermal (n,a) cross section is 0 b. (random case 20)
 ... (n,p) Q-value negative for this element
 ... Rewrite index for MF2
 ... Write text for MF1 in file mf1.tares.txt
 ... plotting cross sections for the MF1
 ... order output files

 ............................................................ 
 ...                                                      ... 
 ... MF2 format selection for the final file: n-U238.mf2.rm
 ... MF2 format : rm
 ... cross section values for the final mf2 file: START   ... 
 ... Import MF2 from TARES calculations
 ... End energy of TARES MF2 : 2.000000E+4 eV and limit to 40000 resonances
 ... File used for reconstruction: n-U238.mf2.reconst
 ... run RECENT ...
 ... Doppler broadened at a unique temperature: 0 Kelvin using sigma1
 ... The keyword temperature is zero, no Doppler broadening for the MACS

 ============== INTER values at 0 Kelvin ==============
 Thermal (n,g) xs =  2.68241 b. (meas/sys: 2.682 b.) (warning: comparison to be done at 296 or 300 K)
 Th Maxw (n,g) xs =  2.6879 b. (thermal Maxwellian value)
 Westcott factor  =  1.00205
 RI      (n,g)    =  274.548 b. (meas or sys: 277 b.)
 MACS 3.000e+04 eV=  0.18418 b. (meas or sys: - b.) from 1.00E+00 to 2.00E+07 eV (end of RRR) at T= 0 Kelvin 
 Thermal (n,el) xs=  9.21999 b.
 RI      (n,el)   =  296.95 b.
 Thermal (n,f) xs =  1.85009e-05 b. (meas/sys: 1.85e-05 +/- 1.48e-05 b.)
 RI      (n,f) xs =  0.00183241 b. (meas/sys: 0.00163 +/- 0.00016 b.)
 ============= PSYCHE values ==============
 Ave. Gn_0    L0  =  0.00227146
 Ave. Gn_0    L1  =  0.00221374
 Ave. Gg      L0  =  0.0239697 eV
 Ave. Gg      L1  =  0.0239254 eV
 Ave. D       L0  =  22.3714 eV
 Ave. D       L1  =  8.27815 eV
 Ave. S       L0  =  0.000101648 eV
 Ave. S       L1  =  0.00012945 eV
 =========================================
 ... cross section values for the final mf2 file: END     ... 
 ...                                                      ... 
 ............................................................ 


================== summary ==================
 Thermal (n,tot) xs = 11.9024 b. (recommended: 10.55 b.)
 Thermal (n,el)  xs = 9.21999 b. 
 Thermal (n,g)   xs = 2.68241 b. (meas/sys: 2.682 b.)
 Thermal (n,f)   xs = 1.85009e-05 b. (meas/sys: 1.85e-05 +/- 1.48e-05 b.)

 RI      (n,g)      = 274.548 b. (meas or sys: 277 b.)
 RI      (n,el)     = 296.95 b.
 RI      (n,f)      = 0.00183241 b. (meas/sys: 0.00163 +/- 0.00016 b.)
=============================================


 ... cleaning
                                                 
  -------------------------------------------------------------
  -                                                           -
  - TARES: successful end of run with data from the database  -
  -             for Z= 92, A= 238 and isomer= 0               -
  -                                                           -
  -------------------------------------------------------------

   Running time:       5108 seconds

 End time: Wed Oct  7 12:08:23 2026

