
  -------------------------------------------------------------
  -                                                           -
  -              Welcome to TARES version 1.8                 -
  -                                                           -
  -  (C) Copyright 2007-2025 D. Rochman, All Rights Reserved  -
  -           NRG, Petten, the Netherlands 2007-2014          -
  -           PSI, Villigen    Switzerland 2015-2025          -
  -         Nagra, Wettingen   Switzerland 2025-              -
  -           (Last Modified October 06, 2026)                -
  -           (Database from October 06, 2026)                -
  -                                                           -
  -------------------------------------------------------------


  ---------------------------------------------
   Compilation information:
   Compiled on:         Oct  7 2026, 09:32:19
   Compiled by:         koning
   Compiler version:    clang++ - 21.0.0
   Source location:     /Users/koning/tares-1.8/source/Module/
   Binaries location:   /Users/koning/bin
   System:              Darwin 25.6.0
   System version:      Darwin Kernel Version 25.6.0: Fri Jul 31 19:19:08 PDT 2026; root:xnu-12377.161.14~5/RELEASE_ARM64_T6050  
   Machine:             arm64 
  ---------------------------------------------

   User information:
   User name:           koning
   Running directory:   /Users/koning/tendl/resbase/Ir192m/work
   Owner mode for running directory : rwx
   Group mode for running directory : r-x
  ---------------------------------------------


 Starting time: Wed Oct  7 09:58:28 2026
 ... inputs directory found (/Users/koning/tares-1.8/source/Module//../../inputs/).
 ... It will be used for resonance parameters 
 ... ###############################################
 ... #     read the input file tares.inp
 ... ###############################################
 ... line: #
 ... line: # Input file generated by Autorochman
          --> line not read
 ... line: #
 ... line: isotope    Ir
          --> Isotope name: Ir
 ... line: mass       192
          --> isotopic mass: 192
 ... line: output     n-Ir192m
         ---> Name of the output files: n-Ir192m
 ... line: isomer     1
          --> isomeric state: 1
 ... line: mf32mf33   y
          --> MF33 based on MF32: y
 ... line: nbrRandom  6
          --> Nbr of random files: 6
 ... ###############################################
 ... # end read the input file tares.inp
 ... ###############################################
Value for random generator type not considered in since Tares 1.7 due to compilation issues

 ... ###############################################
     #   Interpretation of the Input definition    #
     ###############################################

 ... Default energy limit: End of resonance region
 ... Nuclear charge    = 77
 ... Element           = Ir
 ... Mass              = 192
 ... Isomer            = 1
 ... Correlation for (Gn,Gg) not included in random files
 ... Default random option: No random
 ... Output name: n-Ir192m
 ... Energy for the MACS: 30000 eV
 ... Resonances from CALENDF reduced (reduce=y) 
 ... For URR, level density model from TALYS selected: 91n3n12611.2850 (see manual for description)
 ... Random Generator: default (pseudo random numbers from ansi c++)
 ... Reconstruction of cross section selected
 ... Doppler broadening at 0 Kelvin
 ... URR not included (from the input file flag)
 ... Weight for grouping is flat
 ... Calculation of (n,alpha) cross section selected
 ... Number of digit for MF32c covariance representation: 2
 ... MF32 included
 ... MF33 will be used for covariance processing
 ... TENDL option set to yes (automatic choice of MF2 and format)
 ... Isotope not found in the best file --> use of MLBW formalism
 ... default option: Multi level Breit Wigner approximation selected
 ... (check file best.tendl.yes for changing this option)
 ... Retroactive option set to no with the 2025 option

 ... ###############################################
     #           End of Input definition           #
     ###############################################

 ... gnuplot found, will be used for plotting
 ... latex found, will be used for plotting
 ... dvips found, will be used for plotting
 ... ps2epsi not found, limited plotting available
 ... uncertainties on default parameters multiplied by 1.48053
 ... Read resonance data from the 2025 directory
 ... Resonance parameters taken from /Users/koning/tares-1.8/source/Module//../../inputs/2025/Resonance/default/
 ---> Processing Z= 77 and A= 192 and isomer= 1 (level number: 3)
 Exfor path; Could not find /Users/koning/tares-1.8/source/Module//../../inputs/exfor/Ir192m/xs/102
Thermal file; Could not open file /Users/koning/tares-1.8/source/Module//../../inputs/2025/runThermal/results//thermal.mxw.ng.cendl3.1
Thermal file; Could not open file /Users/koning/tares-1.8/source/Module//../../inputs/2025/runThermal/results//thermal.mxw.ng.brond3.1
Thermal file; Could not open file /Users/koning/tares-1.8/source/Module//../../inputs/2025/runThermal/results//thermal.xs.ng.unc.cendl3.1
 ... spin taken from the final/ directory (1)
 ... The spin found in level file ( 1 ) and the one in the urr file ( 5.5 ) differ

 ... ###############################################
 ... #  Nucleus global parameters (2025 database)  #
 ... ###############################################
 0. Half-life: 1.45 min. 
 ... Scattering radius from TALYS: /Users/koning/tares-1.8/source/Module//../../inputs/2025/lib.urr/talys.urr/
 1. Spin of the target isotope: 1
 2. Relative Atomic Mass of the target isotope: 191.962
 3. Level of the isomer: 0.056720 MeV (level number 3)
 4. Scattering radius (local compilation): 7.65285 fm +/- 0.16071 fm
      .......................................
      ... Thermal capture cross sections: ...
 ... ratio of 1.03726 applied for isomeric cross section (isomer/ground)
 5. Thermal (n,g) cross section from systematics: 1638.88 +/- 1147.21 b.
 6. Thermal (n,g) cross section from compilation (Firestone-2022 average on element Ir): 460 +/- 23 b.
 7. Thermal (n,g) cross section from compilation (Firestone-2022 final on element Ir): 427 +/- 8 b.
      .......................................
      ...  Thermal total cross sections:  ...
      .......................................
      ... Thermal elastic cross sections: ...
 8. Thermal (n,el) cross section from potential (4piR^2): 9.6178 +/- 0.48089 b.
      .......................................
             ... Resonance integral: ...
 9. No capture integral found in /Users/koning/tares-1.8/source/Module//../../inputs/capture.integral
 ... no RI(n,g) found in local compilation, take 2018 value.
 ... no RI(n,g) found in local compilation, take Sukhoruchkin value.
   ---- MACS 30 keV ----- 
 10. TALYS MACS 30 keV (HF): 0.0359089 b. 
 11. Recommended MACS 30 keV from EAF: 2.08 b. 
   ---------- S0 -------- 
 12. S0 from TALYS: 1.51831
 13. Experimental S0: 3.7 +/- 1.8
   ---------- S1 -------- 
 14. S1 from TALYS: 0.391446
   ---------- S2 -------- 
 15. S2 from TALYS: 3.6984
   ---------- D0 -------- 
 16. D0 from TALYS: 1.2446 eV
 17. Experimental D0: 0.64 +/- 0.3 eV
   ---------- D1 -------- 
 18. D1 from TALYS: 0.6418 eV
   ---------- D2 -------- 
 19. D2 from TALYS: 0.401046 eV
   ---------- G0 -------- 
 20. Experimental average Gg0: 0.094 +/- 0.006 eV
 21. Gg0 from TALYS: 0.107078 eV
   ---------- G1 -------- 
 22. Gg1 from TALYS: 0.105255 eV
   ---------- G2 -------- 
 23. Gg2 from TALYS: 0.107078 eV


   ---------------------- 
 ... Read resonance parameters (format: 2: Multi Level Breit Wigner)
 ... 0 resonances found 
 ... possibly no resonances in the Resonance directory for this isotope and options
 ... Use HFR (ladder) behavior 
 --> 25. Number of resonances from the input file: 2 up to 0.622302 eV
 26. Read nuclear quantities (mass, MAT...)
 27. Read thermal (n,g) xs 
 28. Read the scattering radius 
 29. Read uncertainty on Gg for 2 resonances
 30. Read uncertainty on Gg for 2 resonances ... done
 ... order resonances 
 ... Upper limit for the RRR: 0.622302 eV (no statistical resonances HFR) from the limit.RRR file
 ... Write parameters for l=0 waves
 ... End writing original MF2 
 ... No RRR in the database: uncertainties on default parameters multiplied by 1.99753
 ... Enter in urr function (ladder option set to y) for file n-Ir192m
 ... read the file /Users/koning/tares-1.8/source/Module//../../inputs/2025/list.jcs.urr to find URR origin
 Default URR taken from TALYS calculations with level density model: 91n3n12611.2850
 File considered for the URR: /Users/koning/tares-1.8/source/Module//../../inputs/2025/lib.urr/talys.urr/91n3n12611.2850/Ir/urr/urr.dat.Ir.192.003.1.gz
 ... Write URR using TALYS average parameters (used for HFR)
 ... Limit of URR changed to 25 keV (recommendation from WPEC and JEFF)
 ... Extract the Sn value from file ./urr.dat.Ir.192.3.1
 ... found Sn= 7.77199 MeV
 ... estimated number of resonances up to 3311.05 eV:  1 resonances
 ... This is a test here. The higher energy limit to include URR data for calendf is set to max Sn. 24/03/2016
 ... Use Sn to define the maximum energy for the URR: Sn= 7.77199 MeV --> last_energyURR= 3311.05 eV
 ... read D0, S0, Gn and Gg
 ... number of URR energies: 1737
 Number of l: 1737 and last energy: 9
 Last  URR energy: 3311.05 eV
 ... Enter in to_MLBW_mf2 function
 ... Convert to Multi Level Breit Wigner (MLBW)
 ... Write parameter covariances (MF32) for l=0
 ... Convert parameter covariances (MF32) to MLBW
 ... copy the mf2 and mf32 to .mlbw files
 ... Enter in urr_correct function case 1
 Modify the higher limit of RRR in MF2
 --> old value: 6.254140-1 eV new value: 1.000000-2 eV
 Modify resonance covariances (MF32) to include correlations in the URR
 End Modify resonance covariances (MF32) to include correlations in the URR
 ... Enter in calendf_xs function
 Use CALENDF for statistical resonances (update MF2) up to 3.311050+3 eV (initial limit)
 Extract resonances from CALENDF for RRR->URR 2
 More than 5000 resonances found (16746 statistical resonances found)
 After reduction, 9237 statistical resonances found
 ... checking resonance order 1
 ... checking resonance order 2nd round for 9212 resonances
 ... end checking resonance order 2nd round
 Too many resonances (9212): reduced to 100.
 .......................................................
 ... Adjustment to the thermal cross section : start ...
 .......................................................
 ... ratio of 1.03726 applied for isomeric cross section (isomer/ground)

 Before adjustment (adjustment to the thermal cross section set to y)
 ... Import MF2 from TARES calculations
 ... End energy of TARES MF2 : 2.448053E+2 eV and limit to 40000 resonances
 ... File used for reconstruction: new.temp22.reconst
 ... run RECENT ...
 ... Doppler broadened at a unique temperature: 300 Kelvin using sigma1
 ... run SIGMA1 at 3.000000E+02 K.

 ============== INTER values at 300 Kelvin ==============
 Thermal (n,g) xs =  3.35077 b. (meas/sys: 1638.88 b.) (warning: comparison to be done at 296 or 300 K)
 Th Maxw (n,g) xs =  3.3783 b. (thermal Maxwellian value)
 Westcott factor  =  1.00823
 RI      (n,g)    =  181.784 b. (meas or sys: - b.)
 MACS 3.000e+04 eV=  1.8722 b. (meas or sys: - b.) from 1.00E+00 to 2.00E+07 eV (end of RRR) at T= 300 Kelvin 
 Thermal (n,el) xs=  6.62526 b.
 RI      (n,el)   =  50.5378 b.
 ============= PSYCHE values ==============
 Ave. G_total L0  =  0.112157 eV
 Ave. G_total L1  =  0.103548 eV
 Ave. Gn_0    L0  =  0.000574423
 Ave. Gn_0    L1  =  0.000270545
 Ave. Gg      L0  =  0.105912 eV
 Ave. Gg      L1  =  0.103546 eV
 Ave. D       L0  =  5.10011 eV
 Ave. D       L1  =  5.56376 eV
 Ave. S       L0  =  5.01248e-05 eV
 Ave. S       L1  =  9.76399e-06 eV
 =========================================
 Calculated capture integral   181.784 b.
 Calculated thermal (n,g)=          3.35077004 b. and recommended= 1638.88 b. (C/E= 0.00204455)
 Calculated RI      (n,g)= 181.784 b. (no reference value)
 ... tolerances: thermal (n,g) 20 % (reference uncertainties, minimum 2% and 5%, maximum 20%)
 Adjust the capture widths ...
 ... capture adjusted with Gn for 100 resonances (Gn<Gg) and with Gg for 0 resonances
 ... iteration 0: C/E thermal (n,g)= 0.00204455
 Warning: 100 widths limited to a change of a factor 10 from their starting values

 <-------- After adjustment -------->
 ... Import MF2 from TARES calculations
 ... End energy of TARES MF2 : 2.448053E+2 eV and limit to 40000 resonances
 ... File used for reconstruction: new.temp22.reconst
 ... run RECENT ...
 ... Doppler broadened at a unique temperature: 300 Kelvin using sigma1
 ... run SIGMA1 at 3.000000E+02 K.

 ============== INTER values at 300 Kelvin ==============
 Thermal (n,g) xs =  33.5077 b. (meas/sys: 1638.88 b.) (warning: comparison to be done at 296 or 300 K)
 Th Maxw (n,g) xs =  33.783 b. (thermal Maxwellian value)
 Westcott factor  =  1.00823
 RI      (n,g)    =  969.027 b. (meas or sys: - b.)
 MACS 3.000e+04 eV=  1.8748 b. (meas or sys: - b.) from 1.00E+00 to 2.00E+07 eV (end of RRR) at T= 300 Kelvin 
 Thermal (n,el) xs=  1.82434 b.
 RI      (n,el)   =  432.241 b.
 ============= PSYCHE values ==============
 Ave. G_total L0  =  0.168358 eV
 Ave. G_total L1  =  0.103564 eV
 Ave. Gn_0    L0  =  0.00574423
 Ave. Gn_0    L1  =  0.00270545
 Ave. Gg      L0  =  0.105912 eV
 Ave. Gg      L1  =  0.103546 eV
 Ave. D       L0  =  5.10011 eV
 Ave. D       L1  =  5.56376 eV
 Ave. S       L0  =  0.000501248 eV
 Ave. S       L1  =  9.76399e-05 eV
 =========================================
 ... iteration 1: C/E thermal (n,g)= 0.0204455
 Warning: 100 widths limited to a change of a factor 10 from their starting values

 <-------- After adjustment -------->
 ... Import MF2 from TARES calculations
 ... End energy of TARES MF2 : 2.448053E+2 eV and limit to 40000 resonances
 ... File used for reconstruction: new.temp22.reconst
 ... run RECENT ...
 ... Doppler broadened at a unique temperature: 300 Kelvin using sigma1
 ... run SIGMA1 at 3.000000E+02 K.

 ============== INTER values at 300 Kelvin ==============
 Thermal (n,g) xs =  33.5077 b. (meas/sys: 1638.88 b.) (warning: comparison to be done at 296 or 300 K)
 Th Maxw (n,g) xs =  33.783 b. (thermal Maxwellian value)
 Westcott factor  =  1.00823
 RI      (n,g)    =  969.027 b. (meas or sys: - b.)
 MACS 3.000e+04 eV=  1.8748 b. (meas or sys: - b.) from 1.00E+00 to 2.00E+07 eV (end of RRR) at T= 300 Kelvin 
 Thermal (n,el) xs=  1.82434 b.
 RI      (n,el)   =  432.241 b.
 ============= PSYCHE values ==============
 Ave. G_total L0  =  0.168358 eV
 Ave. G_total L1  =  0.103564 eV
 Ave. Gn_0    L0  =  0.00574423
 Ave. Gn_0    L1  =  0.00270545
 Ave. Gg      L0  =  0.105912 eV
 Ave. Gg      L1  =  0.103546 eV
 Ave. D       L0  =  5.10011 eV
 Ave. D       L1  =  5.56376 eV
 Ave. S       L0  =  0.000501248 eV
 Ave. S       L1  =  9.76399e-05 eV
 =========================================
 ... iteration 2: C/E thermal (n,g)= 0.0204455
 Warning: no further change possible (widths at the limit of a factor 10): adjustment stopped


 ... ratio C/E thermal (n,g): 2.044551E-02
 ...................................................... 
 ... Adjustment to the thermal cross section : stop ...
 ...................................................... 
 ... new MF2 file after adjustment: n-Ir192m
 ... read the file /Users/koning/tares-1.8/source/Module//../../inputs/2025/list.jcs.urr to find URR origin
 Default URR taken from TALYS calculations with level density model: 91n3n12611.2850
 File considered for the URR: /Users/koning/tares-1.8/source/Module//../../inputs/2025/lib.urr/talys.urr/91n3n12611.2850/Ir/urr/urr.dat.Ir.192.003.1.gz
 ... Write URR using TALYS average parameters (not used for HFR)
 ... Limit of URR changed to 25 keV (recommendation from WPEC and JEFF)
 ... read D0, S0, Gn and Gg
 ... number of URR energies: 648
 Number of l: 648 and last energy: 9
 Last  URR energy: 12854.2 eV
 Energies in the URR : 648 -> reduced by a factor 2
 ... Enter in urr_correct function case 2
 Modify the higher limit of RRR in MF2
 --> old value: 2.448053+2 eV new value: 2.448053+2 eV
 Modify resonance covariances (MF32) to include correlations in the URR
 End Modify resonance covariances (MF32) to include correlations in the URR
 ... Enter in update_MF32 function
 ... Change uncertainties
 ... for the HFR, random position of the positive resonances with 0.020000 %
 ... end of update MF32 function
 ... GLS calculation of the parameter correlations from the thermal/RI adjustment (MF32c)
 ... MF32: correlations from the thermal/RI adjustment (GLS) for 6 resonances (12 widths), 0 correlation lines
 ...   thermal (n,g): uncertainty from these widths 10.5591 b. -> 10.5587 b. (reference: 1638.88 +/- 1147.21 b.)
 ... copy the mf2 and mf32 to .mlbw files

 ... Start of final reconstruction and testing ...
 ... Reconstruction of cross sections at 0 Kelvin  ... Import MF2 from TARES calculations
 ... End energy of TARES MF2 : 2.448053E+2 eV and limit to 40000 resonances
 ... File used for reconstruction: n-Ir192m.reconst
 ... run RECENT ...
 ... Doppler broadened at a unique temperature: 0 Kelvin using sigma1
 ... The keyword temperature is zero, no Doppler broadening for the MACS

 ============== INTER values at 0 Kelvin ==============
 Thermal (n,g) xs =  33.4889 b. (meas/sys: 1638.88 b.) (warning: comparison to be done at 296 or 300 K)
 Th Maxw (n,g) xs =  33.589 b. (thermal Maxwellian value)
 Westcott factor  =  1.00299
 RI      (n,g)    =  968.349 b. (meas or sys: - b.)
 MACS 3.000e+04 eV=  1.8655 b. (meas or sys: - b.) from 1.00E+00 to 2.45E+02 eV (end of RRR) at T= 0 Kelvin 
 Thermal (n,el) xs=  1.81956 b.
 RI      (n,el)   =  431.872 b.
 ============= PSYCHE values ==============
 Ave. G_total L0  =  0.168358 eV
 Ave. G_total L1  =  0.103564 eV
 Ave. Gn_0    L0  =  0.00574423
 Ave. Gn_0    L1  =  0.00270545
 Ave. Gg      L0  =  0.105912 eV
 Ave. Gg      L1  =  0.103546 eV
 Ave. D       L0  =  5.10011 eV
 Ave. D       L1  =  5.56376 eV
 Ave. S       L0  =  0.000501248 eV
 Ave. S       L1  =  9.76399e-05 eV
 =========================================
 ... End of final reconstruction and testing ...

 ... grouping is not optimum, change to 70 groups
 ... Produce MF33 based on MF32 and 6 random files
 ... run endsam for 6 in groups of 1 global run
 ... run endsam from 1 to 6
 ... reorder resonance position after endsam (sampling)
 ... preparing the vectors  ... done
 ... nominal file 0 Cap(th)  ave= 3.349E+01 b. +/- 0.00 % || Ela(th) ave= 1.820E+00 b. +/- 0.00 % || RIcap ave= 9.10E+02 b. +/- 0.00 % || Macs30 ave= 9.44E+01 b. +/- 0.00 % || Gn^0(l=0) ave= 5.744E-03 +/- 0.00 % Gn^0(l=1) ave= 2.705E-03 +/- 0.00 % Gn^0(l=2) ave= 0.000E+00 +/- 0.00 % Gn^0(l=3) ave= 0.000E+00 +/- 0.00 % || Gtotal(l=0) ave= 1.684E-01 +/- 0.00 % Gtotal(l=1) ave= 1.036E-01 +/- 0.00 % Gtotal(l=2) ave= 0.000E+00 +/- 0.00 % Gtotal(l=3) ave= 0.000E+00 +/- 0.00 %  % || Gg(l=0) ave= 1.059E-01 +/- 0.00 % Gg(l=1) ave= 1.035E-01 +/- 0.00 % Gg(l=2) ave= 0.000E+00 +/- 0.00 % Gg(l=3) ave= 0.000E+00 +/- 0.00 %  % || D(l=0) ave= 5.100E+00 +/- 0.00 % D(l=1) ave= 5.564E+00 +/- 0.00 % D(l=2) ave= 0.000E+00 +/- 0.00 % D(l=3) ave= 0.000E+00 +/- 0.00 %  % || S(l=0) ave= 5.012E-04 +/- 0.00 % S(l=1) ave= 9.764E-05 +/- 0.00 % S(l=2) ave= 0.000E+00 +/- 0.00 % S(l=3) ave= 0.000E+00 +/- 0.00 % 
 ... random file  1 Cap(th)  ave= 3.351E+01 b. +/- 0.06 % || Ela(th) ave= 1.643E+00 b. +/- 10.72 % || RIcap ave= 9.16E+02 b. +/- 0.57 % || Macs30 ave= 9.26E+01 b. +/- 2.02 % || Gn^0(l=0) ave= 5.739E-03 +/- 0.09 % Gn^0(l=1) ave= 2.877E-03 +/- 5.95 % Gn^0(l=2) ave= 0.000E+00 +/- 0.00 % Gn^0(l=3) ave= 0.000E+00 +/- 0.00 % || Gtotal(l=0) ave= 1.684E-01 +/- 0.00 % Gtotal(l=1) ave= 1.036E-01 +/- 0.00 % Gtotal(l=2) ave= 0.000E+00 +/- 0.00 % Gtotal(l=3) ave= 0.000E+00 +/- 0.00 %  % || Gg(l=0) ave= 1.059E-01 +/- 0.00 % Gg(l=1) ave= 1.136E-01 +/- 8.85 % Gg(l=2) ave= 0.000E+00 +/- 0.00 % Gg(l=3) ave= 0.000E+00 +/- 0.00 %  % || D(l=0) ave= 5.100E+00 +/- 0.00 % D(l=1) ave= 5.564E+00 +/- 0.00 % D(l=2) ave= 0.000E+00 +/- 0.00 % D(l=3) ave= 0.000E+00 +/- 0.00 %  % || S(l=0) ave= 5.005E-04 +/- 0.16 % S(l=1) ave= 1.038E-04 +/- 5.94 % S(l=2) ave= 0.000E+00 +/- 0.00 % S(l=3) ave= 0.000E+00 +/- 0.00 % 
 ... random file  2 Cap(th)  ave= 2.906E+01 b. +/- 21.64 % || Ela(th) ave= 1.571E+00 b. +/- 11.23 % || RIcap ave= 8.75E+02 b. +/- 6.52 % || Macs30 ave= 9.11E+01 b. +/- 2.81 % || Gn^0(l=0) ave= 5.733E-03 +/- 0.16 % Gn^0(l=1) ave= 2.934E-03 +/- 5.51 % Gn^0(l=2) ave= 0.000E+00 +/- 0.00 % Gn^0(l=3) ave= 0.000E+00 +/- 0.00 % || Gtotal(l=0) ave= 1.684E-01 +/- 0.00 % Gtotal(l=1) ave= 1.036E-01 +/- 0.00 % Gtotal(l=2) ave= 0.000E+00 +/- 0.00 % Gtotal(l=3) ave= 0.000E+00 +/- 0.00 %  % || Gg(l=0) ave= 1.064E-01 +/- 0.66 % Gg(l=1) ave= 1.113E-01 +/- 7.94 % Gg(l=2) ave= 0.000E+00 +/- 0.00 % Gg(l=3) ave= 0.000E+00 +/- 0.00 %  % || D(l=0) ave= 5.100E+00 +/- 0.00 % D(l=1) ave= 5.564E+00 +/- 0.00 % D(l=2) ave= 0.000E+00 +/- 0.00 % D(l=3) ave= 0.000E+00 +/- 0.00 %  % || S(l=0) ave= 5.003E-04 +/- 0.14 % S(l=1) ave= 1.059E-04 +/- 5.51 % S(l=2) ave= 0.000E+00 +/- 0.00 % S(l=3) ave= 0.000E+00 +/- 0.00 % 
 ... random file  3 Cap(th)  ave= 3.140E+01 b. +/- 21.62 % || Ela(th) ave= 1.706E+00 b. +/- 16.37 % || RIcap ave= 8.72E+02 b. +/- 5.69 % || Macs30 ave= 8.83E+01 b. +/- 5.95 % || Gn^0(l=0) ave= 5.738E-03 +/- 0.21 % Gn^0(l=1) ave= 2.824E-03 +/- 8.37 % Gn^0(l=2) ave= 0.000E+00 +/- 0.00 % Gn^0(l=3) ave= 0.000E+00 +/- 0.00 % || Gtotal(l=0) ave= 1.684E-01 +/- 0.00 % Gtotal(l=1) ave= 1.036E-01 +/- 0.00 % Gtotal(l=2) ave= 0.000E+00 +/- 0.00 % Gtotal(l=3) ave= 0.000E+00 +/- 0.00 %  % || Gg(l=0) ave= 1.079E-01 +/- 2.51 % Gg(l=1) ave= 1.048E-01 +/- 12.91 % Gg(l=2) ave= 0.000E+00 +/- 0.00 % Gg(l=3) ave= 0.000E+00 +/- 0.00 %  % || D(l=0) ave= 5.100E+00 +/- 0.00 % D(l=1) ave= 5.564E+00 +/- 0.00 % D(l=2) ave= 0.000E+00 +/- 0.00 % D(l=3) ave= 0.000E+00 +/- 0.00 %  % || S(l=0) ave= 5.008E-04 +/- 0.20 % S(l=1) ave= 1.020E-04 +/- 8.34 % S(l=2) ave= 0.000E+00 +/- 0.00 % S(l=3) ave= 0.000E+00 +/- 0.00 % 
 ... random file  4 Cap(th)  ave= 3.122E+01 b. +/- 19.48 % || Ela(th) ave= 1.695E+00 b. +/- 14.80 % || RIcap ave= 8.81E+02 b. +/- 5.40 % || Macs30 ave= 8.96E+01 b. +/- 5.94 % || Gn^0(l=0) ave= 5.739E-03 +/- 0.19 % Gn^0(l=1) ave= 2.827E-03 +/- 7.49 % Gn^0(l=2) ave= 0.000E+00 +/- 0.00 % Gn^0(l=3) ave= 0.000E+00 +/- 0.00 % || Gtotal(l=0) ave= 1.684E-01 +/- 0.00 % Gtotal(l=1) ave= 1.036E-01 +/- 0.00 % Gtotal(l=2) ave= 0.000E+00 +/- 0.00 % Gtotal(l=3) ave= 0.000E+00 +/- 0.00 %  % || Gg(l=0) ave= 1.076E-01 +/- 2.35 % Gg(l=1) ave= 1.033E-01 +/- 12.09 % Gg(l=2) ave= 0.000E+00 +/- 0.00 % Gg(l=3) ave= 0.000E+00 +/- 0.00 %  % || D(l=0) ave= 5.100E+00 +/- 0.00 % D(l=1) ave= 5.564E+00 +/- 0.00 % D(l=2) ave= 0.000E+00 +/- 0.00 % D(l=3) ave= 0.000E+00 +/- 0.00 %  % || S(l=0) ave= 5.007E-04 +/- 0.18 % S(l=1) ave= 1.021E-04 +/- 7.45 % S(l=2) ave= 0.000E+00 +/- 0.00 % S(l=3) ave= 0.000E+00 +/- 0.00 % 
 ... random file  5 Cap(th)  ave= 3.198E+01 b. +/- 18.16 % || Ela(th) ave= 1.706E+00 b. +/- 13.50 % || RIcap ave= 8.87E+02 b. +/- 5.12 % || Macs30 ave= 8.97E+01 b. +/- 5.43 % || Gn^0(l=0) ave= 5.767E-03 +/- 1.10 % Gn^0(l=1) ave= 2.817E-03 +/- 6.91 % Gn^0(l=2) ave= 0.000E+00 +/- 0.00 % Gn^0(l=3) ave= 0.000E+00 +/- 0.00 % || Gtotal(l=0) ave= 1.686E-01 +/- 0.27 % Gtotal(l=1) ave= 1.036E-01 +/- 0.00 % Gtotal(l=2) ave= 0.000E+00 +/- 0.00 % Gtotal(l=3) ave= 0.000E+00 +/- 0.00 %  % || Gg(l=0) ave= 1.083E-01 +/- 2.66 % Gg(l=1) ave= 1.044E-01 +/- 11.18 % Gg(l=2) ave= 0.000E+00 +/- 0.00 % Gg(l=3) ave= 0.000E+00 +/- 0.00 %  % || D(l=0) ave= 5.118E+00 +/- 0.79 % D(l=1) ave= 5.564E+00 +/- 0.00 % D(l=2) ave= 0.000E+00 +/- 0.00 % D(l=3) ave= 0.000E+00 +/- 0.00 %  % || S(l=0) ave= 5.014E-04 +/- 0.32 % S(l=1) ave= 1.017E-04 +/- 6.90 % S(l=2) ave= 0.000E+00 +/- 0.00 % S(l=3) ave= 0.000E+00 +/- 0.00 % 
 ... random file  6 Cap(th)  ave= 3.276E+01 b. +/- 17.43 % || Ela(th) ave= 1.747E+00 b. +/- 13.53 % || RIcap ave= 8.97E+02 b. +/- 5.44 % || Macs30 ave= 9.19E+01 b. +/- 7.59 % || Gn^0(l=0) ave= 5.770E-03 +/- 1.03 % Gn^0(l=1) ave= 2.780E-03 +/- 7.26 % Gn^0(l=2) ave= 0.000E+00 +/- 0.00 % Gn^0(l=3) ave= 0.000E+00 +/- 0.00 % || Gtotal(l=0) ave= 1.685E-01 +/- 0.26 % Gtotal(l=1) ave= 1.036E-01 +/- 0.00 % Gtotal(l=2) ave= 0.000E+00 +/- 0.00 % Gtotal(l=3) ave= 0.000E+00 +/- 0.00 %  % || Gg(l=0) ave= 1.087E-01 +/- 2.59 % Gg(l=1) ave= 1.053E-01 +/- 10.47 % Gg(l=2) ave= 0.000E+00 +/- 0.00 % Gg(l=3) ave= 0.000E+00 +/- 0.00 %  % || D(l=0) ave= 5.116E+00 +/- 0.74 % D(l=1) ave= 5.564E+00 +/- 0.00 % D(l=2) ave= 0.000E+00 +/- 0.00 % D(l=3) ave= 0.000E+00 +/- 0.00 %  % || S(l=0) ave= 5.017E-04 +/- 0.34 % S(l=1) ave= 1.003E-04 +/- 7.23 % S(l=2) ave= 0.000E+00 +/- 0.00 % S(l=3) ave= 0.000E+00 +/- 0.00 % 
 ... Histogram plot for thermal (n,g)
 ... Write covariances  ... MT1  ... plot correlations
 ... MT2  ... MT102 


 ================================================
 ============== From 6 random values === start ======
 Thermal (n,tot) xs  0 K =  34.5087 b. +/- 5.89518 b. ( 17.0832 %) skew= -1.26 +/- 0.79
 Thermal (n,el) xs   0 K =  1.74738 b. +/- 0.236381 b. ( 13.5278 %) skew= +0.09 +/- 0.79
 Thermal (n,g) xs    0 K =  32.7613 b. +/- 5.70878 b. ( 17.4254 %) skew= -1.30 +/- 0.79
 RI      (n,g)       0 K =  896.994 b. +/- 48.7586 b. ( 5.43578 %) 
 MACS    (n,g)       0 K (at Emacs= 30000 eV) =  91.9151 b. +/- 6.97697 b. ( 7.59067 %) 
 Ave. Gtotal  L=0        =  1.685E-01 +/- 0.26 %
 Ave. Gn^(0)  L=0        =  5.770E-03 +/- 1.03 %
 Ave. Gg      L=0        =  1.087E-01 +/- 2.59 %
 Ave. D       L=0        =  5.116E+00 +/- 0.74 %
 Ave. S       L=0        =  5.017E-04 +/- 0.34 %
 Ave. Gtotal  L=1        =  1.036E-01 +/- 0.00 %
 Ave. Gg      L=1        =  1.053E-01 +/- 10.47 %
 Ave. D       L=1        =  5.564E+00 +/- 0.00 %
 Ave. S       L=1        =  1.003E-04 +/- 7.23 %

 Expected Thermal (n,g) (syst or meas)= 1638.88 b. +/- 1147.21 b. nominal: 33.4889 b.
 ratio Calculated/expected thermal (n,g): 0.02 ratio DCalculated/Dexpected: 0.00 ratio Calculated/Nominal: 0.98
 ============== From 6 random values ===== stop ======
 ================================================
 ... Calculation of (n,a) and (n,p) cross sections at 300 K
 ... thermal (n,a) cross section is 2.21979e-10 +/- 1.1099e-10 b.
 ... thermal (n,a) cross section is 0 b. (random case 1)
 ... thermal (n,a) cross section is 0 b. (random case 2)
 ... thermal (n,a) cross section is 0 b. (random case 3)
 ... thermal (n,a) cross section is 0 b. (random case 4)
 ... thermal (n,a) cross section is 0 b. (random case 5)
 ... thermal (n,a) cross section is 0 b. (random case 6)
 ... thermal (n,p) cross section is 2.21979e-10 +/- 1.1099e-10 b.
 ... thermal (n,p) cross section is 0 b. (random case 1)
 ... thermal (n,p) cross section is 0 b. (random case 2)
 ... thermal (n,p) cross section is 0 b. (random case 3)
 ... thermal (n,p) cross section is 0 b. (random case 4)
 ... thermal (n,p) cross section is 0 b. (random case 5)
 ... thermal (n,p) cross section is 0 b. (random case 6)
 ... Rewrite index for MF2
 ... Write text for MF1 in file mf1.tares.txt
 ... plotting cross sections for the MF1
 ... order output files


================== summary ==================
 Thermal (n,tot) xs = 35.3085 b. 
 Thermal (n,el)  xs = 1.81956 b. 
 Thermal (n,g)   xs = 33.4889 b. (meas/sys: 1638.88 b.)
 At 300 K (thermal adjustment): (n,el) = 1.82434 b., (n,g) = 33.5077 b.

 RI      (n,g)      = 968.349 b. (meas or sys: - b.)
 RI      (n,el)     = 431.872 b.
=============================================


 ... cleaning
                                                 
  -------------------------------------------------------------
  -                                                           -
  - TARES: successful end of run with data from hypothetical  -
  - resonances for  Z= 77, A= 192 and isomer= 1               -
  - half-life: 1.450000 min. 
  -                                                           -
  -------------------------------------------------------------

   Running time:       19 seconds

 End time: Wed Oct  7 09:58:47 2026

