
  -------------------------------------------------------------
  -                                                           -
  -              Welcome to TARES version 1.8                 -
  -                                                           -
  -  (C) Copyright 2007-2025 D. Rochman, All Rights Reserved  -
  -           NRG, Petten, the Netherlands 2007-2014          -
  -           PSI, Villigen    Switzerland 2015-2025          -
  -         Nagra, Wettingen   Switzerland 2025-              -
  -           (Last Modified October 06, 2026)                -
  -           (Database from October 06, 2026)                -
  -                                                           -
  -------------------------------------------------------------


  ---------------------------------------------
   Compilation information:
   Compiled on:         Oct  8 2026, 18:36:06
   Compiled by:         koning
   Compiler version:    clang++ - 21.0.0
   Source location:     /Users/koning/tares-1.8/source/Module/
   Binaries location:   /Users/koning/bin
   System:              Darwin 25.6.0
   System version:      Darwin Kernel Version 25.6.0: Fri Jul 31 19:19:08 PDT 2026; root:xnu-12377.161.14~5/RELEASE_ARM64_T6050  
   Machine:             arm64 
  ---------------------------------------------

   User information:
   User name:           koning
   Running directory:   /Users/koning/tendl/resbase/Mn053/work
   Owner mode for running directory : rwx
   Group mode for running directory : r-x
  ---------------------------------------------


 Starting time: Fri Oct  9 13:01:31 2026
 ... inputs directory found (/Users/koning/tares-1.8/source/Module//../../inputs/).
 ... It will be used for resonance parameters 
 ... ###############################################
 ... #     read the input file tares.inp
 ... ###############################################
 ... line: #
 ... line: # Input file generated by Autorochman
          --> line not read
 ... line: #
 ... line: isotope    Mn
          --> Isotope name: Mn
 ... line: mass       53
          --> isotopic mass: 53
 ... line: output     n-Mn053
         ---> Name of the output files: n-Mn053
 ... line: isomer     0
          --> isomeric state: 0
 ... line: mf32mf33   y
          --> MF33 based on MF32: y
 ... line: nbrRandom  20
          --> Nbr of random files: 20
 ... ###############################################
 ... # end read the input file tares.inp
 ... ###############################################
Value for random generator type not considered in since Tares 1.7 due to compilation issues

 ... ###############################################
     #   Interpretation of the Input definition    #
     ###############################################

 ... Default energy limit: End of resonance region
 ... Nuclear charge    = 25
 ... Element           = Mn
 ... Mass              = 53
 ... Isomer            = 0
 ... Correlation for (Gn,Gg) not included in random files
 ... Default random option: No random
 ... Output name: n-Mn053
 ... Energy for the MACS: 30000 eV
 ... Resonances from CALENDF reduced (reduce=y) 
 ... For URR, level density model from TALYS selected: 91n3n12611.2850 (see manual for description)
 ... Random Generator: default (pseudo random numbers from ansi c++)
 ... Reconstruction of cross section selected
 ... Doppler broadening at 0 Kelvin
 ... Default formalism: Multi Level Breit Wigner (from file best.tendl.yes)
 ... URR not included (from the input file flag)
 ... Weight for grouping is flat
 ... Calculation of (n,alpha) cross section selected
 ... Number of digit for MF32c covariance representation: 2
 ... MF32 included
 ... MF33 will be used for covariance processing
 ... TENDL option set to yes (automatic choice of MF2 and format)
 ... default option: Multi level Breit Wigner approximation selected
 ... (check file best.tendl.yes for changing this option)
 ... Retroactive option set to no with the 2025 option
 ... ladder option set to no (CALENDF will not be used for statistical resonances)

 ... ###############################################
     #           End of Input definition           #
     ###############################################

 ... gnuplot found, will be used for plotting
 ... latex found, will be used for plotting
 ... dvips found, will be used for plotting
 ... ps2epsi not found, limited plotting available
 ... uncertainties on default parameters multiplied by 1.01035
 ... Read resonance data from the 2025 directory
 ... Resonance parameters taken from /Users/koning/tares-1.8/source/Module//../../inputs/2025/Resonance/default/
 ---> Processing Z= 25 and A= 53 and isomer= 0 (level number: 0)
Thermal file; Could not open file /Users/koning/tares-1.8/source/Module//../../inputs/2025/runThermal/results//thermal.mxw.ng.cendl3.1
Thermal file; Could not open file /Users/koning/tares-1.8/source/Module//../../inputs/2025/runThermal/results//thermal.mxw.ng.brond3.1
Thermal file; Could not open file /Users/koning/tares-1.8/source/Module//../../inputs/2025/runThermal/results//thermal.xs.ng.unc.cendl3.1
 ... spin taken from the final/ directory (1)

 ... ###############################################
 ... #  Nucleus global parameters (2025 database)  #
 ... ###############################################
 0. Half-life: 3.7037e+06 years
 ... Scattering radius from file /Users/koning/tares-1.8/source/Module//../../inputs/2025/Resonance/default//global.2023.txt
 1. Spin of the target isotope: 3.5
 2. Relative Atomic Mass of the target isotope: 52.9412
 3. Scattering radius (local compilation): 5.2 fm +/- 0.0936 fm
      .......................................
      ... Thermal capture cross sections: ...
 4. Thermal (total) (n,g) cross section from experiments (local compilation): 77.5 +/- 1 b.
 5. Thermal (n,g) cross section from compilation (Firestone-2022 average on element Mn): 13.27 +/- 0.04 b.
 6. Thermal (n,g) cross section from compilation (Firestone-2022 final on element Mn): 13.31 +/- 0.03 b.
 7. Thermal Maxwellian (n,g) XS from compilation (Mughabghab-2006): 70 +/- 10 b.
 8. Thermal Maxwellian (n,g) XS from compilation (Mughabghab-2018): 70 +/- 10 b.
 9. Thermal (n,g) cross section from EAF-2010: 70 b.
 10. Thermal (n,g) cross section from TENDL-2023: 77.52 +/- 2.095 b.
 11. Thermal (n,g) cross section from JEFF-3.3: 69.95 +/- 6.819 b.
 12. Thermal (n,g) cross section from JEFF-4.0: 77.56 +/- 2.084 b.
 13. Thermal (n,g) cross section from JENDL-5.0: 76.53 b.
      .......................................
      ...  Thermal total cross sections:  ...
      .......................................
      ... Thermal elastic cross sections: ...
 14. Thermal (n,el) cross section from JENDL-5.0: 3.728 b.
 15. Thermal (n,el) cross section from JEFF-3.3: 96.7 b.
 16. Thermal (n,el) cross section from potential (4piR^2): 6.53515 +/- 0.326758 b.
      .......................................
             ... Resonance integral: ...
 17. Experimental capture integral (local compilation): 30 +/- 5 b.
 18. Experimental capture integral (Mughabghab): 30 +/- 5 b.
   ---- MACS 30 keV ----- 
 19. TALYS MACS 30 keV (HF): 0.0628182 b. 
 20. Recommended MACS 30 keV (local compilation): 0.0373 +/- 0.0018 b. 
   ---------- S0 -------- 
 21. S0 from TALYS: 7.14187
   ---------- S1 -------- 
 22. S1 from TALYS: 0.63541
   ---------- S2 -------- 
 23. S2 from TALYS: 4.09456
   ---------- D0 -------- 
 24. D0 from TALYS: 2868.14 eV
   ---------- D1 -------- 
 25. D1 from TALYS: 1538.32 eV
   ---------- D2 -------- 
 26. D2 from TALYS: 1155.52 eV
   ---------- G0 -------- 
 27. Gg0 from TALYS: 1.25081 eV
   ---------- G1 -------- 
 28. Gg1 from TALYS: 0.898252 eV
   ---------- G2 -------- 
 29. Gg2 from TALYS: 1.02833 eV


   ---------------------- 
 ... Read resonance parameters (format: 2: Multi Level Breit Wigner)
 ... 348 resonances found 
 --> 30. Number of resonances from the input file: 348 up to 99878 eV
 31. Read nuclear quantities (mass, MAT...)
 32. Read thermal (n,g) xs 
 33. Read the scattering radius 
 34. Read uncertainty on Gg for 348 resonances
 35. Read uncertainty on Gg for 348 resonances ... done
 ... order resonances 
 ... Upper limit for the RRR: 100001 eV (no statistical resonances HFR) from the limit.RRR file
 ... Write parameters for l=0 waves
 ... Write parameters for l=1 waves
 ... Write parameters for l=2 waves
 ... End writing original MF2 
 ... Enter in to_MLBW_mf2 function
 ... Convert to Multi Level Breit Wigner (MLBW)
 ... Gn-Gg correlations: calculated capture kernel used for 348 evaluated resonances (no measured kernel)
 ... Write parameter covariances (MF32) for l=0
 Write parameter covariances (MF32) for l=1
 Write parameter covariances (MF32) for l=2
 ... Convert parameter covariances (MF32) to MLBW
 ... copy the mf2 and mf32 to .mlbw files
 ... Ladder option set to no --> no use of calendf_xs
 ... no thermal/RI adjustment (ladder option set to no): no GLS calculation of parameter correlations
 ... copy the mf2 and mf32 to .mlbw files

 ... Start of final reconstruction and testing ...
 ... Reconstruction of cross sections at 0 Kelvin  ... Import MF2 from TARES calculations
 ... End energy of TARES MF2 : 1.000010E+5 eV and limit to 40000 resonances
 ... File used for reconstruction: n-Mn053.reconst
 ... run RECENT ...
 ... Doppler broadened at a unique temperature: 0 Kelvin using sigma1
 ... The keyword temperature is zero, no Doppler broadening for the MACS

 ============== INTER values at 0 Kelvin ==============
 Thermal (n,g) xs =  77.5164 b. (meas/sys: 77.5 b.) (warning: comparison to be done at 296 or 300 K)
 Th Maxw (n,g) xs =  77.558 b. (thermal Maxwellian value)
 Westcott factor  =  1.00053
 RI      (n,g)    =  45.3824 b. (meas or sys: 30 b.)
 MACS 3.000e+04 eV=  0.036046 b. (meas or sys: - b.) from 1.00E+00 to 2.00E+07 eV (end of RRR) at T= 0 Kelvin 
 Thermal (n,el) xs=  7.38964 b.
 RI      (n,el)   =  201.045 b.
 ============= PSYCHE values ==============
 Ave. G_total L0  =  45.6533 eV
 Ave. G_total L1  =  17.046 eV
 Ave. G_total L2  =  2.54985 eV
 Ave. Gn_0    L0  =  0.29197
 Ave. Gn_0    L1  =  1.14218
 Ave. Gn_0    L2  =  19.9226
 Ave. Gg      L0  =  0.522829 eV
 Ave. Gg      L1  =  0.109542 eV
 Ave. Gg      L2  =  0.0227525 eV
 Ave. D       L0  =  1724.16 eV
 Ave. D       L1  =  917.44 eV
 Ave. D       L2  =  704.232 eV
 Ave. S       L0  =  8.88365e-05 eV
 Ave. S       L1  =  0.000203989 eV
 Ave. S       L2  =  0.00285755 eV
 =========================================
 ... End of final reconstruction and testing ...

 ... grouping is not optimum, change to 70 groups
 ... Produce MF33 based on MF32 and 20 random files
 ... MF3 of n-Mn053.reconst (3 sections) added to the files for ENDSAM
 ... run endsam for 20 in groups of 1 global run
 ... run endsam from 1 to 20
 ... random files: total width GT set to Gn+Gg+Gf (6960 resonances in 20 files)
 ... preparing the vectors  ... done
 ... nominal file 0 Cap(th)  ave= 7.752E+01 b. +/- 0.00 % || Ela(th) ave= 7.390E+00 b. +/- 0.00 % || RIcap ave= 4.54E+01 b. +/- 0.00 % || Macs30 ave= 3.60E-02 b. +/- 0.00 % || Gn^0(l=0) ave= 2.920E-01 +/- 0.00 % Gn^0(l=1) ave= 1.142E+00 +/- 0.00 % Gn^0(l=2) ave= 1.992E+01 +/- 0.00 % Gn^0(l=3) ave= 0.000E+00 +/- 0.00 % || Gtotal(l=0) ave= 4.565E+01 +/- 0.00 % Gtotal(l=1) ave= 1.705E+01 +/- 0.00 % Gtotal(l=2) ave= 2.550E+00 +/- 0.00 % Gtotal(l=3) ave= 0.000E+00 +/- 0.00 %  % || Gg(l=0) ave= 5.228E-01 +/- 0.00 % Gg(l=1) ave= 1.095E-01 +/- 0.00 % Gg(l=2) ave= 2.275E-02 +/- 0.00 % Gg(l=3) ave= 0.000E+00 +/- 0.00 %  % || D(l=0) ave= 1.724E+03 +/- 0.00 % D(l=1) ave= 9.174E+02 +/- 0.00 % D(l=2) ave= 7.042E+02 +/- 0.00 % D(l=3) ave= 0.000E+00 +/- 0.00 %  % || S(l=0) ave= 8.884E-05 +/- 0.00 % S(l=1) ave= 2.040E-04 +/- 0.00 % S(l=2) ave= 2.858E-03 +/- 0.00 % S(l=3) ave= 0.000E+00 +/- 0.00 % 
 ... random file  1 Cap(th)  ave= 7.785E+01 b. +/- 0.43 % || Ela(th) ave= 7.271E+00 b. +/- 1.63 % || RIcap ave= 4.54E+01 b. +/- 0.03 % || Macs30 ave= 3.19E-02 b. +/- 13.01 % || Gn^0(l=0) ave= 2.903E-01 +/- 0.58 % Gn^0(l=1) ave= 1.178E+00 +/- 3.02 % Gn^0(l=2) ave= 2.046E+01 +/- 2.64 % Gn^0(l=3) ave= 0.000E+00 +/- 0.00 % || Gtotal(l=0) ave= 4.476E+01 +/- 2.01 % Gtotal(l=1) ave= 1.696E+01 +/- 0.49 % Gtotal(l=2) ave= 2.621E+00 +/- 2.70 % Gtotal(l=3) ave= 0.000E+00 +/- 0.00 %  % || Gg(l=0) ave= 4.822E-01 +/- 8.41 % Gg(l=1) ave= 9.166E-02 +/- 19.51 % Gg(l=2) ave= 1.762E-02 +/- 29.16 % Gg(l=3) ave= 0.000E+00 +/- 0.00 %  % || D(l=0) ave= 1.724E+03 +/- 0.00 % D(l=1) ave= 9.217E+02 +/- 0.46 % D(l=2) ave= 7.093E+02 +/- 0.71 % D(l=3) ave= 0.000E+00 +/- 0.00 %  % || S(l=0) ave= 8.817E-05 +/- 0.76 % S(l=1) ave= 2.098E-04 +/- 2.75 % S(l=2) ave= 2.928E-03 +/- 2.41 % S(l=3) ave= 0.000E+00 +/- 0.00 % 
 ... random file  2 Cap(th)  ave= 7.847E+01 b. +/- 1.17 % || Ela(th) ave= 7.471E+00 b. +/- 3.99 % || RIcap ave= 4.57E+01 b. +/- 0.79 % || Macs30 ave= 3.22E-02 b. +/- 10.60 % || Gn^0(l=0) ave= 2.916E-01 +/- 0.80 % Gn^0(l=1) ave= 1.137E+00 +/- 5.72 % Gn^0(l=2) ave= 1.942E+01 +/- 7.93 % Gn^0(l=3) ave= 0.000E+00 +/- 0.00 % || Gtotal(l=0) ave= 4.519E+01 +/- 2.11 % Gtotal(l=1) ave= 1.706E+01 +/- 0.88 % Gtotal(l=2) ave= 2.549E+00 +/- 4.58 % Gtotal(l=3) ave= 0.000E+00 +/- 0.00 %  % || Gg(l=0) ave= 5.143E-01 +/- 10.92 % Gg(l=1) ave= 9.955E-02 +/- 18.45 % Gg(l=2) ave= 2.279E-02 +/- 37.02 % Gg(l=3) ave= 0.000E+00 +/- 0.00 %  % || D(l=0) ave= 1.724E+03 +/- 0.00 % D(l=1) ave= 9.231E+02 +/- 0.43 % D(l=2) ave= 7.076E+02 +/- 0.67 % D(l=3) ave= 0.000E+00 +/- 0.00 %  % || S(l=0) ave= 8.901E-05 +/- 1.47 % S(l=1) ave= 2.013E-04 +/- 6.38 % S(l=2) ave= 2.776E-03 +/- 8.01 % S(l=3) ave= 0.000E+00 +/- 0.00 % 
 ... random file  3 Cap(th)  ave= 7.870E+01 b. +/- 1.13 % || Ela(th) ave= 7.436E+00 b. +/- 3.57 % || RIcap ave= 4.57E+01 b. +/- 0.74 % || Macs30 ave= 3.20E-02 b. +/- 9.29 % || Gn^0(l=0) ave= 2.945E-01 +/- 1.83 % Gn^0(l=1) ave= 1.162E+00 +/- 6.16 % Gn^0(l=2) ave= 1.975E+01 +/- 7.34 % Gn^0(l=3) ave= 0.000E+00 +/- 0.00 % || Gtotal(l=0) ave= 4.559E+01 +/- 2.37 % Gtotal(l=1) ave= 1.725E+01 +/- 2.06 % Gtotal(l=2) ave= 2.536E+00 +/- 4.08 % Gtotal(l=3) ave= 0.000E+00 +/- 0.00 %  % || Gg(l=0) ave= 5.615E-01 +/- 16.95 % Gg(l=1) ave= 9.456E-02 +/- 19.15 % Gg(l=2) ave= 2.165E-02 +/- 34.97 % Gg(l=3) ave= 0.000E+00 +/- 0.00 %  % || D(l=0) ave= 1.724E+03 +/- 0.00 % D(l=1) ave= 9.238E+02 +/- 0.40 % D(l=2) ave= 7.093E+02 +/- 0.71 % D(l=3) ave= 0.000E+00 +/- 0.00 %  % || S(l=0) ave= 8.981E-05 +/- 1.99 % S(l=1) ave= 2.066E-04 +/- 6.96 % S(l=2) ave= 2.801E-03 +/- 7.05 % S(l=3) ave= 0.000E+00 +/- 0.00 % 
 ... random file  4 Cap(th)  ave= 7.880E+01 b. +/- 1.04 % || Ela(th) ave= 7.340E+00 b. +/- 4.17 % || RIcap ave= 4.58E+01 b. +/- 0.72 % || Macs30 ave= 3.15E-02 b. +/- 9.02 % || Gn^0(l=0) ave= 2.925E-01 +/- 2.13 % Gn^0(l=1) ave= 1.234E+00 +/- 12.73 % Gn^0(l=2) ave= 2.358E+01 +/- 32.99 % Gn^0(l=3) ave= 0.000E+00 +/- 0.00 % || Gtotal(l=0) ave= 4.544E+01 +/- 2.23 % Gtotal(l=1) ave= 1.708E+01 +/- 2.75 % Gtotal(l=2) ave= 2.547E+00 +/- 3.72 % Gtotal(l=3) ave= 0.000E+00 +/- 0.00 %  % || Gg(l=0) ave= 5.364E-01 +/- 18.43 % Gg(l=1) ave= 9.881E-02 +/- 18.51 % Gg(l=2) ave= 1.909E-02 +/- 44.43 % Gg(l=3) ave= 0.000E+00 +/- 0.00 %  % || D(l=0) ave= 1.724E+03 +/- 0.00 % D(l=1) ave= 9.260E+02 +/- 0.59 % D(l=2) ave= 7.093E+02 +/- 0.63 % D(l=3) ave= 0.000E+00 +/- 0.00 %  % || S(l=0) ave= 8.912E-05 +/- 2.37 % S(l=1) ave= 2.171E-04 +/- 11.40 % S(l=2) ave= 3.380E-03 +/- 34.66 % S(l=3) ave= 0.000E+00 +/- 0.00 % 
 ... random file  5 Cap(th)  ave= 7.890E+01 b. +/- 0.99 % || Ela(th) ave= 7.496E+00 b. +/- 5.97 % || RIcap ave= 4.58E+01 b. +/- 0.71 % || Macs30 ave= 3.16E-02 b. +/- 8.24 % || Gn^0(l=0) ave= 2.903E-01 +/- 2.60 % Gn^0(l=1) ave= 1.218E+00 +/- 12.12 % Gn^0(l=2) ave= 2.269E+01 +/- 32.49 % Gn^0(l=3) ave= 0.000E+00 +/- 0.00 % || Gtotal(l=0) ave= 4.523E+01 +/- 2.27 % Gtotal(l=1) ave= 1.728E+01 +/- 3.66 % Gtotal(l=2) ave= 2.509E+00 +/- 4.81 % Gtotal(l=3) ave= 0.000E+00 +/- 0.00 %  % || Gg(l=0) ave= 5.433E-01 +/- 16.85 % Gg(l=1) ave= 1.136E-01 +/- 32.54 % Gg(l=2) ave= 2.033E-02 +/- 40.45 % Gg(l=3) ave= 0.000E+00 +/- 0.00 %  % || D(l=0) ave= 1.724E+03 +/- 0.00 % D(l=1) ave= 9.260E+02 +/- 0.53 % D(l=2) ave= 7.093E+02 +/- 0.58 % D(l=3) ave= 0.000E+00 +/- 0.00 %  % || S(l=0) ave= 8.836E-05 +/- 2.92 % S(l=1) ave= 2.154E-04 +/- 10.66 % S(l=2) ave= 3.250E-03 +/- 34.09 % S(l=3) ave= 0.000E+00 +/- 0.00 % 
 ... random file  6 Cap(th)  ave= 7.882E+01 b. +/- 0.95 % || Ela(th) ave= 7.622E+00 b. +/- 6.77 % || RIcap ave= 4.57E+01 b. +/- 0.87 % || Macs30 ave= 3.08E-02 b. +/- 9.74 % || Gn^0(l=0) ave= 2.871E-01 +/- 3.69 % Gn^0(l=1) ave= 1.207E+00 +/- 11.53 % Gn^0(l=2) ave= 2.228E+01 +/- 30.96 % Gn^0(l=3) ave= 0.000E+00 +/- 0.00 % || Gtotal(l=0) ave= 4.486E+01 +/- 2.94 % Gtotal(l=1) ave= 1.722E+01 +/- 3.52 % Gtotal(l=2) ave= 2.471E+00 +/- 5.91 % Gtotal(l=3) ave= 0.000E+00 +/- 0.00 %  % || Gg(l=0) ave= 5.138E-01 +/- 21.68 % Gg(l=1) ave= 1.071E-01 +/- 35.21 % Gg(l=2) ave= 1.931E-02 +/- 41.54 % Gg(l=3) ave= 0.000E+00 +/- 0.00 %  % || D(l=0) ave= 1.724E+03 +/- 0.00 % D(l=1) ave= 9.285E+02 +/- 0.82 % D(l=2) ave= 7.100E+02 +/- 0.59 % D(l=3) ave= 0.000E+00 +/- 0.00 %  % || S(l=0) ave= 8.734E-05 +/- 3.95 % S(l=1) ave= 2.131E-04 +/- 10.29 % S(l=2) ave= 3.173E-03 +/- 32.87 % S(l=3) ave= 0.000E+00 +/- 0.00 % 
 ... random file  7 Cap(th)  ave= 7.857E+01 b. +/- 1.22 % || Ela(th) ave= 7.641E+00 b. +/- 6.35 % || RIcap ave= 4.57E+01 b. +/- 0.96 % || Macs30 ave= 3.06E-02 b. +/- 9.43 % || Gn^0(l=0) ave= 2.842E-01 +/- 4.38 % Gn^0(l=1) ave= 1.199E+00 +/- 11.00 % Gn^0(l=2) ave= 2.202E+01 +/- 29.47 % Gn^0(l=3) ave= 0.000E+00 +/- 0.00 % || Gtotal(l=0) ave= 4.444E+01 +/- 3.73 % Gtotal(l=1) ave= 1.729E+01 +/- 3.48 % Gtotal(l=2) ave= 2.468E+00 +/- 5.54 % Gtotal(l=3) ave= 0.000E+00 +/- 0.00 %  % || Gg(l=0) ave= 5.163E-01 +/- 20.22 % Gg(l=1) ave= 1.104E-01 +/- 32.93 % Gg(l=2) ave= 2.012E-02 +/- 38.80 % Gg(l=3) ave= 0.000E+00 +/- 0.00 %  % || D(l=0) ave= 1.724E+03 +/- 0.00 % D(l=1) ave= 9.271E+02 +/- 0.86 % D(l=2) ave= 7.093E+02 +/- 0.61 % D(l=3) ave= 0.000E+00 +/- 0.00 %  % || S(l=0) ave= 8.636E-05 +/- 4.80 % S(l=1) ave= 2.117E-04 +/- 9.85 % S(l=2) ave= 3.135E-03 +/- 31.29 % S(l=3) ave= 0.000E+00 +/- 0.00 % 
 ... random file  8 Cap(th)  ave= 7.840E+01 b. +/- 1.31 % || Ela(th) ave= 7.593E+00 b. +/- 6.28 % || RIcap ave= 4.56E+01 b. +/- 1.02 % || Macs30 ave= 3.05E-02 b. +/- 8.99 % || Gn^0(l=0) ave= 2.836E-01 +/- 4.19 % Gn^0(l=1) ave= 1.188E+00 +/- 10.78 % Gn^0(l=2) ave= 2.149E+01 +/- 29.31 % Gn^0(l=3) ave= 0.000E+00 +/- 0.00 % || Gtotal(l=0) ave= 4.356E+01 +/- 6.77 % Gtotal(l=1) ave= 1.736E+01 +/- 3.43 % Gtotal(l=2) ave= 2.465E+00 +/- 5.25 % Gtotal(l=3) ave= 0.000E+00 +/- 0.00 %  % || Gg(l=0) ave= 5.183E-01 +/- 19.02 % Gg(l=1) ave= 1.072E-01 +/- 33.14 % Gg(l=2) ave= 2.053E-02 +/- 36.29 % Gg(l=3) ave= 0.000E+00 +/- 0.00 %  % || D(l=0) ave= 1.728E+03 +/- 0.55 % D(l=1) ave= 9.269E+02 +/- 0.82 % D(l=2) ave= 7.087E+02 +/- 0.62 % D(l=3) ave= 0.000E+00 +/- 0.00 %  % || S(l=0) ave= 8.595E-05 +/- 4.74 % S(l=1) ave= 2.100E-04 +/- 9.65 % S(l=2) ave= 3.060E-03 +/- 31.02 % S(l=3) ave= 0.000E+00 +/- 0.00 % 
 ... random file  9 Cap(th)  ave= 7.814E+01 b. +/- 1.59 % || Ela(th) ave= 7.486E+00 b. +/- 7.42 % || RIcap ave= 4.55E+01 b. +/- 1.25 % || Macs30 ave= 3.01E-02 b. +/- 9.52 % || Gn^0(l=0) ave= 2.842E-01 +/- 4.01 % Gn^0(l=1) ave= 1.185E+00 +/- 10.30 % Gn^0(l=2) ave= 2.164E+01 +/- 27.70 % Gn^0(l=3) ave= 0.000E+00 +/- 0.00 % || Gtotal(l=0) ave= 4.354E+01 +/- 6.42 % Gtotal(l=1) ave= 1.726E+01 +/- 3.71 % Gtotal(l=2) ave= 2.462E+00 +/- 4.99 % Gtotal(l=3) ave= 0.000E+00 +/- 0.00 %  % || Gg(l=0) ave= 5.055E-01 +/- 20.00 % Gg(l=1) ave= 1.050E-01 +/- 32.67 % Gg(l=2) ave= 1.973E-02 +/- 37.87 % Gg(l=3) ave= 0.000E+00 +/- 0.00 %  % || D(l=0) ave= 1.727E+03 +/- 0.53 % D(l=1) ave= 9.260E+02 +/- 0.83 % D(l=2) ave= 7.098E+02 +/- 0.74 % D(l=3) ave= 0.000E+00 +/- 0.00 %  % || S(l=0) ave= 8.618E-05 +/- 4.56 % S(l=1) ave= 2.094E-04 +/- 9.21 % S(l=2) ave= 3.079E-03 +/- 29.31 % S(l=3) ave= 0.000E+00 +/- 0.00 % 
 ... random file  10 Cap(th)  ave= 7.820E+01 b. +/- 1.53 % || Ela(th) ave= 7.432E+00 b. +/- 7.48 % || RIcap ave= 4.55E+01 b. +/- 1.20 % || Macs30 ave= 3.00E-02 b. +/- 9.17 % || Gn^0(l=0) ave= 2.855E-01 +/- 4.07 % Gn^0(l=1) ave= 1.198E+00 +/- 10.30 % Gn^0(l=2) ave= 2.235E+01 +/- 27.47 % Gn^0(l=3) ave= 0.000E+00 +/- 0.00 % || Gtotal(l=0) ave= 4.384E+01 +/- 6.44 % Gtotal(l=1) ave= 1.719E+01 +/- 3.74 % Gtotal(l=2) ave= 2.473E+00 +/- 4.92 % Gtotal(l=3) ave= 0.000E+00 +/- 0.00 %  % || Gg(l=0) ave= 4.937E-01 +/- 20.96 % Gg(l=1) ave= 1.071E-01 +/- 31.15 % Gg(l=2) ave= 2.106E-02 +/- 39.29 % Gg(l=3) ave= 0.000E+00 +/- 0.00 %  % || D(l=0) ave= 1.727E+03 +/- 0.50 % D(l=1) ave= 9.260E+02 +/- 0.80 % D(l=2) ave= 7.097E+02 +/- 0.71 % D(l=3) ave= 0.000E+00 +/- 0.00 %  % || S(l=0) ave= 8.661E-05 +/- 4.60 % S(l=1) ave= 2.119E-04 +/- 9.42 % S(l=2) ave= 3.173E-03 +/- 28.69 % S(l=3) ave= 0.000E+00 +/- 0.00 % 
 ... random file  11 Cap(th)  ave= 7.833E+01 b. +/- 1.57 % || Ela(th) ave= 7.363E+00 b. +/- 7.86 % || RIcap ave= 4.56E+01 b. +/- 1.28 % || Macs30 ave= 2.99E-02 b. +/- 8.89 % || Gn^0(l=0) ave= 2.874E-01 +/- 4.46 % Gn^0(l=1) ave= 1.196E+00 +/- 9.88 % Gn^0(l=2) ave= 2.200E+01 +/- 27.27 % Gn^0(l=3) ave= 0.000E+00 +/- 0.00 % || Gtotal(l=0) ave= 4.357E+01 +/- 6.52 % Gtotal(l=1) ave= 1.730E+01 +/- 4.13 % Gtotal(l=2) ave= 2.474E+00 +/- 4.71 % Gtotal(l=3) ave= 0.000E+00 +/- 0.00 %  % || Gg(l=0) ave= 4.907E-01 +/- 20.28 % Gg(l=1) ave= 1.050E-01 +/- 31.08 % Gg(l=2) ave= 2.088E-02 +/- 38.06 % Gg(l=3) ave= 0.000E+00 +/- 0.00 %  % || D(l=0) ave= 1.729E+03 +/- 0.65 % D(l=1) ave= 9.253E+02 +/- 0.80 % D(l=2) ave= 7.093E+02 +/- 0.71 % D(l=3) ave= 0.000E+00 +/- 0.00 %  % || S(l=0) ave= 8.711E-05 +/- 4.77 % S(l=1) ave= 2.119E-04 +/- 9.02 % S(l=2) ave= 3.119E-03 +/- 28.53 % S(l=3) ave= 0.000E+00 +/- 0.00 % 
 ... random file  12 Cap(th)  ave= 7.822E+01 b. +/- 1.59 % || Ela(th) ave= 7.349E+00 b. +/- 7.60 % || RIcap ave= 4.55E+01 b. +/- 1.32 % || Macs30 ave= 3.03E-02 b. +/- 9.85 % || Gn^0(l=0) ave= 2.854E-01 +/- 4.93 % Gn^0(l=1) ave= 1.194E+00 +/- 9.53 % Gn^0(l=2) ave= 2.177E+01 +/- 26.70 % Gn^0(l=3) ave= 0.000E+00 +/- 0.00 % || Gtotal(l=0) ave= 4.295E+01 +/- 8.11 % Gtotal(l=1) ave= 1.733E+01 +/- 4.00 % Gtotal(l=2) ave= 2.460E+00 +/- 4.99 % Gtotal(l=3) ave= 0.000E+00 +/- 0.00 %  % || Gg(l=0) ave= 4.920E-01 +/- 19.46 % Gg(l=1) ave= 1.060E-01 +/- 29.76 % Gg(l=2) ave= 2.087E-02 +/- 36.58 % Gg(l=3) ave= 0.000E+00 +/- 0.00 %  % || D(l=0) ave= 1.731E+03 +/- 0.74 % D(l=1) ave= 9.247E+02 +/- 0.81 % D(l=2) ave= 7.096E+02 +/- 0.71 % D(l=3) ave= 0.000E+00 +/- 0.00 %  % || S(l=0) ave= 8.635E-05 +/- 5.53 % S(l=1) ave= 2.118E-04 +/- 8.67 % S(l=2) ave= 3.086E-03 +/- 27.93 % S(l=3) ave= 0.000E+00 +/- 0.00 % 
 ... random file  13 Cap(th)  ave= 7.822E+01 b. +/- 1.53 % || Ela(th) ave= 7.335E+00 b. +/- 7.37 % || RIcap ave= 4.55E+01 b. +/- 1.27 % || Macs30 ave= 3.03E-02 b. +/- 9.49 % || Gn^0(l=0) ave= 2.844E-01 +/- 4.93 % Gn^0(l=1) ave= 1.206E+00 +/- 9.80 % Gn^0(l=2) ave= 2.249E+01 +/- 27.43 % Gn^0(l=3) ave= 0.000E+00 +/- 0.00 % || Gtotal(l=0) ave= 4.291E+01 +/- 7.83 % Gtotal(l=1) ave= 1.729E+01 +/- 3.95 % Gtotal(l=2) ave= 2.460E+00 +/- 4.81 % Gtotal(l=3) ave= 0.000E+00 +/- 0.00 %  % || Gg(l=0) ave= 4.940E-01 +/- 18.73 % Gg(l=1) ave= 1.070E-01 +/- 28.60 % Gg(l=2) ave= 2.089E-02 +/- 35.21 % Gg(l=3) ave= 0.000E+00 +/- 0.00 %  % || D(l=0) ave= 1.731E+03 +/- 0.72 % D(l=1) ave= 9.242E+02 +/- 0.80 % D(l=2) ave= 7.100E+02 +/- 0.70 % D(l=3) ave= 0.000E+00 +/- 0.00 %  % || S(l=0) ave= 8.607E-05 +/- 5.47 % S(l=1) ave= 2.143E-04 +/- 9.22 % S(l=2) ave= 3.188E-03 +/- 28.48 % S(l=3) ave= 0.000E+00 +/- 0.00 % 
 ... random file  14 Cap(th)  ave= 7.807E+01 b. +/- 1.64 % || Ela(th) ave= 7.271E+00 b. +/- 7.90 % || RIcap ave= 4.54E+01 b. +/- 1.34 % || Macs30 ave= 3.04E-02 b. +/- 9.17 % || Gn^0(l=0) ave= 2.864E-01 +/- 5.41 % Gn^0(l=1) ave= 1.198E+00 +/- 9.91 % Gn^0(l=2) ave= 2.210E+01 +/- 27.78 % Gn^0(l=3) ave= 0.000E+00 +/- 0.00 % || Gtotal(l=0) ave= 4.306E+01 +/- 7.66 % Gtotal(l=1) ave= 1.727E+01 +/- 3.85 % Gtotal(l=2) ave= 2.463E+00 +/- 4.65 % Gtotal(l=3) ave= 0.000E+00 +/- 0.00 %  % || Gg(l=0) ave= 4.974E-01 +/- 18.15 % Gg(l=1) ave= 1.036E-01 +/- 31.12 % Gg(l=2) ave= 2.009E-02 +/- 38.39 % Gg(l=3) ave= 0.000E+00 +/- 0.00 %  % || D(l=0) ave= 1.730E+03 +/- 0.70 % D(l=1) ave= 9.237E+02 +/- 0.80 % D(l=2) ave= 7.096E+02 +/- 0.71 % D(l=3) ave= 0.000E+00 +/- 0.00 %  % || S(l=0) ave= 8.675E-05 +/- 6.00 % S(l=1) ave= 2.128E-04 +/- 9.31 % S(l=2) ave= 3.134E-03 +/- 28.72 % S(l=3) ave= 0.000E+00 +/- 0.00 % 
 ... random file  15 Cap(th)  ave= 7.821E+01 b. +/- 1.73 % || Ela(th) ave= 7.324E+00 b. +/- 8.09 % || RIcap ave= 4.55E+01 b. +/- 1.42 % || Macs30 ave= 3.04E-02 b. +/- 8.88 % || Gn^0(l=0) ave= 2.862E-01 +/- 5.25 % Gn^0(l=1) ave= 1.189E+00 +/- 10.04 % Gn^0(l=2) ave= 2.185E+01 +/- 27.55 % Gn^0(l=3) ave= 0.000E+00 +/- 0.00 % || Gtotal(l=0) ave= 4.319E+01 +/- 7.48 % Gtotal(l=1) ave= 1.723E+01 +/- 3.82 % Gtotal(l=2) ave= 2.450E+00 +/- 4.96 % Gtotal(l=3) ave= 0.000E+00 +/- 0.00 %  % || Gg(l=0) ave= 4.899E-01 +/- 18.79 % Gg(l=1) ave= 1.150E-01 +/- 47.18 % Gg(l=2) ave= 1.961E-02 +/- 39.26 % Gg(l=3) ave= 0.000E+00 +/- 0.00 %  % || D(l=0) ave= 1.730E+03 +/- 0.68 % D(l=1) ave= 9.233E+02 +/- 0.79 % D(l=2) ave= 7.096E+02 +/- 0.69 % D(l=3) ave= 0.000E+00 +/- 0.00 %  % || S(l=0) ave= 8.673E-05 +/- 5.81 % S(l=1) ave= 2.113E-04 +/- 9.50 % S(l=2) ave= 3.101E-03 +/- 28.40 % S(l=3) ave= 0.000E+00 +/- 0.00 % 
 ... random file  16 Cap(th)  ave= 7.822E+01 b. +/- 1.68 % || Ela(th) ave= 7.281E+00 b. +/- 8.24 % || RIcap ave= 4.55E+01 b. +/- 1.38 % || Macs30 ave= 3.01E-02 b. +/- 9.17 % || Gn^0(l=0) ave= 2.862E-01 +/- 5.10 % Gn^0(l=1) ave= 1.190E+00 +/- 9.74 % Gn^0(l=2) ave= 2.188E+01 +/- 26.70 % Gn^0(l=3) ave= 0.000E+00 +/- 0.00 % || Gtotal(l=0) ave= 4.277E+01 +/- 8.32 % Gtotal(l=1) ave= 1.719E+01 +/- 3.88 % Gtotal(l=2) ave= 2.448E+00 +/- 4.83 % Gtotal(l=3) ave= 0.000E+00 +/- 0.00 %  % || Gg(l=0) ave= 4.809E-01 +/- 20.03 % Gg(l=1) ave= 1.118E-01 +/- 48.53 % Gg(l=2) ave= 1.911E-02 +/- 40.41 % Gg(l=3) ave= 0.000E+00 +/- 0.00 %  % || D(l=0) ave= 1.731E+03 +/- 0.74 % D(l=1) ave= 9.235E+02 +/- 0.77 % D(l=2) ave= 7.096E+02 +/- 0.67 % D(l=3) ave= 0.000E+00 +/- 0.00 %  % || S(l=0) ave= 8.665E-05 +/- 5.66 % S(l=1) ave= 2.113E-04 +/- 9.21 % S(l=2) ave= 3.106E-03 +/- 27.52 % S(l=3) ave= 0.000E+00 +/- 0.00 % 
 ... random file  17 Cap(th)  ave= 7.816E+01 b. +/- 1.66 % || Ela(th) ave= 7.272E+00 b. +/- 8.03 % || RIcap ave= 4.55E+01 b. +/- 1.36 % || Macs30 ave= 3.04E-02 b. +/- 9.80 % || Gn^0(l=0) ave= 2.873E-01 +/- 5.18 % Gn^0(l=1) ave= 1.184E+00 +/- 9.70 % Gn^0(l=2) ave= 2.170E+01 +/- 26.40 % Gn^0(l=3) ave= 0.000E+00 +/- 0.00 % || Gtotal(l=0) ave= 4.300E+01 +/- 8.34 % Gtotal(l=1) ave= 1.719E+01 +/- 3.78 % Gtotal(l=2) ave= 2.448E+00 +/- 4.69 % Gtotal(l=3) ave= 0.000E+00 +/- 0.00 %  % || Gg(l=0) ave= 4.851E-01 +/- 19.62 % Gg(l=1) ave= 1.105E-01 +/- 47.92 % Gg(l=2) ave= 1.886E-02 +/- 40.16 % Gg(l=3) ave= 0.000E+00 +/- 0.00 %  % || D(l=0) ave= 1.731E+03 +/- 0.73 % D(l=1) ave= 9.241E+02 +/- 0.79 % D(l=2) ave= 7.095E+02 +/- 0.65 % D(l=3) ave= 0.000E+00 +/- 0.00 %  % || S(l=0) ave= 8.703E-05 +/- 5.75 % S(l=1) ave= 2.102E-04 +/- 9.24 % S(l=2) ave= 3.078E-03 +/- 27.24 % S(l=3) ave= 0.000E+00 +/- 0.00 % 
 ... random file  18 Cap(th)  ave= 7.817E+01 b. +/- 1.61 % || Ela(th) ave= 7.365E+00 b. +/- 9.38 % || RIcap ave= 4.55E+01 b. +/- 1.33 % || Macs30 ave= 3.03E-02 b. +/- 9.78 % || Gn^0(l=0) ave= 2.867E-01 +/- 5.13 % Gn^0(l=1) ave= 1.169E+00 +/- 11.01 % Gn^0(l=2) ave= 2.118E+01 +/- 28.24 % Gn^0(l=3) ave= 0.000E+00 +/- 0.00 % || Gtotal(l=0) ave= 4.295E+01 +/- 8.14 % Gtotal(l=1) ave= 1.721E+01 +/- 3.70 % Gtotal(l=2) ave= 2.450E+00 +/- 4.58 % Gtotal(l=3) ave= 0.000E+00 +/- 0.00 %  % || Gg(l=0) ave= 4.840E-01 +/- 19.17 % Gg(l=1) ave= 1.092E-01 +/- 47.46 % Gg(l=2) ave= 1.981E-02 +/- 42.42 % Gg(l=3) ave= 0.000E+00 +/- 0.00 %  % || D(l=0) ave= 1.731E+03 +/- 0.71 % D(l=1) ave= 9.246E+02 +/- 0.81 % D(l=2) ave= 7.098E+02 +/- 0.65 % D(l=3) ave= 0.000E+00 +/- 0.00 %  % || S(l=0) ave= 8.685E-05 +/- 5.67 % S(l=1) ave= 2.075E-04 +/- 10.66 % S(l=2) ave= 3.006E-03 +/- 29.00 % S(l=3) ave= 0.000E+00 +/- 0.00 % 
 ... random file  19 Cap(th)  ave= 7.792E+01 b. +/- 2.12 % || Ela(th) ave= 7.370E+00 b. +/- 9.14 % || RIcap ave= 4.54E+01 b. +/- 1.57 % || Macs30 ave= 3.02E-02 b. +/- 9.73 % || Gn^0(l=0) ave= 2.856E-01 +/- 5.33 % Gn^0(l=1) ave= 1.162E+00 +/- 11.10 % Gn^0(l=2) ave= 2.095E+01 +/- 28.27 % Gn^0(l=3) ave= 0.000E+00 +/- 0.00 % || Gtotal(l=0) ave= 4.265E+01 +/- 8.55 % Gtotal(l=1) ave= 1.715E+01 +/- 3.94 % Gtotal(l=2) ave= 2.442E+00 +/- 4.72 % Gtotal(l=3) ave= 0.000E+00 +/- 0.00 %  % || Gg(l=0) ave= 4.783E-01 +/- 19.61 % Gg(l=1) ave= 1.074E-01 +/- 47.62 % Gg(l=2) ave= 1.920E-02 +/- 44.86 % Gg(l=3) ave= 0.000E+00 +/- 0.00 %  % || D(l=0) ave= 1.732E+03 +/- 0.76 % D(l=1) ave= 9.251E+02 +/- 0.83 % D(l=2) ave= 7.098E+02 +/- 0.63 % D(l=3) ave= 0.000E+00 +/- 0.00 %  % || S(l=0) ave= 8.639E-05 +/- 6.02 % S(l=1) ave= 2.063E-04 +/- 10.74 % S(l=2) ave= 2.970E-03 +/- 29.09 % S(l=3) ave= 0.000E+00 +/- 0.00 % 
 ... random file  20 Cap(th)  ave= 7.788E+01 b. +/- 2.08 % || Ela(th) ave= 7.392E+00 b. +/- 9.00 % || RIcap ave= 4.54E+01 b. +/- 1.54 % || Macs30 ave= 3.02E-02 b. +/- 9.49 % || Gn^0(l=0) ave= 2.852E-01 +/- 5.24 % Gn^0(l=1) ave= 1.160E+00 +/- 10.89 % Gn^0(l=2) ave= 2.085E+01 +/- 27.78 % Gn^0(l=3) ave= 0.000E+00 +/- 0.00 % || Gtotal(l=0) ave= 4.273E+01 +/- 8.36 % Gtotal(l=1) ave= 1.716E+01 +/- 3.86 % Gtotal(l=2) ave= 2.451E+00 +/- 4.86 % Gtotal(l=3) ave= 0.000E+00 +/- 0.00 %  % || Gg(l=0) ave= 4.808E-01 +/- 19.18 % Gg(l=1) ave= 1.048E-01 +/- 48.85 % Gg(l=2) ave= 1.927E-02 +/- 43.66 % Gg(l=3) ave= 0.000E+00 +/- 0.00 %  % || D(l=0) ave= 1.731E+03 +/- 0.74 % D(l=1) ave= 9.256E+02 +/- 0.84 % D(l=2) ave= 7.095E+02 +/- 0.64 % D(l=3) ave= 0.000E+00 +/- 0.00 %  % || S(l=0) ave= 8.634E-05 +/- 5.89 % S(l=1) ave= 2.058E-04 +/- 10.58 % S(l=2) ave= 2.953E-03 +/- 28.68 % S(l=3) ave= 0.000E+00 +/- 0.00 % 
 ... Histogram plot for thermal (n,g)
 ... Write covariances  ... MT1  ... plot correlations
 ... MT2  ... MT102 


 ================================================
 ============== From 20 random values === start ======
 Thermal (n,tot) xs  0 K =  85.2695 b. +/- 1.88453 b. ( 2.21009 %) skew= -0.59 +/- 0.50
 Thermal (n,el) xs   0 K =  7.39247 b. +/- 0.665111 b. ( 8.99715 %) skew= +0.59 +/- 0.50
 Thermal (n,g) xs    0 K =  77.8771 b. +/- 1.62222 b. ( 2.08306 %) skew= -1.00 +/- 0.50
 RI      (n,g)       0 K =  45.3872 b. +/- 0.698713 b. ( 1.53945 %) 
 MACS    (n,g)       0 K (at Emacs= 30000 eV) =  0.0302098 b. +/- 0.00286811 b. ( 9.494 %) 
 Ave. Gtotal  L=0        =  4.273E+01 +/- 8.36 %
 Ave. Gn^(0)  L=0        =  2.852E-01 +/- 5.24 %
 Ave. Gg      L=0        =  4.808E-01 +/- 19.18 %
 Ave. D       L=0        =  1.731E+03 +/- 0.74 %
 Ave. S       L=0        =  8.634E-05 +/- 5.89 %
 Ave. Gtotal  L=1        =  1.716E+01 +/- 3.86 %
 Ave. Gn^(1)  L=1        =  1.160E+00 +/- 10.89 %
 Ave. Gg      L=1        =  1.048E-01 +/- 48.85 %
 Ave. D       L=1        =  9.256E+02 +/- 0.84 %
 Ave. S       L=1        =  2.058E-04 +/- 10.58 %
 Ave. Gtotal  L=2        =  2.451E+00 +/- 4.86 %
 Ave. Gn^(2)  L=2        =  2.085E+01 +/- 27.78 %
 Ave. Gg      L=2        =  1.927E-02 +/- 43.66 %
 Ave. D       L=2        =  7.095E+02 +/- 0.64 %
 Ave. S       L=2        =  2.953E-03 +/- 28.68 %

 Expected Thermal (n,g) (syst or meas)= 77.5 b. +/- 1 b. nominal: 77.5164 b.
 ratio Calculated/expected thermal (n,g): 1.00 ratio DCalculated/Dexpected: 1.62 ratio Calculated/Nominal: 1.00
 ============== From 20 random values ===== stop ======
 ================================================
 ... Calculation of (n,a) and (n,p) cross sections at 300 K
 ... thermal (n,a) cross section is 0.580168 +/- 0.290084 b.
 ... thermal (n,a) cross section is 0.701273 b. (random case 1)
 ... thermal (n,a) cross section is 0.533261 b. (random case 2)
 ... thermal (n,a) cross section is 0.482974 b. (random case 3)
 ... thermal (n,a) cross section is 0.25673 b. (random case 4)
 ... thermal (n,a) cross section is 0.872981 b. (random case 5)
 ... thermal (n,a) cross section is 0.0850057 b. (random case 6)
 ... thermal (n,a) cross section is 0.767945 b. (random case 7)
 ... thermal (n,a) cross section is 0.18287 b. (random case 8)
 ... thermal (n,a) cross section is 0.465897 b. (random case 9)
 ... thermal (n,a) cross section is 0.755569 b. (random case 10)
 ... thermal (n,a) cross section is 0.830874 b. (random case 11)
 ... thermal (n,a) cross section is 0.759706 b. (random case 12)
 ... thermal (n,a) cross section is 0.277669 b. (random case 13)
 ... thermal (n,a) cross section is 0.805734 b. (random case 14)
 ... thermal (n,a) cross section is 0.385922 b. (random case 15)
 ... thermal (n,a) cross section is 0.362837 b. (random case 16)
 ... thermal (n,a) cross section is 0.751328 b. (random case 17)
 ... thermal (n,a) cross section is 0.859588 b. (random case 18)
 ... thermal (n,a) cross section is 0.787386 b. (random case 19)
 ... thermal (n,a) cross section is 0.527359 b. (random case 20)
 ... thermal (n,p) cross section is 0.580168 +/- 0.290084 b.
 ... thermal (n,p) cross section is 0.417763 b. (random case 1)
 ... thermal (n,p) cross section is 0.721679 b. (random case 2)
 ... thermal (n,p) cross section is 0.652206 b. (random case 3)
 ... thermal (n,p) cross section is 0.792266 b. (random case 4)
 ... thermal (n,p) cross section is 0.715689 b. (random case 5)
 ... thermal (n,p) cross section is 0.458129 b. (random case 6)
 ... thermal (n,p) cross section is 0.31322 b. (random case 7)
 ... thermal (n,p) cross section is 1.01547 b. (random case 8)
 ... thermal (n,p) cross section is 0.654379 b. (random case 9)
 ... thermal (n,p) cross section is 0.210912 b. (random case 10)
 ... thermal (n,p) cross section is 0.535068 b. (random case 11)
 ... thermal (n,p) cross section is 1.22676 b. (random case 12)
 ... thermal (n,p) cross section is 0.63158 b. (random case 13)
 ... thermal (n,p) cross section is 0.883601 b. (random case 14)
 ... thermal (n,p) cross section is 0.512915 b. (random case 15)
 ... thermal (n,p) cross section is 1.05981 b. (random case 16)
 ... thermal (n,p) cross section is 0.530404 b. (random case 17)
 ... thermal (n,p) cross section is 1.05614 b. (random case 18)
 ... thermal (n,p) cross section is 0.476628 b. (random case 19)
 ... thermal (n,p) cross section is 0.116306 b. (random case 20)
 ... Rewrite index for MF2
 ... Write text for MF1 in file mf1.tares.txt
 ... plotting cross sections for the MF1
 ... order output files


================== summary ==================
 Thermal (n,tot) xs = 86.0664 b. 
 Thermal (n,el)  xs = 7.38964 b. 
 Thermal (n,g)   xs = 77.5164 b. (meas/sys: 77.5 b.)
 Thermal (n,a)   xs = 0.580168 b. 
 Thermal (n,p)   xs = 0.580168 b. 

 RI      (n,g)      = 45.3824 b. (meas or sys: 30 b.)
 RI      (n,el)     = 201.045 b.
=============================================


 ... cleaning
                                                 
  -------------------------------------------------------------
  -                                                           -
  - TARES: successful end of run with data from the database  -
  -             for Z= 25,  A= 53 and isomer= 0               -
  -                                                           -
  -------------------------------------------------------------

   Running time:       94 seconds

 End time: Fri Oct  9 13:03:05 2026

