
  -------------------------------------------------------------
  -                                                           -
  -              Welcome to TARES version 1.8                 -
  -                                                           -
  -  (C) Copyright 2007-2025 D. Rochman, All Rights Reserved  -
  -           NRG, Petten, the Netherlands 2007-2014          -
  -           PSI, Villigen    Switzerland 2015-2025          -
  -         Nagra, Wettingen   Switzerland 2025-              -
  -           (Last Modified October 06, 2026)                -
  -           (Database from October 06, 2026)                -
  -                                                           -
  -------------------------------------------------------------


  ---------------------------------------------
   Compilation information:
   Compiled on:         Oct  8 2026, 18:36:06
   Compiled by:         koning
   Compiler version:    clang++ - 21.0.0
   Source location:     /Users/koning/tares-1.8/source/Module/
   Binaries location:   /Users/koning/bin
   System:              Darwin 25.6.0
   System version:      Darwin Kernel Version 25.6.0: Fri Jul 31 19:19:08 PDT 2026; root:xnu-12377.161.14~5/RELEASE_ARM64_T6050  
   Machine:             arm64 
  ---------------------------------------------

   User information:
   User name:           koning
   Running directory:   /Users/koning/tendl/resbase/Es242/work
   Owner mode for running directory : rwx
   Group mode for running directory : r-x
  ---------------------------------------------


 Starting time: Fri Oct  9 12:57:13 2026
 ... inputs directory found (/Users/koning/tares-1.8/source/Module//../../inputs/).
 ... It will be used for resonance parameters 
 ... ###############################################
 ... #     read the input file tares.inp
 ... ###############################################
 ... line: #
 ... line: # Input file generated by Autorochman
          --> line not read
 ... line: #
 ... line: isotope    Es
          --> Isotope name: Es
 ... line: mass       242
          --> isotopic mass: 242
 ... line: output     n-Es242
         ---> Name of the output files: n-Es242
 ... line: isomer     0
          --> isomeric state: 0
 ... line: mf32mf33   y
          --> MF33 based on MF32: y
 ... line: nbrRandom  6
          --> Nbr of random files: 6
 ... ###############################################
 ... # end read the input file tares.inp
 ... ###############################################
Value for random generator type not considered in since Tares 1.7 due to compilation issues

 ... ###############################################
     #   Interpretation of the Input definition    #
     ###############################################

 ... Default energy limit: End of resonance region
 ... Nuclear charge    = 99
 ... Element           = Es
 ... Mass              = 242
 ... Isomer            = 0
 ... Correlation for (Gn,Gg) not included in random files
 ... Default random option: No random
 ... Output name: n-Es242
 ... Energy for the MACS: 30000 eV
 ... Resonances from CALENDF reduced (reduce=y) 
 ... For URR, level density model from TALYS selected: 91n3n12611.2850 (see manual for description)
 ... Random Generator: default (pseudo random numbers from ansi c++)
 ... Reconstruction of cross section selected
 ... Doppler broadening at 0 Kelvin
 ... URR not included (from the input file flag)
 ... Weight for grouping is flat
 ... Calculation of (n,alpha) cross section selected
 ... Number of digit for MF32c covariance representation: 2
 ... MF32 included
 ... MF33 will be used for covariance processing
 ... TENDL option set to yes (automatic choice of MF2 and format)
 ... Isotope not found in the best file --> use of MLBW formalism
 ... default option: Multi level Breit Wigner approximation selected
 ... (check file best.tendl.yes for changing this option)
 ... Retroactive option set to no with the 2025 option
 ... ladder option set to yes (CALENDF will be used for statistical resonances)

 ... ###############################################
     #           End of Input definition           #
     ###############################################

 ... gnuplot found, will be used for plotting
 ... latex found, will be used for plotting
 ... dvips found, will be used for plotting
 ... ps2epsi not found, limited plotting available
 ... uncertainties on default parameters multiplied by 1.33924
 ... Read resonance data from the 2025 directory
 ... Resonance parameters taken from /Users/koning/tares-1.8/source/Module//../../inputs/2025/Resonance/default/
 ---> Processing Z= 99 and A= 242 and isomer= 0 (level number: 0)
 Exfor path; Could not find /Users/koning/tares-1.8/source/Module//../../inputs/exfor/Es242/xs/102
Thermal file; Could not open file /Users/koning/tares-1.8/source/Module//../../inputs/2025/runThermal/results//thermal.mxw.ng.cendl3.1
Thermal file; Could not open file /Users/koning/tares-1.8/source/Module//../../inputs/2025/runThermal/results//thermal.mxw.ng.brond3.1
Thermal file; Could not open file /Users/koning/tares-1.8/source/Module//../../inputs/2025/runThermal/results//thermal.xs.ng.unc.cendl3.1
 ... spin taken from the final/ directory (1)

 ... ###############################################
 ... #  Nucleus global parameters (2025 database)  #
 ... ###############################################
 0. Half-life: 17.8 sec. 
 ... Scattering radius from TALYS: /Users/koning/tares-1.8/source/Module//../../inputs/2025/lib.urr/talys.urr/
 1. Spin of the target isotope: 4
 2. Relative Atomic Mass of the target isotope: 242.069
 3. Scattering radius (local compilation): 8.26024 fm +/- 0.198246 fm
      .......................................
      ... Thermal capture cross sections: ...
 4. Thermal (n,g) cross section from systematics (TALYS, urr.dat): 216.496 +/- 184.022 b.
 5. Thermal (n,g) cross section from TENDL-2023: 20.53 b.
      .......................................
      ...  Thermal total cross sections:  ...
      .......................................
      ... Thermal elastic cross sections: ...
 6. Thermal (n,el) cross section from potential (4piR^2): 10.3811 +/- 0.519057 b.
      .......................................
             ... Resonance integral: ...
 7. No capture integral found in /Users/koning/tares-1.8/source/Module//../../inputs/capture.integral
 ... no RI(n,g) found in local compilation, take 2018 value.
 ... no RI(n,g) found in local compilation, take Sukhoruchkin value.
 8. Thermal (n,f) cross section from systematics: 7959.12 +/- 6367.3 b.
   ---- MACS 30 keV ----- 
 9. TALYS MACS 30 keV (HF): 0.381652 b. 
   ---------- S0 -------- 
 10. S0 from TALYS: 0.657559
   ---------- S1 -------- 
 11. S1 from TALYS: 2.88929
   ---------- S2 -------- 
 12. S2 from TALYS: 0.773125
   ---------- D0 -------- 
 13. D0 from TALYS: 0.0135823 eV
   ---------- D1 -------- 
 14. D1 from TALYS: 0.00692549 eV
   ---------- D2 -------- 
 15. D2 from TALYS: 0.00477026 eV
   ---------- G0 -------- 
 16. Gg0 from TALYS: 0.0659765 eV
   ---------- G1 -------- 
 17. Gg1 from TALYS: 0.0667754 eV
   ---------- G2 -------- 
 18. Gg2 from TALYS: 0.0673678 eV


   ---------------------- 
 ... Read resonance parameters (format: 2: Multi Level Breit Wigner)
 ... 0 resonances found 
 ... possibly no resonances in the Resonance directory for this isotope and options
 ... Use HFR (ladder) behavior 
 --> 19. Number of resonances from the input file: 2 up to 0.00679113 eV
 20. Read nuclear quantities (mass, MAT...)
 21. Read thermal (n,g) xs 
 22. Read the scattering radius 
 23. Read uncertainty on Gg for 2 resonances
 24. Read uncertainty on Gg for 2 resonances ... done
 25. Read uncertainty on Gf1
 26. Read uncertainty on Gf2
 ... order resonances 
 ... Upper limit for the RRR: 0.00679113 eV (no statistical resonances HFR) from the limit.RRR file
 ... Write parameters for l=0 waves
 ... End writing original MF2 
 ... No RRR in the database: uncertainties on default parameters multiplied by 1.99753
 ... Enter in urr function (ladder option set to y) for file n-Es242
 ... read the file /Users/koning/tares-1.8/source/Module//../../inputs/2025/list.jcs.urr to find URR origin
 Default URR taken from TALYS calculations with level density model: 91n3n12611.2850
 File considered for the URR: /Users/koning/tares-1.8/source/Module//../../inputs/2025/lib.urr/talys.urr/91n3n12611.2850/Es/urr/urr.dat.Es.242.000.0.gz
 ... Write URR using TALYS average parameters (used for HFR)
 ... Limit of URR changed to 25 keV (recommendation from WPEC and JEFF)
 ... Extract the Sn value from file ./urr.dat.Es.242.0.0
 ... found Sn= 8.12532 MeV
 ... estimated number of resonances up to 265.686 eV: 19561.3 resonances, too high ?
 ... estimated number of resonances up to 132.843 eV: 9780.64 resonances, too high ?
 ... estimated number of resonances up to 66.4216 eV: 4890.32 resonances, too high ?
 ... estimated number of resonances up to 33.2108 eV: 2445.16 resonances, too high ?
 ... estimated number of resonances up to 16.6054 eV: 1222.58 resonances, too high ?
 too many reductions... stops after 5
 ... estimated number of resonances up to 8.3027 eV:  611.29 resonances
 ... This is a test here. The higher energy limit to include URR data for calendf is set to max Sn. 24/03/2016
 ... Use Sn to define the maximum energy for the URR: Sn= 8.12532 MeV --> last_energyURR= 8.3027 eV
 ... read D0, S0, Gn and Gg
 ... number of URR energies: 1236
 Number of l: 1236 and last energy: 12
 Last  URR energy: 8.3027 eV
 ... Enter in to_MLBW_mf2 function
 ... Convert to Multi Level Breit Wigner (MLBW)
 ... Write parameter covariances (MF32) for l=0
 ... Convert parameter covariances (MF32) to MLBW
 ... copy the mf2 and mf32 to .mlbw files
 ... Enter in urr_correct function case 1
 Modify the higher limit of RRR in MF2
 --> old value: 6.825000-3 eV new value: 1.000000-2 eV
 Modify resonance covariances (MF32) to include correlations in the URR
 End Modify resonance covariances (MF32) to include correlations in the URR
 ... Enter in calendf_xs function
 Use CALENDF for statistical resonances (update MF2) up to 8.302700+0 eV (initial limit)
 Extract resonances from CALENDF for RRR->URR 2
 1246 statistical resonances found
 Reduction to 100 resonances based on the half-life of the isotope
 After reduction, 101 statistical resonances found
 ... checking resonance order 1
 ... checking resonance order 2nd round for 99 resonances
 ... end checking resonance order 2nd round
 ... hypothetical resonance closer than 0.01 eV to the thermal energy:
 ... all positive resonances shifted by -0.00405385 eV (thermal energy between two resonances)
 .......................................................
 ... Adjustment to the thermal cross section : start ...
 .......................................................
 --> Systematics thermal (n,g) xs   216.496 b.
 --> Systematics thermal (n,f) xs   7959.12 b.
 ... Prior values:
 ... Import MF2 from TARES calculations
 ... End energy of TARES MF2 : 1.146658E+0 eV and limit to 40000 resonances
 ... File used for reconstruction: new.temp22.reconst
 ... run RECENT ...
 ... Doppler broadened at a unique temperature: 300 Kelvin using sigma1
 ... run SIGMA1 at 3.000000E+02 K.

 ============== INTER values at 300 Kelvin ==============
 Thermal (n,g) xs =  748.155 b. (meas/sys: 216.496 b.) (warning: comparison to be done at 296 or 300 K)
 Th Maxw (n,g) xs =  741.95 b. (thermal Maxwellian value)
 Westcott factor  =  0.99171
 RI      (n,g)    =  212.039 b. (meas or sys: - b.)
 MACS 3.000e+04 eV=  1.0698 b. (meas or sys: - b.) from 1.00E+00 to 2.00E+07 eV (end of RRR) at T= 300 Kelvin 
 Thermal (n,el) xs=  7.79845 b.
 RI      (n,el)   =  6.43788 b.
 Thermal (n,f) xs =  853.284 b. (meas/sys: 7959.12 +/- 6367.3 b.)
 RI      (n,f) xs =  110.208 b. 
 ============= PSYCHE values ==============
 Ave. G_total L0  =  0.213736 eV
 Ave. G_total L1  =  0.0849462 eV
 Ave. Gn_0    L0  =  1.86965e-06
 Ave. Gn_0    L1  =  4.61107e-05
 Ave. Gg      L0  =  0.0654254 eV
 Ave. Gg      L1  =  0.0643244 eV
 Ave. D       L0  =  0.0124636 eV
 Ave. D       L1  =  1.14665 eV
 Ave. S       L0  =  7.60285e-05 eV
 Ave. S       L1  =  1.5928e-05 eV
 =========================================
 ... tolerances: thermal (n,g) 20 %, thermal (n,f) 20 % (reference uncertainties, minimum 2%, maximum 20%)
 Calculated thermal (n,g)=          748.154731 b. and measured/system= 216.496 b. (C/E= 3.45574)
 Calculated thermal (n,f)=          853.283786 b. and measured/system= 7959.12 b. (C/E= 0.107208)
 ... Import MF2 from TARES calculations
 ... End energy of TARES MF2 : 1.146658E+0 eV and limit to 40000 resonances
 ... File used for reconstruction: new.temp22.reconst
 ... run RECENT ...
 ... Doppler broadened at a unique temperature: 300 Kelvin using sigma1
 ... run SIGMA1 at 3.000000E+02 K.

 ============== INTER values at 300 Kelvin ==============
 Thermal (n,g) xs =  56.3222 b. (meas/sys: 216.496 b.) (warning: comparison to be done at 296 or 300 K)
 Th Maxw (n,g) xs =  60.58 b. (thermal Maxwellian value)
 Westcott factor  =  1.0756
 RI      (n,g)    =  139.948 b. (meas or sys: - b.)
 MACS 3.000e+04 eV=  1.0698 b. (meas or sys: - b.) from 1.00E+00 to 2.00E+07 eV (end of RRR) at T= 300 Kelvin 
 Thermal (n,el) xs=  8.21903 b.
 RI      (n,el)   =  6.37408 b.
 Thermal (n,f) xs =  781.789 b. (meas/sys: 7959.12 +/- 6367.3 b.)
 RI      (n,f) xs =  116.084 b. 
 ============= PSYCHE values ==============
 Ave. G_total L0  =  1.15671 eV
 Ave. G_total L1  =  0.179694 eV
 Ave. Gn_0    L0  =  1.86965e-06
 Ave. Gn_0    L1  =  4.61107e-05
 Ave. Gg      L0  =  0.0223402 eV
 Ave. Gg      L1  =  0.0219643 eV
 Ave. D       L0  =  0.0124636 eV
 Ave. D       L1  =  1.14665 eV
 Ave. S       L0  =  7.60285e-05 eV
 Ave. S       L1  =  1.5928e-05 eV
 =========================================
 ... iteration 0: C/E thermal (n,g)= 0.260153  C/E thermal (n,f)= 0.0982255
 Warning: 99 Gg/Gf values limited to a change of a factor 10 from their starting values
 ... Posterior values (iteration 1):
 ... Import MF2 from TARES calculations
 ... End energy of TARES MF2 : 1.146658E+0 eV and limit to 40000 resonances
 ... File used for reconstruction: new.temp22.reconst
 ... run RECENT ...
 ... Doppler broadened at a unique temperature: 300 Kelvin using sigma1
 ... run SIGMA1 at 3.000000E+02 K.

 ============== INTER values at 300 Kelvin ==============
 Thermal (n,g) xs =  103.833 b. (meas/sys: 216.496 b.) (warning: comparison to be done at 296 or 300 K)
 Th Maxw (n,g) xs =  108.48 b. (thermal Maxwellian value)
 Westcott factor  =  1.04472
 RI      (n,g)    =  146.579 b. (meas or sys: - b.)
 MACS 3.000e+04 eV=  1.0698 b. (meas or sys: - b.) from 1.00E+00 to 2.00E+07 eV (end of RRR) at T= 300 Kelvin 
 Thermal (n,el) xs=  8.29429 b.
 RI      (n,el)   =  6.37494 b.
 Thermal (n,f) xs =  609.033 b. (meas/sys: 7959.12 +/- 6367.3 b.)
 RI      (n,f) xs =  93.6344 b. 
 ============= PSYCHE values ==============
 Ave. G_total L0  =  1.55351 eV
 Ave. G_total L1  =  0.275449 eV
 Ave. Gn_0    L0  =  1.86965e-06
 Ave. Gn_0    L1  =  4.61107e-05
 Ave. Gg      L0  =  0.070416 eV
 Ave. Gg      L1  =  0.069231 eV
 Ave. D       L0  =  0.0124636 eV
 Ave. D       L1  =  1.14665 eV
 Ave. S       L0  =  7.60285e-05 eV
 Ave. S       L1  =  1.5928e-05 eV
 =========================================

 ... iteration 1: C/E thermal (n,g)= 0.479609  C/E thermal (n,f)= 0.0765201
 Warning: 99 Gg/Gf values limited to a change of a factor 10 from their starting values
 ... Posterior values (iteration 2):
 ... Import MF2 from TARES calculations
 ... End energy of TARES MF2 : 1.146658E+0 eV and limit to 40000 resonances
 ... File used for reconstruction: new.temp22.reconst
 ... run RECENT ...
 ... Doppler broadened at a unique temperature: 300 Kelvin using sigma1
 ... run SIGMA1 at 3.000000E+02 K.

 ============== INTER values at 300 Kelvin ==============
 Thermal (n,g) xs =  145.85 b. (meas/sys: 216.496 b.) (warning: comparison to be done at 296 or 300 K)
 Th Maxw (n,g) xs =  151.16 b. (thermal Maxwellian value)
 Westcott factor  =  1.03644
 RI      (n,g)    =  152.85 b. (meas or sys: - b.)
 MACS 3.000e+04 eV=  1.0698 b. (meas or sys: - b.) from 1.00E+00 to 2.00E+07 eV (end of RRR) at T= 300 Kelvin 
 Thermal (n,el) xs=  8.31405 b.
 RI      (n,el)   =  6.37498 b.
 Thermal (n,f) xs =  543.324 b. (meas/sys: 7959.12 +/- 6367.3 b.)
 RI      (n,f) xs =  85.2866 b. 
 ============= PSYCHE values ==============
 Ave. G_total L0  =  1.60349 eV
 Ave. G_total L1  =  0.324584 eV
 Ave. Gn_0    L0  =  1.86965e-06
 Ave. Gn_0    L1  =  4.61107e-05
 Ave. Gg      L0  =  0.120392 eV
 Ave. Gg      L1  =  0.118366 eV
 Ave. D       L0  =  0.0124636 eV
 Ave. D       L1  =  1.14665 eV
 Ave. S       L0  =  7.60285e-05 eV
 Ave. S       L1  =  1.5928e-05 eV
 =========================================

 ... iteration 2: C/E thermal (n,g)= 0.673683  C/E thermal (n,f)= 0.0682643
 Warning: 99 Gg/Gf values limited to a change of a factor 10 from their starting values
 ... Posterior values (iteration 3):
 ... Import MF2 from TARES calculations
 ... End energy of TARES MF2 : 1.146658E+0 eV and limit to 40000 resonances
 ... File used for reconstruction: new.temp22.reconst
 ... run RECENT ...
 ... Doppler broadened at a unique temperature: 300 Kelvin using sigma1
 ... run SIGMA1 at 3.000000E+02 K.

 ============== INTER values at 300 Kelvin ==============
 Thermal (n,g) xs =  162.288 b. (meas/sys: 216.496 b.) (warning: comparison to be done at 296 or 300 K)
 Th Maxw (n,g) xs =  167.79 b. (thermal Maxwellian value)
 Westcott factor  =  1.03391
 RI      (n,g)    =  155.502 b. (meas or sys: - b.)
 MACS 3.000e+04 eV=  1.0698 b. (meas or sys: - b.) from 1.00E+00 to 2.00E+07 eV (end of RRR) at T= 300 Kelvin 
 Thermal (n,el) xs=  8.32281 b.
 RI      (n,el)   =  6.37586 b.
 Thermal (n,f) xs =  515.73 b. (meas/sys: 7959.12 +/- 6367.3 b.)
 RI      (n,f) xs =  81.5097 b. 
 ============= PSYCHE values ==============
 Ave. G_total L0  =  1.62963 eV
 Ave. G_total L1  =  0.350292 eV
 Ave. Gn_0    L0  =  1.86965e-06
 Ave. Gn_0    L1  =  4.61107e-05
 Ave. Gg      L0  =  0.14654 eV
 Ave. Gg      L1  =  0.144074 eV
 Ave. D       L0  =  0.0124636 eV
 Ave. D       L1  =  1.14665 eV
 Ave. S       L0  =  7.60285e-05 eV
 Ave. S       L1  =  1.5928e-05 eV
 =========================================

 ... iteration 3: C/E thermal (n,g)= 0.749611  C/E thermal (n,f)= 0.0647973
 Warning: 99 Gg/Gf values limited to a change of a factor 10 from their starting values
 ... Posterior values (iteration 4):
 ... Import MF2 from TARES calculations
 ... End energy of TARES MF2 : 1.146658E+0 eV and limit to 40000 resonances
 ... File used for reconstruction: new.temp22.reconst
 ... run RECENT ...
 ... Doppler broadened at a unique temperature: 300 Kelvin using sigma1
 ... run SIGMA1 at 3.000000E+02 K.

 ============== INTER values at 300 Kelvin ==============
 Thermal (n,g) xs =  169.851 b. (meas/sys: 216.496 b.) (warning: comparison to be done at 296 or 300 K)
 Th Maxw (n,g) xs =  175.46 b. (thermal Maxwellian value)
 Westcott factor  =  1.03303
 RI      (n,g)    =  156.741 b. (meas or sys: - b.)
 MACS 3.000e+04 eV=  1.0698 b. (meas or sys: - b.) from 1.00E+00 to 2.00E+07 eV (end of RRR) at T= 300 Kelvin 
 Thermal (n,el) xs=  8.3271 b.
 RI      (n,el)   =  6.37612 b.
 Thermal (n,f) xs =  502.631 b. (meas/sys: 7959.12 +/- 6367.3 b.)
 RI      (n,f) xs =  79.6866 b. 
 ============= PSYCHE values ==============
 Ave. G_total L0  =  1.64339 eV
 Ave. G_total L1  =  0.363821 eV
 Ave. Gn_0    L0  =  1.86965e-06
 Ave. Gn_0    L1  =  4.61107e-05
 Ave. Gg      L0  =  0.1603 eV
 Ave. Gg      L1  =  0.157603 eV
 Ave. D       L0  =  0.0124636 eV
 Ave. D       L1  =  1.14665 eV
 Ave. S       L0  =  7.60285e-05 eV
 Ave. S       L1  =  1.5928e-05 eV
 =========================================

 ... iteration 4: C/E thermal (n,g)= 0.784546  C/E thermal (n,f)= 0.0631515
 Warning: 99 Gg/Gf values limited to a change of a factor 10 from their starting values
 ... Posterior values (iteration 5):
 ... Import MF2 from TARES calculations
 ... End energy of TARES MF2 : 1.146658E+0 eV and limit to 40000 resonances
 ... File used for reconstruction: new.temp22.reconst
 ... run RECENT ...
 ... Doppler broadened at a unique temperature: 300 Kelvin using sigma1
 ... run SIGMA1 at 3.000000E+02 K.

 ============== INTER values at 300 Kelvin ==============
 Thermal (n,g) xs =  173.577 b. (meas/sys: 216.496 b.) (warning: comparison to be done at 296 or 300 K)
 Th Maxw (n,g) xs =  179.22 b. (thermal Maxwellian value)
 Westcott factor  =  1.03252
 RI      (n,g)    =  157.37 b. (meas or sys: - b.)
 MACS 3.000e+04 eV=  1.0698 b. (meas or sys: - b.) from 1.00E+00 to 2.00E+07 eV (end of RRR) at T= 300 Kelvin 
 Thermal (n,el) xs=  8.32928 b.
 RI      (n,el)   =  6.37631 b.
 Thermal (n,f) xs =  496.079 b. (meas/sys: 7959.12 +/- 6367.3 b.)
 RI      (n,f) xs =  78.7669 b. 
 ============= PSYCHE values ==============
 Ave. G_total L0  =  1.65064 eV
 Ave. G_total L1  =  0.370943 eV
 Ave. Gn_0    L0  =  1.86965e-06
 Ave. Gn_0    L1  =  4.61107e-05
 Ave. Gg      L0  =  0.167544 eV
 Ave. Gg      L1  =  0.164725 eV
 Ave. D       L0  =  0.0124636 eV
 Ave. D       L1  =  1.14665 eV
 Ave. S       L0  =  7.60285e-05 eV
 Ave. S       L1  =  1.5928e-05 eV
 =========================================

 ... iteration 5: C/E thermal (n,g)= 0.801753  C/E thermal (n,f)= 0.0623284
 Warning: 99 Gg/Gf values limited to a change of a factor 10 from their starting values
 ... Posterior values (iteration 6):
 ... Import MF2 from TARES calculations
 ... End energy of TARES MF2 : 1.146658E+0 eV and limit to 40000 resonances
 ... File used for reconstruction: new.temp22.reconst
 ... run RECENT ...
 ... Doppler broadened at a unique temperature: 300 Kelvin using sigma1
 ... run SIGMA1 at 3.000000E+02 K.

 ============== INTER values at 300 Kelvin ==============
 Thermal (n,g) xs =  175.472 b. (meas/sys: 216.496 b.) (warning: comparison to be done at 296 or 300 K)
 Th Maxw (n,g) xs =  181.13 b. (thermal Maxwellian value)
 Westcott factor  =  1.03223
 RI      (n,g)    =  157.687 b. (meas or sys: - b.)
 MACS 3.000e+04 eV=  1.0698 b. (meas or sys: - b.) from 1.00E+00 to 2.00E+07 eV (end of RRR) at T= 300 Kelvin 
 Thermal (n,el) xs=  8.33041 b.
 RI      (n,el)   =  6.37662 b.
 Thermal (n,f) xs =  492.72 b. (meas/sys: 7959.12 +/- 6367.3 b.)
 RI      (n,f) xs =  78.2984 b. 
 ============= PSYCHE values ==============
 Ave. G_total L0  =  1.65445 eV
 Ave. G_total L1  =  0.374692 eV
 Ave. Gn_0    L0  =  1.86965e-06
 Ave. Gn_0    L1  =  4.61107e-05
 Ave. Gg      L0  =  0.171358 eV
 Ave. Gg      L1  =  0.168474 eV
 Ave. D       L0  =  0.0124636 eV
 Ave. D       L1  =  1.14665 eV
 Ave. S       L0  =  7.60285e-05 eV
 Ave. S       L1  =  1.5928e-05 eV
 =========================================

 ... iteration 6: C/E thermal (n,g)= 0.810508  C/E thermal (n,f)= 0.0619063
 Warning: 99 Gg/Gf values limited to a change of a factor 10 from their starting values
 ... Posterior values (iteration 7):
 ... Import MF2 from TARES calculations
 ... End energy of TARES MF2 : 1.146658E+0 eV and limit to 40000 resonances
 ... File used for reconstruction: new.temp22.reconst
 ... run RECENT ...
 ... Doppler broadened at a unique temperature: 300 Kelvin using sigma1
 ... run SIGMA1 at 3.000000E+02 K.

 ============== INTER values at 300 Kelvin ==============
 Thermal (n,g) xs =  176.452 b. (meas/sys: 216.496 b.) (warning: comparison to be done at 296 or 300 K)
 Th Maxw (n,g) xs =  182.11 b. (thermal Maxwellian value)
 Westcott factor  =  1.03207
 RI      (n,g)    =  157.85 b. (meas or sys: - b.)
 MACS 3.000e+04 eV=  1.0698 b. (meas or sys: - b.) from 1.00E+00 to 2.00E+07 eV (end of RRR) at T= 300 Kelvin 
 Thermal (n,el) xs=  8.331 b.
 RI      (n,el)   =  6.37664 b.
 Thermal (n,f) xs =  490.976 b. (meas/sys: 7959.12 +/- 6367.3 b.)
 RI      (n,f) xs =  78.0833 b. 
 ============= PSYCHE values ==============
 Ave. G_total L0  =  1.65646 eV
 Ave. G_total L1  =  0.376665 eV
 Ave. Gn_0    L0  =  1.86965e-06
 Ave. Gn_0    L1  =  4.61107e-05
 Ave. Gg      L0  =  0.173364 eV
 Ave. Gg      L1  =  0.170447 eV
 Ave. D       L0  =  0.0124636 eV
 Ave. D       L1  =  1.14665 eV
 Ave. S       L0  =  7.60285e-05 eV
 Ave. S       L1  =  1.5928e-05 eV
 =========================================

 ... iteration 7: C/E thermal (n,g)= 0.815035  C/E thermal (n,f)= 0.0616872
 Warning: 99 Gg/Gf values limited to a change of a factor 10 from their starting values
 ... Posterior values (iteration 8):
 ... Import MF2 from TARES calculations
 ... End energy of TARES MF2 : 1.146658E+0 eV and limit to 40000 resonances
 ... File used for reconstruction: new.temp22.reconst
 ... run RECENT ...
 ... Doppler broadened at a unique temperature: 300 Kelvin using sigma1
 ... run SIGMA1 at 3.000000E+02 K.

 ============== INTER values at 300 Kelvin ==============
 Thermal (n,g) xs =  176.963 b. (meas/sys: 216.496 b.) (warning: comparison to be done at 296 or 300 K)
 Th Maxw (n,g) xs =  182.63 b. (thermal Maxwellian value)
 Westcott factor  =  1.03202
 RI      (n,g)    =  157.942 b. (meas or sys: - b.)
 MACS 3.000e+04 eV=  1.0698 b. (meas or sys: - b.) from 1.00E+00 to 2.00E+07 eV (end of RRR) at T= 300 Kelvin 
 Thermal (n,el) xs=  8.3313 b.
 RI      (n,el)   =  6.37671 b.
 Thermal (n,f) xs =  490.065 b. (meas/sys: 7959.12 +/- 6367.3 b.)
 RI      (n,f) xs =  77.9583 b. 
 ============= PSYCHE values ==============
 Ave. G_total L0  =  1.65751 eV
 Ave. G_total L1  =  0.377704 eV
 Ave. Gn_0    L0  =  1.86965e-06
 Ave. Gn_0    L1  =  4.61107e-05
 Ave. Gg      L0  =  0.17442 eV
 Ave. Gg      L1  =  0.171485 eV
 Ave. D       L0  =  0.0124636 eV
 Ave. D       L1  =  1.14665 eV
 Ave. S       L0  =  7.60285e-05 eV
 Ave. S       L1  =  1.5928e-05 eV
 =========================================

 ... iteration 8: C/E thermal (n,g)= 0.817396  C/E thermal (n,f)= 0.0615727
 Warning: 99 Gg/Gf values limited to a change of a factor 10 from their starting values
 ... Posterior values (iteration 9):
 ... Import MF2 from TARES calculations
 ... End energy of TARES MF2 : 1.146658E+0 eV and limit to 40000 resonances
 ... File used for reconstruction: new.temp22.reconst
 ... run RECENT ...
 ... Doppler broadened at a unique temperature: 300 Kelvin using sigma1
 ... run SIGMA1 at 3.000000E+02 K.

 ============== INTER values at 300 Kelvin ==============
 Thermal (n,g) xs =  177.231 b. (meas/sys: 216.496 b.) (warning: comparison to be done at 296 or 300 K)
 Th Maxw (n,g) xs =  182.9 b. (thermal Maxwellian value)
 Westcott factor  =  1.03199
 RI      (n,g)    =  157.987 b. (meas or sys: - b.)
 MACS 3.000e+04 eV=  1.0698 b. (meas or sys: - b.) from 1.00E+00 to 2.00E+07 eV (end of RRR) at T= 300 Kelvin 
 Thermal (n,el) xs=  8.33146 b.
 RI      (n,el)   =  6.37677 b.
 Thermal (n,f) xs =  489.587 b. (meas/sys: 7959.12 +/- 6367.3 b.)
 RI      (n,f) xs =  77.8923 b. 
 ============= PSYCHE values ==============
 Ave. G_total L0  =  1.65807 eV
 Ave. G_total L1  =  0.37825 eV
 Ave. Gn_0    L0  =  1.86965e-06
 Ave. Gn_0    L1  =  4.61107e-05
 Ave. Gg      L0  =  0.174976 eV
 Ave. Gg      L1  =  0.172032 eV
 Ave. D       L0  =  0.0124636 eV
 Ave. D       L1  =  1.14665 eV
 Ave. S       L0  =  7.60285e-05 eV
 Ave. S       L1  =  1.5928e-05 eV
 =========================================

 ... iteration 9: C/E thermal (n,g)= 0.818632  C/E thermal (n,f)= 0.0615127
 Warning: 99 Gg/Gf values limited to a change of a factor 10 from their starting values
 ... Posterior values (iteration 10):
 ... Import MF2 from TARES calculations
 ... End energy of TARES MF2 : 1.146658E+0 eV and limit to 40000 resonances
 ... File used for reconstruction: new.temp22.reconst
 ... run RECENT ...
 ... Doppler broadened at a unique temperature: 300 Kelvin using sigma1
 ... run SIGMA1 at 3.000000E+02 K.

 ============== INTER values at 300 Kelvin ==============
 Thermal (n,g) xs =  177.371 b. (meas/sys: 216.496 b.) (warning: comparison to be done at 296 or 300 K)
 Th Maxw (n,g) xs =  183.04 b. (thermal Maxwellian value)
 Westcott factor  =  1.03198
 RI      (n,g)    =  158.016 b. (meas or sys: - b.)
 MACS 3.000e+04 eV=  1.0698 b. (meas or sys: - b.) from 1.00E+00 to 2.00E+07 eV (end of RRR) at T= 300 Kelvin 
 Thermal (n,el) xs=  8.33155 b.
 RI      (n,el)   =  6.37675 b.
 Thermal (n,f) xs =  489.336 b. (meas/sys: 7959.12 +/- 6367.3 b.)
 RI      (n,f) xs =  77.8574 b. 
 ============= PSYCHE values ==============
 Ave. G_total L0  =  1.65836 eV
 Ave. G_total L1  =  0.378538 eV
 Ave. Gn_0    L0  =  1.86965e-06
 Ave. Gn_0    L1  =  4.61107e-05
 Ave. Gg      L0  =  0.175269 eV
 Ave. Gg      L1  =  0.172319 eV
 Ave. D       L0  =  0.0124636 eV
 Ave. D       L1  =  1.14665 eV
 Ave. S       L0  =  7.60285e-05 eV
 Ave. S       L1  =  1.5928e-05 eV
 =========================================

 ... iteration 10: C/E thermal (n,g)= 0.819281  C/E thermal (n,f)= 0.0614811
 Warning: 99 Gg/Gf values limited to a change of a factor 10 from their starting values
 ... Posterior values (iteration 11):
 ... Import MF2 from TARES calculations
 ... End energy of TARES MF2 : 1.146658E+0 eV and limit to 40000 resonances
 ... File used for reconstruction: new.temp22.reconst
 ... run RECENT ...
 ... Doppler broadened at a unique temperature: 300 Kelvin using sigma1
 ... run SIGMA1 at 3.000000E+02 K.

 ============== INTER values at 300 Kelvin ==============
 Thermal (n,g) xs =  177.445 b. (meas/sys: 216.496 b.) (warning: comparison to be done at 296 or 300 K)
 Th Maxw (n,g) xs =  183.12 b. (thermal Maxwellian value)
 Westcott factor  =  1.03197
 RI      (n,g)    =  158.028 b. (meas or sys: - b.)
 MACS 3.000e+04 eV=  1.0698 b. (meas or sys: - b.) from 1.00E+00 to 2.00E+07 eV (end of RRR) at T= 300 Kelvin 
 Thermal (n,el) xs=  8.33159 b.
 RI      (n,el)   =  6.37674 b.
 Thermal (n,f) xs =  489.204 b. (meas/sys: 7959.12 +/- 6367.3 b.)
 RI      (n,f) xs =  77.839 b. 
 ============= PSYCHE values ==============
 Ave. G_total L0  =  1.65852 eV
 Ave. G_total L1  =  0.378689 eV
 Ave. Gn_0    L0  =  1.86965e-06
 Ave. Gn_0    L1  =  4.61107e-05
 Ave. Gg      L0  =  0.175423 eV
 Ave. Gg      L1  =  0.17247 eV
 Ave. D       L0  =  0.0124636 eV
 Ave. D       L1  =  1.14665 eV
 Ave. S       L0  =  7.60285e-05 eV
 Ave. S       L1  =  1.5928e-05 eV
 =========================================

 ... iteration 11: C/E thermal (n,g)= 0.819622  C/E thermal (n,f)= 0.0614646
 Warning: 99 Gg/Gf values limited to a change of a factor 10 from their starting values
 ... Posterior values (iteration 12):
 ... Import MF2 from TARES calculations
 ... End energy of TARES MF2 : 1.146658E+0 eV and limit to 40000 resonances
 ... File used for reconstruction: new.temp22.reconst
 ... run RECENT ...
 ... Doppler broadened at a unique temperature: 300 Kelvin using sigma1
 ... run SIGMA1 at 3.000000E+02 K.

 ============== INTER values at 300 Kelvin ==============
 Thermal (n,g) xs =  177.484 b. (meas/sys: 216.496 b.) (warning: comparison to be done at 296 or 300 K)
 Th Maxw (n,g) xs =  183.16 b. (thermal Maxwellian value)
 Westcott factor  =  1.03197
 RI      (n,g)    =  158.035 b. (meas or sys: - b.)
 MACS 3.000e+04 eV=  1.0698 b. (meas or sys: - b.) from 1.00E+00 to 2.00E+07 eV (end of RRR) at T= 300 Kelvin 
 Thermal (n,el) xs=  8.33162 b.
 RI      (n,el)   =  6.37673 b.
 Thermal (n,f) xs =  489.135 b. (meas/sys: 7959.12 +/- 6367.3 b.)
 RI      (n,f) xs =  77.8293 b. 
 ============= PSYCHE values ==============
 Ave. G_total L0  =  1.6586 eV
 Ave. G_total L1  =  0.378768 eV
 Ave. Gn_0    L0  =  1.86965e-06
 Ave. Gn_0    L1  =  4.61107e-05
 Ave. Gg      L0  =  0.175503 eV
 Ave. Gg      L1  =  0.17255 eV
 Ave. D       L0  =  0.0124636 eV
 Ave. D       L1  =  1.14665 eV
 Ave. S       L0  =  7.60285e-05 eV
 Ave. S       L1  =  1.5928e-05 eV
 =========================================

 ... iteration 12: C/E thermal (n,g)= 0.819801  C/E thermal (n,f)= 0.0614559
 Warning: 99 Gg/Gf values limited to a change of a factor 10 from their starting values
 ... Posterior values (iteration 13):
 ... Import MF2 from TARES calculations
 ... End energy of TARES MF2 : 1.146658E+0 eV and limit to 40000 resonances
 ... File used for reconstruction: new.temp22.reconst
 ... run RECENT ...
 ... Doppler broadened at a unique temperature: 300 Kelvin using sigma1
 ... run SIGMA1 at 3.000000E+02 K.

 ============== INTER values at 300 Kelvin ==============
 Thermal (n,g) xs =  177.504 b. (meas/sys: 216.496 b.) (warning: comparison to be done at 296 or 300 K)
 Th Maxw (n,g) xs =  183.18 b. (thermal Maxwellian value)
 Westcott factor  =  1.03197
 RI      (n,g)    =  158.038 b. (meas or sys: - b.)
 MACS 3.000e+04 eV=  1.0698 b. (meas or sys: - b.) from 1.00E+00 to 2.00E+07 eV (end of RRR) at T= 300 Kelvin 
 Thermal (n,el) xs=  8.33163 b.
 RI      (n,el)   =  6.37673 b.
 Thermal (n,f) xs =  489.098 b. (meas/sys: 7959.12 +/- 6367.3 b.)
 RI      (n,f) xs =  77.8258 b. 
 ============= PSYCHE values ==============
 Ave. G_total L0  =  1.65864 eV
 Ave. G_total L1  =  0.37881 eV
 Ave. Gn_0    L0  =  1.86965e-06
 Ave. Gn_0    L1  =  4.61107e-05
 Ave. Gg      L0  =  0.175546 eV
 Ave. Gg      L1  =  0.172592 eV
 Ave. D       L0  =  0.0124636 eV
 Ave. D       L1  =  1.14665 eV
 Ave. S       L0  =  7.60285e-05 eV
 Ave. S       L1  =  1.5928e-05 eV
 =========================================

 ... iteration 13: C/E thermal (n,g)= 0.819895  C/E thermal (n,f)= 0.0614513
 Warning: 99 Gg/Gf values limited to a change of a factor 10 from their starting values
 ... Posterior values (iteration 14):
 ... Import MF2 from TARES calculations
 ... End energy of TARES MF2 : 1.146658E+0 eV and limit to 40000 resonances
 ... File used for reconstruction: new.temp22.reconst
 ... run RECENT ...
 ... Doppler broadened at a unique temperature: 300 Kelvin using sigma1
 ... run SIGMA1 at 3.000000E+02 K.

 ============== INTER values at 300 Kelvin ==============
 Thermal (n,g) xs =  177.515 b. (meas/sys: 216.496 b.) (warning: comparison to be done at 296 or 300 K)
 Th Maxw (n,g) xs =  183.19 b. (thermal Maxwellian value)
 Westcott factor  =  1.03196
 RI      (n,g)    =  158.04 b. (meas or sys: - b.)
 MACS 3.000e+04 eV=  1.0698 b. (meas or sys: - b.) from 1.00E+00 to 2.00E+07 eV (end of RRR) at T= 300 Kelvin 
 Thermal (n,el) xs=  8.33164 b.
 RI      (n,el)   =  6.37686 b.
 Thermal (n,f) xs =  489.079 b. (meas/sys: 7959.12 +/- 6367.3 b.)
 RI      (n,f) xs =  77.8232 b. 
 ============= PSYCHE values ==============
 Ave. G_total L0  =  1.65866 eV
 Ave. G_total L1  =  0.378832 eV
 Ave. Gn_0    L0  =  1.86965e-06
 Ave. Gn_0    L1  =  4.61107e-05
 Ave. Gg      L0  =  0.175569 eV
 Ave. Gg      L1  =  0.172614 eV
 Ave. D       L0  =  0.0124636 eV
 Ave. D       L1  =  1.14665 eV
 Ave. S       L0  =  7.60285e-05 eV
 Ave. S       L1  =  1.5928e-05 eV
 =========================================

 ... iteration 14: C/E thermal (n,g)= 0.819945  C/E thermal (n,f)= 0.0614489
 Warning: no further change possible (widths at the limit of a factor 10): adjustment stopped
 Adjusted thermal (n,f) xs            489.079057 b. (ratio for Gf= 0.0749376 )

 ... ratio C/E thermal (n,g): 8.199448E-01
 ... ratio C/E thermal (n,f): 6.144886E-02
 ...................................................... 
 ... Adjustment to the thermal cross section : stop ...
 ...................................................... 
 ... new MF2 file after adjustment: n-Es242
 ... read the file /Users/koning/tares-1.8/source/Module//../../inputs/2025/list.jcs.urr to find URR origin
 Default URR taken from TALYS calculations with level density model: 91n3n12611.2850
 File considered for the URR: /Users/koning/tares-1.8/source/Module//../../inputs/2025/lib.urr/talys.urr/91n3n12611.2850/Es/urr/urr.dat.Es.242.000.0.gz
 ... Write URR using TALYS average parameters (not used for HFR)
 ... Limit of URR changed to 25 keV (recommendation from WPEC and JEFF)
 ... read D0, S0, Gn and Gg
 ... number of URR energies: 2232
 Number of l: 2232 and last energy: 12
 Last  URR energy: 52105.7 eV
 Energies in the URR : 2232 -> reduced by a factor 2
 Energies in the URR : 1164 -> reduced by a factor 2
 Energies in the URR : 708 -> reduced by a factor 2
 Energies in the URR : 492 -> reduced by a factor 2
 Energies in the URR : 312 -> reduced by a factor 2
 ... Enter in urr_correct function case 2
 Modify the higher limit of RRR in MF2
 --> old value: 1.146658+0 eV new value: 1.146658+0 eV
 Modify resonance covariances (MF32) to include correlations in the URR
 End Modify resonance covariances (MF32) to include correlations in the URR
 ... Enter in update_MF32 function
 ... Change uncertainties
 ... for the HFR, random position of the positive resonances with 0.020000 %
 ... end of update MF32 function
 ... GLS calculation of the parameter correlations from the thermal/RI adjustment (MF32c)
 ... MF32: correlations from the thermal/RI adjustment (GLS) for 20 resonances (40 widths), 0 correlation lines
 ...   thermal (n,g): uncertainty from these widths 27.9716 b. -> 27.654 b. (reference: 216.496 +/- 184.022 b.)
 ...   thermal (n,f): uncertainty from these widths 36.6514 b. -> 36.6506 b. (reference: 7959.12 +/- 6367.3 b.)
 ... copy the mf2 and mf32 to .mlbw files

 ... Start of final reconstruction and testing ...
 ... Reconstruction of cross sections at 0 Kelvin  ... Import MF2 from TARES calculations
 ... End energy of TARES MF2 : 1.146658E+0 eV and limit to 40000 resonances
 ... File used for reconstruction: n-Es242.reconst
 ... run RECENT ...
 ... Doppler broadened at a unique temperature: 0 Kelvin using sigma1
 ... The keyword temperature is zero, no Doppler broadening for the MACS

 ============== INTER values at 0 Kelvin ==============
 Thermal (n,g) xs =  177.44 b. (meas/sys: 216.496 b.) (warning: comparison to be done at 296 or 300 K)
 Th Maxw (n,g) xs =  182.03 b. (thermal Maxwellian value)
 Westcott factor  =  1.02584
 RI      (n,g)    =  157.206 b. (meas or sys: - b.)
 MACS 3.000e+04 eV=  1.0709 b. (meas or sys: - b.) from 1.00E+00 to 1.15E+00 eV (end of RRR) at T= 0 Kelvin 
 Thermal (n,el) xs=  8.31396 b.
 RI      (n,el)   =  6.367 b.
 Thermal (n,f) xs =  488.984 b. (meas/sys: 7959.12 +/- 6367.3 b.)
 RI      (n,f) xs =  77.9618 b. 
 ============= PSYCHE values ==============
 Ave. G_total L0  =  1.65866 eV
 Ave. G_total L1  =  0.378832 eV
 Ave. Gn_0    L0  =  1.86965e-06
 Ave. Gn_0    L1  =  4.61107e-05
 Ave. Gg      L0  =  0.175569 eV
 Ave. Gg      L1  =  0.172614 eV
 Ave. D       L0  =  0.0124636 eV
 Ave. D       L1  =  1.14665 eV
 Ave. S       L0  =  7.60285e-05 eV
 Ave. S       L1  =  1.5928e-05 eV
 =========================================
 ... End of final reconstruction and testing ...

 ... grouping is not optimum, change to 70 groups
 ... Produce MF33 based on MF32 and 6 random files
 ... MF3 of n-Es242.reconst (4 sections) added to the files for ENDSAM
 ... run endsam for 6 in groups of 1 global run
 ... run endsam from 1 to 6
 ... random files: total width GT set to Gn+Gg+Gf (594 resonances in 6 files)
 ... reorder resonance position after endsam (sampling)
 ... preparing the vectors  ... done
 ... nominal file 0 Cap(th)  ave= 1.774E+02 b. +/- 0.00 % || Ela(th) ave= 8.314E+00 b. +/- 0.00 % || RIcap ave= 1.57E+02 b. +/- 0.00 % || Macs30 ave= 1.07E+00 b. +/- 0.00 % || Gn^0(l=0) ave= 1.870E-06 +/- 0.00 % Gn^0(l=1) ave= 4.611E-05 +/- 0.00 % Gn^0(l=2) ave= 0.000E+00 +/- 0.00 % Gn^0(l=3) ave= 0.000E+00 +/- 0.00 % || Gtotal(l=0) ave= 1.659E+00 +/- 0.00 % Gtotal(l=1) ave= 3.788E-01 +/- 0.00 % Gtotal(l=2) ave= 0.000E+00 +/- 0.00 % Gtotal(l=3) ave= 0.000E+00 +/- 0.00 %  % || Gg(l=0) ave= 1.756E-01 +/- 0.00 % Gg(l=1) ave= 1.726E-01 +/- 0.00 % Gg(l=2) ave= 0.000E+00 +/- 0.00 % Gg(l=3) ave= 0.000E+00 +/- 0.00 %  % || D(l=0) ave= 1.246E-02 +/- 0.00 % D(l=1) ave= 1.147E+00 +/- 0.00 % D(l=2) ave= 0.000E+00 +/- 0.00 % D(l=3) ave= 0.000E+00 +/- 0.00 %  % || S(l=0) ave= 7.603E-05 +/- 0.00 % S(l=1) ave= 1.593E-05 +/- 0.00 % S(l=2) ave= 0.000E+00 +/- 0.00 % S(l=3) ave= 0.000E+00 +/- 0.00 %  % || Fis(th) ave= 4.890E+02 b. +/- 0.00 %
 ... random file  1 Cap(th)  ave= 1.936E+02 b. +/- 8.34 % || Ela(th) ave= 9.631E+00 b. +/- 13.68 % || RIcap ave= 1.57E+02 b. +/- 0.14 % || Macs30 ave= 1.07E+00 b. +/- 0.00 % || Gn^0(l=0) ave= 1.871E-06 +/- 0.05 % Gn^0(l=1) ave= 4.060E-05 +/- 13.58 % Gn^0(l=2) ave= 0.000E+00 +/- 0.00 % Gn^0(l=3) ave= 0.000E+00 +/- 0.00 % || Gtotal(l=0) ave= 1.616E+00 +/- 2.63 % Gtotal(l=1) ave= 3.478E-01 +/- 8.93 % Gtotal(l=2) ave= 0.000E+00 +/- 0.00 % Gtotal(l=3) ave= 0.000E+00 +/- 0.00 %  % || Gg(l=0) ave= 1.789E-01 +/- 1.89 % Gg(l=1) ave= 1.534E-01 +/- 12.53 % Gg(l=2) ave= 0.000E+00 +/- 0.00 % Gg(l=3) ave= 0.000E+00 +/- 0.00 %  % || D(l=0) ave= 1.253E-02 +/- 0.55 % D(l=1) ave= 1.147E+00 +/- 0.00 % D(l=2) ave= 0.000E+00 +/- 0.00 % D(l=3) ave= 0.000E+00 +/- 0.00 %  % || S(l=0) ave= 7.561E-05 +/- 0.55 % S(l=1) ave= 1.402E-05 +/- 13.58 % S(l=2) ave= 0.000E+00 +/- 0.00 % S(l=3) ave= 0.000E+00 +/- 0.00 %  % || Fis(th) ave= 4.948E+02 b. +/- 1.17 %
 ... random file  2 Cap(th)  ave= 2.015E+02 b. +/- 8.58 % || Ela(th) ave= 8.751E+00 b. +/- 18.80 % || RIcap ave= 1.59E+02 b. +/- 0.97 % || Macs30 ave= 1.07E+00 b. +/- 0.00 % || Gn^0(l=0) ave= 1.871E-06 +/- 0.04 % Gn^0(l=1) ave= 4.521E-05 +/- 17.53 % Gn^0(l=2) ave= 0.000E+00 +/- 0.00 % Gn^0(l=3) ave= 0.000E+00 +/- 0.00 % || Gtotal(l=0) ave= 1.598E+00 +/- 2.70 % Gtotal(l=1) ave= 3.162E-01 +/- 16.24 % Gtotal(l=2) ave= 0.000E+00 +/- 0.00 % Gtotal(l=3) ave= 0.000E+00 +/- 0.00 %  % || Gg(l=0) ave= 1.761E-01 +/- 2.79 % Gg(l=1) ave= 1.391E-01 +/- 18.36 % Gg(l=2) ave= 0.000E+00 +/- 0.00 % Gg(l=3) ave= 0.000E+00 +/- 0.00 %  % || D(l=0) ave= 1.255E-02 +/- 0.51 % D(l=1) ave= 1.147E+00 +/- 0.00 % D(l=2) ave= 0.000E+00 +/- 0.00 % D(l=3) ave= 0.000E+00 +/- 0.00 %  % || S(l=0) ave= 7.547E-05 +/- 0.52 % S(l=1) ave= 1.562E-05 +/- 17.53 % S(l=2) ave= 0.000E+00 +/- 0.00 % S(l=3) ave= 0.000E+00 +/- 0.00 %  % || Fis(th) ave= 5.143E+02 b. +/- 5.45 %
 ... random file  3 Cap(th)  ave= 1.943E+02 b. +/- 10.06 % || Ela(th) ave= 8.708E+00 b. +/- 16.38 % || RIcap ave= 1.57E+02 b. +/- 1.88 % || Macs30 ave= 1.07E+00 b. +/- 0.00 % || Gn^0(l=0) ave= 1.871E-06 +/- 0.04 % Gn^0(l=1) ave= 4.507E-05 +/- 15.24 % Gn^0(l=2) ave= 0.000E+00 +/- 0.00 % Gn^0(l=3) ave= 0.000E+00 +/- 0.00 % || Gtotal(l=0) ave= 1.625E+00 +/- 3.73 % Gtotal(l=1) ave= 3.249E-01 +/- 14.45 % Gtotal(l=2) ave= 0.000E+00 +/- 0.00 % Gtotal(l=3) ave= 0.000E+00 +/- 0.00 %  % || Gg(l=0) ave= 1.776E-01 +/- 2.83 % Gg(l=1) ave= 1.527E-01 +/- 21.14 % Gg(l=2) ave= 0.000E+00 +/- 0.00 % Gg(l=3) ave= 0.000E+00 +/- 0.00 %  % || D(l=0) ave= 1.257E-02 +/- 0.47 % D(l=1) ave= 1.147E+00 +/- 0.00 % D(l=2) ave= 0.000E+00 +/- 0.00 % D(l=3) ave= 0.000E+00 +/- 0.00 %  % || S(l=0) ave= 7.541E-05 +/- 0.48 % S(l=1) ave= 1.557E-05 +/- 15.24 % S(l=2) ave= 0.000E+00 +/- 0.00 % S(l=3) ave= 0.000E+00 +/- 0.00 %  % || Fis(th) ave= 5.054E+02 b. +/- 5.69 %
 ... random file  4 Cap(th)  ave= 1.886E+02 b. +/- 11.02 % || Ela(th) ave= 8.508E+00 b. +/- 15.72 % || RIcap ave= 1.57E+02 b. +/- 1.78 % || Macs30 ave= 1.07E+00 b. +/- 0.00 % || Gn^0(l=0) ave= 1.871E-06 +/- 0.04 % Gn^0(l=1) ave= 4.599E-05 +/- 13.94 % Gn^0(l=2) ave= 0.000E+00 +/- 0.00 % Gn^0(l=3) ave= 0.000E+00 +/- 0.00 % || Gtotal(l=0) ave= 1.661E+00 +/- 5.40 % Gtotal(l=1) ave= 3.499E-01 +/- 18.67 % Gtotal(l=2) ave= 0.000E+00 +/- 0.00 % Gtotal(l=3) ave= 0.000E+00 +/- 0.00 %  % || Gg(l=0) ave= 1.782E-01 +/- 2.62 % Gg(l=1) ave= 1.722E-01 +/- 28.18 % Gg(l=2) ave= 0.000E+00 +/- 0.00 % Gg(l=3) ave= 0.000E+00 +/- 0.00 %  % || D(l=0) ave= 1.257E-02 +/- 0.44 % D(l=1) ave= 1.147E+00 +/- 0.00 % D(l=2) ave= 0.000E+00 +/- 0.00 % D(l=3) ave= 0.000E+00 +/- 0.00 %  % || S(l=0) ave= 7.536E-05 +/- 0.44 % S(l=1) ave= 1.589E-05 +/- 13.94 % S(l=2) ave= 0.000E+00 +/- 0.00 % S(l=3) ave= 0.000E+00 +/- 0.00 %  % || Fis(th) ave= 5.058E+02 b. +/- 5.09 %
 ... random file  5 Cap(th)  ave= 1.870E+02 b. +/- 10.33 % || Ela(th) ave= 8.460E+00 b. +/- 14.49 % || RIcap ave= 1.57E+02 b. +/- 1.64 % || Macs30 ave= 1.07E+00 b. +/- 0.00 % || Gn^0(l=0) ave= 1.871E-06 +/- 0.04 % Gn^0(l=1) ave= 4.607E-05 +/- 12.71 % Gn^0(l=2) ave= 0.000E+00 +/- 0.00 % Gn^0(l=3) ave= 0.000E+00 +/- 0.00 % || Gtotal(l=0) ave= 1.647E+00 +/- 5.33 % Gtotal(l=1) ave= 3.724E-01 +/- 20.96 % Gtotal(l=2) ave= 0.000E+00 +/- 0.00 % Gtotal(l=3) ave= 0.000E+00 +/- 0.00 %  % || Gg(l=0) ave= 1.780E-01 +/- 2.42 % Gg(l=1) ave= 1.881E-01 +/- 30.19 % Gg(l=2) ave= 0.000E+00 +/- 0.00 % Gg(l=3) ave= 0.000E+00 +/- 0.00 %  % || D(l=0) ave= 1.255E-02 +/- 0.51 % D(l=1) ave= 1.147E+00 +/- 0.00 % D(l=2) ave= 0.000E+00 +/- 0.00 % D(l=3) ave= 0.000E+00 +/- 0.00 %  % || S(l=0) ave= 7.547E-05 +/- 0.52 % S(l=1) ave= 1.591E-05 +/- 12.71 % S(l=2) ave= 0.000E+00 +/- 0.00 % S(l=3) ave= 0.000E+00 +/- 0.00 %  % || Fis(th) ave= 5.097E+02 b. +/- 4.91 %
 ... random file  6 Cap(th)  ave= 1.890E+02 b. +/- 9.81 % || Ela(th) ave= 8.675E+00 b. +/- 14.42 % || RIcap ave= 1.57E+02 b. +/- 1.76 % || Macs30 ave= 1.07E+00 b. +/- 0.00 % || Gn^0(l=0) ave= 1.871E-06 +/- 0.04 % Gn^0(l=1) ave= 4.498E-05 +/- 13.41 % Gn^0(l=2) ave= 0.000E+00 +/- 0.00 % Gn^0(l=3) ave= 0.000E+00 +/- 0.00 % || Gtotal(l=0) ave= 1.640E+00 +/- 5.06 % Gtotal(l=1) ave= 3.527E-01 +/- 24.64 % Gtotal(l=2) ave= 0.000E+00 +/- 0.00 % Gtotal(l=3) ave= 0.000E+00 +/- 0.00 %  % || Gg(l=0) ave= 1.767E-01 +/- 2.85 % Gg(l=1) ave= 1.774E-01 +/- 33.10 % Gg(l=2) ave= 0.000E+00 +/- 0.00 % Gg(l=3) ave= 0.000E+00 +/- 0.00 %  % || D(l=0) ave= 1.256E-02 +/- 0.49 % D(l=1) ave= 1.147E+00 +/- 0.00 % D(l=2) ave= 0.000E+00 +/- 0.00 % D(l=3) ave= 0.000E+00 +/- 0.00 %  % || S(l=0) ave= 7.544E-05 +/- 0.50 % S(l=1) ave= 1.554E-05 +/- 13.41 % S(l=2) ave= 0.000E+00 +/- 0.00 % S(l=3) ave= 0.000E+00 +/- 0.00 %  % || Fis(th) ave= 5.172E+02 b. +/- 5.72 %
 ... Histogram plot for thermal (n,g)
 ... Write covariances  ... MT1  ... plot correlations
 ... MT2  ... MT18  ... MT102 


 ================================================
 ============== From 6 random values === start ======
 Thermal (n,tot) xs  0 K =  714.89 b. +/- 43.3742 b. ( 6.06725 %) skew= +0.31 +/- 0.79
 Thermal (n,el) xs   0 K =  8.67492 b. +/- 1.25109 b. ( 14.4219 %) skew= +0.59 +/- 0.79
 Thermal (n,f) xs    0 K = 517.182 b. +/- 29.5874 b. ( 5.72087 %) skew= +0.31 +/- 0.79
 Thermal (n,g) xs    0 K =  189.033 b. +/- 18.543 b. ( 9.80941 %) skew= +0.32 +/- 0.79
 RI      (n,g)       0 K =  157.275 b. +/- 2.76942 b. ( 1.76088 %) 
 MACS    (n,g)       0 K (at Emacs= 30000 eV) =  1.0709 b. +/- 0 b. ( 0 %) 
 Ave. Gtotal  L=0        =  1.640E+00 +/- 5.06 %
 Ave. Gn^(0)  L=0        =  1.871E-06 +/- 0.04 %
 Ave. Gg      L=0        =  1.767E-01 +/- 2.85 %
 Ave. D       L=0        =  1.256E-02 +/- 0.49 %
 Ave. S       L=0        =  7.544E-05 +/- 0.50 %
 Ave. Gtotal  L=1        =  3.527E-01 +/- 24.64 %
 Ave. Gg      L=1        =  1.774E-01 +/- 33.10 %
 Ave. D       L=1        =  1.147E+00 +/- 0.00 %
 Ave. S       L=1        =  1.554E-05 +/- 13.41 %

 Expected Thermal (n,g) (syst or meas)= 216.496 b. +/- 184.022 b. nominal: 177.44 b.
 ratio Calculated/expected thermal (n,g): 0.87 ratio DCalculated/Dexpected: 0.10 ratio Calculated/Nominal: 1.07
 ============== From 6 random values ===== stop ======
 ================================================
 ... Calculation of (n,a) and (n,p) cross sections at 300 K
 ... thermal (n,a) cross section is 9.09526e-14 +/- 4.54763e-14 b.
 ... thermal (n,a) cross section is 1.3983e-13 b. (random case 1)
 ... thermal (n,a) cross section is 9.22433e-14 b. (random case 2)
 ... thermal (n,a) cross section is 8.27612e-14 b. (random case 3)
 ... thermal (n,a) cross section is 1.70458e-13 b. (random case 4)
 ... thermal (n,a) cross section is 3.82574e-14 b. (random case 5)
 ... thermal (n,a) cross section is 4.91258e-14 b. (random case 6)
 ... thermal (n,p) cross section is 9.09526e-14 +/- 4.54763e-14 b.
 ... thermal (n,p) cross section is 5.96071e-14 b. (random case 1)
 ... thermal (n,p) cross section is 2.0554e-13 b. (random case 2)
 ... thermal (n,p) cross section is 9.62692e-14 b. (random case 3)
 ... thermal (n,p) cross section is 7.51718e-14 b. (random case 4)
 ... thermal (n,p) cross section is 5.48288e-14 b. (random case 5)
 ... thermal (n,p) cross section is 5.65764e-14 b. (random case 6)
 ... Rewrite index for MF2
 ... Write text for MF1 in file mf1.tares.txt
 ... plotting cross sections for the MF1
 ... order output files

 ............................................................ 
 ...                                                      ... 
 ... MF2 format selection for the final file: n-Es242.mf2.mlbw
 ... MF2 format : mlbw
 ... cross section values for the final mf2 file: START   ... 
 ... Import MF2 from TARES calculations
 ... End energy of TARES MF2 : 1.146658E+0 eV and limit to 40000 resonances
 ... File used for reconstruction: n-Es242.mf2.reconst
 ... run RECENT ...
 ... Doppler broadened at a unique temperature: 0 Kelvin using sigma1
 ... The keyword temperature is zero, no Doppler broadening for the MACS

 ============== INTER values at 0 Kelvin ==============
 Thermal (n,g) xs =  177.44 b. (meas/sys: 216.496 b.) (warning: comparison to be done at 296 or 300 K)
 Th Maxw (n,g) xs =  182.03 b. (thermal Maxwellian value)
 Westcott factor  =  1.02584
 RI      (n,g)    =  157.206 b. (meas or sys: - b.)
 MACS 3.000e+04 eV=  1.0709 b. (meas or sys: - b.) from 1.00E+00 to 1.15E+00 eV (end of RRR) at T= 0 Kelvin 
 Thermal (n,el) xs=  8.31396 b.
 RI      (n,el)   =  6.367 b.
 Thermal (n,f) xs =  488.984 b. (meas/sys: 7959.12 +/- 6367.3 b.)
 RI      (n,f) xs =  77.9618 b. 
 ============= PSYCHE values ==============
 Ave. G_total L0  =  1.65866 eV
 Ave. G_total L1  =  0.378832 eV
 Ave. Gn_0    L0  =  1.86965e-06
 Ave. Gn_0    L1  =  4.61107e-05
 Ave. Gg      L0  =  0.175569 eV
 Ave. Gg      L1  =  0.172614 eV
 Ave. D       L0  =  0.0124636 eV
 Ave. D       L1  =  1.14665 eV
 Ave. S       L0  =  7.60285e-05 eV
 Ave. S       L1  =  1.5928e-05 eV
 =========================================
 ... cross section values for the final mf2 file: END     ... 
 ...                                                      ... 
 ............................................................ 


================== summary ==================
 Thermal (n,tot) xs = 674.738 b. 
 Thermal (n,el)  xs = 8.31396 b. 
 Thermal (n,g)   xs = 177.44 b. (meas/sys: 216.496 b.)
 Thermal (n,f)   xs = 488.984 b. (meas/sys: 7959.12 +/- 6367.3 b.)
 At 300 K (thermal adjustment): (n,el) = 8.33164 b., (n,g) = 177.515 b., (n,f) = 489.079 b.

 RI      (n,g)      = 157.206 b. (meas or sys: - b.)
 RI      (n,el)     = 6.367 b.
 RI      (n,f)      = 77.9618 b. 
=============================================


 ... cleaning
                                                 
  -------------------------------------------------------------
  -                                                           -
  - TARES: successful end of run with data from hypothetical  -
  - resonances for  Z= 99, A= 242 and isomer= 0               -
  - half-life: 17.799999 sec. 
  -                                                           -
  -------------------------------------------------------------

   Running time:       20 seconds

 End time: Fri Oct  9 12:57:33 2026

