
  -------------------------------------------------------------
  -                                                           -
  -              Welcome to TARES version 1.8                 -
  -                                                           -
  -  (C) Copyright 2007-2025 D. Rochman, All Rights Reserved  -
  -           NRG, Petten, the Netherlands 2007-2014          -
  -           PSI, Villigen    Switzerland 2015-2025          -
  -         Nagra, Wettingen   Switzerland 2025-              -
  -           (Last Modified October 06, 2026)                -
  -           (Database from October 06, 2026)                -
  -                                                           -
  -------------------------------------------------------------


  ---------------------------------------------
   Compilation information:
   Compiled on:         Oct  7 2026, 09:32:19
   Compiled by:         koning
   Compiler version:    clang++ - 21.0.0
   Source location:     /Users/koning/tares-1.8/source/Module/
   Binaries location:   /Users/koning/bin
   System:              Darwin 25.6.0
   System version:      Darwin Kernel Version 25.6.0: Fri Jul 31 19:19:08 PDT 2026; root:xnu-12377.161.14~5/RELEASE_ARM64_T6050  
   Machine:             arm64 
  ---------------------------------------------

   User information:
   User name:           koning
   Running directory:   /Users/koning/tendl/resbase/I139/work
   Owner mode for running directory : rwx
   Group mode for running directory : r-x
  ---------------------------------------------


 Starting time: Wed Oct  7 09:57:26 2026
 ... inputs directory found (/Users/koning/tares-1.8/source/Module//../../inputs/).
 ... It will be used for resonance parameters 
 ... ###############################################
 ... #     read the input file tares.inp
 ... ###############################################
 ... line: #
 ... line: # Input file generated by Autorochman
          --> line not read
 ... line: #
 ... line: isotope    I
          --> Isotope name: I
 ... line: mass       139
          --> isotopic mass: 139
 ... line: output     n-I139
         ---> Name of the output files: n-I139
 ... line: isomer     0
          --> isomeric state: 0
 ... line: mf32mf33   y
          --> MF33 based on MF32: y
 ... line: nbrRandom  6
          --> Nbr of random files: 6
 ... ###############################################
 ... # end read the input file tares.inp
 ... ###############################################
Value for random generator type not considered in since Tares 1.7 due to compilation issues

 ... ###############################################
     #   Interpretation of the Input definition    #
     ###############################################

 ... Default energy limit: End of resonance region
 ... Nuclear charge    = 53
 ... Element           = I
 ... Mass              = 139
 ... Isomer            = 0
 ... Correlation for (Gn,Gg) not included in random files
 ... Default random option: No random
 ... Output name: n-I139
 ... Energy for the MACS: 30000 eV
 ... Resonances from CALENDF reduced (reduce=y) 
 ... For URR, level density model from TALYS selected: 91n3n12611.2850 (see manual for description)
 ... Random Generator: default (pseudo random numbers from ansi c++)
 ... Reconstruction of cross section selected
 ... Doppler broadening at 0 Kelvin
 ... URR not included (from the input file flag)
 ... Weight for grouping is flat
 ... Calculation of (n,alpha) cross section selected
 ... Number of digit for MF32c covariance representation: 2
 ... MF32 included
 ... MF33 will be used for covariance processing
 ... TENDL option set to yes (automatic choice of MF2 and format)
 ... Isotope not found in the best file --> use of MLBW formalism
 ... default option: Multi level Breit Wigner approximation selected
 ... (check file best.tendl.yes for changing this option)
 ... Retroactive option set to no with the 2025 option
 ... ladder option set to yes (CALENDF will be used for statistical resonances)

 ... ###############################################
     #           End of Input definition           #
     ###############################################

 ... gnuplot found, will be used for plotting
 ... latex found, will be used for plotting
 ... dvips found, will be used for plotting
 ... ps2epsi not found, limited plotting available
 ... uncertainties on default parameters multiplied by 1.81332
 ... Read resonance data from the 2025 directory
 ... Resonance parameters taken from /Users/koning/tares-1.8/source/Module//../../inputs/2025/Resonance/default/
 ---> Processing Z= 53 and A= 139 and isomer= 0 (level number: 0)
 Exfor path; Could not find /Users/koning/tares-1.8/source/Module//../../inputs/exfor/I139/xs/102
Thermal file; Could not open file /Users/koning/tares-1.8/source/Module//../../inputs/2025/runThermal/results//thermal.mxw.ng.cendl3.1
Thermal file; Could not open file /Users/koning/tares-1.8/source/Module//../../inputs/2025/runThermal/results//thermal.mxw.ng.brond3.1
Thermal file; Could not open file /Users/koning/tares-1.8/source/Module//../../inputs/2025/runThermal/results//thermal.xs.ng.unc.cendl3.1
 ... spin taken from the final/ directory (1)

 ... ###############################################
 ... #  Nucleus global parameters (2025 database)  #
 ... ###############################################
 0. Half-life: 2.28 sec. 
 ... Scattering radius from TALYS: /Users/koning/tares-1.8/source/Module//../../inputs/2025/lib.urr/talys.urr/
 1. Spin of the target isotope: 3.5
 2. Relative Atomic Mass of the target isotope: 138.926
 3. Scattering radius (local compilation): 6.87905 fm +/- 0.165097 fm
      .......................................
      ... Thermal capture cross sections: ...
 4. Thermal (n,g) cross section from systematics: 1.405 +/- 1.19425 b.
 5. Thermal (n,g) cross section from compilation (Firestone-2022 average on element I): 6.34 +/- 0.12 b.
 6. Thermal (n,g) cross section from compilation (Firestone-2022 final on element I): 6.19 +/- 0.06 b.
 7. Thermal (n,g) cross section from TENDL-2023: 1.405 b.
      .......................................
      ...  Thermal total cross sections:  ...
      .......................................
      ... Thermal elastic cross sections: ...
 8. Thermal (n,el) cross section from potential (4piR^2): 8.64532 +/- 0.432266 b.
      .......................................
             ... Resonance integral: ...
 9. No capture integral found in /Users/koning/tares-1.8/source/Module//../../inputs/capture.integral
 ... no RI(n,g) found in local compilation, take 2018 value.
 ... no RI(n,g) found in local compilation, take Sukhoruchkin value.
   ---- MACS 30 keV ----- 
 10. TALYS MACS 30 keV (HF): 0.00279872 b. 
   ---------- S0 -------- 
 11. S0 from TALYS: 1.40776
   ---------- S1 -------- 
 12. S1 from TALYS: 0.99813
   ---------- S2 -------- 
 13. S2 from TALYS: 0.913311
   ---------- D0 -------- 
 14. D0 from TALYS: 2720.72 eV
   ---------- D1 -------- 
 15. D1 from TALYS: 1436.12 eV
   ---------- D2 -------- 
 16. D2 from TALYS: 1048.25 eV
   ---------- G0 -------- 
 17. Gg0 from TALYS: 0.0299669 eV
   ---------- G1 -------- 
 18. Gg1 from TALYS: 0.0291776 eV
   ---------- G2 -------- 
 19. Gg2 from TALYS: 0.041056 eV


   ---------------------- 
 ... Read resonance parameters (format: 2: Multi Level Breit Wigner)
 ... 0 resonances found 
 ... possibly no resonances in the Resonance directory for this isotope and options
 ... Use HFR (ladder) behavior 
 --> 21. Number of resonances from the input file: 2 up to 1360.36 eV
 22. Read nuclear quantities (mass, MAT...)
 23. Read thermal (n,g) xs 
 24. Read the scattering radius 
 25. Read uncertainty on Gg for 2 resonances
 26. Read uncertainty on Gg for 2 resonances ... done
 ... order resonances 
 ... Upper limit for the RRR: 1360.36 eV (no statistical resonances HFR) from the limit.RRR file
 ... Write parameters for l=0 waves
 ... End writing original MF2 
 ... No RRR in the database: uncertainties on default parameters multiplied by 1.99753
 ... Enter in urr function (ladder option set to y) for file n-I139
 ... read the file /Users/koning/tares-1.8/source/Module//../../inputs/2025/list.jcs.urr to find URR origin
 Default URR taken from TALYS calculations with level density model: 91n3n12611.2850
 File considered for the URR: /Users/koning/tares-1.8/source/Module//../../inputs/2025/lib.urr/talys.urr/91n3n12611.2850/I/urr/urr.dat.I.139.000.0.gz
 ... Write URR using TALYS average parameters (used for HFR)
 ... Limit of URR changed to 25 keV (recommendation from WPEC and JEFF)
 ... Extract the Sn value from file ./urr.dat.I.139.0.0
 ... found Sn= 3.20657 MeV
 ... estimated number of resonances up to 558444 eV:  205.256 resonances
 ... This is a test here. The higher energy limit to include URR data for calendf is set to max Sn. 24/03/2016
 ... Use Sn to define the maximum energy for the URR: Sn= 3.20657 MeV --> last_energyURR= 558444 eV
 Warning 2, the end of the RRR (558444 eV) is higher than the 1st inelastic level (209500 eV)
 ... read D0, S0, Gn and Gg
 ... number of URR energies: 3396
 Number of l: 3396 and last energy: 12
 Last  URR energy: 558444 eV
 ... Enter in to_MLBW_mf2 function
 ... Convert to Multi Level Breit Wigner (MLBW)
 ... Write parameter covariances (MF32) for l=0
 ... Convert parameter covariances (MF32) to MLBW
 ... copy the mf2 and mf32 to .mlbw files
 ... Enter in urr_correct function case 1
 Modify the higher limit of RRR in MF2
 --> old value: 1.367161+3 eV new value: 1.000000-2 eV
 Modify resonance covariances (MF32) to include correlations in the URR
 End Modify resonance covariances (MF32) to include correlations in the URR
 ... Enter in calendf_xs function
 Use CALENDF for statistical resonances (update MF2) up to 5.584440+5 eV (initial limit)
 Extract resonances from CALENDF for RRR->URR 2
 2104 statistical resonances found
 Reduction to 100 resonances based on the half-life of the isotope
 After reduction, 101 statistical resonances found
 ... checking resonance order 1
 ... checking resonance order 2nd round for 99 resonances
 ... end checking resonance order 2nd round
 .......................................................
 ... Adjustment to the thermal cross section : start ...
 .......................................................

 Before adjustment (adjustment to the thermal cross section set to y)
 ... Import MF2 from TARES calculations
 ... End energy of TARES MF2 : 6.890195E+4 eV and limit to 40000 resonances
 ... File used for reconstruction: new.temp22.reconst
 ... run RECENT ...
 ... Doppler broadened at a unique temperature: 300 Kelvin using sigma1
 ... run SIGMA1 at 3.000000E+02 K.

 ============== INTER values at 300 Kelvin ==============
 Thermal (n,g) xs =  0.219996 b. (meas/sys: 1.405 b.) (warning: comparison to be done at 296 or 300 K)
 Th Maxw (n,g) xs =  0.22126 b. (thermal Maxwellian value)
 Westcott factor  =  1.00576
 RI      (n,g)    =  0.117618 b. (meas or sys: - b.)
 MACS 3.000e+04 eV=  0.001937 b. (meas or sys: - b.) from 1.00E+00 to 2.00E+07 eV (end of RRR) at T= 300 Kelvin 
 Thermal (n,el) xs=  8.8488 b.
 RI      (n,el)   =  111.381 b.
 ============= PSYCHE values ==============
 Ave. G_total L0  =  80.2924 eV
 Ave. G_total L1  =  8.96611 eV
 Ave. G_total L2  =  1.63589 eV
 Ave. Gn_0    L0  =  0.502433
 Ave. Gn_0    L1  =  0.649244
 Ave. Gn_0    L2  =  3.18839
 Ave. Gg      L0  =  0.0296878 eV
 Ave. Gg      L1  =  0.0270529 eV
 Ave. Gg      L2  =  0.0315828 eV
 Ave. D       L0  =  2460.78 eV
 Ave. D       L1  =  2551.92 eV
 Ave. D       L2  =  17225.5 eV
 Ave. S       L0  =  0.000103459 eV
 Ave. S       L1  =  4.63068e-05 eV
 Ave. S       L2  =  1.81769e-05 eV
 =========================================
 Calculated capture integral   0.117618 b.
 Calculated thermal (n,g)=          .219996451 b. and recommended= 1.405 b. (C/E= 0.156581)
 Calculated RI      (n,g)= 0.117618 b. (no reference value)
 ... tolerances: thermal (n,g) 20 % (reference uncertainties, minimum 2% and 5%, maximum 20%)
 Adjust the capture widths ...
 ... capture adjusted with Gn for 20 resonances (Gn<Gg) and with Gg for 79 resonances
 ... iteration 0: C/E thermal (n,g)= 0.156581

 <-------- After adjustment -------->
 ... Import MF2 from TARES calculations
 ... End energy of TARES MF2 : 6.890195E+4 eV and limit to 40000 resonances
 ... File used for reconstruction: new.temp22.reconst
 ... run RECENT ...
 ... Doppler broadened at a unique temperature: 300 Kelvin using sigma1
 ... run SIGMA1 at 3.000000E+02 K.

 ============== INTER values at 300 Kelvin ==============
 Thermal (n,g) xs =  1.1521 b. (meas/sys: 1.405 b.) (warning: comparison to be done at 296 or 300 K)
 Th Maxw (n,g) xs =  1.1587 b. (thermal Maxwellian value)
 Westcott factor  =  1.00576
 RI      (n,g)    =  0.605046 b. (meas or sys: - b.)
 MACS 3.000e+04 eV=  0.0080495 b. (meas or sys: - b.) from 1.00E+00 to 2.00E+07 eV (end of RRR) at T= 300 Kelvin 
 Thermal (n,el) xs=  8.84877 b.
 RI      (n,el)   =  111.267 b.
 ============= PSYCHE values ==============
 Ave. G_total L0  =  80.4139 eV
 Ave. G_total L1  =  9.08074 eV
 Ave. G_total L2  =  1.7697 eV
 Ave. Gn_0    L0  =  0.502455
 Ave. Gn_0    L1  =  0.649244
 Ave. Gn_0    L2  =  3.18839
 Ave. Gg      L0  =  0.146777 eV
 Ave. Gg      L1  =  0.141673 eV
 Ave. Gg      L2  =  0.165396 eV
 Ave. D       L0  =  2460.78 eV
 Ave. D       L1  =  2551.92 eV
 Ave. D       L2  =  17225.5 eV
 Ave. S       L0  =  0.000103463 eV
 Ave. S       L1  =  4.63068e-05 eV
 Ave. S       L2  =  1.81769e-05 eV
 =========================================
 ... iteration 1: C/E thermal (n,g)= 0.82


 ... ratio C/E thermal (n,g): 8.199997E-01
 ...................................................... 
 ... Adjustment to the thermal cross section : stop ...
 ...................................................... 
 ... new MF2 file after adjustment: n-I139
 ... read the file /Users/koning/tares-1.8/source/Module//../../inputs/2025/list.jcs.urr to find URR origin
 Default URR taken from TALYS calculations with level density model: 91n3n12611.2850
 File considered for the URR: /Users/koning/tares-1.8/source/Module//../../inputs/2025/lib.urr/talys.urr/91n3n12611.2850/I/urr/urr.dat.I.139.000.0.gz
 ... Write URR using TALYS average parameters (not used for HFR)
 Energy limit of the URR set to 89572.5 eV
 ... read D0, S0, Gn and Gg
 ... number of URR energies: 120
 Number of l: 120 and last energy: 12
 Last  URR energy: 89572.5 eV
 ... Enter in urr_correct function case 2
 Modify the higher limit of RRR in MF2
 --> old value: 6.890195+4 eV new value: 6.890195+4 eV
 Modify resonance covariances (MF32) to include correlations in the URR
 End Modify resonance covariances (MF32) to include correlations in the URR
 ... Enter in update_MF32 function
 ... Change uncertainties
 ... for the HFR, random position of the positive resonances with 0.020000 %
 ... end of update MF32 function
 ... GLS calculation of the parameter correlations from the thermal/RI adjustment (MF32c)
 ... MF32: correlations from the thermal/RI adjustment (GLS) for 5 resonances (10 widths), 4 correlation lines
 ...   thermal (n,g): uncertainty from these widths 0.613951 b. -> 0.546023 b. (reference: 1.405 +/- 1.19425 b.)
 ... copy the mf2 and mf32 to .mlbw files

 ... Start of final reconstruction and testing ...
 ... Reconstruction of cross sections at 0 Kelvin  ... Import MF2 from TARES calculations
 ... End energy of TARES MF2 : 6.890195E+4 eV and limit to 40000 resonances
 ... File used for reconstruction: n-I139.reconst
 ... run RECENT ...
 ... Doppler broadened at a unique temperature: 0 Kelvin using sigma1
 ... The keyword temperature is zero, no Doppler broadening for the MACS

 ============== INTER values at 0 Kelvin ==============
 Thermal (n,g) xs =  1.15149 b. (meas/sys: 1.405 b.) (warning: comparison to be done at 296 or 300 K)
 Th Maxw (n,g) xs =  1.1521 b. (thermal Maxwellian value)
 Westcott factor  =  1.0005
 RI      (n,g)    =  0.602025 b. (meas or sys: - b.)
 MACS 3.000e+04 eV=  0.0080412 b. (meas or sys: - b.) from 1.00E+00 to 6.89E+04 eV (end of RRR) at T= 0 Kelvin 
 Thermal (n,el) xs=  8.81635 b.
 RI      (n,el)   =  110.707 b.
 ============= PSYCHE values ==============
 Ave. G_total L0  =  80.4139 eV
 Ave. G_total L1  =  9.08074 eV
 Ave. G_total L2  =  1.7697 eV
 Ave. Gn_0    L0  =  0.502455
 Ave. Gn_0    L1  =  0.649244
 Ave. Gn_0    L2  =  3.18839
 Ave. Gg      L0  =  0.146777 eV
 Ave. Gg      L1  =  0.141673 eV
 Ave. Gg      L2  =  0.165396 eV
 Ave. D       L0  =  2460.78 eV
 Ave. D       L1  =  2551.92 eV
 Ave. D       L2  =  17225.5 eV
 Ave. S       L0  =  0.000103463 eV
 Ave. S       L1  =  4.63068e-05 eV
 Ave. S       L2  =  1.81769e-05 eV
 =========================================
 ... End of final reconstruction and testing ...

 ... grouping is not optimum, change to 70 groups
 ... Produce MF33 based on MF32 and 6 random files
 ... run endsam for 6 in groups of 1 global run
 ... run endsam from 1 to 6
 ... reorder resonance position after endsam (sampling)
 ... preparing the vectors  ... done
 ... nominal file 0 Cap(th)  ave= 1.151E+00 b. +/- 0.00 % || Ela(th) ave= 8.816E+00 b. +/- 0.00 % || RIcap ave= 6.00E-01 b. +/- 0.00 % || Macs30 ave= 1.14E-02 b. +/- 0.00 % || Gn^0(l=0) ave= 5.025E-01 +/- 0.00 % Gn^0(l=1) ave= 6.492E-01 +/- 0.00 % Gn^0(l=2) ave= 3.188E+00 +/- 0.00 % Gn^0(l=3) ave= 0.000E+00 +/- 0.00 % || Gtotal(l=0) ave= 8.041E+01 +/- 0.00 % Gtotal(l=1) ave= 9.081E+00 +/- 0.00 % Gtotal(l=2) ave= 1.770E+00 +/- 0.00 % Gtotal(l=3) ave= 0.000E+00 +/- 0.00 %  % || Gg(l=0) ave= 1.468E-01 +/- 0.00 % Gg(l=1) ave= 1.417E-01 +/- 0.00 % Gg(l=2) ave= 1.654E-01 +/- 0.00 % Gg(l=3) ave= 0.000E+00 +/- 0.00 %  % || D(l=0) ave= 2.461E+03 +/- 0.00 % D(l=1) ave= 2.552E+03 +/- 0.00 % D(l=2) ave= 1.723E+04 +/- 0.00 % D(l=3) ave= 0.000E+00 +/- 0.00 %  % || S(l=0) ave= 1.035E-04 +/- 0.00 % S(l=1) ave= 4.631E-05 +/- 0.00 % S(l=2) ave= 1.818E-05 +/- 0.00 % S(l=3) ave= 0.000E+00 +/- 0.00 % 
 ... random file  1 Cap(th)  ave= 8.626E-01 b. +/- 33.49 % || Ela(th) ave= 7.984E+00 b. +/- 10.43 % || RIcap ave= 4.77E-01 b. +/- 25.74 % || Macs30 ave= 1.14E-02 b. +/- 0.11 % || Gn^0(l=0) ave= 5.027E-01 +/- 0.04 % Gn^0(l=1) ave= 7.348E-01 +/- 11.65 % Gn^0(l=2) ave= 4.103E+00 +/- 22.28 % Gn^0(l=3) ave= 0.000E+00 +/- 0.00 % || Gtotal(l=0) ave= 8.041E+01 +/- 0.00 % Gtotal(l=1) ave= 9.081E+00 +/- 0.00 % Gtotal(l=2) ave= 1.770E+00 +/- 0.00 % Gtotal(l=3) ave= 0.000E+00 +/- 0.00 %  % || Gg(l=0) ave= 1.444E-01 +/- 1.67 % Gg(l=1) ave= 1.364E-01 +/- 3.86 % Gg(l=2) ave= 2.427E-01 +/- 31.86 % Gg(l=3) ave= 0.000E+00 +/- 0.00 %  % || D(l=0) ave= 2.461E+03 +/- 0.00 % D(l=1) ave= 2.552E+03 +/- 0.00 % D(l=2) ave= 1.723E+04 +/- 0.00 % D(l=3) ave= 0.000E+00 +/- 0.00 %  % || S(l=0) ave= 1.035E-04 +/- 0.04 % S(l=1) ave= 5.244E-05 +/- 11.70 % S(l=2) ave= 2.359E-05 +/- 22.95 % S(l=3) ave= 0.000E+00 +/- 0.00 % 
 ... random file  2 Cap(th)  ave= 7.252E-01 b. +/- 42.14 % || Ela(th) ave= 7.850E+00 b. +/- 8.99 % || RIcap ave= 4.40E-01 b. +/- 25.71 % || Macs30 ave= 1.16E-02 b. +/- 2.65 % || Gn^0(l=0) ave= 5.071E-01 +/- 1.25 % Gn^0(l=1) ave= 7.451E-01 +/- 9.58 % Gn^0(l=2) ave= 4.242E+00 +/- 18.20 % Gn^0(l=3) ave= 0.000E+00 +/- 0.00 % || Gtotal(l=0) ave= 8.050E+01 +/- 0.15 % Gtotal(l=1) ave= 9.081E+00 +/- 0.00 % Gtotal(l=2) ave= 1.770E+00 +/- 0.00 % Gtotal(l=3) ave= 0.000E+00 +/- 0.00 %  % || Gg(l=0) ave= 1.522E-01 +/- 7.36 % Gg(l=1) ave= 1.411E-01 +/- 5.59 % Gg(l=2) ave= 2.521E-01 +/- 25.59 % Gg(l=3) ave= 0.000E+00 +/- 0.00 %  % || D(l=0) ave= 2.491E+03 +/- 1.72 % D(l=1) ave= 2.552E+03 +/- 0.00 % D(l=2) ave= 1.723E+04 +/- 0.00 % D(l=3) ave= 0.000E+00 +/- 0.00 %  % || S(l=0) ave= 1.031E-04 +/- 0.55 % S(l=1) ave= 5.316E-05 +/- 9.62 % S(l=2) ave= 2.423E-05 +/- 18.62 % S(l=3) ave= 0.000E+00 +/- 0.00 % 
 ... random file  3 Cap(th)  ave= 7.508E-01 b. +/- 35.74 % || Ela(th) ave= 7.531E+00 b. +/- 10.93 % || RIcap ave= 4.29E-01 b. +/- 23.32 % || Macs30 ave= 1.14E-02 b. +/- 3.99 % || Gn^0(l=0) ave= 5.065E-01 +/- 1.10 % Gn^0(l=1) ave= 7.805E-01 +/- 11.15 % Gn^0(l=2) ave= 4.712E+00 +/- 22.36 % Gn^0(l=3) ave= 0.000E+00 +/- 0.00 % || Gtotal(l=0) ave= 8.048E+01 +/- 0.14 % Gtotal(l=1) ave= 9.081E+00 +/- 0.00 % Gtotal(l=2) ave= 1.770E+00 +/- 0.00 % Gtotal(l=3) ave= 0.000E+00 +/- 0.00 %  % || Gg(l=0) ave= 1.445E-01 +/- 11.37 % Gg(l=1) ave= 1.464E-01 +/- 7.82 % Gg(l=2) ave= 2.342E-01 +/- 27.26 % Gg(l=3) ave= 0.000E+00 +/- 0.00 %  % || D(l=0) ave= 2.484E+03 +/- 1.59 % D(l=1) ave= 2.552E+03 +/- 0.00 % D(l=2) ave= 1.723E+04 +/- 0.00 % D(l=3) ave= 0.000E+00 +/- 0.00 %  % || S(l=0) ave= 1.033E-04 +/- 0.59 % S(l=1) ave= 5.568E-05 +/- 11.17 % S(l=2) ave= 2.674E-05 +/- 21.83 % S(l=3) ave= 0.000E+00 +/- 0.00 % 
 ... random file  4 Cap(th)  ave= 7.444E-01 b. +/- 32.29 % || Ela(th) ave= 7.590E+00 b. +/- 9.83 % || RIcap ave= 4.36E-01 b. +/- 20.77 % || Macs30 ave= 1.18E-02 b. +/- 7.45 % || Gn^0(l=0) ave= 5.070E-01 +/- 1.01 % Gn^0(l=1) ave= 7.730E-01 +/- 10.25 % Gn^0(l=2) ave= 4.602E+00 +/- 21.03 % Gn^0(l=3) ave= 0.000E+00 +/- 0.00 % || Gtotal(l=0) ave= 8.052E+01 +/- 0.15 % Gtotal(l=1) ave= 9.081E+00 +/- 0.00 % Gtotal(l=2) ave= 1.770E+00 +/- 0.00 % Gtotal(l=3) ave= 0.000E+00 +/- 0.00 %  % || Gg(l=0) ave= 1.511E-01 +/- 13.07 % Gg(l=1) ave= 1.480E-01 +/- 7.26 % Gg(l=2) ave= 2.452E-01 +/- 24.96 % Gg(l=3) ave= 0.000E+00 +/- 0.00 %  % || D(l=0) ave= 2.497E+03 +/- 1.79 % D(l=1) ave= 2.552E+03 +/- 0.00 % D(l=2) ave= 1.723E+04 +/- 0.00 % D(l=3) ave= 0.000E+00 +/- 0.00 %  % || S(l=0) ave= 1.028E-04 +/- 1.10 % S(l=1) ave= 5.515E-05 +/- 10.26 % S(l=2) ave= 2.613E-05 +/- 20.50 % S(l=3) ave= 0.000E+00 +/- 0.00 % 
 ... random file  5 Cap(th)  ave= 7.170E-01 b. +/- 31.77 % || Ela(th) ave= 7.400E+00 b. +/- 10.85 % || RIcap ave= 4.15E-01 b. +/- 22.91 % || Macs30 ave= 1.15E-02 b. +/- 9.02 % || Gn^0(l=0) ave= 5.064E-01 +/- 0.96 % Gn^0(l=1) ave= 8.001E-01 +/- 11.80 % Gn^0(l=2) ave= 4.976E+00 +/- 24.44 % Gn^0(l=3) ave= 0.000E+00 +/- 0.00 % || Gtotal(l=0) ave= 8.050E+01 +/- 0.15 % Gtotal(l=1) ave= 9.081E+00 +/- 0.00 % Gtotal(l=2) ave= 1.770E+00 +/- 0.00 % Gtotal(l=3) ave= 0.000E+00 +/- 0.00 %  % || Gg(l=0) ave= 1.464E-01 +/- 14.29 % Gg(l=1) ave= 1.436E-01 +/- 9.67 % Gg(l=2) ave= 2.248E-01 +/- 32.11 % Gg(l=3) ave= 0.000E+00 +/- 0.00 %  % || D(l=0) ave= 2.491E+03 +/- 1.72 % D(l=1) ave= 2.552E+03 +/- 0.00 % D(l=2) ave= 1.723E+04 +/- 0.00 % D(l=3) ave= 0.000E+00 +/- 0.00 %  % || S(l=0) ave= 1.030E-04 +/- 1.04 % S(l=1) ave= 5.707E-05 +/- 11.76 % S(l=2) ave= 2.832E-05 +/- 24.44 % S(l=3) ave= 0.000E+00 +/- 0.00 % 
 ... random file  6 Cap(th)  ave= 7.110E-01 b. +/- 29.74 % || Ela(th) ave= 7.969E+00 b. +/- 19.84 % || RIcap ave= 4.08E-01 b. +/- 21.84 % || Macs30 ave= 1.14E-02 b. +/- 8.92 % || Gn^0(l=0) ave= 5.071E-01 +/- 0.96 % Gn^0(l=1) ave= 7.555E-01 +/- 18.52 % Gn^0(l=2) ave= 4.517E+00 +/- 35.22 % Gn^0(l=3) ave= 0.000E+00 +/- 0.00 % || Gtotal(l=0) ave= 8.052E+01 +/- 0.16 % Gtotal(l=1) ave= 9.081E+00 +/- 0.00 % Gtotal(l=2) ave= 1.770E+00 +/- 0.00 % Gtotal(l=3) ave= 0.000E+00 +/- 0.00 %  % || Gg(l=0) ave= 1.420E-01 +/- 15.61 % Gg(l=1) ave= 1.452E-01 +/- 9.24 % Gg(l=2) ave= 2.096E-01 +/- 36.50 % Gg(l=3) ave= 0.000E+00 +/- 0.00 %  % || D(l=0) ave= 2.500E+03 +/- 1.80 % D(l=1) ave= 2.552E+03 +/- 0.00 % D(l=2) ave= 1.723E+04 +/- 0.00 % D(l=3) ave= 0.000E+00 +/- 0.00 %  % || S(l=0) ave= 1.027E-04 +/- 1.10 % S(l=1) ave= 5.388E-05 +/- 18.52 % S(l=2) ave= 2.572E-05 +/- 35.18 % S(l=3) ave= 0.000E+00 +/- 0.00 % 
 ... Histogram plot for thermal (n,g)
 ... Write covariances  ... MT1  ... plot correlations
 ... MT2  ... MT102 


 ================================================
 ============== From 6 random values === start ======
 Thermal (n,tot) xs  0 K =  8.68049 b. +/- 1.63966 b. ( 18.889 %) skew= +1.07 +/- 0.79
 Thermal (n,el) xs   0 K =  7.96948 b. +/- 1.5815 b. ( 19.8445 %) skew= +1.22 +/- 0.79
 Thermal (n,g) xs    0 K =  0.711005 b. +/- 0.211427 b. ( 29.7364 %) skew= +0.97 +/- 0.79
 RI      (n,g)       0 K =  0.408441 b. +/- 0.0891911 b. ( 21.837 %) 
 MACS    (n,g)       0 K (at Emacs= 30000 eV) =  0.0113573 b. +/- 0.0010132 b. ( 8.92118 %) 
 Ave. Gtotal  L=0        =  8.052E+01 +/- 0.16 %
 Ave. Gn^(0)  L=0        =  5.071E-01 +/- 0.96 %
 Ave. Gg      L=0        =  1.420E-01 +/- 15.61 %
 Ave. D       L=0        =  2.500E+03 +/- 1.80 %
 Ave. S       L=0        =  1.027E-04 +/- 1.10 %
 Ave. Gtotal  L=1        =  9.081E+00 +/- 0.00 %
 Ave. Gn^(1)  L=1        =  7.555E-01 +/- 18.52 %
 Ave. Gg      L=1        =  1.452E-01 +/- 9.24 %
 Ave. D       L=1        =  2.552E+03 +/- 0.00 %
 Ave. S       L=1        =  5.388E-05 +/- 18.52 %
 Ave. Gtotal  L=2        =  1.770E+00 +/- 0.00 %
 Ave. Gn^(2)  L=2        =  4.517E+00 +/- 35.22 %
 Ave. Gg      L=2        =  2.096E-01 +/- 36.50 %
 Ave. D       L=2        =  1.723E+04 +/- 0.00 %
 Ave. S       L=2        =  2.572E-05 +/- 35.18 %

 Expected Thermal (n,g) (syst or meas)= 1.405 b. +/- 1.19425 b. nominal: 1.15149 b.
 ratio Calculated/expected thermal (n,g): 0.51 ratio DCalculated/Dexpected: 0.18 ratio Calculated/Nominal: 0.62
 ============== From 6 random values ===== stop ======
 ================================================
 ... Calculation of (n,a) and (n,p) cross sections at 300 K
 ... thermal (n,a) cross section is 8.65085e-07 +/- 4.32543e-07 b.
 ... thermal (n,a) cross section is 1e-06 b. (random case 1)
 ... thermal (n,a) cross section is 1e-06 b. (random case 2)
 ... thermal (n,a) cross section is 1e-06 b. (random case 3)
 ... thermal (n,a) cross section is 1e-06 b. (random case 4)
 ... thermal (n,a) cross section is 1e-06 b. (random case 5)
 ... thermal (n,a) cross section is 1e-06 b. (random case 6)
 ... (n,p) Q-value negative for this element
 ... Rewrite index for MF2
 ... Write text for MF1 in file mf1.tares.txt
 ... plotting cross sections for the MF1
 ... order output files


================== summary ==================
 Thermal (n,tot) xs = 9.96784 b. 
 Thermal (n,el)  xs = 8.81635 b. 
 Thermal (n,g)   xs = 1.15149 b. (meas/sys: 1.405 b.)
 At 300 K (thermal adjustment): (n,el) = 8.84877 b., (n,g) = 1.1521 b.

 RI      (n,g)      = 0.602025 b. (meas or sys: - b.)
 RI      (n,el)     = 110.707 b.
=============================================


 ... cleaning
                                                 
  -------------------------------------------------------------
  -                                                           -
  - TARES: successful end of run with data from hypothetical  -
  - resonances for  Z= 53, A= 139 and isomer= 0               -
  - half-life: 2.280000 sec. 
  -                                                           -
  -------------------------------------------------------------

   Running time:       21 seconds

 End time: Wed Oct  7 09:57:47 2026

