
  -------------------------------------------------------------
  -                                                           -
  -              Welcome to TARES version 1.8                 -
  -                                                           -
  -  (C) Copyright 2007-2025 D. Rochman, All Rights Reserved  -
  -           NRG, Petten, the Netherlands 2007-2014          -
  -           PSI, Villigen    Switzerland 2015-2025          -
  -         Nagra, Wettingen   Switzerland 2025-              -
  -           (Last Modified October 06, 2026)                -
  -           (Database from October 06, 2026)                -
  -                                                           -
  -------------------------------------------------------------


  ---------------------------------------------
   Compilation information:
   Compiled on:         Oct  7 2026, 09:32:19
   Compiled by:         koning
   Compiler version:    clang++ - 21.0.0
   Source location:     /Users/koning/tares-1.8/source/Module/
   Binaries location:   /Users/koning/bin
   System:              Darwin 25.6.0
   System version:      Darwin Kernel Version 25.6.0: Fri Jul 31 19:19:08 PDT 2026; root:xnu-12377.161.14~5/RELEASE_ARM64_T6050  
   Machine:             arm64 
  ---------------------------------------------

   User information:
   User name:           koning
   Running directory:   /Users/koning/tendl/resbase/Nh287/work
   Owner mode for running directory : rwx
   Group mode for running directory : r-x
  ---------------------------------------------


 Starting time: Wed Oct  7 11:52:27 2026
 ... inputs directory found (/Users/koning/tares-1.8/source/Module//../../inputs/).
 ... It will be used for resonance parameters 
 ... ###############################################
 ... #     read the input file tares.inp
 ... ###############################################
 ... line: #
 ... line: # Input file generated by Autorochman
          --> line not read
 ... line: #
 ... line: isotope    Nh
          --> Isotope name: Nh
 ... line: mass       287
          --> isotopic mass: 287
 ... line: output     n-Nh287
         ---> Name of the output files: n-Nh287
 ... line: isomer     0
          --> isomeric state: 0
 ... line: mf32mf33   y
          --> MF33 based on MF32: y
 ... line: nbrRandom  6
          --> Nbr of random files: 6
 ... ###############################################
 ... # end read the input file tares.inp
 ... ###############################################
Value for random generator type not considered in since Tares 1.7 due to compilation issues

 ... ###############################################
     #   Interpretation of the Input definition    #
     ###############################################

 ... Default energy limit: End of resonance region
 ... Nuclear charge    = 113
 ... Element           = Nh
 ... Mass              = 287
 ... Isomer            = 0
 ... Correlation for (Gn,Gg) not included in random files
 ... Default random option: No random
 ... Output name: n-Nh287
 ... Energy for the MACS: 30000 eV
 ... Resonances from CALENDF reduced (reduce=y) 
 ... For URR, level density model from TALYS selected: 91n3n12611.2850 (see manual for description)
 ... Random Generator: default (pseudo random numbers from ansi c++)
 ... Reconstruction of cross section selected
 ... Doppler broadening at 0 Kelvin
 ... URR not included (from the input file flag)
 ... Weight for grouping is flat
 ... Calculation of (n,alpha) cross section selected
 ... Number of digit for MF32c covariance representation: 2
 ... MF32 included
 ... MF33 will be used for covariance processing
 ... TENDL option set to yes (automatic choice of MF2 and format)
 ... Isotope not found in the best file --> use of MLBW formalism
 ... default option: Multi level Breit Wigner approximation selected
 ... (check file best.tendl.yes for changing this option)
 ... Retroactive option set to no with the 2025 option
 ... ladder option set to yes (CALENDF will be used for statistical resonances)

 ... ###############################################
     #           End of Input definition           #
     ###############################################

 ... gnuplot found, will be used for plotting
 ... latex found, will be used for plotting
 ... dvips found, will be used for plotting
 ... ps2epsi not found, limited plotting available
 ... uncertainties on default parameters multiplied by 1.61725
 ... Read resonance data from the 2025 directory
 ... Resonance parameters taken from /Users/koning/tares-1.8/source/Module//../../inputs/2025/Resonance/default/
 ---> Processing Z= 113 and A= 287 and isomer= 0 (level number: 0)
 Exfor path; Could not find /Users/koning/tares-1.8/source/Module//../../inputs/exfor/Nh287/xs/102
Thermal file; Could not open file /Users/koning/tares-1.8/source/Module//../../inputs/2025/runThermal/results//thermal.mxw.ng.cendl3.1
Thermal file; Could not open file /Users/koning/tares-1.8/source/Module//../../inputs/2025/runThermal/results//thermal.mxw.ng.brond3.1
Thermal file; Could not open file /Users/koning/tares-1.8/source/Module//../../inputs/2025/runThermal/results//thermal.xs.ng.unc.cendl3.1
 ... spin taken from the final/ directory (1)

 ... ###############################################
 ... #  Nucleus global parameters (2025 database)  #
 ... ###############################################
 0. Half-life: 20 sec. 
 ... Scattering radius from TALYS: /Users/koning/tares-1.8/source/Module//../../inputs/2025/lib.urr/talys.urr/
 1. Spin of the target isotope: 0.5
 2. Relative Atomic Mass of the target isotope: 287.183
 3. Scattering radius (local compilation): 8.73846 fm +/- 0.209723 fm
      .......................................
      ... Thermal capture cross sections: ...
 4. Thermal (n,g) cross section from systematics: 186.7 +/- 158.695 b.
      .......................................
      ...  Thermal total cross sections:  ...
      .......................................
      ... Thermal elastic cross sections: ...
 5. Thermal (n,el) cross section from potential (4piR^2): 10.9821 +/- 0.549107 b.
      .......................................
             ... Resonance integral: ...
 6. No capture integral found in /Users/koning/tares-1.8/source/Module//../../inputs/capture.integral
 ... no RI(n,g) found in local compilation, take 2018 value.
 ... no RI(n,g) found in local compilation, take Sukhoruchkin value.
 7. Thermal (n,f) cross section from systematics: 36.1074 +/- 28.8859 b.
   ---- MACS 30 keV ----- 
 8. TALYS MACS 30 keV (HF): 0.668912 b. 
   ---------- S0 -------- 
 9. S0 from TALYS: 0.457924
   ---------- S1 -------- 
 10. S1 from TALYS: 0
   ---------- S2 -------- 
 11. S2 from TALYS: 0.477245
   ---------- D0 -------- 
 12. D0 from TALYS: 0.0869611 eV
   ---------- D1 -------- 
 13. D1 from TALYS: 0.0392738 eV
   ---------- D2 -------- 
 14. D2 from TALYS: 0.0241746 eV
   ---------- G0 -------- 
 15. Gg0 from TALYS: 0.0214521 eV
   ---------- G1 -------- 
 16. Gg1 from TALYS: 0.0214636 eV
   ---------- G2 -------- 
 17. Gg2 from TALYS: 0.0213837 eV


   ---------------------- 
 ... Read resonance parameters (format: 2: Multi Level Breit Wigner)
 ... 0 resonances found 
 ... possibly no resonances in the Resonance directory for this isotope and options
 ... Use HFR (ladder) behavior 
 --> 18. Number of resonances from the input file: 2 up to 0.0434805 eV
 19. Read nuclear quantities (mass, MAT...)
 20. Read thermal (n,g) xs 
 21. Read the scattering radius 
 22. Read uncertainty on Gg for 2 resonances
 23. Read uncertainty on Gg for 2 resonances ... done
 24. Read uncertainty on Gf1
 25. Read uncertainty on Gf2
 ... order resonances 
 ... Upper limit for the RRR: 1 eV (no statistical resonances HFR) from the limit.RRR file
 ... Write parameters for l=0 waves
 ... End writing original MF2 
 ... No RRR in the database: uncertainties on default parameters multiplied by 1.99753
 ... Enter in urr function (ladder option set to y) for file n-Nh287
 ... read the file /Users/koning/tares-1.8/source/Module//../../inputs/2025/list.jcs.urr to find URR origin
 Default URR taken from TALYS calculations with level density model: 91n3n12611.2850
 File considered for the URR: /Users/koning/tares-1.8/source/Module//../../inputs/2025/lib.urr/talys.urr/91n3n12611.2850/Nh/urr/urr.dat.Nh.287.000.0.gz
 ... Write URR using TALYS average parameters (used for HFR)
 ... Limit of URR changed to 25 keV (recommendation from WPEC and JEFF)
 ... ---> Emax(RRR) taken from the file limit.ladder: 6 eV <---
 ... (File limit.ladder: /Users/koning/tares-1.8/source/Module//../../inputs/2025/limit.ladder.91n3n12611.2850)
 ... read D0, S0, Gn and Gg
 ... number of URR energies: 600
 Number of l: 600 and last energy: 8
 Last  URR energy: 6 eV
 ... Enter in to_MLBW_mf2 function
 ... Convert to Multi Level Breit Wigner (MLBW)
 ... Write parameter covariances (MF32) for l=0
 ... Convert parameter covariances (MF32) to MLBW
 ... copy the mf2 and mf32 to .mlbw files
 ... Enter in urr_correct function case 1
 Modify the higher limit of RRR in MF2
 --> old value: 1.000000+0 eV new value: 1.000000-2 eV
 Modify resonance covariances (MF32) to include correlations in the URR
 End Modify resonance covariances (MF32) to include correlations in the URR
 ... Enter in calendf_xs function
 Use CALENDF for statistical resonances (update MF2) up to 6.000000+0 eV (initial limit)
 Extract resonances from CALENDF for RRR->URR 2
 194 statistical resonances found
 Reduction to 100 resonances based on the half-life of the isotope
 After reduction, 101 statistical resonances found
 ... checking resonance order 1
 ... checking resonance order 2nd round for 99 resonances
 ... end checking resonance order 2nd round
 .......................................................
 ... Adjustment to the thermal cross section : start ...
 .......................................................
 --> Systematics thermal (n,g) xs   186.7 b.
 --> Systematics thermal (n,f) xs   36.1074 b.
 ... Prior values:
 ... Import MF2 from TARES calculations
 ... End energy of TARES MF2 : 3.147390E+0 eV and limit to 40000 resonances
 ... File used for reconstruction: new.temp22.reconst
 ... run RECENT ...
 ... Doppler broadened at a unique temperature: 300 Kelvin using sigma1
 ... run SIGMA1 at 3.000000E+02 K.

 ============== INTER values at 300 Kelvin ==============
 Thermal (n,g) xs =  671.999 b. (meas/sys: 186.7 b.) (warning: comparison to be done at 296 or 300 K)
 Th Maxw (n,g) xs =  743.87 b. (thermal Maxwellian value)
 Westcott factor  =  1.10695
 RI      (n,g)    =  98.0265 b. (meas or sys: - b.)
 MACS 3.000e+04 eV=  0.65371 b. (meas or sys: - b.) from 1.00E+00 to 2.00E+07 eV (end of RRR) at T= 300 Kelvin 
 Thermal (n,el) xs=  8.06993 b.
 RI      (n,el)   =  17.0425 b.
 Thermal (n,f) xs =  974.68 b. (meas/sys: 36.1074 +/- 28.8859 b.)
 RI      (n,f) xs =  232.406 b. 
 ============= PSYCHE values ==============
 Ave. G_total L0  =  0.203252 eV
 Ave. G_total L1  =  0.179841 eV
 Ave. Gn_0    L0  =  8.789e-06
 Ave. Gn_0    L1  =  0.000119241
 Ave. Gg      L0  =  0.0214043 eV
 Ave. Gg      L1  =  0.0213349 eV
 Ave. D       L0  =  0.0807021 eV
 Ave. D       L1  =  0.0642322 eV
 Ave. S       L0  =  5.5254e-05 eV
 Ave. S       L1  =  0.00048246 eV
 =========================================
 ... tolerances: thermal (n,g) 20 %, thermal (n,f) 20 % (reference uncertainties, minimum 2%, maximum 20%)
 Calculated thermal (n,g)=          671.999321 b. and measured/system= 186.7 b. (C/E= 3.59935)
 Calculated thermal (n,f)=          974.680151 b. and measured/system= 36.1074 b. (C/E= 26.9939)
 Warning: first correction of Gg/Gf limited to a factor 10 (C/E too far from 1)
 ... Import MF2 from TARES calculations
 ... End energy of TARES MF2 : 3.147390E+0 eV and limit to 40000 resonances
 ... File used for reconstruction: new.temp22.reconst
 ... run RECENT ...
 ... Doppler broadened at a unique temperature: 300 Kelvin using sigma1
 ... run SIGMA1 at 3.000000E+02 K.

 ============== INTER values at 300 Kelvin ==============
 Thermal (n,g) xs =  414.056 b. (meas/sys: 186.7 b.) (warning: comparison to be done at 296 or 300 K)
 Th Maxw (n,g) xs =  1068.5 b. (thermal Maxwellian value)
 Westcott factor  =  2.5806
 RI      (n,g)    =  170.212 b. (meas or sys: - b.)
 MACS 3.000e+04 eV=  0.65371 b. (meas or sys: - b.) from 1.00E+00 to 2.00E+07 eV (end of RRR) at T= 300 Kelvin 
 Thermal (n,el) xs=  7.64289 b.
 RI      (n,el)   =  17.71 b.
 Thermal (n,f) xs =  169.06 b. (meas/sys: 36.1074 +/- 28.8859 b.)
 RI      (n,f) xs =  163.245 b. 
 ============= PSYCHE values ==============
 Ave. G_total L0  =  0.0252107 eV
 Ave. G_total L1  =  0.022845 eV
 Ave. Gn_0    L0  =  8.789e-06
 Ave. Gn_0    L1  =  0.000119241
 Ave. Gg      L0  =  0.00701709 eV
 Ave. Gg      L1  =  0.00699435 eV
 Ave. D       L0  =  0.0807021 eV
 Ave. D       L1  =  0.0642322 eV
 Ave. S       L0  =  5.5254e-05 eV
 Ave. S       L1  =  0.00048246 eV
 =========================================
 ... iteration 0: C/E thermal (n,g)= 2.21776  C/E thermal (n,f)= 4.68215
 Warning: 99 Gg/Gf values limited to a change of a factor 10 from their starting values
 ... Posterior values (iteration 1):
 ... Import MF2 from TARES calculations
 ... End energy of TARES MF2 : 3.147390E+0 eV and limit to 40000 resonances
 ... File used for reconstruction: new.temp22.reconst
 ... run RECENT ...
 ... Doppler broadened at a unique temperature: 300 Kelvin using sigma1
 ... run SIGMA1 at 3.000000E+02 K.

 ============== INTER values at 300 Kelvin ==============
 Thermal (n,g) xs =  227.757 b. (meas/sys: 186.7 b.) (warning: comparison to be done at 296 or 300 K)
 Th Maxw (n,g) xs =  895.29 b. (thermal Maxwellian value)
 Westcott factor  =  3.93088
 RI      (n,g)    =  129.856 b. (meas or sys: - b.)
 MACS 3.000e+04 eV=  0.65371 b. (meas or sys: - b.) from 1.00E+00 to 2.00E+07 eV (end of RRR) at T= 300 Kelvin 
 Thermal (n,el) xs=  7.60754 b.
 RI      (n,el)   =  18.1386 b.
 Thermal (n,f) xs =  172.637 b. (meas/sys: 36.1074 +/- 28.8859 b.)
 RI      (n,f) xs =  204.005 b. 
 ============= PSYCHE values ==============
 Ave. G_total L0  =  0.0219272 eV
 Ave. G_total L1  =  0.0195721 eV
 Ave. Gn_0    L0  =  8.789e-06
 Ave. Gn_0    L1  =  0.000119241
 Ave. Gg      L0  =  0.00373357 eV
 Ave. Gg      L1  =  0.00372147 eV
 Ave. D       L0  =  0.0807021 eV
 Ave. D       L1  =  0.0642322 eV
 Ave. S       L0  =  5.5254e-05 eV
 Ave. S       L1  =  0.00048246 eV
 =========================================

 ... iteration 1: C/E thermal (n,g)= 1.21991  C/E thermal (n,f)= 4.7812
 Warning: 99 Gg/Gf values limited to a change of a factor 10 from their starting values
 ... Posterior values (iteration 2):
 ... Import MF2 from TARES calculations
 ... End energy of TARES MF2 : 3.147390E+0 eV and limit to 40000 resonances
 ... File used for reconstruction: new.temp22.reconst
 ... run RECENT ...
 ... Doppler broadened at a unique temperature: 300 Kelvin using sigma1
 ... run SIGMA1 at 3.000000E+02 K.

 ============== INTER values at 300 Kelvin ==============
 Thermal (n,g) xs =  220.521 b. (meas/sys: 186.7 b.) (warning: comparison to be done at 296 or 300 K)
 Th Maxw (n,g) xs =  885.68 b. (thermal Maxwellian value)
 Westcott factor  =  4.01632
 RI      (n,g)    =  127.907 b. (meas or sys: - b.)
 MACS 3.000e+04 eV=  0.65371 b. (meas or sys: - b.) from 1.00E+00 to 2.00E+07 eV (end of RRR) at T= 300 Kelvin 
 Thermal (n,el) xs=  7.6065 b.
 RI      (n,el)   =  18.1667 b.
 Thermal (n,f) xs =  172.744 b. (meas/sys: 36.1074 +/- 28.8859 b.)
 RI      (n,f) xs =  205.952 b. 
 ============= PSYCHE values ==============
 Ave. G_total L0  =  0.021805 eV
 Ave. G_total L1  =  0.0194504 eV
 Ave. Gn_0    L0  =  8.789e-06
 Ave. Gn_0    L1  =  0.000119241
 Ave. Gg      L0  =  0.00361143 eV
 Ave. Gg      L1  =  0.00359973 eV
 Ave. D       L0  =  0.0807021 eV
 Ave. D       L1  =  0.0642322 eV
 Ave. S       L0  =  5.5254e-05 eV
 Ave. S       L1  =  0.00048246 eV
 =========================================

 ... iteration 2: C/E thermal (n,g)= 1.18115  C/E thermal (n,f)= 4.78418
 Warning: 99 Gg/Gf values limited to a change of a factor 10 from their starting values
 ... Posterior values (iteration 3):
 ... Import MF2 from TARES calculations
 ... End energy of TARES MF2 : 3.147390E+0 eV and limit to 40000 resonances
 ... File used for reconstruction: new.temp22.reconst
 ... run RECENT ...
 ... Doppler broadened at a unique temperature: 300 Kelvin using sigma1
 ... run SIGMA1 at 3.000000E+02 K.

 ============== INTER values at 300 Kelvin ==============
 Thermal (n,g) xs =  220.312 b. (meas/sys: 186.7 b.) (warning: comparison to be done at 296 or 300 K)
 Th Maxw (n,g) xs =  885.38 b. (thermal Maxwellian value)
 Westcott factor  =  4.01878
 RI      (n,g)    =  127.824 b. (meas or sys: - b.)
 MACS 3.000e+04 eV=  0.65371 b. (meas or sys: - b.) from 1.00E+00 to 2.00E+07 eV (end of RRR) at T= 300 Kelvin 
 Thermal (n,el) xs=  7.60647 b.
 RI      (n,el)   =  18.1667 b.
 Thermal (n,f) xs =  172.747 b. (meas/sys: 36.1074 +/- 28.8859 b.)
 RI      (n,f) xs =  205.997 b. 
 ============= PSYCHE values ==============
 Ave. G_total L0  =  0.0218015 eV
 Ave. G_total L1  =  0.0194469 eV
 Ave. Gn_0    L0  =  8.789e-06
 Ave. Gn_0    L1  =  0.000119241
 Ave. Gg      L0  =  0.00360791 eV
 Ave. Gg      L1  =  0.00359622 eV
 Ave. D       L0  =  0.0807021 eV
 Ave. D       L1  =  0.0642322 eV
 Ave. S       L0  =  5.5254e-05 eV
 Ave. S       L1  =  0.00048246 eV
 =========================================

 ... iteration 3: C/E thermal (n,g)= 1.18003  C/E thermal (n,f)= 4.78427
 Warning: 99 Gg/Gf values limited to a change of a factor 10 from their starting values
 ... Posterior values (iteration 4):
 ... Import MF2 from TARES calculations
 ... End energy of TARES MF2 : 3.147390E+0 eV and limit to 40000 resonances
 ... File used for reconstruction: new.temp22.reconst
 ... run RECENT ...
 ... Doppler broadened at a unique temperature: 300 Kelvin using sigma1
 ... run SIGMA1 at 3.000000E+02 K.

 ============== INTER values at 300 Kelvin ==============
 Thermal (n,g) xs =  220.306 b. (meas/sys: 186.7 b.) (warning: comparison to be done at 296 or 300 K)
 Th Maxw (n,g) xs =  885.38 b. (thermal Maxwellian value)
 Westcott factor  =  4.01885
 RI      (n,g)    =  127.825 b. (meas or sys: - b.)
 MACS 3.000e+04 eV=  0.6537 b. (meas or sys: - b.) from 1.00E+00 to 2.00E+07 eV (end of RRR) at T= 300 Kelvin 
 Thermal (n,el) xs=  7.60647 b.
 RI      (n,el)   =  18.1671 b.
 Thermal (n,f) xs =  172.748 b. (meas/sys: 36.1074 +/- 28.8859 b.)
 RI      (n,f) xs =  205.999 b. 
 ============= PSYCHE values ==============
 Ave. G_total L0  =  0.0218014 eV
 Ave. G_total L1  =  0.0194468 eV
 Ave. Gn_0    L0  =  8.789e-06
 Ave. Gn_0    L1  =  0.000119241
 Ave. Gg      L0  =  0.00360781 eV
 Ave. Gg      L1  =  0.00359612 eV
 Ave. D       L0  =  0.0807021 eV
 Ave. D       L1  =  0.0642322 eV
 Ave. S       L0  =  5.5254e-05 eV
 Ave. S       L1  =  0.00048246 eV
 =========================================

 ... iteration 4: C/E thermal (n,g)= 1.18  C/E thermal (n,f)= 4.78427
 Warning: no further change possible (widths at the limit of a factor 10): adjustment stopped
 Adjusted thermal (n,f) xs            172.747550 b. (ratio for Gf= 4.05447 )

 ... ratio C/E thermal (n,g): 1.180001E+00
 ... ratio C/E thermal (n,f): 4.784269E+00
 ...................................................... 
 ... Adjustment to the thermal cross section : stop ...
 ...................................................... 
 ... new MF2 file after adjustment: n-Nh287
 ... read the file /Users/koning/tares-1.8/source/Module//../../inputs/2025/list.jcs.urr to find URR origin
 Default URR taken from TALYS calculations with level density model: 91n3n12611.2850
 File considered for the URR: /Users/koning/tares-1.8/source/Module//../../inputs/2025/lib.urr/talys.urr/91n3n12611.2850/Nh/urr/urr.dat.Nh.287.000.0.gz
 ... Write URR using TALYS average parameters (not used for HFR)
 ... Limit of URR changed to 25 keV (recommendation from WPEC and JEFF)
 Energy limit of the URR set to 4.09161 eV
 ... read D0, S0, Gn and Gg
 ... number of URR energies: 40
 Number of l: 40 and last energy: 8
 Last  URR energy: 4.09161 eV
 ... Enter in urr_correct function case 2
 Modify the higher limit of RRR in MF2
 --> old value: 3.147390+0 eV new value: 3.147390+0 eV
 Modify resonance covariances (MF32) to include correlations in the URR
 End Modify resonance covariances (MF32) to include correlations in the URR
 ... Enter in update_MF32 function
 ... Change uncertainties
 ... for the HFR, random position of the positive resonances with 0.020000 %
 ... end of update MF32 function
 ... GLS calculation of the parameter correlations from the thermal/RI adjustment (MF32c)
 ... MF32: correlations from the thermal/RI adjustment (GLS) for 9 resonances (19 widths), 17 correlation lines
 ...   thermal (n,g): uncertainty from these widths 112.749 b. -> 91.8757 b. (reference: 186.7 +/- 158.695 b.)
 ...   thermal (n,f): uncertainty from these widths 60.8954 b. -> 26.0973 b. (reference: 36.1074 +/- 28.8859 b.)
 ... copy the mf2 and mf32 to .mlbw files

 ... Start of final reconstruction and testing ...
 ... Reconstruction of cross sections at 0 Kelvin  ... Import MF2 from TARES calculations
 ... End energy of TARES MF2 : 3.147390E+0 eV and limit to 40000 resonances
 ... File used for reconstruction: n-Nh287.reconst
 ... run RECENT ...
 ... Doppler broadened at a unique temperature: 0 Kelvin using sigma1
 ... The keyword temperature is zero, no Doppler broadening for the MACS

 ============== INTER values at 0 Kelvin ==============
 Thermal (n,g) xs =  209.51 b. (meas/sys: 186.7 b.) (warning: comparison to be done at 296 or 300 K)
 Th Maxw (n,g) xs =  882.9 b. (thermal Maxwellian value)
 Westcott factor  =  4.21413
 RI      (n,g)    =  128.43 b. (meas or sys: - b.)
 MACS 3.000e+04 eV=  0.657 b. (meas or sys: - b.) from 1.00E+00 to 3.15E+00 eV (end of RRR) at T= 0 Kelvin 
 Thermal (n,el) xs=  7.6134 b.
 RI      (n,el)   =  18.1536 b.
 Thermal (n,f) xs =  167.601 b. (meas/sys: 36.1074 +/- 28.8859 b.)
 RI      (n,f) xs =  207.347 b. 
 ============= PSYCHE values ==============
 Ave. G_total L0  =  0.0218014 eV
 Ave. G_total L1  =  0.0194468 eV
 Ave. Gn_0    L0  =  8.789e-06
 Ave. Gn_0    L1  =  0.000119241
 Ave. Gg      L0  =  0.00360781 eV
 Ave. Gg      L1  =  0.00359612 eV
 Ave. D       L0  =  0.0807021 eV
 Ave. D       L1  =  0.0642322 eV
 Ave. S       L0  =  5.5254e-05 eV
 Ave. S       L1  =  0.00048246 eV
 =========================================
 ... End of final reconstruction and testing ...

 ... grouping is not optimum, change to 70 groups
 ... Produce MF33 based on MF32 and 6 random files
 ... run endsam for 6 in groups of 1 global run
 ... run endsam from 1 to 6
 ... reorder resonance position after endsam (sampling)
 ... preparing the vectors  ... done
 ... nominal file 0 Cap(th)  ave= 2.095E+02 b. +/- 0.00 % || Ela(th) ave= 7.613E+00 b. +/- 0.00 % || RIcap ave= 1.09E+02 b. +/- 0.00 % || Macs30 ave= 1.58E+03 b. +/- 0.00 % || Gn^0(l=0) ave= 8.789E-06 +/- 0.00 % Gn^0(l=1) ave= 1.192E-04 +/- 0.00 % Gn^0(l=2) ave= 0.000E+00 +/- 0.00 % Gn^0(l=3) ave= 0.000E+00 +/- 0.00 % || Gtotal(l=0) ave= 2.180E-02 +/- 0.00 % Gtotal(l=1) ave= 1.945E-02 +/- 0.00 % Gtotal(l=2) ave= 0.000E+00 +/- 0.00 % Gtotal(l=3) ave= 0.000E+00 +/- 0.00 %  % || Gg(l=0) ave= 3.608E-03 +/- 0.00 % Gg(l=1) ave= 3.596E-03 +/- 0.00 % Gg(l=2) ave= 0.000E+00 +/- 0.00 % Gg(l=3) ave= 0.000E+00 +/- 0.00 %  % || D(l=0) ave= 8.070E-02 +/- 0.00 % D(l=1) ave= 6.423E-02 +/- 0.00 % D(l=2) ave= 0.000E+00 +/- 0.00 % D(l=3) ave= 0.000E+00 +/- 0.00 %  % || S(l=0) ave= 5.525E-05 +/- 0.00 % S(l=1) ave= 4.825E-04 +/- 0.00 % S(l=2) ave= 0.000E+00 +/- 0.00 % S(l=3) ave= 0.000E+00 +/- 0.00 %  % || Fis(th) ave= 1.676E+02 b. +/- 0.00 %
 ... random file  1 Cap(th)  ave= 1.366E+02 b. +/- 53.36 % || Ela(th) ave= 7.748E+00 b. +/- 1.73 % || RIcap ave= 1.01E+02 b. +/- 8.56 % || Macs30 ave= 5.09E+03 b. +/- 69.02 % || Gn^0(l=0) ave= 8.826E-06 +/- 0.42 % Gn^0(l=1) ave= 1.173E-04 +/- 1.63 % Gn^0(l=2) ave= 0.000E+00 +/- 0.00 % Gn^0(l=3) ave= 0.000E+00 +/- 0.00 % || Gtotal(l=0) ave= 2.179E-02 +/- 0.07 % Gtotal(l=1) ave= 1.945E-02 +/- 0.00 % Gtotal(l=2) ave= 0.000E+00 +/- 0.00 % Gtotal(l=3) ave= 0.000E+00 +/- 0.00 %  % || Gg(l=0) ave= 3.813E-03 +/- 5.38 % Gg(l=1) ave= 3.802E-03 +/- 5.41 % Gg(l=2) ave= 0.000E+00 +/- 0.00 % Gg(l=3) ave= 0.000E+00 +/- 0.00 %  % || D(l=0) ave= 8.176E-02 +/- 1.30 % D(l=1) ave= 6.423E-02 +/- 0.00 % D(l=2) ave= 0.000E+00 +/- 0.00 % D(l=3) ave= 0.000E+00 +/- 0.00 %  % || S(l=0) ave= 5.504E-05 +/- 0.39 % S(l=1) ave= 4.747E-04 +/- 1.63 % S(l=2) ave= 0.000E+00 +/- 0.00 % S(l=3) ave= 0.000E+00 +/- 0.00 %  % || Fis(th) ave= 1.698E+02 b. +/- 1.28 %
 ... random file  2 Cap(th)  ave= 1.587E+02 b. +/- 42.35 % || Ela(th) ave= 7.338E+00 b. +/- 8.04 % || RIcap ave= 1.01E+02 b. +/- 6.98 % || Macs30 ave= 3.98E+03 b. +/- 81.96 % || Gn^0(l=0) ave= 8.820E-06 +/- 0.36 % Gn^0(l=1) ave= 1.239E-04 +/- 7.59 % Gn^0(l=2) ave= 0.000E+00 +/- 0.00 % Gn^0(l=3) ave= 0.000E+00 +/- 0.00 % || Gtotal(l=0) ave= 2.179E-02 +/- 0.07 % Gtotal(l=1) ave= 1.945E-02 +/- 0.00 % Gtotal(l=2) ave= 0.000E+00 +/- 0.00 % Gtotal(l=3) ave= 0.000E+00 +/- 0.00 %  % || Gg(l=0) ave= 3.780E-03 +/- 4.61 % Gg(l=1) ave= 3.706E-03 +/- 5.83 % Gg(l=2) ave= 0.000E+00 +/- 0.00 % Gg(l=3) ave= 0.000E+00 +/- 0.00 %  % || D(l=0) ave= 8.141E-02 +/- 1.23 % D(l=1) ave= 6.423E-02 +/- 0.00 % D(l=2) ave= 0.000E+00 +/- 0.00 % D(l=3) ave= 0.000E+00 +/- 0.00 %  % || S(l=0) ave= 5.517E-05 +/- 0.47 % S(l=1) ave= 5.012E-04 +/- 7.59 % S(l=2) ave= 0.000E+00 +/- 0.00 % S(l=3) ave= 0.000E+00 +/- 0.00 %  % || Fis(th) ave= 1.680E+02 b. +/- 1.86 %
 ... random file  3 Cap(th)  ave= 1.762E+02 b. +/- 37.24 % || Ela(th) ave= 7.400E+00 b. +/- 7.05 % || RIcap ave= 1.07E+02 b. +/- 10.87 % || Macs30 ave= 3.96E+03 b. +/- 71.47 % || Gn^0(l=0) ave= 8.843E-06 +/- 0.55 % Gn^0(l=1) ave= 1.228E-04 +/- 6.80 % Gn^0(l=2) ave= 0.000E+00 +/- 0.00 % Gn^0(l=3) ave= 0.000E+00 +/- 0.00 % || Gtotal(l=0) ave= 2.179E-02 +/- 0.07 % Gtotal(l=1) ave= 1.945E-02 +/- 0.00 % Gtotal(l=2) ave= 0.000E+00 +/- 0.00 % Gtotal(l=3) ave= 0.000E+00 +/- 0.00 %  % || Gg(l=0) ave= 3.699E-03 +/- 5.58 % Gg(l=1) ave= 3.541E-03 +/- 9.63 % Gg(l=2) ave= 0.000E+00 +/- 0.00 % Gg(l=3) ave= 0.000E+00 +/- 0.00 %  % || D(l=0) ave= 8.176E-02 +/- 1.30 % D(l=1) ave= 6.423E-02 +/- 0.00 % D(l=2) ave= 0.000E+00 +/- 0.00 % D(l=3) ave= 0.000E+00 +/- 0.00 %  % || S(l=0) ave= 5.515E-05 +/- 0.41 % S(l=1) ave= 4.969E-04 +/- 6.80 % S(l=2) ave= 0.000E+00 +/- 0.00 % S(l=3) ave= 0.000E+00 +/- 0.00 %  % || Fis(th) ave= 1.614E+02 b. +/- 7.20 %
 ... random file  4 Cap(th)  ave= 1.747E+02 b. +/- 33.64 % || Ela(th) ave= 7.192E+00 b. +/- 8.69 % || RIcap ave= 1.10E+02 b. +/- 11.36 % || Macs30 ave= 3.44E+03 b. +/- 79.56 % || Gn^0(l=0) ave= 8.840E-06 +/- 0.49 % Gn^0(l=1) ave= 1.262E-04 +/- 8.00 % Gn^0(l=2) ave= 0.000E+00 +/- 0.00 % Gn^0(l=3) ave= 0.000E+00 +/- 0.00 % || Gtotal(l=0) ave= 2.179E-02 +/- 0.07 % Gtotal(l=1) ave= 1.945E-02 +/- 0.00 % Gtotal(l=2) ave= 0.000E+00 +/- 0.00 % Gtotal(l=3) ave= 0.000E+00 +/- 0.00 %  % || Gg(l=0) ave= 3.815E-03 +/- 7.79 % Gg(l=1) ave= 3.635E-03 +/- 9.86 % Gg(l=2) ave= 0.000E+00 +/- 0.00 % Gg(l=3) ave= 0.000E+00 +/- 0.00 %  % || D(l=0) ave= 8.155E-02 +/- 1.28 % D(l=1) ave= 6.423E-02 +/- 0.00 % D(l=2) ave= 0.000E+00 +/- 0.00 % D(l=3) ave= 0.000E+00 +/- 0.00 %  % || S(l=0) ave= 5.518E-05 +/- 0.38 % S(l=1) ave= 5.107E-04 +/- 8.00 % S(l=2) ave= 0.000E+00 +/- 0.00 % S(l=3) ave= 0.000E+00 +/- 0.00 %  % || Fis(th) ave= 1.528E+02 b. +/- 13.14 %
 ... random file  5 Cap(th)  ave= 1.802E+02 b. +/- 30.54 % || Ela(th) ave= 7.442E+00 b. +/- 10.74 % || RIcap ave= 1.17E+02 b. +/- 15.74 % || Macs30 ave= 3.00E+03 b. +/- 89.56 % || Gn^0(l=0) ave= 8.830E-06 +/- 0.51 % Gn^0(l=1) ave= 1.228E-04 +/- 9.75 % Gn^0(l=2) ave= 0.000E+00 +/- 0.00 % Gn^0(l=3) ave= 0.000E+00 +/- 0.00 % || Gtotal(l=0) ave= 2.179E-02 +/- 0.07 % Gtotal(l=1) ave= 1.945E-02 +/- 0.00 % Gtotal(l=2) ave= 0.000E+00 +/- 0.00 % Gtotal(l=3) ave= 0.000E+00 +/- 0.00 %  % || Gg(l=0) ave= 3.751E-03 +/- 8.16 % Gg(l=1) ave= 3.647E-03 +/- 9.00 % Gg(l=2) ave= 0.000E+00 +/- 0.00 % Gg(l=3) ave= 0.000E+00 +/- 0.00 %  % || D(l=0) ave= 8.141E-02 +/- 1.23 % D(l=1) ave= 6.423E-02 +/- 0.00 % D(l=2) ave= 0.000E+00 +/- 0.00 % D(l=3) ave= 0.000E+00 +/- 0.00 %  % || S(l=0) ave= 5.519E-05 +/- 0.35 % S(l=1) ave= 4.969E-04 +/- 9.75 % S(l=2) ave= 0.000E+00 +/- 0.00 % S(l=3) ave= 0.000E+00 +/- 0.00 %  % || Fis(th) ave= 1.530E+02 b. +/- 11.98 %
 ... random file  6 Cap(th)  ave= 1.835E+02 b. +/- 28.12 % || Ela(th) ave= 7.663E+00 b. +/- 11.96 % || RIcap ave= 1.12E+02 b. +/- 18.77 % || Macs30 ave= 2.68E+03 b. +/- 96.82 % || Gn^0(l=0) ave= 8.834E-06 +/- 0.49 % Gn^0(l=1) ave= 1.199E-04 +/- 10.92 % Gn^0(l=2) ave= 0.000E+00 +/- 0.00 % Gn^0(l=3) ave= 0.000E+00 +/- 0.00 % || Gtotal(l=0) ave= 2.179E-02 +/- 0.07 % Gtotal(l=1) ave= 1.945E-02 +/- 0.00 % Gtotal(l=2) ave= 0.000E+00 +/- 0.00 % Gtotal(l=3) ave= 0.000E+00 +/- 0.00 %  % || Gg(l=0) ave= 3.725E-03 +/- 7.80 % Gg(l=1) ave= 3.590E-03 +/- 9.31 % Gg(l=2) ave= 0.000E+00 +/- 0.00 % Gg(l=3) ave= 0.000E+00 +/- 0.00 %  % || D(l=0) ave= 8.161E-02 +/- 1.29 % D(l=1) ave= 6.423E-02 +/- 0.00 % D(l=2) ave= 0.000E+00 +/- 0.00 % D(l=3) ave= 0.000E+00 +/- 0.00 %  % || S(l=0) ave= 5.511E-05 +/- 0.50 % S(l=1) ave= 4.853E-04 +/- 10.92 % S(l=2) ave= 0.000E+00 +/- 0.00 % S(l=3) ave= 0.000E+00 +/- 0.00 %  % || Fis(th) ave= 1.579E+02 b. +/- 13.17 %
 ... Histogram plot for thermal (n,g)
 ... Write covariances  ... MT1  ... plot correlations
 ... MT2  ... MT18  ... MT102 


 ================================================
 ============== From 6 random values === start ======
 Thermal (n,tot) xs  0 K =  349.126 b. +/- 53.3919 b. ( 15.293 %) skew= -1.06 +/- 0.79
 Thermal (n,el) xs   0 K =  7.66255 b. +/- 0.916169 b. ( 11.9564 %) skew= -0.05 +/- 0.79
 Thermal (n,f) xs    0 K = 157.917 b. +/- 20.7905 b. ( 13.1655 %) skew= -0.57 +/- 0.79
 Thermal (n,g) xs    0 K =  183.546 b. +/- 51.61 b. ( 28.1182 %) skew= -1.65 +/- 0.79
 RI      (n,g)       0 K =  111.772 b. +/- 20.9847 b. ( 18.7745 %) 
 MACS    (n,g)       0 K (at Emacs= 30000 eV) =  2683.54 b. +/- 2598.3 b. ( 96.8236 %) 
 Ave. Gtotal  L=0        =  2.179E-02 +/- 0.07 %
 Ave. Gn^(0)  L=0        =  8.834E-06 +/- 0.49 %
 Ave. Gg      L=0        =  3.725E-03 +/- 7.80 %
 Ave. D       L=0        =  8.161E-02 +/- 1.29 %
 Ave. S       L=0        =  5.511E-05 +/- 0.50 %
 Ave. Gtotal  L=1        =  1.945E-02 +/- 0.00 %
 Ave. Gg      L=1        =  3.590E-03 +/- 9.31 %
 Ave. D       L=1        =  6.423E-02 +/- 0.00 %
 Ave. S       L=1        =  4.853E-04 +/- 10.92 %

 Expected Thermal (n,g) (syst or meas)= 186.7 b. +/- 158.695 b. nominal: 209.51 b.
 ratio Calculated/expected thermal (n,g): 0.98 ratio DCalculated/Dexpected: 0.33 ratio Calculated/Nominal: 0.88
 ============== From 6 random values ===== stop ======
 ================================================
 ... Calculation of (n,a) and (n,p) cross sections at 300 K
 ... thermal (n,a) cross section is 8.12958e-17 +/- 4.06479e-17 b.
 ... thermal (n,a) cross section is 0 b. (random case 1)
 ... thermal (n,a) cross section is 0 b. (random case 2)
 ... thermal (n,a) cross section is 0 b. (random case 3)
 ... thermal (n,a) cross section is 0 b. (random case 4)
 ... thermal (n,a) cross section is 0 b. (random case 5)
 ... thermal (n,a) cross section is 0 b. (random case 6)
 ... thermal (n,p) cross section is 8.12958e-17 +/- 4.06479e-17 b.
 ... thermal (n,p) cross section is 0 b. (random case 1)
 ... thermal (n,p) cross section is 0 b. (random case 2)
 ... thermal (n,p) cross section is 0 b. (random case 3)
 ... thermal (n,p) cross section is 0 b. (random case 4)
 ... thermal (n,p) cross section is 0 b. (random case 5)
 ... thermal (n,p) cross section is 0 b. (random case 6)
 ... Rewrite index for MF2
 ... Write text for MF1 in file mf1.tares.txt
 ... plotting cross sections for the MF1
 ... order output files

 ............................................................ 
 ...                                                      ... 
 ... MF2 format selection for the final file: n-Nh287.mf2.mlbw
 ... MF2 format : mlbw
 ... cross section values for the final mf2 file: START   ... 
 ... Import MF2 from TARES calculations
 ... End energy of TARES MF2 : 3.147390E+0 eV and limit to 40000 resonances
 ... File used for reconstruction: n-Nh287.mf2.reconst
 ... run RECENT ...
 ... Doppler broadened at a unique temperature: 0 Kelvin using sigma1
 ... The keyword temperature is zero, no Doppler broadening for the MACS

 ============== INTER values at 0 Kelvin ==============
 Thermal (n,g) xs =  209.51 b. (meas/sys: 186.7 b.) (warning: comparison to be done at 296 or 300 K)
 Th Maxw (n,g) xs =  882.9 b. (thermal Maxwellian value)
 Westcott factor  =  4.21413
 RI      (n,g)    =  128.43 b. (meas or sys: - b.)
 MACS 3.000e+04 eV=  0.657 b. (meas or sys: - b.) from 1.00E+00 to 3.15E+00 eV (end of RRR) at T= 0 Kelvin 
 Thermal (n,el) xs=  7.6134 b.
 RI      (n,el)   =  18.1536 b.
 Thermal (n,f) xs =  167.601 b. (meas/sys: 36.1074 +/- 28.8859 b.)
 RI      (n,f) xs =  207.347 b. 
 ============= PSYCHE values ==============
 Ave. G_total L0  =  0.0218014 eV
 Ave. G_total L1  =  0.0194468 eV
 Ave. Gn_0    L0  =  8.789e-06
 Ave. Gn_0    L1  =  0.000119241
 Ave. Gg      L0  =  0.00360781 eV
 Ave. Gg      L1  =  0.00359612 eV
 Ave. D       L0  =  0.0807021 eV
 Ave. D       L1  =  0.0642322 eV
 Ave. S       L0  =  5.5254e-05 eV
 Ave. S       L1  =  0.00048246 eV
 =========================================
 ... cross section values for the final mf2 file: END     ... 
 ...                                                      ... 
 ............................................................ 


================== summary ==================
 Thermal (n,tot) xs = 384.724 b. 
 Thermal (n,el)  xs = 7.6134 b. 
 Thermal (n,g)   xs = 209.51 b. (meas/sys: 186.7 b.)
 Thermal (n,f)   xs = 167.601 b. (meas/sys: 36.1074 +/- 28.8859 b.)
 At 300 K (thermal adjustment): (n,el) = 7.60647 b., (n,g) = 220.306 b., (n,f) = 172.748 b.

 RI      (n,g)      = 128.43 b. (meas or sys: - b.)
 RI      (n,el)     = 18.1536 b.
 RI      (n,f)      = 207.347 b. 
=============================================


 ... cleaning
                                                 
  -------------------------------------------------------------
  -                                                           -
  - TARES: successful end of run with data from hypothetical  -
  - resonances for Z= 113, A= 287 and isomer= 0               -
  - half-life: 20.000000 sec. 
  -                                                           -
  -------------------------------------------------------------

   Running time:       15 seconds

 End time: Wed Oct  7 11:52:42 2026

