
  -------------------------------------------------------------
  -                                                           -
  -              Welcome to TARES version 1.8                 -
  -                                                           -
  -  (C) Copyright 2007-2025 D. Rochman, All Rights Reserved  -
  -           NRG, Petten, the Netherlands 2007-2014          -
  -           PSI, Villigen    Switzerland 2015-2025          -
  -         Nagra, Wettingen   Switzerland 2025-              -
  -           (Last Modified October 06, 2026)                -
  -           (Database from October 06, 2026)                -
  -                                                           -
  -------------------------------------------------------------


  ---------------------------------------------
   Compilation information:
   Compiled on:         Oct  7 2026, 09:32:19
   Compiled by:         koning
   Compiler version:    clang++ - 21.0.0
   Source location:     /Users/koning/tares-1.8/source/Module/
   Binaries location:   /Users/koning/bin
   System:              Darwin 25.6.0
   System version:      Darwin Kernel Version 25.6.0: Fri Jul 31 19:19:08 PDT 2026; root:xnu-12377.161.14~5/RELEASE_ARM64_T6050  
   Machine:             arm64 
  ---------------------------------------------

   User information:
   User name:           koning
   Running directory:   /Users/koning/tendl/resbase/Nb088m/work
   Owner mode for running directory : rwx
   Group mode for running directory : r-x
  ---------------------------------------------


 Starting time: Wed Oct  7 10:43:36 2026
 ... inputs directory found (/Users/koning/tares-1.8/source/Module//../../inputs/).
 ... It will be used for resonance parameters 
 ... ###############################################
 ... #     read the input file tares.inp
 ... ###############################################
 ... line: #
 ... line: # Input file generated by Autorochman
          --> line not read
 ... line: #
 ... line: isotope    Nb
          --> Isotope name: Nb
 ... line: mass       88
          --> isotopic mass: 88
 ... line: output     n-Nb088m
         ---> Name of the output files: n-Nb088m
 ... line: isomer     1
          --> isomeric state: 1
 ... line: mf32mf33   y
          --> MF33 based on MF32: y
 ... line: nbrRandom  6
          --> Nbr of random files: 6
 ... ###############################################
 ... # end read the input file tares.inp
 ... ###############################################
Value for random generator type not considered in since Tares 1.7 due to compilation issues

 ... ###############################################
     #   Interpretation of the Input definition    #
     ###############################################

 ... Default energy limit: End of resonance region
 ... Nuclear charge    = 41
 ... Element           = Nb
 ... Mass              = 88
 ... Isomer            = 1
 ... Correlation for (Gn,Gg) not included in random files
 ... Default random option: No random
 ... Output name: n-Nb088m
 ... Energy for the MACS: 30000 eV
 ... Resonances from CALENDF reduced (reduce=y) 
 ... For URR, level density model from TALYS selected: 91n3n12611.2850 (see manual for description)
 ... Random Generator: default (pseudo random numbers from ansi c++)
 ... Reconstruction of cross section selected
 ... Doppler broadening at 0 Kelvin
 ... URR not included (from the input file flag)
 ... Weight for grouping is flat
 ... Calculation of (n,alpha) cross section selected
 ... Number of digit for MF32c covariance representation: 2
 ... MF32 included
 ... MF33 will be used for covariance processing
 ... TENDL option set to yes (automatic choice of MF2 and format)
 ... Isotope not found in the best file --> use of MLBW formalism
 ... default option: Multi level Breit Wigner approximation selected
 ... (check file best.tendl.yes for changing this option)
 ... Retroactive option set to no with the 2025 option

 ... ###############################################
     #           End of Input definition           #
     ###############################################

 ... gnuplot found, will be used for plotting
 ... latex found, will be used for plotting
 ... dvips found, will be used for plotting
 ... ps2epsi not found, limited plotting available
 ... uncertainties on default parameters multiplied by 1.01415
 ... Read resonance data from the 2025 directory
 ... Resonance parameters taken from /Users/koning/tares-1.8/source/Module//../../inputs/2025/Resonance/default/
 ---> Processing Z= 41 and A= 88 and isomer= 1 (level number: 1)
 Exfor path; Could not find /Users/koning/tares-1.8/source/Module//../../inputs/exfor/Nb088m/xs/102
Thermal file; Could not open file /Users/koning/tares-1.8/source/Module//../../inputs/2025/runThermal/results//thermal.mxw.ng.cendl3.1
Thermal file; Could not open file /Users/koning/tares-1.8/source/Module//../../inputs/2025/runThermal/results//thermal.mxw.ng.brond3.1
Thermal file; Could not open file /Users/koning/tares-1.8/source/Module//../../inputs/2025/runThermal/results//thermal.xs.ng.unc.cendl3.1
 ... spin taken from the final/ directory (1)

 ... ###############################################
 ... #  Nucleus global parameters (2025 database)  #
 ... ###############################################
 0. Half-life: 7.7 min. 
 ... Scattering radius from TALYS: /Users/koning/tares-1.8/source/Module//../../inputs/2025/lib.urr/talys.urr/
 1. Spin of the target isotope: 4
 2. Relative Atomic Mass of the target isotope: 87.9182
 3. Level of the isomer: 0.230000 MeV (level number 1)
 4. Scattering radius (local compilation): 5.91579 fm +/- 0.124232 fm
      .......................................
      ... Thermal capture cross sections: ...
 ... ratio of 0.547643 applied for isomeric cross section (isomer/ground)
 5. Thermal (n,g) cross section from systematics: 25.8981 +/- 18.1286 b.
 6. Thermal (n,g) cross section from compilation (Firestone-2022 average on element Nb): 1.16 +/- 0.03 b.
 7. Thermal (n,g) cross section from compilation (Firestone-2022 final on element Nb): 1.16 +/- 0.03 b.
      .......................................
      ...  Thermal total cross sections:  ...
      .......................................
      ... Thermal elastic cross sections: ...
 8. Thermal (n,el) cross section from potential (4piR^2): 7.43473 +/- 0.371736 b.
      .......................................
             ... Resonance integral: ...
 9. No capture integral found in /Users/koning/tares-1.8/source/Module//../../inputs/capture.integral
 ... no RI(n,g) found in local compilation, take 2018 value.
 ... no RI(n,g) found in local compilation, take Sukhoruchkin value.
   ---- MACS 30 keV ----- 
 10. TALYS MACS 30 keV (HF): 0.0037346 b. 
   ---------- S0 -------- 
 11. S0 from TALYS: 0.608714
   ---------- S1 -------- 
 12. S1 from TALYS: 4.92059
   ---------- S2 -------- 
 13. S2 from TALYS: 0.628838
   ---------- D0 -------- 
 14. D0 from TALYS: 1.50439 eV
   ---------- D1 -------- 
 15. D1 from TALYS: 0.787395 eV
   ---------- D2 -------- 
 16. D2 from TALYS: 0.566671 eV
   ---------- G0 -------- 
 17. Gg0 from TALYS: 0.444959 eV
   ---------- G1 -------- 
 18. Gg1 from TALYS: 0.457931 eV
   ---------- G2 -------- 
 19. Gg2 from TALYS: 0.470923 eV


   ---------------------- 
 ... Read resonance parameters (format: 2: Multi Level Breit Wigner)
 ... 0 resonances found 
 ... possibly no resonances in the Resonance directory for this isotope and options
 ... Use HFR (ladder) behavior 
 --> 21. Number of resonances from the input file: 2 up to 0.752196 eV
 22. Read nuclear quantities (mass, MAT...)
 23. Read thermal (n,g) xs 
 24. Read the scattering radius 
 25. Read uncertainty on Gg for 2 resonances
 26. Read uncertainty on Gg for 2 resonances ... done
 ... order resonances 
 ... Upper limit for the RRR: 0.752196 eV (no statistical resonances HFR) from the limit.RRR file
 ... Write parameters for l=0 waves
 ... End writing original MF2 
 ... No RRR in the database: uncertainties on default parameters multiplied by 1.99753
 ... Enter in urr function (ladder option set to y) for file n-Nb088m
 ... read the file /Users/koning/tares-1.8/source/Module//../../inputs/2025/list.jcs.urr to find URR origin
 Default URR taken from TALYS calculations with level density model: 91n3n12611.2850
 File considered for the URR: /Users/koning/tares-1.8/source/Module//../../inputs/2025/lib.urr/talys.urr/91n3n12611.2850/Nb/urr/urr.dat.Nb.088.001.1.gz
 ... Write URR using TALYS average parameters (used for HFR)
 ... Limit of URR changed to 25 keV (recommendation from WPEC and JEFF)
 ... Extract the Sn value from file ./urr.dat.Nb.88.1.1
 ... found Sn= 12.5255 MeV
 ... estimated number of resonances up to 90.0493 eV:  1 resonances
 ... This is a test here. The higher energy limit to include URR data for calendf is set to max Sn. 24/03/2016
 ... Use Sn to define the maximum energy for the URR: Sn= 12.5255 MeV --> last_energyURR= 90.0493 eV
 ... read D0, S0, Gn and Gg
 ... number of URR energies: 1536
 Number of l: 1536 and last energy: 12
 Last  URR energy: 90.0493 eV
 ... Enter in to_MLBW_mf2 function
 ... Convert to Multi Level Breit Wigner (MLBW)
 ... Write parameter covariances (MF32) for l=0
 ... Convert parameter covariances (MF32) to MLBW
 ... copy the mf2 and mf32 to .mlbw files
 ... Enter in urr_correct function case 1
 Modify the higher limit of RRR in MF2
 --> old value: 7.559570-1 eV new value: 1.000000-2 eV
 Modify resonance covariances (MF32) to include correlations in the URR
 End Modify resonance covariances (MF32) to include correlations in the URR
 ... Enter in calendf_xs function
 Use CALENDF for statistical resonances (update MF2) up to 9.004930+1 eV (initial limit)
 Extract resonances from CALENDF for RRR->URR 2
 195 statistical resonances found
 After reduction, 175 statistical resonances found
 ... checking resonance order 1
 ... checking resonance order 2nd round for 173 resonances
 ... end checking resonance order 2nd round
 .......................................................
 ... Adjustment to the thermal cross section : start ...
 .......................................................
 ... ratio of 0.547643 applied for isomeric cross section (isomer/ground)

 Before adjustment (adjustment to the thermal cross section set to y)
 ... Import MF2 from TARES calculations
 ... End energy of TARES MF2 : 8.968704E+1 eV and limit to 40000 resonances
 ... File used for reconstruction: new.temp22.reconst
 ... run RECENT ...
 ... Doppler broadened at a unique temperature: 300 Kelvin using sigma1
 ... run SIGMA1 at 3.000000E+02 K.

 ============== INTER values at 300 Kelvin ==============
 Thermal (n,g) xs =  1062.66 b. (meas/sys: 25.8981 b.) (warning: comparison to be done at 296 or 300 K)
 Th Maxw (n,g) xs =  1057.8 b. (thermal Maxwellian value)
 Westcott factor  =  0.99539
 RI      (n,g)    =  202.85 b. (meas or sys: - b.)
 MACS 3.000e+04 eV=  0.24169 b. (meas or sys: - b.) from 1.00E+00 to 2.00E+07 eV (end of RRR) at T= 300 Kelvin 
 Thermal (n,el) xs=  4.64506 b.
 RI      (n,el)   =  21.5497 b.
 ============= PSYCHE values ==============
 Ave. G_total L0  =  0.435761 eV
 Ave. G_total L1  =  0.427239 eV
 Ave. Gn_0    L0  =  0.00018061
 Ave. Gn_0    L1  =  0.00205117
 Ave. Gg      L0  =  0.434508 eV
 Ave. Gg      L1  =  0.427238 eV
 Ave. D       L0  =  1.49478 eV
 Ave. D       L1  =  0.974859 eV
 Ave. S       L0  =  6.16376e-05 eV
 Ave. S       L1  =  0.000357614 eV
 =========================================
 Calculated capture integral   202.85 b.
 Calculated thermal (n,g)=          1062.66152 b. and recommended= 25.8981 b. (C/E= 41.0325)
 Calculated RI      (n,g)= 202.85 b. (no reference value)
 ... tolerances: thermal (n,g) 20 % (reference uncertainties, minimum 2% and 5%, maximum 20%)
 Adjust the capture widths ...
 ... capture adjusted with Gn for 173 resonances (Gn<Gg) and with Gg for 0 resonances
 ... iteration 0: C/E thermal (n,g)= 41.0325
 Warning: 173 widths limited to a change of a factor 10 from their starting values

 <-------- After adjustment -------->
 ... Import MF2 from TARES calculations
 ... End energy of TARES MF2 : 8.968704E+1 eV and limit to 40000 resonances
 ... File used for reconstruction: new.temp22.reconst
 ... run RECENT ...
 ... Doppler broadened at a unique temperature: 300 Kelvin using sigma1
 ... run SIGMA1 at 3.000000E+02 K.

 ============== INTER values at 300 Kelvin ==============
 Thermal (n,g) xs =  106.268 b. (meas/sys: 25.8981 b.) (warning: comparison to be done at 296 or 300 K)
 Th Maxw (n,g) xs =  105.78 b. (thermal Maxwellian value)
 Westcott factor  =  0.9954
 RI      (n,g)    =  23.792 b. (meas or sys: - b.)
 MACS 3.000e+04 eV=  0.24152 b. (meas or sys: - b.) from 1.00E+00 to 2.00E+07 eV (end of RRR) at T= 300 Kelvin 
 Thermal (n,el) xs=  4.44275 b.
 RI      (n,el)   =  22.3088 b.
 ============= PSYCHE values ==============
 Ave. G_total L0  =  0.434634 eV
 Ave. G_total L1  =  0.427238 eV
 Ave. Gn_0    L0  =  1.8061e-05
 Ave. Gn_0    L1  =  0.000205117
 Ave. Gg      L0  =  0.434508 eV
 Ave. Gg      L1  =  0.427238 eV
 Ave. D       L0  =  1.49478 eV
 Ave. D       L1  =  0.974859 eV
 Ave. S       L0  =  6.16376e-06 eV
 Ave. S       L1  =  3.57614e-05 eV
 =========================================
 ... iteration 1: C/E thermal (n,g)= 4.10331
 Warning: 173 widths limited to a change of a factor 10 from their starting values

 <-------- After adjustment -------->
 ... Import MF2 from TARES calculations
 ... End energy of TARES MF2 : 8.968704E+1 eV and limit to 40000 resonances
 ... File used for reconstruction: new.temp22.reconst
 ... run RECENT ...
 ... Doppler broadened at a unique temperature: 300 Kelvin using sigma1
 ... run SIGMA1 at 3.000000E+02 K.

 ============== INTER values at 300 Kelvin ==============
 Thermal (n,g) xs =  106.268 b. (meas/sys: 25.8981 b.) (warning: comparison to be done at 296 or 300 K)
 Th Maxw (n,g) xs =  105.78 b. (thermal Maxwellian value)
 Westcott factor  =  0.9954
 RI      (n,g)    =  23.792 b. (meas or sys: - b.)
 MACS 3.000e+04 eV=  0.24152 b. (meas or sys: - b.) from 1.00E+00 to 2.00E+07 eV (end of RRR) at T= 300 Kelvin 
 Thermal (n,el) xs=  4.44275 b.
 RI      (n,el)   =  22.3088 b.
 ============= PSYCHE values ==============
 Ave. G_total L0  =  0.434634 eV
 Ave. G_total L1  =  0.427238 eV
 Ave. Gn_0    L0  =  1.8061e-05
 Ave. Gn_0    L1  =  0.000205117
 Ave. Gg      L0  =  0.434508 eV
 Ave. Gg      L1  =  0.427238 eV
 Ave. D       L0  =  1.49478 eV
 Ave. D       L1  =  0.974859 eV
 Ave. S       L0  =  6.16376e-06 eV
 Ave. S       L1  =  3.57614e-05 eV
 =========================================
 ... iteration 2: C/E thermal (n,g)= 4.10331
 Warning: no further change possible (widths at the limit of a factor 10): adjustment stopped


 ... ratio C/E thermal (n,g): 4.103307E+00
 ...................................................... 
 ... Adjustment to the thermal cross section : stop ...
 ...................................................... 
 ... new MF2 file after adjustment: n-Nb088m
 ... read the file /Users/koning/tares-1.8/source/Module//../../inputs/2025/list.jcs.urr to find URR origin
 Default URR taken from TALYS calculations with level density model: 91n3n12611.2850
 File considered for the URR: /Users/koning/tares-1.8/source/Module//../../inputs/2025/lib.urr/talys.urr/91n3n12611.2850/Nb/urr/urr.dat.Nb.088.001.1.gz
 ... Write URR using TALYS average parameters (not used for HFR)
 ... Limit of URR changed to 25 keV (recommendation from WPEC and JEFF)
 Energy limit of the URR set to 116.593 eV
 ... read D0, S0, Gn and Gg
 ... number of URR energies: 24
 Number of l: 24 and last energy: 12
 Last  URR energy: 116.593 eV
 ... Enter in urr_correct function case 2
 Modify the higher limit of RRR in MF2
 --> old value: 8.968704+1 eV new value: 8.968704+1 eV
 Modify resonance covariances (MF32) to include correlations in the URR
 End Modify resonance covariances (MF32) to include correlations in the URR
 ... Enter in update_MF32 function
 ... Change uncertainties
 ... for the HFR, random position of the positive resonances with 0.020000 %
 ... end of update MF32 function
 ... GLS calculation of the parameter correlations from the thermal/RI adjustment (MF32c)
 ... MF32: correlations from the thermal/RI adjustment (GLS) for 3 resonances (3 widths), 3 correlation lines
 ...   thermal (n,g): uncertainty from these widths 22.9588 b. -> 14.2279 b. (reference: 25.8981 +/- 18.1286 b.)
 ... copy the mf2 and mf32 to .mlbw files

 ... Start of final reconstruction and testing ...
 ... Reconstruction of cross sections at 0 Kelvin  ... Import MF2 from TARES calculations
 ... End energy of TARES MF2 : 8.968704E+1 eV and limit to 40000 resonances
 ... File used for reconstruction: n-Nb088m.reconst
 ... run RECENT ...
 ... Doppler broadened at a unique temperature: 0 Kelvin using sigma1
 ... The keyword temperature is zero, no Doppler broadening for the MACS

 ============== INTER values at 0 Kelvin ==============
 Thermal (n,g) xs =  106.231 b. (meas/sys: 25.8981 b.) (warning: comparison to be done at 296 or 300 K)
 Th Maxw (n,g) xs =  105.21 b. (thermal Maxwellian value)
 Westcott factor  =  0.99038
 RI      (n,g)    =  23.7428 b. (meas or sys: - b.)
 MACS 3.000e+04 eV=  0.24189 b. (meas or sys: - b.) from 1.00E+00 to 8.97E+01 eV (end of RRR) at T= 0 Kelvin 
 Thermal (n,el) xs=  4.41709 b.
 RI      (n,el)   =  22.2542 b.
 ============= PSYCHE values ==============
 Ave. G_total L0  =  0.434634 eV
 Ave. G_total L1  =  0.427238 eV
 Ave. Gn_0    L0  =  1.8061e-05
 Ave. Gn_0    L1  =  0.000205117
 Ave. Gg      L0  =  0.434508 eV
 Ave. Gg      L1  =  0.427238 eV
 Ave. D       L0  =  1.49478 eV
 Ave. D       L1  =  0.974859 eV
 Ave. S       L0  =  6.16376e-06 eV
 Ave. S       L1  =  3.57614e-05 eV
 =========================================
 ... End of final reconstruction and testing ...

 ... grouping is not optimum, change to 70 groups
 ... Produce MF33 based on MF32 and 6 random files
 ... run endsam for 6 in groups of 1 global run
 ... run endsam from 1 to 6
 ... reorder resonance position after endsam (sampling)
 ... preparing the vectors  ... done
 ... nominal file 0 Cap(th)  ave= 1.062E+02 b. +/- 0.00 % || Ela(th) ave= 4.417E+00 b. +/- 0.00 % || RIcap ave= 1.99E+01 b. +/- 0.00 % || Macs30 ave= 4.44E+00 b. +/- 0.00 % || Gn^0(l=0) ave= 1.806E-05 +/- 0.00 % Gn^0(l=1) ave= 2.051E-04 +/- 0.00 % Gn^0(l=2) ave= 0.000E+00 +/- 0.00 % Gn^0(l=3) ave= 0.000E+00 +/- 0.00 % || Gtotal(l=0) ave= 4.346E-01 +/- 0.00 % Gtotal(l=1) ave= 4.272E-01 +/- 0.00 % Gtotal(l=2) ave= 0.000E+00 +/- 0.00 % Gtotal(l=3) ave= 0.000E+00 +/- 0.00 %  % || Gg(l=0) ave= 4.345E-01 +/- 0.00 % Gg(l=1) ave= 4.272E-01 +/- 0.00 % Gg(l=2) ave= 0.000E+00 +/- 0.00 % Gg(l=3) ave= 0.000E+00 +/- 0.00 %  % || D(l=0) ave= 1.495E+00 +/- 0.00 % D(l=1) ave= 9.749E-01 +/- 0.00 % D(l=2) ave= 0.000E+00 +/- 0.00 % D(l=3) ave= 0.000E+00 +/- 0.00 %  % || S(l=0) ave= 6.164E-06 +/- 0.00 % S(l=1) ave= 3.576E-05 +/- 0.00 % S(l=2) ave= 0.000E+00 +/- 0.00 % S(l=3) ave= 0.000E+00 +/- 0.00 % 
 ... random file  1 Cap(th)  ave= 9.730E+01 b. +/- 9.18 % || Ela(th) ave= 3.995E+00 b. +/- 10.55 % || RIcap ave= 1.99E+01 b. +/- 0.18 % || Macs30 ave= 4.44E+00 b. +/- 0.04 % || Gn^0(l=0) ave= 1.821E-05 +/- 0.80 % Gn^0(l=1) ave= 2.295E-04 +/- 10.61 % Gn^0(l=2) ave= 0.000E+00 +/- 0.00 % Gn^0(l=3) ave= 0.000E+00 +/- 0.00 % || Gtotal(l=0) ave= 4.345E-01 +/- 0.02 % Gtotal(l=1) ave= 4.272E-01 +/- 0.00 % Gtotal(l=2) ave= 0.000E+00 +/- 0.00 % Gtotal(l=3) ave= 0.000E+00 +/- 0.00 %  % || Gg(l=0) ave= 4.378E-01 +/- 0.75 % Gg(l=1) ave= 4.425E-01 +/- 3.45 % Gg(l=2) ave= 0.000E+00 +/- 0.00 % Gg(l=3) ave= 0.000E+00 +/- 0.00 %  % || D(l=0) ave= 1.507E+00 +/- 0.84 % D(l=1) ave= 9.749E-01 +/- 0.00 % D(l=2) ave= 0.000E+00 +/- 0.00 % D(l=3) ave= 0.000E+00 +/- 0.00 %  % || S(l=0) ave= 6.163E-06 +/- 0.01 % S(l=1) ave= 4.000E-05 +/- 10.61 % S(l=2) ave= 0.000E+00 +/- 0.00 % S(l=3) ave= 0.000E+00 +/- 0.00 % 
 ... random file  2 Cap(th)  ave= 1.057E+02 b. +/- 13.21 % || Ela(th) ave= 3.855E+00 b. +/- 10.31 % || RIcap ave= 2.05E+01 b. +/- 4.24 % || Macs30 ave= 4.43E+00 b. +/- 0.35 % || Gn^0(l=0) ave= 1.823E-05 +/- 0.68 % Gn^0(l=1) ave= 2.374E-04 +/- 9.61 % Gn^0(l=2) ave= 0.000E+00 +/- 0.00 % Gn^0(l=3) ave= 0.000E+00 +/- 0.00 % || Gtotal(l=0) ave= 4.345E-01 +/- 0.02 % Gtotal(l=1) ave= 4.272E-01 +/- 0.00 % Gtotal(l=2) ave= 0.000E+00 +/- 0.00 % Gtotal(l=3) ave= 0.000E+00 +/- 0.00 %  % || Gg(l=0) ave= 4.435E-01 +/- 1.91 % Gg(l=1) ave= 4.274E-01 +/- 5.80 % Gg(l=2) ave= 0.000E+00 +/- 0.00 % Gg(l=3) ave= 0.000E+00 +/- 0.00 %  % || D(l=0) ave= 1.512E+00 +/- 0.79 % D(l=1) ave= 9.749E-01 +/- 0.00 % D(l=2) ave= 0.000E+00 +/- 0.00 % D(l=3) ave= 0.000E+00 +/- 0.00 %  % || S(l=0) ave= 6.156E-06 +/- 0.17 % S(l=1) ave= 4.138E-05 +/- 9.61 % S(l=2) ave= 0.000E+00 +/- 0.00 % S(l=3) ave= 0.000E+00 +/- 0.00 % 
 ... random file  3 Cap(th)  ave= 1.096E+02 b. +/- 12.59 % || Ela(th) ave= 3.791E+00 b. +/- 9.54 % || RIcap ave= 2.08E+01 b. +/- 4.36 % || Macs30 ave= 4.44E+00 b. +/- 0.47 % || Gn^0(l=0) ave= 1.826E-05 +/- 0.66 % Gn^0(l=1) ave= 2.409E-04 +/- 8.59 % Gn^0(l=2) ave= 0.000E+00 +/- 0.00 % Gn^0(l=3) ave= 0.000E+00 +/- 0.00 % || Gtotal(l=0) ave= 4.345E-01 +/- 0.02 % Gtotal(l=1) ave= 4.272E-01 +/- 0.00 % Gtotal(l=2) ave= 0.000E+00 +/- 0.00 % Gtotal(l=3) ave= 0.000E+00 +/- 0.00 %  % || Gg(l=0) ave= 4.465E-01 +/- 2.03 % Gg(l=1) ave= 4.284E-01 +/- 5.03 % Gg(l=2) ave= 0.000E+00 +/- 0.00 % Gg(l=3) ave= 0.000E+00 +/- 0.00 %  % || D(l=0) ave= 1.514E+00 +/- 0.72 % D(l=1) ave= 9.749E-01 +/- 0.00 % D(l=2) ave= 0.000E+00 +/- 0.00 % D(l=3) ave= 0.000E+00 +/- 0.00 %  % || S(l=0) ave= 6.158E-06 +/- 0.16 % S(l=1) ave= 4.200E-05 +/- 8.59 % S(l=2) ave= 0.000E+00 +/- 0.00 % S(l=3) ave= 0.000E+00 +/- 0.00 % 
 ... random file  4 Cap(th)  ave= 1.069E+02 b. +/- 12.53 % || Ela(th) ave= 3.777E+00 b. +/- 8.59 % || RIcap ave= 2.06E+01 b. +/- 4.24 % || Macs30 ave= 4.44E+00 b. +/- 0.43 % || Gn^0(l=0) ave= 1.823E-05 +/- 0.71 % Gn^0(l=1) ave= 2.415E-04 +/- 7.68 % Gn^0(l=2) ave= 0.000E+00 +/- 0.00 % Gn^0(l=3) ave= 0.000E+00 +/- 0.00 % || Gtotal(l=0) ave= 4.345E-01 +/- 0.02 % Gtotal(l=1) ave= 4.272E-01 +/- 0.00 % Gtotal(l=2) ave= 0.000E+00 +/- 0.00 % Gtotal(l=3) ave= 0.000E+00 +/- 0.00 %  % || Gg(l=0) ave= 4.449E-01 +/- 1.96 % Gg(l=1) ave= 4.316E-01 +/- 4.70 % Gg(l=2) ave= 0.000E+00 +/- 0.00 % Gg(l=3) ave= 0.000E+00 +/- 0.00 %  % || D(l=0) ave= 1.510E+00 +/- 0.82 % D(l=1) ave= 9.749E-01 +/- 0.00 % D(l=2) ave= 0.000E+00 +/- 0.00 % D(l=3) ave= 0.000E+00 +/- 0.00 %  % || S(l=0) ave= 6.160E-06 +/- 0.17 % S(l=1) ave= 4.210E-05 +/- 7.68 % S(l=2) ave= 0.000E+00 +/- 0.00 % S(l=3) ave= 0.000E+00 +/- 0.00 % 
 ... random file  5 Cap(th)  ave= 1.091E+02 b. +/- 12.03 % || Ela(th) ave= 4.020E+00 b. +/- 15.40 % || RIcap ave= 2.07E+01 b. +/- 3.88 % || Macs30 ave= 4.45E+00 b. +/- 0.40 % || Gn^0(l=0) ave= 1.824E-05 +/- 0.67 % Gn^0(l=1) ave= 2.300E-04 +/- 13.33 % Gn^0(l=2) ave= 0.000E+00 +/- 0.00 % Gn^0(l=3) ave= 0.000E+00 +/- 0.00 % || Gtotal(l=0) ave= 4.345E-01 +/- 0.02 % Gtotal(l=1) ave= 4.272E-01 +/- 0.00 % Gtotal(l=2) ave= 0.000E+00 +/- 0.00 % Gtotal(l=3) ave= 0.000E+00 +/- 0.00 %  % || Gg(l=0) ave= 4.434E-01 +/- 1.95 % Gg(l=1) ave= 4.269E-01 +/- 5.00 % Gg(l=2) ave= 0.000E+00 +/- 0.00 % Gg(l=3) ave= 0.000E+00 +/- 0.00 %  % || D(l=0) ave= 1.512E+00 +/- 0.79 % D(l=1) ave= 9.749E-01 +/- 0.00 % D(l=2) ave= 0.000E+00 +/- 0.00 % D(l=3) ave= 0.000E+00 +/- 0.00 %  % || S(l=0) ave= 6.159E-06 +/- 0.16 % S(l=1) ave= 4.011E-05 +/- 13.33 % S(l=2) ave= 0.000E+00 +/- 0.00 % S(l=3) ave= 0.000E+00 +/- 0.00 % 
 ... random file  6 Cap(th)  ave= 1.074E+02 b. +/- 11.96 % || Ela(th) ave= 4.081E+00 b. +/- 14.51 % || RIcap ave= 2.05E+01 b. +/- 4.24 % || Macs30 ave= 4.45E+00 b. +/- 0.38 % || Gn^0(l=0) ave= 1.826E-05 +/- 0.66 % Gn^0(l=1) ave= 2.263E-04 +/- 13.19 % Gn^0(l=2) ave= 0.000E+00 +/- 0.00 % Gn^0(l=3) ave= 0.000E+00 +/- 0.00 % || Gtotal(l=0) ave= 4.345E-01 +/- 0.02 % Gtotal(l=1) ave= 4.272E-01 +/- 0.00 % Gtotal(l=2) ave= 0.000E+00 +/- 0.00 % Gtotal(l=3) ave= 0.000E+00 +/- 0.00 %  % || Gg(l=0) ave= 4.394E-01 +/- 2.89 % Gg(l=1) ave= 4.242E-01 +/- 4.92 % Gg(l=2) ave= 0.000E+00 +/- 0.00 % Gg(l=3) ave= 0.000E+00 +/- 0.00 %  % || D(l=0) ave= 1.513E+00 +/- 0.76 % D(l=1) ave= 9.749E-01 +/- 0.00 % D(l=2) ave= 0.000E+00 +/- 0.00 % D(l=3) ave= 0.000E+00 +/- 0.00 %  % || S(l=0) ave= 6.160E-06 +/- 0.15 % S(l=1) ave= 3.945E-05 +/- 13.19 % S(l=2) ave= 0.000E+00 +/- 0.00 % S(l=3) ave= 0.000E+00 +/- 0.00 % 
 ... Histogram plot for thermal (n,g)
 ... Write covariances  ... MT1  ... plot correlations
 ... MT2  ... MT102 


 ================================================
 ============== From 6 random values === start ======
 Thermal (n,tot) xs  0 K =  111.446 b. +/- 12.9575 b. ( 11.6267 %) skew= -0.12 +/- 0.79
 Thermal (n,el) xs   0 K =  4.08129 b. +/- 0.592329 b. ( 14.5133 %) skew= +0.83 +/- 0.79
 Thermal (n,g) xs    0 K =  107.364 b. +/- 12.8408 b. ( 11.96 %) skew= -0.08 +/- 0.79
 RI      (n,g)       0 K =  20.4701 b. +/- 0.867634 b. ( 4.23855 %) 
 MACS    (n,g)       0 K (at Emacs= 30000 eV) =  4.44667 b. +/- 0.0168013 b. ( 0.37784 %) 
 Ave. Gtotal  L=0        =  4.345E-01 +/- 0.02 %
 Ave. Gn^(0)  L=0        =  1.826E-05 +/- 0.66 %
 Ave. Gg      L=0        =  4.394E-01 +/- 2.89 %
 Ave. D       L=0        =  1.513E+00 +/- 0.76 %
 Ave. S       L=0        =  6.160E-06 +/- 0.15 %
 Ave. Gtotal  L=1        =  4.272E-01 +/- 0.00 %
 Ave. Gg      L=1        =  4.242E-01 +/- 4.92 %
 Ave. D       L=1        =  9.749E-01 +/- 0.00 %
 Ave. S       L=1        =  3.945E-05 +/- 13.19 %

 Expected Thermal (n,g) (syst or meas)= 25.8981 b. +/- 18.1286 b. nominal: 106.231 b.
 ratio Calculated/expected thermal (n,g): 4.15 ratio DCalculated/Dexpected: 0.71 ratio Calculated/Nominal: 1.01
 ============== From 6 random values ===== stop ======
 ================================================
 ... Calculation of (n,a) and (n,p) cross sections at 300 K
 ... thermal (n,a) cross section is 0.00246778 +/- 0.00123389 b.
 ... thermal (n,a) cross section is 0.00453752 b. (random case 1)
 ... thermal (n,a) cross section is 0.00660753 b. (random case 2)
 ... thermal (n,a) cross section is 0.00867752 b. (random case 3)
 ... thermal (n,a) cross section is 0.0107475 b. (random case 4)
 ... thermal (n,a) cross section is 0.0128175 b. (random case 5)
 ... thermal (n,a) cross section is 0.0148875 b. (random case 6)
 ... thermal (n,p) cross section is 0.00246778 +/- 0.00123389 b.
 ... thermal (n,p) cross section is 0.00453752 b. (random case 1)
 ... thermal (n,p) cross section is 0.00660753 b. (random case 2)
 ... thermal (n,p) cross section is 0.00867752 b. (random case 3)
 ... thermal (n,p) cross section is 0.0107475 b. (random case 4)
 ... thermal (n,p) cross section is 0.0128175 b. (random case 5)
 ... thermal (n,p) cross section is 0.0148875 b. (random case 6)
 ... Rewrite index for MF2
 ... Write text for MF1 in file mf1.tares.txt
 ... plotting cross sections for the MF1
 ... order output files


================== summary ==================
 Thermal (n,tot) xs = 110.678 b. 
 Thermal (n,el)  xs = 4.41709 b. 
 Thermal (n,g)   xs = 106.231 b. (meas/sys: 25.8981 b.)
 Thermal (n,a)   xs = 0.0148875 b. 
 Thermal (n,p)   xs = 0.0148875 b. 
 At 300 K (thermal adjustment): (n,el) = 4.44275 b., (n,g) = 106.268 b.

 RI      (n,g)      = 23.7428 b. (meas or sys: - b.)
 RI      (n,el)     = 22.2542 b.
=============================================


 ... cleaning
                                                 
  -------------------------------------------------------------
  -                                                           -
  - TARES: successful end of run with data from hypothetical  -
  - resonances for  Z= 41,  A= 88 and isomer= 1               -
  - half-life: 7.700000 min. 
  -                                                           -
  -------------------------------------------------------------

   Running time:       22 seconds

 End time: Wed Oct  7 10:43:58 2026

