
  -------------------------------------------------------------
  -                                                           -
  -              Welcome to TARES version 1.8                 -
  -                                                           -
  -  (C) Copyright 2007-2025 D. Rochman, All Rights Reserved  -
  -           NRG, Petten, the Netherlands 2007-2014          -
  -           PSI, Villigen    Switzerland 2015-2025          -
  -         Nagra, Wettingen   Switzerland 2025-              -
  -           (Last Modified October 06, 2026)                -
  -           (Database from October 06, 2026)                -
  -                                                           -
  -------------------------------------------------------------


  ---------------------------------------------
   Compilation information:
   Compiled on:         Oct  7 2026, 09:32:19
   Compiled by:         koning
   Compiler version:    clang++ - 21.0.0
   Source location:     /Users/koning/tares-1.8/source/Module/
   Binaries location:   /Users/koning/bin
   System:              Darwin 25.6.0
   System version:      Darwin Kernel Version 25.6.0: Fri Jul 31 19:19:08 PDT 2026; root:xnu-12377.161.14~5/RELEASE_ARM64_T6050  
   Machine:             arm64 
  ---------------------------------------------

   User information:
   User name:           koning
   Running directory:   /Users/koning/tendl/resbase/Tb147m/work
   Owner mode for running directory : rwx
   Group mode for running directory : r-x
  ---------------------------------------------


 Starting time: Wed Oct  7 11:41:21 2026
 ... inputs directory found (/Users/koning/tares-1.8/source/Module//../../inputs/).
 ... It will be used for resonance parameters 
 ... ###############################################
 ... #     read the input file tares.inp
 ... ###############################################
 ... line: #
 ... line: # Input file generated by Autorochman
          --> line not read
 ... line: #
 ... line: isotope    Tb
          --> Isotope name: Tb
 ... line: mass       147
          --> isotopic mass: 147
 ... line: output     n-Tb147m
         ---> Name of the output files: n-Tb147m
 ... line: isomer     1
          --> isomeric state: 1
 ... line: mf32mf33   y
          --> MF33 based on MF32: y
 ... line: nbrRandom  6
          --> Nbr of random files: 6
 ... ###############################################
 ... # end read the input file tares.inp
 ... ###############################################
Value for random generator type not considered in since Tares 1.7 due to compilation issues

 ... ###############################################
     #   Interpretation of the Input definition    #
     ###############################################

 ... Default energy limit: End of resonance region
 ... Nuclear charge    = 65
 ... Element           = Tb
 ... Mass              = 147
 ... Isomer            = 1
 ... Correlation for (Gn,Gg) not included in random files
 ... Default random option: No random
 ... Output name: n-Tb147m
 ... Energy for the MACS: 30000 eV
 ... Resonances from CALENDF reduced (reduce=y) 
 ... For URR, level density model from TALYS selected: 91n3n12611.2850 (see manual for description)
 ... Random Generator: default (pseudo random numbers from ansi c++)
 ... Reconstruction of cross section selected
 ... Doppler broadening at 0 Kelvin
 ... URR not included (from the input file flag)
 ... Weight for grouping is flat
 ... Calculation of (n,alpha) cross section selected
 ... Number of digit for MF32c covariance representation: 2
 ... MF32 included
 ... MF33 will be used for covariance processing
 ... TENDL option set to yes (automatic choice of MF2 and format)
 ... Isotope not found in the best file --> use of MLBW formalism
 ... default option: Multi level Breit Wigner approximation selected
 ... (check file best.tendl.yes for changing this option)
 ... Retroactive option set to no with the 2025 option

 ... ###############################################
     #           End of Input definition           #
     ###############################################

 ... gnuplot found, will be used for plotting
 ... latex found, will be used for plotting
 ... dvips found, will be used for plotting
 ... ps2epsi not found, limited plotting available
 ... uncertainties on default parameters multiplied by 1.05409
 ... Read resonance data from the 2025 directory
 ... Resonance parameters taken from /Users/koning/tares-1.8/source/Module//../../inputs/2025/Resonance/default/
 ---> Processing Z= 65 and A= 147 and isomer= 1 (level number: 1)
 Exfor path; Could not find /Users/koning/tares-1.8/source/Module//../../inputs/exfor/Tb147m/xs/102
Thermal file; Could not open file /Users/koning/tares-1.8/source/Module//../../inputs/2025/runThermal/results//thermal.mxw.ng.cendl3.1
Thermal file; Could not open file /Users/koning/tares-1.8/source/Module//../../inputs/2025/runThermal/results//thermal.mxw.ng.brond3.1
Thermal file; Could not open file /Users/koning/tares-1.8/source/Module//../../inputs/2025/runThermal/results//thermal.xs.ng.unc.cendl3.1
 ... spin taken from the final/ directory (1)

 ... ###############################################
 ... #  Nucleus global parameters (2025 database)  #
 ... ###############################################
 0. Half-life: 1.83 min. 
 ... Scattering radius from TALYS: /Users/koning/tares-1.8/source/Module//../../inputs/2025/lib.urr/talys.urr/
 1. Spin of the target isotope: 5.5
 2. Relative Atomic Mass of the target isotope: 146.924
 3. Level of the isomer: 0.050600 MeV (level number 1)
 4. Scattering radius (local compilation): 7.00726 fm +/- 0.147152 fm
      .......................................
      ... Thermal capture cross sections: ...
 ... ratio of 1.61136 applied for isomeric cross section (isomer/ground)
 5. Thermal (n,g) cross section from systematics: 119.869 +/- 83.9083 b.
 6. Thermal (n,g) cross section from compilation (Firestone-2022 average on element Tb): 45 +/- 4 b.
 7. Thermal (n,g) cross section from compilation (Firestone-2022 final on element Tb): 23.51 +/- 0.12 b.
      .......................................
      ...  Thermal total cross sections:  ...
      .......................................
      ... Thermal elastic cross sections: ...
 8. Thermal (n,el) cross section from potential (4piR^2): 8.80644 +/- 0.440322 b.
      .......................................
             ... Resonance integral: ...
 9. No capture integral found in /Users/koning/tares-1.8/source/Module//../../inputs/capture.integral
 ... no RI(n,g) found in local compilation, take 2018 value.
 ... no RI(n,g) found in local compilation, take Sukhoruchkin value.
   ---- MACS 30 keV ----- 
 10. TALYS MACS 30 keV (HF): 4.05696 b. 
   ---------- S0 -------- 
 11. S0 from TALYS: 8.93253
   ---------- S1 -------- 
 12. S1 from TALYS: 0.517261
   ---------- S2 -------- 
 13. S2 from TALYS: 3.32108
   ---------- D0 -------- 
 14. D0 from TALYS: 0.34022 eV
   ---------- D1 -------- 
 15. D1 from TALYS: 0.174927 eV
   ---------- D2 -------- 
 16. D2 from TALYS: 0.122194 eV
   ---------- G0 -------- 
 17. Gg0 from TALYS: 0.091889 eV
   ---------- G1 -------- 
 18. Gg1 from TALYS: 0.0954094 eV
   ---------- G2 -------- 
 19. Gg2 from TALYS: 0.0983357 eV


   ---------------------- 
 ... Read resonance parameters (format: 2: Multi Level Breit Wigner)
 ... 0 resonances found 
 ... possibly no resonances in the Resonance directory for this isotope and options
 ... Use HFR (ladder) behavior 
 --> 21. Number of resonances from the input file: 2 up to 0.17011 eV
 22. Read nuclear quantities (mass, MAT...)
 23. Read thermal (n,g) xs 
 24. Read the scattering radius 
 25. Read uncertainty on Gg for 2 resonances
 26. Read uncertainty on Gg for 2 resonances ... done
 ... order resonances 
 ... Upper limit for the RRR: 0.17011 eV (no statistical resonances HFR) from the limit.RRR file
 ... Write parameters for l=0 waves
 ... End writing original MF2 
 ... No RRR in the database: uncertainties on default parameters multiplied by 1.99753
 ... Enter in urr function (ladder option set to y) for file n-Tb147m
 ... read the file /Users/koning/tares-1.8/source/Module//../../inputs/2025/list.jcs.urr to find URR origin
 Default URR taken from TALYS calculations with level density model: 91n3n12611.2850
 File considered for the URR: /Users/koning/tares-1.8/source/Module//../../inputs/2025/lib.urr/talys.urr/91n3n12611.2850/Tb/urr/urr.dat.Tb.147.001.1.gz
 ... Write URR using TALYS average parameters (used for HFR)
 ... Limit of URR changed to 25 keV (recommendation from WPEC and JEFF)
 ... ---> Emax(RRR) taken from the file limit.ladder: 200 eV <---
 ... (File limit.ladder: /Users/koning/tares-1.8/source/Module//../../inputs/2025/limit.ladder.91n3n12611.2850)
 ... read D0, S0, Gn and Gg
 ... number of URR energies: 1656
 Number of l: 1656 and last energy: 12
 Last  URR energy: 200 eV
 ... Enter in to_MLBW_mf2 function
 ... Convert to Multi Level Breit Wigner (MLBW)
 ... Write parameter covariances (MF32) for l=0
 ... Convert parameter covariances (MF32) to MLBW
 ... copy the mf2 and mf32 to .mlbw files
 ... Enter in urr_correct function case 1
 Modify the higher limit of RRR in MF2
 --> old value: 1.709610-1 eV new value: 1.000000-2 eV
 Modify resonance covariances (MF32) to include correlations in the URR
 End Modify resonance covariances (MF32) to include correlations in the URR
 ... Enter in calendf_xs function
 Use CALENDF for statistical resonances (update MF2) up to 2.000000+2 eV (initial limit)
 Extract resonances from CALENDF for RRR->URR 2
 2025 statistical resonances found
 After reduction, 1773 statistical resonances found
 ... checking resonance order 1
 ... checking resonance order 2nd round for 1771 resonances
 ... end checking resonance order 2nd round
 Too many resonances (1771): reduced to 100.
 .......................................................
 ... Adjustment to the thermal cross section : start ...
 .......................................................
 ... ratio of 1.61136 applied for isomeric cross section (isomer/ground)

 Before adjustment (adjustment to the thermal cross section set to y)
 ... Import MF2 from TARES calculations
 ... End energy of TARES MF2 : 2.074311E+1 eV and limit to 40000 resonances
 ... File used for reconstruction: new.temp22.reconst
 ... run RECENT ...
 ... Doppler broadened at a unique temperature: 300 Kelvin using sigma1
 ... run SIGMA1 at 3.000000E+02 K.

 ============== INTER values at 300 Kelvin ==============
 Thermal (n,g) xs =  3005.83 b. (meas/sys: 119.869 b.) (warning: comparison to be done at 296 or 300 K)
 Th Maxw (n,g) xs =  3126.7 b. (thermal Maxwellian value)
 Westcott factor  =  1.0402
 RI      (n,g)    =  8203.35 b. (meas or sys: - b.)
 MACS 3.000e+04 eV=  6.786 b. (meas or sys: - b.) from 1.00E+00 to 2.00E+07 eV (end of RRR) at T= 300 Kelvin 
 Thermal (n,el) xs=  22.5824 b.
 RI      (n,el)   =  267.248 b.
 ============= PSYCHE values ==============
 Ave. G_total L0  =  0.0914661 eV
 Ave. G_total L1  =  0.0904701 eV
 Ave. Gn_0    L0  =  0.000549567
 Ave. Gn_0    L1  =  0.000104503
 Ave. Gg      L0  =  0.0899361 eV
 Ave. Gg      L1  =  0.0904701 eV
 Ave. D       L0  =  0.340051 eV
 Ave. D       L1  =  0.740825 eV
 Ave. S       L0  =  0.000816681 eV
 Ave. S       L1  =  2.40361e-05 eV
 =========================================
 Calculated capture integral   8203.35 b.
 Calculated thermal (n,g)=          3005.82955 b. and recommended= 119.869 b. (C/E= 25.0759)
 Calculated RI      (n,g)= 8203.35 b. (no reference value)
 ... tolerances: thermal (n,g) 20 % (reference uncertainties, minimum 2% and 5%, maximum 20%)
 Adjust the capture widths ...
 ... capture adjusted with Gn for 100 resonances (Gn<Gg) and with Gg for 0 resonances
 ... iteration 0: C/E thermal (n,g)= 25.0759
 Warning: 100 widths limited to a change of a factor 10 from their starting values

 <-------- After adjustment -------->
 ... Import MF2 from TARES calculations
 ... End energy of TARES MF2 : 2.074311E+1 eV and limit to 40000 resonances
 ... File used for reconstruction: new.temp22.reconst
 ... run RECENT ...
 ... Doppler broadened at a unique temperature: 300 Kelvin using sigma1
 ... run SIGMA1 at 3.000000E+02 K.

 ============== INTER values at 300 Kelvin ==============
 Thermal (n,g) xs =  300.593 b. (meas/sys: 119.869 b.) (warning: comparison to be done at 296 or 300 K)
 Th Maxw (n,g) xs =  312.68 b. (thermal Maxwellian value)
 Westcott factor  =  1.04021
 RI      (n,g)    =  1997.19 b. (meas or sys: - b.)
 MACS 3.000e+04 eV=  6.7858 b. (meas or sys: - b.) from 1.00E+00 to 2.00E+07 eV (end of RRR) at T= 300 Kelvin 
 Thermal (n,el) xs=  7.11654 b.
 RI      (n,el)   =  24.4275 b.
 ============= PSYCHE values ==============
 Ave. G_total L0  =  0.0900891 eV
 Ave. G_total L1  =  0.0904701 eV
 Ave. Gn_0    L0  =  5.49567e-05
 Ave. Gn_0    L1  =  1.04503e-05
 Ave. Gg      L0  =  0.0899361 eV
 Ave. Gg      L1  =  0.0904701 eV
 Ave. D       L0  =  0.340051 eV
 Ave. D       L1  =  0.740825 eV
 Ave. S       L0  =  8.16681e-05 eV
 Ave. S       L1  =  2.40361e-06 eV
 =========================================
 ... iteration 1: C/E thermal (n,g)= 2.50768
 Warning: 100 widths limited to a change of a factor 10 from their starting values

 <-------- After adjustment -------->
 ... Import MF2 from TARES calculations
 ... End energy of TARES MF2 : 2.074311E+1 eV and limit to 40000 resonances
 ... File used for reconstruction: new.temp22.reconst
 ... run RECENT ...
 ... Doppler broadened at a unique temperature: 300 Kelvin using sigma1
 ... run SIGMA1 at 3.000000E+02 K.

 ============== INTER values at 300 Kelvin ==============
 Thermal (n,g) xs =  300.593 b. (meas/sys: 119.869 b.) (warning: comparison to be done at 296 or 300 K)
 Th Maxw (n,g) xs =  312.68 b. (thermal Maxwellian value)
 Westcott factor  =  1.04021
 RI      (n,g)    =  1997.19 b. (meas or sys: - b.)
 MACS 3.000e+04 eV=  6.7858 b. (meas or sys: - b.) from 1.00E+00 to 2.00E+07 eV (end of RRR) at T= 300 Kelvin 
 Thermal (n,el) xs=  7.11654 b.
 RI      (n,el)   =  24.4275 b.
 ============= PSYCHE values ==============
 Ave. G_total L0  =  0.0900891 eV
 Ave. G_total L1  =  0.0904701 eV
 Ave. Gn_0    L0  =  5.49567e-05
 Ave. Gn_0    L1  =  1.04503e-05
 Ave. Gg      L0  =  0.0899361 eV
 Ave. Gg      L1  =  0.0904701 eV
 Ave. D       L0  =  0.340051 eV
 Ave. D       L1  =  0.740825 eV
 Ave. S       L0  =  8.16681e-05 eV
 Ave. S       L1  =  2.40361e-06 eV
 =========================================
 ... iteration 2: C/E thermal (n,g)= 2.50768
 Warning: no further change possible (widths at the limit of a factor 10): adjustment stopped


 ... ratio C/E thermal (n,g): 2.507681E+00
 ...................................................... 
 ... Adjustment to the thermal cross section : stop ...
 ...................................................... 
 ... new MF2 file after adjustment: n-Tb147m
 ... read the file /Users/koning/tares-1.8/source/Module//../../inputs/2025/list.jcs.urr to find URR origin
 Default URR taken from TALYS calculations with level density model: 91n3n12611.2850
 File considered for the URR: /Users/koning/tares-1.8/source/Module//../../inputs/2025/lib.urr/talys.urr/91n3n12611.2850/Tb/urr/urr.dat.Tb.147.001.1.gz
 ... Write URR using TALYS average parameters (not used for HFR)
 ... Limit of URR changed to 25 keV (recommendation from WPEC and JEFF)
 ... read D0, S0, Gn and Gg
 ... number of URR energies: 1620
 Number of l: 1620 and last energy: 12
 Last  URR energy: 50094 eV
 Energies in the URR : 1620 -> reduced by a factor 2
 Energies in the URR : 816 -> reduced by a factor 2
 Energies in the URR : 444 -> reduced by a factor 2
 ... Enter in urr_correct function case 2
 Modify the higher limit of RRR in MF2
 --> old value: 2.074311+1 eV new value: 2.074311+1 eV
 Modify resonance covariances (MF32) to include correlations in the URR
 End Modify resonance covariances (MF32) to include correlations in the URR
 ... Enter in update_MF32 function
 ... Change uncertainties
 ... for the HFR, random position of the positive resonances with 0.020000 %
 ... end of update MF32 function
 ... GLS calculation of the parameter correlations from the thermal/RI adjustment (MF32c)
 ... MF32: correlations from the thermal/RI adjustment (GLS) for 11 resonances (19 widths), 11 correlation lines
 ...   thermal (n,g): uncertainty from these widths 75.1134 b. -> 55.9652 b. (reference: 119.869 +/- 83.9083 b.)
 ... copy the mf2 and mf32 to .mlbw files

 ... Start of final reconstruction and testing ...
 ... Reconstruction of cross sections at 0 Kelvin  ... Import MF2 from TARES calculations
 ... End energy of TARES MF2 : 2.074311E+1 eV and limit to 40000 resonances
 ... File used for reconstruction: n-Tb147m.reconst
 ... run RECENT ...
 ... Doppler broadened at a unique temperature: 0 Kelvin using sigma1
 ... The keyword temperature is zero, no Doppler broadening for the MACS

 ============== INTER values at 0 Kelvin ==============
 Thermal (n,g) xs =  300.394 b. (meas/sys: 119.869 b.) (warning: comparison to be done at 296 or 300 K)
 Th Maxw (n,g) xs =  310.77 b. (thermal Maxwellian value)
 Westcott factor  =  1.03453
 RI      (n,g)    =  1989.69 b. (meas or sys: - b.)
 MACS 3.000e+04 eV=  6.7467 b. (meas or sys: - b.) from 1.00E+00 to 2.07E+01 eV (end of RRR) at T= 0 Kelvin 
 Thermal (n,el) xs=  7.09343 b.
 RI      (n,el)   =  24.4082 b.
 ============= PSYCHE values ==============
 Ave. G_total L0  =  0.0900891 eV
 Ave. G_total L1  =  0.0904701 eV
 Ave. Gn_0    L0  =  5.49567e-05
 Ave. Gn_0    L1  =  1.04503e-05
 Ave. Gg      L0  =  0.0899361 eV
 Ave. Gg      L1  =  0.0904701 eV
 Ave. D       L0  =  0.340051 eV
 Ave. D       L1  =  0.740825 eV
 Ave. S       L0  =  8.16681e-05 eV
 Ave. S       L1  =  2.40361e-06 eV
 =========================================
 ... End of final reconstruction and testing ...

 ... grouping is not optimum, change to 70 groups
 ... Produce MF33 based on MF32 and 6 random files
 ... run endsam for 6 in groups of 1 global run
 ... run endsam from 1 to 6
 ... reorder resonance position after endsam (sampling)
 ... preparing the vectors  ... done
 ... nominal file 0 Cap(th)  ave= 3.004E+02 b. +/- 0.00 % || Ela(th) ave= 7.093E+00 b. +/- 0.00 % || RIcap ave= 7.14E+02 b. +/- 0.00 % || Macs30 ave= 9.88E+01 b. +/- 0.00 % || Gn^0(l=0) ave= 5.496E-05 +/- 0.00 % Gn^0(l=1) ave= 1.045E-05 +/- 0.00 % Gn^0(l=2) ave= 0.000E+00 +/- 0.00 % Gn^0(l=3) ave= 0.000E+00 +/- 0.00 % || Gtotal(l=0) ave= 9.009E-02 +/- 0.00 % Gtotal(l=1) ave= 9.047E-02 +/- 0.00 % Gtotal(l=2) ave= 0.000E+00 +/- 0.00 % Gtotal(l=3) ave= 0.000E+00 +/- 0.00 %  % || Gg(l=0) ave= 8.994E-02 +/- 0.00 % Gg(l=1) ave= 9.047E-02 +/- 0.00 % Gg(l=2) ave= 0.000E+00 +/- 0.00 % Gg(l=3) ave= 0.000E+00 +/- 0.00 %  % || D(l=0) ave= 3.401E-01 +/- 0.00 % D(l=1) ave= 7.408E-01 +/- 0.00 % D(l=2) ave= 0.000E+00 +/- 0.00 % D(l=3) ave= 0.000E+00 +/- 0.00 %  % || S(l=0) ave= 8.167E-05 +/- 0.00 % S(l=1) ave= 2.404E-06 +/- 0.00 % S(l=2) ave= 0.000E+00 +/- 0.00 % S(l=3) ave= 0.000E+00 +/- 0.00 % 
 ... random file  1 Cap(th)  ave= 3.155E+02 b. +/- 4.78 % || Ela(th) ave= 7.309E+00 b. +/- 2.94 % || RIcap ave= 7.14E+02 b. +/- 0.09 % || Macs30 ave= 9.80E+01 b. +/- 0.84 % || Gn^0(l=0) ave= 5.496E-05 +/- 0.00 % Gn^0(l=1) ave= 1.013E-05 +/- 3.13 % Gn^0(l=2) ave= 0.000E+00 +/- 0.00 % Gn^0(l=3) ave= 0.000E+00 +/- 0.00 % || Gtotal(l=0) ave= 9.009E-02 +/- 0.00 % Gtotal(l=1) ave= 9.047E-02 +/- 0.00 % Gtotal(l=2) ave= 0.000E+00 +/- 0.00 % Gtotal(l=3) ave= 0.000E+00 +/- 0.00 %  % || Gg(l=0) ave= 9.678E-02 +/- 7.07 % Gg(l=1) ave= 9.960E-02 +/- 9.17 % Gg(l=2) ave= 0.000E+00 +/- 0.00 % Gg(l=3) ave= 0.000E+00 +/- 0.00 %  % || D(l=0) ave= 3.401E-01 +/- 0.00 % D(l=1) ave= 7.408E-01 +/- 0.00 % D(l=2) ave= 0.000E+00 +/- 0.00 % D(l=3) ave= 0.000E+00 +/- 0.00 %  % || S(l=0) ave= 8.166E-05 +/- 0.01 % S(l=1) ave= 2.331E-06 +/- 3.13 % S(l=2) ave= 0.000E+00 +/- 0.00 % S(l=3) ave= 0.000E+00 +/- 0.00 % 
 ... random file  2 Cap(th)  ave= 2.815E+02 b. +/- 17.65 % || Ela(th) ave= 7.073E+00 b. +/- 5.33 % || RIcap ave= 7.13E+02 b. +/- 0.11 % || Macs30 ave= 9.79E+01 b. +/- 0.72 % || Gn^0(l=0) ave= 5.498E-05 +/- 0.07 % Gn^0(l=1) ave= 1.053E-05 +/- 5.84 % Gn^0(l=2) ave= 0.000E+00 +/- 0.00 % Gn^0(l=3) ave= 0.000E+00 +/- 0.00 % || Gtotal(l=0) ave= 9.009E-02 +/- 0.00 % Gtotal(l=1) ave= 9.047E-02 +/- 0.00 % Gtotal(l=2) ave= 0.000E+00 +/- 0.00 % Gtotal(l=3) ave= 0.000E+00 +/- 0.00 %  % || Gg(l=0) ave= 9.473E-02 +/- 6.65 % Gg(l=1) ave= 9.412E-02 +/- 11.42 % Gg(l=2) ave= 0.000E+00 +/- 0.00 % Gg(l=3) ave= 0.000E+00 +/- 0.00 %  % || D(l=0) ave= 3.401E-01 +/- 0.00 % D(l=1) ave= 7.408E-01 +/- 0.00 % D(l=2) ave= 0.000E+00 +/- 0.00 % D(l=3) ave= 0.000E+00 +/- 0.00 %  % || S(l=0) ave= 8.170E-05 +/- 0.07 % S(l=1) ave= 2.421E-06 +/- 5.85 % S(l=2) ave= 0.000E+00 +/- 0.00 % S(l=3) ave= 0.000E+00 +/- 0.00 % 
 ... random file  3 Cap(th)  ave= 2.769E+02 b. +/- 15.79 % || Ela(th) ave= 7.160E+00 b. +/- 5.02 % || RIcap ave= 7.14E+02 b. +/- 0.20 % || Macs30 ave= 9.75E+01 b. +/- 0.84 % || Gn^0(l=0) ave= 5.499E-05 +/- 0.06 % Gn^0(l=1) ave= 1.039E-05 +/- 5.61 % Gn^0(l=2) ave= 0.000E+00 +/- 0.00 % Gn^0(l=3) ave= 0.000E+00 +/- 0.00 % || Gtotal(l=0) ave= 9.009E-02 +/- 0.00 % Gtotal(l=1) ave= 9.047E-02 +/- 0.00 % Gtotal(l=2) ave= 0.000E+00 +/- 0.00 % Gtotal(l=3) ave= 0.000E+00 +/- 0.00 %  % || Gg(l=0) ave= 9.301E-02 +/- 6.68 % Gg(l=1) ave= 9.332E-02 +/- 10.09 % Gg(l=2) ave= 0.000E+00 +/- 0.00 % Gg(l=3) ave= 0.000E+00 +/- 0.00 %  % || D(l=0) ave= 3.401E-01 +/- 0.00 % D(l=1) ave= 7.408E-01 +/- 0.00 % D(l=2) ave= 0.000E+00 +/- 0.00 % D(l=3) ave= 0.000E+00 +/- 0.00 %  % || S(l=0) ave= 8.171E-05 +/- 0.06 % S(l=1) ave= 2.390E-06 +/- 5.62 % S(l=2) ave= 0.000E+00 +/- 0.00 % S(l=3) ave= 0.000E+00 +/- 0.00 % 
 ... random file  4 Cap(th)  ave= 2.611E+02 b. +/- 19.27 % || Ela(th) ave= 7.075E+00 b. +/- 5.13 % || RIcap ave= 7.13E+02 b. +/- 0.26 % || Macs30 ave= 9.77E+01 b. +/- 0.80 % || Gn^0(l=0) ave= 5.497E-05 +/- 0.09 % Gn^0(l=1) ave= 1.052E-05 +/- 5.54 % Gn^0(l=2) ave= 0.000E+00 +/- 0.00 % Gn^0(l=3) ave= 0.000E+00 +/- 0.00 % || Gtotal(l=0) ave= 9.009E-02 +/- 0.00 % Gtotal(l=1) ave= 9.047E-02 +/- 0.00 % Gtotal(l=2) ave= 0.000E+00 +/- 0.00 % Gtotal(l=3) ave= 0.000E+00 +/- 0.00 %  % || Gg(l=0) ave= 9.107E-02 +/- 7.44 % Gg(l=1) ave= 9.198E-02 +/- 9.60 % Gg(l=2) ave= 0.000E+00 +/- 0.00 % Gg(l=3) ave= 0.000E+00 +/- 0.00 %  % || D(l=0) ave= 3.401E-01 +/- 0.00 % D(l=1) ave= 7.408E-01 +/- 0.00 % D(l=2) ave= 0.000E+00 +/- 0.00 % D(l=3) ave= 0.000E+00 +/- 0.00 %  % || S(l=0) ave= 8.169E-05 +/- 0.08 % S(l=1) ave= 2.420E-06 +/- 5.54 % S(l=2) ave= 0.000E+00 +/- 0.00 % S(l=3) ave= 0.000E+00 +/- 0.00 % 
 ... random file  5 Cap(th)  ave= 2.507E+02 b. +/- 20.53 % || Ela(th) ave= 7.139E+00 b. +/- 5.05 % || RIcap ave= 7.12E+02 b. +/- 0.41 % || Macs30 ave= 9.77E+01 b. +/- 0.73 % || Gn^0(l=0) ave= 5.478E-05 +/- 0.77 % Gn^0(l=1) ave= 1.042E-05 +/- 5.51 % Gn^0(l=2) ave= 0.000E+00 +/- 0.00 % Gn^0(l=3) ave= 0.000E+00 +/- 0.00 % || Gtotal(l=0) ave= 9.008E-02 +/- 0.02 % Gtotal(l=1) ave= 9.047E-02 +/- 0.00 % Gtotal(l=2) ave= 0.000E+00 +/- 0.00 % Gtotal(l=3) ave= 0.000E+00 +/- 0.00 %  % || Gg(l=0) ave= 9.107E-02 +/- 6.79 % Gg(l=1) ave= 9.131E-02 +/- 8.98 % Gg(l=2) ave= 0.000E+00 +/- 0.00 % Gg(l=3) ave= 0.000E+00 +/- 0.00 %  % || D(l=0) ave= 3.410E-01 +/- 0.62 % D(l=1) ave= 7.408E-01 +/- 0.00 % D(l=2) ave= 0.000E+00 +/- 0.00 % D(l=3) ave= 0.000E+00 +/- 0.00 %  % || S(l=0) ave= 8.123E-05 +/- 1.27 % S(l=1) ave= 2.397E-06 +/- 5.52 % S(l=2) ave= 0.000E+00 +/- 0.00 % S(l=3) ave= 0.000E+00 +/- 0.00 % 
 ... random file  6 Cap(th)  ave= 2.514E+02 b. +/- 18.97 % || Ela(th) ave= 7.194E+00 b. +/- 5.01 % || RIcap ave= 7.12E+02 b. +/- 0.40 % || Macs30 ave= 9.79E+01 b. +/- 0.95 % || Gn^0(l=0) ave= 5.479E-05 +/- 0.72 % Gn^0(l=1) ave= 1.034E-05 +/- 5.50 % Gn^0(l=2) ave= 0.000E+00 +/- 0.00 % Gn^0(l=3) ave= 0.000E+00 +/- 0.00 % || Gtotal(l=0) ave= 9.008E-02 +/- 0.01 % Gtotal(l=1) ave= 9.047E-02 +/- 0.00 % Gtotal(l=2) ave= 0.000E+00 +/- 0.00 % Gtotal(l=3) ave= 0.000E+00 +/- 0.00 %  % || Gg(l=0) ave= 9.203E-02 +/- 6.73 % Gg(l=1) ave= 9.043E-02 +/- 8.74 % Gg(l=2) ave= 0.000E+00 +/- 0.00 % Gg(l=3) ave= 0.000E+00 +/- 0.00 %  % || D(l=0) ave= 3.409E-01 +/- 0.58 % D(l=1) ave= 7.408E-01 +/- 0.00 % D(l=2) ave= 0.000E+00 +/- 0.00 % D(l=3) ave= 0.000E+00 +/- 0.00 %  % || S(l=0) ave= 8.126E-05 +/- 1.18 % S(l=1) ave= 2.379E-06 +/- 5.50 % S(l=2) ave= 0.000E+00 +/- 0.00 % S(l=3) ave= 0.000E+00 +/- 0.00 % 
 ... Histogram plot for thermal (n,g)
 ... Write covariances  ... MT1  ... plot correlations
 ... MT2  ... MT102 


 ================================================
 ============== From 6 random values === start ======
 Thermal (n,tot) xs  0 K =  258.617 b. +/- 47.8686 b. ( 18.5094 %) skew= +0.34 +/- 0.79
 Thermal (n,el) xs   0 K =  7.19446 b. +/- 0.360322 b. ( 5.00832 %) skew= -0.62 +/- 0.79
 Thermal (n,g) xs    0 K =  251.423 b. +/- 47.6923 b. ( 18.969 %) skew= +0.34 +/- 0.79
 RI      (n,g)       0 K =  711.862 b. +/- 2.84968 b. ( 0.400313 %) 
 MACS    (n,g)       0 K (at Emacs= 30000 eV) =  97.9353 b. +/- 0.93441 b. ( 0.95411 %) 
 Ave. Gtotal  L=0        =  9.008E-02 +/- 0.01 %
 Ave. Gn^(0)  L=0        =  5.479E-05 +/- 0.72 %
 Ave. Gg      L=0        =  9.203E-02 +/- 6.73 %
 Ave. D       L=0        =  3.409E-01 +/- 0.58 %
 Ave. S       L=0        =  8.126E-05 +/- 1.18 %
 Ave. Gtotal  L=1        =  9.047E-02 +/- 0.00 %
 Ave. Gg      L=1        =  9.043E-02 +/- 8.74 %
 Ave. D       L=1        =  7.408E-01 +/- 0.00 %
 Ave. S       L=1        =  2.379E-06 +/- 5.50 %

 Expected Thermal (n,g) (syst or meas)= 119.869 b. +/- 83.9083 b. nominal: 300.394 b.
 ratio Calculated/expected thermal (n,g): 2.10 ratio DCalculated/Dexpected: 0.57 ratio Calculated/Nominal: 0.84
 ============== From 6 random values ===== stop ======
 ================================================
 ... Calculation of (n,a) and (n,p) cross sections at 300 K
 ... thermal (n,a) cross section is 2.48347e-07 +/- 1.24174e-07 b.
 ... thermal (n,a) cross section is 0 b. (random case 1)
 ... thermal (n,a) cross section is 0 b. (random case 2)
 ... thermal (n,a) cross section is 0 b. (random case 3)
 ... thermal (n,a) cross section is 0 b. (random case 4)
 ... thermal (n,a) cross section is 0 b. (random case 5)
 ... thermal (n,a) cross section is 0 b. (random case 6)
 ... thermal (n,p) cross section is 2.48347e-07 +/- 1.24174e-07 b.
 ... thermal (n,p) cross section is 0 b. (random case 1)
 ... thermal (n,p) cross section is 0 b. (random case 2)
 ... thermal (n,p) cross section is 0 b. (random case 3)
 ... thermal (n,p) cross section is 0 b. (random case 4)
 ... thermal (n,p) cross section is 0 b. (random case 5)
 ... thermal (n,p) cross section is 0 b. (random case 6)
 ... Rewrite index for MF2
 ... Write text for MF1 in file mf1.tares.txt
 ... plotting cross sections for the MF1
 ... order output files


================== summary ==================
 Thermal (n,tot) xs = 307.487 b. 
 Thermal (n,el)  xs = 7.09343 b. 
 Thermal (n,g)   xs = 300.394 b. (meas/sys: 119.869 b.)
 At 300 K (thermal adjustment): (n,el) = 7.11654 b., (n,g) = 300.593 b.

 RI      (n,g)      = 1989.69 b. (meas or sys: - b.)
 RI      (n,el)     = 24.4082 b.
=============================================


 ... cleaning
                                                 
  -------------------------------------------------------------
  -                                                           -
  - TARES: successful end of run with data from hypothetical  -
  - resonances for  Z= 65, A= 147 and isomer= 1               -
  - half-life: 1.830000 min. 
  -                                                           -
  -------------------------------------------------------------

   Running time:       12 seconds

 End time: Wed Oct  7 11:41:33 2026

