
  -------------------------------------------------------------
  -                                                           -
  -              Welcome to TARES version 1.8                 -
  -                                                           -
  -  (C) Copyright 2007-2025 D. Rochman, All Rights Reserved  -
  -           NRG, Petten, the Netherlands 2007-2014          -
  -           PSI, Villigen    Switzerland 2015-2025          -
  -         Nagra, Wettingen   Switzerland 2025-              -
  -           (Last Modified October 06, 2026)                -
  -           (Database from October 06, 2026)                -
  -                                                           -
  -------------------------------------------------------------


  ---------------------------------------------
   Compilation information:
   Compiled on:         Oct  8 2026, 18:36:06
   Compiled by:         koning
   Compiler version:    clang++ - 21.0.0
   Source location:     /Users/koning/tares-1.8/source/Module/
   Binaries location:   /Users/koning/bin
   System:              Darwin 25.6.0
   System version:      Darwin Kernel Version 25.6.0: Fri Jul 31 19:19:08 PDT 2026; root:xnu-12377.161.14~5/RELEASE_ARM64_T6050  
   Machine:             arm64 
  ---------------------------------------------

   User information:
   User name:           koning
   Running directory:   /Users/koning/tendl/resbase/Fr229/work
   Owner mode for running directory : rwx
   Group mode for running directory : r-x
  ---------------------------------------------


 Starting time: Fri Oct  9 13:43:15 2026
 ... inputs directory found (/Users/koning/tares-1.8/source/Module//../../inputs/).
 ... It will be used for resonance parameters 
 ... ###############################################
 ... #     read the input file tares.inp
 ... ###############################################
 ... line: #
 ... line: # Input file generated by Autorochman
          --> line not read
 ... line: #
 ... line: isotope    Fr
          --> Isotope name: Fr
 ... line: mass       229
          --> isotopic mass: 229
 ... line: output     n-Fr229
         ---> Name of the output files: n-Fr229
 ... line: isomer     0
          --> isomeric state: 0
 ... line: mf32mf33   y
          --> MF33 based on MF32: y
 ... line: nbrRandom  6
          --> Nbr of random files: 6
 ... ###############################################
 ... # end read the input file tares.inp
 ... ###############################################
Value for random generator type not considered in since Tares 1.7 due to compilation issues

 ... ###############################################
     #   Interpretation of the Input definition    #
     ###############################################

 ... Default energy limit: End of resonance region
 ... Nuclear charge    = 87
 ... Element           = Fr
 ... Mass              = 229
 ... Isomer            = 0
 ... Correlation for (Gn,Gg) not included in random files
 ... Default random option: No random
 ... Output name: n-Fr229
 ... Energy for the MACS: 30000 eV
 ... Resonances from CALENDF reduced (reduce=y) 
 ... For URR, level density model from TALYS selected: 91n3n12611.2850 (see manual for description)
 ... Random Generator: default (pseudo random numbers from ansi c++)
 ... Reconstruction of cross section selected
 ... Doppler broadening at 0 Kelvin
 ... URR not included (from the input file flag)
 ... Weight for grouping is flat
 ... Calculation of (n,alpha) cross section selected
 ... Number of digit for MF32c covariance representation: 2
 ... MF32 included
 ... MF33 will be used for covariance processing
 ... TENDL option set to yes (automatic choice of MF2 and format)
 ... Isotope not found in the best file --> use of MLBW formalism
 ... default option: Multi level Breit Wigner approximation selected
 ... (check file best.tendl.yes for changing this option)
 ... Retroactive option set to no with the 2025 option
 ... ladder option set to yes (CALENDF will be used for statistical resonances)

 ... ###############################################
     #           End of Input definition           #
     ###############################################

 ... gnuplot found, will be used for plotting
 ... latex found, will be used for plotting
 ... dvips found, will be used for plotting
 ... ps2epsi not found, limited plotting available
 ... uncertainties on default parameters multiplied by 1.83008
 ... Read resonance data from the 2025 directory
 ... Resonance parameters taken from /Users/koning/tares-1.8/source/Module//../../inputs/2025/Resonance/default/
 ---> Processing Z= 87 and A= 229 and isomer= 0 (level number: 0)
 Exfor path; Could not find /Users/koning/tares-1.8/source/Module//../../inputs/exfor/Fr229/xs/102
Thermal file; Could not open file /Users/koning/tares-1.8/source/Module//../../inputs/2025/runThermal/results//thermal.mxw.ng.cendl3.1
Thermal file; Could not open file /Users/koning/tares-1.8/source/Module//../../inputs/2025/runThermal/results//thermal.mxw.ng.brond3.1
Thermal file; Could not open file /Users/koning/tares-1.8/source/Module//../../inputs/2025/runThermal/results//thermal.xs.ng.unc.cendl3.1
 ... spin taken from the final/ directory (1)

 ... ###############################################
 ... #  Nucleus global parameters (2025 database)  #
 ... ###############################################
 0. Half-life: 50.2 sec. 
 ... Scattering radius from TALYS: /Users/koning/tares-1.8/source/Module//../../inputs/2025/lib.urr/talys.urr/
 1. Spin of the target isotope: 0.5
 2. Relative Atomic Mass of the target isotope: 229.038
 3. Scattering radius (local compilation): 8.11109 fm +/- 0.194666 fm
      .......................................
      ... Thermal capture cross sections: ...
 4. Thermal (n,g) cross section from systematics (TALYS, urr.dat): 56.4115 +/- 47.9498 b.
 5. Thermal (n,g) cross section from TENDL-2023: 5.466 b.
      .......................................
      ...  Thermal total cross sections:  ...
      .......................................
      ... Thermal elastic cross sections: ...
 6. Thermal (n,el) cross section from potential (4piR^2): 10.1937 +/- 0.509685 b.
      .......................................
             ... Resonance integral: ...
 7. No capture integral found in /Users/koning/tares-1.8/source/Module//../../inputs/capture.integral
 ... no RI(n,g) found in local compilation, take 2018 value.
 ... no RI(n,g) found in local compilation, take Sukhoruchkin value.
 8. Thermal (n,f) cross section from systematics: 0.00740256 +/- 0.00592205 b.
   ---- MACS 30 keV ----- 
 9. TALYS MACS 30 keV (HF): 0.463322 b. 
   ---------- S0 -------- 
 10. S0 from TALYS: 0.384943
   ---------- S1 -------- 
 11. S1 from TALYS: 0.805484
   ---------- S2 -------- 
 12. S2 from TALYS: 0.477917
   ---------- D0 -------- 
 13. D0 from TALYS: 3.28984 eV
   ---------- D1 -------- 
 14. D1 from TALYS: 1.49571 eV
   ---------- D2 -------- 
 15. D2 from TALYS: 0.930473 eV
   ---------- G0 -------- 
 16. Gg0 from TALYS: 0.0118327 eV
   ---------- G1 -------- 
 17. Gg1 from TALYS: 0.0118938 eV
   ---------- G2 -------- 
 18. Gg2 from TALYS: 0.0117376 eV


   ---------------------- 
 ... Read resonance parameters (format: 2: Multi Level Breit Wigner)
 ... 0 resonances found 
 ... possibly no resonances in the Resonance directory for this isotope and options
 ... Use HFR (ladder) behavior 
 --> 19. Number of resonances from the input file: 2 up to 1.64492 eV
 20. Read nuclear quantities (mass, MAT...)
 21. Read thermal (n,g) xs 
 22. Read the scattering radius 
 23. Read uncertainty on Gg for 2 resonances
 24. Read uncertainty on Gg for 2 resonances ... done
 25. Read uncertainty on Gf1
 26. Read uncertainty on Gf2
 ... order resonances 
 ... Upper limit for the RRR: 1.64492 eV (no statistical resonances HFR) from the limit.RRR file
 ... Write parameters for l=0 waves
 ... End writing original MF2 
 ... No RRR in the database: uncertainties on default parameters multiplied by 1.99753
 ... Enter in urr function (ladder option set to y) for file n-Fr229
 ... read the file /Users/koning/tares-1.8/source/Module//../../inputs/2025/list.jcs.urr to find URR origin
 Default URR taken from TALYS calculations with level density model: 91n3n12611.2850
 File considered for the URR: /Users/koning/tares-1.8/source/Module//../../inputs/2025/lib.urr/talys.urr/91n3n12611.2850/Fr/urr/urr.dat.Fr.229.000.0.gz
 ... Write URR using TALYS average parameters (used for HFR)
 ... Limit of URR changed to 25 keV (recommendation from WPEC and JEFF)
 ... ---> Emax(RRR) taken from the file limit.ladder: 200 eV <---
 ... (File limit.ladder: /Users/koning/tares-1.8/source/Module//../../inputs/2025/limit.ladder.91n3n12611.2850)
 ... read D0, S0, Gn and Gg
 ... number of URR energies: 1104
 Number of l: 1104 and last energy: 8
 Last  URR energy: 200 eV
 ... Enter in to_MLBW_mf2 function
 ... Convert to Multi Level Breit Wigner (MLBW)
 ... Write parameter covariances (MF32) for l=0
 ... Convert parameter covariances (MF32) to MLBW
 ... copy the mf2 and mf32 to .mlbw files
 ... Enter in urr_correct function case 1
 Modify the higher limit of RRR in MF2
 --> old value: 1.653147+0 eV new value: 1.000000-2 eV
 Modify resonance covariances (MF32) to include correlations in the URR
 End Modify resonance covariances (MF32) to include correlations in the URR
 ... Enter in calendf_xs function
 Use CALENDF for statistical resonances (update MF2) up to 2.000000+2 eV (initial limit)
 Extract resonances from CALENDF for RRR->URR 2
 221 statistical resonances found
 Reduction to 100 resonances based on the half-life of the isotope
 After reduction, 101 statistical resonances found
 ... checking resonance order 1
 ... checking resonance order 2nd round for 99 resonances
 ... end checking resonance order 2nd round
 .......................................................
 ... Adjustment to the thermal cross section : start ...
 .......................................................
 --> Systematics thermal (n,g) xs   56.4115 b.
 --> Systematics thermal (n,f) xs   0.00740256 b.
 ... Prior values:
 ... Import MF2 from TARES calculations
 ... End energy of TARES MF2 : 1.071060E+2 eV and limit to 40000 resonances
 ... File used for reconstruction: new.temp22.reconst
 ... run RECENT ...
 ... Doppler broadened at a unique temperature: 300 Kelvin using sigma1
 ... run SIGMA1 at 3.000000E+02 K.

 ============== INTER values at 300 Kelvin ==============
 Thermal (n,g) xs =  8.72118 b. (meas/sys: 56.4115 b.) (warning: comparison to be done at 296 or 300 K)
 Th Maxw (n,g) xs =  9.0629 b. (thermal Maxwellian value)
 Westcott factor  =  1.03918
 RI      (n,g)    =  456.417 b. (meas or sys: - b.)
 MACS 3.000e+04 eV=  0.45862 b. (meas or sys: - b.) from 1.00E+00 to 2.00E+07 eV (end of RRR) at T= 300 Kelvin 
 Thermal (n,el) xs=  7.89851 b.
 RI      (n,el)   =  93.4351 b.
 Thermal (n,f) xs =  0.00742783 b. (meas/sys: 0.00740256 +/- 0.00592205 b.)
 RI      (n,f) xs =  0.374911 b. 
 ============= PSYCHE values ==============
 Ave. G_total L0  =  0.0128042 eV
 Ave. G_total L1  =  0.0117187 eV
 Ave. Gn_0    L0  =  0.000167762
 Ave. Gn_0    L1  =  0.000542731
 Ave. Gg      L0  =  0.0117583 eV
 Ave. Gg      L1  =  0.0117181 eV
 Ave. D       L0  =  3.34706 eV
 Ave. D       L1  =  2.23137 eV
 Ave. S       L0  =  3.18755e-05 eV
 Ave. S       L1  =  6.73299e-05 eV
 =========================================
 ... tolerances: thermal (n,g) 20 %, thermal (n,f) 20 % (reference uncertainties, minimum 2%, maximum 20%)
 Calculated thermal (n,g)=          8.72118181 b. and measured/system= 56.4115 b. (C/E= 0.154599)
 Calculated thermal (n,f)=          .007427835 b. and measured/system= 0.00740256 b. (C/E= 1.00341)
 ... Import MF2 from TARES calculations
 ... End energy of TARES MF2 : 1.071060E+2 eV and limit to 40000 resonances
 ... File used for reconstruction: new.temp22.reconst
 ... run RECENT ...
 ... Doppler broadened at a unique temperature: 300 Kelvin using sigma1
 ... run SIGMA1 at 3.000000E+02 K.

 ============== INTER values at 300 Kelvin ==============
 Thermal (n,g) xs =  46.1401 b. (meas/sys: 56.4115 b.) (warning: comparison to be done at 296 or 300 K)
 Th Maxw (n,g) xs =  47.801 b. (thermal Maxwellian value)
 Westcott factor  =  1.036
 RI      (n,g)    =  503.78 b. (meas or sys: - b.)
 MACS 3.000e+04 eV=  0.45863 b. (meas or sys: - b.) from 1.00E+00 to 2.00E+07 eV (end of RRR) at T= 300 Kelvin 
 Thermal (n,el) xs=  7.899 b.
 RI      (n,el)   =  53.3454 b.
 Thermal (n,f) xs =  0.00740899 b. (meas/sys: 0.00740256 +/- 0.00592205 b.)
 RI      (n,f) xs =  0.078284 b. 
 ============= PSYCHE values ==============
 Ave. G_total L0  =  0.0634221 eV
 Ave. G_total L1  =  0.0621637 eV
 Ave. Gn_0    L0  =  0.000167762
 Ave. Gn_0    L1  =  0.000542731
 Ave. Gg      L0  =  0.0623662 eV
 Ave. Gg      L1  =  0.062153 eV
 Ave. D       L0  =  3.34706 eV
 Ave. D       L1  =  2.23137 eV
 Ave. S       L0  =  3.18755e-05 eV
 Ave. S       L1  =  6.73299e-05 eV
 =========================================
 ... iteration 0: C/E thermal (n,g)= 0.817921  C/E thermal (n,f)= 1.00087
 ... Posterior values (iteration 1):
 ... Import MF2 from TARES calculations
 ... End energy of TARES MF2 : 1.071060E+2 eV and limit to 40000 resonances
 ... File used for reconstruction: new.temp22.reconst
 ... run RECENT ...
 ... Doppler broadened at a unique temperature: 300 Kelvin using sigma1
 ... run SIGMA1 at 3.000000E+02 K.

 ============== INTER values at 300 Kelvin ==============
 Thermal (n,g) xs =  46.2571 b. (meas/sys: 56.4115 b.) (warning: comparison to be done at 296 or 300 K)
 Th Maxw (n,g) xs =  47.923 b. (thermal Maxwellian value)
 Westcott factor  =  1.03601
 RI      (n,g)    =  503.828 b. (meas or sys: - b.)
 MACS 3.000e+04 eV=  0.45863 b. (meas or sys: - b.) from 1.00E+00 to 2.00E+07 eV (end of RRR) at T= 300 Kelvin 
 Thermal (n,el) xs=  7.899 b.
 RI      (n,el)   =  53.319 b.
 Thermal (n,f) xs =  0.00740894 b. (meas/sys: 0.00740256 +/- 0.00592205 b.)
 RI      (n,f) xs =  0.078113 b. 
 ============= PSYCHE values ==============
 Ave. G_total L0  =  0.0635807 eV
 Ave. G_total L1  =  0.0623217 eV
 Ave. Gn_0    L0  =  0.000167762
 Ave. Gn_0    L1  =  0.000542731
 Ave. Gg      L0  =  0.0625247 eV
 Ave. Gg      L1  =  0.062311 eV
 Ave. D       L0  =  3.34706 eV
 Ave. D       L1  =  2.23137 eV
 Ave. S       L0  =  3.18755e-05 eV
 Ave. S       L1  =  6.73299e-05 eV
 =========================================

 ... iteration 1: C/E thermal (n,g)= 0.819994  C/E thermal (n,f)= 1.00086
 Adjusted thermal (n,f) xs            .007408936 b. (ratio for Gf= 1 )

 ... ratio C/E thermal (n,g): 8.199937E-01
 ... ratio C/E thermal (n,f): 1.000861E+00
 ...................................................... 
 ... Adjustment to the thermal cross section : stop ...
 ...................................................... 
 ... new MF2 file after adjustment: n-Fr229
 ... read the file /Users/koning/tares-1.8/source/Module//../../inputs/2025/list.jcs.urr to find URR origin
 Default URR taken from TALYS calculations with level density model: 91n3n12611.2850
 File considered for the URR: /Users/koning/tares-1.8/source/Module//../../inputs/2025/lib.urr/talys.urr/91n3n12611.2850/Fr/urr/urr.dat.Fr.229.000.0.gz
 ... Write URR using TALYS average parameters (not used for HFR)
 ... Limit of URR changed to 25 keV (recommendation from WPEC and JEFF)
 Energy limit of the URR set to 139.238 eV
 ... read D0, S0, Gn and Gg
 ... number of URR energies: 24
 Number of l: 24 and last energy: 8
 Last  URR energy: 139.238 eV
 ... Enter in urr_correct function case 2
 Modify the higher limit of RRR in MF2
 --> old value: 1.071060+2 eV new value: 1.071060+2 eV
 Modify resonance covariances (MF32) to include correlations in the URR
 End Modify resonance covariances (MF32) to include correlations in the URR
 ... Enter in update_MF32 function
 ... Change uncertainties
 ... for the HFR, random position of the positive resonances with 0.020000 %
 ... end of update MF32 function
 ... GLS calculation of the parameter correlations from the thermal/RI adjustment (MF32c)
 ... MF32: correlations from the thermal/RI adjustment (GLS) for 6 resonances (17 widths), 12 correlation lines
 ...   thermal (n,g): uncertainty from these widths 16.6539 b. -> 15.732 b. (reference: 56.4115 +/- 47.9498 b.)
 ...   thermal (n,f): uncertainty from these widths 0.00256889 b. -> 0.00235671 b. (reference: 0.00740256 +/- 0.00592205 b.)
 ... copy the mf2 and mf32 to .mlbw files

 ... Start of final reconstruction and testing ...
 ... Reconstruction of cross sections at 0 Kelvin  ... Import MF2 from TARES calculations
 ... End energy of TARES MF2 : 1.071060E+2 eV and limit to 40000 resonances
 ... File used for reconstruction: n-Fr229.reconst
 ... run RECENT ...
 ... Doppler broadened at a unique temperature: 0 Kelvin using sigma1
 ... The keyword temperature is zero, no Doppler broadening for the MACS

 ============== INTER values at 0 Kelvin ==============
 Thermal (n,g) xs =  46.2217 b. (meas/sys: 56.4115 b.) (warning: comparison to be done at 296 or 300 K)
 Th Maxw (n,g) xs =  47.636 b. (thermal Maxwellian value)
 Westcott factor  =  1.03059
 RI      (n,g)    =  503.541 b. (meas or sys: - b.)
 MACS 3.000e+04 eV=  0.45587 b. (meas or sys: - b.) from 1.00E+00 to 1.07E+02 eV (end of RRR) at T= 0 Kelvin 
 Thermal (n,el) xs=  7.88164 b.
 RI      (n,el)   =  53.2904 b.
 Thermal (n,f) xs =  0.00740327 b. (meas/sys: 0.00740256 +/- 0.00592205 b.)
 RI      (n,f) xs =  0.0780029 b. 
 ============= PSYCHE values ==============
 Ave. G_total L0  =  0.0635807 eV
 Ave. G_total L1  =  0.0623217 eV
 Ave. Gn_0    L0  =  0.000167762
 Ave. Gn_0    L1  =  0.000542731
 Ave. Gg      L0  =  0.0625247 eV
 Ave. Gg      L1  =  0.062311 eV
 Ave. D       L0  =  3.34706 eV
 Ave. D       L1  =  2.23137 eV
 Ave. S       L0  =  3.18755e-05 eV
 Ave. S       L1  =  6.73299e-05 eV
 =========================================
 ... End of final reconstruction and testing ...

 ... grouping is not optimum, change to 70 groups
 ... Produce MF33 based on MF32 and 6 random files
 ... negligible fission in the MF2 (Z<88, Gf/Gg<1e-3): MF33 without fission (MT18)
 ... MF3 of n-Fr229.reconst (4 sections) added to the files for ENDSAM
 ... run endsam for 6 in groups of 1 global run
 ... run endsam from 1 to 6
 ... random files: total width GT set to Gn+Gg+Gf (594 resonances in 6 files)
 ... reorder resonance position after endsam (sampling)
 ... preparing the vectors  ... done
 ... nominal file 0 Cap(th)  ave= 4.622E+01 b. +/- 0.00 % || Ela(th) ave= 7.882E+00 b. +/- 0.00 % || RIcap ave= 5.04E+02 b. +/- 0.00 % || Macs30 ave= 4.56E-01 b. +/- 0.00 % || Gn^0(l=0) ave= 1.678E-04 +/- 0.00 % Gn^0(l=1) ave= 5.427E-04 +/- 0.00 % Gn^0(l=2) ave= 0.000E+00 +/- 0.00 % Gn^0(l=3) ave= 0.000E+00 +/- 0.00 % || Gtotal(l=0) ave= 6.358E-02 +/- 0.00 % Gtotal(l=1) ave= 6.232E-02 +/- 0.00 % Gtotal(l=2) ave= 0.000E+00 +/- 0.00 % Gtotal(l=3) ave= 0.000E+00 +/- 0.00 %  % || Gg(l=0) ave= 6.252E-02 +/- 0.00 % Gg(l=1) ave= 6.231E-02 +/- 0.00 % Gg(l=2) ave= 0.000E+00 +/- 0.00 % Gg(l=3) ave= 0.000E+00 +/- 0.00 %  % || D(l=0) ave= 3.347E+00 +/- 0.00 % D(l=1) ave= 2.231E+00 +/- 0.00 % D(l=2) ave= 0.000E+00 +/- 0.00 % D(l=3) ave= 0.000E+00 +/- 0.00 %  % || S(l=0) ave= 3.188E-05 +/- 0.00 % S(l=1) ave= 6.733E-05 +/- 0.00 % S(l=2) ave= 0.000E+00 +/- 0.00 % S(l=3) ave= 0.000E+00 +/- 0.00 % 
 ... random file  1 Cap(th)  ave= 4.797E+01 b. +/- 3.64 % || Ela(th) ave= 7.721E+00 b. +/- 2.08 % || RIcap ave= 5.02E+02 b. +/- 0.33 % || Macs30 ave= 4.56E-01 b. +/- 0.00 % || Gn^0(l=0) ave= 1.681E-04 +/- 0.20 % Gn^0(l=1) ave= 5.544E-04 +/- 2.11 % Gn^0(l=2) ave= 0.000E+00 +/- 0.00 % Gn^0(l=3) ave= 0.000E+00 +/- 0.00 % || Gtotal(l=0) ave= 6.290E-02 +/- 1.09 % Gtotal(l=1) ave= 6.290E-02 +/- 0.91 % Gtotal(l=2) ave= 0.000E+00 +/- 0.00 % Gtotal(l=3) ave= 0.000E+00 +/- 0.00 %  % || Gg(l=0) ave= 6.184E-02 +/- 1.11 % Gg(l=1) ave= 6.289E-02 +/- 0.91 % Gg(l=2) ave= 0.000E+00 +/- 0.00 % Gg(l=3) ave= 0.000E+00 +/- 0.00 %  % || D(l=0) ave= 3.347E+00 +/- 0.00 % D(l=1) ave= 2.231E+00 +/- 0.00 % D(l=2) ave= 0.000E+00 +/- 0.00 % D(l=3) ave= 0.000E+00 +/- 0.00 %  % || S(l=0) ave= 3.193E-05 +/- 0.16 % S(l=1) ave= 6.878E-05 +/- 2.10 % S(l=2) ave= 0.000E+00 +/- 0.00 % S(l=3) ave= 0.000E+00 +/- 0.00 % 
 ... random file  2 Cap(th)  ave= 4.459E+01 b. +/- 11.19 % || Ela(th) ave= 7.552E+00 b. +/- 3.61 % || RIcap ave= 5.04E+02 b. +/- 0.65 % || Macs30 ave= 4.56E-01 b. +/- 0.00 % || Gn^0(l=0) ave= 1.681E-04 +/- 0.17 % Gn^0(l=1) ave= 5.661E-04 +/- 3.38 % Gn^0(l=2) ave= 0.000E+00 +/- 0.00 % Gn^0(l=3) ave= 0.000E+00 +/- 0.00 % || Gtotal(l=0) ave= 6.609E-02 +/- 6.89 % Gtotal(l=1) ave= 6.503E-02 +/- 4.70 % Gtotal(l=2) ave= 0.000E+00 +/- 0.00 % Gtotal(l=3) ave= 0.000E+00 +/- 0.00 %  % || Gg(l=0) ave= 6.503E-02 +/- 7.01 % Gg(l=1) ave= 6.502E-02 +/- 4.70 % Gg(l=2) ave= 0.000E+00 +/- 0.00 % Gg(l=3) ave= 0.000E+00 +/- 0.00 %  % || D(l=0) ave= 3.347E+00 +/- 0.00 % D(l=1) ave= 2.231E+00 +/- 0.00 % D(l=2) ave= 0.000E+00 +/- 0.00 % D(l=3) ave= 0.000E+00 +/- 0.00 %  % || S(l=0) ave= 3.197E-05 +/- 0.24 % S(l=1) ave= 7.023E-05 +/- 3.38 % S(l=2) ave= 0.000E+00 +/- 0.00 % S(l=3) ave= 0.000E+00 +/- 0.00 % 
 ... random file  3 Cap(th)  ave= 4.761E+01 b. +/- 14.25 % || Ela(th) ave= 7.785E+00 b. +/- 6.02 % || RIcap ave= 5.03E+02 b. +/- 0.76 % || Macs30 ave= 4.56E-01 b. +/- 0.00 % || Gn^0(l=0) ave= 1.688E-04 +/- 0.68 % Gn^0(l=1) ave= 5.511E-04 +/- 5.60 % Gn^0(l=2) ave= 0.000E+00 +/- 0.00 % Gn^0(l=3) ave= 0.000E+00 +/- 0.00 % || Gtotal(l=0) ave= 6.718E-02 +/- 6.50 % Gtotal(l=1) ave= 6.450E-02 +/- 4.35 % Gtotal(l=2) ave= 0.000E+00 +/- 0.00 % Gtotal(l=3) ave= 0.000E+00 +/- 0.00 %  % || Gg(l=0) ave= 6.612E-02 +/- 6.61 % Gg(l=1) ave= 6.449E-02 +/- 4.35 % Gg(l=2) ave= 0.000E+00 +/- 0.00 % Gg(l=3) ave= 0.000E+00 +/- 0.00 %  % || D(l=0) ave= 3.374E+00 +/- 1.39 % D(l=1) ave= 2.231E+00 +/- 0.00 % D(l=2) ave= 0.000E+00 +/- 0.00 % D(l=3) ave= 0.000E+00 +/- 0.00 %  % || S(l=0) ave= 3.180E-05 +/- 0.96 % S(l=1) ave= 6.837E-05 +/- 5.60 % S(l=2) ave= 0.000E+00 +/- 0.00 % S(l=3) ave= 0.000E+00 +/- 0.00 % 
 ... random file  4 Cap(th)  ave= 4.721E+01 b. +/- 12.97 % || Ela(th) ave= 8.063E+00 b. +/- 8.63 % || RIcap ave= 5.03E+02 b. +/- 0.73 % || Macs30 ave= 4.56E-01 b. +/- 0.00 % || Gn^0(l=0) ave= 1.687E-04 +/- 0.61 % Gn^0(l=1) ave= 5.345E-04 +/- 8.09 % Gn^0(l=2) ave= 0.000E+00 +/- 0.00 % Gn^0(l=3) ave= 0.000E+00 +/- 0.00 % || Gtotal(l=0) ave= 6.662E-02 +/- 6.10 % Gtotal(l=1) ave= 6.428E-02 +/- 3.96 % Gtotal(l=2) ave= 0.000E+00 +/- 0.00 % Gtotal(l=3) ave= 0.000E+00 +/- 0.00 %  % || Gg(l=0) ave= 6.556E-02 +/- 6.20 % Gg(l=1) ave= 6.427E-02 +/- 3.96 % Gg(l=2) ave= 0.000E+00 +/- 0.00 % Gg(l=3) ave= 0.000E+00 +/- 0.00 %  % || D(l=0) ave= 3.369E+00 +/- 1.28 % D(l=1) ave= 2.231E+00 +/- 0.00 % D(l=2) ave= 0.000E+00 +/- 0.00 % D(l=3) ave= 0.000E+00 +/- 0.00 %  % || S(l=0) ave= 3.183E-05 +/- 0.89 % S(l=1) ave= 6.631E-05 +/- 8.08 % S(l=2) ave= 0.000E+00 +/- 0.00 % S(l=3) ave= 0.000E+00 +/- 0.00 % 
 ... random file  5 Cap(th)  ave= 4.545E+01 b. +/- 15.04 % || Ela(th) ave= 7.923E+00 b. +/- 8.93 % || RIcap ave= 5.03E+02 b. +/- 0.71 % || Macs30 ave= 4.56E-01 b. +/- 0.00 % || Gn^0(l=0) ave= 1.689E-04 +/- 0.60 % Gn^0(l=1) ave= 5.438E-04 +/- 8.20 % Gn^0(l=2) ave= 0.000E+00 +/- 0.00 % Gn^0(l=3) ave= 0.000E+00 +/- 0.00 % || Gtotal(l=0) ave= 6.908E-02 +/- 9.60 % Gtotal(l=1) ave= 6.258E-02 +/- 7.12 % Gtotal(l=2) ave= 0.000E+00 +/- 0.00 % Gtotal(l=3) ave= 0.000E+00 +/- 0.00 %  % || Gg(l=0) ave= 6.802E-02 +/- 9.76 % Gg(l=1) ave= 6.257E-02 +/- 7.12 % Gg(l=2) ave= 0.000E+00 +/- 0.00 % Gg(l=3) ave= 0.000E+00 +/- 0.00 %  % || D(l=0) ave= 3.383E+00 +/- 1.50 % D(l=1) ave= 2.231E+00 +/- 0.00 % D(l=2) ave= 0.000E+00 +/- 0.00 % D(l=3) ave= 0.000E+00 +/- 0.00 %  % || S(l=0) ave= 3.172E-05 +/- 1.13 % S(l=1) ave= 6.746E-05 +/- 8.20 % S(l=2) ave= 0.000E+00 +/- 0.00 % S(l=3) ave= 0.000E+00 +/- 0.00 % 
 ... random file  6 Cap(th)  ave= 4.524E+01 b. +/- 14.04 % || Ela(th) ave= 7.624E+00 b. +/- 12.90 % || RIcap ave= 5.04E+02 b. +/- 0.92 % || Macs30 ave= 4.56E-01 b. +/- 0.00 % || Gn^0(l=0) ave= 1.687E-04 +/- 0.61 % Gn^0(l=1) ave= 5.700E-04 +/- 13.40 % Gn^0(l=2) ave= 0.000E+00 +/- 0.00 % Gn^0(l=3) ave= 0.000E+00 +/- 0.00 % || Gtotal(l=0) ave= 6.719E-02 +/- 11.43 % Gtotal(l=1) ave= 6.286E-02 +/- 6.65 % Gtotal(l=2) ave= 0.000E+00 +/- 0.00 % Gtotal(l=3) ave= 0.000E+00 +/- 0.00 %  % || Gg(l=0) ave= 6.613E-02 +/- 11.62 % Gg(l=1) ave= 6.285E-02 +/- 6.65 % Gg(l=2) ave= 0.000E+00 +/- 0.00 % Gg(l=3) ave= 0.000E+00 +/- 0.00 %  % || D(l=0) ave= 3.378E+00 +/- 1.44 % D(l=1) ave= 2.231E+00 +/- 0.00 % D(l=2) ave= 0.000E+00 +/- 0.00 % D(l=3) ave= 0.000E+00 +/- 0.00 %  % || S(l=0) ave= 3.174E-05 +/- 1.05 % S(l=1) ave= 7.072E-05 +/- 13.40 % S(l=2) ave= 0.000E+00 +/- 0.00 % S(l=3) ave= 0.000E+00 +/- 0.00 % 
 ... Histogram plot for thermal (n,g)
 ... Write covariances  ... MT1  ... plot correlations
 ... MT2  ... MT102 


 ================================================
 ============== From 6 random values === start ======
 Thermal (n,tot) xs  0 K =  52.8679 b. +/- 6.83789 b. ( 12.9339 %) skew= +0.32 +/- 0.79
 Thermal (n,el) xs   0 K =  7.62392 b. +/- 0.983353 b. ( 12.8983 %) skew= -0.23 +/- 0.79
 Thermal (n,g) xs    0 K =  45.2363 b. +/- 6.3505 b. ( 14.0385 %) skew= +0.30 +/- 0.79
 RI      (n,g)       0 K =  503.927 b. +/- 4.64352 b. ( 0.921468 %) 
 MACS    (n,g)       0 K (at Emacs= 30000 eV) =  0.455871 b. +/- 3.49369e-06 b. ( 0.000766376 %) 
 Ave. Gtotal  L=0        =  6.719E-02 +/- 11.43 %
 Ave. Gn^(0)  L=0        =  1.687E-04 +/- 0.61 %
 Ave. Gg      L=0        =  6.613E-02 +/- 11.62 %
 Ave. D       L=0        =  3.378E+00 +/- 1.44 %
 Ave. S       L=0        =  3.174E-05 +/- 1.05 %
 Ave. Gtotal  L=1        =  6.286E-02 +/- 6.65 %
 Ave. Gg      L=1        =  6.285E-02 +/- 6.65 %
 Ave. D       L=1        =  2.231E+00 +/- 0.00 %
 Ave. S       L=1        =  7.072E-05 +/- 13.40 %

 Expected Thermal (n,g) (syst or meas)= 56.4115 b. +/- 47.9498 b. nominal: 46.2217 b.
 ratio Calculated/expected thermal (n,g): 0.80 ratio DCalculated/Dexpected: 0.13 ratio Calculated/Nominal: 0.98
 ============== From 6 random values ===== stop ======
 ================================================
 ... Calculation of (n,a) and (n,p) cross sections at 300 K
 ... thermal (n,a) cross section is 6.91138e-13 +/- 3.45569e-13 b.
 ... thermal (n,a) cross section is 2.77786e-13 b. (random case 1)
 ... thermal (n,a) cross section is 3.59178e-13 b. (random case 2)
 ... thermal (n,a) cross section is 9.08255e-13 b. (random case 3)
 ... thermal (n,a) cross section is 7.79533e-13 b. (random case 4)
 ... thermal (n,a) cross section is 5.30191e-13 b. (random case 5)
 ... thermal (n,a) cross section is 3.49406e-13 b. (random case 6)
 ... (n,p) Q-value negative for this element
 ... Rewrite index for MF2
 ... Write text for MF1 in file mf1.tares.txt
 ... plotting cross sections for the MF1
 ... order output files

 ............................................................ 
 ...                                                      ... 
 ... MF2 format selection for the final file: n-Fr229.mf2.mlbw
 ... MF2 format : mlbw
 ... cross section values for the final mf2 file: START   ... 
 ... Import MF2 from TARES calculations
 ... End energy of TARES MF2 : 1.071060E+2 eV and limit to 40000 resonances
 ... File used for reconstruction: n-Fr229.mf2.reconst
 ... run RECENT ...
 ... Doppler broadened at a unique temperature: 0 Kelvin using sigma1
 ... The keyword temperature is zero, no Doppler broadening for the MACS

 ============== INTER values at 0 Kelvin ==============
 Thermal (n,g) xs =  46.2217 b. (meas/sys: 56.4115 b.) (warning: comparison to be done at 296 or 300 K)
 Th Maxw (n,g) xs =  47.636 b. (thermal Maxwellian value)
 Westcott factor  =  1.03059
 RI      (n,g)    =  503.541 b. (meas or sys: - b.)
 MACS 3.000e+04 eV=  0.45587 b. (meas or sys: - b.) from 1.00E+00 to 1.07E+02 eV (end of RRR) at T= 0 Kelvin 
 Thermal (n,el) xs=  7.88164 b.
 RI      (n,el)   =  53.2904 b.
 Thermal (n,f) xs =  0.00740327 b. (meas/sys: 0.00740256 +/- 0.00592205 b.)
 RI      (n,f) xs =  0.0780029 b. 
 ============= PSYCHE values ==============
 Ave. G_total L0  =  0.0635807 eV
 Ave. G_total L1  =  0.0623217 eV
 Ave. Gn_0    L0  =  0.000167762
 Ave. Gn_0    L1  =  0.000542731
 Ave. Gg      L0  =  0.0625247 eV
 Ave. Gg      L1  =  0.062311 eV
 Ave. D       L0  =  3.34706 eV
 Ave. D       L1  =  2.23137 eV
 Ave. S       L0  =  3.18755e-05 eV
 Ave. S       L1  =  6.73299e-05 eV
 =========================================
 ... cross section values for the final mf2 file: END     ... 
 ...                                                      ... 
 ............................................................ 


================== summary ==================
 Thermal (n,tot) xs = 54.1107 b. 
 Thermal (n,el)  xs = 7.88164 b. 
 Thermal (n,g)   xs = 46.2217 b. (meas/sys: 56.4115 b.)
 Thermal (n,f)   xs = 0.00740327 b. (meas/sys: 0.00740256 +/- 0.00592205 b.)
 At 300 K (thermal adjustment): (n,el) = 7.899 b., (n,g) = 46.2571 b., (n,f) = 0.00740894 b.

 RI      (n,g)      = 503.541 b. (meas or sys: - b.)
 RI      (n,el)     = 53.2904 b.
 RI      (n,f)      = 0.0780029 b. 
=============================================


 ... cleaning
                                                 
  -------------------------------------------------------------
  -                                                           -
  - TARES: successful end of run with data from hypothetical  -
  - resonances for  Z= 87, A= 229 and isomer= 0               -
  - half-life: 50.200001 sec. 
  -                                                           -
  -------------------------------------------------------------

   Running time:       12 seconds

 End time: Fri Oct  9 13:43:27 2026

