
  -------------------------------------------------------------
  -                                                           -
  -              Welcome to TARES version 1.8                 -
  -                                                           -
  -  (C) Copyright 2007-2025 D. Rochman, All Rights Reserved  -
  -           NRG, Petten, the Netherlands 2007-2014          -
  -           PSI, Villigen    Switzerland 2015-2025          -
  -         Nagra, Wettingen   Switzerland 2025-              -
  -           (Last Modified October 06, 2026)                -
  -           (Database from October 06, 2026)                -
  -                                                           -
  -------------------------------------------------------------


  ---------------------------------------------
   Compilation information:
   Compiled on:         Oct  8 2026, 18:36:06
   Compiled by:         koning
   Compiler version:    clang++ - 21.0.0
   Source location:     /Users/koning/tares-1.8/source/Module/
   Binaries location:   /Users/koning/bin
   System:              Darwin 25.6.0
   System version:      Darwin Kernel Version 25.6.0: Fri Jul 31 19:19:08 PDT 2026; root:xnu-12377.161.14~5/RELEASE_ARM64_T6050  
   Machine:             arm64 
  ---------------------------------------------

   User information:
   User name:           koning
   Running directory:   /Users/koning/tendl/resbase/Mo108/work
   Owner mode for running directory : rwx
   Group mode for running directory : r-x
  ---------------------------------------------


 Starting time: Fri Oct  9 13:17:13 2026
 ... inputs directory found (/Users/koning/tares-1.8/source/Module//../../inputs/).
 ... It will be used for resonance parameters 
 ... ###############################################
 ... #     read the input file tares.inp
 ... ###############################################
 ... line: #
 ... line: # Input file generated by Autorochman
          --> line not read
 ... line: #
 ... line: isotope    Mo
          --> Isotope name: Mo
 ... line: mass       108
          --> isotopic mass: 108
 ... line: output     n-Mo108
         ---> Name of the output files: n-Mo108
 ... line: isomer     0
          --> isomeric state: 0
 ... line: mf32mf33   y
          --> MF33 based on MF32: y
 ... line: nbrRandom  6
          --> Nbr of random files: 6
 ... ###############################################
 ... # end read the input file tares.inp
 ... ###############################################
Value for random generator type not considered in since Tares 1.7 due to compilation issues

 ... ###############################################
     #   Interpretation of the Input definition    #
     ###############################################

 ... Default energy limit: End of resonance region
 ... Nuclear charge    = 42
 ... Element           = Mo
 ... Mass              = 108
 ... Isomer            = 0
 ... Correlation for (Gn,Gg) not included in random files
 ... Default random option: No random
 ... Output name: n-Mo108
 ... Energy for the MACS: 30000 eV
 ... Resonances from CALENDF reduced (reduce=y) 
 ... For URR, level density model from TALYS selected: 91n3n12611.2850 (see manual for description)
 ... Random Generator: default (pseudo random numbers from ansi c++)
 ... Reconstruction of cross section selected
 ... Doppler broadening at 0 Kelvin
 ... URR not included (from the input file flag)
 ... Weight for grouping is flat
 ... Calculation of (n,alpha) cross section selected
 ... Number of digit for MF32c covariance representation: 2
 ... MF32 included
 ... MF33 will be used for covariance processing
 ... TENDL option set to yes (automatic choice of MF2 and format)
 ... Isotope not found in the best file --> use of MLBW formalism
 ... default option: Multi level Breit Wigner approximation selected
 ... (check file best.tendl.yes for changing this option)
 ... Retroactive option set to no with the 2025 option
 ... ladder option set to yes (CALENDF will be used for statistical resonances)

 ... ###############################################
     #           End of Input definition           #
     ###############################################

 ... gnuplot found, will be used for plotting
 ... latex found, will be used for plotting
 ... dvips found, will be used for plotting
 ... ps2epsi not found, limited plotting available
 ... uncertainties on default parameters multiplied by 1.70206
 ... Read resonance data from the 2025 directory
 ... Resonance parameters taken from /Users/koning/tares-1.8/source/Module//../../inputs/2025/Resonance/default/
 ---> Processing Z= 42 and A= 108 and isomer= 0 (level number: 0)
 Exfor path; Could not find /Users/koning/tares-1.8/source/Module//../../inputs/exfor/Mo108/xs/102
Thermal file; Could not open file /Users/koning/tares-1.8/source/Module//../../inputs/2025/runThermal/results//thermal.mxw.ng.cendl3.1
Thermal file; Could not open file /Users/koning/tares-1.8/source/Module//../../inputs/2025/runThermal/results//thermal.mxw.ng.brond3.1
Thermal file; Could not open file /Users/koning/tares-1.8/source/Module//../../inputs/2025/runThermal/results//thermal.xs.ng.unc.cendl3.1
 ... spin taken from the final/ directory (1)
 ... The spin found in level file ( 0 ) and the one in the urr file ( 5.5 ) differ

 ... ###############################################
 ... #  Nucleus global parameters (2025 database)  #
 ... ###############################################
 0. Half-life: 1.105 sec. 
 ... Scattering radius from TALYS: /Users/koning/tares-1.8/source/Module//../../inputs/2025/lib.urr/talys.urr/
 1. Spin of the target isotope: 0
 2. Relative Atomic Mass of the target isotope: 107.924
 3. Scattering radius (local compilation): 6.32942 fm +/- 0.151906 fm
      .......................................
      ... Thermal capture cross sections: ...
 4. Thermal (n,g) cross section from systematics (TALYS, urr.dat): 2.10994 +/- 1.79344 b.
 5. Thermal (n,g) cross section from compilation (Firestone-2022 average on element Mo): 2.64 +/- 0.03 b.
 6. Thermal (n,g) cross section from compilation (Firestone-2022 final on element Mo): 2.61 +/- 0.05 b.
 7. Thermal (n,g) cross section from TENDL-2023: 2.111 b.
      .......................................
      ...  Thermal total cross sections:  ...
      .......................................
      ... Thermal elastic cross sections: ...
 8. Thermal (n,el) cross section from potential (4piR^2): 7.95456 +/- 0.397728 b.
      .......................................
             ... Resonance integral: ...
 9. No capture integral found in /Users/koning/tares-1.8/source/Module//../../inputs/capture.integral
 ... no RI(n,g) found in local compilation, take 2018 value.
 ... no RI(n,g) found in local compilation, take Sukhoruchkin value.
   ---- MACS 30 keV ----- 
 10. TALYS MACS 30 keV (HF): 0.00604525 b. 
   ---------- S0 -------- 
 11. S0 from TALYS: 0.471842
   ---------- S1 -------- 
 12. S1 from TALYS: 9.56184
   ---------- S2 -------- 
 13. S2 from TALYS: 0.43545
   ---------- D0 -------- 
 14. D0 from TALYS: 5536.92 eV
   ---------- D1 -------- 
 15. D1 from TALYS: 1944.96 eV
   ---------- D2 -------- 
 16. D2 from TALYS: 1295.95 eV
   ---------- G0 -------- 
 17. Gg0 from TALYS: 0.0230947 eV
   ---------- G1 -------- 
 18. Gg1 from TALYS: 0.0329027 eV
   ---------- G2 -------- 
 19. Gg2 from TALYS: 0.0207975 eV


   ---------------------- 
 ... Read resonance parameters (format: 2: Multi Level Breit Wigner)
 ... 0 resonances found 
 ... possibly no resonances in the Resonance directory for this isotope and options
 ... Use HFR (ladder) behavior 
 --> 21. Number of resonances from the input file: 2 up to 2768.46 eV
 22. Read nuclear quantities (mass, MAT...)
 23. Read thermal (n,g) xs 
 24. Read the scattering radius 
 25. Read uncertainty on Gg for 2 resonances
 26. Read uncertainty on Gg for 2 resonances ... done
 ... order resonances 
 ... Upper limit for the RRR: 2768.46 eV (no statistical resonances HFR) from the limit.RRR file
 ... Write parameters for l=0 waves
 ... End writing original MF2 
 ... No RRR in the database: uncertainties on default parameters multiplied by 1.99753
 ... Enter in urr function (ladder option set to y) for file n-Mo108
 ... read the file /Users/koning/tares-1.8/source/Module//../../inputs/2025/list.jcs.urr to find URR origin
 Default URR taken from TALYS calculations with level density model: 91n3n12611.2850
 File considered for the URR: /Users/koning/tares-1.8/source/Module//../../inputs/2025/lib.urr/talys.urr/91n3n12611.2850/Mo/urr/urr.dat.Mo.108.000.0.gz
 ... Write URR using TALYS average parameters (used for HFR)
 ... Limit of URR changed to 25 keV (recommendation from WPEC and JEFF)
 ... ---> Emax(RRR) taken from the file limit.ladder: 40000 eV <---
 ... (File limit.ladder: /Users/koning/tares-1.8/source/Module//../../inputs/2025/limit.ladder.91n3n12611.2850)
 ... read D0, S0, Gn and Gg
 ... number of URR energies: 1150
 Number of l: 1150 and last energy: 5
 Last  URR energy: 40000 eV
 ... Enter in to_MLBW_mf2 function
 ... Convert to Multi Level Breit Wigner (MLBW)
 ... Write parameter covariances (MF32) for l=0
 ... Convert parameter covariances (MF32) to MLBW
 ... copy the mf2 and mf32 to .mlbw files
 ... Enter in urr_correct function case 1
 Modify the higher limit of RRR in MF2
 --> old value: 2.782302+3 eV new value: 1.000000-2 eV
 Modify resonance covariances (MF32) to include correlations in the URR
 End Modify resonance covariances (MF32) to include correlations in the URR
 ... Enter in calendf_xs function
 Use CALENDF for statistical resonances (update MF2) up to 4.000000+4 eV (initial limit)
 Extract resonances from CALENDF for RRR->URR 2
 77 statistical resonances found
 After reduction, 66 statistical resonances found
 ... checking resonance order 1
 ... checking resonance order 2nd round for 64 resonances
 ... end checking resonance order 2nd round
 .......................................................
 ... Adjustment to the thermal cross section : start ...
 .......................................................

 Before adjustment (adjustment to the thermal cross section set to y)
 ... Import MF2 from TARES calculations
 ... End energy of TARES MF2 : 3.680423E+4 eV and limit to 40000 resonances
 ... File used for reconstruction: new.temp22.reconst
 ... run RECENT ...
 ... Doppler broadened at a unique temperature: 300 Kelvin using sigma1
 ... run SIGMA1 at 3.000000E+02 K.

 ============== INTER values at 300 Kelvin ==============
 Thermal (n,g) xs =  0.00743361 b. (meas/sys: 2.10994 b.) (warning: comparison to be done at 296 or 300 K)
 Th Maxw (n,g) xs =  0.0074766 b. (thermal Maxwellian value)
 Westcott factor  =  1.00579
 RI      (n,g)    =  0.073752 b. (meas or sys: - b.)
 MACS 3.000e+04 eV=  0.0055998 b. (meas or sys: - b.) from 1.00E+00 to 2.00E+07 eV (end of RRR) at T= 300 Kelvin 
 Thermal (n,el) xs=  4.82014 b.
 RI      (n,el)   =  69.811 b.
 ============= PSYCHE values ==============
 Ave. G_total L0  =  39.152 eV
 Ave. G_total L1  =  26.6366 eV
 Ave. G_total L2  =  0.0239343 eV
 Ave. Gn_0    L0  =  0.280677
 Ave. Gn_0    L1  =  4.91851
 Ave. Gn_0    L2  =  0.106864
 Ave. Gg      L0  =  0.0231971 eV
 Ave. Gg      L1  =  0.0284747 eV
 Ave. Gg      L2  =  0.0209227 eV
 Ave. D       L0  =  5257.75 eV
 Ave. D       L1  =  2628.87 eV
 Ave. D       L2  =  2044.68 eV
 Ave. S       L0  =  6.10098e-05 eV
 Ave. S       L1  =  0.0011413 eV
 Ave. S       L2  =  2.82528e-05 eV
 =========================================
 Calculated capture integral   0.073752 b.
 Calculated thermal (n,g)=          .007433606 b. and recommended= 2.10994 b. (C/E= 0.00352314)
 Calculated RI      (n,g)= 0.073752 b. (no reference value)
 ... tolerances: thermal (n,g) 20 % (reference uncertainties, minimum 2% and 5%, maximum 20%)
 Adjust the capture widths ...
 ... capture adjusted with Gn for 30 resonances (Gn<Gg) and with Gg for 34 resonances
 ... iteration 0: C/E thermal (n,g)= 0.00352314
 Warning: 64 widths limited to a change of a factor 10 from their starting values

 <-------- After adjustment -------->
 ... Import MF2 from TARES calculations
 ... End energy of TARES MF2 : 3.680423E+4 eV and limit to 40000 resonances
 ... File used for reconstruction: new.temp22.reconst
 ... run RECENT ...
 ... Doppler broadened at a unique temperature: 300 Kelvin using sigma1
 ... run SIGMA1 at 3.000000E+02 K.

 ============== INTER values at 300 Kelvin ==============
 Thermal (n,g) xs =  0.0743361 b. (meas/sys: 2.10994 b.) (warning: comparison to be done at 296 or 300 K)
 Th Maxw (n,g) xs =  0.074766 b. (thermal Maxwellian value)
 Westcott factor  =  1.00579
 RI      (n,g)    =  0.60826 b. (meas or sys: - b.)
 MACS 3.000e+04 eV=  0.026917 b. (meas or sys: - b.) from 1.00E+00 to 2.00E+07 eV (end of RRR) at T= 300 Kelvin 
 Thermal (n,el) xs=  4.82014 b.
 RI      (n,el)   =  69.3112 b.
 ============= PSYCHE values ==============
 Ave. G_total L0  =  39.3607 eV
 Ave. G_total L1  =  26.8929 eV
 Ave. G_total L2  =  0.0510391 eV
 Ave. Gn_0    L0  =  0.280677
 Ave. Gn_0    L1  =  4.91851
 Ave. Gn_0    L2  =  1.06864
 Ave. Gg      L0  =  0.231971 eV
 Ave. Gg      L1  =  0.284747 eV
 Ave. Gg      L2  =  0.0209227 eV
 Ave. D       L0  =  5257.75 eV
 Ave. D       L1  =  2628.87 eV
 Ave. D       L2  =  2044.68 eV
 Ave. S       L0  =  6.10098e-05 eV
 Ave. S       L1  =  0.0011413 eV
 Ave. S       L2  =  0.000282528 eV
 =========================================
 ... iteration 1: C/E thermal (n,g)= 0.0352314
 Warning: 64 widths limited to a change of a factor 10 from their starting values

 <-------- After adjustment -------->
 ... Import MF2 from TARES calculations
 ... End energy of TARES MF2 : 3.680423E+4 eV and limit to 40000 resonances
 ... File used for reconstruction: new.temp22.reconst
 ... run RECENT ...
 ... Doppler broadened at a unique temperature: 300 Kelvin using sigma1
 ... run SIGMA1 at 3.000000E+02 K.

 ============== INTER values at 300 Kelvin ==============
 Thermal (n,g) xs =  0.0743361 b. (meas/sys: 2.10994 b.) (warning: comparison to be done at 296 or 300 K)
 Th Maxw (n,g) xs =  0.074766 b. (thermal Maxwellian value)
 Westcott factor  =  1.00579
 RI      (n,g)    =  0.60826 b. (meas or sys: - b.)
 MACS 3.000e+04 eV=  0.026917 b. (meas or sys: - b.) from 1.00E+00 to 2.00E+07 eV (end of RRR) at T= 300 Kelvin 
 Thermal (n,el) xs=  4.82014 b.
 RI      (n,el)   =  69.3112 b.
 ============= PSYCHE values ==============
 Ave. G_total L0  =  39.3607 eV
 Ave. G_total L1  =  26.8929 eV
 Ave. G_total L2  =  0.0510391 eV
 Ave. Gn_0    L0  =  0.280677
 Ave. Gn_0    L1  =  4.91851
 Ave. Gn_0    L2  =  1.06864
 Ave. Gg      L0  =  0.231971 eV
 Ave. Gg      L1  =  0.284747 eV
 Ave. Gg      L2  =  0.0209227 eV
 Ave. D       L0  =  5257.75 eV
 Ave. D       L1  =  2628.87 eV
 Ave. D       L2  =  2044.68 eV
 Ave. S       L0  =  6.10098e-05 eV
 Ave. S       L1  =  0.0011413 eV
 Ave. S       L2  =  0.000282528 eV
 =========================================
 ... iteration 2: C/E thermal (n,g)= 0.0352314
 Warning: no further change possible (widths at the limit of a factor 10): adjustment stopped


 ... ratio C/E thermal (n,g): 3.523145E-02
 ...................................................... 
 ... Adjustment to the thermal cross section : stop ...
 ...................................................... 
 ... new MF2 file after adjustment: n-Mo108
 ... read the file /Users/koning/tares-1.8/source/Module//../../inputs/2025/list.jcs.urr to find URR origin
 Default URR taken from TALYS calculations with level density model: 91n3n12611.2850
 File considered for the URR: /Users/koning/tares-1.8/source/Module//../../inputs/2025/lib.urr/talys.urr/91n3n12611.2850/Mo/urr/urr.dat.Mo.108.000.0.gz
 ... Write URR using TALYS average parameters (not used for HFR)
 Energy limit of the URR set to 47845.5 eV
 ... read D0, S0, Gn and Gg
 ... number of URR energies: 25
 Number of l: 25 and last energy: 5
 Last  URR energy: 47845.5 eV
 ... Enter in urr_correct function case 2
 Modify the higher limit of RRR in MF2
 --> old value: 3.680423+4 eV new value: 3.680423+4 eV
 Modify resonance covariances (MF32) to include correlations in the URR
 End Modify resonance covariances (MF32) to include correlations in the URR
 ... Enter in update_MF32 function
 ... Change uncertainties
 ... for the HFR, random position of the positive resonances with 0.020000 %
 ... end of update MF32 function
 ... GLS calculation of the parameter correlations from the thermal/RI adjustment (MF32c)
 ... MF32: correlations from the thermal/RI adjustment (GLS) for 5 resonances (10 widths), 0 correlation lines
 ...   thermal (n,g): uncertainty from these widths 0.0297801 b. -> 0.029776 b. (reference: 2.10994 +/- 1.79344 b.)
 ... copy the mf2 and mf32 to .mlbw files

 ... Start of final reconstruction and testing ...
 ... Reconstruction of cross sections at 0 Kelvin  ... Import MF2 from TARES calculations
 ... End energy of TARES MF2 : 3.680423E+4 eV and limit to 40000 resonances
 ... File used for reconstruction: n-Mo108.reconst
 ... run RECENT ...
 ... Doppler broadened at a unique temperature: 0 Kelvin using sigma1
 ... The keyword temperature is zero, no Doppler broadening for the MACS

 ============== INTER values at 0 Kelvin ==============
 Thermal (n,g) xs =  0.0742962 b. (meas/sys: 2.10994 b.) (warning: comparison to be done at 296 or 300 K)
 Th Maxw (n,g) xs =  0.074338 b. (thermal Maxwellian value)
 Westcott factor  =  1.00056
 RI      (n,g)    =  0.6076 b. (meas or sys: - b.)
 MACS 3.000e+04 eV=  0.026889 b. (meas or sys: - b.) from 1.00E+00 to 3.68E+04 eV (end of RRR) at T= 0 Kelvin 
 Thermal (n,el) xs=  4.79743 b.
 RI      (n,el)   =  68.8126 b.
 ============= PSYCHE values ==============
 Ave. G_total L0  =  39.3607 eV
 Ave. G_total L1  =  26.8929 eV
 Ave. G_total L2  =  0.0510391 eV
 Ave. Gn_0    L0  =  0.280677
 Ave. Gn_0    L1  =  4.91851
 Ave. Gn_0    L2  =  1.06864
 Ave. Gg      L0  =  0.231971 eV
 Ave. Gg      L1  =  0.284747 eV
 Ave. Gg      L2  =  0.0209227 eV
 Ave. D       L0  =  5257.75 eV
 Ave. D       L1  =  2628.87 eV
 Ave. D       L2  =  2044.68 eV
 Ave. S       L0  =  6.10098e-05 eV
 Ave. S       L1  =  0.0011413 eV
 Ave. S       L2  =  0.000282528 eV
 =========================================
 ... End of final reconstruction and testing ...

 ... grouping is not optimum, change to 70 groups
 ... Produce MF33 based on MF32 and 6 random files
 ... MF3 of n-Mo108.reconst (3 sections) added to the files for ENDSAM
 ... run endsam for 6 in groups of 1 global run
 ... run endsam from 1 to 6
 ... random files: total width GT set to Gn+Gg+Gf (384 resonances in 6 files)
 ... reorder resonance position after endsam (sampling)
 ... preparing the vectors  ... done
 ... nominal file 0 Cap(th)  ave= 7.430E-02 b. +/- 0.00 % || Ela(th) ave= 4.797E+00 b. +/- 0.00 % || RIcap ave= 6.08E-01 b. +/- 0.00 % || Macs30 ave= 2.69E-02 b. +/- 0.00 % || Gn^0(l=0) ave= 2.807E-01 +/- 0.00 % Gn^0(l=1) ave= 4.919E+00 +/- 0.00 % Gn^0(l=2) ave= 1.069E+00 +/- 0.00 % Gn^0(l=3) ave= 0.000E+00 +/- 0.00 % || Gtotal(l=0) ave= 3.936E+01 +/- 0.00 % Gtotal(l=1) ave= 2.689E+01 +/- 0.00 % Gtotal(l=2) ave= 5.104E-02 +/- 0.00 % Gtotal(l=3) ave= 0.000E+00 +/- 0.00 %  % || Gg(l=0) ave= 2.320E-01 +/- 0.00 % Gg(l=1) ave= 2.847E-01 +/- 0.00 % Gg(l=2) ave= 2.092E-02 +/- 0.00 % Gg(l=3) ave= 0.000E+00 +/- 0.00 %  % || D(l=0) ave= 5.258E+03 +/- 0.00 % D(l=1) ave= 2.629E+03 +/- 0.00 % D(l=2) ave= 2.045E+03 +/- 0.00 % D(l=3) ave= 0.000E+00 +/- 0.00 %  % || S(l=0) ave= 6.101E-05 +/- 0.00 % S(l=1) ave= 1.141E-03 +/- 0.00 % S(l=2) ave= 2.825E-04 +/- 0.00 % S(l=3) ave= 0.000E+00 +/- 0.00 % 
 ... random file  1 Cap(th)  ave= 6.433E-02 b. +/- 15.49 % || Ela(th) ave= 4.690E+00 b. +/- 2.28 % || RIcap ave= 6.01E-01 b. +/- 1.11 % || Macs30 ave= 2.70E-02 b. +/- 0.25 % || Gn^0(l=0) ave= 2.745E-01 +/- 2.26 % Gn^0(l=1) ave= 5.041E+00 +/- 2.43 % Gn^0(l=2) ave= 1.117E+00 +/- 4.31 % Gn^0(l=3) ave= 0.000E+00 +/- 0.00 % || Gtotal(l=0) ave= 3.716E+01 +/- 5.91 % Gtotal(l=1) ave= 2.691E+01 +/- 0.05 % Gtotal(l=2) ave= 5.210E-02 +/- 2.03 % Gtotal(l=3) ave= 0.000E+00 +/- 0.00 %  % || Gg(l=0) ave= 2.291E-01 +/- 1.25 % Gg(l=1) ave= 2.840E-01 +/- 0.28 % Gg(l=2) ave= 2.204E-02 +/- 5.05 % Gg(l=3) ave= 0.000E+00 +/- 0.00 %  % || D(l=0) ave= 5.696E+03 +/- 7.69 % D(l=1) ave= 2.629E+03 +/- 0.00 % D(l=2) ave= 2.045E+03 +/- 0.00 % D(l=3) ave= 0.000E+00 +/- 0.00 %  % || S(l=0) ave= 5.602E-05 +/- 8.92 % S(l=1) ave= 1.171E-03 +/- 2.51 % S(l=2) ave= 2.954E-04 +/- 4.36 % S(l=3) ave= 0.000E+00 +/- 0.00 % 
 ... random file  2 Cap(th)  ave= 5.985E-02 b. +/- 17.24 % || Ela(th) ave= 4.793E+00 b. +/- 3.54 % || RIcap ave= 5.58E-01 b. +/- 10.92 % || Macs30 ave= 2.60E-02 b. +/- 5.12 % || Gn^0(l=0) ave= 2.738E-01 +/- 1.88 % Gn^0(l=1) ave= 4.943E+00 +/- 3.44 % Gn^0(l=2) ave= 1.074E+00 +/- 6.70 % Gn^0(l=3) ave= 0.000E+00 +/- 0.00 % || Gtotal(l=0) ave= 3.665E+01 +/- 5.29 % Gtotal(l=1) ave= 2.690E+01 +/- 0.05 % Gtotal(l=2) ave= 5.161E-02 +/- 2.14 % Gtotal(l=3) ave= 0.000E+00 +/- 0.00 %  % || Gg(l=0) ave= 2.092E-01 +/- 13.52 % Gg(l=1) ave= 2.723E-01 +/- 6.05 % Gg(l=2) ave= 2.148E-02 +/- 5.62 % Gg(l=3) ave= 0.000E+00 +/- 0.00 %  % || D(l=0) ave= 5.842E+03 +/- 7.07 % D(l=1) ave= 2.629E+03 +/- 0.00 % D(l=2) ave= 2.045E+03 +/- 0.00 % D(l=3) ave= 0.000E+00 +/- 0.00 %  % || S(l=0) ave= 5.463E-05 +/- 8.29 % S(l=1) ave= 1.148E-03 +/- 3.46 % S(l=2) ave= 2.841E-04 +/- 6.72 % S(l=3) ave= 0.000E+00 +/- 0.00 % 
 ... random file  3 Cap(th)  ave= 5.969E-02 b. +/- 14.97 % || Ela(th) ave= 5.007E+00 b. +/- 7.96 % || RIcap ave= 5.78E-01 b. +/- 10.92 % || Macs30 ave= 2.55E-02 b. +/- 5.52 % || Gn^0(l=0) ave= 2.726E-01 +/- 1.81 % Gn^0(l=1) ave= 4.758E+00 +/- 7.43 % Gn^0(l=2) ave= 9.995E-01 +/- 14.35 % Gn^0(l=3) ave= 0.000E+00 +/- 0.00 % || Gtotal(l=0) ave= 3.624E+01 +/- 5.02 % Gtotal(l=1) ave= 2.690E+01 +/- 0.06 % Gtotal(l=2) ave= 5.105E-02 +/- 2.68 % Gtotal(l=3) ave= 0.000E+00 +/- 0.00 %  % || Gg(l=0) ave= 2.169E-01 +/- 12.85 % Gg(l=1) ave= 2.580E-01 +/- 11.11 % Gg(l=2) ave= 2.092E-02 +/- 6.76 % Gg(l=3) ave= 0.000E+00 +/- 0.00 %  % || D(l=0) ave= 5.915E+03 +/- 6.41 % D(l=1) ave= 2.629E+03 +/- 0.00 % D(l=2) ave= 2.045E+03 +/- 0.00 % D(l=3) ave= 0.000E+00 +/- 0.00 %  % || S(l=0) ave= 5.376E-05 +/- 7.81 % S(l=1) ave= 1.104E-03 +/- 7.55 % S(l=2) ave= 2.644E-04 +/- 14.36 % S(l=3) ave= 0.000E+00 +/- 0.00 % 
 ... random file  4 Cap(th)  ave= 6.420E-02 b. +/- 18.77 % || Ela(th) ave= 5.040E+00 b. +/- 7.19 % || RIcap ave= 5.64E-01 b. +/- 11.27 % || Macs30 ave= 2.50E-02 b. +/- 6.62 % || Gn^0(l=0) ave= 2.742E-01 +/- 2.00 % Gn^0(l=1) ave= 4.725E+00 +/- 6.83 % Gn^0(l=2) ave= 9.859E-01 +/- 13.30 % Gn^0(l=3) ave= 0.000E+00 +/- 0.00 % || Gtotal(l=0) ave= 3.685E+01 +/- 5.50 % Gtotal(l=1) ave= 2.687E+01 +/- 0.18 % Gtotal(l=2) ave= 5.140E-02 +/- 2.75 % Gtotal(l=3) ave= 0.000E+00 +/- 0.00 %  % || Gg(l=0) ave= 2.034E-01 +/- 18.06 % Gg(l=1) ave= 2.594E-01 +/- 9.95 % Gg(l=2) ave= 2.125E-02 +/- 6.71 % Gg(l=3) ave= 0.000E+00 +/- 0.00 %  % || D(l=0) ave= 5.784E+03 +/- 7.42 % D(l=1) ave= 2.629E+03 +/- 0.00 % D(l=2) ave= 2.045E+03 +/- 0.00 % D(l=3) ave= 0.000E+00 +/- 0.00 %  % || S(l=0) ave= 5.521E-05 +/- 8.60 % S(l=1) ave= 1.097E-03 +/- 6.95 % S(l=2) ave= 2.607E-04 +/- 13.33 % S(l=3) ave= 0.000E+00 +/- 0.00 % 
 ... random file  5 Cap(th)  ave= 6.462E-02 b. +/- 17.08 % || Ela(th) ave= 4.989E+00 b. +/- 7.01 % || RIcap ave= 5.61E-01 b. +/- 10.41 % || Macs30 ave= 2.49E-02 b. +/- 6.09 % || Gn^0(l=0) ave= 2.753E-01 +/- 2.00 % Gn^0(l=1) ave= 4.768E+00 +/- 6.49 % Gn^0(l=2) ave= 1.003E+00 +/- 12.53 % Gn^0(l=3) ave= 0.000E+00 +/- 0.00 % || Gtotal(l=0) ave= 3.726E+01 +/- 5.55 % Gtotal(l=1) ave= 2.687E+01 +/- 0.17 % Gtotal(l=2) ave= 5.114E-02 +/- 2.76 % Gtotal(l=3) ave= 0.000E+00 +/- 0.00 %  % || Gg(l=0) ave= 2.037E-01 +/- 16.47 % Gg(l=1) ave= 2.586E-01 +/- 9.13 % Gg(l=2) ave= 2.102E-02 +/- 6.66 % Gg(l=3) ave= 0.000E+00 +/- 0.00 %  % || D(l=0) ave= 5.696E+03 +/- 7.69 % D(l=1) ave= 2.629E+03 +/- 0.00 % D(l=2) ave= 2.045E+03 +/- 0.00 % D(l=3) ave= 0.000E+00 +/- 0.00 %  % || S(l=0) ave= 5.617E-05 +/- 8.61 % S(l=1) ave= 1.107E-03 +/- 6.61 % S(l=2) ave= 2.653E-04 +/- 12.56 % S(l=3) ave= 0.000E+00 +/- 0.00 % 
 ... random file  6 Cap(th)  ave= 6.485E-02 b. +/- 15.78 % || Ela(th) ave= 4.796E+00 b. +/- 11.95 % || RIcap ave= 5.41E-01 b. +/- 13.20 % || Macs30 ave= 2.57E-02 b. +/- 9.10 % || Gn^0(l=0) ave= 2.756E-01 +/- 1.87 % Gn^0(l=1) ave= 4.998E+00 +/- 12.67 % Gn^0(l=2) ave= 1.120E+00 +/- 27.68 % Gn^0(l=3) ave= 0.000E+00 +/- 0.00 % || Gtotal(l=0) ave= 3.750E+01 +/- 5.34 % Gtotal(l=1) ave= 2.689E+01 +/- 0.28 % Gtotal(l=2) ave= 5.158E-02 +/- 3.29 % Gtotal(l=3) ave= 0.000E+00 +/- 0.00 %  % || Gg(l=0) ave= 2.239E-01 +/- 26.11 % Gg(l=1) ave= 2.749E-01 +/- 16.58 % Gg(l=2) ave= 2.147E-02 +/- 7.93 % Gg(l=3) ave= 0.000E+00 +/- 0.00 %  % || D(l=0) ave= 5.633E+03 +/- 7.70 % D(l=1) ave= 2.629E+03 +/- 0.00 % D(l=2) ave= 2.045E+03 +/- 0.00 % D(l=3) ave= 0.000E+00 +/- 0.00 %  % || S(l=0) ave= 5.676E-05 +/- 8.29 % S(l=1) ave= 1.159E-03 +/- 12.57 % S(l=2) ave= 2.963E-04 +/- 27.66 % S(l=3) ave= 0.000E+00 +/- 0.00 % 
 ... Histogram plot for thermal (n,g)
 ... Write covariances  ... MT1  ... plot correlations
 ... MT2  ... MT102 


 ================================================
 ============== From 6 random values === start ======
 Thermal (n,tot) xs  0 K =  4.86076 b. +/- 0.573031 b. ( 11.7889 %) skew= -0.67 +/- 0.79
 Thermal (n,el) xs   0 K =  4.79591 b. +/- 0.573083 b. ( 11.9494 %) skew= -0.67 +/- 0.79
 Thermal (n,g) xs    0 K =  0.0648499 b. +/- 0.0102355 b. ( 15.7834 %) skew= +0.27 +/- 0.79
 RI      (n,g)       0 K =  0.541409 b. +/- 0.0714811 b. ( 13.2028 %) 
 MACS    (n,g)       0 K (at Emacs= 30000 eV) =  0.0257107 b. +/- 0.00234019 b. ( 9.10201 %) 
 Ave. Gtotal  L=0        =  3.750E+01 +/- 5.34 %
 Ave. Gn^(0)  L=0        =  2.756E-01 +/- 1.87 %
 Ave. Gg      L=0        =  2.239E-01 +/- 26.11 %
 Ave. D       L=0        =  5.633E+03 +/- 7.70 %
 Ave. S       L=0        =  5.676E-05 +/- 8.29 %
 Ave. Gtotal  L=1        =  2.689E+01 +/- 0.28 %
 Ave. Gn^(1)  L=1        =  4.998E+00 +/- 12.67 %
 Ave. Gg      L=1        =  2.749E-01 +/- 16.58 %
 Ave. D       L=1        =  2.629E+03 +/- 0.00 %
 Ave. S       L=1        =  1.159E-03 +/- 12.57 %
 Ave. Gtotal  L=2        =  5.158E-02 +/- 3.29 %
 Ave. Gn^(2)  L=2        =  1.120E+00 +/- 27.68 %
 Ave. Gg      L=2        =  2.147E-02 +/- 7.93 %
 Ave. D       L=2        =  2.045E+03 +/- 0.00 %
 Ave. S       L=2        =  2.963E-04 +/- 27.66 %

 Expected Thermal (n,g) (syst or meas)= 2.10994 b. +/- 1.79344 b. nominal: 0.0742962 b.
 ratio Calculated/expected thermal (n,g): 0.03 ratio DCalculated/Dexpected: 0.01 ratio Calculated/Nominal: 0.87
 ============== From 6 random values ===== stop ======
 ================================================
 ... Calculation of (n,a) and (n,p) cross sections at 300 K
 <<(n,a) Q-value negative for this element>> ... (n,p) Q-value negative for this element
 ... Rewrite index for MF2
 ... Write text for MF1 in file mf1.tares.txt
 ... plotting cross sections for the MF1
 ... order output files


================== summary ==================
 Thermal (n,tot) xs = 4.87173 b. 
 Thermal (n,el)  xs = 4.79743 b. 
 Thermal (n,g)   xs = 0.0742962 b. (meas/sys: 2.10994 b.)
 At 300 K (thermal adjustment): (n,el) = 4.82014 b., (n,g) = 0.0743361 b.

 RI      (n,g)      = 0.6076 b. (meas or sys: - b.)
 RI      (n,el)     = 68.8126 b.
=============================================


 ... cleaning
                                                 
  -------------------------------------------------------------
  -                                                           -
  - TARES: successful end of run with data from hypothetical  -
  - resonances for  Z= 42, A= 108 and isomer= 0               -
  - half-life: 1.105000 sec. 
  -                                                           -
  -------------------------------------------------------------

   Running time:       9 seconds

 End time: Fri Oct  9 13:17:22 2026

