
  -------------------------------------------------------------
  -                                                           -
  -              Welcome to TARES version 1.8                 -
  -                                                           -
  -  (C) Copyright 2007-2025 D. Rochman, All Rights Reserved  -
  -           NRG, Petten, the Netherlands 2007-2014          -
  -           PSI, Villigen    Switzerland 2015-2025          -
  -         Nagra, Wettingen   Switzerland 2025-              -
  -           (Last Modified October 06, 2026)                -
  -           (Database from October 06, 2026)                -
  -                                                           -
  -------------------------------------------------------------


  ---------------------------------------------
   Compilation information:
   Compiled on:         Oct  8 2026, 18:36:06
   Compiled by:         koning
   Compiler version:    clang++ - 21.0.0
   Source location:     /Users/koning/tares-1.8/source/Module/
   Binaries location:   /Users/koning/bin
   System:              Darwin 25.6.0
   System version:      Darwin Kernel Version 25.6.0: Fri Jul 31 19:19:08 PDT 2026; root:xnu-12377.161.14~5/RELEASE_ARM64_T6050  
   Machine:             arm64 
  ---------------------------------------------

   User information:
   User name:           koning
   Running directory:   /Users/koning/tendl/resbase/In117m/work
   Owner mode for running directory : rwx
   Group mode for running directory : r-x
  ---------------------------------------------


 Starting time: Fri Oct  9 11:45:26 2026
 ... inputs directory found (/Users/koning/tares-1.8/source/Module//../../inputs/).
 ... It will be used for resonance parameters 
 ... ###############################################
 ... #     read the input file tares.inp
 ... ###############################################
 ... line: #
 ... line: # Input file generated by Autorochman
          --> line not read
 ... line: #
 ... line: isotope    In
          --> Isotope name: In
 ... line: mass       117
          --> isotopic mass: 117
 ... line: output     n-In117m
         ---> Name of the output files: n-In117m
 ... line: isomer     1
          --> isomeric state: 1
 ... line: mf32mf33   y
          --> MF33 based on MF32: y
 ... line: nbrRandom  10
          --> Nbr of random files: 10
 ... ###############################################
 ... # end read the input file tares.inp
 ... ###############################################
Value for random generator type not considered in since Tares 1.7 due to compilation issues

 ... ###############################################
     #   Interpretation of the Input definition    #
     ###############################################

 ... Default energy limit: End of resonance region
 ... Nuclear charge    = 49
 ... Element           = In
 ... Mass              = 117
 ... Isomer            = 1
 ... Correlation for (Gn,Gg) not included in random files
 ... Default random option: No random
 ... Output name: n-In117m
 ... Energy for the MACS: 30000 eV
 ... Resonances from CALENDF reduced (reduce=y) 
 ... For URR, level density model from TALYS selected: 91n3n12611.2850 (see manual for description)
 ... Random Generator: default (pseudo random numbers from ansi c++)
 ... Reconstruction of cross section selected
 ... Doppler broadening at 0 Kelvin
 ... URR not included (from the input file flag)
 ... Weight for grouping is flat
 ... Calculation of (n,alpha) cross section selected
 ... Number of digit for MF32c covariance representation: 2
 ... MF32 included
 ... MF33 will be used for covariance processing
 ... TENDL option set to yes (automatic choice of MF2 and format)
 ... Isotope not found in the best file --> use of MLBW formalism
 ... default option: Multi level Breit Wigner approximation selected
 ... (check file best.tendl.yes for changing this option)
 ... Retroactive option set to no with the 2025 option

 ... ###############################################
     #           End of Input definition           #
     ###############################################

 ... gnuplot found, will be used for plotting
 ... latex found, will be used for plotting
 ... dvips found, will be used for plotting
 ... ps2epsi not found, limited plotting available
 ... uncertainties on default parameters multiplied by 1.20637
 ... Read resonance data from the 2025 directory
 ... Resonance parameters taken from /Users/koning/tares-1.8/source/Module//../../inputs/2025/Resonance/default/
 ---> Processing Z= 49 and A= 117 and isomer= 1 (level number: 1)
 Exfor path; Could not find /Users/koning/tares-1.8/source/Module//../../inputs/exfor/In117m/xs/102
Thermal file; Could not open file /Users/koning/tares-1.8/source/Module//../../inputs/2025/runThermal/results//thermal.mxw.ng.cendl3.1
Thermal file; Could not open file /Users/koning/tares-1.8/source/Module//../../inputs/2025/runThermal/results//thermal.mxw.ng.brond3.1
Thermal file; Could not open file /Users/koning/tares-1.8/source/Module//../../inputs/2025/runThermal/results//thermal.xs.ng.unc.cendl3.1
 ... spin taken from the final/ directory (1)

 ... ###############################################
 ... #  Nucleus global parameters (2025 database)  #
 ... ###############################################
 0. Half-life: 1.93667 hours
 ... Scattering radius from TALYS: /Users/koning/tares-1.8/source/Module//../../inputs/2025/lib.urr/talys.urr/
 1. Spin of the target isotope: 0.5
 2. Relative Atomic Mass of the target isotope: 116.904
 3. Level of the isomer: 0.315303 MeV (level number 1)
 4. Scattering radius (local compilation): 6.49883 fm +/- 0.136475 fm
      .......................................
      ... Thermal capture cross sections: ...
 ... ratio of 1.33928 applied for isomeric cross section (isomer/ground)
 5. Thermal (n,g) cross section from systematics (TALYS, urr.dat): 29.4658 +/- 14.7329 b.
 6. Thermal (n,g) cross section from compilation (Firestone-2022 average on element In): 195 +/- 3 b.
 7. Thermal (n,g) cross section from compilation (Firestone-2022 final on element In): 194.2 +/- 1.6 b.
      .......................................
      ...  Thermal total cross sections:  ...
      .......................................
      ... Thermal elastic cross sections: ...
 8. Thermal (n,el) cross section from potential (4piR^2): 8.16747 +/- 0.408373 b.
      .......................................
             ... Resonance integral: ...
 9. No capture integral found in /Users/koning/tares-1.8/source/Module//../../inputs/capture.integral
 ... no RI(n,g) found in local compilation, take 2018 value.
 ... no RI(n,g) found in local compilation, take Sukhoruchkin value.
   ---- MACS 30 keV ----- 
 10. TALYS MACS 30 keV (HF): 0.000131638 b. 
   ---------- S0 -------- 
 11. S0 from TALYS: 0.686899
   ---------- S1 -------- 
 12. S1 from TALYS: 3.4252
   ---------- S2 -------- 
 13. S2 from TALYS: 0.571522
   ---------- D0 -------- 
 14. D0 from TALYS: 35.5378 eV
   ---------- D1 -------- 
 15. D1 from TALYS: 16.5079 eV
   ---------- D2 -------- 
 16. D2 from TALYS: 10.6244 eV
   ---------- G0 -------- 
 17. Gg0 from TALYS: 0.122441 eV
   ---------- G1 -------- 
 18. Gg1 from TALYS: 0.120694 eV
   ---------- G2 -------- 
 19. Gg2 from TALYS: 0.119766 eV


   ---------------------- 
 ... Read resonance parameters (format: 2: Multi Level Breit Wigner)
 ... 0 resonances found 
 ... possibly no resonances in the Resonance directory for this isotope and options
 ... Use HFR (ladder) behavior 
 --> 21. Number of resonances from the input file: 2 up to 17.7689 eV
 22. Read nuclear quantities (mass, MAT...)
 23. Read thermal (n,g) xs 
 24. Read the scattering radius 
 25. Read uncertainty on Gg for 2 resonances
 26. Read uncertainty on Gg for 2 resonances ... done
 ... order resonances 
 ... Upper limit for the RRR: 17.7689 eV (no statistical resonances HFR) from the limit.RRR file
 ... Write parameters for l=0 waves
 ... End writing original MF2 
 ... No RRR in the database: uncertainties on default parameters multiplied by 1.99753
 ... Enter in urr function (ladder option set to y) for file n-In117m
 ... read the file /Users/koning/tares-1.8/source/Module//../../inputs/2025/list.jcs.urr to find URR origin
 Default URR taken from TALYS calculations with level density model: 91n3n12611.2850
 File considered for the URR: /Users/koning/tares-1.8/source/Module//../../inputs/2025/lib.urr/talys.urr/91n3n12611.2850/In/urr/urr.dat.In.117.001.1.gz
 ... Write URR using TALYS average parameters (used for HFR)
 ... Limit of URR changed to 25 keV (recommendation from WPEC and JEFF)
 ... Extract the Sn value from file ./urr.dat.In.117.1.1
 ... found Sn= 6.35646 MeV
 ... estimated number of resonances up to 12931.7 eV:  1 resonances
 ... This is a test here. The higher energy limit to include URR data for calendf is set to max Sn. 24/03/2016
 ... Use Sn to define the maximum energy for the URR: Sn= 6.35646 MeV --> last_energyURR= 12931.7 eV
 ... read D0, S0, Gn and Gg
 ... number of URR energies: 1696
 Number of l: 1696 and last energy: 8
 Last  URR energy: 12931.7 eV
 ... Enter in to_MLBW_mf2 function
 ... Convert to Multi Level Breit Wigner (MLBW)
 ... Write parameter covariances (MF32) for l=0
 ... Convert parameter covariances (MF32) to MLBW
 ... copy the mf2 and mf32 to .mlbw files
 ... Enter in urr_correct function case 1
 Modify the higher limit of RRR in MF2
 --> old value: 1.785774+1 eV new value: 1.000000-2 eV
 Modify resonance covariances (MF32) to include correlations in the URR
 End Modify resonance covariances (MF32) to include correlations in the URR
 ... Enter in calendf_xs function
 Use CALENDF for statistical resonances (update MF2) up to 1.293170+4 eV (initial limit)
 Extract resonances from CALENDF for RRR->URR 2
 2565 statistical resonances found
 After reduction, 1877 statistical resonances found
 ... checking resonance order 1
 ... checking resonance order 2nd round for 1873 resonances
 ... end checking resonance order 2nd round
 Too many resonances (1873): reduced to 100.
 .......................................................
 ... Adjustment to the thermal cross section : start ...
 .......................................................
 ... ratio of 1.33928 applied for isomeric cross section (isomer/ground)

 Before adjustment (adjustment to the thermal cross section set to y)
 ... Import MF2 from TARES calculations
 ... End energy of TARES MF2 : 1.745165E+3 eV and limit to 40000 resonances
 ... File used for reconstruction: new.temp22.reconst
 ... run RECENT ...
 ... Doppler broadened at a unique temperature: 300 Kelvin using sigma1
 ... run SIGMA1 at 3.000000E+02 K.

 ============== INTER values at 300 Kelvin ==============
 Thermal (n,g) xs =  12.6452 b. (meas/sys: 29.4658 b.) (warning: comparison to be done at 296 or 300 K)
 Th Maxw (n,g) xs =  12.716 b. (thermal Maxwellian value)
 Westcott factor  =  1.00562
 RI      (n,g)    =  253.189 b. (meas or sys: - b.)
 MACS 3.000e+04 eV=  0.52716 b. (meas or sys: - b.) from 1.00E+00 to 2.00E+07 eV (end of RRR) at T= 300 Kelvin 
 Thermal (n,el) xs=  4.6678 b.
 RI      (n,el)   =  103.124 b.
 ============= PSYCHE values ==============
 Ave. G_total L0  =  0.240371 eV
 Ave. G_total L1  =  0.123417 eV
 Ave. G_total L2  =  0.116196 eV
 Ave. Gn_0    L0  =  0.00450676
 Ave. Gn_0    L1  =  0.0588189
 Ave. Gn_0    L2  =  0.0129943
 Ave. Gg      L0  =  0.120526 eV
 Ave. Gg      L1  =  0.118199 eV
 Ave. Gg      L2  =  0.116196 eV
 Ave. D       L0  =  34.2189 eV
 Ave. D       L1  =  83.1031 eV
 Ave. D       L2  =  581.722 eV
 Ave. S       L0  =  6.35946e-05 eV
 Ave. S       L1  =  0.000165036 eV
 Ave. S       L2  =  7.49472e-06 eV
 =========================================
 Calculated capture integral   253.189 b.
 Calculated thermal (n,g)=          12.6451953 b. and recommended= 29.4658 b. (C/E= 0.429149)
 Calculated RI      (n,g)= 253.189 b. (no reference value)
 ... tolerances: thermal (n,g) 20 % (reference uncertainties, minimum 2% and 5%, maximum 20%)
 Adjust the capture widths ...
 ... capture adjusted with Gn for 82 resonances (Gn<Gg) and with Gg for 18 resonances
 ... iteration 0: C/E thermal (n,g)= 0.429149

 <-------- After adjustment -------->
 ... Import MF2 from TARES calculations
 ... End energy of TARES MF2 : 1.745165E+3 eV and limit to 40000 resonances
 ... File used for reconstruction: new.temp22.reconst
 ... run RECENT ...
 ... Doppler broadened at a unique temperature: 300 Kelvin using sigma1
 ... run SIGMA1 at 3.000000E+02 K.

 ============== INTER values at 300 Kelvin ==============
 Thermal (n,g) xs =  24.1619 b. (meas/sys: 29.4658 b.) (warning: comparison to be done at 296 or 300 K)
 Th Maxw (n,g) xs =  24.298 b. (thermal Maxwellian value)
 Westcott factor  =  1.00562
 RI      (n,g)    =  423.161 b. (meas or sys: - b.)
 MACS 3.000e+04 eV=  0.53023 b. (meas or sys: - b.) from 1.00E+00 to 2.00E+07 eV (end of RRR) at T= 300 Kelvin 
 Thermal (n,el) xs=  3.80214 b.
 RI      (n,el)   =  198.992 b.
 ============= PSYCHE values ==============
 Ave. G_total L0  =  0.295745 eV
 Ave. G_total L1  =  0.128168 eV
 Ave. G_total L2  =  0.116197 eV
 Ave. Gn_0    L0  =  0.00578575
 Ave. Gn_0    L1  =  0.112389
 Ave. Gn_0    L2  =  0.0248289
 Ave. Gg      L0  =  0.154427 eV
 Ave. Gg      L1  =  0.118199 eV
 Ave. Gg      L2  =  0.116196 eV
 Ave. D       L0  =  34.2189 eV
 Ave. D       L1  =  83.1031 eV
 Ave. D       L2  =  581.722 eV
 Ave. S       L0  =  8.42789e-05 eV
 Ave. S       L1  =  0.000315344 eV
 Ave. S       L2  =  1.43206e-05 eV
 =========================================
 ... iteration 1: C/E thermal (n,g)= 0.82


 ... ratio C/E thermal (n,g): 8.199998E-01
 ...................................................... 
 ... Adjustment to the thermal cross section : stop ...
 ...................................................... 
 ... new MF2 file after adjustment: n-In117m
 ... read the file /Users/koning/tares-1.8/source/Module//../../inputs/2025/list.jcs.urr to find URR origin
 Default URR taken from TALYS calculations with level density model: 91n3n12611.2850
 File considered for the URR: /Users/koning/tares-1.8/source/Module//../../inputs/2025/lib.urr/talys.urr/91n3n12611.2850/In/urr/urr.dat.In.117.001.1.gz
 ... Write URR using TALYS average parameters (not used for HFR)
 ... Limit of URR changed to 25 keV (recommendation from WPEC and JEFF)
 Energy limit of the URR set to 2268.71 eV
 ... read D0, S0, Gn and Gg
 ... number of URR energies: 24
 Number of l: 24 and last energy: 8
 Last  URR energy: 2268.71 eV
 ... Enter in urr_correct function case 2
 Modify the higher limit of RRR in MF2
 --> old value: 1.745165+3 eV new value: 1.745165+3 eV
 Modify resonance covariances (MF32) to include correlations in the URR
 End Modify resonance covariances (MF32) to include correlations in the URR
 ... Enter in update_MF32 function
 ... Change uncertainties
 ... for the HFR, random position of the positive resonances with 0.020000 %
 ... end of update MF32 function
 ... GLS calculation of the parameter correlations from the thermal/RI adjustment (MF32c)
 ... MF32: correlations from the thermal/RI adjustment (GLS) for 10 resonances (20 widths), 4 correlation lines
 ...   thermal (n,g): uncertainty from these widths 5.97012 b. -> 5.5331 b. (reference: 29.4658 +/- 14.7329 b.)
 ... copy the mf2 and mf32 to .mlbw files

 ... Start of final reconstruction and testing ...
 ... Reconstruction of cross sections at 0 Kelvin  ... Import MF2 from TARES calculations
 ... End energy of TARES MF2 : 1.745165E+3 eV and limit to 40000 resonances
 ... File used for reconstruction: n-In117m.reconst
 ... run RECENT ...
 ... Doppler broadened at a unique temperature: 0 Kelvin using sigma1
 ... The keyword temperature is zero, no Doppler broadening for the MACS

 ============== INTER values at 0 Kelvin ==============
 Thermal (n,g) xs =  24.1491 b. (meas/sys: 29.4658 b.) (warning: comparison to be done at 296 or 300 K)
 Th Maxw (n,g) xs =  24.158 b. (thermal Maxwellian value)
 Westcott factor  =  1.00038
 RI      (n,g)    =  423.027 b. (meas or sys: - b.)
 MACS 3.000e+04 eV=  0.52702 b. (meas or sys: - b.) from 1.00E+00 to 1.75E+03 eV (end of RRR) at T= 0 Kelvin 
 Thermal (n,el) xs=  3.78568 b.
 RI      (n,el)   =  198.947 b.
 ============= PSYCHE values ==============
 Ave. G_total L0  =  0.295745 eV
 Ave. G_total L1  =  0.128168 eV
 Ave. G_total L2  =  0.116197 eV
 Ave. Gn_0    L0  =  0.00578575
 Ave. Gn_0    L1  =  0.112389
 Ave. Gn_0    L2  =  0.0248289
 Ave. Gg      L0  =  0.154427 eV
 Ave. Gg      L1  =  0.118199 eV
 Ave. Gg      L2  =  0.116196 eV
 Ave. D       L0  =  34.2189 eV
 Ave. D       L1  =  83.1031 eV
 Ave. D       L2  =  581.722 eV
 Ave. S       L0  =  8.42789e-05 eV
 Ave. S       L1  =  0.000315344 eV
 Ave. S       L2  =  1.43206e-05 eV
 =========================================
 ... End of final reconstruction and testing ...

 ... grouping is not optimum, change to 70 groups
 ... Produce MF33 based on MF32 and 10 random files
 ... MF3 of n-In117m.reconst (3 sections) added to the files for ENDSAM
 ... run endsam for 10 in groups of 1 global run
 ... run endsam from 1 to 10
 ... random files: total width GT set to Gn+Gg+Gf (1000 resonances in 10 files)
 ... reorder resonance position after endsam (sampling)
 ... preparing the vectors  ... done
 ... nominal file 0 Cap(th)  ave= 2.415E+01 b. +/- 0.00 % || Ela(th) ave= 3.786E+00 b. +/- 0.00 % || RIcap ave= 4.23E+02 b. +/- 0.00 % || Macs30 ave= 5.27E-01 b. +/- 0.00 % || Gn^0(l=0) ave= 5.786E-03 +/- 0.00 % Gn^0(l=1) ave= 1.124E-01 +/- 0.00 % Gn^0(l=2) ave= 2.483E-02 +/- 0.00 % Gn^0(l=3) ave= 0.000E+00 +/- 0.00 % || Gtotal(l=0) ave= 2.957E-01 +/- 0.00 % Gtotal(l=1) ave= 1.282E-01 +/- 0.00 % Gtotal(l=2) ave= 1.162E-01 +/- 0.00 % Gtotal(l=3) ave= 0.000E+00 +/- 0.00 %  % || Gg(l=0) ave= 1.544E-01 +/- 0.00 % Gg(l=1) ave= 1.182E-01 +/- 0.00 % Gg(l=2) ave= 1.162E-01 +/- 0.00 % Gg(l=3) ave= 0.000E+00 +/- 0.00 %  % || D(l=0) ave= 3.422E+01 +/- 0.00 % D(l=1) ave= 8.310E+01 +/- 0.00 % D(l=2) ave= 5.817E+02 +/- 0.00 % D(l=3) ave= 0.000E+00 +/- 0.00 %  % || S(l=0) ave= 8.428E-05 +/- 0.00 % S(l=1) ave= 3.153E-04 +/- 0.00 % S(l=2) ave= 1.432E-05 +/- 0.00 % S(l=3) ave= 0.000E+00 +/- 0.00 % 
 ... random file  1 Cap(th)  ave= 2.622E+01 b. +/- 7.91 % || Ela(th) ave= 3.483E+00 b. +/- 8.68 % || RIcap ave= 4.29E+02 b. +/- 1.30 % || Macs30 ave= 5.27E-01 b. +/- 0.04 % || Gn^0(l=0) ave= 5.853E-03 +/- 1.15 % Gn^0(l=1) ave= 1.211E-01 +/- 7.17 % Gn^0(l=2) ave= 2.906E-02 +/- 14.56 % Gn^0(l=3) ave= 0.000E+00 +/- 0.00 % || Gtotal(l=0) ave= 2.988E-01 +/- 1.02 % Gtotal(l=1) ave= 1.306E-01 +/- 1.85 % Gtotal(l=2) ave= 1.179E-01 +/- 1.47 % Gtotal(l=3) ave= 0.000E+00 +/- 0.00 %  % || Gg(l=0) ave= 1.559E-01 +/- 0.92 % Gg(l=1) ave= 1.206E-01 +/- 2.01 % Gg(l=2) ave= 1.179E-01 +/- 1.47 % Gg(l=3) ave= 0.000E+00 +/- 0.00 %  % || D(l=0) ave= 3.456E+01 +/- 0.99 % D(l=1) ave= 8.310E+01 +/- 0.00 % D(l=2) ave= 5.817E+02 +/- 0.00 % D(l=3) ave= 0.000E+00 +/- 0.00 %  % || S(l=0) ave= 8.440E-05 +/- 0.14 % S(l=1) ave= 3.399E-04 +/- 7.21 % S(l=2) ave= 1.676E-05 +/- 14.56 % S(l=3) ave= 0.000E+00 +/- 0.00 % 
 ... random file  2 Cap(th)  ave= 2.601E+01 b. +/- 6.61 % || Ela(th) ave= 3.531E+00 b. +/- 7.25 % || RIcap ave= 4.31E+02 b. +/- 1.35 % || Macs30 ave= 5.27E-01 b. +/- 0.05 % || Gn^0(l=0) ave= 5.866E-03 +/- 0.99 % Gn^0(l=1) ave= 1.195E-01 +/- 6.21 % Gn^0(l=2) ave= 2.825E-02 +/- 12.87 % Gn^0(l=3) ave= 0.000E+00 +/- 0.00 % || Gtotal(l=0) ave= 2.959E-01 +/- 1.61 % Gtotal(l=1) ave= 1.301E-01 +/- 1.59 % Gtotal(l=2) ave= 1.217E-01 +/- 4.56 % Gtotal(l=3) ave= 0.000E+00 +/- 0.00 %  % || Gg(l=0) ave= 1.528E-01 +/- 2.97 % Gg(l=1) ave= 1.202E-01 +/- 1.73 % Gg(l=2) ave= 1.217E-01 +/- 4.56 % Gg(l=3) ave= 0.000E+00 +/- 0.00 %  % || D(l=0) ave= 3.468E+01 +/- 0.93 % D(l=1) ave= 8.310E+01 +/- 0.00 % D(l=2) ave= 5.817E+02 +/- 0.00 % D(l=3) ave= 0.000E+00 +/- 0.00 %  % || S(l=0) ave= 8.431E-05 +/- 0.19 % S(l=1) ave= 3.356E-04 +/- 6.23 % S(l=2) ave= 1.630E-05 +/- 12.87 % S(l=3) ave= 0.000E+00 +/- 0.00 % 
 ... random file  3 Cap(th)  ave= 2.401E+01 b. +/- 15.75 % || Ela(th) ave= 3.715E+00 b. +/- 10.46 % || RIcap ave= 4.23E+02 b. +/- 3.46 % || Macs30 ave= 5.27E-01 b. +/- 0.06 % || Gn^0(l=0) ave= 5.877E-03 +/- 0.91 % Gn^0(l=1) ave= 1.148E-01 +/- 9.11 % Gn^0(l=2) ave= 2.618E-02 +/- 18.27 % Gn^0(l=3) ave= 0.000E+00 +/- 0.00 % || Gtotal(l=0) ave= 3.006E-01 +/- 3.00 % Gtotal(l=1) ave= 1.302E-01 +/- 1.38 % Gtotal(l=2) ave= 1.171E-01 +/- 8.00 % Gtotal(l=3) ave= 0.000E+00 +/- 0.00 %  % || Gg(l=0) ave= 1.571E-01 +/- 5.40 % Gg(l=1) ave= 1.203E-01 +/- 1.50 % Gg(l=2) ave= 1.171E-01 +/- 8.00 % Gg(l=3) ave= 0.000E+00 +/- 0.00 %  % || D(l=0) ave= 3.473E+01 +/- 0.85 % D(l=1) ave= 8.310E+01 +/- 0.00 % D(l=2) ave= 5.817E+02 +/- 0.00 % D(l=3) ave= 0.000E+00 +/- 0.00 %  % || S(l=0) ave= 8.434E-05 +/- 0.17 % S(l=1) ave= 3.222E-04 +/- 9.12 % S(l=2) ave= 1.510E-05 +/- 18.27 % S(l=3) ave= 0.000E+00 +/- 0.00 % 
 ... random file  4 Cap(th)  ave= 2.328E+01 b. +/- 15.82 % || Ela(th) ave= 3.550E+00 b. +/- 13.51 % || RIcap ave= 4.24E+02 b. +/- 3.12 % || Macs30 ave= 5.27E-01 b. +/- 0.05 % || Gn^0(l=0) ave= 5.860E-03 +/- 1.01 % Gn^0(l=1) ave= 1.200E-01 +/- 11.72 % Gn^0(l=2) ave= 2.890E-02 +/- 23.98 % Gn^0(l=3) ave= 0.000E+00 +/- 0.00 % || Gtotal(l=0) ave= 2.996E-01 +/- 2.76 % Gtotal(l=1) ave= 1.357E-01 +/- 8.09 % Gtotal(l=2) ave= 1.212E-01 +/- 9.71 % Gtotal(l=3) ave= 0.000E+00 +/- 0.00 %  % || Gg(l=0) ave= 1.565E-01 +/- 4.91 % Gg(l=1) ave= 1.257E-01 +/- 8.76 % Gg(l=2) ave= 1.212E-01 +/- 9.71 % Gg(l=3) ave= 0.000E+00 +/- 0.00 %  % || D(l=0) ave= 3.463E+01 +/- 0.97 % D(l=1) ave= 8.310E+01 +/- 0.00 % D(l=2) ave= 5.817E+02 +/- 0.00 % D(l=3) ave= 0.000E+00 +/- 0.00 %  % || S(l=0) ave= 8.431E-05 +/- 0.16 % S(l=1) ave= 3.371E-04 +/- 11.81 % S(l=2) ave= 1.667E-05 +/- 23.98 % S(l=3) ave= 0.000E+00 +/- 0.00 % 
 ... random file  5 Cap(th)  ave= 2.431E+01 b. +/- 16.76 % || Ela(th) ave= 3.674E+00 b. +/- 14.13 % || RIcap ave= 4.26E+02 b. +/- 3.09 % || Macs30 ave= 5.27E-01 b. +/- 0.05 % || Gn^0(l=0) ave= 5.865E-03 +/- 0.94 % Gn^0(l=1) ave= 1.167E-01 +/- 12.67 % Gn^0(l=2) ave= 2.738E-02 +/- 26.24 % Gn^0(l=3) ave= 0.000E+00 +/- 0.00 % || Gtotal(l=0) ave= 3.016E-01 +/- 2.88 % Gtotal(l=1) ave= 1.358E-01 +/- 7.38 % Gtotal(l=2) ave= 1.196E-01 +/- 9.46 % Gtotal(l=3) ave= 0.000E+00 +/- 0.00 %  % || Gg(l=0) ave= 1.584E-01 +/- 5.13 % Gg(l=1) ave= 1.258E-01 +/- 7.99 % Gg(l=2) ave= 1.196E-01 +/- 9.46 % Gg(l=3) ave= 0.000E+00 +/- 0.00 %  % || D(l=0) ave= 3.468E+01 +/- 0.93 % D(l=1) ave= 8.310E+01 +/- 0.00 % D(l=2) ave= 5.817E+02 +/- 0.00 % D(l=3) ave= 0.000E+00 +/- 0.00 %  % || S(l=0) ave= 8.431E-05 +/- 0.15 % S(l=1) ave= 3.279E-04 +/- 12.76 % S(l=2) ave= 1.579E-05 +/- 26.24 % S(l=3) ave= 0.000E+00 +/- 0.00 % 
 ... random file  6 Cap(th)  ave= 2.547E+01 b. +/- 18.55 % || Ela(th) ave= 3.673E+00 b. +/- 13.09 % || RIcap ave= 4.27E+02 b. +/- 2.89 % || Macs30 ave= 5.27E-01 b. +/- 0.05 % || Gn^0(l=0) ave= 5.855E-03 +/- 0.98 % Gn^0(l=1) ave= 1.165E-01 +/- 11.76 % Gn^0(l=2) ave= 2.721E-02 +/- 24.50 % Gn^0(l=3) ave= 0.000E+00 +/- 0.00 % || Gtotal(l=0) ave= 3.007E-01 +/- 2.77 % Gtotal(l=1) ave= 1.332E-01 +/- 8.44 % Gtotal(l=2) ave= 1.189E-01 +/- 8.95 % Gtotal(l=3) ave= 0.000E+00 +/- 0.00 %  % || Gg(l=0) ave= 1.577E-01 +/- 4.89 % Gg(l=1) ave= 1.233E-01 +/- 9.14 % Gg(l=2) ave= 1.189E-01 +/- 8.95 % Gg(l=3) ave= 0.000E+00 +/- 0.00 %  % || D(l=0) ave= 3.461E+01 +/- 0.98 % D(l=1) ave= 8.310E+01 +/- 0.00 % D(l=2) ave= 5.817E+02 +/- 0.00 % D(l=3) ave= 0.000E+00 +/- 0.00 %  % || S(l=0) ave= 8.434E-05 +/- 0.17 % S(l=1) ave= 3.273E-04 +/- 11.84 % S(l=2) ave= 1.569E-05 +/- 24.50 % S(l=3) ave= 0.000E+00 +/- 0.00 % 
 ... random file  7 Cap(th)  ave= 2.448E+01 b. +/- 20.97 % || Ela(th) ave= 3.794E+00 b. +/- 14.55 % || RIcap ave= 4.23E+02 b. +/- 3.97 % || Macs30 ave= 5.27E-01 b. +/- 0.05 % || Gn^0(l=0) ave= 5.857E-03 +/- 0.92 % Gn^0(l=1) ave= 1.137E-01 +/- 13.00 % Gn^0(l=2) ave= 2.598E-02 +/- 27.06 % Gn^0(l=3) ave= 0.000E+00 +/- 0.00 % || Gtotal(l=0) ave= 3.014E-01 +/- 2.66 % Gtotal(l=1) ave= 1.321E-01 +/- 8.26 % Gtotal(l=2) ave= 1.186E-01 +/- 8.42 % Gtotal(l=3) ave= 0.000E+00 +/- 0.00 %  % || Gg(l=0) ave= 1.584E-01 +/- 4.70 % Gg(l=1) ave= 1.221E-01 +/- 8.96 % Gg(l=2) ave= 1.186E-01 +/- 8.42 % Gg(l=3) ave= 0.000E+00 +/- 0.00 %  % || D(l=0) ave= 3.465E+01 +/- 0.96 % D(l=1) ave= 8.310E+01 +/- 0.00 % D(l=2) ave= 5.817E+02 +/- 0.00 % D(l=3) ave= 0.000E+00 +/- 0.00 %  % || S(l=0) ave= 8.430E-05 +/- 0.20 % S(l=1) ave= 3.194E-04 +/- 13.08 % S(l=2) ave= 1.498E-05 +/- 27.06 % S(l=3) ave= 0.000E+00 +/- 0.00 % 
 ... random file  8 Cap(th)  ave= 2.461E+01 b. +/- 19.73 % || Ela(th) ave= 3.717E+00 b. +/- 15.19 % || RIcap ave= 4.20E+02 b. +/- 4.18 % || Macs30 ave= 5.27E-01 b. +/- 0.05 % || Gn^0(l=0) ave= 5.862E-03 +/- 0.91 % Gn^0(l=1) ave= 1.159E-01 +/- 13.09 % Gn^0(l=2) ave= 2.695E-02 +/- 26.61 % Gn^0(l=3) ave= 0.000E+00 +/- 0.00 % || Gtotal(l=0) ave= 3.008E-01 +/- 2.58 % Gtotal(l=1) ave= 1.292E-01 +/- 10.20 % Gtotal(l=2) ave= 1.241E-01 +/- 14.70 % Gtotal(l=3) ave= 0.000E+00 +/- 0.00 %  % || Gg(l=0) ave= 1.576E-01 +/- 4.65 % Gg(l=1) ave= 1.192E-01 +/- 11.08 % Gg(l=2) ave= 1.241E-01 +/- 14.70 % Gg(l=3) ave= 0.000E+00 +/- 0.00 %  % || D(l=0) ave= 3.468E+01 +/- 0.93 % D(l=1) ave= 8.310E+01 +/- 0.00 % D(l=2) ave= 5.817E+02 +/- 0.00 % D(l=3) ave= 0.000E+00 +/- 0.00 %  % || S(l=0) ave= 8.431E-05 +/- 0.20 % S(l=1) ave= 3.253E-04 +/- 13.15 % S(l=2) ave= 1.554E-05 +/- 26.61 % S(l=3) ave= 0.000E+00 +/- 0.00 % 
 ... random file  9 Cap(th)  ave= 2.436E+01 b. +/- 19.16 % || Ela(th) ave= 3.683E+00 b. +/- 14.80 % || RIcap ave= 4.19E+02 b. +/- 4.05 % || Macs30 ave= 5.27E-01 b. +/- 0.05 % || Gn^0(l=0) ave= 5.865E-03 +/- 0.87 % Gn^0(l=1) ave= 1.168E-01 +/- 12.54 % Gn^0(l=2) ave= 2.730E-02 +/- 25.22 % Gn^0(l=3) ave= 0.000E+00 +/- 0.00 % || Gtotal(l=0) ave= 3.010E-01 +/- 2.46 % Gtotal(l=1) ave= 1.296E-01 +/- 9.69 % Gtotal(l=2) ave= 1.228E-01 +/- 14.44 % Gtotal(l=3) ave= 0.000E+00 +/- 0.00 %  % || Gg(l=0) ave= 1.578E-01 +/- 4.42 % Gg(l=1) ave= 1.196E-01 +/- 10.52 % Gg(l=2) ave= 1.228E-01 +/- 14.44 % Gg(l=3) ave= 0.000E+00 +/- 0.00 %  % || D(l=0) ave= 3.470E+01 +/- 0.90 % D(l=1) ave= 8.310E+01 +/- 0.00 % D(l=2) ave= 5.817E+02 +/- 0.00 % D(l=3) ave= 0.000E+00 +/- 0.00 %  % || S(l=0) ave= 8.430E-05 +/- 0.20 % S(l=1) ave= 3.279E-04 +/- 12.60 % S(l=2) ave= 1.575E-05 +/- 25.22 % S(l=3) ave= 0.000E+00 +/- 0.00 % 
 ... random file  10 Cap(th)  ave= 2.437E+01 b. +/- 18.26 % || Ela(th) ave= 3.750E+00 b. +/- 14.96 % || RIcap ave= 4.18E+02 b. +/- 3.92 % || Macs30 ave= 5.27E-01 b. +/- 0.05 % || Gn^0(l=0) ave= 5.867E-03 +/- 0.84 % Gn^0(l=1) ave= 1.151E-01 +/- 12.92 % Gn^0(l=2) ave= 2.658E-02 +/- 26.17 % Gn^0(l=3) ave= 0.000E+00 +/- 0.00 % || Gtotal(l=0) ave= 3.027E-01 +/- 2.94 % Gtotal(l=1) ave= 1.304E-01 +/- 9.39 % Gtotal(l=2) ave= 1.202E-01 +/- 15.67 % Gtotal(l=3) ave= 0.000E+00 +/- 0.00 %  % || Gg(l=0) ave= 1.594E-01 +/- 5.26 % Gg(l=1) ave= 1.204E-01 +/- 10.19 % Gg(l=2) ave= 1.202E-01 +/- 15.67 % Gg(l=3) ave= 0.000E+00 +/- 0.00 %  % || D(l=0) ave= 3.472E+01 +/- 0.88 % D(l=1) ave= 8.310E+01 +/- 0.00 % D(l=2) ave= 5.817E+02 +/- 0.00 % D(l=3) ave= 0.000E+00 +/- 0.00 %  % || S(l=0) ave= 8.427E-05 +/- 0.21 % S(l=1) ave= 3.233E-04 +/- 12.98 % S(l=2) ave= 1.533E-05 +/- 26.17 % S(l=3) ave= 0.000E+00 +/- 0.00 % 
 ... Histogram plot for thermal (n,g)
 ... Write covariances  ... MT1  ... plot correlations
 ... MT2  ... MT102 


 ================================================
 ============== From 10 random values === start ======
 Thermal (n,tot) xs  0 K =  28.1151 b. +/- 4.35829 b. ( 15.5016 %) skew= +0.21 +/- 0.66
 Thermal (n,el) xs   0 K =  3.74974 b. +/- 0.560887 b. ( 14.958 %) skew= +0.08 +/- 0.66
 Thermal (n,g) xs    0 K =  24.3654 b. +/- 4.44941 b. ( 18.2612 %) skew= +0.07 +/- 0.66
 RI      (n,g)       0 K =  418.119 b. +/- 16.3857 b. ( 3.91892 %) 
 MACS    (n,g)       0 K (at Emacs= 30000 eV) =  0.526771 b. +/- 0.000272746 b. ( 0.0517769 %) 
 Ave. Gtotal  L=0        =  3.027E-01 +/- 2.94 %
 Ave. Gn^(0)  L=0        =  5.867E-03 +/- 0.84 %
 Ave. Gg      L=0        =  1.594E-01 +/- 5.26 %
 Ave. D       L=0        =  3.472E+01 +/- 0.88 %
 Ave. S       L=0        =  8.427E-05 +/- 0.21 %
 Ave. Gtotal  L=1        =  1.304E-01 +/- 9.39 %
 Ave. Gn^(1)  L=1        =  1.151E-01 +/- 12.92 %
 Ave. Gg      L=1        =  1.204E-01 +/- 10.19 %
 Ave. D       L=1        =  8.310E+01 +/- 0.00 %
 Ave. S       L=1        =  3.233E-04 +/- 12.98 %
 Ave. Gtotal  L=2        =  1.202E-01 +/- 15.67 %
 Ave. Gn^(2)  L=2        =  2.658E-02 +/- 26.17 %
 Ave. Gg      L=2        =  1.202E-01 +/- 15.67 %
 Ave. D       L=2        =  5.817E+02 +/- 0.00 %
 Ave. S       L=2        =  1.533E-05 +/- 26.17 %

 Expected Thermal (n,g) (syst or meas)= 29.4658 b. +/- 14.7329 b. nominal: 24.1491 b.
 ratio Calculated/expected thermal (n,g): 0.83 ratio DCalculated/Dexpected: 0.30 ratio Calculated/Nominal: 1.01
 ============== From 10 random values ===== stop ======
 ================================================
 ... Calculation of (n,a) and (n,p) cross sections at 300 K
 ... thermal (n,a) cross section is 2.67644e-05 +/- 1.33822e-05 b.
 ... thermal (n,a) cross section is 2.29989e-05 b. (random case 1)
 ... thermal (n,a) cross section is 4.01689e-05 b. (random case 2)
 ... thermal (n,a) cross section is 4.00952e-05 b. (random case 3)
 ... thermal (n,a) cross section is 4.11857e-05 b. (random case 4)
 ... thermal (n,a) cross section is 4.86677e-06 b. (random case 5)
 ... thermal (n,a) cross section is 2.93444e-05 b. (random case 6)
 ... thermal (n,a) cross section is 3.91982e-05 b. (random case 7)
 ... thermal (n,a) cross section is 2.51381e-05 b. (random case 8)
 ... thermal (n,a) cross section is 2.24312e-05 b. (random case 9)
 ... thermal (n,a) cross section is 3.19059e-05 b. (random case 10)
 ... (n,p) Q-value negative for this element
 ... Rewrite index for MF2
 ... Write text for MF1 in file mf1.tares.txt
 ... plotting cross sections for the MF1
 ... order output files


================== summary ==================
 Thermal (n,tot) xs = 27.9348 b. 
 Thermal (n,el)  xs = 3.78568 b. 
 Thermal (n,g)   xs = 24.1491 b. (meas/sys: 29.4658 b.)
 At 300 K (thermal adjustment): (n,el) = 3.80214 b., (n,g) = 24.1619 b.

 RI      (n,g)      = 423.027 b. (meas or sys: - b.)
 RI      (n,el)     = 198.947 b.
=============================================


 ... cleaning
                                                 
  -------------------------------------------------------------
  -                                                           -
  - TARES: successful end of run with data from hypothetical  -
  - resonances for  Z= 49, A= 117 and isomer= 1               -
  - half-life: 1.936667 hours
  -                                                           -
  -------------------------------------------------------------

   Running time:       23 seconds

 End time: Fri Oct  9 11:45:49 2026

