
  -------------------------------------------------------------
  -                                                           -
  -              Welcome to TARES version 1.8                 -
  -                                                           -
  -  (C) Copyright 2007-2025 D. Rochman, All Rights Reserved  -
  -           NRG, Petten, the Netherlands 2007-2014          -
  -           PSI, Villigen    Switzerland 2015-2025          -
  -         Nagra, Wettingen   Switzerland 2025-              -
  -           (Last Modified October 06, 2026)                -
  -           (Database from October 06, 2026)                -
  -                                                           -
  -------------------------------------------------------------


  ---------------------------------------------
   Compilation information:
   Compiled on:         Oct  7 2026, 09:32:19
   Compiled by:         koning
   Compiler version:    clang++ - 21.0.0
   Source location:     /Users/koning/tares-1.8/source/Module/
   Binaries location:   /Users/koning/bin
   System:              Darwin 25.6.0
   System version:      Darwin Kernel Version 25.6.0: Fri Jul 31 19:19:08 PDT 2026; root:xnu-12377.161.14~5/RELEASE_ARM64_T6050  
   Machine:             arm64 
  ---------------------------------------------

   User information:
   User name:           koning
   Running directory:   /Users/koning/tendl/resbase/Au198/work
   Owner mode for running directory : rwx
   Group mode for running directory : r-x
  ---------------------------------------------


 Starting time: Wed Oct  7 10:12:11 2026
 ... inputs directory found (/Users/koning/tares-1.8/source/Module//../../inputs/).
 ... It will be used for resonance parameters 
 ... ###############################################
 ... #     read the input file tares.inp
 ... ###############################################
 ... line: #
 ... line: # Input file generated by Autorochman
          --> line not read
 ... line: #
 ... line: isotope    Au
          --> Isotope name: Au
 ... line: mass       198
          --> isotopic mass: 198
 ... line: output     n-Au198
         ---> Name of the output files: n-Au198
 ... line: isomer     0
          --> isomeric state: 0
 ... line: mf32mf33   y
          --> MF33 based on MF32: y
 ... line: nbrRandom  10
          --> Nbr of random files: 10
 ... ###############################################
 ... # end read the input file tares.inp
 ... ###############################################
Value for random generator type not considered in since Tares 1.7 due to compilation issues

 ... ###############################################
     #   Interpretation of the Input definition    #
     ###############################################

 ... Default energy limit: End of resonance region
 ... Nuclear charge    = 79
 ... Element           = Au
 ... Mass              = 198
 ... Isomer            = 0
 ... Correlation for (Gn,Gg) not included in random files
 ... Default random option: No random
 ... Output name: n-Au198
 ... Energy for the MACS: 30000 eV
 ... Resonances from CALENDF reduced (reduce=y) 
 ... For URR, level density model from TALYS selected: 91n3n12611.2850 (see manual for description)
 ... Random Generator: default (pseudo random numbers from ansi c++)
 ... Reconstruction of cross section selected
 ... Doppler broadening at 0 Kelvin
 ... Default formalism: Multi Level Breit Wigner (from file best.tendl.yes)
 ... URR not included (from the input file flag)
 ... Weight for grouping is flat
 ... Calculation of (n,alpha) cross section selected
 ... Number of digit for MF32c covariance representation: 2
 ... MF32 included
 ... MF33 will be used for covariance processing
 ... TENDL option set to yes (automatic choice of MF2 and format)
 ... default option: Multi level Breit Wigner approximation selected
 ... (check file best.tendl.yes for changing this option)
 ... Retroactive option set to no with the 2025 option
 ... ladder option set to no (CALENDF will not be used for statistical resonances)

 ... ###############################################
     #           End of Input definition           #
     ###############################################

 ... gnuplot found, will be used for plotting
 ... latex found, will be used for plotting
 ... dvips found, will be used for plotting
 ... ps2epsi not found, limited plotting available
 ... uncertainties on default parameters multiplied by 1.51898
 ... Read resonance data from the 2025 directory
 ... Resonance parameters taken from /Users/koning/tares-1.8/source/Module//../../inputs/2025/Resonance/default/
 ---> Processing Z= 79 and A= 198 and isomer= 0 (level number: 0)
Thermal file; Could not open file /Users/koning/tares-1.8/source/Module//../../inputs/2025/runThermal/results//thermal.mxw.ng.cendl3.1
Thermal file; Could not open file /Users/koning/tares-1.8/source/Module//../../inputs/2025/runThermal/results//thermal.mxw.ng.brond3.1
Thermal file; Could not open file /Users/koning/tares-1.8/source/Module//../../inputs/2025/runThermal/results//thermal.xs.ng.unc.cendl3.1
 ... spin taken from the final/ directory (1)

 ... ###############################################
 ... #  Nucleus global parameters (2025 database)  #
 ... ###############################################
 0. Half-life: 2.69444 days 
 ... Scattering radius from file /Users/koning/tares-1.8/source/Module//../../inputs/2025/Resonance/default//global.2023.txt
 1. Spin of the target isotope: 2
 2. Relative Atomic Mass of the target isotope: 197.968
 3. Scattering radius (local compilation): 9.5 fm +/- 0.171 fm
      .......................................
      ... Thermal capture cross sections: ...
 4. Thermal (total) (n,g) cross section from experiments (local compilation): 25100 +/- 370 b.
 5. Thermal (n,g) cross section from compilation (Firestone-2022 average on element Au): 98.82 +/- 0.14 b.
 6. Thermal (n,g) cross section from compilation (Firestone-2022 final on element Au): 98.7 +/- 0.08 b.
 7. Thermal Maxwellian (n,g) XS from compilation (Mughabghab-2006): 25100 +/- 370 b.
 8. Thermal Maxwellian (n,g) XS from compilation (Mughabghab-2018): 25100 +/- 370 b.
 9. Thermal (n,g) cross section from EAF-2010: 28338 b.
 10. Thermal (n,g) cross section from TENDL-2023: 24810 +/- 251 b.
 11. Thermal (n,g) cross section from JENDL-5.0: 25110 b.
      .......................................
      ...  Thermal total cross sections:  ...
 12. Thermal (n,tot) cross section from recommendations (resonancetables): 25600 +/- 1280 b.
 13. Thermal (n,tot) cross section from JENDL-5.0 (resonancetables): 10.0602 b.
 14. Thermal (n,tot) cross section from TENDL-2025 (resonancetables): 25155.9 b.
      .......................................
      ... Thermal elastic cross sections: ...
 15. Thermal (n,el) cross section from JENDL-5.0: 8.001 b.
 16. Thermal (n,el) cross section from experiments (local compilation): 35 +/- 1.75 b.
      .......................................
             ... Resonance integral: ...
 17. Experimental capture integral (local compilation): 40000 +/- 4000 b.
   ---- MACS 30 keV ----- 
 18. TALYS MACS 30 keV (HF): 0.655271 b. 
 19. Recommended MACS 30 keV from EAF: 0.84 b. 
   ---------- S0 -------- 
 20. S0 from TALYS: 1.11984
   ---------- S1 -------- 
 21. S1 from TALYS: 0.42636
   ---------- S2 -------- 
 22. S2 from TALYS: 2.30642
   ---------- D0 -------- 
 23. D0 from TALYS: 12.5176 eV
   ---------- D1 -------- 
 24. D1 from TALYS: 6.46321 eV
   ---------- D2 -------- 
 25. D2 from TALYS: 4.54588 eV
   ---------- G0 -------- 
 26. Gg0 from TALYS: 0.142201 eV
   ---------- G1 -------- 
 27. Gg1 from TALYS: 0.129511 eV
   ---------- G2 -------- 
 28. Gg2 from TALYS: 0.153867 eV


   ---------------------- 
 ... Read resonance parameters (format: 2: Multi Level Breit Wigner)
 ... 81 resonances found 
 --> 29. Number of resonances from the input file: 81 up to 198.859 eV
 30. Read nuclear quantities (mass, MAT...)
 31. Read thermal (n,g) xs 
 32. Read the scattering radius 
 33. Read uncertainty on Gg for 81 resonances
 34. Read uncertainty on Gg for 81 resonances ... done
 ... order resonances 
 ... Upper limit for the RRR: 190.4 eV (no statistical resonances HFR) from the limit.RRR file
 ... Write parameters for l=0 waves
 ... Write parameters for l=1 waves
 ... Write parameters for l=2 waves
 ... End writing original MF2 
 ... Enter in to_MLBW_mf2 function
 ... Convert to Multi Level Breit Wigner (MLBW)
 ... Gn-Gg correlations: calculated capture kernel used for 81 evaluated resonances (no measured kernel)
 ... Write parameter covariances (MF32) for l=0
 Write parameter covariances (MF32) for l=1
 Write parameter covariances (MF32) for l=2
 ... MF32: 45 energy correlation lines (time of flight) for the first 10 evaluated resonances
 ... Convert parameter covariances (MF32) to MLBW
 ... copy the mf2 and mf32 to .mlbw files
 ... Ladder option set to no --> no use of calendf_xs
 ... no thermal/RI adjustment (ladder option set to no): no GLS calculation of parameter correlations
 ... copy the mf2 and mf32 to .mlbw files

 ... Start of final reconstruction and testing ...
 ... Reconstruction of cross sections at 0 Kelvin  ... Import MF2 from TARES calculations
 ... End energy of TARES MF2 : 1.904000E+2 eV and limit to 40000 resonances
 ... File used for reconstruction: n-Au198.reconst
 ... run RECENT ...
 ... Doppler broadened at a unique temperature: 0 Kelvin using sigma1
 ... The keyword temperature is zero, no Doppler broadening for the MACS

 ============== INTER values at 0 Kelvin ==============
 Thermal (n,g) xs =  25117.3 b. (meas/sys: 25100 b.) (warning: comparison to be done at 296 or 300 K)
 Th Maxw (n,g) xs =  25332 b. (thermal Maxwellian value)
 Westcott factor  =  1.00856
 RI      (n,g)    =  13301.1 b. (meas or sys: 40000 b.)
 MACS 3.000e+04 eV=  0.67421 b. (meas or sys: - b.) from 1.00E+00 to 2.00E+07 eV (end of RRR) at T= 0 Kelvin 
 Thermal (n,el) xs=  34.8903 b.
 RI      (n,el)   =  221.194 b.
 ============= PSYCHE values ==============
 Ave. G_total L0  =  0.334135 eV
 Ave. G_total L1  =  0.196267 eV
 Ave. G_total L2  =  0.194769 eV
 Ave. Gn_0    L0  =  0.00166685
 Ave. Gn_0    L1  =  0.41838
 Ave. Gn_0    L2  =  1.58228
 Ave. Gg      L0  =  0.32195 eV
 Ave. Gg      L1  =  0.19381 eV
 Ave. Gg      L2  =  0.194768 eV
 Ave. D       L0  =  14.6462 eV
 Ave. D       L1  =  9.06667 eV
 Ave. D       L2  =  8.65454 eV
 Ave. S       L0  =  6.44816e-05 eV
 Ave. S       L1  =  0.00826652 eV
 Ave. S       L2  =  0.0244025 eV
 =========================================
 ... End of final reconstruction and testing ...

 ... grouping is not optimum, change to 70 groups
 ... Produce MF33 based on MF32 and 10 random files
 ... run endsam for 10 in groups of 1 global run
 ... run endsam from 1 to 10
 ... preparing the vectors  ... done
 ... nominal file 0 Cap(th)  ave= 2.512E+04 b. +/- 0.00 % || Ela(th) ave= 3.489E+01 b. +/- 0.00 % || RIcap ave= 1.33E+04 b. +/- 0.00 % || Macs30 ave= 2.33E+01 b. +/- 0.00 % || Gn^0(l=0) ave= 1.667E-03 +/- 0.00 % Gn^0(l=1) ave= 4.184E-01 +/- 0.00 % Gn^0(l=2) ave= 1.582E+00 +/- 0.00 % Gn^0(l=3) ave= 0.000E+00 +/- 0.00 % || Gtotal(l=0) ave= 3.341E-01 +/- 0.00 % Gtotal(l=1) ave= 1.963E-01 +/- 0.00 % Gtotal(l=2) ave= 1.948E-01 +/- 0.00 % Gtotal(l=3) ave= 0.000E+00 +/- 0.00 %  % || Gg(l=0) ave= 3.219E-01 +/- 0.00 % Gg(l=1) ave= 1.938E-01 +/- 0.00 % Gg(l=2) ave= 1.948E-01 +/- 0.00 % Gg(l=3) ave= 0.000E+00 +/- 0.00 %  % || D(l=0) ave= 1.465E+01 +/- 0.00 % D(l=1) ave= 9.067E+00 +/- 0.00 % D(l=2) ave= 8.655E+00 +/- 0.00 % D(l=3) ave= 0.000E+00 +/- 0.00 %  % || S(l=0) ave= 6.448E-05 +/- 0.00 % S(l=1) ave= 8.267E-03 +/- 0.00 % S(l=2) ave= 2.440E-02 +/- 0.00 % S(l=3) ave= 0.000E+00 +/- 0.00 % 
 ... random file  1 Cap(th)  ave= 2.476E+04 b. +/- 1.45 % || Ela(th) ave= 3.494E+01 b. +/- 0.15 % || RIcap ave= 1.34E+04 b. +/- 0.65 % || Macs30 ave= 2.27E+01 b. +/- 2.56 % || Gn^0(l=0) ave= 1.540E-03 +/- 8.27 % Gn^0(l=1) ave= 4.065E-01 +/- 2.91 % Gn^0(l=2) ave= 1.490E+00 +/- 6.18 % Gn^0(l=3) ave= 0.000E+00 +/- 0.00 % || Gtotal(l=0) ave= 3.359E-01 +/- 0.53 % Gtotal(l=1) ave= 1.963E-01 +/- 0.00 % Gtotal(l=2) ave= 1.948E-01 +/- 0.00 % Gtotal(l=3) ave= 0.000E+00 +/- 0.00 %  % || Gg(l=0) ave= 3.239E-01 +/- 0.61 % Gg(l=1) ave= 1.932E-01 +/- 0.30 % Gg(l=2) ave= 1.956E-01 +/- 0.40 % Gg(l=3) ave= 0.000E+00 +/- 0.00 %  % || D(l=0) ave= 1.526E+01 +/- 4.00 % D(l=1) ave= 9.067E+00 +/- 0.00 % D(l=2) ave= 8.655E+00 +/- 0.00 % D(l=3) ave= 0.000E+00 +/- 0.00 %  % || S(l=0) ave= 5.921E-05 +/- 8.90 % S(l=1) ave= 8.027E-03 +/- 2.99 % S(l=2) ave= 2.298E-02 +/- 6.19 % S(l=3) ave= 0.000E+00 +/- 0.00 % 
 ... random file  2 Cap(th)  ave= 2.477E+04 b. +/- 1.19 % || Ela(th) ave= 3.455E+01 b. +/- 1.64 % || RIcap ave= 1.33E+04 b. +/- 0.60 % || Macs30 ave= 2.31E+01 b. +/- 3.25 % || Gn^0(l=0) ave= 1.580E-03 +/- 7.50 % Gn^0(l=1) ave= 4.266E-01 +/- 7.03 % Gn^0(l=2) ave= 1.647E+00 +/- 14.26 % Gn^0(l=3) ave= 0.000E+00 +/- 0.00 % || Gtotal(l=0) ave= 3.353E-01 +/- 0.50 % Gtotal(l=1) ave= 1.963E-01 +/- 0.00 % Gtotal(l=2) ave= 1.948E-01 +/- 0.00 % Gtotal(l=3) ave= 0.000E+00 +/- 0.00 %  % || Gg(l=0) ave= 3.256E-01 +/- 0.89 % Gg(l=1) ave= 1.923E-01 +/- 0.71 % Gg(l=2) ave= 1.967E-01 +/- 0.91 % Gg(l=3) ave= 0.000E+00 +/- 0.00 %  % || D(l=0) ave= 1.505E+01 +/- 3.82 % D(l=1) ave= 9.067E+00 +/- 0.00 % D(l=2) ave= 8.655E+00 +/- 0.00 % D(l=3) ave= 0.000E+00 +/- 0.00 %  % || S(l=0) ave= 6.088E-05 +/- 8.06 % S(l=1) ave= 8.423E-03 +/- 7.05 % S(l=2) ave= 2.542E-02 +/- 14.30 % S(l=3) ave= 0.000E+00 +/- 0.00 % 
 ... random file  3 Cap(th)  ave= 2.474E+04 b. +/- 1.05 % || Ela(th) ave= 3.480E+01 b. +/- 1.88 % || RIcap ave= 1.34E+04 b. +/- 1.01 % || Macs30 ave= 2.32E+01 b. +/- 2.84 % || Gn^0(l=0) ave= 1.602E-03 +/- 6.83 % Gn^0(l=1) ave= 4.164E-01 +/- 7.54 % Gn^0(l=2) ave= 1.574E+00 +/- 15.22 % Gn^0(l=3) ave= 0.000E+00 +/- 0.00 % || Gtotal(l=0) ave= 3.350E-01 +/- 0.46 % Gtotal(l=1) ave= 1.963E-01 +/- 0.00 % Gtotal(l=2) ave= 1.948E-01 +/- 0.00 % Gtotal(l=3) ave= 0.000E+00 +/- 0.00 %  % || Gg(l=0) ave= 3.236E-01 +/- 1.32 % Gg(l=1) ave= 1.928E-01 +/- 0.76 % Gg(l=2) ave= 1.957E-01 +/- 1.20 % Gg(l=3) ave= 0.000E+00 +/- 0.00 %  % || D(l=0) ave= 1.495E+01 +/- 3.53 % D(l=1) ave= 9.067E+00 +/- 0.00 % D(l=2) ave= 8.655E+00 +/- 0.00 % D(l=3) ave= 0.000E+00 +/- 0.00 %  % || S(l=0) ave= 6.179E-05 +/- 7.33 % S(l=1) ave= 8.225E-03 +/- 7.52 % S(l=2) ave= 2.429E-02 +/- 15.26 % S(l=3) ave= 0.000E+00 +/- 0.00 % 
 ... random file  4 Cap(th)  ave= 2.493E+04 b. +/- 1.80 % || Ela(th) ave= 3.477E+01 b. +/- 1.69 % || RIcap ave= 1.33E+04 b. +/- 1.53 % || Macs30 ave= 2.33E+01 b. +/- 2.68 % || Gn^0(l=0) ave= 1.616E-03 +/- 6.29 % Gn^0(l=1) ave= 4.229E-01 +/- 7.32 % Gn^0(l=2) ave= 1.626E+00 +/- 14.63 % Gn^0(l=3) ave= 0.000E+00 +/- 0.00 % || Gtotal(l=0) ave= 3.348E-01 +/- 0.43 % Gtotal(l=1) ave= 1.963E-01 +/- 0.00 % Gtotal(l=2) ave= 1.948E-01 +/- 0.00 % Gtotal(l=3) ave= 0.000E+00 +/- 0.00 %  % || Gg(l=0) ave= 3.236E-01 +/- 1.18 % Gg(l=1) ave= 1.929E-01 +/- 0.68 % Gg(l=2) ave= 1.959E-01 +/- 1.08 % Gg(l=3) ave= 0.000E+00 +/- 0.00 %  % || D(l=0) ave= 1.489E+01 +/- 3.28 % D(l=1) ave= 9.067E+00 +/- 0.00 % D(l=2) ave= 8.655E+00 +/- 0.00 % D(l=3) ave= 0.000E+00 +/- 0.00 %  % || S(l=0) ave= 6.235E-05 +/- 6.75 % S(l=1) ave= 8.350E-03 +/- 7.27 % S(l=2) ave= 2.508E-02 +/- 14.65 % S(l=3) ave= 0.000E+00 +/- 0.00 % 
 ... random file  5 Cap(th)  ave= 2.495E+04 b. +/- 1.64 % || Ela(th) ave= 3.493E+01 b. +/- 1.85 % || RIcap ave= 1.34E+04 b. +/- 1.49 % || Macs30 ave= 2.33E+01 b. +/- 2.46 % || Gn^0(l=0) ave= 1.626E-03 +/- 5.88 % Gn^0(l=1) ave= 4.173E-01 +/- 7.43 % Gn^0(l=2) ave= 1.582E+00 +/- 15.04 % Gn^0(l=3) ave= 0.000E+00 +/- 0.00 % || Gtotal(l=0) ave= 3.347E-01 +/- 0.40 % Gtotal(l=1) ave= 1.963E-01 +/- 0.00 % Gtotal(l=2) ave= 1.948E-01 +/- 0.00 % Gtotal(l=3) ave= 0.000E+00 +/- 0.00 %  % || Gg(l=0) ave= 3.238E-01 +/- 1.08 % Gg(l=1) ave= 1.930E-01 +/- 0.64 % Gg(l=2) ave= 1.957E-01 +/- 1.01 % Gg(l=3) ave= 0.000E+00 +/- 0.00 %  % || D(l=0) ave= 1.485E+01 +/- 3.06 % D(l=1) ave= 9.067E+00 +/- 0.00 % D(l=2) ave= 8.655E+00 +/- 0.00 % D(l=3) ave= 0.000E+00 +/- 0.00 %  % || S(l=0) ave= 6.277E-05 +/- 6.29 % S(l=1) ave= 8.240E-03 +/- 7.36 % S(l=2) ave= 2.440E-02 +/- 15.05 % S(l=3) ave= 0.000E+00 +/- 0.00 % 
 ... random file  6 Cap(th)  ave= 2.495E+04 b. +/- 1.52 % || Ela(th) ave= 3.496E+01 b. +/- 1.72 % || RIcap ave= 1.34E+04 b. +/- 1.44 % || Macs30 ave= 2.33E+01 b. +/- 2.32 % || Gn^0(l=0) ave= 1.649E-03 +/- 6.40 % Gn^0(l=1) ave= 4.163E-01 +/- 6.92 % Gn^0(l=2) ave= 1.575E+00 +/- 14.04 % Gn^0(l=3) ave= 0.000E+00 +/- 0.00 % || Gtotal(l=0) ave= 3.361E-01 +/- 1.03 % Gtotal(l=1) ave= 1.963E-01 +/- 0.00 % Gtotal(l=2) ave= 1.948E-01 +/- 0.00 % Gtotal(l=3) ave= 0.000E+00 +/- 0.00 %  % || Gg(l=0) ave= 3.261E-01 +/- 2.04 % Gg(l=1) ave= 1.930E-01 +/- 0.59 % Gg(l=2) ave= 1.957E-01 +/- 0.94 % Gg(l=3) ave= 0.000E+00 +/- 0.00 %  % || D(l=0) ave= 1.499E+01 +/- 3.68 % D(l=1) ave= 9.067E+00 +/- 0.00 % D(l=2) ave= 8.655E+00 +/- 0.00 % D(l=3) ave= 0.000E+00 +/- 0.00 %  % || S(l=0) ave= 6.299E-05 +/- 5.87 % S(l=1) ave= 8.222E-03 +/- 6.85 % S(l=2) ave= 2.429E-02 +/- 14.05 % S(l=3) ave= 0.000E+00 +/- 0.00 % 
 ... random file  7 Cap(th)  ave= 2.502E+04 b. +/- 1.62 % || Ela(th) ave= 3.511E+01 b. +/- 1.94 % || RIcap ave= 1.33E+04 b. +/- 1.71 % || Macs30 ave= 2.32E+01 b. +/- 2.70 % || Gn^0(l=0) ave= 1.620E-03 +/- 7.74 % Gn^0(l=1) ave= 4.118E-01 +/- 7.15 % Gn^0(l=2) ave= 1.541E+00 +/- 14.62 % Gn^0(l=3) ave= 0.000E+00 +/- 0.00 % || Gtotal(l=0) ave= 3.363E-01 +/- 0.98 % Gtotal(l=1) ave= 1.963E-01 +/- 0.00 % Gtotal(l=2) ave= 1.948E-01 +/- 0.00 % Gtotal(l=3) ave= 0.000E+00 +/- 0.00 %  % || Gg(l=0) ave= 3.268E-01 +/- 1.98 % Gg(l=1) ave= 1.932E-01 +/- 0.59 % Gg(l=2) ave= 1.960E-01 +/- 0.97 % Gg(l=3) ave= 0.000E+00 +/- 0.00 %  % || D(l=0) ave= 1.510E+01 +/- 3.91 % D(l=1) ave= 9.067E+00 +/- 0.00 % D(l=2) ave= 8.655E+00 +/- 0.00 % D(l=3) ave= 0.000E+00 +/- 0.00 %  % || S(l=0) ave= 6.188E-05 +/- 7.34 % S(l=1) ave= 8.133E-03 +/- 7.10 % S(l=2) ave= 2.377E-02 +/- 14.62 % S(l=3) ave= 0.000E+00 +/- 0.00 % 
 ... random file  8 Cap(th)  ave= 2.495E+04 b. +/- 1.76 % || Ela(th) ave= 3.504E+01 b. +/- 1.91 % || RIcap ave= 1.34E+04 b. +/- 1.79 % || Macs30 ave= 2.32E+01 b. +/- 2.56 % || Gn^0(l=0) ave= 1.625E-03 +/- 7.32 % Gn^0(l=1) ave= 4.134E-01 +/- 6.80 % Gn^0(l=2) ave= 1.554E+00 +/- 13.87 % Gn^0(l=3) ave= 0.000E+00 +/- 0.00 % || Gtotal(l=0) ave= 3.360E-01 +/- 0.94 % Gtotal(l=1) ave= 1.963E-01 +/- 0.00 % Gtotal(l=2) ave= 1.948E-01 +/- 0.00 % Gtotal(l=3) ave= 0.000E+00 +/- 0.00 %  % || Gg(l=0) ave= 3.258E-01 +/- 2.07 % Gg(l=1) ave= 1.934E-01 +/- 0.62 % Gg(l=2) ave= 1.959E-01 +/- 0.92 % Gg(l=3) ave= 0.000E+00 +/- 0.00 %  % || D(l=0) ave= 1.505E+01 +/- 3.82 % D(l=1) ave= 9.067E+00 +/- 0.00 % D(l=2) ave= 8.655E+00 +/- 0.00 % D(l=3) ave= 0.000E+00 +/- 0.00 %  % || S(l=0) ave= 6.214E-05 +/- 7.00 % S(l=1) ave= 8.166E-03 +/- 6.76 % S(l=2) ave= 2.397E-02 +/- 13.88 % S(l=3) ave= 0.000E+00 +/- 0.00 % 
 ... random file  9 Cap(th)  ave= 2.494E+04 b. +/- 1.67 % || Ela(th) ave= 3.496E+01 b. +/- 1.95 % || RIcap ave= 1.34E+04 b. +/- 1.70 % || Macs30 ave= 2.32E+01 b. +/- 2.45 % || Gn^0(l=0) ave= 1.628E-03 +/- 6.96 % Gn^0(l=1) ave= 4.153E-01 +/- 6.57 % Gn^0(l=2) ave= 1.568E+00 +/- 13.30 % Gn^0(l=3) ave= 0.000E+00 +/- 0.00 % || Gtotal(l=0) ave= 3.358E-01 +/- 0.91 % Gtotal(l=1) ave= 1.963E-01 +/- 0.00 % Gtotal(l=2) ave= 1.948E-01 +/- 0.00 % Gtotal(l=3) ave= 0.000E+00 +/- 0.00 %  % || Gg(l=0) ave= 3.257E-01 +/- 1.97 % Gg(l=1) ave= 1.935E-01 +/- 0.62 % Gg(l=2) ave= 1.961E-01 +/- 0.93 % Gg(l=3) ave= 0.000E+00 +/- 0.00 %  % || D(l=0) ave= 1.501E+01 +/- 3.73 % D(l=1) ave= 9.067E+00 +/- 0.00 % D(l=2) ave= 8.655E+00 +/- 0.00 % D(l=3) ave= 0.000E+00 +/- 0.00 %  % || S(l=0) ave= 6.235E-05 +/- 6.69 % S(l=1) ave= 8.204E-03 +/- 6.53 % S(l=2) ave= 2.418E-02 +/- 13.30 % S(l=3) ave= 0.000E+00 +/- 0.00 % 
 ... random file  10 Cap(th)  ave= 2.496E+04 b. +/- 1.61 % || Ela(th) ave= 3.488E+01 b. +/- 1.98 % || RIcap ave= 1.33E+04 b. +/- 1.62 % || Macs30 ave= 2.32E+01 b. +/- 2.45 % || Gn^0(l=0) ave= 1.632E-03 +/- 6.66 % Gn^0(l=1) ave= 4.190E-01 +/- 6.80 % Gn^0(l=2) ave= 1.595E+00 +/- 13.63 % Gn^0(l=3) ave= 0.000E+00 +/- 0.00 % || Gtotal(l=0) ave= 3.357E-01 +/- 0.88 % Gtotal(l=1) ave= 1.963E-01 +/- 0.00 % Gtotal(l=2) ave= 1.948E-01 +/- 0.00 % Gtotal(l=3) ave= 0.000E+00 +/- 0.00 %  % || Gg(l=0) ave= 3.255E-01 +/- 1.88 % Gg(l=1) ave= 1.934E-01 +/- 0.61 % Gg(l=2) ave= 1.959E-01 +/- 0.96 % Gg(l=3) ave= 0.000E+00 +/- 0.00 %  % || D(l=0) ave= 1.498E+01 +/- 3.63 % D(l=1) ave= 9.067E+00 +/- 0.00 % D(l=2) ave= 8.655E+00 +/- 0.00 % D(l=3) ave= 0.000E+00 +/- 0.00 %  % || S(l=0) ave= 6.256E-05 +/- 6.45 % S(l=1) ave= 8.276E-03 +/- 6.75 % S(l=2) ave= 2.461E-02 +/- 13.63 % S(l=3) ave= 0.000E+00 +/- 0.00 % 
 ... Histogram plot for thermal (n,g)
 ... Write covariances  ... MT1  ... plot correlations
 ... MT2  ... MT102 


 ================================================
 ============== From 10 random values === start ======
 Thermal (n,tot) xs  0 K =  24994.7 b. +/- 402.114 b. ( 1.6088 %) skew= +0.23 +/- 0.66
 Thermal (n,el) xs   0 K =  34.8838 b. +/- 0.691154 b. ( 1.9813 %) skew= +0.16 +/- 0.66
 Thermal (n,g) xs    0 K =  24959.8 b. +/- 401.964 b. ( 1.61045 %) skew= +0.23 +/- 0.66
 RI      (n,g)       0 K =  13348.8 b. +/- 216.535 b. ( 1.62213 %) 
 MACS    (n,g)       0 K (at Emacs= 30000 eV) =  23.1544 b. +/- 0.568257 b. ( 2.45421 %) 
 Ave. Gtotal  L=0        =  3.357E-01 +/- 0.88 %
 Ave. Gn^(0)  L=0        =  1.632E-03 +/- 6.66 %
 Ave. Gg      L=0        =  3.255E-01 +/- 1.88 %
 Ave. D       L=0        =  1.498E+01 +/- 3.63 %
 Ave. S       L=0        =  6.256E-05 +/- 6.45 %
 Ave. Gtotal  L=1        =  1.963E-01 +/- 0.00 %
 Ave. Gn^(1)  L=1        =  4.190E-01 +/- 6.80 %
 Ave. Gg      L=1        =  1.934E-01 +/- 0.61 %
 Ave. D       L=1        =  9.067E+00 +/- 0.00 %
 Ave. S       L=1        =  8.276E-03 +/- 6.75 %
 Ave. Gtotal  L=2        =  1.948E-01 +/- 0.00 %
 Ave. Gn^(2)  L=2        =  1.595E+00 +/- 13.63 %
 Ave. Gg      L=2        =  1.959E-01 +/- 0.96 %
 Ave. D       L=2        =  8.655E+00 +/- 0.00 %
 Ave. S       L=2        =  2.461E-02 +/- 13.63 %

 Expected Thermal (n,g) (syst or meas)= 25100 b. +/- 370 b. nominal: 25117.3 b.
 ratio Calculated/expected thermal (n,g): 0.99 ratio DCalculated/Dexpected: 1.09 ratio Calculated/Nominal: 0.99
 ============== From 10 random values ===== stop ======
 ================================================
 ... Calculation of (n,a) and (n,p) cross sections at 300 K
 ... thermal (n,a) cross section is 8.70588e-11 +/- 4.35294e-11 b.
 ... thermal (n,a) cross section is 0 b. (random case 1)
 ... thermal (n,a) cross section is 0 b. (random case 2)
 ... thermal (n,a) cross section is 0 b. (random case 3)
 ... thermal (n,a) cross section is 0 b. (random case 4)
 ... thermal (n,a) cross section is 0 b. (random case 5)
 ... thermal (n,a) cross section is 0 b. (random case 6)
 ... thermal (n,a) cross section is 0 b. (random case 7)
 ... thermal (n,a) cross section is 0 b. (random case 8)
 ... thermal (n,a) cross section is 0 b. (random case 9)
 ... thermal (n,a) cross section is 0 b. (random case 10)
 ... thermal (n,p) cross section is 8.70588e-11 +/- 4.35294e-11 b.
 ... thermal (n,p) cross section is 0 b. (random case 1)
 ... thermal (n,p) cross section is 0 b. (random case 2)
 ... thermal (n,p) cross section is 0 b. (random case 3)
 ... thermal (n,p) cross section is 0 b. (random case 4)
 ... thermal (n,p) cross section is 0 b. (random case 5)
 ... thermal (n,p) cross section is 0 b. (random case 6)
 ... thermal (n,p) cross section is 0 b. (random case 7)
 ... thermal (n,p) cross section is 0 b. (random case 8)
 ... thermal (n,p) cross section is 0 b. (random case 9)
 ... thermal (n,p) cross section is 0 b. (random case 10)
 ... Rewrite index for MF2
 ... Write text for MF1 in file mf1.tares.txt
 ... plotting cross sections for the MF1
 ... order output files


================== summary ==================
 Thermal (n,tot) xs = 25152.2 b. (recommended: 25600 b.)
 Thermal (n,el)  xs = 34.8903 b. 
 Thermal (n,g)   xs = 25117.3 b. (meas/sys: 25100 b.)

 RI      (n,g)      = 13301.1 b. (meas or sys: 40000 b.)
 RI      (n,el)     = 221.194 b.
=============================================


 ... cleaning
                                                 
  -------------------------------------------------------------
  -                                                           -
  - TARES: successful end of run with data from the database  -
  -             for Z= 79, A= 198 and isomer= 0               -
  -                                                           -
  -------------------------------------------------------------

   Running time:       11 seconds

 End time: Wed Oct  7 10:12:22 2026

