
  -------------------------------------------------------------
  -                                                           -
  -              Welcome to TARES version 1.8                 -
  -                                                           -
  -  (C) Copyright 2007-2025 D. Rochman, All Rights Reserved  -
  -           NRG, Petten, the Netherlands 2007-2014          -
  -           PSI, Villigen    Switzerland 2015-2025          -
  -         Nagra, Wettingen   Switzerland 2025-              -
  -           (Last Modified October 06, 2026)                -
  -           (Database from October 06, 2026)                -
  -                                                           -
  -------------------------------------------------------------


  ---------------------------------------------
   Compilation information:
   Compiled on:         Oct  7 2026, 09:32:19
   Compiled by:         koning
   Compiler version:    clang++ - 21.0.0
   Source location:     /Users/koning/tares-1.8/source/Module/
   Binaries location:   /Users/koning/bin
   System:              Darwin 25.6.0
   System version:      Darwin Kernel Version 25.6.0: Fri Jul 31 19:19:08 PDT 2026; root:xnu-12377.161.14~5/RELEASE_ARM64_T6050  
   Machine:             arm64 
  ---------------------------------------------

   User information:
   User name:           koning
   Running directory:   /Users/koning/tendl/resbase/Te113/work
   Owner mode for running directory : rwx
   Group mode for running directory : r-x
  ---------------------------------------------


 Starting time: Wed Oct  7 11:51:52 2026
 ... inputs directory found (/Users/koning/tares-1.8/source/Module//../../inputs/).
 ... It will be used for resonance parameters 
 ... ###############################################
 ... #     read the input file tares.inp
 ... ###############################################
 ... line: #
 ... line: # Input file generated by Autorochman
          --> line not read
 ... line: #
 ... line: isotope    Te
          --> Isotope name: Te
 ... line: mass       113
          --> isotopic mass: 113
 ... line: output     n-Te113
         ---> Name of the output files: n-Te113
 ... line: isomer     0
          --> isomeric state: 0
 ... line: mf32mf33   y
          --> MF33 based on MF32: y
 ... line: nbrRandom  6
          --> Nbr of random files: 6
 ... ###############################################
 ... # end read the input file tares.inp
 ... ###############################################
Value for random generator type not considered in since Tares 1.7 due to compilation issues

 ... ###############################################
     #   Interpretation of the Input definition    #
     ###############################################

 ... Default energy limit: End of resonance region
 ... Nuclear charge    = 52
 ... Element           = Te
 ... Mass              = 113
 ... Isomer            = 0
 ... Correlation for (Gn,Gg) not included in random files
 ... Default random option: No random
 ... Output name: n-Te113
 ... Energy for the MACS: 30000 eV
 ... Resonances from CALENDF reduced (reduce=y) 
 ... For URR, level density model from TALYS selected: 91n3n12611.2850 (see manual for description)
 ... Random Generator: default (pseudo random numbers from ansi c++)
 ... Reconstruction of cross section selected
 ... Doppler broadening at 0 Kelvin
 ... URR not included (from the input file flag)
 ... Weight for grouping is flat
 ... Calculation of (n,alpha) cross section selected
 ... Number of digit for MF32c covariance representation: 2
 ... MF32 included
 ... MF33 will be used for covariance processing
 ... TENDL option set to yes (automatic choice of MF2 and format)
 ... Isotope not found in the best file --> use of MLBW formalism
 ... default option: Multi level Breit Wigner approximation selected
 ... (check file best.tendl.yes for changing this option)
 ... Retroactive option set to no with the 2025 option
 ... ladder option set to yes (CALENDF will be used for statistical resonances)

 ... ###############################################
     #           End of Input definition           #
     ###############################################

 ... gnuplot found, will be used for plotting
 ... latex found, will be used for plotting
 ... dvips found, will be used for plotting
 ... ps2epsi not found, limited plotting available
 ... uncertainties on default parameters multiplied by 1.0194
 ... Read resonance data from the 2025 directory
 ... Resonance parameters taken from /Users/koning/tares-1.8/source/Module//../../inputs/2025/Resonance/default/
 ---> Processing Z= 52 and A= 113 and isomer= 0 (level number: 0)
 Exfor path; Could not find /Users/koning/tares-1.8/source/Module//../../inputs/exfor/Te113/xs/102
Thermal file; Could not open file /Users/koning/tares-1.8/source/Module//../../inputs/2025/runThermal/results//thermal.mxw.ng.cendl3.1
Thermal file; Could not open file /Users/koning/tares-1.8/source/Module//../../inputs/2025/runThermal/results//thermal.mxw.ng.brond3.1
Thermal file; Could not open file /Users/koning/tares-1.8/source/Module//../../inputs/2025/runThermal/results//thermal.xs.ng.unc.cendl3.1
 ... spin taken from the final/ directory (1)

 ... ###############################################
 ... #  Nucleus global parameters (2025 database)  #
 ... ###############################################
 0. Half-life: 1.7 min. 
 ... Scattering radius from TALYS: /Users/koning/tares-1.8/source/Module//../../inputs/2025/lib.urr/talys.urr/
 1. Spin of the target isotope: 3.5
 2. Relative Atomic Mass of the target isotope: 112.915
 3. Scattering radius (local compilation): 6.42465 fm +/- 0.134918 fm
      .......................................
      ... Thermal capture cross sections: ...
 4. Thermal (n,g) cross section from systematics: 52.04 +/- 36.428 b.
 5. Thermal (n,g) cross section from compilation (Firestone-2022 average on element Te): 4.61 +/- 0.09 b.
 6. Thermal (n,g) cross section from compilation (Firestone-2022 final on element Te): 4.59 +/- 0.08 b.
 7. Thermal (n,g) cross section from TENDL-2023: 52 b.
      .......................................
      ...  Thermal total cross sections:  ...
      .......................................
      ... Thermal elastic cross sections: ...
 8. Thermal (n,el) cross section from potential (4piR^2): 8.07424 +/- 0.403712 b.
      .......................................
             ... Resonance integral: ...
 9. No capture integral found in /Users/koning/tares-1.8/source/Module//../../inputs/capture.integral
 ... no RI(n,g) found in local compilation, take 2018 value.
 ... no RI(n,g) found in local compilation, take Sukhoruchkin value.
   ---- MACS 30 keV ----- 
 10. TALYS MACS 30 keV (HF): 0.884357 b. 
   ---------- S0 -------- 
 11. S0 from TALYS: 0.82782
   ---------- S1 -------- 
 12. S1 from TALYS: 2.93504
   ---------- S2 -------- 
 13. S2 from TALYS: 0.675985
   ---------- D0 -------- 
 14. D0 from TALYS: 1.28545 eV
   ---------- D1 -------- 
 15. D1 from TALYS: 0.669357 eV
   ---------- D2 -------- 
 16. D2 from TALYS: 0.477508 eV
   ---------- G0 -------- 
 17. Gg0 from TALYS: 0.206722 eV
   ---------- G1 -------- 
 18. Gg1 from TALYS: 0.218758 eV
   ---------- G2 -------- 
 19. Gg2 from TALYS: 0.219328 eV


   ---------------------- 
 ... Read resonance parameters (format: 2: Multi Level Breit Wigner)
 ... 0 resonances found 
 ... possibly no resonances in the Resonance directory for this isotope and options
 ... Use HFR (ladder) behavior 
 --> 21. Number of resonances from the input file: 2 up to 0.642726 eV
 22. Read nuclear quantities (mass, MAT...)
 23. Read thermal (n,g) xs 
 24. Read the scattering radius 
 25. Read uncertainty on Gg for 2 resonances
 26. Read uncertainty on Gg for 2 resonances ... done
 ... order resonances 
 ... Upper limit for the RRR: 0.642726 eV (no statistical resonances HFR) from the limit.RRR file
 ... Write parameters for l=0 waves
 ... End writing original MF2 
 ... No RRR in the database: uncertainties on default parameters multiplied by 1.99753
 ... Enter in urr function (ladder option set to y) for file n-Te113
 ... read the file /Users/koning/tares-1.8/source/Module//../../inputs/2025/list.jcs.urr to find URR origin
 Default URR taken from TALYS calculations with level density model: 91n3n12611.2850
 File considered for the URR: /Users/koning/tares-1.8/source/Module//../../inputs/2025/lib.urr/talys.urr/91n3n12611.2850/Te/urr/urr.dat.Te.113.000.0.gz
 ... Write URR using TALYS average parameters (used for HFR)
 ... Limit of URR changed to 25 keV (recommendation from WPEC and JEFF)
 ... Extract the Sn value from file ./urr.dat.Te.113.0.0
 ... found Sn= 11.614 MeV
 ... estimated number of resonances up to 108.773 eV:  84.6181 resonances
 ... This is a test here. The higher energy limit to include URR data for calendf is set to max Sn. 24/03/2016
 ... Use Sn to define the maximum energy for the URR: Sn= 11.614 MeV --> last_energyURR= 108.773 eV
 ... read D0, S0, Gn and Gg
 ... number of URR energies: 1548
 Number of l: 1548 and last energy: 12
 Last  URR energy: 108.773 eV
 ... Enter in to_MLBW_mf2 function
 ... Convert to Multi Level Breit Wigner (MLBW)
 ... Write parameter covariances (MF32) for l=0
 ... Convert parameter covariances (MF32) to MLBW
 ... copy the mf2 and mf32 to .mlbw files
 ... Enter in urr_correct function case 1
 Modify the higher limit of RRR in MF2
 --> old value: 6.459400-1 eV new value: 1.000000-2 eV
 Modify resonance covariances (MF32) to include correlations in the URR
 End Modify resonance covariances (MF32) to include correlations in the URR
 ... Enter in calendf_xs function
 Use CALENDF for statistical resonances (update MF2) up to 1.087730+2 eV (initial limit)
 Extract resonances from CALENDF for RRR->URR 2
 266 statistical resonances found
 After reduction, 245 statistical resonances found
 ... checking resonance order 1
 ... checking resonance order 2nd round for 243 resonances
 ... end checking resonance order 2nd round
 Too many resonances (243): reduced to 100.
 .......................................................
 ... Adjustment to the thermal cross section : start ...
 .......................................................

 Before adjustment (adjustment to the thermal cross section set to y)
 ... Import MF2 from TARES calculations
 ... End energy of TARES MF2 : 4.318065E+1 eV and limit to 40000 resonances
 ... File used for reconstruction: new.temp22.reconst
 ... run RECENT ...
 ... Doppler broadened at a unique temperature: 300 Kelvin using sigma1
 ... run SIGMA1 at 3.000000E+02 K.

 ============== INTER values at 300 Kelvin ==============
 Thermal (n,g) xs =  139.433 b. (meas/sys: 52.04 b.) (warning: comparison to be done at 296 or 300 K)
 Th Maxw (n,g) xs =  139.73 b. (thermal Maxwellian value)
 Westcott factor  =  1.00213
 RI      (n,g)    =  517.031 b. (meas or sys: - b.)
 MACS 3.000e+04 eV=  0.87656 b. (meas or sys: - b.) from 1.00E+00 to 2.00E+07 eV (end of RRR) at T= 300 Kelvin 
 Thermal (n,el) xs=  5.17243 b.
 RI      (n,el)   =  23.7295 b.
 ============= PSYCHE values ==============
 Ave. G_total L0  =  0.202676 eV
 Ave. G_total L1  =  0.203065 eV
 Ave. Gn_0    L0  =  0.000183727
 Ave. Gn_0    L1  =  0.00130062
 Ave. Gg      L0  =  0.201909 eV
 Ave. Gg      L1  =  0.203065 eV
 Ave. D       L0  =  1.3085 eV
 Ave. D       L1  =  0.881238 eV
 Ave. S       L0  =  7.27757e-05 eV
 Ave. S       L1  =  0.000250022 eV
 =========================================
 Calculated capture integral   517.031 b.
 Calculated thermal (n,g)=          139.432831 b. and recommended= 52.04 b. (C/E= 2.67934)
 Calculated RI      (n,g)= 517.031 b. (no reference value)
 ... tolerances: thermal (n,g) 20 % (reference uncertainties, minimum 2% and 5%, maximum 20%)
 Adjust the capture widths ...
 ... capture adjusted with Gn for 100 resonances (Gn<Gg) and with Gg for 0 resonances
 ... iteration 0: C/E thermal (n,g)= 2.67934

 <-------- After adjustment -------->
 ... Import MF2 from TARES calculations
 ... End energy of TARES MF2 : 4.318065E+1 eV and limit to 40000 resonances
 ... File used for reconstruction: new.temp22.reconst
 ... run RECENT ...
 ... Doppler broadened at a unique temperature: 300 Kelvin using sigma1
 ... run SIGMA1 at 3.000000E+02 K.

 ============== INTER values at 300 Kelvin ==============
 Thermal (n,g) xs =  61.4073 b. (meas/sys: 52.04 b.) (warning: comparison to be done at 296 or 300 K)
 Th Maxw (n,g) xs =  61.538 b. (thermal Maxwellian value)
 Westcott factor  =  1.00213
 RI      (n,g)    =  247.847 b. (meas or sys: - b.)
 MACS 3.000e+04 eV=  0.87652 b. (meas or sys: - b.) from 1.00E+00 to 2.00E+07 eV (end of RRR) at T= 300 Kelvin 
 Thermal (n,el) xs=  5.19171 b.
 RI      (n,el)   =  22.5262 b.
 ============= PSYCHE values ==============
 Ave. G_total L0  =  0.202247 eV
 Ave. G_total L1  =  0.203065 eV
 Ave. Gn_0    L0  =  8.09148e-05
 Ave. Gn_0    L1  =  0.000572801
 Ave. Gg      L0  =  0.201909 eV
 Ave. Gg      L1  =  0.203065 eV
 Ave. D       L0  =  1.3085 eV
 Ave. D       L1  =  0.881238 eV
 Ave. S       L0  =  3.20509e-05 eV
 Ave. S       L1  =  0.000110111 eV
 =========================================
 ... iteration 1: C/E thermal (n,g)= 1.18


 ... ratio C/E thermal (n,g): 1.180001E+00
 ...................................................... 
 ... Adjustment to the thermal cross section : stop ...
 ...................................................... 
 ... new MF2 file after adjustment: n-Te113
 ... read the file /Users/koning/tares-1.8/source/Module//../../inputs/2025/list.jcs.urr to find URR origin
 Default URR taken from TALYS calculations with level density model: 91n3n12611.2850
 File considered for the URR: /Users/koning/tares-1.8/source/Module//../../inputs/2025/lib.urr/talys.urr/91n3n12611.2850/Te/urr/urr.dat.Te.113.000.0.gz
 ... Write URR using TALYS average parameters (not used for HFR)
 ... Limit of URR changed to 25 keV (recommendation from WPEC and JEFF)
 Energy limit of the URR set to 56.1348 eV
 ... read D0, S0, Gn and Gg
 ... number of URR energies: 84
 Number of l: 84 and last energy: 12
 Last  URR energy: 56.1348 eV
 ... Enter in urr_correct function case 2
 Modify the higher limit of RRR in MF2
 --> old value: 4.318065+1 eV new value: 4.318065+1 eV
 Modify resonance covariances (MF32) to include correlations in the URR
 End Modify resonance covariances (MF32) to include correlations in the URR
 ... Enter in update_MF32 function
 ... Change uncertainties
 ... for the HFR, random position of the positive resonances with 0.020000 %
 ... end of update MF32 function
 ... GLS calculation of the parameter correlations from the thermal/RI adjustment (MF32c)
 ... MF32: correlations from the thermal/RI adjustment (GLS) for 8 resonances (15 widths), 3 correlation lines
 ...   thermal (n,g): uncertainty from these widths 13.4341 b. -> 12.6043 b. (reference: 52.04 +/- 36.428 b.)
 ... copy the mf2 and mf32 to .mlbw files

 ... Start of final reconstruction and testing ...
 ... Reconstruction of cross sections at 0 Kelvin  ... Import MF2 from TARES calculations
 ... End energy of TARES MF2 : 4.318065E+1 eV and limit to 40000 resonances
 ... File used for reconstruction: n-Te113.reconst
 ... run RECENT ...
 ... Doppler broadened at a unique temperature: 0 Kelvin using sigma1
 ... The keyword temperature is zero, no Doppler broadening for the MACS

 ============== INTER values at 0 Kelvin ==============
 Thermal (n,g) xs =  61.3809 b. (meas/sys: 52.04 b.) (warning: comparison to be done at 296 or 300 K)
 Th Maxw (n,g) xs =  61.185 b. (thermal Maxwellian value)
 Westcott factor  =  0.99681
 RI      (n,g)    =  247.324 b. (meas or sys: - b.)
 MACS 3.000e+04 eV=  0.87097 b. (meas or sys: - b.) from 1.00E+00 to 4.32E+01 eV (end of RRR) at T= 0 Kelvin 
 Thermal (n,el) xs=  5.16848 b.
 RI      (n,el)   =  22.5309 b.
 ============= PSYCHE values ==============
 Ave. G_total L0  =  0.202247 eV
 Ave. G_total L1  =  0.203065 eV
 Ave. Gn_0    L0  =  8.09148e-05
 Ave. Gn_0    L1  =  0.000572801
 Ave. Gg      L0  =  0.201909 eV
 Ave. Gg      L1  =  0.203065 eV
 Ave. D       L0  =  1.3085 eV
 Ave. D       L1  =  0.881238 eV
 Ave. S       L0  =  3.20509e-05 eV
 Ave. S       L1  =  0.000110111 eV
 =========================================
 ... End of final reconstruction and testing ...

 ... grouping is not optimum, change to 70 groups
 ... Produce MF33 based on MF32 and 6 random files
 ... run endsam for 6 in groups of 1 global run
 ... run endsam from 1 to 6
 ... reorder resonance position after endsam (sampling)
 ... preparing the vectors  ... done
 ... nominal file 0 Cap(th)  ave= 6.138E+01 b. +/- 0.00 % || Ela(th) ave= 5.168E+00 b. +/- 0.00 % || RIcap ave= 2.13E+02 b. +/- 0.00 % || Macs30 ave= 2.92E+01 b. +/- 0.00 % || Gn^0(l=0) ave= 8.091E-05 +/- 0.00 % Gn^0(l=1) ave= 5.728E-04 +/- 0.00 % Gn^0(l=2) ave= 0.000E+00 +/- 0.00 % Gn^0(l=3) ave= 0.000E+00 +/- 0.00 % || Gtotal(l=0) ave= 2.022E-01 +/- 0.00 % Gtotal(l=1) ave= 2.031E-01 +/- 0.00 % Gtotal(l=2) ave= 0.000E+00 +/- 0.00 % Gtotal(l=3) ave= 0.000E+00 +/- 0.00 %  % || Gg(l=0) ave= 2.019E-01 +/- 0.00 % Gg(l=1) ave= 2.031E-01 +/- 0.00 % Gg(l=2) ave= 0.000E+00 +/- 0.00 % Gg(l=3) ave= 0.000E+00 +/- 0.00 %  % || D(l=0) ave= 1.309E+00 +/- 0.00 % D(l=1) ave= 8.812E-01 +/- 0.00 % D(l=2) ave= 0.000E+00 +/- 0.00 % D(l=3) ave= 0.000E+00 +/- 0.00 %  % || S(l=0) ave= 3.205E-05 +/- 0.00 % S(l=1) ave= 1.101E-04 +/- 0.00 % S(l=2) ave= 0.000E+00 +/- 0.00 % S(l=3) ave= 0.000E+00 +/- 0.00 % 
 ... random file  1 Cap(th)  ave= 7.058E+01 b. +/- 13.03 % || Ela(th) ave= 5.430E+00 b. +/- 4.82 % || RIcap ave= 2.13E+02 b. +/- 0.05 % || Macs30 ave= 2.91E+01 b. +/- 0.24 % || Gn^0(l=0) ave= 8.076E-05 +/- 0.19 % Gn^0(l=1) ave= 5.467E-04 +/- 4.77 % Gn^0(l=2) ave= 0.000E+00 +/- 0.00 % Gn^0(l=3) ave= 0.000E+00 +/- 0.00 % || Gtotal(l=0) ave= 2.022E-01 +/- 0.00 % Gtotal(l=1) ave= 2.031E-01 +/- 0.00 % Gtotal(l=2) ave= 0.000E+00 +/- 0.00 % Gtotal(l=3) ave= 0.000E+00 +/- 0.00 %  % || Gg(l=0) ave= 2.005E-01 +/- 0.72 % Gg(l=1) ave= 2.014E-01 +/- 0.81 % Gg(l=2) ave= 0.000E+00 +/- 0.00 % Gg(l=3) ave= 0.000E+00 +/- 0.00 %  % || D(l=0) ave= 1.309E+00 +/- 0.00 % D(l=1) ave= 8.812E-01 +/- 0.00 % D(l=2) ave= 0.000E+00 +/- 0.00 % D(l=3) ave= 0.000E+00 +/- 0.00 %  % || S(l=0) ave= 3.199E-05 +/- 0.18 % S(l=1) ave= 1.051E-04 +/- 4.77 % S(l=2) ave= 0.000E+00 +/- 0.00 % S(l=3) ave= 0.000E+00 +/- 0.00 % 
 ... random file  2 Cap(th)  ave= 6.460E+01 b. +/- 17.50 % || Ela(th) ave= 5.554E+00 b. +/- 4.97 % || RIcap ave= 2.13E+02 b. +/- 0.33 % || Macs30 ave= 2.91E+01 b. +/- 0.20 % || Gn^0(l=0) ave= 8.090E-05 +/- 0.28 % Gn^0(l=1) ave= 5.346E-04 +/- 5.11 % Gn^0(l=2) ave= 0.000E+00 +/- 0.00 % Gn^0(l=3) ave= 0.000E+00 +/- 0.00 % || Gtotal(l=0) ave= 2.022E-01 +/- 0.00 % Gtotal(l=1) ave= 2.031E-01 +/- 0.00 % Gtotal(l=2) ave= 0.000E+00 +/- 0.00 % Gtotal(l=3) ave= 0.000E+00 +/- 0.00 %  % || Gg(l=0) ave= 2.035E-01 +/- 2.19 % Gg(l=1) ave= 1.994E-01 +/- 1.59 % Gg(l=2) ave= 0.000E+00 +/- 0.00 % Gg(l=3) ave= 0.000E+00 +/- 0.00 %  % || D(l=0) ave= 1.309E+00 +/- 0.00 % D(l=1) ave= 8.812E-01 +/- 0.00 % D(l=2) ave= 0.000E+00 +/- 0.00 % D(l=3) ave= 0.000E+00 +/- 0.00 %  % || S(l=0) ave= 3.204E-05 +/- 0.27 % S(l=1) ave= 1.028E-04 +/- 5.11 % S(l=2) ave= 0.000E+00 +/- 0.00 % S(l=3) ave= 0.000E+00 +/- 0.00 % 
 ... random file  3 Cap(th)  ave= 5.970E+01 b. +/- 21.70 % || Ela(th) ave= 5.408E+00 b. +/- 6.41 % || RIcap ave= 2.13E+02 b. +/- 0.48 % || Macs30 ave= 2.91E+01 b. +/- 0.19 % || Gn^0(l=0) ave= 8.094E-05 +/- 0.26 % Gn^0(l=1) ave= 5.497E-04 +/- 6.41 % Gn^0(l=2) ave= 0.000E+00 +/- 0.00 % Gn^0(l=3) ave= 0.000E+00 +/- 0.00 % || Gtotal(l=0) ave= 2.022E-01 +/- 0.00 % Gtotal(l=1) ave= 2.031E-01 +/- 0.00 % Gtotal(l=2) ave= 0.000E+00 +/- 0.00 % Gtotal(l=3) ave= 0.000E+00 +/- 0.00 %  % || Gg(l=0) ave= 2.008E-01 +/- 3.00 % Gg(l=1) ave= 2.026E-01 +/- 3.04 % Gg(l=2) ave= 0.000E+00 +/- 0.00 % Gg(l=3) ave= 0.000E+00 +/- 0.00 %  % || D(l=0) ave= 1.309E+00 +/- 0.00 % D(l=1) ave= 8.812E-01 +/- 0.00 % D(l=2) ave= 0.000E+00 +/- 0.00 % D(l=3) ave= 0.000E+00 +/- 0.00 %  % || S(l=0) ave= 3.206E-05 +/- 0.25 % S(l=1) ave= 1.057E-04 +/- 6.41 % S(l=2) ave= 0.000E+00 +/- 0.00 % S(l=3) ave= 0.000E+00 +/- 0.00 % 
 ... random file  4 Cap(th)  ave= 5.610E+01 b. +/- 24.32 % || Ela(th) ave= 5.266E+00 b. +/- 7.99 % || RIcap ave= 2.12E+02 b. +/- 0.73 % || Macs30 ave= 2.91E+01 b. +/- 0.38 % || Gn^0(l=0) ave= 8.136E-05 +/- 1.05 % Gn^0(l=1) ave= 5.659E-04 +/- 7.99 % Gn^0(l=2) ave= 0.000E+00 +/- 0.00 % Gn^0(l=3) ave= 0.000E+00 +/- 0.00 % || Gtotal(l=0) ave= 2.022E-01 +/- 0.03 % Gtotal(l=1) ave= 2.031E-01 +/- 0.00 % Gtotal(l=2) ave= 0.000E+00 +/- 0.00 % Gtotal(l=3) ave= 0.000E+00 +/- 0.00 %  % || Gg(l=0) ave= 1.993E-01 +/- 3.11 % Gg(l=1) ave= 1.994E-01 +/- 4.25 % Gg(l=2) ave= 0.000E+00 +/- 0.00 % Gg(l=3) ave= 0.000E+00 +/- 0.00 %  % || D(l=0) ave= 1.317E+00 +/- 1.24 % D(l=1) ave= 8.812E-01 +/- 0.00 % D(l=2) ave= 0.000E+00 +/- 0.00 % D(l=3) ave= 0.000E+00 +/- 0.00 %  % || S(l=0) ave= 3.204E-05 +/- 0.27 % S(l=1) ave= 1.088E-04 +/- 7.99 % S(l=2) ave= 0.000E+00 +/- 0.00 % S(l=3) ave= 0.000E+00 +/- 0.00 % 
 ... random file  5 Cap(th)  ave= 5.622E+01 b. +/- 22.16 % || Ela(th) ave= 5.161E+00 b. +/- 8.73 % || RIcap ave= 2.12E+02 b. +/- 0.81 % || Macs30 ave= 2.91E+01 b. +/- 0.41 % || Gn^0(l=0) ave= 8.137E-05 +/- 0.96 % Gn^0(l=1) ave= 5.780E-04 +/- 8.54 % Gn^0(l=2) ave= 0.000E+00 +/- 0.00 % Gn^0(l=3) ave= 0.000E+00 +/- 0.00 % || Gtotal(l=0) ave= 2.022E-01 +/- 0.03 % Gtotal(l=1) ave= 2.031E-01 +/- 0.00 % Gtotal(l=2) ave= 0.000E+00 +/- 0.00 % Gtotal(l=3) ave= 0.000E+00 +/- 0.00 %  % || Gg(l=0) ave= 1.999E-01 +/- 2.92 % Gg(l=1) ave= 2.024E-01 +/- 5.07 % Gg(l=2) ave= 0.000E+00 +/- 0.00 % Gg(l=3) ave= 0.000E+00 +/- 0.00 %  % || D(l=0) ave= 1.315E+00 +/- 1.16 % D(l=1) ave= 8.812E-01 +/- 0.00 % D(l=2) ave= 0.000E+00 +/- 0.00 % D(l=3) ave= 0.000E+00 +/- 0.00 %  % || S(l=0) ave= 3.207E-05 +/- 0.35 % S(l=1) ave= 1.111E-04 +/- 8.54 % S(l=2) ave= 0.000E+00 +/- 0.00 % S(l=3) ave= 0.000E+00 +/- 0.00 % 
 ... random file  6 Cap(th)  ave= 5.693E+01 b. +/- 20.49 % || Ela(th) ave= 5.136E+00 b. +/- 8.21 % || RIcap ave= 2.13E+02 b. +/- 0.88 % || Macs30 ave= 2.91E+01 b. +/- 0.38 % || Gn^0(l=0) ave= 8.132E-05 +/- 0.90 % Gn^0(l=1) ave= 5.800E-04 +/- 7.92 % Gn^0(l=2) ave= 0.000E+00 +/- 0.00 % Gn^0(l=3) ave= 0.000E+00 +/- 0.00 % || Gtotal(l=0) ave= 2.022E-01 +/- 0.02 % Gtotal(l=1) ave= 2.031E-01 +/- 0.00 % Gtotal(l=2) ave= 0.000E+00 +/- 0.00 % Gtotal(l=3) ave= 0.000E+00 +/- 0.00 %  % || Gg(l=0) ave= 2.028E-01 +/- 4.41 % Gg(l=1) ave= 2.072E-01 +/- 7.26 % Gg(l=2) ave= 0.000E+00 +/- 0.00 % Gg(l=3) ave= 0.000E+00 +/- 0.00 %  % || D(l=0) ave= 1.314E+00 +/- 1.09 % D(l=1) ave= 8.812E-01 +/- 0.00 % D(l=2) ave= 0.000E+00 +/- 0.00 % D(l=3) ave= 0.000E+00 +/- 0.00 %  % || S(l=0) ave= 3.207E-05 +/- 0.32 % S(l=1) ave= 1.115E-04 +/- 7.92 % S(l=2) ave= 0.000E+00 +/- 0.00 % S(l=3) ave= 0.000E+00 +/- 0.00 % 
 ... Histogram plot for thermal (n,g)
 ... Write covariances  ... MT1  ... plot correlations
 ... MT2  ... MT102 


 ================================================
 ============== From 6 random values === start ======
 Thermal (n,tot) xs  0 K =  62.0639 b. +/- 11.8906 b. ( 19.1586 %) skew= +0.62 +/- 0.79
 Thermal (n,el) xs   0 K =  5.13618 b. +/- 0.421593 b. ( 8.2083 %) skew= +0.47 +/- 0.79
 Thermal (n,g) xs    0 K =  56.9278 b. +/- 11.6639 b. ( 20.4889 %) skew= +0.61 +/- 0.79
 RI      (n,g)       0 K =  212.745 b. +/- 1.87161 b. ( 0.879742 %) 
 MACS    (n,g)       0 K (at Emacs= 30000 eV) =  29.0964 b. +/- 0.111594 b. ( 0.383533 %) 
 Ave. Gtotal  L=0        =  2.022E-01 +/- 0.02 %
 Ave. Gn^(0)  L=0        =  8.132E-05 +/- 0.90 %
 Ave. Gg      L=0        =  2.028E-01 +/- 4.41 %
 Ave. D       L=0        =  1.314E+00 +/- 1.09 %
 Ave. S       L=0        =  3.207E-05 +/- 0.32 %
 Ave. Gtotal  L=1        =  2.031E-01 +/- 0.00 %
 Ave. Gg      L=1        =  2.072E-01 +/- 7.26 %
 Ave. D       L=1        =  8.812E-01 +/- 0.00 %
 Ave. S       L=1        =  1.115E-04 +/- 7.92 %

 Expected Thermal (n,g) (syst or meas)= 52.04 b. +/- 36.428 b. nominal: 61.3809 b.
 ratio Calculated/expected thermal (n,g): 1.09 ratio DCalculated/Dexpected: 0.32 ratio Calculated/Nominal: 0.93
 ============== From 6 random values ===== stop ======
 ================================================
 ... Calculation of (n,a) and (n,p) cross sections at 300 K
 ... thermal (n,a) cross section is 4.99525e-05 +/- 2.49763e-05 b.
 ... thermal (n,a) cross section is 9.19272e-05 b. (random case 1)
 ... thermal (n,a) cross section is 0.000133927 b. (random case 2)
 ... thermal (n,a) cross section is 0.000175927 b. (random case 3)
 ... thermal (n,a) cross section is 0.000217927 b. (random case 4)
 ... thermal (n,a) cross section is 0.000259927 b. (random case 5)
 ... thermal (n,a) cross section is 0.000301927 b. (random case 6)
 ... thermal (n,p) cross section is 4.99525e-05 +/- 2.49763e-05 b.
 ... thermal (n,p) cross section is 9.19272e-05 b. (random case 1)
 ... thermal (n,p) cross section is 0.000133927 b. (random case 2)
 ... thermal (n,p) cross section is 0.000175927 b. (random case 3)
 ... thermal (n,p) cross section is 0.000217927 b. (random case 4)
 ... thermal (n,p) cross section is 0.000259927 b. (random case 5)
 ... thermal (n,p) cross section is 0.000301927 b. (random case 6)
 ... Rewrite index for MF2
 ... Write text for MF1 in file mf1.tares.txt
 ... plotting cross sections for the MF1
 ... order output files


================== summary ==================
 Thermal (n,tot) xs = 66.55 b. 
 Thermal (n,el)  xs = 5.16848 b. 
 Thermal (n,g)   xs = 61.3809 b. (meas/sys: 52.04 b.)
 At 300 K (thermal adjustment): (n,el) = 5.19171 b., (n,g) = 61.4073 b.

 RI      (n,g)      = 247.324 b. (meas or sys: - b.)
 RI      (n,el)     = 22.5309 b.
=============================================


 ... cleaning
                                                 
  -------------------------------------------------------------
  -                                                           -
  - TARES: successful end of run with data from hypothetical  -
  - resonances for  Z= 52, A= 113 and isomer= 0               -
  - half-life: 1.700000 min. 
  -                                                           -
  -------------------------------------------------------------

   Running time:       9 seconds

 End time: Wed Oct  7 11:52:01 2026

