
  -------------------------------------------------------------
  -                                                           -
  -              Welcome to TARES version 1.8                 -
  -                                                           -
  -  (C) Copyright 2007-2025 D. Rochman, All Rights Reserved  -
  -           NRG, Petten, the Netherlands 2007-2014          -
  -           PSI, Villigen    Switzerland 2015-2025          -
  -         Nagra, Wettingen   Switzerland 2025-              -
  -           (Last Modified October 06, 2026)                -
  -           (Database from October 06, 2026)                -
  -                                                           -
  -------------------------------------------------------------


  ---------------------------------------------
   Compilation information:
   Compiled on:         Oct  8 2026, 18:36:06
   Compiled by:         koning
   Compiler version:    clang++ - 21.0.0
   Source location:     /Users/koning/tares-1.8/source/Module/
   Binaries location:   /Users/koning/bin
   System:              Darwin 25.6.0
   System version:      Darwin Kernel Version 25.6.0: Fri Jul 31 19:19:08 PDT 2026; root:xnu-12377.161.14~5/RELEASE_ARM64_T6050  
   Machine:             arm64 
  ---------------------------------------------

   User information:
   User name:           koning
   Running directory:   /Users/koning/tendl/resbase/Po204/work
   Owner mode for running directory : rwx
   Group mode for running directory : r-x
  ---------------------------------------------


 Starting time: Fri Oct  9 12:04:26 2026
 ... inputs directory found (/Users/koning/tares-1.8/source/Module//../../inputs/).
 ... It will be used for resonance parameters 
 ... ###############################################
 ... #     read the input file tares.inp
 ... ###############################################
 ... line: #
 ... line: # Input file generated by Autorochman
          --> line not read
 ... line: #
 ... line: isotope    Po
          --> Isotope name: Po
 ... line: mass       204
          --> isotopic mass: 204
 ... line: output     n-Po204
         ---> Name of the output files: n-Po204
 ... line: isomer     0
          --> isomeric state: 0
 ... line: mf32mf33   y
          --> MF33 based on MF32: y
 ... line: nbrRandom  10
          --> Nbr of random files: 10
 ... ###############################################
 ... # end read the input file tares.inp
 ... ###############################################
Value for random generator type not considered in since Tares 1.7 due to compilation issues

 ... ###############################################
     #   Interpretation of the Input definition    #
     ###############################################

 ... Default energy limit: End of resonance region
 ... Nuclear charge    = 84
 ... Element           = Po
 ... Mass              = 204
 ... Isomer            = 0
 ... Correlation for (Gn,Gg) not included in random files
 ... Default random option: No random
 ... Output name: n-Po204
 ... Energy for the MACS: 30000 eV
 ... Resonances from CALENDF reduced (reduce=y) 
 ... For URR, level density model from TALYS selected: 91n3n12611.2850 (see manual for description)
 ... Random Generator: default (pseudo random numbers from ansi c++)
 ... Reconstruction of cross section selected
 ... Doppler broadening at 0 Kelvin
 ... URR not included (from the input file flag)
 ... Weight for grouping is flat
 ... Calculation of (n,alpha) cross section selected
 ... Number of digit for MF32c covariance representation: 2
 ... MF32 included
 ... MF33 will be used for covariance processing
 ... TENDL option set to yes (automatic choice of MF2 and format)
 ... Isotope not found in the best file --> use of MLBW formalism
 ... default option: Multi level Breit Wigner approximation selected
 ... (check file best.tendl.yes for changing this option)
 ... Retroactive option set to no with the 2025 option
 ... ladder option set to yes (CALENDF will be used for statistical resonances)

 ... ###############################################
     #           End of Input definition           #
     ###############################################

 ... gnuplot found, will be used for plotting
 ... latex found, will be used for plotting
 ... dvips found, will be used for plotting
 ... ps2epsi not found, limited plotting available
 ... uncertainties on default parameters multiplied by 1.29794
 ... Read resonance data from the 2025 directory
 ... Resonance parameters taken from /Users/koning/tares-1.8/source/Module//../../inputs/2025/Resonance/default/
 ---> Processing Z= 84 and A= 204 and isomer= 0 (level number: 0)
 Exfor path; Could not find /Users/koning/tares-1.8/source/Module//../../inputs/exfor/Po204/xs/102
Thermal file; Could not open file /Users/koning/tares-1.8/source/Module//../../inputs/2025/runThermal/results//thermal.mxw.ng.cendl3.1
Thermal file; Could not open file /Users/koning/tares-1.8/source/Module//../../inputs/2025/runThermal/results//thermal.mxw.ng.brond3.1
Thermal file; Could not open file /Users/koning/tares-1.8/source/Module//../../inputs/2025/runThermal/results//thermal.xs.ng.unc.cendl3.1
 ... spin taken from the final/ directory (1)
 ... The spin found in level file ( 0 ) and the one in the urr file ( 5.5 ) differ

 ... ###############################################
 ... #  Nucleus global parameters (2025 database)  #
 ... ###############################################
 0. Half-life: 3.51944 hours
 ... Scattering radius from TALYS: /Users/koning/tares-1.8/source/Module//../../inputs/2025/lib.urr/talys.urr/
 1. Spin of the target isotope: 0
 2. Relative Atomic Mass of the target isotope: 203.98
 3. Scattering radius (local compilation): 7.80749 fm +/- 0.163957 fm
      .......................................
      ... Thermal capture cross sections: ...
 4. Thermal (n,g) cross section from systematics (TALYS, urr.dat): 26.6237 +/- 13.3119 b.
 5. Thermal (n,g) cross section from TENDL-2023: 26.59 +/- 14.26 b.
      .......................................
      ...  Thermal total cross sections:  ...
      .......................................
      ... Thermal elastic cross sections: ...
 6. Thermal (n,el) cross section from potential (4piR^2): 9.81214 +/- 0.490607 b.
      .......................................
             ... Resonance integral: ...
 7. No capture integral found in /Users/koning/tares-1.8/source/Module//../../inputs/capture.integral
 ... no RI(n,g) found in local compilation, take 2018 value.
 ... no RI(n,g) found in local compilation, take Sukhoruchkin value.
   ---- MACS 30 keV ----- 
 8. TALYS MACS 30 keV (HF): 0.368453 b. 
   ---------- S0 -------- 
 9. S0 from TALYS: 0.748337
   ---------- S1 -------- 
 10. S1 from TALYS: 0.56655
   ---------- S2 -------- 
 11. S2 from TALYS: 1.23759
   ---------- D0 -------- 
 12. D0 from TALYS: 81.019 eV
   ---------- D1 -------- 
 13. D1 from TALYS: 27.6134 eV
   ---------- D2 -------- 
 14. D2 from TALYS: 17.3213 eV
   ---------- G0 -------- 
 15. Gg0 from TALYS: 0.114334 eV
   ---------- G1 -------- 
 16. Gg1 from TALYS: 0.0994762 eV
   ---------- G2 -------- 
 17. Gg2 from TALYS: 0.111723 eV


   ---------------------- 
 ... Read resonance parameters (format: 2: Multi Level Breit Wigner)
 ... 0 resonances found 
 ... possibly no resonances in the Resonance directory for this isotope and options
 ... Use HFR (ladder) behavior 
 --> 19. Number of resonances from the input file: 2 up to 40.5095 eV
 20. Read nuclear quantities (mass, MAT...)
 21. Read thermal (n,g) xs 
 22. Read the scattering radius 
 23. Read uncertainty on Gg for 2 resonances
 24. Read uncertainty on Gg for 2 resonances ... done
 ... order resonances 
 ... Upper limit for the RRR: 40.5095 eV (no statistical resonances HFR) from the limit.RRR file
 ... Write parameters for l=0 waves
 ... End writing original MF2 
 ... No RRR in the database: uncertainties on default parameters multiplied by 1.99753
 ... Enter in urr function (ladder option set to y) for file n-Po204
 ... read the file /Users/koning/tares-1.8/source/Module//../../inputs/2025/list.jcs.urr to find URR origin
 Default URR taken from TALYS calculations with level density model: 91n3n12611.2850
 File considered for the URR: /Users/koning/tares-1.8/source/Module//../../inputs/2025/lib.urr/talys.urr/91n3n12611.2850/Po/urr/urr.dat.Po.204.000.0.gz
 ... Write URR using TALYS average parameters (used for HFR)
 ... Limit of URR changed to 25 keV (recommendation from WPEC and JEFF)
 ... Extract the Sn value from file ./urr.dat.Po.204.0.0
 ... found Sn= 7.25167 MeV
 ... estimated number of resonances up to 3803.24 eV:  46.9426 resonances
 ... This is a test here. The higher energy limit to include URR data for calendf is set to max Sn. 24/03/2016
 ... Use Sn to define the maximum energy for the URR: Sn= 7.25167 MeV --> last_energyURR= 3803.24 eV
 ... read D0, S0, Gn and Gg
 ... number of URR energies: 980
 Number of l: 980 and last energy: 5
 Last  URR energy: 3803.24 eV
 ... Enter in to_MLBW_mf2 function
 ... Convert to Multi Level Breit Wigner (MLBW)
 ... Write parameter covariances (MF32) for l=0
 ... Convert parameter covariances (MF32) to MLBW
 ... copy the mf2 and mf32 to .mlbw files
 ... Enter in urr_correct function case 1
 Modify the higher limit of RRR in MF2
 --> old value: 4.071206+1 eV new value: 1.000000-2 eV
 Modify resonance covariances (MF32) to include correlations in the URR
 End Modify resonance covariances (MF32) to include correlations in the URR
 ... Enter in calendf_xs function
 Use CALENDF for statistical resonances (update MF2) up to 3.803240+3 eV (initial limit)
 Extract resonances from CALENDF for RRR->URR 2
 404 statistical resonances found
 After reduction, 295 statistical resonances found
 ... checking resonance order 1
 ... checking resonance order 2nd round for 293 resonances
 ... end checking resonance order 2nd round
 Too many resonances (293): reduced to 100.
 .......................................................
 ... Adjustment to the thermal cross section : start ...
 .......................................................

 Before adjustment (adjustment to the thermal cross section set to y)
 ... Import MF2 from TARES calculations
 ... End energy of TARES MF2 : 1.665367E+3 eV and limit to 40000 resonances
 ... File used for reconstruction: new.temp22.reconst
 ... run RECENT ...
 ... Doppler broadened at a unique temperature: 300 Kelvin using sigma1
 ... run SIGMA1 at 3.000000E+02 K.

 ============== INTER values at 300 Kelvin ==============
 Thermal (n,g) xs =  1.86193 b. (meas/sys: 26.6237 b.) (warning: comparison to be done at 296 or 300 K)
 Th Maxw (n,g) xs =  1.8738 b. (thermal Maxwellian value)
 Westcott factor  =  1.00636
 RI      (n,g)    =  86.7277 b. (meas or sys: - b.)
 MACS 3.000e+04 eV=  0.36437 b. (meas or sys: - b.) from 1.00E+00 to 2.00E+07 eV (end of RRR) at T= 300 Kelvin 
 Thermal (n,el) xs=  6.5977 b.
 RI      (n,el)   =  88.9555 b.
 ============= PSYCHE values ==============
 Ave. G_total L0  =  0.238333 eV
 Ave. G_total L1  =  0.0991609 eV
 Ave. G_total L2  =  0.108236 eV
 Ave. Gn_0    L0  =  0.00446632
 Ave. Gn_0    L1  =  0.00560224
 Ave. Gn_0    L2  =  0.00981361
 Ave. Gg      L0  =  0.114366 eV
 Ave. Gg      L1  =  0.0985694 eV
 Ave. Gg      L2  =  0.108235 eV
 Ave. D       L0  =  83.2683 eV
 Ave. D       L1  =  61.6803 eV
 Ave. D       L2  =  43.8254 eV
 Ave. S       L0  =  5.63196e-05 eV
 Ave. S       L1  =  4.63823e-05 eV
 Ave. S       L2  =  0.000105031 eV
 =========================================
 Calculated capture integral   86.7277 b.
 Calculated thermal (n,g)=          1.86193402 b. and recommended= 26.6237 b. (C/E= 0.0699351)
 Calculated RI      (n,g)= 86.7277 b. (no reference value)
 ... tolerances: thermal (n,g) 20 % (reference uncertainties, minimum 2% and 5%, maximum 20%)
 Adjust the capture widths ...
 ... capture adjusted with Gn for 93 resonances (Gn<Gg) and with Gg for 7 resonances
 ... iteration 0: C/E thermal (n,g)= 0.0699351
 Warning: 100 widths limited to a change of a factor 10 from their starting values

 <-------- After adjustment -------->
 ... Import MF2 from TARES calculations
 ... End energy of TARES MF2 : 1.665367E+3 eV and limit to 40000 resonances
 ... File used for reconstruction: new.temp22.reconst
 ... run RECENT ...
 ... Doppler broadened at a unique temperature: 300 Kelvin using sigma1
 ... run SIGMA1 at 3.000000E+02 K.

 ============== INTER values at 300 Kelvin ==============
 Thermal (n,g) xs =  18.6193 b. (meas/sys: 26.6237 b.) (warning: comparison to be done at 296 or 300 K)
 Th Maxw (n,g) xs =  18.738 b. (thermal Maxwellian value)
 Westcott factor  =  1.00636
 RI      (n,g)    =  276.862 b. (meas or sys: - b.)
 MACS 3.000e+04 eV=  0.37364 b. (meas or sys: - b.) from 1.00E+00 to 2.00E+07 eV (end of RRR) at T= 300 Kelvin 
 Thermal (n,el) xs=  1.74151 b.
 RI      (n,el)   =  830.998 b.
 ============= PSYCHE values ==============
 Ave. G_total L0  =  0.777631 eV
 Ave. G_total L1  =  0.104484 eV
 Ave. G_total L2  =  0.108239 eV
 Ave. Gn_0    L0  =  0.0146861
 Ave. Gn_0    L1  =  0.0560224
 Ave. Gn_0    L2  =  0.0981361
 Ave. Gg      L0  =  0.457463 eV
 Ave. Gg      L1  =  0.0985694 eV
 Ave. Gg      L2  =  0.108235 eV
 Ave. D       L0  =  83.2683 eV
 Ave. D       L1  =  61.6803 eV
 Ave. D       L2  =  43.8254 eV
 Ave. S       L0  =  0.00018519 eV
 Ave. S       L1  =  0.000463823 eV
 Ave. S       L2  =  0.00105031 eV
 =========================================
 ... iteration 1: C/E thermal (n,g)= 0.699351
 Warning: 100 widths limited to a change of a factor 10 from their starting values

 <-------- After adjustment -------->
 ... Import MF2 from TARES calculations
 ... End energy of TARES MF2 : 1.665367E+3 eV and limit to 40000 resonances
 ... File used for reconstruction: new.temp22.reconst
 ... run RECENT ...
 ... Doppler broadened at a unique temperature: 300 Kelvin using sigma1
 ... run SIGMA1 at 3.000000E+02 K.

 ============== INTER values at 300 Kelvin ==============
 Thermal (n,g) xs =  18.6193 b. (meas/sys: 26.6237 b.) (warning: comparison to be done at 296 or 300 K)
 Th Maxw (n,g) xs =  18.738 b. (thermal Maxwellian value)
 Westcott factor  =  1.00636
 RI      (n,g)    =  276.862 b. (meas or sys: - b.)
 MACS 3.000e+04 eV=  0.37364 b. (meas or sys: - b.) from 1.00E+00 to 2.00E+07 eV (end of RRR) at T= 300 Kelvin 
 Thermal (n,el) xs=  1.74151 b.
 RI      (n,el)   =  830.998 b.
 ============= PSYCHE values ==============
 Ave. G_total L0  =  0.777631 eV
 Ave. G_total L1  =  0.104484 eV
 Ave. G_total L2  =  0.108239 eV
 Ave. Gn_0    L0  =  0.0146861
 Ave. Gn_0    L1  =  0.0560224
 Ave. Gn_0    L2  =  0.0981361
 Ave. Gg      L0  =  0.457463 eV
 Ave. Gg      L1  =  0.0985694 eV
 Ave. Gg      L2  =  0.108235 eV
 Ave. D       L0  =  83.2683 eV
 Ave. D       L1  =  61.6803 eV
 Ave. D       L2  =  43.8254 eV
 Ave. S       L0  =  0.00018519 eV
 Ave. S       L1  =  0.000463823 eV
 Ave. S       L2  =  0.00105031 eV
 =========================================
 ... iteration 2: C/E thermal (n,g)= 0.699351
 Warning: no further change possible (widths at the limit of a factor 10): adjustment stopped


 ... ratio C/E thermal (n,g): 6.993509E-01
 ...................................................... 
 ... Adjustment to the thermal cross section : stop ...
 ...................................................... 
 ... new MF2 file after adjustment: n-Po204
 ... read the file /Users/koning/tares-1.8/source/Module//../../inputs/2025/list.jcs.urr to find URR origin
 Default URR taken from TALYS calculations with level density model: 91n3n12611.2850
 File considered for the URR: /Users/koning/tares-1.8/source/Module//../../inputs/2025/lib.urr/talys.urr/91n3n12611.2850/Po/urr/urr.dat.Po.204.000.0.gz
 ... Write URR using TALYS average parameters (not used for HFR)
 ... Limit of URR changed to 25 keV (recommendation from WPEC and JEFF)
 Energy limit of the URR set to 2164.98 eV
 ... read D0, S0, Gn and Gg
 ... number of URR energies: 15
 Number of l: 15 and last energy: 5
 Last  URR energy: 2164.98 eV
 ... Enter in urr_correct function case 2
 Modify the higher limit of RRR in MF2
 --> old value: 1.665367+3 eV new value: 1.665367+3 eV
 Modify resonance covariances (MF32) to include correlations in the URR
 End Modify resonance covariances (MF32) to include correlations in the URR
 ... Enter in update_MF32 function
 ... Change uncertainties
 ... for the HFR, random position of the positive resonances with 0.020000 %
 ... end of update MF32 function
 ... GLS calculation of the parameter correlations from the thermal/RI adjustment (MF32c)
 ... MF32: correlations from the thermal/RI adjustment (GLS) for 4 resonances (8 widths), 2 correlation lines
 ...   thermal (n,g): uncertainty from these widths 8.16251 b. -> 6.95852 b. (reference: 26.6237 +/- 13.3119 b.)
 ... copy the mf2 and mf32 to .mlbw files

 ... Start of final reconstruction and testing ...
 ... Reconstruction of cross sections at 0 Kelvin  ... Import MF2 from TARES calculations
 ... End energy of TARES MF2 : 1.665367E+3 eV and limit to 40000 resonances
 ... File used for reconstruction: n-Po204.reconst
 ... run RECENT ...
 ... Doppler broadened at a unique temperature: 0 Kelvin using sigma1
 ... The keyword temperature is zero, no Doppler broadening for the MACS

 ============== INTER values at 0 Kelvin ==============
 Thermal (n,g) xs =  18.6095 b. (meas/sys: 26.6237 b.) (warning: comparison to be done at 296 or 300 K)
 Th Maxw (n,g) xs =  18.63 b. (thermal Maxwellian value)
 Westcott factor  =  1.00109
 RI      (n,g)    =  276.38 b. (meas or sys: - b.)
 MACS 3.000e+04 eV=  0.37142 b. (meas or sys: - b.) from 1.00E+00 to 1.67E+03 eV (end of RRR) at T= 0 Kelvin 
 Thermal (n,el) xs=  1.73719 b.
 RI      (n,el)   =  829.704 b.
 ============= PSYCHE values ==============
 Ave. G_total L0  =  0.777631 eV
 Ave. G_total L1  =  0.104484 eV
 Ave. G_total L2  =  0.108239 eV
 Ave. Gn_0    L0  =  0.0146861
 Ave. Gn_0    L1  =  0.0560224
 Ave. Gn_0    L2  =  0.0981361
 Ave. Gg      L0  =  0.457463 eV
 Ave. Gg      L1  =  0.0985694 eV
 Ave. Gg      L2  =  0.108235 eV
 Ave. D       L0  =  83.2683 eV
 Ave. D       L1  =  61.6803 eV
 Ave. D       L2  =  43.8254 eV
 Ave. S       L0  =  0.00018519 eV
 Ave. S       L1  =  0.000463823 eV
 Ave. S       L2  =  0.00105031 eV
 =========================================
 ... End of final reconstruction and testing ...

 ... grouping is not optimum, change to 70 groups
 ... Produce MF33 based on MF32 and 10 random files
 ... MF3 of n-Po204.reconst (3 sections) added to the files for ENDSAM
 ... run endsam for 10 in groups of 1 global run
 ... run endsam from 1 to 10
 ... random files: total width GT set to Gn+Gg+Gf (1000 resonances in 10 files)
 ... reorder resonance position after endsam (sampling)
 ... preparing the vectors  ... done
 ... nominal file 0 Cap(th)  ave= 1.861E+01 b. +/- 0.00 % || Ela(th) ave= 1.737E+00 b. +/- 0.00 % || RIcap ave= 2.76E+02 b. +/- 0.00 % || Macs30 ave= 3.71E-01 b. +/- 0.00 % || Gn^0(l=0) ave= 1.469E-02 +/- 0.00 % Gn^0(l=1) ave= 5.602E-02 +/- 0.00 % Gn^0(l=2) ave= 9.814E-02 +/- 0.00 % Gn^0(l=3) ave= 0.000E+00 +/- 0.00 % || Gtotal(l=0) ave= 7.776E-01 +/- 0.00 % Gtotal(l=1) ave= 1.045E-01 +/- 0.00 % Gtotal(l=2) ave= 1.082E-01 +/- 0.00 % Gtotal(l=3) ave= 0.000E+00 +/- 0.00 %  % || Gg(l=0) ave= 4.575E-01 +/- 0.00 % Gg(l=1) ave= 9.857E-02 +/- 0.00 % Gg(l=2) ave= 1.082E-01 +/- 0.00 % Gg(l=3) ave= 0.000E+00 +/- 0.00 %  % || D(l=0) ave= 8.327E+01 +/- 0.00 % D(l=1) ave= 6.168E+01 +/- 0.00 % D(l=2) ave= 4.383E+01 +/- 0.00 % D(l=3) ave= 0.000E+00 +/- 0.00 %  % || S(l=0) ave= 1.852E-04 +/- 0.00 % S(l=1) ave= 4.638E-04 +/- 0.00 % S(l=2) ave= 1.050E-03 +/- 0.00 % S(l=3) ave= 0.000E+00 +/- 0.00 % 
 ... random file  1 Cap(th)  ave= 1.759E+01 b. +/- 5.77 % || Ela(th) ave= 1.446E+00 b. +/- 20.12 % || RIcap ave= 2.65E+02 b. +/- 4.27 % || Macs30 ave= 3.72E-01 b. +/- 0.09 % || Gn^0(l=0) ave= 1.471E-02 +/- 0.18 % Gn^0(l=1) ave= 6.157E-02 +/- 9.01 % Gn^0(l=2) ave= 1.191E-01 +/- 17.57 % Gn^0(l=3) ave= 0.000E+00 +/- 0.00 % || Gtotal(l=0) ave= 7.952E-01 +/- 2.21 % Gtotal(l=1) ave= 1.001E-01 +/- 4.39 % Gtotal(l=2) ave= 1.140E-01 +/- 5.06 % Gtotal(l=3) ave= 0.000E+00 +/- 0.00 %  % || Gg(l=0) ave= 4.747E-01 +/- 3.62 % Gg(l=1) ave= 9.415E-02 +/- 4.70 % Gg(l=2) ave= 1.140E-01 +/- 5.06 % Gg(l=3) ave= 0.000E+00 +/- 0.00 %  % || D(l=0) ave= 8.327E+01 +/- 0.00 % D(l=1) ave= 6.168E+01 +/- 0.00 % D(l=2) ave= 4.383E+01 +/- 0.00 % D(l=3) ave= 0.000E+00 +/- 0.00 %  % || S(l=0) ave= 1.855E-04 +/- 0.18 % S(l=1) ave= 5.095E-04 +/- 8.97 % S(l=2) ave= 1.274E-03 +/- 17.57 % S(l=3) ave= 0.000E+00 +/- 0.00 % 
 ... random file  2 Cap(th)  ave= 1.574E+01 b. +/- 17.44 % || Ela(th) ave= 1.345E+00 b. +/- 20.65 % || RIcap ave= 2.43E+02 b. +/- 13.25 % || Macs30 ave= 3.72E-01 b. +/- 0.12 % || Gn^0(l=0) ave= 1.491E-02 +/- 1.88 % Gn^0(l=1) ave= 6.365E-02 +/- 8.48 % Gn^0(l=2) ave= 1.274E-01 +/- 16.27 % Gn^0(l=3) ave= 0.000E+00 +/- 0.00 % || Gtotal(l=0) ave= 7.742E-01 +/- 4.26 % Gtotal(l=1) ave= 1.000E-01 +/- 3.59 % Gtotal(l=2) ave= 1.121E-01 +/- 4.85 % Gtotal(l=3) ave= 0.000E+00 +/- 0.00 %  % || Gg(l=0) ave= 4.502E-01 +/- 8.30 % Gg(l=1) ave= 9.407E-02 +/- 3.84 % Gg(l=2) ave= 1.121E-01 +/- 4.85 % Gg(l=3) ave= 0.000E+00 +/- 0.00 %  % || D(l=0) ave= 8.473E+01 +/- 2.44 % D(l=1) ave= 6.168E+01 +/- 0.00 % D(l=2) ave= 4.383E+01 +/- 0.00 % D(l=3) ave= 0.000E+00 +/- 0.00 %  % || S(l=0) ave= 1.849E-04 +/- 0.46 % S(l=1) ave= 5.268E-04 +/- 8.47 % S(l=2) ave= 1.363E-03 +/- 16.27 % S(l=3) ave= 0.000E+00 +/- 0.00 % 
 ... random file  3 Cap(th)  ave= 1.517E+01 b. +/- 16.99 % || Ela(th) ave= 1.689E+00 b. +/- 38.06 % || RIcap ave= 2.36E+02 b. +/- 12.93 % || Macs30 ave= 3.71E-01 b. +/- 0.12 % || Gn^0(l=0) ave= 1.503E-02 +/- 2.17 % Gn^0(l=1) ave= 5.889E-02 +/- 16.08 % Gn^0(l=2) ave= 1.110E-01 +/- 30.13 % Gn^0(l=3) ave= 0.000E+00 +/- 0.00 % || Gtotal(l=0) ave= 7.792E-01 +/- 3.83 % Gtotal(l=1) ave= 1.029E-01 +/- 5.68 % Gtotal(l=2) ave= 1.119E-01 +/- 4.22 % Gtotal(l=3) ave= 0.000E+00 +/- 0.00 %  % || Gg(l=0) ave= 4.526E-01 +/- 7.21 % Gg(l=1) ave= 9.693E-02 +/- 6.05 % Gg(l=2) ave= 1.119E-01 +/- 4.22 % Gg(l=3) ave= 0.000E+00 +/- 0.00 %  % || D(l=0) ave= 8.546E+01 +/- 2.56 % D(l=1) ave= 6.168E+01 +/- 0.00 % D(l=2) ave= 4.383E+01 +/- 0.00 % D(l=3) ave= 0.000E+00 +/- 0.00 %  % || S(l=0) ave= 1.850E-04 +/- 0.40 % S(l=1) ave= 4.876E-04 +/- 16.02 % S(l=2) ave= 1.189E-03 +/- 30.12 % S(l=3) ave= 0.000E+00 +/- 0.00 % 
 ... random file  4 Cap(th)  ave= 1.668E+01 b. +/- 22.77 % || Ela(th) ave= 2.031E+00 b. +/- 44.02 % || RIcap ave= 2.52E+02 b. +/- 16.80 % || Macs30 ave= 3.71E-01 b. +/- 0.12 % || Gn^0(l=0) ave= 1.495E-02 +/- 2.26 % Gn^0(l=1) ave= 5.505E-02 +/- 20.76 % Gn^0(l=2) ave= 9.864E-02 +/- 39.41 % Gn^0(l=3) ave= 0.000E+00 +/- 0.00 % || Gtotal(l=0) ave= 7.730E-01 +/- 3.81 % Gtotal(l=1) ave= 1.024E-01 +/- 5.18 % Gtotal(l=2) ave= 1.107E-01 +/- 4.38 % Gtotal(l=3) ave= 0.000E+00 +/- 0.00 %  % || Gg(l=0) ave= 4.480E-01 +/- 6.83 % Gg(l=1) ave= 9.648E-02 +/- 5.52 % Gg(l=2) ave= 1.107E-01 +/- 4.38 % Gg(l=3) ave= 0.000E+00 +/- 0.00 %  % || D(l=0) ave= 8.502E+01 +/- 2.53 % D(l=1) ave= 6.168E+01 +/- 0.00 % D(l=2) ave= 4.383E+01 +/- 0.00 % D(l=3) ave= 0.000E+00 +/- 0.00 %  % || S(l=0) ave= 1.848E-04 +/- 0.39 % S(l=1) ave= 4.558E-04 +/- 20.73 % S(l=2) ave= 1.056E-03 +/- 39.41 % S(l=3) ave= 0.000E+00 +/- 0.00 % 
 ... random file  5 Cap(th)  ave= 1.703E+01 b. +/- 20.87 % || Ela(th) ave= 1.867E+00 b. +/- 47.95 % || RIcap ave= 2.57E+02 b. +/- 15.63 % || Macs30 ave= 3.71E-01 b. +/- 0.12 % || Gn^0(l=0) ave= 1.488E-02 +/- 2.32 % Gn^0(l=1) ave= 5.795E-02 +/- 21.18 % Gn^0(l=2) ave= 1.096E-01 +/- 39.31 % Gn^0(l=3) ave= 0.000E+00 +/- 0.00 % || Gtotal(l=0) ave= 7.522E-01 +/- 7.14 % Gtotal(l=1) ave= 1.027E-01 +/- 4.75 % Gtotal(l=2) ave= 1.104E-01 +/- 4.06 % Gtotal(l=3) ave= 0.000E+00 +/- 0.00 %  % || Gg(l=0) ave= 4.284E-01 +/- 12.15 % Gg(l=1) ave= 9.674E-02 +/- 5.06 % Gg(l=2) ave= 1.104E-01 +/- 4.06 % Gg(l=3) ave= 0.000E+00 +/- 0.00 %  % || D(l=0) ave= 8.473E+01 +/- 2.44 % D(l=1) ave= 6.168E+01 +/- 0.00 % D(l=2) ave= 4.383E+01 +/- 0.00 % D(l=3) ave= 0.000E+00 +/- 0.00 %  % || S(l=0) ave= 1.846E-04 +/- 0.48 % S(l=1) ave= 4.798E-04 +/- 21.17 % S(l=2) ave= 1.173E-03 +/- 39.31 % S(l=3) ave= 0.000E+00 +/- 0.00 % 
 ... random file  6 Cap(th)  ave= 1.646E+01 b. +/- 21.71 % || Ela(th) ave= 1.820E+00 b. +/- 45.98 % || RIcap ave= 2.50E+02 b. +/- 16.32 % || Macs30 ave= 3.71E-01 b. +/- 0.12 % || Gn^0(l=0) ave= 1.494E-02 +/- 2.32 % Gn^0(l=1) ave= 5.816E-02 +/- 19.56 % Gn^0(l=2) ave= 1.098E-01 +/- 36.33 % Gn^0(l=3) ave= 0.000E+00 +/- 0.00 % || Gtotal(l=0) ave= 7.552E-01 +/- 6.66 % Gtotal(l=1) ave= 9.990E-02 +/- 8.16 % Gtotal(l=2) ave= 1.090E-01 +/- 4.82 % Gtotal(l=3) ave= 0.000E+00 +/- 0.00 %  % || Gg(l=0) ave= 4.305E-01 +/- 11.25 % Gg(l=1) ave= 9.398E-02 +/- 8.67 % Gg(l=2) ave= 1.090E-01 +/- 4.82 % Gg(l=3) ave= 0.000E+00 +/- 0.00 %  % || D(l=0) ave= 8.515E+01 +/- 2.55 % D(l=1) ave= 6.168E+01 +/- 0.00 % D(l=2) ave= 4.383E+01 +/- 0.00 % D(l=3) ave= 0.000E+00 +/- 0.00 %  % || S(l=0) ave= 1.844E-04 +/- 0.50 % S(l=1) ave= 4.816E-04 +/- 19.55 % S(l=2) ave= 1.175E-03 +/- 36.33 % S(l=3) ave= 0.000E+00 +/- 0.00 % 
 ... random file  7 Cap(th)  ave= 1.556E+01 b. +/- 26.36 % || Ela(th) ave= 1.782E+00 b. +/- 44.26 % || RIcap ave= 2.39E+02 b. +/- 20.61 % || Macs30 ave= 3.71E-01 b. +/- 0.13 % || Gn^0(l=0) ave= 1.498E-02 +/- 2.29 % Gn^0(l=1) ave= 5.833E-02 +/- 18.26 % Gn^0(l=2) ave= 1.098E-01 +/- 33.96 % Gn^0(l=3) ave= 0.000E+00 +/- 0.00 % || Gtotal(l=0) ave= 7.550E-01 +/- 6.23 % Gtotal(l=1) ave= 1.002E-01 +/- 7.65 % Gtotal(l=2) ave= 1.071E-01 +/- 6.59 % Gtotal(l=3) ave= 0.000E+00 +/- 0.00 %  % || Gg(l=0) ave= 4.295E-01 +/- 10.57 % Gg(l=1) ave= 9.426E-02 +/- 8.13 % Gg(l=2) ave= 1.071E-01 +/- 6.59 % Gg(l=3) ave= 0.000E+00 +/- 0.00 %  % || D(l=0) ave= 8.546E+01 +/- 2.56 % D(l=1) ave= 6.168E+01 +/- 0.00 % D(l=2) ave= 4.383E+01 +/- 0.00 % D(l=3) ave= 0.000E+00 +/- 0.00 %  % || S(l=0) ave= 1.843E-04 +/- 0.50 % S(l=1) ave= 4.831E-04 +/- 18.25 % S(l=2) ave= 1.176E-03 +/- 33.96 % S(l=3) ave= 0.000E+00 +/- 0.00 % 
 ... random file  8 Cap(th)  ave= 1.495E+01 b. +/- 28.31 % || Ela(th) ave= 1.839E+00 b. +/- 41.38 % || RIcap ave= 2.31E+02 b. +/- 21.96 % || Macs30 ave= 3.71E-01 b. +/- 0.14 % || Gn^0(l=0) ave= 1.494E-02 +/- 2.28 % Gn^0(l=1) ave= 5.726E-02 +/- 18.32 % Gn^0(l=2) ave= 1.059E-01 +/- 34.79 % Gn^0(l=3) ave= 0.000E+00 +/- 0.00 % || Gtotal(l=0) ave= 7.601E-01 +/- 6.14 % Gtotal(l=1) ave= 1.016E-01 +/- 8.10 % Gtotal(l=2) ave= 1.066E-01 +/- 6.41 % Gtotal(l=3) ave= 0.000E+00 +/- 0.00 %  % || Gg(l=0) ave= 4.353E-01 +/- 10.53 % Gg(l=1) ave= 9.566E-02 +/- 8.61 % Gg(l=2) ave= 1.066E-01 +/- 6.41 % Gg(l=3) ave= 0.000E+00 +/- 0.00 %  % || D(l=0) ave= 8.522E+01 +/- 2.56 % D(l=1) ave= 6.168E+01 +/- 0.00 % D(l=2) ave= 4.383E+01 +/- 0.00 % D(l=3) ave= 0.000E+00 +/- 0.00 %  % || S(l=0) ave= 1.843E-04 +/- 0.47 % S(l=1) ave= 4.742E-04 +/- 18.31 % S(l=2) ave= 1.134E-03 +/- 34.79 % S(l=3) ave= 0.000E+00 +/- 0.00 % 
 ... random file  9 Cap(th)  ave= 1.561E+01 b. +/- 28.68 % || Ela(th) ave= 1.911E+00 b. +/- 39.41 % || RIcap ave= 2.39E+02 b. +/- 22.60 % || Macs30 ave= 3.71E-01 b. +/- 0.15 % || Gn^0(l=0) ave= 1.490E-02 +/- 2.29 % Gn^0(l=1) ave= 5.623E-02 +/- 18.54 % Gn^0(l=2) ave= 1.023E-01 +/- 35.84 % Gn^0(l=3) ave= 0.000E+00 +/- 0.00 % || Gtotal(l=0) ave= 7.474E-01 +/- 7.82 % Gtotal(l=1) ave= 1.020E-01 +/- 7.77 % Gtotal(l=2) ave= 1.065E-01 +/- 6.10 % Gtotal(l=3) ave= 0.000E+00 +/- 0.00 %  % || Gg(l=0) ave= 4.232E-01 +/- 13.39 % Gg(l=1) ave= 9.613E-02 +/- 8.26 % Gg(l=2) ave= 1.065E-01 +/- 6.10 % Gg(l=3) ave= 0.000E+00 +/- 0.00 %  % || D(l=0) ave= 8.502E+01 +/- 2.53 % D(l=1) ave= 6.168E+01 +/- 0.00 % D(l=2) ave= 4.383E+01 +/- 0.00 % D(l=3) ave= 0.000E+00 +/- 0.00 %  % || S(l=0) ave= 1.842E-04 +/- 0.46 % S(l=1) ave= 4.657E-04 +/- 18.52 % S(l=2) ave= 1.095E-03 +/- 35.84 % S(l=3) ave= 0.000E+00 +/- 0.00 % 
 ... random file  10 Cap(th)  ave= 1.554E+01 b. +/- 27.52 % || Ela(th) ave= 1.897E+00 b. +/- 37.92 % || RIcap ave= 2.39E+02 b. +/- 21.63 % || Macs30 ave= 3.71E-01 b. +/- 0.15 % || Gn^0(l=0) ave= 1.495E-02 +/- 2.40 % Gn^0(l=1) ave= 5.615E-02 +/- 17.70 % Gn^0(l=2) ave= 1.017E-01 +/- 34.43 % Gn^0(l=3) ave= 0.000E+00 +/- 0.00 % || Gtotal(l=0) ave= 7.537E-01 +/- 7.86 % Gtotal(l=1) ave= 1.009E-01 +/- 8.34 % Gtotal(l=2) ave= 1.059E-01 +/- 6.07 % Gtotal(l=3) ave= 0.000E+00 +/- 0.00 %  % || Gg(l=0) ave= 4.286E-01 +/- 13.23 % Gg(l=1) ave= 9.496E-02 +/- 8.87 % Gg(l=2) ave= 1.059E-01 +/- 6.07 % Gg(l=3) ave= 0.000E+00 +/- 0.00 %  % || D(l=0) ave= 8.526E+01 +/- 2.56 % D(l=1) ave= 6.168E+01 +/- 0.00 % D(l=2) ave= 4.383E+01 +/- 0.00 % D(l=3) ave= 0.000E+00 +/- 0.00 %  % || S(l=0) ave= 1.843E-04 +/- 0.46 % S(l=1) ave= 4.651E-04 +/- 17.68 % S(l=2) ave= 1.088E-03 +/- 34.43 % S(l=3) ave= 0.000E+00 +/- 0.00 % 
 ... Histogram plot for thermal (n,g)
 ... Write covariances  ... MT1  ... plot correlations
 ... MT2  ... MT102 


 ================================================
 ============== From 10 random values === start ======
 Thermal (n,tot) xs  0 K =  17.4338 b. +/- 4.59664 b. ( 26.3663 %) skew= +0.43 +/- 0.66
 Thermal (n,el) xs   0 K =  1.89675 b. +/- 0.719276 b. ( 37.9215 %) skew= +0.67 +/- 0.66
 Thermal (n,g) xs    0 K =  15.537 b. +/- 4.27548 b. ( 27.518 %) skew= +0.20 +/- 0.66
 RI      (n,g)       0 K =  238.808 b. +/- 51.652 b. ( 21.6291 %) 
 MACS    (n,g)       0 K (at Emacs= 30000 eV) =  0.371172 b. +/- 0.00054614 b. ( 0.147139 %) 
 Ave. Gtotal  L=0        =  7.537E-01 +/- 7.86 %
 Ave. Gn^(0)  L=0        =  1.495E-02 +/- 2.40 %
 Ave. Gg      L=0        =  4.286E-01 +/- 13.23 %
 Ave. D       L=0        =  8.526E+01 +/- 2.56 %
 Ave. S       L=0        =  1.843E-04 +/- 0.46 %
 Ave. Gtotal  L=1        =  1.009E-01 +/- 8.34 %
 Ave. Gn^(1)  L=1        =  5.615E-02 +/- 17.70 %
 Ave. Gg      L=1        =  9.496E-02 +/- 8.87 %
 Ave. D       L=1        =  6.168E+01 +/- 0.00 %
 Ave. S       L=1        =  4.651E-04 +/- 17.68 %
 Ave. Gtotal  L=2        =  1.059E-01 +/- 6.07 %
 Ave. Gn^(2)  L=2        =  1.017E-01 +/- 34.43 %
 Ave. Gg      L=2        =  1.059E-01 +/- 6.07 %
 Ave. D       L=2        =  4.383E+01 +/- 0.00 %
 Ave. S       L=2        =  1.088E-03 +/- 34.43 %

 Expected Thermal (n,g) (syst or meas)= 26.6237 b. +/- 13.3119 b. nominal: 18.6095 b.
 ratio Calculated/expected thermal (n,g): 0.58 ratio DCalculated/Dexpected: 0.32 ratio Calculated/Nominal: 0.83
 ============== From 10 random values ===== stop ======
 ================================================
 ... Calculation of (n,a) and (n,p) cross sections at 300 K
 ... thermal (n,a) cross section is 3.41439e-11 +/- 1.70719e-11 b.
 ... thermal (n,a) cross section is 4.6977e-11 b. (random case 1)
 ... thermal (n,a) cross section is 6.14889e-11 b. (random case 2)
 ... thermal (n,a) cross section is 3.07723e-11 b. (random case 3)
 ... thermal (n,a) cross section is 3.10073e-11 b. (random case 4)
 ... thermal (n,a) cross section is 5.30859e-11 b. (random case 5)
 ... thermal (n,a) cross section is 5.63737e-11 b. (random case 6)
 ... thermal (n,a) cross section is 2.02602e-11 b. (random case 7)
 ... thermal (n,a) cross section is 5.04646e-11 b. (random case 8)
 ... thermal (n,a) cross section is 6.51042e-11 b. (random case 9)
 ... thermal (n,a) cross section is 2.89442e-11 b. (random case 10)
 ... thermal (n,p) cross section is 3.41439e-11 +/- 1.70719e-11 b.
 ... thermal (n,p) cross section is 5.31374e-11 b. (random case 1)
 ... thermal (n,p) cross section is 7.08333e-11 b. (random case 2)
 ... thermal (n,p) cross section is 6.56321e-11 b. (random case 3)
 ... thermal (n,p) cross section is 1.94375e-11 b. (random case 4)
 ... thermal (n,p) cross section is 3.64479e-11 b. (random case 5)
 ... thermal (n,p) cross section is 3.44319e-11 b. (random case 6)
 ... thermal (n,p) cross section is 5.82489e-11 b. (random case 7)
 ... thermal (n,p) cross section is 3.62189e-11 b. (random case 8)
 ... thermal (n,p) cross section is 1.9389e-11 b. (random case 9)
 ... thermal (n,p) cross section is 5.2272e-11 b. (random case 10)
 ... Rewrite index for MF2
 ... Write text for MF1 in file mf1.tares.txt
 ... plotting cross sections for the MF1
 ... order output files


================== summary ==================
 Thermal (n,tot) xs = 20.3467 b. 
 Thermal (n,el)  xs = 1.73719 b. 
 Thermal (n,g)   xs = 18.6095 b. (meas/sys: 26.6237 b.)
 At 300 K (thermal adjustment): (n,el) = 1.74151 b., (n,g) = 18.6193 b.

 RI      (n,g)      = 276.38 b. (meas or sys: - b.)
 RI      (n,el)     = 829.704 b.
=============================================


 ... cleaning
                                                 
  -------------------------------------------------------------
  -                                                           -
  - TARES: successful end of run with data from hypothetical  -
  - resonances for  Z= 84, A= 204 and isomer= 0               -
  - half-life: 3.519444 hours
  -                                                           -
  -------------------------------------------------------------

   Running time:       26 seconds

 End time: Fri Oct  9 12:04:52 2026

