
  -------------------------------------------------------------
  -                                                           -
  -              Welcome to TARES version 1.8                 -
  -                                                           -
  -  (C) Copyright 2007-2025 D. Rochman, All Rights Reserved  -
  -           NRG, Petten, the Netherlands 2007-2014          -
  -           PSI, Villigen    Switzerland 2015-2025          -
  -         Nagra, Wettingen   Switzerland 2025-              -
  -           (Last Modified October 06, 2026)                -
  -           (Database from October 06, 2026)                -
  -                                                           -
  -------------------------------------------------------------


  ---------------------------------------------
   Compilation information:
   Compiled on:         Oct  7 2026, 09:32:19
   Compiled by:         koning
   Compiler version:    clang++ - 21.0.0
   Source location:     /Users/koning/tares-1.8/source/Module/
   Binaries location:   /Users/koning/bin
   System:              Darwin 25.6.0
   System version:      Darwin Kernel Version 25.6.0: Fri Jul 31 19:19:08 PDT 2026; root:xnu-12377.161.14~5/RELEASE_ARM64_T6050  
   Machine:             arm64 
  ---------------------------------------------

   User information:
   User name:           koning
   Running directory:   /Users/koning/tendl/resbase/Zr088/work
   Owner mode for running directory : rwx
   Group mode for running directory : r-x
  ---------------------------------------------


 Starting time: Wed Oct  7 12:10:55 2026
 ... inputs directory found (/Users/koning/tares-1.8/source/Module//../../inputs/).
 ... It will be used for resonance parameters 
 ... ###############################################
 ... #     read the input file tares.inp
 ... ###############################################
 ... line: #
 ... line: # Input file generated by Autorochman
          --> line not read
 ... line: #
 ... line: isotope    Zr
          --> Isotope name: Zr
 ... line: mass       88
          --> isotopic mass: 88
 ... line: output     n-Zr088
         ---> Name of the output files: n-Zr088
 ... line: isomer     0
          --> isomeric state: 0
 ... line: mf32mf33   y
          --> MF33 based on MF32: y
 ... line: nbrRandom  10
          --> Nbr of random files: 10
 ... ###############################################
 ... # end read the input file tares.inp
 ... ###############################################
Value for random generator type not considered in since Tares 1.7 due to compilation issues

 ... ###############################################
     #   Interpretation of the Input definition    #
     ###############################################

 ... Default energy limit: End of resonance region
 ... Nuclear charge    = 40
 ... Element           = Zr
 ... Mass              = 88
 ... Isomer            = 0
 ... Correlation for (Gn,Gg) not included in random files
 ... Default random option: No random
 ... Output name: n-Zr088
 ... Energy for the MACS: 30000 eV
 ... Resonances from CALENDF reduced (reduce=y) 
 ... For URR, level density model from TALYS selected: 91n3n12611.2850 (see manual for description)
 ... Random Generator: default (pseudo random numbers from ansi c++)
 ... Reconstruction of cross section selected
 ... Doppler broadening at 0 Kelvin
 ... Default formalism: Multi Level Breit Wigner (from file best.tendl.yes)
 ... URR not included (from the input file flag)
 ... Weight for grouping is flat
 ... Calculation of (n,alpha) cross section selected
 ... Number of digit for MF32c covariance representation: 2
 ... MF32 included
 ... MF33 will be used for covariance processing
 ... TENDL option set to yes (automatic choice of MF2 and format)
 ... default option: Multi level Breit Wigner approximation selected
 ... (check file best.tendl.yes for changing this option)
 ... Retroactive option set to no with the 2025 option
 ... ladder option set to no (CALENDF will not be used for statistical resonances)

 ... ###############################################
     #           End of Input definition           #
     ###############################################

 ... gnuplot found, will be used for plotting
 ... latex found, will be used for plotting
 ... dvips found, will be used for plotting
 ... ps2epsi not found, limited plotting available
 ... uncertainties on default parameters multiplied by 1.0266
 ... Read resonance data from the 2025 directory
 ... Resonance parameters taken from /Users/koning/tares-1.8/source/Module//../../inputs/2025/Resonance/default/
 ---> Processing Z= 40 and A= 88 and isomer= 0 (level number: 0)
 Exfor path; Could not find /Users/koning/tares-1.8/source/Module//../../inputs/exfor/Zr088/xs/102
Thermal file; Could not open file /Users/koning/tares-1.8/source/Module//../../inputs/2025/runThermal/results//thermal.mxw.ng.cendl3.1
Thermal file; Could not open file /Users/koning/tares-1.8/source/Module//../../inputs/2025/runThermal/results//thermal.mxw.ng.brond3.1
Thermal file; Could not open file /Users/koning/tares-1.8/source/Module//../../inputs/2025/runThermal/results//thermal.xs.ng.unc.cendl3.1
 ... spin taken from the final/ directory (1)
 ... The spin found in level file ( 0 ) and the one in the urr file ( 5.5 ) differ

 ... ###############################################
 ... #  Nucleus global parameters (2025 database)  #
 ... ###############################################
 0. Half-life: 83.4028 days 
 ... Scattering radius from TALYS: /Users/koning/tares-1.8/source/Module//../../inputs/2025/lib.urr/talys.urr/
 1. Spin of the target isotope: 0
 2. Relative Atomic Mass of the target isotope: 87.9102
 3. Scattering radius (local compilation): 5.91579 fm +/- 0.106484 fm
      .......................................
      ... Thermal capture cross sections: ...
 4. Thermal (maxwellian) (n,g) cross section from experiments (local compilation): 861000 +/- 69000 b.
 5. Thermal (n,g) cross section from compilation (Firestone-2022 average on element Zr): 0.188 +/- 0.003 b.
 6. Thermal (n,g) cross section from compilation (Firestone-2022 final on element Zr): 0.188 +/- 0.003 b.
 7. Thermal (n,g) cross section from EAF-2010: 11.11 b.
 8. Thermal (n,g) cross section from TENDL-2023: 754100 +/- 38810 b.
 9. Thermal (n,g) cross section from JEFF-3.3: 10.86 +/- 4.053 b.
 10. Thermal (n,g) cross section from JEFF-4.0: 860900 +/- 34220 b.
 11. Thermal (n,g) cross section from JENDL-5.0: 861400 b.
      .......................................
      ...  Thermal total cross sections:  ...
      .......................................
      ... Thermal elastic cross sections: ...
 12. Thermal (n,el) cross section from JENDL-5.0: 4.971 b.
 13. Thermal (n,el) cross section from JEFF-3.3: 0.04256 b.
 14. Thermal (n,el) cross section from experiments (local compilation): 8100 +/- 405 b.
      .......................................
             ... Resonance integral: ...
 15. Experimental capture integral (local compilation): 15200 +/- 670 b.
   ---- MACS 30 keV ----- 
 16. TALYS MACS 30 keV (HF): 0.437049 b. 
   ---------- S0 -------- 
 17. S0 from TALYS: 0.612614
   ---------- S1 -------- 
 18. S1 from TALYS: 4.36851
   ---------- S2 -------- 
 19. S2 from TALYS: 0.65512
   ---------- D0 -------- 
 20. D0 from TALYS: 392.82 eV
   ---------- D1 -------- 
 21. D1 from TALYS: 137.583 eV
   ---------- D2 -------- 
 22. D2 from TALYS: 91.1387 eV
   ---------- G0 -------- 
 23. Gg0 from TALYS: 0.269608 eV
   ---------- G1 -------- 
 24. Gg1 from TALYS: 0.237671 eV
   ---------- G2 -------- 
 25. Gg2 from TALYS: 0.250538 eV


   ---------------------- 
 ... Read resonance parameters (format: 2: Multi Level Breit Wigner)
 ... 92 resonances found 
 --> 26. Number of resonances from the input file: 92 up to 4941.15 eV
 27. Read nuclear quantities (mass, MAT...)
 28. Read thermal (n,g) xs 
 29. Read the scattering radius 
 30. Read uncertainty on Gg for 92 resonances
 31. Read uncertainty on Gg for 92 resonances ... done
 ... order resonances 
 ... Upper limit for the RRR: 4801 eV (no statistical resonances HFR) from the limit.RRR file
 ... Write parameters for l=0 waves
 ... Write parameters for l=1 waves
 ... Write parameters for l=2 waves
 ... End writing original MF2 
 ... Enter in to_MLBW_mf2 function
 ... Convert to Multi Level Breit Wigner (MLBW)
 ... Gn-Gg correlations: calculated capture kernel used for 92 evaluated resonances (no measured kernel)
 ... Write parameter covariances (MF32) for l=0
 Write parameter covariances (MF32) for l=1
 Write parameter covariances (MF32) for l=2
 ... MF32: 45 energy correlation lines (time of flight) for the first 10 evaluated resonances
 ... Convert parameter covariances (MF32) to MLBW
 ... copy the mf2 and mf32 to .mlbw files
 ... Ladder option set to no --> no use of calendf_xs
 ... no thermal/RI adjustment (ladder option set to no): no GLS calculation of parameter correlations
 ... copy the mf2 and mf32 to .mlbw files

 ... Start of final reconstruction and testing ...
 ... Reconstruction of cross sections at 0 Kelvin  ... Import MF2 from TARES calculations
 ... End energy of TARES MF2 : 4.801000E+3 eV and limit to 40000 resonances
 ... File used for reconstruction: n-Zr088.reconst
 ... run RECENT ...
 ... Doppler broadened at a unique temperature: 0 Kelvin using sigma1
 ... The keyword temperature is zero, no Doppler broadening for the MACS

 ============== INTER values at 0 Kelvin ==============
 Thermal (n,g) xs =  860004 b. (meas/sys: 861000 b.) (warning: comparison to be done at 296 or 300 K)
 Th Maxw (n,g) xs =  870950 b. (thermal Maxwellian value)
 Westcott factor  =  1.01272
 RI      (n,g)    =  53302.9 b. (meas or sys: 15200 b.)
 MACS 3.000e+04 eV=  0.31229 b. (meas or sys: - b.) from 1.00E+00 to 2.00E+07 eV (end of RRR) at T= 0 Kelvin 
 Thermal (n,el) xs=  8118.2 b.
 RI      (n,el)   =  3639.49 b.
 ============= PSYCHE values ==============
 Ave. G_total L0  =  1.14967 eV
 Ave. G_total L1  =  0.346081 eV
 Ave. G_total L2  =  0.1665 eV
 Ave. Gn_0    L0  =  0.0146388
 Ave. Gn_0    L1  =  0.640282
 Ave. Gn_0    L2  =  82.6913
 Ave. Gg      L0  =  0.867072 eV
 Ave. Gg      L1  =  0.153348 eV
 Ave. Gg      L2  =  0.152138 eV
 Ave. D       L0  =  400.083 eV
 Ave. D       L1  =  160.033 eV
 Ave. D       L2  =  150.031 eV
 Ave. S       L0  =  3.96384e-05 eV
 Ave. S       L1  =  0.00230881 eV
 Ave. S       L2  =  0.269585 eV
 =========================================
 ... End of final reconstruction and testing ...

 ... grouping is not optimum, change to 70 groups
 ... Produce MF33 based on MF32 and 10 random files
 ... run endsam for 10 in groups of 1 global run
 ... run endsam from 1 to 10
 ... preparing the vectors  ... done
 ... nominal file 0 Cap(th)  ave= 8.600E+05 b. +/- 0.00 % || Ela(th) ave= 8.118E+03 b. +/- 0.00 % || RIcap ave= 5.33E+04 b. +/- 0.00 % || Macs30 ave= 2.20E+00 b. +/- 0.00 % || Gn^0(l=0) ave= 1.464E-02 +/- 0.00 % Gn^0(l=1) ave= 6.403E-01 +/- 0.00 % Gn^0(l=2) ave= 8.269E+01 +/- 0.00 % Gn^0(l=3) ave= 0.000E+00 +/- 0.00 % || Gtotal(l=0) ave= 1.150E+00 +/- 0.00 % Gtotal(l=1) ave= 3.461E-01 +/- 0.00 % Gtotal(l=2) ave= 1.665E-01 +/- 0.00 % Gtotal(l=3) ave= 0.000E+00 +/- 0.00 %  % || Gg(l=0) ave= 8.671E-01 +/- 0.00 % Gg(l=1) ave= 1.533E-01 +/- 0.00 % Gg(l=2) ave= 1.521E-01 +/- 0.00 % Gg(l=3) ave= 0.000E+00 +/- 0.00 %  % || D(l=0) ave= 4.001E+02 +/- 0.00 % D(l=1) ave= 1.600E+02 +/- 0.00 % D(l=2) ave= 1.500E+02 +/- 0.00 % D(l=3) ave= 0.000E+00 +/- 0.00 %  % || S(l=0) ave= 3.964E-05 +/- 0.00 % S(l=1) ave= 2.309E-03 +/- 0.00 % S(l=2) ave= 2.696E-01 +/- 0.00 % S(l=3) ave= 0.000E+00 +/- 0.00 % 
 ... random file  1 Cap(th)  ave= 8.734E+05 b. +/- 1.53 % || Ela(th) ave= 8.423E+03 b. +/- 3.62 % || RIcap ave= 5.31E+04 b. +/- 0.44 % || Macs30 ave= 2.20E+00 b. +/- 0.01 % || Gn^0(l=0) ave= 1.469E-02 +/- 0.33 % Gn^0(l=1) ave= 7.619E-01 +/- 15.97 % Gn^0(l=2) ave= 1.201E+02 +/- 31.17 % Gn^0(l=3) ave= 0.000E+00 +/- 0.00 % || Gtotal(l=0) ave= 1.150E+00 +/- 0.00 % Gtotal(l=1) ave= 3.461E-01 +/- 0.00 % Gtotal(l=2) ave= 1.665E-01 +/- 0.00 % Gtotal(l=3) ave= 0.000E+00 +/- 0.00 %  % || Gg(l=0) ave= 8.645E-01 +/- 0.29 % Gg(l=1) ave= 1.523E-01 +/- 0.70 % Gg(l=2) ave= 1.520E-01 +/- 0.07 % Gg(l=3) ave= 0.000E+00 +/- 0.00 %  % || D(l=0) ave= 4.001E+02 +/- 0.00 % D(l=1) ave= 1.600E+02 +/- 0.00 % D(l=2) ave= 1.500E+02 +/- 0.00 % D(l=3) ave= 0.000E+00 +/- 0.00 %  % || S(l=0) ave= 3.977E-05 +/- 0.33 % S(l=1) ave= 2.748E-03 +/- 15.98 % S(l=2) ave= 3.917E-01 +/- 31.17 % S(l=3) ave= 0.000E+00 +/- 0.00 % 
 ... random file  2 Cap(th)  ave= 8.764E+05 b. +/- 1.33 % || Ela(th) ave= 8.489E+03 b. +/- 3.13 % || RIcap ave= 5.29E+04 b. +/- 0.61 % || Macs30 ave= 2.20E+00 b. +/- 0.21 % || Gn^0(l=0) ave= 1.467E-02 +/- 0.34 % Gn^0(l=1) ave= 7.113E-01 +/- 17.22 % Gn^0(l=2) ave= 1.050E+02 +/- 35.51 % Gn^0(l=3) ave= 0.000E+00 +/- 0.00 % || Gtotal(l=0) ave= 1.150E+00 +/- 0.00 % Gtotal(l=1) ave= 3.461E-01 +/- 0.00 % Gtotal(l=2) ave= 1.665E-01 +/- 0.00 % Gtotal(l=3) ave= 0.000E+00 +/- 0.00 %  % || Gg(l=0) ave= 8.708E-01 +/- 1.04 % Gg(l=1) ave= 1.522E-01 +/- 0.57 % Gg(l=2) ave= 1.517E-01 +/- 0.35 % Gg(l=3) ave= 0.000E+00 +/- 0.00 %  % || D(l=0) ave= 4.001E+02 +/- 0.00 % D(l=1) ave= 1.600E+02 +/- 0.00 % D(l=2) ave= 1.500E+02 +/- 0.00 % D(l=3) ave= 0.000E+00 +/- 0.00 %  % || S(l=0) ave= 3.972E-05 +/- 0.34 % S(l=1) ave= 2.565E-03 +/- 17.23 % S(l=2) ave= 3.424E-01 +/- 35.51 % S(l=3) ave= 0.000E+00 +/- 0.00 % 
 ... random file  3 Cap(th)  ave= 8.565E+05 b. +/- 4.19 % || Ela(th) ave= 8.074E+03 b. +/- 9.34 % || RIcap ave= 5.32E+04 b. +/- 1.17 % || Macs30 ave= 2.20E+00 b. +/- 0.19 % || Gn^0(l=0) ave= 1.465E-02 +/- 0.33 % Gn^0(l=1) ave= 6.768E-01 +/- 17.99 % Gn^0(l=2) ave= 9.526E+01 +/- 38.28 % Gn^0(l=3) ave= 0.000E+00 +/- 0.00 % || Gtotal(l=0) ave= 1.150E+00 +/- 0.00 % Gtotal(l=1) ave= 3.461E-01 +/- 0.00 % Gtotal(l=2) ave= 1.665E-01 +/- 0.00 % Gtotal(l=3) ave= 0.000E+00 +/- 0.00 %  % || Gg(l=0) ave= 8.702E-01 +/- 0.91 % Gg(l=1) ave= 1.524E-01 +/- 0.51 % Gg(l=2) ave= 1.514E-01 +/- 0.41 % Gg(l=3) ave= 0.000E+00 +/- 0.00 %  % || D(l=0) ave= 4.001E+02 +/- 0.00 % D(l=1) ave= 1.600E+02 +/- 0.00 % D(l=2) ave= 1.500E+02 +/- 0.00 % D(l=3) ave= 0.000E+00 +/- 0.00 %  % || S(l=0) ave= 3.968E-05 +/- 0.33 % S(l=1) ave= 2.440E-03 +/- 18.02 % S(l=2) ave= 3.106E-01 +/- 38.28 % S(l=3) ave= 0.000E+00 +/- 0.00 % 
 ... random file  4 Cap(th)  ave= 8.463E+05 b. +/- 4.49 % || Ela(th) ave= 7.864E+03 b. +/- 10.11 % || RIcap ave= 5.34E+04 b. +/- 1.26 % || Macs30 ave= 2.20E+00 b. +/- 0.46 % || Gn^0(l=0) ave= 1.465E-02 +/- 0.30 % Gn^0(l=1) ave= 7.147E-01 +/- 18.57 % Gn^0(l=2) ave= 1.066E+02 +/- 37.26 % Gn^0(l=3) ave= 0.000E+00 +/- 0.00 % || Gtotal(l=0) ave= 1.150E+00 +/- 0.00 % Gtotal(l=1) ave= 3.461E-01 +/- 0.00 % Gtotal(l=2) ave= 1.665E-01 +/- 0.00 % Gtotal(l=3) ave= 0.000E+00 +/- 0.00 %  % || Gg(l=0) ave= 8.691E-01 +/- 0.86 % Gg(l=1) ave= 1.520E-01 +/- 0.63 % Gg(l=2) ave= 1.517E-01 +/- 0.55 % Gg(l=3) ave= 0.000E+00 +/- 0.00 %  % || D(l=0) ave= 4.001E+02 +/- 0.00 % D(l=1) ave= 1.600E+02 +/- 0.00 % D(l=2) ave= 1.500E+02 +/- 0.00 % D(l=3) ave= 0.000E+00 +/- 0.00 %  % || S(l=0) ave= 3.967E-05 +/- 0.30 % S(l=1) ave= 2.577E-03 +/- 18.59 % S(l=2) ave= 3.475E-01 +/- 37.26 % S(l=3) ave= 0.000E+00 +/- 0.00 % 
 ... random file  5 Cap(th)  ave= 8.413E+05 b. +/- 4.33 % || Ela(th) ave= 7.751E+03 b. +/- 9.92 % || RIcap ave= 5.36E+04 b. +/- 1.53 % || Macs30 ave= 2.20E+00 b. +/- 0.47 % || Gn^0(l=0) ave= 1.465E-02 +/- 0.28 % Gn^0(l=1) ave= 6.860E-01 +/- 19.97 % Gn^0(l=2) ave= 9.875E+01 +/- 40.80 % Gn^0(l=3) ave= 0.000E+00 +/- 0.00 % || Gtotal(l=0) ave= 1.150E+00 +/- 0.00 % Gtotal(l=1) ave= 3.461E-01 +/- 0.00 % Gtotal(l=2) ave= 1.665E-01 +/- 0.00 % Gtotal(l=3) ave= 0.000E+00 +/- 0.00 %  % || Gg(l=0) ave= 8.680E-01 +/- 0.84 % Gg(l=1) ave= 1.526E-01 +/- 0.98 % Gg(l=2) ave= 1.514E-01 +/- 0.66 % Gg(l=3) ave= 0.000E+00 +/- 0.00 %  % || D(l=0) ave= 4.001E+02 +/- 0.00 % D(l=1) ave= 1.600E+02 +/- 0.00 % D(l=2) ave= 1.500E+02 +/- 0.00 % D(l=3) ave= 0.000E+00 +/- 0.00 %  % || S(l=0) ave= 3.967E-05 +/- 0.28 % S(l=1) ave= 2.474E-03 +/- 19.99 % S(l=2) ave= 3.219E-01 +/- 40.79 % S(l=3) ave= 0.000E+00 +/- 0.00 % 
 ... random file  6 Cap(th)  ave= 8.543E+05 b. +/- 5.42 % || Ela(th) ave= 8.042E+03 b. +/- 12.54 % || RIcap ave= 5.33E+04 b. +/- 2.10 % || Macs30 ave= 2.20E+00 b. +/- 0.52 % || Gn^0(l=0) ave= 1.465E-02 +/- 0.26 % Gn^0(l=1) ave= 6.601E-01 +/- 21.49 % Gn^0(l=2) ave= 9.198E+01 +/- 44.38 % Gn^0(l=3) ave= 0.000E+00 +/- 0.00 % || Gtotal(l=0) ave= 1.150E+00 +/- 0.00 % Gtotal(l=1) ave= 3.461E-01 +/- 0.00 % Gtotal(l=2) ave= 1.665E-01 +/- 0.00 % Gtotal(l=3) ave= 0.000E+00 +/- 0.00 %  % || Gg(l=0) ave= 8.657E-01 +/- 1.01 % Gg(l=1) ave= 1.528E-01 +/- 0.98 % Gg(l=2) ave= 1.516E-01 +/- 0.66 % Gg(l=3) ave= 0.000E+00 +/- 0.00 %  % || D(l=0) ave= 4.001E+02 +/- 0.00 % D(l=1) ave= 1.600E+02 +/- 0.00 % D(l=2) ave= 1.500E+02 +/- 0.00 % D(l=3) ave= 0.000E+00 +/- 0.00 %  % || S(l=0) ave= 3.966E-05 +/- 0.26 % S(l=1) ave= 2.380E-03 +/- 21.51 % S(l=2) ave= 2.999E-01 +/- 44.37 % S(l=3) ave= 0.000E+00 +/- 0.00 % 
 ... random file  7 Cap(th)  ave= 8.509E+05 b. +/- 5.20 % || Ela(th) ave= 7.963E+03 b. +/- 12.13 % || RIcap ave= 5.34E+04 b. +/- 2.02 % || Macs30 ave= 2.20E+00 b. +/- 0.49 % || Gn^0(l=0) ave= 1.464E-02 +/- 0.25 % Gn^0(l=1) ave= 6.478E-01 +/- 21.10 % Gn^0(l=2) ave= 8.844E+01 +/- 44.45 % Gn^0(l=3) ave= 0.000E+00 +/- 0.00 % || Gtotal(l=0) ave= 1.150E+00 +/- 0.00 % Gtotal(l=1) ave= 3.461E-01 +/- 0.00 % Gtotal(l=2) ave= 1.665E-01 +/- 0.00 % Gtotal(l=3) ave= 0.000E+00 +/- 0.00 %  % || Gg(l=0) ave= 8.647E-01 +/- 0.99 % Gg(l=1) ave= 1.530E-01 +/- 0.96 % Gg(l=2) ave= 1.515E-01 +/- 0.63 % Gg(l=3) ave= 0.000E+00 +/- 0.00 %  % || D(l=0) ave= 4.001E+02 +/- 0.00 % D(l=1) ave= 1.600E+02 +/- 0.00 % D(l=2) ave= 1.500E+02 +/- 0.00 % D(l=3) ave= 0.000E+00 +/- 0.00 %  % || S(l=0) ave= 3.965E-05 +/- 0.25 % S(l=1) ave= 2.336E-03 +/- 21.11 % S(l=2) ave= 2.883E-01 +/- 44.44 % S(l=3) ave= 0.000E+00 +/- 0.00 % 
 ... random file  8 Cap(th)  ave= 8.492E+05 b. +/- 4.95 % || Ela(th) ave= 7.925E+03 b. +/- 11.57 % || RIcap ave= 5.34E+04 b. +/- 1.92 % || Macs30 ave= 2.20E+00 b. +/- 0.52 % || Gn^0(l=0) ave= 1.465E-02 +/- 0.24 % Gn^0(l=1) ave= 6.561E-01 +/- 19.96 % Gn^0(l=2) ave= 9.034E+01 +/- 41.45 % Gn^0(l=3) ave= 0.000E+00 +/- 0.00 % || Gtotal(l=0) ave= 1.150E+00 +/- 0.00 % Gtotal(l=1) ave= 3.461E-01 +/- 0.00 % Gtotal(l=2) ave= 1.665E-01 +/- 0.00 % Gtotal(l=3) ave= 0.000E+00 +/- 0.00 %  % || Gg(l=0) ave= 8.618E-01 +/- 1.33 % Gg(l=1) ave= 1.530E-01 +/- 0.91 % Gg(l=2) ave= 1.519E-01 +/- 0.86 % Gg(l=3) ave= 0.000E+00 +/- 0.00 %  % || D(l=0) ave= 4.001E+02 +/- 0.00 % D(l=1) ave= 1.600E+02 +/- 0.00 % D(l=2) ave= 1.500E+02 +/- 0.00 % D(l=3) ave= 0.000E+00 +/- 0.00 %  % || S(l=0) ave= 3.966E-05 +/- 0.24 % S(l=1) ave= 2.366E-03 +/- 19.98 % S(l=2) ave= 2.945E-01 +/- 41.44 % S(l=3) ave= 0.000E+00 +/- 0.00 % 
 ... random file  9 Cap(th)  ave= 8.472E+05 b. +/- 4.76 % || Ela(th) ave= 7.876E+03 b. +/- 11.20 % || RIcap ave= 5.35E+04 b. +/- 1.87 % || Macs30 ave= 2.20E+00 b. +/- 0.49 % || Gn^0(l=0) ave= 1.465E-02 +/- 0.23 % Gn^0(l=1) ave= 6.415E-01 +/- 20.53 % Gn^0(l=2) ave= 8.657E+01 +/- 43.07 % Gn^0(l=3) ave= 0.000E+00 +/- 0.00 % || Gtotal(l=0) ave= 1.150E+00 +/- 0.00 % Gtotal(l=1) ave= 3.461E-01 +/- 0.00 % Gtotal(l=2) ave= 1.665E-01 +/- 0.00 % Gtotal(l=3) ave= 0.000E+00 +/- 0.00 %  % || Gg(l=0) ave= 8.628E-01 +/- 1.31 % Gg(l=1) ave= 1.531E-01 +/- 0.88 % Gg(l=2) ave= 1.519E-01 +/- 0.81 % Gg(l=3) ave= 0.000E+00 +/- 0.00 %  % || D(l=0) ave= 4.001E+02 +/- 0.00 % D(l=1) ave= 1.600E+02 +/- 0.00 % D(l=2) ave= 1.500E+02 +/- 0.00 % D(l=3) ave= 0.000E+00 +/- 0.00 %  % || S(l=0) ave= 3.966E-05 +/- 0.23 % S(l=1) ave= 2.313E-03 +/- 20.54 % S(l=2) ave= 2.822E-01 +/- 43.06 % S(l=3) ave= 0.000E+00 +/- 0.00 % 
 ... random file  10 Cap(th)  ave= 8.503E+05 b. +/- 4.67 % || Ela(th) ave= 7.939E+03 b. +/- 10.88 % || RIcap ave= 5.35E+04 b. +/- 1.79 % || Macs30 ave= 2.20E+00 b. +/- 0.47 % || Gn^0(l=0) ave= 1.465E-02 +/- 0.25 % Gn^0(l=1) ave= 6.302E-01 +/- 20.72 % Gn^0(l=2) ave= 8.357E+01 +/- 44.03 % Gn^0(l=3) ave= 0.000E+00 +/- 0.00 % || Gtotal(l=0) ave= 1.150E+00 +/- 0.00 % Gtotal(l=1) ave= 3.461E-01 +/- 0.00 % Gtotal(l=2) ave= 1.665E-01 +/- 0.00 % Gtotal(l=3) ave= 0.000E+00 +/- 0.00 %  % || Gg(l=0) ave= 8.626E-01 +/- 1.25 % Gg(l=1) ave= 1.531E-01 +/- 0.84 % Gg(l=2) ave= 1.520E-01 +/- 0.83 % Gg(l=3) ave= 0.000E+00 +/- 0.00 %  % || D(l=0) ave= 4.001E+02 +/- 0.00 % D(l=1) ave= 1.600E+02 +/- 0.00 % D(l=2) ave= 1.500E+02 +/- 0.00 % D(l=3) ave= 0.000E+00 +/- 0.00 %  % || S(l=0) ave= 3.967E-05 +/- 0.25 % S(l=1) ave= 2.272E-03 +/- 20.74 % S(l=2) ave= 2.725E-01 +/- 44.02 % S(l=3) ave= 0.000E+00 +/- 0.00 % 
 ... Histogram plot for thermal (n,g)
 ... Write covariances  ... MT1  ... plot correlations
 ... MT2  ... MT102 


 ================================================
 ============== From 10 random values === start ======
 Thermal (n,tot) xs  0 K =  858264 b. +/- 40541.4 b. ( 4.72365 %) skew= +0.52 +/- 0.66
 Thermal (n,el) xs   0 K =  7938.96 b. +/- 863.896 b. ( 10.8817 %) skew= +0.64 +/- 0.66
 Thermal (n,g) xs    0 K =  850325 b. +/- 39678.4 b. ( 4.66626 %) skew= +0.51 +/- 0.66
 RI      (n,g)       0 K =  53498.1 b. +/- 960.089 b. ( 1.79462 %) 
 MACS    (n,g)       0 K (at Emacs= 30000 eV) =  2.20085 b. +/- 0.010328 b. ( 0.469272 %) 
 Ave. Gtotal  L=0        =  1.150E+00 +/- 0.00 %
 Ave. Gn^(0)  L=0        =  1.465E-02 +/- 0.25 %
 Ave. Gg      L=0        =  8.626E-01 +/- 1.25 %
 Ave. D       L=0        =  4.001E+02 +/- 0.00 %
 Ave. S       L=0        =  3.967E-05 +/- 0.25 %
 Ave. Gtotal  L=1        =  3.461E-01 +/- 0.00 %
 Ave. Gn^(1)  L=1        =  6.302E-01 +/- 20.72 %
 Ave. Gg      L=1        =  1.531E-01 +/- 0.84 %
 Ave. D       L=1        =  1.600E+02 +/- 0.00 %
 Ave. S       L=1        =  2.272E-03 +/- 20.74 %
 Ave. Gtotal  L=2        =  1.665E-01 +/- 0.00 %
 Ave. Gn^(2)  L=2        =  8.357E+01 +/- 44.03 %
 Ave. Gg      L=2        =  1.520E-01 +/- 0.83 %
 Ave. D       L=2        =  1.500E+02 +/- 0.00 %
 Ave. S       L=2        =  2.725E-01 +/- 44.02 %

 Expected Thermal (n,g) (syst or meas)= 861000 b. +/- 69000 b. nominal: 860004 b.
 ratio Calculated/expected thermal (n,g): 0.99 ratio DCalculated/Dexpected: 0.58 ratio Calculated/Nominal: 0.99
 ============== From 10 random values ===== stop ======
 ================================================
 ... Calculation of (n,a) and (n,p) cross sections at 300 K
 ... thermal (n,a) cross section is 0.00246778 +/- 0.00123389 b.
 ... thermal (n,a) cross section is 0.00453752 b. (random case 1)
 ... thermal (n,a) cross section is 0.00660753 b. (random case 2)
 ... thermal (n,a) cross section is 0.00867752 b. (random case 3)
 ... thermal (n,a) cross section is 0.0107475 b. (random case 4)
 ... thermal (n,a) cross section is 0.0128175 b. (random case 5)
 ... thermal (n,a) cross section is 0.0148875 b. (random case 6)
 ... thermal (n,a) cross section is 0.0169575 b. (random case 7)
 ... thermal (n,a) cross section is 0.0190275 b. (random case 8)
 ... thermal (n,a) cross section is 0.0210975 b. (random case 9)
 ... thermal (n,a) cross section is 0.0231675 b. (random case 10)
 ... thermal (n,p) cross section is 0.00246778 +/- 0.00123389 b.
 ... thermal (n,p) cross section is 0.00453752 b. (random case 1)
 ... thermal (n,p) cross section is 0.00660753 b. (random case 2)
 ... thermal (n,p) cross section is 0.00867752 b. (random case 3)
 ... thermal (n,p) cross section is 0.0107475 b. (random case 4)
 ... thermal (n,p) cross section is 0.0128175 b. (random case 5)
 ... thermal (n,p) cross section is 0.0148875 b. (random case 6)
 ... thermal (n,p) cross section is 0.0169575 b. (random case 7)
 ... thermal (n,p) cross section is 0.0190275 b. (random case 8)
 ... thermal (n,p) cross section is 0.0210975 b. (random case 9)
 ... thermal (n,p) cross section is 0.0231675 b. (random case 10)
 ... Rewrite index for MF2
 ... Write text for MF1 in file mf1.tares.txt
 ... plotting cross sections for the MF1
 ... order output files


================== summary ==================
 Thermal (n,tot) xs = 868122 b. 
 Thermal (n,el)  xs = 8118.2 b. 
 Thermal (n,g)   xs = 860004 b. (meas/sys: 861000 b.)
 Thermal (n,a)   xs = 0.0231675 b. 
 Thermal (n,p)   xs = 0.0231675 b. 

 RI      (n,g)      = 53302.9 b. (meas or sys: 15200 b.)
 RI      (n,el)     = 3639.49 b.
=============================================


 ... cleaning
                                                 
  -------------------------------------------------------------
  -                                                           -
  - TARES: successful end of run with data from the database  -
  -             for Z= 40,  A= 88 and isomer= 0               -
  -                                                           -
  -------------------------------------------------------------

   Running time:       11 seconds

 End time: Wed Oct  7 12:11:06 2026

