
  -------------------------------------------------------------
  -                                                           -
  -              Welcome to TARES version 1.8                 -
  -                                                           -
  -  (C) Copyright 2007-2025 D. Rochman, All Rights Reserved  -
  -           NRG, Petten, the Netherlands 2007-2014          -
  -           PSI, Villigen    Switzerland 2015-2025          -
  -         Nagra, Wettingen   Switzerland 2025-              -
  -           (Last Modified October 06, 2026)                -
  -           (Database from October 06, 2026)                -
  -                                                           -
  -------------------------------------------------------------


  ---------------------------------------------
   Compilation information:
   Compiled on:         Oct  7 2026, 09:32:19
   Compiled by:         koning
   Compiler version:    clang++ - 21.0.0
   Source location:     /Users/koning/tares-1.8/source/Module/
   Binaries location:   /Users/koning/bin
   System:              Darwin 25.6.0
   System version:      Darwin Kernel Version 25.6.0: Fri Jul 31 19:19:08 PDT 2026; root:xnu-12377.161.14~5/RELEASE_ARM64_T6050  
   Machine:             arm64 
  ---------------------------------------------

   User information:
   User name:           koning
   Running directory:   /Users/koning/tendl/resbase/K046/work
   Owner mode for running directory : rwx
   Group mode for running directory : r-x
  ---------------------------------------------


 Starting time: Wed Oct  7 11:25:41 2026
 ... inputs directory found (/Users/koning/tares-1.8/source/Module//../../inputs/).
 ... It will be used for resonance parameters 
 ... ###############################################
 ... #     read the input file tares.inp
 ... ###############################################
 ... line: #
 ... line: # Input file generated by Autorochman
          --> line not read
 ... line: #
 ... line: isotope    K
          --> Isotope name: K
 ... line: mass       46
          --> isotopic mass: 46
 ... line: output     n-K046
         ---> Name of the output files: n-K046
 ... line: isomer     0
          --> isomeric state: 0
 ... line: mf32mf33   y
          --> MF33 based on MF32: y
 ... line: nbrRandom  6
          --> Nbr of random files: 6
 ... ###############################################
 ... # end read the input file tares.inp
 ... ###############################################
Value for random generator type not considered in since Tares 1.7 due to compilation issues

 ... ###############################################
     #   Interpretation of the Input definition    #
     ###############################################

 ... Default energy limit: End of resonance region
 ... Nuclear charge    = 19
 ... Element           = K
 ... Mass              = 46
 ... Isomer            = 0
 ... Correlation for (Gn,Gg) not included in random files
 ... Default random option: No random
 ... Output name: n-K046
 ... Energy for the MACS: 30000 eV
 ... Resonances from CALENDF reduced (reduce=y) 
 ... For URR, level density model from TALYS selected: 91n3n12611.2850 (see manual for description)
 ... Random Generator: default (pseudo random numbers from ansi c++)
 ... Reconstruction of cross section selected
 ... Doppler broadening at 0 Kelvin
 ... URR not included (from the input file flag)
 ... Weight for grouping is flat
 ... Calculation of (n,alpha) cross section selected
 ... Number of digit for MF32c covariance representation: 2
 ... MF32 included
 ... MF33 will be used for covariance processing
 ... TENDL option set to yes (automatic choice of MF2 and format)
 ... Isotope not found in the best file --> use of MLBW formalism
 ... default option: Multi level Breit Wigner approximation selected
 ... (check file best.tendl.yes for changing this option)
 ... Retroactive option set to no with the 2025 option
 ... ladder option set to yes (CALENDF will be used for statistical resonances)

 ... ###############################################
     #           End of Input definition           #
     ###############################################

 ... gnuplot found, will be used for plotting
 ... latex found, will be used for plotting
 ... dvips found, will be used for plotting
 ... ps2epsi not found, limited plotting available
 ... uncertainties on default parameters multiplied by 1.27941
 ... Read resonance data from the 2025 directory
 ... Resonance parameters taken from /Users/koning/tares-1.8/source/Module//../../inputs/2025/Resonance/default/
 ---> Processing Z= 19 and A= 46 and isomer= 0 (level number: 0)
 Exfor path; Could not find /Users/koning/tares-1.8/source/Module//../../inputs/exfor/K046/xs/102
Thermal file; Could not open file /Users/koning/tares-1.8/source/Module//../../inputs/2025/runThermal/results//thermal.mxw.ng.cendl3.1
Thermal file; Could not open file /Users/koning/tares-1.8/source/Module//../../inputs/2025/runThermal/results//thermal.mxw.ng.brond3.1
Thermal file; Could not open file /Users/koning/tares-1.8/source/Module//../../inputs/2025/runThermal/results//thermal.xs.ng.unc.cendl3.1
 ... spin taken from the final/ directory (1)

 ... ###############################################
 ... #  Nucleus global parameters (2025 database)  #
 ... ###############################################
 0. Half-life: 1.605 min. 
 ... Scattering radius from TALYS: /Users/koning/tares-1.8/source/Module//../../inputs/2025/lib.urr/talys.urr/
 1. Spin of the target isotope: 2
 2. Relative Atomic Mass of the target isotope: 45.9619
 3. Scattering radius (local compilation): 4.77578 fm +/- 0.100291 fm
      .......................................
      ... Thermal capture cross sections: ...
 4. Thermal (n,g) cross section from systematics: 0.9791 +/- 0.68537 b.
 5. Thermal (n,g) cross section from compilation (Firestone-2022 average on element K): 2.14 +/- 9 b.
 6. Thermal (n,g) cross section from TENDL-2023: 0.9791 b.
      .......................................
      ...  Thermal total cross sections:  ...
      .......................................
      ... Thermal elastic cross sections: ...
 7. Thermal (n,el) cross section from potential (4piR^2): 6.00201 +/- 0.3001 b.
      .......................................
             ... Resonance integral: ...
 8. No capture integral found in /Users/koning/tares-1.8/source/Module//../../inputs/capture.integral
 ... no RI(n,g) found in local compilation, take 2018 value.
 ... no RI(n,g) found in local compilation, take Sukhoruchkin value.
   ---- MACS 30 keV ----- 
 9. TALYS MACS 30 keV (HF): 0.00699981 b. 
   ---------- S0 -------- 
 10. S0 from TALYS: 2.98999
   ---------- S1 -------- 
 11. S1 from TALYS: 1.10652
   ---------- S2 -------- 
 12. S2 from TALYS: 1.41638
   ---------- D0 -------- 
 13. D0 from TALYS: 5540.11 eV
   ---------- D1 -------- 
 14. D1 from TALYS: 3176.56 eV
   ---------- D2 -------- 
 15. D2 from TALYS: 2665.28 eV
   ---------- G0 -------- 
 16. Gg0 from TALYS: 0.264272 eV
   ---------- G1 -------- 
 17. Gg1 from TALYS: 0.207645 eV
   ---------- G2 -------- 
 18. Gg2 from TALYS: 0.36316 eV


   ---------------------- 
 ... Read resonance parameters (format: 2: Multi Level Breit Wigner)
 ... 0 resonances found 
 ... possibly no resonances in the Resonance directory for this isotope and options
 ... Use HFR (ladder) behavior 
 --> 20. Number of resonances from the input file: 2 up to 2770.05 eV
 21. Read nuclear quantities (mass, MAT...)
 22. Read thermal (n,g) xs 
 23. Read the scattering radius 
 24. Read uncertainty on Gg for 2 resonances
 25. Read uncertainty on Gg for 2 resonances ... done
 ... order resonances 
 ... Upper limit for the RRR: 2770.05 eV (no statistical resonances HFR) from the limit.RRR file
 ... Write parameters for l=0 waves
 ... End writing original MF2 
 ... No RRR in the database: uncertainties on default parameters multiplied by 1.99753
 ... Enter in urr function (ladder option set to y) for file n-K046
 ... read the file /Users/koning/tares-1.8/source/Module//../../inputs/2025/list.jcs.urr to find URR origin
 Default URR taken from TALYS calculations with level density model: 91n3n12611.2850
 File considered for the URR: /Users/koning/tares-1.8/source/Module//../../inputs/2025/lib.urr/talys.urr/91n3n12611.2850/K/urr/urr.dat.K.046.000.0.gz
 ... Write URR using TALYS average parameters (used for HFR)
 ... Limit of URR changed to 25 keV (recommendation from WPEC and JEFF)
 ... ---> Emax(RRR) taken from the file limit.ladder: 50000 eV <---
 ... (File limit.ladder: /Users/koning/tares-1.8/source/Module//../../inputs/2025/limit.ladder.91n3n12611.2850)
 ... read D0, S0, Gn and Gg
 ... number of URR energies: 2574
 Number of l: 2574 and last energy: 11
 Last  URR energy: 50000 eV
 ... Enter in to_MLBW_mf2 function
 ... Convert to Multi Level Breit Wigner (MLBW)
 ... Write parameter covariances (MF32) for l=0
 ... Convert parameter covariances (MF32) to MLBW
 ... copy the mf2 and mf32 to .mlbw files
 ... Enter in urr_correct function case 1
 Modify the higher limit of RRR in MF2
 --> old value: 2.783905+3 eV new value: 1.000000-2 eV
 Modify resonance covariances (MF32) to include correlations in the URR
 End Modify resonance covariances (MF32) to include correlations in the URR
 ... Enter in calendf_xs function
 Use CALENDF for statistical resonances (update MF2) up to 5.000000+4 eV (initial limit)
 Extract resonances from CALENDF for RRR->URR 2
 76 statistical resonances found
 After reduction, 71 statistical resonances found
 ... checking resonance order 1
 ... checking resonance order 2nd round for 69 resonances
 ... end checking resonance order 2nd round
 .......................................................
 ... Adjustment to the thermal cross section : start ...
 .......................................................

 Before adjustment (adjustment to the thermal cross section set to y)
 ... Import MF2 from TARES calculations
 ... End energy of TARES MF2 : 3.681569E+4 eV and limit to 40000 resonances
 ... File used for reconstruction: new.temp22.reconst
 ... run RECENT ...
 ... Doppler broadened at a unique temperature: 300 Kelvin using sigma1
 ... run SIGMA1 at 3.000000E+02 K.

 ============== INTER values at 300 Kelvin ==============
 Thermal (n,g) xs =  0.0295631 b. (meas/sys: 0.9791 b.) (warning: comparison to be done at 296 or 300 K)
 Th Maxw (n,g) xs =  0.029735 b. (thermal Maxwellian value)
 Westcott factor  =  1.00582
 RI      (n,g)    =  0.163627 b. (meas or sys: - b.)
 MACS 3.000e+04 eV=  0.0070472 b. (meas or sys: - b.) from 1.00E+00 to 2.00E+07 eV (end of RRR) at T= 300 Kelvin 
 Thermal (n,el) xs=  3.38686 b.
 RI      (n,el)   =  40.166 b.
 ============= PSYCHE values ==============
 Ave. G_total L0  =  322.157 eV
 Ave. G_total L1  =  1.82543 eV
 Ave. G_total L2  =  0.250642 eV
 Ave. Gn_0    L0  =  1.8312
 Ave. Gn_0    L1  =  1.84318
 Ave. Gn_0    L2  =  3.48043
 Ave. Gg      L0  =  0.20422 eV
 Ave. Gg      L1  =  0.153646 eV
 Ave. Gg      L2  =  0.208473 eV
 Ave. D       L0  =  6135.95 eV
 Ave. D       L1  =  3681.57 eV
 Ave. D       L2  =  3681.57 eV
 Ave. S       L0  =  0.000181562 eV
 Ave. S       L1  =  9.5397e-05 eV
 Ave. S       L2  =  0.000127035 eV
 =========================================
 Calculated capture integral   0.163627 b.
 Calculated thermal (n,g)=          .029563128 b. and recommended= 0.9791 b. (C/E= 0.0301942)
 Calculated RI      (n,g)= 0.163627 b. (no reference value)
 ... tolerances: thermal (n,g) 20 % (reference uncertainties, minimum 2% and 5%, maximum 20%)
 Adjust the capture widths ...
 ... capture adjusted with Gn for 31 resonances (Gn<Gg) and with Gg for 38 resonances
 ... iteration 0: C/E thermal (n,g)= 0.0301942
 Warning: 69 widths limited to a change of a factor 10 from their starting values

 <-------- After adjustment -------->
 ... Import MF2 from TARES calculations
 ... End energy of TARES MF2 : 3.681569E+4 eV and limit to 40000 resonances
 ... File used for reconstruction: new.temp22.reconst
 ... run RECENT ...
 ... Doppler broadened at a unique temperature: 300 Kelvin using sigma1
 ... run SIGMA1 at 3.000000E+02 K.

 ============== INTER values at 300 Kelvin ==============
 Thermal (n,g) xs =  0.295631 b. (meas/sys: 0.9791 b.) (warning: comparison to be done at 296 or 300 K)
 Th Maxw (n,g) xs =  0.29735 b. (thermal Maxwellian value)
 Westcott factor  =  1.00582
 RI      (n,g)    =  0.707267 b. (meas or sys: - b.)
 MACS 3.000e+04 eV=  0.032224 b. (meas or sys: - b.) from 1.00E+00 to 2.00E+07 eV (end of RRR) at T= 300 Kelvin 
 Thermal (n,el) xs=  3.38686 b.
 RI      (n,el)   =  39.7518 b.
 ============= PSYCHE values ==============
 Ave. G_total L0  =  323.995 eV
 Ave. G_total L1  =  3.16846 eV
 Ave. G_total L2  =  0.630161 eV
 Ave. Gn_0    L0  =  1.8312
 Ave. Gn_0    L1  =  1.87216
 Ave. Gn_0    L2  =  34.8043
 Ave. Gg      L0  =  2.0422 eV
 Ave. Gg      L1  =  1.41646 eV
 Ave. Gg      L2  =  0.208473 eV
 Ave. D       L0  =  6135.95 eV
 Ave. D       L1  =  3681.57 eV
 Ave. D       L2  =  3681.57 eV
 Ave. S       L0  =  0.000181562 eV
 Ave. S       L1  =  9.71291e-05 eV
 Ave. S       L2  =  0.00127035 eV
 =========================================
 ... iteration 1: C/E thermal (n,g)= 0.301942
 Warning: 69 widths limited to a change of a factor 10 from their starting values

 <-------- After adjustment -------->
 ... Import MF2 from TARES calculations
 ... End energy of TARES MF2 : 3.681569E+4 eV and limit to 40000 resonances
 ... File used for reconstruction: new.temp22.reconst
 ... run RECENT ...
 ... Doppler broadened at a unique temperature: 300 Kelvin using sigma1
 ... run SIGMA1 at 3.000000E+02 K.

 ============== INTER values at 300 Kelvin ==============
 Thermal (n,g) xs =  0.295631 b. (meas/sys: 0.9791 b.) (warning: comparison to be done at 296 or 300 K)
 Th Maxw (n,g) xs =  0.29735 b. (thermal Maxwellian value)
 Westcott factor  =  1.00582
 RI      (n,g)    =  0.707267 b. (meas or sys: - b.)
 MACS 3.000e+04 eV=  0.032224 b. (meas or sys: - b.) from 1.00E+00 to 2.00E+07 eV (end of RRR) at T= 300 Kelvin 
 Thermal (n,el) xs=  3.38686 b.
 RI      (n,el)   =  39.7518 b.
 ============= PSYCHE values ==============
 Ave. G_total L0  =  323.995 eV
 Ave. G_total L1  =  3.16846 eV
 Ave. G_total L2  =  0.630161 eV
 Ave. Gn_0    L0  =  1.8312
 Ave. Gn_0    L1  =  1.87216
 Ave. Gn_0    L2  =  34.8043
 Ave. Gg      L0  =  2.0422 eV
 Ave. Gg      L1  =  1.41646 eV
 Ave. Gg      L2  =  0.208473 eV
 Ave. D       L0  =  6135.95 eV
 Ave. D       L1  =  3681.57 eV
 Ave. D       L2  =  3681.57 eV
 Ave. S       L0  =  0.000181562 eV
 Ave. S       L1  =  9.71291e-05 eV
 Ave. S       L2  =  0.00127035 eV
 =========================================
 ... iteration 2: C/E thermal (n,g)= 0.301942
 Warning: no further change possible (widths at the limit of a factor 10): adjustment stopped


 ... ratio C/E thermal (n,g): 3.019419E-01
 ...................................................... 
 ... Adjustment to the thermal cross section : stop ...
 ...................................................... 
 ... new MF2 file after adjustment: n-K046
 ... read the file /Users/koning/tares-1.8/source/Module//../../inputs/2025/list.jcs.urr to find URR origin
 Default URR taken from TALYS calculations with level density model: 91n3n12611.2850
 File considered for the URR: /Users/koning/tares-1.8/source/Module//../../inputs/2025/lib.urr/talys.urr/91n3n12611.2850/K/urr/urr.dat.K.046.000.0.gz
 ... Write URR using TALYS average parameters (not used for HFR)
 Energy limit of the URR set to 47860.4 eV
 ... read D0, S0, Gn and Gg
 ... number of URR energies: 55
 Number of l: 55 and last energy: 11
 Last  URR energy: 47860.4 eV
 ... Enter in urr_correct function case 2
 Modify the higher limit of RRR in MF2
 --> old value: 3.681569+4 eV new value: 3.681569+4 eV
 Modify resonance covariances (MF32) to include correlations in the URR
 End Modify resonance covariances (MF32) to include correlations in the URR
 ... Enter in update_MF32 function
 ... Change uncertainties
 ... for the HFR, random position of the positive resonances with 0.020000 %
 ... end of update MF32 function
 ... GLS calculation of the parameter correlations from the thermal/RI adjustment (MF32c)
 ... MF32: correlations from the thermal/RI adjustment (GLS) for 11 resonances (22 widths), 0 correlation lines
 ...   thermal (n,g): uncertainty from these widths 0.0718097 b. -> 0.0714187 b. (reference: 0.9791 +/- 0.68537 b.)
 ... copy the mf2 and mf32 to .mlbw files

 ... Start of final reconstruction and testing ...
 ... Reconstruction of cross sections at 0 Kelvin  ... Import MF2 from TARES calculations
 ... End energy of TARES MF2 : 3.681569E+4 eV and limit to 40000 resonances
 ... File used for reconstruction: n-K046.reconst
 ... run RECENT ...
 ... Doppler broadened at a unique temperature: 0 Kelvin using sigma1
 ... The keyword temperature is zero, no Doppler broadening for the MACS

 ============== INTER values at 0 Kelvin ==============
 Thermal (n,g) xs =  0.295514 b. (meas/sys: 0.9791 b.) (warning: comparison to be done at 296 or 300 K)
 Th Maxw (n,g) xs =  0.29568 b. (thermal Maxwellian value)
 Westcott factor  =  1.00056
 RI      (n,g)    =  0.706349 b. (meas or sys: - b.)
 MACS 3.000e+04 eV=  0.032192 b. (meas or sys: - b.) from 1.00E+00 to 3.68E+04 eV (end of RRR) at T= 0 Kelvin 
 Thermal (n,el) xs=  3.34962 b.
 RI      (n,el)   =  39.2633 b.
 ============= PSYCHE values ==============
 Ave. G_total L0  =  323.995 eV
 Ave. G_total L1  =  3.16846 eV
 Ave. G_total L2  =  0.630161 eV
 Ave. Gn_0    L0  =  1.8312
 Ave. Gn_0    L1  =  1.87216
 Ave. Gn_0    L2  =  34.8043
 Ave. Gg      L0  =  2.0422 eV
 Ave. Gg      L1  =  1.41646 eV
 Ave. Gg      L2  =  0.208473 eV
 Ave. D       L0  =  6135.95 eV
 Ave. D       L1  =  3681.57 eV
 Ave. D       L2  =  3681.57 eV
 Ave. S       L0  =  0.000181562 eV
 Ave. S       L1  =  9.71291e-05 eV
 Ave. S       L2  =  0.00127035 eV
 =========================================
 ... End of final reconstruction and testing ...

 ... grouping is not optimum, change to 70 groups
 ... Produce MF33 based on MF32 and 6 random files
 ... run endsam for 6 in groups of 1 global run
 ... run endsam from 1 to 6
 ... reorder resonance position after endsam (sampling)
 ... preparing the vectors  ... done
 ... nominal file 0 Cap(th)  ave= 2.955E-01 b. +/- 0.00 % || Ela(th) ave= 3.350E+00 b. +/- 0.00 % || RIcap ave= 6.99E-01 b. +/- 0.00 % || Macs30 ave= 8.52E-02 b. +/- 0.00 % || Gn^0(l=0) ave= 1.831E+00 +/- 0.00 % Gn^0(l=1) ave= 1.872E+00 +/- 0.00 % Gn^0(l=2) ave= 3.480E+01 +/- 0.00 % Gn^0(l=3) ave= 0.000E+00 +/- 0.00 % || Gtotal(l=0) ave= 3.240E+02 +/- 0.00 % Gtotal(l=1) ave= 3.168E+00 +/- 0.00 % Gtotal(l=2) ave= 6.302E-01 +/- 0.00 % Gtotal(l=3) ave= 0.000E+00 +/- 0.00 %  % || Gg(l=0) ave= 2.042E+00 +/- 0.00 % Gg(l=1) ave= 1.416E+00 +/- 0.00 % Gg(l=2) ave= 2.085E-01 +/- 0.00 % Gg(l=3) ave= 0.000E+00 +/- 0.00 %  % || D(l=0) ave= 6.136E+03 +/- 0.00 % D(l=1) ave= 3.682E+03 +/- 0.00 % D(l=2) ave= 3.682E+03 +/- 0.00 % D(l=3) ave= 0.000E+00 +/- 0.00 %  % || S(l=0) ave= 1.816E-04 +/- 0.00 % S(l=1) ave= 9.713E-05 +/- 0.00 % S(l=2) ave= 1.270E-03 +/- 0.00 % S(l=3) ave= 0.000E+00 +/- 0.00 % 
 ... random file  1 Cap(th)  ave= 2.498E-01 b. +/- 18.30 % || Ela(th) ave= 3.162E+00 b. +/- 5.95 % || RIcap ave= 6.98E-01 b. +/- 0.17 % || Macs30 ave= 8.05E-02 b. +/- 5.85 % || Gn^0(l=0) ave= 1.832E+00 +/- 0.03 % Gn^0(l=1) ave= 1.989E+00 +/- 5.89 % Gn^0(l=2) ave= 3.964E+01 +/- 12.20 % Gn^0(l=3) ave= 0.000E+00 +/- 0.00 % || Gtotal(l=0) ave= 3.240E+02 +/- 0.00 % Gtotal(l=1) ave= 3.168E+00 +/- 0.00 % Gtotal(l=2) ave= 6.302E-01 +/- 0.00 % Gtotal(l=3) ave= 0.000E+00 +/- 0.00 %  % || Gg(l=0) ave= 1.783E+00 +/- 14.56 % Gg(l=1) ave= 1.542E+00 +/- 8.15 % Gg(l=2) ave= 2.158E-01 +/- 3.41 % Gg(l=3) ave= 0.000E+00 +/- 0.00 %  % || D(l=0) ave= 6.136E+03 +/- 0.00 % D(l=1) ave= 3.682E+03 +/- 0.00 % D(l=2) ave= 3.682E+03 +/- 0.00 % D(l=3) ave= 0.000E+00 +/- 0.00 %  % || S(l=0) ave= 1.816E-04 +/- 0.01 % S(l=1) ave= 1.033E-04 +/- 5.93 % S(l=2) ave= 1.447E-03 +/- 12.23 % S(l=3) ave= 0.000E+00 +/- 0.00 % 
 ... random file  2 Cap(th)  ave= 2.781E-01 b. +/- 19.67 % || Ela(th) ave= 3.078E+00 b. +/- 6.29 % || RIcap ave= 6.82E-01 b. +/- 3.37 % || Macs30 ave= 7.91E-02 b. +/- 5.44 % || Gn^0(l=0) ave= 1.831E+00 +/- 0.04 % Gn^0(l=1) ave= 2.056E+00 +/- 6.53 % Gn^0(l=2) ave= 4.208E+01 +/- 12.47 % Gn^0(l=3) ave= 0.000E+00 +/- 0.00 % || Gtotal(l=0) ave= 3.240E+02 +/- 0.00 % Gtotal(l=1) ave= 3.168E+00 +/- 0.00 % Gtotal(l=2) ave= 6.302E-01 +/- 0.00 % Gtotal(l=3) ave= 0.000E+00 +/- 0.00 %  % || Gg(l=0) ave= 1.800E+00 +/- 11.85 % Gg(l=1) ave= 1.508E+00 +/- 7.54 % Gg(l=2) ave= 2.179E-01 +/- 3.06 % Gg(l=3) ave= 0.000E+00 +/- 0.00 %  % || D(l=0) ave= 6.136E+03 +/- 0.00 % D(l=1) ave= 3.682E+03 +/- 0.00 % D(l=2) ave= 3.682E+03 +/- 0.00 % D(l=3) ave= 0.000E+00 +/- 0.00 %  % || S(l=0) ave= 1.814E-04 +/- 0.09 % S(l=1) ave= 1.068E-04 +/- 6.64 % S(l=2) ave= 1.534E-03 +/- 12.34 % S(l=3) ave= 0.000E+00 +/- 0.00 % 
 ... random file  3 Cap(th)  ave= 3.040E-01 b. +/- 21.45 % || Ela(th) ave= 3.070E+00 b. +/- 5.48 % || RIcap ave= 6.76E-01 b. +/- 3.25 % || Macs30 ave= 8.03E-02 b. +/- 5.29 % || Gn^0(l=0) ave= 1.833E+00 +/- 0.20 % Gn^0(l=1) ave= 2.060E+00 +/- 5.65 % Gn^0(l=2) ave= 4.232E+01 +/- 10.78 % Gn^0(l=3) ave= 0.000E+00 +/- 0.00 % || Gtotal(l=0) ave= 3.240E+02 +/- 0.00 % Gtotal(l=1) ave= 3.168E+00 +/- 0.00 % Gtotal(l=2) ave= 6.302E-01 +/- 0.00 % Gtotal(l=3) ave= 0.000E+00 +/- 0.00 %  % || Gg(l=0) ave= 1.801E+00 +/- 10.26 % Gg(l=1) ave= 1.480E+00 +/- 7.41 % Gg(l=2) ave= 2.038E-01 +/- 12.32 % Gg(l=3) ave= 0.000E+00 +/- 0.00 %  % || D(l=0) ave= 6.136E+03 +/- 0.00 % D(l=1) ave= 3.682E+03 +/- 0.00 % D(l=2) ave= 3.682E+03 +/- 0.00 % D(l=3) ave= 0.000E+00 +/- 0.00 %  % || S(l=0) ave= 1.817E-04 +/- 0.23 % S(l=1) ave= 1.069E-04 +/- 5.74 % S(l=2) ave= 1.542E-03 +/- 10.67 % S(l=3) ave= 0.000E+00 +/- 0.00 % 
 ... random file  4 Cap(th)  ave= 3.083E-01 b. +/- 19.13 % || Ela(th) ave= 3.120E+00 b. +/- 5.80 % || RIcap ave= 6.80E-01 b. +/- 3.09 % || Macs30 ave= 8.14E-02 b. +/- 5.48 % || Gn^0(l=0) ave= 1.831E+00 +/- 0.33 % Gn^0(l=1) ave= 2.028E+00 +/- 6.03 % Gn^0(l=2) ave= 4.093E+01 +/- 12.08 % Gn^0(l=3) ave= 0.000E+00 +/- 0.00 % || Gtotal(l=0) ave= 3.240E+02 +/- 0.00 % Gtotal(l=1) ave= 3.168E+00 +/- 0.00 % Gtotal(l=2) ave= 6.302E-01 +/- 0.00 % Gtotal(l=3) ave= 0.000E+00 +/- 0.00 %  % || Gg(l=0) ave= 1.908E+00 +/- 14.24 % Gg(l=1) ave= 1.427E+00 +/- 10.06 % Gg(l=2) ave= 2.026E-01 +/- 11.14 % Gg(l=3) ave= 0.000E+00 +/- 0.00 %  % || D(l=0) ave= 6.136E+03 +/- 0.00 % D(l=1) ave= 3.682E+03 +/- 0.00 % D(l=2) ave= 3.682E+03 +/- 0.00 % D(l=3) ave= 0.000E+00 +/- 0.00 %  % || S(l=0) ave= 1.814E-04 +/- 0.34 % S(l=1) ave= 1.052E-04 +/- 6.11 % S(l=2) ave= 1.492E-03 +/- 11.94 % S(l=3) ave= 0.000E+00 +/- 0.00 % 
 ... random file  5 Cap(th)  ave= 2.869E-01 b. +/- 25.14 % || Ela(th) ave= 3.223E+00 b. +/- 8.79 % || RIcap ave= 6.87E-01 b. +/- 3.71 % || Macs30 ave= 8.22E-02 b. +/- 5.41 % || Gn^0(l=0) ave= 1.829E+00 +/- 0.34 % Gn^0(l=1) ave= 1.969E+00 +/- 8.81 % Gn^0(l=2) ave= 3.873E+01 +/- 17.23 % Gn^0(l=3) ave= 0.000E+00 +/- 0.00 % || Gtotal(l=0) ave= 3.240E+02 +/- 0.00 % Gtotal(l=1) ave= 3.168E+00 +/- 0.00 % Gtotal(l=2) ave= 6.302E-01 +/- 0.00 % Gtotal(l=3) ave= 0.000E+00 +/- 0.00 %  % || Gg(l=0) ave= 1.984E+00 +/- 15.15 % Gg(l=1) ave= 1.473E+00 +/- 11.30 % Gg(l=2) ave= 2.040E-01 +/- 10.22 % Gg(l=3) ave= 0.000E+00 +/- 0.00 %  % || D(l=0) ave= 6.136E+03 +/- 0.00 % D(l=1) ave= 3.682E+03 +/- 0.00 % D(l=2) ave= 3.682E+03 +/- 0.00 % D(l=3) ave= 0.000E+00 +/- 0.00 %  % || S(l=0) ave= 1.814E-04 +/- 0.32 % S(l=1) ave= 1.022E-04 +/- 8.79 % S(l=2) ave= 1.412E-03 +/- 17.18 % S(l=3) ave= 0.000E+00 +/- 0.00 % 
 ... random file  6 Cap(th)  ave= 2.776E-01 b. +/- 25.41 % || Ela(th) ave= 3.312E+00 b. +/- 10.30 % || RIcap ave= 6.78E-01 b. +/- 4.84 % || Macs30 ave= 7.99E-02 b. +/- 8.71 % || Gn^0(l=0) ave= 1.829E+00 +/- 0.32 % Gn^0(l=1) ave= 1.921E+00 +/- 10.38 % Gn^0(l=2) ave= 3.688E+01 +/- 20.76 % Gn^0(l=3) ave= 0.000E+00 +/- 0.00 % || Gtotal(l=0) ave= 3.240E+02 +/- 0.00 % Gtotal(l=1) ave= 3.168E+00 +/- 0.00 % Gtotal(l=2) ave= 6.302E-01 +/- 0.00 % Gtotal(l=3) ave= 0.000E+00 +/- 0.00 %  % || Gg(l=0) ave= 1.882E+00 +/- 19.87 % Gg(l=1) ave= 1.525E+00 +/- 13.05 % Gg(l=2) ave= 2.072E-01 +/- 10.03 % Gg(l=3) ave= 0.000E+00 +/- 0.00 %  % || D(l=0) ave= 6.136E+03 +/- 0.00 % D(l=1) ave= 3.682E+03 +/- 0.00 % D(l=2) ave= 3.682E+03 +/- 0.00 % D(l=3) ave= 0.000E+00 +/- 0.00 %  % || S(l=0) ave= 1.813E-04 +/- 0.30 % S(l=1) ave= 9.966E-05 +/- 10.38 % S(l=2) ave= 1.345E-03 +/- 20.71 % S(l=3) ave= 0.000E+00 +/- 0.00 % 
 ... Histogram plot for thermal (n,g)
 ... Write covariances  ... MT1  ... plot correlations
 ... MT2  ... MT102 


 ================================================
 ============== From 6 random values === start ======
 Thermal (n,tot) xs  0 K =  3.58975 b. +/- 0.306305 b. ( 8.53275 %) skew= +0.15 +/- 0.79
 Thermal (n,el) xs   0 K =  3.31217 b. +/- 0.341035 b. ( 10.2964 %) skew= +0.39 +/- 0.79
 Thermal (n,g) xs    0 K =  0.27758 b. +/- 0.0705439 b. ( 25.4139 %) skew= -0.03 +/- 0.79
 RI      (n,g)       0 K =  0.67817 b. +/- 0.0328083 b. ( 4.83777 %) 
 MACS    (n,g)       0 K (at Emacs= 30000 eV) =  0.0799353 b. +/- 0.00696359 b. ( 8.71154 %) 
 Ave. Gtotal  L=0        =  3.240E+02 +/- 0.00 %
 Ave. Gn^(0)  L=0        =  1.829E+00 +/- 0.32 %
 Ave. Gg      L=0        =  1.882E+00 +/- 19.87 %
 Ave. D       L=0        =  6.136E+03 +/- 0.00 %
 Ave. S       L=0        =  1.813E-04 +/- 0.30 %
 Ave. Gtotal  L=1        =  3.168E+00 +/- 0.00 %
 Ave. Gn^(1)  L=1        =  1.921E+00 +/- 10.38 %
 Ave. Gg      L=1        =  1.525E+00 +/- 13.05 %
 Ave. D       L=1        =  3.682E+03 +/- 0.00 %
 Ave. S       L=1        =  9.966E-05 +/- 10.38 %
 Ave. Gtotal  L=2        =  6.302E-01 +/- 0.00 %
 Ave. Gn^(2)  L=2        =  3.688E+01 +/- 20.76 %
 Ave. Gg      L=2        =  2.072E-01 +/- 10.03 %
 Ave. D       L=2        =  3.682E+03 +/- 0.00 %
 Ave. S       L=2        =  1.345E-03 +/- 20.71 %

 Expected Thermal (n,g) (syst or meas)= 0.9791 b. +/- 0.68537 b. nominal: 0.295514 b.
 ratio Calculated/expected thermal (n,g): 0.28 ratio DCalculated/Dexpected: 0.10 ratio Calculated/Nominal: 0.94
 ============== From 6 random values ===== stop ======
 ================================================
 ... Calculation of (n,a) and (n,p) cross sections at 300 K
 <<(n,a) Q-value negative for this element>> ... (n,p) Q-value negative for this element
 ... Rewrite index for MF2
 ... Write text for MF1 in file mf1.tares.txt
 ... plotting cross sections for the MF1
 ... order output files


================== summary ==================
 Thermal (n,tot) xs = 3.64513 b. 
 Thermal (n,el)  xs = 3.34962 b. 
 Thermal (n,g)   xs = 0.295514 b. (meas/sys: 0.9791 b.)
 At 300 K (thermal adjustment): (n,el) = 3.38686 b., (n,g) = 0.295631 b.

 RI      (n,g)      = 0.706349 b. (meas or sys: - b.)
 RI      (n,el)     = 39.2633 b.
=============================================


 ... cleaning
                                                 
  -------------------------------------------------------------
  -                                                           -
  - TARES: successful end of run with data from hypothetical  -
  - resonances for  Z= 19,  A= 46 and isomer= 0               -
  - half-life: 1.605000 min. 
  -                                                           -
  -------------------------------------------------------------

   Running time:       15 seconds

 End time: Wed Oct  7 11:25:56 2026

