
  -------------------------------------------------------------
  -                                                           -
  -              Welcome to TARES version 1.8                 -
  -                                                           -
  -  (C) Copyright 2007-2025 D. Rochman, All Rights Reserved  -
  -           NRG, Petten, the Netherlands 2007-2014          -
  -           PSI, Villigen    Switzerland 2015-2025          -
  -         Nagra, Wettingen   Switzerland 2025-              -
  -           (Last Modified October 06, 2026)                -
  -           (Database from October 06, 2026)                -
  -                                                           -
  -------------------------------------------------------------


  ---------------------------------------------
   Compilation information:
   Compiled on:         Oct  7 2026, 09:32:19
   Compiled by:         koning
   Compiler version:    clang++ - 21.0.0
   Source location:     /Users/koning/tares-1.8/source/Module/
   Binaries location:   /Users/koning/bin
   System:              Darwin 25.6.0
   System version:      Darwin Kernel Version 25.6.0: Fri Jul 31 19:19:08 PDT 2026; root:xnu-12377.161.14~5/RELEASE_ARM64_T6050  
   Machine:             arm64 
  ---------------------------------------------

   User information:
   User name:           koning
   Running directory:   /Users/koning/tendl/resbase/Hg193/work
   Owner mode for running directory : rwx
   Group mode for running directory : r-x
  ---------------------------------------------


 Starting time: Wed Oct  7 09:52:51 2026
 ... inputs directory found (/Users/koning/tares-1.8/source/Module//../../inputs/).
 ... It will be used for resonance parameters 
 ... ###############################################
 ... #     read the input file tares.inp
 ... ###############################################
 ... line: #
 ... line: # Input file generated by Autorochman
          --> line not read
 ... line: #
 ... line: isotope    Hg
          --> Isotope name: Hg
 ... line: mass       193
          --> isotopic mass: 193
 ... line: output     n-Hg193
         ---> Name of the output files: n-Hg193
 ... line: isomer     0
          --> isomeric state: 0
 ... line: mf32mf33   y
          --> MF33 based on MF32: y
 ... line: nbrRandom  10
          --> Nbr of random files: 10
 ... ###############################################
 ... # end read the input file tares.inp
 ... ###############################################
Value for random generator type not considered in since Tares 1.7 due to compilation issues

 ... ###############################################
     #   Interpretation of the Input definition    #
     ###############################################

 ... Default energy limit: End of resonance region
 ... Nuclear charge    = 80
 ... Element           = Hg
 ... Mass              = 193
 ... Isomer            = 0
 ... Correlation for (Gn,Gg) not included in random files
 ... Default random option: No random
 ... Output name: n-Hg193
 ... Energy for the MACS: 30000 eV
 ... Resonances from CALENDF reduced (reduce=y) 
 ... For URR, level density model from TALYS selected: 91n3n12611.2850 (see manual for description)
 ... Random Generator: default (pseudo random numbers from ansi c++)
 ... Reconstruction of cross section selected
 ... Doppler broadening at 0 Kelvin
 ... URR not included (from the input file flag)
 ... Weight for grouping is flat
 ... Calculation of (n,alpha) cross section selected
 ... Number of digit for MF32c covariance representation: 2
 ... MF32 included
 ... MF33 will be used for covariance processing
 ... TENDL option set to yes (automatic choice of MF2 and format)
 ... Isotope not found in the best file --> use of MLBW formalism
 ... default option: Multi level Breit Wigner approximation selected
 ... (check file best.tendl.yes for changing this option)
 ... Retroactive option set to no with the 2025 option
 ... ladder option set to yes (CALENDF will be used for statistical resonances)

 ... ###############################################
     #           End of Input definition           #
     ###############################################

 ... gnuplot found, will be used for plotting
 ... latex found, will be used for plotting
 ... dvips found, will be used for plotting
 ... ps2epsi not found, limited plotting available
 ... uncertainties on default parameters multiplied by 1.25923
 ... Read resonance data from the 2025 directory
 ... Resonance parameters taken from /Users/koning/tares-1.8/source/Module//../../inputs/2025/Resonance/default/
 ---> Processing Z= 80 and A= 193 and isomer= 0 (level number: 0)
 Exfor path; Could not find /Users/koning/tares-1.8/source/Module//../../inputs/exfor/Hg193/xs/102
Thermal file; Could not open file /Users/koning/tares-1.8/source/Module//../../inputs/2025/runThermal/results//thermal.mxw.ng.cendl3.1
Thermal file; Could not open file /Users/koning/tares-1.8/source/Module//../../inputs/2025/runThermal/results//thermal.mxw.ng.brond3.1
Thermal file; Could not open file /Users/koning/tares-1.8/source/Module//../../inputs/2025/runThermal/results//thermal.xs.ng.unc.cendl3.1
 ... spin taken from the final/ directory (1)

 ... ###############################################
 ... #  Nucleus global parameters (2025 database)  #
 ... ###############################################
 0. Half-life: 3.8 hours
 ... Scattering radius from TALYS: /Users/koning/tares-1.8/source/Module//../../inputs/2025/lib.urr/talys.urr/
 1. Spin of the target isotope: 1.5
 2. Relative Atomic Mass of the target isotope: 192.966
 3. Scattering radius (local compilation): 7.66598 fm +/- 0.160986 fm
      .......................................
      ... Thermal capture cross sections: ...
 4. Thermal (n,g) cross section from systematics: 79.32 +/- 39.66 b.
 5. Thermal (n,g) cross section from compilation (Firestone-2022 average on element Hg): 375 +/- 4 b.
 6. Thermal (n,g) cross section from compilation (Firestone-2022 final on element Hg): 374 +/- 3 b.
 7. Thermal (n,g) cross section from TENDL-2023: 1.676 +/- 0.2729 b.
 8. Thermal (n,g) cross section from JENDL-5.0: 32.61 b.
      .......................................
      ...  Thermal total cross sections:  ...
      .......................................
      ... Thermal elastic cross sections: ...
 9. Thermal (n,el) cross section from JENDL-5.0: 7.88 b.
 10. Thermal (n,el) cross section from potential (4piR^2): 9.6343 +/- 0.481715 b.
      .......................................
             ... Resonance integral: ...
 11. No capture integral found in /Users/koning/tares-1.8/source/Module//../../inputs/capture.integral
 ... no RI(n,g) found in local compilation, take 2018 value.
 ... no RI(n,g) found in local compilation, take Sukhoruchkin value.
   ---- MACS 30 keV ----- 
 12. TALYS MACS 30 keV (HF): 2.03936 b. 
   ---------- S0 -------- 
 13. S0 from TALYS: 1.21814
   ---------- S1 -------- 
 14. S1 from TALYS: 0.447659
   ---------- S2 -------- 
 15. S2 from TALYS: 2.60453
   ---------- D0 -------- 
 16. D0 from TALYS: 0.801805 eV
   ---------- D1 -------- 
 17. D1 from TALYS: 0.412794 eV
   ---------- D2 -------- 
 18. D2 from TALYS: 0.275936 eV
   ---------- G0 -------- 
 19. Gg0 from TALYS: 0.0943241 eV
   ---------- G1 -------- 
 20. Gg1 from TALYS: 0.0927062 eV
   ---------- G2 -------- 
 21. Gg2 from TALYS: 0.093113 eV


   ---------------------- 
 ... Read resonance parameters (format: 2: Multi Level Breit Wigner)
 ... 0 resonances found 
 ... possibly no resonances in the Resonance directory for this isotope and options
 ... Use HFR (ladder) behavior 
 --> 23. Number of resonances from the input file: 2 up to 0.400902 eV
 24. Read nuclear quantities (mass, MAT...)
 25. Read thermal (n,g) xs 
 26. Read the scattering radius 
 27. Read uncertainty on Gg for 2 resonances
 28. Read uncertainty on Gg for 2 resonances ... done
 ... order resonances 
 ... Upper limit for the RRR: 0.400902 eV (no statistical resonances HFR) from the limit.RRR file
 ... Write parameters for l=0 waves
 ... End writing original MF2 
 ... No RRR in the database: uncertainties on default parameters multiplied by 1.99753
 ... Enter in urr function (ladder option set to y) for file n-Hg193
 ... read the file /Users/koning/tares-1.8/source/Module//../../inputs/2025/list.jcs.urr to find URR origin
 Default URR taken from TALYS calculations with level density model: 91n3n12611.2850
 File considered for the URR: /Users/koning/tares-1.8/source/Module//../../inputs/2025/lib.urr/talys.urr/91n3n12611.2850/Hg/urr/urr.dat.Hg.193.000.0.gz
 ... Write URR using TALYS average parameters (used for HFR)
 ... Limit of URR changed to 25 keV (recommendation from WPEC and JEFF)
 ... Extract the Sn value from file ./urr.dat.Hg.193.0.0
 ... found Sn= 9.1931 MeV
 ... estimated number of resonances up to 195.126 eV:  243.358 resonances
 ... This is a test here. The higher energy limit to include URR data for calendf is set to max Sn. 24/03/2016
 ... Use Sn to define the maximum energy for the URR: Sn= 9.1931 MeV --> last_energyURR= 195.126 eV
 ... read D0, S0, Gn and Gg
 ... number of URR energies: 1507
 Number of l: 1507 and last energy: 11
 Last  URR energy: 195.126 eV
 ... Enter in to_MLBW_mf2 function
 ... Convert to Multi Level Breit Wigner (MLBW)
 ... Write parameter covariances (MF32) for l=0
 ... Convert parameter covariances (MF32) to MLBW
 ... copy the mf2 and mf32 to .mlbw files
 ... Enter in urr_correct function case 1
 Modify the higher limit of RRR in MF2
 --> old value: 4.029070-1 eV new value: 1.000000-2 eV
 Modify resonance covariances (MF32) to include correlations in the URR
 End Modify resonance covariances (MF32) to include correlations in the URR
 ... Enter in calendf_xs function
 Use CALENDF for statistical resonances (update MF2) up to 1.951260+2 eV (initial limit)
 Extract resonances from CALENDF for RRR->URR 2
 892 statistical resonances found
 After reduction, 731 statistical resonances found
 ... checking resonance order 1
 ... checking resonance order 2nd round for 729 resonances
 ... end checking resonance order 2nd round
 Too many resonances (729): reduced to 100.
 .......................................................
 ... Adjustment to the thermal cross section : start ...
 .......................................................

 Before adjustment (adjustment to the thermal cross section set to y)
 ... Import MF2 from TARES calculations
 ... End energy of TARES MF2 : 4.254212E+1 eV and limit to 40000 resonances
 ... File used for reconstruction: new.temp22.reconst
 ... run RECENT ...
 ... Doppler broadened at a unique temperature: 300 Kelvin using sigma1
 ... run SIGMA1 at 3.000000E+02 K.

 ============== INTER values at 300 Kelvin ==============
 Thermal (n,g) xs =  206.006 b. (meas/sys: 79.32 b.) (warning: comparison to be done at 296 or 300 K)
 Th Maxw (n,g) xs =  207.12 b. (thermal Maxwellian value)
 Westcott factor  =  1.00539
 RI      (n,g)    =  1040.43 b. (meas or sys: - b.)
 MACS 3.000e+04 eV=  1.9621 b. (meas or sys: - b.) from 1.00E+00 to 2.00E+07 eV (end of RRR) at T= 300 Kelvin 
 Thermal (n,el) xs=  5.66566 b.
 RI      (n,el)   =  42.1422 b.
 ============= PSYCHE values ==============
 Ave. G_total L0  =  0.0937929 eV
 Ave. G_total L1  =  0.0911723 eV
 Ave. Gn_0    L0  =  0.000206803
 Ave. Gn_0    L1  =  0.000204428
 Ave. Gg      L0  =  0.0928662 eV
 Ave. Gg      L1  =  0.0911722 eV
 Ave. D       L0  =  0.773493 eV
 Ave. D       L1  =  1.57563 eV
 Ave. S       L0  =  0.000130634 eV
 Ave. S       L1  =  1.96088e-05 eV
 =========================================
 Calculated capture integral   1040.43 b.
 Calculated thermal (n,g)=          206.005728 b. and recommended= 79.32 b. (C/E= 2.59715)
 Calculated RI      (n,g)= 1040.43 b. (no reference value)
 ... tolerances: thermal (n,g) 20 % (reference uncertainties, minimum 2% and 5%, maximum 20%)
 Adjust the capture widths ...
 ... capture adjusted with Gn for 100 resonances (Gn<Gg) and with Gg for 0 resonances
 ... iteration 0: C/E thermal (n,g)= 2.59715

 <-------- After adjustment -------->
 ... Import MF2 from TARES calculations
 ... End energy of TARES MF2 : 4.254212E+1 eV and limit to 40000 resonances
 ... File used for reconstruction: new.temp22.reconst
 ... run RECENT ...
 ... Doppler broadened at a unique temperature: 300 Kelvin using sigma1
 ... run SIGMA1 at 3.000000E+02 K.

 ============== INTER values at 300 Kelvin ==============
 Thermal (n,g) xs =  93.598 b. (meas/sys: 79.32 b.) (warning: comparison to be done at 296 or 300 K)
 Th Maxw (n,g) xs =  94.103 b. (thermal Maxwellian value)
 Westcott factor  =  1.00539
 RI      (n,g)    =  552.332 b. (meas or sys: - b.)
 MACS 3.000e+04 eV=  1.962 b. (meas or sys: - b.) from 1.00E+00 to 2.00E+07 eV (end of RRR) at T= 300 Kelvin 
 Thermal (n,el) xs=  6.58126 b.
 RI      (n,el)   =  32.9895 b.
 ============= PSYCHE values ==============
 Ave. G_total L0  =  0.0932872 eV
 Ave. G_total L1  =  0.0911723 eV
 Ave. Gn_0    L0  =  9.39597e-05
 Ave. Gn_0    L1  =  9.28807e-05
 Ave. Gg      L0  =  0.0928662 eV
 Ave. Gg      L1  =  0.0911722 eV
 Ave. D       L0  =  0.773493 eV
 Ave. D       L1  =  1.57563 eV
 Ave. S       L0  =  5.93528e-05 eV
 Ave. S       L1  =  8.90918e-06 eV
 =========================================
 ... iteration 1: C/E thermal (n,g)= 1.18001


 ... ratio C/E thermal (n,g): 1.180005E+00
 ...................................................... 
 ... Adjustment to the thermal cross section : stop ...
 ...................................................... 
 ... new MF2 file after adjustment: n-Hg193
 ... read the file /Users/koning/tares-1.8/source/Module//../../inputs/2025/list.jcs.urr to find URR origin
 Default URR taken from TALYS calculations with level density model: 91n3n12611.2850
 File considered for the URR: /Users/koning/tares-1.8/source/Module//../../inputs/2025/lib.urr/talys.urr/91n3n12611.2850/Hg/urr/urr.dat.Hg.193.000.0.gz
 ... Write URR using TALYS average parameters (not used for HFR)
 ... Limit of URR changed to 25 keV (recommendation from WPEC and JEFF)
 ... read D0, S0, Gn and Gg
 ... number of URR energies: 1298
 Number of l: 1298 and last energy: 11
 Last  URR energy: 39114.9 eV
 Energies in the URR : 1298 -> reduced by a factor 2
 Energies in the URR : 682 -> reduced by a factor 2
 Energies in the URR : 374 -> reduced by a factor 2
 ... Enter in urr_correct function case 2
 Modify the higher limit of RRR in MF2
 --> old value: 4.254212+1 eV new value: 4.254212+1 eV
 Modify resonance covariances (MF32) to include correlations in the URR
 End Modify resonance covariances (MF32) to include correlations in the URR
 ... Enter in update_MF32 function
 ... Change uncertainties
 ... for the HFR, random position of the positive resonances with 0.020000 %
 ... end of update MF32 function
 ... GLS calculation of the parameter correlations from the thermal/RI adjustment (MF32c)
 ... MF32: correlations from the thermal/RI adjustment (GLS) for 7 resonances (10 widths), 10 correlation lines
 ...   thermal (n,g): uncertainty from these widths 19.8512 b. -> 17.7517 b. (reference: 79.32 +/- 39.66 b.)
 ... copy the mf2 and mf32 to .mlbw files

 ... Start of final reconstruction and testing ...
 ... Reconstruction of cross sections at 0 Kelvin  ... Import MF2 from TARES calculations
 ... End energy of TARES MF2 : 4.254212E+1 eV and limit to 40000 resonances
 ... File used for reconstruction: n-Hg193.reconst
 ... run RECENT ...
 ... Doppler broadened at a unique temperature: 0 Kelvin using sigma1
 ... The keyword temperature is zero, no Doppler broadening for the MACS

 ============== INTER values at 0 Kelvin ==============
 Thermal (n,g) xs =  93.5678 b. (meas/sys: 79.32 b.) (warning: comparison to be done at 296 or 300 K)
 Th Maxw (n,g) xs =  93.556 b. (thermal Maxwellian value)
 Westcott factor  =  0.99988
 RI      (n,g)    =  550.896 b. (meas or sys: - b.)
 MACS 3.000e+04 eV=  1.9513 b. (meas or sys: - b.) from 1.00E+00 to 4.25E+01 eV (end of RRR) at T= 0 Kelvin 
 Thermal (n,el) xs=  6.5642 b.
 RI      (n,el)   =  32.9401 b.
 ============= PSYCHE values ==============
 Ave. G_total L0  =  0.0932872 eV
 Ave. G_total L1  =  0.0911723 eV
 Ave. Gn_0    L0  =  9.39597e-05
 Ave. Gn_0    L1  =  9.28807e-05
 Ave. Gg      L0  =  0.0928662 eV
 Ave. Gg      L1  =  0.0911722 eV
 Ave. D       L0  =  0.773493 eV
 Ave. D       L1  =  1.57563 eV
 Ave. S       L0  =  5.93528e-05 eV
 Ave. S       L1  =  8.90918e-06 eV
 =========================================
 ... End of final reconstruction and testing ...

 ... grouping is not optimum, change to 70 groups
 ... Produce MF33 based on MF32 and 10 random files
 ... run endsam for 10 in groups of 1 global run
 ... run endsam from 1 to 10
 ... reorder resonance position after endsam (sampling)
 ... preparing the vectors  ... done
 ... nominal file 0 Cap(th)  ave= 9.357E+01 b. +/- 0.00 % || Ela(th) ave= 6.564E+00 b. +/- 0.00 % || RIcap ave= 4.13E+02 b. +/- 0.00 % || Macs30 ave= 5.66E+01 b. +/- 0.00 % || Gn^0(l=0) ave= 9.396E-05 +/- 0.00 % Gn^0(l=1) ave= 9.288E-05 +/- 0.00 % Gn^0(l=2) ave= 0.000E+00 +/- 0.00 % Gn^0(l=3) ave= 0.000E+00 +/- 0.00 % || Gtotal(l=0) ave= 9.329E-02 +/- 0.00 % Gtotal(l=1) ave= 9.117E-02 +/- 0.00 % Gtotal(l=2) ave= 0.000E+00 +/- 0.00 % Gtotal(l=3) ave= 0.000E+00 +/- 0.00 %  % || Gg(l=0) ave= 9.287E-02 +/- 0.00 % Gg(l=1) ave= 9.117E-02 +/- 0.00 % Gg(l=2) ave= 0.000E+00 +/- 0.00 % Gg(l=3) ave= 0.000E+00 +/- 0.00 %  % || D(l=0) ave= 7.735E-01 +/- 0.00 % D(l=1) ave= 1.576E+00 +/- 0.00 % D(l=2) ave= 0.000E+00 +/- 0.00 % D(l=3) ave= 0.000E+00 +/- 0.00 %  % || S(l=0) ave= 5.935E-05 +/- 0.00 % S(l=1) ave= 8.909E-06 +/- 0.00 % S(l=2) ave= 0.000E+00 +/- 0.00 % S(l=3) ave= 0.000E+00 +/- 0.00 % 
 ... random file  1 Cap(th)  ave= 9.150E+01 b. +/- 2.26 % || Ela(th) ave= 6.339E+00 b. +/- 3.56 % || RIcap ave= 4.12E+02 b. +/- 0.16 % || Macs30 ave= 5.64E+01 b. +/- 0.33 % || Gn^0(l=0) ave= 9.471E-05 +/- 0.79 % Gn^0(l=1) ave= 9.611E-05 +/- 3.36 % Gn^0(l=2) ave= 0.000E+00 +/- 0.00 % Gn^0(l=3) ave= 0.000E+00 +/- 0.00 % || Gtotal(l=0) ave= 9.330E-02 +/- 0.01 % Gtotal(l=1) ave= 9.117E-02 +/- 0.00 % Gtotal(l=2) ave= 0.000E+00 +/- 0.00 % Gtotal(l=3) ave= 0.000E+00 +/- 0.00 %  % || Gg(l=0) ave= 8.697E-02 +/- 6.78 % Gg(l=1) ave= 8.551E-02 +/- 6.63 % Gg(l=2) ave= 0.000E+00 +/- 0.00 % Gg(l=3) ave= 0.000E+00 +/- 0.00 %  % || D(l=0) ave= 7.807E-01 +/- 0.92 % D(l=1) ave= 1.576E+00 +/- 0.00 % D(l=2) ave= 0.000E+00 +/- 0.00 % D(l=3) ave= 0.000E+00 +/- 0.00 %  % || S(l=0) ave= 5.927E-05 +/- 0.14 % S(l=1) ave= 9.219E-06 +/- 3.36 % S(l=2) ave= 0.000E+00 +/- 0.00 % S(l=3) ave= 0.000E+00 +/- 0.00 % 
 ... random file  2 Cap(th)  ave= 8.518E+01 b. +/- 10.68 % || Ela(th) ave= 6.407E+00 b. +/- 3.25 % || RIcap ave= 4.11E+02 b. +/- 0.35 % || Macs30 ave= 5.65E+01 b. +/- 0.46 % || Gn^0(l=0) ave= 9.497E-05 +/- 0.75 % Gn^0(l=1) ave= 9.513E-05 +/- 3.14 % Gn^0(l=2) ave= 0.000E+00 +/- 0.00 % Gn^0(l=3) ave= 0.000E+00 +/- 0.00 % || Gtotal(l=0) ave= 9.330E-02 +/- 0.01 % Gtotal(l=1) ave= 9.117E-02 +/- 0.00 % Gtotal(l=2) ave= 0.000E+00 +/- 0.00 % Gtotal(l=3) ave= 0.000E+00 +/- 0.00 %  % || Gg(l=0) ave= 9.028E-02 +/- 7.44 % Gg(l=1) ave= 8.383E-02 +/- 6.20 % Gg(l=2) ave= 0.000E+00 +/- 0.00 % Gg(l=3) ave= 0.000E+00 +/- 0.00 %  % || D(l=0) ave= 7.830E-01 +/- 0.86 % D(l=1) ave= 1.576E+00 +/- 0.00 % D(l=2) ave= 0.000E+00 +/- 0.00 % D(l=3) ave= 0.000E+00 +/- 0.00 %  % || S(l=0) ave= 5.923E-05 +/- 0.14 % S(l=1) ave= 9.125E-06 +/- 3.14 % S(l=2) ave= 0.000E+00 +/- 0.00 % S(l=3) ave= 0.000E+00 +/- 0.00 % 
 ... random file  3 Cap(th)  ave= 8.790E+01 b. +/- 10.44 % || Ela(th) ave= 6.473E+00 b. +/- 3.29 % || RIcap ave= 4.12E+02 b. +/- 0.57 % || Macs30 ave= 5.64E+01 b. +/- 0.50 % || Gn^0(l=0) ave= 9.498E-05 +/- 0.65 % Gn^0(l=1) ave= 9.422E-05 +/- 3.21 % Gn^0(l=2) ave= 0.000E+00 +/- 0.00 % Gn^0(l=3) ave= 0.000E+00 +/- 0.00 % || Gtotal(l=0) ave= 9.330E-02 +/- 0.01 % Gtotal(l=1) ave= 9.117E-02 +/- 0.00 % Gtotal(l=2) ave= 0.000E+00 +/- 0.00 % Gtotal(l=3) ave= 0.000E+00 +/- 0.00 %  % || Gg(l=0) ave= 9.444E-02 +/- 9.81 % Gg(l=1) ave= 8.792E-02 +/- 9.55 % Gg(l=2) ave= 0.000E+00 +/- 0.00 % Gg(l=3) ave= 0.000E+00 +/- 0.00 %  % || D(l=0) ave= 7.842E-01 +/- 0.79 % D(l=1) ave= 1.576E+00 +/- 0.00 % D(l=2) ave= 0.000E+00 +/- 0.00 % D(l=3) ave= 0.000E+00 +/- 0.00 %  % || S(l=0) ave= 5.916E-05 +/- 0.25 % S(l=1) ave= 9.038E-06 +/- 3.21 % S(l=2) ave= 0.000E+00 +/- 0.00 % S(l=3) ave= 0.000E+00 +/- 0.00 % 
 ... random file  4 Cap(th)  ave= 8.784E+01 b. +/- 9.35 % || Ela(th) ave= 6.523E+00 b. +/- 3.30 % || RIcap ave= 4.13E+02 b. +/- 0.73 % || Macs30 ave= 5.66E+01 b. +/- 0.73 % || Gn^0(l=0) ave= 9.492E-05 +/- 0.60 % Gn^0(l=1) ave= 9.350E-05 +/- 3.28 % Gn^0(l=2) ave= 0.000E+00 +/- 0.00 % Gn^0(l=3) ave= 0.000E+00 +/- 0.00 % || Gtotal(l=0) ave= 9.330E-02 +/- 0.01 % Gtotal(l=1) ave= 9.117E-02 +/- 0.00 % Gtotal(l=2) ave= 0.000E+00 +/- 0.00 % Gtotal(l=3) ave= 0.000E+00 +/- 0.00 %  % || Gg(l=0) ave= 9.427E-02 +/- 8.80 % Gg(l=1) ave= 8.846E-02 +/- 8.58 % Gg(l=2) ave= 0.000E+00 +/- 0.00 % Gg(l=3) ave= 0.000E+00 +/- 0.00 %  % || D(l=0) ave= 7.821E-01 +/- 0.90 % D(l=1) ave= 1.576E+00 +/- 0.00 % D(l=2) ave= 0.000E+00 +/- 0.00 % D(l=3) ave= 0.000E+00 +/- 0.00 %  % || S(l=0) ave= 5.928E-05 +/- 0.47 % S(l=1) ave= 8.969E-06 +/- 3.28 % S(l=2) ave= 0.000E+00 +/- 0.00 % S(l=3) ave= 0.000E+00 +/- 0.00 % 
 ... random file  5 Cap(th)  ave= 8.585E+01 b. +/- 10.15 % || Ela(th) ave= 6.602E+00 b. +/- 4.01 % || RIcap ave= 4.12E+02 b. +/- 1.03 % || Macs30 ave= 5.65E+01 b. +/- 0.75 % || Gn^0(l=0) ave= 9.465E-05 +/- 0.84 % Gn^0(l=1) ave= 9.249E-05 +/- 3.89 % Gn^0(l=2) ave= 0.000E+00 +/- 0.00 % Gn^0(l=3) ave= 0.000E+00 +/- 0.00 % || Gtotal(l=0) ave= 9.330E-02 +/- 0.01 % Gtotal(l=1) ave= 9.117E-02 +/- 0.00 % Gtotal(l=2) ave= 0.000E+00 +/- 0.00 % Gtotal(l=3) ave= 0.000E+00 +/- 0.00 %  % || Gg(l=0) ave= 9.401E-02 +/- 8.08 % Gg(l=1) ave= 9.242E-02 +/- 12.17 % Gg(l=2) ave= 0.000E+00 +/- 0.00 % Gg(l=3) ave= 0.000E+00 +/- 0.00 %  % || D(l=0) ave= 7.807E-01 +/- 0.92 % D(l=1) ave= 1.576E+00 +/- 0.00 % D(l=2) ave= 0.000E+00 +/- 0.00 % D(l=3) ave= 0.000E+00 +/- 0.00 %  % || S(l=0) ave= 5.923E-05 +/- 0.47 % S(l=1) ave= 8.872E-06 +/- 3.89 % S(l=2) ave= 0.000E+00 +/- 0.00 % S(l=3) ave= 0.000E+00 +/- 0.00 % 
 ... random file  6 Cap(th)  ave= 8.758E+01 b. +/- 10.40 % || Ela(th) ave= 6.539E+00 b. +/- 4.43 % || RIcap ave= 4.12E+02 b. +/- 0.96 % || Macs30 ave= 5.64E+01 b. +/- 0.72 % || Gn^0(l=0) ave= 9.450E-05 +/- 0.88 % Gn^0(l=1) ave= 9.337E-05 +/- 4.25 % Gn^0(l=2) ave= 0.000E+00 +/- 0.00 % Gn^0(l=3) ave= 0.000E+00 +/- 0.00 % || Gtotal(l=0) ave= 9.330E-02 +/- 0.01 % Gtotal(l=1) ave= 9.117E-02 +/- 0.00 % Gtotal(l=2) ave= 0.000E+00 +/- 0.00 % Gtotal(l=3) ave= 0.000E+00 +/- 0.00 %  % || Gg(l=0) ave= 9.448E-02 +/- 7.54 % Gg(l=1) ave= 9.406E-02 +/- 11.87 % Gg(l=2) ave= 0.000E+00 +/- 0.00 % Gg(l=3) ave= 0.000E+00 +/- 0.00 %  % || D(l=0) ave= 7.796E-01 +/- 0.91 % D(l=1) ave= 1.576E+00 +/- 0.00 % D(l=2) ave= 0.000E+00 +/- 0.00 % D(l=3) ave= 0.000E+00 +/- 0.00 %  % || S(l=0) ave= 5.923E-05 +/- 0.43 % S(l=1) ave= 8.956E-06 +/- 4.24 % S(l=2) ave= 0.000E+00 +/- 0.00 % S(l=3) ave= 0.000E+00 +/- 0.00 % 
 ... random file  7 Cap(th)  ave= 9.038E+01 b. +/- 12.49 % || Ela(th) ave= 6.536E+00 b. +/- 4.14 % || RIcap ave= 4.12E+02 b. +/- 0.90 % || Macs30 ave= 5.63E+01 b. +/- 0.87 % || Gn^0(l=0) ave= 9.440E-05 +/- 0.86 % Gn^0(l=1) ave= 9.340E-05 +/- 3.97 % Gn^0(l=2) ave= 0.000E+00 +/- 0.00 % Gn^0(l=3) ave= 0.000E+00 +/- 0.00 % || Gtotal(l=0) ave= 9.330E-02 +/- 0.01 % Gtotal(l=1) ave= 9.117E-02 +/- 0.00 % Gtotal(l=2) ave= 0.000E+00 +/- 0.00 % Gtotal(l=3) ave= 0.000E+00 +/- 0.00 %  % || Gg(l=0) ave= 9.441E-02 +/- 7.06 % Gg(l=1) ave= 9.214E-02 +/- 12.61 % Gg(l=2) ave= 0.000E+00 +/- 0.00 % Gg(l=3) ave= 0.000E+00 +/- 0.00 %  % || D(l=0) ave= 7.789E-01 +/- 0.89 % D(l=1) ave= 1.576E+00 +/- 0.00 % D(l=2) ave= 0.000E+00 +/- 0.00 % D(l=3) ave= 0.000E+00 +/- 0.00 %  % || S(l=0) ave= 5.924E-05 +/- 0.41 % S(l=1) ave= 8.959E-06 +/- 3.97 % S(l=2) ave= 0.000E+00 +/- 0.00 % S(l=3) ave= 0.000E+00 +/- 0.00 % 
 ... random file  8 Cap(th)  ave= 9.076E+01 b. +/- 11.79 % || Ela(th) ave= 6.576E+00 b. +/- 4.24 % || RIcap ave= 4.13E+02 b. +/- 0.99 % || Macs30 ave= 5.64E+01 b. +/- 0.87 % || Gn^0(l=0) ave= 9.438E-05 +/- 0.81 % Gn^0(l=1) ave= 9.288E-05 +/- 4.09 % Gn^0(l=2) ave= 0.000E+00 +/- 0.00 % Gn^0(l=3) ave= 0.000E+00 +/- 0.00 % || Gtotal(l=0) ave= 9.329E-02 +/- 0.01 % Gtotal(l=1) ave= 9.117E-02 +/- 0.00 % Gtotal(l=2) ave= 0.000E+00 +/- 0.00 % Gtotal(l=3) ave= 0.000E+00 +/- 0.00 %  % || Gg(l=0) ave= 9.444E-02 +/- 6.65 % Gg(l=1) ave= 9.099E-02 +/- 12.56 % Gg(l=2) ave= 0.000E+00 +/- 0.00 % Gg(l=3) ave= 0.000E+00 +/- 0.00 %  % || D(l=0) ave= 7.783E-01 +/- 0.87 % D(l=1) ave= 1.576E+00 +/- 0.00 % D(l=2) ave= 0.000E+00 +/- 0.00 % D(l=3) ave= 0.000E+00 +/- 0.00 %  % || S(l=0) ave= 5.927E-05 +/- 0.42 % S(l=1) ave= 8.909E-06 +/- 4.08 % S(l=2) ave= 0.000E+00 +/- 0.00 % S(l=3) ave= 0.000E+00 +/- 0.00 % 
 ... random file  9 Cap(th)  ave= 9.319E+01 b. +/- 13.42 % || Ela(th) ave= 6.551E+00 b. +/- 4.19 % || RIcap ave= 4.13E+02 b. +/- 1.05 % || Macs30 ave= 5.64E+01 b. +/- 0.83 % || Gn^0(l=0) ave= 9.452E-05 +/- 0.88 % Gn^0(l=1) ave= 9.319E-05 +/- 3.99 % Gn^0(l=2) ave= 0.000E+00 +/- 0.00 % Gn^0(l=3) ave= 0.000E+00 +/- 0.00 % || Gtotal(l=0) ave= 9.330E-02 +/- 0.01 % Gtotal(l=1) ave= 9.117E-02 +/- 0.00 % Gtotal(l=2) ave= 0.000E+00 +/- 0.00 % Gtotal(l=3) ave= 0.000E+00 +/- 0.00 %  % || Gg(l=0) ave= 9.380E-02 +/- 6.67 % Gg(l=1) ave= 8.999E-02 +/- 12.50 % Gg(l=2) ave= 0.000E+00 +/- 0.00 % Gg(l=3) ave= 0.000E+00 +/- 0.00 %  % || D(l=0) ave= 7.792E-01 +/- 0.90 % D(l=1) ave= 1.576E+00 +/- 0.00 % D(l=2) ave= 0.000E+00 +/- 0.00 % D(l=3) ave= 0.000E+00 +/- 0.00 %  % || S(l=0) ave= 5.928E-05 +/- 0.40 % S(l=1) ave= 8.939E-06 +/- 3.99 % S(l=2) ave= 0.000E+00 +/- 0.00 % S(l=3) ave= 0.000E+00 +/- 0.00 % 
 ... random file  10 Cap(th)  ave= 9.382E+01 b. +/- 12.88 % || Ela(th) ave= 6.538E+00 b. +/- 4.05 % || RIcap ave= 4.13E+02 b. +/- 1.01 % || Macs30 ave= 5.64E+01 b. +/- 0.84 % || Gn^0(l=0) ave= 9.446E-05 +/- 0.87 % Gn^0(l=1) ave= 9.333E-05 +/- 3.83 % Gn^0(l=2) ave= 0.000E+00 +/- 0.00 % Gn^0(l=3) ave= 0.000E+00 +/- 0.00 % || Gtotal(l=0) ave= 9.330E-02 +/- 0.01 % Gtotal(l=1) ave= 9.117E-02 +/- 0.00 % Gtotal(l=2) ave= 0.000E+00 +/- 0.00 % Gtotal(l=3) ave= 0.000E+00 +/- 0.00 %  % || Gg(l=0) ave= 9.401E-02 +/- 6.39 % Gg(l=1) ave= 9.120E-02 +/- 12.49 % Gg(l=2) ave= 0.000E+00 +/- 0.00 % Gg(l=3) ave= 0.000E+00 +/- 0.00 %  % || D(l=0) ave= 7.787E-01 +/- 0.88 % D(l=1) ave= 1.576E+00 +/- 0.00 % D(l=2) ave= 0.000E+00 +/- 0.00 % D(l=3) ave= 0.000E+00 +/- 0.00 %  % || S(l=0) ave= 5.928E-05 +/- 0.38 % S(l=1) ave= 8.953E-06 +/- 3.83 % S(l=2) ave= 0.000E+00 +/- 0.00 % S(l=3) ave= 0.000E+00 +/- 0.00 % 
 ... Histogram plot for thermal (n,g)
 ... Write covariances  ... MT1  ... plot correlations
 ... MT2  ... MT102 


 ================================================
 ============== From 10 random values === start ======
 Thermal (n,tot) xs  0 K =  100.36 b. +/- 11.981 b. ( 11.9381 %) skew= -0.08 +/- 0.66
 Thermal (n,el) xs   0 K =  6.53824 b. +/- 0.264821 b. ( 4.05034 %) skew= +0.03 +/- 0.66
 Thermal (n,g) xs    0 K =  93.8213 b. +/- 12.0875 b. ( 12.8835 %) skew= -0.08 +/- 0.66
 RI      (n,g)       0 K =  413.199 b. +/- 4.16369 b. ( 1.00767 %) 
 MACS    (n,g)       0 K (at Emacs= 30000 eV) =  56.3713 b. +/- 0.473926 b. ( 0.840723 %) 
 Ave. Gtotal  L=0        =  9.330E-02 +/- 0.01 %
 Ave. Gn^(0)  L=0        =  9.446E-05 +/- 0.87 %
 Ave. Gg      L=0        =  9.401E-02 +/- 6.39 %
 Ave. D       L=0        =  7.787E-01 +/- 0.88 %
 Ave. S       L=0        =  5.928E-05 +/- 0.38 %
 Ave. Gtotal  L=1        =  9.117E-02 +/- 0.00 %
 Ave. Gg      L=1        =  9.120E-02 +/- 12.49 %
 Ave. D       L=1        =  1.576E+00 +/- 0.00 %
 Ave. S       L=1        =  8.953E-06 +/- 3.83 %

 Expected Thermal (n,g) (syst or meas)= 79.32 b. +/- 39.66 b. nominal: 93.5678 b.
 ratio Calculated/expected thermal (n,g): 1.18 ratio DCalculated/Dexpected: 0.30 ratio Calculated/Nominal: 1.00
 ============== From 10 random values ===== stop ======
 ================================================
 ... Calculation of (n,a) and (n,p) cross sections at 300 K
 ... thermal (n,a) cross section is 1.89916e-10 +/- 9.49582e-11 b.
 ... thermal (n,a) cross section is 0 b. (random case 1)
 ... thermal (n,a) cross section is 0 b. (random case 2)
 ... thermal (n,a) cross section is 0 b. (random case 3)
 ... thermal (n,a) cross section is 0 b. (random case 4)
 ... thermal (n,a) cross section is 0 b. (random case 5)
 ... thermal (n,a) cross section is 0 b. (random case 6)
 ... thermal (n,a) cross section is 0 b. (random case 7)
 ... thermal (n,a) cross section is 0 b. (random case 8)
 ... thermal (n,a) cross section is 0 b. (random case 9)
 ... thermal (n,a) cross section is 0 b. (random case 10)
 ... thermal (n,p) cross section is 1.89916e-10 +/- 9.49582e-11 b.
 ... thermal (n,p) cross section is 0 b. (random case 1)
 ... thermal (n,p) cross section is 0 b. (random case 2)
 ... thermal (n,p) cross section is 0 b. (random case 3)
 ... thermal (n,p) cross section is 0 b. (random case 4)
 ... thermal (n,p) cross section is 0 b. (random case 5)
 ... thermal (n,p) cross section is 0 b. (random case 6)
 ... thermal (n,p) cross section is 0 b. (random case 7)
 ... thermal (n,p) cross section is 0 b. (random case 8)
 ... thermal (n,p) cross section is 0 b. (random case 9)
 ... thermal (n,p) cross section is 0 b. (random case 10)
 ... Rewrite index for MF2
 ... Write text for MF1 in file mf1.tares.txt
 ... plotting cross sections for the MF1
 ... order output files


================== summary ==================
 Thermal (n,tot) xs = 100.132 b. 
 Thermal (n,el)  xs = 6.5642 b. 
 Thermal (n,g)   xs = 93.5678 b. (meas/sys: 79.32 b.)
 At 300 K (thermal adjustment): (n,el) = 6.58126 b., (n,g) = 93.598 b.

 RI      (n,g)      = 550.896 b. (meas or sys: - b.)
 RI      (n,el)     = 32.9401 b.
=============================================


 ... cleaning
                                                 
  -------------------------------------------------------------
  -                                                           -
  - TARES: successful end of run with data from hypothetical  -
  - resonances for  Z= 80, A= 193 and isomer= 0               -
  - half-life: 3.800000 hours
  -                                                           -
  -------------------------------------------------------------

   Running time:       15 seconds

 End time: Wed Oct  7 09:53:06 2026

