
  -------------------------------------------------------------
  -                                                           -
  -              Welcome to TARES version 1.8                 -
  -                                                           -
  -  (C) Copyright 2007-2025 D. Rochman, All Rights Reserved  -
  -           NRG, Petten, the Netherlands 2007-2014          -
  -           PSI, Villigen    Switzerland 2015-2025          -
  -         Nagra, Wettingen   Switzerland 2025-              -
  -           (Last Modified October 06, 2026)                -
  -           (Database from October 06, 2026)                -
  -                                                           -
  -------------------------------------------------------------


  ---------------------------------------------
   Compilation information:
   Compiled on:         Oct  7 2026, 09:32:19
   Compiled by:         koning
   Compiler version:    clang++ - 21.0.0
   Source location:     /Users/koning/tares-1.8/source/Module/
   Binaries location:   /Users/koning/bin
   System:              Darwin 25.6.0
   System version:      Darwin Kernel Version 25.6.0: Fri Jul 31 19:19:08 PDT 2026; root:xnu-12377.161.14~5/RELEASE_ARM64_T6050  
   Machine:             arm64 
  ---------------------------------------------

   User information:
   User name:           koning
   Running directory:   /Users/koning/tendl/resbase/Tl199/work
   Owner mode for running directory : rwx
   Group mode for running directory : r-x
  ---------------------------------------------


 Starting time: Wed Oct  7 11:21:25 2026
 ... inputs directory found (/Users/koning/tares-1.8/source/Module//../../inputs/).
 ... It will be used for resonance parameters 
 ... ###############################################
 ... #     read the input file tares.inp
 ... ###############################################
 ... line: #
 ... line: # Input file generated by Autorochman
          --> line not read
 ... line: #
 ... line: isotope    Tl
          --> Isotope name: Tl
 ... line: mass       199
          --> isotopic mass: 199
 ... line: output     n-Tl199
         ---> Name of the output files: n-Tl199
 ... line: isomer     0
          --> isomeric state: 0
 ... line: mf32mf33   y
          --> MF33 based on MF32: y
 ... line: nbrRandom  10
          --> Nbr of random files: 10
 ... ###############################################
 ... # end read the input file tares.inp
 ... ###############################################
Value for random generator type not considered in since Tares 1.7 due to compilation issues

 ... ###############################################
     #   Interpretation of the Input definition    #
     ###############################################

 ... Default energy limit: End of resonance region
 ... Nuclear charge    = 81
 ... Element           = Tl
 ... Mass              = 199
 ... Isomer            = 0
 ... Correlation for (Gn,Gg) not included in random files
 ... Default random option: No random
 ... Output name: n-Tl199
 ... Energy for the MACS: 30000 eV
 ... Resonances from CALENDF reduced (reduce=y) 
 ... For URR, level density model from TALYS selected: 91n3n12611.2850 (see manual for description)
 ... Random Generator: default (pseudo random numbers from ansi c++)
 ... Reconstruction of cross section selected
 ... Doppler broadening at 0 Kelvin
 ... URR not included (from the input file flag)
 ... Weight for grouping is flat
 ... Calculation of (n,alpha) cross section selected
 ... Number of digit for MF32c covariance representation: 2
 ... MF32 included
 ... MF33 will be used for covariance processing
 ... TENDL option set to yes (automatic choice of MF2 and format)
 ... Isotope not found in the best file --> use of MLBW formalism
 ... default option: Multi level Breit Wigner approximation selected
 ... (check file best.tendl.yes for changing this option)
 ... Retroactive option set to no with the 2025 option
 ... ladder option set to yes (CALENDF will be used for statistical resonances)

 ... ###############################################
     #           End of Input definition           #
     ###############################################

 ... gnuplot found, will be used for plotting
 ... latex found, will be used for plotting
 ... dvips found, will be used for plotting
 ... ps2epsi not found, limited plotting available
 ... uncertainties on default parameters multiplied by 1.3732
 ... Read resonance data from the 2025 directory
 ... Resonance parameters taken from /Users/koning/tares-1.8/source/Module//../../inputs/2025/Resonance/default/
 ---> Processing Z= 81 and A= 199 and isomer= 0 (level number: 0)
 Exfor path; Could not find /Users/koning/tares-1.8/source/Module//../../inputs/exfor/Tl199/xs/102
Thermal file; Could not open file /Users/koning/tares-1.8/source/Module//../../inputs/2025/runThermal/results//thermal.mxw.ng.cendl3.1
Thermal file; Could not open file /Users/koning/tares-1.8/source/Module//../../inputs/2025/runThermal/results//thermal.mxw.ng.brond3.1
Thermal file; Could not open file /Users/koning/tares-1.8/source/Module//../../inputs/2025/runThermal/results//thermal.xs.ng.unc.cendl3.1
 ... spin taken from the final/ directory (1)

 ... ###############################################
 ... #  Nucleus global parameters (2025 database)  #
 ... ###############################################
 0. Half-life: 7.41944 hours
 ... Scattering radius from TALYS: /Users/koning/tares-1.8/source/Module//../../inputs/2025/lib.urr/talys.urr/
 1. Spin of the target isotope: 0.5
 2. Relative Atomic Mass of the target isotope: 198.969
 3. Scattering radius (local compilation): 7.74382 fm +/- 0.16262 fm
      .......................................
      ... Thermal capture cross sections: ...
 4. Thermal (n,g) cross section from systematics: 32.18 +/- 16.09 b.
 5. Thermal (n,g) cross section from compilation (Firestone-2022 average on element Tl): 3.4 +/- 0.4 b.
 6. Thermal (n,g) cross section from compilation (Firestone-2022 final on element Tl): 3.44 +/- 0.06 b.
 7. Thermal (n,g) cross section from TENDL-2023: 32.25 +/- 15.21 b.
      .......................................
      ...  Thermal total cross sections:  ...
      .......................................
      ... Thermal elastic cross sections: ...
 8. Thermal (n,el) cross section from potential (4piR^2): 9.73212 +/- 0.486606 b.
      .......................................
             ... Resonance integral: ...
 9. No capture integral found in /Users/koning/tares-1.8/source/Module//../../inputs/capture.integral
 ... no RI(n,g) found in local compilation, take 2018 value.
 ... no RI(n,g) found in local compilation, take Sukhoruchkin value.
   ---- MACS 30 keV ----- 
 10. TALYS MACS 30 keV (HF): 0.666997 b. 
   ---------- S0 -------- 
 11. S0 from TALYS: 0.977431
   ---------- S1 -------- 
 12. S1 from TALYS: 0.470024
   ---------- S2 -------- 
 13. S2 from TALYS: 1.90002
   ---------- D0 -------- 
 14. D0 from TALYS: 25.4089 eV
   ---------- D1 -------- 
 15. D1 from TALYS: 11.6069 eV
   ---------- D2 -------- 
 16. D2 from TALYS: 7.27518 eV
   ---------- G0 -------- 
 17. Gg0 from TALYS: 0.205344 eV
   ---------- G1 -------- 
 18. Gg1 from TALYS: 0.184845 eV
   ---------- G2 -------- 
 19. Gg2 from TALYS: 0.192864 eV


   ---------------------- 
 ... Read resonance parameters (format: 2: Multi Level Breit Wigner)
 ... 0 resonances found 
 ... possibly no resonances in the Resonance directory for this isotope and options
 ... Use HFR (ladder) behavior 
 --> 21. Number of resonances from the input file: 2 up to 12.7045 eV
 22. Read nuclear quantities (mass, MAT...)
 23. Read thermal (n,g) xs 
 24. Read the scattering radius 
 25. Read uncertainty on Gg for 2 resonances
 26. Read uncertainty on Gg for 2 resonances ... done
 ... order resonances 
 ... Upper limit for the RRR: 12.7045 eV (no statistical resonances HFR) from the limit.RRR file
 ... Write parameters for l=0 waves
 ... End writing original MF2 
 ... No RRR in the database: uncertainties on default parameters multiplied by 1.99753
 ... Enter in urr function (ladder option set to y) for file n-Tl199
 ... read the file /Users/koning/tares-1.8/source/Module//../../inputs/2025/list.jcs.urr to find URR origin
 Default URR taken from TALYS calculations with level density model: 91n3n12611.2850
 File considered for the URR: /Users/koning/tares-1.8/source/Module//../../inputs/2025/lib.urr/talys.urr/91n3n12611.2850/Tl/urr/urr.dat.Tl.199.000.0.gz
 ... Write URR using TALYS average parameters (used for HFR)
 ... Limit of URR changed to 25 keV (recommendation from WPEC and JEFF)
 ... Extract the Sn value from file ./urr.dat.Tl.199.0.0
 ... found Sn= 7.05915 MeV
 ... estimated number of resonances up to 4013.52 eV:  157.957 resonances
 ... This is a test here. The higher energy limit to include URR data for calendf is set to max Sn. 24/03/2016
 ... Use Sn to define the maximum energy for the URR: Sn= 7.05915 MeV --> last_energyURR= 4013.52 eV
 ... read D0, S0, Gn and Gg
 ... number of URR energies: 1576
 Number of l: 1576 and last energy: 8
 Last  URR energy: 4013.52 eV
 ... Enter in to_MLBW_mf2 function
 ... Convert to Multi Level Breit Wigner (MLBW)
 ... Write parameter covariances (MF32) for l=0
 ... Convert parameter covariances (MF32) to MLBW
 ... copy the mf2 and mf32 to .mlbw files
 ... Enter in urr_correct function case 1
 Modify the higher limit of RRR in MF2
 --> old value: 1.276798+1 eV new value: 1.000000-2 eV
 Modify resonance covariances (MF32) to include correlations in the URR
 End Modify resonance covariances (MF32) to include correlations in the URR
 ... Enter in calendf_xs function
 Use CALENDF for statistical resonances (update MF2) up to 4.013520+3 eV (initial limit)
 Extract resonances from CALENDF for RRR->URR 2
 1099 statistical resonances found
 After reduction, 821 statistical resonances found
 ... checking resonance order 1
 ... checking resonance order 2nd round for 819 resonances
 ... end checking resonance order 2nd round
 Too many resonances (819): reduced to 100.
 .......................................................
 ... Adjustment to the thermal cross section : start ...
 .......................................................

 Before adjustment (adjustment to the thermal cross section set to y)
 ... Import MF2 from TARES calculations
 ... End energy of TARES MF2 : 8.565038E+2 eV and limit to 40000 resonances
 ... File used for reconstruction: new.temp22.reconst
 ... run RECENT ...
 ... Doppler broadened at a unique temperature: 300 Kelvin using sigma1
 ... run SIGMA1 at 3.000000E+02 K.

 ============== INTER values at 300 Kelvin ==============
 Thermal (n,g) xs =  96.1563 b. (meas/sys: 32.18 b.) (warning: comparison to be done at 296 or 300 K)
 Th Maxw (n,g) xs =  96.21 b. (thermal Maxwellian value)
 Westcott factor  =  1.00056
 RI      (n,g)    =  184.257 b. (meas or sys: - b.)
 MACS 3.000e+04 eV=  0.65952 b. (meas or sys: - b.) from 1.00E+00 to 2.00E+07 eV (end of RRR) at T= 300 Kelvin 
 Thermal (n,el) xs=  8.12501 b.
 RI      (n,el)   =  113.972 b.
 ============= PSYCHE values ==============
 Ave. G_total L0  =  0.296955 eV
 Ave. G_total L1  =  0.17844 eV
 Ave. G_total L2  =  0.18293 eV
 Ave. Gn_0    L0  =  0.00580413
 Ave. Gn_0    L1  =  0.0026285
 Ave. Gn_0    L2  =  0.0220274
 Ave. Gg      L0  =  0.195812 eV
 Ave. Gg      L1  =  0.178343 eV
 Ave. Gg      L2  =  0.182929 eV
 Ave. D       L0  =  25.9547 eV
 Ave. D       L1  =  25.9547 eV
 Ave. D       L2  =  61.1788 eV
 Ave. S       L0  =  0.000107231 eV
 Ave. S       L1  =  2.31454e-05 eV
 Ave. S       L2  =  8.14813e-05 eV
 =========================================
 Calculated capture integral   184.257 b.
 Calculated thermal (n,g)=          96.1562542 b. and recommended= 32.18 b. (C/E= 2.98808)
 Calculated RI      (n,g)= 184.257 b. (no reference value)
 ... tolerances: thermal (n,g) 20 % (reference uncertainties, minimum 2% and 5%, maximum 20%)
 Adjust the capture widths ...
 ... capture adjusted with Gn for 95 resonances (Gn<Gg) and with Gg for 5 resonances
 ... iteration 0: C/E thermal (n,g)= 2.98808

 <-------- After adjustment -------->
 ... Import MF2 from TARES calculations
 ... End energy of TARES MF2 : 8.565038E+2 eV and limit to 40000 resonances
 ... File used for reconstruction: new.temp22.reconst
 ... run RECENT ...
 ... Doppler broadened at a unique temperature: 300 Kelvin using sigma1
 ... run SIGMA1 at 3.000000E+02 K.

 ============== INTER values at 300 Kelvin ==============
 Thermal (n,g) xs =  37.9725 b. (meas/sys: 32.18 b.) (warning: comparison to be done at 296 or 300 K)
 Th Maxw (n,g) xs =  37.994 b. (thermal Maxwellian value)
 Westcott factor  =  1.00056
 RI      (n,g)    =  85.9472 b. (meas or sys: - b.)
 MACS 3.000e+04 eV=  0.65751 b. (meas or sys: - b.) from 1.00E+00 to 2.00E+07 eV (end of RRR) at T= 300 Kelvin 
 Thermal (n,el) xs=  7.1143 b.
 RI      (n,el)   =  114.584 b.
 ============= PSYCHE values ==============
 Ave. G_total L0  =  0.256737 eV
 Ave. G_total L1  =  0.178381 eV
 Ave. G_total L2  =  0.182929 eV
 Ave. Gn_0    L0  =  0.00455928
 Ave. Gn_0    L1  =  0.001038
 Ave. Gn_0    L2  =  0.00869868
 Ave. Gg      L0  =  0.177982 eV
 Ave. Gg      L1  =  0.178343 eV
 Ave. Gg      L2  =  0.182929 eV
 Ave. D       L0  =  25.9547 eV
 Ave. D       L1  =  25.9547 eV
 Ave. D       L2  =  61.1788 eV
 Ave. S       L0  =  7.82319e-05 eV
 Ave. S       L1  =  9.14019e-06 eV
 Ave. S       L2  =  3.21772e-05 eV
 =========================================
 ... iteration 1: C/E thermal (n,g)= 1.18


 ... ratio C/E thermal (n,g): 1.180002E+00
 ...................................................... 
 ... Adjustment to the thermal cross section : stop ...
 ...................................................... 
 ... new MF2 file after adjustment: n-Tl199
 ... read the file /Users/koning/tares-1.8/source/Module//../../inputs/2025/list.jcs.urr to find URR origin
 Default URR taken from TALYS calculations with level density model: 91n3n12611.2850
 File considered for the URR: /Users/koning/tares-1.8/source/Module//../../inputs/2025/lib.urr/talys.urr/91n3n12611.2850/Tl/urr/urr.dat.Tl.199.000.0.gz
 ... Write URR using TALYS average parameters (not used for HFR)
 ... Limit of URR changed to 25 keV (recommendation from WPEC and JEFF)
 Energy limit of the URR set to 1113.45 eV
 ... read D0, S0, Gn and Gg
 ... number of URR energies: 72
 Number of l: 72 and last energy: 8
 Last  URR energy: 1113.45 eV
 ... Enter in urr_correct function case 2
 Modify the higher limit of RRR in MF2
 --> old value: 8.565038+2 eV new value: 8.565038+2 eV
 Modify resonance covariances (MF32) to include correlations in the URR
 End Modify resonance covariances (MF32) to include correlations in the URR
 ... Enter in update_MF32 function
 ... Change uncertainties
 ... for the HFR, random position of the positive resonances with 0.020000 %
 ... end of update MF32 function
 ... GLS calculation of the parameter correlations from the thermal/RI adjustment (MF32c)
 ... MF32: correlations from the thermal/RI adjustment (GLS) for 4 resonances (8 widths), 4 correlation lines
 ...   thermal (n,g): uncertainty from these widths 19.1385 b. -> 12.3159 b. (reference: 32.18 +/- 16.09 b.)
 ... copy the mf2 and mf32 to .mlbw files

 ... Start of final reconstruction and testing ...
 ... Reconstruction of cross sections at 0 Kelvin  ... Import MF2 from TARES calculations
 ... End energy of TARES MF2 : 8.565038E+2 eV and limit to 40000 resonances
 ... File used for reconstruction: n-Tl199.reconst
 ... run RECENT ...
 ... Doppler broadened at a unique temperature: 0 Kelvin using sigma1
 ... The keyword temperature is zero, no Doppler broadening for the MACS

 ============== INTER values at 0 Kelvin ==============
 Thermal (n,g) xs =  37.9555 b. (meas/sys: 32.18 b.) (warning: comparison to be done at 296 or 300 K)
 Th Maxw (n,g) xs =  37.773 b. (thermal Maxwellian value)
 Westcott factor  =  0.99518
 RI      (n,g)    =  85.8313 b. (meas or sys: - b.)
 MACS 3.000e+04 eV=  0.6535 b. (meas or sys: - b.) from 1.00E+00 to 8.57E+02 eV (end of RRR) at T= 0 Kelvin 
 Thermal (n,el) xs=  7.09614 b.
 RI      (n,el)   =  114.382 b.
 ============= PSYCHE values ==============
 Ave. G_total L0  =  0.256737 eV
 Ave. G_total L1  =  0.178381 eV
 Ave. G_total L2  =  0.182929 eV
 Ave. Gn_0    L0  =  0.00455928
 Ave. Gn_0    L1  =  0.001038
 Ave. Gn_0    L2  =  0.00869868
 Ave. Gg      L0  =  0.177982 eV
 Ave. Gg      L1  =  0.178343 eV
 Ave. Gg      L2  =  0.182929 eV
 Ave. D       L0  =  25.9547 eV
 Ave. D       L1  =  25.9547 eV
 Ave. D       L2  =  61.1788 eV
 Ave. S       L0  =  7.82319e-05 eV
 Ave. S       L1  =  9.14019e-06 eV
 Ave. S       L2  =  3.21772e-05 eV
 =========================================
 ... End of final reconstruction and testing ...

 ... grouping is not optimum, change to 70 groups
 ... Produce MF33 based on MF32 and 10 random files
 ... run endsam for 10 in groups of 1 global run
 ... run endsam from 1 to 10
 ... reorder resonance position after endsam (sampling)
 ... preparing the vectors  ... done
 ... nominal file 0 Cap(th)  ave= 3.796E+01 b. +/- 0.00 % || Ela(th) ave= 7.096E+00 b. +/- 0.00 % || RIcap ave= 7.65E+01 b. +/- 0.00 % || Macs30 ave= 4.88E+00 b. +/- 0.00 % || Gn^0(l=0) ave= 4.559E-03 +/- 0.00 % Gn^0(l=1) ave= 1.038E-03 +/- 0.00 % Gn^0(l=2) ave= 8.699E-03 +/- 0.00 % Gn^0(l=3) ave= 0.000E+00 +/- 0.00 % || Gtotal(l=0) ave= 2.567E-01 +/- 0.00 % Gtotal(l=1) ave= 1.784E-01 +/- 0.00 % Gtotal(l=2) ave= 1.829E-01 +/- 0.00 % Gtotal(l=3) ave= 0.000E+00 +/- 0.00 %  % || Gg(l=0) ave= 1.780E-01 +/- 0.00 % Gg(l=1) ave= 1.783E-01 +/- 0.00 % Gg(l=2) ave= 1.829E-01 +/- 0.00 % Gg(l=3) ave= 0.000E+00 +/- 0.00 %  % || D(l=0) ave= 2.595E+01 +/- 0.00 % D(l=1) ave= 2.595E+01 +/- 0.00 % D(l=2) ave= 6.118E+01 +/- 0.00 % D(l=3) ave= 0.000E+00 +/- 0.00 %  % || S(l=0) ave= 7.823E-05 +/- 0.00 % S(l=1) ave= 9.140E-06 +/- 0.00 % S(l=2) ave= 3.218E-05 +/- 0.00 % S(l=3) ave= 0.000E+00 +/- 0.00 % 
 ... random file  1 Cap(th)  ave= 2.994E+01 b. +/- 26.78 % || Ela(th) ave= 8.303E+00 b. +/- 14.53 % || RIcap ave= 7.19E+01 b. +/- 6.29 % || Macs30 ave= 4.48E+00 b. +/- 9.05 % || Gn^0(l=0) ave= 4.602E-03 +/- 0.93 % Gn^0(l=1) ave= 9.113E-04 +/- 13.91 % Gn^0(l=2) ave= 6.816E-03 +/- 27.63 % Gn^0(l=3) ave= 0.000E+00 +/- 0.00 % || Gtotal(l=0) ave= 2.571E-01 +/- 0.13 % Gtotal(l=1) ave= 1.784E-01 +/- 0.00 % Gtotal(l=2) ave= 1.829E-01 +/- 0.00 % Gtotal(l=3) ave= 0.000E+00 +/- 0.00 %  % || Gg(l=0) ave= 1.587E-01 +/- 12.18 % Gg(l=1) ave= 1.682E-01 +/- 6.03 % Gg(l=2) ave= 1.928E-01 +/- 5.11 % Gg(l=3) ave= 0.000E+00 +/- 0.00 %  % || D(l=0) ave= 2.636E+01 +/- 1.54 % D(l=1) ave= 2.595E+01 +/- 0.00 % D(l=2) ave= 6.118E+01 +/- 0.00 % D(l=3) ave= 0.000E+00 +/- 0.00 %  % || S(l=0) ave= 7.752E-05 +/- 0.92 % S(l=1) ave= 8.024E-06 +/- 13.91 % S(l=2) ave= 2.521E-05 +/- 27.64 % S(l=3) ave= 0.000E+00 +/- 0.00 % 
 ... random file  2 Cap(th)  ave= 2.552E+01 b. +/- 35.44 % || Ela(th) ave= 7.460E+00 b. +/- 20.73 % || RIcap ave= 6.97E+01 b. +/- 7.03 % || Macs30 ave= 4.47E+00 b. +/- 7.40 % || Gn^0(l=0) ave= 4.581E-03 +/- 1.00 % Gn^0(l=1) ave= 1.031E-03 +/- 19.22 % Gn^0(l=2) ave= 8.898E-03 +/- 37.33 % Gn^0(l=3) ave= 0.000E+00 +/- 0.00 % || Gtotal(l=0) ave= 2.570E-01 +/- 0.12 % Gtotal(l=1) ave= 1.784E-01 +/- 0.00 % Gtotal(l=2) ave= 1.829E-01 +/- 0.00 % Gtotal(l=3) ave= 0.000E+00 +/- 0.00 %  % || Gg(l=0) ave= 1.579E-01 +/- 10.01 % Gg(l=1) ave= 1.781E-01 +/- 9.17 % Gg(l=2) ave= 1.916E-01 +/- 4.29 % Gg(l=3) ave= 0.000E+00 +/- 0.00 %  % || D(l=0) ave= 2.623E+01 +/- 1.46 % D(l=1) ave= 2.595E+01 +/- 0.00 % D(l=2) ave= 6.118E+01 +/- 0.00 % D(l=3) ave= 0.000E+00 +/- 0.00 %  % || S(l=0) ave= 7.759E-05 +/- 0.76 % S(l=1) ave= 9.076E-06 +/- 19.22 % S(l=2) ave= 3.291E-05 +/- 37.34 % S(l=3) ave= 0.000E+00 +/- 0.00 % 
 ... random file  3 Cap(th)  ave= 2.599E+01 b. +/- 30.30 % || Ela(th) ave= 7.060E+00 b. +/- 21.35 % || RIcap ave= 7.15E+01 b. +/- 7.37 % || Macs30 ave= 4.62E+00 b. +/- 8.30 % || Gn^0(l=0) ave= 4.602E-03 +/- 1.16 % Gn^0(l=1) ave= 1.086E-03 +/- 18.10 % Gn^0(l=2) ave= 9.835E-03 +/- 33.59 % Gn^0(l=3) ave= 0.000E+00 +/- 0.00 % || Gtotal(l=0) ave= 2.571E-01 +/- 0.13 % Gtotal(l=1) ave= 1.784E-01 +/- 0.00 % Gtotal(l=2) ave= 1.829E-01 +/- 0.00 % Gtotal(l=3) ave= 0.000E+00 +/- 0.00 %  % || Gg(l=0) ave= 1.568E-01 +/- 8.82 % Gg(l=1) ave= 1.842E-01 +/- 9.58 % Gg(l=2) ave= 1.943E-01 +/- 4.40 % Gg(l=3) ave= 0.000E+00 +/- 0.00 %  % || D(l=0) ave= 2.636E+01 +/- 1.54 % D(l=1) ave= 2.595E+01 +/- 0.00 % D(l=2) ave= 6.118E+01 +/- 0.00 % D(l=3) ave= 0.000E+00 +/- 0.00 %  % || S(l=0) ave= 7.751E-05 +/- 0.68 % S(l=1) ave= 9.566E-06 +/- 18.11 % S(l=2) ave= 3.638E-05 +/- 33.59 % S(l=3) ave= 0.000E+00 +/- 0.00 % 
 ... random file  4 Cap(th)  ave= 3.395E+01 b. +/- 51.28 % || Ela(th) ave= 6.698E+00 b. +/- 22.85 % || RIcap ave= 7.34E+01 b. +/- 8.35 % || Macs30 ave= 4.58E+00 b. +/- 7.67 % || Gn^0(l=0) ave= 4.612E-03 +/- 1.13 % Gn^0(l=1) ave= 1.147E-03 +/- 18.65 % Gn^0(l=2) ave= 1.100E-02 +/- 34.20 % Gn^0(l=3) ave= 0.000E+00 +/- 0.00 % || Gtotal(l=0) ave= 2.571E-01 +/- 0.13 % Gtotal(l=1) ave= 1.784E-01 +/- 0.00 % Gtotal(l=2) ave= 1.829E-01 +/- 0.00 % Gtotal(l=3) ave= 0.000E+00 +/- 0.00 %  % || Gg(l=0) ave= 1.612E-01 +/- 9.40 % Gg(l=1) ave= 1.863E-01 +/- 8.75 % Gg(l=2) ave= 1.937E-01 +/- 4.01 % Gg(l=3) ave= 0.000E+00 +/- 0.00 %  % || D(l=0) ave= 2.644E+01 +/- 1.50 % D(l=1) ave= 2.595E+01 +/- 0.00 % D(l=2) ave= 6.118E+01 +/- 0.00 % D(l=3) ave= 0.000E+00 +/- 0.00 %  % || S(l=0) ave= 7.736E-05 +/- 0.72 % S(l=1) ave= 1.011E-05 +/- 18.71 % S(l=2) ave= 4.069E-05 +/- 34.21 % S(l=3) ave= 0.000E+00 +/- 0.00 % 
 ... random file  5 Cap(th)  ave= 3.245E+01 b. +/- 50.05 % || Ela(th) ave= 6.454E+00 b. +/- 23.24 % || RIcap ave= 7.35E+01 b. +/- 7.62 % || Macs30 ave= 4.58E+00 b. +/- 7.01 % || Gn^0(l=0) ave= 4.603E-03 +/- 1.12 % Gn^0(l=1) ave= 1.188E-03 +/- 18.14 % Gn^0(l=2) ave= 1.178E-02 +/- 32.68 % Gn^0(l=3) ave= 0.000E+00 +/- 0.00 % || Gtotal(l=0) ave= 2.571E-01 +/- 0.13 % Gtotal(l=1) ave= 1.784E-01 +/- 0.00 % Gtotal(l=2) ave= 1.829E-01 +/- 0.00 % Gtotal(l=3) ave= 0.000E+00 +/- 0.00 %  % || Gg(l=0) ave= 1.677E-01 +/- 11.97 % Gg(l=1) ave= 1.815E-01 +/- 10.11 % Gg(l=2) ave= 1.920E-01 +/- 4.14 % Gg(l=3) ave= 0.000E+00 +/- 0.00 %  % || D(l=0) ave= 2.636E+01 +/- 1.54 % D(l=1) ave= 2.595E+01 +/- 0.00 % D(l=2) ave= 6.118E+01 +/- 0.00 % D(l=3) ave= 0.000E+00 +/- 0.00 %  % || S(l=0) ave= 7.755E-05 +/- 0.86 % S(l=1) ave= 1.047E-05 +/- 18.19 % S(l=2) ave= 4.356E-05 +/- 32.68 % S(l=3) ave= 0.000E+00 +/- 0.00 % 
 ... random file  6 Cap(th)  ave= 3.378E+01 b. +/- 45.55 % || Ela(th) ave= 6.240E+00 b. +/- 23.80 % || RIcap ave= 7.38E+01 b. +/- 7.08 % || Macs30 ave= 4.54E+00 b. +/- 6.88 % || Gn^0(l=0) ave= 4.612E-03 +/- 1.14 % Gn^0(l=1) ave= 1.228E-03 +/- 18.10 % Gn^0(l=2) ave= 1.258E-02 +/- 32.34 % Gn^0(l=3) ave= 0.000E+00 +/- 0.00 % || Gtotal(l=0) ave= 2.571E-01 +/- 0.13 % Gtotal(l=1) ave= 1.784E-01 +/- 0.00 % Gtotal(l=2) ave= 1.829E-01 +/- 0.00 % Gtotal(l=3) ave= 0.000E+00 +/- 0.00 %  % || Gg(l=0) ave= 1.657E-01 +/- 11.61 % Gg(l=1) ave= 1.796E-01 +/- 9.81 % Gg(l=2) ave= 1.936E-01 +/- 4.28 % Gg(l=3) ave= 0.000E+00 +/- 0.00 %  % || D(l=0) ave= 2.642E+01 +/- 1.52 % D(l=1) ave= 2.595E+01 +/- 0.00 % D(l=2) ave= 6.118E+01 +/- 0.00 % D(l=3) ave= 0.000E+00 +/- 0.00 %  % || S(l=0) ave= 7.752E-05 +/- 0.80 % S(l=1) ave= 1.082E-05 +/- 18.13 % S(l=2) ave= 4.652E-05 +/- 32.34 % S(l=3) ave= 0.000E+00 +/- 0.00 % 
 ... random file  7 Cap(th)  ave= 3.417E+01 b. +/- 42.23 % || Ela(th) ave= 6.060E+00 b. +/- 24.22 % || RIcap ave= 7.46E+01 b. +/- 7.11 % || Macs30 ave= 4.60E+00 b. +/- 7.20 % || Gn^0(l=0) ave= 4.603E-03 +/- 1.18 % Gn^0(l=1) ave= 1.264E-03 +/- 18.08 % Gn^0(l=2) ave= 1.332E-02 +/- 32.14 % Gn^0(l=3) ave= 0.000E+00 +/- 0.00 % || Gtotal(l=0) ave= 2.571E-01 +/- 0.13 % Gtotal(l=1) ave= 1.784E-01 +/- 0.00 % Gtotal(l=2) ave= 1.829E-01 +/- 0.00 % Gtotal(l=3) ave= 0.000E+00 +/- 0.00 %  % || Gg(l=0) ave= 1.703E-01 +/- 12.77 % Gg(l=1) ave= 1.809E-01 +/- 9.31 % Gg(l=2) ave= 1.880E-01 +/- 8.91 % Gg(l=3) ave= 0.000E+00 +/- 0.00 %  % || D(l=0) ave= 2.636E+01 +/- 1.54 % D(l=1) ave= 2.595E+01 +/- 0.00 % D(l=2) ave= 6.118E+01 +/- 0.00 % D(l=3) ave= 0.000E+00 +/- 0.00 %  % || S(l=0) ave= 7.756E-05 +/- 0.76 % S(l=1) ave= 1.113E-05 +/- 18.10 % S(l=2) ave= 4.927E-05 +/- 32.14 % S(l=3) ave= 0.000E+00 +/- 0.00 % 
 ... random file  8 Cap(th)  ave= 3.209E+01 b. +/- 46.17 % || Ela(th) ave= 6.331E+00 b. +/- 24.99 % || RIcap ave= 7.49E+01 b. +/- 6.75 % || Macs30 ave= 4.60E+00 b. +/- 6.79 % || Gn^0(l=0) ave= 4.613E-03 +/- 1.25 % Gn^0(l=1) ave= 1.219E-03 +/- 20.40 % Gn^0(l=2) ave= 1.252E-02 +/- 36.98 % Gn^0(l=3) ave= 0.000E+00 +/- 0.00 % || Gtotal(l=0) ave= 2.571E-01 +/- 0.13 % Gtotal(l=1) ave= 1.784E-01 +/- 0.00 % Gtotal(l=2) ave= 1.829E-01 +/- 0.00 % Gtotal(l=3) ave= 0.000E+00 +/- 0.00 %  % || Gg(l=0) ave= 1.714E-01 +/- 12.10 % Gg(l=1) ave= 1.792E-01 +/- 9.28 % Gg(l=2) ave= 1.886E-01 +/- 8.43 % Gg(l=3) ave= 0.000E+00 +/- 0.00 %  % || D(l=0) ave= 2.641E+01 +/- 1.53 % D(l=1) ave= 2.595E+01 +/- 0.00 % D(l=2) ave= 6.118E+01 +/- 0.00 % D(l=3) ave= 0.000E+00 +/- 0.00 %  % || S(l=0) ave= 7.756E-05 +/- 0.71 % S(l=1) ave= 1.075E-05 +/- 20.42 % S(l=2) ave= 4.631E-05 +/- 36.98 % S(l=3) ave= 0.000E+00 +/- 0.00 % 
 ... random file  9 Cap(th)  ave= 3.335E+01 b. +/- 43.65 % || Ela(th) ave= 6.502E+00 b. +/- 24.39 % || RIcap ave= 7.47E+01 b. +/- 6.43 % || Macs30 ave= 4.62E+00 b. +/- 6.53 % || Gn^0(l=0) ave= 4.603E-03 +/- 1.35 % Gn^0(l=1) ave= 1.190E-03 +/- 21.22 % Gn^0(l=2) ave= 1.195E-02 +/- 39.44 % Gn^0(l=3) ave= 0.000E+00 +/- 0.00 % || Gtotal(l=0) ave= 2.571E-01 +/- 0.13 % Gtotal(l=1) ave= 1.784E-01 +/- 0.00 % Gtotal(l=2) ave= 1.829E-01 +/- 0.00 % Gtotal(l=3) ave= 0.000E+00 +/- 0.00 %  % || Gg(l=0) ave= 1.722E-01 +/- 11.52 % Gg(l=1) ave= 1.761E-01 +/- 10.35 % Gg(l=2) ave= 1.885E-01 +/- 8.01 % Gg(l=3) ave= 0.000E+00 +/- 0.00 %  % || D(l=0) ave= 2.636E+01 +/- 1.54 % D(l=1) ave= 2.595E+01 +/- 0.00 % D(l=2) ave= 6.118E+01 +/- 0.00 % D(l=3) ave= 0.000E+00 +/- 0.00 %  % || S(l=0) ave= 7.758E-05 +/- 0.68 % S(l=1) ave= 1.048E-05 +/- 21.24 % S(l=2) ave= 4.420E-05 +/- 39.44 % S(l=3) ave= 0.000E+00 +/- 0.00 % 
 ... random file  10 Cap(th)  ave= 3.338E+01 b. +/- 41.58 % || Ela(th) ave= 6.790E+00 b. +/- 26.00 % || RIcap ave= 7.43E+01 b. +/- 6.49 % || Macs30 ave= 4.62E+00 b. +/- 6.24 % || Gn^0(l=0) ave= 4.598E-03 +/- 1.33 % Gn^0(l=1) ave= 1.152E-03 +/- 23.32 % Gn^0(l=2) ave= 1.130E-02 +/- 43.72 % Gn^0(l=3) ave= 0.000E+00 +/- 0.00 % || Gtotal(l=0) ave= 2.570E-01 +/- 0.13 % Gtotal(l=1) ave= 1.784E-01 +/- 0.00 % Gtotal(l=2) ave= 1.829E-01 +/- 0.00 % Gtotal(l=3) ave= 0.000E+00 +/- 0.00 %  % || Gg(l=0) ave= 1.741E-01 +/- 11.41 % Gg(l=1) ave= 1.784E-01 +/- 10.55 % Gg(l=2) ave= 1.882E-01 +/- 7.66 % Gg(l=3) ave= 0.000E+00 +/- 0.00 %  % || D(l=0) ave= 2.632E+01 +/- 1.53 % D(l=1) ave= 2.595E+01 +/- 0.00 % D(l=2) ave= 6.118E+01 +/- 0.00 % D(l=3) ave= 0.000E+00 +/- 0.00 %  % || S(l=0) ave= 7.761E-05 +/- 0.66 % S(l=1) ave= 1.015E-05 +/- 23.35 % S(l=2) ave= 4.180E-05 +/- 43.72 % S(l=3) ave= 0.000E+00 +/- 0.00 % 
 ... Histogram plot for thermal (n,g)
 ... Write covariances  ... MT1  ... plot correlations
 ... MT2  ... MT102 


 ================================================
 ============== From 10 random values === start ======
 Thermal (n,tot) xs  0 K =  40.1706 b. +/- 13.447 b. ( 33.4747 %) skew= +0.75 +/- 0.66
 Thermal (n,el) xs   0 K =  6.79022 b. +/- 1.76527 b. ( 25.9973 %) skew= +0.46 +/- 0.66
 Thermal (n,g) xs    0 K =  33.3804 b. +/- 13.8794 b. ( 41.5794 %) skew= +0.80 +/- 0.66
 RI      (n,g)       0 K =  74.2764 b. +/- 4.81818 b. ( 6.48683 %) 
 MACS    (n,g)       0 K (at Emacs= 30000 eV) =  4.61815 b. +/- 0.288279 b. ( 6.2423 %) 
 Ave. Gtotal  L=0        =  2.570E-01 +/- 0.13 %
 Ave. Gn^(0)  L=0        =  4.598E-03 +/- 1.33 %
 Ave. Gg      L=0        =  1.741E-01 +/- 11.41 %
 Ave. D       L=0        =  2.632E+01 +/- 1.53 %
 Ave. S       L=0        =  7.761E-05 +/- 0.66 %
 Ave. Gtotal  L=1        =  1.784E-01 +/- 0.00 %
 Ave. Gn^(1)  L=1        =  1.152E-03 +/- 23.32 %
 Ave. Gg      L=1        =  1.784E-01 +/- 10.55 %
 Ave. D       L=1        =  2.595E+01 +/- 0.00 %
 Ave. S       L=1        =  1.015E-05 +/- 23.35 %
 Ave. Gtotal  L=2        =  1.829E-01 +/- 0.00 %
 Ave. Gn^(2)  L=2        =  1.130E-02 +/- 43.72 %
 Ave. Gg      L=2        =  1.882E-01 +/- 7.66 %
 Ave. D       L=2        =  6.118E+01 +/- 0.00 %
 Ave. S       L=2        =  4.180E-05 +/- 43.72 %

 Expected Thermal (n,g) (syst or meas)= 32.18 b. +/- 16.09 b. nominal: 37.9555 b.
 ratio Calculated/expected thermal (n,g): 1.04 ratio DCalculated/Dexpected: 0.86 ratio Calculated/Nominal: 0.88
 ============== From 10 random values ===== stop ======
 ================================================
 ... Calculation of (n,a) and (n,p) cross sections at 300 K
 ... thermal (n,a) cross section is 7.44839e-11 +/- 3.7242e-11 b.
 ... thermal (n,a) cross section is 0 b. (random case 1)
 ... thermal (n,a) cross section is 0 b. (random case 2)
 ... thermal (n,a) cross section is 0 b. (random case 3)
 ... thermal (n,a) cross section is 0 b. (random case 4)
 ... thermal (n,a) cross section is 0 b. (random case 5)
 ... thermal (n,a) cross section is 0 b. (random case 6)
 ... thermal (n,a) cross section is 0 b. (random case 7)
 ... thermal (n,a) cross section is 0 b. (random case 8)
 ... thermal (n,a) cross section is 0 b. (random case 9)
 ... thermal (n,a) cross section is 0 b. (random case 10)
 ... thermal (n,p) cross section is 7.44839e-11 +/- 3.7242e-11 b.
 ... thermal (n,p) cross section is 0 b. (random case 1)
 ... thermal (n,p) cross section is 0 b. (random case 2)
 ... thermal (n,p) cross section is 0 b. (random case 3)
 ... thermal (n,p) cross section is 0 b. (random case 4)
 ... thermal (n,p) cross section is 0 b. (random case 5)
 ... thermal (n,p) cross section is 0 b. (random case 6)
 ... thermal (n,p) cross section is 0 b. (random case 7)
 ... thermal (n,p) cross section is 0 b. (random case 8)
 ... thermal (n,p) cross section is 0 b. (random case 9)
 ... thermal (n,p) cross section is 0 b. (random case 10)
 ... Rewrite index for MF2
 ... Write text for MF1 in file mf1.tares.txt
 ... plotting cross sections for the MF1
 ... order output files


================== summary ==================
 Thermal (n,tot) xs = 45.0516 b. 
 Thermal (n,el)  xs = 7.09614 b. 
 Thermal (n,g)   xs = 37.9555 b. (meas/sys: 32.18 b.)
 At 300 K (thermal adjustment): (n,el) = 7.1143 b., (n,g) = 37.9725 b.

 RI      (n,g)      = 85.8313 b. (meas or sys: - b.)
 RI      (n,el)     = 114.382 b.
=============================================


 ... cleaning
                                                 
  -------------------------------------------------------------
  -                                                           -
  - TARES: successful end of run with data from hypothetical  -
  - resonances for  Z= 81, A= 199 and isomer= 0               -
  - half-life: 7.419445 hours
  -                                                           -
  -------------------------------------------------------------

   Running time:       23 seconds

 End time: Wed Oct  7 11:21:48 2026

