
  -------------------------------------------------------------
  -                                                           -
  -              Welcome to TARES version 1.8                 -
  -                                                           -
  -  (C) Copyright 2007-2025 D. Rochman, All Rights Reserved  -
  -           NRG, Petten, the Netherlands 2007-2014          -
  -           PSI, Villigen    Switzerland 2015-2025          -
  -         Nagra, Wettingen   Switzerland 2025-              -
  -           (Last Modified October 06, 2026)                -
  -           (Database from October 06, 2026)                -
  -                                                           -
  -------------------------------------------------------------


  ---------------------------------------------
   Compilation information:
   Compiled on:         Oct  8 2026, 18:36:06
   Compiled by:         koning
   Compiler version:    clang++ - 21.0.0
   Source location:     /Users/koning/tares-1.8/source/Module/
   Binaries location:   /Users/koning/bin
   System:              Darwin 25.6.0
   System version:      Darwin Kernel Version 25.6.0: Fri Jul 31 19:19:08 PDT 2026; root:xnu-12377.161.14~5/RELEASE_ARM64_T6050  
   Machine:             arm64 
  ---------------------------------------------

   User information:
   User name:           koning
   Running directory:   /Users/koning/tendl/resbase/Co065/work
   Owner mode for running directory : rwx
   Group mode for running directory : r-x
  ---------------------------------------------


 Starting time: Fri Oct  9 13:57:32 2026
 ... inputs directory found (/Users/koning/tares-1.8/source/Module//../../inputs/).
 ... It will be used for resonance parameters 
 ... ###############################################
 ... #     read the input file tares.inp
 ... ###############################################
 ... line: #
 ... line: # Input file generated by Autorochman
          --> line not read
 ... line: #
 ... line: isotope    Co
          --> Isotope name: Co
 ... line: mass       65
          --> isotopic mass: 65
 ... line: output     n-Co065
         ---> Name of the output files: n-Co065
 ... line: isomer     0
          --> isomeric state: 0
 ... line: mf32mf33   y
          --> MF33 based on MF32: y
 ... line: nbrRandom  6
          --> Nbr of random files: 6
 ... ###############################################
 ... # end read the input file tares.inp
 ... ###############################################
Value for random generator type not considered in since Tares 1.7 due to compilation issues

 ... ###############################################
     #   Interpretation of the Input definition    #
     ###############################################

 ... Default energy limit: End of resonance region
 ... Nuclear charge    = 27
 ... Element           = Co
 ... Mass              = 65
 ... Isomer            = 0
 ... Correlation for (Gn,Gg) not included in random files
 ... Default random option: No random
 ... Output name: n-Co065
 ... Energy for the MACS: 30000 eV
 ... Resonances from CALENDF reduced (reduce=y) 
 ... For URR, level density model from TALYS selected: 91n3n12611.2850 (see manual for description)
 ... Random Generator: default (pseudo random numbers from ansi c++)
 ... Reconstruction of cross section selected
 ... Doppler broadening at 0 Kelvin
 ... URR not included (from the input file flag)
 ... Weight for grouping is flat
 ... Calculation of (n,alpha) cross section selected
 ... Number of digit for MF32c covariance representation: 2
 ... MF32 included
 ... MF33 will be used for covariance processing
 ... TENDL option set to yes (automatic choice of MF2 and format)
 ... Isotope not found in the best file --> use of MLBW formalism
 ... default option: Multi level Breit Wigner approximation selected
 ... (check file best.tendl.yes for changing this option)
 ... Retroactive option set to no with the 2025 option
 ... ladder option set to yes (CALENDF will be used for statistical resonances)

 ... ###############################################
     #           End of Input definition           #
     ###############################################

 ... gnuplot found, will be used for plotting
 ... latex found, will be used for plotting
 ... dvips found, will be used for plotting
 ... ps2epsi not found, limited plotting available
 ... uncertainties on default parameters multiplied by 1.24766
 ... Read resonance data from the 2025 directory
 ... Resonance parameters taken from /Users/koning/tares-1.8/source/Module//../../inputs/2025/Resonance/default/
 ---> Processing Z= 27 and A= 65 and isomer= 0 (level number: 0)
 Exfor path; Could not find /Users/koning/tares-1.8/source/Module//../../inputs/exfor/Co065/xs/102
Thermal file; Could not open file /Users/koning/tares-1.8/source/Module//../../inputs/2025/runThermal/results//thermal.mxw.ng.cendl3.1
Thermal file; Could not open file /Users/koning/tares-1.8/source/Module//../../inputs/2025/runThermal/results//thermal.mxw.ng.brond3.1
Thermal file; Could not open file /Users/koning/tares-1.8/source/Module//../../inputs/2025/runThermal/results//thermal.xs.ng.unc.cendl3.1
 ... spin taken from the final/ directory (1)

 ... ###############################################
 ... #  Nucleus global parameters (2025 database)  #
 ... ###############################################
 0. Half-life: 1.16 sec. 
 ... Scattering radius from TALYS: /Users/koning/tares-1.8/source/Module//../../inputs/2025/lib.urr/talys.urr/
 1. Spin of the target isotope: 3.5
 2. Relative Atomic Mass of the target isotope: 64.9364
 3. Scattering radius (local compilation): 5.35297 fm +/- 0.128471 fm
      .......................................
      ... Thermal capture cross sections: ...
 4. Thermal (n,g) cross section from systematics (TALYS, urr.dat): 2.57666 +/- 2.19016 b.
 5. Thermal (n,g) cross section from compilation (Firestone-2022 average on element Co): 37.2 +/- 0.3 b.
 6. Thermal (n,g) cross section from compilation (Firestone-2022 final on element Co): 37.18 +/- 0.06 b.
 7. Thermal (n,g) cross section from TENDL-2023: 2.577 b.
      .......................................
      ...  Thermal total cross sections:  ...
      .......................................
      ... Thermal elastic cross sections: ...
 8. Thermal (n,el) cross section from potential (4piR^2): 6.7274 +/- 0.33637 b.
      .......................................
             ... Resonance integral: ...
 9. No capture integral found in /Users/koning/tares-1.8/source/Module//../../inputs/capture.integral
 ... no RI(n,g) found in local compilation, take 2018 value.
 ... no RI(n,g) found in local compilation, take Sukhoruchkin value.
   ---- MACS 30 keV ----- 
 10. TALYS MACS 30 keV (HF): 0.0127818 b. 
   ---------- S0 -------- 
 11. S0 from TALYS: 3.29262
   ---------- S1 -------- 
 12. S1 from TALYS: 0.604709
   ---------- S2 -------- 
 13. S2 from TALYS: 5.25729
   ---------- D0 -------- 
 14. D0 from TALYS: 953.804 eV
   ---------- D1 -------- 
 15. D1 from TALYS: 511.222 eV
   ---------- D2 -------- 
 16. D2 from TALYS: 383.46 eV
   ---------- G0 -------- 
 17. Gg0 from TALYS: 0.0568994 eV
   ---------- G1 -------- 
 18. Gg1 from TALYS: 0.0570685 eV
   ---------- G2 -------- 
 19. Gg2 from TALYS: 0.0687849 eV


   ---------------------- 
 ... Read resonance parameters (format: 2: Multi Level Breit Wigner)
 ... 0 resonances found 
 ... possibly no resonances in the Resonance directory for this isotope and options
 ... Use HFR (ladder) behavior 
 --> 21. Number of resonances from the input file: 2 up to 476.902 eV
 22. Read nuclear quantities (mass, MAT...)
 23. Read thermal (n,g) xs 
 24. Read the scattering radius 
 25. Read uncertainty on Gg for 2 resonances
 26. Read uncertainty on Gg for 2 resonances ... done
 ... order resonances 
 ... Upper limit for the RRR: 476.902 eV (no statistical resonances HFR) from the limit.RRR file
 ... Write parameters for l=0 waves
 ... End writing original MF2 
 ... No RRR in the database: uncertainties on default parameters multiplied by 1.99753
 ... Enter in urr function (ladder option set to y) for file n-Co065
 ... read the file /Users/koning/tares-1.8/source/Module//../../inputs/2025/list.jcs.urr to find URR origin
 Default URR taken from TALYS calculations with level density model: 91n3n12611.2850
 File considered for the URR: /Users/koning/tares-1.8/source/Module//../../inputs/2025/lib.urr/talys.urr/91n3n12611.2850/Co/urr/urr.dat.Co.065.000.0.gz
 ... Write URR using TALYS average parameters (used for HFR)
 ... Limit of URR changed to 25 keV (recommendation from WPEC and JEFF)
 ... ---> Emax(RRR) taken from the file limit.ladder: 1000 eV <---
 ... (File limit.ladder: /Users/koning/tares-1.8/source/Module//../../inputs/2025/limit.ladder.91n3n12611.2850)
 ... read D0, S0, Gn and Gg
 ... number of URR energies: 2124
 Number of l: 2124 and last energy: 12
 Last  URR energy: 1000 eV
 ... Enter in to_MLBW_mf2 function
 ... Convert to Multi Level Breit Wigner (MLBW)
 ... Write parameter covariances (MF32) for l=0
 ... Convert parameter covariances (MF32) to MLBW
 ... copy the mf2 and mf32 to .mlbw files
 ... Enter in urr_correct function case 1
 Modify the higher limit of RRR in MF2
 --> old value: 4.792864+2 eV new value: 1.000000-2 eV
 Modify resonance covariances (MF32) to include correlations in the URR
 End Modify resonance covariances (MF32) to include correlations in the URR
 ... Enter in calendf_xs function
 Use CALENDF for statistical resonances (update MF2) up to 1.000000+3 eV (initial limit)
 Extract resonances from CALENDF for RRR->URR 2
 20 statistical resonances found
 After reduction, 18 statistical resonances found
 ... checking resonance order 1
 ... checking resonance order 2nd round for 14 resonances
 ... end checking resonance order 2nd round
 .......................................................
 ... Adjustment to the thermal cross section : start ...
 .......................................................

 Before adjustment (adjustment to the thermal cross section set to y)
 ... Import MF2 from TARES calculations
 ... End energy of TARES MF2 : 2.612491E+2 eV and limit to 40000 resonances
 ... File used for reconstruction: new.temp22.reconst
 ... run RECENT ...
 ... Doppler broadened at a unique temperature: 300 Kelvin using sigma1
 ... run SIGMA1 at 3.000000E+02 K.

 ============== INTER values at 300 Kelvin ==============
 Thermal (n,g) xs =  2.07851 b. (meas/sys: 2.57666 b.) (warning: comparison to be done at 296 or 300 K)
 Th Maxw (n,g) xs =  2.0906 b. (thermal Maxwellian value)
 Westcott factor  =  1.00582
 RI      (n,g)    =  2.28019 b. (meas or sys: - b.)
 MACS 3.000e+04 eV=  0.012829 b. (meas or sys: - b.) from 1.00E+00 to 2.00E+07 eV (end of RRR) at T= 300 Kelvin 
 Thermal (n,el) xs=  5.00806 b.
 RI      (n,el)   =  257.361 b.
 ============= PSYCHE values ==============
 Ave. G_total L0  =  16.206 eV
 Ave. G_total L1  =  0.053366 eV
 Ave. Gn_0    L0  =  0.999128
 Ave. Gn_0    L1  =  0.0740987
 Ave. Gg      L0  =  0.0569099 eV
 Ave. Gg      L1  =  0.0530718 eV
 Ave. D       L0  =  0 eV
 Ave. D       L1  =  0 eV
 Ave. S       L0  =  0.437118 eV
 Ave. S       L1  =  0.0324182 eV
 =========================================
 Calculated capture integral   2.28019 b.
 ... ratio C/E thermal (n,g): 8.066699E-01
 ...................................................... 
 ... Adjustment to the thermal cross section : stop ...
 ...................................................... 
 ... new MF2 file after adjustment: n-Co065
 ... read the file /Users/koning/tares-1.8/source/Module//../../inputs/2025/list.jcs.urr to find URR origin
 Default URR taken from TALYS calculations with level density model: 91n3n12611.2850
 File considered for the URR: /Users/koning/tares-1.8/source/Module//../../inputs/2025/lib.urr/talys.urr/91n3n12611.2850/Co/urr/urr.dat.Co.065.000.0.gz
 ... Write URR using TALYS average parameters (not used for HFR)
 ... Limit of URR changed to 25 keV (recommendation from WPEC and JEFF)
 Energy limit of the URR set to 339.624 eV
 ... read D0, S0, Gn and Gg
 ... number of URR energies: 36
 Number of l: 36 and last energy: 12
 Last  URR energy: 339.624 eV
 ... Enter in urr_correct function case 2
 Modify the higher limit of RRR in MF2
 --> old value: 2.612491+2 eV new value: 2.612491+2 eV
 Modify resonance covariances (MF32) to include correlations in the URR
 End Modify resonance covariances (MF32) to include correlations in the URR
 ... Enter in update_MF32 function
 ... Change uncertainties
 ... for the HFR, random position of the positive resonances with 0.020000 %
 ... end of update MF32 function
 ... no thermal/RI adjustment needed: no GLS calculation of parameter correlations
 ... copy the mf2 and mf32 to .mlbw files

 ... Start of final reconstruction and testing ...
 ... Reconstruction of cross sections at 0 Kelvin  ... Import MF2 from TARES calculations
 ... End energy of TARES MF2 : 2.612491E+2 eV and limit to 40000 resonances
 ... File used for reconstruction: n-Co065.reconst
 ... run RECENT ...
 ... Doppler broadened at a unique temperature: 0 Kelvin using sigma1
 ... The keyword temperature is zero, no Doppler broadening for the MACS

 ============== INTER values at 0 Kelvin ==============
 Thermal (n,g) xs =  2.07748 b. (meas/sys: 2.57666 b.) (warning: comparison to be done at 296 or 300 K)
 Th Maxw (n,g) xs =  2.0788 b. (thermal Maxwellian value)
 Westcott factor  =  1.00062
 RI      (n,g)    =  2.27023 b. (meas or sys: - b.)
 MACS 3.000e+04 eV=  0.012754 b. (meas or sys: - b.) from 1.00E+00 to 2.61E+02 eV (end of RRR) at T= 0 Kelvin 
 Thermal (n,el) xs=  4.96897 b.
 RI      (n,el)   =  233.031 b.
 ============= PSYCHE values ==============
 Ave. G_total L0  =  16.206 eV
 Ave. G_total L1  =  0.053366 eV
 Ave. Gn_0    L0  =  0.999128
 Ave. Gn_0    L1  =  0.0740987
 Ave. Gg      L0  =  0.0569099 eV
 Ave. Gg      L1  =  0.0530718 eV
 Ave. D       L0  =  0 eV
 Ave. D       L1  =  0 eV
 Ave. S       L0  =  0.437118 eV
 Ave. S       L1  =  0.0324182 eV
 =========================================
 ... End of final reconstruction and testing ...

 ... grouping is not optimum, change to 70 groups
 ... Produce MF33 based on MF32 and 6 random files
 ... MF3 of n-Co065.reconst (3 sections) added to the files for ENDSAM
 ... run endsam for 6 in groups of 1 global run
 ... run endsam from 1 to 6
 ... random files: total width GT set to Gn+Gg+Gf (84 resonances in 6 files)
 ... reorder resonance position after endsam (sampling)
 ... preparing the vectors  ... done
 ... nominal file 0 Cap(th)  ave= 2.077E+00 b. +/- 0.00 % || Ela(th) ave= 4.969E+00 b. +/- 0.00 % || RIcap ave= 2.27E+00 b. +/- 0.00 % || Macs30 ave= 1.28E-02 b. +/- 0.00 % || Gn^0(l=0) ave= 9.991E-01 +/- 0.00 % Gn^0(l=1) ave= 7.410E-02 +/- 0.00 % Gn^0(l=2) ave= 0.000E+00 +/- 0.00 % Gn^0(l=3) ave= 0.000E+00 +/- 0.00 % || Gtotal(l=0) ave= 1.621E+01 +/- 0.00 % Gtotal(l=1) ave= 5.337E-02 +/- 0.00 % Gtotal(l=2) ave= 0.000E+00 +/- 0.00 % Gtotal(l=3) ave= 0.000E+00 +/- 0.00 %  % || Gg(l=0) ave= 5.691E-02 +/- 0.00 % Gg(l=1) ave= 5.307E-02 +/- 0.00 % Gg(l=2) ave= 0.000E+00 +/- 0.00 % Gg(l=3) ave= 0.000E+00 +/- 0.00 %  % || D(l=0) ave= 0.000E+00 +/- 0.00 % D(l=1) ave= 0.000E+00 +/- 0.00 % D(l=2) ave= 0.000E+00 +/- 0.00 % D(l=3) ave= 0.000E+00 +/- 0.00 %  % || S(l=0) ave= 4.371E-01 +/- 0.00 % S(l=1) ave= 3.242E-02 +/- 0.00 % S(l=2) ave= 0.000E+00 +/- 0.00 % S(l=3) ave= 0.000E+00 +/- 0.00 % 
 ... random file  1 Cap(th)  ave= 1.933E+00 b. +/- 7.49 % || Ela(th) ave= 4.754E+00 b. +/- 4.52 % || RIcap ave= 2.10E+00 b. +/- 8.05 % || Macs30 ave= 1.27E-02 b. +/- 0.06 % || Gn^0(l=0) ave= 5.401E-01 +/- 85.00 % Gn^0(l=1) ave= 7.410E-02 +/- 0.00 % Gn^0(l=2) ave= 0.000E+00 +/- 0.00 % Gn^0(l=3) ave= 0.000E+00 +/- 0.00 % || Gtotal(l=0) ave= 8.136E+00 +/- 99.18 % Gtotal(l=1) ave= 5.337E-02 +/- 0.00 % Gtotal(l=2) ave= 0.000E+00 +/- 0.00 % Gtotal(l=3) ave= 0.000E+00 +/- 0.00 %  % || Gg(l=0) ave= 6.160E-02 +/- 7.61 % Gg(l=1) ave= 5.307E-02 +/- 0.00 % Gg(l=2) ave= 0.000E+00 +/- 0.00 % Gg(l=3) ave= 0.000E+00 +/- 0.00 %  % || D(l=0) ave= 0.000E+00 +/- 0.00 % D(l=1) ave= 0.000E+00 +/- 0.00 % D(l=2) ave= 0.000E+00 +/- 0.00 % D(l=3) ave= 0.000E+00 +/- 0.00 %  % || S(l=0) ave= 2.363E-01 +/- 85.00 % S(l=1) ave= 3.242E-02 +/- 0.00 % S(l=2) ave= 0.000E+00 +/- 0.00 % S(l=3) ave= 0.000E+00 +/- 0.00 % 
 ... random file  2 Cap(th)  ave= 1.960E+00 b. +/- 6.34 % || Ela(th) ave= 4.914E+00 b. +/- 5.82 % || RIcap ave= 2.14E+00 b. +/- 6.87 % || Macs30 ave= 1.27E-02 b. +/- 0.05 % || Gn^0(l=0) ave= 6.852E-01 +/- 62.37 % Gn^0(l=1) ave= 7.127E-02 +/- 3.97 % Gn^0(l=2) ave= 0.000E+00 +/- 0.00 % Gn^0(l=3) ave= 0.000E+00 +/- 0.00 % || Gtotal(l=0) ave= 1.070E+01 +/- 70.29 % Gtotal(l=1) ave= 5.501E-02 +/- 2.99 % Gtotal(l=2) ave= 0.000E+00 +/- 0.00 % Gtotal(l=3) ave= 0.000E+00 +/- 0.00 %  % || Gg(l=0) ave= 5.918E-02 +/- 8.68 % Gg(l=1) ave= 5.472E-02 +/- 3.01 % Gg(l=2) ave= 0.000E+00 +/- 0.00 % Gg(l=3) ave= 0.000E+00 +/- 0.00 %  % || D(l=0) ave= 0.000E+00 +/- 0.00 % D(l=1) ave= 0.000E+00 +/- 0.00 % D(l=2) ave= 0.000E+00 +/- 0.00 % D(l=3) ave= 0.000E+00 +/- 0.00 %  % || S(l=0) ave= 2.998E-01 +/- 62.37 % S(l=1) ave= 3.118E-02 +/- 3.97 % S(l=2) ave= 0.000E+00 +/- 0.00 % S(l=3) ave= 0.000E+00 +/- 0.00 % 
 ... random file  3 Cap(th)  ave= 2.013E+00 b. +/- 7.03 % || Ela(th) ave= 5.089E+00 b. +/- 7.70 % || RIcap ave= 2.19E+00 b. +/- 7.28 % || Macs30 ave= 1.27E-02 b. +/- 0.06 % || Gn^0(l=0) ave= 7.724E-01 +/- 51.75 % Gn^0(l=1) ave= 6.817E-02 +/- 7.26 % Gn^0(l=2) ave= 0.000E+00 +/- 0.00 % Gn^0(l=3) ave= 0.000E+00 +/- 0.00 % || Gtotal(l=0) ave= 1.222E+01 +/- 57.49 % Gtotal(l=1) ave= 5.599E-02 +/- 3.45 % Gtotal(l=2) ave= 0.000E+00 +/- 0.00 % Gtotal(l=3) ave= 0.000E+00 +/- 0.00 %  % || Gg(l=0) ave= 5.928E-02 +/- 7.51 % Gg(l=1) ave= 5.570E-02 +/- 3.46 % Gg(l=2) ave= 0.000E+00 +/- 0.00 % Gg(l=3) ave= 0.000E+00 +/- 0.00 %  % || D(l=0) ave= 0.000E+00 +/- 0.00 % D(l=1) ave= 0.000E+00 +/- 0.00 % D(l=2) ave= 0.000E+00 +/- 0.00 % D(l=3) ave= 0.000E+00 +/- 0.00 %  % || S(l=0) ave= 3.379E-01 +/- 51.75 % S(l=1) ave= 2.983E-02 +/- 7.26 % S(l=2) ave= 0.000E+00 +/- 0.00 % S(l=3) ave= 0.000E+00 +/- 0.00 % 
 ... random file  4 Cap(th)  ave= 2.186E+00 b. +/- 16.87 % || Ela(th) ave= 5.064E+00 b. +/- 6.99 % || RIcap ave= 2.38E+00 b. +/- 17.12 % || Macs30 ave= 1.28E-02 b. +/- 0.14 % || Gn^0(l=0) ave= 8.138E-01 +/- 45.10 % Gn^0(l=1) ave= 6.995E-02 +/- 7.54 % Gn^0(l=2) ave= 0.000E+00 +/- 0.00 % Gn^0(l=3) ave= 0.000E+00 +/- 0.00 % || Gtotal(l=0) ave= 1.296E+01 +/- 49.81 % Gtotal(l=1) ave= 5.458E-02 +/- 5.42 % Gtotal(l=2) ave= 0.000E+00 +/- 0.00 % Gtotal(l=3) ave= 0.000E+00 +/- 0.00 %  % || Gg(l=0) ave= 6.593E-02 +/- 21.06 % Gg(l=1) ave= 5.429E-02 +/- 5.44 % Gg(l=2) ave= 0.000E+00 +/- 0.00 % Gg(l=3) ave= 0.000E+00 +/- 0.00 %  % || D(l=0) ave= 0.000E+00 +/- 0.00 % D(l=1) ave= 0.000E+00 +/- 0.00 % D(l=2) ave= 0.000E+00 +/- 0.00 % D(l=3) ave= 0.000E+00 +/- 0.00 %  % || S(l=0) ave= 3.560E-01 +/- 45.10 % S(l=1) ave= 3.060E-02 +/- 7.54 % S(l=2) ave= 0.000E+00 +/- 0.00 % S(l=3) ave= 0.000E+00 +/- 0.00 % 
 ... random file  5 Cap(th)  ave= 2.153E+00 b. +/- 16.01 % || Ela(th) ave= 4.996E+00 b. +/- 7.15 % || RIcap ave= 2.32E+00 b. +/- 17.34 % || Macs30 ave= 1.28E-02 b. +/- 0.15 % || Gn^0(l=0) ave= 8.423E-01 +/- 40.49 % Gn^0(l=1) ave= 7.210E-02 +/- 8.86 % Gn^0(l=2) ave= 0.000E+00 +/- 0.00 % Gn^0(l=3) ave= 0.000E+00 +/- 0.00 % || Gtotal(l=0) ave= 1.346E+01 +/- 44.56 % Gtotal(l=1) ave= 6.459E-02 +/- 31.26 % Gtotal(l=2) ave= 0.000E+00 +/- 0.00 % Gtotal(l=3) ave= 0.000E+00 +/- 0.00 %  % || Gg(l=0) ave= 6.169E-02 +/- 25.64 % Gg(l=1) ave= 6.430E-02 +/- 31.41 % Gg(l=2) ave= 0.000E+00 +/- 0.00 % Gg(l=3) ave= 0.000E+00 +/- 0.00 %  % || D(l=0) ave= 0.000E+00 +/- 0.00 % D(l=1) ave= 0.000E+00 +/- 0.00 % D(l=2) ave= 0.000E+00 +/- 0.00 % D(l=3) ave= 0.000E+00 +/- 0.00 %  % || S(l=0) ave= 3.685E-01 +/- 40.49 % S(l=1) ave= 3.155E-02 +/- 8.86 % S(l=2) ave= 0.000E+00 +/- 0.00 % S(l=3) ave= 0.000E+00 +/- 0.00 % 
 ... random file  6 Cap(th)  ave= 2.255E+00 b. +/- 17.97 % || Ela(th) ave= 4.940E+00 b. +/- 7.25 % || RIcap ave= 2.43E+00 b. +/- 19.28 % || Macs30 ave= 1.28E-02 b. +/- 0.17 % || Gn^0(l=0) ave= 7.336E-01 +/- 56.32 % Gn^0(l=1) ave= 7.210E-02 +/- 8.86 % Gn^0(l=2) ave= 0.000E+00 +/- 0.00 % Gn^0(l=3) ave= 0.000E+00 +/- 0.00 % || Gtotal(l=0) ave= 1.154E+01 +/- 62.99 % Gtotal(l=1) ave= 6.459E-02 +/- 31.26 % Gtotal(l=2) ave= 0.000E+00 +/- 0.00 % Gtotal(l=3) ave= 0.000E+00 +/- 0.00 %  % || Gg(l=0) ave= 5.921E-02 +/- 26.79 % Gg(l=1) ave= 6.430E-02 +/- 31.41 % Gg(l=2) ave= 0.000E+00 +/- 0.00 % Gg(l=3) ave= 0.000E+00 +/- 0.00 %  % || D(l=0) ave= 0.000E+00 +/- 0.00 % D(l=1) ave= 0.000E+00 +/- 0.00 % D(l=2) ave= 0.000E+00 +/- 0.00 % D(l=3) ave= 0.000E+00 +/- 0.00 %  % || S(l=0) ave= 3.209E-01 +/- 56.32 % S(l=1) ave= 3.155E-02 +/- 8.86 % S(l=2) ave= 0.000E+00 +/- 0.00 % S(l=3) ave= 0.000E+00 +/- 0.00 % 
 ... Histogram plot for thermal (n,g)
 ... Write covariances  ... MT1  ... plot correlations
 ... MT2  ... MT102 


 ================================================
 ============== From 6 random values === start ======
 Thermal (n,tot) xs  0 K =  7.19499 b. +/- 0.525048 b. ( 7.29741 %) skew= -0.32 +/- 0.79
 Thermal (n,el) xs   0 K =  4.93984 b. +/- 0.358315 b. ( 7.25357 %) skew= +0.64 +/- 0.79
 Thermal (n,g) xs    0 K =  2.25515 b. +/- 0.40518 b. ( 17.9669 %) skew= +0.71 +/- 0.79
 RI      (n,g)       0 K =  2.43202 b. +/- 0.468935 b. ( 19.2817 %) 
 MACS    (n,g)       0 K (at Emacs= 30000 eV) =  0.01276 b. +/- 2.15009e-05 b. ( 0.168502 %) 
 Ave. Gtotal  L=0        =  1.154E+01 +/- 62.99 %
 Ave. Gn^(0)  L=0        =  7.336E-01 +/- 56.32 %
 Ave. Gg      L=0        =  5.921E-02 +/- 26.79 %
 Ave. S       L=0        =  3.209E-01 +/- 56.32 %
 Ave. Gtotal  L=1        =  6.459E-02 +/- 31.26 %
 Ave. Gg      L=1        =  6.430E-02 +/- 31.41 %
 Ave. S       L=1        =  3.155E-02 +/- 8.86 %

 Expected Thermal (n,g) (syst or meas)= 2.57666 b. +/- 2.19016 b. nominal: 2.07748 b.
 ratio Calculated/expected thermal (n,g): 0.88 ratio DCalculated/Dexpected: 0.19 ratio Calculated/Nominal: 1.09
 ============== From 6 random values ===== stop ======
 ================================================
 ... Calculation of (n,a) and (n,p) cross sections at 300 K
 <<(n,a) Q-value negative for this element>> ... (n,p) Q-value negative for this element
 ... Rewrite index for MF2
 ... Write text for MF1 in file mf1.tares.txt
 ... plotting cross sections for the MF1
 ... order output files


================== summary ==================
 Thermal (n,tot) xs = 7.04645 b. 
 Thermal (n,el)  xs = 4.96897 b. 
 Thermal (n,g)   xs = 2.07748 b. (meas/sys: 2.57666 b.)
 At 300 K (thermal adjustment): (n,el) = 5.00806 b., (n,g) = 2.07851 b.

 RI      (n,g)      = 2.27023 b. (meas or sys: - b.)
 RI      (n,el)     = 233.031 b.
=============================================


 ... cleaning
                                                 
  -------------------------------------------------------------
  -                                                           -
  - TARES: successful end of run with data from hypothetical  -
  - resonances for  Z= 27,  A= 65 and isomer= 0               -
  - half-life: 1.160000 sec. 
  -                                                           -
  -------------------------------------------------------------

   Running time:       5 seconds

 End time: Fri Oct  9 13:57:37 2026

