
  -------------------------------------------------------------
  -                                                           -
  -              Welcome to TARES version 1.8                 -
  -                                                           -
  -  (C) Copyright 2007-2025 D. Rochman, All Rights Reserved  -
  -           NRG, Petten, the Netherlands 2007-2014          -
  -           PSI, Villigen    Switzerland 2015-2025          -
  -         Nagra, Wettingen   Switzerland 2025-              -
  -           (Last Modified October 06, 2026)                -
  -           (Database from October 06, 2026)                -
  -                                                           -
  -------------------------------------------------------------


  ---------------------------------------------
   Compilation information:
   Compiled on:         Oct  7 2026, 09:32:19
   Compiled by:         koning
   Compiler version:    clang++ - 21.0.0
   Source location:     /Users/koning/tares-1.8/source/Module/
   Binaries location:   /Users/koning/bin
   System:              Darwin 25.6.0
   System version:      Darwin Kernel Version 25.6.0: Fri Jul 31 19:19:08 PDT 2026; root:xnu-12377.161.14~5/RELEASE_ARM64_T6050  
   Machine:             arm64 
  ---------------------------------------------

   User information:
   User name:           koning
   Running directory:   /Users/koning/tendl/resbase/Ho148/work
   Owner mode for running directory : rwx
   Group mode for running directory : r-x
  ---------------------------------------------


 Starting time: Wed Oct  7 09:56:51 2026
 ... inputs directory found (/Users/koning/tares-1.8/source/Module//../../inputs/).
 ... It will be used for resonance parameters 
 ... ###############################################
 ... #     read the input file tares.inp
 ... ###############################################
 ... line: #
 ... line: # Input file generated by Autorochman
          --> line not read
 ... line: #
 ... line: isotope    Ho
          --> Isotope name: Ho
 ... line: mass       148
          --> isotopic mass: 148
 ... line: output     n-Ho148
         ---> Name of the output files: n-Ho148
 ... line: isomer     0
          --> isomeric state: 0
 ... line: mf32mf33   y
          --> MF33 based on MF32: y
 ... line: nbrRandom  6
          --> Nbr of random files: 6
 ... ###############################################
 ... # end read the input file tares.inp
 ... ###############################################
Value for random generator type not considered in since Tares 1.7 due to compilation issues

 ... ###############################################
     #   Interpretation of the Input definition    #
     ###############################################

 ... Default energy limit: End of resonance region
 ... Nuclear charge    = 67
 ... Element           = Ho
 ... Mass              = 148
 ... Isomer            = 0
 ... Correlation for (Gn,Gg) not included in random files
 ... Default random option: No random
 ... Output name: n-Ho148
 ... Energy for the MACS: 30000 eV
 ... Resonances from CALENDF reduced (reduce=y) 
 ... For URR, level density model from TALYS selected: 91n3n12611.2850 (see manual for description)
 ... Random Generator: default (pseudo random numbers from ansi c++)
 ... Reconstruction of cross section selected
 ... Doppler broadening at 0 Kelvin
 ... URR not included (from the input file flag)
 ... Weight for grouping is flat
 ... Calculation of (n,alpha) cross section selected
 ... Number of digit for MF32c covariance representation: 2
 ... MF32 included
 ... MF33 will be used for covariance processing
 ... TENDL option set to yes (automatic choice of MF2 and format)
 ... Isotope not found in the best file --> use of MLBW formalism
 ... default option: Multi level Breit Wigner approximation selected
 ... (check file best.tendl.yes for changing this option)
 ... Retroactive option set to no with the 2025 option
 ... ladder option set to yes (CALENDF will be used for statistical resonances)

 ... ###############################################
     #           End of Input definition           #
     ###############################################

 ... gnuplot found, will be used for plotting
 ... latex found, will be used for plotting
 ... dvips found, will be used for plotting
 ... ps2epsi not found, limited plotting available
 ... uncertainties on default parameters multiplied by 1.02953
 ... Read resonance data from the 2025 directory
 ... Resonance parameters taken from /Users/koning/tares-1.8/source/Module//../../inputs/2025/Resonance/default/
 ---> Processing Z= 67 and A= 148 and isomer= 0 (level number: 0)
 Exfor path; Could not find /Users/koning/tares-1.8/source/Module//../../inputs/exfor/Ho148/xs/102
Thermal file; Could not open file /Users/koning/tares-1.8/source/Module//../../inputs/2025/runThermal/results//thermal.mxw.ng.cendl3.1
Thermal file; Could not open file /Users/koning/tares-1.8/source/Module//../../inputs/2025/runThermal/results//thermal.mxw.ng.brond3.1
Thermal file; Could not open file /Users/koning/tares-1.8/source/Module//../../inputs/2025/runThermal/results//thermal.xs.ng.unc.cendl3.1
 ... spin taken from the final/ directory (1)
 ... The spin found in level file ( 1 ) and the one in the urr file ( 5.5 ) differ

 ... ###############################################
 ... #  Nucleus global parameters (2025 database)  #
 ... ###############################################
 0. Half-life: 2.2 sec. 
 ... Scattering radius from TALYS: /Users/koning/tares-1.8/source/Module//../../inputs/2025/lib.urr/talys.urr/
 1. Spin of the target isotope: 1
 2. Relative Atomic Mass of the target isotope: 147.937
 3. Scattering radius (local compilation): 7.02296 fm +/- 0.168551 fm
      .......................................
      ... Thermal capture cross sections: ...
 4. Thermal (n,g) cross section from systematics: 127.1 +/- 108.035 b.
 5. Thermal (n,g) cross section from compilation (Firestone-2022 average on element Ho): 66 +/- 2.1 b.
 6. Thermal (n,g) cross section from compilation (Firestone-2022 final on element Ho): 65 +/- 1 b.
 7. Thermal (n,g) cross section from TENDL-2023: 7.977 b.
      .......................................
      ...  Thermal total cross sections:  ...
      .......................................
      ... Thermal elastic cross sections: ...
 8. Thermal (n,el) cross section from potential (4piR^2): 8.82617 +/- 0.441309 b.
      .......................................
             ... Resonance integral: ...
 9. No capture integral found in /Users/koning/tares-1.8/source/Module//../../inputs/capture.integral
 ... no RI(n,g) found in local compilation, take 2018 value.
 ... no RI(n,g) found in local compilation, take Sukhoruchkin value.
   ---- MACS 30 keV ----- 
 10. TALYS MACS 30 keV (HF): 0.885045 b. 
   ---------- S0 -------- 
 11. S0 from TALYS: 11.0463
   ---------- S1 -------- 
 12. S1 from TALYS: 0.488824
   ---------- S2 -------- 
 13. S2 from TALYS: 4.30476
   ---------- D0 -------- 
 14. D0 from TALYS: 0.214864 eV
   ---------- D1 -------- 
 15. D1 from TALYS: 0.111172 eV
   ---------- D2 -------- 
 16. D2 from TALYS: 0.0697737 eV
   ---------- G0 -------- 
 17. Gg0 from TALYS: 0.286523 eV
   ---------- G1 -------- 
 18. Gg1 from TALYS: 0.287978 eV
   ---------- G2 -------- 
 19. Gg2 from TALYS: 0.286523 eV


   ---------------------- 
 ... Read resonance parameters (format: 2: Multi Level Breit Wigner)
 ... 0 resonances found 
 ... possibly no resonances in the Resonance directory for this isotope and options
 ... Use HFR (ladder) behavior 
 --> 21. Number of resonances from the input file: 2 up to 0.107432 eV
 22. Read nuclear quantities (mass, MAT...)
 23. Read thermal (n,g) xs 
 24. Read the scattering radius 
 25. Read uncertainty on Gg for 2 resonances
 26. Read uncertainty on Gg for 2 resonances ... done
 ... order resonances 
 ... Upper limit for the RRR: 0.107432 eV (no statistical resonances HFR) from the limit.RRR file
 ... Write parameters for l=0 waves
 ... End writing original MF2 
 ... No RRR in the database: uncertainties on default parameters multiplied by 1.99753
 ... Enter in urr function (ladder option set to y) for file n-Ho148
 ... read the file /Users/koning/tares-1.8/source/Module//../../inputs/2025/list.jcs.urr to find URR origin
 Default URR taken from TALYS calculations with level density model: 91n3n12611.2850
 File considered for the URR: /Users/koning/tares-1.8/source/Module//../../inputs/2025/lib.urr/talys.urr/91n3n12611.2850/Ho/urr/urr.dat.Ho.148.000.0.gz
 ... Write URR using TALYS average parameters (used for HFR)
 ... Limit of URR changed to 25 keV (recommendation from WPEC and JEFF)
 ... Extract the Sn value from file ./urr.dat.Ho.148.0.0
 ... found Sn= 11.726 MeV
 ... estimated number of resonances up to 106.193 eV:  494.232 resonances
 ... This is a test here. The higher energy limit to include URR data for calendf is set to max Sn. 24/03/2016
 ... Use Sn to define the maximum energy for the URR: Sn= 11.726 MeV --> last_energyURR= 106.193 eV
 ... read D0, S0, Gn and Gg
 ... number of URR energies: 1161
 Number of l: 1161 and last energy: 9
 Last  URR energy: 106.193 eV
 ... Enter in to_MLBW_mf2 function
 ... Convert to Multi Level Breit Wigner (MLBW)
 ... Write parameter covariances (MF32) for l=0
 ... Convert parameter covariances (MF32) to MLBW
 ... copy the mf2 and mf32 to .mlbw files
 ... Enter in urr_correct function case 1
 Modify the higher limit of RRR in MF2
 --> old value: 1.079690-1 eV new value: 1.000000-2 eV
 Modify resonance covariances (MF32) to include correlations in the URR
 End Modify resonance covariances (MF32) to include correlations in the URR
 ... Enter in calendf_xs function
 Use CALENDF for statistical resonances (update MF2) up to 1.061930+2 eV (initial limit)
 Extract resonances from CALENDF for RRR->URR 2
 1499 statistical resonances found
 Reduction to 100 resonances based on the half-life of the isotope
 After reduction, 101 statistical resonances found
 ... checking resonance order 1
 ... checking resonance order 2nd round for 99 resonances
 ... end checking resonance order 2nd round
 .......................................................
 ... Adjustment to the thermal cross section : start ...
 .......................................................

 Before adjustment (adjustment to the thermal cross section set to y)
 ... Import MF2 from TARES calculations
 ... End energy of TARES MF2 : 1.314218E+1 eV and limit to 40000 resonances
 ... File used for reconstruction: new.temp22.reconst
 ... run RECENT ...
 ... Doppler broadened at a unique temperature: 300 Kelvin using sigma1
 ... run SIGMA1 at 3.000000E+02 K.

 ============== INTER values at 300 Kelvin ==============
 Thermal (n,g) xs =  20143.5 b. (meas/sys: 127.1 b.) (warning: comparison to be done at 296 or 300 K)
 Th Maxw (n,g) xs =  19879 b. (thermal Maxwellian value)
 Westcott factor  =  0.98688
 RI      (n,g)    =  10959.2 b. (meas or sys: - b.)
 MACS 3.000e+04 eV=  0.87435 b. (meas or sys: - b.) from 1.00E+00 to 2.00E+07 eV (end of RRR) at T= 300 Kelvin 
 Thermal (n,el) xs=  22.1685 b.
 RI      (n,el)   =  96.0099 b.
 ============= PSYCHE values ==============
 Ave. G_total L0  =  0.285926 eV
 Ave. G_total L1  =  0.28392 eV
 Ave. Gn_0    L0  =  0.00046674
 Ave. Gn_0    L1  =  4.74501e-05
 Ave. Gg      L0  =  0.284821 eV
 Ave. Gg      L1  =  0.28392 eV
 Ave. D       L0  =  0.226589 eV
 Ave. D       L1  =  0.423941 eV
 Ave. S       L0  =  0.00101258 eV
 Ave. S       L1  =  2.49647e-05 eV
 =========================================
 Calculated capture integral   10959.2 b.
 Calculated thermal (n,g)=          20143.5114 b. and recommended= 127.1 b. (C/E= 158.486)
 Calculated RI      (n,g)= 10959.2 b. (no reference value)
 ... tolerances: thermal (n,g) 20 % (reference uncertainties, minimum 2% and 5%, maximum 20%)
 Adjust the capture widths ...
 ... capture adjusted with Gn for 99 resonances (Gn<Gg) and with Gg for 0 resonances
 ... iteration 0: C/E thermal (n,g)= 158.486
 Warning: 99 widths limited to a change of a factor 10 from their starting values

 <-------- After adjustment -------->
 ... Import MF2 from TARES calculations
 ... End energy of TARES MF2 : 1.314218E+1 eV and limit to 40000 resonances
 ... File used for reconstruction: new.temp22.reconst
 ... run RECENT ...
 ... Doppler broadened at a unique temperature: 300 Kelvin using sigma1
 ... run SIGMA1 at 3.000000E+02 K.

 ============== INTER values at 300 Kelvin ==============
 Thermal (n,g) xs =  2014.86 b. (meas/sys: 127.1 b.) (warning: comparison to be done at 296 or 300 K)
 Th Maxw (n,g) xs =  1988.4 b. (thermal Maxwellian value)
 Westcott factor  =  0.98688
 RI      (n,g)    =  1229.63 b. (meas or sys: - b.)
 MACS 3.000e+04 eV=  0.87424 b. (meas or sys: - b.) from 1.00E+00 to 2.00E+07 eV (end of RRR) at T= 300 Kelvin 
 Thermal (n,el) xs=  6.07439 b.
 RI      (n,el)   =  20.6891 b.
 ============= PSYCHE values ==============
 Ave. G_total L0  =  0.284931 eV
 Ave. G_total L1  =  0.28392 eV
 Ave. Gn_0    L0  =  4.6674e-05
 Ave. Gn_0    L1  =  4.745e-06
 Ave. Gg      L0  =  0.284821 eV
 Ave. Gg      L1  =  0.28392 eV
 Ave. D       L0  =  0.226589 eV
 Ave. D       L1  =  0.423941 eV
 Ave. S       L0  =  0.000101258 eV
 Ave. S       L1  =  2.49646e-06 eV
 =========================================
 ... iteration 1: C/E thermal (n,g)= 15.8525
 Warning: 99 widths limited to a change of a factor 10 from their starting values

 <-------- After adjustment -------->
 ... Import MF2 from TARES calculations
 ... End energy of TARES MF2 : 1.314218E+1 eV and limit to 40000 resonances
 ... File used for reconstruction: new.temp22.reconst
 ... run RECENT ...
 ... Doppler broadened at a unique temperature: 300 Kelvin using sigma1
 ... run SIGMA1 at 3.000000E+02 K.

 ============== INTER values at 300 Kelvin ==============
 Thermal (n,g) xs =  2014.86 b. (meas/sys: 127.1 b.) (warning: comparison to be done at 296 or 300 K)
 Th Maxw (n,g) xs =  1988.4 b. (thermal Maxwellian value)
 Westcott factor  =  0.98688
 RI      (n,g)    =  1229.63 b. (meas or sys: - b.)
 MACS 3.000e+04 eV=  0.87424 b. (meas or sys: - b.) from 1.00E+00 to 2.00E+07 eV (end of RRR) at T= 300 Kelvin 
 Thermal (n,el) xs=  6.07439 b.
 RI      (n,el)   =  20.6891 b.
 ============= PSYCHE values ==============
 Ave. G_total L0  =  0.284931 eV
 Ave. G_total L1  =  0.28392 eV
 Ave. Gn_0    L0  =  4.6674e-05
 Ave. Gn_0    L1  =  4.745e-06
 Ave. Gg      L0  =  0.284821 eV
 Ave. Gg      L1  =  0.28392 eV
 Ave. D       L0  =  0.226589 eV
 Ave. D       L1  =  0.423941 eV
 Ave. S       L0  =  0.000101258 eV
 Ave. S       L1  =  2.49646e-06 eV
 =========================================
 ... iteration 2: C/E thermal (n,g)= 15.8525
 Warning: no further change possible (widths at the limit of a factor 10): adjustment stopped


 ... ratio C/E thermal (n,g): 1.585252E+01
 ...................................................... 
 ... Adjustment to the thermal cross section : stop ...
 ...................................................... 
 ... new MF2 file after adjustment: n-Ho148
 ... read the file /Users/koning/tares-1.8/source/Module//../../inputs/2025/list.jcs.urr to find URR origin
 Default URR taken from TALYS calculations with level density model: 91n3n12611.2850
 File considered for the URR: /Users/koning/tares-1.8/source/Module//../../inputs/2025/lib.urr/talys.urr/91n3n12611.2850/Ho/urr/urr.dat.Ho.148.000.0.gz
 ... Write URR using TALYS average parameters (not used for HFR)
 ... Limit of URR changed to 25 keV (recommendation from WPEC and JEFF)
 ... read D0, S0, Gn and Gg
 ... number of URR energies: 1503
 Number of l: 1503 and last energy: 9
 Last  URR energy: 140283 eV
 Energies in the URR : 1503 -> reduced by a factor 2
 Energies in the URR : 792 -> reduced by a factor 2
 Energies in the URR : 432 -> reduced by a factor 2
 ... Enter in urr_correct function case 2
 Modify the higher limit of RRR in MF2
 --> old value: 1.314218+1 eV new value: 1.314218+1 eV
 Modify resonance covariances (MF32) to include correlations in the URR
 End Modify resonance covariances (MF32) to include correlations in the URR
 ... Enter in update_MF32 function
 ... Change uncertainties
 ... for the HFR, random position of the positive resonances with 0.020000 %
 ... end of update MF32 function
 ... GLS calculation of the parameter correlations from the thermal/RI adjustment (MF32c)
 ... MF32: correlations from the thermal/RI adjustment (GLS) for 5 resonances (8 widths), 10 correlation lines
 ...   thermal (n,g): uncertainty from these widths 366.654 b. -> 103.63 b. (reference: 127.1 +/- 108.035 b.)
 ... copy the mf2 and mf32 to .mlbw files

 ... Start of final reconstruction and testing ...
 ... Reconstruction of cross sections at 0 Kelvin  ... Import MF2 from TARES calculations
 ... End energy of TARES MF2 : 1.314218E+1 eV and limit to 40000 resonances
 ... File used for reconstruction: n-Ho148.reconst
 ... run RECENT ...
 ... Doppler broadened at a unique temperature: 0 Kelvin using sigma1
 ... The keyword temperature is zero, no Doppler broadening for the MACS

 ============== INTER values at 0 Kelvin ==============
 Thermal (n,g) xs =  2014.97 b. (meas/sys: 127.1 b.) (warning: comparison to be done at 296 or 300 K)
 Th Maxw (n,g) xs =  1977.6 b. (thermal Maxwellian value)
 Westcott factor  =  0.98145
 RI      (n,g)    =  1230.32 b. (meas or sys: - b.)
 MACS 3.000e+04 eV=  0.86903 b. (meas or sys: - b.) from 1.00E+00 to 1.31E+01 eV (end of RRR) at T= 0 Kelvin 
 Thermal (n,el) xs=  6.05572 b.
 RI      (n,el)   =  20.6792 b.
 ============= PSYCHE values ==============
 Ave. G_total L0  =  0.284931 eV
 Ave. G_total L1  =  0.28392 eV
 Ave. Gn_0    L0  =  4.6674e-05
 Ave. Gn_0    L1  =  4.745e-06
 Ave. Gg      L0  =  0.284821 eV
 Ave. Gg      L1  =  0.28392 eV
 Ave. D       L0  =  0.226589 eV
 Ave. D       L1  =  0.423941 eV
 Ave. S       L0  =  0.000101258 eV
 Ave. S       L1  =  2.49646e-06 eV
 =========================================
 ... End of final reconstruction and testing ...

 ... grouping is not optimum, change to 70 groups
 ... Produce MF33 based on MF32 and 6 random files
 ... run endsam for 6 in groups of 1 global run
 ... run endsam from 1 to 6
 ... reorder resonance position after endsam (sampling)
 ... preparing the vectors  ... done
 ... nominal file 0 Cap(th)  ave= 2.015E+03 b. +/- 0.00 % || Ela(th) ave= 6.056E+00 b. +/- 0.00 % || RIcap ave= 1.09E+03 b. +/- 0.00 % || Macs30 ave= 1.63E+02 b. +/- 0.00 % || Gn^0(l=0) ave= 4.667E-05 +/- 0.00 % Gn^0(l=1) ave= 4.745E-06 +/- 0.00 % Gn^0(l=2) ave= 0.000E+00 +/- 0.00 % Gn^0(l=3) ave= 0.000E+00 +/- 0.00 % || Gtotal(l=0) ave= 2.849E-01 +/- 0.00 % Gtotal(l=1) ave= 2.839E-01 +/- 0.00 % Gtotal(l=2) ave= 0.000E+00 +/- 0.00 % Gtotal(l=3) ave= 0.000E+00 +/- 0.00 %  % || Gg(l=0) ave= 2.848E-01 +/- 0.00 % Gg(l=1) ave= 2.839E-01 +/- 0.00 % Gg(l=2) ave= 0.000E+00 +/- 0.00 % Gg(l=3) ave= 0.000E+00 +/- 0.00 %  % || D(l=0) ave= 2.266E-01 +/- 0.00 % D(l=1) ave= 4.239E-01 +/- 0.00 % D(l=2) ave= 0.000E+00 +/- 0.00 % D(l=3) ave= 0.000E+00 +/- 0.00 %  % || S(l=0) ave= 1.013E-04 +/- 0.00 % S(l=1) ave= 2.496E-06 +/- 0.00 % S(l=2) ave= 0.000E+00 +/- 0.00 % S(l=3) ave= 0.000E+00 +/- 0.00 % 
 ... random file  1 Cap(th)  ave= 2.017E+03 b. +/- 0.11 % || Ela(th) ave= 5.391E+00 b. +/- 12.34 % || RIcap ave= 1.11E+03 b. +/- 2.02 % || Macs30 ave= 1.67E+02 b. +/- 2.12 % || Gn^0(l=0) ave= 4.663E-05 +/- 0.09 % Gn^0(l=1) ave= 5.363E-06 +/- 11.52 % Gn^0(l=2) ave= 0.000E+00 +/- 0.00 % Gn^0(l=3) ave= 0.000E+00 +/- 0.00 % || Gtotal(l=0) ave= 2.849E-01 +/- 0.00 % Gtotal(l=1) ave= 2.839E-01 +/- 0.00 % Gtotal(l=2) ave= 0.000E+00 +/- 0.00 % Gtotal(l=3) ave= 0.000E+00 +/- 0.00 %  % || Gg(l=0) ave= 2.686E-01 +/- 6.04 % Gg(l=1) ave= 2.794E-01 +/- 1.63 % Gg(l=2) ave= 0.000E+00 +/- 0.00 % Gg(l=3) ave= 0.000E+00 +/- 0.00 %  % || D(l=0) ave= 2.266E-01 +/- 0.00 % D(l=1) ave= 4.239E-01 +/- 0.00 % D(l=2) ave= 0.000E+00 +/- 0.00 % D(l=3) ave= 0.000E+00 +/- 0.00 %  % || S(l=0) ave= 1.012E-04 +/- 0.07 % S(l=1) ave= 2.822E-06 +/- 11.52 % S(l=2) ave= 0.000E+00 +/- 0.00 % S(l=3) ave= 0.000E+00 +/- 0.00 % 
 ... random file  2 Cap(th)  ave= 1.873E+03 b. +/- 10.85 % || Ela(th) ave= 6.498E+00 b. +/- 25.51 % || RIcap ave= 1.09E+03 b. +/- 3.91 % || Macs30 ave= 1.67E+02 b. +/- 1.73 % || Gn^0(l=0) ave= 4.647E-05 +/- 0.51 % Gn^0(l=1) ave= 4.713E-06 +/- 22.25 % Gn^0(l=2) ave= 0.000E+00 +/- 0.00 % Gn^0(l=3) ave= 0.000E+00 +/- 0.00 % || Gtotal(l=0) ave= 2.849E-01 +/- 0.00 % Gtotal(l=1) ave= 2.839E-01 +/- 0.00 % Gtotal(l=2) ave= 0.000E+00 +/- 0.00 % Gtotal(l=3) ave= 0.000E+00 +/- 0.00 %  % || Gg(l=0) ave= 2.739E-01 +/- 5.55 % Gg(l=1) ave= 2.742E-01 +/- 2.99 % Gg(l=2) ave= 0.000E+00 +/- 0.00 % Gg(l=3) ave= 0.000E+00 +/- 0.00 %  % || D(l=0) ave= 2.279E-01 +/- 0.82 % D(l=1) ave= 4.239E-01 +/- 0.00 % D(l=2) ave= 0.000E+00 +/- 0.00 % D(l=3) ave= 0.000E+00 +/- 0.00 %  % || S(l=0) ave= 9.986E-05 +/- 1.88 % S(l=1) ave= 2.480E-06 +/- 22.25 % S(l=2) ave= 0.000E+00 +/- 0.00 % S(l=3) ave= 0.000E+00 +/- 0.00 % 
 ... random file  3 Cap(th)  ave= 1.942E+03 b. +/- 10.94 % || Ela(th) ave= 5.879E+00 b. +/- 30.47 % || RIcap ave= 1.09E+03 b. +/- 3.41 % || Macs30 ave= 1.67E+02 b. +/- 1.50 % || Gn^0(l=0) ave= 4.648E-05 +/- 0.44 % Gn^0(l=1) ave= 5.316E-06 +/- 26.03 % Gn^0(l=2) ave= 0.000E+00 +/- 0.00 % Gn^0(l=3) ave= 0.000E+00 +/- 0.00 % || Gtotal(l=0) ave= 2.849E-01 +/- 0.00 % Gtotal(l=1) ave= 2.839E-01 +/- 0.00 % Gtotal(l=2) ave= 0.000E+00 +/- 0.00 % Gtotal(l=3) ave= 0.000E+00 +/- 0.00 %  % || Gg(l=0) ave= 2.745E-01 +/- 4.81 % Gg(l=1) ave= 2.856E-01 +/- 7.35 % Gg(l=2) ave= 0.000E+00 +/- 0.00 % Gg(l=3) ave= 0.000E+00 +/- 0.00 %  % || D(l=0) ave= 2.276E-01 +/- 0.76 % D(l=1) ave= 4.239E-01 +/- 0.00 % D(l=2) ave= 0.000E+00 +/- 0.00 % D(l=3) ave= 0.000E+00 +/- 0.00 %  % || S(l=0) ave= 1.001E-04 +/- 1.69 % S(l=1) ave= 2.797E-06 +/- 26.02 % S(l=2) ave= 0.000E+00 +/- 0.00 % S(l=3) ave= 0.000E+00 +/- 0.00 % 
 ... random file  4 Cap(th)  ave= 1.901E+03 b. +/- 10.90 % || Ela(th) ave= 5.531E+00 b. +/- 31.59 % || RIcap ave= 1.08E+03 b. +/- 3.24 % || Macs30 ave= 1.68E+02 b. +/- 1.51 % || Gn^0(l=0) ave= 4.649E-05 +/- 0.40 % Gn^0(l=1) ave= 5.691E-06 +/- 25.43 % Gn^0(l=2) ave= 0.000E+00 +/- 0.00 % Gn^0(l=3) ave= 0.000E+00 +/- 0.00 % || Gtotal(l=0) ave= 2.849E-01 +/- 0.00 % Gtotal(l=1) ave= 2.839E-01 +/- 0.00 % Gtotal(l=2) ave= 0.000E+00 +/- 0.00 % Gtotal(l=3) ave= 0.000E+00 +/- 0.00 %  % || Gg(l=0) ave= 2.774E-01 +/- 4.74 % Gg(l=1) ave= 2.867E-01 +/- 6.59 % Gg(l=2) ave= 0.000E+00 +/- 0.00 % Gg(l=3) ave= 0.000E+00 +/- 0.00 %  % || D(l=0) ave= 2.274E-01 +/- 0.70 % D(l=1) ave= 4.239E-01 +/- 0.00 % D(l=2) ave= 0.000E+00 +/- 0.00 % D(l=3) ave= 0.000E+00 +/- 0.00 %  % || S(l=0) ave= 1.003E-04 +/- 1.54 % S(l=1) ave= 2.994E-06 +/- 25.43 % S(l=2) ave= 0.000E+00 +/- 0.00 % S(l=3) ave= 0.000E+00 +/- 0.00 % 
 ... random file  5 Cap(th)  ave= 1.941E+03 b. +/- 10.78 % || Ela(th) ave= 5.595E+00 b. +/- 28.62 % || RIcap ave= 1.09E+03 b. +/- 3.57 % || Macs30 ave= 1.68E+02 b. +/- 1.39 % || Gn^0(l=0) ave= 4.640E-05 +/- 0.55 % Gn^0(l=1) ave= 5.514E-06 +/- 25.02 % Gn^0(l=2) ave= 0.000E+00 +/- 0.00 % Gn^0(l=3) ave= 0.000E+00 +/- 0.00 % || Gtotal(l=0) ave= 2.849E-01 +/- 0.00 % Gtotal(l=1) ave= 2.839E-01 +/- 0.00 % Gtotal(l=2) ave= 0.000E+00 +/- 0.00 % Gtotal(l=3) ave= 0.000E+00 +/- 0.00 %  % || Gg(l=0) ave= 2.779E-01 +/- 4.33 % Gg(l=1) ave= 2.870E-01 +/- 6.02 % Gg(l=2) ave= 0.000E+00 +/- 0.00 % Gg(l=3) ave= 0.000E+00 +/- 0.00 %  % || D(l=0) ave= 2.279E-01 +/- 0.82 % D(l=1) ave= 4.239E-01 +/- 0.00 % D(l=2) ave= 0.000E+00 +/- 0.00 % D(l=3) ave= 0.000E+00 +/- 0.00 %  % || S(l=0) ave= 9.972E-05 +/- 1.91 % S(l=1) ave= 2.901E-06 +/- 25.02 % S(l=2) ave= 0.000E+00 +/- 0.00 % S(l=3) ave= 0.000E+00 +/- 0.00 % 
 ... random file  6 Cap(th)  ave= 1.952E+03 b. +/- 10.02 % || Ela(th) ave= 6.013E+00 b. +/- 29.97 % || RIcap ave= 1.09E+03 b. +/- 3.51 % || Macs30 ave= 1.68E+02 b. +/- 1.30 % || Gn^0(l=0) ave= 4.643E-05 +/- 0.53 % Gn^0(l=1) ave= 5.213E-06 +/- 28.30 % Gn^0(l=2) ave= 0.000E+00 +/- 0.00 % Gn^0(l=3) ave= 0.000E+00 +/- 0.00 % || Gtotal(l=0) ave= 2.849E-01 +/- 0.00 % Gtotal(l=1) ave= 2.839E-01 +/- 0.00 % Gtotal(l=2) ave= 0.000E+00 +/- 0.00 % Gtotal(l=3) ave= 0.000E+00 +/- 0.00 %  % || Gg(l=0) ave= 2.794E-01 +/- 4.21 % Gg(l=1) ave= 2.846E-01 +/- 5.98 % Gg(l=2) ave= 0.000E+00 +/- 0.00 % Gg(l=3) ave= 0.000E+00 +/- 0.00 %  % || D(l=0) ave= 2.277E-01 +/- 0.79 % D(l=1) ave= 4.239E-01 +/- 0.00 % D(l=2) ave= 0.000E+00 +/- 0.00 % D(l=3) ave= 0.000E+00 +/- 0.00 %  % || S(l=0) ave= 9.993E-05 +/- 1.84 % S(l=1) ave= 2.742E-06 +/- 28.30 % S(l=2) ave= 0.000E+00 +/- 0.00 % S(l=3) ave= 0.000E+00 +/- 0.00 % 
 ... Histogram plot for thermal (n,g)
 ... Write covariances  ... MT1  ... plot correlations
 ... MT2  ... MT102 


 ================================================
 ============== From 6 random values === start ======
 Thermal (n,tot) xs  0 K =  1958.25 b. +/- 194.968 b. ( 9.95621 %) skew= -0.84 +/- 0.79
 Thermal (n,el) xs   0 K =  6.01331 b. +/- 1.80241 b. ( 29.9737 %) skew= +0.46 +/- 0.79
 Thermal (n,g) xs    0 K =  1952.24 b. +/- 195.621 b. ( 10.0203 %) skew= -0.84 +/- 0.79
 RI      (n,g)       0 K =  1088.11 b. +/- 38.1795 b. ( 3.5088 %) 
 MACS    (n,g)       0 K (at Emacs= 30000 eV) =  167.646 b. +/- 2.18312 b. ( 1.30222 %) 
 Ave. Gtotal  L=0        =  2.849E-01 +/- 0.00 %
 Ave. Gn^(0)  L=0        =  4.643E-05 +/- 0.53 %
 Ave. Gg      L=0        =  2.794E-01 +/- 4.21 %
 Ave. D       L=0        =  2.277E-01 +/- 0.79 %
 Ave. S       L=0        =  9.993E-05 +/- 1.84 %
 Ave. Gtotal  L=1        =  2.839E-01 +/- 0.00 %
 Ave. Gg      L=1        =  2.846E-01 +/- 5.98 %
 Ave. D       L=1        =  4.239E-01 +/- 0.00 %
 Ave. S       L=1        =  2.742E-06 +/- 28.30 %

 Expected Thermal (n,g) (syst or meas)= 127.1 b. +/- 108.035 b. nominal: 2014.97 b.
 ratio Calculated/expected thermal (n,g): 15.36 ratio DCalculated/Dexpected: 1.81 ratio Calculated/Nominal: 0.97
 ============== From 6 random values ===== stop ======
 ================================================
 ... Calculation of (n,a) and (n,p) cross sections at 300 K
 ... thermal (n,a) cross section is 2.12476e-07 +/- 1.06238e-07 b.
 ... thermal (n,a) cross section is 0 b. (random case 1)
 ... thermal (n,a) cross section is 0 b. (random case 2)
 ... thermal (n,a) cross section is 0 b. (random case 3)
 ... thermal (n,a) cross section is 0 b. (random case 4)
 ... thermal (n,a) cross section is 0 b. (random case 5)
 ... thermal (n,a) cross section is 0 b. (random case 6)
 ... thermal (n,p) cross section is 2.12476e-07 +/- 1.06238e-07 b.
 ... thermal (n,p) cross section is 0 b. (random case 1)
 ... thermal (n,p) cross section is 0 b. (random case 2)
 ... thermal (n,p) cross section is 0 b. (random case 3)
 ... thermal (n,p) cross section is 0 b. (random case 4)
 ... thermal (n,p) cross section is 0 b. (random case 5)
 ... thermal (n,p) cross section is 0 b. (random case 6)
 ... Rewrite index for MF2
 ... Write text for MF1 in file mf1.tares.txt
 ... plotting cross sections for the MF1
 ... order output files


================== summary ==================
 Thermal (n,tot) xs = 2021.03 b. 
 Thermal (n,el)  xs = 6.05572 b. 
 Thermal (n,g)   xs = 2014.97 b. (meas/sys: 127.1 b.)
 At 300 K (thermal adjustment): (n,el) = 6.07439 b., (n,g) = 2014.86 b.

 RI      (n,g)      = 1230.32 b. (meas or sys: - b.)
 RI      (n,el)     = 20.6792 b.
=============================================


 ... cleaning
                                                 
  -------------------------------------------------------------
  -                                                           -
  - TARES: successful end of run with data from hypothetical  -
  - resonances for  Z= 67, A= 148 and isomer= 0               -
  - half-life: 2.200000 sec. 
  -                                                           -
  -------------------------------------------------------------

   Running time:       9 seconds

 End time: Wed Oct  7 09:57:00 2026

