
  -------------------------------------------------------------
  -                                                           -
  -              Welcome to TARES version 1.8                 -
  -                                                           -
  -  (C) Copyright 2007-2025 D. Rochman, All Rights Reserved  -
  -           NRG, Petten, the Netherlands 2007-2014          -
  -           PSI, Villigen    Switzerland 2015-2025          -
  -         Nagra, Wettingen   Switzerland 2025-              -
  -           (Last Modified October 06, 2026)                -
  -           (Database from October 06, 2026)                -
  -                                                           -
  -------------------------------------------------------------


  ---------------------------------------------
   Compilation information:
   Compiled on:         Oct  8 2026, 18:36:06
   Compiled by:         koning
   Compiler version:    clang++ - 21.0.0
   Source location:     /Users/koning/tares-1.8/source/Module/
   Binaries location:   /Users/koning/bin
   System:              Darwin 25.6.0
   System version:      Darwin Kernel Version 25.6.0: Fri Jul 31 19:19:08 PDT 2026; root:xnu-12377.161.14~5/RELEASE_ARM64_T6050  
   Machine:             arm64 
  ---------------------------------------------

   User information:
   User name:           koning
   Running directory:   /Users/koning/tendl/resbase/Sb126m/work
   Owner mode for running directory : rwx
   Group mode for running directory : r-x
  ---------------------------------------------


 Starting time: Fri Oct  9 11:46:13 2026
 ... inputs directory found (/Users/koning/tares-1.8/source/Module//../../inputs/).
 ... It will be used for resonance parameters 
 ... ###############################################
 ... #     read the input file tares.inp
 ... ###############################################
 ... line: #
 ... line: # Input file generated by Autorochman
          --> line not read
 ... line: #
 ... line: isotope    Sb
          --> Isotope name: Sb
 ... line: mass       126
          --> isotopic mass: 126
 ... line: output     n-Sb126m
         ---> Name of the output files: n-Sb126m
 ... line: isomer     1
          --> isomeric state: 1
 ... line: mf32mf33   y
          --> MF33 based on MF32: y
 ... line: nbrRandom  10
          --> Nbr of random files: 10
 ... ###############################################
 ... # end read the input file tares.inp
 ... ###############################################
Value for random generator type not considered in since Tares 1.7 due to compilation issues

 ... ###############################################
     #   Interpretation of the Input definition    #
     ###############################################

 ... Default energy limit: End of resonance region
 ... Nuclear charge    = 51
 ... Element           = Sb
 ... Mass              = 126
 ... Isomer            = 1
 ... Correlation for (Gn,Gg) not included in random files
 ... Default random option: No random
 ... Output name: n-Sb126m
 ... Energy for the MACS: 30000 eV
 ... Resonances from CALENDF reduced (reduce=y) 
 ... For URR, level density model from TALYS selected: 91n3n12611.2850 (see manual for description)
 ... Random Generator: default (pseudo random numbers from ansi c++)
 ... Reconstruction of cross section selected
 ... Doppler broadening at 0 Kelvin
 ... URR not included (from the input file flag)
 ... Weight for grouping is flat
 ... Calculation of (n,alpha) cross section selected
 ... Number of digit for MF32c covariance representation: 2
 ... MF32 included
 ... MF33 will be used for covariance processing
 ... TENDL option set to yes (automatic choice of MF2 and format)
 ... Isotope not found in the best file --> use of MLBW formalism
 ... default option: Multi level Breit Wigner approximation selected
 ... (check file best.tendl.yes for changing this option)
 ... Retroactive option set to no with the 2025 option

 ... ###############################################
     #           End of Input definition           #
     ###############################################

 ... gnuplot found, will be used for plotting
 ... latex found, will be used for plotting
 ... dvips found, will be used for plotting
 ... ps2epsi not found, limited plotting available
 ... uncertainties on default parameters multiplied by 1.41267
 ... Read resonance data from the 2025 directory
 ... Resonance parameters taken from /Users/koning/tares-1.8/source/Module//../../inputs/2025/Resonance/default/
 ---> Processing Z= 51 and A= 126 and isomer= 1 (level number: 1)
 Exfor path; Could not find /Users/koning/tares-1.8/source/Module//../../inputs/exfor/Sb126m/xs/102
Thermal file; Could not open file /Users/koning/tares-1.8/source/Module//../../inputs/2025/runThermal/results//thermal.mxw.ng.cendl3.1
Thermal file; Could not open file /Users/koning/tares-1.8/source/Module//../../inputs/2025/runThermal/results//thermal.mxw.ng.brond3.1
Thermal file; Could not open file /Users/koning/tares-1.8/source/Module//../../inputs/2025/runThermal/results//thermal.xs.ng.unc.cendl3.1
 ... spin taken from the final/ directory (1)

 ... ###############################################
 ... #  Nucleus global parameters (2025 database)  #
 ... ###############################################
 0. Half-life: 19.15 min. 
 ... Scattering radius from TALYS: /Users/koning/tares-1.8/source/Module//../../inputs/2025/lib.urr/talys.urr/
 1. Spin of the target isotope: 5
 2. Relative Atomic Mass of the target isotope: 125.907
 3. Level of the isomer: 0.017700 MeV (level number 1)
 4. Scattering radius (local compilation): 6.65972 fm +/- 0.139854 fm
      .......................................
      ... Thermal capture cross sections: ...
 ... ratio of 0.635647 applied for isomeric cross section (isomer/ground)
 5. Thermal (n,g) cross section from systematics (TALYS, urr.dat): 11.1637 +/- 7.81461 b.
 6. Thermal (n,g) cross section from compilation (Firestone-2022 average on element Sb): 5.5 +/- 0.4 b.
 7. Thermal (n,g) cross section from compilation (Firestone-2022 final on element Sb): 5.02 +/- 0.12 b.
      .......................................
      ...  Thermal total cross sections:  ...
      .......................................
      ... Thermal elastic cross sections: ...
 8. Thermal (n,el) cross section from potential (4piR^2): 8.36967 +/- 0.418483 b.
      .......................................
             ... Resonance integral: ...
 9. No capture integral found in /Users/koning/tares-1.8/source/Module//../../inputs/capture.integral
 ... no RI(n,g) found in local compilation, take 2018 value.
 ... no RI(n,g) found in local compilation, take Sukhoruchkin value.
   ---- MACS 30 keV ----- 
 10. TALYS MACS 30 keV (HF): 0.351489 b. 
   ---------- S0 -------- 
 11. S0 from TALYS: 0.894443
   ---------- S1 -------- 
 12. S1 from TALYS: 1.89497
   ---------- S2 -------- 
 13. S2 from TALYS: 0.685588
   ---------- D0 -------- 
 14. D0 from TALYS: 24.6909 eV
   ---------- D1 -------- 
 15. D1 from TALYS: 12.7738 eV
   ---------- D2 -------- 
 16. D2 from TALYS: 9.01664 eV
   ---------- G0 -------- 
 17. Gg0 from TALYS: 0.127857 eV
   ---------- G1 -------- 
 18. Gg1 from TALYS: 0.145311 eV
   ---------- G2 -------- 
 19. Gg2 from TALYS: 0.142598 eV


   ---------------------- 
 ... Read resonance parameters (format: 2: Multi Level Breit Wigner)
 ... 0 resonances found 
 ... possibly no resonances in the Resonance directory for this isotope and options
 ... Use HFR (ladder) behavior 
 --> 21. Number of resonances from the input file: 2 up to 12.3454 eV
 22. Read nuclear quantities (mass, MAT...)
 23. Read thermal (n,g) xs 
 24. Read the scattering radius 
 25. Read uncertainty on Gg for 2 resonances
 26. Read uncertainty on Gg for 2 resonances ... done
 ... order resonances 
 ... Upper limit for the RRR: 12.3454 eV (no statistical resonances HFR) from the limit.RRR file
 ... Write parameters for l=0 waves
 ... End writing original MF2 
 ... No RRR in the database: uncertainties on default parameters multiplied by 1.99753
 ... Enter in urr function (ladder option set to y) for file n-Sb126m
 ... read the file /Users/koning/tares-1.8/source/Module//../../inputs/2025/list.jcs.urr to find URR origin
 Default URR taken from TALYS calculations with level density model: 91n3n12611.2850
 File considered for the URR: /Users/koning/tares-1.8/source/Module//../../inputs/2025/lib.urr/talys.urr/91n3n12611.2850/Sb/urr/urr.dat.Sb.126.001.1.gz
 ... Write URR using TALYS average parameters (used for HFR)
 ... Limit of URR changed to 25 keV (recommendation from WPEC and JEFF)
 ... Extract the Sn value from file ./urr.dat.Sb.126.1.1
 ... found Sn= 8.37648 MeV
 ... estimated number of resonances up to 246.216 eV:  1 resonances
 ... This is a test here. The higher energy limit to include URR data for calendf is set to max Sn. 24/03/2016
 ... Use Sn to define the maximum energy for the URR: Sn= 8.37648 MeV --> last_energyURR= 246.216 eV
 ... read D0, S0, Gn and Gg
 ... number of URR energies: 1680
 Number of l: 1680 and last energy: 12
 Last  URR energy: 246.216 eV
 ... Enter in to_MLBW_mf2 function
 ... Convert to Multi Level Breit Wigner (MLBW)
 ... Write parameter covariances (MF32) for l=0
 ... Convert parameter covariances (MF32) to MLBW
 ... copy the mf2 and mf32 to .mlbw files
 ... Enter in urr_correct function case 1
 Modify the higher limit of RRR in MF2
 --> old value: 1.240716+1 eV new value: 1.000000-2 eV
 Modify resonance covariances (MF32) to include correlations in the URR
 End Modify resonance covariances (MF32) to include correlations in the URR
 ... Enter in calendf_xs function
 Use CALENDF for statistical resonances (update MF2) up to 2.462160+2 eV (initial limit)
 Extract resonances from CALENDF for RRR->URR 2
 67 statistical resonances found
 After reduction, 63 statistical resonances found
 ... checking resonance order 1
 ... checking resonance order 2nd round for 61 resonances
 ... end checking resonance order 2nd round
 .......................................................
 ... Adjustment to the thermal cross section : start ...
 .......................................................
 ... ratio of 0.635647 applied for isomeric cross section (isomer/ground)

 Before adjustment (adjustment to the thermal cross section set to y)
 ... Import MF2 from TARES calculations
 ... End energy of TARES MF2 : 2.114817E+2 eV and limit to 40000 resonances
 ... File used for reconstruction: new.temp22.reconst
 ... run RECENT ...
 ... Doppler broadened at a unique temperature: 300 Kelvin using sigma1
 ... run SIGMA1 at 3.000000E+02 K.

 ============== INTER values at 300 Kelvin ==============
 Thermal (n,g) xs =  5.43267 b. (meas/sys: 11.1637 b.) (warning: comparison to be done at 296 or 300 K)
 Th Maxw (n,g) xs =  5.4648 b. (thermal Maxwellian value)
 Westcott factor  =  1.00592
 RI      (n,g)    =  138.343 b. (meas or sys: - b.)
 MACS 3.000e+04 eV=  0.62306 b. (meas or sys: - b.) from 1.00E+00 to 2.00E+07 eV (end of RRR) at T= 300 Kelvin 
 Thermal (n,el) xs=  5.35719 b.
 RI      (n,el)   =  69.3728 b.
 ============= PSYCHE values ==============
 Ave. G_total L0  =  0.16003 eV
 Ave. G_total L1  =  0.129233 eV
 Ave. G_total L2  =  0.121708 eV
 Ave. Gn_0    L0  =  0.00358948
 Ave. Gn_0    L1  =  0.0121035
 Ave. Gn_0    L2  =  0.0093105
 Ave. Gg      L0  =  0.124072 eV
 Ave. Gg      L1  =  0.129193 eV
 Ave. Gg      L2  =  0.121708 eV
 Ave. D       L0  =  26.4352 eV
 Ave. D       L1  =  15.1058 eV
 Ave. D       L2  =  21.1482 eV
 Ave. S       L0  =  7.55977e-05 eV
 Ave. S       L1  =  0.000142979 eV
 Ave. S       L2  =  5.06793e-05 eV
 =========================================
 Calculated capture integral   138.343 b.
 Calculated thermal (n,g)=          5.43266761 b. and recommended= 11.1637 b. (C/E= 0.486636)
 Calculated RI      (n,g)= 138.343 b. (no reference value)
 ... tolerances: thermal (n,g) 20 % (reference uncertainties, minimum 2% and 5%, maximum 20%)
 Adjust the capture widths ...
 ... capture adjusted with Gn for 61 resonances (Gn<Gg) and with Gg for 0 resonances
 ... iteration 0: C/E thermal (n,g)= 0.486636

 <-------- After adjustment -------->
 ... Import MF2 from TARES calculations
 ... End energy of TARES MF2 : 2.114817E+2 eV and limit to 40000 resonances
 ... File used for reconstruction: new.temp22.reconst
 ... run RECENT ...
 ... Doppler broadened at a unique temperature: 300 Kelvin using sigma1
 ... run SIGMA1 at 3.000000E+02 K.

 ============== INTER values at 300 Kelvin ==============
 Thermal (n,g) xs =  9.15426 b. (meas/sys: 11.1637 b.) (warning: comparison to be done at 296 or 300 K)
 Th Maxw (n,g) xs =  9.2085 b. (thermal Maxwellian value)
 Westcott factor  =  1.00592
 RI      (n,g)    =  194.32 b. (meas or sys: - b.)
 MACS 3.000e+04 eV=  0.62324 b. (meas or sys: - b.) from 1.00E+00 to 2.00E+07 eV (end of RRR) at T= 300 Kelvin 
 Thermal (n,el) xs=  5.20424 b.
 RI      (n,el)   =  119.74 b.
 ============= PSYCHE values ==============
 Ave. G_total L0  =  0.184662 eV
 Ave. G_total L1  =  0.12926 eV
 Ave. G_total L2  =  0.121708 eV
 Ave. Gn_0    L0  =  0.00604841
 Ave. Gn_0    L1  =  0.0203949
 Ave. Gn_0    L2  =  0.0156885
 Ave. Gg      L0  =  0.124072 eV
 Ave. Gg      L1  =  0.129193 eV
 Ave. Gg      L2  =  0.121708 eV
 Ave. D       L0  =  26.4352 eV
 Ave. D       L1  =  15.1058 eV
 Ave. D       L2  =  21.1482 eV
 Ave. S       L0  =  0.000127385 eV
 Ave. S       L1  =  0.000240925 eV
 Ave. S       L2  =  8.53966e-05 eV
 =========================================
 ... iteration 1: C/E thermal (n,g)= 0.82


 ... ratio C/E thermal (n,g): 8.200000E-01
 ...................................................... 
 ... Adjustment to the thermal cross section : stop ...
 ...................................................... 
 ... new MF2 file after adjustment: n-Sb126m
 ... read the file /Users/koning/tares-1.8/source/Module//../../inputs/2025/list.jcs.urr to find URR origin
 Default URR taken from TALYS calculations with level density model: 91n3n12611.2850
 File considered for the URR: /Users/koning/tares-1.8/source/Module//../../inputs/2025/lib.urr/talys.urr/91n3n12611.2850/Sb/urr/urr.dat.Sb.126.001.1.gz
 ... Write URR using TALYS average parameters (not used for HFR)
 ... Limit of URR changed to 25 keV (recommendation from WPEC and JEFF)
 ... read D0, S0, Gn and Gg
 ... number of URR energies: 948
 Number of l: 948 and last energy: 12
 Last  URR energy: 17523 eV
 Energies in the URR : 948 -> reduced by a factor 2
 Energies in the URR : 456 -> reduced by a factor 2
 ... Enter in urr_correct function case 2
 Modify the higher limit of RRR in MF2
 --> old value: 2.114817+2 eV new value: 2.114817+2 eV
 Modify resonance covariances (MF32) to include correlations in the URR
 End Modify resonance covariances (MF32) to include correlations in the URR
 ... Enter in update_MF32 function
 ... Change uncertainties
 ... for the HFR, random position of the positive resonances with 0.020000 %
 ... end of update MF32 function
 ... GLS calculation of the parameter correlations from the thermal/RI adjustment (MF32c)
 ... MF32: correlations from the thermal/RI adjustment (GLS) for 6 resonances (12 widths), 10 correlation lines
 ...   thermal (n,g): uncertainty from these widths 2.23881 b. -> 2.15223 b. (reference: 11.1637 +/- 7.81461 b.)
 ... copy the mf2 and mf32 to .mlbw files

 ... Start of final reconstruction and testing ...
 ... Reconstruction of cross sections at 0 Kelvin  ... Import MF2 from TARES calculations
 ... End energy of TARES MF2 : 2.114817E+2 eV and limit to 40000 resonances
 ... File used for reconstruction: n-Sb126m.reconst
 ... run RECENT ...
 ... Doppler broadened at a unique temperature: 0 Kelvin using sigma1
 ... The keyword temperature is zero, no Doppler broadening for the MACS

 ============== INTER values at 0 Kelvin ==============
 Thermal (n,g) xs =  9.14936 b. (meas/sys: 11.1637 b.) (warning: comparison to be done at 296 or 300 K)
 Th Maxw (n,g) xs =  9.1556 b. (thermal Maxwellian value)
 Westcott factor  =  1.00068
 RI      (n,g)    =  194.226 b. (meas or sys: - b.)
 MACS 3.000e+04 eV=  0.61955 b. (meas or sys: - b.) from 1.00E+00 to 2.11E+02 eV (end of RRR) at T= 0 Kelvin 
 Thermal (n,el) xs=  5.18324 b.
 RI      (n,el)   =  117.087 b.
 ============= PSYCHE values ==============
 Ave. G_total L0  =  0.184662 eV
 Ave. G_total L1  =  0.12926 eV
 Ave. G_total L2  =  0.121708 eV
 Ave. Gn_0    L0  =  0.00604841
 Ave. Gn_0    L1  =  0.0203949
 Ave. Gn_0    L2  =  0.0156885
 Ave. Gg      L0  =  0.124072 eV
 Ave. Gg      L1  =  0.129193 eV
 Ave. Gg      L2  =  0.121708 eV
 Ave. D       L0  =  26.4352 eV
 Ave. D       L1  =  15.1058 eV
 Ave. D       L2  =  21.1482 eV
 Ave. S       L0  =  0.000127385 eV
 Ave. S       L1  =  0.000240925 eV
 Ave. S       L2  =  8.53966e-05 eV
 =========================================
 ... End of final reconstruction and testing ...

 ... grouping is not optimum, change to 70 groups
 ... Produce MF33 based on MF32 and 10 random files
 ... MF3 of n-Sb126m.reconst (3 sections) added to the files for ENDSAM
 ... run endsam for 10 in groups of 1 global run
 ... run endsam from 1 to 10
 ... random files: total width GT set to Gn+Gg+Gf (610 resonances in 10 files)
 ... reorder resonance position after endsam (sampling)
 ... preparing the vectors  ... done
 ... nominal file 0 Cap(th)  ave= 9.149E+00 b. +/- 0.00 % || Ela(th) ave= 5.183E+00 b. +/- 0.00 % || RIcap ave= 1.94E+02 b. +/- 0.00 % || Macs30 ave= 6.20E-01 b. +/- 0.00 % || Gn^0(l=0) ave= 6.048E-03 +/- 0.00 % Gn^0(l=1) ave= 2.039E-02 +/- 0.00 % Gn^0(l=2) ave= 1.569E-02 +/- 0.00 % Gn^0(l=3) ave= 0.000E+00 +/- 0.00 % || Gtotal(l=0) ave= 1.847E-01 +/- 0.00 % Gtotal(l=1) ave= 1.293E-01 +/- 0.00 % Gtotal(l=2) ave= 1.217E-01 +/- 0.00 % Gtotal(l=3) ave= 0.000E+00 +/- 0.00 %  % || Gg(l=0) ave= 1.241E-01 +/- 0.00 % Gg(l=1) ave= 1.292E-01 +/- 0.00 % Gg(l=2) ave= 1.217E-01 +/- 0.00 % Gg(l=3) ave= 0.000E+00 +/- 0.00 %  % || D(l=0) ave= 2.644E+01 +/- 0.00 % D(l=1) ave= 1.511E+01 +/- 0.00 % D(l=2) ave= 2.115E+01 +/- 0.00 % D(l=3) ave= 0.000E+00 +/- 0.00 %  % || S(l=0) ave= 1.274E-04 +/- 0.00 % S(l=1) ave= 2.409E-04 +/- 0.00 % S(l=2) ave= 8.540E-05 +/- 0.00 % S(l=3) ave= 0.000E+00 +/- 0.00 % 
 ... random file  1 Cap(th)  ave= 8.029E+00 b. +/- 13.96 % || Ela(th) ave= 5.249E+00 b. +/- 1.26 % || RIcap ave= 1.59E+02 b. +/- 22.45 % || Macs30 ave= 6.19E-01 b. +/- 0.02 % || Gn^0(l=0) ave= 5.883E-03 +/- 2.81 % Gn^0(l=1) ave= 2.009E-02 +/- 1.51 % Gn^0(l=2) ave= 1.534E-02 +/- 2.29 % Gn^0(l=3) ave= 0.000E+00 +/- 0.00 % || Gtotal(l=0) ave= 1.855E-01 +/- 0.46 % Gtotal(l=1) ave= 1.443E-01 +/- 10.43 % Gtotal(l=2) ave= 1.167E-01 +/- 4.25 % Gtotal(l=3) ave= 0.000E+00 +/- 0.00 %  % || Gg(l=0) ave= 1.290E-01 +/- 3.79 % Gg(l=1) ave= 1.442E-01 +/- 10.44 % Gg(l=2) ave= 1.167E-01 +/- 4.25 % Gg(l=3) ave= 0.000E+00 +/- 0.00 %  % || D(l=0) ave= 2.832E+01 +/- 6.67 % D(l=1) ave= 1.511E+01 +/- 0.00 % D(l=2) ave= 2.115E+01 +/- 0.00 % D(l=3) ave= 0.000E+00 +/- 0.00 %  % || S(l=0) ave= 1.181E-04 +/- 7.89 % S(l=1) ave= 2.373E-04 +/- 1.54 % S(l=2) ave= 8.349E-05 +/- 2.29 % S(l=3) ave= 0.000E+00 +/- 0.00 % 
 ... random file  2 Cap(th)  ave= 8.442E+00 b. +/- 12.86 % || Ela(th) ave= 5.329E+00 b. +/- 2.36 % || RIcap ave= 1.65E+02 b. +/- 18.39 % || Macs30 ave= 6.19E-01 b. +/- 0.02 % || Gn^0(l=0) ave= 5.931E-03 +/- 2.55 % Gn^0(l=1) ave= 1.983E-02 +/- 2.23 % Gn^0(l=2) ave= 1.494E-02 +/- 4.18 % Gn^0(l=3) ave= 0.000E+00 +/- 0.00 % || Gtotal(l=0) ave= 1.788E-01 +/- 5.32 % Gtotal(l=1) ave= 1.607E-01 +/- 16.35 % Gtotal(l=2) ave= 1.267E-01 +/- 11.56 % Gtotal(l=3) ave= 0.000E+00 +/- 0.00 %  % || Gg(l=0) ave= 1.210E-01 +/- 9.89 % Gg(l=1) ave= 1.607E-01 +/- 16.35 % Gg(l=2) ave= 1.267E-01 +/- 11.56 % Gg(l=3) ave= 0.000E+00 +/- 0.00 %  % || D(l=0) ave= 2.769E+01 +/- 6.43 % D(l=1) ave= 1.511E+01 +/- 0.00 % D(l=2) ave= 2.115E+01 +/- 0.00 % D(l=3) ave= 0.000E+00 +/- 0.00 %  % || S(l=0) ave= 1.211E-04 +/- 7.19 % S(l=1) ave= 2.341E-04 +/- 2.28 % S(l=2) ave= 8.135E-05 +/- 4.19 % S(l=3) ave= 0.000E+00 +/- 0.00 % 
 ... random file  3 Cap(th)  ave= 8.684E+00 b. +/- 11.85 % || Ela(th) ave= 5.166E+00 b. +/- 5.86 % || RIcap ave= 1.68E+02 b. +/- 15.97 % || Macs30 ave= 6.19E-01 b. +/- 0.02 % || Gn^0(l=0) ave= 5.963E-03 +/- 2.39 % Gn^0(l=1) ave= 2.048E-02 +/- 5.81 % Gn^0(l=2) ave= 1.597E-02 +/- 11.63 % Gn^0(l=3) ave= 0.000E+00 +/- 0.00 % || Gtotal(l=0) ave= 1.790E-01 +/- 4.60 % Gtotal(l=1) ave= 1.607E-01 +/- 14.16 % Gtotal(l=2) ave= 1.294E-01 +/- 10.43 % Gtotal(l=3) ave= 0.000E+00 +/- 0.00 %  % || Gg(l=0) ave= 1.205E-01 +/- 8.62 % Gg(l=1) ave= 1.607E-01 +/- 14.16 % Gg(l=2) ave= 1.294E-01 +/- 10.43 % Gg(l=3) ave= 0.000E+00 +/- 0.00 %  % || D(l=0) ave= 2.738E+01 +/- 5.97 % D(l=1) ave= 1.511E+01 +/- 0.00 % D(l=2) ave= 2.115E+01 +/- 0.00 % D(l=3) ave= 0.000E+00 +/- 0.00 %  % || S(l=0) ave= 1.227E-04 +/- 6.55 % S(l=1) ave= 2.419E-04 +/- 5.86 % S(l=2) ave= 8.693E-05 +/- 11.63 % S(l=3) ave= 0.000E+00 +/- 0.00 % 
 ... random file  4 Cap(th)  ave= 8.120E+00 b. +/- 17.93 % || Ela(th) ave= 5.320E+00 b. +/- 7.71 % || RIcap ave= 1.70E+02 b. +/- 14.30 % || Macs30 ave= 6.19E-01 b. +/- 0.02 % || Gn^0(l=0) ave= 5.984E-03 +/- 2.24 % Gn^0(l=1) ave= 1.996E-02 +/- 7.47 % Gn^0(l=2) ave= 1.517E-02 +/- 15.23 % Gn^0(l=3) ave= 0.000E+00 +/- 0.00 % || Gtotal(l=0) ave= 1.811E-01 +/- 4.68 % Gtotal(l=1) ave= 1.490E-01 +/- 20.88 % Gtotal(l=2) ave= 1.253E-01 +/- 11.60 % Gtotal(l=3) ave= 0.000E+00 +/- 0.00 %  % || Gg(l=0) ave= 1.222E-01 +/- 8.08 % Gg(l=1) ave= 1.489E-01 +/- 20.89 % Gg(l=2) ave= 1.253E-01 +/- 11.60 % Gg(l=3) ave= 0.000E+00 +/- 0.00 %  % || D(l=0) ave= 2.719E+01 +/- 5.56 % D(l=1) ave= 1.511E+01 +/- 0.00 % D(l=2) ave= 2.115E+01 +/- 0.00 % D(l=3) ave= 0.000E+00 +/- 0.00 %  % || S(l=0) ave= 1.237E-04 +/- 6.04 % S(l=1) ave= 2.357E-04 +/- 7.49 % S(l=2) ave= 8.256E-05 +/- 15.23 % S(l=3) ave= 0.000E+00 +/- 0.00 % 
 ... random file  5 Cap(th)  ave= 8.382E+00 b. +/- 17.33 % || Ela(th) ave= 5.417E+00 b. +/- 7.98 % || RIcap ave= 1.76E+02 b. +/- 14.84 % || Macs30 ave= 6.19E-01 b. +/- 0.02 % || Gn^0(l=0) ave= 5.999E-03 +/- 2.11 % Gn^0(l=1) ave= 1.963E-02 +/- 7.87 % Gn^0(l=2) ave= 1.467E-02 +/- 16.23 % Gn^0(l=3) ave= 0.000E+00 +/- 0.00 % || Gtotal(l=0) ave= 1.862E-01 +/- 7.38 % Gtotal(l=1) ave= 1.478E-01 +/- 19.29 % Gtotal(l=2) ave= 1.307E-01 +/- 13.72 % Gtotal(l=3) ave= 0.000E+00 +/- 0.00 %  % || Gg(l=0) ave= 1.270E-01 +/- 10.95 % Gg(l=1) ave= 1.477E-01 +/- 19.30 % Gg(l=2) ave= 1.307E-01 +/- 13.72 % Gg(l=3) ave= 0.000E+00 +/- 0.00 %  % || D(l=0) ave= 2.706E+01 +/- 5.20 % D(l=1) ave= 1.511E+01 +/- 0.00 % D(l=2) ave= 2.115E+01 +/- 0.00 % D(l=3) ave= 0.000E+00 +/- 0.00 %  % || S(l=0) ave= 1.244E-04 +/- 5.64 % S(l=1) ave= 2.319E-04 +/- 7.86 % S(l=2) ave= 7.987E-05 +/- 16.23 % S(l=3) ave= 0.000E+00 +/- 0.00 % 
 ... random file  6 Cap(th)  ave= 8.169E+00 b. +/- 17.66 % || Ela(th) ave= 5.415E+00 b. +/- 7.39 % || RIcap ave= 1.73E+02 b. +/- 14.46 % || Macs30 ave= 6.20E-01 b. +/- 0.02 % || Gn^0(l=0) ave= 6.003E-03 +/- 1.96 % Gn^0(l=1) ave= 1.962E-02 +/- 7.29 % Gn^0(l=2) ave= 1.464E-02 +/- 15.07 % Gn^0(l=3) ave= 0.000E+00 +/- 0.00 % || Gtotal(l=0) ave= 1.825E-01 +/- 8.53 % Gtotal(l=1) ave= 1.458E-01 +/- 18.43 % Gtotal(l=2) ave= 1.282E-01 +/- 13.80 % Gtotal(l=3) ave= 0.000E+00 +/- 0.00 %  % || Gg(l=0) ave= 1.231E-01 +/- 12.91 % Gg(l=1) ave= 1.457E-01 +/- 18.44 % Gg(l=2) ave= 1.282E-01 +/- 13.80 % Gg(l=3) ave= 0.000E+00 +/- 0.00 %  % || D(l=0) ave= 2.697E+01 +/- 4.90 % D(l=1) ave= 1.511E+01 +/- 0.00 % D(l=2) ave= 2.115E+01 +/- 0.00 % D(l=3) ave= 0.000E+00 +/- 0.00 %  % || S(l=0) ave= 1.248E-04 +/- 5.25 % S(l=1) ave= 2.317E-04 +/- 7.29 % S(l=2) ave= 7.970E-05 +/- 15.07 % S(l=3) ave= 0.000E+00 +/- 0.00 % 
 ... random file  7 Cap(th)  ave= 8.264E+00 b. +/- 16.61 % || Ela(th) ave= 5.279E+00 b. +/- 9.84 % || RIcap ave= 1.76E+02 b. +/- 13.92 % || Macs30 ave= 6.20E-01 b. +/- 0.02 % || Gn^0(l=0) ave= 5.972E-03 +/- 2.28 % Gn^0(l=1) ave= 2.022E-02 +/- 10.30 % Gn^0(l=2) ave= 1.560E-02 +/- 20.91 % Gn^0(l=3) ave= 0.000E+00 +/- 0.00 % || Gtotal(l=0) ave= 1.861E-01 +/- 9.34 % Gtotal(l=1) ave= 1.426E-01 +/- 18.60 % Gtotal(l=2) ave= 1.277E-01 +/- 13.00 % Gtotal(l=3) ave= 0.000E+00 +/- 0.00 %  % || Gg(l=0) ave= 1.275E-01 +/- 14.80 % Gg(l=1) ave= 1.425E-01 +/- 18.60 % Gg(l=2) ave= 1.277E-01 +/- 13.00 % Gg(l=3) ave= 0.000E+00 +/- 0.00 %  % || D(l=0) ave= 2.738E+01 +/- 5.97 % D(l=1) ave= 1.511E+01 +/- 0.00 % D(l=2) ave= 2.115E+01 +/- 0.00 % D(l=3) ave= 0.000E+00 +/- 0.00 %  % || S(l=0) ave= 1.228E-04 +/- 6.48 % S(l=1) ave= 2.388E-04 +/- 10.28 % S(l=2) ave= 8.489E-05 +/- 20.91 % S(l=3) ave= 0.000E+00 +/- 0.00 % 
 ... random file  8 Cap(th)  ave= 8.021E+00 b. +/- 18.26 % || Ela(th) ave= 5.228E+00 b. +/- 9.76 % || RIcap ave= 1.75E+02 b. +/- 13.20 % || Macs30 ave= 6.20E-01 b. +/- 0.02 % || Gn^0(l=0) ave= 5.981E-03 +/- 2.18 % Gn^0(l=1) ave= 2.038E-02 +/- 9.88 % Gn^0(l=2) ave= 1.585E-02 +/- 19.92 % Gn^0(l=3) ave= 0.000E+00 +/- 0.00 % || Gtotal(l=0) ave= 1.840E-01 +/- 9.48 % Gtotal(l=1) ave= 1.416E-01 +/- 17.77 % Gtotal(l=2) ave= 1.302E-01 +/- 13.19 % Gtotal(l=3) ave= 0.000E+00 +/- 0.00 %  % || Gg(l=0) ave= 1.252E-01 +/- 15.16 % Gg(l=1) ave= 1.415E-01 +/- 17.78 % Gg(l=2) ave= 1.302E-01 +/- 13.19 % Gg(l=3) ave= 0.000E+00 +/- 0.00 %  % || D(l=0) ave= 2.727E+01 +/- 5.76 % D(l=1) ave= 1.511E+01 +/- 0.00 % D(l=2) ave= 2.115E+01 +/- 0.00 % D(l=3) ave= 0.000E+00 +/- 0.00 %  % || S(l=0) ave= 1.233E-04 +/- 6.19 % S(l=1) ave= 2.406E-04 +/- 9.85 % S(l=2) ave= 8.628E-05 +/- 19.92 % S(l=3) ave= 0.000E+00 +/- 0.00 % 
 ... random file  9 Cap(th)  ave= 7.927E+00 b. +/- 17.88 % || Ela(th) ave= 5.246E+00 b. +/- 9.28 % || RIcap ave= 1.74E+02 b. +/- 12.70 % || Macs30 ave= 6.20E-01 b. +/- 0.02 % || Gn^0(l=0) ave= 5.952E-03 +/- 2.55 % Gn^0(l=1) ave= 2.030E-02 +/- 9.48 % Gn^0(l=2) ave= 1.573E-02 +/- 19.17 % Gn^0(l=3) ave= 0.000E+00 +/- 0.00 % || Gtotal(l=0) ave= 1.816E-01 +/- 9.93 % Gtotal(l=1) ave= 1.393E-01 +/- 17.80 % Gtotal(l=2) ave= 1.283E-01 +/- 13.48 % Gtotal(l=3) ave= 0.000E+00 +/- 0.00 %  % || Gg(l=0) ave= 1.235E-01 +/- 15.18 % Gg(l=1) ave= 1.393E-01 +/- 17.81 % Gg(l=2) ave= 1.283E-01 +/- 13.48 % Gg(l=3) ave= 0.000E+00 +/- 0.00 %  % || D(l=0) ave= 2.757E+01 +/- 6.28 % D(l=1) ave= 1.511E+01 +/- 0.00 % D(l=2) ave= 2.115E+01 +/- 0.00 % D(l=3) ave= 0.000E+00 +/- 0.00 %  % || S(l=0) ave= 1.218E-04 +/- 7.04 % S(l=1) ave= 2.397E-04 +/- 9.45 % S(l=2) ave= 8.563E-05 +/- 19.17 % S(l=3) ave= 0.000E+00 +/- 0.00 % 
 ... random file  10 Cap(th)  ave= 8.176E+00 b. +/- 19.13 % || Ela(th) ave= 5.277E+00 b. +/- 8.99 % || RIcap ave= 1.77E+02 b. +/- 13.19 % || Macs30 ave= 6.20E-01 b. +/- 0.02 % || Gn^0(l=0) ave= 5.967E-03 +/- 2.56 % Gn^0(l=1) ave= 2.018E-02 +/- 9.27 % Gn^0(l=2) ave= 1.552E-02 +/- 19.00 % Gn^0(l=3) ave= 0.000E+00 +/- 0.00 % || Gtotal(l=0) ave= 1.818E-01 +/- 9.47 % Gtotal(l=1) ave= 1.385E-01 +/- 17.17 % Gtotal(l=2) ave= 1.258E-01 +/- 14.47 % Gtotal(l=3) ave= 0.000E+00 +/- 0.00 %  % || Gg(l=0) ave= 1.234E-01 +/- 14.49 % Gg(l=1) ave= 1.384E-01 +/- 17.18 % Gg(l=2) ave= 1.258E-01 +/- 14.47 % Gg(l=3) ave= 0.000E+00 +/- 0.00 %  % || D(l=0) ave= 2.747E+01 +/- 6.12 % D(l=1) ave= 1.511E+01 +/- 0.00 % D(l=2) ave= 2.115E+01 +/- 0.00 % D(l=3) ave= 0.000E+00 +/- 0.00 %  % || S(l=0) ave= 1.225E-04 +/- 6.88 % S(l=1) ave= 2.384E-04 +/- 9.24 % S(l=2) ave= 8.450E-05 +/- 19.00 % S(l=3) ave= 0.000E+00 +/- 0.00 % 
 ... Histogram plot for thermal (n,g)
 ... Write covariances  ... MT1  ... plot correlations
 ... MT2  ... MT102 


 ================================================
 ============== From 10 random values === start ======
 Thermal (n,tot) xs  0 K =  13.4527 b. +/- 1.60559 b. ( 11.935 %) skew= +0.21 +/- 0.66
 Thermal (n,el) xs   0 K =  5.27675 b. +/- 0.474561 b. ( 8.99344 %) skew= -0.51 +/- 0.66
 Thermal (n,g) xs    0 K =  8.17597 b. +/- 1.56369 b. ( 19.1254 %) skew= -0.09 +/- 0.66
 RI      (n,g)       0 K =  177.485 b. +/- 23.405 b. ( 13.187 %) 
 MACS    (n,g)       0 K (at Emacs= 30000 eV) =  0.619531 b. +/- 0.000111066 b. ( 0.0179275 %) 
 Ave. Gtotal  L=0        =  1.818E-01 +/- 9.47 %
 Ave. Gn^(0)  L=0        =  5.967E-03 +/- 2.56 %
 Ave. Gg      L=0        =  1.234E-01 +/- 14.49 %
 Ave. D       L=0        =  2.747E+01 +/- 6.12 %
 Ave. S       L=0        =  1.225E-04 +/- 6.88 %
 Ave. Gtotal  L=1        =  1.385E-01 +/- 17.17 %
 Ave. Gn^(1)  L=1        =  2.018E-02 +/- 9.27 %
 Ave. Gg      L=1        =  1.384E-01 +/- 17.18 %
 Ave. D       L=1        =  1.511E+01 +/- 0.00 %
 Ave. S       L=1        =  2.384E-04 +/- 9.24 %
 Ave. Gtotal  L=2        =  1.258E-01 +/- 14.47 %
 Ave. Gn^(2)  L=2        =  1.552E-02 +/- 19.00 %
 Ave. Gg      L=2        =  1.258E-01 +/- 14.47 %
 Ave. D       L=2        =  2.115E+01 +/- 0.00 %
 Ave. S       L=2        =  8.450E-05 +/- 19.00 %

 Expected Thermal (n,g) (syst or meas)= 11.1637 b. +/- 7.81461 b. nominal: 9.14936 b.
 ratio Calculated/expected thermal (n,g): 0.73 ratio DCalculated/Dexpected: 0.20 ratio Calculated/Nominal: 0.89
 ============== From 10 random values ===== stop ======
 ================================================
 ... Calculation of (n,a) and (n,p) cross sections at 300 K
 ... thermal (n,a) cross section is 6.57367e-06 +/- 3.28684e-06 b.
 ... thermal (n,a) cross section is 3.85499e-06 b. (random case 1)
 ... thermal (n,a) cross section is 8.30573e-06 b. (random case 2)
 ... thermal (n,a) cross section is 5.37428e-06 b. (random case 3)
 ... thermal (n,a) cross section is 3.95189e-06 b. (random case 4)
 ... thermal (n,a) cross section is 8.98992e-06 b. (random case 5)
 ... thermal (n,a) cross section is 7.98451e-06 b. (random case 6)
 ... thermal (n,a) cross section is 8.11103e-06 b. (random case 7)
 ... thermal (n,a) cross section is 6.39537e-06 b. (random case 8)
 ... thermal (n,a) cross section is 5.55715e-06 b. (random case 9)
 ... thermal (n,a) cross section is 1.37532e-05 b. (random case 10)
 ... thermal (n,p) cross section is 6.57367e-06 +/- 3.28684e-06 b.
 ... thermal (n,p) cross section is 7.02538e-06 b. (random case 1)
 ... thermal (n,p) cross section is 3.59033e-06 b. (random case 2)
 ... thermal (n,p) cross section is 8.49223e-06 b. (random case 3)
 ... thermal (n,p) cross section is 7.58809e-06 b. (random case 4)
 ... thermal (n,p) cross section is 4.4967e-06 b. (random case 5)
 ... thermal (n,p) cross section is 4.05201e-06 b. (random case 6)
 ... thermal (n,p) cross section is 2.40673e-06 b. (random case 7)
 ... thermal (n,p) cross section is 8.94555e-06 b. (random case 8)
 ... thermal (n,p) cross section is 5.69017e-06 b. (random case 9)
 ... thermal (n,p) cross section is 9.43211e-06 b. (random case 10)
 ... Rewrite index for MF2
 ... Write text for MF1 in file mf1.tares.txt
 ... plotting cross sections for the MF1
 ... order output files


================== summary ==================
 Thermal (n,tot) xs = 14.3326 b. 
 Thermal (n,el)  xs = 5.18324 b. 
 Thermal (n,g)   xs = 9.14936 b. (meas/sys: 11.1637 b.)
 At 300 K (thermal adjustment): (n,el) = 5.20424 b., (n,g) = 9.15426 b.

 RI      (n,g)      = 194.226 b. (meas or sys: - b.)
 RI      (n,el)     = 117.087 b.
=============================================


 ... cleaning
                                                 
  -------------------------------------------------------------
  -                                                           -
  - TARES: successful end of run with data from hypothetical  -
  - resonances for  Z= 51, A= 126 and isomer= 1               -
  - half-life: 19.150000 min. 
  -                                                           -
  -------------------------------------------------------------

   Running time:       14 seconds

 End time: Fri Oct  9 11:46:27 2026

