
  -------------------------------------------------------------
  -                                                           -
  -              Welcome to TARES version 1.8                 -
  -                                                           -
  -  (C) Copyright 2007-2025 D. Rochman, All Rights Reserved  -
  -           NRG, Petten, the Netherlands 2007-2014          -
  -           PSI, Villigen    Switzerland 2015-2025          -
  -         Nagra, Wettingen   Switzerland 2025-              -
  -           (Last Modified October 06, 2026)                -
  -           (Database from October 06, 2026)                -
  -                                                           -
  -------------------------------------------------------------


  ---------------------------------------------
   Compilation information:
   Compiled on:         Oct  8 2026, 18:36:06
   Compiled by:         koning
   Compiler version:    clang++ - 21.0.0
   Source location:     /Users/koning/tares-1.8/source/Module/
   Binaries location:   /Users/koning/bin
   System:              Darwin 25.6.0
   System version:      Darwin Kernel Version 25.6.0: Fri Jul 31 19:19:08 PDT 2026; root:xnu-12377.161.14~5/RELEASE_ARM64_T6050  
   Machine:             arm64 
  ---------------------------------------------

   User information:
   User name:           koning
   Running directory:   /Users/koning/tendl/resbase/Sb120/work
   Owner mode for running directory : rwx
   Group mode for running directory : r-x
  ---------------------------------------------


 Starting time: Fri Oct  9 11:46:55 2026
 ... inputs directory found (/Users/koning/tares-1.8/source/Module//../../inputs/).
 ... It will be used for resonance parameters 
 ... ###############################################
 ... #     read the input file tares.inp
 ... ###############################################
 ... line: #
 ... line: # Input file generated by Autorochman
          --> line not read
 ... line: #
 ... line: isotope    Sb
          --> Isotope name: Sb
 ... line: mass       120
          --> isotopic mass: 120
 ... line: output     n-Sb120
         ---> Name of the output files: n-Sb120
 ... line: isomer     0
          --> isomeric state: 0
 ... line: mf32mf33   y
          --> MF33 based on MF32: y
 ... line: nbrRandom  6
          --> Nbr of random files: 6
 ... ###############################################
 ... # end read the input file tares.inp
 ... ###############################################
Value for random generator type not considered in since Tares 1.7 due to compilation issues

 ... ###############################################
     #   Interpretation of the Input definition    #
     ###############################################

 ... Default energy limit: End of resonance region
 ... Nuclear charge    = 51
 ... Element           = Sb
 ... Mass              = 120
 ... Isomer            = 0
 ... Correlation for (Gn,Gg) not included in random files
 ... Default random option: No random
 ... Output name: n-Sb120
 ... Energy for the MACS: 30000 eV
 ... Resonances from CALENDF reduced (reduce=y) 
 ... For URR, level density model from TALYS selected: 91n3n12611.2850 (see manual for description)
 ... Random Generator: default (pseudo random numbers from ansi c++)
 ... Reconstruction of cross section selected
 ... Doppler broadening at 0 Kelvin
 ... URR not included (from the input file flag)
 ... Weight for grouping is flat
 ... Calculation of (n,alpha) cross section selected
 ... Number of digit for MF32c covariance representation: 2
 ... MF32 included
 ... MF33 will be used for covariance processing
 ... TENDL option set to yes (automatic choice of MF2 and format)
 ... Isotope not found in the best file --> use of MLBW formalism
 ... default option: Multi level Breit Wigner approximation selected
 ... (check file best.tendl.yes for changing this option)
 ... Retroactive option set to no with the 2025 option
 ... ladder option set to yes (CALENDF will be used for statistical resonances)

 ... ###############################################
     #           End of Input definition           #
     ###############################################

 ... gnuplot found, will be used for plotting
 ... latex found, will be used for plotting
 ... dvips found, will be used for plotting
 ... ps2epsi not found, limited plotting available
 ... uncertainties on default parameters multiplied by 1.1462
 ... Read resonance data from the 2025 directory
 ... Resonance parameters taken from /Users/koning/tares-1.8/source/Module//../../inputs/2025/Resonance/default/
 ---> Processing Z= 51 and A= 120 and isomer= 0 (level number: 0)
 Exfor path; Could not find /Users/koning/tares-1.8/source/Module//../../inputs/exfor/Sb120/xs/102
Thermal file; Could not open file /Users/koning/tares-1.8/source/Module//../../inputs/2025/runThermal/results//thermal.mxw.ng.cendl3.1
Thermal file; Could not open file /Users/koning/tares-1.8/source/Module//../../inputs/2025/runThermal/results//thermal.mxw.ng.brond3.1
Thermal file; Could not open file /Users/koning/tares-1.8/source/Module//../../inputs/2025/runThermal/results//thermal.xs.ng.unc.cendl3.1
 ... spin taken from the final/ directory (1)
 ... The spin found in level file ( 1 ) and the one in the urr file ( 5.5 ) differ

 ... ###############################################
 ... #  Nucleus global parameters (2025 database)  #
 ... ###############################################
 0. Half-life: 15.89 min. 
 ... Scattering radius from TALYS: /Users/koning/tares-1.8/source/Module//../../inputs/2025/lib.urr/talys.urr/
 1. Spin of the target isotope: 1
 2. Relative Atomic Mass of the target isotope: 119.905
 3. Scattering radius (local compilation): 6.55335 fm +/- 0.13762 fm
      .......................................
      ... Thermal capture cross sections: ...
 4. Thermal (n,g) cross section from systematics (TALYS, urr.dat): 47.7513 +/- 33.4259 b.
 5. Thermal (n,g) cross section from compilation (Firestone-2022 average on element Sb): 5.5 +/- 0.4 b.
 6. Thermal (n,g) cross section from compilation (Firestone-2022 final on element Sb): 5.02 +/- 0.12 b.
 7. Thermal (n,g) cross section from TENDL-2023: 6.22 +/- 2.437 b.
 8. Thermal (n,g) cross section from JENDL-5.0: 19.96 b.
      .......................................
      ...  Thermal total cross sections:  ...
      .......................................
      ... Thermal elastic cross sections: ...
 9. Thermal (n,el) cross section from potential (4piR^2): 8.23599 +/- 0.411799 b.
      .......................................
             ... Resonance integral: ...
 10. No capture integral found in /Users/koning/tares-1.8/source/Module//../../inputs/capture.integral
 ... no RI(n,g) found in local compilation, take 2018 value.
 ... no RI(n,g) found in local compilation, take Sukhoruchkin value.
   ---- MACS 30 keV ----- 
 11. TALYS MACS 30 keV (HF): 1.67451 b. 
   ---------- S0 -------- 
 12. S0 from TALYS: 0.824955
   ---------- S1 -------- 
 13. S1 from TALYS: 2.40254
   ---------- S2 -------- 
 14. S2 from TALYS: 0.661996
   ---------- D0 -------- 
 15. D0 from TALYS: 3.35457 eV
   ---------- D1 -------- 
 16. D1 from TALYS: 1.75672 eV
   ---------- D2 -------- 
 17. D2 from TALYS: 1.1198 eV
   ---------- G0 -------- 
 18. Gg0 from TALYS: 0.12282 eV
   ---------- G1 -------- 
 19. Gg1 from TALYS: 0.124319 eV
   ---------- G2 -------- 
 20. Gg2 from TALYS: 0.12282 eV


   ---------------------- 
 ... Read resonance parameters (format: 2: Multi Level Breit Wigner)
 ... 0 resonances found 
 ... possibly no resonances in the Resonance directory for this isotope and options
 ... Use HFR (ladder) behavior 
 --> 22. Number of resonances from the input file: 2 up to 1.67728 eV
 23. Read nuclear quantities (mass, MAT...)
 24. Read thermal (n,g) xs 
 25. Read the scattering radius 
 26. Read uncertainty on Gg for 2 resonances
 27. Read uncertainty on Gg for 2 resonances ... done
 ... order resonances 
 ... Upper limit for the RRR: 1.67728 eV (no statistical resonances HFR) from the limit.RRR file
 ... Write parameters for l=0 waves
 ... End writing original MF2 
 ... No RRR in the database: uncertainties on default parameters multiplied by 1.99753
 ... Enter in urr function (ladder option set to y) for file n-Sb120
 ... read the file /Users/koning/tares-1.8/source/Module//../../inputs/2025/list.jcs.urr to find URR origin
 Default URR taken from TALYS calculations with level density model: 91n3n12611.2850
 File considered for the URR: /Users/koning/tares-1.8/source/Module//../../inputs/2025/lib.urr/talys.urr/91n3n12611.2850/Sb/urr/urr.dat.Sb.120.000.0.gz
 ... Write URR using TALYS average parameters (used for HFR)
 ... Limit of URR changed to 25 keV (recommendation from WPEC and JEFF)
 ... Extract the Sn value from file ./urr.dat.Sb.120.0.0
 ... found Sn= 9.25334 MeV
 ... estimated number of resonances up to 191.966 eV:  57.2252 resonances
 ... This is a test here. The higher energy limit to include URR data for calendf is set to max Sn. 24/03/2016
 ... Use Sn to define the maximum energy for the URR: Sn= 9.25334 MeV --> last_energyURR= 191.966 eV
 ... read D0, S0, Gn and Gg
 ... number of URR energies: 1233
 Number of l: 1233 and last energy: 9
 Last  URR energy: 191.966 eV
 ... Enter in to_MLBW_mf2 function
 ... Convert to Multi Level Breit Wigner (MLBW)
 ... Write parameter covariances (MF32) for l=0
 ... Convert parameter covariances (MF32) to MLBW
 ... copy the mf2 and mf32 to .mlbw files
 ... Enter in urr_correct function case 1
 Modify the higher limit of RRR in MF2
 --> old value: 1.685671+0 eV new value: 1.000000-2 eV
 Modify resonance covariances (MF32) to include correlations in the URR
 End Modify resonance covariances (MF32) to include correlations in the URR
 ... Enter in calendf_xs function
 Use CALENDF for statistical resonances (update MF2) up to 1.919660+2 eV (initial limit)
 Extract resonances from CALENDF for RRR->URR 2
 196 statistical resonances found
 After reduction, 179 statistical resonances found
 ... checking resonance order 1
 ... checking resonance order 2nd round for 177 resonances
 ... end checking resonance order 2nd round
 Too many resonances (177): reduced to 100.
 .......................................................
 ... Adjustment to the thermal cross section : start ...
 .......................................................

 Before adjustment (adjustment to the thermal cross section set to y)
 ... Import MF2 from TARES calculations
 ... End energy of TARES MF2 : 1.096454E+2 eV and limit to 40000 resonances
 ... File used for reconstruction: new.temp22.reconst
 ... run RECENT ...
 ... Doppler broadened at a unique temperature: 300 Kelvin using sigma1
 ... run SIGMA1 at 3.000000E+02 K.

 ============== INTER values at 300 Kelvin ==============
 Thermal (n,g) xs =  423.361 b. (meas/sys: 47.7513 b.) (warning: comparison to be done at 296 or 300 K)
 Th Maxw (n,g) xs =  439.52 b. (thermal Maxwellian value)
 Westcott factor  =  1.03816
 RI      (n,g)    =  2832.49 b. (meas or sys: - b.)
 MACS 3.000e+04 eV=  1.4503 b. (meas or sys: - b.) from 1.00E+00 to 2.00E+07 eV (end of RRR) at T= 300 Kelvin 
 Thermal (n,el) xs=  4.05064 b.
 RI      (n,el)   =  53.297 b.
 ============= PSYCHE values ==============
 Ave. G_total L0  =  0.125598 eV
 Ave. G_total L1  =  0.121157 eV
 Ave. Gn_0    L0  =  0.000510975
 Ave. Gn_0    L1  =  0.00184095
 Ave. Gg      L0  =  0.121544 eV
 Ave. Gg      L1  =  0.121155 eV
 Ave. D       L0  =  3.32259 eV
 Ave. D       L1  =  2.23766 eV
 Ave. S       L0  =  8.55989e-05 eV
 Ave. S       L1  =  0.000163739 eV
 =========================================
 Calculated capture integral   2832.49 b.
 Calculated thermal (n,g)=          423.360909 b. and recommended= 47.7513 b. (C/E= 8.86596)
 Calculated RI      (n,g)= 2832.49 b. (no reference value)
 ... tolerances: thermal (n,g) 20 % (reference uncertainties, minimum 2% and 5%, maximum 20%)
 Adjust the capture widths ...
 ... capture adjusted with Gn for 100 resonances (Gn<Gg) and with Gg for 0 resonances
 ... iteration 0: C/E thermal (n,g)= 8.86596

 <-------- After adjustment -------->
 ... Import MF2 from TARES calculations
 ... End energy of TARES MF2 : 1.096454E+2 eV and limit to 40000 resonances
 ... File used for reconstruction: new.temp22.reconst
 ... run RECENT ...
 ... Doppler broadened at a unique temperature: 300 Kelvin using sigma1
 ... run SIGMA1 at 3.000000E+02 K.

 ============== INTER values at 300 Kelvin ==============
 Thermal (n,g) xs =  56.3471 b. (meas/sys: 47.7513 b.) (warning: comparison to be done at 296 or 300 K)
 Th Maxw (n,g) xs =  58.497 b. (thermal Maxwellian value)
 Westcott factor  =  1.03816
 RI      (n,g)    =  424.736 b. (meas or sys: - b.)
 MACS 3.000e+04 eV=  1.45 b. (meas or sys: - b.) from 1.00E+00 to 2.00E+07 eV (end of RRR) at T= 300 Kelvin 
 Thermal (n,el) xs=  5.178 b.
 RI      (n,el)   =  29.2236 b.
 ============= PSYCHE values ==============
 Ave. G_total L0  =  0.122083 eV
 Ave. G_total L1  =  0.121155 eV
 Ave. Gn_0    L0  =  6.80074e-05
 Ave. Gn_0    L1  =  0.000245018
 Ave. Gg      L0  =  0.121544 eV
 Ave. Gg      L1  =  0.121155 eV
 Ave. D       L0  =  3.32259 eV
 Ave. D       L1  =  2.23766 eV
 Ave. S       L0  =  1.13927e-05 eV
 Ave. S       L1  =  2.17925e-05 eV
 =========================================
 ... iteration 1: C/E thermal (n,g)= 1.18001


 ... ratio C/E thermal (n,g): 1.180011E+00
 ...................................................... 
 ... Adjustment to the thermal cross section : stop ...
 ...................................................... 
 ... new MF2 file after adjustment: n-Sb120
 ... read the file /Users/koning/tares-1.8/source/Module//../../inputs/2025/list.jcs.urr to find URR origin
 Default URR taken from TALYS calculations with level density model: 91n3n12611.2850
 File considered for the URR: /Users/koning/tares-1.8/source/Module//../../inputs/2025/lib.urr/talys.urr/91n3n12611.2850/Sb/urr/urr.dat.Sb.120.000.0.gz
 ... Write URR using TALYS average parameters (not used for HFR)
 ... Limit of URR changed to 25 keV (recommendation from WPEC and JEFF)
 ... read D0, S0, Gn and Gg
 ... number of URR energies: 711
 Number of l: 711 and last energy: 9
 Last  URR energy: 8286.3 eV
 Energies in the URR : 711 -> reduced by a factor 2
 Energies in the URR : 387 -> reduced by a factor 2
 ... Enter in urr_correct function case 2
 Modify the higher limit of RRR in MF2
 --> old value: 1.096454+2 eV new value: 1.096454+2 eV
 Modify resonance covariances (MF32) to include correlations in the URR
 End Modify resonance covariances (MF32) to include correlations in the URR
 ... Enter in update_MF32 function
 ... Change uncertainties
 ... for the HFR, random position of the positive resonances with 0.020000 %
 ... end of update MF32 function
 ... GLS calculation of the parameter correlations from the thermal/RI adjustment (MF32c)
 ... MF32: correlations from the thermal/RI adjustment (GLS) for 2 resonances (4 widths), 1 correlation lines
 ...   thermal (n,g): uncertainty from these widths 23.8073 b. -> 19.3915 b. (reference: 47.7513 +/- 33.4259 b.)
 ... copy the mf2 and mf32 to .mlbw files

 ... Start of final reconstruction and testing ...
 ... Reconstruction of cross sections at 0 Kelvin  ... Import MF2 from TARES calculations
 ... End energy of TARES MF2 : 1.096454E+2 eV and limit to 40000 resonances
 ... File used for reconstruction: n-Sb120.reconst
 ... run RECENT ...
 ... Doppler broadened at a unique temperature: 0 Kelvin using sigma1
 ... The keyword temperature is zero, no Doppler broadening for the MACS

 ============== INTER values at 0 Kelvin ==============
 Thermal (n,g) xs =  56.2777 b. (meas/sys: 47.7513 b.) (warning: comparison to be done at 296 or 300 K)
 Th Maxw (n,g) xs =  58.103 b. (thermal Maxwellian value)
 Westcott factor  =  1.03243
 RI      (n,g)    =  423.805 b. (meas or sys: - b.)
 MACS 3.000e+04 eV=  1.4412 b. (meas or sys: - b.) from 1.00E+00 to 1.10E+02 eV (end of RRR) at T= 0 Kelvin 
 Thermal (n,el) xs=  5.15625 b.
 RI      (n,el)   =  29.166 b.
 ============= PSYCHE values ==============
 Ave. G_total L0  =  0.122083 eV
 Ave. G_total L1  =  0.121155 eV
 Ave. Gn_0    L0  =  6.80074e-05
 Ave. Gn_0    L1  =  0.000245018
 Ave. Gg      L0  =  0.121544 eV
 Ave. Gg      L1  =  0.121155 eV
 Ave. D       L0  =  3.32259 eV
 Ave. D       L1  =  2.23766 eV
 Ave. S       L0  =  1.13927e-05 eV
 Ave. S       L1  =  2.17925e-05 eV
 =========================================
 ... End of final reconstruction and testing ...

 ... grouping is not optimum, change to 70 groups
 ... Produce MF33 based on MF32 and 6 random files
 ... MF3 of n-Sb120.reconst (3 sections) added to the files for ENDSAM
 ... run endsam for 6 in groups of 1 global run
 ... run endsam from 1 to 6
 ... random files: total width GT set to Gn+Gg+Gf (600 resonances in 6 files)
 ... reorder resonance position after endsam (sampling)
 ... preparing the vectors  ... done
 ... nominal file 0 Cap(th)  ave= 5.628E+01 b. +/- 0.00 % || Ela(th) ave= 5.156E+00 b. +/- 0.00 % || RIcap ave= 4.24E+02 b. +/- 0.00 % || Macs30 ave= 1.44E+00 b. +/- 0.00 % || Gn^0(l=0) ave= 6.801E-05 +/- 0.00 % Gn^0(l=1) ave= 2.450E-04 +/- 0.00 % Gn^0(l=2) ave= 0.000E+00 +/- 0.00 % Gn^0(l=3) ave= 0.000E+00 +/- 0.00 % || Gtotal(l=0) ave= 1.221E-01 +/- 0.00 % Gtotal(l=1) ave= 1.212E-01 +/- 0.00 % Gtotal(l=2) ave= 0.000E+00 +/- 0.00 % Gtotal(l=3) ave= 0.000E+00 +/- 0.00 %  % || Gg(l=0) ave= 1.215E-01 +/- 0.00 % Gg(l=1) ave= 1.212E-01 +/- 0.00 % Gg(l=2) ave= 0.000E+00 +/- 0.00 % Gg(l=3) ave= 0.000E+00 +/- 0.00 %  % || D(l=0) ave= 3.323E+00 +/- 0.00 % D(l=1) ave= 2.238E+00 +/- 0.00 % D(l=2) ave= 0.000E+00 +/- 0.00 % D(l=3) ave= 0.000E+00 +/- 0.00 %  % || S(l=0) ave= 1.139E-05 +/- 0.00 % S(l=1) ave= 2.179E-05 +/- 0.00 % S(l=2) ave= 0.000E+00 +/- 0.00 % S(l=3) ave= 0.000E+00 +/- 0.00 % 
 ... random file  1 Cap(th)  ave= 4.903E+01 b. +/- 14.78 % || Ela(th) ave= 5.282E+00 b. +/- 2.37 % || RIcap ave= 4.32E+02 b. +/- 1.83 % || Macs30 ave= 1.44E+00 b. +/- 0.00 % || Gn^0(l=0) ave= 6.793E-05 +/- 0.12 % Gn^0(l=1) ave= 2.393E-04 +/- 2.38 % Gn^0(l=2) ave= 0.000E+00 +/- 0.00 % Gn^0(l=3) ave= 0.000E+00 +/- 0.00 % || Gtotal(l=0) ave= 1.178E-01 +/- 3.63 % Gtotal(l=1) ave= 1.177E-01 +/- 2.90 % Gtotal(l=2) ave= 0.000E+00 +/- 0.00 % Gtotal(l=3) ave= 0.000E+00 +/- 0.00 %  % || Gg(l=0) ave= 1.173E-01 +/- 3.64 % Gg(l=1) ave= 1.177E-01 +/- 2.91 % Gg(l=2) ave= 0.000E+00 +/- 0.00 % Gg(l=3) ave= 0.000E+00 +/- 0.00 %  % || D(l=0) ave= 3.323E+00 +/- 0.00 % D(l=1) ave= 2.238E+00 +/- 0.00 % D(l=2) ave= 0.000E+00 +/- 0.00 % D(l=3) ave= 0.000E+00 +/- 0.00 %  % || S(l=0) ave= 1.138E-05 +/- 0.11 % S(l=1) ave= 2.129E-05 +/- 2.38 % S(l=2) ave= 0.000E+00 +/- 0.00 % S(l=3) ave= 0.000E+00 +/- 0.00 % 
 ... random file  2 Cap(th)  ave= 4.563E+01 b. +/- 16.71 % || Ela(th) ave= 4.794E+00 b. +/- 14.54 % || RIcap ave= 4.33E+02 b. +/- 1.54 % || Macs30 ave= 1.44E+00 b. +/- 0.00 % || Gn^0(l=0) ave= 6.790E-05 +/- 0.12 % Gn^0(l=1) ave= 2.690E-04 +/- 15.70 % Gn^0(l=2) ave= 0.000E+00 +/- 0.00 % Gn^0(l=3) ave= 0.000E+00 +/- 0.00 % || Gtotal(l=0) ave= 1.190E-01 +/- 3.23 % Gtotal(l=1) ave= 1.192E-01 +/- 2.93 % Gtotal(l=2) ave= 0.000E+00 +/- 0.00 % Gtotal(l=3) ave= 0.000E+00 +/- 0.00 %  % || Gg(l=0) ave= 1.184E-01 +/- 3.25 % Gg(l=1) ave= 1.192E-01 +/- 2.93 % Gg(l=2) ave= 0.000E+00 +/- 0.00 % Gg(l=3) ave= 0.000E+00 +/- 0.00 %  % || D(l=0) ave= 3.323E+00 +/- 0.00 % D(l=1) ave= 2.238E+00 +/- 0.00 % D(l=2) ave= 0.000E+00 +/- 0.00 % D(l=3) ave= 0.000E+00 +/- 0.00 %  % || S(l=0) ave= 1.137E-05 +/- 0.11 % S(l=1) ave= 2.393E-05 +/- 15.70 % S(l=2) ave= 0.000E+00 +/- 0.00 % S(l=3) ave= 0.000E+00 +/- 0.00 % 
 ... random file  3 Cap(th)  ave= 4.679E+01 b. +/- 14.76 % || Ela(th) ave= 4.803E+00 b. +/- 12.58 % || RIcap ave= 4.32E+02 b. +/- 1.42 % || Macs30 ave= 1.44E+00 b. +/- 0.00 % || Gn^0(l=0) ave= 6.588E-05 +/- 5.30 % Gn^0(l=1) ave= 2.670E-04 +/- 13.76 % Gn^0(l=2) ave= 0.000E+00 +/- 0.00 % Gn^0(l=3) ave= 0.000E+00 +/- 0.00 % || Gtotal(l=0) ave= 1.223E-01 +/- 5.46 % Gtotal(l=1) ave= 1.199E-01 +/- 2.72 % Gtotal(l=2) ave= 0.000E+00 +/- 0.00 % Gtotal(l=3) ave= 0.000E+00 +/- 0.00 %  % || Gg(l=0) ave= 1.218E-01 +/- 5.51 % Gg(l=1) ave= 1.199E-01 +/- 2.72 % Gg(l=2) ave= 0.000E+00 +/- 0.00 % Gg(l=3) ave= 0.000E+00 +/- 0.00 %  % || D(l=0) ave= 3.349E+00 +/- 1.34 % D(l=1) ave= 2.238E+00 +/- 0.00 % D(l=2) ave= 0.000E+00 +/- 0.00 % D(l=3) ave= 0.000E+00 +/- 0.00 %  % || S(l=0) ave= 1.087E-05 +/- 8.08 % S(l=1) ave= 2.375E-05 +/- 13.76 % S(l=2) ave= 0.000E+00 +/- 0.00 % S(l=3) ave= 0.000E+00 +/- 0.00 % 
 ... random file  4 Cap(th)  ave= 4.465E+01 b. +/- 16.85 % || Ela(th) ave= 4.644E+00 b. +/- 13.48 % || RIcap ave= 4.30E+02 b. +/- 1.43 % || Macs30 ave= 1.44E+00 b. +/- 0.00 % || Gn^0(l=0) ave= 6.464E-05 +/- 6.18 % Gn^0(l=1) ave= 2.763E-04 +/- 13.67 % Gn^0(l=2) ave= 0.000E+00 +/- 0.00 % Gn^0(l=3) ave= 0.000E+00 +/- 0.00 % || Gtotal(l=0) ave= 1.240E-01 +/- 5.52 % Gtotal(l=1) ave= 1.204E-01 +/- 2.53 % Gtotal(l=2) ave= 0.000E+00 +/- 0.00 % Gtotal(l=3) ave= 0.000E+00 +/- 0.00 %  % || Gg(l=0) ave= 1.235E-01 +/- 5.57 % Gg(l=1) ave= 1.204E-01 +/- 2.53 % Gg(l=2) ave= 0.000E+00 +/- 0.00 % Gg(l=3) ave= 0.000E+00 +/- 0.00 %  % || D(l=0) ave= 3.364E+00 +/- 1.51 % D(l=1) ave= 2.238E+00 +/- 0.00 % D(l=2) ave= 0.000E+00 +/- 0.00 % D(l=3) ave= 0.000E+00 +/- 0.00 %  % || S(l=0) ave= 1.056E-05 +/- 9.49 % S(l=1) ave= 2.458E-05 +/- 13.67 % S(l=2) ave= 0.000E+00 +/- 0.00 % S(l=3) ave= 0.000E+00 +/- 0.00 % 
 ... random file  5 Cap(th)  ave= 4.808E+01 b. +/- 21.42 % || Ela(th) ave= 4.807E+00 b. +/- 14.09 % || RIcap ave= 4.28E+02 b. +/- 1.74 % || Macs30 ave= 1.44E+00 b. +/- 0.00 % || Gn^0(l=0) ave= 6.522E-05 +/- 5.94 % Gn^0(l=1) ave= 2.678E-04 +/- 14.70 % Gn^0(l=2) ave= 0.000E+00 +/- 0.00 % Gn^0(l=3) ave= 0.000E+00 +/- 0.00 % || Gtotal(l=0) ave= 1.230E-01 +/- 5.35 % Gtotal(l=1) ave= 1.194E-01 +/- 2.89 % Gtotal(l=2) ave= 0.000E+00 +/- 0.00 % Gtotal(l=3) ave= 0.000E+00 +/- 0.00 %  % || Gg(l=0) ave= 1.225E-01 +/- 5.40 % Gg(l=1) ave= 1.194E-01 +/- 2.89 % Gg(l=2) ave= 0.000E+00 +/- 0.00 % Gg(l=3) ave= 0.000E+00 +/- 0.00 %  % || D(l=0) ave= 3.357E+00 +/- 1.46 % D(l=1) ave= 2.238E+00 +/- 0.00 % D(l=2) ave= 0.000E+00 +/- 0.00 % D(l=3) ave= 0.000E+00 +/- 0.00 %  % || S(l=0) ave= 1.070E-05 +/- 9.05 % S(l=1) ave= 2.382E-05 +/- 14.70 % S(l=2) ave= 0.000E+00 +/- 0.00 % S(l=3) ave= 0.000E+00 +/- 0.00 % 
 ... random file  6 Cap(th)  ave= 5.208E+01 b. +/- 26.26 % || Ela(th) ave= 5.118E+00 b. +/- 19.30 % || RIcap ave= 4.26E+02 b. +/- 2.00 % || Macs30 ave= 1.44E+00 b. +/- 0.00 % || Gn^0(l=0) ave= 6.564E-05 +/- 5.68 % Gn^0(l=1) ave= 2.555E-04 +/- 18.48 % Gn^0(l=2) ave= 0.000E+00 +/- 0.00 % Gn^0(l=3) ave= 0.000E+00 +/- 0.00 % || Gtotal(l=0) ave= 1.235E-01 +/- 5.01 % Gtotal(l=1) ave= 1.194E-01 +/- 2.67 % Gtotal(l=2) ave= 0.000E+00 +/- 0.00 % Gtotal(l=3) ave= 0.000E+00 +/- 0.00 %  % || Gg(l=0) ave= 1.230E-01 +/- 5.06 % Gg(l=1) ave= 1.194E-01 +/- 2.67 % Gg(l=2) ave= 0.000E+00 +/- 0.00 % Gg(l=3) ave= 0.000E+00 +/- 0.00 %  % || D(l=0) ave= 3.352E+00 +/- 1.40 % D(l=1) ave= 2.238E+00 +/- 0.00 % D(l=2) ave= 0.000E+00 +/- 0.00 % D(l=3) ave= 0.000E+00 +/- 0.00 %  % || S(l=0) ave= 1.080E-05 +/- 8.62 % S(l=1) ave= 2.273E-05 +/- 18.48 % S(l=2) ave= 0.000E+00 +/- 0.00 % S(l=3) ave= 0.000E+00 +/- 0.00 % 
 ... Histogram plot for thermal (n,g)
 ... Write covariances  ... MT1  ... plot correlations
 ... MT2  ... MT102 


 ================================================
 ============== From 6 random values === start ======
 Thermal (n,tot) xs  0 K =  57.1995 b. +/- 14.5601 b. ( 25.455 %) skew= +0.50 +/- 0.79
 Thermal (n,el) xs   0 K =  5.11833 b. +/- 0.987673 b. ( 19.2968 %) skew= +0.46 +/- 0.79
 Thermal (n,g) xs    0 K =  52.0812 b. +/- 13.6741 b. ( 26.2554 %) skew= +0.48 +/- 0.79
 RI      (n,g)       0 K =  426.047 b. +/- 8.53332 b. ( 2.0029 %) 
 MACS    (n,g)       0 K (at Emacs= 30000 eV) =  1.4412 b. +/- 1.19209e-07 b. ( 8.27153e-06 %) 
 Ave. Gtotal  L=0        =  1.235E-01 +/- 5.01 %
 Ave. Gn^(0)  L=0        =  6.564E-05 +/- 5.68 %
 Ave. Gg      L=0        =  1.230E-01 +/- 5.06 %
 Ave. D       L=0        =  3.352E+00 +/- 1.40 %
 Ave. S       L=0        =  1.080E-05 +/- 8.62 %
 Ave. Gtotal  L=1        =  1.194E-01 +/- 2.67 %
 Ave. Gg      L=1        =  1.194E-01 +/- 2.67 %
 Ave. D       L=1        =  2.238E+00 +/- 0.00 %
 Ave. S       L=1        =  2.273E-05 +/- 18.48 %

 Expected Thermal (n,g) (syst or meas)= 47.7513 b. +/- 33.4259 b. nominal: 56.2777 b.
 ratio Calculated/expected thermal (n,g): 1.09 ratio DCalculated/Dexpected: 0.41 ratio Calculated/Nominal: 0.93
 ============== From 6 random values ===== stop ======
 ================================================
 ... Calculation of (n,a) and (n,p) cross sections at 300 K
 ... thermal (n,a) cross section is 1.67613e-05 +/- 8.38065e-06 b.
 ... thermal (n,a) cross section is 1.27862e-05 b. (random case 1)
 ... thermal (n,a) cross section is 5.37831e-06 b. (random case 2)
 ... thermal (n,a) cross section is 1.57843e-05 b. (random case 3)
 ... thermal (n,a) cross section is 1.53388e-05 b. (random case 4)
 ... thermal (n,a) cross section is 2.55938e-06 b. (random case 5)
 ... thermal (n,a) cross section is 6.77029e-06 b. (random case 6)
 ... thermal (n,p) cross section is 1.67613e-05 +/- 8.38065e-06 b.
 ... thermal (n,p) cross section is 2.10492e-05 b. (random case 1)
 ... thermal (n,p) cross section is 8.79277e-06 b. (random case 2)
 ... thermal (n,p) cross section is 1.46611e-05 b. (random case 3)
 ... thermal (n,p) cross section is 2.20547e-05 b. (random case 4)
 ... thermal (n,p) cross section is 1.20402e-05 b. (random case 5)
 ... thermal (n,p) cross section is 1.38459e-05 b. (random case 6)
 ... Rewrite index for MF2
 ... Write text for MF1 in file mf1.tares.txt
 ... plotting cross sections for the MF1
 ... order output files


================== summary ==================
 Thermal (n,tot) xs = 61.434 b. 
 Thermal (n,el)  xs = 5.15625 b. 
 Thermal (n,g)   xs = 56.2777 b. (meas/sys: 47.7513 b.)
 At 300 K (thermal adjustment): (n,el) = 5.178 b., (n,g) = 56.3471 b.

 RI      (n,g)      = 423.805 b. (meas or sys: - b.)
 RI      (n,el)     = 29.166 b.
=============================================


 ... cleaning
                                                 
  -------------------------------------------------------------
  -                                                           -
  - TARES: successful end of run with data from hypothetical  -
  - resonances for  Z= 51, A= 120 and isomer= 0               -
  - half-life: 15.890000 min. 
  -                                                           -
  -------------------------------------------------------------

   Running time:       16 seconds

 End time: Fri Oct  9 11:47:11 2026

