
  -------------------------------------------------------------
  -                                                           -
  -              Welcome to TARES version 1.8                 -
  -                                                           -
  -  (C) Copyright 2007-2025 D. Rochman, All Rights Reserved  -
  -           NRG, Petten, the Netherlands 2007-2014          -
  -           PSI, Villigen    Switzerland 2015-2025          -
  -         Nagra, Wettingen   Switzerland 2025-              -
  -           (Last Modified October 06, 2026)                -
  -           (Database from October 06, 2026)                -
  -                                                           -
  -------------------------------------------------------------


  ---------------------------------------------
   Compilation information:
   Compiled on:         Oct  8 2026, 18:36:06
   Compiled by:         koning
   Compiler version:    clang++ - 21.0.0
   Source location:     /Users/koning/tares-1.8/source/Module/
   Binaries location:   /Users/koning/bin
   System:              Darwin 25.6.0
   System version:      Darwin Kernel Version 25.6.0: Fri Jul 31 19:19:08 PDT 2026; root:xnu-12377.161.14~5/RELEASE_ARM64_T6050  
   Machine:             arm64 
  ---------------------------------------------

   User information:
   User name:           koning
   Running directory:   /Users/koning/tendl/resbase/Er160/work
   Owner mode for running directory : rwx
   Group mode for running directory : r-x
  ---------------------------------------------


 Starting time: Fri Oct  9 12:44:10 2026
 ... inputs directory found (/Users/koning/tares-1.8/source/Module//../../inputs/).
 ... It will be used for resonance parameters 
 ... ###############################################
 ... #     read the input file tares.inp
 ... ###############################################
 ... line: #
 ... line: # Input file generated by Autorochman
          --> line not read
 ... line: #
 ... line: isotope    Er
          --> Isotope name: Er
 ... line: mass       160
          --> isotopic mass: 160
 ... line: output     n-Er160
         ---> Name of the output files: n-Er160
 ... line: isomer     0
          --> isomeric state: 0
 ... line: mf32mf33   y
          --> MF33 based on MF32: y
 ... line: nbrRandom  10
          --> Nbr of random files: 10
 ... ###############################################
 ... # end read the input file tares.inp
 ... ###############################################
Value for random generator type not considered in since Tares 1.7 due to compilation issues

 ... ###############################################
     #   Interpretation of the Input definition    #
     ###############################################

 ... Default energy limit: End of resonance region
 ... Nuclear charge    = 68
 ... Element           = Er
 ... Mass              = 160
 ... Isomer            = 0
 ... Correlation for (Gn,Gg) not included in random files
 ... Default random option: No random
 ... Output name: n-Er160
 ... Energy for the MACS: 30000 eV
 ... Resonances from CALENDF reduced (reduce=y) 
 ... For URR, level density model from TALYS selected: 91n3n12611.2850 (see manual for description)
 ... Random Generator: default (pseudo random numbers from ansi c++)
 ... Reconstruction of cross section selected
 ... Doppler broadening at 0 Kelvin
 ... URR not included (from the input file flag)
 ... Weight for grouping is flat
 ... Calculation of (n,alpha) cross section selected
 ... Number of digit for MF32c covariance representation: 2
 ... MF32 included
 ... MF33 will be used for covariance processing
 ... TENDL option set to yes (automatic choice of MF2 and format)
 ... Isotope not found in the best file --> use of MLBW formalism
 ... default option: Multi level Breit Wigner approximation selected
 ... (check file best.tendl.yes for changing this option)
 ... Retroactive option set to no with the 2025 option
 ... ladder option set to yes (CALENDF will be used for statistical resonances)

 ... ###############################################
     #           End of Input definition           #
     ###############################################

 ... gnuplot found, will be used for plotting
 ... latex found, will be used for plotting
 ... dvips found, will be used for plotting
 ... ps2epsi not found, limited plotting available
 ... uncertainties on default parameters multiplied by 1.1462
 ... Read resonance data from the 2025 directory
 ... Resonance parameters taken from /Users/koning/tares-1.8/source/Module//../../inputs/2025/Resonance/default/
 ---> Processing Z= 68 and A= 160 and isomer= 0 (level number: 0)
 Exfor path; Could not find /Users/koning/tares-1.8/source/Module//../../inputs/exfor/Er160/xs/102
Thermal file; Could not open file /Users/koning/tares-1.8/source/Module//../../inputs/2025/runThermal/results//thermal.mxw.ng.cendl3.1
Thermal file; Could not open file /Users/koning/tares-1.8/source/Module//../../inputs/2025/runThermal/results//thermal.mxw.ng.brond3.1
Thermal file; Could not open file /Users/koning/tares-1.8/source/Module//../../inputs/2025/runThermal/results//thermal.xs.ng.unc.cendl3.1
 ... spin taken from the final/ directory (1)
 ... The spin found in level file ( 0 ) and the one in the urr file ( 5.5 ) differ

 ... ###############################################
 ... #  Nucleus global parameters (2025 database)  #
 ... ###############################################
 0. Half-life: 1.19097 days 
 ... Scattering radius from TALYS: /Users/koning/tares-1.8/source/Module//../../inputs/2025/lib.urr/talys.urr/
 1. Spin of the target isotope: 0
 2. Relative Atomic Mass of the target isotope: 159.929
 3. Scattering radius (local compilation): 7.20599 fm +/- 0.129708 fm
      .......................................
      ... Thermal capture cross sections: ...
 4. Thermal (n,g) cross section from systematics (TALYS, urr.dat): 58.9872 +/- 14.7468 b.
 5. Thermal (n,g) cross section from compilation (Firestone-2022 average on element Er): 156 +/- 12 b.
 6. Thermal (n,g) cross section from compilation (Firestone-2022 final on element Er): 156.4 +/- 1.9 b.
 7. Thermal (n,g) cross section from EAF-2010: 48.967 b.
 8. Thermal (n,g) cross section from TENDL-2023: 58.96 +/- 13.1 b.
 9. Thermal (n,g) cross section from JENDL-5.0: 9.06 b.
      .......................................
      ...  Thermal total cross sections:  ...
      .......................................
      ... Thermal elastic cross sections: ...
 10. Thermal (n,el) cross section from JENDL-5.0: 7.049 b.
 11. Thermal (n,el) cross section from potential (4piR^2): 9.0562 +/- 0.45281 b.
      .......................................
             ... Resonance integral: ...
 12. No capture integral found in /Users/koning/tares-1.8/source/Module//../../inputs/capture.integral
 ... no RI(n,g) found in local compilation, take 2018 value.
 ... no RI(n,g) found in local compilation, take Sukhoruchkin value.
   ---- MACS 30 keV ----- 
 13. TALYS MACS 30 keV (HF): 1.919 b. 
   ---------- S0 -------- 
 14. S0 from TALYS: 12.1437
   ---------- S1 -------- 
 15. S1 from TALYS: 0.405178
   ---------- S2 -------- 
 16. S2 from TALYS: 6.96829
   ---------- D0 -------- 
 17. D0 from TALYS: 5.444 eV
   ---------- D1 -------- 
 18. D1 from TALYS: 1.85892 eV
   ---------- D2 -------- 
 19. D2 from TALYS: 1.17041 eV
   ---------- G0 -------- 
 20. Gg0 from TALYS: 0.0604272 eV
   ---------- G1 -------- 
 21. Gg1 from TALYS: 0.06012 eV
   ---------- G2 -------- 
 22. Gg2 from TALYS: 0.0596381 eV


   ---------------------- 
 ... Read resonance parameters (format: 2: Multi Level Breit Wigner)
 ... 0 resonances found 
 ... possibly no resonances in the Resonance directory for this isotope and options
 ... Use HFR (ladder) behavior 
 --> 24. Number of resonances from the input file: 2 up to 2.722 eV
 25. Read nuclear quantities (mass, MAT...)
 26. Read thermal (n,g) xs 
 27. Read the scattering radius 
 28. Read uncertainty on Gg for 2 resonances
 29. Read uncertainty on Gg for 2 resonances ... done
 ... order resonances 
 ... Upper limit for the RRR: 2.722 eV (no statistical resonances HFR) from the limit.RRR file
 ... Write parameters for l=0 waves
 ... End writing original MF2 
 ... No RRR in the database: uncertainties on default parameters multiplied by 1.99753
 ... Enter in urr function (ladder option set to y) for file n-Er160
 ... read the file /Users/koning/tares-1.8/source/Module//../../inputs/2025/list.jcs.urr to find URR origin
 Default URR taken from TALYS calculations with level density model: 91n3n12611.2850
 File considered for the URR: /Users/koning/tares-1.8/source/Module//../../inputs/2025/lib.urr/talys.urr/91n3n12611.2850/Er/urr/urr.dat.Er.160.000.0.gz
 ... Write URR using TALYS average parameters (used for HFR)
 ... Limit of URR changed to 25 keV (recommendation from WPEC and JEFF)
 ... Extract the Sn value from file ./urr.dat.Er.160.0.0
 ... found Sn= 7.20844 MeV
 ... estimated number of resonances up to 3849 eV:  707.016 resonances
 ... This is a test here. The higher energy limit to include URR data for calendf is set to max Sn. 24/03/2016
 ... Use Sn to define the maximum energy for the URR: Sn= 7.20844 MeV --> last_energyURR= 3849 eV
 ... read D0, S0, Gn and Gg
 ... number of URR energies: 980
 Number of l: 980 and last energy: 5
 Last  URR energy: 3849 eV
 ... Enter in to_MLBW_mf2 function
 ... Convert to Multi Level Breit Wigner (MLBW)
 ... Write parameter covariances (MF32) for l=0
 ... Convert parameter covariances (MF32) to MLBW
 ... copy the mf2 and mf32 to .mlbw files
 ... Enter in urr_correct function case 1
 Modify the higher limit of RRR in MF2
 --> old value: 2.735612+0 eV new value: 1.000000-2 eV
 Modify resonance covariances (MF32) to include correlations in the URR
 End Modify resonance covariances (MF32) to include correlations in the URR
 ... Enter in calendf_xs function
 Use CALENDF for statistical resonances (update MF2) up to 3.849000+3 eV (initial limit)
 Extract resonances from CALENDF for RRR->URR 2
 More than 5000 resonances found (6156 statistical resonances found)
 After reduction, 3917 statistical resonances found
 ... checking resonance order 1
 ... checking resonance order 2nd round for 3913 resonances
 ... end checking resonance order 2nd round
 Too many resonances (3913): reduced to 100.
 .......................................................
 ... Adjustment to the thermal cross section : start ...
 .......................................................

 Before adjustment (adjustment to the thermal cross section set to y)
 ... Import MF2 from TARES calculations
 ... End energy of TARES MF2 : 4.321129E+2 eV and limit to 40000 resonances
 ... File used for reconstruction: new.temp22.reconst
 ... run RECENT ...
 ... Doppler broadened at a unique temperature: 300 Kelvin using sigma1
 ... run SIGMA1 at 3.000000E+02 K.

 ============== INTER values at 300 Kelvin ==============
 Thermal (n,g) xs =  135.338 b. (meas/sys: 58.9872 b.) (warning: comparison to be done at 296 or 300 K)
 Th Maxw (n,g) xs =  135.37 b. (thermal Maxwellian value)
 Westcott factor  =  1.00027
 RI      (n,g)    =  1044.34 b. (meas or sys: - b.)
 MACS 3.000e+04 eV=  1.7599 b. (meas or sys: - b.) from 1.00E+00 to 2.00E+07 eV (end of RRR) at T= 300 Kelvin 
 Thermal (n,el) xs=  6.02039 b.
 RI      (n,el)   =  510.798 b.
 ============= PSYCHE values ==============
 Ave. G_total L0  =  0.152389 eV
 Ave. G_total L1  =  0.0597238 eV
 Ave. G_total L2  =  0.058157 eV
 Ave. Gn_0    L0  =  0.00663257
 Ave. Gn_0    L1  =  0.000459755
 Ave. Gn_0    L2  =  0.0142712
 Ave. Gg      L0  =  0.0604303 eV
 Ave. Gg      L1  =  0.0597176 eV
 Ave. Gg      L2  =  0.0581569 eV
 Ave. D       L0  =  16.6197 eV
 Ave. D       L1  =  7.45022 eV
 Ave. D       L2  =  144.038 eV
 Ave. S       L0  =  0.000414427 eV
 Ave. S       L1  =  2.91597e-05 eV
 Ave. S       L2  =  7.92639e-05 eV
 =========================================
 Calculated capture integral   1044.34 b.
 Calculated thermal (n,g)=          135.338017 b. and recommended= 58.9872 b. (C/E= 2.29436)
 Calculated RI      (n,g)= 1044.34 b. (no reference value)
 ... tolerances: thermal (n,g) 20 % (reference uncertainties, minimum 2% and 5%, maximum 20%)
 Adjust the capture widths ...
 ... capture adjusted with Gn for 90 resonances (Gn<Gg) and with Gg for 10 resonances
 ... iteration 0: C/E thermal (n,g)= 2.29436

 <-------- After adjustment -------->
 ... Import MF2 from TARES calculations
 ... End energy of TARES MF2 : 4.321129E+2 eV and limit to 40000 resonances
 ... File used for reconstruction: new.temp22.reconst
 ... run RECENT ...
 ... Doppler broadened at a unique temperature: 300 Kelvin using sigma1
 ... run SIGMA1 at 3.000000E+02 K.

 ============== INTER values at 300 Kelvin ==============
 Thermal (n,g) xs =  69.605 b. (meas/sys: 58.9872 b.) (warning: comparison to be done at 296 or 300 K)
 Th Maxw (n,g) xs =  69.624 b. (thermal Maxwellian value)
 Westcott factor  =  1.00027
 RI      (n,g)    =  629.653 b. (meas or sys: - b.)
 MACS 3.000e+04 eV=  1.7586 b. (meas or sys: - b.) from 1.00E+00 to 2.00E+07 eV (end of RRR) at T= 300 Kelvin 
 Thermal (n,el) xs=  4.82534 b.
 RI      (n,el)   =  333.459 b.
 ============= PSYCHE values ==============
 Ave. G_total L0  =  0.135698 eV
 Ave. G_total L1  =  0.0597208 eV
 Ave. G_total L2  =  0.0581569 eV
 Ave. Gn_0    L0  =  0.00607024
 Ave. Gn_0    L1  =  0.000236454
 Ave. Gn_0    L2  =  0.00733976
 Ave. Gg      L0  =  0.0495597 eV
 Ave. Gg      L1  =  0.0597176 eV
 Ave. Gg      L2  =  0.0581569 eV
 Ave. D       L0  =  16.6197 eV
 Ave. D       L1  =  7.45022 eV
 Ave. D       L2  =  144.038 eV
 Ave. S       L0  =  0.000379291 eV
 Ave. S       L1  =  1.49969e-05 eV
 Ave. S       L2  =  4.07658e-05 eV
 =========================================
 ... iteration 1: C/E thermal (n,g)= 1.18


 ... ratio C/E thermal (n,g): 1.180001E+00
 ...................................................... 
 ... Adjustment to the thermal cross section : stop ...
 ...................................................... 
 ... new MF2 file after adjustment: n-Er160
 ... read the file /Users/koning/tares-1.8/source/Module//../../inputs/2025/list.jcs.urr to find URR origin
 Default URR taken from TALYS calculations with level density model: 91n3n12611.2850
 File considered for the URR: /Users/koning/tares-1.8/source/Module//../../inputs/2025/lib.urr/talys.urr/91n3n12611.2850/Er/urr/urr.dat.Er.160.000.0.gz
 ... Write URR using TALYS average parameters (not used for HFR)
 ... Limit of URR changed to 25 keV (recommendation from WPEC and JEFF)
 ... read D0, S0, Gn and Gg
 ... number of URR energies: 545
 Number of l: 545 and last energy: 5
 Last  URR energy: 124215 eV
 Energies in the URR : 545 -> reduced by a factor 2
 ... Enter in urr_correct function case 2
 Modify the higher limit of RRR in MF2
 --> old value: 4.321129+2 eV new value: 4.321129+2 eV
 Modify resonance covariances (MF32) to include correlations in the URR
 End Modify resonance covariances (MF32) to include correlations in the URR
 ... Enter in update_MF32 function
 ... Change uncertainties
 ... for the HFR, random position of the positive resonances with 0.020000 %
 ... end of update MF32 function
 ... GLS calculation of the parameter correlations from the thermal/RI adjustment (MF32c)
 ... MF32: correlations from the thermal/RI adjustment (GLS) for 4 resonances (8 widths), 5 correlation lines
 ...   thermal (n,g): uncertainty from these widths 23.0537 b. -> 12.4227 b. (reference: 58.9872 +/- 14.7468 b.)
 ... copy the mf2 and mf32 to .mlbw files

 ... Start of final reconstruction and testing ...
 ... Reconstruction of cross sections at 0 Kelvin  ... Import MF2 from TARES calculations
 ... End energy of TARES MF2 : 4.321129E+2 eV and limit to 40000 resonances
 ... File used for reconstruction: n-Er160.reconst
 ... run RECENT ...
 ... Doppler broadened at a unique temperature: 0 Kelvin using sigma1
 ... The keyword temperature is zero, no Doppler broadening for the MACS

 ============== INTER values at 0 Kelvin ==============
 Thermal (n,g) xs =  69.5753 b. (meas/sys: 58.9872 b.) (warning: comparison to be done at 296 or 300 K)
 Th Maxw (n,g) xs =  69.221 b. (thermal Maxwellian value)
 Westcott factor  =  0.99491
 RI      (n,g)    =  629.456 b. (meas or sys: - b.)
 MACS 3.000e+04 eV=  1.7492 b. (meas or sys: - b.) from 1.00E+00 to 4.32E+02 eV (end of RRR) at T= 0 Kelvin 
 Thermal (n,el) xs=  4.81038 b.
 RI      (n,el)   =  331.643 b.
 ============= PSYCHE values ==============
 Ave. G_total L0  =  0.135698 eV
 Ave. G_total L1  =  0.0597208 eV
 Ave. G_total L2  =  0.0581569 eV
 Ave. Gn_0    L0  =  0.00607024
 Ave. Gn_0    L1  =  0.000236454
 Ave. Gn_0    L2  =  0.00733976
 Ave. Gg      L0  =  0.0495597 eV
 Ave. Gg      L1  =  0.0597176 eV
 Ave. Gg      L2  =  0.0581569 eV
 Ave. D       L0  =  16.6197 eV
 Ave. D       L1  =  7.45022 eV
 Ave. D       L2  =  144.038 eV
 Ave. S       L0  =  0.000379291 eV
 Ave. S       L1  =  1.49969e-05 eV
 Ave. S       L2  =  4.07658e-05 eV
 =========================================
 ... End of final reconstruction and testing ...

 ... grouping is not optimum, change to 70 groups
 ... Produce MF33 based on MF32 and 10 random files
 ... MF3 of n-Er160.reconst (3 sections) added to the files for ENDSAM
 ... run endsam for 10 in groups of 1 global run
 ... run endsam from 1 to 10
 ... random files: total width GT set to Gn+Gg+Gf (1000 resonances in 10 files)
 ... reorder resonance position after endsam (sampling)
 ... preparing the vectors  ... done
 ... nominal file 0 Cap(th)  ave= 6.958E+01 b. +/- 0.00 % || Ela(th) ave= 4.810E+00 b. +/- 0.00 % || RIcap ave= 6.29E+02 b. +/- 0.00 % || Macs30 ave= 1.75E+00 b. +/- 0.00 % || Gn^0(l=0) ave= 6.070E-03 +/- 0.00 % Gn^0(l=1) ave= 2.365E-04 +/- 0.00 % Gn^0(l=2) ave= 7.340E-03 +/- 0.00 % Gn^0(l=3) ave= 0.000E+00 +/- 0.00 % || Gtotal(l=0) ave= 1.357E-01 +/- 0.00 % Gtotal(l=1) ave= 5.972E-02 +/- 0.00 % Gtotal(l=2) ave= 5.816E-02 +/- 0.00 % Gtotal(l=3) ave= 0.000E+00 +/- 0.00 %  % || Gg(l=0) ave= 4.956E-02 +/- 0.00 % Gg(l=1) ave= 5.972E-02 +/- 0.00 % Gg(l=2) ave= 5.816E-02 +/- 0.00 % Gg(l=3) ave= 0.000E+00 +/- 0.00 %  % || D(l=0) ave= 1.662E+01 +/- 0.00 % D(l=1) ave= 7.450E+00 +/- 0.00 % D(l=2) ave= 1.440E+02 +/- 0.00 % D(l=3) ave= 0.000E+00 +/- 0.00 %  % || S(l=0) ave= 3.793E-04 +/- 0.00 % S(l=1) ave= 1.500E-05 +/- 0.00 % S(l=2) ave= 4.077E-05 +/- 0.00 % S(l=3) ave= 0.000E+00 +/- 0.00 % 
 ... random file  1 Cap(th)  ave= 6.899E+01 b. +/- 0.85 % || Ela(th) ave= 4.908E+00 b. +/- 1.99 % || RIcap ave= 5.91E+02 b. +/- 6.53 % || Macs30 ave= 1.75E+00 b. +/- 0.01 % || Gn^0(l=0) ave= 6.150E-03 +/- 1.29 % Gn^0(l=1) ave= 2.322E-04 +/- 1.83 % Gn^0(l=2) ave= 7.080E-03 +/- 3.67 % Gn^0(l=3) ave= 0.000E+00 +/- 0.00 % || Gtotal(l=0) ave= 1.344E-01 +/- 0.96 % Gtotal(l=1) ave= 6.064E-02 +/- 1.51 % Gtotal(l=2) ave= 5.259E-02 +/- 10.58 % Gtotal(l=3) ave= 0.000E+00 +/- 0.00 %  % || Gg(l=0) ave= 4.754E-02 +/- 4.25 % Gg(l=1) ave= 6.063E-02 +/- 1.51 % Gg(l=2) ave= 5.259E-02 +/- 10.58 % Gg(l=3) ave= 0.000E+00 +/- 0.00 %  % || D(l=0) ave= 1.695E+01 +/- 1.96 % D(l=1) ave= 7.450E+00 +/- 0.00 % D(l=2) ave= 1.440E+02 +/- 0.00 % D(l=3) ave= 0.000E+00 +/- 0.00 %  % || S(l=0) ave= 3.770E-04 +/- 0.60 % S(l=1) ave= 1.473E-05 +/- 1.83 % S(l=2) ave= 3.932E-05 +/- 3.67 % S(l=3) ave= 0.000E+00 +/- 0.00 % 
 ... random file  2 Cap(th)  ave= 6.252E+01 b. +/- 14.64 % || Ela(th) ave= 5.016E+00 b. +/- 3.43 % || RIcap ave= 6.01E+02 b. +/- 5.79 % || Macs30 ave= 1.75E+00 b. +/- 0.01 % || Gn^0(l=0) ave= 6.158E-03 +/- 1.07 % Gn^0(l=1) ave= 2.280E-04 +/- 3.01 % Gn^0(l=2) ave= 6.831E-03 +/- 6.02 % Gn^0(l=3) ave= 0.000E+00 +/- 0.00 % || Gtotal(l=0) ave= 1.361E-01 +/- 1.91 % Gtotal(l=1) ave= 6.130E-02 +/- 1.96 % Gtotal(l=2) ave= 5.711E-02 +/- 13.73 % Gtotal(l=3) ave= 0.000E+00 +/- 0.00 %  % || Gg(l=0) ave= 4.927E-02 +/- 5.99 % Gg(l=1) ave= 6.130E-02 +/- 1.96 % Gg(l=2) ave= 5.711E-02 +/- 13.73 % Gg(l=3) ave= 0.000E+00 +/- 0.00 %  % || D(l=0) ave= 1.706E+01 +/- 1.84 % D(l=1) ave= 7.450E+00 +/- 0.00 % D(l=2) ave= 1.440E+02 +/- 0.00 % D(l=3) ave= 0.000E+00 +/- 0.00 %  % || S(l=0) ave= 3.752E-04 +/- 0.86 % S(l=1) ave= 1.446E-05 +/- 3.01 % S(l=2) ave= 3.794E-05 +/- 6.02 % S(l=3) ave= 0.000E+00 +/- 0.00 % 
 ... random file  3 Cap(th)  ave= 6.510E+01 b. +/- 13.98 % || Ela(th) ave= 4.881E+00 b. +/- 5.68 % || RIcap ave= 6.05E+02 b. +/- 5.08 % || Macs30 ave= 1.75E+00 b. +/- 0.01 % || Gn^0(l=0) ave= 6.174E-03 +/- 1.03 % Gn^0(l=1) ave= 2.336E-04 +/- 4.85 % Gn^0(l=2) ave= 7.179E-03 +/- 9.75 % Gn^0(l=3) ave= 0.000E+00 +/- 0.00 % || Gtotal(l=0) ave= 1.380E-01 +/- 2.86 % Gtotal(l=1) ave= 6.256E-02 +/- 3.87 % Gtotal(l=2) ave= 5.676E-02 +/- 12.01 % Gtotal(l=3) ave= 0.000E+00 +/- 0.00 %  % || Gg(l=0) ave= 5.094E-02 +/- 7.59 % Gg(l=1) ave= 6.256E-02 +/- 3.87 % Gg(l=2) ave= 5.676E-02 +/- 12.01 % Gg(l=3) ave= 0.000E+00 +/- 0.00 %  % || D(l=0) ave= 1.712E+01 +/- 1.68 % D(l=1) ave= 7.450E+00 +/- 0.00 % D(l=2) ave= 1.440E+02 +/- 0.00 % D(l=3) ave= 0.000E+00 +/- 0.00 %  % || S(l=0) ave= 3.750E-04 +/- 0.75 % S(l=1) ave= 1.481E-05 +/- 4.85 % S(l=2) ave= 3.987E-05 +/- 9.75 % S(l=3) ave= 0.000E+00 +/- 0.00 % 
 ... random file  4 Cap(th)  ave= 6.450E+01 b. +/- 12.75 % || Ela(th) ave= 4.778E+00 b. +/- 6.74 % || RIcap ave= 6.05E+02 b. +/- 4.54 % || Macs30 ave= 1.75E+00 b. +/- 0.01 % || Gn^0(l=0) ave= 6.150E-03 +/- 1.21 % Gn^0(l=1) ave= 2.383E-04 +/- 5.82 % Gn^0(l=2) ave= 7.480E-03 +/- 11.61 % Gn^0(l=3) ave= 0.000E+00 +/- 0.00 % || Gtotal(l=0) ave= 1.386E-01 +/- 2.71 % Gtotal(l=1) ave= 6.156E-02 +/- 4.80 % Gtotal(l=2) ave= 5.588E-02 +/- 11.36 % Gtotal(l=3) ave= 0.000E+00 +/- 0.00 %  % || Gg(l=0) ave= 5.183E-02 +/- 7.50 % Gg(l=1) ave= 6.155E-02 +/- 4.80 % Gg(l=2) ave= 5.588E-02 +/- 11.36 % Gg(l=3) ave= 0.000E+00 +/- 0.00 %  % || D(l=0) ave= 1.702E+01 +/- 1.91 % D(l=1) ave= 7.450E+00 +/- 0.00 % D(l=2) ave= 1.440E+02 +/- 0.00 % D(l=3) ave= 0.000E+00 +/- 0.00 %  % || S(l=0) ave= 3.757E-04 +/- 0.75 % S(l=1) ave= 1.511E-05 +/- 5.82 % S(l=2) ave= 4.154E-05 +/- 11.61 % S(l=3) ave= 0.000E+00 +/- 0.00 % 
 ... random file  5 Cap(th)  ave= 6.551E+01 b. +/- 11.97 % || Ela(th) ave= 4.937E+00 b. +/- 9.35 % || RIcap ave= 6.14E+02 b. +/- 5.06 % || Macs30 ave= 1.75E+00 b. +/- 0.01 % || Gn^0(l=0) ave= 6.158E-03 +/- 1.14 % Gn^0(l=1) ave= 2.323E-04 +/- 7.92 % Gn^0(l=2) ave= 7.130E-03 +/- 15.63 % Gn^0(l=3) ave= 0.000E+00 +/- 0.00 % || Gtotal(l=0) ave= 1.384E-01 +/- 2.50 % Gtotal(l=1) ave= 6.137E-02 +/- 4.45 % Gtotal(l=2) ave= 5.840E-02 +/- 13.82 % Gtotal(l=3) ave= 0.000E+00 +/- 0.00 %  % || Gg(l=0) ave= 5.158E-02 +/- 6.97 % Gg(l=1) ave= 6.136E-02 +/- 4.45 % Gg(l=2) ave= 5.840E-02 +/- 13.82 % Gg(l=3) ave= 0.000E+00 +/- 0.00 %  % || D(l=0) ave= 1.706E+01 +/- 1.84 % D(l=1) ave= 7.450E+00 +/- 0.00 % D(l=2) ave= 1.440E+02 +/- 0.00 % D(l=3) ave= 0.000E+00 +/- 0.00 %  % || S(l=0) ave= 3.752E-04 +/- 0.74 % S(l=1) ave= 1.474E-05 +/- 7.92 % S(l=2) ave= 3.960E-05 +/- 15.63 % S(l=3) ave= 0.000E+00 +/- 0.00 % 
 ... random file  6 Cap(th)  ave= 6.434E+01 b. +/- 12.14 % || Ela(th) ave= 4.910E+00 b. +/- 8.82 % || RIcap ave= 6.13E+02 b. +/- 4.70 % || Macs30 ave= 1.75E+00 b. +/- 0.01 % || Gn^0(l=0) ave= 6.145E-03 +/- 1.18 % Gn^0(l=1) ave= 2.338E-04 +/- 7.45 % Gn^0(l=2) ave= 7.215E-03 +/- 14.58 % Gn^0(l=3) ave= 0.000E+00 +/- 0.00 % || Gtotal(l=0) ave= 1.386E-01 +/- 2.33 % Gtotal(l=1) ave= 6.106E-02 +/- 4.32 % Gtotal(l=2) ave= 5.851E-02 +/- 12.78 % Gtotal(l=3) ave= 0.000E+00 +/- 0.00 %  % || Gg(l=0) ave= 5.186E-02 +/- 6.55 % Gg(l=1) ave= 6.106E-02 +/- 4.32 % Gg(l=2) ave= 5.851E-02 +/- 12.78 % Gg(l=3) ave= 0.000E+00 +/- 0.00 %  % || D(l=0) ave= 1.700E+01 +/- 1.94 % D(l=1) ave= 7.450E+00 +/- 0.00 % D(l=2) ave= 1.440E+02 +/- 0.00 % D(l=3) ave= 0.000E+00 +/- 0.00 %  % || S(l=0) ave= 3.758E-04 +/- 0.77 % S(l=1) ave= 1.483E-05 +/- 7.45 % S(l=2) ave= 4.007E-05 +/- 14.58 % S(l=3) ave= 0.000E+00 +/- 0.00 % 
 ... random file  7 Cap(th)  ave= 6.162E+01 b. +/- 16.64 % || Ela(th) ave= 4.854E+00 b. +/- 8.87 % || RIcap ave= 6.06E+02 b. +/- 5.47 % || Macs30 ave= 1.75E+00 b. +/- 0.01 % || Gn^0(l=0) ave= 6.139E-03 +/- 1.14 % Gn^0(l=1) ave= 2.361E-04 +/- 7.36 % Gn^0(l=2) ave= 7.356E-03 +/- 14.31 % Gn^0(l=3) ave= 0.000E+00 +/- 0.00 % || Gtotal(l=0) ave= 1.379E-01 +/- 2.57 % Gtotal(l=1) ave= 6.118E-02 +/- 4.06 % Gtotal(l=2) ave= 5.623E-02 +/- 16.43 % Gtotal(l=3) ave= 0.000E+00 +/- 0.00 %  % || Gg(l=0) ave= 5.120E-02 +/- 7.10 % Gg(l=1) ave= 6.117E-02 +/- 4.06 % Gg(l=2) ave= 5.623E-02 +/- 16.43 % Gg(l=3) ave= 0.000E+00 +/- 0.00 %  % || D(l=0) ave= 1.695E+01 +/- 1.96 % D(l=1) ave= 7.450E+00 +/- 0.00 % D(l=2) ave= 1.440E+02 +/- 0.00 % D(l=3) ave= 0.000E+00 +/- 0.00 %  % || S(l=0) ave= 3.764E-04 +/- 0.84 % S(l=1) ave= 1.497E-05 +/- 7.36 % S(l=2) ave= 4.086E-05 +/- 14.31 % S(l=3) ave= 0.000E+00 +/- 0.00 % 
 ... random file  8 Cap(th)  ave= 6.258E+01 b. +/- 16.05 % || Ela(th) ave= 4.934E+00 b. +/- 9.41 % || RIcap ave= 6.03E+02 b. +/- 5.34 % || Macs30 ave= 1.75E+00 b. +/- 0.01 % || Gn^0(l=0) ave= 6.132E-03 +/- 1.12 % Gn^0(l=1) ave= 2.329E-04 +/- 8.03 % Gn^0(l=2) ave= 7.166E-03 +/- 15.75 % Gn^0(l=3) ave= 0.000E+00 +/- 0.00 % || Gtotal(l=0) ave= 1.374E-01 +/- 2.68 % Gtotal(l=1) ave= 6.098E-02 +/- 3.95 % Gtotal(l=2) ave= 5.490E-02 +/- 17.28 % Gtotal(l=3) ave= 0.000E+00 +/- 0.00 %  % || Gg(l=0) ave= 5.070E-02 +/- 7.30 % Gg(l=1) ave= 6.098E-02 +/- 3.95 % Gg(l=2) ave= 5.490E-02 +/- 17.28 % Gg(l=3) ave= 0.000E+00 +/- 0.00 %  % || D(l=0) ave= 1.692E+01 +/- 1.95 % D(l=1) ave= 7.450E+00 +/- 0.00 % D(l=2) ave= 1.440E+02 +/- 0.00 % D(l=3) ave= 0.000E+00 +/- 0.00 %  % || S(l=0) ave= 3.768E-04 +/- 0.84 % S(l=1) ave= 1.477E-05 +/- 8.03 % S(l=2) ave= 3.980E-05 +/- 15.75 % S(l=3) ave= 0.000E+00 +/- 0.00 % 
 ... random file  9 Cap(th)  ave= 6.401E+01 b. +/- 16.32 % || Ela(th) ave= 4.868E+00 b. +/- 9.92 % || RIcap ave= 6.08E+02 b. +/- 5.67 % || Macs30 ave= 1.75E+00 b. +/- 0.01 % || Gn^0(l=0) ave= 6.128E-03 +/- 1.08 % Gn^0(l=1) ave= 2.356E-04 +/- 8.30 % Gn^0(l=2) ave= 7.339E-03 +/- 16.21 % Gn^0(l=3) ave= 0.000E+00 +/- 0.00 % || Gtotal(l=0) ave= 1.372E-01 +/- 2.56 % Gtotal(l=1) ave= 6.095E-02 +/- 3.75 % Gtotal(l=2) ave= 5.658E-02 +/- 18.23 % Gtotal(l=3) ave= 0.000E+00 +/- 0.00 %  % || Gg(l=0) ave= 5.058E-02 +/- 6.98 % Gg(l=1) ave= 6.095E-02 +/- 3.75 % Gg(l=2) ave= 5.658E-02 +/- 18.23 % Gg(l=3) ave= 0.000E+00 +/- 0.00 %  % || D(l=0) ave= 1.689E+01 +/- 1.93 % D(l=1) ave= 7.450E+00 +/- 0.00 % D(l=2) ave= 1.440E+02 +/- 0.00 % D(l=3) ave= 0.000E+00 +/- 0.00 %  % || S(l=0) ave= 3.772E-04 +/- 0.86 % S(l=1) ave= 1.494E-05 +/- 8.30 % S(l=2) ave= 4.076E-05 +/- 16.21 % S(l=3) ave= 0.000E+00 +/- 0.00 % 
 ... random file  10 Cap(th)  ave= 6.282E+01 b. +/- 16.96 % || Ela(th) ave= 4.794E+00 b. +/- 10.76 % || RIcap ave= 6.06E+02 b. +/- 5.60 % || Macs30 ave= 1.75E+00 b. +/- 0.01 % || Gn^0(l=0) ave= 6.122E-03 +/- 1.08 % Gn^0(l=1) ave= 2.393E-04 +/- 9.20 % Gn^0(l=2) ave= 7.583E-03 +/- 18.10 % Gn^0(l=3) ave= 0.000E+00 +/- 0.00 % || Gtotal(l=0) ave= 1.369E-01 +/- 2.54 % Gtotal(l=1) ave= 6.071E-02 +/- 3.80 % Gtotal(l=2) ave= 6.081E-02 +/- 27.31 % Gtotal(l=3) ave= 0.000E+00 +/- 0.00 %  % || Gg(l=0) ave= 5.033E-02 +/- 6.86 % Gg(l=1) ave= 6.071E-02 +/- 3.80 % Gg(l=2) ave= 6.081E-02 +/- 27.31 % Gg(l=3) ave= 0.000E+00 +/- 0.00 %  % || D(l=0) ave= 1.686E+01 +/- 1.90 % D(l=1) ave= 7.450E+00 +/- 0.00 % D(l=2) ave= 1.440E+02 +/- 0.00 % D(l=3) ave= 0.000E+00 +/- 0.00 %  % || S(l=0) ave= 3.773E-04 +/- 0.82 % S(l=1) ave= 1.518E-05 +/- 9.20 % S(l=2) ave= 4.212E-05 +/- 18.10 % S(l=3) ave= 0.000E+00 +/- 0.00 % 
 ... Histogram plot for thermal (n,g)
 ... Write covariances  ... MT1  ... plot correlations
 ... MT2  ... MT102 


 ================================================
 ============== From 10 random values === start ======
 Thermal (n,tot) xs  0 K =  67.6127 b. +/- 10.7888 b. ( 15.9568 %) skew= -0.57 +/- 0.66
 Thermal (n,el) xs   0 K =  4.79386 b. +/- 0.516054 b. ( 10.7649 %) skew= +0.46 +/- 0.66
 Thermal (n,g) xs    0 K =  62.8188 b. +/- 10.6566 b. ( 16.9641 %) skew= -0.55 +/- 0.66
 RI      (n,g)       0 K =  605.571 b. +/- 33.9086 b. ( 5.59943 %) 
 MACS    (n,g)       0 K (at Emacs= 30000 eV) =  1.74919 b. +/- 0.000188089 b. ( 0.0107529 %) 
 Ave. Gtotal  L=0        =  1.369E-01 +/- 2.54 %
 Ave. Gn^(0)  L=0        =  6.122E-03 +/- 1.08 %
 Ave. Gg      L=0        =  5.033E-02 +/- 6.86 %
 Ave. D       L=0        =  1.686E+01 +/- 1.90 %
 Ave. S       L=0        =  3.773E-04 +/- 0.82 %
 Ave. Gtotal  L=1        =  6.071E-02 +/- 3.80 %
 Ave. Gn^(1)  L=1        =  2.393E-04 +/- 9.20 %
 Ave. Gg      L=1        =  6.071E-02 +/- 3.80 %
 Ave. D       L=1        =  7.450E+00 +/- 0.00 %
 Ave. S       L=1        =  1.518E-05 +/- 9.20 %
 Ave. Gtotal  L=2        =  6.081E-02 +/- 27.31 %
 Ave. Gn^(2)  L=2        =  7.583E-03 +/- 18.10 %
 Ave. Gg      L=2        =  6.081E-02 +/- 27.31 %
 Ave. D       L=2        =  1.440E+02 +/- 0.00 %
 Ave. S       L=2        =  4.212E-05 +/- 18.10 %

 Expected Thermal (n,g) (syst or meas)= 58.9872 b. +/- 14.7468 b. nominal: 69.5753 b.
 ratio Calculated/expected thermal (n,g): 1.06 ratio DCalculated/Dexpected: 0.72 ratio Calculated/Nominal: 0.90
 ============== From 10 random values ===== stop ======
 ================================================
 ... Calculation of (n,a) and (n,p) cross sections at 300 K
 ... thermal (n,a) cross section is 3.26821e-08 +/- 1.63411e-08 b.
 ... thermal (n,a) cross section is 3.8652e-08 b. (random case 1)
 ... thermal (n,a) cross section is 3.49277e-08 b. (random case 2)
 ... thermal (n,a) cross section is 5.24372e-08 b. (random case 3)
 ... thermal (n,a) cross section is 1.2849e-09 b. (random case 4)
 ... thermal (n,a) cross section is 6.78738e-08 b. (random case 5)
 ... thermal (n,a) cross section is 3.60717e-08 b. (random case 6)
 ... thermal (n,a) cross section is 4.55916e-08 b. (random case 7)
 ... thermal (n,a) cross section is 4.36004e-08 b. (random case 8)
 ... thermal (n,a) cross section is 3.98853e-08 b. (random case 9)
 ... thermal (n,a) cross section is 2.09442e-08 b. (random case 10)
 ... thermal (n,p) cross section is 3.26821e-08 +/- 1.63411e-08 b.
 ... thermal (n,p) cross section is 2.73738e-08 b. (random case 1)
 ... thermal (n,p) cross section is 3.5294e-08 b. (random case 2)
 ... thermal (n,p) cross section is 8.46141e-09 b. (random case 3)
 ... thermal (n,p) cross section is 4.27836e-08 b. (random case 4)
 ... thermal (n,p) cross section is 3.53014e-08 b. (random case 5)
 ... thermal (n,p) cross section is 1.86771e-08 b. (random case 6)
 ... thermal (n,p) cross section is 1.43947e-08 b. (random case 7)
 ... thermal (n,p) cross section is 3.19346e-08 b. (random case 8)
 ... thermal (n,p) cross section is 3.03826e-08 b. (random case 9)
 ... thermal (n,p) cross section is 3.23356e-08 b. (random case 10)
 ... Rewrite index for MF2
 ... Write text for MF1 in file mf1.tares.txt
 ... plotting cross sections for the MF1
 ... order output files


================== summary ==================
 Thermal (n,tot) xs = 74.3857 b. 
 Thermal (n,el)  xs = 4.81038 b. 
 Thermal (n,g)   xs = 69.5753 b. (meas/sys: 58.9872 b.)
 At 300 K (thermal adjustment): (n,el) = 4.82534 b., (n,g) = 69.605 b.

 RI      (n,g)      = 629.456 b. (meas or sys: - b.)
 RI      (n,el)     = 331.643 b.
=============================================


 ... cleaning
                                                 
  -------------------------------------------------------------
  -                                                           -
  - TARES: successful end of run with data from hypothetical  -
  - resonances for  Z= 68, A= 160 and isomer= 0               -
  - half-life: 1.190972 days 
  -                                                           -
  -------------------------------------------------------------

   Running time:       22 seconds

 End time: Fri Oct  9 12:44:32 2026

