
  -------------------------------------------------------------
  -                                                           -
  -              Welcome to TARES version 1.8                 -
  -                                                           -
  -  (C) Copyright 2007-2025 D. Rochman, All Rights Reserved  -
  -           NRG, Petten, the Netherlands 2007-2014          -
  -           PSI, Villigen    Switzerland 2015-2025          -
  -         Nagra, Wettingen   Switzerland 2025-              -
  -           (Last Modified October 06, 2026)                -
  -           (Database from October 06, 2026)                -
  -                                                           -
  -------------------------------------------------------------


  ---------------------------------------------
   Compilation information:
   Compiled on:         Oct  7 2026, 09:32:19
   Compiled by:         koning
   Compiler version:    clang++ - 21.0.0
   Source location:     /Users/koning/tares-1.8/source/Module/
   Binaries location:   /Users/koning/bin
   System:              Darwin 25.6.0
   System version:      Darwin Kernel Version 25.6.0: Fri Jul 31 19:19:08 PDT 2026; root:xnu-12377.161.14~5/RELEASE_ARM64_T6050  
   Machine:             arm64 
  ---------------------------------------------

   User information:
   User name:           koning
   Running directory:   /Users/koning/tendl/resbase/Ag108/work
   Owner mode for running directory : rwx
   Group mode for running directory : r-x
  ---------------------------------------------


 Starting time: Wed Oct  7 10:04:01 2026
 ... inputs directory found (/Users/koning/tares-1.8/source/Module//../../inputs/).
 ... It will be used for resonance parameters 
 ... ###############################################
 ... #     read the input file tares.inp
 ... ###############################################
 ... line: #
 ... line: # Input file generated by Autorochman
          --> line not read
 ... line: #
 ... line: isotope    Ag
          --> Isotope name: Ag
 ... line: mass       108
          --> isotopic mass: 108
 ... line: output     n-Ag108
         ---> Name of the output files: n-Ag108
 ... line: isomer     0
          --> isomeric state: 0
 ... line: mf32mf33   y
          --> MF33 based on MF32: y
 ... line: nbrRandom  6
          --> Nbr of random files: 6
 ... ###############################################
 ... # end read the input file tares.inp
 ... ###############################################
Value for random generator type not considered in since Tares 1.7 due to compilation issues

 ... ###############################################
     #   Interpretation of the Input definition    #
     ###############################################

 ... Default energy limit: End of resonance region
 ... Nuclear charge    = 47
 ... Element           = Ag
 ... Mass              = 108
 ... Isomer            = 0
 ... Correlation for (Gn,Gg) not included in random files
 ... Default random option: No random
 ... Output name: n-Ag108
 ... Energy for the MACS: 30000 eV
 ... Resonances from CALENDF reduced (reduce=y) 
 ... For URR, level density model from TALYS selected: 91n3n12611.2850 (see manual for description)
 ... Random Generator: default (pseudo random numbers from ansi c++)
 ... Reconstruction of cross section selected
 ... Doppler broadening at 0 Kelvin
 ... URR not included (from the input file flag)
 ... Weight for grouping is flat
 ... Calculation of (n,alpha) cross section selected
 ... Number of digit for MF32c covariance representation: 2
 ... MF32 included
 ... MF33 will be used for covariance processing
 ... TENDL option set to yes (automatic choice of MF2 and format)
 ... Isotope not found in the best file --> use of MLBW formalism
 ... default option: Multi level Breit Wigner approximation selected
 ... (check file best.tendl.yes for changing this option)
 ... Retroactive option set to no with the 2025 option
 ... ladder option set to yes (CALENDF will be used for statistical resonances)

 ... ###############################################
     #           End of Input definition           #
     ###############################################

 ... gnuplot found, will be used for plotting
 ... latex found, will be used for plotting
 ... dvips found, will be used for plotting
 ... ps2epsi not found, limited plotting available
 ... uncertainties on default parameters multiplied by 1.08125
 ... Read resonance data from the 2025 directory
 ... Resonance parameters taken from /Users/koning/tares-1.8/source/Module//../../inputs/2025/Resonance/default/
 ---> Processing Z= 47 and A= 108 and isomer= 0 (level number: 0)
 Exfor path; Could not find /Users/koning/tares-1.8/source/Module//../../inputs/exfor/Ag108/xs/102
Thermal file; Could not open file /Users/koning/tares-1.8/source/Module//../../inputs/2025/runThermal/results//thermal.mxw.ng.cendl3.1
Thermal file; Could not open file /Users/koning/tares-1.8/source/Module//../../inputs/2025/runThermal/results//thermal.mxw.ng.brond3.1
Thermal file; Could not open file /Users/koning/tares-1.8/source/Module//../../inputs/2025/runThermal/results//thermal.xs.ng.unc.cendl3.1
 ... spin taken from the final/ directory (1)
 ... The spin found in level file ( 1 ) and the one in the urr file ( 5.5 ) differ

 ... ###############################################
 ... #  Nucleus global parameters (2025 database)  #
 ... ###############################################
 0. Half-life: 2.38167 min. 
 ... Scattering radius from TALYS: /Users/koning/tares-1.8/source/Module//../../inputs/2025/lib.urr/talys.urr/
 1. Spin of the target isotope: 1
 2. Relative Atomic Mass of the target isotope: 107.905
 3. Scattering radius (local compilation): 6.32942 fm +/- 0.132918 fm
      .......................................
      ... Thermal capture cross sections: ...
 4. Thermal (n,g) cross section from systematics: 47.36 +/- 33.152 b.
 5. Thermal (n,g) cross section from compilation (Firestone-2022 average on element Ag): 63.7 +/- 0.6 b.
 6. Thermal (n,g) cross section from compilation (Firestone-2022 final on element Ag): 63.8 +/- 0.5 b.
 7. Thermal (n,g) cross section from ENDF/B-VIII.1: 7.573 b.
 8. Thermal (n,g) cross section from ENDF/B-VIII.0: 7.606 b.
 9. Thermal (n,g) cross section from TENDL-2023: 7.491 +/- 1.914 b.
 10. Thermal (n,g) cross section from JEFF-3.3: 5915 +/- 3614 b.
 11. Thermal (n,g) cross section from JEFF-4.0: 7.491 +/- 1.816 b.
 12. Thermal (n,g) cross section from JENDL-5.0: 17.52 b.
      .......................................
      ...  Thermal total cross sections:  ...
      .......................................
      ... Thermal elastic cross sections: ...
 13. Thermal (n,el) cross section from ENDF/B-VIII.1: 4.368 b.
 14. Thermal (n,el) cross section from ENDF/B-VIII.0: 4.368 b.
 15. Thermal (n,el) cross section from JEFF-3.3: 191.5 b.
 16. Thermal (n,el) cross section from potential (4piR^2): 7.95456 +/- 0.397728 b.
      .......................................
             ... Resonance integral: ...
 17. No capture integral found in /Users/koning/tares-1.8/source/Module//../../inputs/capture.integral
 ... no RI(n,g) found in local compilation, take 2018 value.
 ... no RI(n,g) found in local compilation, take Sukhoruchkin value.
   ---- MACS 30 keV ----- 
 18. TALYS MACS 30 keV (HF): 1.86866 b. 
   ---------- S0 -------- 
 19. S0 from TALYS: 0.583297
   ---------- S1 -------- 
 20. S1 from TALYS: 6.14794
   ---------- S2 -------- 
 21. S2 from TALYS: 0.521495
   ---------- D0 -------- 
 22. D0 from TALYS: 2.83853 eV
   ---------- D1 -------- 
 23. D1 from TALYS: 1.49527 eV
   ---------- D2 -------- 
 24. D2 from TALYS: 0.960364 eV
   ---------- G0 -------- 
 25. Gg0 from TALYS: 0.0847807 eV
   ---------- G1 -------- 
 26. Gg1 from TALYS: 0.0838385 eV
   ---------- G2 -------- 
 27. Gg2 from TALYS: 0.0847807 eV


   ---------------------- 
 ... Read resonance parameters (format: 2: Multi Level Breit Wigner)
 ... 0 resonances found 
 ... possibly no resonances in the Resonance directory for this isotope and options
 ... Use HFR (ladder) behavior 
 --> 29. Number of resonances from the input file: 2 up to 1.41926 eV
 30. Read nuclear quantities (mass, MAT...)
 31. Read thermal (n,g) xs 
 32. Read the scattering radius 
 33. Read uncertainty on Gg for 2 resonances
 34. Read uncertainty on Gg for 2 resonances ... done
 ... order resonances 
 ... Upper limit for the RRR: 1.41926 eV (no statistical resonances HFR) from the limit.RRR file
 ... Write parameters for l=0 waves
 ... End writing original MF2 
 ... No RRR in the database: uncertainties on default parameters multiplied by 1.99753
 ... Enter in urr function (ladder option set to y) for file n-Ag108
 ... read the file /Users/koning/tares-1.8/source/Module//../../inputs/2025/list.jcs.urr to find URR origin
 Default URR taken from TALYS calculations with level density model: 91n3n12611.2850
 File considered for the URR: /Users/koning/tares-1.8/source/Module//../../inputs/2025/lib.urr/talys.urr/91n3n12611.2850/Ag/urr/urr.dat.Ag.108.000.0.gz
 ... Write URR using TALYS average parameters (used for HFR)
 ... Limit of URR changed to 25 keV (recommendation from WPEC and JEFF)
 ... Extract the Sn value from file ./urr.dat.Ag.108.0.0
 ... found Sn= 9.18396 MeV
 ... estimated number of resonances up to 195.612 eV:  68.9132 resonances
 ... This is a test here. The higher energy limit to include URR data for calendf is set to max Sn. 24/03/2016
 ... Use Sn to define the maximum energy for the URR: Sn= 9.18396 MeV --> last_energyURR= 195.612 eV
 ... read D0, S0, Gn and Gg
 ... number of URR energies: 1233
 Number of l: 1233 and last energy: 9
 Last  URR energy: 195.612 eV
 ... Enter in to_MLBW_mf2 function
 ... Convert to Multi Level Breit Wigner (MLBW)
 ... Write parameter covariances (MF32) for l=0
 ... Convert parameter covariances (MF32) to MLBW
 ... copy the mf2 and mf32 to .mlbw files
 ... Enter in urr_correct function case 1
 Modify the higher limit of RRR in MF2
 --> old value: 1.426360+0 eV new value: 1.000000-2 eV
 Modify resonance covariances (MF32) to include correlations in the URR
 End Modify resonance covariances (MF32) to include correlations in the URR
 ... Enter in calendf_xs function
 Use CALENDF for statistical resonances (update MF2) up to 1.956120+2 eV (initial limit)
 Extract resonances from CALENDF for RRR->URR 2
 224 statistical resonances found
 After reduction, 202 statistical resonances found
 ... checking resonance order 1
 ... checking resonance order 2nd round for 200 resonances
 ... end checking resonance order 2nd round
 Too many resonances (200): reduced to 100.
 .......................................................
 ... Adjustment to the thermal cross section : start ...
 .......................................................

 Before adjustment (adjustment to the thermal cross section set to y)
 ... Import MF2 from TARES calculations
 ... End energy of TARES MF2 : 9.161391E+1 eV and limit to 40000 resonances
 ... File used for reconstruction: new.temp22.reconst
 ... run RECENT ...
 ... Doppler broadened at a unique temperature: 300 Kelvin using sigma1
 ... run SIGMA1 at 3.000000E+02 K.

 ============== INTER values at 300 Kelvin ==============
 Thermal (n,g) xs =  27.8819 b. (meas/sys: 47.36 b.) (warning: comparison to be done at 296 or 300 K)
 Th Maxw (n,g) xs =  27.778 b. (thermal Maxwellian value)
 Westcott factor  =  0.99629
 RI      (n,g)    =  256.543 b. (meas or sys: - b.)
 MACS 3.000e+04 eV=  1.8616 b. (meas or sys: - b.) from 1.00E+00 to 2.00E+07 eV (end of RRR) at T= 300 Kelvin 
 Thermal (n,el) xs=  4.73214 b.
 RI      (n,el)   =  29.0655 b.
 ============= PSYCHE values ==============
 Ave. G_total L0  =  0.0860807 eV
 Ave. G_total L1  =  0.0810615 eV
 Ave. Gn_0    L0  =  0.000387712
 Ave. Gn_0    L1  =  0.00439547
 Ave. Gg      L0  =  0.0832504 eV
 Ave. Gg      L1  =  0.0810588 eV
 Ave. D       L0  =  2.69453 eV
 Ave. D       L1  =  1.94923 eV
 Ave. S       L0  =  7.38934e-05 eV
 Ave. S       L1  =  0.000497155 eV
 =========================================
 Calculated capture integral   256.543 b.
 Calculated thermal (n,g)=          27.8818862 b. and recommended= 47.36 b. (C/E= 0.588722)
 Calculated RI      (n,g)= 256.543 b. (no reference value)
 ... tolerances: thermal (n,g) 20 % (reference uncertainties, minimum 2% and 5%, maximum 20%)
 Adjust the capture widths ...
 ... capture adjusted with Gn for 100 resonances (Gn<Gg) and with Gg for 0 resonances
 ... iteration 0: C/E thermal (n,g)= 0.588722

 <-------- After adjustment -------->
 ... Import MF2 from TARES calculations
 ... End energy of TARES MF2 : 9.161391E+1 eV and limit to 40000 resonances
 ... File used for reconstruction: new.temp22.reconst
 ... run RECENT ...
 ... Doppler broadened at a unique temperature: 300 Kelvin using sigma1
 ... run SIGMA1 at 3.000000E+02 K.

 ============== INTER values at 300 Kelvin ==============
 Thermal (n,g) xs =  38.8352 b. (meas/sys: 47.36 b.) (warning: comparison to be done at 296 or 300 K)
 Th Maxw (n,g) xs =  38.691 b. (thermal Maxwellian value)
 Westcott factor  =  0.99629
 RI      (n,g)    =  336.545 b. (meas or sys: - b.)
 MACS 3.000e+04 eV=  1.8617 b. (meas or sys: - b.) from 1.00E+00 to 2.00E+07 eV (end of RRR) at T= 300 Kelvin 
 Thermal (n,el) xs=  4.60739 b.
 RI      (n,el)   =  33.2507 b.
 ============= PSYCHE values ==============
 Ave. G_total L0  =  0.0871925 eV
 Ave. G_total L1  =  0.0810626 eV
 Ave. Gn_0    L0  =  0.000540024
 Ave. Gn_0    L1  =  0.00612221
 Ave. Gg      L0  =  0.0832504 eV
 Ave. Gg      L1  =  0.0810588 eV
 Ave. D       L0  =  2.69453 eV
 Ave. D       L1  =  1.94923 eV
 Ave. S       L0  =  0.000102922 eV
 Ave. S       L1  =  0.000692461 eV
 =========================================
 ... iteration 1: C/E thermal (n,g)= 0.82


 ... ratio C/E thermal (n,g): 8.199999E-01
 ...................................................... 
 ... Adjustment to the thermal cross section : stop ...
 ...................................................... 
 ... new MF2 file after adjustment: n-Ag108
 ... read the file /Users/koning/tares-1.8/source/Module//../../inputs/2025/list.jcs.urr to find URR origin
 Default URR taken from TALYS calculations with level density model: 91n3n12611.2850
 File considered for the URR: /Users/koning/tares-1.8/source/Module//../../inputs/2025/lib.urr/talys.urr/91n3n12611.2850/Ag/urr/urr.dat.Ag.108.000.0.gz
 ... Write URR using TALYS average parameters (not used for HFR)
 ... Limit of URR changed to 25 keV (recommendation from WPEC and JEFF)
 ... read D0, S0, Gn and Gg
 ... number of URR energies: 1098
 Number of l: 1098 and last energy: 9
 Last  URR energy: 78348.6 eV
 Energies in the URR : 1098 -> reduced by a factor 2
 Energies in the URR : 621 -> reduced by a factor 2
 Energies in the URR : 351 -> reduced by a factor 2
 ... Enter in urr_correct function case 2
 Modify the higher limit of RRR in MF2
 --> old value: 9.161391+1 eV new value: 9.161391+1 eV
 Modify resonance covariances (MF32) to include correlations in the URR
 End Modify resonance covariances (MF32) to include correlations in the URR
 ... Enter in update_MF32 function
 ... Change uncertainties
 ... for the HFR, random position of the positive resonances with 0.020000 %
 ... end of update MF32 function
 ... GLS calculation of the parameter correlations from the thermal/RI adjustment (MF32c)
 ... MF32: correlations from the thermal/RI adjustment (GLS) for 7 resonances (13 widths), 2 correlation lines
 ...   thermal (n,g): uncertainty from these widths 11.1838 b. -> 10.597 b. (reference: 47.36 +/- 33.152 b.)
 ... copy the mf2 and mf32 to .mlbw files

 ... Start of final reconstruction and testing ...
 ... Reconstruction of cross sections at 0 Kelvin  ... Import MF2 from TARES calculations
 ... End energy of TARES MF2 : 9.161391E+1 eV and limit to 40000 resonances
 ... File used for reconstruction: n-Ag108.reconst
 ... run RECENT ...
 ... Doppler broadened at a unique temperature: 0 Kelvin using sigma1
 ... The keyword temperature is zero, no Doppler broadening for the MACS

 ============== INTER values at 0 Kelvin ==============
 Thermal (n,g) xs =  38.8253 b. (meas/sys: 47.36 b.) (warning: comparison to be done at 296 or 300 K)
 Th Maxw (n,g) xs =  38.473 b. (thermal Maxwellian value)
 Westcott factor  =  0.99092
 RI      (n,g)    =  336.328 b. (meas or sys: - b.)
 MACS 3.000e+04 eV=  1.8519 b. (meas or sys: - b.) from 1.00E+00 to 9.16E+01 eV (end of RRR) at T= 0 Kelvin 
 Thermal (n,el) xs=  4.58591 b.
 RI      (n,el)   =  33.0404 b.
 ============= PSYCHE values ==============
 Ave. G_total L0  =  0.0871925 eV
 Ave. G_total L1  =  0.0810626 eV
 Ave. Gn_0    L0  =  0.000540024
 Ave. Gn_0    L1  =  0.00612221
 Ave. Gg      L0  =  0.0832504 eV
 Ave. Gg      L1  =  0.0810588 eV
 Ave. D       L0  =  2.69453 eV
 Ave. D       L1  =  1.94923 eV
 Ave. S       L0  =  0.000102922 eV
 Ave. S       L1  =  0.000692461 eV
 =========================================
 ... End of final reconstruction and testing ...

 ... grouping is not optimum, change to 70 groups
 ... Produce MF33 based on MF32 and 6 random files
 ... run endsam for 6 in groups of 1 global run
 ... run endsam from 1 to 6
 ... reorder resonance position after endsam (sampling)
 ... preparing the vectors  ... done
 ... nominal file 0 Cap(th)  ave= 3.883E+01 b. +/- 0.00 % || Ela(th) ave= 4.586E+00 b. +/- 0.00 % || RIcap ave= 2.91E+02 b. +/- 0.00 % || Macs30 ave= 6.42E+01 b. +/- 0.00 % || Gn^0(l=0) ave= 5.400E-04 +/- 0.00 % Gn^0(l=1) ave= 6.122E-03 +/- 0.00 % Gn^0(l=2) ave= 0.000E+00 +/- 0.00 % Gn^0(l=3) ave= 0.000E+00 +/- 0.00 % || Gtotal(l=0) ave= 8.719E-02 +/- 0.00 % Gtotal(l=1) ave= 8.106E-02 +/- 0.00 % Gtotal(l=2) ave= 0.000E+00 +/- 0.00 % Gtotal(l=3) ave= 0.000E+00 +/- 0.00 %  % || Gg(l=0) ave= 8.325E-02 +/- 0.00 % Gg(l=1) ave= 8.106E-02 +/- 0.00 % Gg(l=2) ave= 0.000E+00 +/- 0.00 % Gg(l=3) ave= 0.000E+00 +/- 0.00 %  % || D(l=0) ave= 2.695E+00 +/- 0.00 % D(l=1) ave= 1.949E+00 +/- 0.00 % D(l=2) ave= 0.000E+00 +/- 0.00 % D(l=3) ave= 0.000E+00 +/- 0.00 %  % || S(l=0) ave= 1.029E-04 +/- 0.00 % S(l=1) ave= 6.925E-04 +/- 0.00 % S(l=2) ave= 0.000E+00 +/- 0.00 % S(l=3) ave= 0.000E+00 +/- 0.00 % 
 ... random file  1 Cap(th)  ave= 4.088E+01 b. +/- 5.02 % || Ela(th) ave= 4.566E+00 b. +/- 0.44 % || RIcap ave= 2.89E+02 b. +/- 0.50 % || Macs30 ave= 6.33E+01 b. +/- 1.48 % || Gn^0(l=0) ave= 5.405E-04 +/- 0.10 % Gn^0(l=1) ave= 6.151E-03 +/- 0.47 % Gn^0(l=2) ave= 0.000E+00 +/- 0.00 % Gn^0(l=3) ave= 0.000E+00 +/- 0.00 % || Gtotal(l=0) ave= 8.719E-02 +/- 0.00 % Gtotal(l=1) ave= 8.106E-02 +/- 0.00 % Gtotal(l=2) ave= 0.000E+00 +/- 0.00 % Gtotal(l=3) ave= 0.000E+00 +/- 0.00 %  % || Gg(l=0) ave= 8.237E-02 +/- 1.07 % Gg(l=1) ave= 7.556E-02 +/- 7.27 % Gg(l=2) ave= 0.000E+00 +/- 0.00 % Gg(l=3) ave= 0.000E+00 +/- 0.00 %  % || D(l=0) ave= 2.695E+00 +/- 0.00 % D(l=1) ave= 1.949E+00 +/- 0.00 % D(l=2) ave= 0.000E+00 +/- 0.00 % D(l=3) ave= 0.000E+00 +/- 0.00 %  % || S(l=0) ave= 1.031E-04 +/- 0.14 % S(l=1) ave= 6.957E-04 +/- 0.46 % S(l=2) ave= 0.000E+00 +/- 0.00 % S(l=3) ave= 0.000E+00 +/- 0.00 % 
 ... random file  2 Cap(th)  ave= 3.825E+01 b. +/- 10.67 % || Ela(th) ave= 4.313E+00 b. +/- 8.31 % || RIcap ave= 2.89E+02 b. +/- 0.46 % || Macs30 ave= 6.28E+01 b. +/- 1.60 % || Gn^0(l=0) ave= 5.405E-04 +/- 0.08 % Gn^0(l=1) ave= 6.537E-03 +/- 8.36 % Gn^0(l=2) ave= 0.000E+00 +/- 0.00 % Gn^0(l=3) ave= 0.000E+00 +/- 0.00 % || Gtotal(l=0) ave= 8.719E-02 +/- 0.00 % Gtotal(l=1) ave= 8.106E-02 +/- 0.00 % Gtotal(l=2) ave= 0.000E+00 +/- 0.00 % Gtotal(l=3) ave= 0.000E+00 +/- 0.00 %  % || Gg(l=0) ave= 8.208E-02 +/- 1.01 % Gg(l=1) ave= 7.696E-02 +/- 6.37 % Gg(l=2) ave= 0.000E+00 +/- 0.00 % Gg(l=3) ave= 0.000E+00 +/- 0.00 %  % || D(l=0) ave= 2.695E+00 +/- 0.00 % D(l=1) ave= 1.949E+00 +/- 0.00 % D(l=2) ave= 0.000E+00 +/- 0.00 % D(l=3) ave= 0.000E+00 +/- 0.00 %  % || S(l=0) ave= 1.030E-04 +/- 0.14 % S(l=1) ave= 7.393E-04 +/- 8.36 % S(l=2) ave= 0.000E+00 +/- 0.00 % S(l=3) ave= 0.000E+00 +/- 0.00 % 
 ... random file  3 Cap(th)  ave= 3.625E+01 b. +/- 13.64 % || Ela(th) ave= 4.578E+00 b. +/- 12.11 % || RIcap ave= 2.88E+02 b. +/- 0.66 % || Macs30 ave= 6.29E+01 b. +/- 1.41 % || Gn^0(l=0) ave= 5.401E-04 +/- 0.13 % Gn^0(l=1) ave= 6.218E-03 +/- 11.69 % Gn^0(l=2) ave= 0.000E+00 +/- 0.00 % Gn^0(l=3) ave= 0.000E+00 +/- 0.00 % || Gtotal(l=0) ave= 8.719E-02 +/- 0.00 % Gtotal(l=1) ave= 8.106E-02 +/- 0.00 % Gtotal(l=2) ave= 0.000E+00 +/- 0.00 % Gtotal(l=3) ave= 0.000E+00 +/- 0.00 %  % || Gg(l=0) ave= 8.009E-02 +/- 4.40 % Gg(l=1) ave= 7.909E-02 +/- 7.12 % Gg(l=2) ave= 0.000E+00 +/- 0.00 % Gg(l=3) ave= 0.000E+00 +/- 0.00 %  % || D(l=0) ave= 2.695E+00 +/- 0.00 % D(l=1) ave= 1.949E+00 +/- 0.00 % D(l=2) ave= 0.000E+00 +/- 0.00 % D(l=3) ave= 0.000E+00 +/- 0.00 %  % || S(l=0) ave= 1.030E-04 +/- 0.15 % S(l=1) ave= 7.033E-04 +/- 11.69 % S(l=2) ave= 0.000E+00 +/- 0.00 % S(l=3) ave= 0.000E+00 +/- 0.00 % 
 ... random file  4 Cap(th)  ave= 3.555E+01 b. +/- 13.06 % || Ela(th) ave= 4.588E+00 b. +/- 10.82 % || RIcap ave= 2.89E+02 b. +/- 0.77 % || Macs30 ave= 6.32E+01 b. +/- 1.65 % || Gn^0(l=0) ave= 5.372E-04 +/- 1.08 % Gn^0(l=1) ave= 6.189E-03 +/- 10.55 % Gn^0(l=2) ave= 0.000E+00 +/- 0.00 % Gn^0(l=3) ave= 0.000E+00 +/- 0.00 % || Gtotal(l=0) ave= 8.716E-02 +/- 0.08 % Gtotal(l=1) ave= 8.106E-02 +/- 0.00 % Gtotal(l=2) ave= 0.000E+00 +/- 0.00 % Gtotal(l=3) ave= 0.000E+00 +/- 0.00 %  % || Gg(l=0) ave= 8.280E-02 +/- 7.56 % Gg(l=1) ave= 8.000E-02 +/- 6.69 % Gg(l=2) ave= 0.000E+00 +/- 0.00 % Gg(l=3) ave= 0.000E+00 +/- 0.00 %  % || D(l=0) ave= 2.711E+00 +/- 1.20 % D(l=1) ave= 1.949E+00 +/- 0.00 % D(l=2) ave= 0.000E+00 +/- 0.00 % D(l=3) ave= 0.000E+00 +/- 0.00 %  % || S(l=0) ave= 1.014E-04 +/- 3.04 % S(l=1) ave= 7.000E-04 +/- 10.55 % S(l=2) ave= 0.000E+00 +/- 0.00 % S(l=3) ave= 0.000E+00 +/- 0.00 % 
 ... random file  5 Cap(th)  ave= 3.694E+01 b. +/- 14.24 % || Ela(th) ave= 4.551E+00 b. +/- 10.12 % || RIcap ave= 2.89E+02 b. +/- 0.72 % || Macs30 ave= 6.31E+01 b. +/- 1.58 % || Gn^0(l=0) ave= 5.351E-04 +/- 1.34 % Gn^0(l=1) ave= 6.226E-03 +/- 9.66 % Gn^0(l=2) ave= 0.000E+00 +/- 0.00 % Gn^0(l=3) ave= 0.000E+00 +/- 0.00 % || Gtotal(l=0) ave= 8.714E-02 +/- 0.09 % Gtotal(l=1) ave= 8.106E-02 +/- 0.00 % Gtotal(l=2) ave= 0.000E+00 +/- 0.00 % Gtotal(l=3) ave= 0.000E+00 +/- 0.00 %  % || Gg(l=0) ave= 8.467E-02 +/- 8.37 % Gg(l=1) ave= 7.966E-02 +/- 6.20 % Gg(l=2) ave= 0.000E+00 +/- 0.00 % Gg(l=3) ave= 0.000E+00 +/- 0.00 %  % || D(l=0) ave= 2.722E+00 +/- 1.41 % D(l=1) ave= 1.949E+00 +/- 0.00 % D(l=2) ave= 0.000E+00 +/- 0.00 % D(l=3) ave= 0.000E+00 +/- 0.00 %  % || S(l=0) ave= 1.003E-04 +/- 3.69 % S(l=1) ave= 7.041E-04 +/- 9.66 % S(l=2) ave= 0.000E+00 +/- 0.00 % S(l=3) ave= 0.000E+00 +/- 0.00 % 
 ... random file  6 Cap(th)  ave= 3.530E+01 b. +/- 17.89 % || Ela(th) ave= 4.469E+00 b. +/- 10.54 % || RIcap ave= 2.89E+02 b. +/- 0.73 % || Macs30 ave= 6.31E+01 b. +/- 1.47 % || Gn^0(l=0) ave= 5.359E-04 +/- 1.29 % Gn^0(l=1) ave= 6.338E-03 +/- 9.80 % Gn^0(l=2) ave= 0.000E+00 +/- 0.00 % Gn^0(l=3) ave= 0.000E+00 +/- 0.00 % || Gtotal(l=0) ave= 8.714E-02 +/- 0.09 % Gtotal(l=1) ave= 8.106E-02 +/- 0.00 % Gtotal(l=2) ave= 0.000E+00 +/- 0.00 % Gtotal(l=3) ave= 0.000E+00 +/- 0.00 %  % || Gg(l=0) ave= 8.393E-02 +/- 8.11 % Gg(l=1) ave= 7.874E-02 +/- 6.47 % Gg(l=2) ave= 0.000E+00 +/- 0.00 % Gg(l=3) ave= 0.000E+00 +/- 0.00 %  % || D(l=0) ave= 2.718E+00 +/- 1.36 % D(l=1) ave= 1.949E+00 +/- 0.00 % D(l=2) ave= 0.000E+00 +/- 0.00 % D(l=3) ave= 0.000E+00 +/- 0.00 %  % || S(l=0) ave= 1.007E-04 +/- 3.53 % S(l=1) ave= 7.168E-04 +/- 9.80 % S(l=2) ave= 0.000E+00 +/- 0.00 % S(l=3) ave= 0.000E+00 +/- 0.00 % 
 ... Histogram plot for thermal (n,g)
 ... Write covariances  ... MT1  ... plot correlations
 ... MT2  ... MT102 


 ================================================
 ============== From 6 random values === start ======
 Thermal (n,tot) xs  0 K =  39.7698 b. +/- 6.36738 b. ( 16.0106 %) skew= -0.05 +/- 0.79
 Thermal (n,el) xs   0 K =  4.46919 b. +/- 0.471226 b. ( 10.5439 %) skew= +0.46 +/- 0.79
 Thermal (n,g) xs    0 K =  35.3006 b. +/- 6.31555 b. ( 17.8908 %) skew= +0.01 +/- 0.79
 RI      (n,g)       0 K =  288.719 b. +/- 2.10841 b. ( 0.730265 %) 
 MACS    (n,g)       0 K (at Emacs= 30000 eV) =  63.0683 b. +/- 0.925911 b. ( 1.46811 %) 
 Ave. Gtotal  L=0        =  8.714E-02 +/- 0.09 %
 Ave. Gn^(0)  L=0        =  5.359E-04 +/- 1.29 %
 Ave. Gg      L=0        =  8.393E-02 +/- 8.11 %
 Ave. D       L=0        =  2.718E+00 +/- 1.36 %
 Ave. S       L=0        =  1.007E-04 +/- 3.53 %
 Ave. Gtotal  L=1        =  8.106E-02 +/- 0.00 %
 Ave. Gg      L=1        =  7.874E-02 +/- 6.47 %
 Ave. D       L=1        =  1.949E+00 +/- 0.00 %
 Ave. S       L=1        =  7.168E-04 +/- 9.80 %

 Expected Thermal (n,g) (syst or meas)= 47.36 b. +/- 33.152 b. nominal: 38.8253 b.
 ratio Calculated/expected thermal (n,g): 0.75 ratio DCalculated/Dexpected: 0.19 ratio Calculated/Nominal: 0.91
 ============== From 6 random values ===== stop ======
 ================================================
 ... Calculation of (n,a) and (n,p) cross sections at 300 K
 ... thermal (n,a) cross section is 0.00010897 +/- 5.4485e-05 b.
 ... thermal (n,a) cross section is 0.000199563 b. (random case 1)
 ... thermal (n,a) cross section is 0.000290563 b. (random case 2)
 ... thermal (n,a) cross section is 0.000381563 b. (random case 3)
 ... thermal (n,a) cross section is 0.000472563 b. (random case 4)
 ... thermal (n,a) cross section is 0.000563563 b. (random case 5)
 ... thermal (n,a) cross section is 0.000654563 b. (random case 6)
 ... thermal (n,p) cross section is 0.00010897 +/- 5.4485e-05 b.
 ... thermal (n,p) cross section is 0.000199563 b. (random case 1)
 ... thermal (n,p) cross section is 0.000290563 b. (random case 2)
 ... thermal (n,p) cross section is 0.000381563 b. (random case 3)
 ... thermal (n,p) cross section is 0.000472563 b. (random case 4)
 ... thermal (n,p) cross section is 0.000563563 b. (random case 5)
 ... thermal (n,p) cross section is 0.000654563 b. (random case 6)
 ... Rewrite index for MF2
 ... Write text for MF1 in file mf1.tares.txt
 ... plotting cross sections for the MF1
 ... order output files


================== summary ==================
 Thermal (n,tot) xs = 43.4125 b. 
 Thermal (n,el)  xs = 4.58591 b. 
 Thermal (n,g)   xs = 38.8253 b. (meas/sys: 47.36 b.)
 At 300 K (thermal adjustment): (n,el) = 4.60739 b., (n,g) = 38.8352 b.

 RI      (n,g)      = 336.328 b. (meas or sys: - b.)
 RI      (n,el)     = 33.0404 b.
=============================================


 ... cleaning
                                                 
  -------------------------------------------------------------
  -                                                           -
  - TARES: successful end of run with data from hypothetical  -
  - resonances for  Z= 47, A= 108 and isomer= 0               -
  - half-life: 2.381667 min. 
  -                                                           -
  -------------------------------------------------------------

   Running time:       11 seconds

 End time: Wed Oct  7 10:04:12 2026

