
  -------------------------------------------------------------
  -                                                           -
  -              Welcome to TARES version 1.8                 -
  -                                                           -
  -  (C) Copyright 2007-2025 D. Rochman, All Rights Reserved  -
  -           NRG, Petten, the Netherlands 2007-2014          -
  -           PSI, Villigen    Switzerland 2015-2025          -
  -         Nagra, Wettingen   Switzerland 2025-              -
  -           (Last Modified October 06, 2026)                -
  -           (Database from October 06, 2026)                -
  -                                                           -
  -------------------------------------------------------------


  ---------------------------------------------
   Compilation information:
   Compiled on:         Oct  8 2026, 18:36:06
   Compiled by:         koning
   Compiler version:    clang++ - 21.0.0
   Source location:     /Users/koning/tares-1.8/source/Module/
   Binaries location:   /Users/koning/bin
   System:              Darwin 25.6.0
   System version:      Darwin Kernel Version 25.6.0: Fri Jul 31 19:19:08 PDT 2026; root:xnu-12377.161.14~5/RELEASE_ARM64_T6050  
   Machine:             arm64 
  ---------------------------------------------

   User information:
   User name:           koning
   Running directory:   /Users/koning/tendl/resbase/Fr212/work
   Owner mode for running directory : rwx
   Group mode for running directory : r-x
  ---------------------------------------------


 Starting time: Fri Oct  9 13:39:47 2026
 ... inputs directory found (/Users/koning/tares-1.8/source/Module//../../inputs/).
 ... It will be used for resonance parameters 
 ... ###############################################
 ... #     read the input file tares.inp
 ... ###############################################
 ... line: #
 ... line: # Input file generated by Autorochman
          --> line not read
 ... line: #
 ... line: isotope    Fr
          --> Isotope name: Fr
 ... line: mass       212
          --> isotopic mass: 212
 ... line: output     n-Fr212
         ---> Name of the output files: n-Fr212
 ... line: isomer     0
          --> isomeric state: 0
 ... line: mf32mf33   y
          --> MF33 based on MF32: y
 ... line: nbrRandom  10
          --> Nbr of random files: 10
 ... ###############################################
 ... # end read the input file tares.inp
 ... ###############################################
Value for random generator type not considered in since Tares 1.7 due to compilation issues

 ... ###############################################
     #   Interpretation of the Input definition    #
     ###############################################

 ... Default energy limit: End of resonance region
 ... Nuclear charge    = 87
 ... Element           = Fr
 ... Mass              = 212
 ... Isomer            = 0
 ... Correlation for (Gn,Gg) not included in random files
 ... Default random option: No random
 ... Output name: n-Fr212
 ... Energy for the MACS: 30000 eV
 ... Resonances from CALENDF reduced (reduce=y) 
 ... For URR, level density model from TALYS selected: 91n3n12611.2850 (see manual for description)
 ... Random Generator: default (pseudo random numbers from ansi c++)
 ... Reconstruction of cross section selected
 ... Doppler broadening at 0 Kelvin
 ... URR not included (from the input file flag)
 ... Weight for grouping is flat
 ... Calculation of (n,alpha) cross section selected
 ... Number of digit for MF32c covariance representation: 2
 ... MF32 included
 ... MF33 will be used for covariance processing
 ... TENDL option set to yes (automatic choice of MF2 and format)
 ... Isotope not found in the best file --> use of MLBW formalism
 ... default option: Multi level Breit Wigner approximation selected
 ... (check file best.tendl.yes for changing this option)
 ... Retroactive option set to no with the 2025 option
 ... ladder option set to yes (CALENDF will be used for statistical resonances)

 ... ###############################################
     #           End of Input definition           #
     ###############################################

 ... gnuplot found, will be used for plotting
 ... latex found, will be used for plotting
 ... dvips found, will be used for plotting
 ... ps2epsi not found, limited plotting available
 ... uncertainties on default parameters multiplied by 1.31895
 ... Read resonance data from the 2025 directory
 ... Resonance parameters taken from /Users/koning/tares-1.8/source/Module//../../inputs/2025/Resonance/default/
 ---> Processing Z= 87 and A= 212 and isomer= 0 (level number: 0)
 Exfor path; Could not find /Users/koning/tares-1.8/source/Module//../../inputs/exfor/Fr212/xs/102
Thermal file; Could not open file /Users/koning/tares-1.8/source/Module//../../inputs/2025/runThermal/results//thermal.mxw.ng.cendl3.1
Thermal file; Could not open file /Users/koning/tares-1.8/source/Module//../../inputs/2025/runThermal/results//thermal.mxw.ng.brond3.1
Thermal file; Could not open file /Users/koning/tares-1.8/source/Module//../../inputs/2025/runThermal/results//thermal.xs.ng.unc.cendl3.1
 ... spin taken from the final/ directory (1)

 ... ###############################################
 ... #  Nucleus global parameters (2025 database)  #
 ... ###############################################
 0. Half-life: 20 min. 
 ... Scattering radius from TALYS: /Users/koning/tares-1.8/source/Module//../../inputs/2025/lib.urr/talys.urr/
 1. Spin of the target isotope: 5
 2. Relative Atomic Mass of the target isotope: 211.996
 3. Scattering radius (local compilation): 7.90723 fm +/- 0.166052 fm
      .......................................
      ... Thermal capture cross sections: ...
 4. Thermal (n,g) cross section from systematics (TALYS, urr.dat): 52.7187 +/- 36.9031 b.
 5. Thermal (n,g) cross section from TENDL-2023: 51.55 +/- 13.14 b.
      .......................................
      ...  Thermal total cross sections:  ...
      .......................................
      ... Thermal elastic cross sections: ...
 6. Thermal (n,el) cross section from potential (4piR^2): 9.93749 +/- 0.496875 b.
      .......................................
             ... Resonance integral: ...
 7. No capture integral found in /Users/koning/tares-1.8/source/Module//../../inputs/capture.integral
 ... no RI(n,g) found in local compilation, take 2018 value.
 ... no RI(n,g) found in local compilation, take Sukhoruchkin value.
   ---- MACS 30 keV ----- 
 8. TALYS MACS 30 keV (HF): 1.38296 b. 
   ---------- S0 -------- 
 9. S0 from TALYS: 0.555956
   ---------- S1 -------- 
 10. S1 from TALYS: 0.716485
   ---------- S2 -------- 
 11. S2 from TALYS: 0.765376
   ---------- D0 -------- 
 12. D0 from TALYS: 1.52992 eV
   ---------- D1 -------- 
 13. D1 from TALYS: 0.783383 eV
   ---------- D2 -------- 
 14. D2 from TALYS: 0.543401 eV
   ---------- G0 -------- 
 15. Gg0 from TALYS: 0.115845 eV
   ---------- G1 -------- 
 16. Gg1 from TALYS: 0.120907 eV
   ---------- G2 -------- 
 17. Gg2 from TALYS: 0.126499 eV


   ---------------------- 
 ... Read resonance parameters (format: 2: Multi Level Breit Wigner)
 ... 0 resonances found 
 ... possibly no resonances in the Resonance directory for this isotope and options
 ... Use HFR (ladder) behavior 
 --> 19. Number of resonances from the input file: 2 up to 0.764961 eV
 20. Read nuclear quantities (mass, MAT...)
 21. Read thermal (n,g) xs 
 22. Read the scattering radius 
 23. Read uncertainty on Gg for 2 resonances
 24. Read uncertainty on Gg for 2 resonances ... done
 ... order resonances 
 ... Upper limit for the RRR: 0.764961 eV (no statistical resonances HFR) from the limit.RRR file
 ... Write parameters for l=0 waves
 ... End writing original MF2 
 ... No RRR in the database: uncertainties on default parameters multiplied by 1.99753
 ... Enter in urr function (ladder option set to y) for file n-Fr212
 ... read the file /Users/koning/tares-1.8/source/Module//../../inputs/2025/list.jcs.urr to find URR origin
 Default URR taken from TALYS calculations with level density model: 91n3n12611.2850
 File considered for the URR: /Users/koning/tares-1.8/source/Module//../../inputs/2025/lib.urr/talys.urr/91n3n12611.2850/Fr/urr/urr.dat.Fr.212.000.0.gz
 ... Write URR using TALYS average parameters (used for HFR)
 ... Limit of URR changed to 25 keV (recommendation from WPEC and JEFF)
 ... Extract the Sn value from file ./urr.dat.Fr.212.0.0
 ... found Sn= 8.10952 MeV
 ... estimated number of resonances up to 266.982 eV:  174.507 resonances
 ... This is a test here. The higher energy limit to include URR data for calendf is set to max Sn. 24/03/2016
 ... Use Sn to define the maximum energy for the URR: Sn= 8.10952 MeV --> last_energyURR= 266.982 eV
 ... read D0, S0, Gn and Gg
 ... number of URR energies: 1692
 Number of l: 1692 and last energy: 12
 Last  URR energy: 266.982 eV
 ... Enter in to_MLBW_mf2 function
 ... Convert to Multi Level Breit Wigner (MLBW)
 ... Write parameter covariances (MF32) for l=0
 ... Convert parameter covariances (MF32) to MLBW
 ... copy the mf2 and mf32 to .mlbw files
 ... Enter in urr_correct function case 1
 Modify the higher limit of RRR in MF2
 --> old value: 7.687860-1 eV new value: 1.000000-2 eV
 Modify resonance covariances (MF32) to include correlations in the URR
 End Modify resonance covariances (MF32) to include correlations in the URR
 ... Enter in calendf_xs function
 Use CALENDF for statistical resonances (update MF2) up to 2.669820+2 eV (initial limit)
 Extract resonances from CALENDF for RRR->URR 2
 678 statistical resonances found
 After reduction, 607 statistical resonances found
 ... checking resonance order 1
 ... checking resonance order 2nd round for 605 resonances
 ... end checking resonance order 2nd round
 Too many resonances (605): reduced to 100.
 .......................................................
 ... Adjustment to the thermal cross section : start ...
 .......................................................

 Before adjustment (adjustment to the thermal cross section set to y)
 ... Import MF2 from TARES calculations
 ... End energy of TARES MF2 : 6.615034E+1 eV and limit to 40000 resonances
 ... File used for reconstruction: new.temp22.reconst
 ... run RECENT ...
 ... Doppler broadened at a unique temperature: 300 Kelvin using sigma1
 ... run SIGMA1 at 3.000000E+02 K.

 ============== INTER values at 300 Kelvin ==============
 Thermal (n,g) xs =  10.572 b. (meas/sys: 52.7187 b.) (warning: comparison to be done at 296 or 300 K)
 Th Maxw (n,g) xs =  10.642 b. (thermal Maxwellian value)
 Westcott factor  =  1.00658
 RI      (n,g)    =  257.296 b. (meas or sys: - b.)
 MACS 3.000e+04 eV=  1.3699 b. (meas or sys: - b.) from 1.00E+00 to 2.00E+07 eV (end of RRR) at T= 300 Kelvin 
 Thermal (n,el) xs=  7.23029 b.
 RI      (n,el)   =  38.256 b.
 ============= PSYCHE values ==============
 Ave. G_total L0  =  0.11358 eV
 Ave. G_total L1  =  0.110137 eV
 Ave. Gn_0    L0  =  0.00021944
 Ave. Gn_0    L1  =  0.000392486
 Ave. Gg      L0  =  0.112276 eV
 Ave. Gg      L1  =  0.110137 eV
 Ave. D       L0  =  1.69616 eV
 Ave. D       L1  =  1.61342 eV
 Ave. S       L0  =  6.79295e-05 eV
 Ave. S       L1  =  4.47752e-05 eV
 =========================================
 Calculated capture integral   257.296 b.
 Calculated thermal (n,g)=          10.5719966 b. and recommended= 52.7187 b. (C/E= 0.200536)
 Calculated RI      (n,g)= 257.296 b. (no reference value)
 ... tolerances: thermal (n,g) 20 % (reference uncertainties, minimum 2% and 5%, maximum 20%)
 Adjust the capture widths ...
 ... capture adjusted with Gn for 100 resonances (Gn<Gg) and with Gg for 0 resonances
 ... iteration 0: C/E thermal (n,g)= 0.200536

 <-------- After adjustment -------->
 ... Import MF2 from TARES calculations
 ... End energy of TARES MF2 : 6.615034E+1 eV and limit to 40000 resonances
 ... File used for reconstruction: new.temp22.reconst
 ... run RECENT ...
 ... Doppler broadened at a unique temperature: 300 Kelvin using sigma1
 ... run SIGMA1 at 3.000000E+02 K.

 ============== INTER values at 300 Kelvin ==============
 Thermal (n,g) xs =  43.2293 b. (meas/sys: 52.7187 b.) (warning: comparison to be done at 296 or 300 K)
 Th Maxw (n,g) xs =  43.514 b. (thermal Maxwellian value)
 Westcott factor  =  1.00658
 RI      (n,g)    =  847.506 b. (meas or sys: - b.)
 MACS 3.000e+04 eV=  1.3703 b. (meas or sys: - b.) from 1.00E+00 to 2.00E+07 eV (end of RRR) at T= 300 Kelvin 
 Thermal (n,el) xs=  5.44547 b.
 RI      (n,el)   =  80.297 b.
 ============= PSYCHE values ==============
 Ave. G_total L0  =  0.117609 eV
 Ave. G_total L1  =  0.110138 eV
 Ave. Gn_0    L0  =  0.000897301
 Ave. Gn_0    L1  =  0.00160489
 Ave. Gg      L0  =  0.112276 eV
 Ave. Gg      L1  =  0.110137 eV
 Ave. D       L0  =  1.69616 eV
 Ave. D       L1  =  1.61342 eV
 Ave. S       L0  =  0.000277767 eV
 Ave. S       L1  =  0.000183087 eV
 =========================================
 ... iteration 1: C/E thermal (n,g)= 0.82


 ... ratio C/E thermal (n,g): 8.199998E-01
 ...................................................... 
 ... Adjustment to the thermal cross section : stop ...
 ...................................................... 
 ... new MF2 file after adjustment: n-Fr212
 ... read the file /Users/koning/tares-1.8/source/Module//../../inputs/2025/list.jcs.urr to find URR origin
 Default URR taken from TALYS calculations with level density model: 91n3n12611.2850
 File considered for the URR: /Users/koning/tares-1.8/source/Module//../../inputs/2025/lib.urr/talys.urr/91n3n12611.2850/Fr/urr/urr.dat.Fr.212.000.0.gz
 ... Write URR using TALYS average parameters (not used for HFR)
 ... Limit of URR changed to 25 keV (recommendation from WPEC and JEFF)
 ... read D0, S0, Gn and Gg
 ... number of URR energies: 1536
 Number of l: 1536 and last energy: 12
 Last  URR energy: 81645.3 eV
 Energies in the URR : 1536 -> reduced by a factor 2
 Energies in the URR : 732 -> reduced by a factor 2
 Energies in the URR : 360 -> reduced by a factor 2
 ... Enter in urr_correct function case 2
 Modify the higher limit of RRR in MF2
 --> old value: 6.615034+1 eV new value: 6.615034+1 eV
 Modify resonance covariances (MF32) to include correlations in the URR
 End Modify resonance covariances (MF32) to include correlations in the URR
 ... Enter in update_MF32 function
 ... Change uncertainties
 ... for the HFR, random position of the positive resonances with 0.020000 %
 ... end of update MF32 function
 ... GLS calculation of the parameter correlations from the thermal/RI adjustment (MF32c)
 ... MF32: correlations from the thermal/RI adjustment (GLS) for 14 resonances (28 widths), 3 correlation lines
 ...   thermal (n,g): uncertainty from these widths 8.57418 b. -> 8.35171 b. (reference: 52.7187 +/- 36.9031 b.)
 ... copy the mf2 and mf32 to .mlbw files

 ... Start of final reconstruction and testing ...
 ... Reconstruction of cross sections at 0 Kelvin  ... Import MF2 from TARES calculations
 ... End energy of TARES MF2 : 6.615034E+1 eV and limit to 40000 resonances
 ... File used for reconstruction: n-Fr212.reconst
 ... run RECENT ...
 ... Doppler broadened at a unique temperature: 0 Kelvin using sigma1
 ... The keyword temperature is zero, no Doppler broadening for the MACS

 ============== INTER values at 0 Kelvin ==============
 Thermal (n,g) xs =  43.2063 b. (meas/sys: 52.7187 b.) (warning: comparison to be done at 296 or 300 K)
 Th Maxw (n,g) xs =  43.263 b. (thermal Maxwellian value)
 Westcott factor  =  1.00131
 RI      (n,g)    =  846.805 b. (meas or sys: - b.)
 MACS 3.000e+04 eV=  1.3623 b. (meas or sys: - b.) from 1.00E+00 to 6.62E+01 eV (end of RRR) at T= 0 Kelvin 
 Thermal (n,el) xs=  5.43249 b.
 RI      (n,el)   =  79.7515 b.
 ============= PSYCHE values ==============
 Ave. G_total L0  =  0.117609 eV
 Ave. G_total L1  =  0.110138 eV
 Ave. Gn_0    L0  =  0.000897301
 Ave. Gn_0    L1  =  0.00160489
 Ave. Gg      L0  =  0.112276 eV
 Ave. Gg      L1  =  0.110137 eV
 Ave. D       L0  =  1.69616 eV
 Ave. D       L1  =  1.61342 eV
 Ave. S       L0  =  0.000277767 eV
 Ave. S       L1  =  0.000183087 eV
 =========================================
 ... End of final reconstruction and testing ...

 ... grouping is not optimum, change to 70 groups
 ... Produce MF33 based on MF32 and 10 random files
 ... MF3 of n-Fr212.reconst (3 sections) added to the files for ENDSAM
 ... run endsam for 10 in groups of 1 global run
 ... run endsam from 1 to 10
 ... random files: total width GT set to Gn+Gg+Gf (1000 resonances in 10 files)
 ... reorder resonance position after endsam (sampling)
 ... preparing the vectors  ... done
 ... nominal file 0 Cap(th)  ave= 4.321E+01 b. +/- 0.00 % || Ela(th) ave= 5.432E+00 b. +/- 0.00 % || RIcap ave= 8.47E+02 b. +/- 0.00 % || Macs30 ave= 1.36E+00 b. +/- 0.00 % || Gn^0(l=0) ave= 8.973E-04 +/- 0.00 % Gn^0(l=1) ave= 1.605E-03 +/- 0.00 % Gn^0(l=2) ave= 0.000E+00 +/- 0.00 % Gn^0(l=3) ave= 0.000E+00 +/- 0.00 % || Gtotal(l=0) ave= 1.176E-01 +/- 0.00 % Gtotal(l=1) ave= 1.101E-01 +/- 0.00 % Gtotal(l=2) ave= 0.000E+00 +/- 0.00 % Gtotal(l=3) ave= 0.000E+00 +/- 0.00 %  % || Gg(l=0) ave= 1.123E-01 +/- 0.00 % Gg(l=1) ave= 1.101E-01 +/- 0.00 % Gg(l=2) ave= 0.000E+00 +/- 0.00 % Gg(l=3) ave= 0.000E+00 +/- 0.00 %  % || D(l=0) ave= 1.696E+00 +/- 0.00 % D(l=1) ave= 1.613E+00 +/- 0.00 % D(l=2) ave= 0.000E+00 +/- 0.00 % D(l=3) ave= 0.000E+00 +/- 0.00 %  % || S(l=0) ave= 2.778E-04 +/- 0.00 % S(l=1) ave= 1.831E-04 +/- 0.00 % S(l=2) ave= 0.000E+00 +/- 0.00 % S(l=3) ave= 0.000E+00 +/- 0.00 % 
 ... random file  1 Cap(th)  ave= 4.320E+01 b. +/- 0.02 % || Ela(th) ave= 5.199E+00 b. +/- 4.49 % || RIcap ave= 8.38E+02 b. +/- 1.06 % || Macs30 ave= 1.36E+00 b. +/- 0.00 % || Gn^0(l=0) ave= 8.839E-04 +/- 1.52 % Gn^0(l=1) ave= 1.672E-03 +/- 4.02 % Gn^0(l=2) ave= 0.000E+00 +/- 0.00 % Gn^0(l=3) ave= 0.000E+00 +/- 0.00 % || Gtotal(l=0) ave= 1.189E-01 +/- 1.12 % Gtotal(l=1) ave= 1.030E-01 +/- 6.94 % Gtotal(l=2) ave= 0.000E+00 +/- 0.00 % Gtotal(l=3) ave= 0.000E+00 +/- 0.00 %  % || Gg(l=0) ave= 1.137E-01 +/- 1.28 % Gg(l=1) ave= 1.030E-01 +/- 6.94 % Gg(l=2) ave= 0.000E+00 +/- 0.00 % Gg(l=3) ave= 0.000E+00 +/- 0.00 %  % || D(l=0) ave= 1.718E+00 +/- 1.30 % D(l=1) ave= 1.613E+00 +/- 0.00 % D(l=2) ave= 0.000E+00 +/- 0.00 % D(l=3) ave= 0.000E+00 +/- 0.00 %  % || S(l=0) ave= 2.698E-04 +/- 2.96 % S(l=1) ave= 1.908E-04 +/- 4.02 % S(l=2) ave= 0.000E+00 +/- 0.00 % S(l=3) ave= 0.000E+00 +/- 0.00 % 
 ... random file  2 Cap(th)  ave= 4.151E+01 b. +/- 5.75 % || Ela(th) ave= 4.905E+00 b. +/- 9.33 % || RIcap ave= 8.39E+02 b. +/- 0.88 % || Macs30 ave= 1.36E+00 b. +/- 0.00 % || Gn^0(l=0) ave= 8.896E-04 +/- 1.53 % Gn^0(l=1) ave= 1.760E-03 +/- 7.70 % Gn^0(l=2) ave= 0.000E+00 +/- 0.00 % Gn^0(l=3) ave= 0.000E+00 +/- 0.00 % || Gtotal(l=0) ave= 1.159E-01 +/- 3.82 % Gtotal(l=1) ave= 1.045E-01 +/- 5.94 % Gtotal(l=2) ave= 0.000E+00 +/- 0.00 % Gtotal(l=3) ave= 0.000E+00 +/- 0.00 %  % || Gg(l=0) ave= 1.106E-01 +/- 4.09 % Gg(l=1) ave= 1.045E-01 +/- 5.94 % Gg(l=2) ave= 0.000E+00 +/- 0.00 % Gg(l=3) ave= 0.000E+00 +/- 0.00 %  % || D(l=0) ave= 1.711E+00 +/- 1.23 % D(l=1) ave= 1.613E+00 +/- 0.00 % D(l=2) ave= 0.000E+00 +/- 0.00 % D(l=3) ave= 0.000E+00 +/- 0.00 %  % || S(l=0) ave= 2.728E-04 +/- 2.86 % S(l=1) ave= 2.008E-04 +/- 7.70 % S(l=2) ave= 0.000E+00 +/- 0.00 % S(l=3) ave= 0.000E+00 +/- 0.00 % 
 ... random file  3 Cap(th)  ave= 4.148E+01 b. +/- 4.99 % || Ela(th) ave= 5.289E+00 b. +/- 14.62 % || RIcap ave= 8.39E+02 b. +/- 0.77 % || Macs30 ave= 1.36E+00 b. +/- 0.00 % || Gn^0(l=0) ave= 8.851E-04 +/- 1.59 % Gn^0(l=1) ave= 1.668E-03 +/- 11.86 % Gn^0(l=2) ave= 0.000E+00 +/- 0.00 % Gn^0(l=3) ave= 0.000E+00 +/- 0.00 % || Gtotal(l=0) ave= 1.207E-01 +/- 7.63 % Gtotal(l=1) ave= 1.063E-01 +/- 5.83 % Gtotal(l=2) ave= 0.000E+00 +/- 0.00 % Gtotal(l=3) ave= 0.000E+00 +/- 0.00 %  % || Gg(l=0) ave= 1.155E-01 +/- 8.07 % Gg(l=1) ave= 1.063E-01 +/- 5.83 % Gg(l=2) ave= 0.000E+00 +/- 0.00 % Gg(l=3) ave= 0.000E+00 +/- 0.00 %  % || D(l=0) ave= 1.718E+00 +/- 1.30 % D(l=1) ave= 1.613E+00 +/- 0.00 % D(l=2) ave= 0.000E+00 +/- 0.00 % D(l=3) ave= 0.000E+00 +/- 0.00 %  % || S(l=0) ave= 2.701E-04 +/- 3.04 % S(l=1) ave= 1.903E-04 +/- 11.86 % S(l=2) ave= 0.000E+00 +/- 0.00 % S(l=3) ave= 0.000E+00 +/- 0.00 % 
 ... random file  4 Cap(th)  ave= 4.168E+01 b. +/- 4.54 % || Ela(th) ave= 5.219E+00 b. +/- 13.52 % || RIcap ave= 8.39E+02 b. +/- 0.69 % || Macs30 ave= 1.36E+00 b. +/- 0.00 % || Gn^0(l=0) ave= 8.878E-04 +/- 1.55 % Gn^0(l=1) ave= 1.681E-03 +/- 10.64 % Gn^0(l=2) ave= 0.000E+00 +/- 0.00 % Gn^0(l=3) ave= 0.000E+00 +/- 0.00 % || Gtotal(l=0) ave= 1.179E-01 +/- 8.51 % Gtotal(l=1) ave= 1.057E-01 +/- 5.33 % Gtotal(l=2) ave= 0.000E+00 +/- 0.00 % Gtotal(l=3) ave= 0.000E+00 +/- 0.00 %  % || Gg(l=0) ave= 1.126E-01 +/- 9.01 % Gg(l=1) ave= 1.057E-01 +/- 5.33 % Gg(l=2) ave= 0.000E+00 +/- 0.00 % Gg(l=3) ave= 0.000E+00 +/- 0.00 %  % || D(l=0) ave= 1.714E+00 +/- 1.28 % D(l=1) ave= 1.613E+00 +/- 0.00 % D(l=2) ave= 0.000E+00 +/- 0.00 % D(l=3) ave= 0.000E+00 +/- 0.00 %  % || S(l=0) ave= 2.718E-04 +/- 2.96 % S(l=1) ave= 1.918E-04 +/- 10.64 % S(l=2) ave= 0.000E+00 +/- 0.00 % S(l=3) ave= 0.000E+00 +/- 0.00 % 
 ... random file  5 Cap(th)  ave= 4.181E+01 b. +/- 4.19 % || Ela(th) ave= 5.328E+00 b. +/- 12.92 % || RIcap ave= 8.40E+02 b. +/- 0.63 % || Macs30 ave= 1.36E+00 b. +/- 0.00 % || Gn^0(l=0) ave= 8.891E-04 +/- 1.44 % Gn^0(l=1) ave= 1.652E-03 +/- 10.66 % Gn^0(l=2) ave= 0.000E+00 +/- 0.00 % Gn^0(l=3) ave= 0.000E+00 +/- 0.00 % || Gtotal(l=0) ave= 1.188E-01 +/- 7.91 % Gtotal(l=1) ave= 1.025E-01 +/- 8.60 % Gtotal(l=2) ave= 0.000E+00 +/- 0.00 % Gtotal(l=3) ave= 0.000E+00 +/- 0.00 %  % || Gg(l=0) ave= 1.135E-01 +/- 8.35 % Gg(l=1) ave= 1.025E-01 +/- 8.60 % Gg(l=2) ave= 0.000E+00 +/- 0.00 % Gg(l=3) ave= 0.000E+00 +/- 0.00 %  % || D(l=0) ave= 1.711E+00 +/- 1.23 % D(l=1) ave= 1.613E+00 +/- 0.00 % D(l=2) ave= 0.000E+00 +/- 0.00 % D(l=3) ave= 0.000E+00 +/- 0.00 %  % || S(l=0) ave= 2.727E-04 +/- 2.79 % S(l=1) ave= 1.884E-04 +/- 10.66 % S(l=2) ave= 0.000E+00 +/- 0.00 % S(l=3) ave= 0.000E+00 +/- 0.00 % 
 ... random file  6 Cap(th)  ave= 4.142E+01 b. +/- 4.55 % || Ela(th) ave= 5.282E+00 b. +/- 12.25 % || RIcap ave= 8.40E+02 b. +/- 0.58 % || Macs30 ave= 1.36E+00 b. +/- 0.00 % || Gn^0(l=0) ave= 8.898E-04 +/- 1.35 % Gn^0(l=1) ave= 1.661E-03 +/- 9.91 % Gn^0(l=2) ave= 0.000E+00 +/- 0.00 % Gn^0(l=3) ave= 0.000E+00 +/- 0.00 % || Gtotal(l=0) ave= 1.197E-01 +/- 7.49 % Gtotal(l=1) ave= 1.025E-01 +/- 7.96 % Gtotal(l=2) ave= 0.000E+00 +/- 0.00 % Gtotal(l=3) ave= 0.000E+00 +/- 0.00 %  % || Gg(l=0) ave= 1.144E-01 +/- 7.90 % Gg(l=1) ave= 1.025E-01 +/- 7.96 % Gg(l=2) ave= 0.000E+00 +/- 0.00 % Gg(l=3) ave= 0.000E+00 +/- 0.00 %  % || D(l=0) ave= 1.709E+00 +/- 1.18 % D(l=1) ave= 1.613E+00 +/- 0.00 % D(l=2) ave= 0.000E+00 +/- 0.00 % D(l=3) ave= 0.000E+00 +/- 0.00 %  % || S(l=0) ave= 2.732E-04 +/- 2.63 % S(l=1) ave= 1.895E-04 +/- 9.91 % S(l=2) ave= 0.000E+00 +/- 0.00 % S(l=3) ave= 0.000E+00 +/- 0.00 % 
 ... random file  7 Cap(th)  ave= 4.281E+01 b. +/- 9.52 % || Ela(th) ave= 5.403E+00 b. +/- 12.65 % || RIcap ave= 8.39E+02 b. +/- 0.57 % || Macs30 ave= 1.36E+00 b. +/- 0.00 % || Gn^0(l=0) ave= 8.903E-04 +/- 1.27 % Gn^0(l=1) ave= 1.632E-03 +/- 10.55 % Gn^0(l=2) ave= 0.000E+00 +/- 0.00 % Gn^0(l=3) ave= 0.000E+00 +/- 0.00 % || Gtotal(l=0) ave= 1.201E-01 +/- 7.04 % Gtotal(l=1) ave= 1.044E-01 +/- 8.82 % Gtotal(l=2) ave= 0.000E+00 +/- 0.00 % Gtotal(l=3) ave= 0.000E+00 +/- 0.00 %  % || Gg(l=0) ave= 1.148E-01 +/- 7.42 % Gg(l=1) ave= 1.044E-01 +/- 8.82 % Gg(l=2) ave= 0.000E+00 +/- 0.00 % Gg(l=3) ave= 0.000E+00 +/- 0.00 %  % || D(l=0) ave= 1.707E+00 +/- 1.13 % D(l=1) ave= 1.613E+00 +/- 0.00 % D(l=2) ave= 0.000E+00 +/- 0.00 % D(l=3) ave= 0.000E+00 +/- 0.00 %  % || S(l=0) ave= 2.736E-04 +/- 2.49 % S(l=1) ave= 1.862E-04 +/- 10.54 % S(l=2) ave= 0.000E+00 +/- 0.00 % S(l=3) ave= 0.000E+00 +/- 0.00 % 
 ... random file  8 Cap(th)  ave= 4.217E+01 b. +/- 10.06 % || Ela(th) ave= 5.538E+00 b. +/- 13.53 % || RIcap ave= 8.39E+02 b. +/- 0.55 % || Macs30 ave= 1.36E+00 b. +/- 0.00 % || Gn^0(l=0) ave= 8.885E-04 +/- 1.32 % Gn^0(l=1) ave= 1.601E-03 +/- 11.46 % Gn^0(l=2) ave= 0.000E+00 +/- 0.00 % Gn^0(l=3) ave= 0.000E+00 +/- 0.00 % || Gtotal(l=0) ave= 1.186E-01 +/- 7.61 % Gtotal(l=1) ave= 1.038E-01 +/- 8.55 % Gtotal(l=2) ave= 0.000E+00 +/- 0.00 % Gtotal(l=3) ave= 0.000E+00 +/- 0.00 %  % || Gg(l=0) ave= 1.133E-01 +/- 7.99 % Gg(l=1) ave= 1.038E-01 +/- 8.55 % Gg(l=2) ave= 0.000E+00 +/- 0.00 % Gg(l=3) ave= 0.000E+00 +/- 0.00 %  % || D(l=0) ave= 1.711E+00 +/- 1.23 % D(l=1) ave= 1.613E+00 +/- 0.00 % D(l=2) ave= 0.000E+00 +/- 0.00 % D(l=3) ave= 0.000E+00 +/- 0.00 %  % || S(l=0) ave= 2.725E-04 +/- 2.64 % S(l=1) ave= 1.827E-04 +/- 11.46 % S(l=2) ave= 0.000E+00 +/- 0.00 % S(l=3) ave= 0.000E+00 +/- 0.00 % 
 ... random file  9 Cap(th)  ave= 4.245E+01 b. +/- 9.68 % || Ela(th) ave= 5.493E+00 b. +/- 13.17 % || RIcap ave= 8.40E+02 b. +/- 0.59 % || Macs30 ave= 1.36E+00 b. +/- 0.00 % || Gn^0(l=0) ave= 8.893E-04 +/- 1.29 % Gn^0(l=1) ave= 1.611E-03 +/- 10.95 % Gn^0(l=2) ave= 0.000E+00 +/- 0.00 % Gn^0(l=3) ave= 0.000E+00 +/- 0.00 % || Gtotal(l=0) ave= 1.183E-01 +/- 7.27 % Gtotal(l=1) ave= 1.058E-01 +/- 9.81 % Gtotal(l=2) ave= 0.000E+00 +/- 0.00 % Gtotal(l=3) ave= 0.000E+00 +/- 0.00 %  % || Gg(l=0) ave= 1.130E-01 +/- 7.64 % Gg(l=1) ave= 1.058E-01 +/- 9.81 % Gg(l=2) ave= 0.000E+00 +/- 0.00 % Gg(l=3) ave= 0.000E+00 +/- 0.00 %  % || D(l=0) ave= 1.710E+00 +/- 1.20 % D(l=1) ave= 1.613E+00 +/- 0.00 % D(l=2) ave= 0.000E+00 +/- 0.00 % D(l=3) ave= 0.000E+00 +/- 0.00 %  % || S(l=0) ave= 2.730E-04 +/- 2.57 % S(l=1) ave= 1.838E-04 +/- 10.95 % S(l=2) ave= 0.000E+00 +/- 0.00 % S(l=3) ave= 0.000E+00 +/- 0.00 % 
 ... random file  10 Cap(th)  ave= 4.243E+01 b. +/- 9.24 % || Ela(th) ave= 5.532E+00 b. +/- 12.66 % || RIcap ave= 8.37E+02 b. +/- 1.14 % || Macs30 ave= 1.36E+00 b. +/- 0.00 % || Gn^0(l=0) ave= 8.878E-04 +/- 1.34 % Gn^0(l=1) ave= 1.600E-03 +/- 10.71 % Gn^0(l=2) ave= 0.000E+00 +/- 0.00 % Gn^0(l=3) ave= 0.000E+00 +/- 0.00 % || Gtotal(l=0) ave= 1.179E-01 +/- 7.05 % Gtotal(l=1) ave= 1.062E-01 +/- 9.40 % Gtotal(l=2) ave= 0.000E+00 +/- 0.00 % Gtotal(l=3) ave= 0.000E+00 +/- 0.00 %  % || Gg(l=0) ave= 1.126E-01 +/- 7.40 % Gg(l=1) ave= 1.062E-01 +/- 9.40 % Gg(l=2) ave= 0.000E+00 +/- 0.00 % Gg(l=3) ave= 0.000E+00 +/- 0.00 %  % || D(l=0) ave= 1.712E+00 +/- 1.25 % D(l=1) ave= 1.613E+00 +/- 0.00 % D(l=2) ave= 0.000E+00 +/- 0.00 % D(l=3) ave= 0.000E+00 +/- 0.00 %  % || S(l=0) ave= 2.721E-04 +/- 2.70 % S(l=1) ave= 1.826E-04 +/- 10.71 % S(l=2) ave= 0.000E+00 +/- 0.00 % S(l=3) ave= 0.000E+00 +/- 0.00 % 
 ... Histogram plot for thermal (n,g)
 ... Write covariances  ... MT1  ... plot correlations
 ... MT2  ... MT102 


 ================================================
 ============== From 10 random values === start ======
 Thermal (n,tot) xs  0 K =  47.9578 b. +/- 4.10904 b. ( 8.56803 %) skew= +1.27 +/- 0.66
 Thermal (n,el) xs   0 K =  5.5319 b. +/- 0.700575 b. ( 12.6643 %) skew= +0.02 +/- 0.66
 Thermal (n,g) xs    0 K =  42.4259 b. +/- 3.91865 b. ( 9.23646 %) skew= +1.17 +/- 0.66
 RI      (n,g)       0 K =  837.099 b. +/- 9.51636 b. ( 1.13683 %) 
 MACS    (n,g)       0 K (at Emacs= 30000 eV) =  1.3623 b. +/- 0 b. ( 0 %) 
 Ave. Gtotal  L=0        =  1.179E-01 +/- 7.05 %
 Ave. Gn^(0)  L=0        =  8.878E-04 +/- 1.34 %
 Ave. Gg      L=0        =  1.126E-01 +/- 7.40 %
 Ave. D       L=0        =  1.712E+00 +/- 1.25 %
 Ave. S       L=0        =  2.721E-04 +/- 2.70 %
 Ave. Gtotal  L=1        =  1.062E-01 +/- 9.40 %
 Ave. Gg      L=1        =  1.062E-01 +/- 9.40 %
 Ave. D       L=1        =  1.613E+00 +/- 0.00 %
 Ave. S       L=1        =  1.826E-04 +/- 10.71 %

 Expected Thermal (n,g) (syst or meas)= 52.7187 b. +/- 36.9031 b. nominal: 43.2063 b.
 ratio Calculated/expected thermal (n,g): 0.80 ratio DCalculated/Dexpected: 0.11 ratio Calculated/Nominal: 0.98
 ============== From 10 random values ===== stop ======
 ================================================
 ... Calculation of (n,a) and (n,p) cross sections at 300 K
 ... thermal (n,a) cross section is 9.80197e-12 +/- 4.90099e-12 b.
 ... thermal (n,a) cross section is 9.79739e-13 b. (random case 1)
 ... thermal (n,a) cross section is 1.00396e-11 b. (random case 2)
 ... thermal (n,a) cross section is 1.05953e-11 b. (random case 3)
 ... thermal (n,a) cross section is 1.75049e-11 b. (random case 4)
 ... thermal (n,a) cross section is 2.7872e-12 b. (random case 5)
 ... thermal (n,a) cross section is 7.86755e-12 b. (random case 6)
 ... thermal (n,a) cross section is 1.42016e-11 b. (random case 7)
 ... thermal (n,a) cross section is 6.9879e-12 b. (random case 8)
 ... thermal (n,a) cross section is 8.68856e-12 b. (random case 9)
 ... thermal (n,a) cross section is 1.66134e-11 b. (random case 10)
 ... thermal (n,p) cross section is 9.80197e-12 +/- 4.90099e-12 b.
 ... thermal (n,p) cross section is 1.29699e-11 b. (random case 1)
 ... thermal (n,p) cross section is 5.03452e-12 b. (random case 2)
 ... thermal (n,p) cross section is 4.98513e-12 b. (random case 3)
 ... thermal (n,p) cross section is 7.58641e-12 b. (random case 4)
 ... thermal (n,p) cross section is 1.09684e-11 b. (random case 5)
 ... thermal (n,p) cross section is 2.25869e-11 b. (random case 6)
 ... thermal (n,p) cross section is 4.30335e-12 b. (random case 7)
 ... thermal (n,p) cross section is 1.04133e-11 b. (random case 8)
 ... thermal (n,p) cross section is 1.09534e-11 b. (random case 9)
 ... thermal (n,p) cross section is 1.40196e-11 b. (random case 10)
 ... Rewrite index for MF2
 ... Write text for MF1 in file mf1.tares.txt
 ... plotting cross sections for the MF1
 ... order output files


================== summary ==================
 Thermal (n,tot) xs = 48.6388 b. 
 Thermal (n,el)  xs = 5.43249 b. 
 Thermal (n,g)   xs = 43.2063 b. (meas/sys: 52.7187 b.)
 At 300 K (thermal adjustment): (n,el) = 5.44547 b., (n,g) = 43.2293 b.

 RI      (n,g)      = 846.805 b. (meas or sys: - b.)
 RI      (n,el)     = 79.7515 b.
=============================================


 ... cleaning
                                                 
  -------------------------------------------------------------
  -                                                           -
  - TARES: successful end of run with data from hypothetical  -
  - resonances for  Z= 87, A= 212 and isomer= 0               -
  - half-life: 20.000000 min. 
  -                                                           -
  -------------------------------------------------------------

   Running time:       10 seconds

 End time: Fri Oct  9 13:39:57 2026

