
  -------------------------------------------------------------
  -                                                           -
  -              Welcome to TARES version 1.8                 -
  -                                                           -
  -  (C) Copyright 2007-2025 D. Rochman, All Rights Reserved  -
  -           NRG, Petten, the Netherlands 2007-2014          -
  -           PSI, Villigen    Switzerland 2015-2025          -
  -         Nagra, Wettingen   Switzerland 2025-              -
  -           (Last Modified October 06, 2026)                -
  -           (Database from October 06, 2026)                -
  -                                                           -
  -------------------------------------------------------------


  ---------------------------------------------
   Compilation information:
   Compiled on:         Oct  8 2026, 18:36:06
   Compiled by:         koning
   Compiler version:    clang++ - 21.0.0
   Source location:     /Users/koning/tares-1.8/source/Module/
   Binaries location:   /Users/koning/bin
   System:              Darwin 25.6.0
   System version:      Darwin Kernel Version 25.6.0: Fri Jul 31 19:19:08 PDT 2026; root:xnu-12377.161.14~5/RELEASE_ARM64_T6050  
   Machine:             arm64 
  ---------------------------------------------

   User information:
   User name:           koning
   Running directory:   /Users/koning/tendl/resbase/Tb146/work
   Owner mode for running directory : rwx
   Group mode for running directory : r-x
  ---------------------------------------------


 Starting time: Fri Oct  9 11:22:32 2026
 ... inputs directory found (/Users/koning/tares-1.8/source/Module//../../inputs/).
 ... It will be used for resonance parameters 
 ... ###############################################
 ... #     read the input file tares.inp
 ... ###############################################
 ... line: #
 ... line: # Input file generated by Autorochman
          --> line not read
 ... line: #
 ... line: isotope    Tb
          --> Isotope name: Tb
 ... line: mass       146
          --> isotopic mass: 146
 ... line: output     n-Tb146
         ---> Name of the output files: n-Tb146
 ... line: isomer     0
          --> isomeric state: 0
 ... line: mf32mf33   y
          --> MF33 based on MF32: y
 ... line: nbrRandom  6
          --> Nbr of random files: 6
 ... ###############################################
 ... # end read the input file tares.inp
 ... ###############################################
Value for random generator type not considered in since Tares 1.7 due to compilation issues

 ... ###############################################
     #   Interpretation of the Input definition    #
     ###############################################

 ... Default energy limit: End of resonance region
 ... Nuclear charge    = 65
 ... Element           = Tb
 ... Mass              = 146
 ... Isomer            = 0
 ... Correlation for (Gn,Gg) not included in random files
 ... Default random option: No random
 ... Output name: n-Tb146
 ... Energy for the MACS: 30000 eV
 ... Resonances from CALENDF reduced (reduce=y) 
 ... For URR, level density model from TALYS selected: 91n3n12611.2850 (see manual for description)
 ... Random Generator: default (pseudo random numbers from ansi c++)
 ... Reconstruction of cross section selected
 ... Doppler broadening at 0 Kelvin
 ... URR not included (from the input file flag)
 ... Weight for grouping is flat
 ... Calculation of (n,alpha) cross section selected
 ... Number of digit for MF32c covariance representation: 2
 ... MF32 included
 ... MF33 will be used for covariance processing
 ... TENDL option set to yes (automatic choice of MF2 and format)
 ... Isotope not found in the best file --> use of MLBW formalism
 ... default option: Multi level Breit Wigner approximation selected
 ... (check file best.tendl.yes for changing this option)
 ... Retroactive option set to no with the 2025 option
 ... ladder option set to yes (CALENDF will be used for statistical resonances)

 ... ###############################################
     #           End of Input definition           #
     ###############################################

 ... gnuplot found, will be used for plotting
 ... latex found, will be used for plotting
 ... dvips found, will be used for plotting
 ... ps2epsi not found, limited plotting available
 ... uncertainties on default parameters multiplied by 1.04538
 ... Read resonance data from the 2025 directory
 ... Resonance parameters taken from /Users/koning/tares-1.8/source/Module//../../inputs/2025/Resonance/default/
 ---> Processing Z= 65 and A= 146 and isomer= 0 (level number: 0)
 Exfor path; Could not find /Users/koning/tares-1.8/source/Module//../../inputs/exfor/Tb146/xs/102
Thermal file; Could not open file /Users/koning/tares-1.8/source/Module//../../inputs/2025/runThermal/results//thermal.mxw.ng.cendl3.1
Thermal file; Could not open file /Users/koning/tares-1.8/source/Module//../../inputs/2025/runThermal/results//thermal.mxw.ng.brond3.1
Thermal file; Could not open file /Users/koning/tares-1.8/source/Module//../../inputs/2025/runThermal/results//thermal.xs.ng.unc.cendl3.1
 ... spin taken from the final/ directory (1)
 ... The spin found in level file ( 1 ) and the one in the urr file ( 5.5 ) differ

 ... ###############################################
 ... #  Nucleus global parameters (2025 database)  #
 ... ###############################################
 0. Half-life: 8 sec. 
 ... Scattering radius from TALYS: /Users/koning/tares-1.8/source/Module//../../inputs/2025/lib.urr/talys.urr/
 1. Spin of the target isotope: 1
 2. Relative Atomic Mass of the target isotope: 145.927
 3. Scattering radius (local compilation): 6.9915 fm +/- 0.167796 fm
      .......................................
      ... Thermal capture cross sections: ...
 4. Thermal (n,g) cross section from systematics (TALYS, urr.dat): 103.707 +/- 88.1513 b.
 5. Thermal (n,g) cross section from compilation (Firestone-2022 average on element Tb): 45 +/- 4 b.
 6. Thermal (n,g) cross section from compilation (Firestone-2022 final on element Tb): 23.51 +/- 0.12 b.
 7. Thermal (n,g) cross section from TENDL-2023: 6.918 b.
      .......................................
      ...  Thermal total cross sections:  ...
      .......................................
      ... Thermal elastic cross sections: ...
 8. Thermal (n,el) cross section from potential (4piR^2): 8.78664 +/- 0.439332 b.
      .......................................
             ... Resonance integral: ...
 9. No capture integral found in /Users/koning/tares-1.8/source/Module//../../inputs/capture.integral
 ... no RI(n,g) found in local compilation, take 2018 value.
 ... no RI(n,g) found in local compilation, take Sukhoruchkin value.
   ---- MACS 30 keV ----- 
 10. TALYS MACS 30 keV (HF): 3.59982 b. 
   ---------- S0 -------- 
 11. S0 from TALYS: 8.58266
   ---------- S1 -------- 
 12. S1 from TALYS: 0.522411
   ---------- S2 -------- 
 13. S2 from TALYS: 3.2645
   ---------- D0 -------- 
 14. D0 from TALYS: 0.407144 eV
   ---------- D1 -------- 
 15. D1 from TALYS: 0.210941 eV
   ---------- D2 -------- 
 16. D2 from TALYS: 0.13262 eV
   ---------- G0 -------- 
 17. Gg0 from TALYS: 0.238286 eV
   ---------- G1 -------- 
 18. Gg1 from TALYS: 0.239604 eV
   ---------- G2 -------- 
 19. Gg2 from TALYS: 0.238286 eV


   ---------------------- 
 ... Read resonance parameters (format: 2: Multi Level Breit Wigner)
 ... 0 resonances found 
 ... possibly no resonances in the Resonance directory for this isotope and options
 ... Use HFR (ladder) behavior 
 --> 21. Number of resonances from the input file: 2 up to 0.203572 eV
 22. Read nuclear quantities (mass, MAT...)
 23. Read thermal (n,g) xs 
 24. Read the scattering radius 
 25. Read uncertainty on Gg for 2 resonances
 26. Read uncertainty on Gg for 2 resonances ... done
 ... order resonances 
 ... Upper limit for the RRR: 0.203572 eV (no statistical resonances HFR) from the limit.RRR file
 ... Write parameters for l=0 waves
 ... End writing original MF2 
 ... No RRR in the database: uncertainties on default parameters multiplied by 1.99753
 ... Enter in urr function (ladder option set to y) for file n-Tb146
 ... read the file /Users/koning/tares-1.8/source/Module//../../inputs/2025/list.jcs.urr to find URR origin
 Default URR taken from TALYS calculations with level density model: 91n3n12611.2850
 File considered for the URR: /Users/koning/tares-1.8/source/Module//../../inputs/2025/lib.urr/talys.urr/91n3n12611.2850/Tb/urr/urr.dat.Tb.146.000.0.gz
 ... Write URR using TALYS average parameters (used for HFR)
 ... Limit of URR changed to 25 keV (recommendation from WPEC and JEFF)
 ... Extract the Sn value from file ./urr.dat.Tb.146.0.0
 ... found Sn= 11.0504 MeV
 ... estimated number of resonances up to 123.177 eV:  302.539 resonances
 ... This is a test here. The higher energy limit to include URR data for calendf is set to max Sn. 24/03/2016
 ... Use Sn to define the maximum energy for the URR: Sn= 11.0504 MeV --> last_energyURR= 123.177 eV
 ... read D0, S0, Gn and Gg
 ... number of URR energies: 1179
 Number of l: 1179 and last energy: 9
 Last  URR energy: 123.177 eV
 ... Enter in to_MLBW_mf2 function
 ... Convert to Multi Level Breit Wigner (MLBW)
 ... Write parameter covariances (MF32) for l=0
 ... Convert parameter covariances (MF32) to MLBW
 ... copy the mf2 and mf32 to .mlbw files
 ... Enter in urr_correct function case 1
 Modify the higher limit of RRR in MF2
 --> old value: 2.045900-1 eV new value: 1.000000-2 eV
 Modify resonance covariances (MF32) to include correlations in the URR
 End Modify resonance covariances (MF32) to include correlations in the URR
 ... Enter in calendf_xs function
 Use CALENDF for statistical resonances (update MF2) up to 1.231770+2 eV (initial limit)
 Extract resonances from CALENDF for RRR->URR 2
 909 statistical resonances found
 Reduction to 100 resonances based on the half-life of the isotope
 After reduction, 101 statistical resonances found
 ... checking resonance order 1
 ... checking resonance order 2nd round for 99 resonances
 ... end checking resonance order 2nd round
 .......................................................
 ... Adjustment to the thermal cross section : start ...
 .......................................................

 Before adjustment (adjustment to the thermal cross section set to y)
 ... Import MF2 from TARES calculations
 ... End energy of TARES MF2 : 2.094348E+1 eV and limit to 40000 resonances
 ... File used for reconstruction: new.temp22.reconst
 ... run RECENT ...
 ... Doppler broadened at a unique temperature: 300 Kelvin using sigma1
 ... run SIGMA1 at 3.000000E+02 K.

 ============== INTER values at 300 Kelvin ==============
 Thermal (n,g) xs =  5408.44 b. (meas/sys: 103.707 b.) (warning: comparison to be done at 296 or 300 K)
 Th Maxw (n,g) xs =  5197.8 b. (thermal Maxwellian value)
 Westcott factor  =  0.96105
 RI      (n,g)    =  5792.29 b. (meas or sys: - b.)
 MACS 3.000e+04 eV=  3.5668 b. (meas or sys: - b.) from 1.00E+00 to 2.00E+07 eV (end of RRR) at T= 300 Kelvin 
 Thermal (n,el) xs=  2.2656 b.
 RI      (n,el)   =  88.8361 b.
 ============= PSYCHE values ==============
 Ave. G_total L0  =  0.23898 eV
 Ave. G_total L1  =  0.23583 eV
 Ave. Gn_0    L0  =  0.000728708
 Ave. Gn_0    L1  =  6.59188e-05
 Ave. Gg      L0  =  0.236641 eV
 Ave. Gg      L1  =  0.23583 eV
 Ave. D       L0  =  0.418869 eV
 Ave. D       L1  =  0.615984 eV
 Ave. S       L0  =  0.000895697 eV
 Ave. S       L1  =  2.50908e-05 eV
 =========================================
 Calculated capture integral   5792.29 b.
 Calculated thermal (n,g)=          5408.44481 b. and recommended= 103.707 b. (C/E= 52.151)
 Calculated RI      (n,g)= 5792.29 b. (no reference value)
 ... tolerances: thermal (n,g) 20 % (reference uncertainties, minimum 2% and 5%, maximum 20%)
 Adjust the capture widths ...
 ... capture adjusted with Gn for 99 resonances (Gn<Gg) and with Gg for 0 resonances
 ... iteration 0: C/E thermal (n,g)= 52.151
 Warning: 99 widths limited to a change of a factor 10 from their starting values

 <-------- After adjustment -------->
 ... Import MF2 from TARES calculations
 ... End energy of TARES MF2 : 2.094348E+1 eV and limit to 40000 resonances
 ... File used for reconstruction: new.temp22.reconst
 ... run RECENT ...
 ... Doppler broadened at a unique temperature: 300 Kelvin using sigma1
 ... run SIGMA1 at 3.000000E+02 K.

 ============== INTER values at 300 Kelvin ==============
 Thermal (n,g) xs =  540.91 b. (meas/sys: 103.707 b.) (warning: comparison to be done at 296 or 300 K)
 Th Maxw (n,g) xs =  519.82 b. (thermal Maxwellian value)
 Westcott factor  =  0.961
 RI      (n,g)    =  1013.81 b. (meas or sys: - b.)
 MACS 3.000e+04 eV=  3.5665 b. (meas or sys: - b.) from 1.00E+00 to 2.00E+07 eV (end of RRR) at T= 300 Kelvin 
 Thermal (n,el) xs=  5.61685 b.
 RI      (n,el)   =  21.0083 b.
 ============= PSYCHE values ==============
 Ave. G_total L0  =  0.236875 eV
 Ave. G_total L1  =  0.23583 eV
 Ave. Gn_0    L0  =  7.28708e-05
 Ave. Gn_0    L1  =  6.59188e-06
 Ave. Gg      L0  =  0.236641 eV
 Ave. Gg      L1  =  0.23583 eV
 Ave. D       L0  =  0.418869 eV
 Ave. D       L1  =  0.615984 eV
 Ave. S       L0  =  8.95697e-05 eV
 Ave. S       L1  =  2.50908e-06 eV
 =========================================
 ... iteration 1: C/E thermal (n,g)= 5.21574
 Warning: 99 widths limited to a change of a factor 10 from their starting values

 <-------- After adjustment -------->
 ... Import MF2 from TARES calculations
 ... End energy of TARES MF2 : 2.094348E+1 eV and limit to 40000 resonances
 ... File used for reconstruction: new.temp22.reconst
 ... run RECENT ...
 ... Doppler broadened at a unique temperature: 300 Kelvin using sigma1
 ... run SIGMA1 at 3.000000E+02 K.

 ============== INTER values at 300 Kelvin ==============
 Thermal (n,g) xs =  540.91 b. (meas/sys: 103.707 b.) (warning: comparison to be done at 296 or 300 K)
 Th Maxw (n,g) xs =  519.82 b. (thermal Maxwellian value)
 Westcott factor  =  0.961
 RI      (n,g)    =  1013.81 b. (meas or sys: - b.)
 MACS 3.000e+04 eV=  3.5665 b. (meas or sys: - b.) from 1.00E+00 to 2.00E+07 eV (end of RRR) at T= 300 Kelvin 
 Thermal (n,el) xs=  5.61685 b.
 RI      (n,el)   =  21.0083 b.
 ============= PSYCHE values ==============
 Ave. G_total L0  =  0.236875 eV
 Ave. G_total L1  =  0.23583 eV
 Ave. Gn_0    L0  =  7.28708e-05
 Ave. Gn_0    L1  =  6.59188e-06
 Ave. Gg      L0  =  0.236641 eV
 Ave. Gg      L1  =  0.23583 eV
 Ave. D       L0  =  0.418869 eV
 Ave. D       L1  =  0.615984 eV
 Ave. S       L0  =  8.95697e-05 eV
 Ave. S       L1  =  2.50908e-06 eV
 =========================================
 ... iteration 2: C/E thermal (n,g)= 5.21574
 Warning: no further change possible (widths at the limit of a factor 10): adjustment stopped


 ... ratio C/E thermal (n,g): 5.215736E+00
 ...................................................... 
 ... Adjustment to the thermal cross section : stop ...
 ...................................................... 
 ... new MF2 file after adjustment: n-Tb146
 ... read the file /Users/koning/tares-1.8/source/Module//../../inputs/2025/list.jcs.urr to find URR origin
 Default URR taken from TALYS calculations with level density model: 91n3n12611.2850
 File considered for the URR: /Users/koning/tares-1.8/source/Module//../../inputs/2025/lib.urr/talys.urr/91n3n12611.2850/Tb/urr/urr.dat.Tb.146.000.0.gz
 ... Write URR using TALYS average parameters (not used for HFR)
 ... Limit of URR changed to 25 keV (recommendation from WPEC and JEFF)
 Energy limit of the URR set to 27.2265 eV
 ... read D0, S0, Gn and Gg
 ... number of URR energies: 27
 Number of l: 27 and last energy: 9
 Last  URR energy: 27.2265 eV
 ... Enter in urr_correct function case 2
 Modify the higher limit of RRR in MF2
 --> old value: 2.094348+1 eV new value: 2.094348+1 eV
 Modify resonance covariances (MF32) to include correlations in the URR
 End Modify resonance covariances (MF32) to include correlations in the URR
 ... Enter in update_MF32 function
 ... Change uncertainties
 ... for the HFR, random position of the positive resonances with 0.020000 %
 ... end of update MF32 function
 ... GLS calculation of the parameter correlations from the thermal/RI adjustment (MF32c)
 ... MF32: correlations from the thermal/RI adjustment (GLS) for 4 resonances (6 widths), 3 correlation lines
 ...   thermal (n,g): uncertainty from these widths 108.027 b. -> 68.298 b. (reference: 103.707 +/- 88.1513 b.)
 ... copy the mf2 and mf32 to .mlbw files

 ... Start of final reconstruction and testing ...
 ... Reconstruction of cross sections at 0 Kelvin  ... Import MF2 from TARES calculations
 ... End energy of TARES MF2 : 2.094348E+1 eV and limit to 40000 resonances
 ... File used for reconstruction: n-Tb146.reconst
 ... run RECENT ...
 ... Doppler broadened at a unique temperature: 0 Kelvin using sigma1
 ... The keyword temperature is zero, no Doppler broadening for the MACS

 ============== INTER values at 0 Kelvin ==============
 Thermal (n,g) xs =  541.217 b. (meas/sys: 103.707 b.) (warning: comparison to be done at 296 or 300 K)
 Th Maxw (n,g) xs =  517.39 b. (thermal Maxwellian value)
 Westcott factor  =  0.95597
 RI      (n,g)    =  1010.77 b. (meas or sys: - b.)
 MACS 3.000e+04 eV=  3.5453 b. (meas or sys: - b.) from 1.00E+00 to 2.09E+01 eV (end of RRR) at T= 0 Kelvin 
 Thermal (n,el) xs=  5.59788 b.
 RI      (n,el)   =  21.0111 b.
 ============= PSYCHE values ==============
 Ave. G_total L0  =  0.236875 eV
 Ave. G_total L1  =  0.23583 eV
 Ave. Gn_0    L0  =  7.28708e-05
 Ave. Gn_0    L1  =  6.59188e-06
 Ave. Gg      L0  =  0.236641 eV
 Ave. Gg      L1  =  0.23583 eV
 Ave. D       L0  =  0.418869 eV
 Ave. D       L1  =  0.615984 eV
 Ave. S       L0  =  8.95697e-05 eV
 Ave. S       L1  =  2.50908e-06 eV
 =========================================
 ... End of final reconstruction and testing ...

 ... grouping is not optimum, change to 70 groups
 ... Produce MF33 based on MF32 and 6 random files
 ... MF3 of n-Tb146.reconst (3 sections) added to the files for ENDSAM
 ... run endsam for 6 in groups of 1 global run
 ... run endsam from 1 to 6
 ... random files: total width GT set to Gn+Gg+Gf (594 resonances in 6 files)
 ... reorder resonance position after endsam (sampling)
 ... preparing the vectors  ... done
 ... nominal file 0 Cap(th)  ave= 5.412E+02 b. +/- 0.00 % || Ela(th) ave= 5.598E+00 b. +/- 0.00 % || RIcap ave= 1.01E+03 b. +/- 0.00 % || Macs30 ave= 3.55E+00 b. +/- 0.00 % || Gn^0(l=0) ave= 7.287E-05 +/- 0.00 % Gn^0(l=1) ave= 6.592E-06 +/- 0.00 % Gn^0(l=2) ave= 0.000E+00 +/- 0.00 % Gn^0(l=3) ave= 0.000E+00 +/- 0.00 % || Gtotal(l=0) ave= 2.369E-01 +/- 0.00 % Gtotal(l=1) ave= 2.358E-01 +/- 0.00 % Gtotal(l=2) ave= 0.000E+00 +/- 0.00 % Gtotal(l=3) ave= 0.000E+00 +/- 0.00 %  % || Gg(l=0) ave= 2.366E-01 +/- 0.00 % Gg(l=1) ave= 2.358E-01 +/- 0.00 % Gg(l=2) ave= 0.000E+00 +/- 0.00 % Gg(l=3) ave= 0.000E+00 +/- 0.00 %  % || D(l=0) ave= 4.189E-01 +/- 0.00 % D(l=1) ave= 6.160E-01 +/- 0.00 % D(l=2) ave= 0.000E+00 +/- 0.00 % D(l=3) ave= 0.000E+00 +/- 0.00 %  % || S(l=0) ave= 8.957E-05 +/- 0.00 % S(l=1) ave= 2.509E-06 +/- 0.00 % S(l=2) ave= 0.000E+00 +/- 0.00 % S(l=3) ave= 0.000E+00 +/- 0.00 % 
 ... random file  1 Cap(th)  ave= 4.978E+02 b. +/- 8.73 % || Ela(th) ave= 5.280E+00 b. +/- 6.03 % || RIcap ave= 1.01E+03 b. +/- 0.33 % || Macs30 ave= 3.55E+00 b. +/- 0.00 % || Gn^0(l=0) ave= 7.338E-05 +/- 0.69 % Gn^0(l=1) ave= 7.025E-06 +/- 6.16 % Gn^0(l=2) ave= 0.000E+00 +/- 0.00 % Gn^0(l=3) ave= 0.000E+00 +/- 0.00 % || Gtotal(l=0) ave= 2.457E-01 +/- 3.59 % Gtotal(l=1) ave= 2.452E-01 +/- 3.83 % Gtotal(l=2) ave= 0.000E+00 +/- 0.00 % Gtotal(l=3) ave= 0.000E+00 +/- 0.00 %  % || Gg(l=0) ave= 2.455E-01 +/- 3.60 % Gg(l=1) ave= 2.452E-01 +/- 3.83 % Gg(l=2) ave= 0.000E+00 +/- 0.00 % Gg(l=3) ave= 0.000E+00 +/- 0.00 %  % || D(l=0) ave= 4.231E-01 +/- 1.01 % D(l=1) ave= 6.160E-01 +/- 0.00 % D(l=2) ave= 0.000E+00 +/- 0.00 % D(l=3) ave= 0.000E+00 +/- 0.00 %  % || S(l=0) ave= 8.901E-05 +/- 0.63 % S(l=1) ave= 2.674E-06 +/- 6.16 % S(l=2) ave= 0.000E+00 +/- 0.00 % S(l=3) ave= 0.000E+00 +/- 0.00 % 
 ... random file  2 Cap(th)  ave= 5.330E+02 b. +/- 11.49 % || Ela(th) ave= 5.726E+00 b. +/- 11.92 % || RIcap ave= 1.02E+03 b. +/- 1.14 % || Macs30 ave= 3.55E+00 b. +/- 0.00 % || Gn^0(l=0) ave= 7.342E-05 +/- 0.57 % Gn^0(l=1) ave= 6.532E-06 +/- 11.97 % Gn^0(l=2) ave= 0.000E+00 +/- 0.00 % Gn^0(l=3) ave= 0.000E+00 +/- 0.00 % || Gtotal(l=0) ave= 2.439E-01 +/- 3.14 % Gtotal(l=1) ave= 2.499E-01 +/- 4.06 % Gtotal(l=2) ave= 0.000E+00 +/- 0.00 % Gtotal(l=3) ave= 0.000E+00 +/- 0.00 %  % || Gg(l=0) ave= 2.437E-01 +/- 3.14 % Gg(l=1) ave= 2.499E-01 +/- 4.06 % Gg(l=2) ave= 0.000E+00 +/- 0.00 % Gg(l=3) ave= 0.000E+00 +/- 0.00 %  % || D(l=0) ave= 4.246E-01 +/- 0.95 % D(l=1) ave= 6.160E-01 +/- 0.00 % D(l=2) ave= 0.000E+00 +/- 0.00 % D(l=3) ave= 0.000E+00 +/- 0.00 %  % || S(l=0) ave= 8.874E-05 +/- 0.67 % S(l=1) ave= 2.486E-06 +/- 11.96 % S(l=2) ave= 0.000E+00 +/- 0.00 % S(l=3) ave= 0.000E+00 +/- 0.00 % 
 ... random file  3 Cap(th)  ave= 5.481E+02 b. +/- 10.78 % || Ela(th) ave= 5.975E+00 b. +/- 12.25 % || RIcap ave= 1.01E+03 b. +/- 1.06 % || Macs30 ave= 3.55E+00 b. +/- 0.00 % || Gn^0(l=0) ave= 7.330E-05 +/- 0.56 % Gn^0(l=1) ave= 6.274E-06 +/- 12.91 % Gn^0(l=2) ave= 0.000E+00 +/- 0.00 % Gn^0(l=3) ave= 0.000E+00 +/- 0.00 % || Gtotal(l=0) ave= 2.381E-01 +/- 5.06 % Gtotal(l=1) ave= 2.453E-01 +/- 4.85 % Gtotal(l=2) ave= 0.000E+00 +/- 0.00 % Gtotal(l=3) ave= 0.000E+00 +/- 0.00 %  % || Gg(l=0) ave= 2.379E-01 +/- 5.07 % Gg(l=1) ave= 2.453E-01 +/- 4.85 % Gg(l=2) ave= 0.000E+00 +/- 0.00 % Gg(l=3) ave= 0.000E+00 +/- 0.00 %  % || D(l=0) ave= 4.231E-01 +/- 1.01 % D(l=1) ave= 6.160E-01 +/- 0.00 % D(l=2) ave= 0.000E+00 +/- 0.00 % D(l=3) ave= 0.000E+00 +/- 0.00 %  % || S(l=0) ave= 8.894E-05 +/- 0.70 % S(l=1) ave= 2.388E-06 +/- 12.91 % S(l=2) ave= 0.000E+00 +/- 0.00 % S(l=3) ave= 0.000E+00 +/- 0.00 % 
 ... random file  4 Cap(th)  ave= 5.659E+02 b. +/- 11.26 % || Ela(th) ave= 6.184E+00 b. +/- 12.56 % || RIcap ave= 1.01E+03 b. +/- 1.04 % || Macs30 ave= 3.55E+00 b. +/- 0.00 % || Gn^0(l=0) ave= 7.338E-05 +/- 0.54 % Gn^0(l=1) ave= 6.070E-06 +/- 13.71 % Gn^0(l=2) ave= 0.000E+00 +/- 0.00 % Gn^0(l=3) ave= 0.000E+00 +/- 0.00 % || Gtotal(l=0) ave= 2.388E-01 +/- 4.56 % Gtotal(l=1) ave= 2.442E-01 +/- 4.45 % Gtotal(l=2) ave= 0.000E+00 +/- 0.00 % Gtotal(l=3) ave= 0.000E+00 +/- 0.00 %  % || Gg(l=0) ave= 2.386E-01 +/- 4.56 % Gg(l=1) ave= 2.442E-01 +/- 4.45 % Gg(l=2) ave= 0.000E+00 +/- 0.00 % Gg(l=3) ave= 0.000E+00 +/- 0.00 %  % || D(l=0) ave= 4.240E-01 +/- 0.99 % D(l=1) ave= 6.160E-01 +/- 0.00 % D(l=2) ave= 0.000E+00 +/- 0.00 % D(l=3) ave= 0.000E+00 +/- 0.00 %  % || S(l=0) ave= 8.885E-05 +/- 0.66 % S(l=1) ave= 2.310E-06 +/- 13.71 % S(l=2) ave= 0.000E+00 +/- 0.00 % S(l=3) ave= 0.000E+00 +/- 0.00 % 
 ... random file  5 Cap(th)  ave= 5.638E+02 b. +/- 10.36 % || Ela(th) ave= 6.030E+00 b. +/- 13.08 % || RIcap ave= 1.01E+03 b. +/- 1.04 % || Macs30 ave= 3.55E+00 b. +/- 0.00 % || Gn^0(l=0) ave= 7.341E-05 +/- 0.50 % Gn^0(l=1) ave= 6.221E-06 +/- 13.37 % Gn^0(l=2) ave= 0.000E+00 +/- 0.00 % Gn^0(l=3) ave= 0.000E+00 +/- 0.00 % || Gtotal(l=0) ave= 2.371E-01 +/- 4.51 % Gtotal(l=1) ave= 2.422E-01 +/- 4.51 % Gtotal(l=2) ave= 0.000E+00 +/- 0.00 % Gtotal(l=3) ave= 0.000E+00 +/- 0.00 %  % || Gg(l=0) ave= 2.368E-01 +/- 4.52 % Gg(l=1) ave= 2.422E-01 +/- 4.51 % Gg(l=2) ave= 0.000E+00 +/- 0.00 % Gg(l=3) ave= 0.000E+00 +/- 0.00 %  % || D(l=0) ave= 4.246E-01 +/- 0.95 % D(l=1) ave= 6.160E-01 +/- 0.00 % D(l=2) ave= 0.000E+00 +/- 0.00 % D(l=3) ave= 0.000E+00 +/- 0.00 %  % || S(l=0) ave= 8.877E-05 +/- 0.63 % S(l=1) ave= 2.368E-06 +/- 13.37 % S(l=2) ave= 0.000E+00 +/- 0.00 % S(l=3) ave= 0.000E+00 +/- 0.00 % 
 ... random file  6 Cap(th)  ave= 5.344E+02 b. +/- 16.82 % || Ela(th) ave= 6.091E+00 b. +/- 12.24 % || RIcap ave= 1.01E+03 b. +/- 0.97 % || Macs30 ave= 3.55E+00 b. +/- 0.00 % || Gn^0(l=0) ave= 7.329E-05 +/- 0.60 % Gn^0(l=1) ave= 6.163E-06 +/- 12.71 % Gn^0(l=2) ave= 0.000E+00 +/- 0.00 % Gn^0(l=3) ave= 0.000E+00 +/- 0.00 % || Gtotal(l=0) ave= 2.361E-01 +/- 4.31 % Gtotal(l=1) ave= 2.410E-01 +/- 4.37 % Gtotal(l=2) ave= 0.000E+00 +/- 0.00 % Gtotal(l=3) ave= 0.000E+00 +/- 0.00 %  % || Gg(l=0) ave= 2.359E-01 +/- 4.32 % Gg(l=1) ave= 2.410E-01 +/- 4.37 % Gg(l=2) ave= 0.000E+00 +/- 0.00 % Gg(l=3) ave= 0.000E+00 +/- 0.00 %  % || D(l=0) ave= 4.238E-01 +/- 1.00 % D(l=1) ave= 6.160E-01 +/- 0.00 % D(l=2) ave= 0.000E+00 +/- 0.00 % D(l=3) ave= 0.000E+00 +/- 0.00 %  % || S(l=0) ave= 8.884E-05 +/- 0.62 % S(l=1) ave= 2.346E-06 +/- 12.71 % S(l=2) ave= 0.000E+00 +/- 0.00 % S(l=3) ave= 0.000E+00 +/- 0.00 % 
 ... Histogram plot for thermal (n,g)
 ... Write covariances  ... MT1  ... plot correlations
 ... MT2  ... MT102 


 ================================================
 ============== From 6 random values === start ======
 Thermal (n,tot) xs  0 K =  540.539 b. +/- 90.1608 b. ( 16.6798 %) skew= -0.83 +/- 0.79
 Thermal (n,el) xs   0 K =  6.09136 b. +/- 0.745447 b. ( 12.2378 %) skew= -0.31 +/- 0.79
 Thermal (n,g) xs    0 K =  534.448 b. +/- 89.8784 b. ( 16.8171 %) skew= -0.85 +/- 0.79
 RI      (n,g)       0 K =  1013.23 b. +/- 9.80319 b. ( 0.967519 %) 
 MACS    (n,g)       0 K (at Emacs= 30000 eV) =  3.5453 b. +/- 2.38419e-07 b. ( 6.72492e-06 %) 
 Ave. Gtotal  L=0        =  2.361E-01 +/- 4.31 %
 Ave. Gn^(0)  L=0        =  7.329E-05 +/- 0.60 %
 Ave. Gg      L=0        =  2.359E-01 +/- 4.32 %
 Ave. D       L=0        =  4.238E-01 +/- 1.00 %
 Ave. S       L=0        =  8.884E-05 +/- 0.62 %
 Ave. Gtotal  L=1        =  2.410E-01 +/- 4.37 %
 Ave. Gg      L=1        =  2.410E-01 +/- 4.37 %
 Ave. D       L=1        =  6.160E-01 +/- 0.00 %
 Ave. S       L=1        =  2.346E-06 +/- 12.71 %

 Expected Thermal (n,g) (syst or meas)= 103.707 b. +/- 88.1513 b. nominal: 541.217 b.
 ratio Calculated/expected thermal (n,g): 5.15 ratio DCalculated/Dexpected: 1.02 ratio Calculated/Nominal: 0.99
 ============== From 6 random values ===== stop ======
 ================================================
 ... Calculation of (n,a) and (n,p) cross sections at 300 K
 ... thermal (n,a) cross section is 2.90275e-07 +/- 1.45137e-07 b.
 ... thermal (n,a) cross section is 2.64817e-07 b. (random case 1)
 ... thermal (n,a) cross section is 4.80775e-07 b. (random case 2)
 ... thermal (n,a) cross section is 1.98853e-07 b. (random case 3)
 ... thermal (n,a) cross section is 1.84491e-07 b. (random case 4)
 ... thermal (n,a) cross section is 4.12108e-07 b. (random case 5)
 ... thermal (n,a) cross section is 3.98431e-07 b. (random case 6)
 ... thermal (n,p) cross section is 2.90275e-07 +/- 1.45137e-07 b.
 ... thermal (n,p) cross section is 3.41196e-07 b. (random case 1)
 ... thermal (n,p) cross section is 5.86122e-07 b. (random case 2)
 ... thermal (n,p) cross section is 4.31115e-07 b. (random case 3)
 ... thermal (n,p) cross section is 2.53391e-07 b. (random case 4)
 ... thermal (n,p) cross section is 4.88412e-07 b. (random case 5)
 ... thermal (n,p) cross section is 2.57612e-07 b. (random case 6)
 ... Rewrite index for MF2
 ... Write text for MF1 in file mf1.tares.txt
 ... plotting cross sections for the MF1
 ... order output files


================== summary ==================
 Thermal (n,tot) xs = 546.815 b. 
 Thermal (n,el)  xs = 5.59788 b. 
 Thermal (n,g)   xs = 541.217 b. (meas/sys: 103.707 b.)
 At 300 K (thermal adjustment): (n,el) = 5.61685 b., (n,g) = 540.91 b.

 RI      (n,g)      = 1010.77 b. (meas or sys: - b.)
 RI      (n,el)     = 21.0111 b.
=============================================


 ... cleaning
                                                 
  -------------------------------------------------------------
  -                                                           -
  - TARES: successful end of run with data from hypothetical  -
  - resonances for  Z= 65, A= 146 and isomer= 0               -
  - half-life: 8.000000 sec. 
  -                                                           -
  -------------------------------------------------------------

   Running time:       8 seconds

 End time: Fri Oct  9 11:22:40 2026

