
  -------------------------------------------------------------
  -                                                           -
  -              Welcome to TARES version 1.8                 -
  -                                                           -
  -  (C) Copyright 2007-2025 D. Rochman, All Rights Reserved  -
  -           NRG, Petten, the Netherlands 2007-2014          -
  -           PSI, Villigen    Switzerland 2015-2025          -
  -         Nagra, Wettingen   Switzerland 2025-              -
  -           (Last Modified October 06, 2026)                -
  -           (Database from October 06, 2026)                -
  -                                                           -
  -------------------------------------------------------------


  ---------------------------------------------
   Compilation information:
   Compiled on:         Oct  7 2026, 09:32:19
   Compiled by:         koning
   Compiler version:    clang++ - 21.0.0
   Source location:     /Users/koning/tares-1.8/source/Module/
   Binaries location:   /Users/koning/bin
   System:              Darwin 25.6.0
   System version:      Darwin Kernel Version 25.6.0: Fri Jul 31 19:19:08 PDT 2026; root:xnu-12377.161.14~5/RELEASE_ARM64_T6050  
   Machine:             arm64 
  ---------------------------------------------

   User information:
   User name:           koning
   Running directory:   /Users/koning/tendl/resbase/Lu171m/work
   Owner mode for running directory : rwx
   Group mode for running directory : r-x
  ---------------------------------------------


 Starting time: Wed Oct  7 10:40:30 2026
 ... inputs directory found (/Users/koning/tares-1.8/source/Module//../../inputs/).
 ... It will be used for resonance parameters 
 ... ###############################################
 ... #     read the input file tares.inp
 ... ###############################################
 ... line: #
 ... line: # Input file generated by Autorochman
          --> line not read
 ... line: #
 ... line: isotope    Lu
          --> Isotope name: Lu
 ... line: mass       171
          --> isotopic mass: 171
 ... line: output     n-Lu171m
         ---> Name of the output files: n-Lu171m
 ... line: isomer     1
          --> isomeric state: 1
 ... line: mf32mf33   y
          --> MF33 based on MF32: y
 ... line: nbrRandom  6
          --> Nbr of random files: 6
 ... ###############################################
 ... # end read the input file tares.inp
 ... ###############################################
Value for random generator type not considered in since Tares 1.7 due to compilation issues

 ... ###############################################
     #   Interpretation of the Input definition    #
     ###############################################

 ... Default energy limit: End of resonance region
 ... Nuclear charge    = 71
 ... Element           = Lu
 ... Mass              = 171
 ... Isomer            = 1
 ... Correlation for (Gn,Gg) not included in random files
 ... Default random option: No random
 ... Output name: n-Lu171m
 ... Energy for the MACS: 30000 eV
 ... Resonances from CALENDF reduced (reduce=y) 
 ... For URR, level density model from TALYS selected: 91n3n12611.2850 (see manual for description)
 ... Random Generator: default (pseudo random numbers from ansi c++)
 ... Reconstruction of cross section selected
 ... Doppler broadening at 0 Kelvin
 ... URR not included (from the input file flag)
 ... Weight for grouping is flat
 ... Calculation of (n,alpha) cross section selected
 ... Number of digit for MF32c covariance representation: 2
 ... MF32 included
 ... MF33 will be used for covariance processing
 ... TENDL option set to yes (automatic choice of MF2 and format)
 ... Isotope not found in the best file --> use of MLBW formalism
 ... default option: Multi level Breit Wigner approximation selected
 ... (check file best.tendl.yes for changing this option)
 ... Retroactive option set to no with the 2025 option

 ... ###############################################
     #           End of Input definition           #
     ###############################################

 ... gnuplot found, will be used for plotting
 ... latex found, will be used for plotting
 ... dvips found, will be used for plotting
 ... ps2epsi not found, limited plotting available
 ... uncertainties on default parameters multiplied by 1.25
 ... Read resonance data from the 2025 directory
 ... Resonance parameters taken from /Users/koning/tares-1.8/source/Module//../../inputs/2025/Resonance/default/
 ---> Processing Z= 71 and A= 171 and isomer= 1 (level number: 1)
 Exfor path; Could not find /Users/koning/tares-1.8/source/Module//../../inputs/exfor/Lu171m/xs/102
Thermal file; Could not open file /Users/koning/tares-1.8/source/Module//../../inputs/2025/runThermal/results//thermal.mxw.ng.cendl3.1
Thermal file; Could not open file /Users/koning/tares-1.8/source/Module//../../inputs/2025/runThermal/results//thermal.mxw.ng.brond3.1
Thermal file; Could not open file /Users/koning/tares-1.8/source/Module//../../inputs/2025/runThermal/results//thermal.xs.ng.unc.cendl3.1
 ... spin taken from the final/ directory (1)

 ... ###############################################
 ... #  Nucleus global parameters (2025 database)  #
 ... ###############################################
 0. Half-life: 1.31667 min. 
 ... Scattering radius from TALYS: /Users/koning/tares-1.8/source/Module//../../inputs/2025/lib.urr/talys.urr/
 1. Spin of the target isotope: 0.5
 2. Relative Atomic Mass of the target isotope: 170.937
 3. Level of the isomer: 0.071130 MeV (level number 1)
 4. Scattering radius (local compilation): 7.36584 fm +/- 0.154683 fm
      .......................................
      ... Thermal capture cross sections: ...
 ... ratio of 0.862233 applied for isomeric cross section (isomer/ground)
 5. Thermal (n,g) cross section from systematics: 50.7079 +/- 35.4956 b.
 6. Thermal (n,g) cross section from compilation (Firestone-2022 average on element Lu): 89.8 +/- 1.1 b.
 7. Thermal (n,g) cross section from compilation (Firestone-2022 final on element Lu): 80.7 +/- 10 b.
      .......................................
      ...  Thermal total cross sections:  ...
      .......................................
      ... Thermal elastic cross sections: ...
 8. Thermal (n,el) cross section from potential (4piR^2): 9.25709 +/- 0.462855 b.
      .......................................
             ... Resonance integral: ...
 9. No capture integral found in /Users/koning/tares-1.8/source/Module//../../inputs/capture.integral
 ... no RI(n,g) found in local compilation, take 2018 value.
 ... no RI(n,g) found in local compilation, take Sukhoruchkin value.
   ---- MACS 30 keV ----- 
 10. TALYS MACS 30 keV (HF): 0.701129 b. 
   ---------- S0 -------- 
 11. S0 from TALYS: 5.86977
   ---------- S1 -------- 
 12. S1 from TALYS: 0.366818
   ---------- S2 -------- 
 13. S2 from TALYS: 9.95644
   ---------- D0 -------- 
 14. D0 from TALYS: 3.85174 eV
   ---------- D1 -------- 
 15. D1 from TALYS: 1.75676 eV
   ---------- D2 -------- 
 16. D2 from TALYS: 1.09841 eV
   ---------- G0 -------- 
 17. Gg0 from TALYS: 0.138264 eV
   ---------- G1 -------- 
 18. Gg1 from TALYS: 0.137469 eV
   ---------- G2 -------- 
 19. Gg2 from TALYS: 0.135482 eV


   ---------------------- 
 ... Read resonance parameters (format: 2: Multi Level Breit Wigner)
 ... 0 resonances found 
 ... possibly no resonances in the Resonance directory for this isotope and options
 ... Use HFR (ladder) behavior 
 --> 21. Number of resonances from the input file: 2 up to 1.92587 eV
 22. Read nuclear quantities (mass, MAT...)
 23. Read thermal (n,g) xs 
 24. Read the scattering radius 
 25. Read uncertainty on Gg for 2 resonances
 26. Read uncertainty on Gg for 2 resonances ... done
 ... order resonances 
 ... Upper limit for the RRR: 1.92587 eV (no statistical resonances HFR) from the limit.RRR file
 ... Write parameters for l=0 waves
 ... End writing original MF2 
 ... No RRR in the database: uncertainties on default parameters multiplied by 1.99753
 ... Enter in urr function (ladder option set to y) for file n-Lu171m
 ... read the file /Users/koning/tares-1.8/source/Module//../../inputs/2025/list.jcs.urr to find URR origin
 Default URR taken from TALYS calculations with level density model: 91n3n12611.2850
 File considered for the URR: /Users/koning/tares-1.8/source/Module//../../inputs/2025/lib.urr/talys.urr/91n3n12611.2850/Lu/urr/urr.dat.Lu.171.001.1.gz
 ... Write URR using TALYS average parameters (used for HFR)
 ... Limit of URR changed to 25 keV (recommendation from WPEC and JEFF)
 ... Extract the Sn value from file ./urr.dat.Lu.171.1.1
 ... found Sn= 6.97893 MeV
 ... estimated number of resonances up to 4106.32 eV:  1 resonances
 ... This is a test here. The higher energy limit to include URR data for calendf is set to max Sn. 24/03/2016
 ... Use Sn to define the maximum energy for the URR: Sn= 6.97893 MeV --> last_energyURR= 4106.32 eV
 ... read D0, S0, Gn and Gg
 ... number of URR energies: 1576
 Number of l: 1576 and last energy: 8
 Last  URR energy: 4106.32 eV
 ... Enter in to_MLBW_mf2 function
 ... Convert to Multi Level Breit Wigner (MLBW)
 ... Write parameter covariances (MF32) for l=0
 ... Convert parameter covariances (MF32) to MLBW
 ... copy the mf2 and mf32 to .mlbw files
 ... Enter in urr_correct function case 1
 Modify the higher limit of RRR in MF2
 --> old value: 1.935499+0 eV new value: 1.000000-2 eV
 Modify resonance covariances (MF32) to include correlations in the URR
 End Modify resonance covariances (MF32) to include correlations in the URR
 ... Enter in calendf_xs function
 Use CALENDF for statistical resonances (update MF2) up to 4.106320+3 eV (initial limit)
 Extract resonances from CALENDF for RRR->URR 2
 More than 5000 resonances found (7485 statistical resonances found)
 After reduction, 4309 statistical resonances found
 ... checking resonance order 1
 ... checking resonance order 2nd round for 4304 resonances
 ... end checking resonance order 2nd round
 Too many resonances (4304): reduced to 100.
 .......................................................
 ... Adjustment to the thermal cross section : start ...
 .......................................................
 ... ratio of 0.862233 applied for isomeric cross section (isomer/ground)

 Before adjustment (adjustment to the thermal cross section set to y)
 ... Import MF2 from TARES calculations
 ... End energy of TARES MF2 : 4.929659E+2 eV and limit to 40000 resonances
 ... File used for reconstruction: new.temp22.reconst
 ... run RECENT ...
 ... Doppler broadened at a unique temperature: 300 Kelvin using sigma1
 ... run SIGMA1 at 3.000000E+02 K.

 ============== INTER values at 300 Kelvin ==============
 Thermal (n,g) xs =  7.96759 b. (meas/sys: 50.7079 b.) (warning: comparison to be done at 296 or 300 K)
 Th Maxw (n,g) xs =  8.0066 b. (thermal Maxwellian value)
 Westcott factor  =  1.0049
 RI      (n,g)    =  153.626 b. (meas or sys: - b.)
 MACS 3.000e+04 eV=  2.1845 b. (meas or sys: - b.) from 1.00E+00 to 2.00E+07 eV (end of RRR) at T= 300 Kelvin 
 Thermal (n,el) xs=  5.93569 b.
 RI      (n,el)   =  95.4625 b.
 ============= PSYCHE values ==============
 Ave. G_total L0  =  0.242402 eV
 Ave. G_total L1  =  0.13401 eV
 Ave. G_total L2  =  0.135487 eV
 Ave. Gn_0    L0  =  0.00603081
 Ave. Gn_0    L1  =  0.000654733
 Ave. Gn_0    L2  =  0.0204023
 Ave. Gg      L0  =  0.136495 eV
 Ave. Gg      L1  =  0.133999 eV
 Ave. Gg      L2  =  0.135487 eV
 Ave. D       L0  =  14.0847 eV
 Ave. D       L1  =  12.6402 eV
 Ave. D       L2  =  0 eV
 Ave. S       L0  =  0.000202479 eV
 Ave. S       L1  =  1.14034e-05 eV
 Ave. S       L2  =  0.0153017 eV
 =========================================
 Calculated capture integral   153.626 b.
 Calculated thermal (n,g)=          7.96759066 b. and recommended= 50.7079 b. (C/E= 0.157127)
 Calculated RI      (n,g)= 153.626 b. (no reference value)
 ... tolerances: thermal (n,g) 20 % (reference uncertainties, minimum 2% and 5%, maximum 20%)
 Adjust the capture widths ...
 ... capture adjusted with Gn for 95 resonances (Gn<Gg) and with Gg for 5 resonances
 ... iteration 0: C/E thermal (n,g)= 0.157127

 <-------- After adjustment -------->
 ... Import MF2 from TARES calculations
 ... End energy of TARES MF2 : 4.929659E+2 eV and limit to 40000 resonances
 ... File used for reconstruction: new.temp22.reconst
 ... run RECENT ...
 ... Doppler broadened at a unique temperature: 300 Kelvin using sigma1
 ... run SIGMA1 at 3.000000E+02 K.

 ============== INTER values at 300 Kelvin ==============
 Thermal (n,g) xs =  41.5804 b. (meas/sys: 50.7079 b.) (warning: comparison to be done at 296 or 300 K)
 Th Maxw (n,g) xs =  41.784 b. (thermal Maxwellian value)
 Westcott factor  =  1.0049
 RI      (n,g)    =  305.185 b. (meas or sys: - b.)
 MACS 3.000e+04 eV=  2.1899 b. (meas or sys: - b.) from 1.00E+00 to 2.00E+07 eV (end of RRR) at T= 300 Kelvin 
 Thermal (n,el) xs=  7.82114 b.
 RI      (n,el)   =  397.979 b.
 ============= PSYCHE values ==============
 Ave. G_total L0  =  0.456946 eV
 Ave. G_total L1  =  0.134055 eV
 Ave. G_total L2  =  0.135487 eV
 Ave. Gn_0    L0  =  0.0151998
 Ave. Gn_0    L1  =  0.00341686
 Ave. Gn_0    L2  =  0.106474
 Ave. Gg      L0  =  0.21686 eV
 Ave. Gg      L1  =  0.133999 eV
 Ave. Gg      L2  =  0.135487 eV
 Ave. D       L0  =  14.0847 eV
 Ave. D       L1  =  12.6402 eV
 Ave. D       L2  =  0 eV
 Ave. S       L0  =  0.000636887 eV
 Ave. S       L1  =  5.95112e-05 eV
 Ave. S       L2  =  0.0798552 eV
 =========================================
 ... iteration 1: C/E thermal (n,g)= 0.819999


 ... ratio C/E thermal (n,g): 8.199985E-01
 ...................................................... 
 ... Adjustment to the thermal cross section : stop ...
 ...................................................... 
 ... new MF2 file after adjustment: n-Lu171m
 ... read the file /Users/koning/tares-1.8/source/Module//../../inputs/2025/list.jcs.urr to find URR origin
 Default URR taken from TALYS calculations with level density model: 91n3n12611.2850
 File considered for the URR: /Users/koning/tares-1.8/source/Module//../../inputs/2025/lib.urr/talys.urr/91n3n12611.2850/Lu/urr/urr.dat.Lu.171.001.1.gz
 ... Write URR using TALYS average parameters (not used for HFR)
 ... Limit of URR changed to 25 keV (recommendation from WPEC and JEFF)
 ... read D0, S0, Gn and Gg
 ... number of URR energies: 752
 Number of l: 752 and last energy: 8
 Last  URR energy: 70418.7 eV
 Energies in the URR : 752 -> reduced by a factor 2
 Energies in the URR : 336 -> reduced by a factor 2
 ... Enter in urr_correct function case 2
 Modify the higher limit of RRR in MF2
 --> old value: 4.929659+2 eV new value: 4.929659+2 eV
 Modify resonance covariances (MF32) to include correlations in the URR
 End Modify resonance covariances (MF32) to include correlations in the URR
 ... Enter in update_MF32 function
 ... Change uncertainties
 ... for the HFR, random position of the positive resonances with 0.020000 %
 ... end of update MF32 function
 ... GLS calculation of the parameter correlations from the thermal/RI adjustment (MF32c)
 ... MF32: correlations from the thermal/RI adjustment (GLS) for 8 resonances (16 widths), 0 correlation lines
 ...   thermal (n,g): uncertainty from these widths 16.2087 b. -> 14.7442 b. (reference: 50.7079 +/- 35.4956 b.)
 ... copy the mf2 and mf32 to .mlbw files

 ... Start of final reconstruction and testing ...
 ... Reconstruction of cross sections at 0 Kelvin  ... Import MF2 from TARES calculations
 ... End energy of TARES MF2 : 4.929659E+2 eV and limit to 40000 resonances
 ... File used for reconstruction: n-Lu171m.reconst
 ... run RECENT ...
 ... Doppler broadened at a unique temperature: 0 Kelvin using sigma1
 ... The keyword temperature is zero, no Doppler broadening for the MACS

 ============== INTER values at 0 Kelvin ==============
 Thermal (n,g) xs =  41.5592 b. (meas/sys: 50.7079 b.) (warning: comparison to be done at 296 or 300 K)
 Th Maxw (n,g) xs =  41.543 b. (thermal Maxwellian value)
 Westcott factor  =  0.99962
 RI      (n,g)    =  304.653 b. (meas or sys: - b.)
 MACS 3.000e+04 eV=  2.1772 b. (meas or sys: - b.) from 1.00E+00 to 4.93E+02 eV (end of RRR) at T= 0 Kelvin 
 Thermal (n,el) xs=  7.79803 b.
 RI      (n,el)   =  396.525 b.
 ============= PSYCHE values ==============
 Ave. G_total L0  =  0.456946 eV
 Ave. G_total L1  =  0.134055 eV
 Ave. G_total L2  =  0.135487 eV
 Ave. Gn_0    L0  =  0.0151998
 Ave. Gn_0    L1  =  0.00341686
 Ave. Gn_0    L2  =  0.106474
 Ave. Gg      L0  =  0.21686 eV
 Ave. Gg      L1  =  0.133999 eV
 Ave. Gg      L2  =  0.135487 eV
 Ave. D       L0  =  14.0847 eV
 Ave. D       L1  =  12.6402 eV
 Ave. D       L2  =  0 eV
 Ave. S       L0  =  0.000636887 eV
 Ave. S       L1  =  5.95112e-05 eV
 Ave. S       L2  =  0.0798552 eV
 =========================================
 ... End of final reconstruction and testing ...

 ... grouping is not optimum, change to 70 groups
 ... Produce MF33 based on MF32 and 6 random files
 ... run endsam for 6 in groups of 1 global run
 ... run endsam from 1 to 6
 ... reorder resonance position after endsam (sampling)
 ... preparing the vectors  ... done
 ... nominal file 0 Cap(th)  ave= 4.156E+01 b. +/- 0.00 % || Ela(th) ave= 7.798E+00 b. +/- 0.00 % || RIcap ave= 2.42E+02 b. +/- 0.00 % || Macs30 ave= 6.76E+01 b. +/- 0.00 % || Gn^0(l=0) ave= 1.520E-02 +/- 0.00 % Gn^0(l=1) ave= 3.417E-03 +/- 0.00 % Gn^0(l=2) ave= 1.065E-01 +/- 0.00 % Gn^0(l=3) ave= 0.000E+00 +/- 0.00 % || Gtotal(l=0) ave= 4.569E-01 +/- 0.00 % Gtotal(l=1) ave= 1.341E-01 +/- 0.00 % Gtotal(l=2) ave= 1.355E-01 +/- 0.00 % Gtotal(l=3) ave= 0.000E+00 +/- 0.00 %  % || Gg(l=0) ave= 2.169E-01 +/- 0.00 % Gg(l=1) ave= 1.340E-01 +/- 0.00 % Gg(l=2) ave= 1.355E-01 +/- 0.00 % Gg(l=3) ave= 0.000E+00 +/- 0.00 %  % || D(l=0) ave= 1.408E+01 +/- 0.00 % D(l=1) ave= 1.264E+01 +/- 0.00 % D(l=2) ave= 0.000E+00 +/- 0.00 % D(l=3) ave= 0.000E+00 +/- 0.00 %  % || S(l=0) ave= 6.369E-04 +/- 0.00 % S(l=1) ave= 5.951E-05 +/- 0.00 % S(l=2) ave= 7.986E-02 +/- 0.00 % S(l=3) ave= 0.000E+00 +/- 0.00 % 
 ... random file  1 Cap(th)  ave= 5.430E+01 b. +/- 23.47 % || Ela(th) ave= 7.772E+00 b. +/- 0.34 % || RIcap ave= 2.41E+02 b. +/- 0.31 % || Macs30 ave= 6.64E+01 b. +/- 1.81 % || Gn^0(l=0) ave= 1.523E-02 +/- 0.22 % Gn^0(l=1) ave= 3.445E-03 +/- 0.81 % Gn^0(l=2) ave= 1.083E-01 +/- 1.69 % Gn^0(l=3) ave= 0.000E+00 +/- 0.00 % || Gtotal(l=0) ave= 4.569E-01 +/- 0.00 % Gtotal(l=1) ave= 1.341E-01 +/- 0.00 % Gtotal(l=2) ave= 1.355E-01 +/- 0.00 % Gtotal(l=3) ave= 0.000E+00 +/- 0.00 %  % || Gg(l=0) ave= 2.067E-01 +/- 4.90 % Gg(l=1) ave= 1.358E-01 +/- 1.35 % Gg(l=2) ave= 1.261E-01 +/- 7.48 % Gg(l=3) ave= 0.000E+00 +/- 0.00 %  % || D(l=0) ave= 1.408E+01 +/- 0.00 % D(l=1) ave= 1.264E+01 +/- 0.00 % D(l=2) ave= 0.000E+00 +/- 0.00 % D(l=3) ave= 0.000E+00 +/- 0.00 %  % || S(l=0) ave= 6.386E-04 +/- 0.28 % S(l=1) ave= 5.991E-05 +/- 0.67 % S(l=2) ave= 8.123E-02 +/- 1.69 % S(l=3) ave= 0.000E+00 +/- 0.00 % 
 ... random file  2 Cap(th)  ave= 4.734E+01 b. +/- 30.28 % || Ela(th) ave= 7.927E+00 b. +/- 2.78 % || RIcap ave= 2.31E+02 b. +/- 6.08 % || Macs30 ave= 6.40E+01 b. +/- 5.60 % || Gn^0(l=0) ave= 1.526E-02 +/- 0.32 % Gn^0(l=1) ave= 3.376E-03 +/- 2.96 % Gn^0(l=2) ave= 1.043E-01 +/- 5.65 % Gn^0(l=3) ave= 0.000E+00 +/- 0.00 % || Gtotal(l=0) ave= 4.580E-01 +/- 0.31 % Gtotal(l=1) ave= 1.341E-01 +/- 0.00 % Gtotal(l=2) ave= 1.355E-01 +/- 0.00 % Gtotal(l=3) ave= 0.000E+00 +/- 0.00 %  % || Gg(l=0) ave= 2.163E-01 +/- 7.32 % Gg(l=1) ave= 1.395E-01 +/- 3.89 % Gg(l=2) ave= 1.165E-01 +/- 13.41 % Gg(l=3) ave= 0.000E+00 +/- 0.00 %  % || D(l=0) ave= 1.422E+01 +/- 1.37 % D(l=1) ave= 1.264E+01 +/- 0.00 % D(l=2) ave= 0.000E+00 +/- 0.00 % D(l=3) ave= 0.000E+00 +/- 0.00 %  % || S(l=0) ave= 6.355E-04 +/- 0.73 % S(l=1) ave= 5.876E-05 +/- 2.84 % S(l=2) ave= 7.821E-02 +/- 5.65 % S(l=3) ave= 0.000E+00 +/- 0.00 % 
 ... random file  3 Cap(th)  ave= 4.489E+01 b. +/- 29.22 % || Ela(th) ave= 8.090E+00 b. +/- 4.22 % || RIcap ave= 2.23E+02 b. +/- 8.34 % || Macs30 ave= 6.27E+01 b. +/- 6.03 % || Gn^0(l=0) ave= 1.529E-02 +/- 0.39 % Gn^0(l=1) ave= 3.293E-03 +/- 5.07 % Gn^0(l=2) ave= 9.932E-02 +/- 10.06 % Gn^0(l=3) ave= 0.000E+00 +/- 0.00 % || Gtotal(l=0) ave= 4.585E-01 +/- 0.33 % Gtotal(l=1) ave= 1.341E-01 +/- 0.00 % Gtotal(l=2) ave= 1.355E-01 +/- 0.00 % Gtotal(l=3) ave= 0.000E+00 +/- 0.00 %  % || Gg(l=0) ave= 2.109E-01 +/- 7.87 % Gg(l=1) ave= 1.369E-01 +/- 4.77 % Gg(l=2) ave= 1.266E-01 +/- 17.47 % Gg(l=3) ave= 0.000E+00 +/- 0.00 %  % || D(l=0) ave= 1.429E+01 +/- 1.45 % D(l=1) ave= 1.264E+01 +/- 0.00 % D(l=2) ave= 0.000E+00 +/- 0.00 % D(l=3) ave= 0.000E+00 +/- 0.00 %  % || S(l=0) ave= 6.350E-04 +/- 0.65 % S(l=1) ave= 5.734E-05 +/- 4.98 % S(l=2) ave= 7.449E-02 +/- 10.06 % S(l=3) ave= 0.000E+00 +/- 0.00 % 
 ... random file  4 Cap(th)  ave= 4.008E+01 b. +/- 37.85 % || Ela(th) ave= 8.076E+00 b. +/- 3.80 % || RIcap ave= 2.22E+02 b. +/- 7.50 % || Macs30 ave= 6.35E+01 b. +/- 5.79 % || Gn^0(l=0) ave= 1.528E-02 +/- 0.35 % Gn^0(l=1) ave= 3.297E-03 +/- 4.54 % Gn^0(l=2) ave= 9.940E-02 +/- 8.99 % Gn^0(l=3) ave= 0.000E+00 +/- 0.00 % || Gtotal(l=0) ave= 4.588E-01 +/- 0.32 % Gtotal(l=1) ave= 1.341E-01 +/- 0.00 % Gtotal(l=2) ave= 1.355E-01 +/- 0.00 % Gtotal(l=3) ave= 0.000E+00 +/- 0.00 %  % || Gg(l=0) ave= 2.117E-01 +/- 7.06 % Gg(l=1) ave= 1.332E-01 +/- 7.13 % Gg(l=2) ave= 1.234E-01 +/- 16.81 % Gg(l=3) ave= 0.000E+00 +/- 0.00 %  % || D(l=0) ave= 1.433E+01 +/- 1.42 % D(l=1) ave= 1.264E+01 +/- 0.00 % D(l=2) ave= 0.000E+00 +/- 0.00 % D(l=3) ave= 0.000E+00 +/- 0.00 %  % || S(l=0) ave= 6.337E-04 +/- 0.71 % S(l=1) ave= 5.739E-05 +/- 4.45 % S(l=2) ave= 7.455E-02 +/- 8.99 % S(l=3) ave= 0.000E+00 +/- 0.00 % 
 ... random file  5 Cap(th)  ave= 3.960E+01 b. +/- 35.07 % || Ela(th) ave= 8.154E+00 b. +/- 4.05 % || RIcap ave= 2.26E+02 b. +/- 7.64 % || Macs30 ave= 6.31E+01 b. +/- 5.50 % || Gn^0(l=0) ave= 1.526E-02 +/- 0.42 % Gn^0(l=1) ave= 3.262E-03 +/- 4.81 % Gn^0(l=2) ave= 9.743E-02 +/- 9.52 % Gn^0(l=3) ave= 0.000E+00 +/- 0.00 % || Gtotal(l=0) ave= 4.585E-01 +/- 0.33 % Gtotal(l=1) ave= 1.341E-01 +/- 0.00 % Gtotal(l=2) ave= 1.355E-01 +/- 0.00 % Gtotal(l=3) ave= 0.000E+00 +/- 0.00 %  % || Gg(l=0) ave= 2.071E-01 +/- 8.28 % Gg(l=1) ave= 1.324E-01 +/- 6.68 % Gg(l=2) ave= 1.353E-01 +/- 24.08 % Gg(l=3) ave= 0.000E+00 +/- 0.00 %  % || D(l=0) ave= 1.429E+01 +/- 1.45 % D(l=1) ave= 1.264E+01 +/- 0.00 % D(l=2) ave= 0.000E+00 +/- 0.00 % D(l=3) ave= 0.000E+00 +/- 0.00 %  % || S(l=0) ave= 6.340E-04 +/- 0.66 % S(l=1) ave= 5.681E-05 +/- 4.70 % S(l=2) ave= 7.307E-02 +/- 9.52 % S(l=3) ave= 0.000E+00 +/- 0.00 % 
 ... random file  6 Cap(th)  ave= 4.072E+01 b. +/- 32.28 % || Ela(th) ave= 8.027E+00 b. +/- 5.44 % || RIcap ave= 2.25E+02 b. +/- 7.13 % || Macs30 ave= 6.30E+01 b. +/- 5.10 % || Gn^0(l=0) ave= 1.527E-02 +/- 0.41 % Gn^0(l=1) ave= 3.333E-03 +/- 6.81 % Gn^0(l=2) ave= 1.020E-01 +/- 13.89 % Gn^0(l=3) ave= 0.000E+00 +/- 0.00 % || Gtotal(l=0) ave= 4.587E-01 +/- 0.33 % Gtotal(l=1) ave= 1.341E-01 +/- 0.00 % Gtotal(l=2) ave= 1.355E-01 +/- 0.00 % Gtotal(l=3) ave= 0.000E+00 +/- 0.00 %  % || Gg(l=0) ave= 2.084E-01 +/- 7.77 % Gg(l=1) ave= 1.307E-01 +/- 7.00 % Gg(l=2) ave= 1.383E-01 +/- 22.46 % Gg(l=3) ave= 0.000E+00 +/- 0.00 %  % || D(l=0) ave= 1.432E+01 +/- 1.43 % D(l=1) ave= 1.264E+01 +/- 0.00 % D(l=2) ave= 0.000E+00 +/- 0.00 % D(l=3) ave= 0.000E+00 +/- 0.00 %  % || S(l=0) ave= 6.335E-04 +/- 0.64 % S(l=1) ave= 5.805E-05 +/- 6.74 % S(l=2) ave= 7.653E-02 +/- 13.89 % S(l=3) ave= 0.000E+00 +/- 0.00 % 
 ... Histogram plot for thermal (n,g)
 ... Write covariances  ... MT1  ... plot correlations
 ... MT2  ... MT102 


 ================================================
 ============== From 6 random values === start ======
 Thermal (n,tot) xs  0 K =  48.7487 b. +/- 12.9604 b. ( 26.5861 %) skew= +0.63 +/- 0.79
 Thermal (n,el) xs   0 K =  8.02674 b. +/- 0.436702 b. ( 5.44059 %) skew= -0.28 +/- 0.79
 Thermal (n,g) xs    0 K =  40.722 b. +/- 13.1468 b. ( 32.2842 %) skew= +0.64 +/- 0.79
 RI      (n,g)       0 K =  225.317 b. +/- 16.0659 b. ( 7.13037 %) 
 MACS    (n,g)       0 K (at Emacs= 30000 eV) =  63.0179 b. +/- 3.21127 b. ( 5.09581 %) 
 Ave. Gtotal  L=0        =  4.587E-01 +/- 0.33 %
 Ave. Gn^(0)  L=0        =  1.527E-02 +/- 0.41 %
 Ave. Gg      L=0        =  2.084E-01 +/- 7.77 %
 Ave. D       L=0        =  1.432E+01 +/- 1.43 %
 Ave. S       L=0        =  6.335E-04 +/- 0.64 %
 Ave. Gtotal  L=1        =  1.341E-01 +/- 0.00 %
 Ave. Gn^(1)  L=1        =  3.333E-03 +/- 6.81 %
 Ave. Gg      L=1        =  1.307E-01 +/- 7.00 %
 Ave. D       L=1        =  1.264E+01 +/- 0.00 %
 Ave. S       L=1        =  5.805E-05 +/- 6.74 %
 Ave. Gtotal  L=2        =  1.355E-01 +/- 0.00 %
 Ave. Gn^(2)  L=2        =  1.020E-01 +/- 13.89 %
 Ave. Gg      L=2        =  1.383E-01 +/- 22.46 %
 Ave. S       L=2        =  7.653E-02 +/- 13.89 %

 Expected Thermal (n,g) (syst or meas)= 50.7079 b. +/- 35.4956 b. nominal: 41.5592 b.
 ratio Calculated/expected thermal (n,g): 0.80 ratio DCalculated/Dexpected: 0.37 ratio Calculated/Nominal: 0.98
 ============== From 6 random values ===== stop ======
 ================================================
 ... Calculation of (n,a) and (n,p) cross sections at 300 K
 ... thermal (n,a) cross section is 5.87572e-09 +/- 2.93786e-09 b.
 ... thermal (n,a) cross section is 0 b. (random case 1)
 ... thermal (n,a) cross section is 0 b. (random case 2)
 ... thermal (n,a) cross section is 0 b. (random case 3)
 ... thermal (n,a) cross section is 0 b. (random case 4)
 ... thermal (n,a) cross section is 0 b. (random case 5)
 ... thermal (n,a) cross section is 0 b. (random case 6)
 ... thermal (n,p) cross section is 5.87572e-09 +/- 2.93786e-09 b.
 ... thermal (n,p) cross section is 0 b. (random case 1)
 ... thermal (n,p) cross section is 0 b. (random case 2)
 ... thermal (n,p) cross section is 0 b. (random case 3)
 ... thermal (n,p) cross section is 0 b. (random case 4)
 ... thermal (n,p) cross section is 0 b. (random case 5)
 ... thermal (n,p) cross section is 0 b. (random case 6)
 ... Rewrite index for MF2
 ... Write text for MF1 in file mf1.tares.txt
 ... plotting cross sections for the MF1
 ... order output files


================== summary ==================
 Thermal (n,tot) xs = 49.3572 b. 
 Thermal (n,el)  xs = 7.79803 b. 
 Thermal (n,g)   xs = 41.5592 b. (meas/sys: 50.7079 b.)
 At 300 K (thermal adjustment): (n,el) = 7.82114 b., (n,g) = 41.5804 b.

 RI      (n,g)      = 304.653 b. (meas or sys: - b.)
 RI      (n,el)     = 396.525 b.
=============================================


 ... cleaning
                                                 
  -------------------------------------------------------------
  -                                                           -
  - TARES: successful end of run with data from hypothetical  -
  - resonances for  Z= 71, A= 171 and isomer= 1               -
  - half-life: 1.316667 min. 
  -                                                           -
  -------------------------------------------------------------

   Running time:       15 seconds

 End time: Wed Oct  7 10:40:45 2026

