
  -------------------------------------------------------------
  -                                                           -
  -              Welcome to TARES version 1.8                 -
  -                                                           -
  -  (C) Copyright 2007-2025 D. Rochman, All Rights Reserved  -
  -           NRG, Petten, the Netherlands 2007-2014          -
  -           PSI, Villigen    Switzerland 2015-2025          -
  -         Nagra, Wettingen   Switzerland 2025-              -
  -           (Last Modified October 06, 2026)                -
  -           (Database from October 06, 2026)                -
  -                                                           -
  -------------------------------------------------------------


  ---------------------------------------------
   Compilation information:
   Compiled on:         Oct  7 2026, 09:32:19
   Compiled by:         koning
   Compiler version:    clang++ - 21.0.0
   Source location:     /Users/koning/tares-1.8/source/Module/
   Binaries location:   /Users/koning/bin
   System:              Darwin 25.6.0
   System version:      Darwin Kernel Version 25.6.0: Fri Jul 31 19:19:08 PDT 2026; root:xnu-12377.161.14~5/RELEASE_ARM64_T6050  
   Machine:             arm64 
  ---------------------------------------------

   User information:
   User name:           koning
   Running directory:   /Users/koning/tendl/resbase/Ag103/work
   Owner mode for running directory : rwx
   Group mode for running directory : r-x
  ---------------------------------------------


 Starting time: Wed Oct  7 10:00:15 2026
 ... inputs directory found (/Users/koning/tares-1.8/source/Module//../../inputs/).
 ... It will be used for resonance parameters 
 ... ###############################################
 ... #     read the input file tares.inp
 ... ###############################################
 ... line: #
 ... line: # Input file generated by Autorochman
          --> line not read
 ... line: #
 ... line: isotope    Ag
          --> Isotope name: Ag
 ... line: mass       103
          --> isotopic mass: 103
 ... line: output     n-Ag103
         ---> Name of the output files: n-Ag103
 ... line: isomer     0
          --> isomeric state: 0
 ... line: mf32mf33   y
          --> MF33 based on MF32: y
 ... line: nbrRandom  10
          --> Nbr of random files: 10
 ... ###############################################
 ... # end read the input file tares.inp
 ... ###############################################
Value for random generator type not considered in since Tares 1.7 due to compilation issues

 ... ###############################################
     #   Interpretation of the Input definition    #
     ###############################################

 ... Default energy limit: End of resonance region
 ... Nuclear charge    = 47
 ... Element           = Ag
 ... Mass              = 103
 ... Isomer            = 0
 ... Correlation for (Gn,Gg) not included in random files
 ... Default random option: No random
 ... Output name: n-Ag103
 ... Energy for the MACS: 30000 eV
 ... Resonances from CALENDF reduced (reduce=y) 
 ... For URR, level density model from TALYS selected: 91n3n12611.2850 (see manual for description)
 ... Random Generator: default (pseudo random numbers from ansi c++)
 ... Reconstruction of cross section selected
 ... Doppler broadening at 0 Kelvin
 ... URR not included (from the input file flag)
 ... Weight for grouping is flat
 ... Calculation of (n,alpha) cross section selected
 ... Number of digit for MF32c covariance representation: 2
 ... MF32 included
 ... MF33 will be used for covariance processing
 ... TENDL option set to yes (automatic choice of MF2 and format)
 ... Isotope not found in the best file --> use of MLBW formalism
 ... default option: Multi level Breit Wigner approximation selected
 ... (check file best.tendl.yes for changing this option)
 ... Retroactive option set to no with the 2025 option
 ... ladder option set to yes (CALENDF will be used for statistical resonances)

 ... ###############################################
     #           End of Input definition           #
     ###############################################

 ... gnuplot found, will be used for plotting
 ... latex found, will be used for plotting
 ... dvips found, will be used for plotting
 ... ps2epsi not found, limited plotting available
 ... uncertainties on default parameters multiplied by 1.02408
 ... Read resonance data from the 2025 directory
 ... Resonance parameters taken from /Users/koning/tares-1.8/source/Module//../../inputs/2025/Resonance/default/
 ---> Processing Z= 47 and A= 103 and isomer= 0 (level number: 0)
 Exfor path; Could not find /Users/koning/tares-1.8/source/Module//../../inputs/exfor/Ag103/xs/102
Thermal file; Could not open file /Users/koning/tares-1.8/source/Module//../../inputs/2025/runThermal/results//thermal.mxw.ng.cendl3.1
Thermal file; Could not open file /Users/koning/tares-1.8/source/Module//../../inputs/2025/runThermal/results//thermal.mxw.ng.brond3.1
Thermal file; Could not open file /Users/koning/tares-1.8/source/Module//../../inputs/2025/runThermal/results//thermal.xs.ng.unc.cendl3.1
 ... spin taken from the final/ directory (1)

 ... ###############################################
 ... #  Nucleus global parameters (2025 database)  #
 ... ###############################################
 0. Half-life: 1.095 hours
 ... Scattering radius from TALYS: /Users/koning/tares-1.8/source/Module//../../inputs/2025/lib.urr/talys.urr/
 1. Spin of the target isotope: 3.5
 2. Relative Atomic Mass of the target isotope: 102.908
 3. Scattering radius (local compilation): 6.23118 fm +/- 0.130855 fm
      .......................................
      ... Thermal capture cross sections: ...
 4. Thermal (n,g) cross section from systematics: 22.41 +/- 11.205 b.
 5. Thermal (n,g) cross section from compilation (Firestone-2022 average on element Ag): 63.7 +/- 0.6 b.
 6. Thermal (n,g) cross section from compilation (Firestone-2022 final on element Ag): 63.8 +/- 0.5 b.
 7. Thermal (n,g) cross section from TENDL-2023: 22.12 +/- 7.179 b.
      .......................................
      ...  Thermal total cross sections:  ...
      .......................................
      ... Thermal elastic cross sections: ...
 8. Thermal (n,el) cross section from potential (4piR^2): 7.8311 +/- 0.391555 b.
      .......................................
             ... Resonance integral: ...
 9. No capture integral found in /Users/koning/tares-1.8/source/Module//../../inputs/capture.integral
 ... no RI(n,g) found in local compilation, take 2018 value.
 ... no RI(n,g) found in local compilation, take Sukhoruchkin value.
   ---- MACS 30 keV ----- 
 10. TALYS MACS 30 keV (HF): 1.19671 b. 
   ---------- S0 -------- 
 11. S0 from TALYS: 0.585461
   ---------- S1 -------- 
 12. S1 from TALYS: 7.10773
   ---------- S2 -------- 
 13. S2 from TALYS: 0.531202
   ---------- D0 -------- 
 14. D0 from TALYS: 12.8013 eV
   ---------- D1 -------- 
 15. D1 from TALYS: 6.71062 eV
   ---------- D2 -------- 
 16. D2 from TALYS: 4.84135 eV
   ---------- G0 -------- 
 17. Gg0 from TALYS: 0.227772 eV
   ---------- G1 -------- 
 18. Gg1 from TALYS: 0.246497 eV
   ---------- G2 -------- 
 19. Gg2 from TALYS: 0.249844 eV


   ---------------------- 
 ... Read resonance parameters (format: 2: Multi Level Breit Wigner)
 ... 0 resonances found 
 ... possibly no resonances in the Resonance directory for this isotope and options
 ... Use HFR (ladder) behavior 
 --> 21. Number of resonances from the input file: 2 up to 6.40063 eV
 22. Read nuclear quantities (mass, MAT...)
 23. Read thermal (n,g) xs 
 24. Read the scattering radius 
 25. Read uncertainty on Gg for 2 resonances
 26. Read uncertainty on Gg for 2 resonances ... done
 ... order resonances 
 ... Upper limit for the RRR: 6.40063 eV (no statistical resonances HFR) from the limit.RRR file
 ... Write parameters for l=0 waves
 ... End writing original MF2 
 ... No RRR in the database: uncertainties on default parameters multiplied by 1.99753
 ... Enter in urr function (ladder option set to y) for file n-Ag103
 ... read the file /Users/koning/tares-1.8/source/Module//../../inputs/2025/list.jcs.urr to find URR origin
 Default URR taken from TALYS calculations with level density model: 91n3n12611.2850
 File considered for the URR: /Users/koning/tares-1.8/source/Module//../../inputs/2025/lib.urr/talys.urr/91n3n12611.2850/Ag/urr/urr.dat.Ag.103.000.0.gz
 ... Write URR using TALYS average parameters (used for HFR)
 ... Limit of URR changed to 25 keV (recommendation from WPEC and JEFF)
 ... Extract the Sn value from file ./urr.dat.Ag.103.0.0
 ... found Sn= 8.38508 MeV
 ... estimated number of resonances up to 245.585 eV:  19.1844 resonances
 ... This is a test here. The higher energy limit to include URR data for calendf is set to max Sn. 24/03/2016
 ... Use Sn to define the maximum energy for the URR: Sn= 8.38508 MeV --> last_energyURR= 245.585 eV
 ... read D0, S0, Gn and Gg
 ... number of URR energies: 1680
 Number of l: 1680 and last energy: 12
 Last  URR energy: 245.585 eV
 ... Enter in to_MLBW_mf2 function
 ... Convert to Multi Level Breit Wigner (MLBW)
 ... Write parameter covariances (MF32) for l=0
 ... Convert parameter covariances (MF32) to MLBW
 ... copy the mf2 and mf32 to .mlbw files
 ... Enter in urr_correct function case 1
 Modify the higher limit of RRR in MF2
 --> old value: 6.432633+0 eV new value: 1.000000-2 eV
 Modify resonance covariances (MF32) to include correlations in the URR
 End Modify resonance covariances (MF32) to include correlations in the URR
 ... Enter in calendf_xs function
 Use CALENDF for statistical resonances (update MF2) up to 2.455850+2 eV (initial limit)
 Extract resonances from CALENDF for RRR->URR 2
 91 statistical resonances found
 After reduction, 86 statistical resonances found
 ... checking resonance order 1
 ... checking resonance order 2nd round for 84 resonances
 ... end checking resonance order 2nd round
 .......................................................
 ... Adjustment to the thermal cross section : start ...
 .......................................................

 Before adjustment (adjustment to the thermal cross section set to y)
 ... Import MF2 from TARES calculations
 ... End energy of TARES MF2 : 2.332719E+2 eV and limit to 40000 resonances
 ... File used for reconstruction: new.temp22.reconst
 ... run RECENT ...
 ... Doppler broadened at a unique temperature: 300 Kelvin using sigma1
 ... run SIGMA1 at 3.000000E+02 K.

 ============== INTER values at 300 Kelvin ==============
 Thermal (n,g) xs =  19.2545 b. (meas/sys: 22.41 b.) (warning: comparison to be done at 296 or 300 K)
 Th Maxw (n,g) xs =  19.383 b. (thermal Maxwellian value)
 Westcott factor  =  1.00668
 RI      (n,g)    =  371.381 b. (meas or sys: - b.)
 MACS 3.000e+04 eV=  1.1983 b. (meas or sys: - b.) from 1.00E+00 to 2.00E+07 eV (end of RRR) at T= 300 Kelvin 
 Thermal (n,el) xs=  3.38631 b.
 RI      (n,el)   =  84.4084 b.
 ============= PSYCHE values ==============
 Ave. G_total L0  =  0.231482 eV
 Ave. G_total L1  =  0.220018 eV
 Ave. G_total L2  =  0.207902 eV
 Ave. Gn_0    L0  =  0.00174107
 Ave. Gn_0    L1  =  0.0237308
 Ave. Gn_0    L2  =  0.00306139
 Ave. Gg      L0  =  0.219588 eV
 Ave. Gg      L1  =  0.219948 eV
 Ave. Gg      L2  =  0.207902 eV
 Ave. D       L0  =  12.9595 eV
 Ave. D       L1  =  7.77573 eV
 Ave. D       L2  =  17.944 eV
 Ave. S       L0  =  6.89629e-05 eV
 Ave. S       L1  =  0.000528365 eV
 Ave. S       L2  =  2.10536e-05 eV
 =========================================
 Calculated capture integral   371.381 b.
 ... ratio C/E thermal (n,g): 8.591938E-01
 ...................................................... 
 ... Adjustment to the thermal cross section : stop ...
 ...................................................... 
 ... new MF2 file after adjustment: n-Ag103
 ... read the file /Users/koning/tares-1.8/source/Module//../../inputs/2025/list.jcs.urr to find URR origin
 Default URR taken from TALYS calculations with level density model: 91n3n12611.2850
 File considered for the URR: /Users/koning/tares-1.8/source/Module//../../inputs/2025/lib.urr/talys.urr/91n3n12611.2850/Ag/urr/urr.dat.Ag.103.000.0.gz
 ... Write URR using TALYS average parameters (not used for HFR)
 ... Limit of URR changed to 25 keV (recommendation from WPEC and JEFF)
 ... read D0, S0, Gn and Gg
 ... number of URR energies: 1008
 Number of l: 1008 and last energy: 12
 Last  URR energy: 27264.6 eV
 Energies in the URR : 1008 -> reduced by a factor 2
 Energies in the URR : 468 -> reduced by a factor 2
 ... Enter in urr_correct function case 2
 Modify the higher limit of RRR in MF2
 --> old value: 2.332719+2 eV new value: 2.332719+2 eV
 Modify resonance covariances (MF32) to include correlations in the URR
 End Modify resonance covariances (MF32) to include correlations in the URR
 ... Enter in update_MF32 function
 ... Change uncertainties
 ... for the HFR, random position of the positive resonances with 0.020000 %
 ... end of update MF32 function
 ... no thermal/RI adjustment needed: no GLS calculation of parameter correlations
 ... copy the mf2 and mf32 to .mlbw files

 ... Start of final reconstruction and testing ...
 ... Reconstruction of cross sections at 0 Kelvin  ... Import MF2 from TARES calculations
 ... End energy of TARES MF2 : 2.332719E+2 eV and limit to 40000 resonances
 ... File used for reconstruction: n-Ag103.reconst
 ... run RECENT ...
 ... Doppler broadened at a unique temperature: 0 Kelvin using sigma1
 ... The keyword temperature is zero, no Doppler broadening for the MACS

 ============== INTER values at 0 Kelvin ==============
 Thermal (n,g) xs =  19.2437 b. (meas/sys: 22.41 b.) (warning: comparison to be done at 296 or 300 K)
 Th Maxw (n,g) xs =  19.272 b. (thermal Maxwellian value)
 Westcott factor  =  1.00147
 RI      (n,g)    =  371.072 b. (meas or sys: - b.)
 MACS 3.000e+04 eV=  1.1911 b. (meas or sys: - b.) from 1.00E+00 to 2.33E+02 eV (end of RRR) at T= 0 Kelvin 
 Thermal (n,el) xs=  3.36962 b.
 RI      (n,el)   =  84.3701 b.
 ============= PSYCHE values ==============
 Ave. G_total L0  =  0.231482 eV
 Ave. G_total L1  =  0.220018 eV
 Ave. G_total L2  =  0.207902 eV
 Ave. Gn_0    L0  =  0.00174107
 Ave. Gn_0    L1  =  0.0237308
 Ave. Gn_0    L2  =  0.00306139
 Ave. Gg      L0  =  0.219588 eV
 Ave. Gg      L1  =  0.219948 eV
 Ave. Gg      L2  =  0.207902 eV
 Ave. D       L0  =  12.9595 eV
 Ave. D       L1  =  7.77573 eV
 Ave. D       L2  =  17.944 eV
 Ave. S       L0  =  6.89629e-05 eV
 Ave. S       L1  =  0.000528365 eV
 Ave. S       L2  =  2.10536e-05 eV
 =========================================
 ... End of final reconstruction and testing ...

 ... grouping is not optimum, change to 70 groups
 ... Produce MF33 based on MF32 and 10 random files
 ... run endsam for 10 in groups of 1 global run
 ... run endsam from 1 to 10
 ... reorder resonance position after endsam (sampling)
 ... preparing the vectors  ... done
 ... nominal file 0 Cap(th)  ave= 1.924E+01 b. +/- 0.00 % || Ela(th) ave= 3.370E+00 b. +/- 0.00 % || RIcap ave= 3.47E+02 b. +/- 0.00 % || Macs30 ave= 1.72E+01 b. +/- 0.00 % || Gn^0(l=0) ave= 1.741E-03 +/- 0.00 % Gn^0(l=1) ave= 2.373E-02 +/- 0.00 % Gn^0(l=2) ave= 3.061E-03 +/- 0.00 % Gn^0(l=3) ave= 0.000E+00 +/- 0.00 % || Gtotal(l=0) ave= 2.315E-01 +/- 0.00 % Gtotal(l=1) ave= 2.200E-01 +/- 0.00 % Gtotal(l=2) ave= 2.079E-01 +/- 0.00 % Gtotal(l=3) ave= 0.000E+00 +/- 0.00 %  % || Gg(l=0) ave= 2.196E-01 +/- 0.00 % Gg(l=1) ave= 2.199E-01 +/- 0.00 % Gg(l=2) ave= 2.079E-01 +/- 0.00 % Gg(l=3) ave= 0.000E+00 +/- 0.00 %  % || D(l=0) ave= 1.296E+01 +/- 0.00 % D(l=1) ave= 7.776E+00 +/- 0.00 % D(l=2) ave= 1.794E+01 +/- 0.00 % D(l=3) ave= 0.000E+00 +/- 0.00 %  % || S(l=0) ave= 6.896E-05 +/- 0.00 % S(l=1) ave= 5.284E-04 +/- 0.00 % S(l=2) ave= 2.105E-05 +/- 0.00 % S(l=3) ave= 0.000E+00 +/- 0.00 % 
 ... random file  1 Cap(th)  ave= 1.861E+01 b. +/- 3.40 % || Ela(th) ave= 3.120E+00 b. +/- 8.02 % || RIcap ave= 3.46E+02 b. +/- 0.51 % || Macs30 ave= 1.70E+01 b. +/- 1.10 % || Gn^0(l=0) ave= 1.743E-03 +/- 0.11 % Gn^0(l=1) ave= 2.539E-02 +/- 6.53 % Gn^0(l=2) ave= 3.522E-03 +/- 13.08 % Gn^0(l=3) ave= 0.000E+00 +/- 0.00 % || Gtotal(l=0) ave= 2.315E-01 +/- 0.00 % Gtotal(l=1) ave= 2.200E-01 +/- 0.00 % Gtotal(l=2) ave= 2.079E-01 +/- 0.00 % Gtotal(l=3) ave= 0.000E+00 +/- 0.00 %  % || Gg(l=0) ave= 1.977E-01 +/- 11.06 % Gg(l=1) ave= 2.159E-01 +/- 1.89 % Gg(l=2) ave= 2.071E-01 +/- 0.37 % Gg(l=3) ave= 0.000E+00 +/- 0.00 %  % || D(l=0) ave= 1.296E+01 +/- 0.00 % D(l=1) ave= 7.776E+00 +/- 0.00 % D(l=2) ave= 1.794E+01 +/- 0.00 % D(l=3) ave= 0.000E+00 +/- 0.00 %  % || S(l=0) ave= 6.905E-05 +/- 0.12 % S(l=1) ave= 5.653E-04 +/- 6.53 % S(l=2) ave= 2.422E-05 +/- 13.08 % S(l=3) ave= 0.000E+00 +/- 0.00 % 
 ... random file  2 Cap(th)  ave= 1.873E+01 b. +/- 2.91 % || Ela(th) ave= 3.275E+00 b. +/- 9.15 % || RIcap ave= 3.45E+02 b. +/- 0.45 % || Macs30 ave= 1.71E+01 b. +/- 1.10 % || Gn^0(l=0) ave= 1.747E-03 +/- 0.35 % Gn^0(l=1) ave= 2.440E-02 +/- 7.96 % Gn^0(l=2) ave= 3.264E-03 +/- 16.06 % Gn^0(l=3) ave= 0.000E+00 +/- 0.00 % || Gtotal(l=0) ave= 2.315E-01 +/- 0.00 % Gtotal(l=1) ave= 2.200E-01 +/- 0.00 % Gtotal(l=2) ave= 2.079E-01 +/- 0.00 % Gtotal(l=3) ave= 0.000E+00 +/- 0.00 %  % || Gg(l=0) ave= 2.004E-01 +/- 9.11 % Gg(l=1) ave= 2.216E-01 +/- 3.98 % Gg(l=2) ave= 2.165E-01 +/- 6.10 % Gg(l=3) ave= 0.000E+00 +/- 0.00 %  % || D(l=0) ave= 1.296E+01 +/- 0.00 % D(l=1) ave= 7.776E+00 +/- 0.00 % D(l=2) ave= 1.794E+01 +/- 0.00 % D(l=3) ave= 0.000E+00 +/- 0.00 %  % || S(l=0) ave= 6.919E-05 +/- 0.30 % S(l=1) ave= 5.434E-04 +/- 7.94 % S(l=2) ave= 2.244E-05 +/- 16.06 % S(l=3) ave= 0.000E+00 +/- 0.00 % 
 ... random file  3 Cap(th)  ave= 1.874E+01 b. +/- 2.52 % || Ela(th) ave= 3.426E+00 b. +/- 10.78 % || RIcap ave= 3.45E+02 b. +/- 0.39 % || Macs30 ave= 1.72E+01 b. +/- 1.05 % || Gn^0(l=0) ave= 1.767E-03 +/- 1.96 % Gn^0(l=1) ave= 2.357E-02 +/- 9.41 % Gn^0(l=2) ave= 3.052E-03 +/- 19.12 % Gn^0(l=3) ave= 0.000E+00 +/- 0.00 % || Gtotal(l=0) ave= 2.315E-01 +/- 0.00 % Gtotal(l=1) ave= 2.200E-01 +/- 0.00 % Gtotal(l=2) ave= 2.079E-01 +/- 0.00 % Gtotal(l=3) ave= 0.000E+00 +/- 0.00 %  % || Gg(l=0) ave= 2.143E-01 +/- 13.41 % Gg(l=1) ave= 2.242E-01 +/- 3.94 % Gg(l=2) ave= 2.110E-01 +/- 7.06 % Gg(l=3) ave= 0.000E+00 +/- 0.00 %  % || D(l=0) ave= 1.315E+01 +/- 2.51 % D(l=1) ave= 7.776E+00 +/- 0.00 % D(l=2) ave= 1.794E+01 +/- 0.00 % D(l=3) ave= 0.000E+00 +/- 0.00 %  % || S(l=0) ave= 6.904E-05 +/- 0.46 % S(l=1) ave= 5.249E-04 +/- 9.39 % S(l=2) ave= 2.099E-05 +/- 19.12 % S(l=3) ave= 0.000E+00 +/- 0.00 % 
 ... random file  4 Cap(th)  ave= 1.942E+01 b. +/- 7.39 % || Ela(th) ave= 3.411E+00 b. +/- 9.73 % || RIcap ave= 3.48E+02 b. +/- 1.44 % || Macs30 ave= 1.72E+01 b. +/- 1.18 % || Gn^0(l=0) ave= 1.762E-03 +/- 1.82 % Gn^0(l=1) ave= 2.362E-02 +/- 8.41 % Gn^0(l=2) ave= 3.058E-03 +/- 17.07 % Gn^0(l=3) ave= 0.000E+00 +/- 0.00 % || Gtotal(l=0) ave= 2.315E-01 +/- 0.00 % Gtotal(l=1) ave= 2.200E-01 +/- 0.00 % Gtotal(l=2) ave= 2.079E-01 +/- 0.00 % Gtotal(l=3) ave= 0.000E+00 +/- 0.00 %  % || Gg(l=0) ave= 2.135E-01 +/- 12.06 % Gg(l=1) ave= 2.218E-01 +/- 4.18 % Gg(l=2) ave= 2.129E-01 +/- 6.51 % Gg(l=3) ave= 0.000E+00 +/- 0.00 %  % || D(l=0) ave= 1.311E+01 +/- 2.33 % D(l=1) ave= 7.776E+00 +/- 0.00 % D(l=2) ave= 1.794E+01 +/- 0.00 % D(l=3) ave= 0.000E+00 +/- 0.00 %  % || S(l=0) ave= 6.905E-05 +/- 0.41 % S(l=1) ave= 5.260E-04 +/- 8.40 % S(l=2) ave= 2.103E-05 +/- 17.07 % S(l=3) ave= 0.000E+00 +/- 0.00 % 
 ... random file  5 Cap(th)  ave= 2.000E+01 b. +/- 9.22 % || Ela(th) ave= 3.399E+00 b. +/- 8.95 % || RIcap ave= 3.50E+02 b. +/- 1.81 % || Macs30 ave= 1.73E+01 b. +/- 1.22 % || Gn^0(l=0) ave= 1.759E-03 +/- 1.72 % Gn^0(l=1) ave= 2.367E-02 +/- 7.67 % Gn^0(l=2) ave= 3.066E-03 +/- 15.55 % Gn^0(l=3) ave= 0.000E+00 +/- 0.00 % || Gtotal(l=0) ave= 2.315E-01 +/- 0.00 % Gtotal(l=1) ave= 2.200E-01 +/- 0.00 % Gtotal(l=2) ave= 2.079E-01 +/- 0.00 % Gtotal(l=3) ave= 0.000E+00 +/- 0.00 %  % || Gg(l=0) ave= 2.167E-01 +/- 11.34 % Gg(l=1) ave= 2.185E-01 +/- 5.09 % Gg(l=2) ave= 2.063E-01 +/- 9.43 % Gg(l=3) ave= 0.000E+00 +/- 0.00 %  % || D(l=0) ave= 1.309E+01 +/- 2.17 % D(l=1) ave= 7.776E+00 +/- 0.00 % D(l=2) ave= 1.794E+01 +/- 0.00 % D(l=3) ave= 0.000E+00 +/- 0.00 %  % || S(l=0) ave= 6.905E-05 +/- 0.37 % S(l=1) ave= 5.271E-04 +/- 7.66 % S(l=2) ave= 2.109E-05 +/- 15.55 % S(l=3) ave= 0.000E+00 +/- 0.00 % 
 ... random file  6 Cap(th)  ave= 2.121E+01 b. +/- 16.05 % || Ela(th) ave= 3.345E+00 b. +/- 9.31 % || RIcap ave= 3.52E+02 b. +/- 2.53 % || Macs30 ave= 1.73E+01 b. +/- 1.19 % || Gn^0(l=0) ave= 1.771E-03 +/- 2.30 % Gn^0(l=1) ave= 2.399E-02 +/- 7.73 % Gn^0(l=2) ave= 3.148E-03 +/- 15.41 % Gn^0(l=3) ave= 0.000E+00 +/- 0.00 % || Gtotal(l=0) ave= 2.315E-01 +/- 0.01 % Gtotal(l=1) ave= 2.200E-01 +/- 0.00 % Gtotal(l=2) ave= 2.079E-01 +/- 0.00 % Gtotal(l=3) ave= 0.000E+00 +/- 0.00 %  % || Gg(l=0) ave= 2.154E-01 +/- 10.66 % Gg(l=1) ave= 2.163E-01 +/- 5.37 % Gg(l=2) ave= 2.016E-01 +/- 10.59 % Gg(l=3) ave= 0.000E+00 +/- 0.00 %  % || D(l=0) ave= 1.318E+01 +/- 2.61 % D(l=1) ave= 7.776E+00 +/- 0.00 % D(l=2) ave= 1.794E+01 +/- 0.00 % D(l=3) ave= 0.000E+00 +/- 0.00 %  % || S(l=0) ave= 6.907E-05 +/- 0.35 % S(l=1) ave= 5.342E-04 +/- 7.71 % S(l=2) ave= 2.165E-05 +/- 15.41 % S(l=3) ave= 0.000E+00 +/- 0.00 % 
 ... random file  7 Cap(th)  ave= 2.132E+01 b. +/- 15.00 % || Ela(th) ave= 3.291E+00 b. +/- 9.84 % || RIcap ave= 3.53E+02 b. +/- 2.41 % || Macs30 ave= 1.73E+01 b. +/- 1.11 % || Gn^0(l=0) ave= 1.768E-03 +/- 2.20 % Gn^0(l=1) ave= 2.432E-02 +/- 8.01 % Gn^0(l=2) ave= 3.240E-03 +/- 15.87 % Gn^0(l=3) ave= 0.000E+00 +/- 0.00 % || Gtotal(l=0) ave= 2.315E-01 +/- 0.00 % Gtotal(l=1) ave= 2.200E-01 +/- 0.00 % Gtotal(l=2) ave= 2.079E-01 +/- 0.00 % Gtotal(l=3) ave= 0.000E+00 +/- 0.00 %  % || Gg(l=0) ave= 2.137E-01 +/- 10.25 % Gg(l=1) ave= 2.187E-01 +/- 5.75 % Gg(l=2) ave= 2.074E-01 +/- 12.15 % Gg(l=3) ave= 0.000E+00 +/- 0.00 %  % || D(l=0) ave= 1.315E+01 +/- 2.51 % D(l=1) ave= 7.776E+00 +/- 0.00 % D(l=2) ave= 1.794E+01 +/- 0.00 % D(l=3) ave= 0.000E+00 +/- 0.00 %  % || S(l=0) ave= 6.908E-05 +/- 0.33 % S(l=1) ave= 5.416E-04 +/- 7.99 % S(l=2) ave= 2.228E-05 +/- 15.87 % S(l=3) ave= 0.000E+00 +/- 0.00 % 
 ... random file  8 Cap(th)  ave= 2.075E+01 b. +/- 16.44 % || Ela(th) ave= 3.287E+00 b. +/- 9.30 % || RIcap ave= 3.50E+02 b. +/- 3.17 % || Macs30 ave= 1.72E+01 b. +/- 1.41 % || Gn^0(l=0) ave= 1.765E-03 +/- 2.12 % Gn^0(l=1) ave= 2.432E-02 +/- 7.55 % Gn^0(l=2) ave= 3.239E-03 +/- 14.97 % Gn^0(l=3) ave= 0.000E+00 +/- 0.00 % || Gtotal(l=0) ave= 2.315E-01 +/- 0.00 % Gtotal(l=1) ave= 2.200E-01 +/- 0.00 % Gtotal(l=2) ave= 2.079E-01 +/- 0.00 % Gtotal(l=3) ave= 0.000E+00 +/- 0.00 %  % || Gg(l=0) ave= 2.129E-01 +/- 9.78 % Gg(l=1) ave= 2.193E-01 +/- 5.45 % Gg(l=2) ave= 2.078E-01 +/- 11.44 % Gg(l=3) ave= 0.000E+00 +/- 0.00 %  % || D(l=0) ave= 1.313E+01 +/- 2.41 % D(l=1) ave= 7.776E+00 +/- 0.00 % D(l=2) ave= 1.794E+01 +/- 0.00 % D(l=3) ave= 0.000E+00 +/- 0.00 %  % || S(l=0) ave= 6.908E-05 +/- 0.31 % S(l=1) ave= 5.414E-04 +/- 7.54 % S(l=2) ave= 2.227E-05 +/- 14.97 % S(l=3) ave= 0.000E+00 +/- 0.00 % 
 ... random file  9 Cap(th)  ave= 2.080E+01 b. +/- 15.57 % || Ela(th) ave= 3.255E+00 b. +/- 9.37 % || RIcap ave= 3.47E+02 b. +/- 4.11 % || Macs30 ave= 1.72E+01 b. +/- 1.94 % || Gn^0(l=0) ave= 1.771E-03 +/- 2.25 % Gn^0(l=1) ave= 2.451E-02 +/- 7.49 % Gn^0(l=2) ave= 3.292E-03 +/- 14.79 % Gn^0(l=3) ave= 0.000E+00 +/- 0.00 % || Gtotal(l=0) ave= 2.315E-01 +/- 0.01 % Gtotal(l=1) ave= 2.200E-01 +/- 0.00 % Gtotal(l=2) ave= 2.079E-01 +/- 0.00 % Gtotal(l=3) ave= 0.000E+00 +/- 0.00 %  % || Gg(l=0) ave= 2.135E-01 +/- 9.29 % Gg(l=1) ave= 2.181E-01 +/- 5.45 % Gg(l=2) ave= 2.111E-01 +/- 11.67 % Gg(l=3) ave= 0.000E+00 +/- 0.00 %  % || D(l=0) ave= 1.319E+01 +/- 2.65 % D(l=1) ave= 7.776E+00 +/- 0.00 % D(l=2) ave= 1.794E+01 +/- 0.00 % D(l=3) ave= 0.000E+00 +/- 0.00 %  % || S(l=0) ave= 6.903E-05 +/- 0.36 % S(l=1) ave= 5.459E-04 +/- 7.50 % S(l=2) ave= 2.264E-05 +/- 14.79 % S(l=3) ave= 0.000E+00 +/- 0.00 % 
 ... random file  10 Cap(th)  ave= 2.125E+01 b. +/- 16.01 % || Ela(th) ave= 3.256E+00 b. +/- 8.93 % || RIcap ave= 3.49E+02 b. +/- 4.16 % || Macs30 ave= 1.72E+01 b. +/- 1.90 % || Gn^0(l=0) ave= 1.777E-03 +/- 2.39 % Gn^0(l=1) ave= 2.449E-02 +/- 7.16 % Gn^0(l=2) ave= 3.285E-03 +/- 14.15 % Gn^0(l=3) ave= 0.000E+00 +/- 0.00 % || Gtotal(l=0) ave= 2.315E-01 +/- 0.01 % Gtotal(l=1) ave= 2.200E-01 +/- 0.00 % Gtotal(l=2) ave= 2.079E-01 +/- 0.00 % Gtotal(l=3) ave= 0.000E+00 +/- 0.00 %  % || Gg(l=0) ave= 2.144E-01 +/- 8.93 % Gg(l=1) ave= 2.186E-01 +/- 5.23 % Gg(l=2) ave= 2.109E-01 +/- 11.14 % Gg(l=3) ave= 0.000E+00 +/- 0.00 %  % || D(l=0) ave= 1.324E+01 +/- 2.77 % D(l=1) ave= 7.776E+00 +/- 0.00 % D(l=2) ave= 1.794E+01 +/- 0.00 % D(l=3) ave= 0.000E+00 +/- 0.00 %  % || S(l=0) ave= 6.902E-05 +/- 0.35 % S(l=1) ave= 5.454E-04 +/- 7.16 % S(l=2) ave= 2.259E-05 +/- 14.15 % S(l=3) ave= 0.000E+00 +/- 0.00 % 
 ... Histogram plot for thermal (n,g)
 ... Write covariances  ... MT1  ... plot correlations
 ... MT2  ... MT102 


 ================================================
 ============== From 10 random values === start ======
 Thermal (n,tot) xs  0 K =  24.5093 b. +/- 3.33301 b. ( 13.599 %) skew= +0.58 +/- 0.66
 Thermal (n,el) xs   0 K =  3.25595 b. +/- 0.290862 b. ( 8.93324 %) skew= +0.55 +/- 0.66
 Thermal (n,g) xs    0 K =  21.2533 b. +/- 3.40165 b. ( 16.0052 %) skew= +0.62 +/- 0.66
 RI      (n,g)       0 K =  348.632 b. +/- 14.5066 b. ( 4.16102 %) 
 MACS    (n,g)       0 K (at Emacs= 30000 eV) =  17.1819 b. +/- 0.325998 b. ( 1.89733 %) 
 Ave. Gtotal  L=0        =  2.315E-01 +/- 0.01 %
 Ave. Gn^(0)  L=0        =  1.777E-03 +/- 2.39 %
 Ave. Gg      L=0        =  2.144E-01 +/- 8.93 %
 Ave. D       L=0        =  1.324E+01 +/- 2.77 %
 Ave. S       L=0        =  6.902E-05 +/- 0.35 %
 Ave. Gtotal  L=1        =  2.200E-01 +/- 0.00 %
 Ave. Gn^(1)  L=1        =  2.449E-02 +/- 7.16 %
 Ave. Gg      L=1        =  2.186E-01 +/- 5.23 %
 Ave. D       L=1        =  7.776E+00 +/- 0.00 %
 Ave. S       L=1        =  5.454E-04 +/- 7.16 %
 Ave. Gtotal  L=2        =  2.079E-01 +/- 0.00 %
 Ave. Gn^(2)  L=2        =  3.285E-03 +/- 14.15 %
 Ave. Gg      L=2        =  2.109E-01 +/- 11.14 %
 Ave. D       L=2        =  1.794E+01 +/- 0.00 %
 Ave. S       L=2        =  2.259E-05 +/- 14.15 %

 Expected Thermal (n,g) (syst or meas)= 22.41 b. +/- 11.205 b. nominal: 19.2437 b.
 ratio Calculated/expected thermal (n,g): 0.95 ratio DCalculated/Dexpected: 0.30 ratio Calculated/Nominal: 1.10
 ============== From 10 random values ===== stop ======
 ================================================
 ... Calculation of (n,a) and (n,p) cross sections at 300 K
 ... thermal (n,a) cross section is 0.000237715 +/- 0.000118858 b.
 ... thermal (n,a) cross section is 0.000437573 b. (random case 1)
 ... thermal (n,a) cross section is 0.000637573 b. (random case 2)
 ... thermal (n,a) cross section is 0.000837573 b. (random case 3)
 ... thermal (n,a) cross section is 0.00103757 b. (random case 4)
 ... thermal (n,a) cross section is 0.00123757 b. (random case 5)
 ... thermal (n,a) cross section is 0.00143757 b. (random case 6)
 ... thermal (n,a) cross section is 0.00163757 b. (random case 7)
 ... thermal (n,a) cross section is 0.00183757 b. (random case 8)
 ... thermal (n,a) cross section is 0.00203757 b. (random case 9)
 ... thermal (n,a) cross section is 0.00223757 b. (random case 10)
 ... thermal (n,p) cross section is 0.000237715 +/- 0.000118858 b.
 ... thermal (n,p) cross section is 0.000437573 b. (random case 1)
 ... thermal (n,p) cross section is 0.000637573 b. (random case 2)
 ... thermal (n,p) cross section is 0.000837573 b. (random case 3)
 ... thermal (n,p) cross section is 0.00103757 b. (random case 4)
 ... thermal (n,p) cross section is 0.00123757 b. (random case 5)
 ... thermal (n,p) cross section is 0.00143757 b. (random case 6)
 ... thermal (n,p) cross section is 0.00163757 b. (random case 7)
 ... thermal (n,p) cross section is 0.00183757 b. (random case 8)
 ... thermal (n,p) cross section is 0.00203757 b. (random case 9)
 ... thermal (n,p) cross section is 0.00223757 b. (random case 10)
 ... Rewrite index for MF2
 ... Write text for MF1 in file mf1.tares.txt
 ... plotting cross sections for the MF1
 ... order output files


================== summary ==================
 Thermal (n,tot) xs = 22.6178 b. 
 Thermal (n,el)  xs = 3.36962 b. 
 Thermal (n,g)   xs = 19.2437 b. (meas/sys: 22.41 b.)
 At 300 K (thermal adjustment): (n,el) = 3.38631 b., (n,g) = 19.2545 b.

 RI      (n,g)      = 371.072 b. (meas or sys: - b.)
 RI      (n,el)     = 84.3701 b.
=============================================


 ... cleaning
                                                 
  -------------------------------------------------------------
  -                                                           -
  - TARES: successful end of run with data from hypothetical  -
  - resonances for  Z= 47, A= 103 and isomer= 0               -
  - half-life: 1.095000 hours
  -                                                           -
  -------------------------------------------------------------

   Running time:       13 seconds

 End time: Wed Oct  7 10:00:28 2026

