
  -------------------------------------------------------------
  -                                                           -
  -              Welcome to TARES version 1.8                 -
  -                                                           -
  -  (C) Copyright 2007-2025 D. Rochman, All Rights Reserved  -
  -           NRG, Petten, the Netherlands 2007-2014          -
  -           PSI, Villigen    Switzerland 2015-2025          -
  -         Nagra, Wettingen   Switzerland 2025-              -
  -           (Last Modified October 06, 2026)                -
  -           (Database from October 06, 2026)                -
  -                                                           -
  -------------------------------------------------------------


  ---------------------------------------------
   Compilation information:
   Compiled on:         Oct  8 2026, 18:36:06
   Compiled by:         koning
   Compiler version:    clang++ - 21.0.0
   Source location:     /Users/koning/tares-1.8/source/Module/
   Binaries location:   /Users/koning/bin
   System:              Darwin 25.6.0
   System version:      Darwin Kernel Version 25.6.0: Fri Jul 31 19:19:08 PDT 2026; root:xnu-12377.161.14~5/RELEASE_ARM64_T6050  
   Machine:             arm64 
  ---------------------------------------------

   User information:
   User name:           koning
   Running directory:   /Users/koning/tendl/resbase/Se072/work
   Owner mode for running directory : rwx
   Group mode for running directory : r-x
  ---------------------------------------------


 Starting time: Fri Oct  9 11:39:26 2026
 ... inputs directory found (/Users/koning/tares-1.8/source/Module//../../inputs/).
 ... It will be used for resonance parameters 
 ... ###############################################
 ... #     read the input file tares.inp
 ... ###############################################
 ... line: #
 ... line: # Input file generated by Autorochman
          --> line not read
 ... line: #
 ... line: isotope    Se
          --> Isotope name: Se
 ... line: mass       72
          --> isotopic mass: 72
 ... line: output     n-Se072
         ---> Name of the output files: n-Se072
 ... line: isomer     0
          --> isomeric state: 0
 ... line: mf32mf33   y
          --> MF33 based on MF32: y
 ... line: nbrRandom  10
          --> Nbr of random files: 10
 ... ###############################################
 ... # end read the input file tares.inp
 ... ###############################################
Value for random generator type not considered in since Tares 1.7 due to compilation issues

 ... ###############################################
     #   Interpretation of the Input definition    #
     ###############################################

 ... Default energy limit: End of resonance region
 ... Nuclear charge    = 34
 ... Element           = Se
 ... Mass              = 72
 ... Isomer            = 0
 ... Correlation for (Gn,Gg) not included in random files
 ... Default random option: No random
 ... Output name: n-Se072
 ... Energy for the MACS: 30000 eV
 ... Resonances from CALENDF reduced (reduce=y) 
 ... For URR, level density model from TALYS selected: 91n3n12611.2850 (see manual for description)
 ... Random Generator: default (pseudo random numbers from ansi c++)
 ... Reconstruction of cross section selected
 ... Doppler broadening at 0 Kelvin
 ... Default formalism: Multi Level Breit Wigner (from file best.tendl.yes)
 ... URR not included (from the input file flag)
 ... Weight for grouping is flat
 ... Calculation of (n,alpha) cross section selected
 ... Number of digit for MF32c covariance representation: 2
 ... MF32 included
 ... MF33 will be used for covariance processing
 ... TENDL option set to yes (automatic choice of MF2 and format)
 ... default option: Multi level Breit Wigner approximation selected
 ... (check file best.tendl.yes for changing this option)
 ... Retroactive option set to no with the 2025 option
 ... ladder option set to no (CALENDF will not be used for statistical resonances)

 ... ###############################################
     #           End of Input definition           #
     ###############################################

 ... gnuplot found, will be used for plotting
 ... latex found, will be used for plotting
 ... dvips found, will be used for plotting
 ... ps2epsi not found, limited plotting available
 ... uncertainties on default parameters multiplied by 1.01007
 ... Read resonance data from the 2025 directory
 ... Resonance parameters taken from /Users/koning/tares-1.8/source/Module//../../inputs/2025/Resonance/default/
 ---> Processing Z= 34 and A= 72 and isomer= 0 (level number: 0)
 Exfor path; Could not find /Users/koning/tares-1.8/source/Module//../../inputs/exfor/Se072/xs/102
Thermal file; Could not open file /Users/koning/tares-1.8/source/Module//../../inputs/2025/runThermal/results//thermal.mxw.ng.cendl3.1
Thermal file; Could not open file /Users/koning/tares-1.8/source/Module//../../inputs/2025/runThermal/results//thermal.mxw.ng.brond3.1
Thermal file; Could not open file /Users/koning/tares-1.8/source/Module//../../inputs/2025/runThermal/results//thermal.xs.ng.unc.cendl3.1
 ... spin taken from the final/ directory (1)
 ... The spin found in level file ( 0 ) and the one in the urr file ( 5.5 ) differ

 ... ###############################################
 ... #  Nucleus global parameters (2025 database)  #
 ... ###############################################
 0. Half-life: 8.40046 days 
 ... Scattering radius from TALYS: /Users/koning/tares-1.8/source/Module//../../inputs/2025/lib.urr/talys.urr/
 1. Spin of the target isotope: 0
 2. Relative Atomic Mass of the target isotope: 71.9271
 3. Scattering radius (local compilation): 5.53673 fm +/- 0.0996611 fm
      .......................................
      ... Thermal capture cross sections: ...
 4. Thermal (n,g) cross section from systematics (TALYS, urr.dat): 9.47017 +/- 2.36754 b.
 5. Thermal (n,g) cross section from compilation (Firestone-2022 average on element Se): 11.82 +/- 0.14 b.
 6. Thermal (n,g) cross section from compilation (Firestone-2022 final on element Se): 11.83 +/- 0.14 b.
 7. Thermal (n,g) cross section from EAF-2010: 7.286 b.
 8. Thermal (n,g) cross section from TENDL-2023: 9.453 +/- 3.635 b.
 9. Thermal (n,g) cross section from JENDL-5.0: 0.6618 b.
      .......................................
      ...  Thermal total cross sections:  ...
      .......................................
      ... Thermal elastic cross sections: ...
 10. Thermal (n,el) cross section from JENDL-5.0: 4.431 b.
 11. Thermal (n,el) cross section from potential (4piR^2): 6.95834 +/- 0.347917 b.
      .......................................
             ... Resonance integral: ...
 12. No capture integral found in /Users/koning/tares-1.8/source/Module//../../inputs/capture.integral
 ... no RI(n,g) found in local compilation, take 2018 value.
 ... no RI(n,g) found in local compilation, take Sukhoruchkin value.
   ---- MACS 30 keV ----- 
 13. TALYS MACS 30 keV (HF): 0.286731 b. 
   ---------- S0 -------- 
 14. S0 from TALYS: 1.21505
   ---------- S1 -------- 
 15. S1 from TALYS: 1.26458
   ---------- S2 -------- 
 16. S2 from TALYS: 2.06142
   ---------- D0 -------- 
 17. D0 from TALYS: 373.801 eV
   ---------- D1 -------- 
 18. D1 from TALYS: 132.219 eV
   ---------- D2 -------- 
 19. D2 from TALYS: 89.3284 eV
   ---------- G0 -------- 
 20. Gg0 from TALYS: 0.344921 eV
   ---------- G1 -------- 
 21. Gg1 from TALYS: 0.293282 eV
   ---------- G2 -------- 
 22. Gg2 from TALYS: 0.319539 eV


   ---------------------- 
 ... Read resonance parameters (format: 2: Multi Level Breit Wigner)
 ... 100 resonances found 
 --> 23. Number of resonances from the input file: 100 up to 7495.16 eV
 24. Read nuclear quantities (mass, MAT...)
 25. Read thermal (n,g) xs 
 26. Read the scattering radius 
 27. Read uncertainty on Gg for 100 resonances
 28. Read uncertainty on Gg for 100 resonances ... done
 ... order resonances 
 ... Upper limit for the RRR: 7000 eV (no statistical resonances HFR) from the limit.RRR file
 ... Write parameters for l=0 waves
 ... Write parameters for l=1 waves
 ... Write parameters for l=2 waves
 ... End writing original MF2 
 ... Enter in to_MLBW_mf2 function
 ... Convert to Multi Level Breit Wigner (MLBW)
 ... Gn-Gg correlations: calculated capture kernel used for 100 evaluated resonances (no measured kernel)
 ... Write parameter covariances (MF32) for l=0
 Write parameter covariances (MF32) for l=1
 Write parameter covariances (MF32) for l=2
 ... MF32: 45 energy correlation lines (time of flight) for the first 10 evaluated resonances
 ... Convert parameter covariances (MF32) to MLBW
 ... copy the mf2 and mf32 to .mlbw files
 ... Ladder option set to no --> no use of calendf_xs
 ... no thermal/RI adjustment (ladder option set to no): no GLS calculation of parameter correlations
 ... copy the mf2 and mf32 to .mlbw files

 ... Start of final reconstruction and testing ...
 ... Reconstruction of cross sections at 0 Kelvin  ... Import MF2 from TARES calculations
 ... End energy of TARES MF2 : 7.000000E+3 eV and limit to 40000 resonances
 ... File used for reconstruction: n-Se072.reconst
 ... run RECENT ...
 ... Doppler broadened at a unique temperature: 0 Kelvin using sigma1
 ... The keyword temperature is zero, no Doppler broadening for the MACS

 ============== INTER values at 0 Kelvin ==============
 Thermal (n,g) xs =  9.44759 b. (meas/sys: 9.47017 b.) (warning: comparison to be done at 296 or 300 K)
 Th Maxw (n,g) xs =  9.465 b. (thermal Maxwellian value)
 Westcott factor  =  1.00184
 RI      (n,g)    =  34.1296 b. (meas or sys: - b.)
 MACS 3.000e+04 eV=  0.31691 b. (meas or sys: - b.) from 1.00E+00 to 2.00E+07 eV (end of RRR) at T= 0 Kelvin 
 Thermal (n,el) xs=  3.39639 b.
 RI      (n,el)   =  117.211 b.
 ============= PSYCHE values ==============
 Ave. G_total L0  =  3.33209 eV
 Ave. G_total L1  =  0.556458 eV
 Ave. G_total L2  =  0.39436 eV
 Ave. Gn_0    L0  =  0.0530201
 Ave. Gn_0    L1  =  0.406874
 Ave. Gn_0    L2  =  0.777038
 Ave. Gg      L0  =  0.861927 eV
 Ave. Gg      L1  =  0.390262 eV
 Ave. Gg      L2  =  0.394029 eV
 Ave. D       L0  =  437.5 eV
 Ave. D       L1  =  200 eV
 Ave. D       L2  =  291.667 eV
 Ave. S       L0  =  0.000128763 eV
 Ave. S       L1  =  0.00111724 eV
 Ave. S       L2  =  0.00121209 eV
 =========================================
 ... End of final reconstruction and testing ...

 ... grouping is not optimum, change to 70 groups
 ... Produce MF33 based on MF32 and 10 random files
 ... MF3 of n-Se072.reconst (3 sections) added to the files for ENDSAM
 ... run endsam for 10 in groups of 1 global run
 ... run endsam from 1 to 10
 ... random files: total width GT set to Gn+Gg+Gf (1000 resonances in 10 files)
 ... preparing the vectors  ... done
 ... nominal file 0 Cap(th)  ave= 9.448E+00 b. +/- 0.00 % || Ela(th) ave= 3.396E+00 b. +/- 0.00 % || RIcap ave= 3.41E+01 b. +/- 0.00 % || Macs30 ave= 3.17E-01 b. +/- 0.00 % || Gn^0(l=0) ave= 5.302E-02 +/- 0.00 % Gn^0(l=1) ave= 4.069E-01 +/- 0.00 % Gn^0(l=2) ave= 7.770E-01 +/- 0.00 % Gn^0(l=3) ave= 0.000E+00 +/- 0.00 % || Gtotal(l=0) ave= 3.332E+00 +/- 0.00 % Gtotal(l=1) ave= 5.565E-01 +/- 0.00 % Gtotal(l=2) ave= 3.944E-01 +/- 0.00 % Gtotal(l=3) ave= 0.000E+00 +/- 0.00 %  % || Gg(l=0) ave= 8.619E-01 +/- 0.00 % Gg(l=1) ave= 3.903E-01 +/- 0.00 % Gg(l=2) ave= 3.940E-01 +/- 0.00 % Gg(l=3) ave= 0.000E+00 +/- 0.00 %  % || D(l=0) ave= 4.375E+02 +/- 0.00 % D(l=1) ave= 2.000E+02 +/- 0.00 % D(l=2) ave= 2.917E+02 +/- 0.00 % D(l=3) ave= 0.000E+00 +/- 0.00 %  % || S(l=0) ave= 1.288E-04 +/- 0.00 % S(l=1) ave= 1.117E-03 +/- 0.00 % S(l=2) ave= 1.212E-03 +/- 0.00 % S(l=3) ave= 0.000E+00 +/- 0.00 % 
 ... random file  1 Cap(th)  ave= 9.431E+00 b. +/- 0.18 % || Ela(th) ave= 3.348E+00 b. +/- 1.43 % || RIcap ave= 3.40E+01 b. +/- 0.35 % || Macs30 ave= 3.17E-01 b. +/- 0.04 % || Gn^0(l=0) ave= 5.293E-02 +/- 0.17 % Gn^0(l=1) ave= 4.128E-01 +/- 1.44 % Gn^0(l=2) ave= 8.015E-01 +/- 3.06 % Gn^0(l=3) ave= 0.000E+00 +/- 0.00 % || Gtotal(l=0) ave= 3.328E+00 +/- 0.13 % Gtotal(l=1) ave= 5.558E-01 +/- 0.12 % Gtotal(l=2) ave= 3.890E-01 +/- 1.37 % Gtotal(l=3) ave= 0.000E+00 +/- 0.00 %  % || Gg(l=0) ave= 8.606E-01 +/- 0.16 % Gg(l=1) ave= 3.898E-01 +/- 0.13 % Gg(l=2) ave= 3.887E-01 +/- 1.37 % Gg(l=3) ave= 0.000E+00 +/- 0.00 %  % || D(l=0) ave= 4.375E+02 +/- 0.00 % D(l=1) ave= 2.000E+02 +/- 0.00 % D(l=2) ave= 2.917E+02 +/- 0.00 % D(l=3) ave= 0.000E+00 +/- 0.00 %  % || S(l=0) ave= 1.285E-04 +/- 0.17 % S(l=1) ave= 1.133E-03 +/- 1.42 % S(l=2) ave= 1.250E-03 +/- 3.05 % S(l=3) ave= 0.000E+00 +/- 0.00 % 
 ... random file  2 Cap(th)  ave= 9.383E+00 b. +/- 0.74 % || Ela(th) ave= 3.586E+00 b. +/- 9.42 % || RIcap ave= 3.38E+01 b. +/- 0.87 % || Macs30 ave= 3.17E-01 b. +/- 0.08 % || Gn^0(l=0) ave= 5.300E-02 +/- 0.22 % Gn^0(l=1) ave= 3.900E-01 +/- 8.35 % Gn^0(l=2) ave= 7.189E-01 +/- 16.48 % Gn^0(l=3) ave= 0.000E+00 +/- 0.00 % || Gtotal(l=0) ave= 3.327E+00 +/- 0.11 % Gtotal(l=1) ave= 5.540E-01 +/- 0.47 % Gtotal(l=2) ave= 3.932E-01 +/- 1.87 % Gtotal(l=3) ave= 0.000E+00 +/- 0.00 %  % || Gg(l=0) ave= 8.574E-01 +/- 0.54 % Gg(l=1) ave= 3.877E-01 +/- 0.75 % Gg(l=2) ave= 3.929E-01 +/- 1.87 % Gg(l=3) ave= 0.000E+00 +/- 0.00 %  % || D(l=0) ave= 4.375E+02 +/- 0.00 % D(l=1) ave= 2.000E+02 +/- 0.00 % D(l=2) ave= 2.917E+02 +/- 0.00 % D(l=3) ave= 0.000E+00 +/- 0.00 %  % || S(l=0) ave= 1.287E-04 +/- 0.22 % S(l=1) ave= 1.071E-03 +/- 8.38 % S(l=2) ave= 1.121E-03 +/- 16.49 % S(l=3) ave= 0.000E+00 +/- 0.00 % 
 ... random file  3 Cap(th)  ave= 9.393E+00 b. +/- 0.67 % || Ela(th) ave= 3.546E+00 b. +/- 8.47 % || RIcap ave= 3.38E+01 b. +/- 0.77 % || Macs30 ave= 3.17E-01 b. +/- 0.08 % || Gn^0(l=0) ave= 5.303E-02 +/- 0.23 % Gn^0(l=1) ave= 3.932E-01 +/- 7.30 % Gn^0(l=2) ave= 7.290E-01 +/- 14.28 % Gn^0(l=3) ave= 0.000E+00 +/- 0.00 % || Gtotal(l=0) ave= 3.327E+00 +/- 0.10 % Gtotal(l=1) ave= 5.552E-01 +/- 0.54 % Gtotal(l=2) ave= 3.944E-01 +/- 1.69 % Gtotal(l=3) ave= 0.000E+00 +/- 0.00 %  % || Gg(l=0) ave= 8.569E-01 +/- 0.48 % Gg(l=1) ave= 3.889E-01 +/- 0.84 % Gg(l=2) ave= 3.941E-01 +/- 1.69 % Gg(l=3) ave= 0.000E+00 +/- 0.00 %  % || D(l=0) ave= 4.375E+02 +/- 0.00 % D(l=1) ave= 2.000E+02 +/- 0.00 % D(l=2) ave= 2.917E+02 +/- 0.00 % D(l=3) ave= 0.000E+00 +/- 0.00 %  % || S(l=0) ave= 1.288E-04 +/- 0.23 % S(l=1) ave= 1.079E-03 +/- 7.33 % S(l=2) ave= 1.137E-03 +/- 14.28 % S(l=3) ave= 0.000E+00 +/- 0.00 % 
 ... random file  4 Cap(th)  ave= 9.404E+00 b. +/- 0.64 % || Ela(th) ave= 3.428E+00 b. +/- 10.41 % || RIcap ave= 3.39E+01 b. +/- 0.74 % || Macs30 ave= 3.17E-01 b. +/- 0.10 % || Gn^0(l=0) ave= 5.304E-02 +/- 0.21 % Gn^0(l=1) ave= 4.072E-01 +/- 9.33 % Gn^0(l=2) ave= 7.840E-01 +/- 18.38 % Gn^0(l=3) ave= 0.000E+00 +/- 0.00 % || Gtotal(l=0) ave= 3.324E+00 +/- 0.22 % Gtotal(l=1) ave= 5.559E-01 +/- 0.55 % Gtotal(l=2) ave= 3.947E-01 +/- 1.52 % Gtotal(l=3) ave= 0.000E+00 +/- 0.00 %  % || Gg(l=0) ave= 8.536E-01 +/- 0.89 % Gg(l=1) ave= 3.895E-01 +/- 0.82 % Gg(l=2) ave= 3.944E-01 +/- 1.52 % Gg(l=3) ave= 0.000E+00 +/- 0.00 %  % || D(l=0) ave= 4.375E+02 +/- 0.00 % D(l=1) ave= 2.000E+02 +/- 0.00 % D(l=2) ave= 2.917E+02 +/- 0.00 % D(l=3) ave= 0.000E+00 +/- 0.00 %  % || S(l=0) ave= 1.288E-04 +/- 0.21 % S(l=1) ave= 1.118E-03 +/- 9.35 % S(l=2) ave= 1.223E-03 +/- 18.39 % S(l=3) ave= 0.000E+00 +/- 0.00 % 
 ... random file  5 Cap(th)  ave= 9.409E+00 b. +/- 0.60 % || Ela(th) ave= 3.531E+00 b. +/- 11.28 % || RIcap ave= 3.40E+01 b. +/- 0.78 % || Macs30 ave= 3.17E-01 b. +/- 0.10 % || Gn^0(l=0) ave= 5.305E-02 +/- 0.19 % Gn^0(l=1) ave= 3.966E-01 +/- 10.59 % Gn^0(l=2) ave= 7.461E-01 +/- 20.98 % Gn^0(l=3) ave= 0.000E+00 +/- 0.00 % || Gtotal(l=0) ave= 3.325E+00 +/- 0.20 % Gtotal(l=1) ave= 5.560E-01 +/- 0.50 % Gtotal(l=2) ave= 3.956E-01 +/- 1.46 % Gtotal(l=3) ave= 0.000E+00 +/- 0.00 %  % || Gg(l=0) ave= 8.537E-01 +/- 0.81 % Gg(l=1) ave= 3.898E-01 +/- 0.76 % Gg(l=2) ave= 3.952E-01 +/- 1.47 % Gg(l=3) ave= 0.000E+00 +/- 0.00 %  % || D(l=0) ave= 4.375E+02 +/- 0.00 % D(l=1) ave= 2.000E+02 +/- 0.00 % D(l=2) ave= 2.917E+02 +/- 0.00 % D(l=3) ave= 0.000E+00 +/- 0.00 %  % || S(l=0) ave= 1.288E-04 +/- 0.19 % S(l=1) ave= 1.089E-03 +/- 10.60 % S(l=2) ave= 1.164E-03 +/- 20.99 % S(l=3) ave= 0.000E+00 +/- 0.00 % 
 ... random file  6 Cap(th)  ave= 9.412E+00 b. +/- 0.56 % || Ela(th) ave= 3.468E+00 b. +/- 11.53 % || RIcap ave= 3.40E+01 b. +/- 0.75 % || Macs30 ave= 3.17E-01 b. +/- 0.09 % || Gn^0(l=0) ave= 5.303E-02 +/- 0.20 % Gn^0(l=1) ave= 4.035E-01 +/- 10.50 % Gn^0(l=2) ave= 7.725E-01 +/- 20.54 % Gn^0(l=3) ave= 0.000E+00 +/- 0.00 % || Gtotal(l=0) ave= 3.324E+00 +/- 0.20 % Gtotal(l=1) ave= 5.561E-01 +/- 0.47 % Gtotal(l=2) ave= 3.952E-01 +/- 1.38 % Gtotal(l=3) ave= 0.000E+00 +/- 0.00 %  % || Gg(l=0) ave= 8.538E-01 +/- 0.75 % Gg(l=1) ave= 3.899E-01 +/- 0.71 % Gg(l=2) ave= 3.948E-01 +/- 1.38 % Gg(l=3) ave= 0.000E+00 +/- 0.00 %  % || D(l=0) ave= 4.375E+02 +/- 0.00 % D(l=1) ave= 2.000E+02 +/- 0.00 % D(l=2) ave= 2.917E+02 +/- 0.00 % D(l=3) ave= 0.000E+00 +/- 0.00 %  % || S(l=0) ave= 1.288E-04 +/- 0.20 % S(l=1) ave= 1.108E-03 +/- 10.51 % S(l=2) ave= 1.205E-03 +/- 20.55 % S(l=3) ave= 0.000E+00 +/- 0.00 % 
 ... random file  7 Cap(th)  ave= 9.391E+00 b. +/- 0.79 % || Ela(th) ave= 3.439E+00 b. +/- 11.11 % || RIcap ave= 3.39E+01 b. +/- 1.18 % || Macs30 ave= 3.17E-01 b. +/- 0.09 % || Gn^0(l=0) ave= 5.303E-02 +/- 0.19 % Gn^0(l=1) ave= 4.061E-01 +/- 9.92 % Gn^0(l=2) ave= 7.818E-01 +/- 19.24 % Gn^0(l=3) ave= 0.000E+00 +/- 0.00 % || Gtotal(l=0) ave= 3.325E+00 +/- 0.20 % Gtotal(l=1) ave= 5.566E-01 +/- 0.49 % Gtotal(l=2) ave= 3.950E-01 +/- 1.29 % Gtotal(l=3) ave= 0.000E+00 +/- 0.00 %  % || Gg(l=0) ave= 8.546E-01 +/- 0.75 % Gg(l=1) ave= 3.904E-01 +/- 0.74 % Gg(l=2) ave= 3.947E-01 +/- 1.30 % Gg(l=3) ave= 0.000E+00 +/- 0.00 %  % || D(l=0) ave= 4.375E+02 +/- 0.00 % D(l=1) ave= 2.000E+02 +/- 0.00 % D(l=2) ave= 2.917E+02 +/- 0.00 % D(l=3) ave= 0.000E+00 +/- 0.00 %  % || S(l=0) ave= 1.288E-04 +/- 0.19 % S(l=1) ave= 1.115E-03 +/- 9.93 % S(l=2) ave= 1.219E-03 +/- 19.25 % S(l=3) ave= 0.000E+00 +/- 0.00 % 
 ... random file  8 Cap(th)  ave= 9.395E+00 b. +/- 0.76 % || Ela(th) ave= 3.484E+00 b. +/- 10.97 % || RIcap ave= 3.39E+01 b. +/- 1.12 % || Macs30 ave= 3.17E-01 b. +/- 0.10 % || Gn^0(l=0) ave= 5.305E-02 +/- 0.20 % Gn^0(l=1) ave= 4.011E-01 +/- 10.10 % Gn^0(l=2) ave= 7.631E-01 +/- 19.84 % Gn^0(l=3) ave= 0.000E+00 +/- 0.00 % || Gtotal(l=0) ave= 3.326E+00 +/- 0.23 % Gtotal(l=1) ave= 5.568E-01 +/- 0.47 % Gtotal(l=2) ave= 3.942E-01 +/- 1.36 % Gtotal(l=3) ave= 0.000E+00 +/- 0.00 %  % || Gg(l=0) ave= 8.559E-01 +/- 0.82 % Gg(l=1) ave= 3.906E-01 +/- 0.72 % Gg(l=2) ave= 3.939E-01 +/- 1.36 % Gg(l=3) ave= 0.000E+00 +/- 0.00 %  % || D(l=0) ave= 4.375E+02 +/- 0.00 % D(l=1) ave= 2.000E+02 +/- 0.00 % D(l=2) ave= 2.917E+02 +/- 0.00 % D(l=3) ave= 0.000E+00 +/- 0.00 %  % || S(l=0) ave= 1.288E-04 +/- 0.20 % S(l=1) ave= 1.101E-03 +/- 10.11 % S(l=2) ave= 1.190E-03 +/- 19.85 % S(l=3) ave= 0.000E+00 +/- 0.00 % 
 ... random file  9 Cap(th)  ave= 9.384E+00 b. +/- 0.81 % || Ela(th) ave= 3.489E+00 b. +/- 10.40 % || RIcap ave= 3.38E+01 b. +/- 1.16 % || Macs30 ave= 3.17E-01 b. +/- 0.09 % || Gn^0(l=0) ave= 5.305E-02 +/- 0.19 % Gn^0(l=1) ave= 4.002E-01 +/- 9.63 % Gn^0(l=2) ave= 7.587E-01 +/- 19.01 % Gn^0(l=3) ave= 0.000E+00 +/- 0.00 % || Gtotal(l=0) ave= 3.328E+00 +/- 0.27 % Gtotal(l=1) ave= 5.568E-01 +/- 0.45 % Gtotal(l=2) ave= 3.935E-01 +/- 1.39 % Gtotal(l=3) ave= 0.000E+00 +/- 0.00 %  % || Gg(l=0) ave= 8.573E-01 +/- 0.92 % Gg(l=1) ave= 3.906E-01 +/- 0.68 % Gg(l=2) ave= 3.932E-01 +/- 1.39 % Gg(l=3) ave= 0.000E+00 +/- 0.00 %  % || D(l=0) ave= 4.375E+02 +/- 0.00 % D(l=1) ave= 2.000E+02 +/- 0.00 % D(l=2) ave= 2.917E+02 +/- 0.00 % D(l=3) ave= 0.000E+00 +/- 0.00 %  % || S(l=0) ave= 1.288E-04 +/- 0.19 % S(l=1) ave= 1.099E-03 +/- 9.65 % S(l=2) ave= 1.183E-03 +/- 19.02 % S(l=3) ave= 0.000E+00 +/- 0.00 % 
 ... random file  10 Cap(th)  ave= 9.396E+00 b. +/- 0.88 % || Ela(th) ave= 3.470E+00 b. +/- 10.12 % || RIcap ave= 3.39E+01 b. +/- 1.20 % || Macs30 ave= 3.17E-01 b. +/- 0.09 % || Gn^0(l=0) ave= 5.307E-02 +/- 0.22 % Gn^0(l=1) ave= 4.020E-01 +/- 9.26 % Gn^0(l=2) ave= 7.649E-01 +/- 18.16 % Gn^0(l=3) ave= 0.000E+00 +/- 0.00 % || Gtotal(l=0) ave= 3.329E+00 +/- 0.26 % Gtotal(l=1) ave= 5.568E-01 +/- 0.43 % Gtotal(l=2) ave= 3.940E-01 +/- 1.38 % Gtotal(l=3) ave= 0.000E+00 +/- 0.00 %  % || Gg(l=0) ave= 8.571E-01 +/- 0.88 % Gg(l=1) ave= 3.906E-01 +/- 0.65 % Gg(l=2) ave= 3.937E-01 +/- 1.39 % Gg(l=3) ave= 0.000E+00 +/- 0.00 %  % || D(l=0) ave= 4.375E+02 +/- 0.00 % D(l=1) ave= 2.000E+02 +/- 0.00 % D(l=2) ave= 2.917E+02 +/- 0.00 % D(l=3) ave= 0.000E+00 +/- 0.00 %  % || S(l=0) ave= 1.289E-04 +/- 0.22 % S(l=1) ave= 1.104E-03 +/- 9.27 % S(l=2) ave= 1.193E-03 +/- 18.17 % S(l=3) ave= 0.000E+00 +/- 0.00 % 
 ... Histogram plot for thermal (n,g)
 ... Write covariances  ... MT1  ... plot correlations
 ... MT2  ... MT102 


 ================================================
 ============== From 10 random values === start ======
 Thermal (n,tot) xs  0 K =  12.8665 b. +/- 0.342062 b. ( 2.65855 %) skew= +0.46 +/- 0.66
 Thermal (n,el) xs   0 K =  3.47023 b. +/- 0.351128 b. ( 10.1183 %) skew= +0.49 +/- 0.66
 Thermal (n,g) xs    0 K =  9.39625 b. +/- 0.0825821 b. ( 0.878884 %) skew= -0.69 +/- 0.66
 RI      (n,g)       0 K =  33.8521 b. +/- 0.40467 b. ( 1.19541 %) 
 MACS    (n,g)       0 K (at Emacs= 30000 eV) =  0.316812 b. +/- 0.000283283 b. ( 0.0894169 %) 
 Ave. Gtotal  L=0        =  3.329E+00 +/- 0.26 %
 Ave. Gn^(0)  L=0        =  5.307E-02 +/- 0.22 %
 Ave. Gg      L=0        =  8.571E-01 +/- 0.88 %
 Ave. D       L=0        =  4.375E+02 +/- 0.00 %
 Ave. S       L=0        =  1.289E-04 +/- 0.22 %
 Ave. Gtotal  L=1        =  5.568E-01 +/- 0.43 %
 Ave. Gn^(1)  L=1        =  4.020E-01 +/- 9.26 %
 Ave. Gg      L=1        =  3.906E-01 +/- 0.65 %
 Ave. D       L=1        =  2.000E+02 +/- 0.00 %
 Ave. S       L=1        =  1.104E-03 +/- 9.27 %
 Ave. Gtotal  L=2        =  3.940E-01 +/- 1.38 %
 Ave. Gn^(2)  L=2        =  7.649E-01 +/- 18.16 %
 Ave. Gg      L=2        =  3.937E-01 +/- 1.39 %
 Ave. D       L=2        =  2.917E+02 +/- 0.00 %
 Ave. S       L=2        =  1.193E-03 +/- 18.17 %

 Expected Thermal (n,g) (syst or meas)= 9.47017 b. +/- 2.36754 b. nominal: 9.44759 b.
 ratio Calculated/expected thermal (n,g): 0.99 ratio DCalculated/Dexpected: 0.03 ratio Calculated/Nominal: 0.99
 ============== From 10 random values ===== stop ======
 ================================================
 ... Calculation of (n,a) and (n,p) cross sections at 300 K
 ... thermal (n,a) cross section is 0.0299437 +/- 0.0149718 b.
 ... thermal (n,a) cross section is 0.0241975 b. (random case 1)
 ... thermal (n,a) cross section is 0.0409307 b. (random case 2)
 ... thermal (n,a) cross section is 0.0356177 b. (random case 3)
 ... thermal (n,a) cross section is 0.038429 b. (random case 4)
 ... thermal (n,a) cross section is 0.0625259 b. (random case 5)
 ... thermal (n,a) cross section is 0.0306678 b. (random case 6)
 ... thermal (n,a) cross section is 0.0273885 b. (random case 7)
 ... thermal (n,a) cross section is 0.0438501 b. (random case 8)
 ... thermal (n,a) cross section is 0.0199003 b. (random case 9)
 ... thermal (n,a) cross section is 0.0374703 b. (random case 10)
 ... thermal (n,p) cross section is 0.0299437 +/- 0.0149718 b.
 ... thermal (n,p) cross section is 0.0173158 b. (random case 1)
 ... thermal (n,p) cross section is 0.0264796 b. (random case 2)
 ... thermal (n,p) cross section is 0.0222904 b. (random case 3)
 ... thermal (n,p) cross section is 0.0492829 b. (random case 4)
 ... thermal (n,p) cross section is 0.0222405 b. (random case 5)
 ... thermal (n,p) cross section is 0.0390768 b. (random case 6)
 ... thermal (n,p) cross section is 0.025542 b. (random case 7)
 ... thermal (n,p) cross section is 0.0376516 b. (random case 8)
 ... thermal (n,p) cross section is 0.0116565 b. (random case 9)
 ... thermal (n,p) cross section is 0.0377992 b. (random case 10)
 ... Rewrite index for MF2
 ... Write text for MF1 in file mf1.tares.txt
 ... plotting cross sections for the MF1
 ... order output files


================== summary ==================
 Thermal (n,tot) xs = 12.9039 b. 
 Thermal (n,el)  xs = 3.39639 b. 
 Thermal (n,g)   xs = 9.44759 b. (meas/sys: 9.47017 b.)
 Thermal (n,a)   xs = 0.0299437 b. 
 Thermal (n,p)   xs = 0.0299437 b. 

 RI      (n,g)      = 34.1296 b. (meas or sys: - b.)
 RI      (n,el)     = 117.211 b.
=============================================


 ... cleaning
                                                 
  -------------------------------------------------------------
  -                                                           -
  - TARES: successful end of run with data from the database  -
  -             for Z= 34,  A= 72 and isomer= 0               -
  -                                                           -
  -------------------------------------------------------------

   Running time:       19 seconds

 End time: Fri Oct  9 11:39:45 2026

