
  -------------------------------------------------------------
  -                                                           -
  -              Welcome to TARES version 1.8                 -
  -                                                           -
  -  (C) Copyright 2007-2025 D. Rochman, All Rights Reserved  -
  -           NRG, Petten, the Netherlands 2007-2014          -
  -           PSI, Villigen    Switzerland 2015-2025          -
  -         Nagra, Wettingen   Switzerland 2025-              -
  -           (Last Modified October 06, 2026)                -
  -           (Database from October 06, 2026)                -
  -                                                           -
  -------------------------------------------------------------


  ---------------------------------------------
   Compilation information:
   Compiled on:         Oct  7 2026, 09:32:19
   Compiled by:         koning
   Compiler version:    clang++ - 21.0.0
   Source location:     /Users/koning/tares-1.8/source/Module/
   Binaries location:   /Users/koning/bin
   System:              Darwin 25.6.0
   System version:      Darwin Kernel Version 25.6.0: Fri Jul 31 19:19:08 PDT 2026; root:xnu-12377.161.14~5/RELEASE_ARM64_T6050  
   Machine:             arm64 
  ---------------------------------------------

   User information:
   User name:           koning
   Running directory:   /Users/koning/tendl/resbase/Cd119m/work
   Owner mode for running directory : rwx
   Group mode for running directory : r-x
  ---------------------------------------------


 Starting time: Wed Oct  7 10:43:44 2026
 ... inputs directory found (/Users/koning/tares-1.8/source/Module//../../inputs/).
 ... It will be used for resonance parameters 
 ... ###############################################
 ... #     read the input file tares.inp
 ... ###############################################
 ... line: #
 ... line: # Input file generated by Autorochman
          --> line not read
 ... line: #
 ... line: isotope    Cd
          --> Isotope name: Cd
 ... line: mass       119
          --> isotopic mass: 119
 ... line: output     n-Cd119m
         ---> Name of the output files: n-Cd119m
 ... line: isomer     1
          --> isomeric state: 1
 ... line: mf32mf33   y
          --> MF33 based on MF32: y
 ... line: nbrRandom  6
          --> Nbr of random files: 6
 ... ###############################################
 ... # end read the input file tares.inp
 ... ###############################################
Value for random generator type not considered in since Tares 1.7 due to compilation issues

 ... ###############################################
     #   Interpretation of the Input definition    #
     ###############################################

 ... Default energy limit: End of resonance region
 ... Nuclear charge    = 48
 ... Element           = Cd
 ... Mass              = 119
 ... Isomer            = 1
 ... Correlation for (Gn,Gg) not included in random files
 ... Default random option: No random
 ... Output name: n-Cd119m
 ... Energy for the MACS: 30000 eV
 ... Resonances from CALENDF reduced (reduce=y) 
 ... For URR, level density model from TALYS selected: 91n3n12611.2850 (see manual for description)
 ... Random Generator: default (pseudo random numbers from ansi c++)
 ... Reconstruction of cross section selected
 ... Doppler broadening at 0 Kelvin
 ... URR not included (from the input file flag)
 ... Weight for grouping is flat
 ... Calculation of (n,alpha) cross section selected
 ... Number of digit for MF32c covariance representation: 2
 ... MF32 included
 ... MF33 will be used for covariance processing
 ... TENDL option set to yes (automatic choice of MF2 and format)
 ... Isotope not found in the best file --> use of MLBW formalism
 ... default option: Multi level Breit Wigner approximation selected
 ... (check file best.tendl.yes for changing this option)
 ... Retroactive option set to no with the 2025 option

 ... ###############################################
     #           End of Input definition           #
     ###############################################

 ... gnuplot found, will be used for plotting
 ... latex found, will be used for plotting
 ... dvips found, will be used for plotting
 ... ps2epsi not found, limited plotting available
 ... uncertainties on default parameters multiplied by 1.43782
 ... Read resonance data from the 2025 directory
 ... Resonance parameters taken from /Users/koning/tares-1.8/source/Module//../../inputs/2025/Resonance/default/
 ---> Processing Z= 48 and A= 119 and isomer= 1 (level number: 2)
 Exfor path; Could not find /Users/koning/tares-1.8/source/Module//../../inputs/exfor/Cd119m/xs/102
Thermal file; Could not open file /Users/koning/tares-1.8/source/Module//../../inputs/2025/runThermal/results//thermal.mxw.ng.cendl3.1
Thermal file; Could not open file /Users/koning/tares-1.8/source/Module//../../inputs/2025/runThermal/results//thermal.mxw.ng.brond3.1
Thermal file; Could not open file /Users/koning/tares-1.8/source/Module//../../inputs/2025/runThermal/results//thermal.xs.ng.unc.cendl3.1
 ... spin taken from the final/ directory (1)

 ... ###############################################
 ... #  Nucleus global parameters (2025 database)  #
 ... ###############################################
 0. Half-life: 2.2 min. 
 ... Scattering radius from TALYS: /Users/koning/tares-1.8/source/Module//../../inputs/2025/lib.urr/talys.urr/
 1. Spin of the target isotope: 5.5
 2. Relative Atomic Mass of the target isotope: 118.909
 3. Level of the isomer: 0.146540 MeV (level number 2)
 4. Scattering radius (local compilation): 6.53528 fm +/- 0.137241 fm
      .......................................
      ... Thermal capture cross sections: ...
 ... ratio of 1.79368 applied for isomeric cross section (isomer/ground)
 5. Thermal (n,g) cross section from systematics: 26.134 +/- 18.2938 b.
 6. Thermal (n,g) cross section from compilation (Firestone-2022 average on element Cd): 2520 +/- 0.85 b.
 7. Thermal (n,g) cross section from compilation (Firestone-2022 final on element Cd): 2520 +/- 40 b.
      .......................................
      ...  Thermal total cross sections:  ...
      .......................................
      ... Thermal elastic cross sections: ...
 8. Thermal (n,el) cross section from potential (4piR^2): 8.21328 +/- 0.410664 b.
      .......................................
             ... Resonance integral: ...
 9. No capture integral found in /Users/koning/tares-1.8/source/Module//../../inputs/capture.integral
 ... no RI(n,g) found in local compilation, take 2018 value.
 ... no RI(n,g) found in local compilation, take Sukhoruchkin value.
   ---- MACS 30 keV ----- 
 10. TALYS MACS 30 keV (HF): 0.010212 b. 
   ---------- S0 -------- 
 11. S0 from TALYS: 0.650359
   ---------- S1 -------- 
 12. S1 from TALYS: 3.50793
   ---------- S2 -------- 
 13. S2 from TALYS: 0.547933
   ---------- D0 -------- 
 14. D0 from TALYS: 31.9194 eV
   ---------- D1 -------- 
 15. D1 from TALYS: 16.465 eV
   ---------- D2 -------- 
 16. D2 from TALYS: 11.5683 eV
   ---------- G0 -------- 
 17. Gg0 from TALYS: 0.0602251 eV
   ---------- G1 -------- 
 18. Gg1 from TALYS: 0.0629694 eV
   ---------- G2 -------- 
 19. Gg2 from TALYS: 0.0724173 eV


   ---------------------- 
 ... Read resonance parameters (format: 2: Multi Level Breit Wigner)
 ... 0 resonances found 
 ... possibly no resonances in the Resonance directory for this isotope and options
 ... Use HFR (ladder) behavior 
 --> 21. Number of resonances from the input file: 2 up to 15.9597 eV
 22. Read nuclear quantities (mass, MAT...)
 23. Read thermal (n,g) xs 
 24. Read the scattering radius 
 25. Read uncertainty on Gg for 2 resonances
 26. Read uncertainty on Gg for 2 resonances ... done
 ... order resonances 
 ... Upper limit for the RRR: 15.9597 eV (no statistical resonances HFR) from the limit.RRR file
 ... Write parameters for l=0 waves
 ... End writing original MF2 
 ... No RRR in the database: uncertainties on default parameters multiplied by 1.99753
 ... Enter in urr function (ladder option set to y) for file n-Cd119m
 ... read the file /Users/koning/tares-1.8/source/Module//../../inputs/2025/list.jcs.urr to find URR origin
 Default URR taken from TALYS calculations with level density model: 91n3n12611.2850
 File considered for the URR: /Users/koning/tares-1.8/source/Module//../../inputs/2025/lib.urr/talys.urr/91n3n12611.2850/Cd/urr/urr.dat.Cd.119.002.1.gz
 ... Write URR using TALYS average parameters (used for HFR)
 ... Limit of URR changed to 25 keV (recommendation from WPEC and JEFF)
 ... ---> Emax(RRR) taken from the file limit.ladder: 500 eV <---
 ... (File limit.ladder: /Users/koning/tares-1.8/source/Module//../../inputs/2025/limit.ladder.91n3n12611.2850)
 ... read D0, S0, Gn and Gg
 ... number of URR energies: 1824
 Number of l: 1824 and last energy: 12
 Last  URR energy: 500 eV
 ... Enter in to_MLBW_mf2 function
 ... Convert to Multi Level Breit Wigner (MLBW)
 ... Write parameter covariances (MF32) for l=0
 ... Convert parameter covariances (MF32) to MLBW
 ... copy the mf2 and mf32 to .mlbw files
 ... Enter in urr_correct function case 1
 Modify the higher limit of RRR in MF2
 --> old value: 1.603951+1 eV new value: 1.000000-2 eV
 Modify resonance covariances (MF32) to include correlations in the URR
 End Modify resonance covariances (MF32) to include correlations in the URR
 ... Enter in calendf_xs function
 Use CALENDF for statistical resonances (update MF2) up to 5.000000+2 eV (initial limit)
 Extract resonances from CALENDF for RRR->URR 2
 108 statistical resonances found
 After reduction, 103 statistical resonances found
 ... checking resonance order 1
 ... checking resonance order 2nd round for 101 resonances
 ... end checking resonance order 2nd round
 Too many resonances (101): reduced to 100.
 .......................................................
 ... Adjustment to the thermal cross section : start ...
 .......................................................
 ... ratio of 1.79368 applied for isomeric cross section (isomer/ground)

 Before adjustment (adjustment to the thermal cross section set to y)
 ... Import MF2 from TARES calculations
 ... End energy of TARES MF2 : 4.453788E+2 eV and limit to 40000 resonances
 ... File used for reconstruction: new.temp22.reconst
 ... run RECENT ...
 ... Doppler broadened at a unique temperature: 300 Kelvin using sigma1
 ... run SIGMA1 at 3.000000E+02 K.

 ============== INTER values at 300 Kelvin ==============
 Thermal (n,g) xs =  2.01115 b. (meas/sys: 26.134 b.) (warning: comparison to be done at 296 or 300 K)
 Th Maxw (n,g) xs =  2.0245 b. (thermal Maxwellian value)
 Westcott factor  =  1.00666
 RI      (n,g)    =  91.2152 b. (meas or sys: - b.)
 MACS 3.000e+04 eV=  0.25312 b. (meas or sys: - b.) from 1.00E+00 to 2.00E+07 eV (end of RRR) at T= 300 Kelvin 
 Thermal (n,el) xs=  5.27741 b.
 RI      (n,el)   =  71.1124 b.
 ============= PSYCHE values ==============
 Ave. G_total L0  =  0.114973 eV
 Ave. G_total L1  =  0.0578254 eV
 Ave. G_total L2  =  0.0595309 eV
 Ave. Gn_0    L0  =  0.00359193
 Ave. Gn_0    L1  =  0.0274523
 Ave. Gn_0    L2  =  0.00587172
 Ave. Gg      L0  =  0.0579941 eV
 Ave. Gg      L1  =  0.0576473 eV
 Ave. Gg      L2  =  0.0595309 eV
 Ave. D       L0  =  31.8128 eV
 Ave. D       L1  =  18.5575 eV
 Ave. D       L2  =  15.9064 eV
 Ave. S       L0  =  6.01584e-05 eV
 Ave. S       L1  =  0.00025774 eV
 Ave. S       L2  =  3.72373e-05 eV
 =========================================
 Calculated capture integral   91.2152 b.
 Calculated thermal (n,g)=          2.01114972 b. and recommended= 26.134 b. (C/E= 0.0769553)
 Calculated RI      (n,g)= 91.2152 b. (no reference value)
 ... tolerances: thermal (n,g) 20 % (reference uncertainties, minimum 2% and 5%, maximum 20%)
 Adjust the capture widths ...
 ... capture adjusted with Gn for 93 resonances (Gn<Gg) and with Gg for 7 resonances
 ... iteration 0: C/E thermal (n,g)= 0.0769553
 Warning: 100 widths limited to a change of a factor 10 from their starting values

 <-------- After adjustment -------->
 ... Import MF2 from TARES calculations
 ... End energy of TARES MF2 : 4.453788E+2 eV and limit to 40000 resonances
 ... File used for reconstruction: new.temp22.reconst
 ... run RECENT ...
 ... Doppler broadened at a unique temperature: 300 Kelvin using sigma1
 ... run SIGMA1 at 3.000000E+02 K.

 ============== INTER values at 300 Kelvin ==============
 Thermal (n,g) xs =  20.1113 b. (meas/sys: 26.134 b.) (warning: comparison to be done at 296 or 300 K)
 Th Maxw (n,g) xs =  20.245 b. (thermal Maxwellian value)
 Westcott factor  =  1.00666
 RI      (n,g)    =  346.761 b. (meas or sys: - b.)
 MACS 3.000e+04 eV=  0.25448 b. (meas or sys: - b.) from 1.00E+00 to 2.00E+07 eV (end of RRR) at T= 300 Kelvin 
 Thermal (n,el) xs=  3.4399 b.
 RI      (n,el)   =  619.926 b.
 ============= PSYCHE values ==============
 Ave. G_total L0  =  0.378771 eV
 Ave. G_total L1  =  0.0594285 eV
 Ave. G_total L2  =  0.0595309 eV
 Ave. Gn_0    L0  =  0.0103521
 Ave. Gn_0    L1  =  0.274523
 Ave. Gn_0    L2  =  0.0587172
 Ave. Gg      L0  =  0.232935 eV
 Ave. Gg      L1  =  0.0576473 eV
 Ave. Gg      L2  =  0.0595309 eV
 Ave. D       L0  =  31.8128 eV
 Ave. D       L1  =  18.5575 eV
 Ave. D       L2  =  15.9064 eV
 Ave. S       L0  =  0.000174998 eV
 Ave. S       L1  =  0.0025774 eV
 Ave. S       L2  =  0.000372373 eV
 =========================================
 ... iteration 1: C/E thermal (n,g)= 0.769547
 Warning: 100 widths limited to a change of a factor 10 from their starting values

 <-------- After adjustment -------->
 ... Import MF2 from TARES calculations
 ... End energy of TARES MF2 : 4.453788E+2 eV and limit to 40000 resonances
 ... File used for reconstruction: new.temp22.reconst
 ... run RECENT ...
 ... Doppler broadened at a unique temperature: 300 Kelvin using sigma1
 ... run SIGMA1 at 3.000000E+02 K.

 ============== INTER values at 300 Kelvin ==============
 Thermal (n,g) xs =  20.1113 b. (meas/sys: 26.134 b.) (warning: comparison to be done at 296 or 300 K)
 Th Maxw (n,g) xs =  20.245 b. (thermal Maxwellian value)
 Westcott factor  =  1.00666
 RI      (n,g)    =  346.761 b. (meas or sys: - b.)
 MACS 3.000e+04 eV=  0.25448 b. (meas or sys: - b.) from 1.00E+00 to 2.00E+07 eV (end of RRR) at T= 300 Kelvin 
 Thermal (n,el) xs=  3.4399 b.
 RI      (n,el)   =  619.926 b.
 ============= PSYCHE values ==============
 Ave. G_total L0  =  0.378771 eV
 Ave. G_total L1  =  0.0594285 eV
 Ave. G_total L2  =  0.0595309 eV
 Ave. Gn_0    L0  =  0.0103521
 Ave. Gn_0    L1  =  0.274523
 Ave. Gn_0    L2  =  0.0587172
 Ave. Gg      L0  =  0.232935 eV
 Ave. Gg      L1  =  0.0576473 eV
 Ave. Gg      L2  =  0.0595309 eV
 Ave. D       L0  =  31.8128 eV
 Ave. D       L1  =  18.5575 eV
 Ave. D       L2  =  15.9064 eV
 Ave. S       L0  =  0.000174998 eV
 Ave. S       L1  =  0.0025774 eV
 Ave. S       L2  =  0.000372373 eV
 =========================================
 ... iteration 2: C/E thermal (n,g)= 0.769547
 Warning: no further change possible (widths at the limit of a factor 10): adjustment stopped


 ... ratio C/E thermal (n,g): 7.695471E-01
 ...................................................... 
 ... Adjustment to the thermal cross section : stop ...
 ...................................................... 
 ... new MF2 file after adjustment: n-Cd119m
 ... read the file /Users/koning/tares-1.8/source/Module//../../inputs/2025/list.jcs.urr to find URR origin
 Default URR taken from TALYS calculations with level density model: 91n3n12611.2850
 File considered for the URR: /Users/koning/tares-1.8/source/Module//../../inputs/2025/lib.urr/talys.urr/91n3n12611.2850/Cd/urr/urr.dat.Cd.119.002.1.gz
 ... Write URR using TALYS average parameters (not used for HFR)
 ... Limit of URR changed to 25 keV (recommendation from WPEC and JEFF)
 ... read D0, S0, Gn and Gg
 ... number of URR energies: 876
 Number of l: 876 and last energy: 12
 Last  URR energy: 26730 eV
 Energies in the URR : 876 -> reduced by a factor 2
 Energies in the URR : 456 -> reduced by a factor 2
 ... Enter in urr_correct function case 2
 Modify the higher limit of RRR in MF2
 --> old value: 4.453788+2 eV new value: 4.453788+2 eV
 Modify resonance covariances (MF32) to include correlations in the URR
 End Modify resonance covariances (MF32) to include correlations in the URR
 ... Enter in update_MF32 function
 ... Change uncertainties
 ... for the HFR, random position of the positive resonances with 0.020000 %
 ... end of update MF32 function
 ... GLS calculation of the parameter correlations from the thermal/RI adjustment (MF32c)
 ... MF32: correlations from the thermal/RI adjustment (GLS) for 7 resonances (14 widths), 1 correlation lines
 ...   thermal (n,g): uncertainty from these widths 7.79086 b. -> 7.16791 b. (reference: 26.134 +/- 18.2938 b.)
 ... copy the mf2 and mf32 to .mlbw files

 ... Start of final reconstruction and testing ...
 ... Reconstruction of cross sections at 0 Kelvin  ... Import MF2 from TARES calculations
 ... End energy of TARES MF2 : 4.453788E+2 eV and limit to 40000 resonances
 ... File used for reconstruction: n-Cd119m.reconst
 ... run RECENT ...
 ... Doppler broadened at a unique temperature: 0 Kelvin using sigma1
 ... The keyword temperature is zero, no Doppler broadening for the MACS

 ============== INTER values at 0 Kelvin ==============
 Thermal (n,g) xs =  20.1002 b. (meas/sys: 26.134 b.) (warning: comparison to be done at 296 or 300 K)
 Th Maxw (n,g) xs =  20.129 b. (thermal Maxwellian value)
 Westcott factor  =  1.00144
 RI      (n,g)    =  346.671 b. (meas or sys: - b.)
 MACS 3.000e+04 eV=  0.25304 b. (meas or sys: - b.) from 1.00E+00 to 4.45E+02 eV (end of RRR) at T= 0 Kelvin 
 Thermal (n,el) xs=  3.42525 b.
 RI      (n,el)   =  618.814 b.
 ============= PSYCHE values ==============
 Ave. G_total L0  =  0.378771 eV
 Ave. G_total L1  =  0.0594285 eV
 Ave. G_total L2  =  0.0595309 eV
 Ave. Gn_0    L0  =  0.0103521
 Ave. Gn_0    L1  =  0.274523
 Ave. Gn_0    L2  =  0.0587172
 Ave. Gg      L0  =  0.232935 eV
 Ave. Gg      L1  =  0.0576473 eV
 Ave. Gg      L2  =  0.0595309 eV
 Ave. D       L0  =  31.8128 eV
 Ave. D       L1  =  18.5575 eV
 Ave. D       L2  =  15.9064 eV
 Ave. S       L0  =  0.000174998 eV
 Ave. S       L1  =  0.0025774 eV
 Ave. S       L2  =  0.000372373 eV
 =========================================
 ... End of final reconstruction and testing ...

 ... grouping is not optimum, change to 70 groups
 ... Produce MF33 based on MF32 and 6 random files
 ... run endsam for 6 in groups of 1 global run
 ... run endsam from 1 to 6
 ... reorder resonance position after endsam (sampling)
 ... preparing the vectors  ... done
 ... nominal file 0 Cap(th)  ave= 2.010E+01 b. +/- 0.00 % || Ela(th) ave= 3.425E+00 b. +/- 0.00 % || RIcap ave= 3.41E+02 b. +/- 0.00 % || Macs30 ave= 1.89E+01 b. +/- 0.00 % || Gn^0(l=0) ave= 1.035E-02 +/- 0.00 % Gn^0(l=1) ave= 2.745E-01 +/- 0.00 % Gn^0(l=2) ave= 5.872E-02 +/- 0.00 % Gn^0(l=3) ave= 0.000E+00 +/- 0.00 % || Gtotal(l=0) ave= 3.788E-01 +/- 0.00 % Gtotal(l=1) ave= 5.943E-02 +/- 0.00 % Gtotal(l=2) ave= 5.953E-02 +/- 0.00 % Gtotal(l=3) ave= 0.000E+00 +/- 0.00 %  % || Gg(l=0) ave= 2.329E-01 +/- 0.00 % Gg(l=1) ave= 5.765E-02 +/- 0.00 % Gg(l=2) ave= 5.953E-02 +/- 0.00 % Gg(l=3) ave= 0.000E+00 +/- 0.00 %  % || D(l=0) ave= 3.181E+01 +/- 0.00 % D(l=1) ave= 1.856E+01 +/- 0.00 % D(l=2) ave= 1.591E+01 +/- 0.00 % D(l=3) ave= 0.000E+00 +/- 0.00 %  % || S(l=0) ave= 1.750E-04 +/- 0.00 % S(l=1) ave= 2.577E-03 +/- 0.00 % S(l=2) ave= 3.724E-04 +/- 0.00 % S(l=3) ave= 0.000E+00 +/- 0.00 % 
 ... random file  1 Cap(th)  ave= 1.826E+01 b. +/- 10.06 % || Ela(th) ave= 3.419E+00 b. +/- 0.20 % || RIcap ave= 3.31E+02 b. +/- 3.03 % || Macs30 ave= 1.88E+01 b. +/- 0.51 % || Gn^0(l=0) ave= 1.028E-02 +/- 0.68 % Gn^0(l=1) ave= 2.767E-01 +/- 0.80 % Gn^0(l=2) ave= 5.918E-02 +/- 0.77 % Gn^0(l=3) ave= 0.000E+00 +/- 0.00 % || Gtotal(l=0) ave= 3.612E-01 +/- 4.87 % Gtotal(l=1) ave= 5.943E-02 +/- 0.00 % Gtotal(l=2) ave= 5.953E-02 +/- 0.00 % Gtotal(l=3) ave= 0.000E+00 +/- 0.00 %  % || Gg(l=0) ave= 2.155E-01 +/- 8.07 % Gg(l=1) ave= 6.318E-02 +/- 8.75 % Gg(l=2) ave= 5.848E-02 +/- 1.79 % Gg(l=3) ave= 0.000E+00 +/- 0.00 %  % || D(l=0) ave= 3.304E+01 +/- 3.70 % D(l=1) ave= 1.856E+01 +/- 0.00 % D(l=2) ave= 1.591E+01 +/- 0.00 % D(l=3) ave= 0.000E+00 +/- 0.00 %  % || S(l=0) ave= 1.687E-04 +/- 3.72 % S(l=1) ave= 2.598E-03 +/- 0.80 % S(l=2) ave= 3.753E-04 +/- 0.77 % S(l=3) ave= 0.000E+00 +/- 0.00 % 
 ... random file  2 Cap(th)  ave= 1.746E+01 b. +/- 10.76 % || Ela(th) ave= 3.489E+00 b. +/- 2.85 % || RIcap ave= 2.89E+02 b. +/- 20.96 % || Macs30 ave= 1.83E+01 b. +/- 3.72 % || Gn^0(l=0) ave= 1.032E-02 +/- 0.77 % Gn^0(l=1) ave= 2.712E-01 +/- 2.98 % Gn^0(l=2) ave= 5.713E-02 +/- 5.09 % Gn^0(l=3) ave= 0.000E+00 +/- 0.00 % || Gtotal(l=0) ave= 3.670E-01 +/- 4.52 % Gtotal(l=1) ave= 5.943E-02 +/- 0.00 % Gtotal(l=2) ave= 5.953E-02 +/- 0.00 % Gtotal(l=3) ave= 0.000E+00 +/- 0.00 %  % || Gg(l=0) ave= 2.199E-01 +/- 7.05 % Gg(l=1) ave= 6.482E-02 +/- 7.83 % Gg(l=2) ave= 6.055E-02 +/- 5.02 % Gg(l=3) ave= 0.000E+00 +/- 0.00 %  % || D(l=0) ave= 3.263E+01 +/- 3.54 % D(l=1) ave= 1.856E+01 +/- 0.00 % D(l=2) ave= 1.591E+01 +/- 0.00 % D(l=3) ave= 0.000E+00 +/- 0.00 %  % || S(l=0) ave= 1.710E-04 +/- 3.56 % S(l=1) ave= 2.546E-03 +/- 2.97 % S(l=2) ave= 3.623E-04 +/- 5.10 % S(l=3) ave= 0.000E+00 +/- 0.00 % 
 ... random file  3 Cap(th)  ave= 1.582E+01 b. +/- 20.71 % || Ela(th) ave= 3.429E+00 b. +/- 3.94 % || RIcap ave= 2.64E+02 b. +/- 25.73 % || Macs30 ave= 1.80E+01 b. +/- 4.47 % || Gn^0(l=0) ave= 1.028E-02 +/- 0.93 % Gn^0(l=1) ave= 2.752E-01 +/- 3.60 % Gn^0(l=2) ave= 5.881E-02 +/- 6.53 % Gn^0(l=3) ave= 0.000E+00 +/- 0.00 % || Gtotal(l=0) ave= 3.612E-01 +/- 4.87 % Gtotal(l=1) ave= 5.943E-02 +/- 0.00 % Gtotal(l=2) ave= 5.953E-02 +/- 0.00 % Gtotal(l=3) ave= 0.000E+00 +/- 0.00 %  % || Gg(l=0) ave= 2.047E-01 +/- 14.47 % Gg(l=1) ave= 6.266E-02 +/- 9.21 % Gg(l=2) ave= 5.916E-02 +/- 6.02 % Gg(l=3) ave= 0.000E+00 +/- 0.00 %  % || D(l=0) ave= 3.304E+01 +/- 3.70 % D(l=1) ave= 1.856E+01 +/- 0.00 % D(l=2) ave= 1.591E+01 +/- 0.00 % D(l=3) ave= 0.000E+00 +/- 0.00 %  % || S(l=0) ave= 1.687E-04 +/- 3.95 % S(l=1) ave= 2.584E-03 +/- 3.61 % S(l=2) ave= 3.730E-04 +/- 6.53 % S(l=3) ave= 0.000E+00 +/- 0.00 % 
 ... random file  4 Cap(th)  ave= 1.613E+01 b. +/- 18.56 % || Ela(th) ave= 3.392E+00 b. +/- 4.18 % || RIcap ave= 2.69E+02 b. +/- 22.91 % || Macs30 ave= 1.80E+01 b. +/- 4.03 % || Gn^0(l=0) ave= 1.030E-02 +/- 0.88 % Gn^0(l=1) ave= 2.770E-01 +/- 3.45 % Gn^0(l=2) ave= 5.960E-02 +/- 6.35 % Gn^0(l=3) ave= 0.000E+00 +/- 0.00 % || Gtotal(l=0) ave= 3.577E-01 +/- 4.82 % Gtotal(l=1) ave= 5.943E-02 +/- 0.00 % Gtotal(l=2) ave= 5.953E-02 +/- 0.00 % Gtotal(l=3) ave= 0.000E+00 +/- 0.00 %  % || Gg(l=0) ave= 2.256E-01 +/- 21.91 % Gg(l=1) ave= 6.022E-02 +/- 11.78 % Gg(l=2) ave= 6.088E-02 +/- 7.68 % Gg(l=3) ave= 0.000E+00 +/- 0.00 %  % || D(l=0) ave= 3.328E+01 +/- 3.60 % D(l=1) ave= 1.856E+01 +/- 0.00 % D(l=2) ave= 1.591E+01 +/- 0.00 % D(l=3) ave= 0.000E+00 +/- 0.00 %  % || S(l=0) ave= 1.679E-04 +/- 3.67 % S(l=1) ave= 2.602E-03 +/- 3.47 % S(l=2) ave= 3.780E-04 +/- 6.35 % S(l=3) ave= 0.000E+00 +/- 0.00 % 
 ... random file  5 Cap(th)  ave= 1.579E+01 b. +/- 17.95 % || Ela(th) ave= 3.380E+00 b. +/- 3.91 % || RIcap ave= 2.66E+02 b. +/- 21.44 % || Macs30 ave= 1.78E+01 b. +/- 4.16 % || Gn^0(l=0) ave= 1.028E-02 +/- 0.86 % Gn^0(l=1) ave= 2.780E-01 +/- 3.24 % Gn^0(l=2) ave= 5.995E-02 +/- 5.91 % Gn^0(l=3) ave= 0.000E+00 +/- 0.00 % || Gtotal(l=0) ave= 3.553E-01 +/- 4.67 % Gtotal(l=1) ave= 5.943E-02 +/- 0.00 % Gtotal(l=2) ave= 5.953E-02 +/- 0.00 % Gtotal(l=3) ave= 0.000E+00 +/- 0.00 %  % || Gg(l=0) ave= 2.185E-01 +/- 21.88 % Gg(l=1) ave= 6.018E-02 +/- 10.76 % Gg(l=2) ave= 6.093E-02 +/- 7.01 % Gg(l=3) ave= 0.000E+00 +/- 0.00 %  % || D(l=0) ave= 3.344E+01 +/- 3.45 % D(l=1) ave= 1.856E+01 +/- 0.00 % D(l=2) ave= 1.591E+01 +/- 0.00 % D(l=3) ave= 0.000E+00 +/- 0.00 %  % || S(l=0) ave= 1.670E-04 +/- 3.59 % S(l=1) ave= 2.610E-03 +/- 3.24 % S(l=2) ave= 3.802E-04 +/- 5.91 % S(l=3) ave= 0.000E+00 +/- 0.00 % 
 ... random file  6 Cap(th)  ave= 1.602E+01 b. +/- 16.76 % || Ela(th) ave= 3.384E+00 b. +/- 3.63 % || RIcap ave= 2.67E+02 b. +/- 19.79 % || Macs30 ave= 1.78E+01 b. +/- 3.86 % || Gn^0(l=0) ave= 1.025E-02 +/- 1.06 % Gn^0(l=1) ave= 2.784E-01 +/- 3.02 % Gn^0(l=2) ave= 6.007E-02 +/- 5.48 % Gn^0(l=3) ave= 0.000E+00 +/- 0.00 % || Gtotal(l=0) ave= 3.536E-01 +/- 4.49 % Gtotal(l=1) ave= 5.943E-02 +/- 0.00 % Gtotal(l=2) ave= 5.953E-02 +/- 0.00 % Gtotal(l=3) ave= 0.000E+00 +/- 0.00 %  % || Gg(l=0) ave= 2.216E-01 +/- 20.27 % Gg(l=1) ave= 6.108E-02 +/- 10.45 % Gg(l=2) ave= 6.049E-02 +/- 6.78 % Gg(l=3) ave= 0.000E+00 +/- 0.00 %  % || D(l=0) ave= 3.356E+01 +/- 3.29 % D(l=1) ave= 1.856E+01 +/- 0.00 % D(l=2) ave= 1.591E+01 +/- 0.00 % D(l=3) ave= 0.000E+00 +/- 0.00 %  % || S(l=0) ave= 1.660E-04 +/- 3.63 % S(l=1) ave= 2.614E-03 +/- 3.02 % S(l=2) ave= 3.809E-04 +/- 5.48 % S(l=3) ave= 0.000E+00 +/- 0.00 % 
 ... Histogram plot for thermal (n,g)
 ... Write covariances  ... MT1  ... plot correlations
 ... MT2  ... MT102 


 ================================================
 ============== From 6 random values === start ======
 Thermal (n,tot) xs  0 K =  19.4053 b. +/- 2.73026 b. ( 14.0697 %) skew= -0.55 +/- 0.79
 Thermal (n,el) xs   0 K =  3.38415 b. +/- 0.122677 b. ( 3.62506 %) skew= +0.72 +/- 0.79
 Thermal (n,g) xs    0 K =  16.0211 b. +/- 2.68453 b. ( 16.7562 %) skew= -0.51 +/- 0.79
 RI      (n,g)       0 K =  267.301 b. +/- 52.886 b. ( 19.7852 %) 
 MACS    (n,g)       0 K (at Emacs= 30000 eV) =  17.8321 b. +/- 0.687976 b. ( 3.85807 %) 
 Ave. Gtotal  L=0        =  3.536E-01 +/- 4.49 %
 Ave. Gn^(0)  L=0        =  1.025E-02 +/- 1.06 %
 Ave. Gg      L=0        =  2.216E-01 +/- 20.27 %
 Ave. D       L=0        =  3.356E+01 +/- 3.29 %
 Ave. S       L=0        =  1.660E-04 +/- 3.63 %
 Ave. Gtotal  L=1        =  5.943E-02 +/- 0.00 %
 Ave. Gn^(1)  L=1        =  2.784E-01 +/- 3.02 %
 Ave. Gg      L=1        =  6.108E-02 +/- 10.45 %
 Ave. D       L=1        =  1.856E+01 +/- 0.00 %
 Ave. S       L=1        =  2.614E-03 +/- 3.02 %
 Ave. Gtotal  L=2        =  5.953E-02 +/- 0.00 %
 Ave. Gn^(2)  L=2        =  6.007E-02 +/- 5.48 %
 Ave. Gg      L=2        =  6.049E-02 +/- 6.78 %
 Ave. D       L=2        =  1.591E+01 +/- 0.00 %
 Ave. S       L=2        =  3.809E-04 +/- 5.48 %

 Expected Thermal (n,g) (syst or meas)= 26.134 b. +/- 18.2938 b. nominal: 20.1002 b.
 ratio Calculated/expected thermal (n,g): 0.61 ratio DCalculated/Dexpected: 0.15 ratio Calculated/Nominal: 0.80
 ============== From 6 random values ===== stop ======
 ================================================
 ... Calculation of (n,a) and (n,p) cross sections at 300 K
 ... thermal (n,a) cross section is 1.95911e-05 +/- 9.79553e-06 b.
 ... thermal (n,a) cross section is 3.67709e-05 b. (random case 1)
 ... thermal (n,a) cross section is 5.37709e-05 b. (random case 2)
 ... thermal (n,a) cross section is 7.07709e-05 b. (random case 3)
 ... thermal (n,a) cross section is 8.77709e-05 b. (random case 4)
 ... thermal (n,a) cross section is 0.000104771 b. (random case 5)
 ... thermal (n,a) cross section is 0.000121771 b. (random case 6)
 ... (n,p) Q-value negative for this element
 ... Rewrite index for MF2
 ... Write text for MF1 in file mf1.tares.txt
 ... plotting cross sections for the MF1
 ... order output files


================== summary ==================
 Thermal (n,tot) xs = 23.5256 b. 
 Thermal (n,el)  xs = 3.42525 b. 
 Thermal (n,g)   xs = 20.1002 b. (meas/sys: 26.134 b.)
 At 300 K (thermal adjustment): (n,el) = 3.4399 b., (n,g) = 20.1113 b.

 RI      (n,g)      = 346.671 b. (meas or sys: - b.)
 RI      (n,el)     = 618.814 b.
=============================================


 ... cleaning
                                                 
  -------------------------------------------------------------
  -                                                           -
  - TARES: successful end of run with data from hypothetical  -
  - resonances for  Z= 48, A= 119 and isomer= 1               -
  - half-life: 2.200000 min. 
  -                                                           -
  -------------------------------------------------------------

   Running time:       23 seconds

 End time: Wed Oct  7 10:44:07 2026

