
  -------------------------------------------------------------
  -                                                           -
  -              Welcome to TARES version 1.8                 -
  -                                                           -
  -  (C) Copyright 2007-2025 D. Rochman, All Rights Reserved  -
  -           NRG, Petten, the Netherlands 2007-2014          -
  -           PSI, Villigen    Switzerland 2015-2025          -
  -         Nagra, Wettingen   Switzerland 2025-              -
  -           (Last Modified October 06, 2026)                -
  -           (Database from October 06, 2026)                -
  -                                                           -
  -------------------------------------------------------------


  ---------------------------------------------
   Compilation information:
   Compiled on:         Oct  8 2026, 18:36:06
   Compiled by:         koning
   Compiler version:    clang++ - 21.0.0
   Source location:     /Users/koning/tares-1.8/source/Module/
   Binaries location:   /Users/koning/bin
   System:              Darwin 25.6.0
   System version:      Darwin Kernel Version 25.6.0: Fri Jul 31 19:19:08 PDT 2026; root:xnu-12377.161.14~5/RELEASE_ARM64_T6050  
   Machine:             arm64 
  ---------------------------------------------

   User information:
   User name:           koning
   Running directory:   /Users/koning/tendl/resbase/Xe124/work
   Owner mode for running directory : rwx
   Group mode for running directory : r-x
  ---------------------------------------------


 Starting time: Fri Oct  9 10:35:50 2026
 ... inputs directory found (/Users/koning/tares-1.8/source/Module//../../inputs/).
 ... It will be used for resonance parameters 
 ... ###############################################
 ... #     read the input file tares.inp
 ... ###############################################
 ... line: #
 ... line: # Input file generated by Autorochman
          --> line not read
 ... line: #
 ... line: isotope    Xe
          --> Isotope name: Xe
 ... line: mass       124
          --> isotopic mass: 124
 ... line: output     n-Xe124
         ---> Name of the output files: n-Xe124
 ... line: isomer     0
          --> isomeric state: 0
 ... line: mf32mf33   y
          --> MF33 based on MF32: y
 ... line: nbrRandom  20
          --> Nbr of random files: 20
 ... ###############################################
 ... # end read the input file tares.inp
 ... ###############################################
Value for random generator type not considered in since Tares 1.7 due to compilation issues

 ... ###############################################
     #   Interpretation of the Input definition    #
     ###############################################

 ... Default energy limit: End of resonance region
 ... Nuclear charge    = 54
 ... Element           = Xe
 ... Mass              = 124
 ... Isomer            = 0
 ... Correlation for (Gn,Gg) not included in random files
 ... Default random option: No random
 ... Output name: n-Xe124
 ... Energy for the MACS: 30000 eV
 ... Resonances from CALENDF reduced (reduce=y) 
 ... For URR, level density model from TALYS selected: 91n3n12611.2850 (see manual for description)
 ... Random Generator: default (pseudo random numbers from ansi c++)
 ... Reconstruction of cross section selected
 ... Doppler broadening at 0 Kelvin
 ... Default formalism: Multi Level Breit Wigner (from file best.tendl.yes)
 ... URR not included (from the input file flag)
 ... Weight for grouping is flat
 ... Calculation of (n,alpha) cross section selected
 ... Number of digit for MF32c covariance representation: 2
 ... MF32 included
 ... MF33 will be used for covariance processing
 ... TENDL option set to yes (automatic choice of MF2 and format)
 ... default option: Multi level Breit Wigner approximation selected
 ... (check file best.tendl.yes for changing this option)
 ... Retroactive option set to no with the 2025 option
 ... ladder option set to yes (CALENDF will be used for statistical resonances)

 ... ###############################################
     #           End of Input definition           #
     ###############################################

 ... gnuplot found, will be used for plotting
 ... latex found, will be used for plotting
 ... dvips found, will be used for plotting
 ... ps2epsi not found, limited plotting available
 ... uncertainties on default parameters multiplied by 1.07985
 ... Read resonance data from the 2025 directory
 ... Resonance parameters taken from /Users/koning/tares-1.8/source/Module//../../inputs/2025/Resonance/default/
 ---> Processing Z= 54 and A= 124 and isomer= 0 (level number: 0)
Thermal file; Could not open file /Users/koning/tares-1.8/source/Module//../../inputs/2025/runThermal/results//thermal.mxw.ng.cendl3.1
Thermal file; Could not open file /Users/koning/tares-1.8/source/Module//../../inputs/2025/runThermal/results//thermal.mxw.ng.brond3.1
Thermal file; Could not open file /Users/koning/tares-1.8/source/Module//../../inputs/2025/runThermal/results//thermal.xs.ng.unc.cendl3.1
 ... spin taken from the final/ directory (1)
 ... The spin found in level file ( 0 ) and the one in the urr file ( 5.5 ) differ

 ... ###############################################
 ... #  Nucleus global parameters (2025 database)  #
 ... ###############################################
 ... Scattering radius from TALYS: /Users/koning/tares-1.8/source/Module//../../inputs/2025/lib.urr/talys.urr/
 0. Spin of the target isotope: 0
 1. Relative Atomic Mass of the target isotope: 123.905
 2. Isotopic composition of the target isotope: 0.095 %
 3. Scattering radius (local compilation): 6.62465 fm +/- 0.0993697 fm
      .......................................
      ... Thermal capture cross sections: ...
 4. Thermal (sigma0) (n,g) cross section from experiments (local compilation): 150 +/- 20 b.
 5. Thermal (n,g) cross section from compilation (Firestone-2022 final on element Xe): 24.6 +/- 2.3 b.
 6. Thermal (n,g) cross section from compilation (Mughabghab-2006): 150 +/- 20 b.
 7. Thermal (n,g) cross section from compilation (Mughabghab-2018): 150 +/- 20 b.
 8. Thermal Maxwellian (n,g) XS from compilation (Sukhoruchkin-2009): 150 +/- 20 b.
 9. Thermal Maxwellian (n,g) XS from compilation (Sukhoruchkin-2015): 150 +/- 20 b.
 10. Thermal (n,g) cross section from EAF-2010: 164.69 b.
 11. Thermal (n,g) cross section from compilation (CRP-2007): 11 +/- 2 b.
 12. Thermal (n,g) cross section from ENDF/B-VI.8: 165.2 b.
 13. Thermal (n,g) cross section from ENDF/B-VIII.1: 148.4 b.
 14. Thermal (n,g) cross section from ENDF/B-VIII.0: 148.9 b.
 15. Thermal (n,g) cross section from JEF2.2: 165.2 b.
 16. Thermal (n,g) cross section from TENDL-2023: 150 +/- 18.86 b.
 17. Thermal (n,g) cross section from CENDL3.3: 150.2 b.
 18. Thermal (n,g) cross section from JEFF-3.3: 149.9 +/- 36.77 b.
 19. Thermal (n,g) cross section from JEFF-4.0: 150 +/- 18.78 b.
 20. Thermal (n,g) cross section from JENDL-5.0: 148.9 b.
      .......................................
      ...  Thermal total cross sections:  ...
      .......................................
      ... Thermal elastic cross sections: ...
 21. Thermal (n,el) cross section from ENDF/B-VIII.1: 0.1598 b.
 22. Thermal (n,el) cross section from ENDF/B-VIII.0: 0.1598 b.
 23. Thermal (n,el) cross section from ENDF/B-VI.8: 4.318 b.
 24. Thermal (n,el) cross section from JENDL-5.0: 0.1598 b.
 25. Thermal (n,el) cross section from JEFF-3.3: 0.1222 b.
 26. Thermal (n,el) cross section from potential (4piR^2): 8.32559 +/- 0.41628 b.
      .......................................
             ... Resonance integral: ...
 27. Experimental capture integral (local compilation): 3600 +/- 700 b.
 28. Experimental capture integral (Mughabghab): 3600 +/- 700 b.
 29. Experimental capture integral (Sukhoruchkin): 3189 +/- 684 b.
   ---- MACS 30 keV ----- 
 30. TALYS MACS 30 keV (HF): 0.634275 b. 
 31. Recommended MACS 30 keV from EAF: 0.131 b. 
 32. Recommended MACS 30 keV (local compilation): 0.644 +/- 0.083 b. 
 33. Recommended MACS 30 keV from Kadonis: 0.644 +/- 0.083 b. 
 34. Recommended MACS (Sukhoruchkin): 1.3 +/- 0.3 b.
 35. Recommended MACS (Mughabghab): 0.644 +/- 0.083 b.
   ---------- S0 -------- 
 36. S0 from TALYS: 1.14108
   ---------- S1 -------- 
 37. S1 from TALYS: 1.60171
   ---------- S2 -------- 
 38. S2 from TALYS: 0.81525
   ---------- D0 -------- 
 39. D0 from TALYS: 42.7532 eV
 40. Atlas D0: 43 +/- 9
   ---------- D1 -------- 
 41. D1 from TALYS: 14.7289 eV
   ---------- D2 -------- 
 42. D2 from TALYS: 9.43985 eV
   ---------- G0 -------- 
 43. Gg0 from TALYS: 0.107302 eV
   ---------- G1 -------- 
 44. Gg1 from TALYS: 0.112358 eV
   ---------- G2 -------- 
 45. Gg2 from TALYS: 0.10406 eV


   ---------------------- 
 ... Read resonance parameters (format: 2: Multi Level Breit Wigner)
 ... 5 resonances found 
 --> 46. Number of resonances from the input file: 5 up to 251.6 eV
 47. Read nuclear quantities (mass, MAT...)
 48. Read thermal (n,g) xs 
 49. Read the scattering radius 
 50. Read uncertainty on Gg for 5 resonances
 51. Read uncertainty on Gg for 5 resonances ... done
 ... order resonances 
 ... Upper limit for the RRR: 12 eV (no statistical resonances HFR) from the limit.RRR file
 ... Write parameters for l=0 waves
 ... End writing original MF2 
 ... Enter in urr function (ladder option set to y) for file n-Xe124
 ... read the file /Users/koning/tares-1.8/source/Module//../../inputs/2025/list.jcs.urr to find URR origin
 Default URR taken from TALYS calculations with level density model: 91n3n12611.2850
 File considered for the URR: /Users/koning/tares-1.8/source/Module//../../inputs/2025/lib.urr/talys.urr/91n3n12611.2850/Xe/urr/urr.dat.Xe.124.000.0.gz
 ... Write URR using TALYS average parameters (used for HFR)
 ... Limit of URR changed to 25 keV (recommendation from WPEC and JEFF)
 ... Extract the Sn value from file ./urr.dat.Xe.124.0.0
 ... found Sn= 7.60327 MeV
 ... estimated number of resonances up to 3459.62 eV:  80.9208 resonances
 ... This is a test here. The higher energy limit to include URR data for calendf is set to max Sn. 24/03/2016
 ... Use Sn to define the maximum energy for the URR: Sn= 7.60327 MeV --> last_energyURR= 3459.62 eV
 ... read D0, S0, Gn and Gg
 ... number of URR energies: 515
 Number of l: 515 and last energy: 5
 Last  URR energy: 3459.62 eV
 ... Enter in to_MLBW_mf2 function
 ... Convert to Multi Level Breit Wigner (MLBW)
 ... Gn-Gg correlations: calculated capture kernel used for 5 evaluated resonances (no measured kernel)
 ... Write parameter covariances (MF32) for l=0
 ... Convert parameter covariances (MF32) to MLBW
 ... copy the mf2 and mf32 to .mlbw files
 ... Enter in urr_correct function case 1
 Modify the higher limit of RRR in MF2
 --> old value: 1.200000+1 eV new value: 1.200000+1 eV
 Modify resonance covariances (MF32) to include correlations in the URR
 End Modify resonance covariances (MF32) to include correlations in the URR
 ... Enter in calendf_xs function
 Use CALENDF for statistical resonances (update MF2) up to 3.459620+3 eV (initial limit)
 Extract resonances from CALENDF for RRR->URR 2
 668 statistical resonances found
 After reduction, 496 statistical resonances found
 ... checking resonance order 1
 ... checking resonance order 2nd round for 496 resonances
 ... end checking resonance order 2nd round
 .......................................................
 ... Adjustment to the thermal cross section : start ...
 .......................................................

 Before adjustment (adjustment to the thermal cross section set to y)
 ... Import MF2 from TARES calculations
 ... End energy of TARES MF2 : 3.432033E+3 eV and limit to 40000 resonances
 ... File used for reconstruction: new.temp22.reconst
 ... run RECENT ...
 ... Doppler broadened at a unique temperature: 300 Kelvin using sigma1
 ... run SIGMA1 at 3.000000E+02 K.

 ============== INTER values at 300 Kelvin ==============
 Thermal (n,g) xs =  173.139 b. (meas/sys: 150 b.) (warning: comparison to be done at 296 or 300 K)
 Th Maxw (n,g) xs =  174.79 b. (thermal Maxwellian value)
 Westcott factor  =  1.00952
 RI      (n,g)    =  3450.74 b. (meas or sys: 3600 b.)
 MACS 3.000e+04 eV=  0.62925 b. (meas or sys: - b.) from 1.00E+00 to 2.00E+07 eV (end of RRR) at T= 300 Kelvin 
 Thermal (n,el) xs=  0.343545 b.
 RI      (n,el)   =  920.8 b.
 ============= PSYCHE values ==============
 Ave. G_total L0  =  0.290169 eV
 Ave. G_total L1  =  0.110788 eV
 Ave. G_total L2  =  0.101459 eV
 Ave. Gn_0    L0  =  0.00487571
 Ave. Gn_0    L1  =  0.00739691
 Ave. Gn_0    L2  =  0.00230637
 Ave. Gg      L0  =  0.107151 eV
 Ave. Gg      L1  =  0.109511 eV
 Ave. Gg      L2  =  0.101459 eV
 Ave. D       L0  =  41.3498 eV
 Ave. D       L1  =  20.4288 eV
 Ave. D       L2  =  14.987 eV
 Ave. S       L0  =  0.000119334 eV
 Ave. S       L1  =  0.000170166 eV
 Ave. S       L2  =  7.98202e-05 eV
 =========================================
 Calculated capture integral   3450.74 b.
 Calculated thermal (n,g)=          173.139245 b. and recommended= 150 b. (C/E= 1.15426)
 Calculated RI      (n,g)= 3450.74 b. and recommended= 3600 b. (C/E= 0.958539)
 ... tolerances: thermal (n,g) 13.3333 %, RI(n,g) 19.4444 % (reference uncertainties, minimum 2% and 5%, maximum 20%)
 Adjust the capture widths ...
 ... capture adjusted with Gn for 462 resonances (Gn<Gg) and with Gg for 34 resonances
 ... iteration 0: C/E thermal (n,g)= 1.15426
 ...             C/E RI (n,g)= 0.95854  [RRR: 3447.14 b. + above RRR: 3.60419 b. ; reference: 3600 b.]

 <-------- After adjustment -------->
 ... Import MF2 from TARES calculations
 ... End energy of TARES MF2 : 3.432033E+3 eV and limit to 40000 resonances
 ... File used for reconstruction: new.temp22.reconst
 ... run RECENT ...
 ... Doppler broadened at a unique temperature: 300 Kelvin using sigma1
 ... run SIGMA1 at 3.000000E+02 K.

 ============== INTER values at 300 Kelvin ==============
 Thermal (n,g) xs =  167 b. (meas/sys: 150 b.) (warning: comparison to be done at 296 or 300 K)
 Th Maxw (n,g) xs =  168.59 b. (thermal Maxwellian value)
 Westcott factor  =  1.00952
 RI      (n,g)    =  3351.43 b. (meas or sys: 3600 b.)
 MACS 3.000e+04 eV=  0.62874 b. (meas or sys: - b.) from 1.00E+00 to 2.00E+07 eV (end of RRR) at T= 300 Kelvin 
 Thermal (n,el) xs=  0.444091 b.
 RI      (n,el)   =  868.087 b.
 ============= PSYCHE values ==============
 Ave. G_total L0  =  0.287908 eV
 Ave. G_total L1  =  0.110743 eV
 Ave. G_total L2  =  0.101459 eV
 Ave. Gn_0    L0  =  0.0048416
 Ave. Gn_0    L1  =  0.00713463
 Ave. Gn_0    L2  =  0.00222459
 Ave. Gg      L0  =  0.105656 eV
 Ave. Gg      L1  =  0.109511 eV
 Ave. Gg      L2  =  0.101459 eV
 Ave. D       L0  =  41.3498 eV
 Ave. D       L1  =  20.4288 eV
 Ave. D       L2  =  14.987 eV
 Ave. S       L0  =  0.0001185 eV
 Ave. S       L1  =  0.000164132 eV
 Ave. S       L2  =  7.69899e-05 eV
 =========================================
 ... iteration 1: C/E thermal (n,g)= 1.11333
 ...             C/E RI (n,g)= 0.930956  [RRR: 3347.84 b. + above RRR: 3.60419 b. ; reference: 3600 b.]


 ... ratio C/E thermal (n,g): 1.113334E+00
 ...................................................... 
 ... Adjustment to the thermal cross section : stop ...
 ...................................................... 
 ... new MF2 file after adjustment: n-Xe124
 ... read the file /Users/koning/tares-1.8/source/Module//../../inputs/2025/list.jcs.urr to find URR origin
 Default URR taken from TALYS calculations with level density model: 91n3n12611.2850
 File considered for the URR: /Users/koning/tares-1.8/source/Module//../../inputs/2025/lib.urr/talys.urr/91n3n12611.2850/Xe/urr/urr.dat.Xe.124.000.0.gz
 ... Write URR using TALYS average parameters (not used for HFR)
 ... Limit of URR changed to 25 keV (recommendation from WPEC and JEFF)
 Energy limit of the URR set to 4461.64 eV
 ... read D0, S0, Gn and Gg
 ... number of URR energies: 25
 Number of l: 25 and last energy: 5
 Last  URR energy: 4461.64 eV
 ... Enter in urr_correct function case 2
 Modify the higher limit of RRR in MF2
 --> old value: 3.432033+3 eV new value: 3.432033+3 eV
 Modify resonance covariances (MF32) to include correlations in the URR
 End Modify resonance covariances (MF32) to include correlations in the URR
 ... Enter in update_MF32 function
 ... Change uncertainties
 ... for the HFR, random position of the positive resonances with 0.021597 %
 ... MF32: 1 energy correlation lines (time of flight) for the first 2 evaluated resonances
 ... end of update MF32 function
 ... GLS calculation of the parameter correlations from the thermal/RI adjustment (MF32c)
 ... MF32: correlations from the thermal/RI adjustment (GLS) for 7 resonances (14 widths), 4 correlation lines
 ...   thermal (n,g): uncertainty from these widths 0.97049 b. -> 0.969174 b. (reference: 150 +/- 20 b.)
 ...   RI(n,g): uncertainty from these widths 239.2 b. -> 226.349 b. (reference: 3600 +/- 700 b.)
 ... copy the mf2 and mf32 to .mlbw files

 ... Start of final reconstruction and testing ...
 ... Reconstruction of cross sections at 0 Kelvin  ... Import MF2 from TARES calculations
 ... End energy of TARES MF2 : 3.432033E+3 eV and limit to 40000 resonances
 ... File used for reconstruction: n-Xe124.reconst
 ... run RECENT ...
 ... Doppler broadened at a unique temperature: 0 Kelvin using sigma1
 ... The keyword temperature is zero, no Doppler broadening for the MACS

 ============== INTER values at 0 Kelvin ==============
 Thermal (n,g) xs =  166.897 b. (meas/sys: 150 b.) (warning: comparison to be done at 296 or 300 K)
 Th Maxw (n,g) xs =  167.62 b. (thermal Maxwellian value)
 Westcott factor  =  1.00432
 RI      (n,g)    =  3349.83 b. (meas or sys: 3600 b.)
 MACS 3.000e+04 eV=  0.62509 b. (meas or sys: - b.) from 1.00E+00 to 3.43E+03 eV (end of RRR) at T= 0 Kelvin 
 Thermal (n,el) xs=  0.442577 b.
 RI      (n,el)   =  867.612 b.
 ============= PSYCHE values ==============
 Ave. G_total L0  =  0.287908 eV
 Ave. G_total L1  =  0.110743 eV
 Ave. G_total L2  =  0.101459 eV
 Ave. Gn_0    L0  =  0.0048416
 Ave. Gn_0    L1  =  0.00713463
 Ave. Gn_0    L2  =  0.00222459
 Ave. Gg      L0  =  0.105656 eV
 Ave. Gg      L1  =  0.109511 eV
 Ave. Gg      L2  =  0.101459 eV
 Ave. D       L0  =  41.3498 eV
 Ave. D       L1  =  20.4288 eV
 Ave. D       L2  =  14.987 eV
 Ave. S       L0  =  0.0001185 eV
 Ave. S       L1  =  0.000164132 eV
 Ave. S       L2  =  7.69899e-05 eV
 =========================================
 ... End of final reconstruction and testing ...

 ... grouping is not optimum, change to 70 groups
 ... Produce MF33 based on MF32 and 20 random files
 ... MF3 of n-Xe124.reconst (3 sections) added to the files for ENDSAM
 ... run endsam for 20 in groups of 1 global run
 ... run endsam from 1 to 20
 ... random files: total width GT set to Gn+Gg+Gf (9920 resonances in 20 files)
 ... reorder resonance position after endsam (sampling)
 ... preparing the vectors  ... done
 ... nominal file 0 Cap(th)  ave= 1.669E+02 b. +/- 0.00 % || Ela(th) ave= 4.426E-01 b. +/- 0.00 % || RIcap ave= 3.35E+03 b. +/- 0.00 % || Macs30 ave= 6.25E-01 b. +/- 0.00 % || Gn^0(l=0) ave= 4.842E-03 +/- 0.00 % Gn^0(l=1) ave= 7.135E-03 +/- 0.00 % Gn^0(l=2) ave= 2.225E-03 +/- 0.00 % Gn^0(l=3) ave= 0.000E+00 +/- 0.00 % || Gtotal(l=0) ave= 2.879E-01 +/- 0.00 % Gtotal(l=1) ave= 1.107E-01 +/- 0.00 % Gtotal(l=2) ave= 1.015E-01 +/- 0.00 % Gtotal(l=3) ave= 0.000E+00 +/- 0.00 %  % || Gg(l=0) ave= 1.057E-01 +/- 0.00 % Gg(l=1) ave= 1.095E-01 +/- 0.00 % Gg(l=2) ave= 1.015E-01 +/- 0.00 % Gg(l=3) ave= 0.000E+00 +/- 0.00 %  % || D(l=0) ave= 4.135E+01 +/- 0.00 % D(l=1) ave= 2.043E+01 +/- 0.00 % D(l=2) ave= 1.499E+01 +/- 0.00 % D(l=3) ave= 0.000E+00 +/- 0.00 %  % || S(l=0) ave= 1.185E-04 +/- 0.00 % S(l=1) ave= 1.641E-04 +/- 0.00 % S(l=2) ave= 7.699E-05 +/- 0.00 % S(l=3) ave= 0.000E+00 +/- 0.00 % 
 ... random file  1 Cap(th)  ave= 1.718E+02 b. +/- 2.87 % || Ela(th) ave= 2.293E-01 b. +/- 92.99 % || RIcap ave= 3.49E+03 b. +/- 3.91 % || Macs30 ave= 6.25E-01 b. +/- 0.03 % || Gn^0(l=0) ave= 4.890E-03 +/- 1.00 % Gn^0(l=1) ave= 7.482E-03 +/- 4.64 % Gn^0(l=2) ave= 2.454E-03 +/- 9.33 % Gn^0(l=3) ave= 0.000E+00 +/- 0.00 % || Gtotal(l=0) ave= 2.904E-01 +/- 0.86 % Gtotal(l=1) ave= 1.107E-01 +/- 0.00 % Gtotal(l=2) ave= 1.017E-01 +/- 0.21 % Gtotal(l=3) ave= 0.000E+00 +/- 0.00 %  % || Gg(l=0) ave= 1.072E-01 +/- 1.48 % Gg(l=1) ave= 1.095E-01 +/- 0.00 % Gg(l=2) ave= 1.017E-01 +/- 0.21 % Gg(l=3) ave= 0.000E+00 +/- 0.00 %  % || D(l=0) ave= 4.160E+01 +/- 0.61 % D(l=1) ave= 2.043E+01 +/- 0.00 % D(l=2) ave= 1.499E+01 +/- 0.00 % D(l=3) ave= 0.000E+00 +/- 0.00 %  % || S(l=0) ave= 1.190E-04 +/- 0.40 % S(l=1) ave= 1.721E-04 +/- 4.65 % S(l=2) ave= 8.491E-05 +/- 9.33 % S(l=3) ave= 0.000E+00 +/- 0.00 % 
 ... random file  2 Cap(th)  ave= 1.619E+02 b. +/- 8.98 % || Ela(th) ave= 4.507E-01 b. +/- 79.49 % || RIcap ave= 3.31E+03 b. +/- 8.16 % || Macs30 ave= 6.25E-01 b. +/- 0.03 % || Gn^0(l=0) ave= 4.877E-03 +/- 0.90 % Gn^0(l=1) ave= 7.602E-03 +/- 4.35 % Gn^0(l=2) ave= 2.532E-03 +/- 8.60 % Gn^0(l=3) ave= 0.000E+00 +/- 0.00 % || Gtotal(l=0) ave= 2.899E-01 +/- 0.75 % Gtotal(l=1) ave= 1.110E-01 +/- 0.34 % Gtotal(l=2) ave= 1.023E-01 +/- 0.89 % Gtotal(l=3) ave= 0.000E+00 +/- 0.00 %  % || Gg(l=0) ave= 1.066E-01 +/- 1.48 % Gg(l=1) ave= 1.098E-01 +/- 0.35 % Gg(l=2) ave= 1.023E-01 +/- 0.89 % Gg(l=3) ave= 0.000E+00 +/- 0.00 %  % || D(l=0) ave= 4.169E+01 +/- 0.57 % D(l=1) ave= 2.043E+01 +/- 0.00 % D(l=2) ave= 1.499E+01 +/- 0.00 % D(l=3) ave= 0.000E+00 +/- 0.00 %  % || S(l=0) ave= 1.184E-04 +/- 0.74 % S(l=1) ave= 1.749E-04 +/- 4.34 % S(l=2) ave= 8.764E-05 +/- 8.60 % S(l=3) ave= 0.000E+00 +/- 0.00 % 
 ... random file  3 Cap(th)  ave= 1.680E+02 b. +/- 9.75 % || Ela(th) ave= 3.532E-01 b. +/- 100.03 % || RIcap ave= 3.40E+03 b. +/- 8.19 % || Macs30 ave= 6.25E-01 b. +/- 0.04 % || Gn^0(l=0) ave= 4.875E-03 +/- 0.79 % Gn^0(l=1) ave= 7.769E-03 +/- 5.24 % Gn^0(l=2) ave= 2.645E-03 +/- 10.25 % Gn^0(l=3) ave= 0.000E+00 +/- 0.00 % || Gtotal(l=0) ave= 2.905E-01 +/- 0.74 % Gtotal(l=1) ave= 1.116E-01 +/- 0.98 % Gtotal(l=2) ave= 1.021E-01 +/- 0.84 % Gtotal(l=3) ave= 0.000E+00 +/- 0.00 %  % || Gg(l=0) ave= 1.074E-01 +/- 1.83 % Gg(l=1) ave= 1.104E-01 +/- 0.99 % Gg(l=2) ave= 1.021E-01 +/- 0.84 % Gg(l=3) ave= 0.000E+00 +/- 0.00 %  % || D(l=0) ave= 4.160E+01 +/- 0.61 % D(l=1) ave= 2.043E+01 +/- 0.00 % D(l=2) ave= 1.499E+01 +/- 0.00 % D(l=3) ave= 0.000E+00 +/- 0.00 %  % || S(l=0) ave= 1.186E-04 +/- 0.69 % S(l=1) ave= 1.787E-04 +/- 5.22 % S(l=2) ave= 9.153E-05 +/- 10.25 % S(l=3) ave= 0.000E+00 +/- 0.00 % 
 ... random file  4 Cap(th)  ave= 1.638E+02 b. +/- 10.31 % || Ela(th) ave= 3.844E-01 b. +/- 83.80 % || RIcap ave= 3.36E+03 b. +/- 7.76 % || Macs30 ave= 6.25E-01 b. +/- 0.04 % || Gn^0(l=0) ave= 4.865E-03 +/- 0.83 % Gn^0(l=1) ave= 7.772E-03 +/- 4.68 % Gn^0(l=2) ave= 2.646E-03 +/- 9.16 % Gn^0(l=3) ave= 0.000E+00 +/- 0.00 % || Gtotal(l=0) ave= 2.901E-01 +/- 0.73 % Gtotal(l=1) ave= 1.116E-01 +/- 0.88 % Gtotal(l=2) ave= 1.023E-01 +/- 0.86 % Gtotal(l=3) ave= 0.000E+00 +/- 0.00 %  % || Gg(l=0) ave= 1.072E-01 +/- 1.70 % Gg(l=1) ave= 1.104E-01 +/- 0.89 % Gg(l=2) ave= 1.023E-01 +/- 0.86 % Gg(l=3) ave= 0.000E+00 +/- 0.00 %  % || D(l=0) ave= 4.155E+01 +/- 0.59 % D(l=1) ave= 2.043E+01 +/- 0.00 % D(l=2) ave= 1.499E+01 +/- 0.00 % D(l=3) ave= 0.000E+00 +/- 0.00 %  % || S(l=0) ave= 1.185E-04 +/- 0.65 % S(l=1) ave= 1.788E-04 +/- 4.67 % S(l=2) ave= 9.159E-05 +/- 9.16 % S(l=3) ave= 0.000E+00 +/- 0.00 % 
 ... random file  5 Cap(th)  ave= 1.681E+02 b. +/- 10.84 % || Ela(th) ave= 3.555E-01 b. +/- 84.67 % || RIcap ave= 3.41E+03 b. +/- 7.63 % || Macs30 ave= 6.25E-01 b. +/- 0.05 % || Gn^0(l=0) ave= 4.865E-03 +/- 0.75 % Gn^0(l=1) ave= 7.645E-03 +/- 5.72 % Gn^0(l=2) ave= 2.563E-03 +/- 11.30 % Gn^0(l=3) ave= 0.000E+00 +/- 0.00 % || Gtotal(l=0) ave= 2.897E-01 +/- 0.74 % Gtotal(l=1) ave= 1.119E-01 +/- 0.95 % Gtotal(l=2) ave= 1.020E-01 +/- 1.01 % Gtotal(l=3) ave= 0.000E+00 +/- 0.00 %  % || Gg(l=0) ave= 1.068E-01 +/- 1.71 % Gg(l=1) ave= 1.107E-01 +/- 0.96 % Gg(l=2) ave= 1.020E-01 +/- 1.01 % Gg(l=3) ave= 0.000E+00 +/- 0.00 %  % || D(l=0) ave= 4.152E+01 +/- 0.57 % D(l=1) ave= 2.043E+01 +/- 0.00 % D(l=2) ave= 1.499E+01 +/- 0.00 % D(l=3) ave= 0.000E+00 +/- 0.00 %  % || S(l=0) ave= 1.186E-04 +/- 0.63 % S(l=1) ave= 1.759E-04 +/- 5.70 % S(l=2) ave= 8.870E-05 +/- 11.30 % S(l=3) ave= 0.000E+00 +/- 0.00 % 
 ... random file  6 Cap(th)  ave= 1.672E+02 b. +/- 10.18 % || Ela(th) ave= 3.835E-01 b. +/- 74.83 % || RIcap ave= 3.39E+03 b. +/- 7.24 % || Macs30 ave= 6.25E-01 b. +/- 0.05 % || Gn^0(l=0) ave= 4.857E-03 +/- 0.81 % Gn^0(l=1) ave= 7.563E-03 +/- 5.98 % Gn^0(l=2) ave= 2.509E-03 +/- 11.93 % Gn^0(l=3) ave= 0.000E+00 +/- 0.00 % || Gtotal(l=0) ave= 2.892E-01 +/- 0.82 % Gtotal(l=1) ave= 1.120E-01 +/- 0.89 % Gtotal(l=2) ave= 1.017E-01 +/- 1.17 % Gtotal(l=3) ave= 0.000E+00 +/- 0.00 %  % || Gg(l=0) ave= 1.064E-01 +/- 1.84 % Gg(l=1) ave= 1.107E-01 +/- 0.90 % Gg(l=2) ave= 1.017E-01 +/- 1.17 % Gg(l=3) ave= 0.000E+00 +/- 0.00 %  % || D(l=0) ave= 4.149E+01 +/- 0.55 % D(l=1) ave= 2.043E+01 +/- 0.00 % D(l=2) ave= 1.499E+01 +/- 0.00 % D(l=3) ave= 0.000E+00 +/- 0.00 %  % || S(l=0) ave= 1.185E-04 +/- 0.64 % S(l=1) ave= 1.740E-04 +/- 5.96 % S(l=2) ave= 8.682E-05 +/- 11.93 % S(l=3) ave= 0.000E+00 +/- 0.00 % 
 ... random file  7 Cap(th)  ave= 1.685E+02 b. +/- 9.66 % || Ela(th) ave= 4.377E-01 b. +/- 69.54 % || RIcap ave= 3.40E+03 b. +/- 6.82 % || Macs30 ave= 6.25E-01 b. +/- 0.06 % || Gn^0(l=0) ave= 4.853E-03 +/- 0.79 % Gn^0(l=1) ave= 7.408E-03 +/- 7.96 % Gn^0(l=2) ave= 2.413E-03 +/- 15.62 % Gn^0(l=3) ave= 0.000E+00 +/- 0.00 % || Gtotal(l=0) ave= 2.888E-01 +/- 0.84 % Gtotal(l=1) ave= 1.120E-01 +/- 0.83 % Gtotal(l=2) ave= 1.021E-01 +/- 1.46 % Gtotal(l=3) ave= 0.000E+00 +/- 0.00 %  % || Gg(l=0) ave= 1.062E-01 +/- 1.84 % Gg(l=1) ave= 1.107E-01 +/- 0.84 % Gg(l=2) ave= 1.021E-01 +/- 1.46 % Gg(l=3) ave= 0.000E+00 +/- 0.00 %  % || D(l=0) ave= 4.148E+01 +/- 0.53 % D(l=1) ave= 2.043E+01 +/- 0.00 % D(l=2) ave= 1.499E+01 +/- 0.00 % D(l=3) ave= 0.000E+00 +/- 0.00 %  % || S(l=0) ave= 1.184E-04 +/- 0.61 % S(l=1) ave= 1.704E-04 +/- 7.95 % S(l=2) ave= 8.352E-05 +/- 15.62 % S(l=3) ave= 0.000E+00 +/- 0.00 % 
 ... random file  8 Cap(th)  ave= 1.718E+02 b. +/- 10.47 % || Ela(th) ave= 4.063E-01 b. +/- 73.93 % || RIcap ave= 3.44E+03 b. +/- 7.11 % || Macs30 ave= 6.25E-01 b. +/- 0.06 % || Gn^0(l=0) ave= 4.857E-03 +/- 0.76 % Gn^0(l=1) ave= 7.355E-03 +/- 7.83 % Gn^0(l=2) ave= 2.378E-03 +/- 15.53 % Gn^0(l=3) ave= 0.000E+00 +/- 0.00 % || Gtotal(l=0) ave= 2.884E-01 +/- 0.86 % Gtotal(l=1) ave= 1.117E-01 +/- 0.99 % Gtotal(l=2) ave= 1.022E-01 +/- 1.41 % Gtotal(l=3) ave= 0.000E+00 +/- 0.00 %  % || Gg(l=0) ave= 1.058E-01 +/- 1.96 % Gg(l=1) ave= 1.105E-01 +/- 1.00 % Gg(l=2) ave= 1.022E-01 +/- 1.41 % Gg(l=3) ave= 0.000E+00 +/- 0.00 %  % || D(l=0) ave= 4.146E+01 +/- 0.51 % D(l=1) ave= 2.043E+01 +/- 0.00 % D(l=2) ave= 1.499E+01 +/- 0.00 % D(l=3) ave= 0.000E+00 +/- 0.00 %  % || S(l=0) ave= 1.186E-04 +/- 0.64 % S(l=1) ave= 1.692E-04 +/- 7.81 % S(l=2) ave= 8.229E-05 +/- 15.53 % S(l=3) ave= 0.000E+00 +/- 0.00 % 
 ... random file  9 Cap(th)  ave= 1.745E+02 b. +/- 10.79 % || Ela(th) ave= 3.720E-01 b. +/- 81.43 % || RIcap ave= 3.48E+03 b. +/- 7.65 % || Macs30 ave= 6.25E-01 b. +/- 0.05 % || Gn^0(l=0) ave= 4.860E-03 +/- 0.76 % Gn^0(l=1) ave= 7.323E-03 +/- 7.57 % Gn^0(l=2) ave= 2.357E-03 +/- 15.10 % Gn^0(l=3) ave= 0.000E+00 +/- 0.00 % || Gtotal(l=0) ave= 2.885E-01 +/- 0.82 % Gtotal(l=1) ave= 1.117E-01 +/- 0.94 % Gtotal(l=2) ave= 1.023E-01 +/- 1.38 % Gtotal(l=3) ave= 0.000E+00 +/- 0.00 %  % || Gg(l=0) ave= 1.059E-01 +/- 1.87 % Gg(l=1) ave= 1.105E-01 +/- 0.95 % Gg(l=2) ave= 1.023E-01 +/- 1.38 % Gg(l=3) ave= 0.000E+00 +/- 0.00 %  % || D(l=0) ave= 4.145E+01 +/- 0.49 % D(l=1) ave= 2.043E+01 +/- 0.00 % D(l=2) ave= 1.499E+01 +/- 0.00 % D(l=3) ave= 0.000E+00 +/- 0.00 %  % || S(l=0) ave= 1.187E-04 +/- 0.68 % S(l=1) ave= 1.685E-04 +/- 7.56 % S(l=2) ave= 8.156E-05 +/- 15.10 % S(l=3) ave= 0.000E+00 +/- 0.00 % 
 ... random file  10 Cap(th)  ave= 1.722E+02 b. +/- 11.18 % || Ela(th) ave= 4.204E-01 b. +/- 77.75 % || RIcap ave= 3.45E+03 b. +/- 7.91 % || Macs30 ave= 6.25E-01 b. +/- 0.05 % || Gn^0(l=0) ave= 4.855E-03 +/- 0.81 % Gn^0(l=1) ave= 7.476E-03 +/- 9.59 % Gn^0(l=2) ave= 2.465E-03 +/- 19.55 % Gn^0(l=3) ave= 0.000E+00 +/- 0.00 % || Gtotal(l=0) ave= 2.887E-01 +/- 0.80 % Gtotal(l=1) ave= 1.114E-01 +/- 1.19 % Gtotal(l=2) ave= 1.023E-01 +/- 1.32 % Gtotal(l=3) ave= 0.000E+00 +/- 0.00 %  % || Gg(l=0) ave= 1.061E-01 +/- 1.88 % Gg(l=1) ave= 1.102E-01 +/- 1.20 % Gg(l=2) ave= 1.023E-01 +/- 1.32 % Gg(l=3) ave= 0.000E+00 +/- 0.00 %  % || D(l=0) ave= 4.144E+01 +/- 0.47 % D(l=1) ave= 2.043E+01 +/- 0.00 % D(l=2) ave= 1.499E+01 +/- 0.00 % D(l=3) ave= 0.000E+00 +/- 0.00 %  % || S(l=0) ave= 1.186E-04 +/- 0.71 % S(l=1) ave= 1.720E-04 +/- 9.57 % S(l=2) ave= 8.531E-05 +/- 19.55 % S(l=3) ave= 0.000E+00 +/- 0.00 % 
 ... random file  11 Cap(th)  ave= 1.715E+02 b. +/- 10.86 % || Ela(th) ave= 4.356E-01 b. +/- 72.77 % || RIcap ave= 3.43E+03 b. +/- 7.87 % || Macs30 ave= 6.25E-01 b. +/- 0.05 % || Gn^0(l=0) ave= 4.852E-03 +/- 0.79 % Gn^0(l=1) ave= 7.426E-03 +/- 9.52 % Gn^0(l=2) ave= 2.432E-03 +/- 19.52 % Gn^0(l=3) ave= 0.000E+00 +/- 0.00 % || Gtotal(l=0) ave= 2.884E-01 +/- 0.83 % Gtotal(l=1) ave= 1.113E-01 +/- 1.22 % Gtotal(l=2) ave= 1.022E-01 +/- 1.28 % Gtotal(l=3) ave= 0.000E+00 +/- 0.00 %  % || Gg(l=0) ave= 1.059E-01 +/- 1.97 % Gg(l=1) ave= 1.101E-01 +/- 1.23 % Gg(l=2) ave= 1.022E-01 +/- 1.28 % Gg(l=3) ave= 0.000E+00 +/- 0.00 %  % || D(l=0) ave= 4.143E+01 +/- 0.45 % D(l=1) ave= 2.043E+01 +/- 0.00 % D(l=2) ave= 1.499E+01 +/- 0.00 % D(l=3) ave= 0.000E+00 +/- 0.00 %  % || S(l=0) ave= 1.185E-04 +/- 0.69 % S(l=1) ave= 1.708E-04 +/- 9.50 % S(l=2) ave= 8.415E-05 +/- 19.52 % S(l=3) ave= 0.000E+00 +/- 0.00 % 
 ... random file  12 Cap(th)  ave= 1.690E+02 b. +/- 11.73 % || Ela(th) ave= 5.211E-01 b. +/- 81.53 % || RIcap ave= 3.38E+03 b. +/- 9.08 % || Macs30 ave= 6.25E-01 b. +/- 0.05 % || Gn^0(l=0) ave= 4.851E-03 +/- 0.77 % Gn^0(l=1) ave= 7.340E-03 +/- 10.09 % Gn^0(l=2) ave= 2.379E-03 +/- 20.67 % Gn^0(l=3) ave= 0.000E+00 +/- 0.00 % || Gtotal(l=0) ave= 2.883E-01 +/- 0.80 % Gtotal(l=1) ave= 1.114E-01 +/- 1.22 % Gtotal(l=2) ave= 1.021E-01 +/- 1.28 % Gtotal(l=3) ave= 0.000E+00 +/- 0.00 %  % || Gg(l=0) ave= 1.057E-01 +/- 1.97 % Gg(l=1) ave= 1.102E-01 +/- 1.23 % Gg(l=2) ave= 1.021E-01 +/- 1.28 % Gg(l=3) ave= 0.000E+00 +/- 0.00 %  % || D(l=0) ave= 4.147E+01 +/- 0.51 % D(l=1) ave= 2.043E+01 +/- 0.00 % D(l=2) ave= 1.499E+01 +/- 0.00 % D(l=3) ave= 0.000E+00 +/- 0.00 %  % || S(l=0) ave= 1.184E-04 +/- 0.74 % S(l=1) ave= 1.689E-04 +/- 10.07 % S(l=2) ave= 8.232E-05 +/- 20.67 % S(l=3) ave= 0.000E+00 +/- 0.00 % 
 ... random file  13 Cap(th)  ave= 1.679E+02 b. +/- 11.60 % || Ela(th) ave= 5.225E-01 b. +/- 78.36 % || RIcap ave= 3.35E+03 b. +/- 9.46 % || Macs30 ave= 6.25E-01 b. +/- 0.06 % || Gn^0(l=0) ave= 4.850E-03 +/- 0.75 % Gn^0(l=1) ave= 7.362E-03 +/- 9.75 % Gn^0(l=2) ave= 2.391E-03 +/- 19.90 % Gn^0(l=3) ave= 0.000E+00 +/- 0.00 % || Gtotal(l=0) ave= 2.881E-01 +/- 0.82 % Gtotal(l=1) ave= 1.111E-01 +/- 1.44 % Gtotal(l=2) ave= 1.021E-01 +/- 1.25 % Gtotal(l=3) ave= 0.000E+00 +/- 0.00 %  % || Gg(l=0) ave= 1.055E-01 +/- 2.01 % Gg(l=1) ave= 1.099E-01 +/- 1.46 % Gg(l=2) ave= 1.021E-01 +/- 1.25 % Gg(l=3) ave= 0.000E+00 +/- 0.00 %  % || D(l=0) ave= 4.146E+01 +/- 0.50 % D(l=1) ave= 2.043E+01 +/- 0.00 % D(l=2) ave= 1.499E+01 +/- 0.00 % D(l=3) ave= 0.000E+00 +/- 0.00 %  % || S(l=0) ave= 1.184E-04 +/- 0.71 % S(l=1) ave= 1.693E-04 +/- 9.73 % S(l=2) ave= 8.274E-05 +/- 19.90 % S(l=3) ave= 0.000E+00 +/- 0.00 % 
 ... random file  14 Cap(th)  ave= 1.672E+02 b. +/- 11.36 % || Ela(th) ave= 5.258E-01 b. +/- 75.27 % || RIcap ave= 3.35E+03 b. +/- 9.14 % || Macs30 ave= 6.25E-01 b. +/- 0.06 % || Gn^0(l=0) ave= 4.848E-03 +/- 0.74 % Gn^0(l=1) ave= 7.341E-03 +/- 9.50 % Gn^0(l=2) ave= 2.377E-03 +/- 19.47 % Gn^0(l=3) ave= 0.000E+00 +/- 0.00 % || Gtotal(l=0) ave= 2.878E-01 +/- 0.86 % Gtotal(l=1) ave= 1.110E-01 +/- 1.44 % Gtotal(l=2) ave= 1.019E-01 +/- 1.35 % Gtotal(l=3) ave= 0.000E+00 +/- 0.00 %  % || Gg(l=0) ave= 1.053E-01 +/- 2.11 % Gg(l=1) ave= 1.098E-01 +/- 1.46 % Gg(l=2) ave= 1.019E-01 +/- 1.35 % Gg(l=3) ave= 0.000E+00 +/- 0.00 %  % || D(l=0) ave= 4.145E+01 +/- 0.49 % D(l=1) ave= 2.043E+01 +/- 0.00 % D(l=2) ave= 1.499E+01 +/- 0.00 % D(l=3) ave= 0.000E+00 +/- 0.00 %  % || S(l=0) ave= 1.184E-04 +/- 0.70 % S(l=1) ave= 1.689E-04 +/- 9.49 % S(l=2) ave= 8.225E-05 +/- 19.47 % S(l=3) ave= 0.000E+00 +/- 0.00 % 
 ... random file  15 Cap(th)  ave= 1.674E+02 b. +/- 11.00 % || Ela(th) ave= 5.154E-01 b. +/- 74.77 % || RIcap ave= 3.36E+03 b. +/- 8.89 % || Macs30 ave= 6.25E-01 b. +/- 0.06 % || Gn^0(l=0) ave= 4.850E-03 +/- 0.74 % Gn^0(l=1) ave= 7.269E-03 +/- 10.06 % Gn^0(l=2) ave= 2.332E-03 +/- 20.56 % Gn^0(l=3) ave= 0.000E+00 +/- 0.00 % || Gtotal(l=0) ave= 2.878E-01 +/- 0.85 % Gtotal(l=1) ave= 1.111E-01 +/- 1.41 % Gtotal(l=2) ave= 1.019E-01 +/- 1.31 % Gtotal(l=3) ave= 0.000E+00 +/- 0.00 %  % || Gg(l=0) ave= 1.052E-01 +/- 2.06 % Gg(l=1) ave= 1.098E-01 +/- 1.43 % Gg(l=2) ave= 1.019E-01 +/- 1.31 % Gg(l=3) ave= 0.000E+00 +/- 0.00 %  % || D(l=0) ave= 4.144E+01 +/- 0.47 % D(l=1) ave= 2.043E+01 +/- 0.00 % D(l=2) ave= 1.499E+01 +/- 0.00 % D(l=3) ave= 0.000E+00 +/- 0.00 %  % || S(l=0) ave= 1.184E-04 +/- 0.72 % S(l=1) ave= 1.672E-04 +/- 10.05 % S(l=2) ave= 8.072E-05 +/- 20.56 % S(l=3) ave= 0.000E+00 +/- 0.00 % 
 ... random file  16 Cap(th)  ave= 1.668E+02 b. +/- 10.81 % || Ela(th) ave= 5.614E-01 b. +/- 74.23 % || RIcap ave= 3.36E+03 b. +/- 8.63 % || Macs30 ave= 6.25E-01 b. +/- 0.06 % || Gn^0(l=0) ave= 4.852E-03 +/- 0.73 % Gn^0(l=1) ave= 7.172E-03 +/- 11.26 % Gn^0(l=2) ave= 2.277E-03 +/- 22.67 % Gn^0(l=3) ave= 0.000E+00 +/- 0.00 % || Gtotal(l=0) ave= 2.877E-01 +/- 0.82 % Gtotal(l=1) ave= 1.112E-01 +/- 1.40 % Gtotal(l=2) ave= 1.019E-01 +/- 1.28 % Gtotal(l=3) ave= 0.000E+00 +/- 0.00 %  % || Gg(l=0) ave= 1.051E-01 +/- 2.04 % Gg(l=1) ave= 1.099E-01 +/- 1.41 % Gg(l=2) ave= 1.019E-01 +/- 1.28 % Gg(l=3) ave= 0.000E+00 +/- 0.00 %  % || D(l=0) ave= 4.147E+01 +/- 0.52 % D(l=1) ave= 2.043E+01 +/- 0.00 % D(l=2) ave= 1.499E+01 +/- 0.00 % D(l=3) ave= 0.000E+00 +/- 0.00 %  % || S(l=0) ave= 1.184E-04 +/- 0.70 % S(l=1) ave= 1.650E-04 +/- 11.25 % S(l=2) ave= 7.879E-05 +/- 22.67 % S(l=3) ave= 0.000E+00 +/- 0.00 % 
 ... random file  17 Cap(th)  ave= 1.677E+02 b. +/- 10.66 % || Ela(th) ave= 5.353E-01 b. +/- 78.29 % || RIcap ave= 3.37E+03 b. +/- 8.51 % || Macs30 ave= 6.25E-01 b. +/- 0.05 % || Gn^0(l=0) ave= 4.854E-03 +/- 0.73 % Gn^0(l=1) ave= 7.176E-03 +/- 10.94 % Gn^0(l=2) ave= 2.277E-03 +/- 22.02 % Gn^0(l=3) ave= 0.000E+00 +/- 0.00 % || Gtotal(l=0) ave= 2.877E-01 +/- 0.80 % Gtotal(l=1) ave= 1.111E-01 +/- 1.37 % Gtotal(l=2) ave= 1.018E-01 +/- 1.30 % Gtotal(l=3) ave= 0.000E+00 +/- 0.00 %  % || Gg(l=0) ave= 1.051E-01 +/- 1.99 % Gg(l=1) ave= 1.099E-01 +/- 1.38 % Gg(l=2) ave= 1.018E-01 +/- 1.30 % Gg(l=3) ave= 0.000E+00 +/- 0.00 %  % || D(l=0) ave= 4.146E+01 +/- 0.51 % D(l=1) ave= 2.043E+01 +/- 0.00 % D(l=2) ave= 1.499E+01 +/- 0.00 % D(l=3) ave= 0.000E+00 +/- 0.00 %  % || S(l=0) ave= 1.185E-04 +/- 0.72 % S(l=1) ave= 1.651E-04 +/- 10.93 % S(l=2) ave= 7.880E-05 +/- 22.03 % S(l=3) ave= 0.000E+00 +/- 0.00 % 
 ... random file  18 Cap(th)  ave= 1.671E+02 b. +/- 10.50 % || Ela(th) ave= 5.126E-01 b. +/- 81.78 % || RIcap ave= 3.37E+03 b. +/- 8.29 % || Macs30 ave= 6.25E-01 b. +/- 0.06 % || Gn^0(l=0) ave= 4.856E-03 +/- 0.72 % Gn^0(l=1) ave= 7.186E-03 +/- 10.65 % Gn^0(l=2) ave= 2.282E-03 +/- 21.41 % Gn^0(l=3) ave= 0.000E+00 +/- 0.00 % || Gtotal(l=0) ave= 2.879E-01 +/- 0.84 % Gtotal(l=1) ave= 1.110E-01 +/- 1.37 % Gtotal(l=2) ave= 1.018E-01 +/- 1.27 % Gtotal(l=3) ave= 0.000E+00 +/- 0.00 %  % || Gg(l=0) ave= 1.053E-01 +/- 2.13 % Gg(l=1) ave= 1.098E-01 +/- 1.39 % Gg(l=2) ave= 1.018E-01 +/- 1.27 % Gg(l=3) ave= 0.000E+00 +/- 0.00 %  % || D(l=0) ave= 4.146E+01 +/- 0.50 % D(l=1) ave= 2.043E+01 +/- 0.00 % D(l=2) ave= 1.499E+01 +/- 0.00 % D(l=3) ave= 0.000E+00 +/- 0.00 %  % || S(l=0) ave= 1.185E-04 +/- 0.73 % S(l=1) ave= 1.653E-04 +/- 10.64 % S(l=2) ave= 7.898E-05 +/- 21.41 % S(l=3) ave= 0.000E+00 +/- 0.00 % 
 ... random file  19 Cap(th)  ave= 1.691E+02 b. +/- 11.36 % || Ela(th) ave= 4.871E-01 b. +/- 86.94 % || RIcap ave= 3.40E+03 b. +/- 8.97 % || Macs30 ave= 6.25E-01 b. +/- 0.06 % || Gn^0(l=0) ave= 4.859E-03 +/- 0.78 % Gn^0(l=1) ave= 7.158E-03 +/- 10.56 % Gn^0(l=2) ave= 2.264E-03 +/- 21.33 % Gn^0(l=3) ave= 0.000E+00 +/- 0.00 % || Gtotal(l=0) ave= 2.879E-01 +/- 0.82 % Gtotal(l=1) ave= 1.111E-01 +/- 1.40 % Gtotal(l=2) ave= 1.016E-01 +/- 1.42 % Gtotal(l=3) ave= 0.000E+00 +/- 0.00 %  % || Gg(l=0) ave= 1.052E-01 +/- 2.10 % Gg(l=1) ave= 1.099E-01 +/- 1.42 % Gg(l=2) ave= 1.016E-01 +/- 1.42 % Gg(l=3) ave= 0.000E+00 +/- 0.00 %  % || D(l=0) ave= 4.145E+01 +/- 0.49 % D(l=1) ave= 2.043E+01 +/- 0.00 % D(l=2) ave= 1.499E+01 +/- 0.00 % D(l=3) ave= 0.000E+00 +/- 0.00 %  % || S(l=0) ave= 1.187E-04 +/- 0.81 % S(l=1) ave= 1.647E-04 +/- 10.55 % S(l=2) ave= 7.835E-05 +/- 21.33 % S(l=3) ave= 0.000E+00 +/- 0.00 % 
 ... random file  20 Cap(th)  ave= 1.689E+02 b. +/- 11.11 % || Ela(th) ave= 4.806E-01 b. +/- 86.18 % || RIcap ave= 3.41E+03 b. +/- 8.76 % || Macs30 ave= 6.25E-01 b. +/- 0.06 % || Gn^0(l=0) ave= 4.859E-03 +/- 0.76 % Gn^0(l=1) ave= 7.157E-03 +/- 10.30 % Gn^0(l=2) ave= 2.262E-03 +/- 20.84 % Gn^0(l=3) ave= 0.000E+00 +/- 0.00 % || Gtotal(l=0) ave= 2.877E-01 +/- 0.86 % Gtotal(l=1) ave= 1.111E-01 +/- 1.37 % Gtotal(l=2) ave= 1.016E-01 +/- 1.39 % Gtotal(l=3) ave= 0.000E+00 +/- 0.00 %  % || Gg(l=0) ave= 1.051E-01 +/- 2.17 % Gg(l=1) ave= 1.099E-01 +/- 1.38 % Gg(l=2) ave= 1.016E-01 +/- 1.39 % Gg(l=3) ave= 0.000E+00 +/- 0.00 %  % || D(l=0) ave= 4.145E+01 +/- 0.48 % D(l=1) ave= 2.043E+01 +/- 0.00 % D(l=2) ave= 1.499E+01 +/- 0.00 % D(l=3) ave= 0.000E+00 +/- 0.00 %  % || S(l=0) ave= 1.187E-04 +/- 0.79 % S(l=1) ave= 1.646E-04 +/- 10.29 % S(l=2) ave= 7.828E-05 +/- 20.84 % S(l=3) ave= 0.000E+00 +/- 0.00 % 
 ... Histogram plot for thermal (n,g)
 ... Write covariances  ... MT1  ... plot correlations
 ... MT2  ... MT102 


 ================================================
 ============== From 20 random values === start ======
 Thermal (n,tot) xs  0 K =  169.416 b. +/- 18.4725 b. ( 10.9037 %) skew= +0.40 +/- 0.50
 Thermal (n,el) xs   0 K =  0.480649 b. +/- 0.414227 b. ( 86.1807 %) skew= +0.95 +/- 0.50
 Thermal (n,g) xs    0 K =  168.935 b. +/- 18.7702 b. ( 11.1109 %) skew= +0.39 +/- 0.50
 RI      (n,g)       0 K =  3408.31 b. +/- 298.712 b. ( 8.76423 %) 
 MACS    (n,g)       0 K (at Emacs= 30000 eV) =  0.624891 b. +/- 0.000361573 b. ( 0.0578618 %) 
 Ave. Gtotal  L=0        =  2.877E-01 +/- 0.86 %
 Ave. Gn^(0)  L=0        =  4.859E-03 +/- 0.76 %
 Ave. Gg      L=0        =  1.051E-01 +/- 2.17 %
 Ave. D       L=0        =  4.145E+01 +/- 0.48 %
 Ave. S       L=0        =  1.187E-04 +/- 0.79 %
 Ave. Gtotal  L=1        =  1.111E-01 +/- 1.37 %
 Ave. Gn^(1)  L=1        =  7.157E-03 +/- 10.30 %
 Ave. Gg      L=1        =  1.099E-01 +/- 1.38 %
 Ave. D       L=1        =  2.043E+01 +/- 0.00 %
 Ave. S       L=1        =  1.646E-04 +/- 10.29 %
 Ave. Gtotal  L=2        =  1.016E-01 +/- 1.39 %
 Ave. Gn^(2)  L=2        =  2.262E-03 +/- 20.84 %
 Ave. Gg      L=2        =  1.016E-01 +/- 1.39 %
 Ave. D       L=2        =  1.499E+01 +/- 0.00 %
 Ave. S       L=2        =  7.828E-05 +/- 20.84 %

 Expected Thermal (n,g) (syst or meas)= 150 b. +/- 20 b. nominal: 166.897 b.
 ratio Calculated/expected thermal (n,g): 1.13 ratio DCalculated/Dexpected: 0.94 ratio Calculated/Nominal: 1.01
 ============== From 20 random values ===== stop ======
 ================================================
 ... Calculation of (n,a) and (n,p) cross sections at 300 K
 ... thermal (n,a) cross section is 8.98066e-06 +/- 4.49033e-06 b.
 ... thermal (n,a) cross section is 1.05799e-05 b. (random case 1)
 ... thermal (n,a) cross section is 9.88372e-06 b. (random case 2)
 ... thermal (n,a) cross section is 7.0722e-06 b. (random case 3)
 ... thermal (n,a) cross section is 9.0613e-06 b. (random case 4)
 ... thermal (n,a) cross section is 7.88147e-07 b. (random case 5)
 ... thermal (n,a) cross section is 3.86393e-06 b. (random case 6)
 ... thermal (n,a) cross section is 8.21445e-06 b. (random case 7)
 ... thermal (n,a) cross section is 1.09271e-05 b. (random case 8)
 ... thermal (n,a) cross section is 1.01024e-05 b. (random case 9)
 ... thermal (n,a) cross section is 9.34447e-06 b. (random case 10)
 ... thermal (n,a) cross section is 5.88255e-06 b. (random case 11)
 ... thermal (n,a) cross section is 7.59914e-06 b. (random case 12)
 ... thermal (n,a) cross section is 1.85701e-06 b. (random case 13)
 ... thermal (n,a) cross section is 9.57415e-06 b. (random case 14)
 ... thermal (n,a) cross section is 5.16603e-06 b. (random case 15)
 ... thermal (n,a) cross section is 1.67252e-05 b. (random case 16)
 ... thermal (n,a) cross section is 9.43516e-06 b. (random case 17)
 ... thermal (n,a) cross section is 1.28552e-05 b. (random case 18)
 ... thermal (n,a) cross section is 1.23421e-05 b. (random case 19)
 ... thermal (n,a) cross section is 7.72128e-06 b. (random case 20)
 ... thermal (n,p) cross section is 8.98066e-06 +/- 4.49033e-06 b.
 ... thermal (n,p) cross section is 1.09354e-05 b. (random case 1)
 ... thermal (n,p) cross section is 6.7644e-07 b. (random case 2)
 ... thermal (n,p) cross section is 1.07455e-05 b. (random case 3)
 ... thermal (n,p) cross section is 1.49195e-05 b. (random case 4)
 ... thermal (n,p) cross section is 9.64721e-06 b. (random case 5)
 ... thermal (n,p) cross section is 3.29098e-06 b. (random case 6)
 ... thermal (n,p) cross section is 1.00158e-05 b. (random case 7)
 ... thermal (n,p) cross section is 4.4022e-06 b. (random case 8)
 ... thermal (n,p) cross section is 1.06633e-05 b. (random case 9)
 ... thermal (n,p) cross section is 6.88119e-06 b. (random case 10)
 ... thermal (n,p) cross section is 1.56737e-06 b. (random case 11)
 ... thermal (n,p) cross section is 5.9659e-06 b. (random case 12)
 ... thermal (n,p) cross section is 1.03846e-05 b. (random case 13)
 ... thermal (n,p) cross section is 7.2306e-06 b. (random case 14)
 ... thermal (n,p) cross section is 1.0714e-05 b. (random case 15)
 ... thermal (n,p) cross section is 1.27419e-05 b. (random case 16)
 ... thermal (n,p) cross section is 1.01669e-05 b. (random case 17)
 ... thermal (n,p) cross section is 1.38197e-05 b. (random case 18)
 ... thermal (n,p) cross section is 9.43283e-06 b. (random case 19)
 ... thermal (n,p) cross section is 1.06433e-05 b. (random case 20)
 ... Rewrite index for MF2
 ... Write text for MF1 in file mf1.tares.txt
 ... plotting cross sections for the MF1
 ... order output files


================== summary ==================
 Thermal (n,tot) xs = 167.34 b. 
 Thermal (n,el)  xs = 0.442577 b. 
 Thermal (n,g)   xs = 166.897 b. (meas/sys: 150 b.)
 At 300 K (thermal adjustment): (n,el) = 0.444091 b., (n,g) = 167 b.

 RI      (n,g)      = 3349.83 b. (meas or sys: 3600 b.)
 RI      (n,el)     = 867.612 b.
=============================================


 ... cleaning
                                                 
  -------------------------------------------------------------
  -                                                           -
  - TARES: successful end of run with data from the database  -
  -             for Z= 54, A= 124 and isomer= 0               -
  -                                                           -
  -------------------------------------------------------------

   Running time:       194 seconds

 End time: Fri Oct  9 10:39:04 2026

