
  -------------------------------------------------------------
  -                                                           -
  -              Welcome to TARES version 1.8                 -
  -                                                           -
  -  (C) Copyright 2007-2025 D. Rochman, All Rights Reserved  -
  -           NRG, Petten, the Netherlands 2007-2014          -
  -           PSI, Villigen    Switzerland 2015-2025          -
  -         Nagra, Wettingen   Switzerland 2025-              -
  -           (Last Modified October 06, 2026)                -
  -           (Database from October 06, 2026)                -
  -                                                           -
  -------------------------------------------------------------


  ---------------------------------------------
   Compilation information:
   Compiled on:         Oct  7 2026, 09:32:19
   Compiled by:         koning
   Compiler version:    clang++ - 21.0.0
   Source location:     /Users/koning/tares-1.8/source/Module/
   Binaries location:   /Users/koning/bin
   System:              Darwin 25.6.0
   System version:      Darwin Kernel Version 25.6.0: Fri Jul 31 19:19:08 PDT 2026; root:xnu-12377.161.14~5/RELEASE_ARM64_T6050  
   Machine:             arm64 
  ---------------------------------------------

   User information:
   User name:           koning
   Running directory:   /Users/koning/tendl/resbase/Ce125/work
   Owner mode for running directory : rwx
   Group mode for running directory : r-x
  ---------------------------------------------


 Starting time: Wed Oct  7 10:49:16 2026
 ... inputs directory found (/Users/koning/tares-1.8/source/Module//../../inputs/).
 ... It will be used for resonance parameters 
 ... ###############################################
 ... #     read the input file tares.inp
 ... ###############################################
 ... line: #
 ... line: # Input file generated by Autorochman
          --> line not read
 ... line: #
 ... line: isotope    Ce
          --> Isotope name: Ce
 ... line: mass       125
          --> isotopic mass: 125
 ... line: output     n-Ce125
         ---> Name of the output files: n-Ce125
 ... line: isomer     0
          --> isomeric state: 0
 ... line: mf32mf33   y
          --> MF33 based on MF32: y
 ... line: nbrRandom  6
          --> Nbr of random files: 6
 ... ###############################################
 ... # end read the input file tares.inp
 ... ###############################################
Value for random generator type not considered in since Tares 1.7 due to compilation issues

 ... ###############################################
     #   Interpretation of the Input definition    #
     ###############################################

 ... Default energy limit: End of resonance region
 ... Nuclear charge    = 58
 ... Element           = Ce
 ... Mass              = 125
 ... Isomer            = 0
 ... Correlation for (Gn,Gg) not included in random files
 ... Default random option: No random
 ... Output name: n-Ce125
 ... Energy for the MACS: 30000 eV
 ... Resonances from CALENDF reduced (reduce=y) 
 ... For URR, level density model from TALYS selected: 91n3n12611.2850 (see manual for description)
 ... Random Generator: default (pseudo random numbers from ansi c++)
 ... Reconstruction of cross section selected
 ... Doppler broadening at 0 Kelvin
 ... URR not included (from the input file flag)
 ... Weight for grouping is flat
 ... Calculation of (n,alpha) cross section selected
 ... Number of digit for MF32c covariance representation: 2
 ... MF32 included
 ... MF33 will be used for covariance processing
 ... TENDL option set to yes (automatic choice of MF2 and format)
 ... Isotope not found in the best file --> use of MLBW formalism
 ... default option: Multi level Breit Wigner approximation selected
 ... (check file best.tendl.yes for changing this option)
 ... Retroactive option set to no with the 2025 option
 ... ladder option set to yes (CALENDF will be used for statistical resonances)

 ... ###############################################
     #           End of Input definition           #
     ###############################################

 ... gnuplot found, will be used for plotting
 ... latex found, will be used for plotting
 ... dvips found, will be used for plotting
 ... ps2epsi not found, limited plotting available
 ... uncertainties on default parameters multiplied by 1.01571
 ... Read resonance data from the 2025 directory
 ... Resonance parameters taken from /Users/koning/tares-1.8/source/Module//../../inputs/2025/Resonance/default/
 ---> Processing Z= 58 and A= 125 and isomer= 0 (level number: 0)
 Exfor path; Could not find /Users/koning/tares-1.8/source/Module//../../inputs/exfor/Ce125/xs/102
Thermal file; Could not open file /Users/koning/tares-1.8/source/Module//../../inputs/2025/runThermal/results//thermal.mxw.ng.cendl3.1
Thermal file; Could not open file /Users/koning/tares-1.8/source/Module//../../inputs/2025/runThermal/results//thermal.mxw.ng.brond3.1
Thermal file; Could not open file /Users/koning/tares-1.8/source/Module//../../inputs/2025/runThermal/results//thermal.xs.ng.unc.cendl3.1
 ... spin taken from the final/ directory (1)

 ... ###############################################
 ... #  Nucleus global parameters (2025 database)  #
 ... ###############################################
 0. Half-life: 9.7 sec. 
 ... Scattering radius from TALYS: /Users/koning/tares-1.8/source/Module//../../inputs/2025/lib.urr/talys.urr/
 1. Spin of the target isotope: 3.5
 2. Relative Atomic Mass of the target isotope: 124.928
 3. Scattering radius (local compilation): 6.64223 fm +/- 0.159414 fm
      .......................................
      ... Thermal capture cross sections: ...
 4. Thermal (n,g) cross section from systematics: 105.1 +/- 89.335 b.
 5. Thermal (n,g) cross section from compilation (Firestone-2022 average on element Ce): 0.71 +/- 0.06 b.
 6. Thermal (n,g) cross section from compilation (Firestone-2022 final on element Ce): 0.64 +/- 0.017 b.
 7. Thermal (n,g) cross section from TENDL-2023: 105.1 b.
      .......................................
      ...  Thermal total cross sections:  ...
      .......................................
      ... Thermal elastic cross sections: ...
 8. Thermal (n,el) cross section from potential (4piR^2): 8.34769 +/- 0.417384 b.
      .......................................
             ... Resonance integral: ...
 9. No capture integral found in /Users/koning/tares-1.8/source/Module//../../inputs/capture.integral
 ... no RI(n,g) found in local compilation, take 2018 value.
 ... no RI(n,g) found in local compilation, take Sukhoruchkin value.
   ---- MACS 30 keV ----- 
 10. TALYS MACS 30 keV (HF): 0.908815 b. 
   ---------- S0 -------- 
 11. S0 from TALYS: 1.75483
   ---------- S1 -------- 
 12. S1 from TALYS: 1.17782
   ---------- S2 -------- 
 13. S2 from TALYS: 1.1212
   ---------- D0 -------- 
 14. D0 from TALYS: 0.146915 eV
   ---------- D1 -------- 
 15. D1 from TALYS: 0.0760741 eV
   ---------- D2 -------- 
 16. D2 from TALYS: 0.0537642 eV
   ---------- G0 -------- 
 17. Gg0 from TALYS: 0.250231 eV
   ---------- G1 -------- 
 18. Gg1 from TALYS: 0.253735 eV
   ---------- G2 -------- 
 19. Gg2 from TALYS: 0.26027 eV


   ---------------------- 
 ... Read resonance parameters (format: 2: Multi Level Breit Wigner)
 ... 0 resonances found 
 ... possibly no resonances in the Resonance directory for this isotope and options
 ... Use HFR (ladder) behavior 
 --> 21. Number of resonances from the input file: 2 up to 0.0734575 eV
 22. Read nuclear quantities (mass, MAT...)
 23. Read thermal (n,g) xs 
 24. Read the scattering radius 
 25. Read uncertainty on Gg for 2 resonances
 26. Read uncertainty on Gg for 2 resonances ... done
 ... order resonances 
 ... Upper limit for the RRR: 0.0734575 eV (no statistical resonances HFR) from the limit.RRR file
 ... Write parameters for l=0 waves
 ... End writing original MF2 
 ... No RRR in the database: uncertainties on default parameters multiplied by 1.99753
 ... Enter in urr function (ladder option set to y) for file n-Ce125
 ... read the file /Users/koning/tares-1.8/source/Module//../../inputs/2025/list.jcs.urr to find URR origin
 Default URR taken from TALYS calculations with level density model: 91n3n12611.2850
 File considered for the URR: /Users/koning/tares-1.8/source/Module//../../inputs/2025/lib.urr/talys.urr/91n3n12611.2850/Ce/urr/urr.dat.Ce.125.000.0.gz
 ... Write URR using TALYS average parameters (used for HFR)
 ... Limit of URR changed to 25 keV (recommendation from WPEC and JEFF)
 ... Extract the Sn value from file ./urr.dat.Ce.125.0.0
 ... found Sn= 12.2339 MeV
 ... estimated number of resonances up to 95.5123 eV:  650.119 resonances
 ... This is a test here. The higher energy limit to include URR data for calendf is set to max Sn. 24/03/2016
 ... Use Sn to define the maximum energy for the URR: Sn= 12.2339 MeV --> last_energyURR= 95.5123 eV
 ... read D0, S0, Gn and Gg
 ... number of URR energies: 1536
 Number of l: 1536 and last energy: 12
 Last  URR energy: 95.5123 eV
 ... Enter in to_MLBW_mf2 function
 ... Convert to Multi Level Breit Wigner (MLBW)
 ... Write parameter covariances (MF32) for l=0
 ... Convert parameter covariances (MF32) to MLBW
 ... copy the mf2 and mf32 to .mlbw files
 ... Enter in urr_correct function case 1
 Modify the higher limit of RRR in MF2
 --> old value: 7.382500-2 eV new value: 1.000000-2 eV
 Modify resonance covariances (MF32) to include correlations in the URR
 End Modify resonance covariances (MF32) to include correlations in the URR
 ... Enter in calendf_xs function
 Use CALENDF for statistical resonances (update MF2) up to 9.551230+1 eV (initial limit)
 Extract resonances from CALENDF for RRR->URR 2
 2012 statistical resonances found
 Reduction to 100 resonances based on the half-life of the isotope
 After reduction, 101 statistical resonances found
 ... checking resonance order 1
 ... checking resonance order 2nd round for 99 resonances
 ... end checking resonance order 2nd round
 .......................................................
 ... Adjustment to the thermal cross section : start ...
 .......................................................

 Before adjustment (adjustment to the thermal cross section set to y)
 ... Import MF2 from TARES calculations
 ... End energy of TARES MF2 : 9.339077E+0 eV and limit to 40000 resonances
 ... File used for reconstruction: new.temp22.reconst
 ... run RECENT ...
 ... Doppler broadened at a unique temperature: 300 Kelvin using sigma1
 ... run SIGMA1 at 3.000000E+02 K.

 ============== INTER values at 300 Kelvin ==============
 Thermal (n,g) xs =  8808.31 b. (meas/sys: 105.1 b.) (warning: comparison to be done at 296 or 300 K)
 Th Maxw (n,g) xs =  8808.1 b. (thermal Maxwellian value)
 Westcott factor  =  0.99997
 RI      (n,g)    =  1083.91 b. (meas or sys: - b.)
 MACS 3.000e+04 eV=  0.91587 b. (meas or sys: - b.) from 1.00E+00 to 2.00E+07 eV (end of RRR) at T= 300 Kelvin 
 Thermal (n,el) xs=  7.69105 b.
 RI      (n,el)   =  16.6032 b.
 ============= PSYCHE values ==============
 Ave. G_total L0  =  0.246216 eV
 Ave. G_total L1  =  0.242068 eV
 Ave. Gn_0    L0  =  3.95012e-05
 Ave. Gn_0    L1  =  9.37656e-05
 Ave. Gg      L0  =  0.246139 eV
 Ave. Gg      L1  =  0.242068 eV
 Ave. D       L0  =  0.145923 eV
 Ave. D       L1  =  0.359195 eV
 Ave. S       L0  =  0.000132146 eV
 Ave. S       L1  =  4.96175e-05 eV
 =========================================
 Calculated capture integral   1083.91 b.
 Calculated thermal (n,g)=          8808.31081 b. and recommended= 105.1 b. (C/E= 83.8089)
 Calculated RI      (n,g)= 1083.91 b. (no reference value)
 ... tolerances: thermal (n,g) 20 % (reference uncertainties, minimum 2% and 5%, maximum 20%)
 Adjust the capture widths ...
 ... capture adjusted with Gn for 99 resonances (Gn<Gg) and with Gg for 0 resonances
 ... iteration 0: C/E thermal (n,g)= 83.8089
 Warning: 99 widths limited to a change of a factor 10 from their starting values

 <-------- After adjustment -------->
 ... Import MF2 from TARES calculations
 ... End energy of TARES MF2 : 9.339077E+0 eV and limit to 40000 resonances
 ... File used for reconstruction: new.temp22.reconst
 ... run RECENT ...
 ... Doppler broadened at a unique temperature: 300 Kelvin using sigma1
 ... run SIGMA1 at 3.000000E+02 K.

 ============== INTER values at 300 Kelvin ==============
 Thermal (n,g) xs =  880.914 b. (meas/sys: 105.1 b.) (warning: comparison to be done at 296 or 300 K)
 Th Maxw (n,g) xs =  880.9 b. (thermal Maxwellian value)
 Westcott factor  =  0.99998
 RI      (n,g)    =  197.236 b. (meas or sys: - b.)
 MACS 3.000e+04 eV=  0.91588 b. (meas or sys: - b.) from 1.00E+00 to 2.00E+07 eV (end of RRR) at T= 300 Kelvin 
 Thermal (n,el) xs=  5.64367 b.
 RI      (n,el)   =  15.7283 b.
 ============= PSYCHE values ==============
 Ave. G_total L0  =  0.246147 eV
 Ave. G_total L1  =  0.242068 eV
 Ave. Gn_0    L0  =  3.95012e-06
 Ave. Gn_0    L1  =  9.37655e-06
 Ave. Gg      L0  =  0.246139 eV
 Ave. Gg      L1  =  0.242068 eV
 Ave. D       L0  =  0.145923 eV
 Ave. D       L1  =  0.359195 eV
 Ave. S       L0  =  1.32146e-05 eV
 Ave. S       L1  =  4.96174e-06 eV
 =========================================
 ... iteration 1: C/E thermal (n,g)= 8.38167
 Warning: 99 widths limited to a change of a factor 10 from their starting values

 <-------- After adjustment -------->
 ... Import MF2 from TARES calculations
 ... End energy of TARES MF2 : 9.339077E+0 eV and limit to 40000 resonances
 ... File used for reconstruction: new.temp22.reconst
 ... run RECENT ...
 ... Doppler broadened at a unique temperature: 300 Kelvin using sigma1
 ... run SIGMA1 at 3.000000E+02 K.

 ============== INTER values at 300 Kelvin ==============
 Thermal (n,g) xs =  880.914 b. (meas/sys: 105.1 b.) (warning: comparison to be done at 296 or 300 K)
 Th Maxw (n,g) xs =  880.9 b. (thermal Maxwellian value)
 Westcott factor  =  0.99998
 RI      (n,g)    =  197.236 b. (meas or sys: - b.)
 MACS 3.000e+04 eV=  0.91588 b. (meas or sys: - b.) from 1.00E+00 to 2.00E+07 eV (end of RRR) at T= 300 Kelvin 
 Thermal (n,el) xs=  5.64367 b.
 RI      (n,el)   =  15.7283 b.
 ============= PSYCHE values ==============
 Ave. G_total L0  =  0.246147 eV
 Ave. G_total L1  =  0.242068 eV
 Ave. Gn_0    L0  =  3.95012e-06
 Ave. Gn_0    L1  =  9.37655e-06
 Ave. Gg      L0  =  0.246139 eV
 Ave. Gg      L1  =  0.242068 eV
 Ave. D       L0  =  0.145923 eV
 Ave. D       L1  =  0.359195 eV
 Ave. S       L0  =  1.32146e-05 eV
 Ave. S       L1  =  4.96174e-06 eV
 =========================================
 ... iteration 2: C/E thermal (n,g)= 8.38167
 Warning: no further change possible (widths at the limit of a factor 10): adjustment stopped


 ... ratio C/E thermal (n,g): 8.381671E+00
 ...................................................... 
 ... Adjustment to the thermal cross section : stop ...
 ...................................................... 
 ... new MF2 file after adjustment: n-Ce125
 ... read the file /Users/koning/tares-1.8/source/Module//../../inputs/2025/list.jcs.urr to find URR origin
 Default URR taken from TALYS calculations with level density model: 91n3n12611.2850
 File considered for the URR: /Users/koning/tares-1.8/source/Module//../../inputs/2025/lib.urr/talys.urr/91n3n12611.2850/Ce/urr/urr.dat.Ce.125.000.0.gz
 ... Write URR using TALYS average parameters (not used for HFR)
 ... Limit of URR changed to 25 keV (recommendation from WPEC and JEFF)
 ... read D0, S0, Gn and Gg
 ... number of URR energies: 2004
 Number of l: 2004 and last energy: 12
 Last  URR energy: 92664 eV
 Energies in the URR : 2004 -> reduced by a factor 2
 Energies in the URR : 972 -> reduced by a factor 2
 Energies in the URR : 420 -> reduced by a factor 2
 ... Enter in urr_correct function case 2
 Modify the higher limit of RRR in MF2
 --> old value: 9.339077+0 eV new value: 9.339077+0 eV
 Modify resonance covariances (MF32) to include correlations in the URR
 End Modify resonance covariances (MF32) to include correlations in the URR
 ... Enter in update_MF32 function
 ... Change uncertainties
 ... for the HFR, random position of the positive resonances with 0.020000 %
 ... end of update MF32 function
 ... GLS calculation of the parameter correlations from the thermal/RI adjustment (MF32c)
 ... MF32: correlations from the thermal/RI adjustment (GLS) for 6 resonances (6 widths), 11 correlation lines
 ...   thermal (n,g): uncertainty from these widths 105.137 b. -> 68.0778 b. (reference: 105.1 +/- 89.335 b.)
 ... copy the mf2 and mf32 to .mlbw files

 ... Start of final reconstruction and testing ...
 ... Reconstruction of cross sections at 0 Kelvin  ... Import MF2 from TARES calculations
 ... End energy of TARES MF2 : 9.339077E+0 eV and limit to 40000 resonances
 ... File used for reconstruction: n-Ce125.reconst
 ... run RECENT ...
 ... Doppler broadened at a unique temperature: 0 Kelvin using sigma1
 ... The keyword temperature is zero, no Doppler broadening for the MACS

 ============== INTER values at 0 Kelvin ==============
 Thermal (n,g) xs =  880.474 b. (meas/sys: 105.1 b.) (warning: comparison to be done at 296 or 300 K)
 Th Maxw (n,g) xs =  875.99 b. (thermal Maxwellian value)
 Westcott factor  =  0.99491
 RI      (n,g)    =  196.495 b. (meas or sys: - b.)
 MACS 3.000e+04 eV=  0.91028 b. (meas or sys: - b.) from 1.00E+00 to 9.34E+00 eV (end of RRR) at T= 0 Kelvin 
 Thermal (n,el) xs=  5.62039 b.
 RI      (n,el)   =  15.7222 b.
 ============= PSYCHE values ==============
 Ave. G_total L0  =  0.246147 eV
 Ave. G_total L1  =  0.242068 eV
 Ave. Gn_0    L0  =  3.95012e-06
 Ave. Gn_0    L1  =  9.37655e-06
 Ave. Gg      L0  =  0.246139 eV
 Ave. Gg      L1  =  0.242068 eV
 Ave. D       L0  =  0.145923 eV
 Ave. D       L1  =  0.359195 eV
 Ave. S       L0  =  1.32146e-05 eV
 Ave. S       L1  =  4.96174e-06 eV
 =========================================
 ... End of final reconstruction and testing ...

 ... grouping is not optimum, change to 70 groups
 ... Produce MF33 based on MF32 and 6 random files
 ... run endsam for 6 in groups of 1 global run
 ... run endsam from 1 to 6
 ... reorder resonance position after endsam (sampling)
 ... preparing the vectors  ... done
 ... nominal file 0 Cap(th)  ave= 8.805E+02 b. +/- 0.00 % || Ela(th) ave= 5.620E+00 b. +/- 0.00 % || RIcap ave= 9.84E+01 b. +/- 0.00 % || Macs30 ave= 2.56E+01 b. +/- 0.00 % || Gn^0(l=0) ave= 3.950E-06 +/- 0.00 % Gn^0(l=1) ave= 9.377E-06 +/- 0.00 % Gn^0(l=2) ave= 0.000E+00 +/- 0.00 % Gn^0(l=3) ave= 0.000E+00 +/- 0.00 % || Gtotal(l=0) ave= 2.461E-01 +/- 0.00 % Gtotal(l=1) ave= 2.421E-01 +/- 0.00 % Gtotal(l=2) ave= 0.000E+00 +/- 0.00 % Gtotal(l=3) ave= 0.000E+00 +/- 0.00 %  % || Gg(l=0) ave= 2.461E-01 +/- 0.00 % Gg(l=1) ave= 2.421E-01 +/- 0.00 % Gg(l=2) ave= 0.000E+00 +/- 0.00 % Gg(l=3) ave= 0.000E+00 +/- 0.00 %  % || D(l=0) ave= 1.459E-01 +/- 0.00 % D(l=1) ave= 3.592E-01 +/- 0.00 % D(l=2) ave= 0.000E+00 +/- 0.00 % D(l=3) ave= 0.000E+00 +/- 0.00 %  % || S(l=0) ave= 1.321E-05 +/- 0.00 % S(l=1) ave= 4.962E-06 +/- 0.00 % S(l=2) ave= 0.000E+00 +/- 0.00 % S(l=3) ave= 0.000E+00 +/- 0.00 % 
 ... random file  1 Cap(th)  ave= 8.624E+02 b. +/- 2.09 % || Ela(th) ave= 5.261E+00 b. +/- 6.84 % || RIcap ave= 9.89E+01 b. +/- 0.49 % || Macs30 ave= 2.56E+01 b. +/- 0.02 % || Gn^0(l=0) ave= 3.941E-06 +/- 0.22 % Gn^0(l=1) ave= 1.011E-05 +/- 7.23 % Gn^0(l=2) ave= 0.000E+00 +/- 0.00 % Gn^0(l=3) ave= 0.000E+00 +/- 0.00 % || Gtotal(l=0) ave= 2.462E-01 +/- 0.01 % Gtotal(l=1) ave= 2.421E-01 +/- 0.00 % Gtotal(l=2) ave= 0.000E+00 +/- 0.00 % Gtotal(l=3) ave= 0.000E+00 +/- 0.00 %  % || Gg(l=0) ave= 2.411E-01 +/- 2.08 % Gg(l=1) ave= 2.460E-01 +/- 1.58 % Gg(l=2) ave= 0.000E+00 +/- 0.00 % Gg(l=3) ave= 0.000E+00 +/- 0.00 %  % || D(l=0) ave= 1.471E-01 +/- 0.79 % D(l=1) ave= 3.592E-01 +/- 0.00 % D(l=2) ave= 0.000E+00 +/- 0.00 % D(l=3) ave= 0.000E+00 +/- 0.00 %  % || S(l=0) ave= 1.306E-05 +/- 1.16 % S(l=1) ave= 5.349E-06 +/- 7.23 % S(l=2) ave= 0.000E+00 +/- 0.00 % S(l=3) ave= 0.000E+00 +/- 0.00 % 
 ... random file  2 Cap(th)  ave= 8.672E+02 b. +/- 1.87 % || Ela(th) ave= 5.423E+00 b. +/- 6.88 % || RIcap ave= 9.88E+01 b. +/- 0.41 % || Macs30 ave= 2.55E+01 b. +/- 0.76 % || Gn^0(l=0) ave= 3.945E-06 +/- 0.22 % Gn^0(l=1) ave= 9.738E-06 +/- 8.15 % Gn^0(l=2) ave= 0.000E+00 +/- 0.00 % Gn^0(l=3) ave= 0.000E+00 +/- 0.00 % || Gtotal(l=0) ave= 2.462E-01 +/- 0.01 % Gtotal(l=1) ave= 2.421E-01 +/- 0.00 % Gtotal(l=2) ave= 0.000E+00 +/- 0.00 % Gtotal(l=3) ave= 0.000E+00 +/- 0.00 %  % || Gg(l=0) ave= 2.462E-01 +/- 3.38 % Gg(l=1) ave= 2.593E-01 +/- 7.37 % Gg(l=2) ave= 0.000E+00 +/- 0.00 % Gg(l=3) ave= 0.000E+00 +/- 0.00 %  % || D(l=0) ave= 1.467E-01 +/- 0.74 % D(l=1) ave= 3.592E-01 +/- 0.00 % D(l=2) ave= 0.000E+00 +/- 0.00 % D(l=3) ave= 0.000E+00 +/- 0.00 %  % || S(l=0) ave= 1.311E-05 +/- 1.10 % S(l=1) ave= 5.153E-06 +/- 8.15 % S(l=2) ave= 0.000E+00 +/- 0.00 % S(l=3) ave= 0.000E+00 +/- 0.00 % 
 ... random file  3 Cap(th)  ave= 8.875E+02 b. +/- 4.26 % || Ela(th) ave= 5.377E+00 b. +/- 6.19 % || RIcap ave= 9.89E+01 b. +/- 0.36 % || Macs30 ave= 2.55E+01 b. +/- 0.67 % || Gn^0(l=0) ave= 3.942E-06 +/- 0.22 % Gn^0(l=1) ave= 9.804E-06 +/- 7.10 % Gn^0(l=2) ave= 0.000E+00 +/- 0.00 % Gn^0(l=3) ave= 0.000E+00 +/- 0.00 % || Gtotal(l=0) ave= 2.462E-01 +/- 0.01 % Gtotal(l=1) ave= 2.421E-01 +/- 0.00 % Gtotal(l=2) ave= 0.000E+00 +/- 0.00 % Gtotal(l=3) ave= 0.000E+00 +/- 0.00 %  % || Gg(l=0) ave= 2.495E-01 +/- 3.66 % Gg(l=1) ave= 2.681E-01 +/- 8.38 % Gg(l=2) ave= 0.000E+00 +/- 0.00 % Gg(l=3) ave= 0.000E+00 +/- 0.00 %  % || D(l=0) ave= 1.471E-01 +/- 0.79 % D(l=1) ave= 3.592E-01 +/- 0.00 % D(l=2) ave= 0.000E+00 +/- 0.00 % D(l=3) ave= 0.000E+00 +/- 0.00 %  % || S(l=0) ave= 1.307E-05 +/- 1.16 % S(l=1) ave= 5.188E-06 +/- 7.10 % S(l=2) ave= 0.000E+00 +/- 0.00 % S(l=3) ave= 0.000E+00 +/- 0.00 % 
 ... random file  4 Cap(th)  ave= 9.093E+02 b. +/- 6.07 % || Ela(th) ave= 5.559E+00 b. +/- 8.46 % || RIcap ave= 9.92E+01 b. +/- 0.78 % || Macs30 ave= 2.55E+01 b. +/- 0.60 % || Gn^0(l=0) ave= 3.940E-06 +/- 0.22 % Gn^0(l=1) ave= 9.506E-06 +/- 9.06 % Gn^0(l=2) ave= 0.000E+00 +/- 0.00 % Gn^0(l=3) ave= 0.000E+00 +/- 0.00 % || Gtotal(l=0) ave= 2.462E-01 +/- 0.01 % Gtotal(l=1) ave= 2.421E-01 +/- 0.00 % Gtotal(l=2) ave= 0.000E+00 +/- 0.00 % Gtotal(l=3) ave= 0.000E+00 +/- 0.00 %  % || Gg(l=0) ave= 2.496E-01 +/- 3.27 % Gg(l=1) ave= 2.658E-01 +/- 7.75 % Gg(l=2) ave= 0.000E+00 +/- 0.00 % Gg(l=3) ave= 0.000E+00 +/- 0.00 %  % || D(l=0) ave= 1.473E-01 +/- 0.77 % D(l=1) ave= 3.592E-01 +/- 0.00 % D(l=2) ave= 0.000E+00 +/- 0.00 % D(l=3) ave= 0.000E+00 +/- 0.00 %  % || S(l=0) ave= 1.303E-05 +/- 1.14 % S(l=1) ave= 5.030E-06 +/- 9.06 % S(l=2) ave= 0.000E+00 +/- 0.00 % S(l=3) ave= 0.000E+00 +/- 0.00 % 
 ... random file  5 Cap(th)  ave= 9.021E+02 b. +/- 5.87 % || Ela(th) ave= 5.408E+00 b. +/- 10.09 % || RIcap ave= 9.87E+01 b. +/- 1.38 % || Macs30 ave= 2.55E+01 b. +/- 0.55 % || Gn^0(l=0) ave= 3.941E-06 +/- 0.20 % Gn^0(l=1) ave= 9.826E-06 +/- 10.82 % Gn^0(l=2) ave= 0.000E+00 +/- 0.00 % Gn^0(l=3) ave= 0.000E+00 +/- 0.00 % || Gtotal(l=0) ave= 2.462E-01 +/- 0.01 % Gtotal(l=1) ave= 2.421E-01 +/- 0.00 % Gtotal(l=2) ave= 0.000E+00 +/- 0.00 % Gtotal(l=3) ave= 0.000E+00 +/- 0.00 %  % || Gg(l=0) ave= 2.491E-01 +/- 3.03 % Gg(l=1) ave= 2.627E-01 +/- 7.63 % Gg(l=2) ave= 0.000E+00 +/- 0.00 % Gg(l=3) ave= 0.000E+00 +/- 0.00 %  % || D(l=0) ave= 1.475E-01 +/- 0.74 % D(l=1) ave= 3.592E-01 +/- 0.00 % D(l=2) ave= 0.000E+00 +/- 0.00 % D(l=3) ave= 0.000E+00 +/- 0.00 %  % || S(l=0) ave= 1.302E-05 +/- 1.08 % S(l=1) ave= 5.200E-06 +/- 10.82 % S(l=2) ave= 0.000E+00 +/- 0.00 % S(l=3) ave= 0.000E+00 +/- 0.00 % 
 ... random file  6 Cap(th)  ave= 8.850E+02 b. +/- 7.29 % || Ela(th) ave= 5.619E+00 b. +/- 12.86 % || RIcap ave= 9.90E+01 b. +/- 1.47 % || Macs30 ave= 2.55E+01 b. +/- 0.52 % || Gn^0(l=0) ave= 3.940E-06 +/- 0.19 % Gn^0(l=1) ave= 9.509E-06 +/- 13.20 % Gn^0(l=2) ave= 0.000E+00 +/- 0.00 % Gn^0(l=3) ave= 0.000E+00 +/- 0.00 % || Gtotal(l=0) ave= 2.462E-01 +/- 0.01 % Gtotal(l=1) ave= 2.421E-01 +/- 0.00 % Gtotal(l=2) ave= 0.000E+00 +/- 0.00 % Gtotal(l=3) ave= 0.000E+00 +/- 0.00 %  % || Gg(l=0) ave= 2.484E-01 +/- 2.89 % Gg(l=1) ave= 2.589E-01 +/- 8.01 % Gg(l=2) ave= 0.000E+00 +/- 0.00 % Gg(l=3) ave= 0.000E+00 +/- 0.00 %  % || D(l=0) ave= 1.476E-01 +/- 0.71 % D(l=1) ave= 3.592E-01 +/- 0.00 % D(l=2) ave= 0.000E+00 +/- 0.00 % D(l=3) ave= 0.000E+00 +/- 0.00 %  % || S(l=0) ave= 1.301E-05 +/- 1.03 % S(l=1) ave= 5.032E-06 +/- 13.20 % S(l=2) ave= 0.000E+00 +/- 0.00 % S(l=3) ave= 0.000E+00 +/- 0.00 % 
 ... Histogram plot for thermal (n,g)
 ... Write covariances  ... MT1  ... plot correlations
 ... MT2  ... MT102 


 ================================================
 ============== From 6 random values === start ======
 Thermal (n,tot) xs  0 K =  890.601 b. +/- 64.4447 b. ( 7.23609 %) skew= +0.29 +/- 0.79
 Thermal (n,el) xs   0 K =  5.61911 b. +/- 0.722439 b. ( 12.8568 %) skew= +0.38 +/- 0.79
 Thermal (n,g) xs    0 K =  884.982 b. +/- 64.5138 b. ( 7.28985 %) skew= +0.26 +/- 0.79
 RI      (n,g)       0 K =  98.9803 b. +/- 1.45299 b. ( 1.46796 %) 
 MACS    (n,g)       0 K (at Emacs= 30000 eV) =  25.5134 b. +/- 0.133129 b. ( 0.5218 %) 
 Ave. Gtotal  L=0        =  2.462E-01 +/- 0.01 %
 Ave. Gn^(0)  L=0        =  3.940E-06 +/- 0.19 %
 Ave. Gg      L=0        =  2.484E-01 +/- 2.89 %
 Ave. D       L=0        =  1.476E-01 +/- 0.71 %
 Ave. S       L=0        =  1.301E-05 +/- 1.03 %
 Ave. Gtotal  L=1        =  2.421E-01 +/- 0.00 %
 Ave. Gg      L=1        =  2.589E-01 +/- 8.01 %
 Ave. D       L=1        =  3.592E-01 +/- 0.00 %
 Ave. S       L=1        =  5.032E-06 +/- 13.20 %

 Expected Thermal (n,g) (syst or meas)= 105.1 b. +/- 89.335 b. nominal: 880.474 b.
 ratio Calculated/expected thermal (n,g): 8.42 ratio DCalculated/Dexpected: 0.72 ratio Calculated/Nominal: 1.01
 ============== From 6 random values ===== stop ======
 ================================================
 ... Calculation of (n,a) and (n,p) cross sections at 300 K
 ... thermal (n,a) cross section is 7.68348e-06 +/- 3.84174e-06 b.
 ... thermal (n,a) cross section is 1.47083e-05 b. (random case 1)
 ... thermal (n,a) cross section is 2.17083e-05 b. (random case 2)
 ... thermal (n,a) cross section is 2.87083e-05 b. (random case 3)
 ... thermal (n,a) cross section is 3.57083e-05 b. (random case 4)
 ... thermal (n,a) cross section is 4.27083e-05 b. (random case 5)
 ... thermal (n,a) cross section is 4.97083e-05 b. (random case 6)
 ... thermal (n,p) cross section is 7.68348e-06 +/- 3.84174e-06 b.
 ... thermal (n,p) cross section is 1.47083e-05 b. (random case 1)
 ... thermal (n,p) cross section is 2.17083e-05 b. (random case 2)
 ... thermal (n,p) cross section is 2.87083e-05 b. (random case 3)
 ... thermal (n,p) cross section is 3.57083e-05 b. (random case 4)
 ... thermal (n,p) cross section is 4.27083e-05 b. (random case 5)
 ... thermal (n,p) cross section is 4.97083e-05 b. (random case 6)
 ... Rewrite index for MF2
 ... Write text for MF1 in file mf1.tares.txt
 ... plotting cross sections for the MF1
 ... order output files


================== summary ==================
 Thermal (n,tot) xs = 886.094 b. 
 Thermal (n,el)  xs = 5.62039 b. 
 Thermal (n,g)   xs = 880.474 b. (meas/sys: 105.1 b.)
 At 300 K (thermal adjustment): (n,el) = 5.64367 b., (n,g) = 880.914 b.

 RI      (n,g)      = 196.495 b. (meas or sys: - b.)
 RI      (n,el)     = 15.7222 b.
=============================================


 ... cleaning
                                                 
  -------------------------------------------------------------
  -                                                           -
  - TARES: successful end of run with data from hypothetical  -
  - resonances for  Z= 58, A= 125 and isomer= 0               -
  - half-life: 9.700000 sec. 
  -                                                           -
  -------------------------------------------------------------

   Running time:       14 seconds

 End time: Wed Oct  7 10:49:30 2026

