
  -------------------------------------------------------------
  -                                                           -
  -              Welcome to TARES version 1.8                 -
  -                                                           -
  -  (C) Copyright 2007-2025 D. Rochman, All Rights Reserved  -
  -           NRG, Petten, the Netherlands 2007-2014          -
  -           PSI, Villigen    Switzerland 2015-2025          -
  -         Nagra, Wettingen   Switzerland 2025-              -
  -           (Last Modified October 06, 2026)                -
  -           (Database from October 06, 2026)                -
  -                                                           -
  -------------------------------------------------------------


  ---------------------------------------------
   Compilation information:
   Compiled on:         Oct  7 2026, 09:32:19
   Compiled by:         koning
   Compiler version:    clang++ - 21.0.0
   Source location:     /Users/koning/tares-1.8/source/Module/
   Binaries location:   /Users/koning/bin
   System:              Darwin 25.6.0
   System version:      Darwin Kernel Version 25.6.0: Fri Jul 31 19:19:08 PDT 2026; root:xnu-12377.161.14~5/RELEASE_ARM64_T6050  
   Machine:             arm64 
  ---------------------------------------------

   User information:
   User name:           koning
   Running directory:   /Users/koning/tendl/resbase/Tb140/work
   Owner mode for running directory : rwx
   Group mode for running directory : r-x
  ---------------------------------------------


 Starting time: Wed Oct  7 11:49:21 2026
 ... inputs directory found (/Users/koning/tares-1.8/source/Module//../../inputs/).
 ... It will be used for resonance parameters 
 ... ###############################################
 ... #     read the input file tares.inp
 ... ###############################################
 ... line: #
 ... line: # Input file generated by Autorochman
          --> line not read
 ... line: #
 ... line: isotope    Tb
          --> Isotope name: Tb
 ... line: mass       140
          --> isotopic mass: 140
 ... line: output     n-Tb140
         ---> Name of the output files: n-Tb140
 ... line: isomer     0
          --> isomeric state: 0
 ... line: mf32mf33   y
          --> MF33 based on MF32: y
 ... line: nbrRandom  6
          --> Nbr of random files: 6
 ... ###############################################
 ... # end read the input file tares.inp
 ... ###############################################
Value for random generator type not considered in since Tares 1.7 due to compilation issues

 ... ###############################################
     #   Interpretation of the Input definition    #
     ###############################################

 ... Default energy limit: End of resonance region
 ... Nuclear charge    = 65
 ... Element           = Tb
 ... Mass              = 140
 ... Isomer            = 0
 ... Correlation for (Gn,Gg) not included in random files
 ... Default random option: No random
 ... Output name: n-Tb140
 ... Energy for the MACS: 30000 eV
 ... Resonances from CALENDF reduced (reduce=y) 
 ... For URR, level density model from TALYS selected: 91n3n12611.2850 (see manual for description)
 ... Random Generator: default (pseudo random numbers from ansi c++)
 ... Reconstruction of cross section selected
 ... Doppler broadening at 0 Kelvin
 ... URR not included (from the input file flag)
 ... Weight for grouping is flat
 ... Calculation of (n,alpha) cross section selected
 ... Number of digit for MF32c covariance representation: 2
 ... MF32 included
 ... MF33 will be used for covariance processing
 ... TENDL option set to yes (automatic choice of MF2 and format)
 ... Isotope not found in the best file --> use of MLBW formalism
 ... default option: Multi level Breit Wigner approximation selected
 ... (check file best.tendl.yes for changing this option)
 ... Retroactive option set to no with the 2025 option
 ... ladder option set to yes (CALENDF will be used for statistical resonances)

 ... ###############################################
     #           End of Input definition           #
     ###############################################

 ... gnuplot found, will be used for plotting
 ... latex found, will be used for plotting
 ... dvips found, will be used for plotting
 ... ps2epsi not found, limited plotting available
 ... uncertainties on default parameters multiplied by 1.01546
 ... Read resonance data from the 2025 directory
 ... Resonance parameters taken from /Users/koning/tares-1.8/source/Module//../../inputs/2025/Resonance/default/
 ---> Processing Z= 65 and A= 140 and isomer= 0 (level number: 0)
 Exfor path; Could not find /Users/koning/tares-1.8/source/Module//../../inputs/exfor/Tb140/xs/102
Thermal file; Could not open file /Users/koning/tares-1.8/source/Module//../../inputs/2025/runThermal/results//thermal.mxw.ng.cendl3.1
Thermal file; Could not open file /Users/koning/tares-1.8/source/Module//../../inputs/2025/runThermal/results//thermal.mxw.ng.brond3.1
Thermal file; Could not open file /Users/koning/tares-1.8/source/Module//../../inputs/2025/runThermal/results//thermal.xs.ng.unc.cendl3.1
 ... spin taken from the final/ directory (1)

 ... ###############################################
 ... #  Nucleus global parameters (2025 database)  #
 ... ###############################################
 0. Half-life: 2.29 sec. 
 ... Scattering radius from TALYS: /Users/koning/tares-1.8/source/Module//../../inputs/2025/lib.urr/talys.urr/
 1. Spin of the target isotope: 7
 2. Relative Atomic Mass of the target isotope: 139.945
 3. Scattering radius (local compilation): 6.89535 fm +/- 0.165488 fm
      .......................................
      ... Thermal capture cross sections: ...
 4. Thermal (n,g) cross section from systematics: 202.5 +/- 172.125 b.
 5. Thermal (n,g) cross section from compilation (Firestone-2022 average on element Tb): 45 +/- 4 b.
 6. Thermal (n,g) cross section from compilation (Firestone-2022 final on element Tb): 23.51 +/- 0.12 b.
 7. Thermal (n,g) cross section from TENDL-2023: 202.5 b.
      .......................................
      ...  Thermal total cross sections:  ...
      .......................................
      ... Thermal elastic cross sections: ...
 8. Thermal (n,el) cross section from potential (4piR^2): 8.6658 +/- 0.43329 b.
      .......................................
             ... Resonance integral: ...
 9. No capture integral found in /Users/koning/tares-1.8/source/Module//../../inputs/capture.integral
 ... no RI(n,g) found in local compilation, take 2018 value.
 ... no RI(n,g) found in local compilation, take Sukhoruchkin value.
   ---- MACS 30 keV ----- 
 10. TALYS MACS 30 keV (HF): 0.171476 b. 
   ---------- S0 -------- 
 11. S0 from TALYS: 6.76169
   ---------- S1 -------- 
 12. S1 from TALYS: 0.593783
   ---------- S2 -------- 
 13. S2 from TALYS: 2.73779
   ---------- D0 -------- 
 14. D0 from TALYS: 0.0135038 eV
   ---------- D1 -------- 
 15. D1 from TALYS: 0.0068857 eV
   ---------- D2 -------- 
 16. D2 from TALYS: 0.00474392 eV
   ---------- G0 -------- 
 17. Gg0 from TALYS: 0.253434 eV
   ---------- G1 -------- 
 18. Gg1 from TALYS: 0.262181 eV
   ---------- G2 -------- 
 19. Gg2 from TALYS: 0.269875 eV


   ---------------------- 
 ... Read resonance parameters (format: 2: Multi Level Breit Wigner)
 ... 0 resonances found 
 ... possibly no resonances in the Resonance directory for this isotope and options
 ... Use HFR (ladder) behavior 
 --> 21. Number of resonances from the input file: 2 up to 0.00675191 eV
 22. Read nuclear quantities (mass, MAT...)
 23. Read thermal (n,g) xs 
 24. Read the scattering radius 
 25. Read uncertainty on Gg for 2 resonances
 26. Read uncertainty on Gg for 2 resonances ... done
 ... order resonances 
 ... Upper limit for the RRR: 0.00675191 eV (no statistical resonances HFR) from the limit.RRR file
 ... Write parameters for l=0 waves
 ... End writing original MF2 
 ... No RRR in the database: uncertainties on default parameters multiplied by 1.99753
 ... Enter in urr function (ladder option set to y) for file n-Tb140
 ... read the file /Users/koning/tares-1.8/source/Module//../../inputs/2025/list.jcs.urr to find URR origin
 Default URR taken from TALYS calculations with level density model: 91n3n12611.2850
 File considered for the URR: /Users/koning/tares-1.8/source/Module//../../inputs/2025/lib.urr/talys.urr/91n3n12611.2850/Tb/urr/urr.dat.Tb.140.000.0.gz
 ... Write URR using TALYS average parameters (used for HFR)
 ... Limit of URR changed to 25 keV (recommendation from WPEC and JEFF)
 ... Extract the Sn value from file ./urr.dat.Tb.140.0.0
 ... found Sn= 12.1299 MeV
 ... estimated number of resonances up to 97.5728 eV: 7225.57 resonances, too high ?
 ... estimated number of resonances up to 48.7864 eV: 3612.78 resonances, too high ?
 ... estimated number of resonances up to 24.3932 eV: 1806.39 resonances, too high ?
 ... estimated number of resonances up to 12.1966 eV:  903.196 resonances
 ... This is a test here. The higher energy limit to include URR data for calendf is set to max Sn. 24/03/2016
 ... Use Sn to define the maximum energy for the URR: Sn= 12.1299 MeV --> last_energyURR= 12.1966 eV
 ... read D0, S0, Gn and Gg
 ... number of URR energies: 1308
 Number of l: 1308 and last energy: 12
 Last  URR energy: 12.1966 eV
 ... Enter in to_MLBW_mf2 function
 ... Convert to Multi Level Breit Wigner (MLBW)
 ... Write parameter covariances (MF32) for l=0
 ... Convert parameter covariances (MF32) to MLBW
 ... copy the mf2 and mf32 to .mlbw files
 ... Enter in urr_correct function case 1
 Modify the higher limit of RRR in MF2
 --> old value: 6.786000-3 eV new value: 1.000000-2 eV
 Modify resonance covariances (MF32) to include correlations in the URR
 End Modify resonance covariances (MF32) to include correlations in the URR
 ... Enter in calendf_xs function
 Use CALENDF for statistical resonances (update MF2) up to 1.219660+1 eV (initial limit)
 Extract resonances from CALENDF for RRR->URR 2
 1406 statistical resonances found
 Reduction to 100 resonances based on the half-life of the isotope
 After reduction, 101 statistical resonances found
 ... checking resonance order 1
 ... checking resonance order 2nd round for 99 resonances
 ... end checking resonance order 2nd round
 ... hypothetical resonance closer than 0.01 eV to the thermal energy:
 ... all positive resonances shifted by 0.000774546 eV (thermal energy between two resonances)
 .......................................................
 ... Adjustment to the thermal cross section : start ...
 .......................................................

 Before adjustment (adjustment to the thermal cross section set to y)
 ... Import MF2 from TARES calculations
 ... End energy of TARES MF2 : 1.258937E+0 eV and limit to 40000 resonances
 ... File used for reconstruction: new.temp22.reconst
 ... run RECENT ...
 ... Doppler broadened at a unique temperature: 300 Kelvin using sigma1
 ... run SIGMA1 at 3.000000E+02 K.

 ============== INTER values at 300 Kelvin ==============
 Thermal (n,g) xs =  7517.36 b. (meas/sys: 202.5 b.) (warning: comparison to be done at 296 or 300 K)
 Th Maxw (n,g) xs =  7691.2 b. (thermal Maxwellian value)
 Westcott factor  =  1.02312
 RI      (n,g)    =  2619.29 b. (meas or sys: - b.)
 MACS 3.000e+04 eV=  0.17115 b. (meas or sys: - b.) from 1.00E+00 to 2.00E+07 eV (end of RRR) at T= 300 Kelvin 
 Thermal (n,el) xs=  2.59627 b.
 RI      (n,el)   =  9.75491 b.
 ============= PSYCHE values ==============
 Ave. G_total L0  =  0.248714 eV
 Ave. Gn_0    L0  =  1.80068e-05
 Ave. Gg      L0  =  0.248699 eV
 Ave. D       L0  =  0.0135368 eV
 Ave. S       L0  =  0.000671344 eV
 =========================================
 Calculated capture integral   2619.29 b.
 Calculated thermal (n,g)=          7517.35587 b. and recommended= 202.5 b. (C/E= 37.1227)
 Calculated RI      (n,g)= 2619.29 b. (no reference value)
 ... tolerances: thermal (n,g) 20 % (reference uncertainties, minimum 2% and 5%, maximum 20%)
 Adjust the capture widths ...
 ... capture adjusted with Gn for 99 resonances (Gn<Gg) and with Gg for 0 resonances
 ... iteration 0: C/E thermal (n,g)= 37.1227
 Warning: 99 widths limited to a change of a factor 10 from their starting values

 <-------- After adjustment -------->
 ... Import MF2 from TARES calculations
 ... End energy of TARES MF2 : 1.258937E+0 eV and limit to 40000 resonances
 ... File used for reconstruction: new.temp22.reconst
 ... run RECENT ...
 ... Doppler broadened at a unique temperature: 300 Kelvin using sigma1
 ... run SIGMA1 at 3.000000E+02 K.

 ============== INTER values at 300 Kelvin ==============
 Thermal (n,g) xs =  751.754 b. (meas/sys: 202.5 b.) (warning: comparison to be done at 296 or 300 K)
 Th Maxw (n,g) xs =  769.14 b. (thermal Maxwellian value)
 Westcott factor  =  1.02312
 RI      (n,g)    =  329.191 b. (meas or sys: - b.)
 MACS 3.000e+04 eV=  0.17117 b. (meas or sys: - b.) from 1.00E+00 to 2.00E+07 eV (end of RRR) at T= 300 Kelvin 
 Thermal (n,el) xs=  5.50514 b.
 RI      (n,el)   =  5.12892 b.
 ============= PSYCHE values ==============
 Ave. G_total L0  =  0.2487 eV
 Ave. Gn_0    L0  =  1.80068e-06
 Ave. Gg      L0  =  0.248699 eV
 Ave. D       L0  =  0.0135368 eV
 Ave. S       L0  =  6.71344e-05 eV
 =========================================
 ... iteration 1: C/E thermal (n,g)= 3.71236
 Warning: 99 widths limited to a change of a factor 10 from their starting values

 <-------- After adjustment -------->
 ... Import MF2 from TARES calculations
 ... End energy of TARES MF2 : 1.258937E+0 eV and limit to 40000 resonances
 ... File used for reconstruction: new.temp22.reconst
 ... run RECENT ...
 ... Doppler broadened at a unique temperature: 300 Kelvin using sigma1
 ... run SIGMA1 at 3.000000E+02 K.

 ============== INTER values at 300 Kelvin ==============
 Thermal (n,g) xs =  751.754 b. (meas/sys: 202.5 b.) (warning: comparison to be done at 296 or 300 K)
 Th Maxw (n,g) xs =  769.14 b. (thermal Maxwellian value)
 Westcott factor  =  1.02312
 RI      (n,g)    =  329.191 b. (meas or sys: - b.)
 MACS 3.000e+04 eV=  0.17117 b. (meas or sys: - b.) from 1.00E+00 to 2.00E+07 eV (end of RRR) at T= 300 Kelvin 
 Thermal (n,el) xs=  5.50514 b.
 RI      (n,el)   =  5.12892 b.
 ============= PSYCHE values ==============
 Ave. G_total L0  =  0.2487 eV
 Ave. Gn_0    L0  =  1.80068e-06
 Ave. Gg      L0  =  0.248699 eV
 Ave. D       L0  =  0.0135368 eV
 Ave. S       L0  =  6.71344e-05 eV
 =========================================
 ... iteration 2: C/E thermal (n,g)= 3.71236
 Warning: no further change possible (widths at the limit of a factor 10): adjustment stopped


 ... ratio C/E thermal (n,g): 3.712363E+00
 ...................................................... 
 ... Adjustment to the thermal cross section : stop ...
 ...................................................... 
 ... new MF2 file after adjustment: n-Tb140
 ... read the file /Users/koning/tares-1.8/source/Module//../../inputs/2025/list.jcs.urr to find URR origin
 Default URR taken from TALYS calculations with level density model: 91n3n12611.2850
 File considered for the URR: /Users/koning/tares-1.8/source/Module//../../inputs/2025/lib.urr/talys.urr/91n3n12611.2850/Tb/urr/urr.dat.Tb.140.000.0.gz
 ... Write URR using TALYS average parameters (not used for HFR)
 ... Limit of URR changed to 25 keV (recommendation from WPEC and JEFF)
 Energy limit of the URR set to 1.63662 eV
 ... read D0, S0, Gn and Gg
 ... number of URR energies: 36
 Number of l: 36 and last energy: 12
 Last  URR energy: 1.63662 eV
 ... Enter in urr_correct function case 2
 Modify the higher limit of RRR in MF2
 --> old value: 1.258937+0 eV new value: 1.258937+0 eV
 Modify resonance covariances (MF32) to include correlations in the URR
 End Modify resonance covariances (MF32) to include correlations in the URR
 ... Enter in update_MF32 function
 ... Change uncertainties
 ... for the HFR, random position of the positive resonances with 0.020000 %
 ... end of update MF32 function
 ... GLS calculation of the parameter correlations from the thermal/RI adjustment (MF32c)
 ... MF32: correlations from the thermal/RI adjustment (GLS) for 19 resonances (19 widths), 6 correlation lines
 ...   thermal (n,g): uncertainty from these widths 75.7179 b. -> 69.3083 b. (reference: 202.5 +/- 172.125 b.)
 ... copy the mf2 and mf32 to .mlbw files

 ... Start of final reconstruction and testing ...
 ... Reconstruction of cross sections at 0 Kelvin  ... Import MF2 from TARES calculations
 ... End energy of TARES MF2 : 1.258937E+0 eV and limit to 40000 resonances
 ... File used for reconstruction: n-Tb140.reconst
 ... run RECENT ...
 ... Doppler broadened at a unique temperature: 0 Kelvin using sigma1
 ... The keyword temperature is zero, no Doppler broadening for the MACS

 ============== INTER values at 0 Kelvin ==============
 Thermal (n,g) xs =  751.294 b. (meas/sys: 202.5 b.) (warning: comparison to be done at 296 or 300 K)
 Th Maxw (n,g) xs =  764.12 b. (thermal Maxwellian value)
 Westcott factor  =  1.01707
 RI      (n,g)    =  329.066 b. (meas or sys: - b.)
 MACS 3.000e+04 eV=  0.17011 b. (meas or sys: - b.) from 1.00E+00 to 1.26E+00 eV (end of RRR) at T= 0 Kelvin 
 Thermal (n,el) xs=  5.48496 b.
 RI      (n,el)   =  5.13922 b.
 ============= PSYCHE values ==============
 Ave. G_total L0  =  0.2487 eV
 Ave. Gn_0    L0  =  1.80068e-06
 Ave. Gg      L0  =  0.248699 eV
 Ave. D       L0  =  0.0135368 eV
 Ave. S       L0  =  6.71344e-05 eV
 =========================================
 ... End of final reconstruction and testing ...

 ... grouping is not optimum, change to 70 groups
 ... Produce MF33 based on MF32 and 6 random files
 ... run endsam for 6 in groups of 1 global run
 ... run endsam from 1 to 6
 ... reorder resonance position after endsam (sampling)
 ... preparing the vectors  ... done
 ... nominal file 0 Cap(th)  ave= 7.513E+02 b. +/- 0.00 % || Ela(th) ave= 5.485E+00 b. +/- 0.00 % || RIcap ave= 2.55E+02 b. +/- 0.00 % || Macs30 ave= 2.16E+02 b. +/- 0.00 % || Gn^0(l=0) ave= 1.801E-06 +/- 0.00 % Gn^0(l=1) ave= 0.000E+00 +/- 0.00 % Gn^0(l=2) ave= 0.000E+00 +/- 0.00 % Gn^0(l=3) ave= 0.000E+00 +/- 0.00 % || Gtotal(l=0) ave= 2.487E-01 +/- 0.00 % Gtotal(l=1) ave= 0.000E+00 +/- 0.00 % Gtotal(l=2) ave= 0.000E+00 +/- 0.00 % Gtotal(l=3) ave= 0.000E+00 +/- 0.00 %  % || Gg(l=0) ave= 2.487E-01 +/- 0.00 % Gg(l=1) ave= 0.000E+00 +/- 0.00 % Gg(l=2) ave= 0.000E+00 +/- 0.00 % Gg(l=3) ave= 0.000E+00 +/- 0.00 %  % || D(l=0) ave= 1.354E-02 +/- 0.00 % D(l=1) ave= 0.000E+00 +/- 0.00 % D(l=2) ave= 0.000E+00 +/- 0.00 % D(l=3) ave= 0.000E+00 +/- 0.00 %  % || S(l=0) ave= 6.713E-05 +/- 0.00 % S(l=1) ave= 0.000E+00 +/- 0.00 % S(l=2) ave= 0.000E+00 +/- 0.00 % S(l=3) ave= 0.000E+00 +/- 0.00 % 
 ... random file  1 Cap(th)  ave= 7.803E+02 b. +/- 3.72 % || Ela(th) ave= 6.341E+00 b. +/- 13.50 % || RIcap ave= 2.50E+02 b. +/- 1.84 % || Macs30 ave= 3.09E+02 b. +/- 30.03 % || Gn^0(l=0) ave= 1.801E-06 +/- 0.02 % Gn^0(l=1) ave= 0.000E+00 +/- 0.00 % Gn^0(l=2) ave= 0.000E+00 +/- 0.00 % Gn^0(l=3) ave= 0.000E+00 +/- 0.00 % || Gtotal(l=0) ave= 2.487E-01 +/- 0.01 % Gtotal(l=1) ave= 0.000E+00 +/- 0.00 % Gtotal(l=2) ave= 0.000E+00 +/- 0.00 % Gtotal(l=3) ave= 0.000E+00 +/- 0.00 %  % || Gg(l=0) ave= 2.502E-01 +/- 0.61 % Gg(l=1) ave= 0.000E+00 +/- 0.00 % Gg(l=2) ave= 0.000E+00 +/- 0.00 % Gg(l=3) ave= 0.000E+00 +/- 0.00 %  % || D(l=0) ave= 1.361E-02 +/- 0.54 % D(l=1) ave= 0.000E+00 +/- 0.00 % D(l=2) ave= 0.000E+00 +/- 0.00 % D(l=3) ave= 0.000E+00 +/- 0.00 %  % || S(l=0) ave= 6.681E-05 +/- 0.48 % S(l=1) ave= 0.000E+00 +/- 0.00 % S(l=2) ave= 0.000E+00 +/- 0.00 % S(l=3) ave= 0.000E+00 +/- 0.00 % 
 ... random file  2 Cap(th)  ave= 7.824E+02 b. +/- 3.05 % || Ela(th) ave= 5.562E+00 b. +/- 23.46 % || RIcap ave= 2.53E+02 b. +/- 2.08 % || Macs30 ave= 3.60E+02 b. +/- 29.06 % || Gn^0(l=0) ave= 1.801E-06 +/- 0.02 % Gn^0(l=1) ave= 0.000E+00 +/- 0.00 % Gn^0(l=2) ave= 0.000E+00 +/- 0.00 % Gn^0(l=3) ave= 0.000E+00 +/- 0.00 % || Gtotal(l=0) ave= 2.487E-01 +/- 0.01 % Gtotal(l=1) ave= 0.000E+00 +/- 0.00 % Gtotal(l=2) ave= 0.000E+00 +/- 0.00 % Gtotal(l=3) ave= 0.000E+00 +/- 0.00 %  % || Gg(l=0) ave= 2.536E-01 +/- 1.92 % Gg(l=1) ave= 0.000E+00 +/- 0.00 % Gg(l=2) ave= 0.000E+00 +/- 0.00 % Gg(l=3) ave= 0.000E+00 +/- 0.00 %  % || D(l=0) ave= 1.363E-02 +/- 0.51 % D(l=1) ave= 0.000E+00 +/- 0.00 % D(l=2) ave= 0.000E+00 +/- 0.00 % D(l=3) ave= 0.000E+00 +/- 0.00 %  % || S(l=0) ave= 6.671E-05 +/- 0.45 % S(l=1) ave= 0.000E+00 +/- 0.00 % S(l=2) ave= 0.000E+00 +/- 0.00 % S(l=3) ave= 0.000E+00 +/- 0.00 % 
 ... random file  3 Cap(th)  ave= 7.799E+02 b. +/- 2.71 % || Ela(th) ave= 5.168E+00 b. +/- 25.55 % || RIcap ave= 2.52E+02 b. +/- 1.88 % || Macs30 ave= 3.58E+02 b. +/- 25.37 % || Gn^0(l=0) ave= 1.801E-06 +/- 0.02 % Gn^0(l=1) ave= 0.000E+00 +/- 0.00 % Gn^0(l=2) ave= 0.000E+00 +/- 0.00 % Gn^0(l=3) ave= 0.000E+00 +/- 0.00 % || Gtotal(l=0) ave= 2.487E-01 +/- 0.01 % Gtotal(l=1) ave= 0.000E+00 +/- 0.00 % Gtotal(l=2) ave= 0.000E+00 +/- 0.00 % Gtotal(l=3) ave= 0.000E+00 +/- 0.00 %  % || Gg(l=0) ave= 2.507E-01 +/- 2.57 % Gg(l=1) ave= 0.000E+00 +/- 0.00 % Gg(l=2) ave= 0.000E+00 +/- 0.00 % Gg(l=3) ave= 0.000E+00 +/- 0.00 %  % || D(l=0) ave= 1.365E-02 +/- 0.47 % D(l=1) ave= 0.000E+00 +/- 0.00 % D(l=2) ave= 0.000E+00 +/- 0.00 % D(l=3) ave= 0.000E+00 +/- 0.00 %  % || S(l=0) ave= 6.665E-05 +/- 0.42 % S(l=1) ave= 0.000E+00 +/- 0.00 % S(l=2) ave= 0.000E+00 +/- 0.00 % S(l=3) ave= 0.000E+00 +/- 0.00 % 
 ... random file  4 Cap(th)  ave= 7.818E+02 b. +/- 2.47 % || Ela(th) ave= 5.132E+00 b. +/- 23.05 % || RIcap ave= 2.52E+02 b. +/- 1.71 % || Macs30 ave= 3.52E+02 b. +/- 23.22 % || Gn^0(l=0) ave= 1.801E-06 +/- 0.02 % Gn^0(l=1) ave= 0.000E+00 +/- 0.00 % Gn^0(l=2) ave= 0.000E+00 +/- 0.00 % Gn^0(l=3) ave= 0.000E+00 +/- 0.00 % || Gtotal(l=0) ave= 2.487E-01 +/- 0.01 % Gtotal(l=1) ave= 0.000E+00 +/- 0.00 % Gtotal(l=2) ave= 0.000E+00 +/- 0.00 % Gtotal(l=3) ave= 0.000E+00 +/- 0.00 %  % || Gg(l=0) ave= 2.505E-01 +/- 2.31 % Gg(l=1) ave= 0.000E+00 +/- 0.00 % Gg(l=2) ave= 0.000E+00 +/- 0.00 % Gg(l=3) ave= 0.000E+00 +/- 0.00 %  % || D(l=0) ave= 1.365E-02 +/- 0.43 % D(l=1) ave= 0.000E+00 +/- 0.00 % D(l=2) ave= 0.000E+00 +/- 0.00 % D(l=3) ave= 0.000E+00 +/- 0.00 %  % || S(l=0) ave= 6.662E-05 +/- 0.39 % S(l=1) ave= 0.000E+00 +/- 0.00 % S(l=2) ave= 0.000E+00 +/- 0.00 % S(l=3) ave= 0.000E+00 +/- 0.00 % 
 ... random file  5 Cap(th)  ave= 7.780E+02 b. +/- 2.51 % || Ela(th) ave= 5.296E+00 b. +/- 21.53 % || RIcap ave= 2.50E+02 b. +/- 2.13 % || Macs30 ave= 3.52E+02 b. +/- 21.22 % || Gn^0(l=0) ave= 1.801E-06 +/- 0.02 % Gn^0(l=1) ave= 0.000E+00 +/- 0.00 % Gn^0(l=2) ave= 0.000E+00 +/- 0.00 % Gn^0(l=3) ave= 0.000E+00 +/- 0.00 % || Gtotal(l=0) ave= 2.487E-01 +/- 0.01 % Gtotal(l=1) ave= 0.000E+00 +/- 0.00 % Gtotal(l=2) ave= 0.000E+00 +/- 0.00 % Gtotal(l=3) ave= 0.000E+00 +/- 0.00 %  % || Gg(l=0) ave= 2.533E-01 +/- 3.27 % Gg(l=1) ave= 0.000E+00 +/- 0.00 % Gg(l=2) ave= 0.000E+00 +/- 0.00 % Gg(l=3) ave= 0.000E+00 +/- 0.00 %  % || D(l=0) ave= 1.363E-02 +/- 0.51 % D(l=1) ave= 0.000E+00 +/- 0.00 % D(l=2) ave= 0.000E+00 +/- 0.00 % D(l=3) ave= 0.000E+00 +/- 0.00 %  % || S(l=0) ave= 6.671E-05 +/- 0.45 % S(l=1) ave= 0.000E+00 +/- 0.00 % S(l=2) ave= 0.000E+00 +/- 0.00 % S(l=3) ave= 0.000E+00 +/- 0.00 % 
 ... random file  6 Cap(th)  ave= 7.790E+02 b. +/- 2.34 % || Ela(th) ave= 5.585E+00 b. +/- 22.75 % || RIcap ave= 2.51E+02 b. +/- 2.09 % || Macs30 ave= 3.49E+02 b. +/- 19.89 % || Gn^0(l=0) ave= 1.801E-06 +/- 0.02 % Gn^0(l=1) ave= 0.000E+00 +/- 0.00 % Gn^0(l=2) ave= 0.000E+00 +/- 0.00 % Gn^0(l=3) ave= 0.000E+00 +/- 0.00 % || Gtotal(l=0) ave= 2.487E-01 +/- 0.01 % Gtotal(l=1) ave= 0.000E+00 +/- 0.00 % Gtotal(l=2) ave= 0.000E+00 +/- 0.00 % Gtotal(l=3) ave= 0.000E+00 +/- 0.00 %  % || Gg(l=0) ave= 2.524E-01 +/- 3.16 % Gg(l=1) ave= 0.000E+00 +/- 0.00 % Gg(l=2) ave= 0.000E+00 +/- 0.00 % Gg(l=3) ave= 0.000E+00 +/- 0.00 %  % || D(l=0) ave= 1.362E-02 +/- 0.53 % D(l=1) ave= 0.000E+00 +/- 0.00 % D(l=2) ave= 0.000E+00 +/- 0.00 % D(l=3) ave= 0.000E+00 +/- 0.00 %  % || S(l=0) ave= 6.677E-05 +/- 0.48 % S(l=1) ave= 0.000E+00 +/- 0.00 % S(l=2) ave= 0.000E+00 +/- 0.00 % S(l=3) ave= 0.000E+00 +/- 0.00 % 
 ... Histogram plot for thermal (n,g)
 ... Write covariances  ... MT1  ... plot correlations
 ... MT2  ... MT102 


 ================================================
 ============== From 6 random values === start ======
 Thermal (n,tot) xs  0 K =  784.57 b. +/- 18.6168 b. ( 2.37287 %) skew= +0.11 +/- 0.79
 Thermal (n,el) xs   0 K =  5.58475 b. +/- 1.27054 b. ( 22.7502 %) skew= +0.09 +/- 0.79
 Thermal (n,g) xs    0 K =  778.985 b. +/- 18.2329 b. ( 2.3406 %) skew= +0.01 +/- 0.79
 RI      (n,g)       0 K =  250.846 b. +/- 5.24061 b. ( 2.08918 %) 
 MACS    (n,g)       0 K (at Emacs= 30000 eV) =  349.229 b. +/- 69.4655 b. ( 19.8911 %) 
 Ave. Gtotal  L=0        =  2.487E-01 +/- 0.01 %
 Ave. Gn^(0)  L=0        =  1.801E-06 +/- 0.02 %
 Ave. Gg      L=0        =  2.524E-01 +/- 3.16 %
 Ave. D       L=0        =  1.362E-02 +/- 0.53 %
 Ave. S       L=0        =  6.677E-05 +/- 0.48 %

 Expected Thermal (n,g) (syst or meas)= 202.5 b. +/- 172.125 b. nominal: 751.294 b.
 ratio Calculated/expected thermal (n,g): 3.85 ratio DCalculated/Dexpected: 0.11 ratio Calculated/Nominal: 1.04
 ============== From 6 random values ===== stop ======
 ================================================
 ... Calculation of (n,a) and (n,p) cross sections at 300 K
 ... thermal (n,a) cross section is 7.40132e-07 +/- 3.70066e-07 b.
 ... thermal (n,a) cross section is 1e-06 b. (random case 1)
 ... thermal (n,a) cross section is 1e-06 b. (random case 2)
 ... thermal (n,a) cross section is 1e-06 b. (random case 3)
 ... thermal (n,a) cross section is 1e-06 b. (random case 4)
 ... thermal (n,a) cross section is 1e-06 b. (random case 5)
 ... thermal (n,a) cross section is 1e-06 b. (random case 6)
 ... thermal (n,p) cross section is 7.40132e-07 +/- 3.70066e-07 b.
 ... thermal (n,p) cross section is 1e-06 b. (random case 1)
 ... thermal (n,p) cross section is 1e-06 b. (random case 2)
 ... thermal (n,p) cross section is 1e-06 b. (random case 3)
 ... thermal (n,p) cross section is 1e-06 b. (random case 4)
 ... thermal (n,p) cross section is 1e-06 b. (random case 5)
 ... thermal (n,p) cross section is 1e-06 b. (random case 6)
 ... Rewrite index for MF2
 ... Write text for MF1 in file mf1.tares.txt
 ... plotting cross sections for the MF1
 ... order output files


================== summary ==================
 Thermal (n,tot) xs = 756.779 b. 
 Thermal (n,el)  xs = 5.48496 b. 
 Thermal (n,g)   xs = 751.294 b. (meas/sys: 202.5 b.)
 At 300 K (thermal adjustment): (n,el) = 5.50514 b., (n,g) = 751.754 b.

 RI      (n,g)      = 329.066 b. (meas or sys: - b.)
 RI      (n,el)     = 5.13922 b.
=============================================


 ... cleaning
                                                 
  -------------------------------------------------------------
  -                                                           -
  - TARES: successful end of run with data from hypothetical  -
  - resonances for  Z= 65, A= 140 and isomer= 0               -
  - half-life: 2.290000 sec. 
  -                                                           -
  -------------------------------------------------------------

   Running time:       8 seconds

 End time: Wed Oct  7 11:49:29 2026

