
  -------------------------------------------------------------
  -                                                           -
  -              Welcome to TARES version 1.8                 -
  -                                                           -
  -  (C) Copyright 2007-2025 D. Rochman, All Rights Reserved  -
  -           NRG, Petten, the Netherlands 2007-2014          -
  -           PSI, Villigen    Switzerland 2015-2025          -
  -         Nagra, Wettingen   Switzerland 2025-              -
  -           (Last Modified October 06, 2026)                -
  -           (Database from October 06, 2026)                -
  -                                                           -
  -------------------------------------------------------------


  ---------------------------------------------
   Compilation information:
   Compiled on:         Oct  8 2026, 18:36:06
   Compiled by:         koning
   Compiler version:    clang++ - 21.0.0
   Source location:     /Users/koning/tares-1.8/source/Module/
   Binaries location:   /Users/koning/bin
   System:              Darwin 25.6.0
   System version:      Darwin Kernel Version 25.6.0: Fri Jul 31 19:19:08 PDT 2026; root:xnu-12377.161.14~5/RELEASE_ARM64_T6050  
   Machine:             arm64 
  ---------------------------------------------

   User information:
   User name:           koning
   Running directory:   /Users/koning/tendl/resbase/I134m/work
   Owner mode for running directory : rwx
   Group mode for running directory : r-x
  ---------------------------------------------


 Starting time: Fri Oct  9 11:49:22 2026
 ... inputs directory found (/Users/koning/tares-1.8/source/Module//../../inputs/).
 ... It will be used for resonance parameters 
 ... ###############################################
 ... #     read the input file tares.inp
 ... ###############################################
 ... line: #
 ... line: # Input file generated by Autorochman
          --> line not read
 ... line: #
 ... line: isotope    I
          --> Isotope name: I
 ... line: mass       134
          --> isotopic mass: 134
 ... line: output     n-I134m
         ---> Name of the output files: n-I134m
 ... line: isomer     1
          --> isomeric state: 1
 ... line: mf32mf33   y
          --> MF33 based on MF32: y
 ... line: nbrRandom  6
          --> Nbr of random files: 6
 ... ###############################################
 ... # end read the input file tares.inp
 ... ###############################################
Value for random generator type not considered in since Tares 1.7 due to compilation issues

 ... ###############################################
     #   Interpretation of the Input definition    #
     ###############################################

 ... Default energy limit: End of resonance region
 ... Nuclear charge    = 53
 ... Element           = I
 ... Mass              = 134
 ... Isomer            = 1
 ... Correlation for (Gn,Gg) not included in random files
 ... Default random option: No random
 ... Output name: n-I134m
 ... Energy for the MACS: 30000 eV
 ... Resonances from CALENDF reduced (reduce=y) 
 ... For URR, level density model from TALYS selected: 91n3n12611.2850 (see manual for description)
 ... Random Generator: default (pseudo random numbers from ansi c++)
 ... Reconstruction of cross section selected
 ... Doppler broadening at 0 Kelvin
 ... URR not included (from the input file flag)
 ... Weight for grouping is flat
 ... Calculation of (n,alpha) cross section selected
 ... Number of digit for MF32c covariance representation: 2
 ... MF32 included
 ... MF33 will be used for covariance processing
 ... TENDL option set to yes (automatic choice of MF2 and format)
 ... Isotope not found in the best file --> use of MLBW formalism
 ... default option: Multi level Breit Wigner approximation selected
 ... (check file best.tendl.yes for changing this option)
 ... Retroactive option set to no with the 2025 option

 ... ###############################################
     #           End of Input definition           #
     ###############################################

 ... gnuplot found, will be used for plotting
 ... latex found, will be used for plotting
 ... dvips found, will be used for plotting
 ... ps2epsi not found, limited plotting available
 ... uncertainties on default parameters multiplied by 1.5841
File /Users/koning/tares-1.8/source/Module//../../inputs/2025/lib.urr/talys.urr/91n3n12611.2850/I/urr/urr.dat.I.134.000.1.gz not found
File /Users/koning/tares-1.8/source/Module//../../inputs/2025/lib.urr/talys.urr/91n3n12611.2850/I/urr/urr.dat.I.134.000.1.gz not found
File /Users/koning/tares-1.8/source/Module//../../inputs/2025/lib.urr/talys.urr/91n3n12611.2850/I/urr/urr.dat.I.134.000.1.gz not found
File /Users/koning/tares-1.8/source/Module//../../inputs/2025/lib.urr/talys.urr/91n3n12611.2850/I/urr/urr.dat.I.134.000.1.gz not found
File /Users/koning/tares-1.8/source/Module//../../inputs/2025/lib.urr/talys.urr/91n3n12611.2850/I/urr/urr.dat.I.134.000.1.gz not found
File /Users/koning/tares-1.8/source/Module//../../inputs/2025/lib.urr/talys.urr/91n3n12611.2850/I/urr/urr.dat.I.134.000.1.gz not found
File /Users/koning/tares-1.8/source/Module//../../inputs/2025/lib.urr/talys.urr/91n3n12611.2850/I/urr/urr.dat.I.134.000.1.gz not found
File /Users/koning/tares-1.8/source/Module//../../inputs/2025/lib.urr/talys.urr/91n3n12611.2850/I/urr/urr.dat.I.134.000.1.gz not found
 ... Read resonance data from the 2025 directory
 ... Resonance parameters taken from /Users/koning/tares-1.8/source/Module//../../inputs/2025/Resonance/default/
 ---> Processing Z= 53 and A= 134 and isomer= 1 (level number: 0)
 Exfor path; Could not find /Users/koning/tares-1.8/source/Module//../../inputs/exfor/I134m/xs/102
Thermal file; Could not open file /Users/koning/tares-1.8/source/Module//../../inputs/2025/runThermal/results//thermal.mxw.ng.cendl3.1
Thermal file; Could not open file /Users/koning/tares-1.8/source/Module//../../inputs/2025/runThermal/results//thermal.mxw.ng.brond3.1
Thermal file; Could not open file /Users/koning/tares-1.8/source/Module//../../inputs/2025/runThermal/results//thermal.xs.ng.unc.cendl3.1
 ... spin taken from the final/ directory (1)

 ... ###############################################
 ... #  Nucleus global parameters (2025 database)  #
 ... ###############################################
 0. Half-life: 3.52 min. 
 ... Scattering radius from TALYS: /Users/koning/tares-1.8/source/Module//../../inputs/2025/lib.urr/talys.urr/
 1. Spin of the target isotope: 8
 2. Relative Atomic Mass of the target isotope: 133.909
 3. Level of the isomer: 0.316490 MeV (level number 5)
 4. Scattering radius (local compilation): 6.79639 fm +/- 0.142724 fm
      .......................................
      ... Thermal capture cross sections: ...
 ... ratio of 2.82463 applied for isomeric cross section (isomer/ground)
 5. Thermal (n,g) cross section from systematics (TALYS, urr.dat): 12.6989 +/- 8.88921 b.
 6. Thermal (n,g) cross section from compilation (Firestone-2022 average on element I): 6.34 +/- 0.12 b.
 7. Thermal (n,g) cross section from compilation (Firestone-2022 final on element I): 6.19 +/- 0.06 b.
      .......................................
      ...  Thermal total cross sections:  ...
      .......................................
      ... Thermal elastic cross sections: ...
 8. Thermal (n,el) cross section from potential (4piR^2): 8.54143 +/- 0.427072 b.
      .......................................
             ... Resonance integral: ...
 9. No capture integral found in /Users/koning/tares-1.8/source/Module//../../inputs/capture.integral
 ... no RI(n,g) found in local compilation, take 2018 value.
 ... no RI(n,g) found in local compilation, take Sukhoruchkin value.
   ---- MACS 30 keV ----- 
 10. TALYS MACS 30 keV (HF): 8.25426e-06 b. 
   ---------- S0 -------- 
 11. S0 from TALYS: 0.4107
   ---------- S1 -------- 
 12. S1 from TALYS: 1.19157
   ---------- S2 -------- 
 13. S2 from TALYS: 0
   ---------- D0 -------- 
 14. D0 from TALYS: 608 eV
 Correction to D0: 0.2
   ---------- D1 -------- 
 15. D1 from TALYS: 0 eV
   ---------- D2 -------- 
 16. D2 from TALYS: 0 eV
   ---------- G0 -------- 
 17. Gg0 from TALYS: 0 eV
   ---------- G1 -------- 
 18. Gg1 from TALYS: 0 eV
   ---------- G2 -------- 
 19. Gg2 from TALYS: 0 eV


   ---------------------- 
 ... Read resonance parameters (format: 2: Multi Level Breit Wigner)
 ... 0 resonances found 
 ... possibly no resonances in the Resonance directory for this isotope and options
 ... Use HFR (ladder) behavior 
 --> 21. Number of resonances from the input file: 2 up to 304 eV
 22. Read nuclear quantities (mass, MAT...)
 23. Read thermal (n,g) xs 
 24. Read the scattering radius 
 25. Read uncertainty on Gg for 2 resonances
 26. Read uncertainty on Gg for 2 resonances ... done
 ... order resonances 
 ... Upper limit for the RRR: 304 eV (no statistical resonances HFR) from the limit.RRR file
 ... Write parameters for l=0 waves
 ... End writing original MF2 
 ... No RRR in the database: uncertainties on default parameters multiplied by 1.99753
 ... Enter in urr function (ladder option set to y) for file n-I134m
 ... read the file /Users/koning/tares-1.8/source/Module//../../inputs/2025/list.jcs.urr to find URR origin
 Default URR taken from TALYS calculations with level density model: 91n3n12611.2850
 File considered for the URR: /Users/koning/tares-1.8/source/Module//../../inputs/2025/lib.urr/talys.urr/91n3n12611.2850/I/urr/urr.dat.I.134.005.1.gz
 ... Write URR using TALYS average parameters (used for HFR)
 ... Limit of URR changed to 25 keV (recommendation from WPEC and JEFF)
 ... ---> Emax(RRR) taken from the file limit.ladder: 5000 eV <---
 ... (File limit.ladder: /Users/koning/tares-1.8/source/Module//../../inputs/2025/limit.ladder.91n3n12611.2850)
 ... read D0, S0, Gn and Gg
 ... number of URR energies: 2424
 Number of l: 2424 and last energy: 12
 Last  URR energy: 5000 eV
 ... Enter in to_MLBW_mf2 function
 ... Convert to Multi Level Breit Wigner (MLBW)
 ... Write parameter covariances (MF32) for l=0
 ... Convert parameter covariances (MF32) to MLBW
 ... copy the mf2 and mf32 to .mlbw files
 ... Enter in urr_correct function case 1
 Modify the higher limit of RRR in MF2
 --> old value: 3.055200+2 eV new value: 1.000000-2 eV
 Modify resonance covariances (MF32) to include correlations in the URR
 End Modify resonance covariances (MF32) to include correlations in the URR
 ... Enter in calendf_xs function
 Use CALENDF for statistical resonances (update MF2) up to 5.000000+3 eV (initial limit)
 Extract resonances from CALENDF for RRR->URR 2
 285 statistical resonances found
 After reduction, 236 statistical resonances found
 ... checking resonance order 1
 ... checking resonance order 2nd round for 234 resonances
 ... end checking resonance order 2nd round
 Too many resonances (234): reduced to 100.
 .......................................................
 ... Adjustment to the thermal cross section : start ...
 .......................................................
 ... ratio of 2.82463 applied for isomeric cross section (isomer/ground)

 Before adjustment (adjustment to the thermal cross section set to y)
 ... Import MF2 from TARES calculations
 ... End energy of TARES MF2 : 1.827539E+3 eV and limit to 40000 resonances
 ... File used for reconstruction: new.temp22.reconst
 ... run RECENT ...
 ... Doppler broadened at a unique temperature: 300 Kelvin using sigma1
 ... run SIGMA1 at 3.000000E+02 K.

 ============== INTER values at 300 Kelvin ==============
 Thermal (n,g) xs =  32.5828 b. (meas/sys: 12.6989 b.) (warning: comparison to be done at 296 or 300 K)
 Th Maxw (n,g) xs =  32.776 b. (thermal Maxwellian value)
 Westcott factor  =  1.00592
 RI      (n,g)    =  87.6426 b. (meas or sys: - b.)
 MACS 3.000e+04 eV=  0.11912 b. (meas or sys: - b.) from 1.00E+00 to 2.00E+07 eV (end of RRR) at T= 300 Kelvin 
 Thermal (n,el) xs=  4.14833 b.
 RI      (n,el)   =  756.009 b.
 ============= PSYCHE values ==============
 Ave. G_total L0  =  4.60044 eV
 Ave. G_total L1  =  0.52799 eV
 Ave. G_total L2  =  0.534015 eV
 Ave. Gn_0    L0  =  0.139821
 Ave. Gn_0    L1  =  0.257764
 Ave. Gn_0    L2  =  0.259612
 Ave. Gg      L0  =  0.533042 eV
 Ave. Gg      L1  =  0.512777 eV
 Ave. Gg      L2  =  0.53401 eV
 Ave. D       L0  =  114.221 eV
 Ave. D       L1  =  87.0257 eV
 Ave. D       L2  =  121.836 eV
 Ave. S       L0  =  0.000661456 eV
 Ave. S       L1  =  0.000518917 eV
 Ave. S       L2  =  0.000249332 eV
 =========================================
 Calculated capture integral   87.6426 b.
 Calculated thermal (n,g)=          32.5828235 b. and recommended= 12.6989 b. (C/E= 2.5658)
 Calculated RI      (n,g)= 87.6426 b. (no reference value)
 ... tolerances: thermal (n,g) 20 % (reference uncertainties, minimum 2% and 5%, maximum 20%)
 Adjust the capture widths ...
 ... capture adjusted with Gn for 84 resonances (Gn<Gg) and with Gg for 16 resonances
 ... iteration 0: C/E thermal (n,g)= 2.5658

 <-------- After adjustment -------->
 ... Import MF2 from TARES calculations
 ... End energy of TARES MF2 : 1.827539E+3 eV and limit to 40000 resonances
 ... File used for reconstruction: new.temp22.reconst
 ... run RECENT ...
 ... Doppler broadened at a unique temperature: 300 Kelvin using sigma1
 ... run SIGMA1 at 3.000000E+02 K.

 ============== INTER values at 300 Kelvin ==============
 Thermal (n,g) xs =  14.9847 b. (meas/sys: 12.6989 b.) (warning: comparison to be done at 296 or 300 K)
 Th Maxw (n,g) xs =  15.073 b. (thermal Maxwellian value)
 Westcott factor  =  1.00592
 RI      (n,g)    =  45.2603 b. (meas or sys: - b.)
 MACS 3.000e+04 eV=  0.11224 b. (meas or sys: - b.) from 1.00E+00 to 2.00E+07 eV (end of RRR) at T= 300 Kelvin 
 Thermal (n,el) xs=  4.42586 b.
 RI      (n,el)   =  764.853 b.
 ============= PSYCHE values ==============
 Ave. G_total L0  =  4.37644 eV
 Ave. G_total L1  =  0.519774 eV
 Ave. G_total L2  =  0.534012 eV
 Ave. Gn_0    L0  =  0.138611
 Ave. Gn_0    L1  =  0.118544
 Ave. Gn_0    L2  =  0.119394
 Ave. Gg      L0  =  0.3315 eV
 Ave. Gg      L1  =  0.512777 eV
 Ave. Gg      L2  =  0.53401 eV
 Ave. D       L0  =  114.221 eV
 Ave. D       L1  =  87.0257 eV
 Ave. D       L2  =  121.836 eV
 Ave. S       L0  =  0.000656104 eV
 Ave. S       L1  =  0.000238647 eV
 Ave. S       L2  =  0.000114667 eV
 =========================================
 ... iteration 1: C/E thermal (n,g)= 1.18


 ... ratio C/E thermal (n,g): 1.180002E+00
 ...................................................... 
 ... Adjustment to the thermal cross section : stop ...
 ...................................................... 
 ... new MF2 file after adjustment: n-I134m
 ... read the file /Users/koning/tares-1.8/source/Module//../../inputs/2025/list.jcs.urr to find URR origin
 Default URR taken from TALYS calculations with level density model: 91n3n12611.2850
 File considered for the URR: /Users/koning/tares-1.8/source/Module//../../inputs/2025/lib.urr/talys.urr/91n3n12611.2850/I/urr/urr.dat.I.134.005.1.gz
 ... Write URR using TALYS average parameters (not used for HFR)
 ... Limit of URR changed to 25 keV (recommendation from WPEC and JEFF)
 ... read D0, S0, Gn and Gg
 ... number of URR energies: 540
 Number of l: 540 and last energy: 12
 Last  URR energy: 43946.1 eV
 Energies in the URR : 540 -> reduced by a factor 2
 Energies in the URR : 312 -> reduced by a factor 2
 ... Enter in urr_correct function case 2
 Modify the higher limit of RRR in MF2
 --> old value: 1.827539+3 eV new value: 1.827539+3 eV
 Modify resonance covariances (MF32) to include correlations in the URR
 End Modify resonance covariances (MF32) to include correlations in the URR
 ... Enter in update_MF32 function
 ... Change uncertainties
 ... for the HFR, random position of the positive resonances with 0.020000 %
 ... end of update MF32 function
 ... GLS calculation of the parameter correlations from the thermal/RI adjustment (MF32c)
 ... MF32: correlations from the thermal/RI adjustment (GLS) for 5 resonances (10 widths), 5 correlation lines
 ...   thermal (n,g): uncertainty from these widths 7.35852 b. -> 5.66836 b. (reference: 12.6989 +/- 8.88921 b.)
 ... copy the mf2 and mf32 to .mlbw files

 ... Start of final reconstruction and testing ...
 ... Reconstruction of cross sections at 0 Kelvin  ... Import MF2 from TARES calculations
 ... End energy of TARES MF2 : 1.827539E+3 eV and limit to 40000 resonances
 ... File used for reconstruction: n-I134m.reconst
 ... run RECENT ...
 ... Doppler broadened at a unique temperature: 0 Kelvin using sigma1
 ... The keyword temperature is zero, no Doppler broadening for the MACS

 ============== INTER values at 0 Kelvin ==============
 Thermal (n,g) xs =  14.9767 b. (meas/sys: 12.6989 b.) (warning: comparison to be done at 296 or 300 K)
 Th Maxw (n,g) xs =  14.987 b. (thermal Maxwellian value)
 Westcott factor  =  1.00067
 RI      (n,g)    =  45.162 b. (meas or sys: - b.)
 MACS 3.000e+04 eV=  0.11162 b. (meas or sys: - b.) from 1.00E+00 to 1.83E+03 eV (end of RRR) at T= 0 Kelvin 
 Thermal (n,el) xs=  4.40903 b.
 RI      (n,el)   =  762.967 b.
 ============= PSYCHE values ==============
 Ave. G_total L0  =  4.37644 eV
 Ave. G_total L1  =  0.519774 eV
 Ave. G_total L2  =  0.534012 eV
 Ave. Gn_0    L0  =  0.138611
 Ave. Gn_0    L1  =  0.118544
 Ave. Gn_0    L2  =  0.119394
 Ave. Gg      L0  =  0.3315 eV
 Ave. Gg      L1  =  0.512777 eV
 Ave. Gg      L2  =  0.53401 eV
 Ave. D       L0  =  114.221 eV
 Ave. D       L1  =  87.0257 eV
 Ave. D       L2  =  121.836 eV
 Ave. S       L0  =  0.000656104 eV
 Ave. S       L1  =  0.000238647 eV
 Ave. S       L2  =  0.000114667 eV
 =========================================
 ... End of final reconstruction and testing ...

 ... grouping is not optimum, change to 70 groups
 ... Produce MF33 based on MF32 and 6 random files
 ... MF3 of n-I134m.reconst (3 sections) added to the files for ENDSAM
 ... run endsam for 6 in groups of 1 global run
 ... run endsam from 1 to 6
 ... random files: total width GT set to Gn+Gg+Gf (600 resonances in 6 files)
 ... reorder resonance position after endsam (sampling)
 ... preparing the vectors  ... done
 ... nominal file 0 Cap(th)  ave= 1.498E+01 b. +/- 0.00 % || Ela(th) ave= 4.409E+00 b. +/- 0.00 % || RIcap ave= 4.52E+01 b. +/- 0.00 % || Macs30 ave= 1.12E-01 b. +/- 0.00 % || Gn^0(l=0) ave= 1.386E-01 +/- 0.00 % Gn^0(l=1) ave= 1.185E-01 +/- 0.00 % Gn^0(l=2) ave= 1.194E-01 +/- 0.00 % Gn^0(l=3) ave= 0.000E+00 +/- 0.00 % || Gtotal(l=0) ave= 4.376E+00 +/- 0.00 % Gtotal(l=1) ave= 5.198E-01 +/- 0.00 % Gtotal(l=2) ave= 5.340E-01 +/- 0.00 % Gtotal(l=3) ave= 0.000E+00 +/- 0.00 %  % || Gg(l=0) ave= 3.315E-01 +/- 0.00 % Gg(l=1) ave= 5.128E-01 +/- 0.00 % Gg(l=2) ave= 5.340E-01 +/- 0.00 % Gg(l=3) ave= 0.000E+00 +/- 0.00 %  % || D(l=0) ave= 1.142E+02 +/- 0.00 % D(l=1) ave= 8.703E+01 +/- 0.00 % D(l=2) ave= 1.218E+02 +/- 0.00 % D(l=3) ave= 0.000E+00 +/- 0.00 %  % || S(l=0) ave= 6.561E-04 +/- 0.00 % S(l=1) ave= 2.386E-04 +/- 0.00 % S(l=2) ave= 1.147E-04 +/- 0.00 % S(l=3) ave= 0.000E+00 +/- 0.00 % 
 ... random file  1 Cap(th)  ave= 1.654E+01 b. +/- 9.46 % || Ela(th) ave= 4.287E+00 b. +/- 2.84 % || RIcap ave= 4.65E+01 b. +/- 2.94 % || Macs30 ave= 1.12E-01 b. +/- 0.02 % || Gn^0(l=0) ave= 1.422E-01 +/- 2.55 % Gn^0(l=1) ave= 1.244E-01 +/- 4.67 % Gn^0(l=2) ave= 1.309E-01 +/- 8.78 % Gn^0(l=3) ave= 0.000E+00 +/- 0.00 % || Gtotal(l=0) ave= 4.499E+00 +/- 2.73 % Gtotal(l=1) ave= 5.151E-01 +/- 0.91 % Gtotal(l=2) ave= 5.261E-01 +/- 1.51 % Gtotal(l=3) ave= 0.000E+00 +/- 0.00 %  % || Gg(l=0) ave= 3.471E-01 +/- 4.49 % Gg(l=1) ave= 5.081E-01 +/- 0.92 % Gg(l=2) ave= 5.261E-01 +/- 1.51 % Gg(l=3) ave= 0.000E+00 +/- 0.00 %  % || D(l=0) ave= 1.180E+02 +/- 3.23 % D(l=1) ave= 8.703E+01 +/- 0.00 % D(l=2) ave= 1.218E+02 +/- 0.00 % D(l=3) ave= 0.000E+00 +/- 0.00 %  % || S(l=0) ave= 6.529E-04 +/- 0.49 % S(l=1) ave= 2.505E-04 +/- 4.72 % S(l=2) ave= 1.257E-04 +/- 8.79 % S(l=3) ave= 0.000E+00 +/- 0.00 % 
 ... random file  2 Cap(th)  ave= 1.446E+01 b. +/- 22.21 % || Ela(th) ave= 4.343E+00 b. +/- 2.93 % || RIcap ave= 4.39E+01 b. +/- 8.95 % || Macs30 ave= 1.11E-01 b. +/- 0.35 % || Gn^0(l=0) ave= 1.438E-01 +/- 2.58 % Gn^0(l=1) ave= 1.212E-01 +/- 5.36 % Gn^0(l=2) ave= 1.252E-01 +/- 9.86 % Gn^0(l=3) ave= 0.000E+00 +/- 0.00 % || Gtotal(l=0) ave= 4.534E+00 +/- 2.47 % Gtotal(l=1) ave= 5.211E-01 +/- 1.79 % Gtotal(l=2) ave= 5.575E-01 +/- 8.05 % Gtotal(l=3) ave= 0.000E+00 +/- 0.00 %  % || Gg(l=0) ave= 3.399E-01 +/- 4.80 % Gg(l=1) ave= 5.141E-01 +/- 1.82 % Gg(l=2) ave= 5.575E-01 +/- 8.05 % Gg(l=3) ave= 0.000E+00 +/- 0.00 %  % || D(l=0) ave= 1.193E+02 +/- 3.01 % D(l=1) ave= 8.703E+01 +/- 0.00 % D(l=2) ave= 1.218E+02 +/- 0.00 % D(l=3) ave= 0.000E+00 +/- 0.00 %  % || S(l=0) ave= 6.537E-04 +/- 0.43 % S(l=1) ave= 2.441E-04 +/- 5.42 % S(l=2) ave= 1.203E-04 +/- 9.86 % S(l=3) ave= 0.000E+00 +/- 0.00 % 
 ... random file  3 Cap(th)  ave= 1.806E+01 b. +/- 37.80 % || Ela(th) ave= 4.430E+00 b. +/- 4.22 % || RIcap ave= 4.94E+01 b. +/- 20.66 % || Macs30 ave= 1.12E-01 b. +/- 0.82 % || Gn^0(l=0) ave= 1.446E-01 +/- 2.41 % Gn^0(l=1) ave= 1.165E-01 +/- 8.58 % Gn^0(l=2) ave= 1.162E-01 +/- 16.31 % Gn^0(l=3) ave= 0.000E+00 +/- 0.00 % || Gtotal(l=0) ave= 4.572E+00 +/- 2.55 % Gtotal(l=1) ave= 5.357E-01 +/- 4.96 % Gtotal(l=2) ave= 5.572E-01 +/- 6.98 % Gtotal(l=3) ave= 0.000E+00 +/- 0.00 %  % || Gg(l=0) ave= 3.492E-01 +/- 6.15 % Gg(l=1) ave= 5.288E-01 +/- 5.03 % Gg(l=2) ave= 5.572E-01 +/- 6.98 % Gg(l=3) ave= 0.000E+00 +/- 0.00 %  % || D(l=0) ave= 1.199E+02 +/- 2.75 % D(l=1) ave= 8.703E+01 +/- 0.00 % D(l=2) ave= 1.218E+02 +/- 0.00 % D(l=3) ave= 0.000E+00 +/- 0.00 %  % || S(l=0) ave= 6.539E-04 +/- 0.37 % S(l=1) ave= 2.344E-04 +/- 8.64 % S(l=2) ave= 1.116E-04 +/- 16.32 % S(l=3) ave= 0.000E+00 +/- 0.00 % 
 ... random file  4 Cap(th)  ave= 1.573E+01 b. +/- 48.81 % || Ela(th) ave= 4.485E+00 b. +/- 4.46 % || RIcap ave= 4.60E+01 b. +/- 24.87 % || Macs30 ave= 1.12E-01 b. +/- 0.75 % || Gn^0(l=0) ave= 1.431E-01 +/- 3.01 % Gn^0(l=1) ave= 1.131E-01 +/- 9.84 % Gn^0(l=2) ave= 1.096E-01 +/- 19.63 % Gn^0(l=3) ave= 0.000E+00 +/- 0.00 % || Gtotal(l=0) ave= 4.526E+00 +/- 3.07 % Gtotal(l=1) ave= 5.607E-01 +/- 9.87 % Gtotal(l=2) ave= 5.281E-01 +/- 12.83 % Gtotal(l=3) ave= 0.000E+00 +/- 0.00 %  % || Gg(l=0) ave= 3.448E-01 +/- 6.14 % Gg(l=1) ave= 5.537E-01 +/- 9.99 % Gg(l=2) ave= 5.281E-01 +/- 12.83 % Gg(l=3) ave= 0.000E+00 +/- 0.00 %  % || D(l=0) ave= 1.188E+02 +/- 3.14 % D(l=1) ave= 8.703E+01 +/- 0.00 % D(l=2) ave= 1.218E+02 +/- 0.00 % D(l=3) ave= 0.000E+00 +/- 0.00 %  % || S(l=0) ave= 6.529E-04 +/- 0.45 % S(l=1) ave= 2.277E-04 +/- 9.90 % S(l=2) ave= 1.052E-04 +/- 19.64 % S(l=3) ave= 0.000E+00 +/- 0.00 % 
 ... random file  5 Cap(th)  ave= 1.449E+01 b. +/- 52.05 % || Ela(th) ave= 4.462E+00 b. +/- 4.25 % || RIcap ave= 4.39E+01 b. +/- 26.15 % || Macs30 ave= 1.12E-01 b. +/- 0.79 % || Gn^0(l=0) ave= 1.420E-01 +/- 3.23 % Gn^0(l=1) ave= 1.134E-01 +/- 8.98 % Gn^0(l=2) ave= 1.101E-01 +/- 17.87 % Gn^0(l=3) ave= 0.000E+00 +/- 0.00 % || Gtotal(l=0) ave= 4.511E+00 +/- 2.91 % Gtotal(l=1) ave= 5.449E-01 +/- 11.32 % Gtotal(l=2) ave= 5.586E-01 +/- 16.49 % Gtotal(l=3) ave= 0.000E+00 +/- 0.00 %  % || Gg(l=0) ave= 3.570E-01 +/- 9.36 % Gg(l=1) ave= 5.379E-01 +/- 11.46 % Gg(l=2) ave= 5.586E-01 +/- 16.49 % Gg(l=3) ave= 0.000E+00 +/- 0.00 %  % || D(l=0) ave= 1.180E+02 +/- 3.23 % D(l=1) ave= 8.703E+01 +/- 0.00 % D(l=2) ave= 1.218E+02 +/- 0.00 % D(l=3) ave= 0.000E+00 +/- 0.00 %  % || S(l=0) ave= 6.519E-04 +/- 0.53 % S(l=1) ave= 2.283E-04 +/- 9.03 % S(l=2) ave= 1.057E-04 +/- 17.87 % S(l=3) ave= 0.000E+00 +/- 0.00 % 
 ... random file  6 Cap(th)  ave= 1.363E+01 b. +/- 53.52 % || Ela(th) ave= 4.463E+00 b. +/- 3.94 % || RIcap ave= 4.26E+01 b. +/- 26.01 % || Macs30 ave= 1.12E-01 b. +/- 0.85 % || Gn^0(l=0) ave= 1.426E-01 +/- 3.12 % Gn^0(l=1) ave= 1.131E-01 +/- 8.36 % Gn^0(l=2) ave= 1.092E-01 +/- 16.79 % Gn^0(l=3) ave= 0.000E+00 +/- 0.00 % || Gtotal(l=0) ave= 4.515E+00 +/- 2.70 % Gtotal(l=1) ave= 5.414E-01 +/- 10.66 % Gtotal(l=2) ave= 5.874E-01 +/- 18.83 % Gtotal(l=3) ave= 0.000E+00 +/- 0.00 %  % || Gg(l=0) ave= 3.474E-01 +/- 11.16 % Gg(l=1) ave= 5.344E-01 +/- 10.80 % Gg(l=2) ave= 5.874E-01 +/- 18.83 % Gg(l=3) ave= 0.000E+00 +/- 0.00 %  % || D(l=0) ave= 1.186E+02 +/- 3.18 % D(l=1) ave= 8.703E+01 +/- 0.00 % D(l=2) ave= 1.218E+02 +/- 0.00 % D(l=3) ave= 0.000E+00 +/- 0.00 %  % || S(l=0) ave= 6.515E-04 +/- 0.52 % S(l=1) ave= 2.277E-04 +/- 8.41 % S(l=2) ave= 1.049E-04 +/- 16.79 % S(l=3) ave= 0.000E+00 +/- 0.00 % 
 ... Histogram plot for thermal (n,g)
 ... Write covariances  ... MT1  ... plot correlations
 ... MT2  ... MT102 


 ================================================
 ============== From 6 random values === start ======
 Thermal (n,tot) xs  0 K =  18.0889 b. +/- 7.31353 b. ( 40.4311 %) skew= +1.13 +/- 0.79
 Thermal (n,el) xs   0 K =  4.46263 b. +/- 0.17566 b. ( 3.93625 %) skew= -0.05 +/- 0.79
 Thermal (n,g) xs    0 K =  13.6262 b. +/- 7.2922 b. ( 53.5159 %) skew= +1.08 +/- 0.79
 RI      (n,g)       0 K =  42.5832 b. +/- 11.0738 b. ( 26.005 %) 
 MACS    (n,g)       0 K (at Emacs= 30000 eV) =  0.111529 b. +/- 0.000949954 b. ( 0.851758 %) 
 Ave. Gtotal  L=0        =  4.515E+00 +/- 2.70 %
 Ave. Gn^(0)  L=0        =  1.426E-01 +/- 3.12 %
 Ave. Gg      L=0        =  3.474E-01 +/- 11.16 %
 Ave. D       L=0        =  1.186E+02 +/- 3.18 %
 Ave. S       L=0        =  6.515E-04 +/- 0.52 %
 Ave. Gtotal  L=1        =  5.414E-01 +/- 10.66 %
 Ave. Gn^(1)  L=1        =  1.131E-01 +/- 8.36 %
 Ave. Gg      L=1        =  5.344E-01 +/- 10.80 %
 Ave. D       L=1        =  8.703E+01 +/- 0.00 %
 Ave. S       L=1        =  2.277E-04 +/- 8.41 %
 Ave. Gtotal  L=2        =  5.874E-01 +/- 18.83 %
 Ave. Gn^(2)  L=2        =  1.092E-01 +/- 16.79 %
 Ave. Gg      L=2        =  5.874E-01 +/- 18.83 %
 Ave. D       L=2        =  1.218E+02 +/- 0.00 %
 Ave. S       L=2        =  1.049E-04 +/- 16.79 %

 Expected Thermal (n,g) (syst or meas)= 12.6989 b. +/- 8.88921 b. nominal: 14.9767 b.
 ratio Calculated/expected thermal (n,g): 1.07 ratio DCalculated/Dexpected: 0.82 ratio Calculated/Nominal: 0.91
 ============== From 6 random values ===== stop ======
 ================================================
 ... Calculation of (n,a) and (n,p) cross sections at 300 K
 ... thermal (n,a) cross section is 1.88716e-06 +/- 9.4358e-07 b.
 ... thermal (n,a) cross section is 2.58874e-06 b. (random case 1)
 ... thermal (n,a) cross section is 2.34115e-06 b. (random case 2)
 ... thermal (n,a) cross section is 2.10916e-06 b. (random case 3)
 ... thermal (n,a) cross section is 1.237e-06 b. (random case 4)
 ... thermal (n,a) cross section is 2.8041e-06 b. (random case 5)
 ... thermal (n,a) cross section is 2.12169e-06 b. (random case 6)
 ... (n,p) Q-value negative for this element
 ... Rewrite index for MF2
 ... Write text for MF1 in file mf1.tares.txt
 ... plotting cross sections for the MF1
 ... order output files


================== summary ==================
 Thermal (n,tot) xs = 19.3857 b. 
 Thermal (n,el)  xs = 4.40903 b. 
 Thermal (n,g)   xs = 14.9767 b. (meas/sys: 12.6989 b.)
 At 300 K (thermal adjustment): (n,el) = 4.42586 b., (n,g) = 14.9847 b.

 RI      (n,g)      = 45.162 b. (meas or sys: - b.)
 RI      (n,el)     = 762.967 b.
=============================================


 ... cleaning
                                                 
  -------------------------------------------------------------
  -                                                           -
  - TARES: successful end of run with data from hypothetical  -
  - resonances for  Z= 53, A= 134 and isomer= 1               -
  - half-life: 3.520000 min. 
  -                                                           -
  -------------------------------------------------------------

   Running time:       16 seconds

 End time: Fri Oct  9 11:49:38 2026

