
  -------------------------------------------------------------
  -                                                           -
  -              Welcome to TARES version 1.8                 -
  -                                                           -
  -  (C) Copyright 2007-2025 D. Rochman, All Rights Reserved  -
  -           NRG, Petten, the Netherlands 2007-2014          -
  -           PSI, Villigen    Switzerland 2015-2025          -
  -         Nagra, Wettingen   Switzerland 2025-              -
  -           (Last Modified October 06, 2026)                -
  -           (Database from October 06, 2026)                -
  -                                                           -
  -------------------------------------------------------------


  ---------------------------------------------
   Compilation information:
   Compiled on:         Oct  8 2026, 18:36:06
   Compiled by:         koning
   Compiler version:    clang++ - 21.0.0
   Source location:     /Users/koning/tares-1.8/source/Module/
   Binaries location:   /Users/koning/bin
   System:              Darwin 25.6.0
   System version:      Darwin Kernel Version 25.6.0: Fri Jul 31 19:19:08 PDT 2026; root:xnu-12377.161.14~5/RELEASE_ARM64_T6050  
   Machine:             arm64 
  ---------------------------------------------

   User information:
   User name:           koning
   Running directory:   /Users/koning/tendl/resbase/Au200m/work
   Owner mode for running directory : rwx
   Group mode for running directory : r-x
  ---------------------------------------------


 Starting time: Fri Oct  9 12:59:32 2026
 ... inputs directory found (/Users/koning/tares-1.8/source/Module//../../inputs/).
 ... It will be used for resonance parameters 
 ... ###############################################
 ... #     read the input file tares.inp
 ... ###############################################
 ... line: #
 ... line: # Input file generated by Autorochman
          --> line not read
 ... line: #
 ... line: isotope    Au
          --> Isotope name: Au
 ... line: mass       200
          --> isotopic mass: 200
 ... line: output     n-Au200m
         ---> Name of the output files: n-Au200m
 ... line: isomer     1
          --> isomeric state: 1
 ... line: mf32mf33   y
          --> MF33 based on MF32: y
 ... line: nbrRandom  10
          --> Nbr of random files: 10
 ... ###############################################
 ... # end read the input file tares.inp
 ... ###############################################
Value for random generator type not considered in since Tares 1.7 due to compilation issues

 ... ###############################################
     #   Interpretation of the Input definition    #
     ###############################################

 ... Default energy limit: End of resonance region
 ... Nuclear charge    = 79
 ... Element           = Au
 ... Mass              = 200
 ... Isomer            = 1
 ... Correlation for (Gn,Gg) not included in random files
 ... Default random option: No random
 ... Output name: n-Au200m
 ... Energy for the MACS: 30000 eV
 ... Resonances from CALENDF reduced (reduce=y) 
 ... For URR, level density model from TALYS selected: 91n3n12611.2850 (see manual for description)
 ... Random Generator: default (pseudo random numbers from ansi c++)
 ... Reconstruction of cross section selected
 ... Doppler broadening at 0 Kelvin
 ... URR not included (from the input file flag)
 ... Weight for grouping is flat
 ... Calculation of (n,alpha) cross section selected
 ... Number of digit for MF32c covariance representation: 2
 ... MF32 included
 ... MF33 will be used for covariance processing
 ... TENDL option set to yes (automatic choice of MF2 and format)
 ... Isotope not found in the best file --> use of MLBW formalism
 ... default option: Multi level Breit Wigner approximation selected
 ... (check file best.tendl.yes for changing this option)
 ... Retroactive option set to no with the 2025 option

 ... ###############################################
     #           End of Input definition           #
     ###############################################

 ... gnuplot found, will be used for plotting
 ... latex found, will be used for plotting
 ... dvips found, will be used for plotting
 ... ps2epsi not found, limited plotting available
 ... uncertainties on default parameters multiplied by 1.59381
 ... Read resonance data from the 2025 directory
 ... Resonance parameters taken from /Users/koning/tares-1.8/source/Module//../../inputs/2025/Resonance/default/
 ---> Processing Z= 79 and A= 200 and isomer= 1 (level number: 11)
 Exfor path; Could not find /Users/koning/tares-1.8/source/Module//../../inputs/exfor/Au200m/xs/102
Thermal file; Could not open file /Users/koning/tares-1.8/source/Module//../../inputs/2025/runThermal/results//thermal.mxw.ng.cendl3.1
Thermal file; Could not open file /Users/koning/tares-1.8/source/Module//../../inputs/2025/runThermal/results//thermal.mxw.ng.brond3.1
Thermal file; Could not open file /Users/koning/tares-1.8/source/Module//../../inputs/2025/runThermal/results//thermal.xs.ng.unc.cendl3.1
 ... spin taken from the final/ directory (1)
 ... The spin found in level file ( 12 ) and the one in the urr file ( 1.65 ) differ

 ... ###############################################
 ... #  Nucleus global parameters (2025 database)  #
 ... ###############################################
 0. Half-life: 18.7 hours
 ... Scattering radius from TALYS: /Users/koning/tares-1.8/source/Module//../../inputs/2025/lib.urr/talys.urr/
 1. Spin of the target isotope: 12
 2. Relative Atomic Mass of the target isotope: 199.97
 3. Level of the isomer: 0.962000 MeV (level number 11)
 4. Scattering radius (local compilation): 7.75664 fm +/- 0.162889 fm
      .......................................
      ... Thermal capture cross sections: ...
 ... ratio of 13.6742 applied for isomeric cross section (isomer/ground)
 5. Thermal (n,g) cross section from systematics (TALYS, urr.dat): 248.077 +/- 124.039 b.
 6. Thermal (n,g) cross section from compilation (Firestone-2022 average on element Au): 98.82 +/- 0.14 b.
 7. Thermal (n,g) cross section from compilation (Firestone-2022 final on element Au): 98.7 +/- 0.08 b.
      .......................................
      ...  Thermal total cross sections:  ...
      .......................................
      ... Thermal elastic cross sections: ...
 8. Thermal (n,el) cross section from potential (4piR^2): 9.74823 +/- 0.487412 b.
      .......................................
             ... Resonance integral: ...
 9. No capture integral found in /Users/koning/tares-1.8/source/Module//../../inputs/capture.integral
 ... no RI(n,g) found in local compilation, take 2018 value.
 ... no RI(n,g) found in local compilation, take Sukhoruchkin value.
   ---- MACS 30 keV ----- 
 10. TALYS MACS 30 keV (HF): 1.2443e-12 b. 
   ---------- S0 -------- 
 11. S0 from TALYS: 1.05784
   ---------- S1 -------- 
 12. S1 from TALYS: 0.428464
   ---------- S2 -------- 
 13. S2 from TALYS: 2.1493
   ---------- D0 -------- 
 14. D0 from TALYS: 57.5997 eV
 Correction to D0: 0.5
   ---------- D1 -------- 
 15. D1 from TALYS: 28.5707 eV
   ---------- D2 -------- 
 16. D2 from TALYS: 18.8258 eV
   ---------- G0 -------- 
 17. Gg0 from TALYS: 0.393085 eV
   ---------- G1 -------- 
 18. Gg1 from TALYS: 0.415516 eV
   ---------- G2 -------- 
 19. Gg2 from TALYS: 0.438915 eV


   ---------------------- 
 ... Read resonance parameters (format: 2: Multi Level Breit Wigner)
 ... 0 resonances found 
 ... possibly no resonances in the Resonance directory for this isotope and options
 ... Use HFR (ladder) behavior 
 --> 21. Number of resonances from the input file: 2 up to 28.7998 eV
 22. Read nuclear quantities (mass, MAT...)
 23. Read thermal (n,g) xs 
 24. Read the scattering radius 
 25. Read uncertainty on Gg for 2 resonances
 26. Read uncertainty on Gg for 2 resonances ... done
 ... order resonances 
 ... Upper limit for the RRR: 28.7998 eV (no statistical resonances HFR) from the limit.RRR file
 ... Write parameters for l=0 waves
 ... End writing original MF2 
 ... No RRR in the database: uncertainties on default parameters multiplied by 1.99753
 ... Enter in urr function (ladder option set to y) for file n-Au200m
 ... read the file /Users/koning/tares-1.8/source/Module//../../inputs/2025/list.jcs.urr to find URR origin
 Default URR taken from TALYS calculations with level density model: 91n3n12611.2850
 File considered for the URR: /Users/koning/tares-1.8/source/Module//../../inputs/2025/lib.urr/talys.urr/91n3n12611.2850/Au/urr/urr.dat.Au.200.011.1.gz
 ... Write URR using TALYS average parameters (used for HFR)
 ... Limit of URR changed to 25 keV (recommendation from WPEC and JEFF)
 ... Extract the Sn value from file ./urr.dat.Au.200.11.1
 ... found Sn= 7.23193 MeV
 ... estimated number of resonances up to 3824.04 eV:  1 resonances
 ... This is a test here. The higher energy limit to include URR data for calendf is set to max Sn. 24/03/2016
 ... Use Sn to define the maximum energy for the URR: Sn= 7.23193 MeV --> last_energyURR= 3824.04 eV
 ... read D0, S0, Gn and Gg
 ... number of URR energies: 2352
 Number of l: 2352 and last energy: 12
 Last  URR energy: 3824.04 eV
 ... Enter in to_MLBW_mf2 function
 ... Convert to Multi Level Breit Wigner (MLBW)
 ... Write parameter covariances (MF32) for l=0
 ... Convert parameter covariances (MF32) to MLBW
 ... copy the mf2 and mf32 to .mlbw files
 ... Enter in urr_correct function case 1
 Modify the higher limit of RRR in MF2
 --> old value: 2.894383+1 eV new value: 1.000000-2 eV
 Modify resonance covariances (MF32) to include correlations in the URR
 End Modify resonance covariances (MF32) to include correlations in the URR
 ... Enter in calendf_xs function
 Use CALENDF for statistical resonances (update MF2) up to 3.824040+3 eV (initial limit)
 Extract resonances from CALENDF for RRR->URR 2
 753 statistical resonances found
 After reduction, 557 statistical resonances found
 ... checking resonance order 1
 ... checking resonance order 2nd round for 555 resonances
 ... end checking resonance order 2nd round
 Too many resonances (555): reduced to 100.
 .......................................................
 ... Adjustment to the thermal cross section : start ...
 .......................................................
 ... ratio of 13.6742 applied for isomeric cross section (isomer/ground)

 Before adjustment (adjustment to the thermal cross section set to y)
 ... Import MF2 from TARES calculations
 ... End energy of TARES MF2 : 9.618851E+2 eV and limit to 40000 resonances
 ... File used for reconstruction: new.temp22.reconst
 ... run RECENT ...
 ... Doppler broadened at a unique temperature: 300 Kelvin using sigma1
 ... run SIGMA1 at 3.000000E+02 K.

 ============== INTER values at 300 Kelvin ==============
 Thermal (n,g) xs =  20.1267 b. (meas/sys: 248.077 b.) (warning: comparison to be done at 296 or 300 K)
 Th Maxw (n,g) xs =  20.237 b. (thermal Maxwellian value)
 Westcott factor  =  1.0055
 RI      (n,g)    =  62.2751 b. (meas or sys: - b.)
 MACS 3.000e+04 eV=  0.47767 b. (meas or sys: - b.) from 1.00E+00 to 2.00E+07 eV (end of RRR) at T= 300 Kelvin 
 Thermal (n,el) xs=  9.14248 b.
 RI      (n,el)   =  113.005 b.
 ============= PSYCHE values ==============
 Ave. G_total L0  =  0.764716 eV
 Ave. G_total L1  =  0.382858 eV
 Ave. G_total L2  =  0.388702 eV
 Ave. Gn_0    L0  =  0.017772
 Ave. Gn_0    L1  =  0.0111292
 Ave. Gn_0    L2  =  0.0732639
 Ave. Gg      L0  =  0.37187 eV
 Ave. Gg      L1  =  0.382447 eV
 Ave. Gg      L2  =  0.388701 eV
 Ave. D       L0  =  64.1257 eV
 Ave. D       L1  =  33.1684 eV
 Ave. D       L2  =  50.6255 eV
 Ave. S       L0  =  0.000153722 eV
 Ave. S       L1  =  5.88855e-05 eV
 Ave. S       L2  =  0.00015205 eV
 =========================================
 Calculated capture integral   62.2751 b.
 Calculated thermal (n,g)=          20.1267102 b. and recommended= 248.077 b. (C/E= 0.0811308)
 Calculated RI      (n,g)= 62.2751 b. (no reference value)
 ... tolerances: thermal (n,g) 20 % (reference uncertainties, minimum 2% and 5%, maximum 20%)
 Adjust the capture widths ...
 ... capture adjusted with Gn for 92 resonances (Gn<Gg) and with Gg for 8 resonances
 ... iteration 0: C/E thermal (n,g)= 0.0811308
 Warning: 100 widths limited to a change of a factor 10 from their starting values

 <-------- After adjustment -------->
 ... Import MF2 from TARES calculations
 ... End energy of TARES MF2 : 9.618851E+2 eV and limit to 40000 resonances
 ... File used for reconstruction: new.temp22.reconst
 ... run RECENT ...
 ... Doppler broadened at a unique temperature: 300 Kelvin using sigma1
 ... run SIGMA1 at 3.000000E+02 K.

 ============== INTER values at 300 Kelvin ==============
 Thermal (n,g) xs =  201.167 b. (meas/sys: 248.077 b.) (warning: comparison to be done at 296 or 300 K)
 Th Maxw (n,g) xs =  202.27 b. (thermal Maxwellian value)
 Westcott factor  =  1.0055
 RI      (n,g)    =  231.655 b. (meas or sys: - b.)
 MACS 3.000e+04 eV=  0.48715 b. (meas or sys: - b.) from 1.00E+00 to 2.00E+07 eV (end of RRR) at T= 300 Kelvin 
 Thermal (n,el) xs=  15.0059 b.
 RI      (n,el)   =  299.794 b.
 ============= PSYCHE values ==============
 Ave. G_total L0  =  2.74463 eV
 Ave. G_total L1  =  0.386557 eV
 Ave. G_total L2  =  0.388711 eV
 Ave. Gn_0    L0  =  0.0440227
 Ave. Gn_0    L1  =  0.111292
 Ave. Gn_0    L2  =  0.732639
 Ave. Gg      L0  =  1.83611 eV
 Ave. Gg      L1  =  0.382447 eV
 Ave. Gg      L2  =  0.388701 eV
 Ave. D       L0  =  64.1257 eV
 Ave. D       L1  =  33.1684 eV
 Ave. D       L2  =  50.6255 eV
 Ave. S       L0  =  0.000380783 eV
 Ave. S       L1  =  0.000588855 eV
 Ave. S       L2  =  0.0015205 eV
 =========================================
 ... iteration 1: C/E thermal (n,g)= 0.810905


 ... ratio C/E thermal (n,g): 8.109050E-01
 ...................................................... 
 ... Adjustment to the thermal cross section : stop ...
 ...................................................... 
 ... new MF2 file after adjustment: n-Au200m
 ... read the file /Users/koning/tares-1.8/source/Module//../../inputs/2025/list.jcs.urr to find URR origin
 Default URR taken from TALYS calculations with level density model: 91n3n12611.2850
 File considered for the URR: /Users/koning/tares-1.8/source/Module//../../inputs/2025/lib.urr/talys.urr/91n3n12611.2850/Au/urr/urr.dat.Au.200.011.1.gz
 ... Write URR using TALYS average parameters (not used for HFR)
 ... Limit of URR changed to 25 keV (recommendation from WPEC and JEFF)
 ... read D0, S0, Gn and Gg
 ... number of URR energies: 768
 Number of l: 768 and last energy: 12
 Last  URR energy: 59380.2 eV
 Energies in the URR : 768 -> reduced by a factor 2
 Energies in the URR : 444 -> reduced by a factor 2
 ... Enter in urr_correct function case 2
 Modify the higher limit of RRR in MF2
 --> old value: 9.618851+2 eV new value: 9.618851+2 eV
 Modify resonance covariances (MF32) to include correlations in the URR
 End Modify resonance covariances (MF32) to include correlations in the URR
 ... Enter in update_MF32 function
 ... Change uncertainties
 ... for the HFR, random position of the positive resonances with 0.020000 %
 ... end of update MF32 function
 ... GLS calculation of the parameter correlations from the thermal/RI adjustment (MF32c)
 ... MF32: correlations from the thermal/RI adjustment (GLS) for 6 resonances (12 widths), 4 correlation lines
 ...   thermal (n,g): uncertainty from these widths 82.7889 b. -> 68.8598 b. (reference: 248.077 +/- 124.039 b.)
 ... copy the mf2 and mf32 to .mlbw files

 ... Start of final reconstruction and testing ...
 ... Reconstruction of cross sections at 0 Kelvin  ... Import MF2 from TARES calculations
 ... End energy of TARES MF2 : 9.618851E+2 eV and limit to 40000 resonances
 ... File used for reconstruction: n-Au200m.reconst
 ... run RECENT ...
 ... Doppler broadened at a unique temperature: 0 Kelvin using sigma1
 ... The keyword temperature is zero, no Doppler broadening for the MACS

 ============== INTER values at 0 Kelvin ==============
 Thermal (n,g) xs =  201.063 b. (meas/sys: 248.077 b.) (warning: comparison to be done at 296 or 300 K)
 Th Maxw (n,g) xs =  201.11 b. (thermal Maxwellian value)
 Westcott factor  =  1.00022
 RI      (n,g)    =  230.893 b. (meas or sys: - b.)
 MACS 3.000e+04 eV=  0.48449 b. (meas or sys: - b.) from 1.00E+00 to 9.62E+02 eV (end of RRR) at T= 0 Kelvin 
 Thermal (n,el) xs=  14.9678 b.
 RI      (n,el)   =  298.73 b.
 ============= PSYCHE values ==============
 Ave. G_total L0  =  2.74463 eV
 Ave. G_total L1  =  0.386557 eV
 Ave. G_total L2  =  0.388711 eV
 Ave. Gn_0    L0  =  0.0440227
 Ave. Gn_0    L1  =  0.111292
 Ave. Gn_0    L2  =  0.732639
 Ave. Gg      L0  =  1.83611 eV
 Ave. Gg      L1  =  0.382447 eV
 Ave. Gg      L2  =  0.388701 eV
 Ave. D       L0  =  64.1257 eV
 Ave. D       L1  =  33.1684 eV
 Ave. D       L2  =  50.6255 eV
 Ave. S       L0  =  0.000380783 eV
 Ave. S       L1  =  0.000588855 eV
 Ave. S       L2  =  0.0015205 eV
 =========================================
 ... End of final reconstruction and testing ...

 ... grouping is not optimum, change to 70 groups
 ... Produce MF33 based on MF32 and 10 random files
 ... MF3 of n-Au200m.reconst (3 sections) added to the files for ENDSAM
 ... run endsam for 10 in groups of 1 global run
 ... run endsam from 1 to 10
 ... random files: total width GT set to Gn+Gg+Gf (1000 resonances in 10 files)
 ... reorder resonance position after endsam (sampling)
 ... preparing the vectors  ... done
 ... nominal file 0 Cap(th)  ave= 2.011E+02 b. +/- 0.00 % || Ela(th) ave= 1.497E+01 b. +/- 0.00 % || RIcap ave= 2.31E+02 b. +/- 0.00 % || Macs30 ave= 4.84E-01 b. +/- 0.00 % || Gn^0(l=0) ave= 4.402E-02 +/- 0.00 % Gn^0(l=1) ave= 1.113E-01 +/- 0.00 % Gn^0(l=2) ave= 7.326E-01 +/- 0.00 % Gn^0(l=3) ave= 0.000E+00 +/- 0.00 % || Gtotal(l=0) ave= 2.745E+00 +/- 0.00 % Gtotal(l=1) ave= 3.866E-01 +/- 0.00 % Gtotal(l=2) ave= 3.887E-01 +/- 0.00 % Gtotal(l=3) ave= 0.000E+00 +/- 0.00 %  % || Gg(l=0) ave= 1.836E+00 +/- 0.00 % Gg(l=1) ave= 3.824E-01 +/- 0.00 % Gg(l=2) ave= 3.887E-01 +/- 0.00 % Gg(l=3) ave= 0.000E+00 +/- 0.00 %  % || D(l=0) ave= 6.413E+01 +/- 0.00 % D(l=1) ave= 3.317E+01 +/- 0.00 % D(l=2) ave= 5.063E+01 +/- 0.00 % D(l=3) ave= 0.000E+00 +/- 0.00 %  % || S(l=0) ave= 3.808E-04 +/- 0.00 % S(l=1) ave= 5.889E-04 +/- 0.00 % S(l=2) ave= 1.521E-03 +/- 0.00 % S(l=3) ave= 0.000E+00 +/- 0.00 % 
 ... random file  1 Cap(th)  ave= 1.741E+02 b. +/- 15.52 % || Ela(th) ave= 1.522E+01 b. +/- 1.63 % || RIcap ave= 2.15E+02 b. +/- 7.34 % || Macs30 ave= 4.85E-01 b. +/- 0.01 % || Gn^0(l=0) ave= 4.404E-02 +/- 0.04 % Gn^0(l=1) ave= 1.097E-01 +/- 1.43 % Gn^0(l=2) ave= 7.077E-01 +/- 3.53 % Gn^0(l=3) ave= 0.000E+00 +/- 0.00 % || Gtotal(l=0) ave= 2.961E+00 +/- 7.31 % Gtotal(l=1) ave= 3.720E-01 +/- 3.92 % Gtotal(l=2) ave= 4.072E-01 +/- 4.54 % Gtotal(l=3) ave= 0.000E+00 +/- 0.00 %  % || Gg(l=0) ave= 2.051E+00 +/- 10.48 % Gg(l=1) ave= 3.678E-01 +/- 3.97 % Gg(l=2) ave= 4.072E-01 +/- 4.54 % Gg(l=3) ave= 0.000E+00 +/- 0.00 %  % || D(l=0) ave= 6.413E+01 +/- 0.00 % D(l=1) ave= 3.317E+01 +/- 0.00 % D(l=2) ave= 5.063E+01 +/- 0.00 % D(l=3) ave= 0.000E+00 +/- 0.00 %  % || S(l=0) ave= 3.809E-04 +/- 0.04 % S(l=1) ave= 5.806E-04 +/- 1.41 % S(l=2) ave= 1.469E-03 +/- 3.53 % S(l=3) ave= 0.000E+00 +/- 0.00 % 
 ... random file  2 Cap(th)  ave= 1.616E+02 b. +/- 17.44 % || Ela(th) ave= 1.494E+01 b. +/- 2.94 % || RIcap ave= 2.13E+02 b. +/- 6.22 % || Macs30 ave= 4.84E-01 b. +/- 0.15 % || Gn^0(l=0) ave= 4.406E-02 +/- 0.08 % Gn^0(l=1) ave= 1.136E-01 +/- 4.92 % Gn^0(l=2) ave= 7.625E-01 +/- 10.51 % Gn^0(l=3) ave= 0.000E+00 +/- 0.00 % || Gtotal(l=0) ave= 2.862E+00 +/- 7.87 % Gtotal(l=1) ave= 3.665E-01 +/- 3.87 % Gtotal(l=2) ave= 4.117E-01 +/- 3.98 % Gtotal(l=3) ave= 0.000E+00 +/- 0.00 %  % || Gg(l=0) ave= 1.952E+00 +/- 11.50 % Gg(l=1) ave= 3.624E-01 +/- 3.92 % Gg(l=2) ave= 4.117E-01 +/- 3.98 % Gg(l=3) ave= 0.000E+00 +/- 0.00 %  % || D(l=0) ave= 6.413E+01 +/- 0.00 % D(l=1) ave= 3.317E+01 +/- 0.00 % D(l=2) ave= 5.063E+01 +/- 0.00 % D(l=3) ave= 0.000E+00 +/- 0.00 %  % || S(l=0) ave= 3.811E-04 +/- 0.08 % S(l=1) ave= 6.010E-04 +/- 4.93 % S(l=2) ave= 1.582E-03 +/- 10.51 % S(l=3) ave= 0.000E+00 +/- 0.00 % 
 ... random file  3 Cap(th)  ave= 1.770E+02 b. +/- 20.42 % || Ela(th) ave= 1.437E+01 b. +/- 7.40 % || RIcap ave= 2.17E+02 b. +/- 6.19 % || Macs30 ave= 4.84E-01 b. +/- 0.16 % || Gn^0(l=0) ave= 4.452E-02 +/- 1.77 % Gn^0(l=1) ave= 1.197E-01 +/- 9.75 % Gn^0(l=2) ave= 8.552E-01 +/- 20.47 % Gn^0(l=3) ave= 0.000E+00 +/- 0.00 % || Gtotal(l=0) ave= 2.725E+00 +/- 11.28 % Gtotal(l=1) ave= 3.746E-01 +/- 4.97 % Gtotal(l=2) ave= 4.070E-01 +/- 4.02 % Gtotal(l=3) ave= 0.000E+00 +/- 0.00 %  % || Gg(l=0) ave= 1.810E+00 +/- 17.35 % Gg(l=1) ave= 3.705E-01 +/- 5.03 % Gg(l=2) ave= 4.070E-01 +/- 4.02 % Gg(l=3) ave= 0.000E+00 +/- 0.00 %  % || D(l=0) ave= 6.527E+01 +/- 3.04 % D(l=1) ave= 3.317E+01 +/- 0.00 % D(l=2) ave= 5.063E+01 +/- 0.00 % D(l=3) ave= 0.000E+00 +/- 0.00 %  % || S(l=0) ave= 3.788E-04 +/- 1.04 % S(l=1) ave= 6.335E-04 +/- 9.75 % S(l=2) ave= 1.775E-03 +/- 20.47 % S(l=3) ave= 0.000E+00 +/- 0.00 % 
 ... random file  4 Cap(th)  ave= 1.748E+02 b. +/- 18.67 % || Ela(th) ave= 1.425E+01 b. +/- 6.87 % || RIcap ave= 2.15E+02 b. +/- 5.77 % || Macs30 ave= 4.84E-01 b. +/- 0.16 % || Gn^0(l=0) ave= 4.467E-02 +/- 1.72 % Gn^0(l=1) ave= 1.198E-01 +/- 8.71 % Gn^0(l=2) ave= 8.564E-01 +/- 18.28 % Gn^0(l=3) ave= 0.000E+00 +/- 0.00 % || Gtotal(l=0) ave= 2.787E+00 +/- 10.84 % Gtotal(l=1) ave= 3.745E-01 +/- 4.45 % Gtotal(l=2) ave= 4.006E-01 +/- 4.84 % Gtotal(l=3) ave= 0.000E+00 +/- 0.00 %  % || Gg(l=0) ave= 1.871E+00 +/- 16.38 % Gg(l=1) ave= 3.704E-01 +/- 4.50 % Gg(l=2) ave= 4.006E-01 +/- 4.84 % Gg(l=3) ave= 0.000E+00 +/- 0.00 %  % || D(l=0) ave= 6.596E+01 +/- 3.40 % D(l=1) ave= 3.317E+01 +/- 0.00 % D(l=2) ave= 5.063E+01 +/- 0.00 % D(l=3) ave= 0.000E+00 +/- 0.00 %  % || S(l=0) ave= 3.765E-04 +/- 1.56 % S(l=1) ave= 6.340E-04 +/- 8.72 % S(l=2) ave= 1.777E-03 +/- 18.28 % S(l=3) ave= 0.000E+00 +/- 0.00 % 
 ... random file  5 Cap(th)  ave= 1.778E+02 b. +/- 17.18 % || Ela(th) ave= 1.455E+01 b. +/- 7.66 % || RIcap ave= 2.22E+02 b. +/- 8.55 % || Macs30 ave= 4.84E-01 b. +/- 0.15 % || Gn^0(l=0) ave= 4.457E-02 +/- 1.65 % Gn^0(l=1) ave= 1.166E-01 +/- 10.29 % Gn^0(l=2) ave= 8.141E-01 +/- 21.05 % Gn^0(l=3) ave= 0.000E+00 +/- 0.00 % || Gtotal(l=0) ave= 2.837E+00 +/- 10.47 % Gtotal(l=1) ave= 3.944E-01 +/- 11.90 % Gtotal(l=2) ave= 3.921E-01 +/- 6.64 % Gtotal(l=3) ave= 0.000E+00 +/- 0.00 %  % || Gg(l=0) ave= 1.922E+00 +/- 15.69 % Gg(l=1) ave= 3.903E-01 +/- 12.03 % Gg(l=2) ave= 3.921E-01 +/- 6.64 % Gg(l=3) ave= 0.000E+00 +/- 0.00 %  % || D(l=0) ave= 6.565E+01 +/- 3.29 % D(l=1) ave= 3.317E+01 +/- 0.00 % D(l=2) ave= 5.063E+01 +/- 0.00 % D(l=3) ave= 0.000E+00 +/- 0.00 %  % || S(l=0) ave= 3.773E-04 +/- 1.49 % S(l=1) ave= 6.167E-04 +/- 10.31 % S(l=2) ave= 1.690E-03 +/- 21.05 % S(l=3) ave= 0.000E+00 +/- 0.00 % 
 ... random file  6 Cap(th)  ave= 1.808E+02 b. +/- 16.16 % || Ela(th) ave= 1.441E+01 b. +/- 7.52 % || RIcap ave= 2.15E+02 b. +/- 11.24 % || Macs30 ave= 4.84E-01 b. +/- 0.17 % || Gn^0(l=0) ave= 4.446E-02 +/- 1.65 % Gn^0(l=1) ave= 1.185E-01 +/- 10.18 % Gn^0(l=2) ave= 8.391E-01 +/- 20.27 % Gn^0(l=3) ave= 0.000E+00 +/- 0.00 % || Gtotal(l=0) ave= 2.811E+00 +/- 10.04 % Gtotal(l=1) ave= 3.968E-01 +/- 11.05 % Gtotal(l=2) ave= 3.845E-01 +/- 7.93 % Gtotal(l=3) ave= 0.000E+00 +/- 0.00 %  % || Gg(l=0) ave= 1.898E+00 +/- 15.04 % Gg(l=1) ave= 3.927E-01 +/- 11.17 % Gg(l=2) ave= 3.845E-01 +/- 7.93 % Gg(l=3) ave= 0.000E+00 +/- 0.00 %  % || D(l=0) ave= 6.543E+01 +/- 3.16 % D(l=1) ave= 3.317E+01 +/- 0.00 % D(l=2) ave= 5.063E+01 +/- 0.00 % D(l=3) ave= 0.000E+00 +/- 0.00 %  % || S(l=0) ave= 3.775E-04 +/- 1.39 % S(l=1) ave= 6.270E-04 +/- 10.20 % S(l=2) ave= 1.741E-03 +/- 20.27 % S(l=3) ave= 0.000E+00 +/- 0.00 % 
 ... random file  7 Cap(th)  ave= 1.842E+02 b. +/- 15.62 % || Ela(th) ave= 1.418E+01 b. +/- 8.33 % || RIcap ave= 2.13E+02 b. +/- 11.17 % || Macs30 ave= 4.84E-01 b. +/- 0.16 % || Gn^0(l=0) ave= 4.444E-02 +/- 1.54 % Gn^0(l=1) ave= 1.213E-01 +/- 11.22 % Gn^0(l=2) ave= 8.809E-01 +/- 22.00 % Gn^0(l=3) ave= 0.000E+00 +/- 0.00 % || Gtotal(l=0) ave= 2.849E+00 +/- 9.90 % Gtotal(l=1) ave= 4.047E-01 +/- 11.39 % Gtotal(l=2) ave= 3.722E-01 +/- 11.60 % Gtotal(l=3) ave= 0.000E+00 +/- 0.00 %  % || Gg(l=0) ave= 1.935E+00 +/- 14.72 % Gg(l=1) ave= 4.006E-01 +/- 11.50 % Gg(l=2) ave= 3.722E-01 +/- 11.60 % Gg(l=3) ave= 0.000E+00 +/- 0.00 %  % || D(l=0) ave= 6.527E+01 +/- 3.04 % D(l=1) ave= 3.317E+01 +/- 0.00 % D(l=2) ave= 5.063E+01 +/- 0.00 % D(l=3) ave= 0.000E+00 +/- 0.00 %  % || S(l=0) ave= 3.782E-04 +/- 1.40 % S(l=1) ave= 6.422E-04 +/- 11.23 % S(l=2) ave= 1.828E-03 +/- 22.00 % S(l=3) ave= 0.000E+00 +/- 0.00 % 
 ... random file  8 Cap(th)  ave= 1.842E+02 b. +/- 14.73 % || Ela(th) ave= 1.414E+01 b. +/- 7.93 % || RIcap ave= 2.13E+02 b. +/- 10.53 % || Macs30 ave= 4.83E-01 b. +/- 0.16 % || Gn^0(l=0) ave= 4.438E-02 +/- 1.50 % Gn^0(l=1) ave= 1.221E-01 +/- 10.64 % Gn^0(l=2) ave= 8.886E-01 +/- 20.71 % Gn^0(l=3) ave= 0.000E+00 +/- 0.00 % || Gtotal(l=0) ave= 2.776E+00 +/- 12.11 % Gtotal(l=1) ave= 3.989E-01 +/- 11.63 % Gtotal(l=2) ave= 3.680E-01 +/- 11.52 % Gtotal(l=3) ave= 0.000E+00 +/- 0.00 %  % || Gg(l=0) ave= 1.863E+00 +/- 18.06 % Gg(l=1) ave= 3.948E-01 +/- 11.76 % Gg(l=2) ave= 3.680E-01 +/- 11.52 % Gg(l=3) ave= 0.000E+00 +/- 0.00 %  % || D(l=0) ave= 6.514E+01 +/- 2.92 % D(l=1) ave= 3.317E+01 +/- 0.00 % D(l=2) ave= 5.063E+01 +/- 0.00 % D(l=3) ave= 0.000E+00 +/- 0.00 %  % || S(l=0) ave= 3.784E-04 +/- 1.33 % S(l=1) ave= 6.459E-04 +/- 10.66 % S(l=2) ave= 1.844E-03 +/- 20.71 % S(l=3) ave= 0.000E+00 +/- 0.00 % 
 ... random file  9 Cap(th)  ave= 1.855E+02 b. +/- 14.04 % || Ela(th) ave= 1.413E+01 b. +/- 7.53 % || RIcap ave= 2.12E+02 b. +/- 10.23 % || Macs30 ave= 4.83E-01 b. +/- 0.16 % || Gn^0(l=0) ave= 4.449E-02 +/- 1.58 % Gn^0(l=1) ave= 1.221E-01 +/- 10.09 % Gn^0(l=2) ave= 8.892E-01 +/- 19.63 % Gn^0(l=3) ave= 0.000E+00 +/- 0.00 % || Gtotal(l=0) ave= 2.788E+00 +/- 11.51 % Gtotal(l=1) ave= 3.944E-01 +/- 11.69 % Gtotal(l=2) ave= 3.660E-01 +/- 11.12 % Gtotal(l=3) ave= 0.000E+00 +/- 0.00 %  % || Gg(l=0) ave= 1.874E+00 +/- 17.12 % Gg(l=1) ave= 3.903E-01 +/- 11.82 % Gg(l=2) ave= 3.660E-01 +/- 11.12 % Gg(l=3) ave= 0.000E+00 +/- 0.00 %  % || D(l=0) ave= 6.550E+01 +/- 3.20 % D(l=1) ave= 3.317E+01 +/- 0.00 % D(l=2) ave= 5.063E+01 +/- 0.00 % D(l=3) ave= 0.000E+00 +/- 0.00 %  % || S(l=0) ave= 3.774E-04 +/- 1.50 % S(l=1) ave= 6.463E-04 +/- 10.11 % S(l=2) ave= 1.845E-03 +/- 19.63 % S(l=3) ave= 0.000E+00 +/- 0.00 % 
 ... random file  10 Cap(th)  ave= 1.795E+02 b. +/- 17.44 % || Ela(th) ave= 1.427E+01 b. +/- 7.76 % || RIcap ave= 2.08E+02 b. +/- 11.86 % || Macs30 ave= 4.83E-01 b. +/- 0.15 % || Gn^0(l=0) ave= 4.445E-02 +/- 1.53 % Gn^0(l=1) ave= 1.205E-01 +/- 10.60 % Gn^0(l=2) ave= 8.670E-01 +/- 20.83 % Gn^0(l=3) ave= 0.000E+00 +/- 0.00 % || Gtotal(l=0) ave= 2.791E+00 +/- 10.96 % Gtotal(l=1) ave= 3.970E-01 +/- 11.27 % Gtotal(l=2) ave= 3.655E-01 +/- 10.62 % Gtotal(l=3) ave= 0.000E+00 +/- 0.00 %  % || Gg(l=0) ave= 1.878E+00 +/- 16.30 % Gg(l=1) ave= 3.929E-01 +/- 11.38 % Gg(l=2) ave= 3.655E-01 +/- 10.62 % Gg(l=3) ave= 0.000E+00 +/- 0.00 %  % || D(l=0) ave= 6.537E+01 +/- 3.12 % D(l=1) ave= 3.317E+01 +/- 0.00 % D(l=2) ave= 5.063E+01 +/- 0.00 % D(l=3) ave= 0.000E+00 +/- 0.00 %  % || S(l=0) ave= 3.778E-04 +/- 1.46 % S(l=1) ave= 6.379E-04 +/- 10.61 % S(l=2) ave= 1.799E-03 +/- 20.83 % S(l=3) ave= 0.000E+00 +/- 0.00 % 
 ... Histogram plot for thermal (n,g)
 ... Write covariances  ... MT1  ... plot correlations
 ... MT2  ... MT102 


 ================================================
 ============== From 10 random values === start ======
 Thermal (n,tot) xs  0 K =  193.737 b. +/- 30.6706 b. ( 15.831 %) skew= -0.61 +/- 0.66
 Thermal (n,el) xs   0 K =  14.2698 b. +/- 1.10662 b. ( 7.75502 %) skew= +0.04 +/- 0.66
 Thermal (n,g) xs    0 K =  179.467 b. +/- 31.298 b. ( 17.4394 %) skew= -0.60 +/- 0.66
 RI      (n,g)       0 K =  207.716 b. +/- 24.6251 b. ( 11.8552 %) 
 MACS    (n,g)       0 K (at Emacs= 30000 eV) =  0.483465 b. +/- 0.000745161 b. ( 0.154129 %) 
 Ave. Gtotal  L=0        =  2.791E+00 +/- 10.96 %
 Ave. Gn^(0)  L=0        =  4.445E-02 +/- 1.53 %
 Ave. Gg      L=0        =  1.878E+00 +/- 16.30 %
 Ave. D       L=0        =  6.537E+01 +/- 3.12 %
 Ave. S       L=0        =  3.778E-04 +/- 1.46 %
 Ave. Gtotal  L=1        =  3.970E-01 +/- 11.27 %
 Ave. Gn^(1)  L=1        =  1.205E-01 +/- 10.60 %
 Ave. Gg      L=1        =  3.929E-01 +/- 11.38 %
 Ave. D       L=1        =  3.317E+01 +/- 0.00 %
 Ave. S       L=1        =  6.379E-04 +/- 10.61 %
 Ave. Gtotal  L=2        =  3.655E-01 +/- 10.62 %
 Ave. Gn^(2)  L=2        =  8.670E-01 +/- 20.83 %
 Ave. Gg      L=2        =  3.655E-01 +/- 10.62 %
 Ave. D       L=2        =  5.063E+01 +/- 0.00 %
 Ave. S       L=2        =  1.799E-03 +/- 20.83 %

 Expected Thermal (n,g) (syst or meas)= 248.077 b. +/- 124.039 b. nominal: 201.063 b.
 ratio Calculated/expected thermal (n,g): 0.72 ratio DCalculated/Dexpected: 0.25 ratio Calculated/Nominal: 0.89
 ============== From 10 random values ===== stop ======
 ================================================
 ... Calculation of (n,a) and (n,p) cross sections at 300 K
 ... thermal (n,a) cross section is 6.37254e-11 +/- 3.18627e-11 b.
 ... thermal (n,a) cross section is 6.49086e-11 b. (random case 1)
 ... thermal (n,a) cross section is 9.17443e-11 b. (random case 2)
 ... thermal (n,a) cross section is 5.31616e-11 b. (random case 3)
 ... thermal (n,a) cross section is 2.97956e-11 b. (random case 4)
 ... thermal (n,a) cross section is 9.82235e-11 b. (random case 5)
 ... thermal (n,a) cross section is 6.8016e-11 b. (random case 6)
 ... thermal (n,a) cross section is 5.74039e-11 b. (random case 7)
 ... thermal (n,a) cross section is 2.90364e-11 b. (random case 8)
 ... thermal (n,a) cross section is 2.86049e-11 b. (random case 9)
 ... thermal (n,a) cross section is 8.48107e-11 b. (random case 10)
 ... thermal (n,p) cross section is 6.37254e-11 +/- 3.18627e-11 b.
 ... thermal (n,p) cross section is 6.83054e-11 b. (random case 1)
 ... thermal (n,p) cross section is 8.11979e-11 b. (random case 2)
 ... thermal (n,p) cross section is 8.36206e-11 b. (random case 3)
 ... thermal (n,p) cross section is 2.55481e-11 b. (random case 4)
 ... thermal (n,p) cross section is 6.21502e-11 b. (random case 5)
 ... thermal (n,p) cross section is 6.32911e-11 b. (random case 6)
 ... thermal (n,p) cross section is 5.75009e-11 b. (random case 7)
 ... thermal (n,p) cross section is 1.0332e-10 b. (random case 8)
 ... thermal (n,p) cross section is 3.70541e-11 b. (random case 9)
 ... thermal (n,p) cross section is 1.15268e-10 b. (random case 10)
 ... Rewrite index for MF2
 ... Write text for MF1 in file mf1.tares.txt
 ... plotting cross sections for the MF1
 ... order output files


================== summary ==================
 Thermal (n,tot) xs = 216.031 b. 
 Thermal (n,el)  xs = 14.9678 b. 
 Thermal (n,g)   xs = 201.063 b. (meas/sys: 248.077 b.)
 At 300 K (thermal adjustment): (n,el) = 15.0059 b., (n,g) = 201.167 b.

 RI      (n,g)      = 230.893 b. (meas or sys: - b.)
 RI      (n,el)     = 298.73 b.
=============================================


 ... cleaning
                                                 
  -------------------------------------------------------------
  -                                                           -
  - TARES: successful end of run with data from hypothetical  -
  - resonances for  Z= 79, A= 200 and isomer= 1               -
  - half-life: 18.700001 hours
  -                                                           -
  -------------------------------------------------------------

   Running time:       17 seconds

 End time: Fri Oct  9 12:59:49 2026

