
  -------------------------------------------------------------
  -                                                           -
  -              Welcome to TARES version 1.8                 -
  -                                                           -
  -  (C) Copyright 2007-2025 D. Rochman, All Rights Reserved  -
  -           NRG, Petten, the Netherlands 2007-2014          -
  -           PSI, Villigen    Switzerland 2015-2025          -
  -         Nagra, Wettingen   Switzerland 2025-              -
  -           (Last Modified October 06, 2026)                -
  -           (Database from October 06, 2026)                -
  -                                                           -
  -------------------------------------------------------------


  ---------------------------------------------
   Compilation information:
   Compiled on:         Oct  7 2026, 09:32:19
   Compiled by:         koning
   Compiler version:    clang++ - 21.0.0
   Source location:     /Users/koning/tares-1.8/source/Module/
   Binaries location:   /Users/koning/bin
   System:              Darwin 25.6.0
   System version:      Darwin Kernel Version 25.6.0: Fri Jul 31 19:19:08 PDT 2026; root:xnu-12377.161.14~5/RELEASE_ARM64_T6050  
   Machine:             arm64 
  ---------------------------------------------

   User information:
   User name:           koning
   Running directory:   /Users/koning/tendl/resbase/Ru095/work
   Owner mode for running directory : rwx
   Group mode for running directory : r-x
  ---------------------------------------------


 Starting time: Wed Oct  7 10:47:18 2026
 ... inputs directory found (/Users/koning/tares-1.8/source/Module//../../inputs/).
 ... It will be used for resonance parameters 
 ... ###############################################
 ... #     read the input file tares.inp
 ... ###############################################
 ... line: #
 ... line: # Input file generated by Autorochman
          --> line not read
 ... line: #
 ... line: isotope    Ru
          --> Isotope name: Ru
 ... line: mass       95
          --> isotopic mass: 95
 ... line: output     n-Ru095
         ---> Name of the output files: n-Ru095
 ... line: isomer     0
          --> isomeric state: 0
 ... line: mf32mf33   y
          --> MF33 based on MF32: y
 ... line: nbrRandom  10
          --> Nbr of random files: 10
 ... ###############################################
 ... # end read the input file tares.inp
 ... ###############################################
Value for random generator type not considered in since Tares 1.7 due to compilation issues

 ... ###############################################
     #   Interpretation of the Input definition    #
     ###############################################

 ... Default energy limit: End of resonance region
 ... Nuclear charge    = 44
 ... Element           = Ru
 ... Mass              = 95
 ... Isomer            = 0
 ... Correlation for (Gn,Gg) not included in random files
 ... Default random option: No random
 ... Output name: n-Ru095
 ... Energy for the MACS: 30000 eV
 ... Resonances from CALENDF reduced (reduce=y) 
 ... For URR, level density model from TALYS selected: 91n3n12611.2850 (see manual for description)
 ... Random Generator: default (pseudo random numbers from ansi c++)
 ... Reconstruction of cross section selected
 ... Doppler broadening at 0 Kelvin
 ... URR not included (from the input file flag)
 ... Weight for grouping is flat
 ... Calculation of (n,alpha) cross section selected
 ... Number of digit for MF32c covariance representation: 2
 ... MF32 included
 ... MF33 will be used for covariance processing
 ... TENDL option set to yes (automatic choice of MF2 and format)
 ... Isotope not found in the best file --> use of MLBW formalism
 ... default option: Multi level Breit Wigner approximation selected
 ... (check file best.tendl.yes for changing this option)
 ... Retroactive option set to no with the 2025 option
 ... ladder option set to yes (CALENDF will be used for statistical resonances)

 ... ###############################################
     #           End of Input definition           #
     ###############################################

 ... gnuplot found, will be used for plotting
 ... latex found, will be used for plotting
 ... dvips found, will be used for plotting
 ... ps2epsi not found, limited plotting available
 ... uncertainties on default parameters multiplied by 1.01645
 ... Read resonance data from the 2025 directory
 ... Resonance parameters taken from /Users/koning/tares-1.8/source/Module//../../inputs/2025/Resonance/default/
 ---> Processing Z= 44 and A= 95 and isomer= 0 (level number: 0)
 Exfor path; Could not find /Users/koning/tares-1.8/source/Module//../../inputs/exfor/Ru095/xs/102
Thermal file; Could not open file /Users/koning/tares-1.8/source/Module//../../inputs/2025/runThermal/results//thermal.mxw.ng.cendl3.1
Thermal file; Could not open file /Users/koning/tares-1.8/source/Module//../../inputs/2025/runThermal/results//thermal.mxw.ng.brond3.1
Thermal file; Could not open file /Users/koning/tares-1.8/source/Module//../../inputs/2025/runThermal/results//thermal.xs.ng.unc.cendl3.1
 ... spin taken from the final/ directory (1)

 ... ###############################################
 ... #  Nucleus global parameters (2025 database)  #
 ... ###############################################
 0. Half-life: 1.60694 hours
 ... Scattering radius from TALYS: /Users/koning/tares-1.8/source/Module//../../inputs/2025/lib.urr/talys.urr/
 1. Spin of the target isotope: 2.5
 2. Relative Atomic Mass of the target isotope: 94.9104
 3. Scattering radius (local compilation): 6.06712 fm +/- 0.12741 fm
      .......................................
      ... Thermal capture cross sections: ...
 4. Thermal (n,g) cross section from systematics: 10.08 +/- 5.04 b.
 5. Thermal (n,g) cross section from compilation (Firestone-2022 average on element Ru): 1.57 +/- 0.13 b.
 6. Thermal (n,g) cross section from compilation (Firestone-2022 final on element Ru): 2.64 +/- 0.12 b.
 7. Thermal (n,g) cross section from TENDL-2023: 10.07 +/- 1.922 b.
      .......................................
      ...  Thermal total cross sections:  ...
      .......................................
      ... Thermal elastic cross sections: ...
 8. Thermal (n,el) cross section from potential (4piR^2): 7.62491 +/- 0.381246 b.
      .......................................
             ... Resonance integral: ...
 9. No capture integral found in /Users/koning/tares-1.8/source/Module//../../inputs/capture.integral
 ... no RI(n,g) found in local compilation, take 2018 value.
 ... no RI(n,g) found in local compilation, take Sukhoruchkin value.
   ---- MACS 30 keV ----- 
 10. TALYS MACS 30 keV (HF): 0.541657 b. 
   ---------- S0 -------- 
 11. S0 from TALYS: 0.559501
   ---------- S1 -------- 
 12. S1 from TALYS: 7.95547
   ---------- S2 -------- 
 13. S2 from TALYS: 0.534948
   ---------- D0 -------- 
 14. D0 from TALYS: 107.526 eV
   ---------- D1 -------- 
 15. D1 from TALYS: 57.1714 eV
   ---------- D2 -------- 
 16. D2 from TALYS: 42.2301 eV
   ---------- G0 -------- 
 17. Gg0 from TALYS: 0.461308 eV
   ---------- G1 -------- 
 18. Gg1 from TALYS: 0.652123 eV
   ---------- G2 -------- 
 19. Gg2 from TALYS: 0.480762 eV


   ---------------------- 
 ... Read resonance parameters (format: 2: Multi Level Breit Wigner)
 ... 0 resonances found 
 ... possibly no resonances in the Resonance directory for this isotope and options
 ... Use HFR (ladder) behavior 
 --> 21. Number of resonances from the input file: 2 up to 53.7628 eV
 22. Read nuclear quantities (mass, MAT...)
 23. Read thermal (n,g) xs 
 24. Read the scattering radius 
 25. Read uncertainty on Gg for 2 resonances
 26. Read uncertainty on Gg for 2 resonances ... done
 ... order resonances 
 ... Upper limit for the RRR: 53.7628 eV (no statistical resonances HFR) from the limit.RRR file
 ... Write parameters for l=0 waves
 ... End writing original MF2 
 ... No RRR in the database: uncertainties on default parameters multiplied by 1.99753
 ... Enter in urr function (ladder option set to y) for file n-Ru095
 ... read the file /Users/koning/tares-1.8/source/Module//../../inputs/2025/list.jcs.urr to find URR origin
 Default URR taken from TALYS calculations with level density model: 91n3n12611.2850
 File considered for the URR: /Users/koning/tares-1.8/source/Module//../../inputs/2025/lib.urr/talys.urr/91n3n12611.2850/Ru/urr/urr.dat.Ru.095.000.0.gz
 ... Write URR using TALYS average parameters (used for HFR)
 ... Limit of URR changed to 25 keV (recommendation from WPEC and JEFF)
 ... ---> Emax(RRR) taken from the file limit.ladder: 1000 eV <---
 ... (File limit.ladder: /Users/koning/tares-1.8/source/Module//../../inputs/2025/limit.ladder.91n3n12611.2850)
 ... read D0, S0, Gn and Gg
 ... number of URR energies: 2124
 Number of l: 2124 and last energy: 12
 Last  URR energy: 1000 eV
 ... Enter in to_MLBW_mf2 function
 ... Convert to Multi Level Breit Wigner (MLBW)
 ... Write parameter covariances (MF32) for l=0
 ... Convert parameter covariances (MF32) to MLBW
 ... copy the mf2 and mf32 to .mlbw files
 ... Enter in urr_correct function case 1
 Modify the higher limit of RRR in MF2
 --> old value: 5.403161+1 eV new value: 1.000000-2 eV
 Modify resonance covariances (MF32) to include correlations in the URR
 End Modify resonance covariances (MF32) to include correlations in the URR
 ... Enter in calendf_xs function
 Use CALENDF for statistical resonances (update MF2) up to 1.000000+3 eV (initial limit)
 Extract resonances from CALENDF for RRR->URR 2
 83 statistical resonances found
 After reduction, 76 statistical resonances found
 ... checking resonance order 1
 ... checking resonance order 2nd round for 74 resonances
 ... end checking resonance order 2nd round
 .......................................................
 ... Adjustment to the thermal cross section : start ...
 .......................................................

 Before adjustment (adjustment to the thermal cross section set to y)
 ... Import MF2 from TARES calculations
 ... End energy of TARES MF2 : 9.785189E+2 eV and limit to 40000 resonances
 ... File used for reconstruction: new.temp22.reconst
 ... run RECENT ...
 ... Doppler broadened at a unique temperature: 300 Kelvin using sigma1
 ... run SIGMA1 at 3.000000E+02 K.

 ============== INTER values at 300 Kelvin ==============
 Thermal (n,g) xs =  23.7344 b. (meas/sys: 10.08 b.) (warning: comparison to be done at 296 or 300 K)
 Th Maxw (n,g) xs =  23.845 b. (thermal Maxwellian value)
 Westcott factor  =  1.00468
 RI      (n,g)    =  28.3926 b. (meas or sys: - b.)
 MACS 3.000e+04 eV=  0.53968 b. (meas or sys: - b.) from 1.00E+00 to 2.00E+07 eV (end of RRR) at T= 300 Kelvin 
 Thermal (n,el) xs=  5.57838 b.
 RI      (n,el)   =  48.5414 b.
 ============= PSYCHE values ==============
 Ave. G_total L0  =  0.708733 eV
 Ave. G_total L1  =  0.484255 eV
 Ave. G_total L2  =  0.42733 eV
 Ave. Gn_0    L0  =  0.0112243
 Ave. Gn_0    L1  =  0.240975
 Ave. Gn_0    L2  =  0.0183399
 Ave. Gg      L0  =  0.45213 eV
 Ave. Gg      L1  =  0.476075 eV
 Ave. Gg      L2  =  0.42733 eV
 Ave. D       L0  =  108.724 eV
 Ave. D       L1  =  75.2707 eV
 Ave. D       L2  =  61.1574 eV
 Ave. S       L0  =  5.76724e-05 eV
 Ave. S       L1  =  0.000588158 eV
 Ave. S       L2  =  3.89088e-05 eV
 =========================================
 Calculated capture integral   28.3926 b.
 Calculated thermal (n,g)=          23.7344439 b. and recommended= 10.08 b. (C/E= 2.35461)
 Calculated RI      (n,g)= 28.3926 b. (no reference value)
 ... tolerances: thermal (n,g) 20 % (reference uncertainties, minimum 2% and 5%, maximum 20%)
 Adjust the capture widths ...
 ... capture adjusted with Gn for 69 resonances (Gn<Gg) and with Gg for 5 resonances
 ... iteration 0: C/E thermal (n,g)= 2.35461

 <-------- After adjustment -------->
 ... Import MF2 from TARES calculations
 ... End energy of TARES MF2 : 9.785189E+2 eV and limit to 40000 resonances
 ... File used for reconstruction: new.temp22.reconst
 ... run RECENT ...
 ... Doppler broadened at a unique temperature: 300 Kelvin using sigma1
 ... run SIGMA1 at 3.000000E+02 K.

 ============== INTER values at 300 Kelvin ==============
 Thermal (n,g) xs =  11.8944 b. (meas/sys: 10.08 b.) (warning: comparison to be done at 296 or 300 K)
 Th Maxw (n,g) xs =  11.95 b. (thermal Maxwellian value)
 Westcott factor  =  1.00468
 RI      (n,g)    =  18.2321 b. (meas or sys: - b.)
 MACS 3.000e+04 eV=  0.5385 b. (meas or sys: - b.) from 1.00E+00 to 2.00E+07 eV (end of RRR) at T= 300 Kelvin 
 Thermal (n,el) xs=  5.07694 b.
 RI      (n,el)   =  48.2147 b.
 ============= PSYCHE values ==============
 Ave. G_total L0  =  0.613945 eV
 Ave. G_total L1  =  0.480174 eV
 Ave. G_total L2  =  0.42733 eV
 Ave. Gn_0    L0  =  0.0100885
 Ave. Gn_0    L1  =  0.120763
 Ave. Gn_0    L2  =  0.00919096
 Ave. Gg      L0  =  0.384007 eV
 Ave. Gg      L1  =  0.476075 eV
 Ave. Gg      L2  =  0.42733 eV
 Ave. D       L0  =  108.724 eV
 Ave. D       L1  =  75.2707 eV
 Ave. D       L2  =  61.1574 eV
 Ave. S       L0  =  5.13724e-05 eV
 Ave. S       L1  =  0.000294753 eV
 Ave. S       L2  =  1.94989e-05 eV
 =========================================
 ... iteration 1: C/E thermal (n,g)= 1.18


 ... ratio C/E thermal (n,g): 1.180001E+00
 ...................................................... 
 ... Adjustment to the thermal cross section : stop ...
 ...................................................... 
 ... new MF2 file after adjustment: n-Ru095
 ... read the file /Users/koning/tares-1.8/source/Module//../../inputs/2025/list.jcs.urr to find URR origin
 Default URR taken from TALYS calculations with level density model: 91n3n12611.2850
 File considered for the URR: /Users/koning/tares-1.8/source/Module//../../inputs/2025/lib.urr/talys.urr/91n3n12611.2850/Ru/urr/urr.dat.Ru.095.000.0.gz
 ... Write URR using TALYS average parameters (not used for HFR)
 ... Limit of URR changed to 25 keV (recommendation from WPEC and JEFF)
 Energy limit of the URR set to 1272.07 eV
 ... read D0, S0, Gn and Gg
 ... number of URR energies: 48
 Number of l: 48 and last energy: 12
 Last  URR energy: 1272.07 eV
 ... Enter in urr_correct function case 2
 Modify the higher limit of RRR in MF2
 --> old value: 9.785189+2 eV new value: 9.785189+2 eV
 Modify resonance covariances (MF32) to include correlations in the URR
 End Modify resonance covariances (MF32) to include correlations in the URR
 ... Enter in update_MF32 function
 ... Change uncertainties
 ... for the HFR, random position of the positive resonances with 0.020000 %
 ... end of update MF32 function
 ... GLS calculation of the parameter correlations from the thermal/RI adjustment (MF32c)
 ... MF32: correlations from the thermal/RI adjustment (GLS) for 2 resonances (4 widths), 1 correlation lines
 ...   thermal (n,g): uncertainty from these widths 4.60065 b. -> 3.39788 b. (reference: 10.08 +/- 5.04 b.)
 ... copy the mf2 and mf32 to .mlbw files

 ... Start of final reconstruction and testing ...
 ... Reconstruction of cross sections at 0 Kelvin  ... Import MF2 from TARES calculations
 ... End energy of TARES MF2 : 9.785189E+2 eV and limit to 40000 resonances
 ... File used for reconstruction: n-Ru095.reconst
 ... run RECENT ...
 ... Doppler broadened at a unique temperature: 0 Kelvin using sigma1
 ... The keyword temperature is zero, no Doppler broadening for the MACS

 ============== INTER values at 0 Kelvin ==============
 Thermal (n,g) xs =  11.8884 b. (meas/sys: 10.08 b.) (warning: comparison to be done at 296 or 300 K)
 Th Maxw (n,g) xs =  11.882 b. (thermal Maxwellian value)
 Westcott factor  =  0.99945
 RI      (n,g)    =  18.1763 b. (meas or sys: - b.)
 MACS 3.000e+04 eV=  0.53529 b. (meas or sys: - b.) from 1.00E+00 to 9.79E+02 eV (end of RRR) at T= 0 Kelvin 
 Thermal (n,el) xs=  5.04977 b.
 RI      (n,el)   =  47.8992 b.
 ============= PSYCHE values ==============
 Ave. G_total L0  =  0.613945 eV
 Ave. G_total L1  =  0.480174 eV
 Ave. G_total L2  =  0.42733 eV
 Ave. Gn_0    L0  =  0.0100885
 Ave. Gn_0    L1  =  0.120763
 Ave. Gn_0    L2  =  0.00919096
 Ave. Gg      L0  =  0.384007 eV
 Ave. Gg      L1  =  0.476075 eV
 Ave. Gg      L2  =  0.42733 eV
 Ave. D       L0  =  108.724 eV
 Ave. D       L1  =  75.2707 eV
 Ave. D       L2  =  61.1574 eV
 Ave. S       L0  =  5.13724e-05 eV
 Ave. S       L1  =  0.000294753 eV
 Ave. S       L2  =  1.94989e-05 eV
 =========================================
 ... End of final reconstruction and testing ...

 ... grouping is not optimum, change to 70 groups
 ... Produce MF33 based on MF32 and 10 random files
 ... run endsam for 10 in groups of 1 global run
 ... run endsam from 1 to 10
 ... reorder resonance position after endsam (sampling)
 ... preparing the vectors  ... done
 ... nominal file 0 Cap(th)  ave= 1.189E+01 b. +/- 0.00 % || Ela(th) ave= 5.050E+00 b. +/- 0.00 % || RIcap ave= 1.22E+01 b. +/- 0.00 % || Macs30 ave= 3.51E+00 b. +/- 0.00 % || Gn^0(l=0) ave= 1.009E-02 +/- 0.00 % Gn^0(l=1) ave= 1.208E-01 +/- 0.00 % Gn^0(l=2) ave= 9.191E-03 +/- 0.00 % Gn^0(l=3) ave= 0.000E+00 +/- 0.00 % || Gtotal(l=0) ave= 6.139E-01 +/- 0.00 % Gtotal(l=1) ave= 4.802E-01 +/- 0.00 % Gtotal(l=2) ave= 4.273E-01 +/- 0.00 % Gtotal(l=3) ave= 0.000E+00 +/- 0.00 %  % || Gg(l=0) ave= 3.840E-01 +/- 0.00 % Gg(l=1) ave= 4.761E-01 +/- 0.00 % Gg(l=2) ave= 4.273E-01 +/- 0.00 % Gg(l=3) ave= 0.000E+00 +/- 0.00 %  % || D(l=0) ave= 1.087E+02 +/- 0.00 % D(l=1) ave= 7.527E+01 +/- 0.00 % D(l=2) ave= 6.116E+01 +/- 0.00 % D(l=3) ave= 0.000E+00 +/- 0.00 %  % || S(l=0) ave= 5.137E-05 +/- 0.00 % S(l=1) ave= 2.948E-04 +/- 0.00 % S(l=2) ave= 1.950E-05 +/- 0.00 % S(l=3) ave= 0.000E+00 +/- 0.00 % 
 ... random file  1 Cap(th)  ave= 1.001E+01 b. +/- 18.78 % || Ela(th) ave= 5.494E+00 b. +/- 8.09 % || RIcap ave= 1.14E+01 b. +/- 7.56 % || Macs30 ave= 3.25E+00 b. +/- 8.14 % || Gn^0(l=0) ave= 1.042E-02 +/- 3.21 % Gn^0(l=1) ave= 1.110E-01 +/- 8.79 % Gn^0(l=2) ave= 7.862E-03 +/- 16.90 % Gn^0(l=3) ave= 0.000E+00 +/- 0.00 % || Gtotal(l=0) ave= 6.150E-01 +/- 0.18 % Gtotal(l=1) ave= 4.802E-01 +/- 0.00 % Gtotal(l=2) ave= 4.273E-01 +/- 0.00 % Gtotal(l=3) ave= 0.000E+00 +/- 0.00 %  % || Gg(l=0) ave= 3.727E-01 +/- 3.05 % Gg(l=1) ave= 4.815E-01 +/- 1.12 % Gg(l=2) ave= 4.213E-01 +/- 1.42 % Gg(l=3) ave= 0.000E+00 +/- 0.00 %  % || D(l=0) ave= 1.155E+02 +/- 5.88 % D(l=1) ave= 7.527E+01 +/- 0.00 % D(l=2) ave= 6.116E+01 +/- 0.00 % D(l=3) ave= 0.000E+00 +/- 0.00 %  % || S(l=0) ave= 5.010E-05 +/- 2.54 % S(l=1) ave= 2.709E-04 +/- 8.80 % S(l=2) ave= 1.668E-05 +/- 16.90 % S(l=3) ave= 0.000E+00 +/- 0.00 % 
 ... random file  2 Cap(th)  ave= 1.054E+01 b. +/- 16.24 % || Ela(th) ave= 5.257E+00 b. +/- 9.39 % || RIcap ave= 1.14E+01 b. +/- 6.17 % || Macs30 ave= 3.21E+00 b. +/- 6.88 % || Gn^0(l=0) ave= 1.051E-02 +/- 2.82 % Gn^0(l=1) ave= 1.166E-01 +/- 9.60 % Gn^0(l=2) ave= 8.665E-03 +/- 18.12 % Gn^0(l=3) ave= 0.000E+00 +/- 0.00 % || Gtotal(l=0) ave= 6.154E-01 +/- 0.17 % Gtotal(l=1) ave= 4.802E-01 +/- 0.00 % Gtotal(l=2) ave= 4.273E-01 +/- 0.00 % Gtotal(l=3) ave= 0.000E+00 +/- 0.00 %  % || Gg(l=0) ave= 3.574E-01 +/- 6.56 % Gg(l=1) ave= 4.945E-01 +/- 3.84 % Gg(l=2) ave= 4.109E-01 +/- 3.80 % Gg(l=3) ave= 0.000E+00 +/- 0.00 %  % || D(l=0) ave= 1.178E+02 +/- 5.44 % D(l=1) ave= 7.527E+01 +/- 0.00 % D(l=2) ave= 6.116E+01 +/- 0.00 % D(l=3) ave= 0.000E+00 +/- 0.00 %  % || S(l=0) ave= 4.959E-05 +/- 2.55 % S(l=1) ave= 2.846E-04 +/- 9.64 % S(l=2) ave= 1.838E-05 +/- 18.12 % S(l=3) ave= 0.000E+00 +/- 0.00 % 
 ... random file  3 Cap(th)  ave= 1.240E+01 b. +/- 28.59 % || Ela(th) ave= 5.293E+00 b. +/- 8.16 % || RIcap ave= 1.19E+01 b. +/- 8.17 % || Macs30 ave= 3.22E+00 b. +/- 5.96 % || Gn^0(l=0) ave= 1.040E-02 +/- 3.06 % Gn^0(l=1) ave= 1.156E-01 +/- 8.52 % Gn^0(l=2) ave= 8.494E-03 +/- 16.38 % Gn^0(l=3) ave= 0.000E+00 +/- 0.00 % || Gtotal(l=0) ave= 6.150E-01 +/- 0.18 % Gtotal(l=1) ave= 4.802E-01 +/- 0.00 % Gtotal(l=2) ave= 4.273E-01 +/- 0.00 % Gtotal(l=3) ave= 0.000E+00 +/- 0.00 %  % || Gg(l=0) ave= 3.629E-01 +/- 6.17 % Gg(l=1) ave= 4.860E-01 +/- 4.56 % Gg(l=2) ave= 4.157E-01 +/- 3.82 % Gg(l=3) ave= 0.000E+00 +/- 0.00 %  % || D(l=0) ave= 1.155E+02 +/- 5.88 % D(l=1) ave= 7.527E+01 +/- 0.00 % D(l=2) ave= 6.116E+01 +/- 0.00 % D(l=3) ave= 0.000E+00 +/- 0.00 %  % || S(l=0) ave= 5.003E-05 +/- 2.67 % S(l=1) ave= 2.821E-04 +/- 8.56 % S(l=2) ave= 1.802E-05 +/- 16.38 % S(l=3) ave= 0.000E+00 +/- 0.00 % 
 ... random file  4 Cap(th)  ave= 1.193E+01 b. +/- 27.76 % || Ela(th) ave= 5.271E+00 b. +/- 7.38 % || RIcap ave= 1.17E+01 b. +/- 8.05 % || Macs30 ave= 3.23E+00 b. +/- 5.33 % || Gn^0(l=0) ave= 1.045E-02 +/- 2.93 % Gn^0(l=1) ave= 1.159E-01 +/- 7.61 % Gn^0(l=2) ave= 8.548E-03 +/- 14.61 % Gn^0(l=3) ave= 0.000E+00 +/- 0.00 % || Gtotal(l=0) ave= 6.152E-01 +/- 0.17 % Gtotal(l=1) ave= 4.802E-01 +/- 0.00 % Gtotal(l=2) ave= 4.273E-01 +/- 0.00 % Gtotal(l=3) ave= 0.000E+00 +/- 0.00 %  % || Gg(l=0) ave= 3.621E-01 +/- 5.55 % Gg(l=1) ave= 4.831E-01 +/- 4.27 % Gg(l=2) ave= 4.072E-01 +/- 5.41 % Gg(l=3) ave= 0.000E+00 +/- 0.00 %  % || D(l=0) ave= 1.169E+02 +/- 5.70 % D(l=1) ave= 7.527E+01 +/- 0.00 % D(l=2) ave= 6.116E+01 +/- 0.00 % D(l=3) ave= 0.000E+00 +/- 0.00 %  % || S(l=0) ave= 4.972E-05 +/- 2.70 % S(l=1) ave= 2.829E-04 +/- 7.65 % S(l=2) ave= 1.814E-05 +/- 14.61 % S(l=3) ave= 0.000E+00 +/- 0.00 % 
 ... random file  5 Cap(th)  ave= 1.138E+01 b. +/- 28.66 % || Ela(th) ave= 5.118E+00 b. +/- 9.62 % || RIcap ave= 1.17E+01 b. +/- 7.36 % || Macs30 ave= 3.31E+00 b. +/- 7.42 % || Gn^0(l=0) ave= 1.039E-02 +/- 3.02 % Gn^0(l=1) ave= 1.200E-01 +/- 10.19 % Gn^0(l=2) ave= 9.211E-03 +/- 20.30 % Gn^0(l=3) ave= 0.000E+00 +/- 0.00 % || Gtotal(l=0) ave= 6.150E-01 +/- 0.18 % Gtotal(l=1) ave= 4.802E-01 +/- 0.00 % Gtotal(l=2) ave= 4.273E-01 +/- 0.00 % Gtotal(l=3) ave= 0.000E+00 +/- 0.00 %  % || Gg(l=0) ave= 3.728E-01 +/- 8.10 % Gg(l=1) ave= 4.694E-01 +/- 7.68 % Gg(l=2) ave= 4.166E-01 +/- 6.97 % Gg(l=3) ave= 0.000E+00 +/- 0.00 %  % || D(l=0) ave= 1.155E+02 +/- 5.88 % D(l=1) ave= 7.527E+01 +/- 0.00 % D(l=2) ave= 6.116E+01 +/- 0.00 % D(l=3) ave= 0.000E+00 +/- 0.00 %  % || S(l=0) ave= 4.999E-05 +/- 2.71 % S(l=1) ave= 2.930E-04 +/- 10.27 % S(l=2) ave= 1.954E-05 +/- 20.31 % S(l=3) ave= 0.000E+00 +/- 0.00 % 
 ... random file  6 Cap(th)  ave= 1.080E+01 b. +/- 30.91 % || Ela(th) ave= 5.081E+00 b. +/- 9.15 % || RIcap ave= 1.15E+01 b. +/- 8.00 % || Macs30 ave= 3.28E+00 b. +/- 7.30 % || Gn^0(l=0) ave= 1.035E-02 +/- 2.95 % Gn^0(l=1) ave= 1.208E-01 +/- 9.52 % Gn^0(l=2) ave= 9.322E-03 +/- 18.80 % Gn^0(l=3) ave= 0.000E+00 +/- 0.00 % || Gtotal(l=0) ave= 6.149E-01 +/- 0.17 % Gtotal(l=1) ave= 4.802E-01 +/- 0.00 % Gtotal(l=2) ave= 4.273E-01 +/- 0.00 % Gtotal(l=3) ave= 0.000E+00 +/- 0.00 %  % || Gg(l=0) ave= 3.734E-01 +/- 7.50 % Gg(l=1) ave= 4.559E-01 +/- 10.27 % Gg(l=2) ave= 4.196E-01 +/- 6.64 % Gg(l=3) ave= 0.000E+00 +/- 0.00 %  % || D(l=0) ave= 1.145E+02 +/- 5.87 % D(l=1) ave= 7.527E+01 +/- 0.00 % D(l=2) ave= 6.116E+01 +/- 0.00 % D(l=3) ave= 0.000E+00 +/- 0.00 %  % || S(l=0) ave= 5.020E-05 +/- 2.71 % S(l=1) ave= 2.951E-04 +/- 9.59 % S(l=2) ave= 1.978E-05 +/- 18.81 % S(l=3) ave= 0.000E+00 +/- 0.00 % 
 ... random file  7 Cap(th)  ave= 1.090E+01 b. +/- 28.75 % || Ela(th) ave= 4.992E+00 b. +/- 9.91 % || RIcap ave= 1.16E+01 b. +/- 7.92 % || Macs30 ave= 3.33E+00 b. +/- 7.73 % || Gn^0(l=0) ave= 1.032E-02 +/- 2.89 % Gn^0(l=1) ave= 1.234E-01 +/- 10.30 % Gn^0(l=2) ave= 9.715E-03 +/- 19.98 % Gn^0(l=3) ave= 0.000E+00 +/- 0.00 % || Gtotal(l=0) ave= 6.148E-01 +/- 0.17 % Gtotal(l=1) ave= 4.802E-01 +/- 0.00 % Gtotal(l=2) ave= 4.273E-01 +/- 0.00 % Gtotal(l=3) ave= 0.000E+00 +/- 0.00 %  % || Gg(l=0) ave= 3.703E-01 +/- 7.41 % Gg(l=1) ave= 4.592E-01 +/- 9.72 % Gg(l=2) ave= 4.152E-01 +/- 6.88 % Gg(l=3) ave= 0.000E+00 +/- 0.00 %  % || D(l=0) ave= 1.138E+02 +/- 5.78 % D(l=1) ave= 7.527E+01 +/- 0.00 % D(l=2) ave= 6.116E+01 +/- 0.00 % D(l=3) ave= 0.000E+00 +/- 0.00 %  % || S(l=0) ave= 5.035E-05 +/- 2.64 % S(l=1) ave= 3.011E-04 +/- 10.29 % S(l=2) ave= 2.061E-05 +/- 19.98 % S(l=3) ave= 0.000E+00 +/- 0.00 % 
 ... random file  8 Cap(th)  ave= 1.123E+01 b. +/- 27.61 % || Ela(th) ave= 4.910E+00 b. +/- 10.60 % || RIcap ave= 1.18E+01 b. +/- 8.59 % || Macs30 ave= 3.34E+00 b. +/- 7.36 % || Gn^0(l=0) ave= 1.038E-02 +/- 3.19 % Gn^0(l=1) ave= 1.257E-01 +/- 10.84 % Gn^0(l=2) ave= 1.009E-02 +/- 20.96 % Gn^0(l=3) ave= 0.000E+00 +/- 0.00 % || Gtotal(l=0) ave= 6.149E-01 +/- 0.17 % Gtotal(l=1) ave= 4.802E-01 +/- 0.00 % Gtotal(l=2) ave= 4.273E-01 +/- 0.00 % Gtotal(l=3) ave= 0.000E+00 +/- 0.00 %  % || Gg(l=0) ave= 3.774E-01 +/- 8.70 % Gg(l=1) ave= 4.588E-01 +/- 9.18 % Gg(l=2) ave= 4.106E-01 +/- 7.29 % Gg(l=3) ave= 0.000E+00 +/- 0.00 %  % || D(l=0) ave= 1.148E+02 +/- 5.88 % D(l=1) ave= 7.527E+01 +/- 0.00 % D(l=2) ave= 6.116E+01 +/- 0.00 % D(l=3) ave= 0.000E+00 +/- 0.00 %  % || S(l=0) ave= 5.024E-05 +/- 2.57 % S(l=1) ave= 3.068E-04 +/- 10.85 % S(l=2) ave= 2.141E-05 +/- 20.96 % S(l=3) ave= 0.000E+00 +/- 0.00 % 
 ... random file  9 Cap(th)  ave= 1.119E+01 b. +/- 26.32 % || Ela(th) ave= 4.947E+00 b. +/- 10.23 % || RIcap ave= 1.18E+01 b. +/- 8.15 % || Macs30 ave= 3.38E+00 b. +/- 7.51 % || Gn^0(l=0) ave= 1.036E-02 +/- 3.10 % Gn^0(l=1) ave= 1.246E-01 +/- 10.68 % Gn^0(l=2) ave= 9.920E-03 +/- 20.87 % Gn^0(l=3) ave= 0.000E+00 +/- 0.00 % || Gtotal(l=0) ave= 6.148E-01 +/- 0.17 % Gtotal(l=1) ave= 4.802E-01 +/- 0.00 % Gtotal(l=2) ave= 4.273E-01 +/- 0.00 % Gtotal(l=3) ave= 0.000E+00 +/- 0.00 %  % || Gg(l=0) ave= 3.728E-01 +/- 9.16 % Gg(l=1) ave= 4.587E-01 +/- 8.71 % Gg(l=2) ave= 4.119E-01 +/- 6.96 % Gg(l=3) ave= 0.000E+00 +/- 0.00 %  % || D(l=0) ave= 1.142E+02 +/- 5.83 % D(l=1) ave= 7.527E+01 +/- 0.00 % D(l=2) ave= 6.116E+01 +/- 0.00 % D(l=3) ave= 0.000E+00 +/- 0.00 %  % || S(l=0) ave= 5.039E-05 +/- 2.58 % S(l=1) ave= 3.042E-04 +/- 10.70 % S(l=2) ave= 2.105E-05 +/- 20.87 % S(l=3) ave= 0.000E+00 +/- 0.00 % 
 ... random file  10 Cap(th)  ave= 1.083E+01 b. +/- 27.97 % || Ela(th) ave= 4.887E+00 b. +/- 10.63 % || RIcap ave= 1.17E+01 b. +/- 8.19 % || Macs30 ave= 3.35E+00 b. +/- 7.58 % || Gn^0(l=0) ave= 1.033E-02 +/- 3.08 % Gn^0(l=1) ave= 1.263E-01 +/- 10.94 % Gn^0(l=2) ave= 1.020E-02 +/- 21.23 % Gn^0(l=3) ave= 0.000E+00 +/- 0.00 % || Gtotal(l=0) ave= 6.147E-01 +/- 0.17 % Gtotal(l=1) ave= 4.802E-01 +/- 0.00 % Gtotal(l=2) ave= 4.273E-01 +/- 0.00 % Gtotal(l=3) ave= 0.000E+00 +/- 0.00 %  % || Gg(l=0) ave= 3.679E-01 +/- 9.81 % Gg(l=1) ave= 4.603E-01 +/- 8.35 % Gg(l=2) ave= 4.154E-01 +/- 7.09 % Gg(l=3) ave= 0.000E+00 +/- 0.00 %  % || D(l=0) ave= 1.137E+02 +/- 5.75 % D(l=1) ave= 7.527E+01 +/- 0.00 % D(l=2) ave= 6.116E+01 +/- 0.00 % D(l=3) ave= 0.000E+00 +/- 0.00 %  % || S(l=0) ave= 5.046E-05 +/- 2.50 % S(l=1) ave= 3.083E-04 +/- 10.93 % S(l=2) ave= 2.164E-05 +/- 21.23 % S(l=3) ave= 0.000E+00 +/- 0.00 % 
 ... Histogram plot for thermal (n,g)
 ... Write covariances  ... MT1  ... plot correlations
 ... MT2  ... MT102 


 ================================================
 ============== From 10 random values === start ======
 Thermal (n,tot) xs  0 K =  15.7158 b. +/- 3.12531 b. ( 19.8864 %) skew= +0.97 +/- 0.66
 Thermal (n,el) xs   0 K =  4.88656 b. +/- 0.519484 b. ( 10.6309 %) skew= +0.40 +/- 0.66
 Thermal (n,g) xs    0 K =  10.8293 b. +/- 3.02847 b. ( 27.9656 %) skew= +0.91 +/- 0.66
 RI      (n,g)       0 K =  11.739 b. +/- 0.961423 b. ( 8.18996 %) 
 MACS    (n,g)       0 K (at Emacs= 30000 eV) =  3.3506 b. +/- 0.253833 b. ( 7.57575 %) 
 Ave. Gtotal  L=0        =  6.147E-01 +/- 0.17 %
 Ave. Gn^(0)  L=0        =  1.033E-02 +/- 3.08 %
 Ave. Gg      L=0        =  3.679E-01 +/- 9.81 %
 Ave. D       L=0        =  1.137E+02 +/- 5.75 %
 Ave. S       L=0        =  5.046E-05 +/- 2.50 %
 Ave. Gtotal  L=1        =  4.802E-01 +/- 0.00 %
 Ave. Gn^(1)  L=1        =  1.263E-01 +/- 10.94 %
 Ave. Gg      L=1        =  4.603E-01 +/- 8.35 %
 Ave. D       L=1        =  7.527E+01 +/- 0.00 %
 Ave. S       L=1        =  3.083E-04 +/- 10.93 %
 Ave. Gtotal  L=2        =  4.273E-01 +/- 0.00 %
 Ave. Gn^(2)  L=2        =  1.020E-02 +/- 21.23 %
 Ave. Gg      L=2        =  4.154E-01 +/- 7.09 %
 Ave. D       L=2        =  6.116E+01 +/- 0.00 %
 Ave. S       L=2        =  2.164E-05 +/- 21.23 %

 Expected Thermal (n,g) (syst or meas)= 10.08 b. +/- 5.04 b. nominal: 11.8884 b.
 ratio Calculated/expected thermal (n,g): 1.07 ratio DCalculated/Dexpected: 0.60 ratio Calculated/Nominal: 0.91
 ============== From 10 random values ===== stop ======
 ================================================
 ... Calculation of (n,a) and (n,p) cross sections at 300 K
 ... thermal (n,a) cross section is 0.00082805 +/- 0.000414025 b.
 ... thermal (n,a) cross section is 0.00152231 b. (random case 1)
 ... thermal (n,a) cross section is 0.00221631 b. (random case 2)
 ... thermal (n,a) cross section is 0.00291031 b. (random case 3)
 ... thermal (n,a) cross section is 0.00360431 b. (random case 4)
 ... thermal (n,a) cross section is 0.00429831 b. (random case 5)
 ... thermal (n,a) cross section is 0.00499231 b. (random case 6)
 ... thermal (n,a) cross section is 0.00568631 b. (random case 7)
 ... thermal (n,a) cross section is 0.00638031 b. (random case 8)
 ... thermal (n,a) cross section is 0.00707431 b. (random case 9)
 ... thermal (n,a) cross section is 0.00776831 b. (random case 10)
 ... thermal (n,p) cross section is 0.00082805 +/- 0.000414025 b.
 ... thermal (n,p) cross section is 0.00152231 b. (random case 1)
 ... thermal (n,p) cross section is 0.00221631 b. (random case 2)
 ... thermal (n,p) cross section is 0.00291031 b. (random case 3)
 ... thermal (n,p) cross section is 0.00360431 b. (random case 4)
 ... thermal (n,p) cross section is 0.00429831 b. (random case 5)
 ... thermal (n,p) cross section is 0.00499231 b. (random case 6)
 ... thermal (n,p) cross section is 0.00568631 b. (random case 7)
 ... thermal (n,p) cross section is 0.00638031 b. (random case 8)
 ... thermal (n,p) cross section is 0.00707431 b. (random case 9)
 ... thermal (n,p) cross section is 0.00776831 b. (random case 10)
 ... Rewrite index for MF2
 ... Write text for MF1 in file mf1.tares.txt
 ... plotting cross sections for the MF1
 ... order output files


================== summary ==================
 Thermal (n,tot) xs = 16.9537 b. 
 Thermal (n,el)  xs = 5.04977 b. 
 Thermal (n,g)   xs = 11.8884 b. (meas/sys: 10.08 b.)
 At 300 K (thermal adjustment): (n,el) = 5.07694 b., (n,g) = 11.8944 b.

 RI      (n,g)      = 18.1763 b. (meas or sys: - b.)
 RI      (n,el)     = 47.8992 b.
=============================================


 ... cleaning
                                                 
  -------------------------------------------------------------
  -                                                           -
  - TARES: successful end of run with data from hypothetical  -
  - resonances for  Z= 44,  A= 95 and isomer= 0               -
  - half-life: 1.606944 hours
  -                                                           -
  -------------------------------------------------------------

   Running time:       22 seconds

 End time: Wed Oct  7 10:47:40 2026

