
  -------------------------------------------------------------
  -                                                           -
  -              Welcome to TARES version 1.8                 -
  -                                                           -
  -  (C) Copyright 2007-2025 D. Rochman, All Rights Reserved  -
  -           NRG, Petten, the Netherlands 2007-2014          -
  -           PSI, Villigen    Switzerland 2015-2025          -
  -         Nagra, Wettingen   Switzerland 2025-              -
  -           (Last Modified October 06, 2026)                -
  -           (Database from October 06, 2026)                -
  -                                                           -
  -------------------------------------------------------------


  ---------------------------------------------
   Compilation information:
   Compiled on:         Oct  7 2026, 09:32:19
   Compiled by:         koning
   Compiler version:    clang++ - 21.0.0
   Source location:     /Users/koning/tares-1.8/source/Module/
   Binaries location:   /Users/koning/bin
   System:              Darwin 25.6.0
   System version:      Darwin Kernel Version 25.6.0: Fri Jul 31 19:19:08 PDT 2026; root:xnu-12377.161.14~5/RELEASE_ARM64_T6050  
   Machine:             arm64 
  ---------------------------------------------

   User information:
   User name:           koning
   Running directory:   /Users/koning/tendl/resbase/La147/work
   Owner mode for running directory : rwx
   Group mode for running directory : r-x
  ---------------------------------------------


 Starting time: Wed Oct  7 10:50:24 2026
 ... inputs directory found (/Users/koning/tares-1.8/source/Module//../../inputs/).
 ... It will be used for resonance parameters 
 ... ###############################################
 ... #     read the input file tares.inp
 ... ###############################################
 ... line: #
 ... line: # Input file generated by Autorochman
          --> line not read
 ... line: #
 ... line: isotope    La
          --> Isotope name: La
 ... line: mass       147
          --> isotopic mass: 147
 ... line: output     n-La147
         ---> Name of the output files: n-La147
 ... line: isomer     0
          --> isomeric state: 0
 ... line: mf32mf33   y
          --> MF33 based on MF32: y
 ... line: nbrRandom  6
          --> Nbr of random files: 6
 ... ###############################################
 ... # end read the input file tares.inp
 ... ###############################################
Value for random generator type not considered in since Tares 1.7 due to compilation issues

 ... ###############################################
     #   Interpretation of the Input definition    #
     ###############################################

 ... Default energy limit: End of resonance region
 ... Nuclear charge    = 57
 ... Element           = La
 ... Mass              = 147
 ... Isomer            = 0
 ... Correlation for (Gn,Gg) not included in random files
 ... Default random option: No random
 ... Output name: n-La147
 ... Energy for the MACS: 30000 eV
 ... Resonances from CALENDF reduced (reduce=y) 
 ... For URR, level density model from TALYS selected: 91n3n12611.2850 (see manual for description)
 ... Random Generator: default (pseudo random numbers from ansi c++)
 ... Reconstruction of cross section selected
 ... Doppler broadening at 0 Kelvin
 ... URR not included (from the input file flag)
 ... Weight for grouping is flat
 ... Calculation of (n,alpha) cross section selected
 ... Number of digit for MF32c covariance representation: 2
 ... MF32 included
 ... MF33 will be used for covariance processing
 ... TENDL option set to yes (automatic choice of MF2 and format)
 ... Isotope not found in the best file --> use of MLBW formalism
 ... default option: Multi level Breit Wigner approximation selected
 ... (check file best.tendl.yes for changing this option)
 ... Retroactive option set to no with the 2025 option
 ... ladder option set to yes (CALENDF will be used for statistical resonances)

 ... ###############################################
     #           End of Input definition           #
     ###############################################

 ... gnuplot found, will be used for plotting
 ... latex found, will be used for plotting
 ... dvips found, will be used for plotting
 ... ps2epsi not found, limited plotting available
 ... uncertainties on default parameters multiplied by 1.72059
 ... Read resonance data from the 2025 directory
 ... Resonance parameters taken from /Users/koning/tares-1.8/source/Module//../../inputs/2025/Resonance/default/
 ---> Processing Z= 57 and A= 147 and isomer= 0 (level number: 0)
 Exfor path; Could not find /Users/koning/tares-1.8/source/Module//../../inputs/exfor/La147/xs/102
Thermal file; Could not open file /Users/koning/tares-1.8/source/Module//../../inputs/2025/runThermal/results//thermal.mxw.ng.cendl3.1
Thermal file; Could not open file /Users/koning/tares-1.8/source/Module//../../inputs/2025/runThermal/results//thermal.mxw.ng.brond3.1
Thermal file; Could not open file /Users/koning/tares-1.8/source/Module//../../inputs/2025/runThermal/results//thermal.xs.ng.unc.cendl3.1
 ... spin taken from the final/ directory (1)

 ... ###############################################
 ... #  Nucleus global parameters (2025 database)  #
 ... ###############################################
 0. Half-life: 4.026 sec. 
 ... Scattering radius from TALYS: /Users/koning/tares-1.8/source/Module//../../inputs/2025/lib.urr/talys.urr/
 1. Spin of the target isotope: 2.5
 2. Relative Atomic Mass of the target isotope: 146.928
 3. Scattering radius (local compilation): 7.00726 fm +/- 0.168174 fm
      .......................................
      ... Thermal capture cross sections: ...
 4. Thermal (n,g) cross section from systematics: 11.18 +/- 9.503 b.
 5. Thermal (n,g) cross section from compilation (Firestone-2022 average on element La): 8.96 +/- 0.09 b.
 6. Thermal (n,g) cross section from compilation (Firestone-2022 final on element La): 9.06 +/- 0.04 b.
 7. Thermal (n,g) cross section from TENDL-2023: 11.18 b.
      .......................................
      ...  Thermal total cross sections:  ...
      .......................................
      ... Thermal elastic cross sections: ...
 8. Thermal (n,el) cross section from potential (4piR^2): 8.80644 +/- 0.440322 b.
      .......................................
             ... Resonance integral: ...
 9. No capture integral found in /Users/koning/tares-1.8/source/Module//../../inputs/capture.integral
 ... no RI(n,g) found in local compilation, take 2018 value.
 ... no RI(n,g) found in local compilation, take Sukhoruchkin value.
   ---- MACS 30 keV ----- 
 10. TALYS MACS 30 keV (HF): 0.0558791 b. 
   ---------- S0 -------- 
 11. S0 from TALYS: 2.94273
   ---------- S1 -------- 
 12. S1 from TALYS: 0.642905
   ---------- S2 -------- 
 13. S2 from TALYS: 1.47766
   ---------- D0 -------- 
 14. D0 from TALYS: 66.1576 eV
   ---------- D1 -------- 
 15. D1 from TALYS: 34.5877 eV
   ---------- D2 -------- 
 16. D2 from TALYS: 24.8385 eV
   ---------- G0 -------- 
 17. Gg0 from TALYS: 0.0298016 eV
   ---------- G1 -------- 
 18. Gg1 from TALYS: 0.0328652 eV
   ---------- G2 -------- 
 19. Gg2 from TALYS: 0.0340759 eV


   ---------------------- 
 ... Read resonance parameters (format: 2: Multi Level Breit Wigner)
 ... 0 resonances found 
 ... possibly no resonances in the Resonance directory for this isotope and options
 ... Use HFR (ladder) behavior 
 --> 21. Number of resonances from the input file: 2 up to 33.0788 eV
 22. Read nuclear quantities (mass, MAT...)
 23. Read thermal (n,g) xs 
 24. Read the scattering radius 
 25. Read uncertainty on Gg for 2 resonances
 26. Read uncertainty on Gg for 2 resonances ... done
 ... order resonances 
 ... Upper limit for the RRR: 33.0788 eV (no statistical resonances HFR) from the limit.RRR file
 ... Write parameters for l=0 waves
 ... End writing original MF2 
 ... No RRR in the database: uncertainties on default parameters multiplied by 1.99753
 ... Enter in urr function (ladder option set to y) for file n-La147
 ... read the file /Users/koning/tares-1.8/source/Module//../../inputs/2025/list.jcs.urr to find URR origin
 Default URR taken from TALYS calculations with level density model: 91n3n12611.2850
 File considered for the URR: /Users/koning/tares-1.8/source/Module//../../inputs/2025/lib.urr/talys.urr/91n3n12611.2850/La/urr/urr.dat.La.147.000.0.gz
 ... Write URR using TALYS average parameters (used for HFR)
 ... Limit of URR changed to 25 keV (recommendation from WPEC and JEFF)
 ... Extract the Sn value from file ./urr.dat.La.147.0.0
 ... found Sn= 4.10166 MeV
 ... estimated number of resonances up to 493765 eV: 7463.46 resonances, too high ?
 ... estimated number of resonances up to 246882 eV: 3731.73 resonances, too high ?
 ... estimated number of resonances up to 123441 eV: 1865.87 resonances, too high ?
 ... estimated number of resonances up to 61720.6 eV:  932.933 resonances
 ... This is a test here. The higher energy limit to include URR data for calendf is set to max Sn. 24/03/2016
 ... Use Sn to define the maximum energy for the URR: Sn= 4.10166 MeV --> last_energyURR= 61720.6 eV
 Warning 2, the end of the RRR (61720.6 eV) is higher than the 1st inelastic level (15700 eV)
 ... read D0, S0, Gn and Gg
 ... number of URR energies: 2892
 Number of l: 2892 and last energy: 12
 Last  URR energy: 61720.6 eV
 ... Enter in to_MLBW_mf2 function
 ... Convert to Multi Level Breit Wigner (MLBW)
 ... Write parameter covariances (MF32) for l=0
 ... Convert parameter covariances (MF32) to MLBW
 ... copy the mf2 and mf32 to .mlbw files
 ... Enter in urr_correct function case 1
 Modify the higher limit of RRR in MF2
 --> old value: 3.324419+1 eV new value: 1.000000-2 eV
 Modify resonance covariances (MF32) to include correlations in the URR
 End Modify resonance covariances (MF32) to include correlations in the URR
 ... Enter in calendf_xs function
 Use CALENDF for statistical resonances (update MF2) up to 6.172060+4 eV (initial limit)
 Extract resonances from CALENDF for RRR->URR 2
 More than 5000 resonances found (6325 statistical resonances found)
 Reduction to 100 resonances based on the half-life of the isotope
 After reduction, 101 statistical resonances found
 ... checking resonance order 1
 ... checking resonance order 2nd round for 101 resonances
 ... end checking resonance order 2nd round
 Too many resonances (101): reduced to 100.
 .......................................................
 ... Adjustment to the thermal cross section : start ...
 .......................................................

 Before adjustment (adjustment to the thermal cross section set to y)
 ... Import MF2 from TARES calculations
 ... End energy of TARES MF2 : 4.813100E+3 eV and limit to 40000 resonances
 ... File used for reconstruction: new.temp22.reconst
 ... run RECENT ...
 ... Doppler broadened at a unique temperature: 300 Kelvin using sigma1
 ... run SIGMA1 at 3.000000E+02 K.

 ============== INTER values at 300 Kelvin ==============
 Thermal (n,g) xs =  0.336813 b. (meas/sys: 11.18 b.) (warning: comparison to be done at 296 or 300 K)
 Th Maxw (n,g) xs =  0.33886 b. (thermal Maxwellian value)
 Westcott factor  =  1.00607
 RI      (n,g)    =  10.6634 b. (meas or sys: - b.)
 MACS 3.000e+04 eV=  0.06196 b. (meas or sys: - b.) from 1.00E+00 to 2.00E+07 eV (end of RRR) at T= 300 Kelvin 
 Thermal (n,el) xs=  5.06596 b.
 RI      (n,el)   =  150.913 b.
 ============= PSYCHE values ==============
 Ave. G_total L0  =  1.54275 eV
 Ave. G_total L1  =  0.0411336 eV
 Ave. G_total L2  =  0.0273868 eV
 Ave. Gn_0    L0  =  0.0310715
 Ave. Gn_0    L1  =  0.028119
 Ave. Gn_0    L2  =  0.0245052
 Ave. Gg      L0  =  0.0273736 eV
 Ave. Gg      L1  =  0.0278826 eV
 Ave. Gg      L2  =  0.0273868 eV
 Ave. D       L0  =  185.119 eV
 Ave. D       L1  =  150.409 eV
 Ave. D       L2  =  4813.1 eV
 Ave. S       L0  =  9.23827e-05 eV
 Ave. S       L1  =  2.97056e-05 eV
 Ave. S       L2  =  8.54158e-07 eV
 =========================================
 Calculated capture integral   10.6634 b.
 Calculated thermal (n,g)=          .336812960 b. and recommended= 11.18 b. (C/E= 0.0301264)
 Calculated RI      (n,g)= 10.6634 b. (no reference value)
 ... tolerances: thermal (n,g) 20 % (reference uncertainties, minimum 2% and 5%, maximum 20%)
 Adjust the capture widths ...
 ... capture adjusted with Gn for 72 resonances (Gn<Gg) and with Gg for 28 resonances
 ... iteration 0: C/E thermal (n,g)= 0.0301264
 Warning: 100 widths limited to a change of a factor 10 from their starting values

 <-------- After adjustment -------->
 ... Import MF2 from TARES calculations
 ... End energy of TARES MF2 : 4.813100E+3 eV and limit to 40000 resonances
 ... File used for reconstruction: new.temp22.reconst
 ... run RECENT ...
 ... Doppler broadened at a unique temperature: 300 Kelvin using sigma1
 ... run SIGMA1 at 3.000000E+02 K.

 ============== INTER values at 300 Kelvin ==============
 Thermal (n,g) xs =  3.36812 b. (meas/sys: 11.18 b.) (warning: comparison to be done at 296 or 300 K)
 Th Maxw (n,g) xs =  3.3886 b. (thermal Maxwellian value)
 Westcott factor  =  1.00607
 RI      (n,g)    =  54.9834 b. (meas or sys: - b.)
 MACS 3.000e+04 eV=  0.07185 b. (meas or sys: - b.) from 1.00E+00 to 2.00E+07 eV (end of RRR) at T= 300 Kelvin 
 Thermal (n,el) xs=  5.06435 b.
 RI      (n,el)   =  108.446 b.
 ============= PSYCHE values ==============
 Ave. G_total L0  =  1.77774 eV
 Ave. G_total L1  =  0.150735 eV
 Ave. G_total L2  =  0.0273869 eV
 Ave. Gn_0    L0  =  0.0311943
 Ave. Gn_0    L1  =  0.24684
 Ave. Gn_0    L2  =  0.245052
 Ave. Gg      L0  =  0.255081 eV
 Ave. Gg      L1  =  0.0422463 eV
 Ave. Gg      L2  =  0.0273868 eV
 Ave. D       L0  =  185.119 eV
 Ave. D       L1  =  150.409 eV
 Ave. D       L2  =  4813.1 eV
 Ave. S       L0  =  9.26697e-05 eV
 Ave. S       L1  =  0.000250618 eV
 Ave. S       L2  =  8.54158e-06 eV
 =========================================
 ... iteration 1: C/E thermal (n,g)= 0.301263
 Warning: 100 widths limited to a change of a factor 10 from their starting values

 <-------- After adjustment -------->
 ... Import MF2 from TARES calculations
 ... End energy of TARES MF2 : 4.813100E+3 eV and limit to 40000 resonances
 ... File used for reconstruction: new.temp22.reconst
 ... run RECENT ...
 ... Doppler broadened at a unique temperature: 300 Kelvin using sigma1
 ... run SIGMA1 at 3.000000E+02 K.

 ============== INTER values at 300 Kelvin ==============
 Thermal (n,g) xs =  3.36812 b. (meas/sys: 11.18 b.) (warning: comparison to be done at 296 or 300 K)
 Th Maxw (n,g) xs =  3.3886 b. (thermal Maxwellian value)
 Westcott factor  =  1.00607
 RI      (n,g)    =  54.9834 b. (meas or sys: - b.)
 MACS 3.000e+04 eV=  0.07185 b. (meas or sys: - b.) from 1.00E+00 to 2.00E+07 eV (end of RRR) at T= 300 Kelvin 
 Thermal (n,el) xs=  5.06435 b.
 RI      (n,el)   =  108.446 b.
 ============= PSYCHE values ==============
 Ave. G_total L0  =  1.77774 eV
 Ave. G_total L1  =  0.150735 eV
 Ave. G_total L2  =  0.0273869 eV
 Ave. Gn_0    L0  =  0.0311943
 Ave. Gn_0    L1  =  0.24684
 Ave. Gn_0    L2  =  0.245052
 Ave. Gg      L0  =  0.255081 eV
 Ave. Gg      L1  =  0.0422463 eV
 Ave. Gg      L2  =  0.0273868 eV
 Ave. D       L0  =  185.119 eV
 Ave. D       L1  =  150.409 eV
 Ave. D       L2  =  4813.1 eV
 Ave. S       L0  =  9.26697e-05 eV
 Ave. S       L1  =  0.000250618 eV
 Ave. S       L2  =  8.54158e-06 eV
 =========================================
 ... iteration 2: C/E thermal (n,g)= 0.301263
 Warning: no further change possible (widths at the limit of a factor 10): adjustment stopped


 ... ratio C/E thermal (n,g): 3.012631E-01
 ...................................................... 
 ... Adjustment to the thermal cross section : stop ...
 ...................................................... 
 ... new MF2 file after adjustment: n-La147
 ... read the file /Users/koning/tares-1.8/source/Module//../../inputs/2025/list.jcs.urr to find URR origin
 Default URR taken from TALYS calculations with level density model: 91n3n12611.2850
 File considered for the URR: /Users/koning/tares-1.8/source/Module//../../inputs/2025/lib.urr/talys.urr/91n3n12611.2850/La/urr/urr.dat.La.147.000.0.gz
 ... Write URR using TALYS average parameters (not used for HFR)
 ... Limit of URR changed to 25 keV (recommendation from WPEC and JEFF)
 ... read D0, S0, Gn and Gg
 ... number of URR energies: 168
 Number of l: 168 and last energy: 12
 Last  URR energy: 15543 eV
 ... Enter in urr_correct function case 2
 Modify the higher limit of RRR in MF2
 --> old value: 4.813100+3 eV new value: 4.813100+3 eV
 Modify resonance covariances (MF32) to include correlations in the URR
 End Modify resonance covariances (MF32) to include correlations in the URR
 ... Enter in update_MF32 function
 ... Change uncertainties
 ... for the HFR, random position of the positive resonances with 0.020000 %
 ... end of update MF32 function
 ... GLS calculation of the parameter correlations from the thermal/RI adjustment (MF32c)
 ... MF32: correlations from the thermal/RI adjustment (GLS) for 4 resonances (8 widths), 0 correlation lines
 ...   thermal (n,g): uncertainty from these widths 1.91961 b. -> 1.88161 b. (reference: 11.18 +/- 9.503 b.)
 ... copy the mf2 and mf32 to .mlbw files

 ... Start of final reconstruction and testing ...
 ... Reconstruction of cross sections at 0 Kelvin  ... Import MF2 from TARES calculations
 ... End energy of TARES MF2 : 4.813100E+3 eV and limit to 40000 resonances
 ... File used for reconstruction: n-La147.reconst
 ... run RECENT ...
 ... Doppler broadened at a unique temperature: 0 Kelvin using sigma1
 ... The keyword temperature is zero, no Doppler broadening for the MACS

 ============== INTER values at 0 Kelvin ==============
 Thermal (n,g) xs =  3.36632 b. (meas/sys: 11.18 b.) (warning: comparison to be done at 296 or 300 K)
 Th Maxw (n,g) xs =  3.3691 b. (thermal Maxwellian value)
 Westcott factor  =  1.00081
 RI      (n,g)    =  54.9202 b. (meas or sys: - b.)
 MACS 3.000e+04 eV=  0.071576 b. (meas or sys: - b.) from 1.00E+00 to 4.81E+03 eV (end of RRR) at T= 0 Kelvin 
 Thermal (n,el) xs=  5.0468 b.
 RI      (n,el)   =  107.166 b.
 ============= PSYCHE values ==============
 Ave. G_total L0  =  1.77774 eV
 Ave. G_total L1  =  0.150735 eV
 Ave. G_total L2  =  0.0273869 eV
 Ave. Gn_0    L0  =  0.0311943
 Ave. Gn_0    L1  =  0.24684
 Ave. Gn_0    L2  =  0.245052
 Ave. Gg      L0  =  0.255081 eV
 Ave. Gg      L1  =  0.0422463 eV
 Ave. Gg      L2  =  0.0273868 eV
 Ave. D       L0  =  185.119 eV
 Ave. D       L1  =  150.409 eV
 Ave. D       L2  =  4813.1 eV
 Ave. S       L0  =  9.26697e-05 eV
 Ave. S       L1  =  0.000250618 eV
 Ave. S       L2  =  8.54158e-06 eV
 =========================================
 ... End of final reconstruction and testing ...

 ... grouping is not optimum, change to 70 groups
 ... Produce MF33 based on MF32 and 6 random files
 ... run endsam for 6 in groups of 1 global run
 ... run endsam from 1 to 6
 ... reorder resonance position after endsam (sampling)
 ... preparing the vectors  ... done
 ... nominal file 0 Cap(th)  ave= 3.366E+00 b. +/- 0.00 % || Ela(th) ave= 5.047E+00 b. +/- 0.00 % || RIcap ave= 5.46E+01 b. +/- 0.00 % || Macs30 ave= 1.04E+00 b. +/- 0.00 % || Gn^0(l=0) ave= 3.119E-02 +/- 0.00 % Gn^0(l=1) ave= 2.468E-01 +/- 0.00 % Gn^0(l=2) ave= 2.451E-01 +/- 0.00 % Gn^0(l=3) ave= 0.000E+00 +/- 0.00 % || Gtotal(l=0) ave= 1.778E+00 +/- 0.00 % Gtotal(l=1) ave= 1.507E-01 +/- 0.00 % Gtotal(l=2) ave= 2.739E-02 +/- 0.00 % Gtotal(l=3) ave= 0.000E+00 +/- 0.00 %  % || Gg(l=0) ave= 2.551E-01 +/- 0.00 % Gg(l=1) ave= 4.225E-02 +/- 0.00 % Gg(l=2) ave= 2.739E-02 +/- 0.00 % Gg(l=3) ave= 0.000E+00 +/- 0.00 %  % || D(l=0) ave= 1.851E+02 +/- 0.00 % D(l=1) ave= 1.504E+02 +/- 0.00 % D(l=2) ave= 4.813E+03 +/- 0.00 % D(l=3) ave= 0.000E+00 +/- 0.00 %  % || S(l=0) ave= 9.267E-05 +/- 0.00 % S(l=1) ave= 2.506E-04 +/- 0.00 % S(l=2) ave= 8.542E-06 +/- 0.00 % S(l=3) ave= 0.000E+00 +/- 0.00 % 
 ... random file  1 Cap(th)  ave= 3.021E+00 b. +/- 11.43 % || Ela(th) ave= 5.112E+00 b. +/- 1.28 % || RIcap ave= 5.30E+01 b. +/- 3.08 % || Macs30 ave= 1.06E+00 b. +/- 1.85 % || Gn^0(l=0) ave= 3.061E-02 +/- 1.91 % Gn^0(l=1) ave= 2.440E-01 +/- 1.15 % Gn^0(l=2) ave= 2.395E-01 +/- 2.30 % Gn^0(l=3) ave= 0.000E+00 +/- 0.00 % || Gtotal(l=0) ave= 1.729E+00 +/- 2.82 % Gtotal(l=1) ave= 1.507E-01 +/- 0.00 % Gtotal(l=2) ave= 2.739E-02 +/- 0.00 % Gtotal(l=3) ave= 0.000E+00 +/- 0.00 %  % || Gg(l=0) ave= 2.783E-01 +/- 8.33 % Gg(l=1) ave= 3.966E-02 +/- 6.53 % Gg(l=2) ave= 2.316E-02 +/- 18.23 % Gg(l=3) ave= 0.000E+00 +/- 0.00 %  % || D(l=0) ave= 1.888E+02 +/- 1.96 % D(l=1) ave= 1.504E+02 +/- 0.00 % D(l=2) ave= 4.813E+03 +/- 0.00 % D(l=3) ave= 0.000E+00 +/- 0.00 %  % || S(l=0) ave= 8.897E-05 +/- 4.16 % S(l=1) ave= 2.477E-04 +/- 1.20 % S(l=2) ave= 8.349E-06 +/- 2.31 % S(l=3) ave= 0.000E+00 +/- 0.00 % 
 ... random file  2 Cap(th)  ave= 3.030E+00 b. +/- 9.32 % || Ela(th) ave= 5.009E+00 b. +/- 3.11 % || RIcap ave= 5.32E+01 b. +/- 2.61 % || Macs30 ave= 1.08E+00 b. +/- 3.19 % || Gn^0(l=0) ave= 3.047E-02 +/- 1.70 % Gn^0(l=1) ave= 2.487E-01 +/- 2.79 % Gn^0(l=2) ave= 2.492E-01 +/- 5.76 % Gn^0(l=3) ave= 0.000E+00 +/- 0.00 % || Gtotal(l=0) ave= 1.713E+00 +/- 2.68 % Gtotal(l=1) ave= 1.507E-01 +/- 0.00 % Gtotal(l=2) ave= 2.739E-02 +/- 0.00 % Gtotal(l=3) ave= 0.000E+00 +/- 0.00 %  % || Gg(l=0) ave= 2.808E-01 +/- 6.86 % Gg(l=1) ave= 3.954E-02 +/- 5.36 % Gg(l=2) ave= 2.138E-02 +/- 19.97 % Gg(l=3) ave= 0.000E+00 +/- 0.00 %  % || D(l=0) ave= 1.901E+02 +/- 1.84 % D(l=1) ave= 1.504E+02 +/- 0.00 % D(l=2) ave= 4.813E+03 +/- 0.00 % D(l=3) ave= 0.000E+00 +/- 0.00 %  % || S(l=0) ave= 8.788E-05 +/- 3.86 % S(l=1) ave= 2.525E-04 +/- 2.88 % S(l=2) ave= 8.686E-06 +/- 5.77 % S(l=3) ave= 0.000E+00 +/- 0.00 % 
 ... random file  3 Cap(th)  ave= 3.182E+00 b. +/- 11.29 % || Ela(th) ave= 4.926E+00 b. +/- 3.99 % || RIcap ave= 5.46E+01 b. +/- 4.77 % || Macs30 ave= 1.05E+00 b. +/- 5.46 % || Gn^0(l=0) ave= 3.037E-02 +/- 1.59 % Gn^0(l=1) ave= 2.526E-01 +/- 3.58 % Gn^0(l=2) ave= 2.572E-01 +/- 7.25 % Gn^0(l=3) ave= 0.000E+00 +/- 0.00 % || Gtotal(l=0) ave= 1.705E+00 +/- 2.48 % Gtotal(l=1) ave= 1.507E-01 +/- 0.00 % Gtotal(l=2) ave= 2.739E-02 +/- 0.00 % Gtotal(l=3) ave= 0.000E+00 +/- 0.00 %  % || Gg(l=0) ave= 2.733E-01 +/- 7.73 % Gg(l=1) ave= 3.934E-02 +/- 4.75 % Gg(l=2) ave= 2.025E-02 +/- 20.65 % Gg(l=3) ave= 0.000E+00 +/- 0.00 %  % || D(l=0) ave= 1.907E+02 +/- 1.68 % D(l=1) ave= 1.504E+02 +/- 0.00 % D(l=2) ave= 4.813E+03 +/- 0.00 % D(l=3) ave= 0.000E+00 +/- 0.00 %  % || S(l=0) ave= 8.723E-05 +/- 3.60 % S(l=1) ave= 2.564E-04 +/- 3.59 % S(l=2) ave= 8.965E-06 +/- 7.25 % S(l=3) ave= 0.000E+00 +/- 0.00 % 
 ... random file  4 Cap(th)  ave= 2.775E+00 b. +/- 31.53 % || Ela(th) ave= 4.905E+00 b. +/- 3.69 % || RIcap ave= 4.93E+01 b. +/- 22.10 % || Macs30 ave= 1.04E+00 b. +/- 5.98 % || Gn^0(l=0) ave= 3.052E-02 +/- 1.72 % Gn^0(l=1) ave= 2.535E-01 +/- 3.28 % Gn^0(l=2) ave= 2.592E-01 +/- 6.61 % Gn^0(l=3) ave= 0.000E+00 +/- 0.00 % || Gtotal(l=0) ave= 1.719E+00 +/- 2.78 % Gtotal(l=1) ave= 1.507E-01 +/- 0.00 % Gtotal(l=2) ave= 2.739E-02 +/- 0.00 % Gtotal(l=3) ave= 0.000E+00 +/- 0.00 %  % || Gg(l=0) ave= 2.659E-01 +/- 9.04 % Gg(l=1) ave= 3.932E-02 +/- 4.25 % Gg(l=2) ave= 2.246E-02 +/- 25.74 % Gg(l=3) ave= 0.000E+00 +/- 0.00 %  % || D(l=0) ave= 1.896E+02 +/- 1.91 % D(l=1) ave= 1.504E+02 +/- 0.00 % D(l=2) ave= 4.813E+03 +/- 0.00 % D(l=3) ave= 0.000E+00 +/- 0.00 %  % || S(l=0) ave= 8.828E-05 +/- 3.97 % S(l=1) ave= 2.576E-04 +/- 3.32 % S(l=2) ave= 9.034E-06 +/- 6.62 % S(l=3) ave= 0.000E+00 +/- 0.00 % 
 ... random file  5 Cap(th)  ave= 2.580E+00 b. +/- 35.28 % || Ela(th) ave= 4.869E+00 b. +/- 3.78 % || RIcap ave= 4.64E+01 b. +/- 25.64 % || Macs30 ave= 1.03E+00 b. +/- 5.78 % || Gn^0(l=0) ave= 3.050E-02 +/- 1.58 % Gn^0(l=1) ave= 2.552E-01 +/- 3.30 % Gn^0(l=2) ave= 2.627E-01 +/- 6.68 % Gn^0(l=3) ave= 0.000E+00 +/- 0.00 % || Gtotal(l=0) ave= 1.713E+00 +/- 2.68 % Gtotal(l=1) ave= 1.507E-01 +/- 0.00 % Gtotal(l=2) ave= 2.739E-02 +/- 0.00 % Gtotal(l=3) ave= 0.000E+00 +/- 0.00 %  % || Gg(l=0) ave= 2.631E-01 +/- 8.68 % Gg(l=1) ave= 3.921E-02 +/- 3.94 % Gg(l=2) ave= 2.243E-02 +/- 23.54 % Gg(l=3) ave= 0.000E+00 +/- 0.00 %  % || D(l=0) ave= 1.901E+02 +/- 1.84 % D(l=1) ave= 1.504E+02 +/- 0.00 % D(l=2) ave= 4.813E+03 +/- 0.00 % D(l=3) ave= 0.000E+00 +/- 0.00 %  % || S(l=0) ave= 8.799E-05 +/- 3.71 % S(l=1) ave= 2.591E-04 +/- 3.31 % S(l=2) ave= 9.158E-06 +/- 6.68 % S(l=3) ave= 0.000E+00 +/- 0.00 % 
 ... random file  6 Cap(th)  ave= 2.641E+00 b. +/- 32.41 % || Ela(th) ave= 4.942E+00 b. +/- 5.01 % || RIcap ave= 4.67E+01 b. +/- 23.63 % || Macs30 ave= 9.97E-01 b. +/- 9.29 % || Gn^0(l=0) ave= 3.044E-02 +/- 1.55 % Gn^0(l=1) ave= 2.519E-01 +/- 4.41 % Gn^0(l=2) ave= 2.565E-01 +/- 8.70 % Gn^0(l=3) ave= 0.000E+00 +/- 0.00 % || Gtotal(l=0) ave= 1.708E+00 +/- 2.58 % Gtotal(l=1) ave= 1.507E-01 +/- 0.00 % Gtotal(l=2) ave= 2.739E-02 +/- 0.00 % Gtotal(l=3) ave= 0.000E+00 +/- 0.00 %  % || Gg(l=0) ave= 2.540E-01 +/- 12.08 % Gg(l=1) ave= 4.042E-02 +/- 8.18 % Gg(l=2) ave= 2.411E-02 +/- 26.55 % Gg(l=3) ave= 0.000E+00 +/- 0.00 %  % || D(l=0) ave= 1.904E+02 +/- 1.76 % D(l=1) ave= 1.504E+02 +/- 0.00 % D(l=2) ave= 4.813E+03 +/- 0.00 % D(l=3) ave= 0.000E+00 +/- 0.00 %  % || S(l=0) ave= 8.761E-05 +/- 3.61 % S(l=1) ave= 2.559E-04 +/- 4.38 % S(l=2) ave= 8.940E-06 +/- 8.70 % S(l=3) ave= 0.000E+00 +/- 0.00 % 
 ... Histogram plot for thermal (n,g)
 ... Write covariances  ... MT1  ... plot correlations
 ... MT2  ... MT102 


 ================================================
 ============== From 6 random values === start ======
 Thermal (n,tot) xs  0 K =  7.58286 b. +/- 0.948897 b. ( 12.5137 %) skew= -0.81 +/- 0.79
 Thermal (n,el) xs   0 K =  4.94188 b. +/- 0.247404 b. ( 5.00628 %) skew= +0.57 +/- 0.79
 Thermal (n,g) xs    0 K =  2.64097 b. +/- 0.855838 b. ( 32.4062 %) skew= -0.67 +/- 0.79
 RI      (n,g)       0 K =  46.7335 b. +/- 11.0425 b. ( 23.6286 %) 
 MACS    (n,g)       0 K (at Emacs= 30000 eV) =  0.996977 b. +/- 0.09265 b. ( 9.29309 %) 
 Ave. Gtotal  L=0        =  1.708E+00 +/- 2.58 %
 Ave. Gn^(0)  L=0        =  3.044E-02 +/- 1.55 %
 Ave. Gg      L=0        =  2.540E-01 +/- 12.08 %
 Ave. D       L=0        =  1.904E+02 +/- 1.76 %
 Ave. S       L=0        =  8.761E-05 +/- 3.61 %
 Ave. Gtotal  L=1        =  1.507E-01 +/- 0.00 %
 Ave. Gn^(1)  L=1        =  2.519E-01 +/- 4.41 %
 Ave. Gg      L=1        =  4.042E-02 +/- 8.18 %
 Ave. D       L=1        =  1.504E+02 +/- 0.00 %
 Ave. S       L=1        =  2.559E-04 +/- 4.38 %
 Ave. Gtotal  L=2        =  2.739E-02 +/- 0.00 %
 Ave. Gn^(2)  L=2        =  2.565E-01 +/- 8.70 %
 Ave. Gg      L=2        =  2.411E-02 +/- 26.55 %
 Ave. D       L=2        =  4.813E+03 +/- 0.00 %
 Ave. S       L=2        =  8.940E-06 +/- 8.70 %

 Expected Thermal (n,g) (syst or meas)= 11.18 b. +/- 9.503 b. nominal: 3.36632 b.
 ratio Calculated/expected thermal (n,g): 0.24 ratio DCalculated/Dexpected: 0.09 ratio Calculated/Nominal: 0.78
 ============== From 6 random values ===== stop ======
 ================================================
 ... Calculation of (n,a) and (n,p) cross sections at 300 K
 ... thermal (n,a) cross section is 2.48347e-07 +/- 1.24174e-07 b.
 ... thermal (n,a) cross section is 0 b. (random case 1)
 ... thermal (n,a) cross section is 0 b. (random case 2)
 ... thermal (n,a) cross section is 0 b. (random case 3)
 ... thermal (n,a) cross section is 0 b. (random case 4)
 ... thermal (n,a) cross section is 0 b. (random case 5)
 ... thermal (n,a) cross section is 0 b. (random case 6)
 ... (n,p) Q-value negative for this element
 ... Rewrite index for MF2
 ... Write text for MF1 in file mf1.tares.txt
 ... plotting cross sections for the MF1
 ... order output files


================== summary ==================
 Thermal (n,tot) xs = 8.41312 b. 
 Thermal (n,el)  xs = 5.0468 b. 
 Thermal (n,g)   xs = 3.36632 b. (meas/sys: 11.18 b.)
 At 300 K (thermal adjustment): (n,el) = 5.06435 b., (n,g) = 3.36812 b.

 RI      (n,g)      = 54.9202 b. (meas or sys: - b.)
 RI      (n,el)     = 107.166 b.
=============================================


 ... cleaning
                                                 
  -------------------------------------------------------------
  -                                                           -
  - TARES: successful end of run with data from hypothetical  -
  - resonances for  Z= 57, A= 147 and isomer= 0               -
  - half-life: 4.026000 sec. 
  -                                                           -
  -------------------------------------------------------------

   Running time:       33 seconds

 End time: Wed Oct  7 10:50:57 2026

