
  -------------------------------------------------------------
  -                                                           -
  -              Welcome to TARES version 1.8                 -
  -                                                           -
  -  (C) Copyright 2007-2025 D. Rochman, All Rights Reserved  -
  -           NRG, Petten, the Netherlands 2007-2014          -
  -           PSI, Villigen    Switzerland 2015-2025          -
  -         Nagra, Wettingen   Switzerland 2025-              -
  -           (Last Modified October 06, 2026)                -
  -           (Database from October 06, 2026)                -
  -                                                           -
  -------------------------------------------------------------


  ---------------------------------------------
   Compilation information:
   Compiled on:         Oct  7 2026, 09:32:19
   Compiled by:         koning
   Compiler version:    clang++ - 21.0.0
   Source location:     /Users/koning/tares-1.8/source/Module/
   Binaries location:   /Users/koning/bin
   System:              Darwin 25.6.0
   System version:      Darwin Kernel Version 25.6.0: Fri Jul 31 19:19:08 PDT 2026; root:xnu-12377.161.14~5/RELEASE_ARM64_T6050  
   Machine:             arm64 
  ---------------------------------------------

   User information:
   User name:           koning
   Running directory:   /Users/koning/tendl/resbase/Ge068/work
   Owner mode for running directory : rwx
   Group mode for running directory : r-x
  ---------------------------------------------


 Starting time: Wed Oct  7 10:11:39 2026
 ... inputs directory found (/Users/koning/tares-1.8/source/Module//../../inputs/).
 ... It will be used for resonance parameters 
 ... ###############################################
 ... #     read the input file tares.inp
 ... ###############################################
 ... line: #
 ... line: # Input file generated by Autorochman
          --> line not read
 ... line: #
 ... line: isotope    Ge
          --> Isotope name: Ge
 ... line: mass       68
          --> isotopic mass: 68
 ... line: output     n-Ge068
         ---> Name of the output files: n-Ge068
 ... line: isomer     0
          --> isomeric state: 0
 ... line: mf32mf33   y
          --> MF33 based on MF32: y
 ... line: nbrRandom  10
          --> Nbr of random files: 10
 ... ###############################################
 ... # end read the input file tares.inp
 ... ###############################################
Value for random generator type not considered in since Tares 1.7 due to compilation issues

 ... ###############################################
     #   Interpretation of the Input definition    #
     ###############################################

 ... Default energy limit: End of resonance region
 ... Nuclear charge    = 32
 ... Element           = Ge
 ... Mass              = 68
 ... Isomer            = 0
 ... Correlation for (Gn,Gg) not included in random files
 ... Default random option: No random
 ... Output name: n-Ge068
 ... Energy for the MACS: 30000 eV
 ... Resonances from CALENDF reduced (reduce=y) 
 ... For URR, level density model from TALYS selected: 91n3n12611.2850 (see manual for description)
 ... Random Generator: default (pseudo random numbers from ansi c++)
 ... Reconstruction of cross section selected
 ... Doppler broadening at 0 Kelvin
 ... Default formalism: Multi Level Breit Wigner (from file best.tendl.yes)
 ... URR not included (from the input file flag)
 ... Weight for grouping is flat
 ... Calculation of (n,alpha) cross section selected
 ... Number of digit for MF32c covariance representation: 2
 ... MF32 included
 ... MF33 will be used for covariance processing
 ... TENDL option set to yes (automatic choice of MF2 and format)
 ... default option: Multi level Breit Wigner approximation selected
 ... (check file best.tendl.yes for changing this option)
 ... Retroactive option set to no with the 2025 option
 ... ladder option set to yes (CALENDF will be used for statistical resonances)

 ... ###############################################
     #           End of Input definition           #
     ###############################################

 ... gnuplot found, will be used for plotting
 ... latex found, will be used for plotting
 ... dvips found, will be used for plotting
 ... ps2epsi not found, limited plotting available
 ... uncertainties on default parameters multiplied by 1.01099
 ... Read resonance data from the 2025 directory
 ... Resonance parameters taken from /Users/koning/tares-1.8/source/Module//../../inputs/2025/Resonance/default/
 ---> Processing Z= 32 and A= 68 and isomer= 0 (level number: 0)
Thermal file; Could not open file /Users/koning/tares-1.8/source/Module//../../inputs/2025/runThermal/results//thermal.mxw.ng.cendl3.1
Thermal file; Could not open file /Users/koning/tares-1.8/source/Module//../../inputs/2025/runThermal/results//thermal.mxw.ng.brond3.1
Thermal file; Could not open file /Users/koning/tares-1.8/source/Module//../../inputs/2025/runThermal/results//thermal.xs.ng.unc.cendl3.1
 ... spin taken from the final/ directory (1)
 ... The spin found in level file ( 0 ) and the one in the urr file ( 5.5 ) differ

 ... ###############################################
 ... #  Nucleus global parameters (2025 database)  #
 ... ###############################################
 0. Half-life: 271.065 days 
 ... Scattering radius from TALYS: /Users/koning/tares-1.8/source/Module//../../inputs/2025/lib.urr/talys.urr/
 1. Spin of the target isotope: 0
 2. Relative Atomic Mass of the target isotope: 67.928
 3. Scattering radius (local compilation): 5.43328 fm +/- 0.097799 fm
      .......................................
      ... Thermal capture cross sections: ...
 4. Thermal (total) (n,g) cross section from experiments (local compilation): 1 +/- 0.5 b.
 5. Thermal (n,g) cross section from compilation (Firestone-2022 average on element Ge): 2.23 +/- 0.09 b.
 6. Thermal (n,g) cross section from compilation (Firestone-2022 final on element Ge): 2.21 +/- 0.04 b.
 7. Thermal Maxwellian (n,g) XS from compilation (Mughabghab-2006): 1 +/- 0.5 b.
 8. Thermal Maxwellian (n,g) XS from compilation (Mughabghab-2018): 1 +/- 0.5 b.
 9. Thermal (n,g) cross section from EAF-2010: 5.1576 b.
 10. Thermal (n,g) cross section from TENDL-2023: 1 +/- 0.2978 b.
 11. Thermal (n,g) cross section from JENDL-5.0: 1 b.
      .......................................
      ...  Thermal total cross sections:  ...
      .......................................
      ... Thermal elastic cross sections: ...
 12. Thermal (n,el) cross section from JENDL-5.0: 4.289 b.
 13. Thermal (n,el) cross section from potential (4piR^2): 6.82833 +/- 0.341416 b.
      .......................................
             ... Resonance integral: ...
 14. No capture integral found in /Users/koning/tares-1.8/source/Module//../../inputs/capture.integral
 ... no RI(n,g) found in local compilation, take 2018 value.
 ... no RI(n,g) found in local compilation, take Sukhoruchkin value.
   ---- MACS 30 keV ----- 
 15. TALYS MACS 30 keV (HF): 0.123485 b. 
   ---------- S0 -------- 
 16. S0 from TALYS: 1.65144
   ---------- S1 -------- 
 17. S1 from TALYS: 0.956158
   ---------- S2 -------- 
 18. S2 from TALYS: 3.14507
   ---------- D0 -------- 
 19. D0 from TALYS: 1156.36 eV
   ---------- D1 -------- 
 20. D1 from TALYS: 412.163 eV
   ---------- D2 -------- 
 21. D2 from TALYS: 282.756 eV
   ---------- G0 -------- 
 22. Gg0 from TALYS: 0.328556 eV
   ---------- G1 -------- 
 23. Gg1 from TALYS: 0.274793 eV
   ---------- G2 -------- 
 24. Gg2 from TALYS: 0.305464 eV


   ---------------------- 
 ... Read resonance parameters (format: 2: Multi Level Breit Wigner)
 ... 0 resonances found 
 ... possibly no resonances in the Resonance directory for this isotope and options
 ... Use HFR (ladder) behavior 
 --> 26. Number of resonances from the input file: 2 up to 578.182 eV
 27. Read nuclear quantities (mass, MAT...)
 28. Read thermal (n,g) xs 
 29. Read the scattering radius 
 30. Read uncertainty on Gg for 2 resonances
 31. Read uncertainty on Gg for 2 resonances ... done
 ... order resonances 
 ... Upper limit for the RRR: 578.182 eV (no statistical resonances HFR) from the limit.RRR file
 ... Write parameters for l=0 waves
 ... End writing original MF2 
 ... No RRR in the database: uncertainties on default parameters multiplied by 1.99753
 ... Enter in urr function (ladder option set to y) for file n-Ge068
 ... read the file /Users/koning/tares-1.8/source/Module//../../inputs/2025/list.jcs.urr to find URR origin
 Default URR taken from TALYS calculations with level density model: 91n3n12611.2850
 File considered for the URR: /Users/koning/tares-1.8/source/Module//../../inputs/2025/lib.urr/talys.urr/91n3n12611.2850/Ge/urr/urr.dat.Ge.068.000.0.gz
 ... Write URR using TALYS average parameters (used for HFR)
 ... Limit of URR changed to 25 keV (recommendation from WPEC and JEFF)
 ... ---> Emax(RRR) taken from the file limit.ladder: 25000 eV <---
 ... (File limit.ladder: /Users/koning/tares-1.8/source/Module//../../inputs/2025/limit.ladder.91n3n12611.2850)
 ... read D0, S0, Gn and Gg
 ... number of URR energies: 1110
 Number of l: 1110 and last energy: 5
 Last  URR energy: 25000 eV
 ... Enter in to_MLBW_mf2 function
 ... Convert to Multi Level Breit Wigner (MLBW)
 ... Write parameter covariances (MF32) for l=0
 ... Convert parameter covariances (MF32) to MLBW
 ... copy the mf2 and mf32 to .mlbw files
 ... Enter in urr_correct function case 1
 Modify the higher limit of RRR in MF2
 --> old value: 5.810734+2 eV new value: 1.000000-2 eV
 Modify resonance covariances (MF32) to include correlations in the URR
 End Modify resonance covariances (MF32) to include correlations in the URR
 ... Enter in calendf_xs function
 Use CALENDF for statistical resonances (update MF2) up to 2.500000+4 eV (initial limit)
 Extract resonances from CALENDF for RRR->URR 2
 190 statistical resonances found
 After reduction, 147 statistical resonances found
 ... checking resonance order 1
 ... checking resonance order 2nd round for 145 resonances
 ... end checking resonance order 2nd round
 Too many resonances (145): reduced to 100.
 .......................................................
 ... Adjustment to the thermal cross section : start ...
 .......................................................

 Before adjustment (adjustment to the thermal cross section set to y)
 ... Import MF2 from TARES calculations
 ... End energy of TARES MF2 : 1.638161E+4 eV and limit to 40000 resonances
 ... File used for reconstruction: new.temp22.reconst
 ... run RECENT ...
 ... Doppler broadened at a unique temperature: 300 Kelvin using sigma1
 ... run SIGMA1 at 3.000000E+02 K.

 ============== INTER values at 300 Kelvin ==============
 Thermal (n,g) xs =  1.39568 b. (meas/sys: 1 b.) (warning: comparison to be done at 296 or 300 K)
 Th Maxw (n,g) xs =  1.4037 b. (thermal Maxwellian value)
 Westcott factor  =  1.00573
 RI      (n,g)    =  4.90119 b. (meas or sys: - b.)
 MACS 3.000e+04 eV=  0.12031 b. (meas or sys: - b.) from 1.00E+00 to 2.00E+07 eV (end of RRR) at T= 300 Kelvin 
 Thermal (n,el) xs=  3.93015 b.
 RI      (n,el)   =  108.09 b.
 ============= PSYCHE values ==============
 Ave. G_total L0  =  10.9833 eV
 Ave. G_total L1  =  0.379143 eV
 Ave. G_total L2  =  0.28158 eV
 Ave. Gn_0    L0  =  0.148231
 Ave. Gn_0    L1  =  0.105678
 Ave. Gn_0    L2  =  0.384299
 Ave. Gg      L0  =  0.328871 eV
 Ave. Gg      L1  =  0.267902 eV
 Ave. Gg      L2  =  0.280667 eV
 Ave. D       L0  =  1260.12 eV
 Ave. D       L1  =  630.062 eV
 Ave. D       L2  =  455.045 eV
 Ave. S       L0  =  0.00012668 eV
 Ave. S       L1  =  9.28385e-05 eV
 Ave. S       L2  =  0.000398466 eV
 =========================================
 Calculated capture integral   4.90119 b.
 Calculated thermal (n,g)=          1.39567524 b. and recommended= 1 b. (C/E= 1.39568)
 Calculated RI      (n,g)= 4.90119 b. (no reference value)
 ... tolerances: thermal (n,g) 20 % (reference uncertainties, minimum 2% and 5%, maximum 20%)
 Adjust the capture widths ...
 ... capture adjusted with Gn for 82 resonances (Gn<Gg) and with Gg for 18 resonances
 ... iteration 0: C/E thermal (n,g)= 1.39568

 <-------- After adjustment -------->
 ... Import MF2 from TARES calculations
 ... End energy of TARES MF2 : 1.638161E+4 eV and limit to 40000 resonances
 ... File used for reconstruction: new.temp22.reconst
 ... run RECENT ...
 ... Doppler broadened at a unique temperature: 300 Kelvin using sigma1
 ... run SIGMA1 at 3.000000E+02 K.

 ============== INTER values at 300 Kelvin ==============
 Thermal (n,g) xs =  1.18 b. (meas/sys: 1 b.) (warning: comparison to be done at 296 or 300 K)
 Th Maxw (n,g) xs =  1.1868 b. (thermal Maxwellian value)
 Westcott factor  =  1.00573
 RI      (n,g)    =  4.23897 b. (meas or sys: - b.)
 MACS 3.000e+04 eV=  0.11703 b. (meas or sys: - b.) from 1.00E+00 to 2.00E+07 eV (end of RRR) at T= 300 Kelvin 
 Thermal (n,el) xs=  3.92964 b.
 RI      (n,el)   =  108.642 b.
 ============= PSYCHE values ==============
 Ave. G_total L0  =  10.9368 eV
 Ave. G_total L1  =  0.365944 eV
 Ave. G_total L2  =  0.281439 eV
 Ave. Gn_0    L0  =  0.148208
 Ave. Gn_0    L1  =  0.0967212
 Ave. Gn_0    L2  =  0.324913
 Ave. Gg      L0  =  0.285311 eV
 Ave. Gg      L1  =  0.261664 eV
 Ave. Gg      L2  =  0.280667 eV
 Ave. D       L0  =  1260.12 eV
 Ave. D       L1  =  630.062 eV
 Ave. D       L2  =  455.045 eV
 Ave. S       L0  =  0.000126661 eV
 Ave. S       L1  =  8.41222e-05 eV
 Ave. S       L2  =  0.000336891 eV
 =========================================
 ... iteration 1: C/E thermal (n,g)= 1.18


 ... ratio C/E thermal (n,g): 1.180000E+00
 ...................................................... 
 ... Adjustment to the thermal cross section : stop ...
 ...................................................... 
 ... new MF2 file after adjustment: n-Ge068
 ... read the file /Users/koning/tares-1.8/source/Module//../../inputs/2025/list.jcs.urr to find URR origin
 Default URR taken from TALYS calculations with level density model: 91n3n12611.2850
 File considered for the URR: /Users/koning/tares-1.8/source/Module//../../inputs/2025/lib.urr/talys.urr/91n3n12611.2850/Ge/urr/urr.dat.Ge.068.000.0.gz
 ... Write URR using TALYS average parameters (not used for HFR)
 Energy limit of the URR set to 21296.1 eV
 ... read D0, S0, Gn and Gg
 ... number of URR energies: 20
 Number of l: 20 and last energy: 5
 Last  URR energy: 21296.1 eV
 ... Enter in urr_correct function case 2
 Modify the higher limit of RRR in MF2
 --> old value: 1.638161+4 eV new value: 1.638161+4 eV
 Modify resonance covariances (MF32) to include correlations in the URR
 End Modify resonance covariances (MF32) to include correlations in the URR
 ... Enter in update_MF32 function
 ... Change uncertainties
 ... for the HFR, random position of the positive resonances with 0.020000 %
 ... end of update MF32 function
 ... GLS calculation of the parameter correlations from the thermal/RI adjustment (MF32c)
 ... MF32: correlations from the thermal/RI adjustment (GLS) for 5 resonances (10 widths), 7 correlation lines
 ...   thermal (n,g): uncertainty from these widths 0.253604 b. -> 0.226174 b. (reference: 1 +/- 0.5 b.)
 ... copy the mf2 and mf32 to .mlbw files

 ... Start of final reconstruction and testing ...
 ... Reconstruction of cross sections at 0 Kelvin  ... Import MF2 from TARES calculations
 ... End energy of TARES MF2 : 1.638161E+4 eV and limit to 40000 resonances
 ... File used for reconstruction: n-Ge068.reconst
 ... run RECENT ...
 ... Doppler broadened at a unique temperature: 0 Kelvin using sigma1
 ... The keyword temperature is zero, no Doppler broadening for the MACS

 ============== INTER values at 0 Kelvin ==============
 Thermal (n,g) xs =  1.17936 b. (meas/sys: 1 b.) (warning: comparison to be done at 296 or 300 K)
 Th Maxw (n,g) xs =  1.18 b. (thermal Maxwellian value)
 Westcott factor  =  1.00056
 RI      (n,g)    =  4.22962 b. (meas or sys: - b.)
 MACS 3.000e+04 eV=  0.11647 b. (meas or sys: - b.) from 1.00E+00 to 1.64E+04 eV (end of RRR) at T= 0 Kelvin 
 Thermal (n,el) xs=  3.90031 b.
 RI      (n,el)   =  108.348 b.
 ============= PSYCHE values ==============
 Ave. G_total L0  =  10.9368 eV
 Ave. G_total L1  =  0.365944 eV
 Ave. G_total L2  =  0.281439 eV
 Ave. Gn_0    L0  =  0.148208
 Ave. Gn_0    L1  =  0.0967212
 Ave. Gn_0    L2  =  0.324913
 Ave. Gg      L0  =  0.285311 eV
 Ave. Gg      L1  =  0.261664 eV
 Ave. Gg      L2  =  0.280667 eV
 Ave. D       L0  =  1260.12 eV
 Ave. D       L1  =  630.062 eV
 Ave. D       L2  =  455.045 eV
 Ave. S       L0  =  0.000126661 eV
 Ave. S       L1  =  8.41222e-05 eV
 Ave. S       L2  =  0.000336891 eV
 =========================================
 ... End of final reconstruction and testing ...

 ... grouping is not optimum, change to 70 groups
 ... Produce MF33 based on MF32 and 10 random files
 ... run endsam for 10 in groups of 1 global run
 ... run endsam from 1 to 10
 ... reorder resonance position after endsam (sampling)
 ... preparing the vectors  ... done
 ... nominal file 0 Cap(th)  ave= 1.179E+00 b. +/- 0.00 % || Ela(th) ave= 3.900E+00 b. +/- 0.00 % || RIcap ave= 3.89E+00 b. +/- 0.00 % || Macs30 ave= 2.03E-01 b. +/- 0.00 % || Gn^0(l=0) ave= 1.482E-01 +/- 0.00 % Gn^0(l=1) ave= 9.672E-02 +/- 0.00 % Gn^0(l=2) ave= 3.249E-01 +/- 0.00 % Gn^0(l=3) ave= 0.000E+00 +/- 0.00 % || Gtotal(l=0) ave= 1.094E+01 +/- 0.00 % Gtotal(l=1) ave= 3.659E-01 +/- 0.00 % Gtotal(l=2) ave= 2.814E-01 +/- 0.00 % Gtotal(l=3) ave= 0.000E+00 +/- 0.00 %  % || Gg(l=0) ave= 2.853E-01 +/- 0.00 % Gg(l=1) ave= 2.617E-01 +/- 0.00 % Gg(l=2) ave= 2.807E-01 +/- 0.00 % Gg(l=3) ave= 0.000E+00 +/- 0.00 %  % || D(l=0) ave= 1.260E+03 +/- 0.00 % D(l=1) ave= 6.301E+02 +/- 0.00 % D(l=2) ave= 4.550E+02 +/- 0.00 % D(l=3) ave= 0.000E+00 +/- 0.00 %  % || S(l=0) ave= 1.267E-04 +/- 0.00 % S(l=1) ave= 8.412E-05 +/- 0.00 % S(l=2) ave= 3.369E-04 +/- 0.00 % S(l=3) ave= 0.000E+00 +/- 0.00 % 
 ... random file  1 Cap(th)  ave= 1.105E+00 b. +/- 6.72 % || Ela(th) ave= 3.787E+00 b. +/- 2.99 % || RIcap ave= 3.42E+00 b. +/- 13.60 % || Macs30 ave= 2.02E-01 b. +/- 0.82 % || Gn^0(l=0) ave= 1.539E-01 +/- 3.68 % Gn^0(l=1) ave= 1.003E-01 +/- 3.53 % Gn^0(l=2) ave= 3.502E-01 +/- 7.23 % Gn^0(l=3) ave= 0.000E+00 +/- 0.00 % || Gtotal(l=0) ave= 1.134E+01 +/- 3.52 % Gtotal(l=1) ave= 3.659E-01 +/- 0.00 % Gtotal(l=2) ave= 2.814E-01 +/- 0.00 % Gtotal(l=3) ave= 0.000E+00 +/- 0.00 %  % || Gg(l=0) ave= 2.825E-01 +/- 1.00 % Gg(l=1) ave= 2.599E-01 +/- 0.68 % Gg(l=2) ave= 2.784E-01 +/- 0.80 % Gg(l=3) ave= 0.000E+00 +/- 0.00 %  % || D(l=0) ave= 1.313E+03 +/- 4.00 % D(l=1) ave= 6.301E+02 +/- 0.00 % D(l=2) ave= 4.550E+02 +/- 0.00 % D(l=3) ave= 0.000E+00 +/- 0.00 %  % || S(l=0) ave= 1.266E-04 +/- 0.02 % S(l=1) ave= 8.718E-05 +/- 3.51 % S(l=2) ave= 3.631E-04 +/- 7.23 % S(l=3) ave= 0.000E+00 +/- 0.00 % 
 ... random file  2 Cap(th)  ave= 1.241E+00 b. +/- 16.27 % || Ela(th) ave= 3.773E+00 b. +/- 2.51 % || RIcap ave= 3.84E+00 b. +/- 18.17 % || Macs30 ave= 2.00E-01 b. +/- 1.59 % || Gn^0(l=0) ave= 1.557E-01 +/- 3.42 % Gn^0(l=1) ave= 1.004E-01 +/- 2.89 % Gn^0(l=2) ave= 3.503E-01 +/- 5.90 % Gn^0(l=3) ave= 0.000E+00 +/- 0.00 % || Gtotal(l=0) ave= 1.147E+01 +/- 3.28 % Gtotal(l=1) ave= 3.659E-01 +/- 0.00 % Gtotal(l=2) ave= 2.814E-01 +/- 0.00 % Gtotal(l=3) ave= 0.000E+00 +/- 0.00 %  % || Gg(l=0) ave= 2.752E-01 +/- 3.81 % Gg(l=1) ave= 2.573E-01 +/- 1.54 % Gg(l=2) ave= 2.803E-01 +/- 1.15 % Gg(l=3) ave= 0.000E+00 +/- 0.00 %  % || D(l=0) ave= 1.330E+03 +/- 3.72 % D(l=1) ave= 6.301E+02 +/- 0.00 % D(l=2) ave= 4.550E+02 +/- 0.00 % D(l=3) ave= 0.000E+00 +/- 0.00 %  % || S(l=0) ave= 1.266E-04 +/- 0.04 % S(l=1) ave= 8.735E-05 +/- 2.87 % S(l=2) ave= 3.633E-04 +/- 5.90 % S(l=3) ave= 0.000E+00 +/- 0.00 % 
 ... random file  3 Cap(th)  ave= 1.208E+00 b. +/- 15.25 % || Ela(th) ave= 3.730E+00 b. +/- 2.98 % || RIcap ave= 3.83E+00 b. +/- 15.78 % || Macs30 ave= 2.00E-01 b. +/- 1.38 % || Gn^0(l=0) ave= 1.541E-01 +/- 3.52 % Gn^0(l=1) ave= 1.014E-01 +/- 2.98 % Gn^0(l=2) ave= 3.584E-01 +/- 6.34 % Gn^0(l=3) ave= 0.000E+00 +/- 0.00 % || Gtotal(l=0) ave= 1.134E+01 +/- 3.52 % Gtotal(l=1) ave= 3.659E-01 +/- 0.00 % Gtotal(l=2) ave= 2.814E-01 +/- 0.00 % Gtotal(l=3) ave= 0.000E+00 +/- 0.00 %  % || Gg(l=0) ave= 2.793E-01 +/- 4.12 % Gg(l=1) ave= 2.584E-01 +/- 1.51 % Gg(l=2) ave= 2.832E-01 +/- 2.03 % Gg(l=3) ave= 0.000E+00 +/- 0.00 %  % || D(l=0) ave= 1.313E+03 +/- 4.00 % D(l=1) ave= 6.301E+02 +/- 0.00 % D(l=2) ave= 4.550E+02 +/- 0.00 % D(l=3) ave= 0.000E+00 +/- 0.00 %  % || S(l=0) ave= 1.268E-04 +/- 0.29 % S(l=1) ave= 8.818E-05 +/- 2.95 % S(l=2) ave= 3.716E-04 +/- 6.33 % S(l=3) ave= 0.000E+00 +/- 0.00 % 
 ... random file  4 Cap(th)  ave= 1.208E+00 b. +/- 13.64 % || Ela(th) ave= 3.731E+00 b. +/- 2.67 % || RIcap ave= 3.91E+00 b. +/- 14.43 % || Macs30 ave= 1.99E-01 b. +/- 1.31 % || Gn^0(l=0) ave= 1.529E-01 +/- 3.56 % Gn^0(l=1) ave= 1.012E-01 +/- 2.70 % Gn^0(l=2) ave= 3.570E-01 +/- 5.74 % Gn^0(l=3) ave= 0.000E+00 +/- 0.00 % || Gtotal(l=0) ave= 1.126E+01 +/- 3.48 % Gtotal(l=1) ave= 3.659E-01 +/- 0.00 % Gtotal(l=2) ave= 2.814E-01 +/- 0.00 % Gtotal(l=3) ave= 0.000E+00 +/- 0.00 %  % || Gg(l=0) ave= 2.726E-01 +/- 6.18 % Gg(l=1) ave= 2.639E-01 +/- 4.42 % Gg(l=2) ave= 2.806E-01 +/- 2.63 % Gg(l=3) ave= 0.000E+00 +/- 0.00 %  % || D(l=0) ave= 1.302E+03 +/- 3.95 % D(l=1) ave= 6.301E+02 +/- 0.00 % D(l=2) ave= 4.550E+02 +/- 0.00 % D(l=3) ave= 0.000E+00 +/- 0.00 %  % || S(l=0) ave= 1.267E-04 +/- 0.28 % S(l=1) ave= 8.803E-05 +/- 2.67 % S(l=2) ave= 3.702E-04 +/- 5.74 % S(l=3) ave= 0.000E+00 +/- 0.00 % 
 ... random file  5 Cap(th)  ave= 1.230E+00 b. +/- 12.86 % || Ela(th) ave= 3.791E+00 b. +/- 4.28 % || RIcap ave= 3.81E+00 b. +/- 14.70 % || Macs30 ave= 1.97E-01 b. +/- 2.82 % || Gn^0(l=0) ave= 1.521E-01 +/- 3.47 % Gn^0(l=1) ave= 9.980E-02 +/- 4.04 % Gn^0(l=2) ave= 3.475E-01 +/- 8.14 % Gn^0(l=3) ave= 0.000E+00 +/- 0.00 % || Gtotal(l=0) ave= 1.120E+01 +/- 3.36 % Gtotal(l=1) ave= 3.659E-01 +/- 0.00 % Gtotal(l=2) ave= 2.814E-01 +/- 0.00 % Gtotal(l=3) ave= 0.000E+00 +/- 0.00 %  % || Gg(l=0) ave= 2.741E-01 +/- 5.73 % Gg(l=1) ave= 2.648E-01 +/- 4.09 % Gg(l=2) ave= 2.820E-01 +/- 2.63 % Gg(l=3) ave= 0.000E+00 +/- 0.00 %  % || D(l=0) ave= 1.295E+03 +/- 3.82 % D(l=1) ave= 6.301E+02 +/- 0.00 % D(l=2) ave= 4.550E+02 +/- 0.00 % D(l=3) ave= 0.000E+00 +/- 0.00 %  % || S(l=0) ave= 1.267E-04 +/- 0.26 % S(l=1) ave= 8.681E-05 +/- 4.01 % S(l=2) ave= 3.603E-04 +/- 8.14 % S(l=3) ave= 0.000E+00 +/- 0.00 % 
 ... random file  6 Cap(th)  ave= 1.258E+00 b. +/- 12.83 % || Ela(th) ave= 3.778E+00 b. +/- 4.06 % || RIcap ave= 3.87E+00 b. +/- 13.98 % || Macs30 ave= 1.96E-01 b. +/- 2.84 % || Gn^0(l=0) ave= 1.515E-01 +/- 3.36 % Gn^0(l=1) ave= 1.002E-01 +/- 3.85 % Gn^0(l=2) ave= 3.502E-01 +/- 7.72 % Gn^0(l=3) ave= 0.000E+00 +/- 0.00 % || Gtotal(l=0) ave= 1.117E+01 +/- 3.23 % Gtotal(l=1) ave= 3.659E-01 +/- 0.00 % Gtotal(l=2) ave= 2.814E-01 +/- 0.00 % Gtotal(l=3) ave= 0.000E+00 +/- 0.00 %  % || Gg(l=0) ave= 2.724E-01 +/- 5.56 % Gg(l=1) ave= 2.617E-01 +/- 4.85 % Gg(l=2) ave= 2.780E-01 +/- 4.26 % Gg(l=3) ave= 0.000E+00 +/- 0.00 %  % || D(l=0) ave= 1.290E+03 +/- 3.68 % D(l=1) ave= 6.301E+02 +/- 0.00 % D(l=2) ave= 4.550E+02 +/- 0.00 % D(l=3) ave= 0.000E+00 +/- 0.00 %  % || S(l=0) ave= 1.267E-04 +/- 0.25 % S(l=1) ave= 8.715E-05 +/- 3.82 % S(l=2) ave= 3.631E-04 +/- 7.72 % S(l=3) ave= 0.000E+00 +/- 0.00 % 
 ... random file  7 Cap(th)  ave= 1.199E+00 b. +/- 18.14 % || Ela(th) ave= 3.793E+00 b. +/- 3.94 % || RIcap ave= 3.81E+00 b. +/- 13.99 % || Macs30 ave= 1.93E-01 b. +/- 5.37 % || Gn^0(l=0) ave= 1.524E-01 +/- 3.50 % Gn^0(l=1) ave= 9.976E-02 +/- 3.80 % Gn^0(l=2) ave= 3.473E-01 +/- 7.61 % Gn^0(l=3) ave= 0.000E+00 +/- 0.00 % || Gtotal(l=0) ave= 1.124E+01 +/- 3.44 % Gtotal(l=1) ave= 3.659E-01 +/- 0.00 % Gtotal(l=2) ave= 2.814E-01 +/- 0.00 % Gtotal(l=3) ave= 0.000E+00 +/- 0.00 %  % || Gg(l=0) ave= 2.680E-01 +/- 6.83 % Gg(l=1) ave= 2.655E-01 +/- 5.91 % Gg(l=2) ave= 2.763E-01 +/- 4.32 % Gg(l=3) ave= 0.000E+00 +/- 0.00 %  % || D(l=0) ave= 1.299E+03 +/- 3.91 % D(l=1) ave= 6.301E+02 +/- 0.00 % D(l=2) ave= 4.550E+02 +/- 0.00 % D(l=3) ave= 0.000E+00 +/- 0.00 %  % || S(l=0) ave= 1.266E-04 +/- 0.30 % S(l=1) ave= 8.678E-05 +/- 3.77 % S(l=2) ave= 3.601E-04 +/- 7.60 % S(l=3) ave= 0.000E+00 +/- 0.00 % 
 ... random file  8 Cap(th)  ave= 1.222E+00 b. +/- 17.64 % || Ela(th) ave= 3.797E+00 b. +/- 3.72 % || RIcap ave= 3.92E+00 b. +/- 15.15 % || Macs30 ave= 1.96E-01 b. +/- 6.50 % || Gn^0(l=0) ave= 1.531E-01 +/- 3.53 % Gn^0(l=1) ave= 9.963E-02 +/- 3.61 % Gn^0(l=2) ave= 3.464E-01 +/- 7.23 % Gn^0(l=3) ave= 0.000E+00 +/- 0.00 % || Gtotal(l=0) ave= 1.129E+01 +/- 3.52 % Gtotal(l=1) ave= 3.659E-01 +/- 0.00 % Gtotal(l=2) ave= 2.814E-01 +/- 0.00 % Gtotal(l=3) ave= 0.000E+00 +/- 0.00 %  % || Gg(l=0) ave= 2.721E-01 +/- 7.66 % Gg(l=1) ave= 2.672E-01 +/- 5.81 % Gg(l=2) ave= 2.786E-01 +/- 4.65 % Gg(l=3) ave= 0.000E+00 +/- 0.00 %  % || D(l=0) ave= 1.307E+03 +/- 3.99 % D(l=1) ave= 6.301E+02 +/- 0.00 % D(l=2) ave= 4.550E+02 +/- 0.00 % D(l=3) ave= 0.000E+00 +/- 0.00 %  % || S(l=0) ave= 1.265E-04 +/- 0.33 % S(l=1) ave= 8.666E-05 +/- 3.58 % S(l=2) ave= 3.591E-04 +/- 7.23 % S(l=3) ave= 0.000E+00 +/- 0.00 % 
 ... random file  9 Cap(th)  ave= 1.190E+00 b. +/- 19.05 % || Ela(th) ave= 3.834E+00 b. +/- 4.53 % || RIcap ave= 3.89E+00 b. +/- 14.70 % || Macs30 ave= 1.99E-01 b. +/- 7.54 % || Gn^0(l=0) ave= 1.525E-01 +/- 3.53 % Gn^0(l=1) ave= 9.868E-02 +/- 4.49 % Gn^0(l=2) ave= 3.401E-01 +/- 8.92 % Gn^0(l=3) ave= 0.000E+00 +/- 0.00 % || Gtotal(l=0) ave= 1.126E+01 +/- 3.48 % Gtotal(l=1) ave= 3.659E-01 +/- 0.00 % Gtotal(l=2) ave= 2.814E-01 +/- 0.00 % Gtotal(l=3) ave= 0.000E+00 +/- 0.00 %  % || Gg(l=0) ave= 2.780E-01 +/- 9.57 % Gg(l=1) ave= 2.680E-01 +/- 5.58 % Gg(l=2) ave= 2.787E-01 +/- 4.41 % Gg(l=3) ave= 0.000E+00 +/- 0.00 %  % || D(l=0) ave= 1.302E+03 +/- 3.95 % D(l=1) ave= 6.301E+02 +/- 0.00 % D(l=2) ave= 4.550E+02 +/- 0.00 % D(l=3) ave= 0.000E+00 +/- 0.00 %  % || S(l=0) ave= 1.265E-04 +/- 0.32 % S(l=1) ave= 8.583E-05 +/- 4.49 % S(l=2) ave= 3.526E-04 +/- 8.92 % S(l=3) ave= 0.000E+00 +/- 0.00 % 
 ... random file  10 Cap(th)  ave= 1.169E+00 b. +/- 19.32 % || Ela(th) ave= 3.846E+00 b. +/- 4.42 % || RIcap ave= 3.85E+00 b. +/- 14.65 % || Macs30 ave= 1.98E-01 b. +/- 7.21 % || Gn^0(l=0) ave= 1.532E-01 +/- 3.62 % Gn^0(l=1) ave= 9.826E-02 +/- 4.51 % Gn^0(l=2) ave= 3.374E-01 +/- 8.93 % Gn^0(l=3) ave= 0.000E+00 +/- 0.00 % || Gtotal(l=0) ave= 1.130E+01 +/- 3.52 % Gtotal(l=1) ave= 3.659E-01 +/- 0.00 % Gtotal(l=2) ave= 2.814E-01 +/- 0.00 % Gtotal(l=3) ave= 0.000E+00 +/- 0.00 %  % || Gg(l=0) ave= 2.786E-01 +/- 9.13 % Gg(l=1) ave= 2.691E-01 +/- 5.44 % Gg(l=2) ave= 2.795E-01 +/- 4.30 % Gg(l=3) ave= 0.000E+00 +/- 0.00 %  % || D(l=0) ave= 1.308E+03 +/- 4.00 % D(l=1) ave= 6.301E+02 +/- 0.00 % D(l=2) ave= 4.550E+02 +/- 0.00 % D(l=3) ave= 0.000E+00 +/- 0.00 %  % || S(l=0) ave= 1.265E-04 +/- 0.32 % S(l=1) ave= 8.545E-05 +/- 4.52 % S(l=2) ave= 3.499E-04 +/- 8.93 % S(l=3) ave= 0.000E+00 +/- 0.00 % 
 ... Histogram plot for thermal (n,g)
 ... Write covariances  ... MT1  ... plot correlations
 ... MT2  ... MT102 


 ================================================
 ============== From 10 random values === start ======
 Thermal (n,tot) xs  0 K =  5.01499 b. +/- 0.235778 b. ( 4.70146 %) skew= +0.03 +/- 0.66
 Thermal (n,el) xs   0 K =  3.84619 b. +/- 0.169835 b. ( 4.41566 %) skew= +0.43 +/- 0.66
 Thermal (n,g) xs    0 K =  1.1688 b. +/- 0.225857 b. ( 19.3239 %) skew= -0.09 +/- 0.66
 RI      (n,g)       0 K =  3.8459 b. +/- 0.563366 b. ( 14.6485 %) 
 MACS    (n,g)       0 K (at Emacs= 30000 eV) =  0.19825 b. +/- 0.0142981 b. ( 7.21217 %) 
 Ave. Gtotal  L=0        =  1.130E+01 +/- 3.52 %
 Ave. Gn^(0)  L=0        =  1.532E-01 +/- 3.62 %
 Ave. Gg      L=0        =  2.786E-01 +/- 9.13 %
 Ave. D       L=0        =  1.308E+03 +/- 4.00 %
 Ave. S       L=0        =  1.265E-04 +/- 0.32 %
 Ave. Gtotal  L=1        =  3.659E-01 +/- 0.00 %
 Ave. Gn^(1)  L=1        =  9.826E-02 +/- 4.51 %
 Ave. Gg      L=1        =  2.691E-01 +/- 5.44 %
 Ave. D       L=1        =  6.301E+02 +/- 0.00 %
 Ave. S       L=1        =  8.545E-05 +/- 4.52 %
 Ave. Gtotal  L=2        =  2.814E-01 +/- 0.00 %
 Ave. Gn^(2)  L=2        =  3.374E-01 +/- 8.93 %
 Ave. Gg      L=2        =  2.795E-01 +/- 4.30 %
 Ave. D       L=2        =  4.550E+02 +/- 0.00 %
 Ave. S       L=2        =  3.499E-04 +/- 8.93 %

 Expected Thermal (n,g) (syst or meas)= 1 b. +/- 0.5 b. nominal: 1.17936 b.
 ratio Calculated/expected thermal (n,g): 1.17 ratio DCalculated/Dexpected: 0.45 ratio Calculated/Nominal: 0.99
 ============== From 10 random values ===== stop ======
 ================================================
 ... Calculation of (n,a) and (n,p) cross sections at 300 K
 ... thermal (n,a) cross section is 0.0558862 +/- 0.0279431 b.
 ... thermal (n,a) cross section is 0.102749 b. (random case 1)
 ... thermal (n,a) cross section is 0.149612 b. (random case 2)
 ... thermal (n,a) cross section is 0.196475 b. (random case 3)
 ... thermal (n,a) cross section is 0.243338 b. (random case 4)
 ... thermal (n,a) cross section is 0.290201 b. (random case 5)
 ... thermal (n,a) cross section is 0.337064 b. (random case 6)
 ... thermal (n,a) cross section is 0.383927 b. (random case 7)
 ... thermal (n,a) cross section is 0.43079 b. (random case 8)
 ... thermal (n,a) cross section is 0.477653 b. (random case 9)
 ... thermal (n,a) cross section is 0.524516 b. (random case 10)
 ... thermal (n,p) cross section is 0.0558862 +/- 0.0279431 b.
 ... thermal (n,p) cross section is 0.102749 b. (random case 1)
 ... thermal (n,p) cross section is 0.149612 b. (random case 2)
 ... thermal (n,p) cross section is 0.196475 b. (random case 3)
 ... thermal (n,p) cross section is 0.243338 b. (random case 4)
 ... thermal (n,p) cross section is 0.290201 b. (random case 5)
 ... thermal (n,p) cross section is 0.337064 b. (random case 6)
 ... thermal (n,p) cross section is 0.383927 b. (random case 7)
 ... thermal (n,p) cross section is 0.43079 b. (random case 8)
 ... thermal (n,p) cross section is 0.477653 b. (random case 9)
 ... thermal (n,p) cross section is 0.524516 b. (random case 10)
 ... Rewrite index for MF2
 ... Write text for MF1 in file mf1.tares.txt
 ... plotting cross sections for the MF1
 ... order output files


================== summary ==================
 Thermal (n,tot) xs = 6.1287 b. 
 Thermal (n,el)  xs = 3.90031 b. 
 Thermal (n,g)   xs = 1.17936 b. (meas/sys: 1 b.)
 Thermal (n,a)   xs = 0.524516 b. 
 Thermal (n,p)   xs = 0.524516 b. 
 At 300 K (thermal adjustment): (n,el) = 3.92964 b., (n,g) = 1.18 b.

 RI      (n,g)      = 4.22962 b. (meas or sys: - b.)
 RI      (n,el)     = 108.348 b.
=============================================


 ... cleaning
                                                 
  -------------------------------------------------------------
  -                                                           -
  - TARES: successful end of run with data from hypothetical  -
  - resonances for  Z= 32,  A= 68 and isomer= 0               -
  - half-life: 271.064819 days 
  -                                                           -
  -------------------------------------------------------------

   Running time:       21 seconds

 End time: Wed Oct  7 10:12:00 2026

