
  -------------------------------------------------------------
  -                                                           -
  -              Welcome to TARES version 1.8                 -
  -                                                           -
  -  (C) Copyright 2007-2025 D. Rochman, All Rights Reserved  -
  -           NRG, Petten, the Netherlands 2007-2014          -
  -           PSI, Villigen    Switzerland 2015-2025          -
  -         Nagra, Wettingen   Switzerland 2025-              -
  -           (Last Modified October 06, 2026)                -
  -           (Database from October 06, 2026)                -
  -                                                           -
  -------------------------------------------------------------


  ---------------------------------------------
   Compilation information:
   Compiled on:         Oct  7 2026, 09:32:19
   Compiled by:         koning
   Compiler version:    clang++ - 21.0.0
   Source location:     /Users/koning/tares-1.8/source/Module/
   Binaries location:   /Users/koning/bin
   System:              Darwin 25.6.0
   System version:      Darwin Kernel Version 25.6.0: Fri Jul 31 19:19:08 PDT 2026; root:xnu-12377.161.14~5/RELEASE_ARM64_T6050  
   Machine:             arm64 
  ---------------------------------------------

   User information:
   User name:           koning
   Running directory:   /Users/koning/tendl/resbase/W197/work
   Owner mode for running directory : rwx
   Group mode for running directory : r-x
  ---------------------------------------------


 Starting time: Wed Oct  7 11:38:43 2026
 ... inputs directory found (/Users/koning/tares-1.8/source/Module//../../inputs/).
 ... It will be used for resonance parameters 
 ... ###############################################
 ... #     read the input file tares.inp
 ... ###############################################
 ... line: #
 ... line: # Input file generated by Autorochman
          --> line not read
 ... line: #
 ... line: isotope    W
          --> Isotope name: W
 ... line: mass       197
          --> isotopic mass: 197
 ... line: output     n-W197
         ---> Name of the output files: n-W197
 ... line: isomer     0
          --> isomeric state: 0
 ... line: mf32mf33   y
          --> MF33 based on MF32: y
 ... line: nbrRandom  6
          --> Nbr of random files: 6
 ... ###############################################
 ... # end read the input file tares.inp
 ... ###############################################
Value for random generator type not considered in since Tares 1.7 due to compilation issues

 ... ###############################################
     #   Interpretation of the Input definition    #
     ###############################################

 ... Default energy limit: End of resonance region
 ... Nuclear charge    = 74
 ... Element           = W
 ... Mass              = 197
 ... Isomer            = 0
 ... Correlation for (Gn,Gg) not included in random files
 ... Default random option: No random
 ... Output name: n-W197
 ... Energy for the MACS: 30000 eV
 ... Resonances from CALENDF reduced (reduce=y) 
 ... For URR, level density model from TALYS selected: 91n3n12611.2850 (see manual for description)
 ... Random Generator: default (pseudo random numbers from ansi c++)
 ... Reconstruction of cross section selected
 ... Doppler broadening at 0 Kelvin
 ... URR not included (from the input file flag)
 ... Weight for grouping is flat
 ... Calculation of (n,alpha) cross section selected
 ... Number of digit for MF32c covariance representation: 2
 ... MF32 included
 ... MF33 will be used for covariance processing
 ... TENDL option set to yes (automatic choice of MF2 and format)
 ... Isotope not found in the best file --> use of MLBW formalism
 ... default option: Multi level Breit Wigner approximation selected
 ... (check file best.tendl.yes for changing this option)
 ... Retroactive option set to no with the 2025 option
 ... ladder option set to yes (CALENDF will be used for statistical resonances)

 ... ###############################################
     #           End of Input definition           #
     ###############################################

 ... gnuplot found, will be used for plotting
 ... latex found, will be used for plotting
 ... dvips found, will be used for plotting
 ... ps2epsi not found, limited plotting available
 ... uncertainties on default parameters multiplied by 1.875
 ... Read resonance data from the 2025 directory
 ... Resonance parameters taken from /Users/koning/tares-1.8/source/Module//../../inputs/2025/Resonance/default/
 ---> Processing Z= 74 and A= 197 and isomer= 0 (level number: 0)
 Exfor path; Could not find /Users/koning/tares-1.8/source/Module//../../inputs/exfor/W197/xs/102
Thermal file; Could not open file /Users/koning/tares-1.8/source/Module//../../inputs/2025/runThermal/results//thermal.mxw.ng.cendl3.1
Thermal file; Could not open file /Users/koning/tares-1.8/source/Module//../../inputs/2025/runThermal/results//thermal.mxw.ng.brond3.1
Thermal file; Could not open file /Users/koning/tares-1.8/source/Module//../../inputs/2025/runThermal/results//thermal.xs.ng.unc.cendl3.1
 ... spin taken from the final/ directory (1)

 ... ###############################################
 ... #  Nucleus global parameters (2025 database)  #
 ... ###############################################
 0. Half-life: 1 sec. 
 ... Scattering radius from TALYS: /Users/koning/tares-1.8/source/Module//../../inputs/2025/lib.urr/talys.urr/
 1. Spin of the target isotope: 2.5
 2. Relative Atomic Mass from hfbd1m: 196.983
 3. Scattering radius (local compilation): 7.71805 fm +/- 0.185233 fm
      .......................................
      ... Thermal capture cross sections: ...
 4. Thermal (n,g) cross section from systematics: 9.961 +/- 8.46685 b.
 5. Thermal (n,g) cross section from compilation (Firestone-2022 average on element W): 18.5 +/- 0.4 b.
 6. Thermal (n,g) cross section from compilation (Firestone-2022 final on element W): 18.26 +/- 0.17 b.
 7. Thermal (n,g) cross section from TENDL-2023: 11.15 b.
      .......................................
      ...  Thermal total cross sections:  ...
      .......................................
      ... Thermal elastic cross sections: ...
 8. Thermal (n,el) cross section from potential (4piR^2): 9.69974 +/- 0.484987 b.
      .......................................
             ... Resonance integral: ...
 9. No capture integral found in /Users/koning/tares-1.8/source/Module//../../inputs/capture.integral
 ... no RI(n,g) found in local compilation, take 2018 value.
 ... no RI(n,g) found in local compilation, take Sukhoruchkin value.
   ---- MACS 30 keV ----- 
 10. TALYS MACS 30 keV (HF): 0.0969793 b. 
   ---------- S0 -------- 
 11. S0 from TALYS: 1.59886
   ---------- S1 -------- 
 12. S1 from TALYS: 0
   ---------- S2 -------- 
 13. S2 from TALYS: 4.41784
   ---------- D0 -------- 
 14. D0 from TALYS: 129.385 eV
   ---------- D1 -------- 
 15. D1 from TALYS: 67.104 eV
   ---------- D2 -------- 
 16. D2 from TALYS: 47.5502 eV
   ---------- G0 -------- 
 17. Gg0 from TALYS: 0.0743684 eV
   ---------- G1 -------- 
 18. Gg1 from TALYS: 0.0729757 eV
   ---------- G2 -------- 
 19. Gg2 from TALYS: 0.069476 eV


   ---------------------- 
 ... Read resonance parameters (format: 2: Multi Level Breit Wigner)
 ... 0 resonances found 
 ... possibly no resonances in the Resonance directory for this isotope and options
 ... Use HFR (ladder) behavior 
 --> 21. Number of resonances from the input file: 2 up to 64.6926 eV
 22. Read nuclear quantities (mass, MAT...)
 23. Read thermal (n,g) xs 
 24. Read the scattering radius 
 25. Read uncertainty on Gg for 2 resonances
 26. Read uncertainty on Gg for 2 resonances ... done
 ... order resonances 
 ... Upper limit for the RRR: 64.6926 eV (no statistical resonances HFR) from the limit.RRR file
 ... Write parameters for l=0 waves
 ... End writing original MF2 
 ... No RRR in the database: uncertainties on default parameters multiplied by 1.99753
 ... Enter in urr function (ladder option set to y) for file n-W197
 ... read the file /Users/koning/tares-1.8/source/Module//../../inputs/2025/list.jcs.urr to find URR origin
 Default URR taken from TALYS calculations with level density model: 91n3n12611.2850
 File considered for the URR: /Users/koning/tares-1.8/source/Module//../../inputs/2025/lib.urr/talys.urr/91n3n12611.2850/W/urr/urr.dat.W.197.000.0.gz
 ... Write URR using TALYS average parameters (used for HFR)
 ... Limit of URR changed to 25 keV (recommendation from WPEC and JEFF)
 ... Extract the Sn value from file ./urr.dat.W.197.0.0
 ... found Sn= 6.09432 MeV
 ... estimated number of resonances up to 13891.5 eV:  107.365 resonances
 ... This is a test here. The higher energy limit to include URR data for calendf is set to max Sn. 24/03/2016
 ... Use Sn to define the maximum energy for the URR: Sn= 6.09432 MeV --> last_energyURR= 13891.5 eV
 ... read D0, S0, Gn and Gg
 ... number of URR energies: 2556
 Number of l: 2556 and last energy: 12
 Last  URR energy: 13891.5 eV
 ... Enter in to_MLBW_mf2 function
 ... Convert to Multi Level Breit Wigner (MLBW)
 ... Write parameter covariances (MF32) for l=0
 ... Convert parameter covariances (MF32) to MLBW
 ... copy the mf2 and mf32 to .mlbw files
 ... Enter in urr_correct function case 1
 Modify the higher limit of RRR in MF2
 --> old value: 6.501601+1 eV new value: 1.000000-2 eV
 Modify resonance covariances (MF32) to include correlations in the URR
 End Modify resonance covariances (MF32) to include correlations in the URR
 ... Enter in calendf_xs function
 Use CALENDF for statistical resonances (update MF2) up to 1.389150+4 eV (initial limit)
 Extract resonances from CALENDF for RRR->URR 2
 649 statistical resonances found
 Reduction to 100 resonances based on the half-life of the isotope
 After reduction, 101 statistical resonances found
 ... checking resonance order 1
 ... checking resonance order 2nd round for 99 resonances
 ... end checking resonance order 2nd round
 .......................................................
 ... Adjustment to the thermal cross section : start ...
 .......................................................

 Before adjustment (adjustment to the thermal cross section set to y)
 ... Import MF2 from TARES calculations
 ... End energy of TARES MF2 : 3.174283E+3 eV and limit to 40000 resonances
 ... File used for reconstruction: new.temp22.reconst
 ... run RECENT ...
 ... Doppler broadened at a unique temperature: 300 Kelvin using sigma1
 ... run SIGMA1 at 3.000000E+02 K.

 ============== INTER values at 300 Kelvin ==============
 Thermal (n,g) xs =  11.2271 b. (meas/sys: 9.961 b.) (warning: comparison to be done at 296 or 300 K)
 Th Maxw (n,g) xs =  11.294 b. (thermal Maxwellian value)
 Westcott factor  =  1.00597
 RI      (n,g)    =  57.7507 b. (meas or sys: - b.)
 MACS 3.000e+04 eV=  0.096229 b. (meas or sys: - b.) from 1.00E+00 to 2.00E+07 eV (end of RRR) at T= 300 Kelvin 
 Thermal (n,el) xs=  5.70425 b.
 RI      (n,el)   =  855.448 b.
 ============= PSYCHE values ==============
 Ave. G_total L0  =  1.24279 eV
 Ave. G_total L1  =  0.0692783 eV
 Ave. G_total L2  =  0.0733364 eV
 Ave. Gn_0    L0  =  0.0338208
 Ave. Gn_0    L1  =  0.0139804
 Ave. Gn_0    L2  =  0.285716
 Ave. Gg      L0  =  0.0717811 eV
 Ave. Gg      L1  =  0.0662624 eV
 Ave. Gg      L2  =  0.0732241 eV
 Ave. D       L0  =  122.088 eV
 Ave. D       L1  =  132.262 eV
 Ave. D       L2  =  317.428 eV
 Ave. S       L0  =  0.000144363 eV
 Ave. S       L1  =  1.69319e-05 eV
 Ave. S       L2  =  0.000102955 eV
 =========================================
 Calculated capture integral   57.7507 b.
 ... ratio C/E thermal (n,g): 1.127108E+00
 ...................................................... 
 ... Adjustment to the thermal cross section : stop ...
 ...................................................... 
 ... new MF2 file after adjustment: n-W197
 ... read the file /Users/koning/tares-1.8/source/Module//../../inputs/2025/list.jcs.urr to find URR origin
 Default URR taken from TALYS calculations with level density model: 91n3n12611.2850
 File considered for the URR: /Users/koning/tares-1.8/source/Module//../../inputs/2025/lib.urr/talys.urr/91n3n12611.2850/W/urr/urr.dat.W.197.000.0.gz
 ... Write URR using TALYS average parameters (not used for HFR)
 ... Limit of URR changed to 25 keV (recommendation from WPEC and JEFF)
 Energy limit of the URR set to 4126.57 eV
 ... read D0, S0, Gn and Gg
 ... number of URR energies: 60
 Number of l: 60 and last energy: 12
 Last  URR energy: 4126.57 eV
 ... Enter in urr_correct function case 2
 Modify the higher limit of RRR in MF2
 --> old value: 3.174283+3 eV new value: 3.174283+3 eV
 Modify resonance covariances (MF32) to include correlations in the URR
 End Modify resonance covariances (MF32) to include correlations in the URR
 ... Enter in update_MF32 function
 ... Change uncertainties
 ... for the HFR, random position of the positive resonances with 0.020000 %
 ... end of update MF32 function
 ... no thermal/RI adjustment needed: no GLS calculation of parameter correlations
 ... copy the mf2 and mf32 to .mlbw files

 ... Start of final reconstruction and testing ...
 ... Reconstruction of cross sections at 0 Kelvin  ... Import MF2 from TARES calculations
 ... End energy of TARES MF2 : 3.174283E+3 eV and limit to 40000 resonances
 ... File used for reconstruction: n-W197.reconst
 ... run RECENT ...
 ... Doppler broadened at a unique temperature: 0 Kelvin using sigma1
 ... The keyword temperature is zero, no Doppler broadening for the MACS

 ============== INTER values at 0 Kelvin ==============
 Thermal (n,g) xs =  11.2212 b. (meas/sys: 9.961 b.) (warning: comparison to be done at 296 or 300 K)
 Th Maxw (n,g) xs =  11.229 b. (thermal Maxwellian value)
 Westcott factor  =  1.00069
 RI      (n,g)    =  57.6193 b. (meas or sys: - b.)
 MACS 3.000e+04 eV=  0.095676 b. (meas or sys: - b.) from 1.00E+00 to 3.17E+03 eV (end of RRR) at T= 0 Kelvin 
 Thermal (n,el) xs=  5.68953 b.
 RI      (n,el)   =  852.006 b.
 ============= PSYCHE values ==============
 Ave. G_total L0  =  1.24279 eV
 Ave. G_total L1  =  0.0692783 eV
 Ave. G_total L2  =  0.0733364 eV
 Ave. Gn_0    L0  =  0.0338208
 Ave. Gn_0    L1  =  0.0139804
 Ave. Gn_0    L2  =  0.285716
 Ave. Gg      L0  =  0.0717811 eV
 Ave. Gg      L1  =  0.0662624 eV
 Ave. Gg      L2  =  0.0732241 eV
 Ave. D       L0  =  122.088 eV
 Ave. D       L1  =  132.262 eV
 Ave. D       L2  =  317.428 eV
 Ave. S       L0  =  0.000144363 eV
 Ave. S       L1  =  1.69319e-05 eV
 Ave. S       L2  =  0.000102955 eV
 =========================================
 ... End of final reconstruction and testing ...

 ... grouping is not optimum, change to 70 groups
 ... Produce MF33 based on MF32 and 6 random files
 ... run endsam for 6 in groups of 1 global run
 ... run endsam from 1 to 6
 ... reorder resonance position after endsam (sampling)
 ... preparing the vectors  ... done
 ... nominal file 0 Cap(th)  ave= 1.122E+01 b. +/- 0.00 % || Ela(th) ave= 5.690E+00 b. +/- 0.00 % || RIcap ave= 5.70E+01 b. +/- 0.00 % || Macs30 ave= 7.23E-01 b. +/- 0.00 % || Gn^0(l=0) ave= 3.382E-02 +/- 0.00 % Gn^0(l=1) ave= 1.398E-02 +/- 0.00 % Gn^0(l=2) ave= 2.857E-01 +/- 0.00 % Gn^0(l=3) ave= 0.000E+00 +/- 0.00 % || Gtotal(l=0) ave= 1.243E+00 +/- 0.00 % Gtotal(l=1) ave= 6.928E-02 +/- 0.00 % Gtotal(l=2) ave= 7.334E-02 +/- 0.00 % Gtotal(l=3) ave= 0.000E+00 +/- 0.00 %  % || Gg(l=0) ave= 7.178E-02 +/- 0.00 % Gg(l=1) ave= 6.626E-02 +/- 0.00 % Gg(l=2) ave= 7.322E-02 +/- 0.00 % Gg(l=3) ave= 0.000E+00 +/- 0.00 %  % || D(l=0) ave= 1.221E+02 +/- 0.00 % D(l=1) ave= 1.323E+02 +/- 0.00 % D(l=2) ave= 3.174E+02 +/- 0.00 % D(l=3) ave= 0.000E+00 +/- 0.00 %  % || S(l=0) ave= 1.444E-04 +/- 0.00 % S(l=1) ave= 1.693E-05 +/- 0.00 % S(l=2) ave= 1.030E-04 +/- 0.00 % S(l=3) ave= 0.000E+00 +/- 0.00 % 
 ... random file  1 Cap(th)  ave= 8.560E+00 b. +/- 31.09 % || Ela(th) ave= 5.546E+00 b. +/- 2.59 % || RIcap ave= 3.93E+01 b. +/- 45.03 % || Macs30 ave= 6.67E-01 b. +/- 8.48 % || Gn^0(l=0) ave= 3.365E-02 +/- 0.49 % Gn^0(l=1) ave= 1.448E-02 +/- 3.44 % Gn^0(l=2) ave= 3.063E-01 +/- 6.72 % Gn^0(l=3) ave= 0.000E+00 +/- 0.00 % || Gtotal(l=0) ave= 1.229E+00 +/- 1.10 % Gtotal(l=1) ave= 6.928E-02 +/- 0.00 % Gtotal(l=2) ave= 7.334E-02 +/- 0.00 % Gtotal(l=3) ave= 0.000E+00 +/- 0.00 %  % || Gg(l=0) ave= 6.799E-02 +/- 5.57 % Gg(l=1) ave= 7.221E-02 +/- 8.24 % Gg(l=2) ave= 7.952E-02 +/- 7.92 % Gg(l=3) ave= 0.000E+00 +/- 0.00 %  % || D(l=0) ave= 1.245E+02 +/- 1.96 % D(l=1) ave= 1.323E+02 +/- 0.00 % D(l=2) ave= 3.174E+02 +/- 0.00 % D(l=3) ave= 0.000E+00 +/- 0.00 %  % || S(l=0) ave= 1.406E-04 +/- 2.67 % S(l=1) ave= 1.754E-05 +/- 3.45 % S(l=2) ave= 1.105E-04 +/- 6.83 % S(l=3) ave= 0.000E+00 +/- 0.00 % 
 ... random file  2 Cap(th)  ave= 7.828E+00 b. +/- 30.75 % || Ela(th) ave= 5.663E+00 b. +/- 3.58 % || RIcap ave= 3.79E+01 b. +/- 38.47 % || Macs30 ave= 6.49E-01 b. +/- 8.10 % || Gn^0(l=0) ave= 3.372E-02 +/- 0.50 % Gn^0(l=1) ave= 1.401E-02 +/- 5.54 % Gn^0(l=2) ave= 2.882E-01 +/- 10.63 % Gn^0(l=3) ave= 0.000E+00 +/- 0.00 % || Gtotal(l=0) ave= 1.225E+00 +/- 1.04 % Gtotal(l=1) ave= 6.928E-02 +/- 0.00 % Gtotal(l=2) ave= 7.334E-02 +/- 0.00 % Gtotal(l=3) ave= 0.000E+00 +/- 0.00 %  % || Gg(l=0) ave= 6.961E-02 +/- 5.52 % Gg(l=1) ave= 6.867E-02 +/- 10.15 % Gg(l=2) ave= 7.373E-02 +/- 13.12 % Gg(l=3) ave= 0.000E+00 +/- 0.00 %  % || D(l=0) ave= 1.253E+02 +/- 1.84 % D(l=1) ave= 1.323E+02 +/- 0.00 % D(l=2) ave= 3.174E+02 +/- 0.00 % D(l=3) ave= 0.000E+00 +/- 0.00 %  % || S(l=0) ave= 1.398E-04 +/- 2.33 % S(l=1) ave= 1.698E-05 +/- 5.45 % S(l=2) ave= 1.042E-04 +/- 10.37 % S(l=3) ave= 0.000E+00 +/- 0.00 % 
 ... random file  3 Cap(th)  ave= 1.129E+01 b. +/- 56.20 % || Ela(th) ave= 5.679E+00 b. +/- 3.13 % || RIcap ave= 6.03E+01 b. +/- 67.60 % || Macs30 ave= 6.86E-01 b. +/- 11.48 % || Gn^0(l=0) ave= 3.377E-02 +/- 0.48 % Gn^0(l=1) ave= 1.397E-02 +/- 4.84 % Gn^0(l=2) ave= 2.862E-01 +/- 9.35 % Gn^0(l=3) ave= 0.000E+00 +/- 0.00 % || Gtotal(l=0) ave= 1.229E+00 +/- 1.10 % Gtotal(l=1) ave= 6.928E-02 +/- 0.00 % Gtotal(l=2) ave= 7.334E-02 +/- 0.00 % Gtotal(l=3) ave= 0.000E+00 +/- 0.00 %  % || Gg(l=0) ave= 7.351E-02 +/- 10.24 % Gg(l=1) ave= 6.545E-02 +/- 12.57 % Gg(l=2) ave= 6.860E-02 +/- 17.80 % Gg(l=3) ave= 0.000E+00 +/- 0.00 %  % || D(l=0) ave= 1.245E+02 +/- 1.96 % D(l=1) ave= 1.323E+02 +/- 0.00 % D(l=2) ave= 3.174E+02 +/- 0.00 % D(l=3) ave= 0.000E+00 +/- 0.00 %  % || S(l=0) ave= 1.410E-04 +/- 2.47 % S(l=1) ave= 1.693E-05 +/- 4.76 % S(l=2) ave= 1.035E-04 +/- 9.12 % S(l=3) ave= 0.000E+00 +/- 0.00 % 
 ... random file  4 Cap(th)  ave= 1.157E+01 b. +/- 49.28 % || Ela(th) ave= 5.710E+00 b. +/- 2.99 % || RIcap ave= 6.39E+01 b. +/- 58.17 % || Macs30 ave= 6.92E-01 b. +/- 10.32 % || Gn^0(l=0) ave= 3.375E-02 +/- 0.44 % Gn^0(l=1) ave= 1.392E-02 +/- 4.40 % Gn^0(l=2) ave= 2.840E-01 +/- 8.57 % Gn^0(l=3) ave= 0.000E+00 +/- 0.00 % || Gtotal(l=0) ave= 1.232E+00 +/- 1.08 % Gtotal(l=1) ave= 6.928E-02 +/- 0.00 % Gtotal(l=2) ave= 7.334E-02 +/- 0.00 % Gtotal(l=3) ave= 0.000E+00 +/- 0.00 %  % || Gg(l=0) ave= 7.249E-02 +/- 9.70 % Gg(l=1) ave= 6.932E-02 +/- 15.41 % Gg(l=2) ave= 7.021E-02 +/- 16.21 % Gg(l=3) ave= 0.000E+00 +/- 0.00 %  % || D(l=0) ave= 1.240E+02 +/- 1.93 % D(l=1) ave= 1.323E+02 +/- 0.00 % D(l=2) ave= 3.174E+02 +/- 0.00 % D(l=3) ave= 0.000E+00 +/- 0.00 %  % || S(l=0) ave= 1.416E-04 +/- 2.33 % S(l=1) ave= 1.687E-05 +/- 4.34 % S(l=2) ave= 1.027E-04 +/- 8.38 % S(l=3) ave= 0.000E+00 +/- 0.00 % 
 ... random file  5 Cap(th)  ave= 1.071E+01 b. +/- 51.77 % || Ela(th) ave= 5.768E+00 b. +/- 3.50 % || RIcap ave= 5.96E+01 b. +/- 59.10 % || Macs30 ave= 7.02E-01 b. +/- 9.78 % || Gn^0(l=0) ave= 3.375E-02 +/- 0.40 % Gn^0(l=1) ave= 1.384E-02 +/- 4.23 % Gn^0(l=2) ave= 2.810E-01 +/- 8.26 % Gn^0(l=3) ave= 0.000E+00 +/- 0.00 % || Gtotal(l=0) ave= 1.229E+00 +/- 1.10 % Gtotal(l=1) ave= 6.928E-02 +/- 0.00 % Gtotal(l=2) ave= 7.334E-02 +/- 0.00 % Gtotal(l=3) ave= 0.000E+00 +/- 0.00 %  % || Gg(l=0) ave= 7.516E-02 +/- 11.65 % Gg(l=1) ave= 6.842E-02 +/- 14.55 % Gg(l=2) ave= 6.703E-02 +/- 18.78 % Gg(l=3) ave= 0.000E+00 +/- 0.00 %  % || D(l=0) ave= 1.245E+02 +/- 1.96 % D(l=1) ave= 1.323E+02 +/- 0.00 % D(l=2) ave= 3.174E+02 +/- 0.00 % D(l=3) ave= 0.000E+00 +/- 0.00 %  % || S(l=0) ave= 1.410E-04 +/- 2.35 % S(l=1) ave= 1.677E-05 +/- 4.21 % S(l=2) ave= 1.015E-04 +/- 8.18 % S(l=3) ave= 0.000E+00 +/- 0.00 % 
 ... random file  6 Cap(th)  ave= 1.034E+01 b. +/- 50.44 % || Ela(th) ave= 5.736E+00 b. +/- 3.52 % || RIcap ave= 5.77E+01 b. +/- 57.01 % || Macs30 ave= 7.03E-01 b. +/- 9.05 % || Gn^0(l=0) ave= 3.376E-02 +/- 0.38 % Gn^0(l=1) ave= 1.393E-02 +/- 4.18 % Gn^0(l=2) ave= 2.848E-01 +/- 8.22 % Gn^0(l=3) ave= 0.000E+00 +/- 0.00 % || Gtotal(l=0) ave= 1.227E+00 +/- 1.09 % Gtotal(l=1) ave= 6.928E-02 +/- 0.00 % Gtotal(l=2) ave= 7.334E-02 +/- 0.00 % Gtotal(l=3) ave= 0.000E+00 +/- 0.00 %  % || Gg(l=0) ave= 7.657E-02 +/- 11.52 % Gg(l=1) ave= 6.725E-02 +/- 14.36 % Gg(l=2) ave= 6.654E-02 +/- 17.61 % Gg(l=3) ave= 0.000E+00 +/- 0.00 %  % || D(l=0) ave= 1.249E+02 +/- 1.94 % D(l=1) ave= 1.323E+02 +/- 0.00 % D(l=2) ave= 3.174E+02 +/- 0.00 % D(l=3) ave= 0.000E+00 +/- 0.00 %  % || S(l=0) ave= 1.405E-04 +/- 2.29 % S(l=1) ave= 1.688E-05 +/- 4.17 % S(l=2) ave= 1.028E-04 +/- 8.13 % S(l=3) ave= 0.000E+00 +/- 0.00 % 
 ... Histogram plot for thermal (n,g)
 ... Write covariances  ... MT1  ... plot correlations
 ... MT2  ... MT102 


 ================================================
 ============== From 6 random values === start ======
 Thermal (n,tot) xs  0 K =  16.0751 b. +/- 5.22221 b. ( 32.4863 %) skew= +1.24 +/- 0.79
 Thermal (n,el) xs   0 K =  5.73615 b. +/- 0.201914 b. ( 3.52002 %) skew= -0.12 +/- 0.79
 Thermal (n,g) xs    0 K =  10.339 b. +/- 5.21548 b. ( 50.4448 %) skew= +1.25 +/- 0.79
 RI      (n,g)       0 K =  57.7476 b. +/- 32.9239 b. ( 57.0135 %) 
 MACS    (n,g)       0 K (at Emacs= 30000 eV) =  0.702769 b. +/- 0.0636114 b. ( 9.05155 %) 
 Ave. Gtotal  L=0        =  1.227E+00 +/- 1.09 %
 Ave. Gn^(0)  L=0        =  3.376E-02 +/- 0.38 %
 Ave. Gg      L=0        =  7.657E-02 +/- 11.52 %
 Ave. D       L=0        =  1.249E+02 +/- 1.94 %
 Ave. S       L=0        =  1.405E-04 +/- 2.29 %
 Ave. Gtotal  L=1        =  6.928E-02 +/- 0.00 %
 Ave. Gn^(1)  L=1        =  1.393E-02 +/- 4.18 %
 Ave. Gg      L=1        =  6.725E-02 +/- 14.36 %
 Ave. D       L=1        =  1.323E+02 +/- 0.00 %
 Ave. S       L=1        =  1.688E-05 +/- 4.17 %
 Ave. Gtotal  L=2        =  7.334E-02 +/- 0.00 %
 Ave. Gn^(2)  L=2        =  2.848E-01 +/- 8.22 %
 Ave. Gg      L=2        =  6.654E-02 +/- 17.61 %
 Ave. D       L=2        =  3.174E+02 +/- 0.00 %
 Ave. S       L=2        =  1.028E-04 +/- 8.13 %

 Expected Thermal (n,g) (syst or meas)= 9.961 b. +/- 8.46685 b. nominal: 11.2212 b.
 ratio Calculated/expected thermal (n,g): 1.04 ratio DCalculated/Dexpected: 0.62 ratio Calculated/Nominal: 0.92
 ============== From 6 random values ===== stop ======
 ================================================
 ... Calculation of (n,a) and (n,p) cross sections at 300 K
 ... thermal (n,a) cross section is 1.01757e-10 +/- 5.08783e-11 b.
 ... thermal (n,a) cross section is 0 b. (random case 1)
 ... thermal (n,a) cross section is 0 b. (random case 2)
 ... thermal (n,a) cross section is 0 b. (random case 3)
 ... thermal (n,a) cross section is 0 b. (random case 4)
 ... thermal (n,a) cross section is 0 b. (random case 5)
 ... thermal (n,a) cross section is 0 b. (random case 6)
 ... thermal (n,p) cross section is 1.01757e-10 +/- 5.08783e-11 b.
 ... thermal (n,p) cross section is 0 b. (random case 1)
 ... thermal (n,p) cross section is 0 b. (random case 2)
 ... thermal (n,p) cross section is 0 b. (random case 3)
 ... thermal (n,p) cross section is 0 b. (random case 4)
 ... thermal (n,p) cross section is 0 b. (random case 5)
 ... thermal (n,p) cross section is 0 b. (random case 6)
 ... Rewrite index for MF2
 ... Write text for MF1 in file mf1.tares.txt
 ... plotting cross sections for the MF1
 ... order output files


================== summary ==================
 Thermal (n,tot) xs = 16.9107 b. 
 Thermal (n,el)  xs = 5.68953 b. 
 Thermal (n,g)   xs = 11.2212 b. (meas/sys: 9.961 b.)
 At 300 K (thermal adjustment): (n,el) = 5.70425 b., (n,g) = 11.2271 b.

 RI      (n,g)      = 57.6193 b. (meas or sys: - b.)
 RI      (n,el)     = 852.006 b.
=============================================


 ... cleaning
                                                 
  -------------------------------------------------------------
  -                                                           -
  - TARES: successful end of run with data from hypothetical  -
  - resonances for  Z= 74, A= 197 and isomer= 0               -
  - half-life: 1.000000 sec. 
  -                                                           -
  -------------------------------------------------------------

   Running time:       17 seconds

 End time: Wed Oct  7 11:39:00 2026

