
  -------------------------------------------------------------
  -                                                           -
  -              Welcome to TARES version 1.8                 -
  -                                                           -
  -  (C) Copyright 2007-2025 D. Rochman, All Rights Reserved  -
  -           NRG, Petten, the Netherlands 2007-2014          -
  -           PSI, Villigen    Switzerland 2015-2025          -
  -         Nagra, Wettingen   Switzerland 2025-              -
  -           (Last Modified October 06, 2026)                -
  -           (Database from October 06, 2026)                -
  -                                                           -
  -------------------------------------------------------------


  ---------------------------------------------
   Compilation information:
   Compiled on:         Oct  8 2026, 18:36:06
   Compiled by:         koning
   Compiler version:    clang++ - 21.0.0
   Source location:     /Users/koning/tares-1.8/source/Module/
   Binaries location:   /Users/koning/bin
   System:              Darwin 25.6.0
   System version:      Darwin Kernel Version 25.6.0: Fri Jul 31 19:19:08 PDT 2026; root:xnu-12377.161.14~5/RELEASE_ARM64_T6050  
   Machine:             arm64 
  ---------------------------------------------

   User information:
   User name:           koning
   Running directory:   /Users/koning/tendl/resbase/Cu071/work
   Owner mode for running directory : rwx
   Group mode for running directory : r-x
  ---------------------------------------------


 Starting time: Fri Oct  9 14:13:11 2026
 ... inputs directory found (/Users/koning/tares-1.8/source/Module//../../inputs/).
 ... It will be used for resonance parameters 
 ... ###############################################
 ... #     read the input file tares.inp
 ... ###############################################
 ... line: #
 ... line: # Input file generated by Autorochman
          --> line not read
 ... line: #
 ... line: isotope    Cu
          --> Isotope name: Cu
 ... line: mass       71
          --> isotopic mass: 71
 ... line: output     n-Cu071
         ---> Name of the output files: n-Cu071
 ... line: isomer     0
          --> isomeric state: 0
 ... line: mf32mf33   y
          --> MF33 based on MF32: y
 ... line: nbrRandom  6
          --> Nbr of random files: 6
 ... ###############################################
 ... # end read the input file tares.inp
 ... ###############################################
Value for random generator type not considered in since Tares 1.7 due to compilation issues

 ... ###############################################
     #   Interpretation of the Input definition    #
     ###############################################

 ... Default energy limit: End of resonance region
 ... Nuclear charge    = 29
 ... Element           = Cu
 ... Mass              = 71
 ... Isomer            = 0
 ... Correlation for (Gn,Gg) not included in random files
 ... Default random option: No random
 ... Output name: n-Cu071
 ... Energy for the MACS: 30000 eV
 ... Resonances from CALENDF reduced (reduce=y) 
 ... For URR, level density model from TALYS selected: 91n3n12611.2850 (see manual for description)
 ... Random Generator: default (pseudo random numbers from ansi c++)
 ... Reconstruction of cross section selected
 ... Doppler broadening at 0 Kelvin
 ... URR not included (from the input file flag)
 ... Weight for grouping is flat
 ... Calculation of (n,alpha) cross section selected
 ... Number of digit for MF32c covariance representation: 2
 ... MF32 included
 ... MF33 will be used for covariance processing
 ... TENDL option set to yes (automatic choice of MF2 and format)
 ... Isotope not found in the best file --> use of MLBW formalism
 ... default option: Multi level Breit Wigner approximation selected
 ... (check file best.tendl.yes for changing this option)
 ... Retroactive option set to no with the 2025 option
 ... ladder option set to yes (CALENDF will be used for statistical resonances)

 ... ###############################################
     #           End of Input definition           #
     ###############################################

 ... gnuplot found, will be used for plotting
 ... latex found, will be used for plotting
 ... dvips found, will be used for plotting
 ... ps2epsi not found, limited plotting available
 ... uncertainties on default parameters multiplied by 1.34962
 ... Read resonance data from the 2025 directory
 ... Resonance parameters taken from /Users/koning/tares-1.8/source/Module//../../inputs/2025/Resonance/default/
 ---> Processing Z= 29 and A= 71 and isomer= 0 (level number: 0)
 Exfor path; Could not find /Users/koning/tares-1.8/source/Module//../../inputs/exfor/Cu071/xs/102
Thermal file; Could not open file /Users/koning/tares-1.8/source/Module//../../inputs/2025/runThermal/results//thermal.mxw.ng.cendl3.1
Thermal file; Could not open file /Users/koning/tares-1.8/source/Module//../../inputs/2025/runThermal/results//thermal.mxw.ng.brond3.1
Thermal file; Could not open file /Users/koning/tares-1.8/source/Module//../../inputs/2025/runThermal/results//thermal.xs.ng.unc.cendl3.1
 ... spin taken from the final/ directory (1)

 ... ###############################################
 ... #  Nucleus global parameters (2025 database)  #
 ... ###############################################
 0. Half-life: 19.4 sec. 
 ... Scattering radius from TALYS: /Users/koning/tares-1.8/source/Module//../../inputs/2025/lib.urr/talys.urr/
 1. Spin of the target isotope: 1.5
 2. Relative Atomic Mass of the target isotope: 70.9326
 3. Scattering radius (local compilation): 5.51124 fm +/- 0.13227 fm
      .......................................
      ... Thermal capture cross sections: ...
 4. Thermal (n,g) cross section from systematics (TALYS, urr.dat): 2.69661 +/- 2.29212 b.
 5. Thermal (n,g) cross section from compilation (Firestone-2022 average on element Cu): 3.79 +/- 0.05 b.
 6. Thermal (n,g) cross section from compilation (Firestone-2022 final on element Cu): 3.782 +/- 0.015 b.
 7. Thermal (n,g) cross section from TENDL-2023: 2.697 b.
      .......................................
      ...  Thermal total cross sections:  ...
      .......................................
      ... Thermal elastic cross sections: ...
 8. Thermal (n,el) cross section from potential (4piR^2): 6.92631 +/- 0.346315 b.
      .......................................
             ... Resonance integral: ...
 9. No capture integral found in /Users/koning/tares-1.8/source/Module//../../inputs/capture.integral
 ... no RI(n,g) found in local compilation, take 2018 value.
 ... no RI(n,g) found in local compilation, take Sukhoruchkin value.
   ---- MACS 30 keV ----- 
 10. TALYS MACS 30 keV (HF): 0.0129276 b. 
   ---------- S0 -------- 
 11. S0 from TALYS: 1.89406
   ---------- S1 -------- 
 12. S1 from TALYS: 0.74521
   ---------- S2 -------- 
 13. S2 from TALYS: 3.80473
   ---------- D0 -------- 
 14. D0 from TALYS: 1172.84 eV
   ---------- D1 -------- 
 15. D1 from TALYS: 647.637 eV
   ---------- D2 -------- 
 16. D2 from TALYS: 478.948 eV
   ---------- G0 -------- 
 17. Gg0 from TALYS: 0.0612496 eV
   ---------- G1 -------- 
 18. Gg1 from TALYS: 0.0544747 eV
   ---------- G2 -------- 
 19. Gg2 from TALYS: 0.0665266 eV


   ---------------------- 
 ... Read resonance parameters (format: 2: Multi Level Breit Wigner)
 ... 0 resonances found 
 ... possibly no resonances in the Resonance directory for this isotope and options
 ... Use HFR (ladder) behavior 
 --> 21. Number of resonances from the input file: 2 up to 586.419 eV
 22. Read nuclear quantities (mass, MAT...)
 23. Read thermal (n,g) xs 
 24. Read the scattering radius 
 25. Read uncertainty on Gg for 2 resonances
 26. Read uncertainty on Gg for 2 resonances ... done
 ... order resonances 
 ... Upper limit for the RRR: 586.419 eV (no statistical resonances HFR) from the limit.RRR file
 ... Write parameters for l=0 waves
 ... End writing original MF2 
 ... No RRR in the database: uncertainties on default parameters multiplied by 1.99753
 ... Enter in urr function (ladder option set to y) for file n-Cu071
 ... read the file /Users/koning/tares-1.8/source/Module//../../inputs/2025/list.jcs.urr to find URR origin
 Default URR taken from TALYS calculations with level density model: 91n3n12611.2850
 File considered for the URR: /Users/koning/tares-1.8/source/Module//../../inputs/2025/lib.urr/talys.urr/91n3n12611.2850/Cu/urr/urr.dat.Cu.071.000.0.gz
 ... Write URR using TALYS average parameters (used for HFR)
 ... Limit of URR changed to 25 keV (recommendation from WPEC and JEFF)
 ... ---> Emax(RRR) taken from the file limit.ladder: 5000 eV <---
 ... (File limit.ladder: /Users/koning/tares-1.8/source/Module//../../inputs/2025/limit.ladder.91n3n12611.2850)
 ... read D0, S0, Gn and Gg
 ... number of URR energies: 2222
 Number of l: 2222 and last energy: 11
 Last  URR energy: 5000 eV
 ... Enter in to_MLBW_mf2 function
 ... Convert to Multi Level Breit Wigner (MLBW)
 ... Write parameter covariances (MF32) for l=0
 ... Convert parameter covariances (MF32) to MLBW
 ... copy the mf2 and mf32 to .mlbw files
 ... Enter in urr_correct function case 1
 Modify the higher limit of RRR in MF2
 --> old value: 5.893511+2 eV new value: 1.000000-2 eV
 Modify resonance covariances (MF32) to include correlations in the URR
 End Modify resonance covariances (MF32) to include correlations in the URR
 ... Enter in calendf_xs function
 Use CALENDF for statistical resonances (update MF2) up to 5.000000+3 eV (initial limit)
 Extract resonances from CALENDF for RRR->URR 2
 52 statistical resonances found
 After reduction, 49 statistical resonances found
 ... checking resonance order 1
 ... checking resonance order 2nd round for 47 resonances
 ... end checking resonance order 2nd round
 .......................................................
 ... Adjustment to the thermal cross section : start ...
 .......................................................

 Before adjustment (adjustment to the thermal cross section set to y)
 ... Import MF2 from TARES calculations
 ... End energy of TARES MF2 : 4.400954E+3 eV and limit to 40000 resonances
 ... File used for reconstruction: new.temp22.reconst
 ... run RECENT ...
 ... Doppler broadened at a unique temperature: 300 Kelvin using sigma1
 ... run SIGMA1 at 3.000000E+02 K.

 ============== INTER values at 300 Kelvin ==============
 Thermal (n,g) xs =  0.281943 b. (meas/sys: 2.69661 b.) (warning: comparison to be done at 296 or 300 K)
 Th Maxw (n,g) xs =  0.28357 b. (thermal Maxwellian value)
 Westcott factor  =  1.00577
 RI      (n,g)    =  2.11497 b. (meas or sys: - b.)
 MACS 3.000e+04 eV=  0.013358 b. (meas or sys: - b.) from 1.00E+00 to 2.00E+07 eV (end of RRR) at T= 300 Kelvin 
 Thermal (n,el) xs=  2.47403 b.
 RI      (n,el)   =  144.417 b.
 ============= PSYCHE values ==============
 Ave. G_total L0  =  18.8019 eV
 Ave. G_total L1  =  0.0906438 eV
 Ave. G_total L2  =  0.0543503 eV
 Ave. Gn_0    L0  =  0.432819
 Ave. Gn_0    L1  =  0.145063
 Ave. Gn_0    L2  =  4.352
 Ave. Gg      L0  =  0.0578139 eV
 Ave. Gg      L1  =  0.0555876 eV
 Ave. Gg      L2  =  0.0536603 eV
 Ave. D       L0  =  733.492 eV
 Ave. D       L1  =  628.708 eV
 Ave. D       L2  =  880.191 eV
 Ave. S       L0  =  0.000332194 eV
 Ave. S       L1  =  5.50258e-05 eV
 Ave. S       L2  =  0.000334417 eV
 =========================================
 Calculated capture integral   2.11497 b.
 Calculated thermal (n,g)=          .281943070 b. and recommended= 2.69661 b. (C/E= 0.104555)
 Calculated RI      (n,g)= 2.11497 b. (no reference value)
 ... tolerances: thermal (n,g) 20 % (reference uncertainties, minimum 2% and 5%, maximum 20%)
 Adjust the capture widths ...
 ... capture adjusted with Gn for 32 resonances (Gn<Gg) and with Gg for 15 resonances
 ... iteration 0: C/E thermal (n,g)= 0.104555

 <-------- After adjustment -------->
 ... Import MF2 from TARES calculations
 ... End energy of TARES MF2 : 4.400954E+3 eV and limit to 40000 resonances
 ... File used for reconstruction: new.temp22.reconst
 ... run RECENT ...
 ... Doppler broadened at a unique temperature: 300 Kelvin using sigma1
 ... run SIGMA1 at 3.000000E+02 K.

 ============== INTER values at 300 Kelvin ==============
 Thermal (n,g) xs =  2.21122 b. (meas/sys: 2.69661 b.) (warning: comparison to be done at 296 or 300 K)
 Th Maxw (n,g) xs =  2.224 b. (thermal Maxwellian value)
 Westcott factor  =  1.00577
 RI      (n,g)    =  11.3823 b. (meas or sys: - b.)
 MACS 3.000e+04 eV=  0.019593 b. (meas or sys: - b.) from 1.00E+00 to 2.00E+07 eV (end of RRR) at T= 300 Kelvin 
 Thermal (n,el) xs=  2.47403 b.
 RI      (n,el)   =  136.335 b.
 ============= PSYCHE values ==============
 Ave. G_total L0  =  19.1975 eV
 Ave. G_total L1  =  0.224797 eV
 Ave. G_total L2  =  0.0590718 eV
 Ave. Gn_0    L0  =  0.432819
 Ave. Gn_0    L1  =  0.711691
 Ave. Gn_0    L2  =  34.1318
 Ave. Gg      L0  =  0.453422 eV
 Ave. Gg      L1  =  0.103355 eV
 Ave. Gg      L2  =  0.0536603 eV
 Ave. D       L0  =  733.492 eV
 Ave. D       L1  =  628.708 eV
 Ave. D       L2  =  880.191 eV
 Ave. S       L0  =  0.000332194 eV
 Ave. S       L1  =  0.000270225 eV
 Ave. S       L2  =  0.00262276 eV
 =========================================
 ... iteration 1: C/E thermal (n,g)= 0.82


 ... ratio C/E thermal (n,g): 8.199999E-01
 ...................................................... 
 ... Adjustment to the thermal cross section : stop ...
 ...................................................... 
 ... new MF2 file after adjustment: n-Cu071
 ... read the file /Users/koning/tares-1.8/source/Module//../../inputs/2025/list.jcs.urr to find URR origin
 Default URR taken from TALYS calculations with level density model: 91n3n12611.2850
 File considered for the URR: /Users/koning/tares-1.8/source/Module//../../inputs/2025/lib.urr/talys.urr/91n3n12611.2850/Cu/urr/urr.dat.Cu.071.000.0.gz
 ... Write URR using TALYS average parameters (not used for HFR)
 ... Limit of URR changed to 25 keV (recommendation from WPEC and JEFF)
 Energy limit of the URR set to 5721.24 eV
 ... read D0, S0, Gn and Gg
 ... number of URR energies: 55
 Number of l: 55 and last energy: 11
 Last  URR energy: 5721.24 eV
 ... Enter in urr_correct function case 2
 Modify the higher limit of RRR in MF2
 --> old value: 4.400954+3 eV new value: 4.400954+3 eV
 Modify resonance covariances (MF32) to include correlations in the URR
 End Modify resonance covariances (MF32) to include correlations in the URR
 ... Enter in update_MF32 function
 ... Change uncertainties
 ... for the HFR, random position of the positive resonances with 0.020000 %
 ... end of update MF32 function
 ... GLS calculation of the parameter correlations from the thermal/RI adjustment (MF32c)
 ... MF32: correlations from the thermal/RI adjustment (GLS) for 10 resonances (20 widths), 1 correlation lines
 ...   thermal (n,g): uncertainty from these widths 0.571636 b. -> 0.554648 b. (reference: 2.69661 +/- 2.29212 b.)
 ... copy the mf2 and mf32 to .mlbw files

 ... Start of final reconstruction and testing ...
 ... Reconstruction of cross sections at 0 Kelvin  ... Import MF2 from TARES calculations
 ... End energy of TARES MF2 : 4.400954E+3 eV and limit to 40000 resonances
 ... File used for reconstruction: n-Cu071.reconst
 ... run RECENT ...
 ... Doppler broadened at a unique temperature: 0 Kelvin using sigma1
 ... The keyword temperature is zero, no Doppler broadening for the MACS

 ============== INTER values at 0 Kelvin ==============
 Thermal (n,g) xs =  2.21002 b. (meas/sys: 2.69661 b.) (warning: comparison to be done at 296 or 300 K)
 Th Maxw (n,g) xs =  2.2113 b. (thermal Maxwellian value)
 Westcott factor  =  1.00059
 RI      (n,g)    =  11.3675 b. (meas or sys: - b.)
 MACS 3.000e+04 eV=  0.019514 b. (meas or sys: - b.) from 1.00E+00 to 4.40E+03 eV (end of RRR) at T= 0 Kelvin 
 Thermal (n,el) xs=  2.45634 b.
 RI      (n,el)   =  135.831 b.
 ============= PSYCHE values ==============
 Ave. G_total L0  =  19.1975 eV
 Ave. G_total L1  =  0.224797 eV
 Ave. G_total L2  =  0.0590718 eV
 Ave. Gn_0    L0  =  0.432819
 Ave. Gn_0    L1  =  0.711691
 Ave. Gn_0    L2  =  34.1318
 Ave. Gg      L0  =  0.453422 eV
 Ave. Gg      L1  =  0.103355 eV
 Ave. Gg      L2  =  0.0536603 eV
 Ave. D       L0  =  733.492 eV
 Ave. D       L1  =  628.708 eV
 Ave. D       L2  =  880.191 eV
 Ave. S       L0  =  0.000332194 eV
 Ave. S       L1  =  0.000270225 eV
 Ave. S       L2  =  0.00262276 eV
 =========================================
 ... End of final reconstruction and testing ...

 ... grouping is not optimum, change to 70 groups
 ... Produce MF33 based on MF32 and 6 random files
 ... MF3 of n-Cu071.reconst (3 sections) added to the files for ENDSAM
 ... run endsam for 6 in groups of 1 global run
 ... run endsam from 1 to 6
 ... random files: total width GT set to Gn+Gg+Gf (282 resonances in 6 files)
 ... reorder resonance position after endsam (sampling)
 ... preparing the vectors  ... done
 ... nominal file 0 Cap(th)  ave= 2.210E+00 b. +/- 0.00 % || Ela(th) ave= 2.456E+00 b. +/- 0.00 % || RIcap ave= 1.14E+01 b. +/- 0.00 % || Macs30 ave= 1.95E-02 b. +/- 0.00 % || Gn^0(l=0) ave= 4.328E-01 +/- 0.00 % Gn^0(l=1) ave= 7.117E-01 +/- 0.00 % Gn^0(l=2) ave= 3.413E+01 +/- 0.00 % Gn^0(l=3) ave= 0.000E+00 +/- 0.00 % || Gtotal(l=0) ave= 1.920E+01 +/- 0.00 % Gtotal(l=1) ave= 2.248E-01 +/- 0.00 % Gtotal(l=2) ave= 5.907E-02 +/- 0.00 % Gtotal(l=3) ave= 0.000E+00 +/- 0.00 %  % || Gg(l=0) ave= 4.534E-01 +/- 0.00 % Gg(l=1) ave= 1.034E-01 +/- 0.00 % Gg(l=2) ave= 5.366E-02 +/- 0.00 % Gg(l=3) ave= 0.000E+00 +/- 0.00 %  % || D(l=0) ave= 7.335E+02 +/- 0.00 % D(l=1) ave= 6.287E+02 +/- 0.00 % D(l=2) ave= 8.802E+02 +/- 0.00 % D(l=3) ave= 0.000E+00 +/- 0.00 %  % || S(l=0) ave= 3.322E-04 +/- 0.00 % S(l=1) ave= 2.702E-04 +/- 0.00 % S(l=2) ave= 2.623E-03 +/- 0.00 % S(l=3) ave= 0.000E+00 +/- 0.00 % 
 ... random file  1 Cap(th)  ave= 2.712E+00 b. +/- 18.52 % || Ela(th) ave= 2.791E+00 b. +/- 11.99 % || RIcap ave= 1.40E+01 b. +/- 18.88 % || Macs30 ave= 1.94E-02 b. +/- 0.78 % || Gn^0(l=0) ave= 4.303E-01 +/- 0.58 % Gn^0(l=1) ave= 6.493E-01 +/- 9.61 % Gn^0(l=2) ave= 2.858E+01 +/- 19.44 % Gn^0(l=3) ave= 0.000E+00 +/- 0.00 % || Gtotal(l=0) ave= 1.911E+01 +/- 0.44 % Gtotal(l=1) ave= 2.117E-01 +/- 6.21 % Gtotal(l=2) ave= 5.526E-02 +/- 6.89 % Gtotal(l=3) ave= 0.000E+00 +/- 0.00 %  % || Gg(l=0) ave= 4.864E-01 +/- 6.77 % Gg(l=1) ave= 9.047E-02 +/- 14.24 % Gg(l=2) ave= 4.990E-02 +/- 7.54 % Gg(l=3) ave= 0.000E+00 +/- 0.00 %  % || D(l=0) ave= 7.335E+02 +/- 0.00 % D(l=1) ave= 6.287E+02 +/- 0.00 % D(l=2) ave= 8.802E+02 +/- 0.00 % D(l=3) ave= 0.000E+00 +/- 0.00 %  % || S(l=0) ave= 3.306E-04 +/- 0.50 % S(l=1) ave= 2.465E-04 +/- 9.62 % S(l=2) ave= 2.204E-03 +/- 18.99 % S(l=3) ave= 0.000E+00 +/- 0.00 % 
 ... random file  2 Cap(th)  ave= 2.596E+00 b. +/- 17.02 % || Ela(th) ave= 2.707E+00 b. +/- 11.00 % || RIcap ave= 1.30E+01 b. +/- 20.05 % || Macs30 ave= 1.93E-02 b. +/- 1.03 % || Gn^0(l=0) ave= 4.334E-01 +/- 1.11 % Gn^0(l=1) ave= 6.603E-01 +/- 8.07 % Gn^0(l=2) ave= 2.953E+01 +/- 16.02 % Gn^0(l=3) ave= 0.000E+00 +/- 0.00 % || Gtotal(l=0) ave= 1.921E+01 +/- 0.78 % Gtotal(l=1) ave= 2.175E-01 +/- 6.22 % Gtotal(l=2) ave= 5.892E-02 +/- 10.24 % Gtotal(l=3) ave= 0.000E+00 +/- 0.00 %  % || Gg(l=0) ave= 4.582E-01 +/- 10.48 % Gg(l=1) ave= 9.603E-02 +/- 13.68 % Gg(l=2) ave= 5.354E-02 +/- 11.19 % Gg(l=3) ave= 0.000E+00 +/- 0.00 %  % || D(l=0) ave= 7.335E+02 +/- 0.00 % D(l=1) ave= 6.287E+02 +/- 0.00 % D(l=2) ave= 8.802E+02 +/- 0.00 % D(l=3) ave= 0.000E+00 +/- 0.00 %  % || S(l=0) ave= 3.331E-04 +/- 1.14 % S(l=1) ave= 2.506E-04 +/- 8.06 % S(l=2) ave= 2.271E-03 +/- 15.62 % S(l=3) ave= 0.000E+00 +/- 0.00 % 
 ... random file  3 Cap(th)  ave= 2.454E+00 b. +/- 18.56 % || Ela(th) ave= 2.737E+00 b. +/- 9.61 % || RIcap ave= 1.25E+01 b. +/- 19.32 % || Macs30 ave= 1.90E-02 b. +/- 2.75 % || Gn^0(l=0) ave= 4.510E-01 +/- 6.81 % Gn^0(l=1) ave= 6.542E-01 +/- 7.23 % Gn^0(l=2) ave= 2.893E+01 +/- 14.61 % Gn^0(l=3) ave= 0.000E+00 +/- 0.00 % || Gtotal(l=0) ave= 1.995E+01 +/- 6.44 % Gtotal(l=1) ave= 2.254E-01 +/- 8.01 % Gtotal(l=2) ave= 5.538E-02 +/- 14.54 % Gtotal(l=3) ave= 0.000E+00 +/- 0.00 %  % || Gg(l=0) ave= 4.444E-01 +/- 10.79 % Gg(l=1) ave= 1.040E-01 +/- 17.23 % Gg(l=2) ave= 5.000E-02 +/- 16.06 % Gg(l=3) ave= 0.000E+00 +/- 0.00 %  % || D(l=0) ave= 7.702E+02 +/- 8.25 % D(l=1) ave= 6.287E+02 +/- 0.00 % D(l=2) ave= 8.802E+02 +/- 0.00 % D(l=3) ave= 0.000E+00 +/- 0.00 %  % || S(l=0) ave= 3.326E-04 +/- 1.02 % S(l=1) ave= 2.483E-04 +/- 7.23 % S(l=2) ave= 2.225E-03 +/- 14.27 % S(l=3) ave= 0.000E+00 +/- 0.00 % 
 ... random file  4 Cap(th)  ave= 2.538E+00 b. +/- 17.36 % || Ela(th) ave= 2.657E+00 b. +/- 10.71 % || RIcap ave= 1.26E+01 b. +/- 17.22 % || Macs30 ave= 1.92E-02 b. +/- 3.79 % || Gn^0(l=0) ave= 4.472E-01 +/- 6.36 % Gn^0(l=1) ave= 6.708E-01 +/- 8.03 % Gn^0(l=2) ave= 3.045E+01 +/- 15.92 % Gn^0(l=3) ave= 0.000E+00 +/- 0.00 % || Gtotal(l=0) ave= 1.979E+01 +/- 6.00 % Gtotal(l=1) ave= 2.208E-01 +/- 8.39 % Gtotal(l=2) ave= 5.397E-02 +/- 14.35 % Gtotal(l=3) ave= 0.000E+00 +/- 0.00 %  % || Gg(l=0) ave= 4.514E-01 +/- 9.99 % Gg(l=1) ave= 9.951E-02 +/- 18.48 % Gg(l=2) ave= 4.858E-02 +/- 15.90 % Gg(l=3) ave= 0.000E+00 +/- 0.00 %  % || D(l=0) ave= 7.628E+02 +/- 7.69 % D(l=1) ave= 6.287E+02 +/- 0.00 % D(l=2) ave= 8.802E+02 +/- 0.00 % D(l=3) ave= 0.000E+00 +/- 0.00 %  % || S(l=0) ave= 3.324E-04 +/- 0.92 % S(l=1) ave= 2.548E-04 +/- 8.15 % S(l=2) ave= 2.338E-03 +/- 15.53 % S(l=3) ave= 0.000E+00 +/- 0.00 % 
 ... random file  5 Cap(th)  ave= 2.416E+00 b. +/- 20.10 % || Ela(th) ave= 2.572E+00 b. +/- 12.49 % || RIcap ave= 1.19E+01 b. +/- 21.02 % || Macs30 ave= 1.94E-02 b. +/- 3.91 % || Gn^0(l=0) ave= 4.444E-01 +/- 6.01 % Gn^0(l=1) ave= 6.917E-01 +/- 9.80 % Gn^0(l=2) ave= 3.261E+01 +/- 20.10 % Gn^0(l=3) ave= 0.000E+00 +/- 0.00 % || Gtotal(l=0) ave= 1.969E+01 +/- 5.63 % Gtotal(l=1) ave= 2.206E-01 +/- 7.68 % Gtotal(l=2) ave= 5.441E-02 +/- 13.12 % Gtotal(l=3) ave= 0.000E+00 +/- 0.00 %  % || Gg(l=0) ave= 4.687E-01 +/- 12.04 % Gg(l=1) ave= 9.913E-02 +/- 16.96 % Gg(l=2) ave= 4.900E-02 +/- 14.52 % Gg(l=3) ave= 0.000E+00 +/- 0.00 %  % || D(l=0) ave= 7.579E+02 +/- 7.21 % D(l=1) ave= 6.287E+02 +/- 0.00 % D(l=2) ave= 8.802E+02 +/- 0.00 % D(l=3) ave= 0.000E+00 +/- 0.00 %  % || S(l=0) ave= 3.321E-04 +/- 0.87 % S(l=1) ave= 2.628E-04 +/- 9.89 % S(l=2) ave= 2.499E-03 +/- 19.60 % S(l=3) ave= 0.000E+00 +/- 0.00 % 
 ... random file  6 Cap(th)  ave= 2.437E+00 b. +/- 18.57 % || Ela(th) ave= 2.518E+00 b. +/- 12.93 % || RIcap ave= 1.18E+01 b. +/- 19.75 % || Macs30 ave= 1.95E-02 b. +/- 3.69 % || Gn^0(l=0) ave= 4.437E-01 +/- 5.59 % Gn^0(l=1) ave= 7.027E-01 +/- 9.71 % Gn^0(l=2) ave= 3.357E+01 +/- 19.38 % Gn^0(l=3) ave= 0.000E+00 +/- 0.00 % || Gtotal(l=0) ave= 1.966E+01 +/- 5.23 % Gtotal(l=1) ave= 2.229E-01 +/- 7.50 % Gtotal(l=2) ave= 5.724E-02 +/- 16.73 % Gtotal(l=3) ave= 0.000E+00 +/- 0.00 %  % || Gg(l=0) ave= 4.647E-01 +/- 11.44 % Gg(l=1) ave= 1.015E-01 +/- 16.40 % Gg(l=2) ave= 5.184E-02 +/- 18.49 % Gg(l=3) ave= 0.000E+00 +/- 0.00 %  % || D(l=0) ave= 7.544E+02 +/- 6.80 % D(l=1) ave= 6.287E+02 +/- 0.00 % D(l=2) ave= 8.802E+02 +/- 0.00 % D(l=3) ave= 0.000E+00 +/- 0.00 %  % || S(l=0) ave= 3.327E-04 +/- 0.92 % S(l=1) ave= 2.669E-04 +/- 9.78 % S(l=2) ave= 2.577E-03 +/- 19.10 % S(l=3) ave= 0.000E+00 +/- 0.00 % 
 ... Histogram plot for thermal (n,g)
 ... Write covariances  ... MT1  ... plot correlations
 ... MT2  ... MT102 


 ================================================
 ============== From 6 random values === start ======
 Thermal (n,tot) xs  0 K =  4.95514 b. +/- 0.667075 b. ( 13.4623 %) skew= +0.79 +/- 0.79
 Thermal (n,el) xs   0 K =  2.51803 b. +/- 0.325549 b. ( 12.9287 %) skew= +0.68 +/- 0.79
 Thermal (n,g) xs    0 K =  2.43711 b. +/- 0.452497 b. ( 18.5669 %) skew= +0.35 +/- 0.79
 RI      (n,g)       0 K =  11.8058 b. +/- 2.33118 b. ( 19.7461 %) 
 MACS    (n,g)       0 K (at Emacs= 30000 eV) =  0.0194713 b. +/- 0.000718224 b. ( 3.68863 %) 
 Ave. Gtotal  L=0        =  1.966E+01 +/- 5.23 %
 Ave. Gn^(0)  L=0        =  4.437E-01 +/- 5.59 %
 Ave. Gg      L=0        =  4.647E-01 +/- 11.44 %
 Ave. D       L=0        =  7.544E+02 +/- 6.80 %
 Ave. S       L=0        =  3.327E-04 +/- 0.92 %
 Ave. Gtotal  L=1        =  2.229E-01 +/- 7.50 %
 Ave. Gn^(1)  L=1        =  7.027E-01 +/- 9.71 %
 Ave. Gg      L=1        =  1.015E-01 +/- 16.40 %
 Ave. D       L=1        =  6.287E+02 +/- 0.00 %
 Ave. S       L=1        =  2.669E-04 +/- 9.78 %
 Ave. Gtotal  L=2        =  5.724E-02 +/- 16.73 %
 Ave. Gn^(2)  L=2        =  3.357E+01 +/- 19.38 %
 Ave. Gg      L=2        =  5.184E-02 +/- 18.49 %
 Ave. D       L=2        =  8.802E+02 +/- 0.00 %
 Ave. S       L=2        =  2.577E-03 +/- 19.10 %

 Expected Thermal (n,g) (syst or meas)= 2.69661 b. +/- 2.29212 b. nominal: 2.21002 b.
 ratio Calculated/expected thermal (n,g): 0.90 ratio DCalculated/Dexpected: 0.20 ratio Calculated/Nominal: 1.10
 ============== From 6 random values ===== stop ======
 ================================================
 ... Calculation of (n,a) and (n,p) cross sections at 300 K
 <<(n,a) Q-value negative for this element>> ... (n,p) Q-value negative for this element
 ... Rewrite index for MF2
 ... Write text for MF1 in file mf1.tares.txt
 ... plotting cross sections for the MF1
 ... order output files


================== summary ==================
 Thermal (n,tot) xs = 4.66636 b. 
 Thermal (n,el)  xs = 2.45634 b. 
 Thermal (n,g)   xs = 2.21002 b. (meas/sys: 2.69661 b.)
 At 300 K (thermal adjustment): (n,el) = 2.47403 b., (n,g) = 2.21122 b.

 RI      (n,g)      = 11.3675 b. (meas or sys: - b.)
 RI      (n,el)     = 135.831 b.
=============================================


 ... cleaning
                                                 
  -------------------------------------------------------------
  -                                                           -
  - TARES: successful end of run with data from hypothetical  -
  - resonances for  Z= 29,  A= 71 and isomer= 0               -
  - half-life: 19.400000 sec. 
  -                                                           -
  -------------------------------------------------------------

   Running time:       7 seconds

 End time: Fri Oct  9 14:13:18 2026

