
  -------------------------------------------------------------
  -                                                           -
  -              Welcome to TARES version 1.8                 -
  -                                                           -
  -  (C) Copyright 2007-2025 D. Rochman, All Rights Reserved  -
  -           NRG, Petten, the Netherlands 2007-2014          -
  -           PSI, Villigen    Switzerland 2015-2025          -
  -         Nagra, Wettingen   Switzerland 2025-              -
  -           (Last Modified October 06, 2026)                -
  -           (Database from October 06, 2026)                -
  -                                                           -
  -------------------------------------------------------------


  ---------------------------------------------
   Compilation information:
   Compiled on:         Oct  8 2026, 18:36:06
   Compiled by:         koning
   Compiler version:    clang++ - 21.0.0
   Source location:     /Users/koning/tares-1.8/source/Module/
   Binaries location:   /Users/koning/bin
   System:              Darwin 25.6.0
   System version:      Darwin Kernel Version 25.6.0: Fri Jul 31 19:19:08 PDT 2026; root:xnu-12377.161.14~5/RELEASE_ARM64_T6050  
   Machine:             arm64 
  ---------------------------------------------

   User information:
   User name:           koning
   Running directory:   /Users/koning/tendl/resbase/Tm156/work
   Owner mode for running directory : rwx
   Group mode for running directory : r-x
  ---------------------------------------------


 Starting time: Fri Oct  9 11:18:21 2026
 ... inputs directory found (/Users/koning/tares-1.8/source/Module//../../inputs/).
 ... It will be used for resonance parameters 
 ... ###############################################
 ... #     read the input file tares.inp
 ... ###############################################
 ... line: #
 ... line: # Input file generated by Autorochman
          --> line not read
 ... line: #
 ... line: isotope    Tm
          --> Isotope name: Tm
 ... line: mass       156
          --> isotopic mass: 156
 ... line: output     n-Tm156
         ---> Name of the output files: n-Tm156
 ... line: isomer     0
          --> isomeric state: 0
 ... line: mf32mf33   y
          --> MF33 based on MF32: y
 ... line: nbrRandom  6
          --> Nbr of random files: 6
 ... ###############################################
 ... # end read the input file tares.inp
 ... ###############################################
Value for random generator type not considered in since Tares 1.7 due to compilation issues

 ... ###############################################
     #   Interpretation of the Input definition    #
     ###############################################

 ... Default energy limit: End of resonance region
 ... Nuclear charge    = 69
 ... Element           = Tm
 ... Mass              = 156
 ... Isomer            = 0
 ... Correlation for (Gn,Gg) not included in random files
 ... Default random option: No random
 ... Output name: n-Tm156
 ... Energy for the MACS: 30000 eV
 ... Resonances from CALENDF reduced (reduce=y) 
 ... For URR, level density model from TALYS selected: 91n3n12611.2850 (see manual for description)
 ... Random Generator: default (pseudo random numbers from ansi c++)
 ... Reconstruction of cross section selected
 ... Doppler broadening at 0 Kelvin
 ... URR not included (from the input file flag)
 ... Weight for grouping is flat
 ... Calculation of (n,alpha) cross section selected
 ... Number of digit for MF32c covariance representation: 2
 ... MF32 included
 ... MF33 will be used for covariance processing
 ... TENDL option set to yes (automatic choice of MF2 and format)
 ... Isotope not found in the best file --> use of MLBW formalism
 ... default option: Multi level Breit Wigner approximation selected
 ... (check file best.tendl.yes for changing this option)
 ... Retroactive option set to no with the 2025 option
 ... ladder option set to yes (CALENDF will be used for statistical resonances)

 ... ###############################################
     #           End of Input definition           #
     ###############################################

 ... gnuplot found, will be used for plotting
 ... latex found, will be used for plotting
 ... dvips found, will be used for plotting
 ... ps2epsi not found, limited plotting available
 ... uncertainties on default parameters multiplied by 1.05368
 ... Read resonance data from the 2025 directory
 ... Resonance parameters taken from /Users/koning/tares-1.8/source/Module//../../inputs/2025/Resonance/default/
 ---> Processing Z= 69 and A= 156 and isomer= 0 (level number: 0)
 Exfor path; Could not find /Users/koning/tares-1.8/source/Module//../../inputs/exfor/Tm156/xs/102
Thermal file; Could not open file /Users/koning/tares-1.8/source/Module//../../inputs/2025/runThermal/results//thermal.mxw.ng.cendl3.1
Thermal file; Could not open file /Users/koning/tares-1.8/source/Module//../../inputs/2025/runThermal/results//thermal.mxw.ng.brond3.1
Thermal file; Could not open file /Users/koning/tares-1.8/source/Module//../../inputs/2025/runThermal/results//thermal.xs.ng.unc.cendl3.1
 ... spin taken from the final/ directory (1)

 ... ###############################################
 ... #  Nucleus global parameters (2025 database)  #
 ... ###############################################
 0. Half-life: 1.39667 min. 
 ... Scattering radius from TALYS: /Users/koning/tares-1.8/source/Module//../../inputs/2025/lib.urr/talys.urr/
 1. Spin of the target isotope: 2
 2. Relative Atomic Mass of the target isotope: 155.938
 3. Scattering radius (local compilation): 7.14603 fm +/- 0.150067 fm
      .......................................
      ... Thermal capture cross sections: ...
 4. Thermal (n,g) cross section from systematics (TALYS, urr.dat): 167.28 +/- 117.096 b.
 5. Thermal (n,g) cross section from compilation (Firestone-2022 average on element Tm): 120 +/- 6 b.
 6. Thermal (n,g) cross section from compilation (Firestone-2022 final on element Tm): 107 +/- 3 b.
 7. Thermal (n,g) cross section from TENDL-2023: 167.4 b.
      .......................................
      ...  Thermal total cross sections:  ...
      .......................................
      ... Thermal elastic cross sections: ...
 8. Thermal (n,el) cross section from potential (4piR^2): 8.98084 +/- 0.449042 b.
      .......................................
             ... Resonance integral: ...
 9. No capture integral found in /Users/koning/tares-1.8/source/Module//../../inputs/capture.integral
 ... no RI(n,g) found in local compilation, take 2018 value.
 ... no RI(n,g) found in local compilation, take Sukhoruchkin value.
   ---- MACS 30 keV ----- 
 10. TALYS MACS 30 keV (HF): 11.3429 b. 
   ---------- S0 -------- 
 11. S0 from TALYS: 11.7933
   ---------- S1 -------- 
 12. S1 from TALYS: 0.428333
   ---------- S2 -------- 
 13. S2 from TALYS: 6.90353
   ---------- D0 -------- 
 14. D0 from TALYS: 0.0437554 eV
   ---------- D1 -------- 
 15. D1 from TALYS: 0.0225576 eV
   ---------- D2 -------- 
 16. D2 from TALYS: 0.0158254 eV
   ---------- G0 -------- 
 17. Gg0 from TALYS: 0.125902 eV
   ---------- G1 -------- 
 18. Gg1 from TALYS: 0.12711 eV
   ---------- G2 -------- 
 19. Gg2 from TALYS: 0.127117 eV


   ---------------------- 
 ... Read resonance parameters (format: 2: Multi Level Breit Wigner)
 ... 0 resonances found 
 ... possibly no resonances in the Resonance directory for this isotope and options
 ... Use HFR (ladder) behavior 
 --> 21. Number of resonances from the input file: 2 up to 0.0218777 eV
 22. Read nuclear quantities (mass, MAT...)
 23. Read thermal (n,g) xs 
 24. Read the scattering radius 
 25. Read uncertainty on Gg for 2 resonances
 26. Read uncertainty on Gg for 2 resonances ... done
 ... order resonances 
 ... Upper limit for the RRR: 0.0218777 eV (no statistical resonances HFR) from the limit.RRR file
 ... Write parameters for l=0 waves
 ... End writing original MF2 
 ... No RRR in the database: uncertainties on default parameters multiplied by 1.99753
 ... Enter in urr function (ladder option set to y) for file n-Tm156
 ... read the file /Users/koning/tares-1.8/source/Module//../../inputs/2025/list.jcs.urr to find URR origin
 Default URR taken from TALYS calculations with level density model: 91n3n12611.2850
 File considered for the URR: /Users/koning/tares-1.8/source/Module//../../inputs/2025/lib.urr/talys.urr/91n3n12611.2850/Tm/urr/urr.dat.Tm.156.000.0.gz
 ... Write URR using TALYS average parameters (used for HFR)
 ... Limit of URR changed to 25 keV (recommendation from WPEC and JEFF)
 ... Extract the Sn value from file ./urr.dat.Tm.156.0.0
 ... found Sn= 9.94618 MeV
 ... estimated number of resonances up to 160.262 eV: 3662.67 resonances, too high ?
 ... estimated number of resonances up to 80.1308 eV: 1831.33 resonances, too high ?
 ... estimated number of resonances up to 40.0654 eV:  915.667 resonances
 ... This is a test here. The higher energy limit to include URR data for calendf is set to max Sn. 24/03/2016
 ... Use Sn to define the maximum energy for the URR: Sn= 9.94618 MeV --> last_energyURR= 40.0654 eV
 ... read D0, S0, Gn and Gg
 ... number of URR energies: 1375
 Number of l: 1375 and last energy: 11
 Last  URR energy: 40.0654 eV
 ... Enter in to_MLBW_mf2 function
 ... Convert to Multi Level Breit Wigner (MLBW)
 ... Write parameter covariances (MF32) for l=0
 ... Convert parameter covariances (MF32) to MLBW
 ... copy the mf2 and mf32 to .mlbw files
 ... Enter in urr_correct function case 1
 Modify the higher limit of RRR in MF2
 --> old value: 2.198700-2 eV new value: 1.000000-2 eV
 Modify resonance covariances (MF32) to include correlations in the URR
 End Modify resonance covariances (MF32) to include correlations in the URR
 ... Enter in calendf_xs function
 Use CALENDF for statistical resonances (update MF2) up to 4.006540+1 eV (initial limit)
 Extract resonances from CALENDF for RRR->URR 2
 2313 statistical resonances found
 After reduction, 2313 statistical resonances found
 ... checking resonance order 1
 ... checking resonance order 2nd round for 2308 resonances
 ... end checking resonance order 2nd round
 Too many resonances (2308): reduced to 100.
 .......................................................
 ... Adjustment to the thermal cross section : start ...
 .......................................................

 Before adjustment (adjustment to the thermal cross section set to y)
 ... Import MF2 from TARES calculations
 ... End energy of TARES MF2 : 3.567118E+0 eV and limit to 40000 resonances
 ... File used for reconstruction: new.temp22.reconst
 ... run RECENT ...
 ... Doppler broadened at a unique temperature: 300 Kelvin using sigma1
 ... run SIGMA1 at 3.000000E+02 K.

 ============== INTER values at 300 Kelvin ==============
 Thermal (n,g) xs =  12849 b. (meas/sys: 167.28 b.) (warning: comparison to be done at 296 or 300 K)
 Th Maxw (n,g) xs =  14487 b. (thermal Maxwellian value)
 Westcott factor  =  1.12745
 RI      (n,g)    =  13424.3 b. (meas or sys: - b.)
 MACS 3.000e+04 eV=  11.291 b. (meas or sys: - b.) from 1.00E+00 to 2.00E+07 eV (end of RRR) at T= 300 Kelvin 
 Thermal (n,el) xs=  3.298 b.
 RI      (n,el)   =  56.8847 b.
 ============= PSYCHE values ==============
 Ave. G_total L0  =  0.124918 eV
 Ave. G_total L1  =  0.125179 eV
 Ave. Gn_0    L0  =  0.000114059
 Ave. Gn_0    L1  =  1.89815e-05
 Ave. Gg      L0  =  0.124773 eV
 Ave. Gg      L1  =  0.125179 eV
 Ave. D       L0  =  0.0435013 eV
 Ave. D       L1  =  0.356711 eV
 Ave. S       L0  =  0.00133818 eV
 Ave. S       L1  =  8.62625e-06 eV
 =========================================
 Calculated capture integral   13424.3 b.
 Calculated thermal (n,g)=          12848.9854 b. and recommended= 167.28 b. (C/E= 76.8112)
 Calculated RI      (n,g)= 13424.3 b. (no reference value)
 ... tolerances: thermal (n,g) 20 % (reference uncertainties, minimum 2% and 5%, maximum 20%)
 Adjust the capture widths ...
 ... capture adjusted with Gn for 100 resonances (Gn<Gg) and with Gg for 0 resonances
 ... iteration 0: C/E thermal (n,g)= 76.8112
 Warning: 100 widths limited to a change of a factor 10 from their starting values

 <-------- After adjustment -------->
 ... Import MF2 from TARES calculations
 ... End energy of TARES MF2 : 3.567118E+0 eV and limit to 40000 resonances
 ... File used for reconstruction: new.temp22.reconst
 ... run RECENT ...
 ... Doppler broadened at a unique temperature: 300 Kelvin using sigma1
 ... run SIGMA1 at 3.000000E+02 K.

 ============== INTER values at 300 Kelvin ==============
 Thermal (n,g) xs =  1284.95 b. (meas/sys: 167.28 b.) (warning: comparison to be done at 296 or 300 K)
 Th Maxw (n,g) xs =  1448.8 b. (thermal Maxwellian value)
 Westcott factor  =  1.12752
 RI      (n,g)    =  4819.07 b. (meas or sys: - b.)
 MACS 3.000e+04 eV=  11.292 b. (meas or sys: - b.) from 1.00E+00 to 2.00E+07 eV (end of RRR) at T= 300 Kelvin 
 Thermal (n,el) xs=  4.75847 b.
 RI      (n,el)   =  12.432 b.
 ============= PSYCHE values ==============
 Ave. G_total L0  =  0.124788 eV
 Ave. G_total L1  =  0.125179 eV
 Ave. Gn_0    L0  =  1.14059e-05
 Ave. Gn_0    L1  =  1.89815e-06
 Ave. Gg      L0  =  0.124773 eV
 Ave. Gg      L1  =  0.125179 eV
 Ave. D       L0  =  0.0435013 eV
 Ave. D       L1  =  0.356711 eV
 Ave. S       L0  =  0.000133818 eV
 Ave. S       L1  =  8.62625e-07 eV
 =========================================
 ... iteration 1: C/E thermal (n,g)= 7.68144
 Warning: 100 widths limited to a change of a factor 10 from their starting values

 <-------- After adjustment -------->
 ... Import MF2 from TARES calculations
 ... End energy of TARES MF2 : 3.567118E+0 eV and limit to 40000 resonances
 ... File used for reconstruction: new.temp22.reconst
 ... run RECENT ...
 ... Doppler broadened at a unique temperature: 300 Kelvin using sigma1
 ... run SIGMA1 at 3.000000E+02 K.

 ============== INTER values at 300 Kelvin ==============
 Thermal (n,g) xs =  1284.95 b. (meas/sys: 167.28 b.) (warning: comparison to be done at 296 or 300 K)
 Th Maxw (n,g) xs =  1448.8 b. (thermal Maxwellian value)
 Westcott factor  =  1.12752
 RI      (n,g)    =  4819.07 b. (meas or sys: - b.)
 MACS 3.000e+04 eV=  11.292 b. (meas or sys: - b.) from 1.00E+00 to 2.00E+07 eV (end of RRR) at T= 300 Kelvin 
 Thermal (n,el) xs=  4.75847 b.
 RI      (n,el)   =  12.432 b.
 ============= PSYCHE values ==============
 Ave. G_total L0  =  0.124788 eV
 Ave. G_total L1  =  0.125179 eV
 Ave. Gn_0    L0  =  1.14059e-05
 Ave. Gn_0    L1  =  1.89815e-06
 Ave. Gg      L0  =  0.124773 eV
 Ave. Gg      L1  =  0.125179 eV
 Ave. D       L0  =  0.0435013 eV
 Ave. D       L1  =  0.356711 eV
 Ave. S       L0  =  0.000133818 eV
 Ave. S       L1  =  8.62625e-07 eV
 =========================================
 ... iteration 2: C/E thermal (n,g)= 7.68144
 Warning: no further change possible (widths at the limit of a factor 10): adjustment stopped


 ... ratio C/E thermal (n,g): 7.681439E+00
 ...................................................... 
 ... Adjustment to the thermal cross section : stop ...
 ...................................................... 
 ... new MF2 file after adjustment: n-Tm156
 ... read the file /Users/koning/tares-1.8/source/Module//../../inputs/2025/list.jcs.urr to find URR origin
 Default URR taken from TALYS calculations with level density model: 91n3n12611.2850
 File considered for the URR: /Users/koning/tares-1.8/source/Module//../../inputs/2025/lib.urr/talys.urr/91n3n12611.2850/Tm/urr/urr.dat.Tm.156.000.0.gz
 ... Write URR using TALYS average parameters (not used for HFR)
 ... Limit of URR changed to 25 keV (recommendation from WPEC and JEFF)
 ... read D0, S0, Gn and Gg
 ... number of URR energies: 2134
 Number of l: 2134 and last energy: 11
 Last  URR energy: 114048 eV
 Energies in the URR : 2134 -> reduced by a factor 2
 Energies in the URR : 1100 -> reduced by a factor 2
 Energies in the URR : 616 -> reduced by a factor 2
 Energies in the URR : 363 -> reduced by a factor 2
 ... Enter in urr_correct function case 2
 Modify the higher limit of RRR in MF2
 --> old value: 3.567118+0 eV new value: 3.567118+0 eV
 Modify resonance covariances (MF32) to include correlations in the URR
 End Modify resonance covariances (MF32) to include correlations in the URR
 ... Enter in update_MF32 function
 ... Change uncertainties
 ... for the HFR, random position of the positive resonances with 0.020000 %
 ... end of update MF32 function
 ... GLS calculation of the parameter correlations from the thermal/RI adjustment (MF32c)
 ... MF32: correlations from the thermal/RI adjustment (GLS) for 19 resonances (21 widths), 63 correlation lines
 ...   thermal (n,g): uncertainty from these widths 103.655 b. -> 77.6142 b. (reference: 167.28 +/- 117.096 b.)
 ... copy the mf2 and mf32 to .mlbw files

 ... Start of final reconstruction and testing ...
 ... Reconstruction of cross sections at 0 Kelvin  ... Import MF2 from TARES calculations
 ... End energy of TARES MF2 : 3.567118E+0 eV and limit to 40000 resonances
 ... File used for reconstruction: n-Tm156.reconst
 ... run RECENT ...
 ... Doppler broadened at a unique temperature: 0 Kelvin using sigma1
 ... The keyword temperature is zero, no Doppler broadening for the MACS

 ============== INTER values at 0 Kelvin ==============
 Thermal (n,g) xs =  1281.96 b. (meas/sys: 167.28 b.) (warning: comparison to be done at 296 or 300 K)
 Th Maxw (n,g) xs =  1438 b. (thermal Maxwellian value)
 Westcott factor  =  1.1217
 RI      (n,g)    =  4796.1 b. (meas or sys: - b.)
 MACS 3.000e+04 eV=  11.225 b. (meas or sys: - b.) from 1.00E+00 to 3.57E+00 eV (end of RRR) at T= 0 Kelvin 
 Thermal (n,el) xs=  4.74446 b.
 RI      (n,el)   =  12.4255 b.
 ============= PSYCHE values ==============
 Ave. G_total L0  =  0.124788 eV
 Ave. G_total L1  =  0.125179 eV
 Ave. Gn_0    L0  =  1.14059e-05
 Ave. Gn_0    L1  =  1.89815e-06
 Ave. Gg      L0  =  0.124773 eV
 Ave. Gg      L1  =  0.125179 eV
 Ave. D       L0  =  0.0435013 eV
 Ave. D       L1  =  0.356711 eV
 Ave. S       L0  =  0.000133818 eV
 Ave. S       L1  =  8.62625e-07 eV
 =========================================
 ... End of final reconstruction and testing ...

 ... grouping is not optimum, change to 70 groups
 ... Produce MF33 based on MF32 and 6 random files
 ... MF3 of n-Tm156.reconst (3 sections) added to the files for ENDSAM
 ... run endsam for 6 in groups of 1 global run
 ... run endsam from 1 to 6
 ... random files: total width GT set to Gn+Gg+Gf (600 resonances in 6 files)
 ... reorder resonance position after endsam (sampling)
 ... preparing the vectors  ... done
 ... nominal file 0 Cap(th)  ave= 1.282E+03 b. +/- 0.00 % || Ela(th) ave= 4.744E+00 b. +/- 0.00 % || RIcap ave= 4.80E+03 b. +/- 0.00 % || Macs30 ave= 1.12E+01 b. +/- 0.00 % || Gn^0(l=0) ave= 1.141E-05 +/- 0.00 % Gn^0(l=1) ave= 1.898E-06 +/- 0.00 % Gn^0(l=2) ave= 0.000E+00 +/- 0.00 % Gn^0(l=3) ave= 0.000E+00 +/- 0.00 % || Gtotal(l=0) ave= 1.248E-01 +/- 0.00 % Gtotal(l=1) ave= 1.252E-01 +/- 0.00 % Gtotal(l=2) ave= 0.000E+00 +/- 0.00 % Gtotal(l=3) ave= 0.000E+00 +/- 0.00 %  % || Gg(l=0) ave= 1.248E-01 +/- 0.00 % Gg(l=1) ave= 1.252E-01 +/- 0.00 % Gg(l=2) ave= 0.000E+00 +/- 0.00 % Gg(l=3) ave= 0.000E+00 +/- 0.00 %  % || D(l=0) ave= 4.350E-02 +/- 0.00 % D(l=1) ave= 3.567E-01 +/- 0.00 % D(l=2) ave= 0.000E+00 +/- 0.00 % D(l=3) ave= 0.000E+00 +/- 0.00 %  % || S(l=0) ave= 1.338E-04 +/- 0.00 % S(l=1) ave= 8.626E-07 +/- 0.00 % S(l=2) ave= 0.000E+00 +/- 0.00 % S(l=3) ave= 0.000E+00 +/- 0.00 % 
 ... random file  1 Cap(th)  ave= 1.300E+03 b. +/- 1.40 % || Ela(th) ave= 4.491E+00 b. +/- 5.65 % || RIcap ave= 4.78E+03 b. +/- 0.28 % || Macs30 ave= 1.12E+01 b. +/- 0.00 % || Gn^0(l=0) ave= 1.133E-05 +/- 0.68 % Gn^0(l=1) ave= 2.010E-06 +/- 5.54 % Gn^0(l=2) ave= 0.000E+00 +/- 0.00 % Gn^0(l=3) ave= 0.000E+00 +/- 0.00 % || Gtotal(l=0) ave= 1.288E-01 +/- 3.11 % Gtotal(l=1) ave= 1.133E-01 +/- 10.48 % Gtotal(l=2) ave= 0.000E+00 +/- 0.00 % Gtotal(l=3) ave= 0.000E+00 +/- 0.00 %  % || Gg(l=0) ave= 1.288E-01 +/- 3.11 % Gg(l=1) ave= 1.133E-01 +/- 10.48 % Gg(l=2) ave= 0.000E+00 +/- 0.00 % Gg(l=3) ave= 0.000E+00 +/- 0.00 %  % || D(l=0) ave= 4.377E-02 +/- 0.61 % D(l=1) ave= 3.567E-01 +/- 0.00 % D(l=2) ave= 0.000E+00 +/- 0.00 % D(l=3) ave= 0.000E+00 +/- 0.00 %  % || S(l=0) ave= 1.325E-04 +/- 1.01 % S(l=1) ave= 9.132E-07 +/- 5.54 % S(l=2) ave= 0.000E+00 +/- 0.00 % S(l=3) ave= 0.000E+00 +/- 0.00 % 
 ... random file  2 Cap(th)  ave= 1.247E+03 b. +/- 6.13 % || Ela(th) ave= 4.874E+00 b. +/- 11.91 % || RIcap ave= 4.79E+03 b. +/- 0.32 % || Macs30 ave= 1.12E+01 b. +/- 0.00 % || Gn^0(l=0) ave= 1.129E-05 +/- 0.71 % Gn^0(l=1) ave= 1.884E-06 +/- 10.56 % Gn^0(l=2) ave= 0.000E+00 +/- 0.00 % Gn^0(l=3) ave= 0.000E+00 +/- 0.00 % || Gtotal(l=0) ave= 1.268E-01 +/- 3.44 % Gtotal(l=1) ave= 1.143E-01 +/- 8.58 % Gtotal(l=2) ave= 0.000E+00 +/- 0.00 % Gtotal(l=3) ave= 0.000E+00 +/- 0.00 %  % || Gg(l=0) ave= 1.267E-01 +/- 3.44 % Gg(l=1) ave= 1.143E-01 +/- 8.58 % Gg(l=2) ave= 0.000E+00 +/- 0.00 % Gg(l=3) ave= 0.000E+00 +/- 0.00 %  % || D(l=0) ave= 4.386E-02 +/- 0.58 % D(l=1) ave= 3.567E-01 +/- 0.00 % D(l=2) ave= 0.000E+00 +/- 0.00 % D(l=3) ave= 0.000E+00 +/- 0.00 %  % || S(l=0) ave= 1.319E-04 +/- 1.02 % S(l=1) ave= 8.563E-07 +/- 10.56 % S(l=2) ave= 0.000E+00 +/- 0.00 % S(l=3) ave= 0.000E+00 +/- 0.00 % 
 ... random file  3 Cap(th)  ave= 1.251E+03 b. +/- 5.32 % || Ela(th) ave= 5.299E+00 b. +/- 16.81 % || RIcap ave= 4.79E+03 b. +/- 0.28 % || Macs30 ave= 1.12E+01 b. +/- 0.00 % || Gn^0(l=0) ave= 1.132E-05 +/- 0.74 % Gn^0(l=1) ave= 1.772E-06 +/- 14.67 % Gn^0(l=2) ave= 0.000E+00 +/- 0.00 % Gn^0(l=3) ave= 0.000E+00 +/- 0.00 % || Gtotal(l=0) ave= 1.244E-01 +/- 4.46 % Gtotal(l=1) ave= 1.198E-01 +/- 10.64 % Gtotal(l=2) ave= 0.000E+00 +/- 0.00 % Gtotal(l=3) ave= 0.000E+00 +/- 0.00 %  % || Gg(l=0) ave= 1.244E-01 +/- 4.46 % Gg(l=1) ave= 1.198E-01 +/- 10.64 % Gg(l=2) ave= 0.000E+00 +/- 0.00 % Gg(l=3) ave= 0.000E+00 +/- 0.00 %  % || D(l=0) ave= 4.377E-02 +/- 0.61 % D(l=1) ave= 3.567E-01 +/- 0.00 % D(l=2) ave= 0.000E+00 +/- 0.00 % D(l=3) ave= 0.000E+00 +/- 0.00 %  % || S(l=0) ave= 1.324E-04 +/- 1.07 % S(l=1) ave= 8.053E-07 +/- 14.66 % S(l=2) ave= 0.000E+00 +/- 0.00 % S(l=3) ave= 0.000E+00 +/- 0.00 % 
 ... random file  4 Cap(th)  ave= 1.241E+03 b. +/- 5.08 % || Ela(th) ave= 5.116E+00 b. +/- 17.13 % || RIcap ave= 4.79E+03 b. +/- 0.29 % || Macs30 ave= 1.12E+01 b. +/- 0.00 % || Gn^0(l=0) ave= 1.133E-05 +/- 0.68 % Gn^0(l=1) ave= 1.821E-06 +/- 13.86 % Gn^0(l=2) ave= 0.000E+00 +/- 0.00 % Gn^0(l=3) ave= 0.000E+00 +/- 0.00 % || Gtotal(l=0) ave= 1.232E-01 +/- 4.51 % Gtotal(l=1) ave= 1.184E-01 +/- 9.92 % Gtotal(l=2) ave= 0.000E+00 +/- 0.00 % Gtotal(l=3) ave= 0.000E+00 +/- 0.00 %  % || Gg(l=0) ave= 1.232E-01 +/- 4.51 % Gg(l=1) ave= 1.184E-01 +/- 9.92 % Gg(l=2) ave= 0.000E+00 +/- 0.00 % Gg(l=3) ave= 0.000E+00 +/- 0.00 %  % || D(l=0) ave= 4.372E-02 +/- 0.60 % D(l=1) ave= 3.567E-01 +/- 0.00 % D(l=2) ave= 0.000E+00 +/- 0.00 % D(l=3) ave= 0.000E+00 +/- 0.00 %  % || S(l=0) ave= 1.326E-04 +/- 1.00 % S(l=1) ave= 8.277E-07 +/- 13.86 % S(l=2) ave= 0.000E+00 +/- 0.00 % S(l=3) ave= 0.000E+00 +/- 0.00 % 
 ... random file  5 Cap(th)  ave= 1.252E+03 b. +/- 5.04 % || Ela(th) ave= 4.904E+00 b. +/- 18.97 % || RIcap ave= 4.79E+03 b. +/- 0.27 % || Macs30 ave= 1.12E+01 b. +/- 0.00 % || Gn^0(l=0) ave= 1.132E-05 +/- 0.65 % Gn^0(l=1) ave= 1.890E-06 +/- 14.65 % Gn^0(l=2) ave= 0.000E+00 +/- 0.00 % Gn^0(l=3) ave= 0.000E+00 +/- 0.00 % || Gtotal(l=0) ave= 1.224E-01 +/- 4.35 % Gtotal(l=1) ave= 1.217E-01 +/- 10.65 % Gtotal(l=2) ave= 0.000E+00 +/- 0.00 % Gtotal(l=3) ave= 0.000E+00 +/- 0.00 %  % || Gg(l=0) ave= 1.224E-01 +/- 4.35 % Gg(l=1) ave= 1.217E-01 +/- 10.65 % Gg(l=2) ave= 0.000E+00 +/- 0.00 % Gg(l=3) ave= 0.000E+00 +/- 0.00 %  % || D(l=0) ave= 4.377E-02 +/- 0.61 % D(l=1) ave= 3.567E-01 +/- 0.00 % D(l=2) ave= 0.000E+00 +/- 0.00 % D(l=3) ave= 0.000E+00 +/- 0.00 %  % || S(l=0) ave= 1.324E-04 +/- 0.97 % S(l=1) ave= 8.589E-07 +/- 14.65 % S(l=2) ave= 0.000E+00 +/- 0.00 % S(l=3) ave= 0.000E+00 +/- 0.00 % 
 ... random file  6 Cap(th)  ave= 1.251E+03 b. +/- 4.67 % || Ela(th) ave= 5.059E+00 b. +/- 18.61 % || RIcap ave= 4.79E+03 b. +/- 0.26 % || Macs30 ave= 1.12E+01 b. +/- 0.00 % || Gn^0(l=0) ave= 1.132E-05 +/- 0.61 % Gn^0(l=1) ave= 1.839E-06 +/- 15.52 % Gn^0(l=2) ave= 0.000E+00 +/- 0.00 % Gn^0(l=3) ave= 0.000E+00 +/- 0.00 % || Gtotal(l=0) ave= 1.224E-01 +/- 4.03 % Gtotal(l=1) ave= 1.243E-01 +/- 11.00 % Gtotal(l=2) ave= 0.000E+00 +/- 0.00 % Gtotal(l=3) ave= 0.000E+00 +/- 0.00 %  % || Gg(l=0) ave= 1.224E-01 +/- 4.03 % Gg(l=1) ave= 1.243E-01 +/- 11.00 % Gg(l=2) ave= 0.000E+00 +/- 0.00 % Gg(l=3) ave= 0.000E+00 +/- 0.00 %  % || D(l=0) ave= 4.381E-02 +/- 0.61 % D(l=1) ave= 3.567E-01 +/- 0.00 % D(l=2) ave= 0.000E+00 +/- 0.00 % D(l=3) ave= 0.000E+00 +/- 0.00 %  % || S(l=0) ave= 1.323E-04 +/- 0.93 % S(l=1) ave= 8.357E-07 +/- 15.51 % S(l=2) ave= 0.000E+00 +/- 0.00 % S(l=3) ave= 0.000E+00 +/- 0.00 % 
 ... Histogram plot for thermal (n,g)
 ... Write covariances  ... MT1  ... plot correlations
 ... MT2  ... MT102 


 ================================================
 ============== From 6 random values === start ======
 Thermal (n,tot) xs  0 K =  1256.43 b. +/- 58.0583 b. ( 4.62089 %) skew= -0.70 +/- 0.79
 Thermal (n,el) xs   0 K =  5.05915 b. +/- 0.941601 b. ( 18.6119 %) skew= +0.30 +/- 0.79
 Thermal (n,g) xs    0 K =  1251.37 b. +/- 58.4245 b. ( 4.66884 %) skew= -0.68 +/- 0.79
 RI      (n,g)       0 K =  4788.8 b. +/- 12.2407 b. ( 0.255611 %) 
 MACS    (n,g)       0 K (at Emacs= 30000 eV) =  11.225 b. +/- 9.53674e-07 b. ( 8.49599e-06 %) 
 Ave. Gtotal  L=0        =  1.224E-01 +/- 4.03 %
 Ave. Gn^(0)  L=0        =  1.132E-05 +/- 0.61 %
 Ave. Gg      L=0        =  1.224E-01 +/- 4.03 %
 Ave. D       L=0        =  4.381E-02 +/- 0.61 %
 Ave. S       L=0        =  1.323E-04 +/- 0.93 %
 Ave. Gtotal  L=1        =  1.243E-01 +/- 11.00 %
 Ave. Gg      L=1        =  1.243E-01 +/- 11.00 %
 Ave. D       L=1        =  3.567E-01 +/- 0.00 %
 Ave. S       L=1        =  8.357E-07 +/- 15.51 %

 Expected Thermal (n,g) (syst or meas)= 167.28 b. +/- 117.096 b. nominal: 1281.96 b.
 ratio Calculated/expected thermal (n,g): 7.48 ratio DCalculated/Dexpected: 0.50 ratio Calculated/Nominal: 0.98
 ============== From 6 random values ===== stop ======
 ================================================
 ... Calculation of (n,a) and (n,p) cross sections at 300 K
 ... thermal (n,a) cross section is 6.09972e-08 +/- 3.04986e-08 b.
 ... thermal (n,a) cross section is 1.24507e-07 b. (random case 1)
 ... thermal (n,a) cross section is 2.31372e-09 b. (random case 2)
 ... thermal (n,a) cross section is 2.70364e-08 b. (random case 3)
 ... thermal (n,a) cross section is 1.72353e-08 b. (random case 4)
 ... thermal (n,a) cross section is 6.64936e-08 b. (random case 5)
 ... thermal (n,a) cross section is 8.01262e-08 b. (random case 6)
 ... thermal (n,p) cross section is 6.09972e-08 +/- 3.04986e-08 b.
 ... thermal (n,p) cross section is 2.35587e-08 b. (random case 1)
 ... thermal (n,p) cross section is 5.4204e-08 b. (random case 2)
 ... thermal (n,p) cross section is 8.05581e-09 b. (random case 3)
 ... thermal (n,p) cross section is 1.24785e-07 b. (random case 4)
 ... thermal (n,p) cross section is 2.45934e-08 b. (random case 5)
 ... thermal (n,p) cross section is 1.42169e-08 b. (random case 6)
 ... Rewrite index for MF2
 ... Write text for MF1 in file mf1.tares.txt
 ... plotting cross sections for the MF1
 ... order output files


================== summary ==================
 Thermal (n,tot) xs = 1286.7 b. 
 Thermal (n,el)  xs = 4.74446 b. 
 Thermal (n,g)   xs = 1281.96 b. (meas/sys: 167.28 b.)
 At 300 K (thermal adjustment): (n,el) = 4.75847 b., (n,g) = 1284.95 b.

 RI      (n,g)      = 4796.1 b. (meas or sys: - b.)
 RI      (n,el)     = 12.4255 b.
=============================================


 ... cleaning
                                                 
  -------------------------------------------------------------
  -                                                           -
  - TARES: successful end of run with data from hypothetical  -
  - resonances for  Z= 69, A= 156 and isomer= 0               -
  - half-life: 1.396667 min. 
  -                                                           -
  -------------------------------------------------------------

   Running time:       8 seconds

 End time: Fri Oct  9 11:18:29 2026

