
  -------------------------------------------------------------
  -                                                           -
  -              Welcome to TARES version 1.8                 -
  -                                                           -
  -  (C) Copyright 2007-2025 D. Rochman, All Rights Reserved  -
  -           NRG, Petten, the Netherlands 2007-2014          -
  -           PSI, Villigen    Switzerland 2015-2025          -
  -         Nagra, Wettingen   Switzerland 2025-              -
  -           (Last Modified October 06, 2026)                -
  -           (Database from October 06, 2026)                -
  -                                                           -
  -------------------------------------------------------------


  ---------------------------------------------
   Compilation information:
   Compiled on:         Oct  7 2026, 09:32:19
   Compiled by:         koning
   Compiler version:    clang++ - 21.0.0
   Source location:     /Users/koning/tares-1.8/source/Module/
   Binaries location:   /Users/koning/bin
   System:              Darwin 25.6.0
   System version:      Darwin Kernel Version 25.6.0: Fri Jul 31 19:19:08 PDT 2026; root:xnu-12377.161.14~5/RELEASE_ARM64_T6050  
   Machine:             arm64 
  ---------------------------------------------

   User information:
   User name:           koning
   Running directory:   /Users/koning/tendl/resbase/Er155/work
   Owner mode for running directory : rwx
   Group mode for running directory : r-x
  ---------------------------------------------


 Starting time: Wed Oct  7 10:05:28 2026
 ... inputs directory found (/Users/koning/tares-1.8/source/Module//../../inputs/).
 ... It will be used for resonance parameters 
 ... ###############################################
 ... #     read the input file tares.inp
 ... ###############################################
 ... line: #
 ... line: # Input file generated by Autorochman
          --> line not read
 ... line: #
 ... line: isotope    Er
          --> Isotope name: Er
 ... line: mass       155
          --> isotopic mass: 155
 ... line: output     n-Er155
         ---> Name of the output files: n-Er155
 ... line: isomer     0
          --> isomeric state: 0
 ... line: mf32mf33   y
          --> MF33 based on MF32: y
 ... line: nbrRandom  6
          --> Nbr of random files: 6
 ... ###############################################
 ... # end read the input file tares.inp
 ... ###############################################
Value for random generator type not considered in since Tares 1.7 due to compilation issues

 ... ###############################################
     #   Interpretation of the Input definition    #
     ###############################################

 ... Default energy limit: End of resonance region
 ... Nuclear charge    = 68
 ... Element           = Er
 ... Mass              = 155
 ... Isomer            = 0
 ... Correlation for (Gn,Gg) not included in random files
 ... Default random option: No random
 ... Output name: n-Er155
 ... Energy for the MACS: 30000 eV
 ... Resonances from CALENDF reduced (reduce=y) 
 ... For URR, level density model from TALYS selected: 91n3n12611.2850 (see manual for description)
 ... Random Generator: default (pseudo random numbers from ansi c++)
 ... Reconstruction of cross section selected
 ... Doppler broadening at 0 Kelvin
 ... URR not included (from the input file flag)
 ... Weight for grouping is flat
 ... Calculation of (n,alpha) cross section selected
 ... Number of digit for MF32c covariance representation: 2
 ... MF32 included
 ... MF33 will be used for covariance processing
 ... TENDL option set to yes (automatic choice of MF2 and format)
 ... Isotope not found in the best file --> use of MLBW formalism
 ... default option: Multi level Breit Wigner approximation selected
 ... (check file best.tendl.yes for changing this option)
 ... Retroactive option set to no with the 2025 option
 ... ladder option set to yes (CALENDF will be used for statistical resonances)

 ... ###############################################
     #           End of Input definition           #
     ###############################################

 ... gnuplot found, will be used for plotting
 ... latex found, will be used for plotting
 ... dvips found, will be used for plotting
 ... ps2epsi not found, limited plotting available
 ... uncertainties on default parameters multiplied by 1.06617
 ... Read resonance data from the 2025 directory
 ... Resonance parameters taken from /Users/koning/tares-1.8/source/Module//../../inputs/2025/Resonance/default/
 ---> Processing Z= 68 and A= 155 and isomer= 0 (level number: 0)
 Exfor path; Could not find /Users/koning/tares-1.8/source/Module//../../inputs/exfor/Er155/xs/102
Thermal file; Could not open file /Users/koning/tares-1.8/source/Module//../../inputs/2025/runThermal/results//thermal.mxw.ng.cendl3.1
Thermal file; Could not open file /Users/koning/tares-1.8/source/Module//../../inputs/2025/runThermal/results//thermal.mxw.ng.brond3.1
Thermal file; Could not open file /Users/koning/tares-1.8/source/Module//../../inputs/2025/runThermal/results//thermal.xs.ng.unc.cendl3.1
 ... spin taken from the final/ directory (1)

 ... ###############################################
 ... #  Nucleus global parameters (2025 database)  #
 ... ###############################################
 0. Half-life: 5.3 min. 
 ... Scattering radius from TALYS: /Users/koning/tares-1.8/source/Module//../../inputs/2025/lib.urr/talys.urr/
 1. Spin of the target isotope: 3.5
 2. Relative Atomic Mass of the target isotope: 154.933
 3. Scattering radius (local compilation): 7.13088 fm +/- 0.149748 fm
      .......................................
      ... Thermal capture cross sections: ...
 4. Thermal (n,g) cross section from systematics: 110 +/- 77 b.
 5. Thermal (n,g) cross section from compilation (Firestone-2022 average on element Er): 156 +/- 12 b.
 6. Thermal (n,g) cross section from compilation (Firestone-2022 final on element Er): 156.4 +/- 1.9 b.
 7. Thermal (n,g) cross section from TENDL-2023: 110.4 +/- 14.32 b.
      .......................................
      ...  Thermal total cross sections:  ...
      .......................................
      ... Thermal elastic cross sections: ...
 8. Thermal (n,el) cross section from potential (4piR^2): 8.9618 +/- 0.44809 b.
      .......................................
             ... Resonance integral: ...
 9. No capture integral found in /Users/koning/tares-1.8/source/Module//../../inputs/capture.integral
 ... no RI(n,g) found in local compilation, take 2018 value.
 ... no RI(n,g) found in local compilation, take Sukhoruchkin value.
   ---- MACS 30 keV ----- 
 10. TALYS MACS 30 keV (HF): 11.5069 b. 
   ---------- S0 -------- 
 11. S0 from TALYS: 12.5398
   ---------- S1 -------- 
 12. S1 from TALYS: 0.435154
   ---------- S2 -------- 
 13. S2 from TALYS: 6.0031
   ---------- D0 -------- 
 14. D0 from TALYS: 0.126297 eV
   ---------- D1 -------- 
 15. D1 from TALYS: 0.0650737 eV
   ---------- D2 -------- 
 16. D2 from TALYS: 0.04561 eV
   ---------- G0 -------- 
 17. Gg0 from TALYS: 0.101129 eV
   ---------- G1 -------- 
 18. Gg1 from TALYS: 0.103216 eV
   ---------- G2 -------- 
 19. Gg2 from TALYS: 0.105622 eV


   ---------------------- 
 ... Read resonance parameters (format: 2: Multi Level Breit Wigner)
 ... 0 resonances found 
 ... possibly no resonances in the Resonance directory for this isotope and options
 ... Use HFR (ladder) behavior 
 --> 21. Number of resonances from the input file: 2 up to 0.0631483 eV
 22. Read nuclear quantities (mass, MAT...)
 23. Read thermal (n,g) xs 
 24. Read the scattering radius 
 25. Read uncertainty on Gg for 2 resonances
 26. Read uncertainty on Gg for 2 resonances ... done
 ... order resonances 
 ... Upper limit for the RRR: 0.0631483 eV (no statistical resonances HFR) from the limit.RRR file
 ... Write parameters for l=0 waves
 ... End writing original MF2 
 ... No RRR in the database: uncertainties on default parameters multiplied by 1.99753
 ... Enter in urr function (ladder option set to y) for file n-Er155
 ... read the file /Users/koning/tares-1.8/source/Module//../../inputs/2025/list.jcs.urr to find URR origin
 Default URR taken from TALYS calculations with level density model: 91n3n12611.2850
 File considered for the URR: /Users/koning/tares-1.8/source/Module//../../inputs/2025/lib.urr/talys.urr/91n3n12611.2850/Er/urr/urr.dat.Er.155.000.0.gz
 ... Write URR using TALYS average parameters (used for HFR)
 ... Limit of URR changed to 25 keV (recommendation from WPEC and JEFF)
 ... Extract the Sn value from file ./urr.dat.Er.155.0.0
 ... found Sn= 10.0738 MeV
 ... estimated number of resonances up to 155.233 eV: 1229.11 resonances, too high ?
 ... estimated number of resonances up to 77.6164 eV:  614.556 resonances
 ... This is a test here. The higher energy limit to include URR data for calendf is set to max Sn. 24/03/2016
 ... Use Sn to define the maximum energy for the URR: Sn= 10.0738 MeV --> last_energyURR= 77.6164 eV
 ... read D0, S0, Gn and Gg
 ... number of URR energies: 1512
 Number of l: 1512 and last energy: 12
 Last  URR energy: 77.6164 eV
 ... Enter in to_MLBW_mf2 function
 ... Convert to Multi Level Breit Wigner (MLBW)
 ... Write parameter covariances (MF32) for l=0
 ... Convert parameter covariances (MF32) to MLBW
 ... copy the mf2 and mf32 to .mlbw files
 ... Enter in urr_correct function case 1
 Modify the higher limit of RRR in MF2
 --> old value: 6.346400-2 eV new value: 1.000000-2 eV
 Modify resonance covariances (MF32) to include correlations in the URR
 End Modify resonance covariances (MF32) to include correlations in the URR
 ... Enter in calendf_xs function
 Use CALENDF for statistical resonances (update MF2) up to 7.761640+1 eV (initial limit)
 Extract resonances from CALENDF for RRR->URR 2
 1835 statistical resonances found
 After reduction, 1706 statistical resonances found
 ... checking resonance order 1
 ... checking resonance order 2nd round for 1702 resonances
 ... end checking resonance order 2nd round
 ... hypothetical resonance closer than 0.01 eV to the thermal energy:
 ... all positive resonances shifted by 0.0317018 eV (thermal energy between two resonances)
 Too many resonances (1702): reduced to 100.
 .......................................................
 ... Adjustment to the thermal cross section : start ...
 .......................................................

 Before adjustment (adjustment to the thermal cross section set to y)
 ... Import MF2 from TARES calculations
 ... End energy of TARES MF2 : 8.163898E+0 eV and limit to 40000 resonances
 ... File used for reconstruction: new.temp22.reconst
 ... run RECENT ...
 ... Doppler broadened at a unique temperature: 300 Kelvin using sigma1
 ... run SIGMA1 at 3.000000E+02 K.

 ============== INTER values at 300 Kelvin ==============
 Thermal (n,g) xs =  61863.2 b. (meas/sys: 110 b.) (warning: comparison to be done at 296 or 300 K)
 Th Maxw (n,g) xs =  60713 b. (thermal Maxwellian value)
 Westcott factor  =  0.9814
 RI      (n,g)    =  12368.9 b. (meas or sys: - b.)
 MACS 3.000e+04 eV=  11.415 b. (meas or sys: - b.) from 1.00E+00 to 2.00E+07 eV (end of RRR) at T= 300 Kelvin 
 Thermal (n,el) xs=  75.0302 b.
 RI      (n,el)   =  154.683 b.
 ============= PSYCHE values ==============
 Ave. G_total L0  =  0.0999041 eV
 Ave. G_total L1  =  0.099382 eV
 Ave. Gn_0    L0  =  0.000289092
 Ave. Gn_0    L1  =  2.66531e-05
 Ave. Gg      L0  =  0.0993878 eV
 Ave. Gg      L1  =  0.099382 eV
 Ave. D       L0  =  0.131676 eV
 Ave. D       L1  =  0.27213 eV
 Ave. S       L0  =  0.00114991 eV
 Ave. S       L1  =  1.59263e-05 eV
 =========================================
 Calculated capture integral   12368.9 b.
 Calculated thermal (n,g)=          61863.1909 b. and recommended= 110 b. (C/E= 562.393)
 Calculated RI      (n,g)= 12368.9 b. (no reference value)
 ... tolerances: thermal (n,g) 20 % (reference uncertainties, minimum 2% and 5%, maximum 20%)
 Adjust the capture widths ...
 ... capture adjusted with Gn for 100 resonances (Gn<Gg) and with Gg for 0 resonances
 ... iteration 0: C/E thermal (n,g)= 562.393
 Warning: 100 widths limited to a change of a factor 10 from their starting values

 <-------- After adjustment -------->
 ... Import MF2 from TARES calculations
 ... End energy of TARES MF2 : 8.163898E+0 eV and limit to 40000 resonances
 ... File used for reconstruction: new.temp22.reconst
 ... run RECENT ...
 ... Doppler broadened at a unique temperature: 300 Kelvin using sigma1
 ... run SIGMA1 at 3.000000E+02 K.

 ============== INTER values at 300 Kelvin ==============
 Thermal (n,g) xs =  6192.82 b. (meas/sys: 110 b.) (warning: comparison to be done at 296 or 300 K)
 Th Maxw (n,g) xs =  6080.2 b. (thermal Maxwellian value)
 Westcott factor  =  0.98181
 RI      (n,g)    =  4174.42 b. (meas or sys: - b.)
 MACS 3.000e+04 eV=  11.415 b. (meas or sys: - b.) from 1.00E+00 to 2.00E+07 eV (end of RRR) at T= 300 Kelvin 
 Thermal (n,el) xs=  5.22729 b.
 RI      (n,el)   =  17.815 b.
 ============= PSYCHE values ==============
 Ave. G_total L0  =  0.0994394 eV
 Ave. G_total L1  =  0.099382 eV
 Ave. Gn_0    L0  =  2.89092e-05
 Ave. Gn_0    L1  =  2.6653e-06
 Ave. Gg      L0  =  0.0993878 eV
 Ave. Gg      L1  =  0.099382 eV
 Ave. D       L0  =  0.131676 eV
 Ave. D       L1  =  0.27213 eV
 Ave. S       L0  =  0.000114991 eV
 Ave. S       L1  =  1.59263e-06 eV
 =========================================
 ... iteration 1: C/E thermal (n,g)= 56.2983
 Warning: 100 widths limited to a change of a factor 10 from their starting values

 <-------- After adjustment -------->
 ... Import MF2 from TARES calculations
 ... End energy of TARES MF2 : 8.163898E+0 eV and limit to 40000 resonances
 ... File used for reconstruction: new.temp22.reconst
 ... run RECENT ...
 ... Doppler broadened at a unique temperature: 300 Kelvin using sigma1
 ... run SIGMA1 at 3.000000E+02 K.

 ============== INTER values at 300 Kelvin ==============
 Thermal (n,g) xs =  6192.82 b. (meas/sys: 110 b.) (warning: comparison to be done at 296 or 300 K)
 Th Maxw (n,g) xs =  6080.2 b. (thermal Maxwellian value)
 Westcott factor  =  0.98181
 RI      (n,g)    =  4174.42 b. (meas or sys: - b.)
 MACS 3.000e+04 eV=  11.415 b. (meas or sys: - b.) from 1.00E+00 to 2.00E+07 eV (end of RRR) at T= 300 Kelvin 
 Thermal (n,el) xs=  5.22729 b.
 RI      (n,el)   =  17.815 b.
 ============= PSYCHE values ==============
 Ave. G_total L0  =  0.0994394 eV
 Ave. G_total L1  =  0.099382 eV
 Ave. Gn_0    L0  =  2.89092e-05
 Ave. Gn_0    L1  =  2.6653e-06
 Ave. Gg      L0  =  0.0993878 eV
 Ave. Gg      L1  =  0.099382 eV
 Ave. D       L0  =  0.131676 eV
 Ave. D       L1  =  0.27213 eV
 Ave. S       L0  =  0.000114991 eV
 Ave. S       L1  =  1.59263e-06 eV
 =========================================
 ... iteration 2: C/E thermal (n,g)= 56.2983
 Warning: no further change possible (widths at the limit of a factor 10): adjustment stopped


 ... ratio C/E thermal (n,g): 5.629833E+01
 ...................................................... 
 ... Adjustment to the thermal cross section : stop ...
 ...................................................... 
 ... new MF2 file after adjustment: n-Er155
 ... read the file /Users/koning/tares-1.8/source/Module//../../inputs/2025/list.jcs.urr to find URR origin
 Default URR taken from TALYS calculations with level density model: 91n3n12611.2850
 File considered for the URR: /Users/koning/tares-1.8/source/Module//../../inputs/2025/lib.urr/talys.urr/91n3n12611.2850/Er/urr/urr.dat.Er.155.000.0.gz
 ... Write URR using TALYS average parameters (not used for HFR)
 ... Limit of URR changed to 25 keV (recommendation from WPEC and JEFF)
 ... read D0, S0, Gn and Gg
 ... number of URR energies: 2016
 Number of l: 2016 and last energy: 12
 Last  URR energy: 87199.2 eV
 Energies in the URR : 2016 -> reduced by a factor 2
 Energies in the URR : 996 -> reduced by a factor 2
 Energies in the URR : 492 -> reduced by a factor 2
 ... Enter in urr_correct function case 2
 Modify the higher limit of RRR in MF2
 --> old value: 8.163898+0 eV new value: 8.163898+0 eV
 Modify resonance covariances (MF32) to include correlations in the URR
 End Modify resonance covariances (MF32) to include correlations in the URR
 ... Enter in update_MF32 function
 ... Change uncertainties
 ... for the HFR, random position of the positive resonances with 0.020000 %
 ... end of update MF32 function
 ... GLS calculation of the parameter correlations from the thermal/RI adjustment (MF32c)
 ... MF32: correlations from the thermal/RI adjustment (GLS) for 3 resonances (3 widths), 3 correlation lines
 ...   thermal (n,g): uncertainty from these widths 962.485 b. -> 76.7548 b. (reference: 110 +/- 77 b.)
 ... copy the mf2 and mf32 to .mlbw files

 ... Start of final reconstruction and testing ...
 ... Reconstruction of cross sections at 0 Kelvin  ... Import MF2 from TARES calculations
 ... End energy of TARES MF2 : 8.163898E+0 eV and limit to 40000 resonances
 ... File used for reconstruction: n-Er155.reconst
 ... run RECENT ...
 ... Doppler broadened at a unique temperature: 0 Kelvin using sigma1
 ... The keyword temperature is zero, no Doppler broadening for the MACS

 ============== INTER values at 0 Kelvin ==============
 Thermal (n,g) xs =  6183.36 b. (meas/sys: 110 b.) (warning: comparison to be done at 296 or 300 K)
 Th Maxw (n,g) xs =  6050.4 b. (thermal Maxwellian value)
 Westcott factor  =  0.97849
 RI      (n,g)    =  4155.08 b. (meas or sys: - b.)
 MACS 3.000e+04 eV=  11.352 b. (meas or sys: - b.) from 1.00E+00 to 8.16E+00 eV (end of RRR) at T= 0 Kelvin 
 Thermal (n,el) xs=  5.19629 b.
 RI      (n,el)   =  17.8094 b.
 ============= PSYCHE values ==============
 Ave. G_total L0  =  0.0994394 eV
 Ave. G_total L1  =  0.099382 eV
 Ave. Gn_0    L0  =  2.89092e-05
 Ave. Gn_0    L1  =  2.6653e-06
 Ave. Gg      L0  =  0.0993878 eV
 Ave. Gg      L1  =  0.099382 eV
 Ave. D       L0  =  0.131676 eV
 Ave. D       L1  =  0.27213 eV
 Ave. S       L0  =  0.000114991 eV
 Ave. S       L1  =  1.59263e-06 eV
 =========================================
 ... End of final reconstruction and testing ...

 ... grouping is not optimum, change to 70 groups
 ... Produce MF33 based on MF32 and 6 random files
 ... run endsam for 6 in groups of 1 global run
 ... run endsam from 1 to 6
 ... reorder resonance position after endsam (sampling)
 ... preparing the vectors  ... done
 ... nominal file 0 Cap(th)  ave= 6.183E+03 b. +/- 0.00 % || Ela(th) ave= 5.196E+00 b. +/- 0.00 % || RIcap ave= 9.23E+02 b. +/- 0.00 % || Macs30 ave= 2.46E+02 b. +/- 0.00 % || Gn^0(l=0) ave= 2.891E-05 +/- 0.00 % Gn^0(l=1) ave= 2.665E-06 +/- 0.00 % Gn^0(l=2) ave= 0.000E+00 +/- 0.00 % Gn^0(l=3) ave= 0.000E+00 +/- 0.00 % || Gtotal(l=0) ave= 9.944E-02 +/- 0.00 % Gtotal(l=1) ave= 9.938E-02 +/- 0.00 % Gtotal(l=2) ave= 0.000E+00 +/- 0.00 % Gtotal(l=3) ave= 0.000E+00 +/- 0.00 %  % || Gg(l=0) ave= 9.939E-02 +/- 0.00 % Gg(l=1) ave= 9.938E-02 +/- 0.00 % Gg(l=2) ave= 0.000E+00 +/- 0.00 % Gg(l=3) ave= 0.000E+00 +/- 0.00 %  % || D(l=0) ave= 1.317E-01 +/- 0.00 % D(l=1) ave= 2.721E-01 +/- 0.00 % D(l=2) ave= 0.000E+00 +/- 0.00 % D(l=3) ave= 0.000E+00 +/- 0.00 %  % || S(l=0) ave= 1.150E-04 +/- 0.00 % S(l=1) ave= 1.593E-06 +/- 0.00 % S(l=2) ave= 0.000E+00 +/- 0.00 % S(l=3) ave= 0.000E+00 +/- 0.00 % 
 ... random file  1 Cap(th)  ave= 5.958E+03 b. +/- 3.77 % || Ela(th) ave= 5.470E+00 b. +/- 5.01 % || RIcap ave= 9.21E+02 b. +/- 0.28 % || Macs30 ave= 2.27E+02 b. +/- 8.29 % || Gn^0(l=0) ave= 2.912E-05 +/- 0.73 % Gn^0(l=1) ave= 2.691E-06 +/- 0.95 % Gn^0(l=2) ave= 0.000E+00 +/- 0.00 % Gn^0(l=3) ave= 0.000E+00 +/- 0.00 % || Gtotal(l=0) ave= 9.945E-02 +/- 0.01 % Gtotal(l=1) ave= 9.938E-02 +/- 0.00 % Gtotal(l=2) ave= 0.000E+00 +/- 0.00 % Gtotal(l=3) ave= 0.000E+00 +/- 0.00 %  % || Gg(l=0) ave= 9.983E-02 +/- 0.44 % Gg(l=1) ave= 9.571E-02 +/- 3.84 % Gg(l=2) ave= 0.000E+00 +/- 0.00 % Gg(l=3) ave= 0.000E+00 +/- 0.00 %  % || D(l=0) ave= 1.328E-01 +/- 0.81 % D(l=1) ave= 2.721E-01 +/- 0.00 % D(l=2) ave= 0.000E+00 +/- 0.00 % D(l=3) ave= 0.000E+00 +/- 0.00 %  % || S(l=0) ave= 1.149E-04 +/- 0.08 % S(l=1) ave= 1.608E-06 +/- 0.95 % S(l=2) ave= 0.000E+00 +/- 0.00 % S(l=3) ave= 0.000E+00 +/- 0.00 % 
 ... random file  2 Cap(th)  ave= 6.084E+03 b. +/- 4.20 % || Ela(th) ave= 5.592E+00 b. +/- 5.05 % || RIcap ave= 9.19E+02 b. +/- 0.34 % || Macs30 ave= 2.27E+02 b. +/- 6.78 % || Gn^0(l=0) ave= 2.905E-05 +/- 0.68 % Gn^0(l=1) ave= 2.591E-06 +/- 5.51 % Gn^0(l=2) ave= 0.000E+00 +/- 0.00 % Gn^0(l=3) ave= 0.000E+00 +/- 0.00 % || Gtotal(l=0) ave= 9.945E-02 +/- 0.01 % Gtotal(l=1) ave= 9.938E-02 +/- 0.00 % Gtotal(l=2) ave= 0.000E+00 +/- 0.00 % Gtotal(l=3) ave= 0.000E+00 +/- 0.00 %  % || Gg(l=0) ave= 9.839E-02 +/- 2.10 % Gg(l=1) ave= 9.616E-02 +/- 3.19 % Gg(l=2) ave= 0.000E+00 +/- 0.00 % Gg(l=3) ave= 0.000E+00 +/- 0.00 %  % || D(l=0) ave= 1.324E-01 +/- 0.77 % D(l=1) ave= 2.721E-01 +/- 0.00 % D(l=2) ave= 0.000E+00 +/- 0.00 % D(l=3) ave= 0.000E+00 +/- 0.00 %  % || S(l=0) ave= 1.149E-04 +/- 0.07 % S(l=1) ave= 1.548E-06 +/- 5.51 % S(l=2) ave= 0.000E+00 +/- 0.00 % S(l=3) ave= 0.000E+00 +/- 0.00 % 
 ... random file  3 Cap(th)  ave= 5.794E+03 b. +/- 9.47 % || Ela(th) ave= 5.634E+00 b. +/- 4.53 % || RIcap ave= 9.18E+02 b. +/- 0.31 % || Macs30 ave= 2.29E+02 b. +/- 6.01 % || Gn^0(l=0) ave= 2.904E-05 +/- 0.60 % Gn^0(l=1) ave= 2.672E-06 +/- 6.98 % Gn^0(l=2) ave= 0.000E+00 +/- 0.00 % Gn^0(l=3) ave= 0.000E+00 +/- 0.00 % || Gtotal(l=0) ave= 9.945E-02 +/- 0.01 % Gtotal(l=1) ave= 9.938E-02 +/- 0.00 % Gtotal(l=2) ave= 0.000E+00 +/- 0.00 % Gtotal(l=3) ave= 0.000E+00 +/- 0.00 %  % || Gg(l=0) ave= 9.711E-02 +/- 2.93 % Gg(l=1) ave= 9.508E-02 +/- 3.42 % Gg(l=2) ave= 0.000E+00 +/- 0.00 % Gg(l=3) ave= 0.000E+00 +/- 0.00 %  % || D(l=0) ave= 1.322E-01 +/- 0.71 % D(l=1) ave= 2.721E-01 +/- 0.00 % D(l=2) ave= 0.000E+00 +/- 0.00 % D(l=3) ave= 0.000E+00 +/- 0.00 %  % || S(l=0) ave= 1.150E-04 +/- 0.15 % S(l=1) ave= 1.596E-06 +/- 6.98 % S(l=2) ave= 0.000E+00 +/- 0.00 % S(l=3) ave= 0.000E+00 +/- 0.00 % 
 ... random file  4 Cap(th)  ave= 5.649E+03 b. +/- 10.10 % || Ela(th) ave= 5.717E+00 b. +/- 4.95 % || RIcap ave= 9.21E+02 b. +/- 0.63 % || Macs30 ave= 2.27E+02 b. +/- 5.56 % || Gn^0(l=0) ave= 2.912E-05 +/- 0.80 % Gn^0(l=1) ave= 2.685E-06 +/- 6.29 % Gn^0(l=2) ave= 0.000E+00 +/- 0.00 % Gn^0(l=3) ave= 0.000E+00 +/- 0.00 % || Gtotal(l=0) ave= 9.945E-02 +/- 0.01 % Gtotal(l=1) ave= 9.938E-02 +/- 0.00 % Gtotal(l=2) ave= 0.000E+00 +/- 0.00 % Gtotal(l=3) ave= 0.000E+00 +/- 0.00 %  % || Gg(l=0) ave= 9.623E-02 +/- 3.21 % Gg(l=1) ave= 9.743E-02 +/- 5.67 % Gg(l=2) ave= 0.000E+00 +/- 0.00 % Gg(l=3) ave= 0.000E+00 +/- 0.00 %  % || D(l=0) ave= 1.325E-01 +/- 0.80 % D(l=1) ave= 2.721E-01 +/- 0.00 % D(l=2) ave= 0.000E+00 +/- 0.00 % D(l=3) ave= 0.000E+00 +/- 0.00 %  % || S(l=0) ave= 1.151E-04 +/- 0.17 % S(l=1) ave= 1.604E-06 +/- 6.29 % S(l=2) ave= 0.000E+00 +/- 0.00 % S(l=3) ave= 0.000E+00 +/- 0.00 % 
 ... random file  5 Cap(th)  ave= 5.567E+03 b. +/- 9.91 % || Ela(th) ave= 5.878E+00 b. +/- 7.53 % || RIcap ave= 9.20E+02 b. +/- 0.59 % || Macs30 ave= 2.26E+02 b. +/- 5.16 % || Gn^0(l=0) ave= 2.915E-05 +/- 0.76 % Gn^0(l=1) ave= 2.645E-06 +/- 6.72 % Gn^0(l=2) ave= 0.000E+00 +/- 0.00 % Gn^0(l=3) ave= 0.000E+00 +/- 0.00 % || Gtotal(l=0) ave= 9.945E-02 +/- 0.01 % Gtotal(l=1) ave= 9.938E-02 +/- 0.00 % Gtotal(l=2) ave= 0.000E+00 +/- 0.00 % Gtotal(l=3) ave= 0.000E+00 +/- 0.00 %  % || Gg(l=0) ave= 9.592E-02 +/- 3.04 % Gg(l=1) ave= 9.854E-02 +/- 5.71 % Gg(l=2) ave= 0.000E+00 +/- 0.00 % Gg(l=3) ave= 0.000E+00 +/- 0.00 %  % || D(l=0) ave= 1.328E-01 +/- 0.81 % D(l=1) ave= 2.721E-01 +/- 0.00 % D(l=2) ave= 0.000E+00 +/- 0.00 % D(l=3) ave= 0.000E+00 +/- 0.00 %  % || S(l=0) ave= 1.150E-04 +/- 0.21 % S(l=1) ave= 1.581E-06 +/- 6.73 % S(l=2) ave= 0.000E+00 +/- 0.00 % S(l=3) ave= 0.000E+00 +/- 0.00 % 
 ... random file  6 Cap(th)  ave= 5.676E+03 b. +/- 10.14 % || Ela(th) ave= 5.822E+00 b. +/- 7.42 % || RIcap ave= 9.22E+02 b. +/- 0.70 % || Macs30 ave= 2.28E+02 b. +/- 4.91 % || Gn^0(l=0) ave= 2.912E-05 +/- 0.76 % Gn^0(l=1) ave= 2.625E-06 +/- 6.55 % Gn^0(l=2) ave= 0.000E+00 +/- 0.00 % Gn^0(l=3) ave= 0.000E+00 +/- 0.00 % || Gtotal(l=0) ave= 9.945E-02 +/- 0.01 % Gtotal(l=1) ave= 9.938E-02 +/- 0.00 % Gtotal(l=2) ave= 0.000E+00 +/- 0.00 % Gtotal(l=3) ave= 0.000E+00 +/- 0.00 %  % || Gg(l=0) ave= 9.655E-02 +/- 3.22 % Gg(l=1) ave= 9.940E-02 +/- 5.65 % Gg(l=2) ave= 0.000E+00 +/- 0.00 % Gg(l=3) ave= 0.000E+00 +/- 0.00 %  % || D(l=0) ave= 1.326E-01 +/- 0.81 % D(l=1) ave= 2.721E-01 +/- 0.00 % D(l=2) ave= 0.000E+00 +/- 0.00 % D(l=3) ave= 0.000E+00 +/- 0.00 %  % || S(l=0) ave= 1.150E-04 +/- 0.19 % S(l=1) ave= 1.569E-06 +/- 6.55 % S(l=2) ave= 0.000E+00 +/- 0.00 % S(l=3) ave= 0.000E+00 +/- 0.00 % 
 ... Histogram plot for thermal (n,g)
 ... Write covariances  ... MT1  ... plot correlations
 ... MT2  ... MT102 


 ================================================
 ============== From 6 random values === start ======
 Thermal (n,tot) xs  0 K =  5681.57 b. +/- 575.294 b. ( 10.1256 %) skew= -0.07 +/- 0.79
 Thermal (n,el) xs   0 K =  5.82193 b. +/- 0.432023 b. ( 7.42061 %) skew= +0.64 +/- 0.79
 Thermal (n,g) xs    0 K =  5675.75 b. +/- 575.558 b. ( 10.1407 %) skew= -0.07 +/- 0.79
 RI      (n,g)       0 K =  922.018 b. +/- 6.44547 b. ( 0.699062 %) 
 MACS    (n,g)       0 K (at Emacs= 30000 eV) =  227.61 b. +/- 11.181 b. ( 4.91234 %) 
 Ave. Gtotal  L=0        =  9.945E-02 +/- 0.01 %
 Ave. Gn^(0)  L=0        =  2.912E-05 +/- 0.76 %
 Ave. Gg      L=0        =  9.655E-02 +/- 3.22 %
 Ave. D       L=0        =  1.326E-01 +/- 0.81 %
 Ave. S       L=0        =  1.150E-04 +/- 0.19 %
 Ave. Gtotal  L=1        =  9.938E-02 +/- 0.00 %
 Ave. Gg      L=1        =  9.940E-02 +/- 5.65 %
 Ave. D       L=1        =  2.721E-01 +/- 0.00 %
 Ave. S       L=1        =  1.569E-06 +/- 6.55 %

 Expected Thermal (n,g) (syst or meas)= 110 b. +/- 77 b. nominal: 6183.36 b.
 ratio Calculated/expected thermal (n,g): 51.60 ratio DCalculated/Dexpected: 7.47 ratio Calculated/Nominal: 0.92
 ============== From 6 random values ===== stop ======
 ================================================
 ... Calculation of (n,a) and (n,p) cross sections at 300 K
 ... thermal (n,a) cross section is 7.12951e-08 +/- 3.56476e-08 b.
 ... thermal (n,a) cross section is 0 b. (random case 1)
 ... thermal (n,a) cross section is 0 b. (random case 2)
 ... thermal (n,a) cross section is 0 b. (random case 3)
 ... thermal (n,a) cross section is 0 b. (random case 4)
 ... thermal (n,a) cross section is 0 b. (random case 5)
 ... thermal (n,a) cross section is 0 b. (random case 6)
 ... thermal (n,p) cross section is 7.12951e-08 +/- 3.56476e-08 b.
 ... thermal (n,p) cross section is 0 b. (random case 1)
 ... thermal (n,p) cross section is 0 b. (random case 2)
 ... thermal (n,p) cross section is 0 b. (random case 3)
 ... thermal (n,p) cross section is 0 b. (random case 4)
 ... thermal (n,p) cross section is 0 b. (random case 5)
 ... thermal (n,p) cross section is 0 b. (random case 6)
 ... Rewrite index for MF2
 ... Write text for MF1 in file mf1.tares.txt
 ... plotting cross sections for the MF1
 ... order output files


================== summary ==================
 Thermal (n,tot) xs = 6188.56 b. 
 Thermal (n,el)  xs = 5.19629 b. 
 Thermal (n,g)   xs = 6183.36 b. (meas/sys: 110 b.)
 At 300 K (thermal adjustment): (n,el) = 5.22729 b., (n,g) = 6192.82 b.

 RI      (n,g)      = 4155.08 b. (meas or sys: - b.)
 RI      (n,el)     = 17.8094 b.
=============================================


 ... cleaning
                                                 
  -------------------------------------------------------------
  -                                                           -
  - TARES: successful end of run with data from hypothetical  -
  - resonances for  Z= 68, A= 155 and isomer= 0               -
  - half-life: 5.300000 min. 
  -                                                           -
  -------------------------------------------------------------

   Running time:       10 seconds

 End time: Wed Oct  7 10:05:38 2026

