
  -------------------------------------------------------------
  -                                                           -
  -              Welcome to TARES version 1.8                 -
  -                                                           -
  -  (C) Copyright 2007-2025 D. Rochman, All Rights Reserved  -
  -           NRG, Petten, the Netherlands 2007-2014          -
  -           PSI, Villigen    Switzerland 2015-2025          -
  -         Nagra, Wettingen   Switzerland 2025-              -
  -           (Last Modified October 06, 2026)                -
  -           (Database from October 06, 2026)                -
  -                                                           -
  -------------------------------------------------------------


  ---------------------------------------------
   Compilation information:
   Compiled on:         Oct  8 2026, 18:36:06
   Compiled by:         koning
   Compiler version:    clang++ - 21.0.0
   Source location:     /Users/koning/tares-1.8/source/Module/
   Binaries location:   /Users/koning/bin
   System:              Darwin 25.6.0
   System version:      Darwin Kernel Version 25.6.0: Fri Jul 31 19:19:08 PDT 2026; root:xnu-12377.161.14~5/RELEASE_ARM64_T6050  
   Machine:             arm64 
  ---------------------------------------------

   User information:
   User name:           koning
   Running directory:   /Users/koning/tendl/resbase/I130m/work
   Owner mode for running directory : rwx
   Group mode for running directory : r-x
  ---------------------------------------------


 Starting time: Fri Oct  9 11:46:28 2026
 ... inputs directory found (/Users/koning/tares-1.8/source/Module//../../inputs/).
 ... It will be used for resonance parameters 
 ... ###############################################
 ... #     read the input file tares.inp
 ... ###############################################
 ... line: #
 ... line: # Input file generated by Autorochman
          --> line not read
 ... line: #
 ... line: isotope    I
          --> Isotope name: I
 ... line: mass       130
          --> isotopic mass: 130
 ... line: output     n-I130m
         ---> Name of the output files: n-I130m
 ... line: isomer     1
          --> isomeric state: 1
 ... line: mf32mf33   y
          --> MF33 based on MF32: y
 ... line: nbrRandom  6
          --> Nbr of random files: 6
 ... ###############################################
 ... # end read the input file tares.inp
 ... ###############################################
Value for random generator type not considered in since Tares 1.7 due to compilation issues

 ... ###############################################
     #   Interpretation of the Input definition    #
     ###############################################

 ... Default energy limit: End of resonance region
 ... Nuclear charge    = 53
 ... Element           = I
 ... Mass              = 130
 ... Isomer            = 1
 ... Correlation for (Gn,Gg) not included in random files
 ... Default random option: No random
 ... Output name: n-I130m
 ... Energy for the MACS: 30000 eV
 ... Resonances from CALENDF reduced (reduce=y) 
 ... For URR, level density model from TALYS selected: 91n3n12611.2850 (see manual for description)
 ... Random Generator: default (pseudo random numbers from ansi c++)
 ... Reconstruction of cross section selected
 ... Doppler broadening at 0 Kelvin
 ... URR not included (from the input file flag)
 ... Weight for grouping is flat
 ... Calculation of (n,alpha) cross section selected
 ... Number of digit for MF32c covariance representation: 2
 ... MF32 included
 ... MF33 will be used for covariance processing
 ... TENDL option set to yes (automatic choice of MF2 and format)
 ... Isotope not found in the best file --> use of MLBW formalism
 ... default option: Multi level Breit Wigner approximation selected
 ... (check file best.tendl.yes for changing this option)
 ... Retroactive option set to no with the 2025 option

 ... ###############################################
     #           End of Input definition           #
     ###############################################

 ... gnuplot found, will be used for plotting
 ... latex found, will be used for plotting
 ... dvips found, will be used for plotting
 ... ps2epsi not found, limited plotting available
 ... uncertainties on default parameters multiplied by 1.36215
File /Users/koning/tares-1.8/source/Module//../../inputs/2025/lib.urr/talys.urr/91n3n12611.2850/I/urr/urr.dat.I.130.000.1.gz not found
File /Users/koning/tares-1.8/source/Module//../../inputs/2025/lib.urr/talys.urr/91n3n12611.2850/I/urr/urr.dat.I.130.000.1.gz not found
File /Users/koning/tares-1.8/source/Module//../../inputs/2025/lib.urr/talys.urr/91n3n12611.2850/I/urr/urr.dat.I.130.000.1.gz not found
File /Users/koning/tares-1.8/source/Module//../../inputs/2025/lib.urr/talys.urr/91n3n12611.2850/I/urr/urr.dat.I.130.000.1.gz not found
File /Users/koning/tares-1.8/source/Module//../../inputs/2025/lib.urr/talys.urr/91n3n12611.2850/I/urr/urr.dat.I.130.000.1.gz not found
File /Users/koning/tares-1.8/source/Module//../../inputs/2025/lib.urr/talys.urr/91n3n12611.2850/I/urr/urr.dat.I.130.000.1.gz not found
File /Users/koning/tares-1.8/source/Module//../../inputs/2025/lib.urr/talys.urr/91n3n12611.2850/I/urr/urr.dat.I.130.000.1.gz not found
File /Users/koning/tares-1.8/source/Module//../../inputs/2025/lib.urr/talys.urr/91n3n12611.2850/I/urr/urr.dat.I.130.000.1.gz not found
 ... Read resonance data from the 2025 directory
 ... Resonance parameters taken from /Users/koning/tares-1.8/source/Module//../../inputs/2025/Resonance/default/
 ---> Processing Z= 53 and A= 130 and isomer= 1 (level number: 0)
 Exfor path; Could not find /Users/koning/tares-1.8/source/Module//../../inputs/exfor/I130m/xs/102
Thermal file; Could not open file /Users/koning/tares-1.8/source/Module//../../inputs/2025/runThermal/results//thermal.mxw.ng.cendl3.1
Thermal file; Could not open file /Users/koning/tares-1.8/source/Module//../../inputs/2025/runThermal/results//thermal.mxw.ng.brond3.1
Thermal file; Could not open file /Users/koning/tares-1.8/source/Module//../../inputs/2025/runThermal/results//thermal.xs.ng.unc.cendl3.1
 ... spin taken from the final/ directory (1)

 ... ###############################################
 ... #  Nucleus global parameters (2025 database)  #
 ... ###############################################
 0. Half-life: 8.84 min. 
 ... Scattering radius from TALYS: /Users/koning/tares-1.8/source/Module//../../inputs/2025/lib.urr/talys.urr/
 1. Spin of the target isotope: 2
 2. Relative Atomic Mass of the target isotope: 129.906
 3. Level of the isomer: 0.039953 MeV (level number 1)
 4. Scattering radius (local compilation): 6.72876 fm +/- 0.141304 fm
      .......................................
      ... Thermal capture cross sections: ...
 ... ratio of 0.887434 applied for isomeric cross section (isomer/ground)
 5. Thermal (n,g) cross section from systematics (TALYS, urr.dat): 15.9738 +/- 11.1817 b.
 6. Thermal (n,g) cross section from compilation (Firestone-2022 average on element I): 6.34 +/- 0.12 b.
 7. Thermal (n,g) cross section from compilation (Firestone-2022 final on element I): 6.19 +/- 0.06 b.
      .......................................
      ...  Thermal total cross sections:  ...
      .......................................
      ... Thermal elastic cross sections: ...
 8. Thermal (n,el) cross section from potential (4piR^2): 8.45644 +/- 0.422822 b.
      .......................................
             ... Resonance integral: ...
 9. No capture integral found in /Users/koning/tares-1.8/source/Module//../../inputs/capture.integral
 ... no RI(n,g) found in local compilation, take 2018 value.
 ... no RI(n,g) found in local compilation, take Sukhoruchkin value.
   ---- MACS 30 keV ----- 
 10. TALYS MACS 30 keV (HF): 0.0565129 b. 
   ---------- S0 -------- 
 11. S0 from TALYS: 0.4131
   ---------- S1 -------- 
 12. S1 from TALYS: 1.38019
   ---------- S2 -------- 
 13. S2 from TALYS: 0
   ---------- D0 -------- 
 14. D0 from TALYS: 22.81 eV
   ---------- D1 -------- 
 15. D1 from TALYS: 0 eV
   ---------- D2 -------- 
 16. D2 from TALYS: 0 eV
   ---------- G0 -------- 
 17. Gg0 from TALYS: 0 eV
   ---------- G1 -------- 
 18. Gg1 from TALYS: 0 eV
   ---------- G2 -------- 
 19. Gg2 from TALYS: 0 eV


   ---------------------- 
 ... Read resonance parameters (format: 2: Multi Level Breit Wigner)
 ... 0 resonances found 
 ... possibly no resonances in the Resonance directory for this isotope and options
 ... Use HFR (ladder) behavior 
 --> 21. Number of resonances from the input file: 2 up to 11.405 eV
 22. Read nuclear quantities (mass, MAT...)
 23. Read thermal (n,g) xs 
 24. Read the scattering radius 
 25. Read uncertainty on Gg for 2 resonances
 26. Read uncertainty on Gg for 2 resonances ... done
 ... order resonances 
 ... Upper limit for the RRR: 11.405 eV (no statistical resonances HFR) from the limit.RRR file
 ... Write parameters for l=0 waves
 ... End writing original MF2 
 ... No RRR in the database: uncertainties on default parameters multiplied by 1.99753
 ... Enter in urr function (ladder option set to y) for file n-I130m
 ... read the file /Users/koning/tares-1.8/source/Module//../../inputs/2025/list.jcs.urr to find URR origin
 Default URR taken from TALYS calculations with level density model: 91n3n12611.2850
 File considered for the URR: /Users/koning/tares-1.8/source/Module//../../inputs/2025/lib.urr/talys.urr/91n3n12611.2850/I/urr/urr.dat.I.130.001.1.gz
 ... Write URR using TALYS average parameters (used for HFR)
 ... Limit of URR changed to 25 keV (recommendation from WPEC and JEFF)
 ... Extract the Sn value from file ./urr.dat.I.130.1.1
 ... found Sn= 8.57786 MeV
 ... estimated number of resonances up to 232.019 eV:  1 resonances
 ... This is a test here. The higher energy limit to include URR data for calendf is set to max Sn. 24/03/2016
 ... Use Sn to define the maximum energy for the URR: Sn= 8.57786 MeV --> last_energyURR= 232.019 eV
 ... read D0, S0, Gn and Gg
 ... number of URR energies: 1529
 Number of l: 1529 and last energy: 11
 Last  URR energy: 232.019 eV
 ... Enter in to_MLBW_mf2 function
 ... Convert to Multi Level Breit Wigner (MLBW)
 ... Write parameter covariances (MF32) for l=0
 ... Convert parameter covariances (MF32) to MLBW
 ... copy the mf2 and mf32 to .mlbw files
 ... Enter in urr_correct function case 1
 Modify the higher limit of RRR in MF2
 --> old value: 1.146203+1 eV new value: 1.000000-2 eV
 Modify resonance covariances (MF32) to include correlations in the URR
 End Modify resonance covariances (MF32) to include correlations in the URR
 ... Enter in calendf_xs function
 Use CALENDF for statistical resonances (update MF2) up to 2.320190+2 eV (initial limit)
 Extract resonances from CALENDF for RRR->URR 2
 65 statistical resonances found
 After reduction, 62 statistical resonances found
 ... checking resonance order 1
 ... checking resonance order 2nd round for 60 resonances
 ... end checking resonance order 2nd round
 .......................................................
 ... Adjustment to the thermal cross section : start ...
 .......................................................
 ... ratio of 0.887434 applied for isomeric cross section (isomer/ground)

 Before adjustment (adjustment to the thermal cross section set to y)
 ... Import MF2 from TARES calculations
 ... End energy of TARES MF2 : 2.236687E+2 eV and limit to 40000 resonances
 ... File used for reconstruction: new.temp22.reconst
 ... run RECENT ...
 ... Doppler broadened at a unique temperature: 300 Kelvin using sigma1
 ... run SIGMA1 at 3.000000E+02 K.

 ============== INTER values at 300 Kelvin ==============
 Thermal (n,g) xs =  12.6997 b. (meas/sys: 15.9738 b.) (warning: comparison to be done at 296 or 300 K)
 Th Maxw (n,g) xs =  12.75 b. (thermal Maxwellian value)
 Westcott factor  =  1.00395
 RI      (n,g)    =  74.6322 b. (meas or sys: - b.)
 MACS 3.000e+04 eV=  0.41682 b. (meas or sys: - b.) from 1.00E+00 to 2.00E+07 eV (end of RRR) at T= 300 Kelvin 
 Thermal (n,el) xs=  6.29517 b.
 RI      (n,el)   =  51.4929 b.
 ============= PSYCHE values ==============
 Ave. G_total L0  =  0.244404 eV
 Ave. G_total L1  =  0.201757 eV
 Ave. G_total L2  =  0.188595 eV
 Ave. Gn_0    L0  =  0.00405116
 Ave. Gn_0    L1  =  0.00863169
 Ave. Gn_0    L2  =  0.0055815
 Ave. Gg      L0  =  0.195933 eV
 Ave. Gg      L1  =  0.20173 eV
 Ave. Gg      L2  =  0.188595 eV
 Ave. D       L0  =  24.8521 eV
 Ave. D       L1  =  15.9763 eV
 Ave. D       L2  =  20.3335 eV
 Ave. S       L0  =  9.22489e-05 eV
 Ave. S       L1  =  0.000102858 eV
 Ave. S       L2  =  3.5889e-05 eV
 =========================================
 Calculated capture integral   74.6322 b.
 Calculated thermal (n,g)=          12.6996777 b. and recommended= 15.9738 b. (C/E= 0.795031)
 Calculated RI      (n,g)= 74.6322 b. (no reference value)
 ... tolerances: thermal (n,g) 20 % (reference uncertainties, minimum 2% and 5%, maximum 20%)
 Adjust the capture widths ...
 ... capture adjusted with Gn for 60 resonances (Gn<Gg) and with Gg for 0 resonances
 ... iteration 0: C/E thermal (n,g)= 0.795031

 <-------- After adjustment -------->
 ... Import MF2 from TARES calculations
 ... End energy of TARES MF2 : 2.236687E+2 eV and limit to 40000 resonances
 ... File used for reconstruction: new.temp22.reconst
 ... run RECENT ...
 ... Doppler broadened at a unique temperature: 300 Kelvin using sigma1
 ... run SIGMA1 at 3.000000E+02 K.

 ============== INTER values at 300 Kelvin ==============
 Thermal (n,g) xs =  13.0985 b. (meas/sys: 15.9738 b.) (warning: comparison to be done at 296 or 300 K)
 Th Maxw (n,g) xs =  13.15 b. (thermal Maxwellian value)
 Westcott factor  =  1.00394
 RI      (n,g)    =  75.8743 b. (meas or sys: - b.)
 MACS 3.000e+04 eV=  0.41684 b. (meas or sys: - b.) from 1.00E+00 to 2.00E+07 eV (end of RRR) at T= 300 Kelvin 
 Thermal (n,el) xs=  6.31438 b.
 RI      (n,el)   =  52.3898 b.
 ============= PSYCHE values ==============
 Ave. G_total L0  =  0.245927 eV
 Ave. G_total L1  =  0.201758 eV
 Ave. G_total L2  =  0.188595 eV
 Ave. Gn_0    L0  =  0.00417839
 Ave. Gn_0    L1  =  0.00890278
 Ave. Gn_0    L2  =  0.00575679
 Ave. Gg      L0  =  0.195933 eV
 Ave. Gg      L1  =  0.20173 eV
 Ave. Gg      L2  =  0.188595 eV
 Ave. D       L0  =  24.8521 eV
 Ave. D       L1  =  15.9763 eV
 Ave. D       L2  =  20.3335 eV
 Ave. S       L0  =  9.51461e-05 eV
 Ave. S       L1  =  0.000106088 eV
 Ave. S       L2  =  3.70161e-05 eV
 =========================================
 ... iteration 1: C/E thermal (n,g)= 0.82


 ... ratio C/E thermal (n,g): 8.199999E-01
 ...................................................... 
 ... Adjustment to the thermal cross section : stop ...
 ...................................................... 
 ... new MF2 file after adjustment: n-I130m
 ... read the file /Users/koning/tares-1.8/source/Module//../../inputs/2025/list.jcs.urr to find URR origin
 Default URR taken from TALYS calculations with level density model: 91n3n12611.2850
 File considered for the URR: /Users/koning/tares-1.8/source/Module//../../inputs/2025/lib.urr/talys.urr/91n3n12611.2850/I/urr/urr.dat.I.130.001.1.gz
 ... Write URR using TALYS average parameters (not used for HFR)
 ... Limit of URR changed to 25 keV (recommendation from WPEC and JEFF)
 ... read D0, S0, Gn and Gg
 ... number of URR energies: 990
 Number of l: 990 and last energy: 11
 Last  URR energy: 39553.5 eV
 Energies in the URR : 990 -> reduced by a factor 2
 Energies in the URR : 561 -> reduced by a factor 2
 Energies in the URR : 330 -> reduced by a factor 2
 ... Enter in urr_correct function case 2
 Modify the higher limit of RRR in MF2
 --> old value: 2.236687+2 eV new value: 2.236687+2 eV
 Modify resonance covariances (MF32) to include correlations in the URR
 End Modify resonance covariances (MF32) to include correlations in the URR
 ... Enter in update_MF32 function
 ... Change uncertainties
 ... for the HFR, random position of the positive resonances with 0.020000 %
 ... end of update MF32 function
 ... GLS calculation of the parameter correlations from the thermal/RI adjustment (MF32c)
 ... MF32: correlations from the thermal/RI adjustment (GLS) for 10 resonances (20 widths), 3 correlation lines
 ...   thermal (n,g): uncertainty from these widths 3.82197 b. -> 3.61654 b. (reference: 15.9738 +/- 11.1817 b.)
 ... copy the mf2 and mf32 to .mlbw files

 ... Start of final reconstruction and testing ...
 ... Reconstruction of cross sections at 0 Kelvin  ... Import MF2 from TARES calculations
 ... End energy of TARES MF2 : 2.236687E+2 eV and limit to 40000 resonances
 ... File used for reconstruction: n-I130m.reconst
 ... run RECENT ...
 ... Doppler broadened at a unique temperature: 0 Kelvin using sigma1
 ... The keyword temperature is zero, no Doppler broadening for the MACS

 ============== INTER values at 0 Kelvin ==============
 Thermal (n,g) xs =  13.0921 b. (meas/sys: 15.9738 b.) (warning: comparison to be done at 296 or 300 K)
 Th Maxw (n,g) xs =  13.075 b. (thermal Maxwellian value)
 Westcott factor  =  0.99867
 RI      (n,g)    =  75.7451 b. (meas or sys: - b.)
 MACS 3.000e+04 eV=  0.4151 b. (meas or sys: - b.) from 1.00E+00 to 2.24E+02 eV (end of RRR) at T= 0 Kelvin 
 Thermal (n,el) xs=  6.28967 b.
 RI      (n,el)   =  52.2002 b.
 ============= PSYCHE values ==============
 Ave. G_total L0  =  0.245927 eV
 Ave. G_total L1  =  0.201758 eV
 Ave. G_total L2  =  0.188595 eV
 Ave. Gn_0    L0  =  0.00417839
 Ave. Gn_0    L1  =  0.00890278
 Ave. Gn_0    L2  =  0.00575679
 Ave. Gg      L0  =  0.195933 eV
 Ave. Gg      L1  =  0.20173 eV
 Ave. Gg      L2  =  0.188595 eV
 Ave. D       L0  =  24.8521 eV
 Ave. D       L1  =  15.9763 eV
 Ave. D       L2  =  20.3335 eV
 Ave. S       L0  =  9.51461e-05 eV
 Ave. S       L1  =  0.000106088 eV
 Ave. S       L2  =  3.70161e-05 eV
 =========================================
 ... End of final reconstruction and testing ...

 ... grouping is not optimum, change to 70 groups
 ... Produce MF33 based on MF32 and 6 random files
 ... MF3 of n-I130m.reconst (3 sections) added to the files for ENDSAM
 ... run endsam for 6 in groups of 1 global run
 ... run endsam from 1 to 6
 ... random files: total width GT set to Gn+Gg+Gf (360 resonances in 6 files)
 ... reorder resonance position after endsam (sampling)
 ... preparing the vectors  ... done
 ... nominal file 0 Cap(th)  ave= 1.309E+01 b. +/- 0.00 % || Ela(th) ave= 6.290E+00 b. +/- 0.00 % || RIcap ave= 7.57E+01 b. +/- 0.00 % || Macs30 ave= 4.15E-01 b. +/- 0.00 % || Gn^0(l=0) ave= 4.178E-03 +/- 0.00 % Gn^0(l=1) ave= 8.903E-03 +/- 0.00 % Gn^0(l=2) ave= 5.757E-03 +/- 0.00 % Gn^0(l=3) ave= 0.000E+00 +/- 0.00 % || Gtotal(l=0) ave= 2.459E-01 +/- 0.00 % Gtotal(l=1) ave= 2.018E-01 +/- 0.00 % Gtotal(l=2) ave= 1.886E-01 +/- 0.00 % Gtotal(l=3) ave= 0.000E+00 +/- 0.00 %  % || Gg(l=0) ave= 1.959E-01 +/- 0.00 % Gg(l=1) ave= 2.017E-01 +/- 0.00 % Gg(l=2) ave= 1.886E-01 +/- 0.00 % Gg(l=3) ave= 0.000E+00 +/- 0.00 %  % || D(l=0) ave= 2.485E+01 +/- 0.00 % D(l=1) ave= 1.598E+01 +/- 0.00 % D(l=2) ave= 2.033E+01 +/- 0.00 % D(l=3) ave= 0.000E+00 +/- 0.00 %  % || S(l=0) ave= 9.515E-05 +/- 0.00 % S(l=1) ave= 1.061E-04 +/- 0.00 % S(l=2) ave= 3.702E-05 +/- 0.00 % S(l=3) ave= 0.000E+00 +/- 0.00 % 
 ... random file  1 Cap(th)  ave= 1.183E+01 b. +/- 10.70 % || Ela(th) ave= 6.944E+00 b. +/- 9.42 % || RIcap ave= 7.49E+01 b. +/- 1.09 % || Macs30 ave= 4.15E-01 b. +/- 0.00 % || Gn^0(l=0) ave= 4.187E-03 +/- 0.21 % Gn^0(l=1) ave= 8.112E-03 +/- 9.74 % Gn^0(l=2) ave= 4.808E-03 +/- 19.74 % Gn^0(l=3) ave= 0.000E+00 +/- 0.00 % || Gtotal(l=0) ave= 2.708E-01 +/- 9.19 % Gtotal(l=1) ave= 1.874E-01 +/- 7.68 % Gtotal(l=2) ave= 1.912E-01 +/- 1.34 % Gtotal(l=3) ave= 0.000E+00 +/- 0.00 %  % || Gg(l=0) ave= 2.207E-01 +/- 11.24 % Gg(l=1) ave= 1.873E-01 +/- 7.68 % Gg(l=2) ave= 1.912E-01 +/- 1.34 % Gg(l=3) ave= 0.000E+00 +/- 0.00 %  % || D(l=0) ave= 2.485E+01 +/- 0.00 % D(l=1) ave= 1.598E+01 +/- 0.00 % D(l=2) ave= 2.033E+01 +/- 0.00 % D(l=3) ave= 0.000E+00 +/- 0.00 %  % || S(l=0) ave= 9.541E-05 +/- 0.28 % S(l=1) ave= 9.652E-05 +/- 9.91 % S(l=2) ave= 3.091E-05 +/- 19.74 % S(l=3) ave= 0.000E+00 +/- 0.00 % 
 ... random file  2 Cap(th)  ave= 1.086E+01 b. +/- 15.80 % || Ela(th) ave= 7.106E+00 b. +/- 8.18 % || RIcap ave= 7.27E+01 b. +/- 4.45 % || Macs30 ave= 4.15E-01 b. +/- 0.02 % || Gn^0(l=0) ave= 4.195E-03 +/- 0.30 % Gn^0(l=1) ave= 7.896E-03 +/- 9.04 % Gn^0(l=2) ave= 4.557E-03 +/- 18.71 % Gn^0(l=3) ave= 0.000E+00 +/- 0.00 % || Gtotal(l=0) ave= 2.474E-01 +/- 15.69 % Gtotal(l=1) ave= 2.193E-01 +/- 21.28 % Gtotal(l=2) ave= 2.128E-01 +/- 14.40 % Gtotal(l=3) ave= 0.000E+00 +/- 0.00 %  % || Gg(l=0) ave= 1.972E-01 +/- 19.73 % Gg(l=1) ave= 2.193E-01 +/- 21.29 % Gg(l=2) ave= 2.128E-01 +/- 14.40 % Gg(l=3) ave= 0.000E+00 +/- 0.00 %  % || D(l=0) ave= 2.485E+01 +/- 0.00 % D(l=1) ave= 1.598E+01 +/- 0.00 % D(l=2) ave= 2.033E+01 +/- 0.00 % D(l=3) ave= 0.000E+00 +/- 0.00 %  % || S(l=0) ave= 9.549E-05 +/- 0.25 % S(l=1) ave= 9.396E-05 +/- 9.16 % S(l=2) ave= 2.930E-05 +/- 18.71 % S(l=3) ave= 0.000E+00 +/- 0.00 % 
 ... random file  3 Cap(th)  ave= 1.206E+01 b. +/- 21.25 % || Ela(th) ave= 6.811E+00 b. +/- 10.53 % || RIcap ave= 7.27E+01 b. +/- 3.85 % || Macs30 ave= 4.15E-01 b. +/- 0.02 % || Gn^0(l=0) ave= 4.192E-03 +/- 0.28 % Gn^0(l=1) ave= 8.284E-03 +/- 11.02 % Gn^0(l=2) ave= 5.050E-03 +/- 22.37 % Gn^0(l=3) ave= 0.000E+00 +/- 0.00 % || Gtotal(l=0) ave= 2.519E-01 +/- 13.70 % Gtotal(l=1) ave= 2.155E-01 +/- 19.00 % Gtotal(l=2) ave= 2.129E-01 +/- 12.47 % Gtotal(l=3) ave= 0.000E+00 +/- 0.00 %  % || Gg(l=0) ave= 2.017E-01 +/- 17.14 % Gg(l=1) ave= 2.155E-01 +/- 19.01 % Gg(l=2) ave= 2.129E-01 +/- 12.47 % Gg(l=3) ave= 0.000E+00 +/- 0.00 %  % || D(l=0) ave= 2.485E+01 +/- 0.00 % D(l=1) ave= 1.598E+01 +/- 0.00 % D(l=2) ave= 2.033E+01 +/- 0.00 % D(l=3) ave= 0.000E+00 +/- 0.00 %  % || S(l=0) ave= 9.542E-05 +/- 0.25 % S(l=1) ave= 9.865E-05 +/- 11.17 % S(l=2) ave= 3.247E-05 +/- 22.37 % S(l=3) ave= 0.000E+00 +/- 0.00 % 
 ... random file  4 Cap(th)  ave= 1.159E+01 b. +/- 21.45 % || Ela(th) ave= 6.544E+00 b. +/- 12.77 % || RIcap ave= 7.34E+01 b. +/- 3.86 % || Macs30 ave= 4.15E-01 b. +/- 0.02 % || Gn^0(l=0) ave= 4.195E-03 +/- 0.27 % Gn^0(l=1) ave= 8.696E-03 +/- 13.33 % Gn^0(l=2) ave= 5.588E-03 +/- 26.40 % Gn^0(l=3) ave= 0.000E+00 +/- 0.00 % || Gtotal(l=0) ave= 2.585E-01 +/- 13.00 % Gtotal(l=1) ave= 2.133E-01 +/- 17.30 % Gtotal(l=2) ave= 2.219E-01 +/- 13.44 % Gtotal(l=3) ave= 0.000E+00 +/- 0.00 %  % || Gg(l=0) ave= 2.083E-01 +/- 16.15 % Gg(l=1) ave= 2.132E-01 +/- 17.31 % Gg(l=2) ave= 2.219E-01 +/- 13.44 % Gg(l=3) ave= 0.000E+00 +/- 0.00 %  % || D(l=0) ave= 2.485E+01 +/- 0.00 % D(l=1) ave= 1.598E+01 +/- 0.00 % D(l=2) ave= 2.033E+01 +/- 0.00 % D(l=3) ave= 0.000E+00 +/- 0.00 %  % || S(l=0) ave= 9.550E-05 +/- 0.28 % S(l=1) ave= 1.035E-04 +/- 13.40 % S(l=2) ave= 3.593E-05 +/- 26.40 % S(l=3) ave= 0.000E+00 +/- 0.00 % 
 ... random file  5 Cap(th)  ave= 1.181E+01 b. +/- 19.68 % || Ela(th) ave= 6.354E+00 b. +/- 13.73 % || RIcap ave= 7.37E+01 b. +/- 3.61 % || Macs30 ave= 4.15E-01 b. +/- 0.01 % || Gn^0(l=0) ave= 4.191E-03 +/- 0.33 % Gn^0(l=1) ave= 8.991E-03 +/- 13.87 % Gn^0(l=2) ave= 5.978E-03 +/- 26.84 % Gn^0(l=3) ave= 0.000E+00 +/- 0.00 % || Gtotal(l=0) ave= 2.577E-01 +/- 11.93 % Gtotal(l=1) ave= 2.063E-01 +/- 18.00 % Gtotal(l=2) ave= 2.121E-01 +/- 16.47 % Gtotal(l=3) ave= 0.000E+00 +/- 0.00 %  % || Gg(l=0) ave= 2.075E-01 +/- 14.83 % Gg(l=1) ave= 2.063E-01 +/- 18.00 % Gg(l=2) ave= 2.121E-01 +/- 16.47 % Gg(l=3) ave= 0.000E+00 +/- 0.00 %  % || D(l=0) ave= 2.485E+01 +/- 0.00 % D(l=1) ave= 1.598E+01 +/- 0.00 % D(l=2) ave= 2.033E+01 +/- 0.00 % D(l=3) ave= 0.000E+00 +/- 0.00 %  % || S(l=0) ave= 9.542E-05 +/- 0.32 % S(l=1) ave= 1.070E-04 +/- 13.88 % S(l=2) ave= 3.844E-05 +/- 26.84 % S(l=3) ave= 0.000E+00 +/- 0.00 % 
 ... random file  6 Cap(th)  ave= 1.223E+01 b. +/- 19.47 % || Ela(th) ave= 6.380E+00 b. +/- 12.70 % || RIcap ave= 7.48E+01 b. +/- 5.00 % || Macs30 ave= 4.15E-01 b. +/- 0.02 % || Gn^0(l=0) ave= 4.187E-03 +/- 0.37 % Gn^0(l=1) ave= 8.935E-03 +/- 13.02 % Gn^0(l=2) ave= 5.880E-03 +/- 25.58 % Gn^0(l=3) ave= 0.000E+00 +/- 0.00 % || Gtotal(l=0) ave= 2.631E-01 +/- 11.95 % Gtotal(l=1) ave= 2.070E-01 +/- 16.63 % Gtotal(l=2) ave= 2.063E-01 +/- 17.13 % Gtotal(l=3) ave= 0.000E+00 +/- 0.00 %  % || Gg(l=0) ave= 2.130E-01 +/- 14.79 % Gg(l=1) ave= 2.069E-01 +/- 16.63 % Gg(l=2) ave= 2.063E-01 +/- 17.13 % Gg(l=3) ave= 0.000E+00 +/- 0.00 %  % || D(l=0) ave= 2.485E+01 +/- 0.00 % D(l=1) ave= 1.598E+01 +/- 0.00 % D(l=2) ave= 2.033E+01 +/- 0.00 % D(l=3) ave= 0.000E+00 +/- 0.00 %  % || S(l=0) ave= 9.535E-05 +/- 0.34 % S(l=1) ave= 1.063E-04 +/- 13.02 % S(l=2) ave= 3.781E-05 +/- 25.58 % S(l=3) ave= 0.000E+00 +/- 0.00 % 
 ... Histogram plot for thermal (n,g)
 ... Write covariances  ... MT1  ... plot correlations
 ... MT2  ... MT102 


 ================================================
 ============== From 6 random values === start ======
 Thermal (n,tot) xs  0 K =  18.6084 b. +/- 2.20385 b. ( 11.8433 %) skew= -0.10 +/- 0.79
 Thermal (n,el) xs   0 K =  6.38012 b. +/- 0.81014 b. ( 12.6979 %) skew= +0.32 +/- 0.79
 Thermal (n,g) xs    0 K =  12.2283 b. +/- 2.38086 b. ( 19.4702 %) skew= +0.00 +/- 0.79
 RI      (n,g)       0 K =  74.8026 b. +/- 3.74158 b. ( 5.00193 %) 
 MACS    (n,g)       0 K (at Emacs= 30000 eV) =  0.41509 b. +/- 7.52131e-05 b. ( 0.0181197 %) 
 Ave. Gtotal  L=0        =  2.631E-01 +/- 11.95 %
 Ave. Gn^(0)  L=0        =  4.187E-03 +/- 0.37 %
 Ave. Gg      L=0        =  2.130E-01 +/- 14.79 %
 Ave. D       L=0        =  2.485E+01 +/- 0.00 %
 Ave. S       L=0        =  9.535E-05 +/- 0.34 %
 Ave. Gtotal  L=1        =  2.070E-01 +/- 16.63 %
 Ave. Gn^(1)  L=1        =  8.935E-03 +/- 13.02 %
 Ave. Gg      L=1        =  2.069E-01 +/- 16.63 %
 Ave. D       L=1        =  1.598E+01 +/- 0.00 %
 Ave. S       L=1        =  1.063E-04 +/- 13.02 %
 Ave. Gtotal  L=2        =  2.063E-01 +/- 17.13 %
 Ave. Gn^(2)  L=2        =  5.880E-03 +/- 25.58 %
 Ave. Gg      L=2        =  2.063E-01 +/- 17.13 %
 Ave. D       L=2        =  2.033E+01 +/- 0.00 %
 Ave. S       L=2        =  3.781E-05 +/- 25.58 %

 Expected Thermal (n,g) (syst or meas)= 15.9738 b. +/- 11.1817 b. nominal: 13.0921 b.
 ratio Calculated/expected thermal (n,g): 0.77 ratio DCalculated/Dexpected: 0.21 ratio Calculated/Nominal: 0.93
 ============== From 6 random values ===== stop ======
 ================================================
 ... Calculation of (n,a) and (n,p) cross sections at 300 K
 ... thermal (n,a) cross section is 3.52216e-06 +/- 1.76108e-06 b.
 ... thermal (n,a) cross section is 4.8985e-06 b. (random case 1)
 ... thermal (n,a) cross section is 3.09833e-06 b. (random case 2)
 ... thermal (n,a) cross section is 3.66579e-06 b. (random case 3)
 ... thermal (n,a) cross section is 3.79222e-06 b. (random case 4)
 ... thermal (n,a) cross section is 3.81327e-06 b. (random case 5)
 ... thermal (n,a) cross section is 2.88824e-06 b. (random case 6)
 ... thermal (n,p) cross section is 3.52216e-06 +/- 1.76108e-06 b.
 ... thermal (n,p) cross section is 9.11623e-07 b. (random case 1)
 ... thermal (n,p) cross section is 4.59185e-06 b. (random case 2)
 ... thermal (n,p) cross section is 9.60469e-07 b. (random case 3)
 ... thermal (n,p) cross section is 2.3824e-06 b. (random case 4)
 ... thermal (n,p) cross section is 5.36305e-06 b. (random case 5)
 ... thermal (n,p) cross section is 3.59128e-06 b. (random case 6)
 ... Rewrite index for MF2
 ... Write text for MF1 in file mf1.tares.txt
 ... plotting cross sections for the MF1
 ... order output files


================== summary ==================
 Thermal (n,tot) xs = 19.3818 b. 
 Thermal (n,el)  xs = 6.28967 b. 
 Thermal (n,g)   xs = 13.0921 b. (meas/sys: 15.9738 b.)
 At 300 K (thermal adjustment): (n,el) = 6.31438 b., (n,g) = 13.0985 b.

 RI      (n,g)      = 75.7451 b. (meas or sys: - b.)
 RI      (n,el)     = 52.2002 b.
=============================================


 ... cleaning
                                                 
  -------------------------------------------------------------
  -                                                           -
  - TARES: successful end of run with data from hypothetical  -
  - resonances for  Z= 53, A= 130 and isomer= 1               -
  - half-life: 8.840000 min. 
  -                                                           -
  -------------------------------------------------------------

   Running time:       12 seconds

 End time: Fri Oct  9 11:46:40 2026

