
  -------------------------------------------------------------
  -                                                           -
  -              Welcome to TARES version 1.8                 -
  -                                                           -
  -  (C) Copyright 2007-2025 D. Rochman, All Rights Reserved  -
  -           NRG, Petten, the Netherlands 2007-2014          -
  -           PSI, Villigen    Switzerland 2015-2025          -
  -         Nagra, Wettingen   Switzerland 2025-              -
  -           (Last Modified October 06, 2026)                -
  -           (Database from October 06, 2026)                -
  -                                                           -
  -------------------------------------------------------------


  ---------------------------------------------
   Compilation information:
   Compiled on:         Oct  8 2026, 18:36:06
   Compiled by:         koning
   Compiler version:    clang++ - 21.0.0
   Source location:     /Users/koning/tares-1.8/source/Module/
   Binaries location:   /Users/koning/bin
   System:              Darwin 25.6.0
   System version:      Darwin Kernel Version 25.6.0: Fri Jul 31 19:19:08 PDT 2026; root:xnu-12377.161.14~5/RELEASE_ARM64_T6050  
   Machine:             arm64 
  ---------------------------------------------

   User information:
   User name:           koning
   Running directory:   /Users/koning/tendl/resbase/Se079/work
   Owner mode for running directory : rwx
   Group mode for running directory : r-x
  ---------------------------------------------


 Starting time: Fri Oct  9 11:37:20 2026
 ... inputs directory found (/Users/koning/tares-1.8/source/Module//../../inputs/).
 ... It will be used for resonance parameters 
 ... ###############################################
 ... #     read the input file tares.inp
 ... ###############################################
 ... line: #
 ... line: # Input file generated by Autorochman
          --> line not read
 ... line: #
 ... line: isotope    Se
          --> Isotope name: Se
 ... line: mass       79
          --> isotopic mass: 79
 ... line: output     n-Se079
         ---> Name of the output files: n-Se079
 ... line: isomer     0
          --> isomeric state: 0
 ... line: mf32mf33   y
          --> MF33 based on MF32: y
 ... line: nbrRandom  20
          --> Nbr of random files: 20
 ... ###############################################
 ... # end read the input file tares.inp
 ... ###############################################
Value for random generator type not considered in since Tares 1.7 due to compilation issues

 ... ###############################################
     #   Interpretation of the Input definition    #
     ###############################################

 ... Default energy limit: End of resonance region
 ... Nuclear charge    = 34
 ... Element           = Se
 ... Mass              = 79
 ... Isomer            = 0
 ... Correlation for (Gn,Gg) not included in random files
 ... Default random option: No random
 ... Output name: n-Se079
 ... Energy for the MACS: 30000 eV
 ... Resonances from CALENDF reduced (reduce=y) 
 ... For URR, level density model from TALYS selected: 91n3n12611.2850 (see manual for description)
 ... Random Generator: default (pseudo random numbers from ansi c++)
 ... Reconstruction of cross section selected
 ... Doppler broadening at 0 Kelvin
 ... URR not included (from the input file flag)
 ... Weight for grouping is flat
 ... Calculation of (n,alpha) cross section selected
 ... Number of digit for MF32c covariance representation: 2
 ... MF32 included
 ... MF33 will be used for covariance processing
 ... TENDL option set to yes (automatic choice of MF2 and format)
 ... Isotope not found in the best file --> use of MLBW formalism
 ... default option: Multi level Breit Wigner approximation selected
 ... (check file best.tendl.yes for changing this option)
 ... Retroactive option set to no with the 2025 option
 ... ladder option set to yes (CALENDF will be used for statistical resonances)

 ... ###############################################
     #           End of Input definition           #
     ###############################################

 ... gnuplot found, will be used for plotting
 ... latex found, will be used for plotting
 ... dvips found, will be used for plotting
 ... ps2epsi not found, limited plotting available
 ... uncertainties on default parameters multiplied by 1.10739
 ... Read resonance data from the 2025 directory
 ... Resonance parameters taken from /Users/koning/tares-1.8/source/Module//../../inputs/2025/Resonance/default/
 ---> Processing Z= 34 and A= 79 and isomer= 0 (level number: 0)
 Exfor path; Could not find /Users/koning/tares-1.8/source/Module//../../inputs/exfor/Se079/xs/102
Thermal file; Could not open file /Users/koning/tares-1.8/source/Module//../../inputs/2025/runThermal/results//thermal.mxw.ng.cendl3.1
Thermal file; Could not open file /Users/koning/tares-1.8/source/Module//../../inputs/2025/runThermal/results//thermal.mxw.ng.brond3.1
Thermal file; Could not open file /Users/koning/tares-1.8/source/Module//../../inputs/2025/runThermal/results//thermal.xs.ng.unc.cendl3.1
 ... spin taken from the final/ directory (1)

 ... ###############################################
 ... #  Nucleus global parameters (2025 database)  #
 ... ###############################################
 0. Half-life: 327245 years
 ... Scattering radius from file /Users/koning/tares-1.8/source/Module//../../inputs/2025/Resonance/default//global.2023.txt
 1. Spin of the target isotope: 3.5
 2. Relative Atomic Mass of the target isotope: 78.9184
 3. Scattering radius (local compilation): 6.333 fm +/- 0.113994 fm
      .......................................
      ... Thermal capture cross sections: ...
 4. Thermal (total) (n,g) cross section from experiments (local compilation): 50 +/- 2.5 b.
 5. Thermal (n,g) cross section from compilation (Firestone-2022 average on element Se): 11.82 +/- 0.14 b.
 6. Thermal (n,g) cross section from compilation (Firestone-2022 final on element Se): 11.83 +/- 0.14 b.
 7. Thermal (n,g) cross section from EAF-2010: 10.95 b.
 8. Thermal (n,g) cross section from ENDF/B-VIII.1: 50.02 b.
 9. Thermal (n,g) cross section from ENDF/B-VIII.0: 50.02 b.
 10. Thermal (n,g) cross section from TENDL-2023: 50 +/- 17.45 b.
 11. Thermal (n,g) cross section from JEFF-3.3: 11.02 +/- 9.671 b.
 12. Thermal (n,g) cross section from JEFF-4.0: 50 +/- 17.07 b.
 13. Thermal (n,g) cross section from JENDL-5.0: 50.02 b.
      .......................................
      ...  Thermal total cross sections:  ...
      .......................................
      ... Thermal elastic cross sections: ...
 14. Thermal (n,el) cross section from JEFF-3.3: 2.986 b.
 15. Thermal (n,el) cross section from experiments (local compilation): 6.3 +/- 0.315 b.
      .......................................
             ... Resonance integral: ...
 16. No capture integral found in /Users/koning/tares-1.8/source/Module//../../inputs/capture.integral
 ... no RI(n,g) found in local compilation, take 2018 value.
 ... no RI(n,g) found in local compilation, take Sukhoruchkin value.
   ---- MACS 30 keV ----- 
 17. TALYS MACS 30 keV (HF): 0.340601 b. 
 18. Recommended MACS 30 keV from EAF: 0.263 b. 
 19. Recommended MACS 30 keV (local compilation): 0.509 +/- 0 b. 
 20. Recommended MACS integral (Mughabghab): 0.509 b.
   ---------- S0 -------- 
 21. S0 from TALYS: 0.940719
   ---------- S1 -------- 
 22. S1 from TALYS: 1.49553
   ---------- S2 -------- 
 23. S2 from TALYS: 1.36698
   ---------- D0 -------- 
 24. D0 from TALYS: 56.7771 eV
   ---------- D1 -------- 
 25. D1 from TALYS: 30.096 eV
   ---------- D2 -------- 
 26. D2 from TALYS: 22.1262 eV
   ---------- G0 -------- 
 27. Gg0 from TALYS: 0.186929 eV
   ---------- G1 -------- 
 28. Gg1 from TALYS: 0.229223 eV
   ---------- G2 -------- 
 29. Gg2 from TALYS: 0.219043 eV


   ---------------------- 
 ... Read resonance parameters (format: 2: Multi Level Breit Wigner)
 ... 0 resonances found 
 ... possibly no resonances in the Resonance directory for this isotope and options
 ... Use HFR (ladder) behavior 
 --> 31. Number of resonances from the input file: 2 up to 28.3886 eV
 32. Read nuclear quantities (mass, MAT...)
 33. Read thermal (n,g) xs 
 34. Read the scattering radius 
 35. Read uncertainty on Gg for 2 resonances
 36. Read uncertainty on Gg for 2 resonances ... done
 ... order resonances 
 ... Upper limit for the RRR: 28.3886 eV (no statistical resonances HFR) from the limit.RRR file
 ... Write parameters for l=0 waves
 ... End writing original MF2 
 ... No RRR in the database: uncertainties on default parameters multiplied by 1.99753
 ... Enter in urr function (ladder option set to y) for file n-Se079
 ... read the file /Users/koning/tares-1.8/source/Module//../../inputs/2025/list.jcs.urr to find URR origin
 Default URR taken from TALYS calculations with level density model: 91n3n12611.2850
 File considered for the URR: /Users/koning/tares-1.8/source/Module//../../inputs/2025/lib.urr/talys.urr/91n3n12611.2850/Se/urr/urr.dat.Se.079.000.0.gz
 ... Write URR using TALYS average parameters (used for HFR)
 ... Limit of URR changed to 25 keV (recommendation from WPEC and JEFF)
 ... ---> Emax(RRR) taken from the file limit.ladder: 1000 eV <---
 ... (File limit.ladder: /Users/koning/tares-1.8/source/Module//../../inputs/2025/limit.ladder.91n3n12611.2850)
 ... read D0, S0, Gn and Gg
 ... number of URR energies: 2124
 Number of l: 2124 and last energy: 12
 Last  URR energy: 1000 eV
 ... Enter in to_MLBW_mf2 function
 ... Convert to Multi Level Breit Wigner (MLBW)
 ... Write parameter covariances (MF32) for l=0
 ... Convert parameter covariances (MF32) to MLBW
 ... copy the mf2 and mf32 to .mlbw files
 ... Enter in urr_correct function case 1
 Modify the higher limit of RRR in MF2
 --> old value: 2.853052+1 eV new value: 1.000000-2 eV
 Modify resonance covariances (MF32) to include correlations in the URR
 End Modify resonance covariances (MF32) to include correlations in the URR
 ... Enter in calendf_xs function
 Use CALENDF for statistical resonances (update MF2) up to 1.000000+3 eV (initial limit)
 Extract resonances from CALENDF for RRR->URR 2
 118 statistical resonances found
 After reduction, 103 statistical resonances found
 ... checking resonance order 1
 ... checking resonance order 2nd round for 101 resonances
 ... end checking resonance order 2nd round
 Too many resonances (101): reduced to 100.
 .......................................................
 ... Adjustment to the thermal cross section : start ...
 .......................................................

 Before adjustment (adjustment to the thermal cross section set to y)
 ... Import MF2 from TARES calculations
 ... End energy of TARES MF2 : 9.809792E+2 eV and limit to 40000 resonances
 ... File used for reconstruction: new.temp22.reconst
 ... run RECENT ...
 ... Doppler broadened at a unique temperature: 300 Kelvin using sigma1
 ... run SIGMA1 at 3.000000E+02 K.

 ============== INTER values at 300 Kelvin ==============
 Thermal (n,g) xs =  23.6162 b. (meas/sys: 50 b.) (warning: comparison to be done at 296 or 300 K)
 Th Maxw (n,g) xs =  23.757 b. (thermal Maxwellian value)
 Westcott factor  =  1.00596
 RI      (n,g)    =  274.261 b. (meas or sys: - b.)
 MACS 3.000e+04 eV=  0.34288 b. (meas or sys: - b.) from 1.00E+00 to 2.00E+07 eV (end of RRR) at T= 300 Kelvin 
 Thermal (n,el) xs=  2.98598 b.
 RI      (n,el)   =  390.474 b.
 ============= PSYCHE values ==============
 Ave. G_total L0  =  0.332604 eV
 Ave. G_total L1  =  0.189881 eV
 Ave. G_total L2  =  0.175969 eV
 Ave. Gn_0    L0  =  0.00974129
 Ave. Gn_0    L1  =  0.0184174
 Ave. Gn_0    L2  =  0.0305324
 Ave. Gg      L0  =  0.177199 eV
 Ave. Gg      L1  =  0.189507 eV
 Ave. Gg      L2  =  0.175969 eV
 Ave. D       L0  =  61.3112 eV
 Ave. D       L1  =  39.2392 eV
 Ave. D       L2  =  42.6513 eV
 Ave. S       L0  =  8.43442e-05 eV
 Ave. S       L1  =  8.41407e-05 eV
 Ave. S       L2  =  6.8442e-05 eV
 =========================================
 Calculated capture integral   274.261 b.
 Calculated thermal (n,g)=          23.6161570 b. and recommended= 50 b. (C/E= 0.472323)
 Calculated RI      (n,g)= 274.261 b. (no reference value)
 ... tolerances: thermal (n,g) 5 % (reference uncertainties, minimum 2% and 5%, maximum 20%)
 Adjust the capture widths ...
 ... capture adjusted with Gn for 93 resonances (Gn<Gg) and with Gg for 7 resonances
 ... iteration 0: C/E thermal (n,g)= 0.472323

 <-------- After adjustment -------->
 ... Import MF2 from TARES calculations
 ... End energy of TARES MF2 : 9.809792E+2 eV and limit to 40000 resonances
 ... File used for reconstruction: new.temp22.reconst
 ... run RECENT ...
 ... Doppler broadened at a unique temperature: 300 Kelvin using sigma1
 ... run SIGMA1 at 3.000000E+02 K.

 ============== INTER values at 300 Kelvin ==============
 Thermal (n,g) xs =  48.4992 b. (meas/sys: 50 b.) (warning: comparison to be done at 296 or 300 K)
 Th Maxw (n,g) xs =  48.788 b. (thermal Maxwellian value)
 Westcott factor  =  1.00596
 RI      (n,g)    =  396.027 b. (meas or sys: - b.)
 MACS 3.000e+04 eV=  0.34421 b. (meas or sys: - b.) from 1.00E+00 to 2.00E+07 eV (end of RRR) at T= 300 Kelvin 
 Thermal (n,el) xs=  3.61092 b.
 RI      (n,el)   =  286.207 b.
 ============= PSYCHE values ==============
 Ave. G_total L0  =  0.442776 eV
 Ave. G_total L1  =  0.190275 eV
 Ave. G_total L2  =  0.17597 eV
 Ave. Gn_0    L0  =  0.0111766
 Ave. Gn_0    L1  =  0.0378234
 Ave. Gn_0    L2  =  0.0627037
 Ave. Gg      L0  =  0.254458 eV
 Ave. Gg      L1  =  0.189507 eV
 Ave. Gg      L2  =  0.175969 eV
 Ave. D       L0  =  61.3112 eV
 Ave. D       L1  =  39.2392 eV
 Ave. D       L2  =  42.6513 eV
 Ave. S       L0  =  9.68434e-05 eV
 Ave. S       L1  =  0.000172798 eV
 Ave. S       L2  =  0.000140558 eV
 =========================================
 ... iteration 1: C/E thermal (n,g)= 0.969985


 ... ratio C/E thermal (n,g): 9.699849E-01
 ...................................................... 
 ... Adjustment to the thermal cross section : stop ...
 ...................................................... 
 ... new MF2 file after adjustment: n-Se079
 ... read the file /Users/koning/tares-1.8/source/Module//../../inputs/2025/list.jcs.urr to find URR origin
 Default URR taken from TALYS calculations with level density model: 91n3n12611.2850
 File considered for the URR: /Users/koning/tares-1.8/source/Module//../../inputs/2025/lib.urr/talys.urr/91n3n12611.2850/Se/urr/urr.dat.Se.079.000.0.gz
 ... Write URR using TALYS average parameters (not used for HFR)
 ... Limit of URR changed to 25 keV (recommendation from WPEC and JEFF)
 ... read D0, S0, Gn and Gg
 ... number of URR energies: 948
 Number of l: 948 and last energy: 12
 Last  URR energy: 94812.3 eV
 Energies in the URR : 948 -> reduced by a factor 2
 Energies in the URR : 576 -> reduced by a factor 2
 Energies in the URR : 372 -> reduced by a factor 2
 ... Enter in urr_correct function case 2
 Modify the higher limit of RRR in MF2
 --> old value: 9.809792+2 eV new value: 9.809792+2 eV
 Modify resonance covariances (MF32) to include correlations in the URR
 End Modify resonance covariances (MF32) to include correlations in the URR
 ... Enter in update_MF32 function
 ... Change uncertainties
 ... for the HFR, random position of the positive resonances with 0.020000 %
 ... end of update MF32 function
 ... GLS calculation of the parameter correlations from the thermal/RI adjustment (MF32c)
 ... MF32: correlations from the thermal/RI adjustment (GLS) for 3 resonances (6 widths), 5 correlation lines
 ...   thermal (n,g): uncertainty from these widths 15.8253 b. -> 2.46938 b. (reference: 50 +/- 2.5 b.)
 ... copy the mf2 and mf32 to .mlbw files

 ... Start of final reconstruction and testing ...
 ... Reconstruction of cross sections at 0 Kelvin  ... Import MF2 from TARES calculations
 ... End energy of TARES MF2 : 9.809792E+2 eV and limit to 40000 resonances
 ... File used for reconstruction: n-Se079.reconst
 ... run RECENT ...
 ... Doppler broadened at a unique temperature: 0 Kelvin using sigma1
 ... The keyword temperature is zero, no Doppler broadening for the MACS

 ============== INTER values at 0 Kelvin ==============
 Thermal (n,g) xs =  48.4727 b. (meas/sys: 50 b.) (warning: comparison to be done at 296 or 300 K)
 Th Maxw (n,g) xs =  48.51 b. (thermal Maxwellian value)
 Westcott factor  =  1.00077
 RI      (n,g)    =  395.352 b. (meas or sys: - b.)
 MACS 3.000e+04 eV=  0.34225 b. (meas or sys: - b.) from 1.00E+00 to 9.81E+02 eV (end of RRR) at T= 0 Kelvin 
 Thermal (n,el) xs=  3.58779 b.
 RI      (n,el)   =  285.741 b.
 ============= PSYCHE values ==============
 Ave. G_total L0  =  0.442776 eV
 Ave. G_total L1  =  0.190275 eV
 Ave. G_total L2  =  0.17597 eV
 Ave. Gn_0    L0  =  0.0111766
 Ave. Gn_0    L1  =  0.0378234
 Ave. Gn_0    L2  =  0.0627037
 Ave. Gg      L0  =  0.254458 eV
 Ave. Gg      L1  =  0.189507 eV
 Ave. Gg      L2  =  0.175969 eV
 Ave. D       L0  =  61.3112 eV
 Ave. D       L1  =  39.2392 eV
 Ave. D       L2  =  42.6513 eV
 Ave. S       L0  =  9.68434e-05 eV
 Ave. S       L1  =  0.000172798 eV
 Ave. S       L2  =  0.000140558 eV
 =========================================
 ... End of final reconstruction and testing ...

 ... grouping is not optimum, change to 70 groups
 ... Produce MF33 based on MF32 and 20 random files
 ... MF3 of n-Se079.reconst (3 sections) added to the files for ENDSAM
 ... run endsam for 20 in groups of 1 global run
 ... run endsam from 1 to 20
 ... random files: total width GT set to Gn+Gg+Gf (2000 resonances in 20 files)
 ... reorder resonance position after endsam (sampling)
 ... preparing the vectors  ... done
 ... nominal file 0 Cap(th)  ave= 4.847E+01 b. +/- 0.00 % || Ela(th) ave= 3.588E+00 b. +/- 0.00 % || RIcap ave= 3.95E+02 b. +/- 0.00 % || Macs30 ave= 3.42E-01 b. +/- 0.00 % || Gn^0(l=0) ave= 1.118E-02 +/- 0.00 % Gn^0(l=1) ave= 3.782E-02 +/- 0.00 % Gn^0(l=2) ave= 6.270E-02 +/- 0.00 % Gn^0(l=3) ave= 0.000E+00 +/- 0.00 % || Gtotal(l=0) ave= 4.428E-01 +/- 0.00 % Gtotal(l=1) ave= 1.903E-01 +/- 0.00 % Gtotal(l=2) ave= 1.760E-01 +/- 0.00 % Gtotal(l=3) ave= 0.000E+00 +/- 0.00 %  % || Gg(l=0) ave= 2.545E-01 +/- 0.00 % Gg(l=1) ave= 1.895E-01 +/- 0.00 % Gg(l=2) ave= 1.760E-01 +/- 0.00 % Gg(l=3) ave= 0.000E+00 +/- 0.00 %  % || D(l=0) ave= 6.131E+01 +/- 0.00 % D(l=1) ave= 3.924E+01 +/- 0.00 % D(l=2) ave= 4.265E+01 +/- 0.00 % D(l=3) ave= 0.000E+00 +/- 0.00 %  % || S(l=0) ave= 9.684E-05 +/- 0.00 % S(l=1) ave= 1.728E-04 +/- 0.00 % S(l=2) ave= 1.406E-04 +/- 0.00 % S(l=3) ave= 0.000E+00 +/- 0.00 % 
 ... random file  1 Cap(th)  ave= 4.449E+01 b. +/- 8.96 % || Ela(th) ave= 3.797E+00 b. +/- 5.52 % || RIcap ave= 3.86E+02 b. +/- 2.50 % || Macs30 ave= 3.42E-01 b. +/- 0.02 % || Gn^0(l=0) ave= 1.131E-02 +/- 1.16 % Gn^0(l=1) ave= 3.610E-02 +/- 4.78 % Gn^0(l=2) ave= 5.718E-02 +/- 9.66 % Gn^0(l=3) ave= 0.000E+00 +/- 0.00 % || Gtotal(l=0) ave= 4.361E-01 +/- 1.52 % Gtotal(l=1) ave= 1.950E-01 +/- 2.43 % Gtotal(l=2) ave= 1.851E-01 +/- 4.94 % Gtotal(l=3) ave= 0.000E+00 +/- 0.00 %  % || Gg(l=0) ave= 2.485E-01 +/- 2.40 % Gg(l=1) ave= 1.943E-01 +/- 2.44 % Gg(l=2) ave= 1.851E-01 +/- 4.94 % Gg(l=3) ave= 0.000E+00 +/- 0.00 %  % || D(l=0) ave= 6.335E+01 +/- 3.23 % D(l=1) ave= 3.924E+01 +/- 0.00 % D(l=2) ave= 4.265E+01 +/- 0.00 % D(l=3) ave= 0.000E+00 +/- 0.00 %  % || S(l=0) ave= 9.527E-05 +/- 1.66 % S(l=1) ave= 1.650E-04 +/- 4.74 % S(l=2) ave= 1.282E-04 +/- 9.65 % S(l=3) ave= 0.000E+00 +/- 0.00 % 
 ... random file  2 Cap(th)  ave= 4.824E+01 b. +/- 12.91 % || Ela(th) ave= 3.772E+00 b. +/- 4.64 % || RIcap ave= 4.01E+02 b. +/- 5.88 % || Macs30 ave= 3.42E-01 b. +/- 0.02 % || Gn^0(l=0) ave= 1.126E-02 +/- 1.14 % Gn^0(l=1) ave= 3.622E-02 +/- 3.92 % Gn^0(l=2) ave= 5.779E-02 +/- 7.94 % Gn^0(l=3) ave= 0.000E+00 +/- 0.00 % || Gtotal(l=0) ave= 4.433E-01 +/- 2.60 % Gtotal(l=1) ave= 1.956E-01 +/- 2.03 % Gtotal(l=2) ave= 1.778E-01 +/- 7.16 % Gtotal(l=3) ave= 0.000E+00 +/- 0.00 %  % || Gg(l=0) ave= 2.555E-01 +/- 4.32 % Gg(l=1) ave= 1.948E-01 +/- 2.03 % Gg(l=2) ave= 1.778E-01 +/- 7.16 % Gg(l=3) ave= 0.000E+00 +/- 0.00 %  % || D(l=0) ave= 6.267E+01 +/- 3.07 % D(l=1) ave= 3.924E+01 +/- 0.00 % D(l=2) ave= 4.206E+01 +/- 1.99 % D(l=3) ave= 0.000E+00 +/- 0.00 %  % || S(l=0) ave= 9.573E-05 +/- 1.51 % S(l=1) ave= 1.656E-04 +/- 3.89 % S(l=2) ave= 1.318E-04 +/- 8.60 % S(l=3) ave= 0.000E+00 +/- 0.00 % 
 ... random file  3 Cap(th)  ave= 4.994E+01 b. +/- 12.31 % || Ela(th) ave= 3.617E+00 b. +/- 8.54 % || RIcap ave= 4.05E+02 b. +/- 5.32 % || Macs30 ave= 3.42E-01 b. +/- 0.02 % || Gn^0(l=0) ave= 1.130E-02 +/- 1.19 % Gn^0(l=1) ave= 3.786E-02 +/- 8.16 % Gn^0(l=2) ave= 6.352E-02 +/- 16.83 % Gn^0(l=3) ave= 0.000E+00 +/- 0.00 % || Gtotal(l=0) ave= 4.405E-01 +/- 2.53 % Gtotal(l=1) ave= 2.013E-01 +/- 5.20 % Gtotal(l=2) ave= 1.757E-01 +/- 6.63 % Gtotal(l=3) ave= 0.000E+00 +/- 0.00 %  % || Gg(l=0) ave= 2.529E-01 +/- 4.19 % Gg(l=1) ave= 2.005E-01 +/- 5.22 % Gg(l=2) ave= 1.757E-01 +/- 6.63 % Gg(l=3) ave= 0.000E+00 +/- 0.00 %  % || D(l=0) ave= 6.335E+01 +/- 3.23 % D(l=1) ave= 3.924E+01 +/- 0.00 % D(l=2) ave= 4.221E+01 +/- 1.82 % D(l=3) ave= 0.000E+00 +/- 0.00 %  % || S(l=0) ave= 9.519E-05 +/- 1.65 % S(l=1) ave= 1.729E-04 +/- 8.00 % S(l=2) ave= 1.441E-04 +/- 16.25 % S(l=3) ave= 0.000E+00 +/- 0.00 % 
 ... random file  4 Cap(th)  ave= 5.029E+01 b. +/- 11.02 % || Ela(th) ave= 3.757E+00 b. +/- 10.47 % || RIcap ave= 4.08E+02 b. +/- 4.92 % || Macs30 ave= 3.42E-01 b. +/- 0.03 % || Gn^0(l=0) ave= 1.132E-02 +/- 1.10 % Gn^0(l=1) ave= 3.666E-02 +/- 9.98 % Gn^0(l=2) ave= 5.971E-02 +/- 20.48 % Gn^0(l=3) ave= 0.000E+00 +/- 0.00 % || Gtotal(l=0) ave= 4.333E-01 +/- 4.05 % Gtotal(l=1) ave= 2.013E-01 +/- 4.65 % Gtotal(l=2) ave= 1.842E-01 +/- 10.88 % Gtotal(l=3) ave= 0.000E+00 +/- 0.00 %  % || Gg(l=0) ave= 2.460E-01 +/- 6.81 % Gg(l=1) ave= 2.006E-01 +/- 4.67 % Gg(l=2) ave= 1.842E-01 +/- 10.88 % Gg(l=3) ave= 0.000E+00 +/- 0.00 %  % || D(l=0) ave= 6.376E+01 +/- 3.14 % D(l=1) ave= 3.924E+01 +/- 0.00 % D(l=2) ave= 4.230E+01 +/- 1.68 % D(l=3) ave= 0.000E+00 +/- 0.00 %  % || S(l=0) ave= 9.481E-05 +/- 1.69 % S(l=1) ave= 1.674E-04 +/- 9.85 % S(l=2) ave= 1.352E-04 +/- 20.31 % S(l=3) ave= 0.000E+00 +/- 0.00 % 
 ... random file  5 Cap(th)  ave= 4.880E+01 b. +/- 12.41 % || Ela(th) ave= 3.819E+00 b. +/- 10.08 % || RIcap ave= 4.01E+02 b. +/- 5.90 % || Macs30 ave= 3.42E-01 b. +/- 0.03 % || Gn^0(l=0) ave= 1.134E-02 +/- 1.07 % Gn^0(l=1) ave= 3.617E-02 +/- 9.72 % Gn^0(l=2) ave= 5.797E-02 +/- 20.39 % Gn^0(l=3) ave= 0.000E+00 +/- 0.00 % || Gtotal(l=0) ave= 4.306E-01 +/- 3.98 % Gtotal(l=1) ave= 1.997E-01 +/- 4.66 % Gtotal(l=2) ave= 1.805E-01 +/- 11.14 % Gtotal(l=3) ave= 0.000E+00 +/- 0.00 %  % || Gg(l=0) ave= 2.433E-01 +/- 6.73 % Gg(l=1) ave= 1.989E-01 +/- 4.68 % Gg(l=2) ave= 1.805E-01 +/- 11.14 % Gg(l=3) ave= 0.000E+00 +/- 0.00 %  % || D(l=0) ave= 6.404E+01 +/- 3.01 % D(l=1) ave= 3.924E+01 +/- 0.00 % D(l=2) ave= 4.236E+01 +/- 1.56 % D(l=3) ave= 0.000E+00 +/- 0.00 %  % || S(l=0) ave= 9.462E-05 +/- 1.61 % S(l=1) ave= 1.652E-04 +/- 9.59 % S(l=2) ave= 1.311E-04 +/- 20.38 % S(l=3) ave= 0.000E+00 +/- 0.00 % 
 ... random file  6 Cap(th)  ave= 4.895E+01 b. +/- 11.48 % || Ela(th) ave= 3.777E+00 b. +/- 9.81 % || RIcap ave= 4.03E+02 b. +/- 5.55 % || Macs30 ave= 3.42E-01 b. +/- 0.04 % || Gn^0(l=0) ave= 1.136E-02 +/- 1.08 % Gn^0(l=1) ave= 3.646E-02 +/- 9.13 % Gn^0(l=2) ave= 5.889E-02 +/- 18.98 % Gn^0(l=3) ave= 0.000E+00 +/- 0.00 % || Gtotal(l=0) ave= 4.257E-01 +/- 4.66 % Gtotal(l=1) ave= 1.981E-01 +/- 4.75 % Gtotal(l=2) ave= 1.798E-01 +/- 10.39 % Gtotal(l=3) ave= 0.000E+00 +/- 0.00 %  % || Gg(l=0) ave= 2.384E-01 +/- 8.11 % Gg(l=1) ave= 1.974E-01 +/- 4.77 % Gg(l=2) ave= 1.798E-01 +/- 10.39 % Gg(l=3) ave= 0.000E+00 +/- 0.00 %  % || D(l=0) ave= 6.423E+01 +/- 2.87 % D(l=1) ave= 3.924E+01 +/- 0.00 % D(l=2) ave= 4.214E+01 +/- 1.91 % D(l=3) ave= 0.000E+00 +/- 0.00 %  % || S(l=0) ave= 9.452E-05 +/- 1.51 % S(l=1) ave= 1.665E-04 +/- 9.01 % S(l=2) ave= 1.340E-04 +/- 19.23 % S(l=3) ave= 0.000E+00 +/- 0.00 % 
 ... random file  7 Cap(th)  ave= 4.932E+01 b. +/- 10.84 % || Ela(th) ave= 3.775E+00 b. +/- 9.18 % || RIcap ave= 4.06E+02 b. +/- 5.55 % || Macs30 ave= 3.42E-01 b. +/- 0.05 % || Gn^0(l=0) ave= 1.137E-02 +/- 1.04 % Gn^0(l=1) ave= 3.646E-02 +/- 8.54 % Gn^0(l=2) ave= 5.881E-02 +/- 17.78 % Gn^0(l=3) ave= 0.000E+00 +/- 0.00 % || Gtotal(l=0) ave= 4.281E-01 +/- 4.59 % Gtotal(l=1) ave= 1.957E-01 +/- 5.60 % Gtotal(l=2) ave= 1.770E-01 +/- 10.75 % Gtotal(l=3) ave= 0.000E+00 +/- 0.00 %  % || Gg(l=0) ave= 2.409E-01 +/- 7.98 % Gg(l=1) ave= 1.949E-01 +/- 5.62 % Gg(l=2) ave= 1.770E-01 +/- 10.75 % Gg(l=3) ave= 0.000E+00 +/- 0.00 %  % || D(l=0) ave= 6.438E+01 +/- 2.75 % D(l=1) ave= 3.924E+01 +/- 0.00 % D(l=2) ave= 4.198E+01 +/- 2.05 % D(l=3) ave= 0.000E+00 +/- 0.00 %  % || S(l=0) ave= 9.442E-05 +/- 1.44 % S(l=1) ave= 1.665E-04 +/- 8.43 % S(l=2) ave= 1.344E-04 +/- 17.95 % S(l=3) ave= 0.000E+00 +/- 0.00 % 
 ... random file  8 Cap(th)  ave= 4.868E+01 b. +/- 10.99 % || Ela(th) ave= 3.761E+00 b. +/- 8.75 % || RIcap ave= 4.05E+02 b. +/- 5.32 % || Macs30 ave= 3.42E-01 b. +/- 0.05 % || Gn^0(l=0) ave= 1.134E-02 +/- 1.16 % Gn^0(l=1) ave= 3.657E-02 +/- 8.07 % Gn^0(l=2) ave= 5.910E-02 +/- 16.74 % Gn^0(l=3) ave= 0.000E+00 +/- 0.00 % || Gtotal(l=0) ave= 4.295E-01 +/- 4.41 % Gtotal(l=1) ave= 1.958E-01 +/- 5.28 % Gtotal(l=2) ave= 1.759E-01 +/- 10.35 % Gtotal(l=3) ave= 0.000E+00 +/- 0.00 %  % || Gg(l=0) ave= 2.422E-01 +/- 7.63 % Gg(l=1) ave= 1.950E-01 +/- 5.30 % Gg(l=2) ave= 1.759E-01 +/- 10.35 % Gg(l=3) ave= 0.000E+00 +/- 0.00 %  % || D(l=0) ave= 6.404E+01 +/- 3.01 % D(l=1) ave= 3.924E+01 +/- 0.00 % D(l=2) ave= 4.206E+01 +/- 1.99 % D(l=3) ave= 0.000E+00 +/- 0.00 %  % || S(l=0) ave= 9.465E-05 +/- 1.52 % S(l=1) ave= 1.670E-04 +/- 7.97 % S(l=2) ave= 1.348E-04 +/- 16.90 % S(l=3) ave= 0.000E+00 +/- 0.00 % 
 ... random file  9 Cap(th)  ave= 5.026E+01 b. +/- 13.81 % || Ela(th) ave= 3.749E+00 b. +/- 8.38 % || RIcap ave= 4.11E+02 b. +/- 6.70 % || Macs30 ave= 3.42E-01 b. +/- 0.05 % || Gn^0(l=0) ave= 1.135E-02 +/- 1.14 % Gn^0(l=1) ave= 3.664E-02 +/- 7.67 % Gn^0(l=2) ave= 5.923E-02 +/- 15.86 % Gn^0(l=3) ave= 0.000E+00 +/- 0.00 % || Gtotal(l=0) ave= 4.290E-01 +/- 4.21 % Gtotal(l=1) ave= 1.942E-01 +/- 5.62 % Gtotal(l=2) ave= 1.746E-01 +/- 10.15 % Gtotal(l=3) ave= 0.000E+00 +/- 0.00 %  % || Gg(l=0) ave= 2.417E-01 +/- 7.28 % Gg(l=1) ave= 1.934E-01 +/- 5.64 % Gg(l=2) ave= 1.746E-01 +/- 10.15 % Gg(l=3) ave= 0.000E+00 +/- 0.00 %  % || D(l=0) ave= 6.417E+01 +/- 2.92 % D(l=1) ave= 3.924E+01 +/- 0.00 % D(l=2) ave= 4.212E+01 +/- 1.93 % D(l=3) ave= 0.000E+00 +/- 0.00 %  % || S(l=0) ave= 9.458E-05 +/- 1.46 % S(l=1) ave= 1.673E-04 +/- 7.57 % S(l=2) ave= 1.349E-04 +/- 16.02 % S(l=3) ave= 0.000E+00 +/- 0.00 % 
 ... random file  10 Cap(th)  ave= 4.936E+01 b. +/- 14.59 % || Ela(th) ave= 3.869E+00 b. +/- 12.52 % || RIcap ave= 4.05E+02 b. +/- 8.30 % || Macs30 ave= 3.42E-01 b. +/- 0.06 % || Gn^0(l=0) ave= 1.137E-02 +/- 1.20 % Gn^0(l=1) ave= 3.580E-02 +/- 10.57 % Gn^0(l=2) ave= 5.683E-02 +/- 20.67 % Gn^0(l=3) ave= 0.000E+00 +/- 0.00 % || Gtotal(l=0) ave= 4.258E-01 +/- 4.69 % Gtotal(l=1) ave= 1.960E-01 +/- 6.08 % Gtotal(l=2) ave= 1.752E-01 +/- 9.71 % Gtotal(l=3) ave= 0.000E+00 +/- 0.00 %  % || Gg(l=0) ave= 2.383E-01 +/- 8.33 % Gg(l=1) ave= 1.952E-01 +/- 6.10 % Gg(l=2) ave= 1.752E-01 +/- 9.71 % Gg(l=3) ave= 0.000E+00 +/- 0.00 %  % || D(l=0) ave= 6.428E+01 +/- 2.83 % D(l=1) ave= 3.924E+01 +/- 0.00 % D(l=2) ave= 4.217E+01 +/- 1.88 % D(l=3) ave= 0.000E+00 +/- 0.00 %  % || S(l=0) ave= 9.458E-05 +/- 1.39 % S(l=1) ave= 1.635E-04 +/- 10.47 % S(l=2) ave= 1.293E-04 +/- 20.98 % S(l=3) ave= 0.000E+00 +/- 0.00 % 
 ... random file  11 Cap(th)  ave= 5.146E+01 b. +/- 19.03 % || Ela(th) ave= 3.836E+00 b. +/- 12.42 % || RIcap ave= 4.12E+02 b. +/- 9.71 % || Macs30 ave= 3.42E-01 b. +/- 0.06 % || Gn^0(l=0) ave= 1.138E-02 +/- 1.20 % Gn^0(l=1) ave= 3.605E-02 +/- 10.31 % Gn^0(l=2) ave= 5.757E-02 +/- 19.99 % Gn^0(l=3) ave= 0.000E+00 +/- 0.00 % || Gtotal(l=0) ave= 4.284E-01 +/- 4.90 % Gtotal(l=1) ave= 1.970E-01 +/- 6.01 % Gtotal(l=2) ave= 1.743E-01 +/- 9.51 % Gtotal(l=3) ave= 0.000E+00 +/- 0.00 %  % || Gg(l=0) ave= 2.409E-01 +/- 8.65 % Gg(l=1) ave= 1.962E-01 +/- 6.04 % Gg(l=2) ave= 1.743E-01 +/- 9.51 % Gg(l=3) ave= 0.000E+00 +/- 0.00 %  % || D(l=0) ave= 6.438E+01 +/- 2.75 % D(l=1) ave= 3.924E+01 +/- 0.00 % D(l=2) ave= 4.221E+01 +/- 1.82 % D(l=3) ave= 0.000E+00 +/- 0.00 %  % || S(l=0) ave= 9.457E-05 +/- 1.33 % S(l=1) ave= 1.646E-04 +/- 10.22 % S(l=2) ave= 1.308E-04 +/- 20.22 % S(l=3) ave= 0.000E+00 +/- 0.00 % 
 ... random file  12 Cap(th)  ave= 5.139E+01 b. +/- 18.31 % || Ela(th) ave= 3.799E+00 b. +/- 12.51 % || RIcap ave= 4.11E+02 b. +/- 9.39 % || Macs30 ave= 3.42E-01 b. +/- 0.06 % || Gn^0(l=0) ave= 1.137E-02 +/- 1.26 % Gn^0(l=1) ave= 3.638E-02 +/- 10.32 % Gn^0(l=2) ave= 5.861E-02 +/- 19.84 % Gn^0(l=3) ave= 0.000E+00 +/- 0.00 % || Gtotal(l=0) ave= 4.314E-01 +/- 5.25 % Gtotal(l=1) ave= 1.970E-01 +/- 5.78 % Gtotal(l=2) ave= 1.747E-01 +/- 9.15 % Gtotal(l=3) ave= 0.000E+00 +/- 0.00 %  % || Gg(l=0) ave= 2.438E-01 +/- 9.18 % Gg(l=1) ave= 1.962E-01 +/- 5.80 % Gg(l=2) ave= 1.747E-01 +/- 9.15 % Gg(l=3) ave= 0.000E+00 +/- 0.00 %  % || D(l=0) ave= 6.414E+01 +/- 2.94 % D(l=1) ave= 3.924E+01 +/- 0.00 % D(l=2) ave= 4.210E+01 +/- 1.95 % D(l=3) ave= 0.000E+00 +/- 0.00 %  % || S(l=0) ave= 9.475E-05 +/- 1.43 % S(l=1) ave= 1.661E-04 +/- 10.23 % S(l=2) ave= 1.336E-04 +/- 20.37 % S(l=3) ave= 0.000E+00 +/- 0.00 % 
 ... random file  13 Cap(th)  ave= 5.061E+01 b. +/- 18.75 % || Ela(th) ave= 3.754E+00 b. +/- 12.95 % || RIcap ave= 4.01E+02 b. +/- 13.01 % || Macs30 ave= 3.42E-01 b. +/- 0.06 % || Gn^0(l=0) ave= 1.136E-02 +/- 1.27 % Gn^0(l=1) ave= 3.683E-02 +/- 10.76 % Gn^0(l=2) ave= 6.011E-02 +/- 20.71 % Gn^0(l=3) ave= 0.000E+00 +/- 0.00 % || Gtotal(l=0) ave= 4.348E-01 +/- 5.77 % Gtotal(l=1) ave= 1.959E-01 +/- 5.91 % Gtotal(l=2) ave= 1.736E-01 +/- 9.19 % Gtotal(l=3) ave= 0.000E+00 +/- 0.00 %  % || Gg(l=0) ave= 2.471E-01 +/- 10.00 % Gg(l=1) ave= 1.952E-01 +/- 5.93 % Gg(l=2) ave= 1.736E-01 +/- 9.19 % Gg(l=3) ave= 0.000E+00 +/- 0.00 %  % || D(l=0) ave= 6.394E+01 +/- 3.06 % D(l=1) ave= 3.924E+01 +/- 0.00 % D(l=2) ave= 4.202E+01 +/- 2.03 % D(l=3) ave= 0.000E+00 +/- 0.00 %  % || S(l=0) ave= 9.491E-05 +/- 1.51 % S(l=1) ave= 1.682E-04 +/- 10.68 % S(l=2) ave= 1.375E-04 +/- 21.62 % S(l=3) ave= 0.000E+00 +/- 0.00 % 
 ... random file  14 Cap(th)  ave= 4.991E+01 b. +/- 19.10 % || Ela(th) ave= 3.733E+00 b. +/- 12.77 % || RIcap ave= 3.98E+02 b. +/- 12.88 % || Macs30 ave= 3.42E-01 b. +/- 0.06 % || Gn^0(l=0) ave= 1.136E-02 +/- 1.24 % Gn^0(l=1) ave= 3.699E-02 +/- 10.47 % Gn^0(l=2) ave= 6.068E-02 +/- 20.13 % Gn^0(l=3) ave= 0.000E+00 +/- 0.00 % || Gtotal(l=0) ave= 4.344E-01 +/- 5.59 % Gtotal(l=1) ave= 1.948E-01 +/- 6.13 % Gtotal(l=2) ave= 1.721E-01 +/- 9.48 % Gtotal(l=3) ave= 0.000E+00 +/- 0.00 %  % || Gg(l=0) ave= 2.468E-01 +/- 9.69 % Gg(l=1) ave= 1.940E-01 +/- 6.16 % Gg(l=2) ave= 1.721E-01 +/- 9.48 % Gg(l=3) ave= 0.000E+00 +/- 0.00 %  % || D(l=0) ave= 6.404E+01 +/- 3.01 % D(l=1) ave= 3.924E+01 +/- 0.00 % D(l=2) ave= 4.194E+01 +/- 2.08 % D(l=3) ave= 0.000E+00 +/- 0.00 %  % || S(l=0) ave= 9.483E-05 +/- 1.50 % S(l=1) ave= 1.689E-04 +/- 10.40 % S(l=2) ave= 1.391E-04 +/- 21.09 % S(l=3) ave= 0.000E+00 +/- 0.00 % 
 ... random file  15 Cap(th)  ave= 4.960E+01 b. +/- 18.77 % || Ela(th) ave= 3.710E+00 b. +/- 12.66 % || RIcap ave= 3.96E+02 b. +/- 12.69 % || Macs30 ave= 3.42E-01 b. +/- 0.07 % || Gn^0(l=0) ave= 1.135E-02 +/- 1.31 % Gn^0(l=1) ave= 3.718E-02 +/- 10.28 % Gn^0(l=2) ave= 6.132E-02 +/- 19.70 % Gn^0(l=3) ave= 0.000E+00 +/- 0.00 % || Gtotal(l=0) ave= 4.384E-01 +/- 6.40 % Gtotal(l=1) ave= 1.945E-01 +/- 5.99 % Gtotal(l=2) ave= 1.714E-01 +/- 9.37 % Gtotal(l=3) ave= 0.000E+00 +/- 0.00 %  % || Gg(l=0) ave= 2.507E-01 +/- 11.09 % Gg(l=1) ave= 1.937E-01 +/- 6.01 % Gg(l=2) ave= 1.714E-01 +/- 9.37 % Gg(l=3) ave= 0.000E+00 +/- 0.00 %  % || D(l=0) ave= 6.387E+01 +/- 3.10 % D(l=1) ave= 3.924E+01 +/- 0.00 % D(l=2) ave= 4.198E+01 +/- 2.05 % D(l=3) ave= 0.000E+00 +/- 0.00 %  % || S(l=0) ave= 9.492E-05 +/- 1.50 % S(l=1) ave= 1.698E-04 +/- 10.21 % S(l=2) ave= 1.403E-04 +/- 20.53 % S(l=3) ave= 0.000E+00 +/- 0.00 % 
 ... random file  16 Cap(th)  ave= 4.941E+01 b. +/- 18.34 % || Ela(th) ave= 3.677E+00 b. +/- 12.91 % || RIcap ave= 3.95E+02 b. +/- 12.39 % || Macs30 ave= 3.42E-01 b. +/- 0.07 % || Gn^0(l=0) ave= 1.133E-02 +/- 1.39 % Gn^0(l=1) ave= 3.752E-02 +/- 10.55 % Gn^0(l=2) ave= 6.253E-02 +/- 20.28 % Gn^0(l=3) ave= 0.000E+00 +/- 0.00 % || Gtotal(l=0) ave= 4.368E-01 +/- 6.41 % Gtotal(l=1) ave= 1.942E-01 +/- 5.83 % Gtotal(l=2) ave= 1.723E-01 +/- 9.28 % Gtotal(l=3) ave= 0.000E+00 +/- 0.00 %  % || Gg(l=0) ave= 2.492E-01 +/- 11.12 % Gg(l=1) ave= 1.935E-01 +/- 5.86 % Gg(l=2) ave= 1.723E-01 +/- 9.28 % Gg(l=3) ave= 0.000E+00 +/- 0.00 %  % || D(l=0) ave= 6.372E+01 +/- 3.16 % D(l=1) ave= 3.924E+01 +/- 0.00 % D(l=2) ave= 4.192E+01 +/- 2.09 % D(l=3) ave= 0.000E+00 +/- 0.00 %  % || S(l=0) ave= 9.498E-05 +/- 1.47 % S(l=1) ave= 1.713E-04 +/- 10.49 % S(l=2) ave= 1.434E-04 +/- 21.32 % S(l=3) ave= 0.000E+00 +/- 0.00 % 
 ... random file  17 Cap(th)  ave= 4.929E+01 b. +/- 17.89 % || Ela(th) ave= 3.645E+00 b. +/- 13.16 % || RIcap ave= 3.94E+02 b. +/- 12.09 % || Macs30 ave= 3.42E-01 b. +/- 0.07 % || Gn^0(l=0) ave= 1.134E-02 +/- 1.39 % Gn^0(l=1) ave= 3.782E-02 +/- 10.68 % Gn^0(l=2) ave= 6.356E-02 +/- 20.52 % Gn^0(l=3) ave= 0.000E+00 +/- 0.00 % || Gtotal(l=0) ave= 4.359E-01 +/- 6.29 % Gtotal(l=1) ave= 1.949E-01 +/- 5.83 % Gtotal(l=2) ave= 1.721E-01 +/- 9.04 % Gtotal(l=3) ave= 0.000E+00 +/- 0.00 %  % || Gg(l=0) ave= 2.483E-01 +/- 10.94 % Gg(l=1) ave= 1.942E-01 +/- 5.85 % Gg(l=2) ave= 1.721E-01 +/- 9.04 % Gg(l=3) ave= 0.000E+00 +/- 0.00 %  % || D(l=0) ave= 6.381E+01 +/- 3.12 % D(l=1) ave= 3.924E+01 +/- 0.00 % D(l=2) ave= 4.196E+01 +/- 2.06 % D(l=3) ave= 0.000E+00 +/- 0.00 %  % || S(l=0) ave= 9.493E-05 +/- 1.45 % S(l=1) ave= 1.727E-04 +/- 10.64 % S(l=2) ave= 1.456E-04 +/- 21.29 % S(l=3) ave= 0.000E+00 +/- 0.00 % 
 ... random file  18 Cap(th)  ave= 4.931E+01 b. +/- 17.41 % || Ela(th) ave= 3.608E+00 b. +/- 13.64 % || RIcap ave= 3.96E+02 b. +/- 11.83 % || Macs30 ave= 3.42E-01 b. +/- 0.07 % || Gn^0(l=0) ave= 1.135E-02 +/- 1.40 % Gn^0(l=1) ave= 3.823E-02 +/- 11.23 % Gn^0(l=2) ave= 6.499E-02 +/- 21.66 % Gn^0(l=3) ave= 0.000E+00 +/- 0.00 % || Gtotal(l=0) ave= 4.376E-01 +/- 6.32 % Gtotal(l=1) ave= 1.943E-01 +/- 5.84 % Gtotal(l=2) ave= 1.719E-01 +/- 8.82 % Gtotal(l=3) ave= 0.000E+00 +/- 0.00 %  % || Gg(l=0) ave= 2.499E-01 +/- 10.95 % Gg(l=1) ave= 1.936E-01 +/- 5.86 % Gg(l=2) ave= 1.719E-01 +/- 8.82 % Gg(l=3) ave= 0.000E+00 +/- 0.00 %  % || D(l=0) ave= 6.389E+01 +/- 3.09 % D(l=1) ave= 3.924E+01 +/- 0.00 % D(l=2) ave= 4.200E+01 +/- 2.04 % D(l=3) ave= 0.000E+00 +/- 0.00 %  % || S(l=0) ave= 9.490E-05 +/- 1.41 % S(l=1) ave= 1.746E-04 +/- 11.20 % S(l=2) ave= 1.486E-04 +/- 22.08 % S(l=3) ave= 0.000E+00 +/- 0.00 % 
 ... random file  19 Cap(th)  ave= 5.037E+01 b. +/- 18.98 % || Ela(th) ave= 3.622E+00 b. +/- 13.34 % || RIcap ave= 4.00E+02 b. +/- 12.26 % || Macs30 ave= 3.42E-01 b. +/- 0.07 % || Gn^0(l=0) ave= 1.134E-02 +/- 1.42 % Gn^0(l=1) ave= 3.808E-02 +/- 11.11 % Gn^0(l=2) ave= 6.447E-02 +/- 21.57 % Gn^0(l=3) ave= 0.000E+00 +/- 0.00 % || Gtotal(l=0) ave= 4.379E-01 +/- 6.16 % Gtotal(l=1) ave= 1.936E-01 +/- 5.93 % Gtotal(l=2) ave= 1.721E-01 +/- 8.60 % Gtotal(l=3) ave= 0.000E+00 +/- 0.00 %  % || Gg(l=0) ave= 2.502E-01 +/- 10.67 % Gg(l=1) ave= 1.928E-01 +/- 5.96 % Gg(l=2) ave= 1.721E-01 +/- 8.60 % Gg(l=3) ave= 0.000E+00 +/- 0.00 %  % || D(l=0) ave= 6.376E+01 +/- 3.14 % D(l=1) ave= 3.924E+01 +/- 0.00 % D(l=2) ave= 4.194E+01 +/- 2.08 % D(l=3) ave= 0.000E+00 +/- 0.00 %  % || S(l=0) ave= 9.498E-05 +/- 1.42 % S(l=1) ave= 1.739E-04 +/- 11.09 % S(l=2) ave= 1.476E-04 +/- 21.87 % S(l=3) ave= 0.000E+00 +/- 0.00 % 
 ... random file  20 Cap(th)  ave= 4.993E+01 b. +/- 19.11 % || Ela(th) ave= 3.618E+00 b. +/- 13.05 % || RIcap ave= 3.97E+02 b. +/- 12.59 % || Macs30 ave= 3.42E-01 b. +/- 0.07 % || Gn^0(l=0) ave= 1.133E-02 +/- 1.42 % Gn^0(l=1) ave= 3.808E-02 +/- 10.85 % Gn^0(l=2) ave= 6.442E-02 +/- 21.07 % Gn^0(l=3) ave= 0.000E+00 +/- 0.00 % || Gtotal(l=0) ave= 4.364E-01 +/- 6.20 % Gtotal(l=1) ave= 1.940E-01 +/- 5.85 % Gtotal(l=2) ave= 1.729E-01 +/- 8.61 % Gtotal(l=3) ave= 0.000E+00 +/- 0.00 %  % || Gg(l=0) ave= 2.487E-01 +/- 10.80 % Gg(l=1) ave= 1.933E-01 +/- 5.88 % Gg(l=2) ave= 1.729E-01 +/- 8.61 % Gg(l=3) ave= 0.000E+00 +/- 0.00 %  % || D(l=0) ave= 6.365E+01 +/- 3.18 % D(l=1) ave= 3.924E+01 +/- 0.00 % D(l=2) ave= 4.197E+01 +/- 2.06 % D(l=3) ave= 0.000E+00 +/- 0.00 %  % || S(l=0) ave= 9.507E-05 +/- 1.46 % S(l=1) ave= 1.739E-04 +/- 10.82 % S(l=2) ave= 1.474E-04 +/- 21.40 % S(l=3) ave= 0.000E+00 +/- 0.00 % 
 ... Histogram plot for thermal (n,g)
 ... Write covariances  ... MT1  ... plot correlations
 ... MT2  ... MT102 


 ================================================
 ============== From 20 random values === start ======
 Thermal (n,tot) xs  0 K =  53.5457 b. +/- 9.50516 b. ( 17.7515 %) skew= +1.23 +/- 0.50
 Thermal (n,el) xs   0 K =  3.6184 b. +/- 0.472036 b. ( 13.0455 %) skew= +1.29 +/- 0.50
 Thermal (n,g) xs    0 K =  49.9273 b. +/- 9.53861 b. ( 19.105 %) skew= +1.19 +/- 0.50
 RI      (n,g)       0 K =  396.807 b. +/- 49.9417 b. ( 12.5859 %) 
 MACS    (n,g)       0 K (at Emacs= 30000 eV) =  0.3421 b. +/- 0.000237651 b. ( 0.0694683 %) 
 Ave. Gtotal  L=0        =  4.364E-01 +/- 6.20 %
 Ave. Gn^(0)  L=0        =  1.133E-02 +/- 1.42 %
 Ave. Gg      L=0        =  2.487E-01 +/- 10.80 %
 Ave. D       L=0        =  6.365E+01 +/- 3.18 %
 Ave. S       L=0        =  9.507E-05 +/- 1.46 %
 Ave. Gtotal  L=1        =  1.940E-01 +/- 5.85 %
 Ave. Gn^(1)  L=1        =  3.808E-02 +/- 10.85 %
 Ave. Gg      L=1        =  1.933E-01 +/- 5.88 %
 Ave. D       L=1        =  3.924E+01 +/- 0.00 %
 Ave. S       L=1        =  1.739E-04 +/- 10.82 %
 Ave. Gtotal  L=2        =  1.729E-01 +/- 8.61 %
 Ave. Gn^(2)  L=2        =  6.442E-02 +/- 21.07 %
 Ave. Gg      L=2        =  1.729E-01 +/- 8.61 %
 Ave. D       L=2        =  4.197E+01 +/- 2.06 %
 Ave. S       L=2        =  1.474E-04 +/- 21.40 %

 Expected Thermal (n,g) (syst or meas)= 50 b. +/- 2.5 b. nominal: 48.4727 b.
 ratio Calculated/expected thermal (n,g): 1.00 ratio DCalculated/Dexpected: 3.82 ratio Calculated/Nominal: 1.03
 ============== From 20 random values ===== stop ======
 ================================================
 ... Calculation of (n,a) and (n,p) cross sections at 300 K
 ... thermal (n,a) cross section is 0.0100474 +/- 0.00502372 b.
 ... thermal (n,a) cross section is 0.0130648 b. (random case 1)
 ... thermal (n,a) cross section is 0.0128923 b. (random case 2)
 ... thermal (n,a) cross section is 0.0038129 b. (random case 3)
 ... thermal (n,a) cross section is 0.0158315 b. (random case 4)
 ... thermal (n,a) cross section is 0.0136909 b. (random case 5)
 ... thermal (n,a) cross section is 0.00597066 b. (random case 6)
 ... thermal (n,a) cross section is 0.0131075 b. (random case 7)
 ... thermal (n,a) cross section is 0.0086807 b. (random case 8)
 ... thermal (n,a) cross section is 0.00103831 b. (random case 9)
 ... thermal (n,a) cross section is 0.0191586 b. (random case 10)
 ... thermal (n,a) cross section is 0.00833462 b. (random case 11)
 ... thermal (n,a) cross section is 0.0116956 b. (random case 12)
 ... thermal (n,a) cross section is 0.00865235 b. (random case 13)
 ... thermal (n,a) cross section is 0.0178772 b. (random case 14)
 ... thermal (n,a) cross section is 0.00369112 b. (random case 15)
 ... thermal (n,a) cross section is 0.00648407 b. (random case 16)
 ... thermal (n,a) cross section is 0.0132627 b. (random case 17)
 ... thermal (n,a) cross section is 0.0121749 b. (random case 18)
 ... thermal (n,a) cross section is 0.0103261 b. (random case 19)
 ... thermal (n,a) cross section is 0.00775369 b. (random case 20)
 ... (n,p) Q-value negative for this element
 ... Rewrite index for MF2
 ... Write text for MF1 in file mf1.tares.txt
 ... plotting cross sections for the MF1
 ... order output files


================== summary ==================
 Thermal (n,tot) xs = 52.0705 b. 
 Thermal (n,el)  xs = 3.58779 b. 
 Thermal (n,g)   xs = 48.4727 b. (meas/sys: 50 b.)
 Thermal (n,a)   xs = 0.0100474 b. 
 At 300 K (thermal adjustment): (n,el) = 3.61092 b., (n,g) = 48.4992 b.

 RI      (n,g)      = 395.352 b. (meas or sys: - b.)
 RI      (n,el)     = 285.741 b.
=============================================


 ... cleaning
                                                 
  -------------------------------------------------------------
  -                                                           -
  - TARES: successful end of run with data from hypothetical  -
  - resonances for  Z= 34,  A= 79 and isomer= 0               -
  - half-life: 327245.062500 years
  -                                                           -
  -------------------------------------------------------------

   Running time:       30 seconds

 End time: Fri Oct  9 11:37:50 2026

