
  -------------------------------------------------------------
  -                                                           -
  -              Welcome to TARES version 1.8                 -
  -                                                           -
  -  (C) Copyright 2007-2025 D. Rochman, All Rights Reserved  -
  -           NRG, Petten, the Netherlands 2007-2014          -
  -           PSI, Villigen    Switzerland 2015-2025          -
  -         Nagra, Wettingen   Switzerland 2025-              -
  -           (Last Modified October 06, 2026)                -
  -           (Database from October 06, 2026)                -
  -                                                           -
  -------------------------------------------------------------


  ---------------------------------------------
   Compilation information:
   Compiled on:         Oct  8 2026, 18:36:06
   Compiled by:         koning
   Compiler version:    clang++ - 21.0.0
   Source location:     /Users/koning/tares-1.8/source/Module/
   Binaries location:   /Users/koning/bin
   System:              Darwin 25.6.0
   System version:      Darwin Kernel Version 25.6.0: Fri Jul 31 19:19:08 PDT 2026; root:xnu-12377.161.14~5/RELEASE_ARM64_T6050  
   Machine:             arm64 
  ---------------------------------------------

   User information:
   User name:           koning
   Running directory:   /Users/koning/tendl/resbase/Tm165/work
   Owner mode for running directory : rwx
   Group mode for running directory : r-x
  ---------------------------------------------


 Starting time: Fri Oct  9 11:01:21 2026
 ... inputs directory found (/Users/koning/tares-1.8/source/Module//../../inputs/).
 ... It will be used for resonance parameters 
 ... ###############################################
 ... #     read the input file tares.inp
 ... ###############################################
 ... line: #
 ... line: # Input file generated by Autorochman
          --> line not read
 ... line: #
 ... line: isotope    Tm
          --> Isotope name: Tm
 ... line: mass       165
          --> isotopic mass: 165
 ... line: output     n-Tm165
         ---> Name of the output files: n-Tm165
 ... line: isomer     0
          --> isomeric state: 0
 ... line: mf32mf33   y
          --> MF33 based on MF32: y
 ... line: nbrRandom  10
          --> Nbr of random files: 10
 ... ###############################################
 ... # end read the input file tares.inp
 ... ###############################################
Value for random generator type not considered in since Tares 1.7 due to compilation issues

 ... ###############################################
     #   Interpretation of the Input definition    #
     ###############################################

 ... Default energy limit: End of resonance region
 ... Nuclear charge    = 69
 ... Element           = Tm
 ... Mass              = 165
 ... Isomer            = 0
 ... Correlation for (Gn,Gg) not included in random files
 ... Default random option: No random
 ... Output name: n-Tm165
 ... Energy for the MACS: 30000 eV
 ... Resonances from CALENDF reduced (reduce=y) 
 ... For URR, level density model from TALYS selected: 91n3n12611.2850 (see manual for description)
 ... Random Generator: default (pseudo random numbers from ansi c++)
 ... Reconstruction of cross section selected
 ... Doppler broadening at 0 Kelvin
 ... URR not included (from the input file flag)
 ... Weight for grouping is flat
 ... Calculation of (n,alpha) cross section selected
 ... Number of digit for MF32c covariance representation: 2
 ... MF32 included
 ... MF33 will be used for covariance processing
 ... TENDL option set to yes (automatic choice of MF2 and format)
 ... Isotope not found in the best file --> use of MLBW formalism
 ... default option: Multi level Breit Wigner approximation selected
 ... (check file best.tendl.yes for changing this option)
 ... Retroactive option set to no with the 2025 option
 ... ladder option set to yes (CALENDF will be used for statistical resonances)

 ... ###############################################
     #           End of Input definition           #
     ###############################################

 ... gnuplot found, will be used for plotting
 ... latex found, will be used for plotting
 ... dvips found, will be used for plotting
 ... ps2epsi not found, limited plotting available
 ... uncertainties on default parameters multiplied by 1.21343
 ... Read resonance data from the 2025 directory
 ... Resonance parameters taken from /Users/koning/tares-1.8/source/Module//../../inputs/2025/Resonance/default/
 ---> Processing Z= 69 and A= 165 and isomer= 0 (level number: 0)
 Exfor path; Could not find /Users/koning/tares-1.8/source/Module//../../inputs/exfor/Tm165/xs/102
Thermal file; Could not open file /Users/koning/tares-1.8/source/Module//../../inputs/2025/runThermal/results//thermal.mxw.ng.cendl3.1
Thermal file; Could not open file /Users/koning/tares-1.8/source/Module//../../inputs/2025/runThermal/results//thermal.mxw.ng.brond3.1
Thermal file; Could not open file /Users/koning/tares-1.8/source/Module//../../inputs/2025/runThermal/results//thermal.xs.ng.unc.cendl3.1
 ... spin taken from the final/ directory (1)

 ... ###############################################
 ... #  Nucleus global parameters (2025 database)  #
 ... ###############################################
 0. Half-life: 1.25231 days 
 ... Scattering radius from TALYS: /Users/koning/tares-1.8/source/Module//../../inputs/2025/lib.urr/talys.urr/
 1. Spin of the target isotope: 0.5
 2. Relative Atomic Mass of the target isotope: 164.932
 3. Scattering radius (local compilation): 7.27953 fm +/- 0.131032 fm
      .......................................
      ... Thermal capture cross sections: ...
 4. Thermal (n,g) cross section from systematics (TALYS, urr.dat): 86.0358 +/- 21.509 b.
 5. Thermal (n,g) cross section from compilation (Firestone-2022 average on element Tm): 120 +/- 6 b.
 6. Thermal (n,g) cross section from compilation (Firestone-2022 final on element Tm): 107 +/- 3 b.
 7. Thermal (n,g) cross section from EAF-2010: 67.13 b.
 8. Thermal (n,g) cross section from TENDL-2023: 86.19 +/- 20.62 b.
 9. Thermal (n,g) cross section from JENDL-5.0: 30.85 b.
      .......................................
      ...  Thermal total cross sections:  ...
      .......................................
      ... Thermal elastic cross sections: ...
 10. Thermal (n,el) cross section from JENDL-5.0: 7.179 b.
 11. Thermal (n,el) cross section from potential (4piR^2): 9.14862 +/- 0.457431 b.
      .......................................
             ... Resonance integral: ...
 12. No capture integral found in /Users/koning/tares-1.8/source/Module//../../inputs/capture.integral
 ... no RI(n,g) found in local compilation, take 2018 value.
 ... no RI(n,g) found in local compilation, take Sukhoruchkin value.
   ---- MACS 30 keV ----- 
 13. TALYS MACS 30 keV (HF): 4.87783 b. 
   ---------- S0 -------- 
 14. S0 from TALYS: 9.61224
   ---------- S1 -------- 
 15. S1 from TALYS: 0.382224
   ---------- S2 -------- 
 16. S2 from TALYS: 8.8685
   ---------- D0 -------- 
 17. D0 from TALYS: 0.924806 eV
   ---------- D1 -------- 
 18. D1 from TALYS: 0.422576 eV
   ---------- D2 -------- 
 19. D2 from TALYS: 0.264987 eV
   ---------- G0 -------- 
 20. Gg0 from TALYS: 0.0693471 eV
   ---------- G1 -------- 
 21. Gg1 from TALYS: 0.0695245 eV
   ---------- G2 -------- 
 22. Gg2 from TALYS: 0.0688239 eV


   ---------------------- 
 ... Read resonance parameters (format: 2: Multi Level Breit Wigner)
 ... 0 resonances found 
 ... possibly no resonances in the Resonance directory for this isotope and options
 ... Use HFR (ladder) behavior 
 --> 24. Number of resonances from the input file: 2 up to 0.462403 eV
 25. Read nuclear quantities (mass, MAT...)
 26. Read thermal (n,g) xs 
 27. Read the scattering radius 
 28. Read uncertainty on Gg for 2 resonances
 29. Read uncertainty on Gg for 2 resonances ... done
 ... order resonances 
 ... Upper limit for the RRR: 0.462403 eV (no statistical resonances HFR) from the limit.RRR file
 ... Write parameters for l=0 waves
 ... End writing original MF2 
 ... No RRR in the database: uncertainties on default parameters multiplied by 1.99753
 ... Enter in urr function (ladder option set to y) for file n-Tm165
 ... read the file /Users/koning/tares-1.8/source/Module//../../inputs/2025/list.jcs.urr to find URR origin
 Default URR taken from TALYS calculations with level density model: 91n3n12611.2850
 File considered for the URR: /Users/koning/tares-1.8/source/Module//../../inputs/2025/lib.urr/talys.urr/91n3n12611.2850/Tm/urr/urr.dat.Tm.165.000.0.gz
 ... Write URR using TALYS average parameters (used for HFR)
 ... Limit of URR changed to 25 keV (recommendation from WPEC and JEFF)
 ... Extract the Sn value from file ./urr.dat.Tm.165.0.0
 ... found Sn= 7.02777 MeV
 ... estimated number of resonances up to 4049.44 eV: 4378.69 resonances, too high ?
 ... estimated number of resonances up to 2024.72 eV: 2189.34 resonances, too high ?
 ... estimated number of resonances up to 1012.36 eV: 1094.67 resonances, too high ?
 ... estimated number of resonances up to 506.18 eV:  547.336 resonances
 ... This is a test here. The higher energy limit to include URR data for calendf is set to max Sn. 24/03/2016
 ... Use Sn to define the maximum energy for the URR: Sn= 7.02777 MeV --> last_energyURR= 506.18 eV
 ... read D0, S0, Gn and Gg
 ... number of URR energies: 1224
 Number of l: 1224 and last energy: 8
 Last  URR energy: 506.18 eV
 ... Enter in to_MLBW_mf2 function
 ... Convert to Multi Level Breit Wigner (MLBW)
 ... Write parameter covariances (MF32) for l=0
 ... Convert parameter covariances (MF32) to MLBW
 ... copy the mf2 and mf32 to .mlbw files
 ... Enter in urr_correct function case 1
 Modify the higher limit of RRR in MF2
 --> old value: 4.647150-1 eV new value: 1.000000-2 eV
 Modify resonance covariances (MF32) to include correlations in the URR
 End Modify resonance covariances (MF32) to include correlations in the URR
 ... Enter in calendf_xs function
 Use CALENDF for statistical resonances (update MF2) up to 5.061800+2 eV (initial limit)
 Extract resonances from CALENDF for RRR->URR 2
 2941 statistical resonances found
 After reduction, 2475 statistical resonances found
 ... checking resonance order 1
 ... checking resonance order 2nd round for 2473 resonances
 ... end checking resonance order 2nd round
 Too many resonances (2473): reduced to 100.
 .......................................................
 ... Adjustment to the thermal cross section : start ...
 .......................................................

 Before adjustment (adjustment to the thermal cross section set to y)
 ... Import MF2 from TARES calculations
 ... End energy of TARES MF2 : 6.515924E+1 eV and limit to 40000 resonances
 ... File used for reconstruction: new.temp22.reconst
 ... run RECENT ...
 ... Doppler broadened at a unique temperature: 300 Kelvin using sigma1
 ... run SIGMA1 at 3.000000E+02 K.

 ============== INTER values at 300 Kelvin ==============
 Thermal (n,g) xs =  73274.6 b. (meas/sys: 86.0358 b.) (warning: comparison to be done at 296 or 300 K)
 Th Maxw (n,g) xs =  122440 b. (thermal Maxwellian value)
 Westcott factor  =  1.67099
 RI      (n,g)    =  7974.78 b. (meas or sys: - b.)
 MACS 3.000e+04 eV=  3.3765 b. (meas or sys: - b.) from 1.00E+00 to 2.00E+07 eV (end of RRR) at T= 300 Kelvin 
 Thermal (n,el) xs=  731.504 b.
 RI      (n,el)   =  873.29 b.
 ============= PSYCHE values ==============
 Ave. G_total L0  =  0.0793876 eV
 Ave. G_total L1  =  0.0686415 eV
 Ave. Gn_0    L0  =  0.00185241
 Ave. Gn_0    L1  =  0.00022953
 Ave. Gg      L0  =  0.0689558 eV
 Ave. Gg      L1  =  0.0686414 eV
 Ave. D       L0  =  0.917736 eV
 Ave. D       L1  =  3.8329 eV
 Ave. S       L0  =  0.0010841 eV
 Ave. S       L1  =  1.24995e-05 eV
 =========================================
 Calculated capture integral   7974.78 b.
 Calculated thermal (n,g)=          73274.6375 b. and recommended= 86.0358 b. (C/E= 851.676)
 Calculated RI      (n,g)= 7974.78 b. (no reference value)
 ... tolerances: thermal (n,g) 20 % (reference uncertainties, minimum 2% and 5%, maximum 20%)
 Adjust the capture widths ...
 ... capture adjusted with Gn for 98 resonances (Gn<Gg) and with Gg for 2 resonances
 ... iteration 0: C/E thermal (n,g)= 851.676
 Warning: 100 widths limited to a change of a factor 10 from their starting values

 <-------- After adjustment -------->
 ... Import MF2 from TARES calculations
 ... End energy of TARES MF2 : 6.515924E+1 eV and limit to 40000 resonances
 ... File used for reconstruction: new.temp22.reconst
 ... run RECENT ...
 ... Doppler broadened at a unique temperature: 300 Kelvin using sigma1
 ... run SIGMA1 at 3.000000E+02 K.

 ============== INTER values at 300 Kelvin ==============
 Thermal (n,g) xs =  7340.54 b. (meas/sys: 86.0358 b.) (warning: comparison to be done at 296 or 300 K)
 Th Maxw (n,g) xs =  12375 b. (thermal Maxwellian value)
 Westcott factor  =  1.68585
 RI      (n,g)    =  1316.18 b. (meas or sys: - b.)
 MACS 3.000e+04 eV=  3.3753 b. (meas or sys: - b.) from 1.00E+00 to 2.00E+07 eV (end of RRR) at T= 300 Kelvin 
 Thermal (n,el) xs=  2.5302 b.
 RI      (n,el)   =  198.895 b.
 ============= PSYCHE values ==============
 Ave. G_total L0  =  0.0704833 eV
 Ave. G_total L1  =  0.0686414 eV
 Ave. Gn_0    L0  =  0.000499054
 Ave. Gn_0    L1  =  2.2953e-05
 Ave. Gg      L0  =  0.0672286 eV
 Ave. Gg      L1  =  0.0686414 eV
 Ave. D       L0  =  0.917736 eV
 Ave. D       L1  =  3.8329 eV
 Ave. S       L0  =  0.000283914 eV
 Ave. S       L1  =  1.24995e-06 eV
 =========================================
 ... iteration 1: C/E thermal (n,g)= 85.3196
 Warning: 100 widths limited to a change of a factor 10 from their starting values

 <-------- After adjustment -------->
 ... Import MF2 from TARES calculations
 ... End energy of TARES MF2 : 6.515924E+1 eV and limit to 40000 resonances
 ... File used for reconstruction: new.temp22.reconst
 ... run RECENT ...
 ... Doppler broadened at a unique temperature: 300 Kelvin using sigma1
 ... run SIGMA1 at 3.000000E+02 K.

 ============== INTER values at 300 Kelvin ==============
 Thermal (n,g) xs =  7340.54 b. (meas/sys: 86.0358 b.) (warning: comparison to be done at 296 or 300 K)
 Th Maxw (n,g) xs =  12375 b. (thermal Maxwellian value)
 Westcott factor  =  1.68585
 RI      (n,g)    =  1316.18 b. (meas or sys: - b.)
 MACS 3.000e+04 eV=  3.3753 b. (meas or sys: - b.) from 1.00E+00 to 2.00E+07 eV (end of RRR) at T= 300 Kelvin 
 Thermal (n,el) xs=  2.5302 b.
 RI      (n,el)   =  198.895 b.
 ============= PSYCHE values ==============
 Ave. G_total L0  =  0.0704833 eV
 Ave. G_total L1  =  0.0686414 eV
 Ave. Gn_0    L0  =  0.000499054
 Ave. Gn_0    L1  =  2.2953e-05
 Ave. Gg      L0  =  0.0672286 eV
 Ave. Gg      L1  =  0.0686414 eV
 Ave. D       L0  =  0.917736 eV
 Ave. D       L1  =  3.8329 eV
 Ave. S       L0  =  0.000283914 eV
 Ave. S       L1  =  1.24995e-06 eV
 =========================================
 ... iteration 2: C/E thermal (n,g)= 85.3196
 Warning: no further change possible (widths at the limit of a factor 10): adjustment stopped


 ... ratio C/E thermal (n,g): 8.531959E+01
 ...................................................... 
 ... Adjustment to the thermal cross section : stop ...
 ...................................................... 
 ... new MF2 file after adjustment: n-Tm165
 ... read the file /Users/koning/tares-1.8/source/Module//../../inputs/2025/list.jcs.urr to find URR origin
 Default URR taken from TALYS calculations with level density model: 91n3n12611.2850
 File considered for the URR: /Users/koning/tares-1.8/source/Module//../../inputs/2025/lib.urr/talys.urr/91n3n12611.2850/Tm/urr/urr.dat.Tm.165.000.0.gz
 ... Write URR using TALYS average parameters (not used for HFR)
 ... Limit of URR changed to 25 keV (recommendation from WPEC and JEFF)
 ... read D0, S0, Gn and Gg
 ... number of URR energies: 712
 Number of l: 712 and last energy: 8
 Last  URR energy: 11424.6 eV
 Energies in the URR : 712 -> reduced by a factor 2
 Energies in the URR : 320 -> reduced by a factor 2
 ... Enter in urr_correct function case 2
 Modify the higher limit of RRR in MF2
 --> old value: 6.515924+1 eV new value: 6.515924+1 eV
 Modify resonance covariances (MF32) to include correlations in the URR
 End Modify resonance covariances (MF32) to include correlations in the URR
 ... Enter in update_MF32 function
 ... Change uncertainties
 ... for the HFR, random position of the positive resonances with 0.020000 %
 ... end of update MF32 function
 ... GLS calculation of the parameter correlations from the thermal/RI adjustment (MF32c)
 ... MF32: correlations from the thermal/RI adjustment (GLS) for 1 resonances (2 widths), 1 correlation lines
 ...   thermal (n,g): uncertainty from these widths 2814.5 b. -> 21.5083 b. (reference: 86.0358 +/- 21.509 b.)
 ... copy the mf2 and mf32 to .mlbw files

 ... Start of final reconstruction and testing ...
 ... Reconstruction of cross sections at 0 Kelvin  ... Import MF2 from TARES calculations
 ... End energy of TARES MF2 : 6.515924E+1 eV and limit to 40000 resonances
 ... File used for reconstruction: n-Tm165.reconst
 ... run RECENT ...
 ... Doppler broadened at a unique temperature: 0 Kelvin using sigma1
 ... The keyword temperature is zero, no Doppler broadening for the MACS

 ============== INTER values at 0 Kelvin ==============
 Thermal (n,g) xs =  7295.01 b. (meas/sys: 86.0358 b.) (warning: comparison to be done at 296 or 300 K)
 Th Maxw (n,g) xs =  12250 b. (thermal Maxwellian value)
 Westcott factor  =  1.67929
 RI      (n,g)    =  1312.81 b. (meas or sys: - b.)
 MACS 3.000e+04 eV=  3.3579 b. (meas or sys: - b.) from 1.00E+00 to 6.52E+01 eV (end of RRR) at T= 0 Kelvin 
 Thermal (n,el) xs=  2.49216 b.
 RI      (n,el)   =  198.87 b.
 ============= PSYCHE values ==============
 Ave. G_total L0  =  0.0704833 eV
 Ave. G_total L1  =  0.0686414 eV
 Ave. Gn_0    L0  =  0.000499054
 Ave. Gn_0    L1  =  2.2953e-05
 Ave. Gg      L0  =  0.0672286 eV
 Ave. Gg      L1  =  0.0686414 eV
 Ave. D       L0  =  0.917736 eV
 Ave. D       L1  =  3.8329 eV
 Ave. S       L0  =  0.000283914 eV
 Ave. S       L1  =  1.24995e-06 eV
 =========================================
 ... End of final reconstruction and testing ...

 ... grouping is not optimum, change to 70 groups
 ... Produce MF33 based on MF32 and 10 random files
 ... MF3 of n-Tm165.reconst (3 sections) added to the files for ENDSAM
 ... run endsam for 10 in groups of 1 global run
 ... run endsam from 1 to 10
 ... random files: total width GT set to Gn+Gg+Gf (1000 resonances in 10 files)
 ... reorder resonance position after endsam (sampling)
 ... preparing the vectors  ... done
 ... nominal file 0 Cap(th)  ave= 7.295E+03 b. +/- 0.00 % || Ela(th) ave= 2.492E+00 b. +/- 0.00 % || RIcap ave= 1.31E+03 b. +/- 0.00 % || Macs30 ave= 3.36E+00 b. +/- 0.00 % || Gn^0(l=0) ave= 4.991E-04 +/- 0.00 % Gn^0(l=1) ave= 2.295E-05 +/- 0.00 % Gn^0(l=2) ave= 0.000E+00 +/- 0.00 % Gn^0(l=3) ave= 0.000E+00 +/- 0.00 % || Gtotal(l=0) ave= 7.048E-02 +/- 0.00 % Gtotal(l=1) ave= 6.864E-02 +/- 0.00 % Gtotal(l=2) ave= 0.000E+00 +/- 0.00 % Gtotal(l=3) ave= 0.000E+00 +/- 0.00 %  % || Gg(l=0) ave= 6.723E-02 +/- 0.00 % Gg(l=1) ave= 6.864E-02 +/- 0.00 % Gg(l=2) ave= 0.000E+00 +/- 0.00 % Gg(l=3) ave= 0.000E+00 +/- 0.00 %  % || D(l=0) ave= 9.177E-01 +/- 0.00 % D(l=1) ave= 3.833E+00 +/- 0.00 % D(l=2) ave= 0.000E+00 +/- 0.00 % D(l=3) ave= 0.000E+00 +/- 0.00 %  % || S(l=0) ave= 2.839E-04 +/- 0.00 % S(l=1) ave= 1.250E-06 +/- 0.00 % S(l=2) ave= 0.000E+00 +/- 0.00 % S(l=3) ave= 0.000E+00 +/- 0.00 % 
 ... random file  1 Cap(th)  ave= 7.798E+03 b. +/- 6.45 % || Ela(th) ave= 2.507E+00 b. +/- 0.60 % || RIcap ave= 1.33E+03 b. +/- 0.99 % || Macs30 ave= 3.36E+00 b. +/- 0.00 % || Gn^0(l=0) ave= 4.994E-04 +/- 0.07 % Gn^0(l=1) ave= 2.244E-05 +/- 2.26 % Gn^0(l=2) ave= 0.000E+00 +/- 0.00 % Gn^0(l=3) ave= 0.000E+00 +/- 0.00 % || Gtotal(l=0) ave= 6.898E-02 +/- 2.18 % Gtotal(l=1) ave= 6.365E-02 +/- 7.84 % Gtotal(l=2) ave= 0.000E+00 +/- 0.00 % Gtotal(l=3) ave= 0.000E+00 +/- 0.00 %  % || Gg(l=0) ave= 6.572E-02 +/- 2.29 % Gg(l=1) ave= 6.365E-02 +/- 7.84 % Gg(l=2) ave= 0.000E+00 +/- 0.00 % Gg(l=3) ave= 0.000E+00 +/- 0.00 %  % || D(l=0) ave= 9.177E-01 +/- 0.00 % D(l=1) ave= 3.833E+00 +/- 0.00 % D(l=2) ave= 0.000E+00 +/- 0.00 % D(l=3) ave= 0.000E+00 +/- 0.00 %  % || S(l=0) ave= 2.840E-04 +/- 0.05 % S(l=1) ave= 1.222E-06 +/- 2.26 % S(l=2) ave= 0.000E+00 +/- 0.00 % S(l=3) ave= 0.000E+00 +/- 0.00 % 
 ... random file  2 Cap(th)  ave= 7.445E+03 b. +/- 8.69 % || Ela(th) ave= 2.498E+00 b. +/- 0.72 % || RIcap ave= 1.32E+03 b. +/- 1.18 % || Macs30 ave= 3.36E+00 b. +/- 0.00 % || Gn^0(l=0) ave= 5.024E-04 +/- 0.85 % Gn^0(l=1) ave= 2.305E-05 +/- 4.12 % Gn^0(l=2) ave= 0.000E+00 +/- 0.00 % Gn^0(l=3) ave= 0.000E+00 +/- 0.00 % || Gtotal(l=0) ave= 6.884E-02 +/- 1.81 % Gtotal(l=1) ave= 7.135E-02 +/- 16.29 % Gtotal(l=2) ave= 0.000E+00 +/- 0.00 % Gtotal(l=3) ave= 0.000E+00 +/- 0.00 %  % || Gg(l=0) ave= 6.556E-02 +/- 1.91 % Gg(l=1) ave= 7.135E-02 +/- 16.29 % Gg(l=2) ave= 0.000E+00 +/- 0.00 % Gg(l=3) ave= 0.000E+00 +/- 0.00 %  % || D(l=0) ave= 9.221E-01 +/- 0.67 % D(l=1) ave= 3.833E+00 +/- 0.00 % D(l=2) ave= 0.000E+00 +/- 0.00 % D(l=3) ave= 0.000E+00 +/- 0.00 %  % || S(l=0) ave= 2.838E-04 +/- 0.12 % S(l=1) ave= 1.255E-06 +/- 4.11 % S(l=2) ave= 0.000E+00 +/- 0.00 % S(l=3) ave= 0.000E+00 +/- 0.00 % 
 ... random file  3 Cap(th)  ave= 7.517E+03 b. +/- 7.64 % || Ela(th) ave= 2.500E+00 b. +/- 0.63 % || RIcap ave= 1.32E+03 b. +/- 1.02 % || Macs30 ave= 3.36E+00 b. +/- 0.00 % || Gn^0(l=0) ave= 5.016E-04 +/- 0.79 % Gn^0(l=1) ave= 2.295E-05 +/- 3.66 % Gn^0(l=2) ave= 0.000E+00 +/- 0.00 % Gn^0(l=3) ave= 0.000E+00 +/- 0.00 % || Gtotal(l=0) ave= 6.940E-02 +/- 2.08 % Gtotal(l=1) ave= 6.646E-02 +/- 19.78 % Gtotal(l=2) ave= 0.000E+00 +/- 0.00 % Gtotal(l=3) ave= 0.000E+00 +/- 0.00 %  % || Gg(l=0) ave= 6.612E-02 +/- 2.20 % Gg(l=1) ave= 6.646E-02 +/- 19.78 % Gg(l=2) ave= 0.000E+00 +/- 0.00 % Gg(l=3) ave= 0.000E+00 +/- 0.00 %  % || D(l=0) ave= 9.210E-01 +/- 0.62 % D(l=1) ave= 3.833E+00 +/- 0.00 % D(l=2) ave= 0.000E+00 +/- 0.00 % D(l=3) ave= 0.000E+00 +/- 0.00 %  % || S(l=0) ave= 2.839E-04 +/- 0.13 % S(l=1) ave= 1.250E-06 +/- 3.65 % S(l=2) ave= 0.000E+00 +/- 0.00 % S(l=3) ave= 0.000E+00 +/- 0.00 % 
 ... random file  4 Cap(th)  ave= 7.052E+03 b. +/- 15.05 % || Ela(th) ave= 2.485E+00 b. +/- 1.32 % || RIcap ave= 1.31E+03 b. +/- 1.27 % || Macs30 ave= 3.36E+00 b. +/- 0.00 % || Gn^0(l=0) ave= 5.017E-04 +/- 0.71 % Gn^0(l=1) ave= 2.304E-05 +/- 3.35 % Gn^0(l=2) ave= 0.000E+00 +/- 0.00 % Gn^0(l=3) ave= 0.000E+00 +/- 0.00 % || Gtotal(l=0) ave= 6.878E-02 +/- 2.59 % Gtotal(l=1) ave= 6.502E-02 +/- 18.62 % Gtotal(l=2) ave= 0.000E+00 +/- 0.00 % Gtotal(l=3) ave= 0.000E+00 +/- 0.00 %  % || Gg(l=0) ave= 6.551E-02 +/- 2.73 % Gg(l=1) ave= 6.502E-02 +/- 18.62 % Gg(l=2) ave= 0.000E+00 +/- 0.00 % Gg(l=3) ave= 0.000E+00 +/- 0.00 %  % || D(l=0) ave= 9.204E-01 +/- 0.57 % D(l=1) ave= 3.790E+00 +/- 2.25 % D(l=2) ave= 0.000E+00 +/- 0.00 % D(l=3) ave= 0.000E+00 +/- 0.00 %  % || S(l=0) ave= 2.842E-04 +/- 0.24 % S(l=1) ave= 1.259E-06 +/- 3.53 % S(l=2) ave= 0.000E+00 +/- 0.00 % S(l=3) ave= 0.000E+00 +/- 0.00 % 
 ... random file  5 Cap(th)  ave= 7.582E+03 b. +/- 20.17 % || Ela(th) ave= 2.507E+00 b. +/- 2.34 % || RIcap ave= 1.31E+03 b. +/- 1.18 % || Macs30 ave= 3.36E+00 b. +/- 0.00 % || Gn^0(l=0) ave= 5.028E-04 +/- 0.81 % Gn^0(l=1) ave= 2.347E-05 +/- 5.07 % Gn^0(l=2) ave= 0.000E+00 +/- 0.00 % Gn^0(l=3) ave= 0.000E+00 +/- 0.00 % || Gtotal(l=0) ave= 6.945E-02 +/- 3.17 % Gtotal(l=1) ave= 6.549E-02 +/- 16.95 % Gtotal(l=2) ave= 0.000E+00 +/- 0.00 % Gtotal(l=3) ave= 0.000E+00 +/- 0.00 %  % || Gg(l=0) ave= 6.617E-02 +/- 3.32 % Gg(l=1) ave= 6.549E-02 +/- 16.95 % Gg(l=2) ave= 0.000E+00 +/- 0.00 % Gg(l=3) ave= 0.000E+00 +/- 0.00 %  % || D(l=0) ave= 9.221E-01 +/- 0.67 % D(l=1) ave= 3.797E+00 +/- 2.09 % D(l=2) ave= 0.000E+00 +/- 0.00 % D(l=3) ave= 0.000E+00 +/- 0.00 %  % || S(l=0) ave= 2.843E-04 +/- 0.23 % S(l=1) ave= 1.281E-06 +/- 5.07 % S(l=2) ave= 0.000E+00 +/- 0.00 % S(l=3) ave= 0.000E+00 +/- 0.00 % 
 ... random file  6 Cap(th)  ave= 7.379E+03 b. +/- 20.33 % || Ela(th) ave= 2.511E+00 b. +/- 2.19 % || RIcap ave= 1.31E+03 b. +/- 1.13 % || Macs30 ave= 3.36E+00 b. +/- 0.00 % || Gn^0(l=0) ave= 5.026E-04 +/- 0.75 % Gn^0(l=1) ave= 2.392E-05 +/- 6.54 % Gn^0(l=2) ave= 0.000E+00 +/- 0.00 % Gn^0(l=3) ave= 0.000E+00 +/- 0.00 % || Gtotal(l=0) ave= 6.927E-02 +/- 3.01 % Gtotal(l=1) ave= 6.639E-02 +/- 15.83 % Gtotal(l=2) ave= 0.000E+00 +/- 0.00 % Gtotal(l=3) ave= 0.000E+00 +/- 0.00 %  % || Gg(l=0) ave= 6.599E-02 +/- 3.15 % Gg(l=1) ave= 6.639E-02 +/- 15.83 % Gg(l=2) ave= 0.000E+00 +/- 0.00 % Gg(l=3) ave= 0.000E+00 +/- 0.00 %  % || D(l=0) ave= 9.215E-01 +/- 0.64 % D(l=1) ave= 3.772E+00 +/- 2.55 % D(l=2) ave= 0.000E+00 +/- 0.00 % D(l=3) ave= 0.000E+00 +/- 0.00 %  % || S(l=0) ave= 2.844E-04 +/- 0.24 % S(l=1) ave= 1.309E-06 +/- 6.88 % S(l=2) ave= 0.000E+00 +/- 0.00 % S(l=3) ave= 0.000E+00 +/- 0.00 % 
 ... random file  7 Cap(th)  ave= 6.963E+03 b. +/- 25.62 % || Ela(th) ave= 2.494E+00 b. +/- 2.75 % || RIcap ave= 1.31E+03 b. +/- 1.16 % || Macs30 ave= 3.36E+00 b. +/- 0.00 % || Gn^0(l=0) ave= 5.031E-04 +/- 0.75 % Gn^0(l=1) ave= 2.349E-05 +/- 7.89 % Gn^0(l=2) ave= 0.000E+00 +/- 0.00 % Gn^0(l=3) ave= 0.000E+00 +/- 0.00 % || Gtotal(l=0) ave= 6.934E-02 +/- 2.82 % Gtotal(l=1) ave= 6.635E-02 +/- 14.82 % Gtotal(l=2) ave= 0.000E+00 +/- 0.00 % Gtotal(l=3) ave= 0.000E+00 +/- 0.00 %  % || Gg(l=0) ave= 6.606E-02 +/- 2.95 % Gg(l=1) ave= 6.635E-02 +/- 14.82 % Gg(l=2) ave= 0.000E+00 +/- 0.00 % Gg(l=3) ave= 0.000E+00 +/- 0.00 %  % || D(l=0) ave= 9.210E-01 +/- 0.62 % D(l=1) ave= 3.780E+00 +/- 2.44 % D(l=2) ave= 0.000E+00 +/- 0.00 % D(l=3) ave= 0.000E+00 +/- 0.00 %  % || S(l=0) ave= 2.849E-04 +/- 0.46 % S(l=1) ave= 1.285E-06 +/- 8.23 % S(l=2) ave= 0.000E+00 +/- 0.00 % S(l=3) ave= 0.000E+00 +/- 0.00 % 
 ... random file  8 Cap(th)  ave= 6.873E+03 b. +/- 24.75 % || Ela(th) ave= 2.499E+00 b. +/- 2.66 % || RIcap ave= 1.31E+03 b. +/- 1.11 % || Macs30 ave= 3.36E+00 b. +/- 0.00 % || Gn^0(l=0) ave= 5.025E-04 +/- 0.80 % Gn^0(l=1) ave= 2.382E-05 +/- 8.30 % Gn^0(l=2) ave= 0.000E+00 +/- 0.00 % Gn^0(l=3) ave= 0.000E+00 +/- 0.00 % || Gtotal(l=0) ave= 7.027E-02 +/- 4.55 % Gtotal(l=1) ave= 6.659E-02 +/- 13.96 % Gtotal(l=2) ave= 0.000E+00 +/- 0.00 % Gtotal(l=3) ave= 0.000E+00 +/- 0.00 %  % || Gg(l=0) ave= 6.699E-02 +/- 4.79 % Gg(l=1) ave= 6.659E-02 +/- 13.96 % Gg(l=2) ave= 0.000E+00 +/- 0.00 % Gg(l=3) ave= 0.000E+00 +/- 0.00 %  % || D(l=0) ave= 9.206E-01 +/- 0.59 % D(l=1) ave= 3.786E+00 +/- 2.34 % D(l=2) ave= 0.000E+00 +/- 0.00 % D(l=3) ave= 0.000E+00 +/- 0.00 %  % || S(l=0) ave= 2.846E-04 +/- 0.51 % S(l=1) ave= 1.302E-06 +/- 8.52 % S(l=2) ave= 0.000E+00 +/- 0.00 % S(l=3) ave= 0.000E+00 +/- 0.00 % 
 ... random file  9 Cap(th)  ave= 6.655E+03 b. +/- 26.17 % || Ela(th) ave= 2.486E+00 b. +/- 3.01 % || RIcap ave= 1.31E+03 b. +/- 1.12 % || Macs30 ave= 3.36E+00 b. +/- 0.00 % || Gn^0(l=0) ave= 5.032E-04 +/- 0.86 % Gn^0(l=1) ave= 2.349E-05 +/- 9.02 % Gn^0(l=2) ave= 0.000E+00 +/- 0.00 % Gn^0(l=3) ave= 0.000E+00 +/- 0.00 % || Gtotal(l=0) ave= 6.986E-02 +/- 4.69 % Gtotal(l=1) ave= 6.810E-02 +/- 14.56 % Gtotal(l=2) ave= 0.000E+00 +/- 0.00 % Gtotal(l=3) ave= 0.000E+00 +/- 0.00 %  % || Gg(l=0) ave= 6.657E-02 +/- 4.94 % Gg(l=1) ave= 6.810E-02 +/- 14.56 % Gg(l=2) ave= 0.000E+00 +/- 0.00 % Gg(l=3) ave= 0.000E+00 +/- 0.00 %  % || D(l=0) ave= 9.217E-01 +/- 0.65 % D(l=1) ave= 3.769E+00 +/- 2.59 % D(l=2) ave= 0.000E+00 +/- 0.00 % D(l=3) ave= 0.000E+00 +/- 0.00 %  % || S(l=0) ave= 2.847E-04 +/- 0.50 % S(l=1) ave= 1.285E-06 +/- 9.07 % S(l=2) ave= 0.000E+00 +/- 0.00 % S(l=3) ave= 0.000E+00 +/- 0.00 % 
 ... random file  10 Cap(th)  ave= 6.783E+03 b. +/- 25.20 % || Ela(th) ave= 2.489E+00 b. +/- 2.89 % || RIcap ave= 1.31E+03 b. +/- 1.08 % || Macs30 ave= 3.36E+00 b. +/- 0.00 % || Gn^0(l=0) ave= 5.032E-04 +/- 0.82 % Gn^0(l=1) ave= 2.348E-05 +/- 8.61 % Gn^0(l=2) ave= 0.000E+00 +/- 0.00 % Gn^0(l=3) ave= 0.000E+00 +/- 0.00 % || Gtotal(l=0) ave= 6.984E-02 +/- 4.47 % Gtotal(l=1) ave= 6.710E-02 +/- 14.87 % Gtotal(l=2) ave= 0.000E+00 +/- 0.00 % Gtotal(l=3) ave= 0.000E+00 +/- 0.00 %  % || Gg(l=0) ave= 6.656E-02 +/- 4.71 % Gg(l=1) ave= 6.710E-02 +/- 14.87 % Gg(l=2) ave= 0.000E+00 +/- 0.00 % Gg(l=3) ave= 0.000E+00 +/- 0.00 %  % || D(l=0) ave= 9.225E-01 +/- 0.68 % D(l=1) ave= 3.775E+00 +/- 2.51 % D(l=2) ave= 0.000E+00 +/- 0.00 % D(l=3) ave= 0.000E+00 +/- 0.00 %  % || S(l=0) ave= 2.845E-04 +/- 0.50 % S(l=1) ave= 1.284E-06 +/- 8.66 % S(l=2) ave= 0.000E+00 +/- 0.00 % S(l=3) ave= 0.000E+00 +/- 0.00 % 
 ... Histogram plot for thermal (n,g)
 ... Write covariances  ... MT1  ... plot correlations
 ... MT2  ... MT102 


 ================================================
 ============== From 10 random values === start ======
 Thermal (n,tot) xs  0 K =  6785.34 b. +/- 1709.05 b. ( 25.1874 %) skew= +0.24 +/- 0.66
 Thermal (n,el) xs   0 K =  2.48857 b. +/- 0.0718027 b. ( 2.8853 %) skew= -0.26 +/- 0.66
 Thermal (n,g) xs    0 K =  6782.85 b. +/- 1708.99 b. ( 25.1957 %) skew= +0.24 +/- 0.66
 RI      (n,g)       0 K =  1306.51 b. +/- 14.1356 b. ( 1.08194 %) 
 MACS    (n,g)       0 K (at Emacs= 30000 eV) =  3.35787 b. +/- 4.44924e-05 b. ( 0.00132502 %) 
 Ave. Gtotal  L=0        =  6.984E-02 +/- 4.47 %
 Ave. Gn^(0)  L=0        =  5.032E-04 +/- 0.82 %
 Ave. Gg      L=0        =  6.656E-02 +/- 4.71 %
 Ave. D       L=0        =  9.225E-01 +/- 0.68 %
 Ave. S       L=0        =  2.845E-04 +/- 0.50 %
 Ave. Gtotal  L=1        =  6.710E-02 +/- 14.87 %
 Ave. Gg      L=1        =  6.710E-02 +/- 14.87 %
 Ave. D       L=1        =  3.775E+00 +/- 2.51 %
 Ave. S       L=1        =  1.284E-06 +/- 8.66 %

 Expected Thermal (n,g) (syst or meas)= 86.0358 b. +/- 21.509 b. nominal: 7295.01 b.
 ratio Calculated/expected thermal (n,g): 78.84 ratio DCalculated/Dexpected: 79.45 ratio Calculated/Nominal: 0.93
 ============== From 10 random values ===== stop ======
 ================================================
 ... Calculation of (n,a) and (n,p) cross sections at 300 K
 ... thermal (n,a) cross section is 1.49817e-08 +/- 7.49084e-09 b.
 ... thermal (n,a) cross section is 3.08216e-08 b. (random case 1)
 ... thermal (n,a) cross section is 1.17572e-08 b. (random case 2)
 ... thermal (n,a) cross section is 1.76874e-08 b. (random case 3)
 ... thermal (n,a) cross section is 5.29683e-10 b. (random case 4)
 ... thermal (n,a) cross section is 1.73355e-08 b. (random case 5)
 ... thermal (n,a) cross section is 1.4058e-08 b. (random case 6)
 ... thermal (n,a) cross section is 1.32726e-08 b. (random case 7)
 ... thermal (n,a) cross section is 8.64054e-09 b. (random case 8)
 ... thermal (n,a) cross section is 7.12019e-09 b. (random case 9)
 ... thermal (n,a) cross section is 1.0669e-08 b. (random case 10)
 ... thermal (n,p) cross section is 1.49817e-08 +/- 7.49084e-09 b.
 ... thermal (n,p) cross section is 1.5708e-08 b. (random case 1)
 ... thermal (n,p) cross section is 2.76999e-08 b. (random case 2)
 ... thermal (n,p) cross section is 3.34678e-08 b. (random case 3)
 ... thermal (n,p) cross section is 3.2799e-09 b. (random case 4)
 ... thermal (n,p) cross section is 1.21738e-08 b. (random case 5)
 ... thermal (n,p) cross section is 1.85576e-08 b. (random case 6)
 ... thermal (n,p) cross section is 1.10095e-08 b. (random case 7)
 ... thermal (n,p) cross section is 1.37875e-08 b. (random case 8)
 ... thermal (n,p) cross section is 2.82258e-08 b. (random case 9)
 ... thermal (n,p) cross section is 2.84164e-08 b. (random case 10)
 ... Rewrite index for MF2
 ... Write text for MF1 in file mf1.tares.txt
 ... plotting cross sections for the MF1
 ... order output files


================== summary ==================
 Thermal (n,tot) xs = 7297.5 b. 
 Thermal (n,el)  xs = 2.49216 b. 
 Thermal (n,g)   xs = 7295.01 b. (meas/sys: 86.0358 b.)
 At 300 K (thermal adjustment): (n,el) = 2.5302 b., (n,g) = 7340.54 b.

 RI      (n,g)      = 1312.81 b. (meas or sys: - b.)
 RI      (n,el)     = 198.87 b.
=============================================


 ... cleaning
                                                 
  -------------------------------------------------------------
  -                                                           -
  - TARES: successful end of run with data from hypothetical  -
  - resonances for  Z= 69, A= 165 and isomer= 0               -
  - half-life: 1.252315 days 
  -                                                           -
  -------------------------------------------------------------

   Running time:       20 seconds

 End time: Fri Oct  9 11:01:41 2026

