
  -------------------------------------------------------------
  -                                                           -
  -              Welcome to TARES version 1.8                 -
  -                                                           -
  -  (C) Copyright 2007-2025 D. Rochman, All Rights Reserved  -
  -           NRG, Petten, the Netherlands 2007-2014          -
  -           PSI, Villigen    Switzerland 2015-2025          -
  -         Nagra, Wettingen   Switzerland 2025-              -
  -           (Last Modified October 06, 2026)                -
  -           (Database from October 06, 2026)                -
  -                                                           -
  -------------------------------------------------------------


  ---------------------------------------------
   Compilation information:
   Compiled on:         Oct  7 2026, 09:32:19
   Compiled by:         koning
   Compiler version:    clang++ - 21.0.0
   Source location:     /Users/koning/tares-1.8/source/Module/
   Binaries location:   /Users/koning/bin
   System:              Darwin 25.6.0
   System version:      Darwin Kernel Version 25.6.0: Fri Jul 31 19:19:08 PDT 2026; root:xnu-12377.161.14~5/RELEASE_ARM64_T6050  
   Machine:             arm64 
  ---------------------------------------------

   User information:
   User name:           koning
   Running directory:   /Users/koning/tendl/resbase/Pb193m/work
   Owner mode for running directory : rwx
   Group mode for running directory : r-x
  ---------------------------------------------


 Starting time: Wed Oct  7 12:03:47 2026
 ... inputs directory found (/Users/koning/tares-1.8/source/Module//../../inputs/).
 ... It will be used for resonance parameters 
 ... ###############################################
 ... #     read the input file tares.inp
 ... ###############################################
 ... line: #
 ... line: # Input file generated by Autorochman
          --> line not read
 ... line: #
 ... line: isotope    Pb
          --> Isotope name: Pb
 ... line: mass       193
          --> isotopic mass: 193
 ... line: output     n-Pb193m
         ---> Name of the output files: n-Pb193m
 ... line: isomer     1
          --> isomeric state: 1
 ... line: mf32mf33   y
          --> MF33 based on MF32: y
 ... line: nbrRandom  6
          --> Nbr of random files: 6
 ... ###############################################
 ... # end read the input file tares.inp
 ... ###############################################
Value for random generator type not considered in since Tares 1.7 due to compilation issues

 ... ###############################################
     #   Interpretation of the Input definition    #
     ###############################################

 ... Default energy limit: End of resonance region
 ... Nuclear charge    = 82
 ... Element           = Pb
 ... Mass              = 193
 ... Isomer            = 1
 ... Correlation for (Gn,Gg) not included in random files
 ... Default random option: No random
 ... Output name: n-Pb193m
 ... Energy for the MACS: 30000 eV
 ... Resonances from CALENDF reduced (reduce=y) 
 ... For URR, level density model from TALYS selected: 91n3n12611.2850 (see manual for description)
 ... Random Generator: default (pseudo random numbers from ansi c++)
 ... Reconstruction of cross section selected
 ... Doppler broadening at 0 Kelvin
 ... URR not included (from the input file flag)
 ... Weight for grouping is flat
 ... Calculation of (n,alpha) cross section selected
 ... Number of digit for MF32c covariance representation: 2
 ... MF32 included
 ... MF33 will be used for covariance processing
 ... TENDL option set to yes (automatic choice of MF2 and format)
 ... Isotope not found in the best file --> use of MLBW formalism
 ... default option: Multi level Breit Wigner approximation selected
 ... (check file best.tendl.yes for changing this option)
 ... Retroactive option set to no with the 2025 option

 ... ###############################################
     #           End of Input definition           #
     ###############################################

 ... gnuplot found, will be used for plotting
 ... latex found, will be used for plotting
 ... dvips found, will be used for plotting
 ... ps2epsi not found, limited plotting available
 ... uncertainties on default parameters multiplied by 1.14728
 ... Read resonance data from the 2025 directory
 ... Resonance parameters taken from /Users/koning/tares-1.8/source/Module//../../inputs/2025/Resonance/default/
 ---> Processing Z= 82 and A= 193 and isomer= 1 (level number: 1)
 Exfor path; Could not find /Users/koning/tares-1.8/source/Module//../../inputs/exfor/Pb193m/xs/102
Thermal file; Could not open file /Users/koning/tares-1.8/source/Module//../../inputs/2025/runThermal/results//thermal.mxw.ng.cendl3.1
Thermal file; Could not open file /Users/koning/tares-1.8/source/Module//../../inputs/2025/runThermal/results//thermal.mxw.ng.brond3.1
Thermal file; Could not open file /Users/koning/tares-1.8/source/Module//../../inputs/2025/runThermal/results//thermal.xs.ng.unc.cendl3.1
 ... spin taken from the final/ directory (1)

 ... ###############################################
 ... #  Nucleus global parameters (2025 database)  #
 ... ###############################################
 0. Half-life: 5.8 min. 
 ... Scattering radius from TALYS: /Users/koning/tares-1.8/source/Module//../../inputs/2025/lib.urr/talys.urr/
 1. Spin of the target isotope: 6.5
 2. Relative Atomic Mass of the target isotope: 192.976
 3. Level of the isomer: 0.193000 MeV (level number 1)
 4. Scattering radius (local compilation): 7.66598 fm +/- 0.160986 fm
      .......................................
      ... Thermal capture cross sections: ...
 ... ratio of 3.42251 applied for isomeric cross section (isomer/ground)
 5. Thermal (n,g) cross section from systematics: 476.413 +/- 333.489 b.
 6. Thermal (n,g) cross section from compilation (Firestone-2022 average on element Pb): 0.169 +/- 0.017 b.
 7. Thermal (n,g) cross section from compilation (Firestone-2022 final on element Pb): 0.153 +/- 0.003 b.
      .......................................
      ...  Thermal total cross sections:  ...
      .......................................
      ... Thermal elastic cross sections: ...
 8. Thermal (n,el) cross section from potential (4piR^2): 9.6343 +/- 0.481715 b.
      .......................................
             ... Resonance integral: ...
 9. No capture integral found in /Users/koning/tares-1.8/source/Module//../../inputs/capture.integral
 ... no RI(n,g) found in local compilation, take 2018 value.
 ... no RI(n,g) found in local compilation, take Sukhoruchkin value.
   ---- MACS 30 keV ----- 
 10. TALYS MACS 30 keV (HF): 0.0467656 b. 
   ---------- S0 -------- 
 11. S0 from TALYS: 1.08879
   ---------- S1 -------- 
 12. S1 from TALYS: 0
   ---------- S2 -------- 
 13. S2 from TALYS: 2.11739
   ---------- D0 -------- 
 14. D0 from TALYS: 0.0541092 eV
   ---------- D1 -------- 
 15. D1 from TALYS: 0.0275835 eV
   ---------- D2 -------- 
 16. D2 from TALYS: 0.0189932 eV
   ---------- G0 -------- 
 17. Gg0 from TALYS: 0.146977 eV
   ---------- G1 -------- 
 18. Gg1 from TALYS: 0.150544 eV
   ---------- G2 -------- 
 19. Gg2 from TALYS: 0.153592 eV


   ---------------------- 
 ... Read resonance parameters (format: 2: Multi Level Breit Wigner)
 ... 0 resonances found 
 ... possibly no resonances in the Resonance directory for this isotope and options
 ... Use HFR (ladder) behavior 
 --> 21. Number of resonances from the input file: 2 up to 0.0270546 eV
 22. Read nuclear quantities (mass, MAT...)
 23. Read thermal (n,g) xs 
 24. Read the scattering radius 
 25. Read uncertainty on Gg for 2 resonances
 26. Read uncertainty on Gg for 2 resonances ... done
 ... order resonances 
 ... Upper limit for the RRR: 0.0270546 eV (no statistical resonances HFR) from the limit.RRR file
 ... Write parameters for l=0 waves
 ... End writing original MF2 
 ... No RRR in the database: uncertainties on default parameters multiplied by 1.99753
 ... Enter in urr function (ladder option set to y) for file n-Pb193m
 ... read the file /Users/koning/tares-1.8/source/Module//../../inputs/2025/list.jcs.urr to find URR origin
 Default URR taken from TALYS calculations with level density model: 91n3n12611.2850
 File considered for the URR: /Users/koning/tares-1.8/source/Module//../../inputs/2025/lib.urr/talys.urr/91n3n12611.2850/Pb/urr/urr.dat.Pb.193.001.1.gz
 ... Write URR using TALYS average parameters (used for HFR)
 ... Limit of URR changed to 25 keV (recommendation from WPEC and JEFF)
 ... ---> Emax(RRR) taken from the file limit.ladder: 10 eV <---
 ... (File limit.ladder: /Users/koning/tares-1.8/source/Module//../../inputs/2025/limit.ladder.91n3n12611.2850)
 ... read D0, S0, Gn and Gg
 ... number of URR energies: 1188
 Number of l: 1188 and last energy: 12
 Last  URR energy: 10 eV
 ... Enter in to_MLBW_mf2 function
 ... Convert to Multi Level Breit Wigner (MLBW)
 ... Write parameter covariances (MF32) for l=0
 ... Convert parameter covariances (MF32) to MLBW
 ... copy the mf2 and mf32 to .mlbw files
 ... Enter in urr_correct function case 1
 Modify the higher limit of RRR in MF2
 --> old value: 2.719000-2 eV new value: 1.000000-2 eV
 Modify resonance covariances (MF32) to include correlations in the URR
 End Modify resonance covariances (MF32) to include correlations in the URR
 ... Enter in calendf_xs function
 Use CALENDF for statistical resonances (update MF2) up to 1.000000+1 eV (initial limit)
 Extract resonances from CALENDF for RRR->URR 2
 364 statistical resonances found
 After reduction, 364 statistical resonances found
 ... checking resonance order 1
 ... checking resonance order 2nd round for 362 resonances
 ... end checking resonance order 2nd round
 .......................................................
 ... Adjustment to the thermal cross section : start ...
 .......................................................
 ... ratio of 3.42251 applied for isomeric cross section (isomer/ground)

 Before adjustment (adjustment to the thermal cross section set to y)
 ... Import MF2 from TARES calculations
 ... End energy of TARES MF2 : 9.891352E+0 eV and limit to 40000 resonances
 ... File used for reconstruction: new.temp22.reconst
 ... run RECENT ...
 ... Doppler broadened at a unique temperature: 300 Kelvin using sigma1
 ... run SIGMA1 at 3.000000E+02 K.

 ============== INTER values at 300 Kelvin ==============
 Thermal (n,g) xs =  1589.04 b. (meas/sys: 476.413 b.) (warning: comparison to be done at 296 or 300 K)
 Th Maxw (n,g) xs =  1587.5 b. (thermal Maxwellian value)
 Westcott factor  =  0.99906
 RI      (n,g)    =  1181.41 b. (meas or sys: - b.)
 MACS 3.000e+04 eV=  2.8486 b. (meas or sys: - b.) from 1.00E+00 to 2.00E+07 eV (end of RRR) at T= 300 Kelvin 
 Thermal (n,el) xs=  5.96267 b.
 RI      (n,el)   =  20.5868 b.
 ============= PSYCHE values ==============
 Ave. G_total L0  =  0.145014 eV
 Ave. G_total L1  =  0.144784 eV
 Ave. Gn_0    L0  =  1.16627e-05
 Ave. Gn_0    L1  =  1.10638e-05
 Ave. Gg      L0  =  0.144989 eV
 Ave. Gg      L1  =  0.144784 eV
 Ave. D       L0  =  0.0507248 eV
 Ave. D       L1  =  0.0638151 eV
 Ave. S       L0  =  0.00011539 eV
 Ave. S       L1  =  2.90453e-05 eV
 =========================================
 Calculated capture integral   1181.41 b.
 Calculated thermal (n,g)=          1589.04005 b. and recommended= 476.413 b. (C/E= 3.33542)
 Calculated RI      (n,g)= 1181.41 b. (no reference value)
 ... tolerances: thermal (n,g) 20 % (reference uncertainties, minimum 2% and 5%, maximum 20%)
 Adjust the capture widths ...
 ... capture adjusted with Gn for 362 resonances (Gn<Gg) and with Gg for 0 resonances
 ... iteration 0: C/E thermal (n,g)= 3.33542

 <-------- After adjustment -------->
 ... Import MF2 from TARES calculations
 ... End energy of TARES MF2 : 9.891352E+0 eV and limit to 40000 resonances
 ... File used for reconstruction: new.temp22.reconst
 ... run RECENT ...
 ... Doppler broadened at a unique temperature: 300 Kelvin using sigma1
 ... run SIGMA1 at 3.000000E+02 K.

 ============== INTER values at 300 Kelvin ==============
 Thermal (n,g) xs =  562.173 b. (meas/sys: 476.413 b.) (warning: comparison to be done at 296 or 300 K)
 Th Maxw (n,g) xs =  561.64 b. (thermal Maxwellian value)
 Westcott factor  =  0.99906
 RI      (n,g)    =  604.776 b. (meas or sys: - b.)
 MACS 3.000e+04 eV=  2.8486 b. (meas or sys: - b.) from 1.00E+00 to 2.00E+07 eV (end of RRR) at T= 300 Kelvin 
 Thermal (n,el) xs=  6.86721 b.
 RI      (n,el)   =  20.9779 b.
 ============= PSYCHE values ==============
 Ave. G_total L0  =  0.144998 eV
 Ave. G_total L1  =  0.144784 eV
 Ave. Gn_0    L0  =  4.12602e-06
 Ave. Gn_0    L1  =  3.91413e-06
 Ave. Gg      L0  =  0.144989 eV
 Ave. Gg      L1  =  0.144784 eV
 Ave. D       L0  =  0.0507248 eV
 Ave. D       L1  =  0.0638151 eV
 Ave. S       L0  =  4.08226e-05 eV
 Ave. S       L1  =  1.02756e-05 eV
 =========================================
 ... iteration 1: C/E thermal (n,g)= 1.18001


 ... ratio C/E thermal (n,g): 1.180011E+00
 ...................................................... 
 ... Adjustment to the thermal cross section : stop ...
 ...................................................... 
 ... new MF2 file after adjustment: n-Pb193m
 ... read the file /Users/koning/tares-1.8/source/Module//../../inputs/2025/list.jcs.urr to find URR origin
 Default URR taken from TALYS calculations with level density model: 91n3n12611.2850
 File considered for the URR: /Users/koning/tares-1.8/source/Module//../../inputs/2025/lib.urr/talys.urr/91n3n12611.2850/Pb/urr/urr.dat.Pb.193.001.1.gz
 ... Write URR using TALYS average parameters (not used for HFR)
 ... Limit of URR changed to 25 keV (recommendation from WPEC and JEFF)
 Energy limit of the URR set to 12.8588 eV
 ... read D0, S0, Gn and Gg
 ... number of URR energies: 36
 Number of l: 36 and last energy: 12
 Last  URR energy: 12.8588 eV
 ... Enter in urr_correct function case 2
 Modify the higher limit of RRR in MF2
 --> old value: 9.891352+0 eV new value: 9.891352+0 eV
 Modify resonance covariances (MF32) to include correlations in the URR
 End Modify resonance covariances (MF32) to include correlations in the URR
 ... Enter in update_MF32 function
 ... Change uncertainties
 ... for the HFR, random position of the positive resonances with 0.020000 %
 ... end of update MF32 function
 ... GLS calculation of the parameter correlations from the thermal/RI adjustment (MF32c)
 ... MF32: correlations from the thermal/RI adjustment (GLS) for 7 resonances (7 widths), 2 correlation lines
 ...   thermal (n,g): uncertainty from these widths 88.4099 b. -> 85.4579 b. (reference: 476.413 +/- 333.489 b.)
 ... copy the mf2 and mf32 to .mlbw files

 ... Start of final reconstruction and testing ...
 ... Reconstruction of cross sections at 0 Kelvin  ... Import MF2 from TARES calculations
 ... End energy of TARES MF2 : 9.891352E+0 eV and limit to 40000 resonances
 ... File used for reconstruction: n-Pb193m.reconst
 ... run RECENT ...
 ... Doppler broadened at a unique temperature: 0 Kelvin using sigma1
 ... The keyword temperature is zero, no Doppler broadening for the MACS

 ============== INTER values at 0 Kelvin ==============
 Thermal (n,g) xs =  561.85 b. (meas/sys: 476.413 b.) (warning: comparison to be done at 296 or 300 K)
 Th Maxw (n,g) xs =  558.41 b. (thermal Maxwellian value)
 Westcott factor  =  0.99388
 RI      (n,g)    =  603.011 b. (meas or sys: - b.)
 MACS 3.000e+04 eV=  2.8312 b. (meas or sys: - b.) from 1.00E+00 to 9.89E+00 eV (end of RRR) at T= 0 Kelvin 
 Thermal (n,el) xs=  6.84926 b.
 RI      (n,el)   =  20.9658 b.
 ============= PSYCHE values ==============
 Ave. G_total L0  =  0.144998 eV
 Ave. G_total L1  =  0.144784 eV
 Ave. Gn_0    L0  =  4.12602e-06
 Ave. Gn_0    L1  =  3.91413e-06
 Ave. Gg      L0  =  0.144989 eV
 Ave. Gg      L1  =  0.144784 eV
 Ave. D       L0  =  0.0507248 eV
 Ave. D       L1  =  0.0638151 eV
 Ave. S       L0  =  4.08226e-05 eV
 Ave. S       L1  =  1.02756e-05 eV
 =========================================
 ... End of final reconstruction and testing ...

 ... grouping is not optimum, change to 70 groups
 ... Produce MF33 based on MF32 and 6 random files
 ... run endsam for 6 in groups of 1 global run
 ... run endsam from 1 to 6
 ... reorder resonance position after endsam (sampling)
 ... preparing the vectors  ... done
 ... nominal file 0 Cap(th)  ave= 5.618E+02 b. +/- 0.00 % || Ela(th) ave= 6.849E+00 b. +/- 0.00 % || RIcap ave= 3.16E+02 b. +/- 0.00 % || Macs30 ave= 7.99E+01 b. +/- 0.00 % || Gn^0(l=0) ave= 4.126E-06 +/- 0.00 % Gn^0(l=1) ave= 3.914E-06 +/- 0.00 % Gn^0(l=2) ave= 0.000E+00 +/- 0.00 % Gn^0(l=3) ave= 0.000E+00 +/- 0.00 % || Gtotal(l=0) ave= 1.450E-01 +/- 0.00 % Gtotal(l=1) ave= 1.448E-01 +/- 0.00 % Gtotal(l=2) ave= 0.000E+00 +/- 0.00 % Gtotal(l=3) ave= 0.000E+00 +/- 0.00 %  % || Gg(l=0) ave= 1.450E-01 +/- 0.00 % Gg(l=1) ave= 1.448E-01 +/- 0.00 % Gg(l=2) ave= 0.000E+00 +/- 0.00 % Gg(l=3) ave= 0.000E+00 +/- 0.00 %  % || D(l=0) ave= 5.072E-02 +/- 0.00 % D(l=1) ave= 6.382E-02 +/- 0.00 % D(l=2) ave= 0.000E+00 +/- 0.00 % D(l=3) ave= 0.000E+00 +/- 0.00 %  % || S(l=0) ave= 4.082E-05 +/- 0.00 % S(l=1) ave= 1.028E-05 +/- 0.00 % S(l=2) ave= 0.000E+00 +/- 0.00 % S(l=3) ave= 0.000E+00 +/- 0.00 % 
 ... random file  1 Cap(th)  ave= 5.371E+02 b. +/- 4.61 % || Ela(th) ave= 7.063E+00 b. +/- 3.03 % || RIcap ave= 3.15E+02 b. +/- 0.27 % || Macs30 ave= 7.96E+01 b. +/- 0.39 % || Gn^0(l=0) ave= 4.130E-06 +/- 0.10 % Gn^0(l=1) ave= 3.802E-06 +/- 2.95 % Gn^0(l=2) ave= 0.000E+00 +/- 0.00 % Gn^0(l=3) ave= 0.000E+00 +/- 0.00 % || Gtotal(l=0) ave= 1.450E-01 +/- 0.00 % Gtotal(l=1) ave= 1.448E-01 +/- 0.00 % Gtotal(l=2) ave= 0.000E+00 +/- 0.00 % Gtotal(l=3) ave= 0.000E+00 +/- 0.00 %  % || Gg(l=0) ave= 1.435E-01 +/- 1.05 % Gg(l=1) ave= 1.545E-01 +/- 6.27 % Gg(l=2) ave= 0.000E+00 +/- 0.00 % Gg(l=3) ave= 0.000E+00 +/- 0.00 %  % || D(l=0) ave= 5.086E-02 +/- 0.26 % D(l=1) ave= 6.361E-02 +/- 0.32 % D(l=2) ave= 0.000E+00 +/- 0.00 % D(l=3) ave= 0.000E+00 +/- 0.00 %  % || S(l=0) ave= 4.076E-05 +/- 0.14 % S(l=1) ave= 1.001E-05 +/- 2.62 % S(l=2) ave= 0.000E+00 +/- 0.00 % S(l=3) ave= 0.000E+00 +/- 0.00 % 
 ... random file  2 Cap(th)  ave= 5.382E+02 b. +/- 3.77 % || Ela(th) ave= 7.281E+00 b. +/- 4.86 % || RIcap ave= 3.14E+02 b. +/- 0.49 % || Macs30 ave= 8.00E+01 b. +/- 0.75 % || Gn^0(l=0) ave= 4.130E-06 +/- 0.09 % Gn^0(l=1) ave= 3.694E-06 +/- 4.83 % Gn^0(l=2) ave= 0.000E+00 +/- 0.00 % Gn^0(l=3) ave= 0.000E+00 +/- 0.00 % || Gtotal(l=0) ave= 1.450E-01 +/- 0.00 % Gtotal(l=1) ave= 1.448E-01 +/- 0.00 % Gtotal(l=2) ave= 0.000E+00 +/- 0.00 % Gtotal(l=3) ave= 0.000E+00 +/- 0.00 %  % || Gg(l=0) ave= 1.452E-01 +/- 1.88 % Gg(l=1) ave= 1.505E-01 +/- 6.45 % Gg(l=2) ave= 0.000E+00 +/- 0.00 % Gg(l=3) ave= 0.000E+00 +/- 0.00 %  % || D(l=0) ave= 5.081E-02 +/- 0.24 % D(l=1) ave= 6.368E-02 +/- 0.30 % D(l=2) ave= 0.000E+00 +/- 0.00 % D(l=3) ave= 0.000E+00 +/- 0.00 %  % || S(l=0) ave= 4.080E-05 +/- 0.16 % S(l=1) ave= 9.718E-06 +/- 4.83 % S(l=2) ave= 0.000E+00 +/- 0.00 % S(l=3) ave= 0.000E+00 +/- 0.00 % 
 ... random file  3 Cap(th)  ave= 5.285E+02 b. +/- 4.59 % || Ela(th) ave= 6.994E+00 b. +/- 8.36 % || RIcap ave= 3.14E+02 b. +/- 0.43 % || Macs30 ave= 8.01E+01 b. +/- 0.71 % || Gn^0(l=0) ave= 4.135E-06 +/- 0.22 % Gn^0(l=1) ave= 3.856E-06 +/- 8.34 % Gn^0(l=2) ave= 0.000E+00 +/- 0.00 % Gn^0(l=3) ave= 0.000E+00 +/- 0.00 % || Gtotal(l=0) ave= 1.450E-01 +/- 0.00 % Gtotal(l=1) ave= 1.448E-01 +/- 0.00 % Gtotal(l=2) ave= 0.000E+00 +/- 0.00 % Gtotal(l=3) ave= 0.000E+00 +/- 0.00 %  % || Gg(l=0) ave= 1.452E-01 +/- 1.63 % Gg(l=1) ave= 1.487E-01 +/- 6.04 % Gg(l=2) ave= 0.000E+00 +/- 0.00 % Gg(l=3) ave= 0.000E+00 +/- 0.00 %  % || D(l=0) ave= 5.086E-02 +/- 0.26 % D(l=1) ave= 6.371E-02 +/- 0.28 % D(l=2) ave= 0.000E+00 +/- 0.00 % D(l=3) ave= 0.000E+00 +/- 0.00 %  % || S(l=0) ave= 4.081E-05 +/- 0.15 % S(l=1) ave= 1.014E-05 +/- 8.25 % S(l=2) ave= 0.000E+00 +/- 0.00 % S(l=3) ave= 0.000E+00 +/- 0.00 % 
 ... random file  4 Cap(th)  ave= 5.292E+02 b. +/- 4.11 % || Ela(th) ave= 6.829E+00 b. +/- 9.04 % || RIcap ave= 3.15E+02 b. +/- 0.79 % || Macs30 ave= 7.97E+01 b. +/- 1.28 % || Gn^0(l=0) ave= 4.132E-06 +/- 0.23 % Gn^0(l=1) ave= 3.952E-06 +/- 8.75 % Gn^0(l=2) ave= 0.000E+00 +/- 0.00 % Gn^0(l=3) ave= 0.000E+00 +/- 0.00 % || Gtotal(l=0) ave= 1.450E-01 +/- 0.00 % Gtotal(l=1) ave= 1.448E-01 +/- 0.00 % Gtotal(l=2) ave= 0.000E+00 +/- 0.00 % Gtotal(l=3) ave= 0.000E+00 +/- 0.00 %  % || Gg(l=0) ave= 1.450E-01 +/- 1.48 % Gg(l=1) ave= 1.467E-01 +/- 6.09 % Gg(l=2) ave= 0.000E+00 +/- 0.00 % Gg(l=3) ave= 0.000E+00 +/- 0.00 %  % || D(l=0) ave= 5.083E-02 +/- 0.25 % D(l=1) ave= 6.373E-02 +/- 0.26 % D(l=2) ave= 0.000E+00 +/- 0.00 % D(l=3) ave= 0.000E+00 +/- 0.00 %  % || S(l=0) ave= 4.080E-05 +/- 0.14 % S(l=1) ave= 1.039E-05 +/- 8.65 % S(l=2) ave= 0.000E+00 +/- 0.00 % S(l=3) ave= 0.000E+00 +/- 0.00 % 
 ... random file  5 Cap(th)  ave= 5.096E+02 b. +/- 9.47 % || Ela(th) ave= 7.041E+00 b. +/- 10.45 % || RIcap ave= 3.14E+02 b. +/- 0.86 % || Macs30 ave= 7.96E+01 b. +/- 1.17 % || Gn^0(l=0) ave= 4.132E-06 +/- 0.21 % Gn^0(l=1) ave= 3.851E-06 +/- 10.07 % Gn^0(l=2) ave= 0.000E+00 +/- 0.00 % Gn^0(l=3) ave= 0.000E+00 +/- 0.00 % || Gtotal(l=0) ave= 1.450E-01 +/- 0.00 % Gtotal(l=1) ave= 1.448E-01 +/- 0.00 % Gtotal(l=2) ave= 0.000E+00 +/- 0.00 % Gtotal(l=3) ave= 0.000E+00 +/- 0.00 %  % || Gg(l=0) ave= 1.454E-01 +/- 1.46 % Gg(l=1) ave= 1.448E-01 +/- 6.36 % Gg(l=2) ave= 0.000E+00 +/- 0.00 % Gg(l=3) ave= 0.000E+00 +/- 0.00 %  % || D(l=0) ave= 5.086E-02 +/- 0.26 % D(l=1) ave= 6.375E-02 +/- 0.24 % D(l=2) ave= 0.000E+00 +/- 0.00 % D(l=3) ave= 0.000E+00 +/- 0.00 %  % || S(l=0) ave= 4.078E-05 +/- 0.16 % S(l=1) ave= 1.012E-05 +/- 10.02 % S(l=2) ave= 0.000E+00 +/- 0.00 % S(l=3) ave= 0.000E+00 +/- 0.00 % 
 ... random file  6 Cap(th)  ave= 5.128E+02 b. +/- 8.85 % || Ela(th) ave= 6.931E+00 b. +/- 10.56 % || RIcap ave= 3.14E+02 b. +/- 0.85 % || Macs30 ave= 7.93E+01 b. +/- 1.54 % || Gn^0(l=0) ave= 4.132E-06 +/- 0.20 % Gn^0(l=1) ave= 3.909E-06 +/- 9.88 % Gn^0(l=2) ave= 0.000E+00 +/- 0.00 % Gn^0(l=3) ave= 0.000E+00 +/- 0.00 % || Gtotal(l=0) ave= 1.450E-01 +/- 0.00 % Gtotal(l=1) ave= 1.448E-01 +/- 0.00 % Gtotal(l=2) ave= 0.000E+00 +/- 0.00 % Gtotal(l=3) ave= 0.000E+00 +/- 0.00 %  % || Gg(l=0) ave= 1.464E-01 +/- 2.10 % Gg(l=1) ave= 1.439E-01 +/- 6.12 % Gg(l=2) ave= 0.000E+00 +/- 0.00 % Gg(l=3) ave= 0.000E+00 +/- 0.00 %  % || D(l=0) ave= 5.084E-02 +/- 0.25 % D(l=1) ave= 6.376E-02 +/- 0.22 % D(l=2) ave= 0.000E+00 +/- 0.00 % D(l=3) ave= 0.000E+00 +/- 0.00 %  % || S(l=0) ave= 4.079E-05 +/- 0.16 % S(l=1) ave= 1.027E-05 +/- 9.82 % S(l=2) ave= 0.000E+00 +/- 0.00 % S(l=3) ave= 0.000E+00 +/- 0.00 % 
 ... Histogram plot for thermal (n,g)
 ... Write covariances  ... MT1  ... plot correlations
 ... MT2  ... MT102 


 ================================================
 ============== From 6 random values === start ======
 Thermal (n,tot) xs  0 K =  519.692 b. +/- 44.9964 b. ( 8.65828 %) skew= -1.35 +/- 0.79
 Thermal (n,el) xs   0 K =  6.93119 b. +/- 0.731837 b. ( 10.5586 %) skew= +0.32 +/- 0.79
 Thermal (n,g) xs    0 K =  512.761 b. +/- 45.3623 b. ( 8.84669 %) skew= -1.37 +/- 0.79
 RI      (n,g)       0 K =  314.109 b. +/- 2.67689 b. ( 0.852219 %) 
 MACS    (n,g)       0 K (at Emacs= 30000 eV) =  79.295 b. +/- 1.21722 b. ( 1.53505 %) 
 Ave. Gtotal  L=0        =  1.450E-01 +/- 0.00 %
 Ave. Gn^(0)  L=0        =  4.132E-06 +/- 0.20 %
 Ave. Gg      L=0        =  1.464E-01 +/- 2.10 %
 Ave. D       L=0        =  5.084E-02 +/- 0.25 %
 Ave. S       L=0        =  4.079E-05 +/- 0.16 %
 Ave. Gtotal  L=1        =  1.448E-01 +/- 0.00 %
 Ave. Gg      L=1        =  1.439E-01 +/- 6.12 %
 Ave. D       L=1        =  6.376E-02 +/- 0.22 %
 Ave. S       L=1        =  1.027E-05 +/- 9.82 %

 Expected Thermal (n,g) (syst or meas)= 476.413 b. +/- 333.489 b. nominal: 561.85 b.
 ratio Calculated/expected thermal (n,g): 1.08 ratio DCalculated/Dexpected: 0.14 ratio Calculated/Nominal: 0.91
 ============== From 6 random values ===== stop ======
 ================================================
 ... Calculation of (n,a) and (n,p) cross sections at 300 K
 ... thermal (n,a) cross section is 1.89916e-10 +/- 9.49582e-11 b.
 ... thermal (n,a) cross section is 0 b. (random case 1)
 ... thermal (n,a) cross section is 0 b. (random case 2)
 ... thermal (n,a) cross section is 0 b. (random case 3)
 ... thermal (n,a) cross section is 0 b. (random case 4)
 ... thermal (n,a) cross section is 0 b. (random case 5)
 ... thermal (n,a) cross section is 0 b. (random case 6)
 ... thermal (n,p) cross section is 1.89916e-10 +/- 9.49582e-11 b.
 ... thermal (n,p) cross section is 0 b. (random case 1)
 ... thermal (n,p) cross section is 0 b. (random case 2)
 ... thermal (n,p) cross section is 0 b. (random case 3)
 ... thermal (n,p) cross section is 0 b. (random case 4)
 ... thermal (n,p) cross section is 0 b. (random case 5)
 ... thermal (n,p) cross section is 0 b. (random case 6)
 ... Rewrite index for MF2
 ... Write text for MF1 in file mf1.tares.txt
 ... plotting cross sections for the MF1
 ... order output files


================== summary ==================
 Thermal (n,tot) xs = 568.699 b. 
 Thermal (n,el)  xs = 6.84926 b. 
 Thermal (n,g)   xs = 561.85 b. (meas/sys: 476.413 b.)
 At 300 K (thermal adjustment): (n,el) = 6.86721 b., (n,g) = 562.173 b.

 RI      (n,g)      = 603.011 b. (meas or sys: - b.)
 RI      (n,el)     = 20.9658 b.
=============================================


 ... cleaning
                                                 
  -------------------------------------------------------------
  -                                                           -
  - TARES: successful end of run with data from hypothetical  -
  - resonances for  Z= 82, A= 193 and isomer= 1               -
  - half-life: 5.800000 min. 
  -                                                           -
  -------------------------------------------------------------

   Running time:       11 seconds

 End time: Wed Oct  7 12:03:58 2026

