
  -------------------------------------------------------------
  -                                                           -
  -              Welcome to TARES version 1.8                 -
  -                                                           -
  -  (C) Copyright 2007-2025 D. Rochman, All Rights Reserved  -
  -           NRG, Petten, the Netherlands 2007-2014          -
  -           PSI, Villigen    Switzerland 2015-2025          -
  -         Nagra, Wettingen   Switzerland 2025-              -
  -           (Last Modified October 06, 2026)                -
  -           (Database from October 06, 2026)                -
  -                                                           -
  -------------------------------------------------------------


  ---------------------------------------------
   Compilation information:
   Compiled on:         Oct  8 2026, 18:36:06
   Compiled by:         koning
   Compiler version:    clang++ - 21.0.0
   Source location:     /Users/koning/tares-1.8/source/Module/
   Binaries location:   /Users/koning/bin
   System:              Darwin 25.6.0
   System version:      Darwin Kernel Version 25.6.0: Fri Jul 31 19:19:08 PDT 2026; root:xnu-12377.161.14~5/RELEASE_ARM64_T6050  
   Machine:             arm64 
  ---------------------------------------------

   User information:
   User name:           koning
   Running directory:   /Users/koning/tendl/resbase/Es254/work
   Owner mode for running directory : rwx
   Group mode for running directory : r-x
  ---------------------------------------------


 Starting time: Fri Oct  9 12:21:35 2026
 ... inputs directory found (/Users/koning/tares-1.8/source/Module//../../inputs/).
 ... It will be used for resonance parameters 
 ... ###############################################
 ... #     read the input file tares.inp
 ... ###############################################
 ... line: #
 ... line: # Input file generated by Autorochman
          --> line not read
 ... line: #
 ... line: isotope    Es
          --> Isotope name: Es
 ... line: mass       254
          --> isotopic mass: 254
 ... line: output     n-Es254
         ---> Name of the output files: n-Es254
 ... line: isomer     0
          --> isomeric state: 0
 ... line: mf32mf33   y
          --> MF33 based on MF32: y
 ... line: nbrRandom  10
          --> Nbr of random files: 10
 ... ###############################################
 ... # end read the input file tares.inp
 ... ###############################################
Value for random generator type not considered in since Tares 1.7 due to compilation issues

 ... ###############################################
     #   Interpretation of the Input definition    #
     ###############################################

 ... Default energy limit: End of resonance region
 ... Nuclear charge    = 99
 ... Element           = Es
 ... Mass              = 254
 ... Isomer            = 0
 ... Correlation for (Gn,Gg) not included in random files
 ... Default random option: No random
 ... Output name: n-Es254
 ... Energy for the MACS: 30000 eV
 ... Resonances from CALENDF reduced (reduce=y) 
 ... For URR, level density model from TALYS selected: 91n3n12611.2850 (see manual for description)
 ... Random Generator: default (pseudo random numbers from ansi c++)
 ... Reconstruction of cross section selected
 ... Doppler broadening at 0 Kelvin
 ... Default formalism: Multi Level Breit Wigner (from file best.tendl.yes)
 ... URR not included (from the input file flag)
 ... Weight for grouping is flat
 ... Calculation of (n,alpha) cross section selected
 ... Number of digit for MF32c covariance representation: 2
 ... MF32 included
 ... MF33 will be used for covariance processing
 ... TENDL option set to yes (automatic choice of MF2 and format)
 ... default option: Multi level Breit Wigner approximation selected
 ... (check file best.tendl.yes for changing this option)
 ... Retroactive option set to no with the 2025 option
 ... ladder option set to no (CALENDF will not be used for statistical resonances)

 ... ###############################################
     #           End of Input definition           #
     ###############################################

 ... gnuplot found, will be used for plotting
 ... latex found, will be used for plotting
 ... dvips found, will be used for plotting
 ... ps2epsi not found, limited plotting available
 ... uncertainties on default parameters multiplied by 1.68738
 ... Read resonance data from the 2025 directory
 ... Resonance parameters taken from /Users/koning/tares-1.8/source/Module//../../inputs/2025/Resonance/default/
 ---> Processing Z= 99 and A= 254 and isomer= 0 (level number: 0)
Thermal file; Could not open file /Users/koning/tares-1.8/source/Module//../../inputs/2025/runThermal/results//thermal.mxw.ng.cendl3.1
Thermal file; Could not open file /Users/koning/tares-1.8/source/Module//../../inputs/2025/runThermal/results//thermal.mxw.ng.brond3.1
Thermal file; Could not open file /Users/koning/tares-1.8/source/Module//../../inputs/2025/runThermal/results//thermal.xs.ng.unc.cendl3.1
 ... spin taken from the final/ directory (1)

 ... ###############################################
 ... #  Nucleus global parameters (2025 database)  #
 ... ###############################################
 0. Half-life: 275.694 days 
 ... Scattering radius from TALYS: /Users/koning/tares-1.8/source/Module//../../inputs/2025/lib.urr/talys.urr/
 1. Spin of the target isotope: 7
 2. Relative Atomic Mass of the target isotope: 254.088
 3. Scattering radius (local compilation): 8.39323 fm +/- 0.151078 fm
 4. Thermal (n,f) cross section from compilation (Mughabghab): 1749 +/- 110 b.
      .......................................
      ... Thermal capture cross sections: ...
 5. Thermal (total) (n,g) cross section from experiments (local compilation): 28 +/- 3 b.
 6. Thermal (n,g) cross section from compilation (Firestone-2022 final): 28.3 +/- 2.5 b.
 7. Thermal Maxwellian (n,g) XS from compilation (Mughabghab-2006): 28.3 +/- 2.5 b.
 8. Thermal (n,g) cross section from EAF-2010: 28 b.
 9. Thermal (n,g) cross section from ENDF/B-VIII.1: 28.31 +/- 3.266 b.
 10. Thermal (n,g) cross section from ENDF/B-VIII.0: 28.31 +/- 3.266 b.
 11. Thermal (n,g) cross section from TENDL-2023: 2935 +/- 45.28 b.
 12. Thermal (n,g) cross section from JEFF-3.3: 28.31 +/- 3.266 b.
 13. Thermal (n,g) cross section from JEFF-4.0: 28.31 +/- 3.266 b.
 14. Thermal (n,g) cross section from JENDL-5.0: 28.31 b.
      .......................................
      ...  Thermal total cross sections:  ...
      .......................................
      ... Thermal elastic cross sections: ...
 15. Thermal (n,el) cross section from ENDF/B-VIII.1: 10.22 b.
 16. Thermal (n,el) cross section from ENDF/B-VIII.0: 10.22 +/- 3.266 b.
 17. Thermal (n,el) cross section from JENDL-5.0: 10.22 b.
 18. Thermal (n,el) cross section from JEFF-3.3: 10.22 b.
 19. Thermal (n,el) cross section from potential (4piR^2): 10.5483 +/- 0.527414 b.
      .......................................
             ... Resonance integral: ...
 20. Experimental capture integral (local compilation): 18.2 +/- 1.5 b.
 21. Experimental fission integral (Mughabghab): 1010 +/- 80 b.
 22. Thermal (n,f) cross section from experiments (local compilation): 1749 +/- 110 b.
 23. Fission integral from experiments (local compilation): 1200 +/- 250 b.
   ---- MACS 30 keV ----- 
 24. TALYS MACS 30 keV (HF): 0.789493 b. 
   ---------- S0 -------- 
 25. S0 from TALYS: 1.98352
   ---------- S1 -------- 
 26. S1 from TALYS: 2.58319
   ---------- S2 -------- 
 27. S2 from TALYS: 2.72514
   ---------- D0 -------- 
 28. D0 from TALYS: 0.314092 eV
   ---------- D1 -------- 
 29. D1 from TALYS: 0.159429 eV
   ---------- D2 -------- 
 30. D2 from TALYS: 0.109209 eV
   ---------- G0 -------- 
 31. Gg0 from TALYS: 0.0241079 eV
   ---------- G1 -------- 
 32. Gg1 from TALYS: 0.0247461 eV
   ---------- G2 -------- 
 33. Gg2 from TALYS: 0.025497 eV


   ---------------------- 
 ... Read resonance parameters (format: 2: Multi Level Breit Wigner)
 ... 100 resonances found 
 --> 34. Number of resonances from the input file: 100 up to 14.0419 eV
 35. Read nuclear quantities (mass, MAT...)
 36. Read thermal (n,g) xs 
 37. Read the scattering radius 
 38. Read uncertainty on Gg for 100 resonances
 39. Read uncertainty on Gg for 100 resonances ... done
 40. Read uncertainty on Gf1
 41. Read uncertainty on Gf2
 ... order resonances 
 ... Upper limit for the RRR: 9.5 eV (no statistical resonances HFR) from the limit.RRR file
 ... Write parameters for l=0 waves
 ... End writing original MF2 
 ... Enter in to_MLBW_mf2 function
 ... Convert to Multi Level Breit Wigner (MLBW)
 ... Gn-Gg correlations: calculated capture kernel used for 100 evaluated resonances (no measured kernel)
 ... Write parameter covariances (MF32) for l=0
 ... MF32: 45 energy correlation lines (time of flight) for the first 10 evaluated resonances
 ... Convert parameter covariances (MF32) to MLBW
 ... copy the mf2 and mf32 to .mlbw files
 ... Ladder option set to no --> no use of calendf_xs
 ... no thermal/RI adjustment (ladder option set to no): no GLS calculation of parameter correlations
 ... copy the mf2 and mf32 to .mlbw files

 ... Start of final reconstruction and testing ...
 ... Reconstruction of cross sections at 0 Kelvin  ... Import MF2 from TARES calculations
 ... End energy of TARES MF2 : 9.500000E+0 eV and limit to 40000 resonances
 ... File used for reconstruction: n-Es254.reconst
 ... run RECENT ...
 ... Doppler broadened at a unique temperature: 0 Kelvin using sigma1
 ... The keyword temperature is zero, no Doppler broadening for the MACS

 ============== INTER values at 0 Kelvin ==============
 Thermal (n,g) xs =  27.9188 b. (meas/sys: 28 b.) (warning: comparison to be done at 296 or 300 K)
 Th Maxw (n,g) xs =  31.798 b. (thermal Maxwellian value)
 Westcott factor  =  1.13894
 RI      (n,g)    =  385.909 b. (meas or sys: 18.2 b.)
 MACS 3.000e+04 eV=  0.80856 b. (meas or sys: - b.) from 1.00E+00 to 2.00E+07 eV (end of RRR) at T= 0 Kelvin 
 Thermal (n,el) xs=  8.26869 b.
 RI      (n,el)   =  100.947 b.
 Thermal (n,f) xs =  2045.35 b. (meas/sys: 1749 +/- 110 b.)
 RI      (n,f) xs =  1141.92 b. (meas/sys: 1200 +/- 250 b.)
 ============= PSYCHE values ==============
 Ave. G_total L0  =  0.00726908 eV
 Ave. Gn_0    L0  =  7.00448e-05
 Ave. Gg      L0  =  0.000911376 eV
 Ave. D       L0  =  0.150793 eV
 Ave. S       L0  =  0.00023735 eV
 =========================================
 ... End of final reconstruction and testing ...

 ... grouping is not optimum, change to 70 groups
 ... Produce MF33 based on MF32 and 10 random files
 ... MF3 of n-Es254.reconst (4 sections) added to the files for ENDSAM
 ... run endsam for 10 in groups of 1 global run
 ... run endsam from 1 to 10
 ... random files: total width GT set to Gn+Gg+Gf (1000 resonances in 10 files)
 ... preparing the vectors  ... done
 ... nominal file 0 Cap(th)  ave= 2.792E+01 b. +/- 0.00 % || Ela(th) ave= 8.269E+00 b. +/- 0.00 % || RIcap ave= 3.86E+02 b. +/- 0.00 % || Macs30 ave= 8.09E-01 b. +/- 0.00 % || Gn^0(l=0) ave= 7.004E-05 +/- 0.00 % Gn^0(l=1) ave= 0.000E+00 +/- 0.00 % Gn^0(l=2) ave= 0.000E+00 +/- 0.00 % Gn^0(l=3) ave= 0.000E+00 +/- 0.00 % || Gtotal(l=0) ave= 7.269E-03 +/- 0.00 % Gtotal(l=1) ave= 0.000E+00 +/- 0.00 % Gtotal(l=2) ave= 0.000E+00 +/- 0.00 % Gtotal(l=3) ave= 0.000E+00 +/- 0.00 %  % || Gg(l=0) ave= 9.114E-04 +/- 0.00 % Gg(l=1) ave= 0.000E+00 +/- 0.00 % Gg(l=2) ave= 0.000E+00 +/- 0.00 % Gg(l=3) ave= 0.000E+00 +/- 0.00 %  % || D(l=0) ave= 1.508E-01 +/- 0.00 % D(l=1) ave= 0.000E+00 +/- 0.00 % D(l=2) ave= 0.000E+00 +/- 0.00 % D(l=3) ave= 0.000E+00 +/- 0.00 %  % || S(l=0) ave= 2.374E-04 +/- 0.00 % S(l=1) ave= 0.000E+00 +/- 0.00 % S(l=2) ave= 0.000E+00 +/- 0.00 % S(l=3) ave= 0.000E+00 +/- 0.00 %  % || Fis(th) ave= 2.045E+03 b. +/- 0.00 %
 ... random file  1 Cap(th)  ave= 2.540E+01 b. +/- 9.92 % || Ela(th) ave= 7.466E+00 b. +/- 10.75 % || RIcap ave= 4.15E+02 b. +/- 7.06 % || Macs30 ave= 8.09E-01 b. +/- 0.03 % || Gn^0(l=0) ave= 7.000E-05 +/- 0.06 % Gn^0(l=1) ave= 0.000E+00 +/- 0.00 % Gn^0(l=2) ave= 0.000E+00 +/- 0.00 % Gn^0(l=3) ave= 0.000E+00 +/- 0.00 % || Gtotal(l=0) ave= 7.245E-03 +/- 0.34 % Gtotal(l=1) ave= 0.000E+00 +/- 0.00 % Gtotal(l=2) ave= 0.000E+00 +/- 0.00 % Gtotal(l=3) ave= 0.000E+00 +/- 0.00 %  % || Gg(l=0) ave= 9.103E-04 +/- 0.12 % Gg(l=1) ave= 0.000E+00 +/- 0.00 % Gg(l=2) ave= 0.000E+00 +/- 0.00 % Gg(l=3) ave= 0.000E+00 +/- 0.00 %  % || D(l=0) ave= 1.508E-01 +/- 0.00 % D(l=1) ave= 0.000E+00 +/- 0.00 % D(l=2) ave= 0.000E+00 +/- 0.00 % D(l=3) ave= 0.000E+00 +/- 0.00 %  % || S(l=0) ave= 2.372E-04 +/- 0.06 % S(l=1) ave= 0.000E+00 +/- 0.00 % S(l=2) ave= 0.000E+00 +/- 0.00 % S(l=3) ave= 0.000E+00 +/- 0.00 %  % || Fis(th) ave= 2.242E+03 b. +/- 8.76 %
 ... random file  2 Cap(th)  ave= 2.598E+01 b. +/- 8.54 % || Ela(th) ave= 7.862E+00 b. +/- 10.96 % || RIcap ave= 4.15E+02 b. +/- 5.76 % || Macs30 ave= 8.09E-01 b. +/- 0.03 % || Gn^0(l=0) ave= 7.003E-05 +/- 0.08 % Gn^0(l=1) ave= 0.000E+00 +/- 0.00 % Gn^0(l=2) ave= 0.000E+00 +/- 0.00 % Gn^0(l=3) ave= 0.000E+00 +/- 0.00 % || Gtotal(l=0) ave= 7.221E-03 +/- 0.53 % Gtotal(l=1) ave= 0.000E+00 +/- 0.00 % Gtotal(l=2) ave= 0.000E+00 +/- 0.00 % Gtotal(l=3) ave= 0.000E+00 +/- 0.00 %  % || Gg(l=0) ave= 9.089E-04 +/- 0.23 % Gg(l=1) ave= 0.000E+00 +/- 0.00 % Gg(l=2) ave= 0.000E+00 +/- 0.00 % Gg(l=3) ave= 0.000E+00 +/- 0.00 %  % || D(l=0) ave= 1.508E-01 +/- 0.00 % D(l=1) ave= 0.000E+00 +/- 0.00 % D(l=2) ave= 0.000E+00 +/- 0.00 % D(l=3) ave= 0.000E+00 +/- 0.00 %  % || S(l=0) ave= 2.373E-04 +/- 0.07 % S(l=1) ave= 0.000E+00 +/- 0.00 % S(l=2) ave= 0.000E+00 +/- 0.00 % S(l=3) ave= 0.000E+00 +/- 0.00 %  % || Fis(th) ave= 2.203E+03 b. +/- 7.69 %
 ... random file  3 Cap(th)  ave= 2.698E+01 b. +/- 9.55 % || Ela(th) ave= 8.024E+00 b. +/- 9.94 % || RIcap ave= 4.08E+02 b. +/- 6.11 % || Macs30 ave= 8.09E-01 b. +/- 0.03 % || Gn^0(l=0) ave= 7.003E-05 +/- 0.07 % Gn^0(l=1) ave= 0.000E+00 +/- 0.00 % Gn^0(l=2) ave= 0.000E+00 +/- 0.00 % Gn^0(l=3) ave= 0.000E+00 +/- 0.00 % || Gtotal(l=0) ave= 7.267E-03 +/- 1.18 % Gtotal(l=1) ave= 0.000E+00 +/- 0.00 % Gtotal(l=2) ave= 0.000E+00 +/- 0.00 % Gtotal(l=3) ave= 0.000E+00 +/- 0.00 %  % || Gg(l=0) ave= 9.090E-04 +/- 0.20 % Gg(l=1) ave= 0.000E+00 +/- 0.00 % Gg(l=2) ave= 0.000E+00 +/- 0.00 % Gg(l=3) ave= 0.000E+00 +/- 0.00 %  % || D(l=0) ave= 1.508E-01 +/- 0.00 % D(l=1) ave= 0.000E+00 +/- 0.00 % D(l=2) ave= 0.000E+00 +/- 0.00 % D(l=3) ave= 0.000E+00 +/- 0.00 %  % || S(l=0) ave= 2.373E-04 +/- 0.06 % S(l=1) ave= 0.000E+00 +/- 0.00 % S(l=2) ave= 0.000E+00 +/- 0.00 % S(l=3) ave= 0.000E+00 +/- 0.00 %  % || Fis(th) ave= 2.091E+03 b. +/- 11.67 %
 ... random file  4 Cap(th)  ave= 2.784E+01 b. +/- 10.34 % || Ela(th) ave= 8.423E+00 b. +/- 12.72 % || RIcap ave= 4.07E+02 b. +/- 5.47 % || Macs30 ave= 8.09E-01 b. +/- 0.02 % || Gn^0(l=0) ave= 7.006E-05 +/- 0.10 % Gn^0(l=1) ave= 0.000E+00 +/- 0.00 % Gn^0(l=2) ave= 0.000E+00 +/- 0.00 % Gn^0(l=3) ave= 0.000E+00 +/- 0.00 % || Gtotal(l=0) ave= 7.412E-03 +/- 4.05 % Gtotal(l=1) ave= 0.000E+00 +/- 0.00 % Gtotal(l=2) ave= 0.000E+00 +/- 0.00 % Gtotal(l=3) ave= 0.000E+00 +/- 0.00 %  % || Gg(l=0) ave= 9.098E-04 +/- 0.27 % Gg(l=1) ave= 0.000E+00 +/- 0.00 % Gg(l=2) ave= 0.000E+00 +/- 0.00 % Gg(l=3) ave= 0.000E+00 +/- 0.00 %  % || D(l=0) ave= 1.508E-01 +/- 0.00 % D(l=1) ave= 0.000E+00 +/- 0.00 % D(l=2) ave= 0.000E+00 +/- 0.00 % D(l=3) ave= 0.000E+00 +/- 0.00 %  % || S(l=0) ave= 2.374E-04 +/- 0.10 % S(l=1) ave= 0.000E+00 +/- 0.00 % S(l=2) ave= 0.000E+00 +/- 0.00 % S(l=3) ave= 0.000E+00 +/- 0.00 %  % || Fis(th) ave= 1.973E+03 b. +/- 16.26 %
 ... random file  5 Cap(th)  ave= 2.820E+01 b. +/- 9.76 % || Ela(th) ave= 8.360E+00 b. +/- 11.82 % || RIcap ave= 4.08E+02 b. +/- 5.00 % || Macs30 ave= 8.09E-01 b. +/- 0.02 % || Gn^0(l=0) ave= 7.006E-05 +/- 0.09 % Gn^0(l=1) ave= 0.000E+00 +/- 0.00 % Gn^0(l=2) ave= 0.000E+00 +/- 0.00 % Gn^0(l=3) ave= 0.000E+00 +/- 0.00 % || Gtotal(l=0) ave= 7.422E-03 +/- 3.70 % Gtotal(l=1) ave= 0.000E+00 +/- 0.00 % Gtotal(l=2) ave= 0.000E+00 +/- 0.00 % Gtotal(l=3) ave= 0.000E+00 +/- 0.00 %  % || Gg(l=0) ave= 9.092E-04 +/- 0.29 % Gg(l=1) ave= 0.000E+00 +/- 0.00 % Gg(l=2) ave= 0.000E+00 +/- 0.00 % Gg(l=3) ave= 0.000E+00 +/- 0.00 %  % || D(l=0) ave= 1.508E-01 +/- 0.00 % D(l=1) ave= 0.000E+00 +/- 0.00 % D(l=2) ave= 0.000E+00 +/- 0.00 % D(l=3) ave= 0.000E+00 +/- 0.00 %  % || S(l=0) ave= 2.374E-04 +/- 0.09 % S(l=1) ave= 0.000E+00 +/- 0.00 % S(l=2) ave= 0.000E+00 +/- 0.00 % S(l=3) ave= 0.000E+00 +/- 0.00 %  % || Fis(th) ave= 1.937E+03 b. +/- 15.70 %
 ... random file  6 Cap(th)  ave= 2.779E+01 b. +/- 9.88 % || Ela(th) ave= 8.239E+00 b. +/- 11.67 % || RIcap ave= 4.08E+02 b. +/- 4.65 % || Macs30 ave= 8.09E-01 b. +/- 0.02 % || Gn^0(l=0) ave= 7.003E-05 +/- 0.13 % Gn^0(l=1) ave= 0.000E+00 +/- 0.00 % Gn^0(l=2) ave= 0.000E+00 +/- 0.00 % Gn^0(l=3) ave= 0.000E+00 +/- 0.00 % || Gtotal(l=0) ave= 7.400E-03 +/- 3.51 % Gtotal(l=1) ave= 0.000E+00 +/- 0.00 % Gtotal(l=2) ave= 0.000E+00 +/- 0.00 % Gtotal(l=3) ave= 0.000E+00 +/- 0.00 %  % || Gg(l=0) ave= 9.093E-04 +/- 0.27 % Gg(l=1) ave= 0.000E+00 +/- 0.00 % Gg(l=2) ave= 0.000E+00 +/- 0.00 % Gg(l=3) ave= 0.000E+00 +/- 0.00 %  % || D(l=0) ave= 1.508E-01 +/- 0.00 % D(l=1) ave= 0.000E+00 +/- 0.00 % D(l=2) ave= 0.000E+00 +/- 0.00 % D(l=3) ave= 0.000E+00 +/- 0.00 %  % || S(l=0) ave= 2.373E-04 +/- 0.13 % S(l=1) ave= 0.000E+00 +/- 0.00 % S(l=2) ave= 0.000E+00 +/- 0.00 % S(l=3) ave= 0.000E+00 +/- 0.00 %  % || Fis(th) ave= 1.987E+03 b. +/- 15.46 %
 ... random file  7 Cap(th)  ave= 2.758E+01 b. +/- 9.51 % || Ela(th) ave= 8.251E+00 b. +/- 10.91 % || RIcap ave= 4.07E+02 b. +/- 4.50 % || Macs30 ave= 8.09E-01 b. +/- 0.02 % || Gn^0(l=0) ave= 7.004E-05 +/- 0.12 % Gn^0(l=1) ave= 0.000E+00 +/- 0.00 % Gn^0(l=2) ave= 0.000E+00 +/- 0.00 % Gn^0(l=3) ave= 0.000E+00 +/- 0.00 % || Gtotal(l=0) ave= 7.426E-03 +/- 3.40 % Gtotal(l=1) ave= 0.000E+00 +/- 0.00 % Gtotal(l=2) ave= 0.000E+00 +/- 0.00 % Gtotal(l=3) ave= 0.000E+00 +/- 0.00 %  % || Gg(l=0) ave= 9.100E-04 +/- 0.32 % Gg(l=1) ave= 0.000E+00 +/- 0.00 % Gg(l=2) ave= 0.000E+00 +/- 0.00 % Gg(l=3) ave= 0.000E+00 +/- 0.00 %  % || D(l=0) ave= 1.508E-01 +/- 0.00 % D(l=1) ave= 0.000E+00 +/- 0.00 % D(l=2) ave= 0.000E+00 +/- 0.00 % D(l=3) ave= 0.000E+00 +/- 0.00 %  % || S(l=0) ave= 2.373E-04 +/- 0.12 % S(l=1) ave= 0.000E+00 +/- 0.00 % S(l=2) ave= 0.000E+00 +/- 0.00 % S(l=3) ave= 0.000E+00 +/- 0.00 %  % || Fis(th) ave= 2.017E+03 b. +/- 14.78 %
 ... random file  8 Cap(th)  ave= 2.792E+01 b. +/- 9.49 % || Ela(th) ave= 8.304E+00 b. +/- 10.38 % || RIcap ave= 4.05E+02 b. +/- 4.38 % || Macs30 ave= 8.09E-01 b. +/- 0.02 % || Gn^0(l=0) ave= 7.005E-05 +/- 0.13 % Gn^0(l=1) ave= 0.000E+00 +/- 0.00 % Gn^0(l=2) ave= 0.000E+00 +/- 0.00 % Gn^0(l=3) ave= 0.000E+00 +/- 0.00 % || Gtotal(l=0) ave= 7.482E-03 +/- 3.83 % Gtotal(l=1) ave= 0.000E+00 +/- 0.00 % Gtotal(l=2) ave= 0.000E+00 +/- 0.00 % Gtotal(l=3) ave= 0.000E+00 +/- 0.00 %  % || Gg(l=0) ave= 9.103E-04 +/- 0.32 % Gg(l=1) ave= 0.000E+00 +/- 0.00 % Gg(l=2) ave= 0.000E+00 +/- 0.00 % Gg(l=3) ave= 0.000E+00 +/- 0.00 %  % || D(l=0) ave= 1.508E-01 +/- 0.00 % D(l=1) ave= 0.000E+00 +/- 0.00 % D(l=2) ave= 0.000E+00 +/- 0.00 % D(l=3) ave= 0.000E+00 +/- 0.00 %  % || S(l=0) ave= 2.374E-04 +/- 0.12 % S(l=1) ave= 0.000E+00 +/- 0.00 % S(l=2) ave= 0.000E+00 +/- 0.00 % S(l=3) ave= 0.000E+00 +/- 0.00 %  % || Fis(th) ave= 1.978E+03 b. +/- 15.28 %
 ... random file  9 Cap(th)  ave= 2.820E+01 b. +/- 9.41 % || Ela(th) ave= 8.382E+00 b. +/- 10.14 % || RIcap ave= 4.03E+02 b. +/- 4.57 % || Macs30 ave= 8.09E-01 b. +/- 0.03 % || Gn^0(l=0) ave= 7.006E-05 +/- 0.14 % Gn^0(l=1) ave= 0.000E+00 +/- 0.00 % Gn^0(l=2) ave= 0.000E+00 +/- 0.00 % Gn^0(l=3) ave= 0.000E+00 +/- 0.00 % || Gtotal(l=0) ave= 7.491E-03 +/- 3.65 % Gtotal(l=1) ave= 0.000E+00 +/- 0.00 % Gtotal(l=2) ave= 0.000E+00 +/- 0.00 % Gtotal(l=3) ave= 0.000E+00 +/- 0.00 %  % || Gg(l=0) ave= 9.100E-04 +/- 0.32 % Gg(l=1) ave= 0.000E+00 +/- 0.00 % Gg(l=2) ave= 0.000E+00 +/- 0.00 % Gg(l=3) ave= 0.000E+00 +/- 0.00 %  % || D(l=0) ave= 1.508E-01 +/- 0.00 % D(l=1) ave= 0.000E+00 +/- 0.00 % D(l=2) ave= 0.000E+00 +/- 0.00 % D(l=3) ave= 0.000E+00 +/- 0.00 %  % || S(l=0) ave= 2.374E-04 +/- 0.13 % S(l=1) ave= 0.000E+00 +/- 0.00 % S(l=2) ave= 0.000E+00 +/- 0.00 % S(l=3) ave= 0.000E+00 +/- 0.00 %  % || Fis(th) ave= 1.940E+03 b. +/- 15.86 %
 ... random file  10 Cap(th)  ave= 2.774E+01 b. +/- 10.55 % || Ela(th) ave= 8.328E+00 b. +/- 9.94 % || RIcap ave= 4.03E+02 b. +/- 4.36 % || Macs30 ave= 8.09E-01 b. +/- 0.03 % || Gn^0(l=0) ave= 7.007E-05 +/- 0.13 % Gn^0(l=1) ave= 0.000E+00 +/- 0.00 % Gn^0(l=2) ave= 0.000E+00 +/- 0.00 % Gn^0(l=3) ave= 0.000E+00 +/- 0.00 % || Gtotal(l=0) ave= 7.457E-03 +/- 3.78 % Gtotal(l=1) ave= 0.000E+00 +/- 0.00 % Gtotal(l=2) ave= 0.000E+00 +/- 0.00 % Gtotal(l=3) ave= 0.000E+00 +/- 0.00 %  % || Gg(l=0) ave= 9.098E-04 +/- 0.31 % Gg(l=1) ave= 0.000E+00 +/- 0.00 % Gg(l=2) ave= 0.000E+00 +/- 0.00 % Gg(l=3) ave= 0.000E+00 +/- 0.00 %  % || D(l=0) ave= 1.508E-01 +/- 0.00 % D(l=1) ave= 0.000E+00 +/- 0.00 % D(l=2) ave= 0.000E+00 +/- 0.00 % D(l=3) ave= 0.000E+00 +/- 0.00 %  % || S(l=0) ave= 2.374E-04 +/- 0.12 % S(l=1) ave= 0.000E+00 +/- 0.00 % S(l=2) ave= 0.000E+00 +/- 0.00 % S(l=3) ave= 0.000E+00 +/- 0.00 %  % || Fis(th) ave= 1.986E+03 b. +/- 16.47 %
 ... Histogram plot for thermal (n,g)
 ... Write covariances  ... MT1  ... plot correlations
 ... MT2  ... MT18  ... MT102 


 ================================================
 ============== From 10 random values === start ======
 Thermal (n,tot) xs  0 K =  2021.91 b. +/- 323.516 b. ( 16.0005 %) skew= +0.01 +/- 0.66
 Thermal (n,el) xs   0 K =  8.32845 b. +/- 0.827991 b. ( 9.94171 %) skew= +0.01 +/- 0.66
 Thermal (n,f) xs    0 K = 1985.84 b. +/- 327.064 b. ( 16.4698 %) skew= +0.01 +/- 0.66
 Thermal (n,g) xs    0 K =  27.7367 b. +/- 2.92678 b. ( 10.552 %) skew= -0.42 +/- 0.66
 RI      (n,g)       0 K =  402.688 b. +/- 17.5628 b. ( 4.36138 %) 
 MACS    (n,g)       0 K (at Emacs= 30000 eV) =  0.808766 b. +/- 0.000216466 b. ( 0.026765 %) 
 Ave. Gtotal  L=0        =  7.457E-03 +/- 3.78 %
 Ave. Gn^(0)  L=0        =  7.007E-05 +/- 0.13 %
 Ave. Gg      L=0        =  9.098E-04 +/- 0.31 %
 Ave. D       L=0        =  1.508E-01 +/- 0.00 %
 Ave. S       L=0        =  2.374E-04 +/- 0.12 %

 Expected Thermal (n,g) (syst or meas)= 28 b. +/- 3 b. nominal: 27.9188 b.
 ratio Calculated/expected thermal (n,g): 0.99 ratio DCalculated/Dexpected: 0.98 ratio Calculated/Nominal: 0.99
 ============== From 10 random values ===== stop ======
 ================================================
 ... Calculation of (n,a) and (n,p) cross sections at 300 K
 ... thermal (n,a) cross section is 1.39899e-14 +/- 6.99497e-15 b.
 ... thermal (n,a) cross section is 2.37411e-14 b. (random case 1)
 ... thermal (n,a) cross section is 1.28059e-14 b. (random case 2)
 ... thermal (n,a) cross section is 2.40311e-14 b. (random case 3)
 ... thermal (n,a) cross section is 2.16205e-14 b. (random case 4)
 ... thermal (n,a) cross section is 3.08413e-15 b. (random case 5)
 ... thermal (n,a) cross section is 5.49334e-15 b. (random case 6)
 ... thermal (n,a) cross section is 1.06804e-14 b. (random case 7)
 ... thermal (n,a) cross section is 2.14206e-14 b. (random case 8)
 ... thermal (n,a) cross section is 1.22017e-14 b. (random case 9)
 ... thermal (n,a) cross section is 1.91914e-14 b. (random case 10)
 ... thermal (n,p) cross section is 1.39899e-14 +/- 6.99497e-15 b.
 ... thermal (n,p) cross section is 8.64149e-15 b. (random case 1)
 ... thermal (n,p) cross section is 6.7795e-15 b. (random case 2)
 ... thermal (n,p) cross section is 3.29417e-15 b. (random case 3)
 ... thermal (n,p) cross section is 1.49172e-14 b. (random case 4)
 ... thermal (n,p) cross section is 5.84163e-16 b. (random case 5)
 ... thermal (n,p) cross section is 2.02518e-14 b. (random case 6)
 ... thermal (n,p) cross section is 1.03272e-14 b. (random case 7)
 ... thermal (n,p) cross section is 5.14933e-15 b. (random case 8)
 ... thermal (n,p) cross section is 1.69189e-14 b. (random case 9)
 ... thermal (n,p) cross section is 2.1822e-14 b. (random case 10)
 ... Rewrite index for MF2
 ... Write text for MF1 in file mf1.tares.txt
 ... plotting cross sections for the MF1
 ... order output files

 ............................................................ 
 ...                                                      ... 
 ... MF2 format selection for the final file: n-Es254.mf2.mlbw
 ... MF2 format : mlbw
 ... cross section values for the final mf2 file: START   ... 
 ... Import MF2 from TARES calculations
 ... End energy of TARES MF2 : 9.500000E+0 eV and limit to 40000 resonances
 ... File used for reconstruction: n-Es254.mf2.reconst
 ... run RECENT ...
 ... Doppler broadened at a unique temperature: 0 Kelvin using sigma1
 ... The keyword temperature is zero, no Doppler broadening for the MACS

 ============== INTER values at 0 Kelvin ==============
 Thermal (n,g) xs =  27.9188 b. (meas/sys: 28 b.) (warning: comparison to be done at 296 or 300 K)
 Th Maxw (n,g) xs =  31.798 b. (thermal Maxwellian value)
 Westcott factor  =  1.13894
 RI      (n,g)    =  385.909 b. (meas or sys: 18.2 b.)
 MACS 3.000e+04 eV=  0.80856 b. (meas or sys: - b.) from 1.00E+00 to 2.00E+07 eV (end of RRR) at T= 0 Kelvin 
 Thermal (n,el) xs=  8.26869 b.
 RI      (n,el)   =  100.947 b.
 Thermal (n,f) xs =  2045.35 b. (meas/sys: 1749 +/- 110 b.)
 RI      (n,f) xs =  1141.92 b. (meas/sys: 1200 +/- 250 b.)
 ============= PSYCHE values ==============
 Ave. G_total L0  =  0.00726908 eV
 Ave. Gn_0    L0  =  7.00448e-05
 Ave. Gg      L0  =  0.000911376 eV
 Ave. D       L0  =  0.150793 eV
 Ave. S       L0  =  0.00023735 eV
 =========================================
 ... cross section values for the final mf2 file: END     ... 
 ...                                                      ... 
 ............................................................ 


================== summary ==================
 Thermal (n,tot) xs = 2081.54 b. 
 Thermal (n,el)  xs = 8.26869 b. 
 Thermal (n,g)   xs = 27.9188 b. (meas/sys: 28 b.)
 Thermal (n,f)   xs = 2045.35 b. (meas/sys: 1749 +/- 110 b.)

 RI      (n,g)      = 385.909 b. (meas or sys: 18.2 b.)
 RI      (n,el)     = 100.947 b.
 RI      (n,f)      = 1141.92 b. (meas/sys: 1200 +/- 250 b.)
=============================================


 ... cleaning
                                                 
  -------------------------------------------------------------
  -                                                           -
  - TARES: successful end of run with data from the database  -
  -             for Z= 99, A= 254 and isomer= 0               -
  -                                                           -
  -------------------------------------------------------------

   Running time:       21 seconds

 End time: Fri Oct  9 12:21:56 2026

