
  -------------------------------------------------------------
  -                                                           -
  -              Welcome to TARES version 1.8                 -
  -                                                           -
  -  (C) Copyright 2007-2025 D. Rochman, All Rights Reserved  -
  -           NRG, Petten, the Netherlands 2007-2014          -
  -           PSI, Villigen    Switzerland 2015-2025          -
  -         Nagra, Wettingen   Switzerland 2025-              -
  -           (Last Modified October 06, 2026)                -
  -           (Database from October 06, 2026)                -
  -                                                           -
  -------------------------------------------------------------


  ---------------------------------------------
   Compilation information:
   Compiled on:         Oct  8 2026, 18:36:06
   Compiled by:         koning
   Compiler version:    clang++ - 21.0.0
   Source location:     /Users/koning/tares-1.8/source/Module/
   Binaries location:   /Users/koning/bin
   System:              Darwin 25.6.0
   System version:      Darwin Kernel Version 25.6.0: Fri Jul 31 19:19:08 PDT 2026; root:xnu-12377.161.14~5/RELEASE_ARM64_T6050  
   Machine:             arm64 
  ---------------------------------------------

   User information:
   User name:           koning
   Running directory:   /Users/koning/tendl/resbase/Cd102/work
   Owner mode for running directory : rwx
   Group mode for running directory : r-x
  ---------------------------------------------


 Starting time: Fri Oct  9 13:21:16 2026
 ... inputs directory found (/Users/koning/tares-1.8/source/Module//../../inputs/).
 ... It will be used for resonance parameters 
 ... ###############################################
 ... #     read the input file tares.inp
 ... ###############################################
 ... line: #
 ... line: # Input file generated by Autorochman
          --> line not read
 ... line: #
 ... line: isotope    Cd
          --> Isotope name: Cd
 ... line: mass       102
          --> isotopic mass: 102
 ... line: output     n-Cd102
         ---> Name of the output files: n-Cd102
 ... line: isomer     0
          --> isomeric state: 0
 ... line: mf32mf33   y
          --> MF33 based on MF32: y
 ... line: nbrRandom  6
          --> Nbr of random files: 6
 ... ###############################################
 ... # end read the input file tares.inp
 ... ###############################################
Value for random generator type not considered in since Tares 1.7 due to compilation issues

 ... ###############################################
     #   Interpretation of the Input definition    #
     ###############################################

 ... Default energy limit: End of resonance region
 ... Nuclear charge    = 48
 ... Element           = Cd
 ... Mass              = 102
 ... Isomer            = 0
 ... Correlation for (Gn,Gg) not included in random files
 ... Default random option: No random
 ... Output name: n-Cd102
 ... Energy for the MACS: 30000 eV
 ... Resonances from CALENDF reduced (reduce=y) 
 ... For URR, level density model from TALYS selected: 91n3n12611.2850 (see manual for description)
 ... Random Generator: default (pseudo random numbers from ansi c++)
 ... Reconstruction of cross section selected
 ... Doppler broadening at 0 Kelvin
 ... URR not included (from the input file flag)
 ... Weight for grouping is flat
 ... Calculation of (n,alpha) cross section selected
 ... Number of digit for MF32c covariance representation: 2
 ... MF32 included
 ... MF33 will be used for covariance processing
 ... TENDL option set to yes (automatic choice of MF2 and format)
 ... Isotope not found in the best file --> use of MLBW formalism
 ... default option: Multi level Breit Wigner approximation selected
 ... (check file best.tendl.yes for changing this option)
 ... Retroactive option set to no with the 2025 option
 ... ladder option set to yes (CALENDF will be used for statistical resonances)

 ... ###############################################
     #           End of Input definition           #
     ###############################################

 ... gnuplot found, will be used for plotting
 ... latex found, will be used for plotting
 ... dvips found, will be used for plotting
 ... ps2epsi not found, limited plotting available
 ... uncertainties on default parameters multiplied by 1.01099
 ... Read resonance data from the 2025 directory
 ... Resonance parameters taken from /Users/koning/tares-1.8/source/Module//../../inputs/2025/Resonance/default/
 ---> Processing Z= 48 and A= 102 and isomer= 0 (level number: 0)
 Exfor path; Could not find /Users/koning/tares-1.8/source/Module//../../inputs/exfor/Cd102/xs/102
Thermal file; Could not open file /Users/koning/tares-1.8/source/Module//../../inputs/2025/runThermal/results//thermal.mxw.ng.cendl3.1
Thermal file; Could not open file /Users/koning/tares-1.8/source/Module//../../inputs/2025/runThermal/results//thermal.mxw.ng.brond3.1
Thermal file; Could not open file /Users/koning/tares-1.8/source/Module//../../inputs/2025/runThermal/results//thermal.xs.ng.unc.cendl3.1
 ... spin taken from the final/ directory (1)
 ... The spin found in level file ( 0 ) and the one in the urr file ( 5.5 ) differ

 ... ###############################################
 ... #  Nucleus global parameters (2025 database)  #
 ... ###############################################
 0. Half-life: 5.5 min. 
 ... Scattering radius from TALYS: /Users/koning/tares-1.8/source/Module//../../inputs/2025/lib.urr/talys.urr/
 1. Spin of the target isotope: 0
 2. Relative Atomic Mass of the target isotope: 101.914
 3. Scattering radius (local compilation): 6.21115 fm +/- 0.130434 fm
      .......................................
      ... Thermal capture cross sections: ...
 4. Thermal (n,g) cross section from systematics (TALYS, urr.dat): 10.4435 +/- 7.31043 b.
 5. Thermal (n,g) cross section from compilation (Firestone-2022 average on element Cd): 2520 +/- 0.85 b.
 6. Thermal (n,g) cross section from compilation (Firestone-2022 final on element Cd): 2520 +/- 40 b.
 7. Thermal (n,g) cross section from TENDL-2023: 8.694 +/- 3.419 b.
      .......................................
      ...  Thermal total cross sections:  ...
      .......................................
      ... Thermal elastic cross sections: ...
 8. Thermal (n,el) cross section from potential (4piR^2): 7.80592 +/- 0.390296 b.
      .......................................
             ... Resonance integral: ...
 9. No capture integral found in /Users/koning/tares-1.8/source/Module//../../inputs/capture.integral
 ... no RI(n,g) found in local compilation, take 2018 value.
 ... no RI(n,g) found in local compilation, take Sukhoruchkin value.
   ---- MACS 30 keV ----- 
 10. TALYS MACS 30 keV (HF): 0.377969 b. 
   ---------- S0 -------- 
 11. S0 from TALYS: 0.614405
   ---------- S1 -------- 
 12. S1 from TALYS: 6.61771
   ---------- S2 -------- 
 13. S2 from TALYS: 0.552673
   ---------- D0 -------- 
 14. D0 from TALYS: 466.594 eV
 Correction to D0: 0.2
   ---------- D1 -------- 
 15. D1 from TALYS: 162.939 eV
   ---------- D2 -------- 
 16. D2 from TALYS: 107.297 eV
   ---------- G0 -------- 
 17. Gg0 from TALYS: 0.401703 eV
   ---------- G1 -------- 
 18. Gg1 from TALYS: 0.367561 eV
   ---------- G2 -------- 
 19. Gg2 from TALYS: 0.373948 eV


   ---------------------- 
 ... Read resonance parameters (format: 2: Multi Level Breit Wigner)
 ... 0 resonances found 
 ... possibly no resonances in the Resonance directory for this isotope and options
 ... Use HFR (ladder) behavior 
 --> 21. Number of resonances from the input file: 2 up to 233.297 eV
 22. Read nuclear quantities (mass, MAT...)
 23. Read thermal (n,g) xs 
 24. Read the scattering radius 
 25. Read uncertainty on Gg for 2 resonances
 26. Read uncertainty on Gg for 2 resonances ... done
 ... order resonances 
 ... Upper limit for the RRR: 233.297 eV (no statistical resonances HFR) from the limit.RRR file
 ... Write parameters for l=0 waves
 ... End writing original MF2 
 ... No RRR in the database: uncertainties on default parameters multiplied by 1.99753
 ... Enter in urr function (ladder option set to y) for file n-Cd102
 ... read the file /Users/koning/tares-1.8/source/Module//../../inputs/2025/list.jcs.urr to find URR origin
 Default URR taken from TALYS calculations with level density model: 91n3n12611.2850
 File considered for the URR: /Users/koning/tares-1.8/source/Module//../../inputs/2025/lib.urr/talys.urr/91n3n12611.2850/Cd/urr/urr.dat.Cd.102.000.0.gz
 ... Write URR using TALYS average parameters (used for HFR)
 ... Limit of URR changed to 25 keV (recommendation from WPEC and JEFF)
 ... Extract the Sn value from file ./urr.dat.Cd.102.0.0
 ... found Sn= 9.06324 MeV
 ... estimated number of resonances up to 202.191 eV:  0.433334 resonances
 ... This is a test here. The higher energy limit to include URR data for calendf is set to max Sn. 24/03/2016
 ... Use Sn to define the maximum energy for the URR: Sn= 9.06324 MeV --> last_energyURR= 202.191 eV
 ... read D0, S0, Gn and Gg
 ... number of URR energies: 695
 Number of l: 695 and last energy: 5
 Last  URR energy: 233.297 eV
 ... Enter in to_MLBW_mf2 function
 ... Convert to Multi Level Breit Wigner (MLBW)
 ... Write parameter covariances (MF32) for l=0
 ... Convert parameter covariances (MF32) to MLBW
 ... copy the mf2 and mf32 to .mlbw files
 ... Enter in urr_correct function case 1
 Modify the higher limit of RRR in MF2
 --> old value: 2.344633+2 eV new value: 1.000000-2 eV
 Modify resonance covariances (MF32) to include correlations in the URR
 End Modify resonance covariances (MF32) to include correlations in the URR
 ... Enter in calendf_xs function
 Use CALENDF for statistical resonances (update MF2) up to 2.332970+2 eV (initial limit)
 Extract resonances from CALENDF for RRR->URR 2
 26 statistical resonances found
 After reduction, 25 statistical resonances found
 ... checking resonance order 1
 ... checking resonance order 2nd round for 23 resonances
 ... end checking resonance order 2nd round
 .......................................................
 ... Adjustment to the thermal cross section : start ...
 .......................................................

 Before adjustment (adjustment to the thermal cross section set to y)
 ... Import MF2 from TARES calculations
 ... End energy of TARES MF2 : 1.297829E+2 eV and limit to 40000 resonances
 ... File used for reconstruction: new.temp22.reconst
 ... run RECENT ...
 ... Doppler broadened at a unique temperature: 300 Kelvin using sigma1
 ... run SIGMA1 at 3.000000E+02 K.

 ============== INTER values at 300 Kelvin ==============
 Thermal (n,g) xs =  18.1485 b. (meas/sys: 10.4435 b.) (warning: comparison to be done at 296 or 300 K)
 Th Maxw (n,g) xs =  18.252 b. (thermal Maxwellian value)
 Westcott factor  =  1.00571
 RI      (n,g)    =  54.6761 b. (meas or sys: - b.)
 MACS 3.000e+04 eV=  0.37688 b. (meas or sys: - b.) from 1.00E+00 to 2.00E+07 eV (end of RRR) at T= 300 Kelvin 
 Thermal (n,el) xs=  5.91555 b.
 RI      (n,el)   =  118.626 b.
 ============= PSYCHE values ==============
 Ave. G_total L0  =  1.15179 eV
 Ave. G_total L1  =  0.378826 eV
 Ave. G_total L2  =  0.360937 eV
 Ave. Gn_0    L0  =  0.065842
 Ave. Gn_0    L1  =  0.188141
 Ave. Gn_0    L2  =  0.0207779
 Ave. Gg      L0  =  0.401705 eV
 Ave. Gg      L1  =  0.378564 eV
 Ave. Gg      L2  =  0.360937 eV
 Ave. D       L0  =  0 eV
 Ave. D       L1  =  32.4457 eV
 Ave. D       L2  =  43.261 eV
 Ave. S       L0  =  0.065842 eV
 Ave. S       L1  =  0.00365722 eV
 Ave. S       L2  =  0.000275669 eV
 =========================================
 Calculated capture integral   54.6761 b.
 Calculated thermal (n,g)=          18.1484740 b. and recommended= 10.4435 b. (C/E= 1.73778)
 Calculated RI      (n,g)= 54.6761 b. (no reference value)
 ... tolerances: thermal (n,g) 20 % (reference uncertainties, minimum 2% and 5%, maximum 20%)
 Adjust the capture widths ...
 ... capture adjusted with Gn for 21 resonances (Gn<Gg) and with Gg for 2 resonances
 ... iteration 0: C/E thermal (n,g)= 1.73778

 <-------- After adjustment -------->
 ... Import MF2 from TARES calculations
 ... End energy of TARES MF2 : 1.297829E+2 eV and limit to 40000 resonances
 ... File used for reconstruction: new.temp22.reconst
 ... run RECENT ...
 ... Doppler broadened at a unique temperature: 300 Kelvin using sigma1
 ... run SIGMA1 at 3.000000E+02 K.

 ============== INTER values at 300 Kelvin ==============
 Thermal (n,g) xs =  12.3233 b. (meas/sys: 10.4435 b.) (warning: comparison to be done at 296 or 300 K)
 Th Maxw (n,g) xs =  12.394 b. (thermal Maxwellian value)
 Westcott factor  =  1.00571
 RI      (n,g)    =  44.0809 b. (meas or sys: - b.)
 MACS 3.000e+04 eV=  0.3768 b. (meas or sys: - b.) from 1.00E+00 to 2.00E+07 eV (end of RRR) at T= 300 Kelvin 
 Thermal (n,el) xs=  5.73145 b.
 RI      (n,el)   =  134.186 b.
 ============= PSYCHE values ==============
 Ave. G_total L0  =  1.02286 eV
 Ave. G_total L1  =  0.378742 eV
 Ave. G_total L2  =  0.360937 eV
 Ave. Gn_0    L0  =  0.065842
 Ave. Gn_0    L1  =  0.127752
 Ave. Gn_0    L2  =  0.0141088
 Ave. Gg      L0  =  0.272768 eV
 Ave. Gg      L1  =  0.378564 eV
 Ave. Gg      L2  =  0.360937 eV
 Ave. D       L0  =  0 eV
 Ave. D       L1  =  32.4457 eV
 Ave. D       L2  =  43.261 eV
 Ave. S       L0  =  0.065842 eV
 Ave. S       L1  =  0.00248335 eV
 Ave. S       L2  =  0.000187187 eV
 =========================================
 ... iteration 1: C/E thermal (n,g)= 1.18


 ... ratio C/E thermal (n,g): 1.180002E+00
 ...................................................... 
 ... Adjustment to the thermal cross section : stop ...
 ...................................................... 
 ... new MF2 file after adjustment: n-Cd102
 ... read the file /Users/koning/tares-1.8/source/Module//../../inputs/2025/list.jcs.urr to find URR origin
 Default URR taken from TALYS calculations with level density model: 91n3n12611.2850
 File considered for the URR: /Users/koning/tares-1.8/source/Module//../../inputs/2025/lib.urr/talys.urr/91n3n12611.2850/Cd/urr/urr.dat.Cd.102.000.0.gz
 ... Write URR using TALYS average parameters (not used for HFR)
 ... Limit of URR changed to 25 keV (recommendation from WPEC and JEFF)
 Energy limit of the URR set to 168.718 eV
 ... read D0, S0, Gn and Gg
 ... number of URR energies: 20
 Number of l: 20 and last energy: 5
 Last  URR energy: 168.718 eV
 ... Enter in urr_correct function case 2
 Modify the higher limit of RRR in MF2
 --> old value: 1.297829+2 eV new value: 1.297829+2 eV
 Modify resonance covariances (MF32) to include correlations in the URR
 End Modify resonance covariances (MF32) to include correlations in the URR
 ... Enter in update_MF32 function
 ... Change uncertainties
 ... for the HFR, random position of the positive resonances with 0.020000 %
 ... end of update MF32 function
 ... GLS calculation of the parameter correlations from the thermal/RI adjustment (MF32c)
 ... MF32: correlations from the thermal/RI adjustment (GLS) for 3 resonances (6 widths), 2 correlation lines
 ...   thermal (n,g): uncertainty from these widths 3.3765 b. -> 3.06534 b. (reference: 10.4435 +/- 7.31043 b.)
 ... copy the mf2 and mf32 to .mlbw files

 ... Start of final reconstruction and testing ...
 ... Reconstruction of cross sections at 0 Kelvin  ... Import MF2 from TARES calculations
 ... End energy of TARES MF2 : 1.297829E+2 eV and limit to 40000 resonances
 ... File used for reconstruction: n-Cd102.reconst
 ... run RECENT ...
 ... Doppler broadened at a unique temperature: 0 Kelvin using sigma1
 ... The keyword temperature is zero, no Doppler broadening for the MACS

 ============== INTER values at 0 Kelvin ==============
 Thermal (n,g) xs =  12.3167 b. (meas/sys: 10.4435 b.) (warning: comparison to be done at 296 or 300 K)
 Th Maxw (n,g) xs =  12.323 b. (thermal Maxwellian value)
 Westcott factor  =  1.00049
 RI      (n,g)    =  43.9667 b. (meas or sys: - b.)
 MACS 3.000e+04 eV=  0.37448 b. (meas or sys: - b.) from 1.00E+00 to 1.30E+02 eV (end of RRR) at T= 0 Kelvin 
 Thermal (n,el) xs=  5.70288 b.
 RI      (n,el)   =  86.4834 b.
 ============= PSYCHE values ==============
 Ave. G_total L0  =  1.02286 eV
 Ave. G_total L1  =  0.378742 eV
 Ave. G_total L2  =  0.360937 eV
 Ave. Gn_0    L0  =  0.065842
 Ave. Gn_0    L1  =  0.127752
 Ave. Gn_0    L2  =  0.0141088
 Ave. Gg      L0  =  0.272768 eV
 Ave. Gg      L1  =  0.378564 eV
 Ave. Gg      L2  =  0.360937 eV
 Ave. D       L0  =  0 eV
 Ave. D       L1  =  32.4457 eV
 Ave. D       L2  =  43.261 eV
 Ave. S       L0  =  0.065842 eV
 Ave. S       L1  =  0.00248335 eV
 Ave. S       L2  =  0.000187187 eV
 =========================================
 ... End of final reconstruction and testing ...

 ... grouping is not optimum, change to 70 groups
 ... Produce MF33 based on MF32 and 6 random files
 ... MF3 of n-Cd102.reconst (3 sections) added to the files for ENDSAM
 ... run endsam for 6 in groups of 1 global run
 ... run endsam from 1 to 6
 ... random files: total width GT set to Gn+Gg+Gf (138 resonances in 6 files)
 ... reorder resonance position after endsam (sampling)
 ... preparing the vectors  ... done
 ... nominal file 0 Cap(th)  ave= 1.232E+01 b. +/- 0.00 % || Ela(th) ave= 5.703E+00 b. +/- 0.00 % || RIcap ave= 4.40E+01 b. +/- 0.00 % || Macs30 ave= 3.74E-01 b. +/- 0.00 % || Gn^0(l=0) ave= 6.584E-02 +/- 0.00 % Gn^0(l=1) ave= 1.278E-01 +/- 0.00 % Gn^0(l=2) ave= 1.411E-02 +/- 0.00 % Gn^0(l=3) ave= 0.000E+00 +/- 0.00 % || Gtotal(l=0) ave= 1.023E+00 +/- 0.00 % Gtotal(l=1) ave= 3.787E-01 +/- 0.00 % Gtotal(l=2) ave= 3.609E-01 +/- 0.00 % Gtotal(l=3) ave= 0.000E+00 +/- 0.00 %  % || Gg(l=0) ave= 2.728E-01 +/- 0.00 % Gg(l=1) ave= 3.786E-01 +/- 0.00 % Gg(l=2) ave= 3.609E-01 +/- 0.00 % Gg(l=3) ave= 0.000E+00 +/- 0.00 %  % || D(l=0) ave= 0.000E+00 +/- 0.00 % D(l=1) ave= 3.245E+01 +/- 0.00 % D(l=2) ave= 4.326E+01 +/- 0.00 % D(l=3) ave= 0.000E+00 +/- 0.00 %  % || S(l=0) ave= 6.584E-02 +/- 0.00 % S(l=1) ave= 2.483E-03 +/- 0.00 % S(l=2) ave= 1.872E-04 +/- 0.00 % S(l=3) ave= 0.000E+00 +/- 0.00 % 
 ... random file  1 Cap(th)  ave= 1.056E+01 b. +/- 16.63 % || Ela(th) ave= 4.902E+00 b. +/- 16.33 % || RIcap ave= 4.24E+01 b. +/- 3.60 % || Macs30 ave= 3.74E-01 b. +/- 0.00 % || Gn^0(l=0) ave= 6.604E-02 +/- 0.30 % Gn^0(l=1) ave= 1.544E-01 +/- 17.28 % Gn^0(l=2) ave= 2.133E-02 +/- 33.86 % Gn^0(l=3) ave= 0.000E+00 +/- 0.00 % || Gtotal(l=0) ave= 1.008E+00 +/- 1.51 % Gtotal(l=1) ave= 4.051E-01 +/- 6.51 % Gtotal(l=2) ave= 3.670E-01 +/- 1.64 % Gtotal(l=3) ave= 0.000E+00 +/- 0.00 %  % || Gg(l=0) ave= 2.554E-01 +/- 6.81 % Gg(l=1) ave= 4.049E-01 +/- 6.51 % Gg(l=2) ave= 3.670E-01 +/- 1.64 % Gg(l=3) ave= 0.000E+00 +/- 0.00 %  % || D(l=0) ave= 0.000E+00 +/- 0.00 % D(l=1) ave= 3.245E+01 +/- 0.00 % D(l=2) ave= 4.326E+01 +/- 0.00 % D(l=3) ave= 0.000E+00 +/- 0.00 %  % || S(l=0) ave= 6.604E-02 +/- 0.30 % S(l=1) ave= 3.004E-03 +/- 17.33 % S(l=2) ave= 2.830E-04 +/- 33.86 % S(l=3) ave= 0.000E+00 +/- 0.00 % 
 ... random file  2 Cap(th)  ave= 9.675E+00 b. +/- 19.68 % || Ela(th) ave= 5.105E+00 b. +/- 13.98 % || RIcap ave= 4.43E+01 b. +/- 6.54 % || Macs30 ave= 3.75E-01 b. +/- 0.02 % || Gn^0(l=0) ave= 6.631E-02 +/- 0.63 % Gn^0(l=1) ave= 1.465E-01 +/- 16.76 % Gn^0(l=2) ave= 1.915E-02 +/- 34.74 % Gn^0(l=3) ave= 0.000E+00 +/- 0.00 % || Gtotal(l=0) ave= 1.043E+00 +/- 4.97 % Gtotal(l=1) ave= 4.322E-01 +/- 10.17 % Gtotal(l=2) ave= 3.918E-01 +/- 9.07 % Gtotal(l=3) ave= 0.000E+00 +/- 0.00 %  % || Gg(l=0) ave= 2.879E-01 +/- 16.71 % Gg(l=1) ave= 4.320E-01 +/- 10.17 % Gg(l=2) ave= 3.918E-01 +/- 9.07 % Gg(l=3) ave= 0.000E+00 +/- 0.00 %  % || D(l=0) ave= 0.000E+00 +/- 0.00 % D(l=1) ave= 3.245E+01 +/- 0.00 % D(l=2) ave= 4.326E+01 +/- 0.00 % D(l=3) ave= 0.000E+00 +/- 0.00 %  % || S(l=0) ave= 6.631E-02 +/- 0.63 % S(l=1) ave= 2.849E-03 +/- 16.80 % S(l=2) ave= 2.541E-04 +/- 34.74 % S(l=3) ave= 0.000E+00 +/- 0.00 % 
 ... random file  3 Cap(th)  ave= 1.044E+01 b. +/- 20.24 % || Ela(th) ave= 5.177E+00 b. +/- 12.18 % || RIcap ave= 4.36E+01 b. +/- 6.32 % || Macs30 ave= 3.74E-01 b. +/- 0.02 % || Gn^0(l=0) ave= 6.613E-02 +/- 0.73 % Gn^0(l=1) ave= 1.439E-01 +/- 15.08 % Gn^0(l=2) ave= 1.835E-02 +/- 32.29 % Gn^0(l=3) ave= 0.000E+00 +/- 0.00 % || Gtotal(l=0) ave= 1.029E+00 +/- 5.02 % Gtotal(l=1) ave= 4.043E-01 +/- 15.23 % Gtotal(l=2) ave= 3.999E-01 +/- 8.45 % Gtotal(l=3) ave= 0.000E+00 +/- 0.00 %  % || Gg(l=0) ave= 2.752E-01 +/- 17.10 % Gg(l=1) ave= 4.041E-01 +/- 15.23 % Gg(l=2) ave= 3.999E-01 +/- 8.45 % Gg(l=3) ave= 0.000E+00 +/- 0.00 %  % || D(l=0) ave= 0.000E+00 +/- 0.00 % D(l=1) ave= 3.245E+01 +/- 0.00 % D(l=2) ave= 4.326E+01 +/- 0.00 % D(l=3) ave= 0.000E+00 +/- 0.00 %  % || S(l=0) ave= 6.613E-02 +/- 0.73 % S(l=1) ave= 2.797E-03 +/- 15.15 % S(l=2) ave= 2.435E-04 +/- 32.29 % S(l=3) ave= 0.000E+00 +/- 0.00 % 
 ... random file  4 Cap(th)  ave= 1.196E+01 b. +/- 29.97 % || Ela(th) ave= 5.498E+00 b. +/- 15.54 % || RIcap ave= 4.60E+01 b. +/- 11.48 % || Macs30 ave= 3.75E-01 b. +/- 0.02 % || Gn^0(l=0) ave= 6.595E-02 +/- 0.86 % Gn^0(l=1) ave= 1.363E-01 +/- 18.16 % Gn^0(l=2) ave= 1.663E-02 +/- 37.99 % Gn^0(l=3) ave= 0.000E+00 +/- 0.00 % || Gtotal(l=0) ave= 1.056E+00 +/- 6.76 % Gtotal(l=1) ave= 3.830E-01 +/- 18.17 % Gtotal(l=2) ave= 3.782E-01 +/- 13.98 % Gtotal(l=3) ave= 0.000E+00 +/- 0.00 %  % || Gg(l=0) ave= 3.045E-01 +/- 23.67 % Gg(l=1) ave= 3.828E-01 +/- 18.18 % Gg(l=2) ave= 3.782E-01 +/- 13.98 % Gg(l=3) ave= 0.000E+00 +/- 0.00 %  % || D(l=0) ave= 0.000E+00 +/- 0.00 % D(l=1) ave= 3.245E+01 +/- 0.00 % D(l=2) ave= 4.326E+01 +/- 0.00 % D(l=3) ave= 0.000E+00 +/- 0.00 %  % || S(l=0) ave= 6.595E-02 +/- 0.86 % S(l=1) ave= 2.648E-03 +/- 18.20 % S(l=2) ave= 2.207E-04 +/- 37.99 % S(l=3) ave= 0.000E+00 +/- 0.00 % 
 ... random file  5 Cap(th)  ave= 1.190E+01 b. +/- 27.51 % || Ela(th) ave= 5.616E+00 b. +/- 14.67 % || RIcap ave= 4.50E+01 b. +/- 11.62 % || Macs30 ave= 3.75E-01 b. +/- 0.02 % || Gn^0(l=0) ave= 7.442E-02 +/- 25.45 % Gn^0(l=1) ave= 1.155E-01 +/- 44.71 % Gn^0(l=2) ave= 1.663E-02 +/- 37.99 % Gn^0(l=3) ave= 0.000E+00 +/- 0.00 % || Gtotal(l=0) ave= 9.304E-01 +/- 30.94 % Gtotal(l=1) ave= 3.876E-01 +/- 16.61 % Gtotal(l=2) ave= 3.782E-01 +/- 13.98 % Gtotal(l=3) ave= 0.000E+00 +/- 0.00 %  % || Gg(l=0) ave= 3.043E-01 +/- 21.62 % Gg(l=1) ave= 3.874E-01 +/- 16.62 % Gg(l=2) ave= 3.782E-01 +/- 13.98 % Gg(l=3) ave= 0.000E+00 +/- 0.00 %  % || D(l=0) ave= 3.245E+01 +/- 0.00 % D(l=1) ave= 3.425E+01 +/- 11.77 % D(l=2) ave= 4.326E+01 +/- 0.00 % D(l=3) ave= 0.000E+00 +/- 0.00 %  % || S(l=0) ave= 5.533E-02 +/- 42.90 % S(l=1) ave= 2.233E-03 +/- 46.06 % S(l=2) ave= 2.207E-04 +/- 37.99 % S(l=3) ave= 0.000E+00 +/- 0.00 % 
 ... random file  6 Cap(th)  ave= 1.194E+01 b. +/- 25.41 % || Ela(th) ave= 5.574E+00 b. +/- 13.81 % || RIcap ave= 4.40E+01 b. +/- 12.49 % || Macs30 ave= 3.74E-01 b. +/- 0.03 % || Gn^0(l=0) ave= 7.337E-02 +/- 24.15 % Gn^0(l=1) ave= 1.186E-01 +/- 40.82 % Gn^0(l=2) ave= 1.654E-02 +/- 34.91 % Gn^0(l=3) ave= 0.000E+00 +/- 0.00 % || Gtotal(l=0) ave= 9.333E-01 +/- 28.56 % Gtotal(l=1) ave= 3.928E-01 +/- 15.52 % Gtotal(l=2) ave= 3.668E-01 +/- 14.88 % Gtotal(l=3) ave= 0.000E+00 +/- 0.00 %  % || Gg(l=0) ave= 2.874E-01 +/- 25.60 % Gg(l=1) ave= 3.927E-01 +/- 15.53 % Gg(l=2) ave= 3.668E-01 +/- 14.88 % Gg(l=3) ave= 0.000E+00 +/- 0.00 %  % || D(l=0) ave= 3.245E+01 +/- 0.00 % D(l=1) ave= 3.399E+01 +/- 11.13 % D(l=2) ave= 4.326E+01 +/- 0.00 % D(l=3) ave= 0.000E+00 +/- 0.00 %  % || S(l=0) ave= 5.702E-02 +/- 39.22 % S(l=1) ave= 2.293E-03 +/- 42.01 % S(l=2) ave= 2.194E-04 +/- 34.90 % S(l=3) ave= 0.000E+00 +/- 0.00 % 
 ... Histogram plot for thermal (n,g)
 ... Write covariances  ... MT1  ... plot correlations
 ... MT2  ... MT102 


 ================================================
 ============== From 6 random values === start ======
 Thermal (n,tot) xs  0 K =  17.5128 b. +/- 3.63275 b. ( 20.7434 %) skew= +0.67 +/- 0.79
 Thermal (n,el) xs   0 K =  5.57362 b. +/- 0.769846 b. ( 13.8123 %) skew= -0.37 +/- 0.79
 Thermal (n,g) xs    0 K =  11.9392 b. +/- 3.03318 b. ( 25.4053 %) skew= +0.68 +/- 0.79
 RI      (n,g)       0 K =  43.9925 b. +/- 5.493 b. ( 12.4862 %) 
 MACS    (n,g)       0 K (at Emacs= 30000 eV) =  0.374484 b. +/- 9.69323e-05 b. ( 0.0258842 %) 
 Ave. Gtotal  L=0        =  9.333E-01 +/- 28.56 %
 Ave. Gn^(0)  L=0        =  7.337E-02 +/- 24.15 %
 Ave. Gg      L=0        =  2.874E-01 +/- 25.60 %
 Ave. D       L=0        =  3.245E+01 +/- 0.00 %
 Ave. S       L=0        =  5.702E-02 +/- 39.22 %
 Ave. Gtotal  L=1        =  3.928E-01 +/- 15.52 %
 Ave. Gn^(1)  L=1        =  1.186E-01 +/- 40.82 %
 Ave. Gg      L=1        =  3.927E-01 +/- 15.53 %
 Ave. D       L=1        =  3.399E+01 +/- 11.13 %
 Ave. S       L=1        =  2.293E-03 +/- 42.01 %
 Ave. Gtotal  L=2        =  3.668E-01 +/- 14.88 %
 Ave. Gn^(2)  L=2        =  1.654E-02 +/- 34.91 %
 Ave. Gg      L=2        =  3.668E-01 +/- 14.88 %
 Ave. D       L=2        =  4.326E+01 +/- 0.00 %
 Ave. S       L=2        =  2.194E-04 +/- 34.90 %

 Expected Thermal (n,g) (syst or meas)= 10.4435 b. +/- 7.31043 b. nominal: 12.3167 b.
 ratio Calculated/expected thermal (n,g): 1.14 ratio DCalculated/Dexpected: 0.41 ratio Calculated/Nominal: 0.97
 ============== From 6 random values ===== stop ======
 ================================================
 ... Calculation of (n,a) and (n,p) cross sections at 300 K
 ... thermal (n,a) cross section is 0.000277848 +/- 0.000138924 b.
 ... thermal (n,a) cross section is 5.2431e-06 b. (random case 1)
 ... thermal (n,a) cross section is 0.000414459 b. (random case 2)
 ... thermal (n,a) cross section is 0.000609404 b. (random case 3)
 ... thermal (n,a) cross section is 0.00027394 b. (random case 4)
 ... thermal (n,a) cross section is 6.37003e-05 b. (random case 5)
 ... thermal (n,a) cross section is 0.00022538 b. (random case 6)
 ... thermal (n,p) cross section is 0.000277848 +/- 0.000138924 b.
 ... thermal (n,p) cross section is 0.000447183 b. (random case 1)
 ... thermal (n,p) cross section is 0.000216751 b. (random case 2)
 ... thermal (n,p) cross section is 0.000286185 b. (random case 3)
 ... thermal (n,p) cross section is 0.000255936 b. (random case 4)
 ... thermal (n,p) cross section is 0.000146597 b. (random case 5)
 ... thermal (n,p) cross section is 0.000216186 b. (random case 6)
 ... Rewrite index for MF2
 ... Write text for MF1 in file mf1.tares.txt
 ... plotting cross sections for the MF1
 ... order output files


================== summary ==================
 Thermal (n,tot) xs = 18.0201 b. 
 Thermal (n,el)  xs = 5.70288 b. 
 Thermal (n,g)   xs = 12.3167 b. (meas/sys: 10.4435 b.)
 At 300 K (thermal adjustment): (n,el) = 5.73145 b., (n,g) = 12.3233 b.

 RI      (n,g)      = 43.9667 b. (meas or sys: - b.)
 RI      (n,el)     = 86.4834 b.
=============================================


 ... cleaning
                                                 
  -------------------------------------------------------------
  -                                                           -
  - TARES: successful end of run with data from hypothetical  -
  - resonances for  Z= 48, A= 102 and isomer= 0               -
  - half-life: 5.500000 min. 
  -                                                           -
  -------------------------------------------------------------

   Running time:       5 seconds

 End time: Fri Oct  9 13:21:21 2026

