
  -------------------------------------------------------------
  -                                                           -
  -              Welcome to TARES version 1.8                 -
  -                                                           -
  -  (C) Copyright 2007-2025 D. Rochman, All Rights Reserved  -
  -           NRG, Petten, the Netherlands 2007-2014          -
  -           PSI, Villigen    Switzerland 2015-2025          -
  -         Nagra, Wettingen   Switzerland 2025-              -
  -           (Last Modified October 06, 2026)                -
  -           (Database from October 06, 2026)                -
  -                                                           -
  -------------------------------------------------------------


  ---------------------------------------------
   Compilation information:
   Compiled on:         Oct  8 2026, 18:36:06
   Compiled by:         koning
   Compiler version:    clang++ - 21.0.0
   Source location:     /Users/koning/tares-1.8/source/Module/
   Binaries location:   /Users/koning/bin
   System:              Darwin 25.6.0
   System version:      Darwin Kernel Version 25.6.0: Fri Jul 31 19:19:08 PDT 2026; root:xnu-12377.161.14~5/RELEASE_ARM64_T6050  
   Machine:             arm64 
  ---------------------------------------------

   User information:
   User name:           koning
   Running directory:   /Users/koning/tendl/resbase/Tl191/work
   Owner mode for running directory : rwx
   Group mode for running directory : r-x
  ---------------------------------------------


 Starting time: Fri Oct  9 11:06:28 2026
 ... inputs directory found (/Users/koning/tares-1.8/source/Module//../../inputs/).
 ... It will be used for resonance parameters 
 ... ###############################################
 ... #     read the input file tares.inp
 ... ###############################################
 ... line: #
 ... line: # Input file generated by Autorochman
          --> line not read
 ... line: #
 ... line: isotope    Tl
          --> Isotope name: Tl
 ... line: mass       191
          --> isotopic mass: 191
 ... line: output     n-Tl191
         ---> Name of the output files: n-Tl191
 ... line: isomer     0
          --> isomeric state: 0
 ... line: mf32mf33   y
          --> MF33 based on MF32: y
 ... line: nbrRandom  10
          --> Nbr of random files: 10
 ... ###############################################
 ... # end read the input file tares.inp
 ... ###############################################
Value for random generator type not considered in since Tares 1.7 due to compilation issues

 ... ###############################################
     #   Interpretation of the Input definition    #
     ###############################################

 ... Default energy limit: End of resonance region
 ... Nuclear charge    = 81
 ... Element           = Tl
 ... Mass              = 191
 ... Isomer            = 0
 ... Correlation for (Gn,Gg) not included in random files
 ... Default random option: No random
 ... Output name: n-Tl191
 ... Energy for the MACS: 30000 eV
 ... Resonances from CALENDF reduced (reduce=y) 
 ... For URR, level density model from TALYS selected: 91n3n12611.2850 (see manual for description)
 ... Random Generator: default (pseudo random numbers from ansi c++)
 ... Reconstruction of cross section selected
 ... Doppler broadening at 0 Kelvin
 ... URR not included (from the input file flag)
 ... Weight for grouping is flat
 ... Calculation of (n,alpha) cross section selected
 ... Number of digit for MF32c covariance representation: 2
 ... MF32 included
 ... MF33 will be used for covariance processing
 ... TENDL option set to yes (automatic choice of MF2 and format)
 ... Isotope not found in the best file --> use of MLBW formalism
 ... default option: Multi level Breit Wigner approximation selected
 ... (check file best.tendl.yes for changing this option)
 ... Retroactive option set to no with the 2025 option
 ... ladder option set to yes (CALENDF will be used for statistical resonances)

 ... ###############################################
     #           End of Input definition           #
     ###############################################

 ... gnuplot found, will be used for plotting
 ... latex found, will be used for plotting
 ... dvips found, will be used for plotting
 ... ps2epsi not found, limited plotting available
 ... uncertainties on default parameters multiplied by 1.15398
 ... Read resonance data from the 2025 directory
 ... Resonance parameters taken from /Users/koning/tares-1.8/source/Module//../../inputs/2025/Resonance/default/
 ---> Processing Z= 81 and A= 191 and isomer= 0 (level number: 0)
 Exfor path; Could not find /Users/koning/tares-1.8/source/Module//../../inputs/exfor/Tl191/xs/102
Thermal file; Could not open file /Users/koning/tares-1.8/source/Module//../../inputs/2025/runThermal/results//thermal.mxw.ng.cendl3.1
Thermal file; Could not open file /Users/koning/tares-1.8/source/Module//../../inputs/2025/runThermal/results//thermal.mxw.ng.brond3.1
Thermal file; Could not open file /Users/koning/tares-1.8/source/Module//../../inputs/2025/runThermal/results//thermal.xs.ng.unc.cendl3.1
 ... spin taken from the final/ directory (1)

 ... ###############################################
 ... #  Nucleus global parameters (2025 database)  #
 ... ###############################################
 0. Half-life: 20 min. 
 ... Scattering radius from TALYS: /Users/koning/tares-1.8/source/Module//../../inputs/2025/lib.urr/talys.urr/
 1. Spin of the target isotope: 0.5
 2. Relative Atomic Mass of the target isotope: 190.971
 3. Scattering radius (local compilation): 7.63967 fm +/- 0.160433 fm
      .......................................
      ... Thermal capture cross sections: ...
 4. Thermal (n,g) cross section from systematics (TALYS, urr.dat): 119.244 +/- 83.471 b.
 5. Thermal (n,g) cross section from compilation (Firestone-2022 average on element Tl): 3.4 +/- 0.4 b.
 6. Thermal (n,g) cross section from compilation (Firestone-2022 final on element Tl): 3.44 +/- 0.06 b.
 7. Thermal (n,g) cross section from TENDL-2023: 119.2 +/- 27 b.
      .......................................
      ...  Thermal total cross sections:  ...
      .......................................
      ... Thermal elastic cross sections: ...
 8. Thermal (n,el) cross section from potential (4piR^2): 9.60123 +/- 0.480062 b.
      .......................................
             ... Resonance integral: ...
 9. No capture integral found in /Users/koning/tares-1.8/source/Module//../../inputs/capture.integral
 ... no RI(n,g) found in local compilation, take 2018 value.
 ... no RI(n,g) found in local compilation, take Sukhoruchkin value.
   ---- MACS 30 keV ----- 
 10. TALYS MACS 30 keV (HF): 2.46297 b. 
   ---------- S0 -------- 
 11. S0 from TALYS: 1.21516
   ---------- S1 -------- 
 12. S1 from TALYS: 0
   ---------- S2 -------- 
 13. S2 from TALYS: 2.60528
   ---------- D0 -------- 
 14. D0 from TALYS: 0.386424 eV
   ---------- D1 -------- 
 15. D1 from TALYS: 0.175839 eV
   ---------- D2 -------- 
 16. D2 from TALYS: 0.10954 eV
   ---------- G0 -------- 
 17. Gg0 from TALYS: 0.0818733 eV
   ---------- G1 -------- 
 18. Gg1 from TALYS: 0.0816971 eV
   ---------- G2 -------- 
 19. Gg2 from TALYS: 0.0813186 eV


   ---------------------- 
 ... Read resonance parameters (format: 2: Multi Level Breit Wigner)
 ... 0 resonances found 
 ... possibly no resonances in the Resonance directory for this isotope and options
 ... Use HFR (ladder) behavior 
 --> 21. Number of resonances from the input file: 2 up to 0.193212 eV
 22. Read nuclear quantities (mass, MAT...)
 23. Read thermal (n,g) xs 
 24. Read the scattering radius 
 25. Read uncertainty on Gg for 2 resonances
 26. Read uncertainty on Gg for 2 resonances ... done
 ... order resonances 
 ... Upper limit for the RRR: 0.193212 eV (no statistical resonances HFR) from the limit.RRR file
 ... Write parameters for l=0 waves
 ... End writing original MF2 
 ... No RRR in the database: uncertainties on default parameters multiplied by 1.99753
 ... Enter in urr function (ladder option set to y) for file n-Tl191
 ... read the file /Users/koning/tares-1.8/source/Module//../../inputs/2025/list.jcs.urr to find URR origin
 Default URR taken from TALYS calculations with level density model: 91n3n12611.2850
 File considered for the URR: /Users/koning/tares-1.8/source/Module//../../inputs/2025/lib.urr/talys.urr/91n3n12611.2850/Tl/urr/urr.dat.Tl.191.000.0.gz
 ... Write URR using TALYS average parameters (used for HFR)
 ... Limit of URR changed to 25 keV (recommendation from WPEC and JEFF)
 ... Extract the Sn value from file ./urr.dat.Tl.191.0.0
 ... found Sn= 7.66061 MeV
 ... estimated number of resonances up to 3408.03 eV: 8819.38 resonances, too high ?
 ... estimated number of resonances up to 1704.01 eV: 4409.69 resonances, too high ?
 ... estimated number of resonances up to 852.006 eV: 2204.85 resonances, too high ?
 ... estimated number of resonances up to 426.003 eV: 1102.42 resonances, too high ?
 ... estimated number of resonances up to 213.002 eV:  551.212 resonances
 ... This is a test here. The higher energy limit to include URR data for calendf is set to max Sn. 24/03/2016
 ... Use Sn to define the maximum energy for the URR: Sn= 7.66061 MeV --> last_energyURR= 213.002 eV
 ... read D0, S0, Gn and Gg
 ... number of URR energies: 1104
 Number of l: 1104 and last energy: 8
 Last  URR energy: 213.002 eV
 ... Enter in to_MLBW_mf2 function
 ... Convert to Multi Level Breit Wigner (MLBW)
 ... Write parameter covariances (MF32) for l=0
 ... Convert parameter covariances (MF32) to MLBW
 ... copy the mf2 and mf32 to .mlbw files
 ... Enter in urr_correct function case 1
 Modify the higher limit of RRR in MF2
 --> old value: 1.941780-1 eV new value: 1.000000-2 eV
 Modify resonance covariances (MF32) to include correlations in the URR
 End Modify resonance covariances (MF32) to include correlations in the URR
 ... Enter in calendf_xs function
 Use CALENDF for statistical resonances (update MF2) up to 2.130020+2 eV (initial limit)
 Extract resonances from CALENDF for RRR->URR 2
 1928 statistical resonances found
 After reduction, 1610 statistical resonances found
 ... checking resonance order 1
 ... checking resonance order 2nd round for 1607 resonances
 ... end checking resonance order 2nd round
 .......................................................
 ... Adjustment to the thermal cross section : start ...
 .......................................................

 Before adjustment (adjustment to the thermal cross section set to y)
 ... Import MF2 from TARES calculations
 ... End energy of TARES MF2 : 2.125295E+2 eV and limit to 40000 resonances
 ... File used for reconstruction: new.temp22.reconst
 ... run RECENT ...
 ... Doppler broadened at a unique temperature: 300 Kelvin using sigma1
 ... run SIGMA1 at 3.000000E+02 K.

 ============== INTER values at 300 Kelvin ==============
 Thermal (n,g) xs =  1233.17 b. (meas/sys: 119.244 b.) (warning: comparison to be done at 296 or 300 K)
 Th Maxw (n,g) xs =  1305.1 b. (thermal Maxwellian value)
 Westcott factor  =  1.05835
 RI      (n,g)    =  1463.86 b. (meas or sys: - b.)
 MACS 3.000e+04 eV=  2.438 b. (meas or sys: - b.) from 1.00E+00 to 2.00E+07 eV (end of RRR) at T= 300 Kelvin 
 Thermal (n,el) xs=  5.89809 b.
 RI      (n,el)   =  53.3867 b.
 ============= PSYCHE values ==============
 Ave. G_total L0  =  0.0824121 eV
 Ave. G_total L1  =  0.0808669 eV
 Ave. G_total L2  =  0.0808803 eV
 Ave. Gn_0    L0  =  9.6265e-05
 Ave. Gn_0    L1  =  3.44701e-05
 Ave. Gn_0    L2  =  0.000614898
 Ave. Gg      L0  =  0.0814745 eV
 Ave. Gg      L1  =  0.0808669 eV
 Ave. Gg      L2  =  0.0808803 eV
 Ave. D       L0  =  0.344456 eV
 Ave. D       L1  =  0.236144 eV
 Ave. D       L2  =  2.79644 eV
 Ave. S       L0  =  0.000135101 eV
 Ave. S       L1  =  3.6122e-05 eV
 Ave. S       L2  =  4.05782e-05 eV
 =========================================
 Calculated capture integral   1463.86 b.
 Calculated thermal (n,g)=          1233.16768 b. and recommended= 119.244 b. (C/E= 10.3415)
 Calculated RI      (n,g)= 1463.86 b. (no reference value)
 ... tolerances: thermal (n,g) 20 % (reference uncertainties, minimum 2% and 5%, maximum 20%)
 Adjust the capture widths ...
 ... capture adjusted with Gn for 1607 resonances (Gn<Gg) and with Gg for 0 resonances
 ... iteration 0: C/E thermal (n,g)= 10.3415

 <-------- After adjustment -------->
 ... Import MF2 from TARES calculations
 ... End energy of TARES MF2 : 2.125295E+2 eV and limit to 40000 resonances
 ... File used for reconstruction: new.temp22.reconst
 ... run RECENT ...
 ... Doppler broadened at a unique temperature: 300 Kelvin using sigma1
 ... run SIGMA1 at 3.000000E+02 K.

 ============== INTER values at 300 Kelvin ==============
 Thermal (n,g) xs =  140.712 b. (meas/sys: 119.244 b.) (warning: comparison to be done at 296 or 300 K)
 Th Maxw (n,g) xs =  148.92 b. (thermal Maxwellian value)
 Westcott factor  =  1.05835
 RI      (n,g)    =  225.356 b. (meas or sys: - b.)
 MACS 3.000e+04 eV=  2.4368 b. (meas or sys: - b.) from 1.00E+00 to 2.00E+07 eV (end of RRR) at T= 300 Kelvin 
 Thermal (n,el) xs=  7.17655 b.
 RI      (n,el)   =  42.9059 b.
 ============= PSYCHE values ==============
 Ave. G_total L0  =  0.0815818 eV
 Ave. G_total L1  =  0.0808669 eV
 Ave. G_total L2  =  0.0808803 eV
 Ave. Gn_0    L0  =  1.09841e-05
 Ave. Gn_0    L1  =  3.93314e-06
 Ave. Gn_0    L2  =  7.01616e-05
 Ave. Gg      L0  =  0.0814745 eV
 Ave. Gg      L1  =  0.0808669 eV
 Ave. Gg      L2  =  0.0808803 eV
 Ave. D       L0  =  0.344456 eV
 Ave. D       L1  =  0.236144 eV
 Ave. D       L2  =  2.79644 eV
 Ave. S       L0  =  1.54155e-05 eV
 Ave. S       L1  =  4.12163e-06 eV
 Ave. S       L2  =  4.63009e-06 eV
 =========================================
 ... iteration 1: C/E thermal (n,g)= 1.18004


 ... ratio C/E thermal (n,g): 1.180035E+00
 ...................................................... 
 ... Adjustment to the thermal cross section : stop ...
 ...................................................... 
 ... new MF2 file after adjustment: n-Tl191
 ... read the file /Users/koning/tares-1.8/source/Module//../../inputs/2025/list.jcs.urr to find URR origin
 Default URR taken from TALYS calculations with level density model: 91n3n12611.2850
 File considered for the URR: /Users/koning/tares-1.8/source/Module//../../inputs/2025/lib.urr/talys.urr/91n3n12611.2850/Tl/urr/urr.dat.Tl.191.000.0.gz
 ... Write URR using TALYS average parameters (not used for HFR)
 ... Limit of URR changed to 25 keV (recommendation from WPEC and JEFF)
 Energy limit of the URR set to 276.288 eV
 ... read D0, S0, Gn and Gg
 ... number of URR energies: 24
 Number of l: 24 and last energy: 8
 Last  URR energy: 276.288 eV
 ... Enter in urr_correct function case 2
 Modify the higher limit of RRR in MF2
 --> old value: 2.125295+2 eV new value: 2.125295+2 eV
 Modify resonance covariances (MF32) to include correlations in the URR
 End Modify resonance covariances (MF32) to include correlations in the URR
 ... Enter in update_MF32 function
 ... Change uncertainties
 ... for the HFR, random position of the positive resonances with 0.020000 %
 ... end of update MF32 function
 ... GLS calculation of the parameter correlations from the thermal/RI adjustment (MF32c)
 ... MF32: correlations from the thermal/RI adjustment (GLS) for 6 resonances (7 widths), 1 correlation lines
 ...   thermal (n,g): uncertainty from these widths 40.4461 b. -> 36.3982 b. (reference: 119.244 +/- 83.471 b.)
 ... copy the mf2 and mf32 to .mlbw files

 ... Start of final reconstruction and testing ...
 ... Reconstruction of cross sections at 0 Kelvin  ... Import MF2 from TARES calculations
 ... End energy of TARES MF2 : 2.125295E+2 eV and limit to 40000 resonances
 ... File used for reconstruction: n-Tl191.reconst
 ... run RECENT ...
 ... Doppler broadened at a unique temperature: 0 Kelvin using sigma1
 ... The keyword temperature is zero, no Doppler broadening for the MACS

 ============== INTER values at 0 Kelvin ==============
 Thermal (n,g) xs =  140.621 b. (meas/sys: 119.244 b.) (warning: comparison to be done at 296 or 300 K)
 Th Maxw (n,g) xs =  147.94 b. (thermal Maxwellian value)
 Westcott factor  =  1.05203
 RI      (n,g)    =  224.902 b. (meas or sys: - b.)
 MACS 3.000e+04 eV=  2.4221 b. (meas or sys: - b.) from 1.00E+00 to 2.13E+02 eV (end of RRR) at T= 0 Kelvin 
 Thermal (n,el) xs=  7.15798 b.
 RI      (n,el)   =  42.8639 b.
 ============= PSYCHE values ==============
 Ave. G_total L0  =  0.0815818 eV
 Ave. G_total L1  =  0.0808669 eV
 Ave. G_total L2  =  0.0808803 eV
 Ave. Gn_0    L0  =  1.09841e-05
 Ave. Gn_0    L1  =  3.93314e-06
 Ave. Gn_0    L2  =  7.01616e-05
 Ave. Gg      L0  =  0.0814745 eV
 Ave. Gg      L1  =  0.0808669 eV
 Ave. Gg      L2  =  0.0808803 eV
 Ave. D       L0  =  0.344456 eV
 Ave. D       L1  =  0.236144 eV
 Ave. D       L2  =  2.79644 eV
 Ave. S       L0  =  1.54155e-05 eV
 Ave. S       L1  =  4.12163e-06 eV
 Ave. S       L2  =  4.63009e-06 eV
 =========================================
 ... End of final reconstruction and testing ...

 ... grouping is not optimum, change to 70 groups
 ... Produce MF33 based on MF32 and 10 random files
 ... MF3 of n-Tl191.reconst (3 sections) added to the files for ENDSAM
 ... run endsam for 10 in groups of 1 global run
 ... run endsam from 1 to 10
 ... random files: total width GT set to Gn+Gg+Gf (16070 resonances in 10 files)
 ... reorder resonance position after endsam (sampling)
 ... preparing the vectors  ... done
 ... nominal file 0 Cap(th)  ave= 1.406E+02 b. +/- 0.00 % || Ela(th) ave= 7.158E+00 b. +/- 0.00 % || RIcap ave= 2.25E+02 b. +/- 0.00 % || Macs30 ave= 2.42E+00 b. +/- 0.00 % || Gn^0(l=0) ave= 1.098E-05 +/- 0.00 % Gn^0(l=1) ave= 3.933E-06 +/- 0.00 % Gn^0(l=2) ave= 7.016E-05 +/- 0.00 % Gn^0(l=3) ave= 0.000E+00 +/- 0.00 % || Gtotal(l=0) ave= 8.158E-02 +/- 0.00 % Gtotal(l=1) ave= 8.087E-02 +/- 0.00 % Gtotal(l=2) ave= 8.088E-02 +/- 0.00 % Gtotal(l=3) ave= 0.000E+00 +/- 0.00 %  % || Gg(l=0) ave= 8.147E-02 +/- 0.00 % Gg(l=1) ave= 8.087E-02 +/- 0.00 % Gg(l=2) ave= 8.088E-02 +/- 0.00 % Gg(l=3) ave= 0.000E+00 +/- 0.00 %  % || D(l=0) ave= 3.445E-01 +/- 0.00 % D(l=1) ave= 2.361E-01 +/- 0.00 % D(l=2) ave= 2.796E+00 +/- 0.00 % D(l=3) ave= 0.000E+00 +/- 0.00 %  % || S(l=0) ave= 1.542E-05 +/- 0.00 % S(l=1) ave= 4.122E-06 +/- 0.00 % S(l=2) ave= 4.630E-06 +/- 0.00 % S(l=3) ave= 0.000E+00 +/- 0.00 % 
 ... random file  1 Cap(th)  ave= 1.331E+02 b. +/- 5.67 % || Ela(th) ave= 7.292E+00 b. +/- 1.84 % || RIcap ave= 2.24E+02 b. +/- 0.36 % || Macs30 ave= 2.42E+00 b. +/- 0.00 % || Gn^0(l=0) ave= 1.100E-05 +/- 0.12 % Gn^0(l=1) ave= 3.864E-06 +/- 1.79 % Gn^0(l=2) ave= 6.774E-05 +/- 3.58 % Gn^0(l=3) ave= 0.000E+00 +/- 0.00 % || Gtotal(l=0) ave= 8.194E-02 +/- 0.44 % Gtotal(l=1) ave= 8.107E-02 +/- 0.25 % Gtotal(l=2) ave= 8.145E-02 +/- 0.70 % Gtotal(l=3) ave= 0.000E+00 +/- 0.00 %  % || Gg(l=0) ave= 8.183E-02 +/- 0.44 % Gg(l=1) ave= 8.107E-02 +/- 0.25 % Gg(l=2) ave= 8.145E-02 +/- 0.70 % Gg(l=3) ave= 0.000E+00 +/- 0.00 %  % || D(l=0) ave= 3.447E-01 +/- 0.08 % D(l=1) ave= 2.361E-01 +/- 0.00 % D(l=2) ave= 2.796E+00 +/- 0.00 % D(l=3) ave= 0.000E+00 +/- 0.00 %  % || S(l=0) ave= 1.542E-05 +/- 0.01 % S(l=1) ave= 4.049E-06 +/- 1.79 % S(l=2) ave= 4.470E-06 +/- 3.58 % S(l=3) ave= 0.000E+00 +/- 0.00 % 
 ... random file  2 Cap(th)  ave= 1.427E+02 b. +/- 10.45 % || Ela(th) ave= 6.882E+00 b. +/- 8.58 % || RIcap ave= 2.25E+02 b. +/- 0.47 % || Macs30 ave= 2.42E+00 b. +/- 0.00 % || Gn^0(l=0) ave= 1.100E-05 +/- 0.10 % Gn^0(l=1) ave= 4.121E-06 +/- 8.91 % Gn^0(l=2) ave= 7.763E-05 +/- 18.19 % Gn^0(l=3) ave= 0.000E+00 +/- 0.00 % || Gtotal(l=0) ave= 8.179E-02 +/- 0.44 % Gtotal(l=1) ave= 8.106E-02 +/- 0.20 % Gtotal(l=2) ave= 8.141E-02 +/- 0.58 % Gtotal(l=3) ave= 0.000E+00 +/- 0.00 %  % || Gg(l=0) ave= 8.168E-02 +/- 0.44 % Gg(l=1) ave= 8.106E-02 +/- 0.20 % Gg(l=2) ave= 8.141E-02 +/- 0.58 % Gg(l=3) ave= 0.000E+00 +/- 0.00 %  % || D(l=0) ave= 3.448E-01 +/- 0.08 % D(l=1) ave= 2.361E-01 +/- 0.00 % D(l=2) ave= 2.796E+00 +/- 0.00 % D(l=3) ave= 0.000E+00 +/- 0.00 %  % || S(l=0) ave= 1.541E-05 +/- 0.06 % S(l=1) ave= 4.318E-06 +/- 8.91 % S(l=2) ave= 5.123E-06 +/- 18.19 % S(l=3) ave= 0.000E+00 +/- 0.00 % 
 ... random file  3 Cap(th)  ave= 1.396E+02 b. +/- 10.00 % || Ela(th) ave= 6.705E+00 b. +/- 8.89 % || RIcap ave= 2.24E+02 b. +/- 0.45 % || Macs30 ave= 2.42E+00 b. +/- 0.00 % || Gn^0(l=0) ave= 1.100E-05 +/- 0.10 % Gn^0(l=1) ave= 4.228E-06 +/- 8.71 % Gn^0(l=2) ave= 8.168E-05 +/- 17.27 % Gn^0(l=3) ave= 0.000E+00 +/- 0.00 % || Gtotal(l=0) ave= 8.200E-02 +/- 0.58 % Gtotal(l=1) ave= 8.093E-02 +/- 0.33 % Gtotal(l=2) ave= 7.899E-02 +/- 5.32 % Gtotal(l=3) ave= 0.000E+00 +/- 0.00 %  % || Gg(l=0) ave= 8.190E-02 +/- 0.58 % Gg(l=1) ave= 8.093E-02 +/- 0.33 % Gg(l=2) ave= 7.899E-02 +/- 5.32 % Gg(l=3) ave= 0.000E+00 +/- 0.00 %  % || D(l=0) ave= 3.449E-01 +/- 0.07 % D(l=1) ave= 2.361E-01 +/- 0.00 % D(l=2) ave= 2.796E+00 +/- 0.00 % D(l=3) ave= 0.000E+00 +/- 0.00 %  % || S(l=0) ave= 1.541E-05 +/- 0.06 % S(l=1) ave= 4.430E-06 +/- 8.71 % S(l=2) ave= 5.390E-06 +/- 17.27 % S(l=3) ave= 0.000E+00 +/- 0.00 % 
 ... random file  4 Cap(th)  ave= 1.389E+02 b. +/- 9.06 % || Ela(th) ave= 6.804E+00 b. +/- 8.36 % || RIcap ave= 2.24E+02 b. +/- 0.40 % || Macs30 ave= 2.42E+00 b. +/- 0.00 % || Gn^0(l=0) ave= 1.100E-05 +/- 0.12 % Gn^0(l=1) ave= 4.164E-06 +/- 8.47 % Gn^0(l=2) ave= 7.922E-05 +/- 17.10 % Gn^0(l=3) ave= 0.000E+00 +/- 0.00 % || Gtotal(l=0) ave= 8.246E-02 +/- 1.22 % Gtotal(l=1) ave= 8.125E-02 +/- 0.85 % Gtotal(l=2) ave= 7.891E-02 +/- 4.76 % Gtotal(l=3) ave= 0.000E+00 +/- 0.00 %  % || Gg(l=0) ave= 8.235E-02 +/- 1.23 % Gg(l=1) ave= 8.125E-02 +/- 0.85 % Gg(l=2) ave= 7.891E-02 +/- 4.76 % Gg(l=3) ave= 0.000E+00 +/- 0.00 %  % || D(l=0) ave= 3.448E-01 +/- 0.08 % D(l=1) ave= 2.361E-01 +/- 0.00 % D(l=2) ave= 2.796E+00 +/- 0.00 % D(l=3) ave= 0.000E+00 +/- 0.00 %  % || S(l=0) ave= 1.542E-05 +/- 0.06 % S(l=1) ave= 4.364E-06 +/- 8.47 % S(l=2) ave= 5.228E-06 +/- 17.10 % S(l=3) ave= 0.000E+00 +/- 0.00 % 
 ... random file  5 Cap(th)  ave= 1.494E+02 b. +/- 17.48 % || Ela(th) ave= 6.513E+00 b. +/- 12.78 % || RIcap ave= 2.25E+02 b. +/- 0.51 % || Macs30 ave= 2.42E+00 b. +/- 0.00 % || Gn^0(l=0) ave= 1.099E-05 +/- 0.12 % Gn^0(l=1) ave= 4.394E-06 +/- 13.78 % Gn^0(l=2) ave= 8.922E-05 +/- 28.64 % Gn^0(l=3) ave= 0.000E+00 +/- 0.00 % || Gtotal(l=0) ave= 8.224E-02 +/- 1.26 % Gtotal(l=1) ave= 8.105E-02 +/- 0.96 % Gtotal(l=2) ave= 7.967E-02 +/- 4.81 % Gtotal(l=3) ave= 0.000E+00 +/- 0.00 %  % || Gg(l=0) ave= 8.214E-02 +/- 1.26 % Gg(l=1) ave= 8.105E-02 +/- 0.96 % Gg(l=2) ave= 7.967E-02 +/- 4.81 % Gg(l=3) ave= 0.000E+00 +/- 0.00 %  % || D(l=0) ave= 3.447E-01 +/- 0.08 % D(l=1) ave= 2.361E-01 +/- 0.00 % D(l=2) ave= 2.796E+00 +/- 0.00 % D(l=3) ave= 0.000E+00 +/- 0.00 %  % || S(l=0) ave= 1.542E-05 +/- 0.06 % S(l=1) ave= 4.604E-06 +/- 13.78 % S(l=2) ave= 5.888E-06 +/- 28.64 % S(l=3) ave= 0.000E+00 +/- 0.00 % 
 ... random file  6 Cap(th)  ave= 1.463E+02 b. +/- 17.32 % || Ela(th) ave= 6.590E+00 b. +/- 12.04 % || RIcap ave= 2.25E+02 b. +/- 0.48 % || Macs30 ave= 2.42E+00 b. +/- 0.00 % || Gn^0(l=0) ave= 1.100E-05 +/- 0.11 % Gn^0(l=1) ave= 4.336E-06 +/- 13.33 % Gn^0(l=2) ave= 8.680E-05 +/- 28.10 % Gn^0(l=3) ave= 0.000E+00 +/- 0.00 % || Gtotal(l=0) ave= 8.170E-02 +/- 2.01 % Gtotal(l=1) ave= 8.063E-02 +/- 1.56 % Gtotal(l=2) ave= 7.999E-02 +/- 4.54 % Gtotal(l=3) ave= 0.000E+00 +/- 0.00 %  % || Gg(l=0) ave= 8.160E-02 +/- 2.01 % Gg(l=1) ave= 8.063E-02 +/- 1.56 % Gg(l=2) ave= 7.999E-02 +/- 4.54 % Gg(l=3) ave= 0.000E+00 +/- 0.00 %  % || D(l=0) ave= 3.448E-01 +/- 0.08 % D(l=1) ave= 2.361E-01 +/- 0.00 % D(l=2) ave= 2.796E+00 +/- 0.00 % D(l=3) ave= 0.000E+00 +/- 0.00 %  % || S(l=0) ave= 1.542E-05 +/- 0.05 % S(l=1) ave= 4.544E-06 +/- 13.33 % S(l=2) ave= 5.728E-06 +/- 28.10 % S(l=3) ave= 0.000E+00 +/- 0.00 % 
 ... random file  7 Cap(th)  ave= 1.396E+02 b. +/- 21.18 % || Ela(th) ave= 6.724E+00 b. +/- 12.23 % || RIcap ave= 2.25E+02 b. +/- 0.53 % || Macs30 ave= 2.42E+00 b. +/- 0.00 % || Gn^0(l=0) ave= 1.099E-05 +/- 0.11 % Gn^0(l=1) ave= 4.254E-06 +/- 13.70 % Gn^0(l=2) ave= 8.362E-05 +/- 29.08 % Gn^0(l=3) ave= 0.000E+00 +/- 0.00 % || Gtotal(l=0) ave= 8.162E-02 +/- 1.90 % Gtotal(l=1) ave= 8.066E-02 +/- 1.46 % Gtotal(l=2) ave= 7.986E-02 +/- 4.28 % Gtotal(l=3) ave= 0.000E+00 +/- 0.00 %  % || Gg(l=0) ave= 8.151E-02 +/- 1.90 % Gg(l=1) ave= 8.066E-02 +/- 1.46 % Gg(l=2) ave= 7.986E-02 +/- 4.28 % Gg(l=3) ave= 0.000E+00 +/- 0.00 %  % || D(l=0) ave= 3.447E-01 +/- 0.08 % D(l=1) ave= 2.361E-01 +/- 0.00 % D(l=2) ave= 2.796E+00 +/- 0.00 % D(l=3) ave= 0.000E+00 +/- 0.00 %  % || S(l=0) ave= 1.542E-05 +/- 0.05 % S(l=1) ave= 4.458E-06 +/- 13.70 % S(l=2) ave= 5.518E-06 +/- 29.08 % S(l=3) ave= 0.000E+00 +/- 0.00 % 
 ... random file  8 Cap(th)  ave= 1.354E+02 b. +/- 22.39 % || Ela(th) ave= 6.631E+00 b. +/- 12.35 % || RIcap ave= 2.25E+02 b. +/- 0.51 % || Macs30 ave= 2.42E+00 b. +/- 0.00 % || Gn^0(l=0) ave= 1.099E-05 +/- 0.10 % Gn^0(l=1) ave= 4.311E-06 +/- 13.29 % Gn^0(l=2) ave= 8.579E-05 +/- 27.67 % Gn^0(l=3) ave= 0.000E+00 +/- 0.00 % || Gtotal(l=0) ave= 8.188E-02 +/- 2.00 % Gtotal(l=1) ave= 8.092E-02 +/- 1.64 % Gtotal(l=2) ave= 8.063E-02 +/- 4.81 % Gtotal(l=3) ave= 0.000E+00 +/- 0.00 %  % || Gg(l=0) ave= 8.177E-02 +/- 2.00 % Gg(l=1) ave= 8.092E-02 +/- 1.64 % Gg(l=2) ave= 8.063E-02 +/- 4.81 % Gg(l=3) ave= 0.000E+00 +/- 0.00 %  % || D(l=0) ave= 3.447E-01 +/- 0.08 % D(l=1) ave= 2.361E-01 +/- 0.00 % D(l=2) ave= 2.796E+00 +/- 0.00 % D(l=3) ave= 0.000E+00 +/- 0.00 %  % || S(l=0) ave= 1.542E-05 +/- 0.05 % S(l=1) ave= 4.518E-06 +/- 13.29 % S(l=2) ave= 5.662E-06 +/- 27.67 % S(l=3) ave= 0.000E+00 +/- 0.00 % 
 ... random file  9 Cap(th)  ave= 1.308E+02 b. +/- 24.39 % || Ela(th) ave= 6.780E+00 b. +/- 13.22 % || RIcap ave= 2.24E+02 b. +/- 0.53 % || Macs30 ave= 2.42E+00 b. +/- 0.00 % || Gn^0(l=0) ave= 1.100E-05 +/- 0.12 % Gn^0(l=1) ave= 4.228E-06 +/- 14.17 % Gn^0(l=2) ave= 8.269E-05 +/- 29.48 % Gn^0(l=3) ave= 0.000E+00 +/- 0.00 % || Gtotal(l=0) ave= 8.178E-02 +/- 1.93 % Gtotal(l=1) ave= 8.083E-02 +/- 1.60 % Gtotal(l=2) ave= 8.190E-02 +/- 6.48 % Gtotal(l=3) ave= 0.000E+00 +/- 0.00 %  % || Gg(l=0) ave= 8.167E-02 +/- 1.94 % Gg(l=1) ave= 8.083E-02 +/- 1.60 % Gg(l=2) ave= 8.190E-02 +/- 6.48 % Gg(l=3) ave= 0.000E+00 +/- 0.00 %  % || D(l=0) ave= 3.447E-01 +/- 0.08 % D(l=1) ave= 2.361E-01 +/- 0.00 % D(l=2) ave= 2.796E+00 +/- 0.00 % D(l=3) ave= 0.000E+00 +/- 0.00 %  % || S(l=0) ave= 1.542E-05 +/- 0.06 % S(l=1) ave= 4.430E-06 +/- 14.17 % S(l=2) ave= 5.457E-06 +/- 29.48 % S(l=3) ave= 0.000E+00 +/- 0.00 % 
 ... random file  10 Cap(th)  ave= 1.332E+02 b. +/- 23.55 % || Ela(th) ave= 6.885E+00 b. +/- 13.32 % || RIcap ave= 2.24E+02 b. +/- 0.51 % || Macs30 ave= 2.42E+00 b. +/- 0.00 % || Gn^0(l=0) ave= 1.100E-05 +/- 0.12 % Gn^0(l=1) ave= 4.166E-06 +/- 14.48 % Gn^0(l=2) ave= 8.037E-05 +/- 30.32 % Gn^0(l=3) ave= 0.000E+00 +/- 0.00 % || Gtotal(l=0) ave= 8.183E-02 +/- 1.86 % Gtotal(l=1) ave= 8.055E-02 +/- 1.87 % Gtotal(l=2) ave= 8.120E-02 +/- 6.81 % Gtotal(l=3) ave= 0.000E+00 +/- 0.00 %  % || Gg(l=0) ave= 8.172E-02 +/- 1.86 % Gg(l=1) ave= 8.055E-02 +/- 1.87 % Gg(l=2) ave= 8.120E-02 +/- 6.81 % Gg(l=3) ave= 0.000E+00 +/- 0.00 %  % || D(l=0) ave= 3.448E-01 +/- 0.08 % D(l=1) ave= 2.361E-01 +/- 0.00 % D(l=2) ave= 2.796E+00 +/- 0.00 % D(l=3) ave= 0.000E+00 +/- 0.00 %  % || S(l=0) ave= 1.542E-05 +/- 0.06 % S(l=1) ave= 4.366E-06 +/- 14.48 % S(l=2) ave= 5.304E-06 +/- 30.32 % S(l=3) ave= 0.000E+00 +/- 0.00 % 
 ... Histogram plot for thermal (n,g)
 ... Write covariances  ... MT1  ... plot correlations
 ... MT2  ... MT102 


 ================================================
 ============== From 10 random values === start ======
 Thermal (n,tot) xs  0 K =  140.113 b. +/- 30.8641 b. ( 22.028 %) skew= +0.50 +/- 0.66
 Thermal (n,el) xs   0 K =  6.88543 b. +/- 0.917104 b. ( 13.3195 %) skew= -0.50 +/- 0.66
 Thermal (n,g) xs    0 K =  133.228 b. +/- 31.3693 b. ( 23.5455 %) skew= +0.53 +/- 0.66
 RI      (n,g)       0 K =  224.465 b. +/- 1.14036 b. ( 0.508036 %) 
 MACS    (n,g)       0 K (at Emacs= 30000 eV) =  2.4221 b. +/- 0 b. ( 0 %) 
 Ave. Gtotal  L=0        =  8.183E-02 +/- 1.86 %
 Ave. Gn^(0)  L=0        =  1.100E-05 +/- 0.12 %
 Ave. Gg      L=0        =  8.172E-02 +/- 1.86 %
 Ave. D       L=0        =  3.448E-01 +/- 0.08 %
 Ave. S       L=0        =  1.542E-05 +/- 0.06 %
 Ave. Gtotal  L=1        =  8.055E-02 +/- 1.87 %
 Ave. Gn^(1)  L=1        =  4.166E-06 +/- 14.48 %
 Ave. Gg      L=1        =  8.055E-02 +/- 1.87 %
 Ave. D       L=1        =  2.361E-01 +/- 0.00 %
 Ave. S       L=1        =  4.366E-06 +/- 14.48 %
 Ave. Gtotal  L=2        =  8.120E-02 +/- 6.81 %
 Ave. Gn^(2)  L=2        =  8.037E-05 +/- 30.32 %
 Ave. Gg      L=2        =  8.120E-02 +/- 6.81 %
 Ave. D       L=2        =  2.796E+00 +/- 0.00 %
 Ave. S       L=2        =  5.304E-06 +/- 30.32 %

 Expected Thermal (n,g) (syst or meas)= 119.244 b. +/- 83.471 b. nominal: 140.621 b.
 ratio Calculated/expected thermal (n,g): 1.12 ratio DCalculated/Dexpected: 0.38 ratio Calculated/Nominal: 0.95
 ============== From 10 random values ===== stop ======
 ================================================
 ... Calculation of (n,a) and (n,p) cross sections at 300 K
 ... thermal (n,a) cross section is 2.59455e-10 +/- 1.29728e-10 b.
 ... thermal (n,a) cross section is 1.39939e-10 b. (random case 1)
 ... thermal (n,a) cross section is 3.80507e-10 b. (random case 2)
 ... thermal (n,a) cross section is 6.76421e-11 b. (random case 3)
 ... thermal (n,a) cross section is 2.65943e-10 b. (random case 4)
 ... thermal (n,a) cross section is 3.01602e-10 b. (random case 5)
 ... thermal (n,a) cross section is 3.22709e-10 b. (random case 6)
 ... thermal (n,a) cross section is 2.67938e-10 b. (random case 7)
 ... thermal (n,a) cross section is 2.98067e-10 b. (random case 8)
 ... thermal (n,a) cross section is 1.75932e-10 b. (random case 9)
 ... thermal (n,a) cross section is 3.31335e-10 b. (random case 10)
 ... thermal (n,p) cross section is 2.59455e-10 +/- 1.29728e-10 b.
 ... thermal (n,p) cross section is 3.18668e-10 b. (random case 1)
 ... thermal (n,p) cross section is 2.36353e-10 b. (random case 2)
 ... thermal (n,p) cross section is 4.24469e-10 b. (random case 3)
 ... thermal (n,p) cross section is 2.38962e-10 b. (random case 4)
 ... thermal (n,p) cross section is 1.47101e-10 b. (random case 5)
 ... thermal (n,p) cross section is 1.4123e-10 b. (random case 6)
 ... thermal (n,p) cross section is 3.82433e-10 b. (random case 7)
 ... thermal (n,p) cross section is 1.30416e-10 b. (random case 8)
 ... thermal (n,p) cross section is 3.10689e-10 b. (random case 9)
 ... thermal (n,p) cross section is 1.95255e-10 b. (random case 10)
 ... Rewrite index for MF2
 ... Write text for MF1 in file mf1.tares.txt
 ... plotting cross sections for the MF1
 ... order output files


================== summary ==================
 Thermal (n,tot) xs = 147.779 b. 
 Thermal (n,el)  xs = 7.15798 b. 
 Thermal (n,g)   xs = 140.621 b. (meas/sys: 119.244 b.)
 At 300 K (thermal adjustment): (n,el) = 7.17655 b., (n,g) = 140.712 b.

 RI      (n,g)      = 224.902 b. (meas or sys: - b.)
 RI      (n,el)     = 42.8639 b.
=============================================


 ... cleaning
                                                 
  -------------------------------------------------------------
  -                                                           -
  - TARES: successful end of run with data from hypothetical  -
  - resonances for  Z= 81, A= 191 and isomer= 0               -
  - half-life: 20.000000 min. 
  -                                                           -
  -------------------------------------------------------------

   Running time:       254 seconds

 End time: Fri Oct  9 11:10:42 2026

