
  -------------------------------------------------------------
  -                                                           -
  -              Welcome to TARES version 1.8                 -
  -                                                           -
  -  (C) Copyright 2007-2025 D. Rochman, All Rights Reserved  -
  -           NRG, Petten, the Netherlands 2007-2014          -
  -           PSI, Villigen    Switzerland 2015-2025          -
  -         Nagra, Wettingen   Switzerland 2025-              -
  -           (Last Modified October 06, 2026)                -
  -           (Database from October 06, 2026)                -
  -                                                           -
  -------------------------------------------------------------


  ---------------------------------------------
   Compilation information:
   Compiled on:         Oct  8 2026, 18:36:06
   Compiled by:         koning
   Compiler version:    clang++ - 21.0.0
   Source location:     /Users/koning/tares-1.8/source/Module/
   Binaries location:   /Users/koning/bin
   System:              Darwin 25.6.0
   System version:      Darwin Kernel Version 25.6.0: Fri Jul 31 19:19:08 PDT 2026; root:xnu-12377.161.14~5/RELEASE_ARM64_T6050  
   Machine:             arm64 
  ---------------------------------------------

   User information:
   User name:           koning
   Running directory:   /Users/koning/tendl/resbase/Fm250m/work
   Owner mode for running directory : rwx
   Group mode for running directory : r-x
  ---------------------------------------------


 Starting time: Fri Oct  9 13:47:51 2026
 ... inputs directory found (/Users/koning/tares-1.8/source/Module//../../inputs/).
 ... It will be used for resonance parameters 
 ... ###############################################
 ... #     read the input file tares.inp
 ... ###############################################
 ... line: #
 ... line: # Input file generated by Autorochman
          --> line not read
 ... line: #
 ... line: isotope    Fm
          --> Isotope name: Fm
 ... line: mass       250
          --> isotopic mass: 250
 ... line: output     n-Fm250m
         ---> Name of the output files: n-Fm250m
 ... line: isomer     1
          --> isomeric state: 1
 ... line: mf32mf33   y
          --> MF33 based on MF32: y
 ... line: nbrRandom  6
          --> Nbr of random files: 6
 ... ###############################################
 ... # end read the input file tares.inp
 ... ###############################################
Value for random generator type not considered in since Tares 1.7 due to compilation issues

 ... ###############################################
     #   Interpretation of the Input definition    #
     ###############################################

 ... Default energy limit: End of resonance region
 ... Nuclear charge    = 100
 ... Element           = Fm
 ... Mass              = 250
 ... Isomer            = 1
 ... Correlation for (Gn,Gg) not included in random files
 ... Default random option: No random
 ... Output name: n-Fm250m
 ... Energy for the MACS: 30000 eV
 ... Resonances from CALENDF reduced (reduce=y) 
 ... For URR, level density model from TALYS selected: 91n3n12611.2850 (see manual for description)
 ... Random Generator: default (pseudo random numbers from ansi c++)
 ... Reconstruction of cross section selected
 ... Doppler broadening at 0 Kelvin
 ... URR not included (from the input file flag)
 ... Weight for grouping is flat
 ... Calculation of (n,alpha) cross section selected
 ... Number of digit for MF32c covariance representation: 2
 ... MF32 included
 ... MF33 will be used for covariance processing
 ... TENDL option set to yes (automatic choice of MF2 and format)
 ... Isotope not found in the best file --> use of MLBW formalism
 ... default option: Multi level Breit Wigner approximation selected
 ... (check file best.tendl.yes for changing this option)
 ... Retroactive option set to no with the 2025 option

 ... ###############################################
     #           End of Input definition           #
     ###############################################

 ... gnuplot found, will be used for plotting
 ... latex found, will be used for plotting
 ... dvips found, will be used for plotting
 ... ps2epsi not found, limited plotting available
 ... uncertainties on default parameters multiplied by 1.5
 ... Read resonance data from the 2025 directory
 ... Resonance parameters taken from /Users/koning/tares-1.8/source/Module//../../inputs/2025/Resonance/default/
 ---> Processing Z= 100 and A= 250 and isomer= 1 (level number: 1)
 Exfor path; Could not find /Users/koning/tares-1.8/source/Module//../../inputs/exfor/Fm250m/xs/102
Thermal file; Could not open file /Users/koning/tares-1.8/source/Module//../../inputs/2025/runThermal/results//thermal.mxw.ng.cendl3.1
Thermal file; Could not open file /Users/koning/tares-1.8/source/Module//../../inputs/2025/runThermal/results//thermal.mxw.ng.brond3.1
Thermal file; Could not open file /Users/koning/tares-1.8/source/Module//../../inputs/2025/runThermal/results//thermal.xs.ng.unc.cendl3.1
 ... spin taken from the final/ directory (1)
 ... The spin found in level file ( 1 ) and the one in the urr file ( 5.5 ) differ

 ... ###############################################
 ... #  Nucleus global parameters (2025 database)  #
 ... ###############################################
 0. Half-life: 1.8 sec. 
 ... Scattering radius from TALYS: /Users/koning/tares-1.8/source/Module//../../inputs/2025/lib.urr/talys.urr/
 1. Spin of the target isotope: 1
 2. Relative Atomic Mass of the target isotope: 250.079
 3. Level of the isomer: 1.299200 MeV (level number 1)
 4. Scattering radius (local compilation): 8.34937 fm +/- 0.200385 fm
      .......................................
      ... Thermal capture cross sections: ...
 ... ratio of 20.4434 applied for isomeric cross section (isomer/ground)
 5. Thermal (n,g) cross section from systematics (TALYS, urr.dat): 1455.8 +/- 1237.43 b.
      .......................................
      ...  Thermal total cross sections:  ...
      .......................................
      ... Thermal elastic cross sections: ...
 6. Thermal (n,el) cross section from potential (4piR^2): 10.4932 +/- 0.524658 b.
      .......................................
             ... Resonance integral: ...
 7. No capture integral found in /Users/koning/tares-1.8/source/Module//../../inputs/capture.integral
 ... no RI(n,g) found in local compilation, take 2018 value.
 ... no RI(n,g) found in local compilation, take Sukhoruchkin value.
 8. Thermal (n,f) cross section from systematics: 37.1053 +/- 29.6842 b.
   ---- MACS 30 keV ----- 
 9. TALYS MACS 30 keV (HF): 4.89205e-16 b. 
   ---------- S0 -------- 
 10. S0 from TALYS: 0.544195
   ---------- S1 -------- 
 11. S1 from TALYS: 3.35782
   ---------- S2 -------- 
 12. S2 from TALYS: 0.618527
   ---------- D0 -------- 
 13. D0 from TALYS: 1.47898 eV
   ---------- D1 -------- 
 14. D1 from TALYS: 0.75783 eV
   ---------- D2 -------- 
 15. D2 from TALYS: 0.469644 eV
   ---------- G0 -------- 
 16. Gg0 from TALYS: 0.640833 eV
   ---------- G1 -------- 
 17. Gg1 from TALYS: 0.6432 eV
   ---------- G2 -------- 
 18. Gg2 from TALYS: 0.640833 eV


   ---------------------- 
 ... Read resonance parameters (format: 2: Multi Level Breit Wigner)
 ... 0 resonances found 
 ... possibly no resonances in the Resonance directory for this isotope and options
 ... Use HFR (ladder) behavior 
 --> 19. Number of resonances from the input file: 2 up to 0.739492 eV
 20. Read nuclear quantities (mass, MAT...)
 21. Read thermal (n,g) xs 
 22. Read the scattering radius 
 23. Read uncertainty on Gg for 2 resonances
 24. Read uncertainty on Gg for 2 resonances ... done
 25. Read uncertainty on Gf1
 26. Read uncertainty on Gf2
 ... order resonances 
 ... Upper limit for the RRR: 0.739492 eV (no statistical resonances HFR) from the limit.RRR file
 ... Write parameters for l=0 waves
 ... End writing original MF2 
 ... No RRR in the database: uncertainties on default parameters multiplied by 1.99753
 ... Enter in urr function (ladder option set to y) for file n-Fm250m
 ... read the file /Users/koning/tares-1.8/source/Module//../../inputs/2025/list.jcs.urr to find URR origin
 Default URR taken from TALYS calculations with level density model: 91n3n12611.2850
 File considered for the URR: /Users/koning/tares-1.8/source/Module//../../inputs/2025/lib.urr/talys.urr/91n3n12611.2850/Fm/urr/urr.dat.Fm.250.001.1.gz
 ... Write URR using TALYS average parameters (used for HFR)
 ... Limit of URR changed to 25 keV (recommendation from WPEC and JEFF)
 ... ---> Emax(RRR) taken from the file limit.ladder: 50 eV <---
 ... (File limit.ladder: /Users/koning/tares-1.8/source/Module//../../inputs/2025/limit.ladder.91n3n12611.2850)
 ... read D0, S0, Gn and Gg
 ... number of URR energies: 1035
 Number of l: 1035 and last energy: 9
 Last  URR energy: 50 eV
 ... Enter in to_MLBW_mf2 function
 ... Convert to Multi Level Breit Wigner (MLBW)
 ... Write parameter covariances (MF32) for l=0
 ... Convert parameter covariances (MF32) to MLBW
 ... copy the mf2 and mf32 to .mlbw files
 ... Enter in urr_correct function case 1
 Modify the higher limit of RRR in MF2
 --> old value: 7.431890-1 eV new value: 1.000000-2 eV
 Modify resonance covariances (MF32) to include correlations in the URR
 End Modify resonance covariances (MF32) to include correlations in the URR
 ... Enter in calendf_xs function
 Use CALENDF for statistical resonances (update MF2) up to 5.000000+1 eV (initial limit)
 Extract resonances from CALENDF for RRR->URR 2
 113 statistical resonances found
 Reduction to 100 resonances based on the half-life of the isotope
 After reduction, 101 statistical resonances found
 ... checking resonance order 1
 ... checking resonance order 2nd round for 99 resonances
 ... end checking resonance order 2nd round
 .......................................................
 ... Adjustment to the thermal cross section : start ...
 .......................................................
 ... ratio of 20.4434 applied for isomeric cross section (isomer/ground)
 --> Systematics thermal (n,g) xs   1455.8 b.
 --> Systematics thermal (n,f) xs   37.1053 b.
 ... Prior values:
 ... Import MF2 from TARES calculations
 ... End energy of TARES MF2 : 4.847259E+1 eV and limit to 40000 resonances
 ... File used for reconstruction: new.temp22.reconst
 ... run RECENT ...
 ... Doppler broadened at a unique temperature: 300 Kelvin using sigma1
 ... run SIGMA1 at 3.000000E+02 K.

 ============== INTER values at 300 Kelvin ==============
 Thermal (n,g) xs =  7347.92 b. (meas/sys: 1455.8 b.) (warning: comparison to be done at 296 or 300 K)
 Th Maxw (n,g) xs =  7688.2 b. (thermal Maxwellian value)
 Westcott factor  =  1.04631
 RI      (n,g)    =  1181.8 b. (meas or sys: - b.)
 MACS 3.000e+04 eV=  2.8517 b. (meas or sys: - b.) from 1.00E+00 to 2.00E+07 eV (end of RRR) at T= 300 Kelvin 
 Thermal (n,el) xs=  5.9857 b.
 RI      (n,el)   =  43.5356 b.
 Thermal (n,f) xs =  0.0183181 b. (meas/sys: 37.1053 +/- 29.6842 b.)
 RI      (n,f) xs =  0.00432466 b. 
 ============= PSYCHE values ==============
 Ave. G_total L0  =  0.639769 eV
 Ave. G_total L1  =  0.638875 eV
 Ave. Gn_0    L0  =  0.00014837
 Ave. Gn_0    L1  =  0.000839382
 Ave. Gg      L0  =  0.639226 eV
 Ave. Gg      L1  =  0.638872 eV
 Ave. D       L0  =  1.56363 eV
 Ave. D       L1  =  0.969452 eV
 Ave. S       L0  =  5.02469e-05 eV
 Ave. S       L1  =  0.000196014 eV
 =========================================
 ... tolerances: thermal (n,g) 20 %, thermal (n,f) 20 % (reference uncertainties, minimum 2%, maximum 20%)
 Calculated thermal (n,g)=          7347.92027 b. and measured/system= 1455.8 b. (C/E= 5.04736)
 Calculated thermal (n,f)=          .018318065 b. and measured/system= 37.1053 b. (C/E= 0.000493678)
 Warning: first correction of Gg/Gf limited to a factor 10 (C/E too far from 1)
 ... Import MF2 from TARES calculations
 ... End energy of TARES MF2 : 4.847259E+1 eV and limit to 40000 resonances
 ... File used for reconstruction: new.temp22.reconst
 ... run RECENT ...
 ... Doppler broadened at a unique temperature: 300 Kelvin using sigma1
 ... run SIGMA1 at 3.000000E+02 K.

 ============== INTER values at 300 Kelvin ==============
 Thermal (n,g) xs =  3742.86 b. (meas/sys: 1455.8 b.) (warning: comparison to be done at 296 or 300 K)
 Th Maxw (n,g) xs =  4316.1 b. (thermal Maxwellian value)
 Westcott factor  =  1.15315
 RI      (n,g)    =  770.977 b. (meas or sys: - b.)
 MACS 3.000e+04 eV=  2.8515 b. (meas or sys: - b.) from 1.00E+00 to 2.00E+07 eV (end of RRR) at T= 300 Kelvin 
 Thermal (n,el) xs=  3.09115 b.
 RI      (n,el)   =  46.5447 b.
 Thermal (n,f) xs =  0.377935 b. (meas/sys: 37.1053 +/- 29.6842 b.)
 RI      (n,f) xs =  0.13816 b. 
 ============= PSYCHE values ==============
 Ave. G_total L0  =  0.150014 eV
 Ave. G_total L1  =  0.149387 eV
 Ave. Gn_0    L0  =  0.00014837
 Ave. Gn_0    L1  =  0.000839382
 Ave. Gg      L0  =  0.149442 eV
 Ave. Gg      L1  =  0.149359 eV
 Ave. D       L0  =  1.56363 eV
 Ave. D       L1  =  0.969452 eV
 Ave. S       L0  =  5.02469e-05 eV
 Ave. S       L1  =  0.000196014 eV
 =========================================
 ... iteration 0: C/E thermal (n,g)= 2.57101  C/E thermal (n,f)= 0.0101855
 Warning: 99 Gg/Gf values limited to a change of a factor 10 from their starting values
 ... Posterior values (iteration 1):
 ... Import MF2 from TARES calculations
 ... End energy of TARES MF2 : 4.847259E+1 eV and limit to 40000 resonances
 ... File used for reconstruction: new.temp22.reconst
 ... run RECENT ...
 ... Doppler broadened at a unique temperature: 300 Kelvin using sigma1
 ... run SIGMA1 at 3.000000E+02 K.

 ============== INTER values at 300 Kelvin ==============
 Thermal (n,g) xs =  1818.64 b. (meas/sys: 1455.8 b.) (warning: comparison to be done at 296 or 300 K)
 Th Maxw (n,g) xs =  2150.3 b. (thermal Maxwellian value)
 Westcott factor  =  1.18235
 RI      (n,g)    =  641.734 b. (meas or sys: - b.)
 MACS 3.000e+04 eV=  2.8515 b. (meas or sys: - b.) from 1.00E+00 to 2.00E+07 eV (end of RRR) at T= 300 Kelvin 
 Thermal (n,el) xs=  2.77942 b.
 RI      (n,el)   =  49.1778 b.
 Thermal (n,f) xs =  0.398066 b. (meas/sys: 37.1053 +/- 29.6842 b.)
 RI      (n,f) xs =  0.267607 b. 
 ============= PSYCHE values ==============
 Ave. G_total L0  =  0.0691604 eV
 Ave. G_total L1  =  0.0685787 eV
 Ave. Gn_0    L0  =  0.00014837
 Ave. Gn_0    L1  =  0.000839382
 Ave. Gg      L0  =  0.0685884 eV
 Ave. Gg      L1  =  0.0685504 eV
 Ave. D       L0  =  1.56363 eV
 Ave. D       L1  =  0.969452 eV
 Ave. S       L0  =  5.02469e-05 eV
 Ave. S       L1  =  0.000196014 eV
 =========================================

 ... iteration 1: C/E thermal (n,g)= 1.24924  C/E thermal (n,f)= 0.010728
 Warning: 99 Gg/Gf values limited to a change of a factor 10 from their starting values
 ... Posterior values (iteration 2):
 ... Import MF2 from TARES calculations
 ... End energy of TARES MF2 : 4.847259E+1 eV and limit to 40000 resonances
 ... File used for reconstruction: new.temp22.reconst
 ... run RECENT ...
 ... Doppler broadened at a unique temperature: 300 Kelvin using sigma1
 ... run SIGMA1 at 3.000000E+02 K.

 ============== INTER values at 300 Kelvin ==============
 Thermal (n,g) xs =  1720.82 b. (meas/sys: 1455.8 b.) (warning: comparison to be done at 296 or 300 K)
 Th Maxw (n,g) xs =  2037.3 b. (thermal Maxwellian value)
 Westcott factor  =  1.18392
 RI      (n,g)    =  635.15 b. (meas or sys: - b.)
 MACS 3.000e+04 eV=  2.8515 b. (meas or sys: - b.) from 1.00E+00 to 2.00E+07 eV (end of RRR) at T= 300 Kelvin 
 Thermal (n,el) xs=  2.7699 b.
 RI      (n,el)   =  49.465 b.
 Thermal (n,f) xs =  0.398696 b. (meas/sys: 37.1053 +/- 29.6842 b.)
 RI      (n,f) xs =  0.281477 b. 
 ============= PSYCHE values ==============
 Ave. G_total L0  =  0.0653588 eV
 Ave. G_total L1  =  0.0647792 eV
 Ave. Gn_0    L0  =  0.00014837
 Ave. Gn_0    L1  =  0.000839382
 Ave. Gg      L0  =  0.0647868 eV
 Ave. Gg      L1  =  0.0647509 eV
 Ave. D       L0  =  1.56363 eV
 Ave. D       L1  =  0.969452 eV
 Ave. S       L0  =  5.02469e-05 eV
 Ave. S       L1  =  0.000196014 eV
 =========================================

 ... iteration 2: C/E thermal (n,g)= 1.18205  C/E thermal (n,f)= 0.010745
 Warning: 99 Gg/Gf values limited to a change of a factor 10 from their starting values
 ... Posterior values (iteration 3):
 ... Import MF2 from TARES calculations
 ... End energy of TARES MF2 : 4.847259E+1 eV and limit to 40000 resonances
 ... File used for reconstruction: new.temp22.reconst
 ... run RECENT ...
 ... Doppler broadened at a unique temperature: 300 Kelvin using sigma1
 ... run SIGMA1 at 3.000000E+02 K.

 ============== INTER values at 300 Kelvin ==============
 Thermal (n,g) xs =  1717.91 b. (meas/sys: 1455.8 b.) (warning: comparison to be done at 296 or 300 K)
 Th Maxw (n,g) xs =  2034 b. (thermal Maxwellian value)
 Westcott factor  =  1.184
 RI      (n,g)    =  634.935 b. (meas or sys: - b.)
 MACS 3.000e+04 eV=  2.8515 b. (meas or sys: - b.) from 1.00E+00 to 2.00E+07 eV (end of RRR) at T= 300 Kelvin 
 Thermal (n,el) xs=  2.76963 b.
 RI      (n,el)   =  49.4649 b.
 Thermal (n,f) xs =  0.398711 b. (meas/sys: 37.1053 +/- 29.6842 b.)
 RI      (n,f) xs =  0.281907 b. 
 ============= PSYCHE values ==============
 Ave. G_total L0  =  0.0652465 eV
 Ave. G_total L1  =  0.064667 eV
 Ave. Gn_0    L0  =  0.00014837
 Ave. Gn_0    L1  =  0.000839382
 Ave. Gg      L0  =  0.0646745 eV
 Ave. Gg      L1  =  0.0646386 eV
 Ave. D       L0  =  1.56363 eV
 Ave. D       L1  =  0.969452 eV
 Ave. S       L0  =  5.02469e-05 eV
 Ave. S       L1  =  0.000196014 eV
 =========================================

 ... iteration 3: C/E thermal (n,g)= 1.18005  C/E thermal (n,f)= 0.0107454
 Warning: 99 Gg/Gf values limited to a change of a factor 10 from their starting values
 ... Posterior values (iteration 4):
 ... Import MF2 from TARES calculations
 ... End energy of TARES MF2 : 4.847259E+1 eV and limit to 40000 resonances
 ... File used for reconstruction: new.temp22.reconst
 ... run RECENT ...
 ... Doppler broadened at a unique temperature: 300 Kelvin using sigma1
 ... run SIGMA1 at 3.000000E+02 K.

 ============== INTER values at 300 Kelvin ==============
 Thermal (n,g) xs =  1717.84 b. (meas/sys: 1455.8 b.) (warning: comparison to be done at 296 or 300 K)
 Th Maxw (n,g) xs =  2033.9 b. (thermal Maxwellian value)
 Westcott factor  =  1.18401
 RI      (n,g)    =  634.932 b. (meas or sys: - b.)
 MACS 3.000e+04 eV=  2.8515 b. (meas or sys: - b.) from 1.00E+00 to 2.00E+07 eV (end of RRR) at T= 300 Kelvin 
 Thermal (n,el) xs=  2.76962 b.
 RI      (n,el)   =  49.4645 b.
 Thermal (n,f) xs =  0.398711 b. (meas/sys: 37.1053 +/- 29.6842 b.)
 RI      (n,f) xs =  0.281917 b. 
 ============= PSYCHE values ==============
 Ave. G_total L0  =  0.0652438 eV
 Ave. G_total L1  =  0.0646643 eV
 Ave. Gn_0    L0  =  0.00014837
 Ave. Gn_0    L1  =  0.000839382
 Ave. Gg      L0  =  0.0646718 eV
 Ave. Gg      L1  =  0.0646359 eV
 Ave. D       L0  =  1.56363 eV
 Ave. D       L1  =  0.969452 eV
 Ave. S       L0  =  5.02469e-05 eV
 Ave. S       L1  =  0.000196014 eV
 =========================================

 ... iteration 4: C/E thermal (n,g)= 1.18  C/E thermal (n,f)= 0.0107454
 Warning: no further change possible (widths at the limit of a factor 10): adjustment stopped
 Adjusted thermal (n,f) xs            .398710946 b. (ratio for Gf= 0.0131041 )

 ... ratio C/E thermal (n,g): 1.180001E+00
 ... ratio C/E thermal (n,f): 1.074539E-02
 ...................................................... 
 ... Adjustment to the thermal cross section : stop ...
 ...................................................... 
 ... new MF2 file after adjustment: n-Fm250m
 ... read the file /Users/koning/tares-1.8/source/Module//../../inputs/2025/list.jcs.urr to find URR origin
 Default URR taken from TALYS calculations with level density model: 91n3n12611.2850
 File considered for the URR: /Users/koning/tares-1.8/source/Module//../../inputs/2025/lib.urr/talys.urr/91n3n12611.2850/Fm/urr/urr.dat.Fm.250.001.1.gz
 ... Write URR using TALYS average parameters (not used for HFR)
 ... Limit of URR changed to 25 keV (recommendation from WPEC and JEFF)
 Energy limit of the URR set to 63.0144 eV
 ... read D0, S0, Gn and Gg
 ... number of URR energies: 63
 Number of l: 63 and last energy: 9
 Last  URR energy: 63.0144 eV
 ... Enter in urr_correct function case 2
 Modify the higher limit of RRR in MF2
 --> old value: 4.847259+1 eV new value: 4.847259+1 eV
 Modify resonance covariances (MF32) to include correlations in the URR
 End Modify resonance covariances (MF32) to include correlations in the URR
 ... Enter in update_MF32 function
 ... Change uncertainties
 ... for the HFR, random position of the positive resonances with 0.020000 %
 ... end of update MF32 function
 ... GLS calculation of the parameter correlations from the thermal/RI adjustment (MF32c)
 ... MF32: correlations from the thermal/RI adjustment (GLS) for 3 resonances (9 widths), 1 correlation lines
 ...   thermal (n,g): uncertainty from these widths 707.972 b. -> 614.505 b. (reference: 1455.8 +/- 1237.43 b.)
 ...   thermal (n,f): uncertainty from these widths 0.204338 b. -> 0.204326 b. (reference: 37.1053 +/- 29.6842 b.)
 ... copy the mf2 and mf32 to .mlbw files

 ... Start of final reconstruction and testing ...
 ... Reconstruction of cross sections at 0 Kelvin  ... Import MF2 from TARES calculations
 ... End energy of TARES MF2 : 4.847259E+1 eV and limit to 40000 resonances
 ... File used for reconstruction: n-Fm250m.reconst
 ... run RECENT ...
 ... Doppler broadened at a unique temperature: 0 Kelvin using sigma1
 ... The keyword temperature is zero, no Doppler broadening for the MACS

 ============== INTER values at 0 Kelvin ==============
 Thermal (n,g) xs =  1714.93 b. (meas/sys: 1455.8 b.) (warning: comparison to be done at 296 or 300 K)
 Th Maxw (n,g) xs =  2018 b. (thermal Maxwellian value)
 Westcott factor  =  1.17673
 RI      (n,g)    =  633.496 b. (meas or sys: - b.)
 MACS 3.000e+04 eV=  2.8557 b. (meas or sys: - b.) from 1.00E+00 to 4.85E+01 eV (end of RRR) at T= 0 Kelvin 
 Thermal (n,el) xs=  2.76677 b.
 RI      (n,el)   =  49.3545 b.
 Thermal (n,f) xs =  0.398063 b. (meas/sys: 37.1053 +/- 29.6842 b.)
 RI      (n,f) xs =  0.28126 b. 
 ============= PSYCHE values ==============
 Ave. G_total L0  =  0.0652438 eV
 Ave. G_total L1  =  0.0646643 eV
 Ave. Gn_0    L0  =  0.00014837
 Ave. Gn_0    L1  =  0.000839382
 Ave. Gg      L0  =  0.0646718 eV
 Ave. Gg      L1  =  0.0646359 eV
 Ave. D       L0  =  1.56363 eV
 Ave. D       L1  =  0.969452 eV
 Ave. S       L0  =  5.02469e-05 eV
 Ave. S       L1  =  0.000196014 eV
 =========================================
 ... End of final reconstruction and testing ...

 ... grouping is not optimum, change to 70 groups
 ... Produce MF33 based on MF32 and 6 random files
 ... MF3 of n-Fm250m.reconst (4 sections) added to the files for ENDSAM
 ... run endsam for 6 in groups of 1 global run
 ... run endsam from 1 to 6
 ... random files: total width GT set to Gn+Gg+Gf (594 resonances in 6 files)
 ... reorder resonance position after endsam (sampling)
 ... preparing the vectors  ... done
 ... nominal file 0 Cap(th)  ave= 1.715E+03 b. +/- 0.00 % || Ela(th) ave= 2.767E+00 b. +/- 0.00 % || RIcap ave= 6.33E+02 b. +/- 0.00 % || Macs30 ave= 2.86E+00 b. +/- 0.00 % || Gn^0(l=0) ave= 1.484E-04 +/- 0.00 % Gn^0(l=1) ave= 8.394E-04 +/- 0.00 % Gn^0(l=2) ave= 0.000E+00 +/- 0.00 % Gn^0(l=3) ave= 0.000E+00 +/- 0.00 % || Gtotal(l=0) ave= 6.524E-02 +/- 0.00 % Gtotal(l=1) ave= 6.466E-02 +/- 0.00 % Gtotal(l=2) ave= 0.000E+00 +/- 0.00 % Gtotal(l=3) ave= 0.000E+00 +/- 0.00 %  % || Gg(l=0) ave= 6.467E-02 +/- 0.00 % Gg(l=1) ave= 6.464E-02 +/- 0.00 % Gg(l=2) ave= 0.000E+00 +/- 0.00 % Gg(l=3) ave= 0.000E+00 +/- 0.00 %  % || D(l=0) ave= 1.564E+00 +/- 0.00 % D(l=1) ave= 9.695E-01 +/- 0.00 % D(l=2) ave= 0.000E+00 +/- 0.00 % D(l=3) ave= 0.000E+00 +/- 0.00 %  % || S(l=0) ave= 5.025E-05 +/- 0.00 % S(l=1) ave= 1.960E-04 +/- 0.00 % S(l=2) ave= 0.000E+00 +/- 0.00 % S(l=3) ave= 0.000E+00 +/- 0.00 %  % || Fis(th) ave= 3.981E-01 b. +/- 0.00 %
 ... random file  1 Cap(th)  ave= 1.399E+03 b. +/- 22.61 % || Ela(th) ave= 3.106E+00 b. +/- 10.94 % || RIcap ave= 6.19E+02 b. +/- 2.30 % || Macs30 ave= 2.86E+00 b. +/- 0.00 % || Gn^0(l=0) ave= 1.476E-04 +/- 0.49 % Gn^0(l=1) ave= 7.860E-04 +/- 6.79 % Gn^0(l=2) ave= 0.000E+00 +/- 0.00 % Gn^0(l=3) ave= 0.000E+00 +/- 0.00 % || Gtotal(l=0) ave= 5.841E-02 +/- 11.71 % Gtotal(l=1) ave= 6.009E-02 +/- 7.62 % Gtotal(l=2) ave= 0.000E+00 +/- 0.00 % Gtotal(l=3) ave= 0.000E+00 +/- 0.00 %  % || Gg(l=0) ave= 5.785E-02 +/- 11.80 % Gg(l=1) ave= 6.006E-02 +/- 7.62 % Gg(l=2) ave= 0.000E+00 +/- 0.00 % Gg(l=3) ave= 0.000E+00 +/- 0.00 %  % || D(l=0) ave= 1.590E+00 +/- 1.64 % D(l=1) ave= 9.695E-01 +/- 0.00 % D(l=2) ave= 0.000E+00 +/- 0.00 % D(l=3) ave= 0.000E+00 +/- 0.00 %  % || S(l=0) ave= 4.898E-05 +/- 2.58 % S(l=1) ave= 1.836E-04 +/- 6.79 % S(l=2) ave= 0.000E+00 +/- 0.00 % S(l=3) ave= 0.000E+00 +/- 0.00 %  % || Fis(th) ave= 4.603E-01 b. +/- 13.53 %
 ... random file  2 Cap(th)  ave= 1.483E+03 b. +/- 19.19 % || Ela(th) ave= 3.042E+00 b. +/- 9.60 % || RIcap ave= 6.23E+02 b. +/- 2.01 % || Macs30 ave= 2.86E+00 b. +/- 0.00 % || Gn^0(l=0) ave= 1.476E-04 +/- 0.40 % Gn^0(l=1) ave= 7.982E-04 +/- 5.87 % Gn^0(l=2) ave= 0.000E+00 +/- 0.00 % Gn^0(l=3) ave= 0.000E+00 +/- 0.00 % || Gtotal(l=0) ave= 6.383E-02 +/- 14.87 % Gtotal(l=1) ave= 6.080E-02 +/- 6.37 % Gtotal(l=2) ave= 0.000E+00 +/- 0.00 % Gtotal(l=3) ave= 0.000E+00 +/- 0.00 %  % || Gg(l=0) ave= 6.327E-02 +/- 14.98 % Gg(l=1) ave= 6.077E-02 +/- 6.37 % Gg(l=2) ave= 0.000E+00 +/- 0.00 % Gg(l=3) ave= 0.000E+00 +/- 0.00 %  % || D(l=0) ave= 1.581E+00 +/- 1.55 % D(l=1) ave= 9.695E-01 +/- 0.00 % D(l=2) ave= 0.000E+00 +/- 0.00 % D(l=3) ave= 0.000E+00 +/- 0.00 %  % || S(l=0) ave= 4.930E-05 +/- 2.29 % S(l=1) ave= 1.864E-04 +/- 5.87 % S(l=2) ave= 0.000E+00 +/- 0.00 % S(l=3) ave= 0.000E+00 +/- 0.00 %  % || Fis(th) ave= 4.970E-01 b. +/- 14.61 %
 ... random file  3 Cap(th)  ave= 1.332E+03 b. +/- 27.07 % || Ela(th) ave= 2.997E+00 b. +/- 8.83 % || RIcap ave= 6.11E+02 b. +/- 3.68 % || Macs30 ave= 2.86E+00 b. +/- 0.00 % || Gn^0(l=0) ave= 1.476E-04 +/- 0.36 % Gn^0(l=1) ave= 8.047E-04 +/- 5.23 % Gn^0(l=2) ave= 0.000E+00 +/- 0.00 % Gn^0(l=3) ave= 0.000E+00 +/- 0.00 % || Gtotal(l=0) ave= 6.183E-02 +/- 14.44 % Gtotal(l=1) ave= 6.039E-02 +/- 5.67 % Gtotal(l=2) ave= 0.000E+00 +/- 0.00 % Gtotal(l=3) ave= 0.000E+00 +/- 0.00 %  % || Gg(l=0) ave= 6.127E-02 +/- 14.55 % Gg(l=1) ave= 6.036E-02 +/- 5.68 % Gg(l=2) ave= 0.000E+00 +/- 0.00 % Gg(l=3) ave= 0.000E+00 +/- 0.00 %  % || D(l=0) ave= 1.590E+00 +/- 1.64 % D(l=1) ave= 9.695E-01 +/- 0.00 % D(l=2) ave= 0.000E+00 +/- 0.00 % D(l=3) ave= 0.000E+00 +/- 0.00 %  % || S(l=0) ave= 4.889E-05 +/- 2.48 % S(l=1) ave= 1.879E-04 +/- 5.24 % S(l=2) ave= 0.000E+00 +/- 0.00 % S(l=3) ave= 0.000E+00 +/- 0.00 %  % || Fis(th) ave= 4.212E-01 b. +/- 34.56 %
 ... random file  4 Cap(th)  ave= 1.417E+03 b. +/- 25.74 % || Ela(th) ave= 2.977E+00 b. +/- 8.07 % || RIcap ave= 6.16E+02 b. +/- 3.61 % || Macs30 ave= 2.86E+00 b. +/- 0.00 % || Gn^0(l=0) ave= 1.478E-04 +/- 0.44 % Gn^0(l=1) ave= 8.066E-04 +/- 4.69 % Gn^0(l=2) ave= 0.000E+00 +/- 0.00 % Gn^0(l=3) ave= 0.000E+00 +/- 0.00 % || Gtotal(l=0) ave= 6.209E-02 +/- 12.89 % Gtotal(l=1) ave= 6.441E-02 +/- 13.38 % Gtotal(l=2) ave= 0.000E+00 +/- 0.00 % Gtotal(l=3) ave= 0.000E+00 +/- 0.00 %  % || Gg(l=0) ave= 6.153E-02 +/- 12.98 % Gg(l=1) ave= 6.439E-02 +/- 13.38 % Gg(l=2) ave= 0.000E+00 +/- 0.00 % Gg(l=3) ave= 0.000E+00 +/- 0.00 %  % || D(l=0) ave= 1.584E+00 +/- 1.61 % D(l=1) ave= 9.695E-01 +/- 0.00 % D(l=2) ave= 0.000E+00 +/- 0.00 % D(l=3) ave= 0.000E+00 +/- 0.00 %  % || S(l=0) ave= 4.916E-05 +/- 2.47 % S(l=1) ave= 1.884E-04 +/- 4.70 % S(l=2) ave= 0.000E+00 +/- 0.00 % S(l=3) ave= 0.000E+00 +/- 0.00 %  % || Fis(th) ave= 4.052E-01 b. +/- 33.09 %
 ... random file  5 Cap(th)  ave= 1.370E+03 b. +/- 25.49 % || Ela(th) ave= 2.838E+00 b. +/- 13.40 % || RIcap ave= 6.13E+02 b. +/- 3.51 % || Macs30 ave= 2.86E+00 b. +/- 0.00 % || Gn^0(l=0) ave= 1.477E-04 +/- 0.40 % Gn^0(l=1) ave= 8.352E-04 +/- 8.71 % Gn^0(l=2) ave= 0.000E+00 +/- 0.00 % Gn^0(l=3) ave= 0.000E+00 +/- 0.00 % || Gtotal(l=0) ave= 6.352E-02 +/- 12.56 % Gtotal(l=1) ave= 6.607E-02 +/- 13.16 % Gtotal(l=2) ave= 0.000E+00 +/- 0.00 % Gtotal(l=3) ave= 0.000E+00 +/- 0.00 %  % || Gg(l=0) ave= 6.296E-02 +/- 12.65 % Gg(l=1) ave= 6.604E-02 +/- 13.16 % Gg(l=2) ave= 0.000E+00 +/- 0.00 % Gg(l=3) ave= 0.000E+00 +/- 0.00 %  % || D(l=0) ave= 1.581E+00 +/- 1.55 % D(l=1) ave= 9.695E-01 +/- 0.00 % D(l=2) ave= 0.000E+00 +/- 0.00 % D(l=3) ave= 0.000E+00 +/- 0.00 %  % || S(l=0) ave= 4.930E-05 +/- 2.34 % S(l=1) ave= 1.950E-04 +/- 8.71 % S(l=2) ave= 0.000E+00 +/- 0.00 % S(l=3) ave= 0.000E+00 +/- 0.00 %  % || Fis(th) ave= 3.955E-01 b. +/- 31.43 %
 ... random file  6 Cap(th)  ave= 1.368E+03 b. +/- 23.63 % || Ela(th) ave= 2.824E+00 b. +/- 12.52 % || RIcap ave= 6.12E+02 b. +/- 3.29 % || Macs30 ave= 2.86E+00 b. +/- 0.00 % || Gn^0(l=0) ave= 1.478E-04 +/- 0.40 % Gn^0(l=1) ave= 8.352E-04 +/- 8.07 % Gn^0(l=2) ave= 0.000E+00 +/- 0.00 % Gn^0(l=3) ave= 0.000E+00 +/- 0.00 % || Gtotal(l=0) ave= 6.320E-02 +/- 11.76 % Gtotal(l=1) ave= 6.647E-02 +/- 12.20 % Gtotal(l=2) ave= 0.000E+00 +/- 0.00 % Gtotal(l=3) ave= 0.000E+00 +/- 0.00 %  % || Gg(l=0) ave= 6.263E-02 +/- 11.85 % Gg(l=1) ave= 6.644E-02 +/- 12.20 % Gg(l=2) ave= 0.000E+00 +/- 0.00 % Gg(l=3) ave= 0.000E+00 +/- 0.00 %  % || D(l=0) ave= 1.579E+00 +/- 1.49 % D(l=1) ave= 9.695E-01 +/- 0.00 % D(l=2) ave= 0.000E+00 +/- 0.00 % D(l=3) ave= 0.000E+00 +/- 0.00 %  % || S(l=0) ave= 4.944E-05 +/- 2.26 % S(l=1) ave= 1.950E-04 +/- 8.07 % S(l=2) ave= 0.000E+00 +/- 0.00 % S(l=3) ave= 0.000E+00 +/- 0.00 %  % || Fis(th) ave= 3.759E-01 b. +/- 33.18 %
 ... Histogram plot for thermal (n,g)
 ... Write covariances  ... MT1  ... plot correlations
 ... MT2  ... MT18  ... MT102 


 ================================================
 ============== From 6 random values === start ======
 Thermal (n,tot) xs  0 K =  1371.07 b. +/- 323.336 b. ( 23.5827 %) skew= -0.13 +/- 0.79
 Thermal (n,el) xs   0 K =  2.82419 b. +/- 0.353623 b. ( 12.5212 %) skew= -0.24 +/- 0.79
 Thermal (n,f) xs    0 K = 0.375876 b. +/- 0.12472 b. ( 33.181 %) skew= +0.21 +/- 0.79
 Thermal (n,g) xs    0 K =  1367.87 b. +/- 323.29 b. ( 23.6345 %) skew= -0.13 +/- 0.79
 RI      (n,g)       0 K =  611.564 b. +/- 20.1163 b. ( 3.28932 %) 
 MACS    (n,g)       0 K (at Emacs= 30000 eV) =  2.8557 b. +/- 2.38419e-07 b. ( 8.34887e-06 %) 
 Ave. Gtotal  L=0        =  6.320E-02 +/- 11.76 %
 Ave. Gn^(0)  L=0        =  1.478E-04 +/- 0.40 %
 Ave. Gg      L=0        =  6.263E-02 +/- 11.85 %
 Ave. D       L=0        =  1.579E+00 +/- 1.49 %
 Ave. S       L=0        =  4.944E-05 +/- 2.26 %
 Ave. Gtotal  L=1        =  6.647E-02 +/- 12.20 %
 Ave. Gg      L=1        =  6.644E-02 +/- 12.20 %
 Ave. D       L=1        =  9.695E-01 +/- 0.00 %
 Ave. S       L=1        =  1.950E-04 +/- 8.07 %

 Expected Thermal (n,g) (syst or meas)= 1455.8 b. +/- 1237.43 b. nominal: 1714.93 b.
 ratio Calculated/expected thermal (n,g): 0.94 ratio DCalculated/Dexpected: 0.26 ratio Calculated/Nominal: 0.80
 ============== From 6 random values ===== stop ======
 ================================================
 ... Calculation of (n,a) and (n,p) cross sections at 300 K
 ... thermal (n,a) cross section is 2.61105e-14 +/- 1.30553e-14 b.
 ... thermal (n,a) cross section is 2.8915e-14 b. (random case 1)
 ... thermal (n,a) cross section is 2.1248e-14 b. (random case 2)
 ... thermal (n,a) cross section is 2.09093e-14 b. (random case 3)
 ... thermal (n,a) cross section is 3.56657e-14 b. (random case 4)
 ... thermal (n,a) cross section is 1.84054e-14 b. (random case 5)
 ... thermal (n,a) cross section is 2.9012e-14 b. (random case 6)
 ... thermal (n,p) cross section is 2.61105e-14 +/- 1.30553e-14 b.
 ... thermal (n,p) cross section is 2.76991e-14 b. (random case 1)
 ... thermal (n,p) cross section is 1.72365e-14 b. (random case 2)
 ... thermal (n,p) cross section is 3.29901e-14 b. (random case 3)
 ... thermal (n,p) cross section is 1.10818e-14 b. (random case 4)
 ... thermal (n,p) cross section is 2.06677e-14 b. (random case 5)
 ... thermal (n,p) cross section is 2.00782e-14 b. (random case 6)
 ... Rewrite index for MF2
 ... Write text for MF1 in file mf1.tares.txt
 ... plotting cross sections for the MF1
 ... order output files

 ............................................................ 
 ...                                                      ... 
 ... MF2 format selection for the final file: n-Fm250m.mf2.mlbw
 ... MF2 format : mlbw
 ... cross section values for the final mf2 file: START   ... 
 ... Import MF2 from TARES calculations
 ... End energy of TARES MF2 : 4.847259E+1 eV and limit to 40000 resonances
 ... File used for reconstruction: n-Fm250m.mf2.reconst
 ... run RECENT ...
 ... Doppler broadened at a unique temperature: 0 Kelvin using sigma1
 ... The keyword temperature is zero, no Doppler broadening for the MACS

 ============== INTER values at 0 Kelvin ==============
 Thermal (n,g) xs =  1714.93 b. (meas/sys: 1455.8 b.) (warning: comparison to be done at 296 or 300 K)
 Th Maxw (n,g) xs =  2018 b. (thermal Maxwellian value)
 Westcott factor  =  1.17673
 RI      (n,g)    =  633.496 b. (meas or sys: - b.)
 MACS 3.000e+04 eV=  2.8557 b. (meas or sys: - b.) from 1.00E+00 to 4.85E+01 eV (end of RRR) at T= 0 Kelvin 
 Thermal (n,el) xs=  2.76677 b.
 RI      (n,el)   =  49.3545 b.
 Thermal (n,f) xs =  0.398063 b. (meas/sys: 37.1053 +/- 29.6842 b.)
 RI      (n,f) xs =  0.28126 b. 
 ============= PSYCHE values ==============
 Ave. G_total L0  =  0.0652438 eV
 Ave. G_total L1  =  0.0646643 eV
 Ave. Gn_0    L0  =  0.00014837
 Ave. Gn_0    L1  =  0.000839382
 Ave. Gg      L0  =  0.0646718 eV
 Ave. Gg      L1  =  0.0646359 eV
 Ave. D       L0  =  1.56363 eV
 Ave. D       L1  =  0.969452 eV
 Ave. S       L0  =  5.02469e-05 eV
 Ave. S       L1  =  0.000196014 eV
 =========================================
 ... cross section values for the final mf2 file: END     ... 
 ...                                                      ... 
 ............................................................ 


================== summary ==================
 Thermal (n,tot) xs = 1718.09 b. 
 Thermal (n,el)  xs = 2.76677 b. 
 Thermal (n,g)   xs = 1714.93 b. (meas/sys: 1455.8 b.)
 Thermal (n,f)   xs = 0.398063 b. (meas/sys: 37.1053 +/- 29.6842 b.)
 At 300 K (thermal adjustment): (n,el) = 2.76962 b., (n,g) = 1717.84 b., (n,f) = 0.398711 b.

 RI      (n,g)      = 633.496 b. (meas or sys: - b.)
 RI      (n,el)     = 49.3545 b.
 RI      (n,f)      = 0.28126 b. 
=============================================


 ... cleaning
                                                 
  -------------------------------------------------------------
  -                                                           -
  - TARES: successful end of run with data from hypothetical  -
  - resonances for Z= 100, A= 250 and isomer= 1               -
  - half-life: 1.800000 sec. 
  -                                                           -
  -------------------------------------------------------------

   Running time:       15 seconds

 End time: Fri Oct  9 13:48:06 2026

