
  -------------------------------------------------------------
  -                                                           -
  -              Welcome to TARES version 1.8                 -
  -                                                           -
  -  (C) Copyright 2007-2025 D. Rochman, All Rights Reserved  -
  -           NRG, Petten, the Netherlands 2007-2014          -
  -           PSI, Villigen    Switzerland 2015-2025          -
  -         Nagra, Wettingen   Switzerland 2025-              -
  -           (Last Modified October 06, 2026)                -
  -           (Database from October 06, 2026)                -
  -                                                           -
  -------------------------------------------------------------


  ---------------------------------------------
   Compilation information:
   Compiled on:         Oct  8 2026, 18:36:06
   Compiled by:         koning
   Compiler version:    clang++ - 21.0.0
   Source location:     /Users/koning/tares-1.8/source/Module/
   Binaries location:   /Users/koning/bin
   System:              Darwin 25.6.0
   System version:      Darwin Kernel Version 25.6.0: Fri Jul 31 19:19:08 PDT 2026; root:xnu-12377.161.14~5/RELEASE_ARM64_T6050  
   Machine:             arm64 
  ---------------------------------------------

   User information:
   User name:           koning
   Running directory:   /Users/koning/tendl/resbase/Gd162/work
   Owner mode for running directory : rwx
   Group mode for running directory : r-x
  ---------------------------------------------


 Starting time: Fri Oct  9 13:01:00 2026
 ... inputs directory found (/Users/koning/tares-1.8/source/Module//../../inputs/).
 ... It will be used for resonance parameters 
 ... ###############################################
 ... #     read the input file tares.inp
 ... ###############################################
 ... line: #
 ... line: # Input file generated by Autorochman
          --> line not read
 ... line: #
 ... line: isotope    Gd
          --> Isotope name: Gd
 ... line: mass       162
          --> isotopic mass: 162
 ... line: output     n-Gd162
         ---> Name of the output files: n-Gd162
 ... line: isomer     0
          --> isomeric state: 0
 ... line: mf32mf33   y
          --> MF33 based on MF32: y
 ... line: nbrRandom  6
          --> Nbr of random files: 6
 ... ###############################################
 ... # end read the input file tares.inp
 ... ###############################################
Value for random generator type not considered in since Tares 1.7 due to compilation issues

 ... ###############################################
     #   Interpretation of the Input definition    #
     ###############################################

 ... Default energy limit: End of resonance region
 ... Nuclear charge    = 64
 ... Element           = Gd
 ... Mass              = 162
 ... Isomer            = 0
 ... Correlation for (Gn,Gg) not included in random files
 ... Default random option: No random
 ... Output name: n-Gd162
 ... Energy for the MACS: 30000 eV
 ... Resonances from CALENDF reduced (reduce=y) 
 ... For URR, level density model from TALYS selected: 91n3n12611.2850 (see manual for description)
 ... Random Generator: default (pseudo random numbers from ansi c++)
 ... Reconstruction of cross section selected
 ... Doppler broadening at 0 Kelvin
 ... URR not included (from the input file flag)
 ... Weight for grouping is flat
 ... Calculation of (n,alpha) cross section selected
 ... Number of digit for MF32c covariance representation: 2
 ... MF32 included
 ... MF33 will be used for covariance processing
 ... TENDL option set to yes (automatic choice of MF2 and format)
 ... Isotope not found in the best file --> use of MLBW formalism
 ... default option: Multi level Breit Wigner approximation selected
 ... (check file best.tendl.yes for changing this option)
 ... Retroactive option set to no with the 2025 option
 ... ladder option set to yes (CALENDF will be used for statistical resonances)

 ... ###############################################
     #           End of Input definition           #
     ###############################################

 ... gnuplot found, will be used for plotting
 ... latex found, will be used for plotting
 ... dvips found, will be used for plotting
 ... ps2epsi not found, limited plotting available
 ... uncertainties on default parameters multiplied by 1.59267
 ... Read resonance data from the 2025 directory
 ... Resonance parameters taken from /Users/koning/tares-1.8/source/Module//../../inputs/2025/Resonance/default/
 ---> Processing Z= 64 and A= 162 and isomer= 0 (level number: 0)
 Exfor path; Could not find /Users/koning/tares-1.8/source/Module//../../inputs/exfor/Gd162/xs/102
Thermal file; Could not open file /Users/koning/tares-1.8/source/Module//../../inputs/2025/runThermal/results//thermal.mxw.ng.cendl3.1
Thermal file; Could not open file /Users/koning/tares-1.8/source/Module//../../inputs/2025/runThermal/results//thermal.mxw.ng.brond3.1
Thermal file; Could not open file /Users/koning/tares-1.8/source/Module//../../inputs/2025/runThermal/results//thermal.xs.ng.unc.cendl3.1
 ... spin taken from the final/ directory (1)
 ... The spin found in level file ( 0 ) and the one in the urr file ( 5.5 ) differ

 ... ###############################################
 ... #  Nucleus global parameters (2025 database)  #
 ... ###############################################
 0. Half-life: 8.4 min. 
 ... Scattering radius from TALYS: /Users/koning/tares-1.8/source/Module//../../inputs/2025/lib.urr/talys.urr/
 1. Spin of the target isotope: 0
 2. Relative Atomic Mass of the target isotope: 161.93
 3. Scattering radius (local compilation): 7.23559 fm +/- 0.151947 fm
      .......................................
      ... Thermal capture cross sections: ...
 4. Thermal (n,g) cross section from systematics (TALYS, urr.dat): 12.9963 +/- 9.09741 b.
 5. Thermal (n,g) cross section from compilation (Firestone-2022 average on element Gd): 33200 +/- 1300 b.
 6. Thermal (n,g) cross section from compilation (Firestone-2022 final on element Gd): 71500 +/- 1600 b.
 7. Thermal (n,g) cross section from TENDL-2023: 13 +/- 7.96 b.
      .......................................
      ...  Thermal total cross sections:  ...
      .......................................
      ... Thermal elastic cross sections: ...
 8. Thermal (n,el) cross section from potential (4piR^2): 9.0934 +/- 0.45467 b.
      .......................................
             ... Resonance integral: ...
 9. No capture integral found in /Users/koning/tares-1.8/source/Module//../../inputs/capture.integral
 ... no RI(n,g) found in local compilation, take 2018 value.
 ... no RI(n,g) found in local compilation, take Sukhoruchkin value.
   ---- MACS 30 keV ----- 
 10. TALYS MACS 30 keV (HF): 0.0987338 b. 
   ---------- S0 -------- 
 11. S0 from TALYS: 13.85
   ---------- S1 -------- 
 12. S1 from TALYS: 0.397752
   ---------- S2 -------- 
 13. S2 from TALYS: 4.83824
   ---------- D0 -------- 
 14. D0 from TALYS: 274.963 eV
   ---------- D1 -------- 
 15. D1 from TALYS: 94.4043 eV
   ---------- D2 -------- 
 16. D2 from TALYS: 60.0924 eV
   ---------- G0 -------- 
 17. Gg0 from TALYS: 0.0376106 eV
   ---------- G1 -------- 
 18. Gg1 from TALYS: 0.0350819 eV
   ---------- G2 -------- 
 19. Gg2 from TALYS: 0.0362616 eV


   ---------------------- 
 ... Read resonance parameters (format: 2: Multi Level Breit Wigner)
 ... 0 resonances found 
 ... possibly no resonances in the Resonance directory for this isotope and options
 ... Use HFR (ladder) behavior 
 --> 21. Number of resonances from the input file: 2 up to 137.482 eV
 22. Read nuclear quantities (mass, MAT...)
 23. Read thermal (n,g) xs 
 24. Read the scattering radius 
 25. Read uncertainty on Gg for 2 resonances
 26. Read uncertainty on Gg for 2 resonances ... done
 ... order resonances 
 ... Upper limit for the RRR: 137.482 eV (no statistical resonances HFR) from the limit.RRR file
 ... Write parameters for l=0 waves
 ... End writing original MF2 
 ... No RRR in the database: uncertainties on default parameters multiplied by 1.99753
 ... Enter in urr function (ladder option set to y) for file n-Gd162
 ... read the file /Users/koning/tares-1.8/source/Module//../../inputs/2025/list.jcs.urr to find URR origin
 Default URR taken from TALYS calculations with level density model: 91n3n12611.2850
 File considered for the URR: /Users/koning/tares-1.8/source/Module//../../inputs/2025/lib.urr/talys.urr/91n3n12611.2850/Gd/urr/urr.dat.Gd.162.000.0.gz
 ... Write URR using TALYS average parameters (used for HFR)
 ... Limit of URR changed to 25 keV (recommendation from WPEC and JEFF)
 ... ---> Emax(RRR) taken from the file limit.ladder: 10000 eV <---
 ... (File limit.ladder: /Users/koning/tares-1.8/source/Module//../../inputs/2025/limit.ladder.91n3n12611.2850)
 ... read D0, S0, Gn and Gg
 ... number of URR energies: 1050
 Number of l: 1050 and last energy: 5
 Last  URR energy: 10000 eV
 ... Enter in to_MLBW_mf2 function
 ... Convert to Multi Level Breit Wigner (MLBW)
 ... Write parameter covariances (MF32) for l=0
 ... Convert parameter covariances (MF32) to MLBW
 ... copy the mf2 and mf32 to .mlbw files
 ... Enter in urr_correct function case 1
 Modify the higher limit of RRR in MF2
 --> old value: 1.381691+2 eV new value: 1.000000-2 eV
 Modify resonance covariances (MF32) to include correlations in the URR
 End Modify resonance covariances (MF32) to include correlations in the URR
 ... Enter in calendf_xs function
 Use CALENDF for statistical resonances (update MF2) up to 1.000000+4 eV (initial limit)
 Extract resonances from CALENDF for RRR->URR 2
 331 statistical resonances found
 After reduction, 252 statistical resonances found
 ... checking resonance order 1
 ... checking resonance order 2nd round for 250 resonances
 ... end checking resonance order 2nd round
 Too many resonances (250): reduced to 100.
 .......................................................
 ... Adjustment to the thermal cross section : start ...
 .......................................................

 Before adjustment (adjustment to the thermal cross section set to y)
 ... Import MF2 from TARES calculations
 ... End energy of TARES MF2 : 4.536117E+3 eV and limit to 40000 resonances
 ... File used for reconstruction: new.temp22.reconst
 ... run RECENT ...
 ... Doppler broadened at a unique temperature: 300 Kelvin using sigma1
 ... run SIGMA1 at 3.000000E+02 K.

 ============== INTER values at 300 Kelvin ==============
 Thermal (n,g) xs =  0.824397 b. (meas/sys: 12.9963 b.) (warning: comparison to be done at 296 or 300 K)
 Th Maxw (n,g) xs =  0.82916 b. (thermal Maxwellian value)
 Westcott factor  =  1.00578
 RI      (n,g)    =  3.13109 b. (meas or sys: - b.)
 MACS 3.000e+04 eV=  0.083645 b. (meas or sys: - b.) from 1.00E+00 to 2.00E+07 eV (end of RRR) at T= 300 Kelvin 
 Thermal (n,el) xs=  0.969189 b.
 RI      (n,el)   =  323.047 b.
 ============= PSYCHE values ==============
 Ave. G_total L0  =  10.4204 eV
 Ave. G_total L1  =  0.0388747 eV
 Ave. G_total L2  =  0.0347309 eV
 Ave. Gn_0    L0  =  0.225746
 Ave. Gn_0    L1  =  0.012176
 Ave. Gn_0    L2  =  0.0911499
 Ave. Gg      L0  =  0.0376299 eV
 Ave. Gg      L1  =  0.0345244 eV
 Ave. Gg      L2  =  0.0346971 eV
 Ave. D       L0  =  266.83 eV
 Ave. D       L1  =  162.004 eV
 Ave. D       L2  =  119.372 eV
 Ave. S       L0  =  0.000895793 eV
 Ave. S       L1  =  3.73297e-05 eV
 Ave. S       L2  =  0.000431126 eV
 =========================================
 Calculated capture integral   3.13109 b.
 Calculated thermal (n,g)=          .824397370 b. and recommended= 12.9963 b. (C/E= 0.0634332)
 Calculated RI      (n,g)= 3.13109 b. (no reference value)
 ... tolerances: thermal (n,g) 20 % (reference uncertainties, minimum 2% and 5%, maximum 20%)
 Adjust the capture widths ...
 ... capture adjusted with Gn for 80 resonances (Gn<Gg) and with Gg for 20 resonances
 ... iteration 0: C/E thermal (n,g)= 0.0634332
 Warning: 100 widths limited to a change of a factor 10 from their starting values

 <-------- After adjustment -------->
 ... Import MF2 from TARES calculations
 ... End energy of TARES MF2 : 4.536117E+3 eV and limit to 40000 resonances
 ... File used for reconstruction: new.temp22.reconst
 ... run RECENT ...
 ... Doppler broadened at a unique temperature: 300 Kelvin using sigma1
 ... run SIGMA1 at 3.000000E+02 K.

 ============== INTER values at 300 Kelvin ==============
 Thermal (n,g) xs =  8.24397 b. (meas/sys: 12.9963 b.) (warning: comparison to be done at 296 or 300 K)
 Th Maxw (n,g) xs =  8.2916 b. (thermal Maxwellian value)
 Westcott factor  =  1.00578
 RI      (n,g)    =  22.8173 b. (meas or sys: - b.)
 MACS 3.000e+04 eV=  0.10812 b. (meas or sys: - b.) from 1.00E+00 to 2.00E+07 eV (end of RRR) at T= 300 Kelvin 
 Thermal (n,el) xs=  0.969147 b.
 RI      (n,el)   =  307.311 b.
 ============= PSYCHE values ==============
 Ave. G_total L0  =  10.7406 eV
 Ave. G_total L1  =  0.078027 eV
 Ave. G_total L2  =  0.0350346 eV
 Ave. Gn_0    L0  =  0.225751
 Ave. Gn_0    L1  =  0.12176
 Ave. Gn_0    L2  =  0.911499
 Ave. Gg      L0  =  0.357484 eV
 Ave. Gg      L1  =  0.0345244 eV
 Ave. Gg      L2  =  0.0346971 eV
 Ave. D       L0  =  266.83 eV
 Ave. D       L1  =  162.004 eV
 Ave. D       L2  =  119.372 eV
 Ave. S       L0  =  0.000895814 eV
 Ave. S       L1  =  0.000373297 eV
 Ave. S       L2  =  0.00431126 eV
 =========================================
 ... iteration 1: C/E thermal (n,g)= 0.634332
 Warning: 100 widths limited to a change of a factor 10 from their starting values

 <-------- After adjustment -------->
 ... Import MF2 from TARES calculations
 ... End energy of TARES MF2 : 4.536117E+3 eV and limit to 40000 resonances
 ... File used for reconstruction: new.temp22.reconst
 ... run RECENT ...
 ... Doppler broadened at a unique temperature: 300 Kelvin using sigma1
 ... run SIGMA1 at 3.000000E+02 K.

 ============== INTER values at 300 Kelvin ==============
 Thermal (n,g) xs =  8.24397 b. (meas/sys: 12.9963 b.) (warning: comparison to be done at 296 or 300 K)
 Th Maxw (n,g) xs =  8.2916 b. (thermal Maxwellian value)
 Westcott factor  =  1.00578
 RI      (n,g)    =  22.8173 b. (meas or sys: - b.)
 MACS 3.000e+04 eV=  0.10812 b. (meas or sys: - b.) from 1.00E+00 to 2.00E+07 eV (end of RRR) at T= 300 Kelvin 
 Thermal (n,el) xs=  0.969147 b.
 RI      (n,el)   =  307.311 b.
 ============= PSYCHE values ==============
 Ave. G_total L0  =  10.7406 eV
 Ave. G_total L1  =  0.078027 eV
 Ave. G_total L2  =  0.0350346 eV
 Ave. Gn_0    L0  =  0.225751
 Ave. Gn_0    L1  =  0.12176
 Ave. Gn_0    L2  =  0.911499
 Ave. Gg      L0  =  0.357484 eV
 Ave. Gg      L1  =  0.0345244 eV
 Ave. Gg      L2  =  0.0346971 eV
 Ave. D       L0  =  266.83 eV
 Ave. D       L1  =  162.004 eV
 Ave. D       L2  =  119.372 eV
 Ave. S       L0  =  0.000895814 eV
 Ave. S       L1  =  0.000373297 eV
 Ave. S       L2  =  0.00431126 eV
 =========================================
 ... iteration 2: C/E thermal (n,g)= 0.634332
 Warning: no further change possible (widths at the limit of a factor 10): adjustment stopped


 ... ratio C/E thermal (n,g): 6.343319E-01
 ...................................................... 
 ... Adjustment to the thermal cross section : stop ...
 ...................................................... 
 ... new MF2 file after adjustment: n-Gd162
 ... read the file /Users/koning/tares-1.8/source/Module//../../inputs/2025/list.jcs.urr to find URR origin
 Default URR taken from TALYS calculations with level density model: 91n3n12611.2850
 File considered for the URR: /Users/koning/tares-1.8/source/Module//../../inputs/2025/lib.urr/talys.urr/91n3n12611.2850/Gd/urr/urr.dat.Gd.162.000.0.gz
 ... Write URR using TALYS average parameters (not used for HFR)
 ... Limit of URR changed to 25 keV (recommendation from WPEC and JEFF)
 ... read D0, S0, Gn and Gg
 ... number of URR energies: 235
 Number of l: 235 and last energy: 5
 Last  URR energy: 70884 eV
 ... Enter in urr_correct function case 2
 Modify the higher limit of RRR in MF2
 --> old value: 4.536117+3 eV new value: 4.536117+3 eV
 Modify resonance covariances (MF32) to include correlations in the URR
 End Modify resonance covariances (MF32) to include correlations in the URR
 ... Enter in update_MF32 function
 ... Change uncertainties
 ... for the HFR, random position of the positive resonances with 0.020000 %
 ... end of update MF32 function
 ... GLS calculation of the parameter correlations from the thermal/RI adjustment (MF32c)
 ... MF32: correlations from the thermal/RI adjustment (GLS) for 9 resonances (18 widths), 3 correlation lines
 ...   thermal (n,g): uncertainty from these widths 2.30534 b. -> 2.2347 b. (reference: 12.9963 +/- 9.09741 b.)
 ... copy the mf2 and mf32 to .mlbw files

 ... Start of final reconstruction and testing ...
 ... Reconstruction of cross sections at 0 Kelvin  ... Import MF2 from TARES calculations
 ... End energy of TARES MF2 : 4.536117E+3 eV and limit to 40000 resonances
 ... File used for reconstruction: n-Gd162.reconst
 ... run RECENT ...
 ... Doppler broadened at a unique temperature: 0 Kelvin using sigma1
 ... The keyword temperature is zero, no Doppler broadening for the MACS

 ============== INTER values at 0 Kelvin ==============
 Thermal (n,g) xs =  8.23962 b. (meas/sys: 12.9963 b.) (warning: comparison to be done at 296 or 300 K)
 Th Maxw (n,g) xs =  8.2439 b. (thermal Maxwellian value)
 Westcott factor  =  1.00051
 RI      (n,g)    =  22.7631 b. (meas or sys: - b.)
 MACS 3.000e+04 eV=  0.10761 b. (meas or sys: - b.) from 1.00E+00 to 4.54E+03 eV (end of RRR) at T= 0 Kelvin 
 Thermal (n,el) xs=  0.966103 b.
 RI      (n,el)   =  306.195 b.
 ============= PSYCHE values ==============
 Ave. G_total L0  =  10.7406 eV
 Ave. G_total L1  =  0.078027 eV
 Ave. G_total L2  =  0.0350346 eV
 Ave. Gn_0    L0  =  0.225751
 Ave. Gn_0    L1  =  0.12176
 Ave. Gn_0    L2  =  0.911499
 Ave. Gg      L0  =  0.357484 eV
 Ave. Gg      L1  =  0.0345244 eV
 Ave. Gg      L2  =  0.0346971 eV
 Ave. D       L0  =  266.83 eV
 Ave. D       L1  =  162.004 eV
 Ave. D       L2  =  119.372 eV
 Ave. S       L0  =  0.000895814 eV
 Ave. S       L1  =  0.000373297 eV
 Ave. S       L2  =  0.00431126 eV
 =========================================
 ... End of final reconstruction and testing ...

 ... grouping is not optimum, change to 70 groups
 ... Produce MF33 based on MF32 and 6 random files
 ... MF3 of n-Gd162.reconst (3 sections) added to the files for ENDSAM
 ... run endsam for 6 in groups of 1 global run
 ... run endsam from 1 to 6
 ... random files: total width GT set to Gn+Gg+Gf (600 resonances in 6 files)
 ... reorder resonance position after endsam (sampling)
 ... preparing the vectors  ... done
 ... nominal file 0 Cap(th)  ave= 8.240E+00 b. +/- 0.00 % || Ela(th) ave= 9.661E-01 b. +/- 0.00 % || RIcap ave= 2.28E+01 b. +/- 0.00 % || Macs30 ave= 1.08E-01 b. +/- 0.00 % || Gn^0(l=0) ave= 2.258E-01 +/- 0.00 % Gn^0(l=1) ave= 1.218E-01 +/- 0.00 % Gn^0(l=2) ave= 9.115E-01 +/- 0.00 % Gn^0(l=3) ave= 0.000E+00 +/- 0.00 % || Gtotal(l=0) ave= 1.074E+01 +/- 0.00 % Gtotal(l=1) ave= 7.803E-02 +/- 0.00 % Gtotal(l=2) ave= 3.503E-02 +/- 0.00 % Gtotal(l=3) ave= 0.000E+00 +/- 0.00 %  % || Gg(l=0) ave= 3.575E-01 +/- 0.00 % Gg(l=1) ave= 3.452E-02 +/- 0.00 % Gg(l=2) ave= 3.470E-02 +/- 0.00 % Gg(l=3) ave= 0.000E+00 +/- 0.00 %  % || D(l=0) ave= 2.668E+02 +/- 0.00 % D(l=1) ave= 1.620E+02 +/- 0.00 % D(l=2) ave= 1.194E+02 +/- 0.00 % D(l=3) ave= 0.000E+00 +/- 0.00 %  % || S(l=0) ave= 8.958E-04 +/- 0.00 % S(l=1) ave= 3.733E-04 +/- 0.00 % S(l=2) ave= 4.311E-03 +/- 0.00 % S(l=3) ave= 0.000E+00 +/- 0.00 % 
 ... random file  1 Cap(th)  ave= 9.524E+00 b. +/- 13.49 % || Ela(th) ave= 9.959E-01 b. +/- 2.99 % || RIcap ave= 2.72E+01 b. +/- 16.17 % || Macs30 ave= 1.08E-01 b. +/- 0.59 % || Gn^0(l=0) ave= 2.325E-01 +/- 2.89 % Gn^0(l=1) ave= 1.198E-01 +/- 1.63 % Gn^0(l=2) ave= 8.808E-01 +/- 3.48 % Gn^0(l=3) ave= 0.000E+00 +/- 0.00 % || Gtotal(l=0) ave= 1.106E+01 +/- 2.89 % Gtotal(l=1) ave= 7.544E-02 +/- 3.43 % Gtotal(l=2) ave= 3.537E-02 +/- 0.94 % Gtotal(l=3) ave= 0.000E+00 +/- 0.00 %  % || Gg(l=0) ave= 3.772E-01 +/- 5.22 % Gg(l=1) ave= 3.193E-02 +/- 8.12 % Gg(l=2) ave= 3.503E-02 +/- 0.95 % Gg(l=3) ave= 0.000E+00 +/- 0.00 %  % || D(l=0) ave= 2.752E+02 +/- 3.03 % D(l=1) ave= 1.620E+02 +/- 0.00 % D(l=2) ave= 1.194E+02 +/- 0.00 % D(l=3) ave= 0.000E+00 +/- 0.00 %  % || S(l=0) ave= 8.961E-04 +/- 0.04 % S(l=1) ave= 3.676E-04 +/- 1.56 % S(l=2) ave= 4.166E-03 +/- 3.48 % S(l=3) ave= 0.000E+00 +/- 0.00 % 
 ... random file  2 Cap(th)  ave= 8.398E+00 b. +/- 22.71 % || Ela(th) ave= 1.045E+00 b. +/- 7.01 % || RIcap ave= 2.48E+01 b. +/- 19.94 % || Macs30 ave= 1.06E-01 b. +/- 2.81 % || Gn^0(l=0) ave= 2.305E-01 +/- 2.68 % Gn^0(l=1) ave= 1.180E-01 +/- 2.54 % Gn^0(l=2) ave= 8.538E-01 +/- 5.35 % Gn^0(l=3) ave= 0.000E+00 +/- 0.00 % || Gtotal(l=0) ave= 1.094E+01 +/- 2.83 % Gtotal(l=1) ave= 7.569E-02 +/- 2.83 % Gtotal(l=2) ave= 3.589E-02 +/- 2.18 % Gtotal(l=3) ave= 0.000E+00 +/- 0.00 %  % || Gg(l=0) ave= 3.475E-01 +/- 12.91 % Gg(l=1) ave= 3.209E-02 +/- 6.63 % Gg(l=2) ave= 3.555E-02 +/- 2.20 % Gg(l=3) ave= 0.000E+00 +/- 0.00 %  % || D(l=0) ave= 2.724E+02 +/- 2.89 % D(l=1) ave= 1.620E+02 +/- 0.00 % D(l=2) ave= 1.194E+02 +/- 0.00 % D(l=3) ave= 0.000E+00 +/- 0.00 %  % || S(l=0) ave= 8.970E-04 +/- 0.14 % S(l=1) ave= 3.618E-04 +/- 2.60 % S(l=2) ave= 4.039E-03 +/- 5.34 % S(l=3) ave= 0.000E+00 +/- 0.00 % 
 ... random file  3 Cap(th)  ave= 8.119E+00 b. +/- 21.20 % || Ela(th) ave= 1.070E+00 b. +/- 7.22 % || RIcap ave= 2.30E+01 b. +/- 22.93 % || Macs30 ave= 1.06E-01 b. +/- 2.45 % || Gn^0(l=0) ave= 2.287E-01 +/- 2.71 % Gn^0(l=1) ave= 1.176E-01 +/- 2.27 % Gn^0(l=2) ave= 8.449E-01 +/- 5.03 % Gn^0(l=3) ave= 0.000E+00 +/- 0.00 % || Gtotal(l=0) ave= 1.086E+01 +/- 2.77 % Gtotal(l=1) ave= 7.437E-02 +/- 3.95 % Gtotal(l=2) ave= 3.713E-02 +/- 6.10 % Gtotal(l=3) ave= 0.000E+00 +/- 0.00 %  % || Gg(l=0) ave= 3.545E-01 +/- 11.49 % Gg(l=1) ave= 3.070E-02 +/- 9.91 % Gg(l=2) ave= 3.680E-02 +/- 6.16 % Gg(l=3) ave= 0.000E+00 +/- 0.00 %  % || D(l=0) ave= 2.710E+02 +/- 2.66 % D(l=1) ave= 1.620E+02 +/- 0.00 % D(l=2) ave= 1.194E+02 +/- 0.00 % D(l=3) ave= 0.000E+00 +/- 0.00 %  % || S(l=0) ave= 8.942E-04 +/- 0.56 % S(l=1) ave= 3.606E-04 +/- 2.33 % S(l=2) ave= 3.996E-03 +/- 5.02 % S(l=3) ave= 0.000E+00 +/- 0.00 % 
 ... random file  4 Cap(th)  ave= 8.052E+00 b. +/- 19.19 % || Ela(th) ave= 1.148E+00 b. +/- 14.90 % || RIcap ave= 2.29E+01 b. +/- 20.63 % || Macs30 ave= 1.08E-01 b. +/- 3.07 % || Gn^0(l=0) ave= 2.276E-01 +/- 2.60 % Gn^0(l=1) ave= 1.150E-01 +/- 5.06 % Gn^0(l=2) ave= 8.103E-01 +/- 9.74 % Gn^0(l=3) ave= 0.000E+00 +/- 0.00 % || Gtotal(l=0) ave= 1.084E+01 +/- 2.53 % Gtotal(l=1) ave= 7.414E-02 +/- 3.60 % Gtotal(l=2) ave= 3.673E-02 +/- 5.94 % Gtotal(l=3) ave= 0.000E+00 +/- 0.00 %  % || Gg(l=0) ave= 3.741E-01 +/- 14.29 % Gg(l=1) ave= 3.050E-02 +/- 9.01 % Gg(l=2) ave= 3.639E-02 +/- 6.00 % Gg(l=3) ave= 0.000E+00 +/- 0.00 %  % || D(l=0) ave= 2.702E+02 +/- 2.47 % D(l=1) ave= 1.620E+02 +/- 0.00 % D(l=2) ave= 1.194E+02 +/- 0.00 % D(l=3) ave= 0.000E+00 +/- 0.00 %  % || S(l=0) ave= 8.928E-04 +/- 0.59 % S(l=1) ave= 3.525E-04 +/- 5.06 % S(l=2) ave= 3.833E-03 +/- 9.73 % S(l=3) ave= 0.000E+00 +/- 0.00 % 
 ... random file  5 Cap(th)  ave= 8.729E+00 b. +/- 23.70 % || Ela(th) ave= 1.066E+00 b. +/- 22.69 % || RIcap ave= 2.59E+01 b. +/- 30.94 % || Macs30 ave= 1.08E-01 b. +/- 2.99 % || Gn^0(l=0) ave= 2.274E-01 +/- 2.39 % Gn^0(l=1) ave= 1.190E-01 +/- 8.82 % Gn^0(l=2) ave= 8.749E-01 +/- 18.45 % Gn^0(l=3) ave= 0.000E+00 +/- 0.00 % || Gtotal(l=0) ave= 1.084E+01 +/- 2.31 % Gtotal(l=1) ave= 7.705E-02 +/- 9.01 % Gtotal(l=2) ave= 3.527E-02 +/- 10.83 % Gtotal(l=3) ave= 0.000E+00 +/- 0.00 %  % || Gg(l=0) ave= 3.843E-01 +/- 14.01 % Gg(l=1) ave= 3.349E-02 +/- 21.32 % Gg(l=2) ave= 3.494E-02 +/- 10.93 % Gg(l=3) ave= 0.000E+00 +/- 0.00 %  % || D(l=0) ave= 2.696E+02 +/- 2.31 % D(l=1) ave= 1.620E+02 +/- 0.00 % D(l=2) ave= 1.194E+02 +/- 0.00 % D(l=3) ave= 0.000E+00 +/- 0.00 %  % || S(l=0) ave= 8.935E-04 +/- 0.58 % S(l=1) ave= 3.650E-04 +/- 8.89 % S(l=2) ave= 4.139E-03 +/- 18.47 % S(l=3) ave= 0.000E+00 +/- 0.00 % 
 ... random file  6 Cap(th)  ave= 8.852E+00 b. +/- 21.90 % || Ela(th) ave= 1.148E+00 b. +/- 26.26 % || RIcap ave= 2.57E+01 b. +/- 28.88 % || Macs30 ave= 1.08E-01 b. +/- 3.01 % || Gn^0(l=0) ave= 2.291E-01 +/- 2.88 % Gn^0(l=1) ave= 1.159E-01 +/- 10.74 % Gn^0(l=2) ave= 8.320E-01 +/- 21.96 % Gn^0(l=3) ave= 0.000E+00 +/- 0.00 % || Gtotal(l=0) ave= 1.091E+01 +/- 2.63 % Gtotal(l=1) ave= 7.694E-02 +/- 8.36 % Gtotal(l=2) ave= 3.466E-02 +/- 11.09 % Gtotal(l=3) ave= 0.000E+00 +/- 0.00 %  % || Gg(l=0) ave= 3.751E-01 +/- 14.58 % Gg(l=1) ave= 3.338E-02 +/- 19.82 % Gg(l=2) ave= 3.432E-02 +/- 11.19 % Gg(l=3) ave= 0.000E+00 +/- 0.00 %  % || D(l=0) ave= 2.716E+02 +/- 2.77 % D(l=1) ave= 1.620E+02 +/- 0.00 % D(l=2) ave= 1.194E+02 +/- 0.00 % D(l=3) ave= 0.000E+00 +/- 0.00 %  % || S(l=0) ave= 8.942E-04 +/- 0.56 % S(l=1) ave= 3.553E-04 +/- 10.81 % S(l=2) ave= 3.936E-03 +/- 21.98 % S(l=3) ave= 0.000E+00 +/- 0.00 % 
 ... Histogram plot for thermal (n,g)
 ... Write covariances  ... MT1  ... plot correlations
 ... MT2  ... MT102 


 ================================================
 ============== From 6 random values === start ======
 Thermal (n,tot) xs  0 K =  10 b. +/- 1.83457 b. ( 18.3456 %) skew= +0.10 +/- 0.79
 Thermal (n,el) xs   0 K =  1.14838 b. +/- 0.30158 b. ( 26.2613 %) skew= +0.12 +/- 0.79
 Thermal (n,g) xs    0 K =  8.85166 b. +/- 1.93883 b. ( 21.9036 %) skew= +0.34 +/- 0.79
 RI      (n,g)       0 K =  25.7164 b. +/- 7.42682 b. ( 28.8798 %) 
 MACS    (n,g)       0 K (at Emacs= 30000 eV) =  0.107553 b. +/- 0.00323591 b. ( 3.00867 %) 
 Ave. Gtotal  L=0        =  1.091E+01 +/- 2.63 %
 Ave. Gn^(0)  L=0        =  2.291E-01 +/- 2.88 %
 Ave. Gg      L=0        =  3.751E-01 +/- 14.58 %
 Ave. D       L=0        =  2.716E+02 +/- 2.77 %
 Ave. S       L=0        =  8.942E-04 +/- 0.56 %
 Ave. Gtotal  L=1        =  7.694E-02 +/- 8.36 %
 Ave. Gn^(1)  L=1        =  1.159E-01 +/- 10.74 %
 Ave. Gg      L=1        =  3.338E-02 +/- 19.82 %
 Ave. D       L=1        =  1.620E+02 +/- 0.00 %
 Ave. S       L=1        =  3.553E-04 +/- 10.81 %
 Ave. Gtotal  L=2        =  3.466E-02 +/- 11.09 %
 Ave. Gn^(2)  L=2        =  8.320E-01 +/- 21.96 %
 Ave. Gg      L=2        =  3.432E-02 +/- 11.19 %
 Ave. D       L=2        =  1.194E+02 +/- 0.00 %
 Ave. S       L=2        =  3.936E-03 +/- 21.98 %

 Expected Thermal (n,g) (syst or meas)= 12.9963 b. +/- 9.09741 b. nominal: 8.23962 b.
 ratio Calculated/expected thermal (n,g): 0.68 ratio DCalculated/Dexpected: 0.21 ratio Calculated/Nominal: 1.07
 ============== From 6 random values ===== stop ======
 ================================================
 ... Calculation of (n,a) and (n,p) cross sections at 300 K
 ... thermal (n,a) cross section is 2.39227e-08 +/- 1.19614e-08 b.
 ... thermal (n,a) cross section is 3.74969e-08 b. (random case 1)
 ... thermal (n,a) cross section is 1.98745e-08 b. (random case 2)
 ... thermal (n,a) cross section is 3.67737e-08 b. (random case 3)
 ... thermal (n,a) cross section is 4.33898e-09 b. (random case 4)
 ... thermal (n,a) cross section is 2.35595e-08 b. (random case 5)
 ... thermal (n,a) cross section is 3.73736e-08 b. (random case 6)
 ... (n,p) Q-value negative for this element
 ... Rewrite index for MF2
 ... Write text for MF1 in file mf1.tares.txt
 ... plotting cross sections for the MF1
 ... order output files


================== summary ==================
 Thermal (n,tot) xs = 9.20572 b. 
 Thermal (n,el)  xs = 0.966103 b. 
 Thermal (n,g)   xs = 8.23962 b. (meas/sys: 12.9963 b.)
 At 300 K (thermal adjustment): (n,el) = 0.969147 b., (n,g) = 8.24397 b.

 RI      (n,g)      = 22.7631 b. (meas or sys: - b.)
 RI      (n,el)     = 306.195 b.
=============================================


 ... cleaning
                                                 
  -------------------------------------------------------------
  -                                                           -
  - TARES: successful end of run with data from hypothetical  -
  - resonances for  Z= 64, A= 162 and isomer= 0               -
  - half-life: 8.400000 min. 
  -                                                           -
  -------------------------------------------------------------

   Running time:       16 seconds

 End time: Fri Oct  9 13:01:16 2026

