
  -------------------------------------------------------------
  -                                                           -
  -              Welcome to TARES version 1.8                 -
  -                                                           -
  -  (C) Copyright 2007-2025 D. Rochman, All Rights Reserved  -
  -           NRG, Petten, the Netherlands 2007-2014          -
  -           PSI, Villigen    Switzerland 2015-2025          -
  -         Nagra, Wettingen   Switzerland 2025-              -
  -           (Last Modified October 06, 2026)                -
  -           (Database from October 06, 2026)                -
  -                                                           -
  -------------------------------------------------------------


  ---------------------------------------------
   Compilation information:
   Compiled on:         Oct  7 2026, 09:32:19
   Compiled by:         koning
   Compiler version:    clang++ - 21.0.0
   Source location:     /Users/koning/tares-1.8/source/Module/
   Binaries location:   /Users/koning/bin
   System:              Darwin 25.6.0
   System version:      Darwin Kernel Version 25.6.0: Fri Jul 31 19:19:08 PDT 2026; root:xnu-12377.161.14~5/RELEASE_ARM64_T6050  
   Machine:             arm64 
  ---------------------------------------------

   User information:
   User name:           koning
   Running directory:   /Users/koning/tendl/resbase/Mt281/work
   Owner mode for running directory : rwx
   Group mode for running directory : r-x
  ---------------------------------------------


 Starting time: Wed Oct  7 11:38:27 2026
 ... inputs directory found (/Users/koning/tares-1.8/source/Module//../../inputs/).
 ... It will be used for resonance parameters 
 ... ###############################################
 ... #     read the input file tares.inp
 ... ###############################################
 ... line: #
 ... line: # Input file generated by Autorochman
          --> line not read
 ... line: #
 ... line: isotope    Mt
          --> Isotope name: Mt
 ... line: mass       281
          --> isotopic mass: 281
 ... line: output     n-Mt281
         ---> Name of the output files: n-Mt281
 ... line: isomer     0
          --> isomeric state: 0
 ... line: mf32mf33   y
          --> MF33 based on MF32: y
 ... line: nbrRandom  6
          --> Nbr of random files: 6
 ... ###############################################
 ... # end read the input file tares.inp
 ... ###############################################
Value for random generator type not considered in since Tares 1.7 due to compilation issues

 ... ###############################################
     #   Interpretation of the Input definition    #
     ###############################################

 ... Default energy limit: End of resonance region
 ... Nuclear charge    = 109
 ... Element           = Mt
 ... Mass              = 281
 ... Isomer            = 0
 ... Correlation for (Gn,Gg) not included in random files
 ... Default random option: No random
 ... Output name: n-Mt281
 ... Energy for the MACS: 30000 eV
 ... Resonances from CALENDF reduced (reduce=y) 
 ... For URR, level density model from TALYS selected: 91n3n12611.2850 (see manual for description)
 ... Random Generator: default (pseudo random numbers from ansi c++)
 ... Reconstruction of cross section selected
 ... Doppler broadening at 0 Kelvin
 ... URR not included (from the input file flag)
 ... Weight for grouping is flat
 ... Calculation of (n,alpha) cross section selected
 ... Number of digit for MF32c covariance representation: 2
 ... MF32 included
 ... MF33 will be used for covariance processing
 ... TENDL option set to yes (automatic choice of MF2 and format)
 ... Isotope not found in the best file --> use of MLBW formalism
 ... default option: Multi level Breit Wigner approximation selected
 ... (check file best.tendl.yes for changing this option)
 ... Retroactive option set to no with the 2025 option
 ... ladder option set to yes (CALENDF will be used for statistical resonances)

 ... ###############################################
     #           End of Input definition           #
     ###############################################

 ... gnuplot found, will be used for plotting
 ... latex found, will be used for plotting
 ... dvips found, will be used for plotting
 ... ps2epsi not found, limited plotting available
 ... uncertainties on default parameters multiplied by 1.71825
 ... Read resonance data from the 2025 directory
 ... Resonance parameters taken from /Users/koning/tares-1.8/source/Module//../../inputs/2025/Resonance/default/
 ---> Processing Z= 109 and A= 281 and isomer= 0 (level number: 0)
 Exfor path; Could not find /Users/koning/tares-1.8/source/Module//../../inputs/exfor/Mt281/xs/102
Thermal file; Could not open file /Users/koning/tares-1.8/source/Module//../../inputs/2025/runThermal/results//thermal.mxw.ng.cendl3.1
Thermal file; Could not open file /Users/koning/tares-1.8/source/Module//../../inputs/2025/runThermal/results//thermal.mxw.ng.brond3.1
Thermal file; Could not open file /Users/koning/tares-1.8/source/Module//../../inputs/2025/runThermal/results//thermal.xs.ng.unc.cendl3.1
 ... spin taken from the final/ directory (1)

 ... ###############################################
 ... #  Nucleus global parameters (2025 database)  #
 ... ###############################################
 0. Half-life: 1 sec. 
 ... Scattering radius from TALYS: /Users/koning/tares-1.8/source/Module//../../inputs/2025/lib.urr/talys.urr/
 1. Spin of the target isotope: 6.5
 2. Relative Atomic Mass from hfbd1m: 281.162
 3. Scattering radius (local compilation): 8.67774 fm +/- 0.208266 fm
      .......................................
      ... Thermal capture cross sections: ...
 4. Thermal (n,g) cross section from systematics: 172.7 +/- 146.795 b.
      .......................................
      ...  Thermal total cross sections:  ...
      .......................................
      ... Thermal elastic cross sections: ...
 5. Thermal (n,el) cross section from potential (4piR^2): 10.9058 +/- 0.545292 b.
      .......................................
             ... Resonance integral: ...
 6. No capture integral found in /Users/koning/tares-1.8/source/Module//../../inputs/capture.integral
 ... no RI(n,g) found in local compilation, take 2018 value.
 ... no RI(n,g) found in local compilation, take Sukhoruchkin value.
 7. Thermal (n,f) cross section from systematics: 34.8414 +/- 27.8731 b.
   ---- MACS 30 keV ----- 
 8. TALYS MACS 30 keV (HF): 1.02836e-09 b. 
   ---------- S0 -------- 
 9. S0 from TALYS: 0.394288
   ---------- S1 -------- 
 10. S1 from TALYS: 0
   ---------- S2 -------- 
 11. S2 from TALYS: 0.413397
   ---------- D0 -------- 
 12. D0 from TALYS: 0.0201901 eV
   ---------- D1 -------- 
 13. D1 from TALYS: 0.0102538 eV
   ---------- D2 -------- 
 14. D2 from TALYS: 0.00701606 eV
   ---------- G0 -------- 
 15. Gg0 from TALYS: 0.0126734 eV
   ---------- G1 -------- 
 16. Gg1 from TALYS: 0.0129122 eV
   ---------- G2 -------- 
 17. Gg2 from TALYS: 0.013117 eV


   ---------------------- 
 ... Read resonance parameters (format: 2: Multi Level Breit Wigner)
 ... 0 resonances found 
 ... possibly no resonances in the Resonance directory for this isotope and options
 ... Use HFR (ladder) behavior 
 --> 18. Number of resonances from the input file: 2 up to 0.010095 eV
 19. Read nuclear quantities (mass, MAT...)
 20. Read thermal (n,g) xs 
 21. Read the scattering radius 
 22. Read uncertainty on Gg for 2 resonances
 23. Read uncertainty on Gg for 2 resonances ... done
 24. Read uncertainty on Gf1
 25. Read uncertainty on Gf2
 ... order resonances 
 ... Upper limit for the RRR: 0.010095 eV (no statistical resonances HFR) from the limit.RRR file
 ... Write parameters for l=0 waves
 ... End writing original MF2 
 ... No RRR in the database: uncertainties on default parameters multiplied by 1.99753
 ... Enter in urr function (ladder option set to y) for file n-Mt281
 ... read the file /Users/koning/tares-1.8/source/Module//../../inputs/2025/list.jcs.urr to find URR origin
 Default URR taken from TALYS calculations with level density model: 91n3n12611.2850
 File considered for the URR: /Users/koning/tares-1.8/source/Module//../../inputs/2025/lib.urr/talys.urr/91n3n12611.2850/Mt/urr/urr.dat.Mt.281.000.0.gz
 ... Write URR using TALYS average parameters (used for HFR)
 ... Limit of URR changed to 25 keV (recommendation from WPEC and JEFF)
 ... ---> Emax(RRR) taken from the file limit.ladder: 100 eV <---
 ... (File limit.ladder: /Users/koning/tares-1.8/source/Module//../../inputs/2025/limit.ladder.91n3n12611.2850)
 ... read D0, S0, Gn and Gg
 ... number of URR energies: 1752
 Number of l: 1752 and last energy: 12
 Last  URR energy: 100 eV
 ... Enter in to_MLBW_mf2 function
 ... Convert to Multi Level Breit Wigner (MLBW)
 ... Write parameter covariances (MF32) for l=0
 ... Convert parameter covariances (MF32) to MLBW
 ... copy the mf2 and mf32 to .mlbw files
 ... Enter in urr_correct function case 1
 Modify the higher limit of RRR in MF2
 --> old value: 1.014600-2 eV new value: 1.000000-2 eV
 Modify resonance covariances (MF32) to include correlations in the URR
 End Modify resonance covariances (MF32) to include correlations in the URR
 ... Enter in calendf_xs function
 Use CALENDF for statistical resonances (update MF2) up to 1.000000+2 eV (initial limit)
 Extract resonances from CALENDF for RRR->URR 2
 More than 5000 resonances found (15892 statistical resonances found)
 Reduction to 100 resonances based on the half-life of the isotope
 After reduction, 101 statistical resonances found
 ... checking resonance order 1
 ... checking resonance order 2nd round for 101 resonances
 ... end checking resonance order 2nd round
 .......................................................
 ... Adjustment to the thermal cross section : start ...
 .......................................................
 --> Systematics thermal (n,g) xs   172.7 b.
 --> Systematics thermal (n,f) xs   34.8414 b.
 ... Prior values:
 ... Import MF2 from TARES calculations
 ... End energy of TARES MF2 : 5.024889E+0 eV and limit to 40000 resonances
 ... File used for reconstruction: new.temp22.reconst
 ... run RECENT ...
 ... Doppler broadened at a unique temperature: 300 Kelvin using sigma1
 ... run SIGMA1 at 3.000000E+02 K.

 ============== INTER values at 300 Kelvin ==============
 Thermal (n,g) xs =  1.87553e-05 b. (meas/sys: 172.7 b.) (warning: comparison to be done at 296 or 300 K)
 Th Maxw (n,g) xs =  1.8873e-05 b. (thermal Maxwellian value)
 Westcott factor  =  1.0063
 RI      (n,g)    =  9.37667e-06 b. (meas or sys: - b.)
 MACS 3.000e+04 eV=  1.0103e-09 b. (meas or sys: - b.) from 1.00E+00 to 2.00E+07 eV (end of RRR) at T= 300 Kelvin 
 Thermal (n,el) xs=  9.48007 b.
 RI      (n,el)   =  20.9501 b.
 Thermal (n,f) xs =  0.347208 b. (meas/sys: 34.8414 +/- 27.8731 b.)
 RI      (n,f) xs =  0.100321 b. 
 ============= PSYCHE values ==============
 Ave. G_total L0  =  14861.6 eV
 Ave. G_total L1  =  19728.3 eV
 Ave. Gn_0    L0  =  1.94293e-06
 Ave. Gn_0    L1  =  0.000133841
 Ave. Gg      L0  =  0.0125349 eV
 Ave. Gg      L1  =  0.0125311 eV
 Ave. D       L0  =  0.0749982 eV
 Ave. D       L1  =  0.186107 eV
 Ave. S       L0  =  1.31138e-05 eV
 Ave. S       L1  =  0.000123448 eV
 =========================================
 ... tolerances: thermal (n,g) 20 %, thermal (n,f) 20 % (reference uncertainties, minimum 2%, maximum 20%)
 Calculated thermal (n,g)=          1.87553E-5 b. and measured/system= 172.7 b. (C/E= 1.086e-07)
 Calculated thermal (n,f)=          .347207674 b. and measured/system= 34.8414 b. (C/E= 0.00996538)
 Warning: first correction of Gg/Gf limited to a factor 10 (C/E too far from 1)
 ... Import MF2 from TARES calculations
 ... End energy of TARES MF2 : 5.024889E+0 eV and limit to 40000 resonances
 ... File used for reconstruction: new.temp22.reconst
 ... run RECENT ...
 ... Doppler broadened at a unique temperature: 300 Kelvin using sigma1
 ... run SIGMA1 at 3.000000E+02 K.

 ============== INTER values at 300 Kelvin ==============
 Thermal (n,g) xs =  1.88682e-06 b. (meas/sys: 172.7 b.) (warning: comparison to be done at 296 or 300 K)
 Th Maxw (n,g) xs =  1.8986e-06 b. (thermal Maxwellian value)
 Westcott factor  =  1.00627
 RI      (n,g)    =  4.49115e-06 b. (meas or sys: - b.)
 MACS 3.000e+04 eV=  1.0103e-09 b. (meas or sys: - b.) from 1.00E+00 to 2.00E+07 eV (end of RRR) at T= 300 Kelvin 
 Thermal (n,el) xs=  9.48007 b.
 RI      (n,el)   =  20.9501 b.
 Thermal (n,f) xs =  0.0347824 b. (meas/sys: 34.8414 +/- 27.8731 b.)
 RI      (n,f) xs =  0.0100385 b. 
 ============= PSYCHE values ==============
 Ave. G_total L0  =  148616 eV
 Ave. G_total L1  =  197282 eV
 Ave. Gn_0    L0  =  1.94293e-06
 Ave. Gn_0    L1  =  0.000133841
 Ave. Gg      L0  =  0.125349 eV
 Ave. Gg      L1  =  0.125311 eV
 Ave. D       L0  =  0.0749982 eV
 Ave. D       L1  =  0.186107 eV
 Ave. S       L0  =  1.31138e-05 eV
 Ave. S       L1  =  0.000123448 eV
 =========================================
 ... iteration 0: C/E thermal (n,g)= 1.09254e-08  C/E thermal (n,f)= 0.000998306
 Warning: 202 Gg/Gf values limited to a change of a factor 10 from their starting values
 ... Posterior values (iteration 1):
 ... Import MF2 from TARES calculations
 ... End energy of TARES MF2 : 5.024889E+0 eV and limit to 40000 resonances
 ... File used for reconstruction: new.temp22.reconst
 ... run RECENT ...
 ... Doppler broadened at a unique temperature: 300 Kelvin using sigma1
 ... run SIGMA1 at 3.000000E+02 K.

 ============== INTER values at 300 Kelvin ==============
 Thermal (n,g) xs =  1.88682e-06 b. (meas/sys: 172.7 b.) (warning: comparison to be done at 296 or 300 K)
 Th Maxw (n,g) xs =  1.8986e-06 b. (thermal Maxwellian value)
 Westcott factor  =  1.00627
 RI      (n,g)    =  4.49115e-06 b. (meas or sys: - b.)
 MACS 3.000e+04 eV=  1.0103e-09 b. (meas or sys: - b.) from 1.00E+00 to 2.00E+07 eV (end of RRR) at T= 300 Kelvin 
 Thermal (n,el) xs=  9.48007 b.
 RI      (n,el)   =  20.9501 b.
 Thermal (n,f) xs =  0.0347824 b. (meas/sys: 34.8414 +/- 27.8731 b.)
 RI      (n,f) xs =  0.0100385 b. 
 ============= PSYCHE values ==============
 Ave. G_total L0  =  148616 eV
 Ave. G_total L1  =  197282 eV
 Ave. Gn_0    L0  =  1.94293e-06
 Ave. Gn_0    L1  =  0.000133841
 Ave. Gg      L0  =  0.125349 eV
 Ave. Gg      L1  =  0.125311 eV
 Ave. D       L0  =  0.0749982 eV
 Ave. D       L1  =  0.186107 eV
 Ave. S       L0  =  1.31138e-05 eV
 Ave. S       L1  =  0.000123448 eV
 =========================================

 ... iteration 1: C/E thermal (n,g)= 1.09254e-08  C/E thermal (n,f)= 0.000998306
 Warning: no further change possible (widths at the limit of a factor 10): adjustment stopped
 Adjusted thermal (n,f) xs            .034782384 b. (ratio for Gf= 0.00121745 )

 ... ratio C/E thermal (n,g): 1.092542E-08
 ... ratio C/E thermal (n,f): 9.983065E-04
 ...................................................... 
 ... Adjustment to the thermal cross section : stop ...
 ...................................................... 
 ... new MF2 file after adjustment: n-Mt281
 ... read the file /Users/koning/tares-1.8/source/Module//../../inputs/2025/list.jcs.urr to find URR origin
 Default URR taken from TALYS calculations with level density model: 91n3n12611.2850
 File considered for the URR: /Users/koning/tares-1.8/source/Module//../../inputs/2025/lib.urr/talys.urr/91n3n12611.2850/Mt/urr/urr.dat.Mt.281.000.0.gz
 ... Write URR using TALYS average parameters (not used for HFR)
 ... Limit of URR changed to 25 keV (recommendation from WPEC and JEFF)
 Energy limit of the URR set to 6.53236 eV
 ... read D0, S0, Gn and Gg
 ... number of URR energies: 84
 Number of l: 84 and last energy: 12
 Last  URR energy: 6.53236 eV
 ... Enter in urr_correct function case 2
 Modify the higher limit of RRR in MF2
 --> old value: 5.024889+0 eV new value: 5.024889+0 eV
 Modify resonance covariances (MF32) to include correlations in the URR
 End Modify resonance covariances (MF32) to include correlations in the URR
 ... Enter in update_MF32 function
 ... Change uncertainties
 ... for the HFR, random position of the positive resonances with 0.020000 %
 ... end of update MF32 function
 ... GLS calculation of the parameter correlations from the thermal/RI adjustment (MF32c)
 ... MF32: correlations from the thermal/RI adjustment (GLS) for 15 resonances (30 widths), 0 correlation lines
 ...   thermal (n,g): uncertainty from these widths 1.9489e-06 b. -> 1.9489e-06 b. (reference: 172.7 +/- 146.795 b.)
 ...   thermal (n,f): uncertainty from these widths 0.00914798 b. -> 0.00914798 b. (reference: 34.8414 +/- 27.8731 b.)
 ... copy the mf2 and mf32 to .mlbw files

 ... Start of final reconstruction and testing ...
 ... Reconstruction of cross sections at 0 Kelvin  ... Import MF2 from TARES calculations
 ... End energy of TARES MF2 : 5.024889E+0 eV and limit to 40000 resonances
 ... File used for reconstruction: n-Mt281.reconst
 ... run RECENT ...
 ... Doppler broadened at a unique temperature: 0 Kelvin using sigma1
 ... The keyword temperature is zero, no Doppler broadening for the MACS

 ============== INTER values at 0 Kelvin ==============
 Thermal (n,g) xs =  1.88548e-06 b. (meas/sys: 172.7 b.) (warning: comparison to be done at 296 or 300 K)
 Th Maxw (n,g) xs =  1.8874e-06 b. (thermal Maxwellian value)
 Westcott factor  =  1.00101
 RI      (n,g)    =  4.49435e-06 b. (meas or sys: - b.)
 MACS 3.000e+04 eV=  1.0153e-09 b. (meas or sys: - b.) from 1.00E+00 to 5.02E+00 eV (end of RRR) at T= 0 Kelvin 
 Thermal (n,el) xs=  9.46288 b.
 RI      (n,el)   =  20.9341 b.
 Thermal (n,f) xs =  0.0347576 b. (meas/sys: 34.8414 +/- 27.8731 b.)
 RI      (n,f) xs =  0.00998161 b. 
 ============= PSYCHE values ==============
 Ave. G_total L0  =  148616 eV
 Ave. G_total L1  =  197282 eV
 Ave. Gn_0    L0  =  1.94293e-06
 Ave. Gn_0    L1  =  0.000133841
 Ave. Gg      L0  =  0.125349 eV
 Ave. Gg      L1  =  0.125311 eV
 Ave. D       L0  =  0.0749982 eV
 Ave. D       L1  =  0.186107 eV
 Ave. S       L0  =  1.31138e-05 eV
 Ave. S       L1  =  0.000123448 eV
 =========================================
 ... End of final reconstruction and testing ...

 ... grouping is not optimum, change to 70 groups
 ... Produce MF33 based on MF32 and 6 random files
 ... run endsam for 6 in groups of 1 global run
 ... run endsam from 1 to 6
 ... reorder resonance position after endsam (sampling)
 ... preparing the vectors  ... done
 ... nominal file 0 Cap(th)  ave= 1.885E-06 b. +/- 0.00 % || Ela(th) ave= 9.463E+00 b. +/- 0.00 % || RIcap ave= 5.41E-07 b. +/- 0.00 % || Macs30 ave= 2.08E-07 b. +/- 0.00 % || Gn^0(l=0) ave= 1.943E-06 +/- 0.00 % Gn^0(l=1) ave= 1.338E-04 +/- 0.00 % Gn^0(l=2) ave= 0.000E+00 +/- 0.00 % Gn^0(l=3) ave= 0.000E+00 +/- 0.00 % || Gtotal(l=0) ave= 1.486E+05 +/- 0.00 % Gtotal(l=1) ave= 1.973E+05 +/- 0.00 % Gtotal(l=2) ave= 0.000E+00 +/- 0.00 % Gtotal(l=3) ave= 0.000E+00 +/- 0.00 %  % || Gg(l=0) ave= 1.253E-01 +/- 0.00 % Gg(l=1) ave= 1.253E-01 +/- 0.00 % Gg(l=2) ave= 0.000E+00 +/- 0.00 % Gg(l=3) ave= 0.000E+00 +/- 0.00 %  % || D(l=0) ave= 7.500E-02 +/- 0.00 % D(l=1) ave= 1.861E-01 +/- 0.00 % D(l=2) ave= 0.000E+00 +/- 0.00 % D(l=3) ave= 0.000E+00 +/- 0.00 %  % || S(l=0) ave= 1.311E-05 +/- 0.00 % S(l=1) ave= 1.234E-04 +/- 0.00 % S(l=2) ave= 0.000E+00 +/- 0.00 % S(l=3) ave= 0.000E+00 +/- 0.00 %  % || Fis(th) ave= 3.476E-02 b. +/- 0.00 %
 ... random file  1 Cap(th)  ave= 2.855E-06 b. +/- 33.95 % || Ela(th) ave= 9.384E+00 b. +/- 0.84 % || RIcap ave= 8.20E-07 b. +/- 33.95 % || Macs30 ave= 3.00E-07 b. +/- 30.66 % || Gn^0(l=0) ave= 1.943E-06 +/- 0.00 % Gn^0(l=1) ave= 1.350E-04 +/- 0.84 % Gn^0(l=2) ave= 0.000E+00 +/- 0.00 % Gn^0(l=3) ave= 0.000E+00 +/- 0.00 % || Gtotal(l=0) ave= 1.486E+05 +/- 0.00 % Gtotal(l=1) ave= 1.973E+05 +/- 0.00 % Gtotal(l=2) ave= 0.000E+00 +/- 0.00 % Gtotal(l=3) ave= 0.000E+00 +/- 0.00 %  % || Gg(l=0) ave= 1.196E-01 +/- 4.80 % Gg(l=1) ave= 1.136E-01 +/- 10.33 % Gg(l=2) ave= 0.000E+00 +/- 0.00 % Gg(l=3) ave= 0.000E+00 +/- 0.00 %  % || D(l=0) ave= 7.500E-02 +/- 0.00 % D(l=1) ave= 1.861E-01 +/- 0.00 % D(l=2) ave= 0.000E+00 +/- 0.00 % D(l=3) ave= 0.000E+00 +/- 0.00 %  % || S(l=0) ave= 1.311E-05 +/- 0.00 % S(l=1) ave= 1.245E-04 +/- 0.84 % S(l=2) ave= 0.000E+00 +/- 0.00 % S(l=3) ave= 0.000E+00 +/- 0.00 %  % || Fis(th) ave= 4.096E-02 b. +/- 15.15 %
 ... random file  2 Cap(th)  ave= 6.865E-06 b. +/- 83.42 % || Ela(th) ave= 9.562E+00 b. +/- 2.72 % || RIcap ave= 1.97E-06 b. +/- 83.42 % || Macs30 ave= 7.04E-07 b. +/- 81.91 % || Gn^0(l=0) ave= 1.943E-06 +/- 0.00 % Gn^0(l=1) ave= 1.326E-04 +/- 2.68 % Gn^0(l=2) ave= 0.000E+00 +/- 0.00 % Gn^0(l=3) ave= 0.000E+00 +/- 0.00 % || Gtotal(l=0) ave= 1.486E+05 +/- 0.00 % Gtotal(l=1) ave= 1.973E+05 +/- 0.00 % Gtotal(l=2) ave= 0.000E+00 +/- 0.00 % Gtotal(l=3) ave= 0.000E+00 +/- 0.00 %  % || Gg(l=0) ave= 1.220E-01 +/- 4.71 % Gg(l=1) ave= 1.177E-01 +/- 9.51 % Gg(l=2) ave= 0.000E+00 +/- 0.00 % Gg(l=3) ave= 0.000E+00 +/- 0.00 %  % || D(l=0) ave= 7.500E-02 +/- 0.00 % D(l=1) ave= 1.861E-01 +/- 0.00 % D(l=2) ave= 0.000E+00 +/- 0.00 % D(l=3) ave= 0.000E+00 +/- 0.00 %  % || S(l=0) ave= 1.311E-05 +/- 0.00 % S(l=1) ave= 1.223E-04 +/- 2.68 % S(l=2) ave= 0.000E+00 +/- 0.00 % S(l=3) ave= 0.000E+00 +/- 0.00 %  % || Fis(th) ave= 4.967E-02 b. +/- 26.81 %
 ... random file  3 Cap(th)  ave= 1.014E-05 b. +/- 74.33 % || Ela(th) ave= 9.406E+00 b. +/- 3.74 % || RIcap ave= 2.91E-06 b. +/- 74.33 % || Macs30 ave= 1.08E-06 b. +/- 75.76 % || Gn^0(l=0) ave= 1.943E-06 +/- 0.00 % Gn^0(l=1) ave= 1.348E-04 +/- 3.72 % Gn^0(l=2) ave= 0.000E+00 +/- 0.00 % Gn^0(l=3) ave= 0.000E+00 +/- 0.00 % || Gtotal(l=0) ave= 1.486E+05 +/- 0.00 % Gtotal(l=1) ave= 1.973E+05 +/- 0.00 % Gtotal(l=2) ave= 0.000E+00 +/- 0.00 % Gtotal(l=3) ave= 0.000E+00 +/- 0.00 %  % || Gg(l=0) ave= 1.244E-01 +/- 5.28 % Gg(l=1) ave= 1.248E-01 +/- 12.57 % Gg(l=2) ave= 0.000E+00 +/- 0.00 % Gg(l=3) ave= 0.000E+00 +/- 0.00 %  % || D(l=0) ave= 7.500E-02 +/- 0.00 % D(l=1) ave= 1.861E-01 +/- 0.00 % D(l=2) ave= 0.000E+00 +/- 0.00 % D(l=3) ave= 0.000E+00 +/- 0.00 %  % || S(l=0) ave= 1.311E-05 +/- 0.00 % S(l=1) ave= 1.244E-04 +/- 3.72 % S(l=2) ave= 0.000E+00 +/- 0.00 % S(l=3) ave= 0.000E+00 +/- 0.00 %  % || Fis(th) ave= 5.366E-02 b. +/- 25.05 %
 ... random file  4 Cap(th)  ave= 8.713E-06 b. +/- 84.08 % || Ela(th) ave= 9.316E+00 b. +/- 3.89 % || RIcap ave= 2.50E-06 b. +/- 84.08 % || Macs30 ave= 9.22E-07 b. +/- 85.88 % || Gn^0(l=0) ave= 1.948E-06 +/- 0.50 % Gn^0(l=1) ave= 1.362E-04 +/- 3.82 % Gn^0(l=2) ave= 0.000E+00 +/- 0.00 % Gn^0(l=3) ave= 0.000E+00 +/- 0.00 % || Gtotal(l=0) ave= 1.478E+05 +/- 1.08 % Gtotal(l=1) ave= 1.973E+05 +/- 0.00 % Gtotal(l=2) ave= 0.000E+00 +/- 0.00 % Gtotal(l=3) ave= 0.000E+00 +/- 0.00 %  % || Gg(l=0) ave= 1.244E-01 +/- 4.73 % Gg(l=1) ave= 1.275E-01 +/- 11.81 % Gg(l=2) ave= 0.000E+00 +/- 0.00 % Gg(l=3) ave= 0.000E+00 +/- 0.00 %  % || D(l=0) ave= 7.523E-02 +/- 0.60 % D(l=1) ave= 1.861E-01 +/- 0.00 % D(l=2) ave= 0.000E+00 +/- 0.00 % D(l=3) ave= 0.000E+00 +/- 0.00 %  % || S(l=0) ave= 1.311E-05 +/- 0.10 % S(l=1) ave= 1.256E-04 +/- 3.82 % S(l=2) ave= 0.000E+00 +/- 0.00 % S(l=3) ave= 0.000E+00 +/- 0.00 %  % || Fis(th) ave= 5.092E-02 b. +/- 25.95 %
 ... random file  5 Cap(th)  ave= 8.972E-06 b. +/- 74.82 % || Ela(th) ave= 9.297E+00 b. +/- 3.59 % || RIcap ave= 2.58E-06 b. +/- 74.81 % || Macs30 ave= 9.58E-07 b. +/- 75.89 % || Gn^0(l=0) ave= 1.951E-06 +/- 0.59 % Gn^0(l=1) ave= 1.364E-04 +/- 3.50 % Gn^0(l=2) ave= 0.000E+00 +/- 0.00 % Gn^0(l=3) ave= 0.000E+00 +/- 0.00 % || Gtotal(l=0) ave= 1.473E+05 +/- 1.28 % Gtotal(l=1) ave= 1.973E+05 +/- 0.00 % Gtotal(l=2) ave= 0.000E+00 +/- 0.00 % Gtotal(l=3) ave= 0.000E+00 +/- 0.00 %  % || Gg(l=0) ave= 1.232E-01 +/- 4.84 % Gg(l=1) ave= 1.231E-01 +/- 13.69 % Gg(l=2) ave= 0.000E+00 +/- 0.00 % Gg(l=3) ave= 0.000E+00 +/- 0.00 %  % || D(l=0) ave= 7.538E-02 +/- 0.71 % D(l=1) ave= 1.861E-01 +/- 0.00 % D(l=2) ave= 0.000E+00 +/- 0.00 % D(l=3) ave= 0.000E+00 +/- 0.00 %  % || S(l=0) ave= 1.310E-05 +/- 0.12 % S(l=1) ave= 1.258E-04 +/- 3.50 % S(l=2) ave= 0.000E+00 +/- 0.00 % S(l=3) ave= 0.000E+00 +/- 0.00 %  % || Fis(th) ave= 5.341E-02 b. +/- 24.87 %
 ... random file  6 Cap(th)  ave= 8.584E-06 b. +/- 73.24 % || Ela(th) ave= 9.380E+00 b. +/- 3.94 % || RIcap ave= 2.47E-06 b. +/- 73.23 % || Macs30 ave= 9.23E-07 b. +/- 73.57 % || Gn^0(l=0) ave= 1.950E-06 +/- 0.56 % Gn^0(l=1) ave= 1.352E-04 +/- 3.90 % Gn^0(l=2) ave= 0.000E+00 +/- 0.00 % Gn^0(l=3) ave= 0.000E+00 +/- 0.00 % || Gtotal(l=0) ave= 1.475E+05 +/- 1.22 % Gtotal(l=1) ave= 1.973E+05 +/- 0.00 % Gtotal(l=2) ave= 0.000E+00 +/- 0.00 % Gtotal(l=3) ave= 0.000E+00 +/- 0.00 %  % || Gg(l=0) ave= 1.226E-01 +/- 4.67 % Gg(l=1) ave= 1.216E-01 +/- 13.19 % Gg(l=2) ave= 0.000E+00 +/- 0.00 % Gg(l=3) ave= 0.000E+00 +/- 0.00 %  % || D(l=0) ave= 7.532E-02 +/- 0.68 % D(l=1) ave= 1.861E-01 +/- 0.00 % D(l=2) ave= 0.000E+00 +/- 0.00 % D(l=3) ave= 0.000E+00 +/- 0.00 %  % || S(l=0) ave= 1.310E-05 +/- 0.12 % S(l=1) ave= 1.247E-04 +/- 3.90 % S(l=2) ave= 0.000E+00 +/- 0.00 % S(l=3) ave= 0.000E+00 +/- 0.00 %  % || Fis(th) ave= 5.297E-02 b. +/- 23.30 %
 ... Histogram plot for thermal (n,g)
 ... Write covariances  ... MT1  ... plot correlations
 ... MT2  ... MT18  ... MT102 


 ================================================
 ============== From 6 random values === start ======
 Thermal (n,tot) xs  0 K =  9.43262 b. +/- 0.371118 b. ( 3.93442 %) skew= +0.35 +/- 0.79
 Thermal (n,el) xs   0 K =  9.37964 b. +/- 0.369842 b. ( 3.94303 %) skew= +0.32 +/- 0.79
 Thermal (n,f) xs    0 K = 0.0529691 b. +/- 0.0123433 b. ( 23.3029 %) skew= -0.11 +/- 0.79
 Thermal (n,g) xs    0 K =  8.58441e-06 b. +/- 6.28719e-06 b. ( 73.2396 %) skew= +0.65 +/- 0.79
 RI      (n,g)       0 K =  2.46535e-06 b. +/- 1.80544e-06 b. ( 73.2325 %) 
 MACS    (n,g)       0 K (at Emacs= 30000 eV) =  9.22834e-07 b. +/- 6.78903e-07 b. ( 73.5671 %) 
 Ave. Gtotal  L=0        =  1.475E+05 +/- 1.22 %
 Ave. Gn^(0)  L=0        =  1.950E-06 +/- 0.56 %
 Ave. Gg      L=0        =  1.226E-01 +/- 4.67 %
 Ave. D       L=0        =  7.532E-02 +/- 0.68 %
 Ave. S       L=0        =  1.310E-05 +/- 0.12 %
 Ave. Gtotal  L=1        =  1.973E+05 +/- 0.00 %
 Ave. Gg      L=1        =  1.216E-01 +/- 13.19 %
 Ave. D       L=1        =  1.861E-01 +/- 0.00 %
 Ave. S       L=1        =  1.247E-04 +/- 3.90 %

 Expected Thermal (n,g) (syst or meas)= 172.7 b. +/- 146.795 b. nominal: 1.88548e-06 b.
 ratio Calculated/expected thermal (n,g): 0.00 ratio DCalculated/Dexpected: 0.00 ratio Calculated/Nominal: 4.55
 ============== From 6 random values ===== stop ======
 ================================================
 ... Calculation of (n,a) and (n,p) cross sections at 300 K
 ... thermal (n,a) cross section is 2.07285e-16 +/- 1.03642e-16 b.
 ... thermal (n,a) cross section is 0 b. (random case 1)
 ... thermal (n,a) cross section is 0 b. (random case 2)
 ... thermal (n,a) cross section is 0 b. (random case 3)
 ... thermal (n,a) cross section is 0 b. (random case 4)
 ... thermal (n,a) cross section is 0 b. (random case 5)
 ... thermal (n,a) cross section is 0 b. (random case 6)
 ... thermal (n,p) cross section is 2.07285e-16 +/- 1.03642e-16 b.
 ... thermal (n,p) cross section is 0 b. (random case 1)
 ... thermal (n,p) cross section is 0 b. (random case 2)
 ... thermal (n,p) cross section is 0 b. (random case 3)
 ... thermal (n,p) cross section is 0 b. (random case 4)
 ... thermal (n,p) cross section is 0 b. (random case 5)
 ... thermal (n,p) cross section is 0 b. (random case 6)
 ... Rewrite index for MF2
 ... Write text for MF1 in file mf1.tares.txt
 ... plotting cross sections for the MF1
 ... order output files

 ............................................................ 
 ...                                                      ... 
 ... MF2 format selection for the final file: n-Mt281.mf2.mlbw
 ... MF2 format : mlbw
 ... cross section values for the final mf2 file: START   ... 
 ... Import MF2 from TARES calculations
 ... End energy of TARES MF2 : 5.024889E+0 eV and limit to 40000 resonances
 ... File used for reconstruction: n-Mt281.mf2.reconst
 ... run RECENT ...
 ... Doppler broadened at a unique temperature: 0 Kelvin using sigma1
 ... The keyword temperature is zero, no Doppler broadening for the MACS

 ============== INTER values at 0 Kelvin ==============
 Thermal (n,g) xs =  1.88548e-06 b. (meas/sys: 172.7 b.) (warning: comparison to be done at 296 or 300 K)
 Th Maxw (n,g) xs =  1.8874e-06 b. (thermal Maxwellian value)
 Westcott factor  =  1.00101
 RI      (n,g)    =  4.49435e-06 b. (meas or sys: - b.)
 MACS 3.000e+04 eV=  1.0153e-09 b. (meas or sys: - b.) from 1.00E+00 to 5.02E+00 eV (end of RRR) at T= 0 Kelvin 
 Thermal (n,el) xs=  9.46288 b.
 RI      (n,el)   =  20.9341 b.
 Thermal (n,f) xs =  0.0347576 b. (meas/sys: 34.8414 +/- 27.8731 b.)
 RI      (n,f) xs =  0.00998161 b. 
 ============= PSYCHE values ==============
 Ave. G_total L0  =  148616 eV
 Ave. G_total L1  =  197282 eV
 Ave. Gn_0    L0  =  1.94293e-06
 Ave. Gn_0    L1  =  0.000133841
 Ave. Gg      L0  =  0.125349 eV
 Ave. Gg      L1  =  0.125311 eV
 Ave. D       L0  =  0.0749982 eV
 Ave. D       L1  =  0.186107 eV
 Ave. S       L0  =  1.31138e-05 eV
 Ave. S       L1  =  0.000123448 eV
 =========================================
 ... cross section values for the final mf2 file: END     ... 
 ...                                                      ... 
 ............................................................ 


================== summary ==================
 Thermal (n,tot) xs = 9.49764 b. 
 Thermal (n,el)  xs = 9.46288 b. 
 Thermal (n,g)   xs = 1.88548e-06 b. (meas/sys: 172.7 b.)
 Thermal (n,f)   xs = 0.0347576 b. (meas/sys: 34.8414 +/- 27.8731 b.)
 At 300 K (thermal adjustment): (n,el) = 9.48007 b., (n,g) = 1.88682e-06 b., (n,f) = 0.0347824 b.

 RI      (n,g)      = 4.49435e-06 b. (meas or sys: - b.)
 RI      (n,el)     = 20.9341 b.
 RI      (n,f)      = 0.00998161 b. 
=============================================


 ... cleaning
                                                 
  -------------------------------------------------------------
  -                                                           -
  - TARES: successful end of run with data from hypothetical  -
  - resonances for Z= 109, A= 281 and isomer= 0               -
  - half-life: 1.000000 sec. 
  -                                                           -
  -------------------------------------------------------------

   Running time:       12 seconds

 End time: Wed Oct  7 11:38:39 2026

