
  -------------------------------------------------------------
  -                                                           -
  -              Welcome to TARES version 1.8                 -
  -                                                           -
  -  (C) Copyright 2007-2025 D. Rochman, All Rights Reserved  -
  -           NRG, Petten, the Netherlands 2007-2014          -
  -           PSI, Villigen    Switzerland 2015-2025          -
  -         Nagra, Wettingen   Switzerland 2025-              -
  -           (Last Modified October 06, 2026)                -
  -           (Database from October 06, 2026)                -
  -                                                           -
  -------------------------------------------------------------


  ---------------------------------------------
   Compilation information:
   Compiled on:         Oct  7 2026, 09:32:19
   Compiled by:         koning
   Compiler version:    clang++ - 21.0.0
   Source location:     /Users/koning/tares-1.8/source/Module/
   Binaries location:   /Users/koning/bin
   System:              Darwin 25.6.0
   System version:      Darwin Kernel Version 25.6.0: Fri Jul 31 19:19:08 PDT 2026; root:xnu-12377.161.14~5/RELEASE_ARM64_T6050  
   Machine:             arm64 
  ---------------------------------------------

   User information:
   User name:           koning
   Running directory:   /Users/koning/tendl/resbase/Db268/work
   Owner mode for running directory : rwx
   Group mode for running directory : r-x
  ---------------------------------------------


 Starting time: Wed Oct  7 09:45:58 2026
 ... inputs directory found (/Users/koning/tares-1.8/source/Module//../../inputs/).
 ... It will be used for resonance parameters 
 ... ###############################################
 ... #     read the input file tares.inp
 ... ###############################################
 ... line: #
 ... line: # Input file generated by Autorochman
          --> line not read
 ... line: #
 ... line: isotope    Db
          --> Isotope name: Db
 ... line: mass       268
          --> isotopic mass: 268
 ... line: output     n-Db268
         ---> Name of the output files: n-Db268
 ... line: isomer     0
          --> isomeric state: 0
 ... line: mf32mf33   y
          --> MF33 based on MF32: y
 ... line: nbrRandom  10
          --> Nbr of random files: 10
 ... ###############################################
 ... # end read the input file tares.inp
 ... ###############################################
Value for random generator type not considered in since Tares 1.7 due to compilation issues

 ... ###############################################
     #   Interpretation of the Input definition    #
     ###############################################

 ... Default energy limit: End of resonance region
 ... Nuclear charge    = 105
 ... Element           = Db
 ... Mass              = 268
 ... Isomer            = 0
 ... Correlation for (Gn,Gg) not included in random files
 ... Default random option: No random
 ... Output name: n-Db268
 ... Energy for the MACS: 30000 eV
 ... Resonances from CALENDF reduced (reduce=y) 
 ... For URR, level density model from TALYS selected: 91n3n12611.2850 (see manual for description)
 ... Random Generator: default (pseudo random numbers from ansi c++)
 ... Reconstruction of cross section selected
 ... Doppler broadening at 0 Kelvin
 ... URR not included (from the input file flag)
 ... Weight for grouping is flat
 ... Calculation of (n,alpha) cross section selected
 ... Number of digit for MF32c covariance representation: 2
 ... MF32 included
 ... MF33 will be used for covariance processing
 ... TENDL option set to yes (automatic choice of MF2 and format)
 ... Isotope not found in the best file --> use of MLBW formalism
 ... default option: Multi level Breit Wigner approximation selected
 ... (check file best.tendl.yes for changing this option)
 ... Retroactive option set to no with the 2025 option
 ... ladder option set to yes (CALENDF will be used for statistical resonances)

 ... ###############################################
     #           End of Input definition           #
     ###############################################

 ... gnuplot found, will be used for plotting
 ... latex found, will be used for plotting
 ... dvips found, will be used for plotting
 ... ps2epsi not found, limited plotting available
 ... uncertainties on default parameters multiplied by 1.65217
 ... Read resonance data from the 2025 directory
 ... Resonance parameters taken from /Users/koning/tares-1.8/source/Module//../../inputs/2025/Resonance/default/
 ---> Processing Z= 105 and A= 268 and isomer= 0 (level number: 0)
 Exfor path; Could not find /Users/koning/tares-1.8/source/Module//../../inputs/exfor/Db268/xs/102
Thermal file; Could not open file /Users/koning/tares-1.8/source/Module//../../inputs/2025/runThermal/results//thermal.mxw.ng.cendl3.1
Thermal file; Could not open file /Users/koning/tares-1.8/source/Module//../../inputs/2025/runThermal/results//thermal.mxw.ng.brond3.1
Thermal file; Could not open file /Users/koning/tares-1.8/source/Module//../../inputs/2025/runThermal/results//thermal.xs.ng.unc.cendl3.1
 ... spin taken from the final/ directory (1)
 ... The spin found in level file ( 1 ) and the one in the urr file ( 5.5 ) differ

 ... ###############################################
 ... #  Nucleus global parameters (2025 database)  #
 ... ###############################################
 0. Half-life: 1.20833 days 
 ... Scattering radius from TALYS: /Users/koning/tares-1.8/source/Module//../../inputs/2025/lib.urr/talys.urr/
 1. Spin of the target isotope: 1
 2. Relative Atomic Mass of the target isotope: 268.125
 3. Scattering radius (local compilation): 8.54315 fm +/- 0.153777 fm
      .......................................
      ... Thermal capture cross sections: ...
 4. Thermal (total) (n,g) cross section from experiments (local compilation): 20 +/- 5 b.
      .......................................
      ...  Thermal total cross sections:  ...
      .......................................
      ... Thermal elastic cross sections: ...
 5. Thermal (n,el) cross section from potential (4piR^2): 10.7367 +/- 0.536834 b.
      .......................................
             ... Resonance integral: ...
 6. No capture integral found in /Users/koning/tares-1.8/source/Module//../../inputs/capture.integral
 ... no RI(n,g) found in local compilation, take 2018 value.
 ... no RI(n,g) found in local compilation, take Sukhoruchkin value.
 7. Thermal (n,f) cross section from experiments (local compilation): 2950 +/- 160 b.
   ---- MACS 30 keV ----- 
 8. TALYS MACS 30 keV (HF): 0.000288508 b. 
   ---------- S0 -------- 
 9. S0 from TALYS: 0.378921
   ---------- S1 -------- 
 10. S1 from TALYS: 0
   ---------- S2 -------- 
 11. S2 from TALYS: 0.405495
   ---------- D0 -------- 
 12. D0 from TALYS: 0.26646 eV
   ---------- D1 -------- 
 13. D1 from TALYS: 0.136134 eV
   ---------- D2 -------- 
 14. D2 from TALYS: 0.0840427 eV
   ---------- G0 -------- 
 15. Gg0 from TALYS: 0.0212317 eV
   ---------- G1 -------- 
 16. Gg1 from TALYS: 0.0212317 eV
   ---------- G2 -------- 
 17. Gg2 from TALYS: 0.0212317 eV


   ---------------------- 
 ... Read resonance parameters (format: 2: Multi Level Breit Wigner)
 ... 0 resonances found 
 ... possibly no resonances in the Resonance directory for this isotope and options
 ... Use HFR (ladder) behavior 
 --> 18. Number of resonances from the input file: 2 up to 0.13323 eV
 19. Read nuclear quantities (mass, MAT...)
 20. Read thermal (n,g) xs 
 21. Read the scattering radius 
 22. Read uncertainty on Gg for 2 resonances
 23. Read uncertainty on Gg for 2 resonances ... done
 24. Read uncertainty on Gf1
 25. Read uncertainty on Gf2
 ... order resonances 
 ... Upper limit for the RRR: 0.13323 eV (no statistical resonances HFR) from the limit.RRR file
 ... Write parameters for l=0 waves
 ... End writing original MF2 
 ... No RRR in the database: uncertainties on default parameters multiplied by 1.99753
 ... Enter in urr function (ladder option set to y) for file n-Db268
 ... read the file /Users/koning/tares-1.8/source/Module//../../inputs/2025/list.jcs.urr to find URR origin
 Default URR taken from TALYS calculations with level density model: 91n3n12611.2850
 File considered for the URR: /Users/koning/tares-1.8/source/Module//../../inputs/2025/lib.urr/talys.urr/91n3n12611.2850/Db/urr/urr.dat.Db.268.000.0.gz
 ... Write URR using TALYS average parameters (used for HFR)
 ... Limit of URR changed to 25 keV (recommendation from WPEC and JEFF)
 ... ---> Emax(RRR) taken from the file limit.ladder: 100 eV <---
 ... (File limit.ladder: /Users/koning/tares-1.8/source/Module//../../inputs/2025/limit.ladder.91n3n12611.2850)
 ... read D0, S0, Gn and Gg
 ... number of URR energies: 1161
 Number of l: 1161 and last energy: 9
 Last  URR energy: 100 eV
 ... Enter in to_MLBW_mf2 function
 ... Convert to Multi Level Breit Wigner (MLBW)
 ... Write parameter covariances (MF32) for l=0
 ... Convert parameter covariances (MF32) to MLBW
 ... copy the mf2 and mf32 to .mlbw files
 ... Enter in urr_correct function case 1
 Modify the higher limit of RRR in MF2
 --> old value: 1.338960-1 eV new value: 1.000000-2 eV
 Modify resonance covariances (MF32) to include correlations in the URR
 End Modify resonance covariances (MF32) to include correlations in the URR
 ... Enter in calendf_xs function
 Use CALENDF for statistical resonances (update MF2) up to 1.000000+2 eV (initial limit)
 Extract resonances from CALENDF for RRR->URR 2
 1188 statistical resonances found
 After reduction, 968 statistical resonances found
 ... checking resonance order 1
 ... checking resonance order 2nd round for 966 resonances
 ... end checking resonance order 2nd round
 .......................................................
 ... Adjustment to the thermal cross section : start ...
 .......................................................
 --> Systematics thermal (n,g) xs   20 b.
 --> Systematics thermal (n,f) xs   2950 b.
 ... Prior values:
 ... Import MF2 from TARES calculations
 ... End energy of TARES MF2 : 9.923925E+1 eV and limit to 40000 resonances
 ... File used for reconstruction: new.temp22.reconst
 ... run RECENT ...
 ... Doppler broadened at a unique temperature: 300 Kelvin using sigma1
 ... run SIGMA1 at 3.000000E+02 K.

 ============== INTER values at 300 Kelvin ==============
 Thermal (n,g) xs =  17.3705 b. (meas/sys: 20 b.) (warning: comparison to be done at 296 or 300 K)
 Th Maxw (n,g) xs =  17.1 b. (thermal Maxwellian value)
 Westcott factor  =  0.98441
 RI      (n,g)    =  4.09924 b. (meas or sys: - b.)
 MACS 3.000e+04 eV=  0.00033145 b. (meas or sys: - b.) from 1.00E+00 to 2.00E+07 eV (end of RRR) at T= 300 Kelvin 
 Thermal (n,el) xs=  8.86952 b.
 RI      (n,el)   =  46.2333 b.
 Thermal (n,f) xs =  914.769 b. (meas/sys: 2950 +/- 160 b.)
 RI      (n,f) xs =  346.198 b. 
 ============= PSYCHE values ==============
 Ave. G_total L0  =  4.48602 eV
 Ave. G_total L1  =  4.60385 eV
 Ave. Gn_0    L0  =  2.03089e-05
 Ave. Gn_0    L1  =  0.000302711
 Ave. Gg      L0  =  0.0211466 eV
 Ave. Gg      L1  =  0.0210259 eV
 Ave. D       L0  =  0.243233 eV
 Ave. D       L1  =  0.183098 eV
 Ave. S       L0  =  4.18545e-05 eV
 Ave. S       L1  =  0.000370259 eV
 =========================================
 ... tolerances: thermal (n,g) 20 %, thermal (n,f) 5.42373 % (reference uncertainties, minimum 2%, maximum 20%)
 Calculated thermal (n,g)=          17.3704891 b. and measured/system= 20 b. (C/E= 0.868524)
 Calculated thermal (n,f)=          914.768828 b. and measured/system= 2950 b. (C/E= 0.310091)
 ... Import MF2 from TARES calculations
 ... End energy of TARES MF2 : 9.923925E+1 eV and limit to 40000 resonances
 ... File used for reconstruction: new.temp22.reconst
 ... run RECENT ...
 ... Doppler broadened at a unique temperature: 300 Kelvin using sigma1
 ... run SIGMA1 at 3.000000E+02 K.

 ============== INTER values at 300 Kelvin ==============
 Thermal (n,g) xs =  10.8104 b. (meas/sys: 20 b.) (warning: comparison to be done at 296 or 300 K)
 Th Maxw (n,g) xs =  10.601 b. (thermal Maxwellian value)
 Westcott factor  =  0.98062
 RI      (n,g)    =  1.5133 b. (meas or sys: - b.)
 MACS 3.000e+04 eV=  0.00032982 b. (meas or sys: - b.) from 1.00E+00 to 2.00E+07 eV (end of RRR) at T= 300 Kelvin 
 Thermal (n,el) xs=  8.95574 b.
 RI      (n,el)   =  46.4368 b.
 Thermal (n,f) xs =  820.014 b. (meas/sys: 2950 +/- 160 b.)
 RI      (n,f) xs =  285.284 b. 
 ============= PSYCHE values ==============
 Ave. G_total L0  =  13.9265 eV
 Ave. G_total L1  =  14.294 eV
 Ave. Gn_0    L0  =  2.03089e-05
 Ave. Gn_0    L1  =  0.000302711
 Ave. Gg      L0  =  0.0211466 eV
 Ave. Gg      L1  =  0.0210259 eV
 Ave. D       L0  =  0.243233 eV
 Ave. D       L1  =  0.183098 eV
 Ave. S       L0  =  4.18545e-05 eV
 Ave. S       L1  =  0.000370259 eV
 =========================================
 ... iteration 0: C/E thermal (n,g)= 0.540519  C/E thermal (n,f)= 0.277971
 Warning: 966 Gg/Gf values limited to a change of a factor 10 from their starting values
 ... Posterior values (iteration 1):
 ... Import MF2 from TARES calculations
 ... End energy of TARES MF2 : 9.923925E+1 eV and limit to 40000 resonances
 ... File used for reconstruction: new.temp22.reconst
 ... run RECENT ...
 ... Doppler broadened at a unique temperature: 300 Kelvin using sigma1
 ... run SIGMA1 at 3.000000E+02 K.

 ============== INTER values at 300 Kelvin ==============
 Thermal (n,g) xs =  5.52062 b. (meas/sys: 20 b.) (warning: comparison to be done at 296 or 300 K)
 Th Maxw (n,g) xs =  5.4963 b. (thermal Maxwellian value)
 Westcott factor  =  0.99559
 RI      (n,g)    =  0.948361 b. (meas or sys: - b.)
 MACS 3.000e+04 eV=  0.00032933 b. (meas or sys: - b.) from 1.00E+00 to 2.00E+07 eV (end of RRR) at T= 300 Kelvin 
 Thermal (n,el) xs=  8.9432 b.
 RI      (n,el)   =  46.7099 b.
 Thermal (n,f) xs =  709.922 b. (meas/sys: 2950 +/- 160 b.)
 RI      (n,f) xs =  233.123 b. 
 ============= PSYCHE values ==============
 Ave. G_total L0  =  44.6796 eV
 Ave. G_total L1  =  45.8601 eV
 Ave. Gn_0    L0  =  2.03089e-05
 Ave. Gn_0    L1  =  0.000302711
 Ave. Gg      L0  =  0.0320807 eV
 Ave. Gg      L1  =  0.0318976 eV
 Ave. D       L0  =  0.243233 eV
 Ave. D       L1  =  0.183098 eV
 Ave. S       L0  =  4.18545e-05 eV
 Ave. S       L1  =  0.000370259 eV
 =========================================

 ... iteration 1: C/E thermal (n,g)= 0.276031  C/E thermal (n,f)= 0.240652
 Warning: 966 Gg/Gf values limited to a change of a factor 10 from their starting values
 ... Posterior values (iteration 2):
 ... Import MF2 from TARES calculations
 ... End energy of TARES MF2 : 9.923925E+1 eV and limit to 40000 resonances
 ... File used for reconstruction: new.temp22.reconst
 ... run RECENT ...
 ... Doppler broadened at a unique temperature: 300 Kelvin using sigma1
 ... run SIGMA1 at 3.000000E+02 K.

 ============== INTER values at 300 Kelvin ==============
 Thermal (n,g) xs =  15.6922 b. (meas/sys: 20 b.) (warning: comparison to be done at 296 or 300 K)
 Th Maxw (n,g) xs =  15.631 b. (thermal Maxwellian value)
 Westcott factor  =  0.99608
 RI      (n,g)    =  2.66069 b. (meas or sys: - b.)
 MACS 3.000e+04 eV=  0.00033009 b. (meas or sys: - b.) from 1.00E+00 to 2.00E+07 eV (end of RRR) at T= 300 Kelvin 
 Thermal (n,el) xs=  8.93854 b.
 RI      (n,el)   =  46.7077 b.
 Thermal (n,f) xs =  695.355 b. (meas/sys: 2950 +/- 160 b.)
 RI      (n,f) xs =  231.755 b. 
 ============= PSYCHE values ==============
 Ave. G_total L0  =  44.7428 eV
 Ave. G_total L1  =  45.9229 eV
 Ave. Gn_0    L0  =  2.03089e-05
 Ave. Gn_0    L1  =  0.000302711
 Ave. Gg      L0  =  0.0953013 eV
 Ave. Gg      L1  =  0.0947577 eV
 Ave. D       L0  =  0.243233 eV
 Ave. D       L1  =  0.183098 eV
 Ave. S       L0  =  4.18545e-05 eV
 Ave. S       L1  =  0.000370259 eV
 =========================================

 ... iteration 2: C/E thermal (n,g)= 0.78461  C/E thermal (n,f)= 0.235714
 Warning: 966 Gg/Gf values limited to a change of a factor 10 from their starting values
 ... Posterior values (iteration 3):
 ... Import MF2 from TARES calculations
 ... End energy of TARES MF2 : 9.923925E+1 eV and limit to 40000 resonances
 ... File used for reconstruction: new.temp22.reconst
 ... run RECENT ...
 ... Doppler broadened at a unique temperature: 300 Kelvin using sigma1
 ... run SIGMA1 at 3.000000E+02 K.

 ============== INTER values at 300 Kelvin ==============
 Thermal (n,g) xs =  16.3514 b. (meas/sys: 20 b.) (warning: comparison to be done at 296 or 300 K)
 Th Maxw (n,g) xs =  16.288 b. (thermal Maxwellian value)
 Westcott factor  =  0.99611
 RI      (n,g)    =  2.77371 b. (meas or sys: - b.)
 MACS 3.000e+04 eV=  0.00033013 b. (meas or sys: - b.) from 1.00E+00 to 2.00E+07 eV (end of RRR) at T= 300 Kelvin 
 Thermal (n,el) xs=  8.93823 b.
 RI      (n,el)   =  46.7076 b.
 Thermal (n,f) xs =  694.396 b. (meas/sys: 2950 +/- 160 b.)
 RI      (n,f) xs =  231.665 b. 
 ============= PSYCHE values ==============
 Ave. G_total L0  =  44.7471 eV
 Ave. G_total L1  =  45.9272 eV
 Ave. Gn_0    L0  =  2.03089e-05
 Ave. Gn_0    L1  =  0.000302711
 Ave. Gg      L0  =  0.0996005 eV
 Ave. Gg      L1  =  0.0990321 eV
 Ave. D       L0  =  0.243233 eV
 Ave. D       L1  =  0.183098 eV
 Ave. S       L0  =  4.18545e-05 eV
 Ave. S       L1  =  0.000370259 eV
 =========================================

 ... iteration 3: C/E thermal (n,g)= 0.81757  C/E thermal (n,f)= 0.235388
 Warning: 966 Gg/Gf values limited to a change of a factor 10 from their starting values
 ... Posterior values (iteration 4):
 ... Import MF2 from TARES calculations
 ... End energy of TARES MF2 : 9.923925E+1 eV and limit to 40000 resonances
 ... File used for reconstruction: new.temp22.reconst
 ... run RECENT ...
 ... Doppler broadened at a unique temperature: 300 Kelvin using sigma1
 ... run SIGMA1 at 3.000000E+02 K.

 ============== INTER values at 300 Kelvin ==============
 Thermal (n,g) xs =  16.3967 b. (meas/sys: 20 b.) (warning: comparison to be done at 296 or 300 K)
 Th Maxw (n,g) xs =  16.333 b. (thermal Maxwellian value)
 Westcott factor  =  0.99612
 RI      (n,g)    =  2.78147 b. (meas or sys: - b.)
 MACS 3.000e+04 eV=  0.00033014 b. (meas or sys: - b.) from 1.00E+00 to 2.00E+07 eV (end of RRR) at T= 300 Kelvin 
 Thermal (n,el) xs=  8.93821 b.
 RI      (n,el)   =  46.7075 b.
 Thermal (n,f) xs =  694.33 b. (meas/sys: 2950 +/- 160 b.)
 RI      (n,f) xs =  231.658 b. 
 ============= PSYCHE values ==============
 Ave. G_total L0  =  44.7474 eV
 Ave. G_total L1  =  45.9275 eV
 Ave. Gn_0    L0  =  2.03089e-05
 Ave. Gn_0    L1  =  0.000302711
 Ave. Gg      L0  =  0.0998961 eV
 Ave. Gg      L1  =  0.0993261 eV
 Ave. D       L0  =  0.243233 eV
 Ave. D       L1  =  0.183098 eV
 Ave. S       L0  =  4.18545e-05 eV
 Ave. S       L1  =  0.000370259 eV
 =========================================

 ... iteration 4: C/E thermal (n,g)= 0.819833  C/E thermal (n,f)= 0.235366
 Warning: 966 Gg/Gf values limited to a change of a factor 10 from their starting values
 ... Posterior values (iteration 5):
 ... Import MF2 from TARES calculations
 ... End energy of TARES MF2 : 9.923925E+1 eV and limit to 40000 resonances
 ... File used for reconstruction: new.temp22.reconst
 ... run RECENT ...
 ... Doppler broadened at a unique temperature: 300 Kelvin using sigma1
 ... run SIGMA1 at 3.000000E+02 K.

 ============== INTER values at 300 Kelvin ==============
 Thermal (n,g) xs =  16.3998 b. (meas/sys: 20 b.) (warning: comparison to be done at 296 or 300 K)
 Th Maxw (n,g) xs =  16.336 b. (thermal Maxwellian value)
 Westcott factor  =  0.99612
 RI      (n,g)    =  2.78201 b. (meas or sys: - b.)
 MACS 3.000e+04 eV=  0.00033014 b. (meas or sys: - b.) from 1.00E+00 to 2.00E+07 eV (end of RRR) at T= 300 Kelvin 
 Thermal (n,el) xs=  8.93821 b.
 RI      (n,el)   =  46.7075 b.
 Thermal (n,f) xs =  694.326 b. (meas/sys: 2950 +/- 160 b.)
 RI      (n,f) xs =  231.656 b. 
 ============= PSYCHE values ==============
 Ave. G_total L0  =  44.7474 eV
 Ave. G_total L1  =  45.9275 eV
 Ave. Gn_0    L0  =  2.03089e-05
 Ave. Gn_0    L1  =  0.000302711
 Ave. Gg      L0  =  0.0999162 eV
 Ave. Gg      L1  =  0.0993465 eV
 Ave. D       L0  =  0.243233 eV
 Ave. D       L1  =  0.183098 eV
 Ave. S       L0  =  4.18545e-05 eV
 Ave. S       L1  =  0.000370259 eV
 =========================================

 ... iteration 5: C/E thermal (n,g)= 0.819988  C/E thermal (n,f)= 0.235365
 Warning: 966 Gg/Gf values limited to a change of a factor 10 from their starting values
 ... Posterior values (iteration 6):
 ... Import MF2 from TARES calculations
 ... End energy of TARES MF2 : 9.923925E+1 eV and limit to 40000 resonances
 ... File used for reconstruction: new.temp22.reconst
 ... run RECENT ...
 ... Doppler broadened at a unique temperature: 300 Kelvin using sigma1
 ... run SIGMA1 at 3.000000E+02 K.

 ============== INTER values at 300 Kelvin ==============
 Thermal (n,g) xs =  16.4 b. (meas/sys: 20 b.) (warning: comparison to be done at 296 or 300 K)
 Th Maxw (n,g) xs =  16.336 b. (thermal Maxwellian value)
 Westcott factor  =  0.99612
 RI      (n,g)    =  2.78204 b. (meas or sys: - b.)
 MACS 3.000e+04 eV=  0.00033014 b. (meas or sys: - b.) from 1.00E+00 to 2.00E+07 eV (end of RRR) at T= 300 Kelvin 
 Thermal (n,el) xs=  8.93821 b.
 RI      (n,el)   =  46.7075 b.
 Thermal (n,f) xs =  694.325 b. (meas/sys: 2950 +/- 160 b.)
 RI      (n,f) xs =  231.658 b. 
 ============= PSYCHE values ==============
 Ave. G_total L0  =  44.7474 eV
 Ave. G_total L1  =  45.9275 eV
 Ave. Gn_0    L0  =  2.03089e-05
 Ave. Gn_0    L1  =  0.000302711
 Ave. Gg      L0  =  0.0999179 eV
 Ave. Gg      L1  =  0.0993479 eV
 Ave. D       L0  =  0.243233 eV
 Ave. D       L1  =  0.183098 eV
 Ave. S       L0  =  4.18545e-05 eV
 Ave. S       L1  =  0.000370259 eV
 =========================================

 ... iteration 6: C/E thermal (n,g)= 0.819999  C/E thermal (n,f)= 0.235364
 Warning: no further change possible (widths at the limit of a factor 10): adjustment stopped
 Adjusted thermal (n,f) xs            694.325230 b. (ratio for Gf= 0.243708 )

 ... ratio C/E thermal (n,g): 8.199992E-01
 ... ratio C/E thermal (n,f): 2.353645E-01
 ...................................................... 
 ... Adjustment to the thermal cross section : stop ...
 ...................................................... 
 ... new MF2 file after adjustment: n-Db268
 ... read the file /Users/koning/tares-1.8/source/Module//../../inputs/2025/list.jcs.urr to find URR origin
 Default URR taken from TALYS calculations with level density model: 91n3n12611.2850
 File considered for the URR: /Users/koning/tares-1.8/source/Module//../../inputs/2025/lib.urr/talys.urr/91n3n12611.2850/Db/urr/urr.dat.Db.268.000.0.gz
 ... Write URR using TALYS average parameters (not used for HFR)
 ... Limit of URR changed to 25 keV (recommendation from WPEC and JEFF)
 ... read D0, S0, Gn and Gg
 ... number of URR energies: 1179
 Number of l: 1179 and last energy: 9
 Last  URR energy: 138600 eV
 Energies in the URR : 1179 -> reduced by a factor 2
 Energies in the URR : 612 -> reduced by a factor 2
 Energies in the URR : 306 -> reduced by a factor 2
 ... Enter in urr_correct function case 2
 Modify the higher limit of RRR in MF2
 --> old value: 9.923925+1 eV new value: 9.923925+1 eV
 Modify resonance covariances (MF32) to include correlations in the URR
 End Modify resonance covariances (MF32) to include correlations in the URR
 ... Enter in update_MF32 function
 ... Change uncertainties
 ... for the HFR, random position of the positive resonances with 0.020000 %
 ... end of update MF32 function
 ... GLS calculation of the parameter correlations from the thermal/RI adjustment (MF32c)
 ... MF32: correlations from the thermal/RI adjustment (GLS) for 16 resonances (45 widths), 12 correlation lines
 ...   thermal (n,g): uncertainty from these widths 16.2027 b. -> 4.75753 b. (reference: 20 +/- 5 b.)
 ...   thermal (n,f): uncertainty from these widths 77.351 b. -> 54.9112 b. (reference: 2950 +/- 160 b.)
 ... copy the mf2 and mf32 to .mlbw files

 ... Start of final reconstruction and testing ...
 ... Reconstruction of cross sections at 0 Kelvin  ... Import MF2 from TARES calculations
 ... End energy of TARES MF2 : 9.923925E+1 eV and limit to 40000 resonances
 ... File used for reconstruction: n-Db268.reconst
 ... run RECENT ...
 ... Doppler broadened at a unique temperature: 0 Kelvin using sigma1
 ... The keyword temperature is zero, no Doppler broadening for the MACS

 ============== INTER values at 0 Kelvin ==============
 Thermal (n,g) xs =  16.3962 b. (meas/sys: 20 b.) (warning: comparison to be done at 296 or 300 K)
 Th Maxw (n,g) xs =  16.241 b. (thermal Maxwellian value)
 Westcott factor  =  0.9905
 RI      (n,g)    =  2.76993 b. (meas or sys: - b.)
 MACS 3.000e+04 eV=  0.00033196 b. (meas or sys: - b.) from 1.00E+00 to 9.92E+01 eV (end of RRR) at T= 0 Kelvin 
 Thermal (n,el) xs=  8.92119 b.
 RI      (n,el)   =  46.6509 b.
 Thermal (n,f) xs =  694.123 b. (meas/sys: 2950 +/- 160 b.)
 RI      (n,f) xs =  230.436 b. 
 ============= PSYCHE values ==============
 Ave. G_total L0  =  44.7474 eV
 Ave. G_total L1  =  45.9275 eV
 Ave. Gn_0    L0  =  2.03089e-05
 Ave. Gn_0    L1  =  0.000302711
 Ave. Gg      L0  =  0.0999179 eV
 Ave. Gg      L1  =  0.0993479 eV
 Ave. D       L0  =  0.243233 eV
 Ave. D       L1  =  0.183098 eV
 Ave. S       L0  =  4.18545e-05 eV
 Ave. S       L1  =  0.000370259 eV
 =========================================
 ... End of final reconstruction and testing ...

 ... grouping is not optimum, change to 70 groups
 ... Produce MF33 based on MF32 and 10 random files
 ... run endsam for 10 in groups of 1 global run
 ... run endsam from 1 to 10
 ... reorder resonance position after endsam (sampling)
 ... preparing the vectors  ... done
 ... nominal file 0 Cap(th)  ave= 1.640E+01 b. +/- 0.00 % || Ela(th) ave= 8.921E+00 b. +/- 0.00 % || RIcap ave= 2.77E+00 b. +/- 0.00 % || Macs30 ave= 2.39E-01 b. +/- 0.00 % || Gn^0(l=0) ave= 2.031E-05 +/- 0.00 % Gn^0(l=1) ave= 3.027E-04 +/- 0.00 % Gn^0(l=2) ave= 0.000E+00 +/- 0.00 % Gn^0(l=3) ave= 0.000E+00 +/- 0.00 % || Gtotal(l=0) ave= 4.475E+01 +/- 0.00 % Gtotal(l=1) ave= 4.593E+01 +/- 0.00 % Gtotal(l=2) ave= 0.000E+00 +/- 0.00 % Gtotal(l=3) ave= 0.000E+00 +/- 0.00 %  % || Gg(l=0) ave= 9.992E-02 +/- 0.00 % Gg(l=1) ave= 9.935E-02 +/- 0.00 % Gg(l=2) ave= 0.000E+00 +/- 0.00 % Gg(l=3) ave= 0.000E+00 +/- 0.00 %  % || D(l=0) ave= 2.432E-01 +/- 0.00 % D(l=1) ave= 1.831E-01 +/- 0.00 % D(l=2) ave= 0.000E+00 +/- 0.00 % D(l=3) ave= 0.000E+00 +/- 0.00 %  % || S(l=0) ave= 4.185E-05 +/- 0.00 % S(l=1) ave= 3.703E-04 +/- 0.00 % S(l=2) ave= 0.000E+00 +/- 0.00 % S(l=3) ave= 0.000E+00 +/- 0.00 %  % || Fis(th) ave= 6.941E+02 b. +/- 0.00 %
 ... random file  1 Cap(th)  ave= 1.949E+01 b. +/- 15.86 % || Ela(th) ave= 8.313E+00 b. +/- 7.32 % || RIcap ave= 3.25E+00 b. +/- 14.87 % || Macs30 ave= 2.83E-01 b. +/- 15.48 % || Gn^0(l=0) ave= 2.031E-05 +/- 0.02 % Gn^0(l=1) ave= 3.263E-04 +/- 7.23 % Gn^0(l=2) ave= 0.000E+00 +/- 0.00 % Gn^0(l=3) ave= 0.000E+00 +/- 0.00 % || Gtotal(l=0) ave= 4.475E+01 +/- 0.00 % Gtotal(l=1) ave= 4.598E+01 +/- 0.11 % Gtotal(l=2) ave= 0.000E+00 +/- 0.00 % Gtotal(l=3) ave= 0.000E+00 +/- 0.00 %  % || Gg(l=0) ave= 1.017E-01 +/- 1.77 % Gg(l=1) ave= 9.998E-02 +/- 0.63 % Gg(l=2) ave= 0.000E+00 +/- 0.00 % Gg(l=3) ave= 0.000E+00 +/- 0.00 %  % || D(l=0) ave= 2.432E-01 +/- 0.00 % D(l=1) ave= 1.829E-01 +/- 0.09 % D(l=2) ave= 0.000E+00 +/- 0.00 % D(l=3) ave= 0.000E+00 +/- 0.00 %  % || S(l=0) ave= 4.186E-05 +/- 0.01 % S(l=1) ave= 3.993E-04 +/- 7.27 % S(l=2) ave= 0.000E+00 +/- 0.00 % S(l=3) ave= 0.000E+00 +/- 0.00 %  % || Fis(th) ave= 7.117E+02 b. +/- 2.47 %
 ... random file  2 Cap(th)  ave= 1.624E+01 b. +/- 32.26 % || Ela(th) ave= 7.939E+00 b. +/- 9.14 % || RIcap ave= 3.34E+00 b. +/- 12.39 % || Macs30 ave= 3.15E-01 b. +/- 18.09 % || Gn^0(l=0) ave= 2.031E-05 +/- 0.05 % Gn^0(l=1) ave= 3.411E-04 +/- 8.32 % Gn^0(l=2) ave= 0.000E+00 +/- 0.00 % Gn^0(l=3) ave= 0.000E+00 +/- 0.00 % || Gtotal(l=0) ave= 4.475E+01 +/- 0.00 % Gtotal(l=1) ave= 4.596E+01 +/- 0.11 % Gtotal(l=2) ave= 0.000E+00 +/- 0.00 % Gtotal(l=3) ave= 0.000E+00 +/- 0.00 %  % || Gg(l=0) ave= 1.032E-01 +/- 2.53 % Gg(l=1) ave= 1.000E-01 +/- 0.52 % Gg(l=2) ave= 0.000E+00 +/- 0.00 % Gg(l=3) ave= 0.000E+00 +/- 0.00 %  % || D(l=0) ave= 2.432E-01 +/- 0.00 % D(l=1) ave= 1.830E-01 +/- 0.09 % D(l=2) ave= 0.000E+00 +/- 0.00 % D(l=3) ave= 0.000E+00 +/- 0.00 %  % || S(l=0) ave= 4.185E-05 +/- 0.03 % S(l=1) ave= 4.173E-04 +/- 8.33 % S(l=2) ave= 0.000E+00 +/- 0.00 % S(l=3) ave= 0.000E+00 +/- 0.00 %  % || Fis(th) ave= 6.935E+02 b. +/- 4.24 %
 ... random file  3 Cap(th)  ave= 1.435E+01 b. +/- 39.02 % || Ela(th) ave= 8.603E+00 b. +/- 15.23 % || RIcap ave= 3.21E+00 b. +/- 13.06 % || Macs30 ave= 2.98E-01 b. +/- 19.16 % || Gn^0(l=0) ave= 2.030E-05 +/- 0.09 % Gn^0(l=1) ave= 3.195E-04 +/- 13.97 % Gn^0(l=2) ave= 0.000E+00 +/- 0.00 % Gn^0(l=3) ave= 0.000E+00 +/- 0.00 % || Gtotal(l=0) ave= 4.475E+01 +/- 0.00 % Gtotal(l=1) ave= 4.593E+01 +/- 0.15 % Gtotal(l=2) ave= 0.000E+00 +/- 0.00 % Gtotal(l=3) ave= 0.000E+00 +/- 0.00 %  % || Gg(l=0) ave= 1.015E-01 +/- 3.69 % Gg(l=1) ave= 9.904E-02 +/- 1.81 % Gg(l=2) ave= 0.000E+00 +/- 0.00 % Gg(l=3) ave= 0.000E+00 +/- 0.00 %  % || D(l=0) ave= 2.432E-01 +/- 0.00 % D(l=1) ave= 1.829E-01 +/- 0.09 % D(l=2) ave= 0.000E+00 +/- 0.00 % D(l=3) ave= 0.000E+00 +/- 0.00 %  % || S(l=0) ave= 4.184E-05 +/- 0.06 % S(l=1) ave= 3.911E-04 +/- 13.92 % S(l=2) ave= 0.000E+00 +/- 0.00 % S(l=3) ave= 0.000E+00 +/- 0.00 %  % || Fis(th) ave= 7.110E+02 b. +/- 5.56 %
 ... random file  4 Cap(th)  ave= 1.436E+01 b. +/- 34.87 % || Ela(th) ave= 9.081E+00 b. +/- 16.66 % || RIcap ave= 2.97E+00 b. +/- 20.39 % || Macs30 ave= 2.89E-01 b. +/- 18.73 % || Gn^0(l=0) ave= 2.028E-05 +/- 0.15 % Gn^0(l=1) ave= 3.058E-04 +/- 15.87 % Gn^0(l=2) ave= 0.000E+00 +/- 0.00 % Gn^0(l=3) ave= 0.000E+00 +/- 0.00 % || Gtotal(l=0) ave= 4.476E+01 +/- 0.07 % Gtotal(l=1) ave= 4.593E+01 +/- 0.13 % Gtotal(l=2) ave= 0.000E+00 +/- 0.00 % Gtotal(l=3) ave= 0.000E+00 +/- 0.00 %  % || Gg(l=0) ave= 1.004E-01 +/- 4.03 % Gg(l=1) ave= 9.904E-02 +/- 1.62 % Gg(l=2) ave= 0.000E+00 +/- 0.00 % Gg(l=3) ave= 0.000E+00 +/- 0.00 %  % || D(l=0) ave= 2.434E-01 +/- 0.10 % D(l=1) ave= 1.830E-01 +/- 0.09 % D(l=2) ave= 0.000E+00 +/- 0.00 % D(l=3) ave= 0.000E+00 +/- 0.00 %  % || S(l=0) ave= 4.178E-05 +/- 0.28 % S(l=1) ave= 3.742E-04 +/- 15.84 % S(l=2) ave= 0.000E+00 +/- 0.00 % S(l=3) ave= 0.000E+00 +/- 0.00 %  % || Fis(th) ave= 7.057E+02 b. +/- 5.23 %
 ... random file  5 Cap(th)  ave= 1.409E+01 b. +/- 32.70 % || Ela(th) ave= 9.128E+00 b. +/- 15.17 % || RIcap ave= 2.89E+00 b. +/- 20.38 % || Macs30 ave= 2.92E-01 b. +/- 17.08 % || Gn^0(l=0) ave= 2.029E-05 +/- 0.15 % Gn^0(l=1) ave= 3.028E-04 +/- 14.79 % Gn^0(l=2) ave= 0.000E+00 +/- 0.00 % Gn^0(l=3) ave= 0.000E+00 +/- 0.00 % || Gtotal(l=0) ave= 4.476E+01 +/- 0.06 % Gtotal(l=1) ave= 4.592E+01 +/- 0.14 % Gtotal(l=2) ave= 0.000E+00 +/- 0.00 % Gtotal(l=3) ave= 0.000E+00 +/- 0.00 %  % || Gg(l=0) ave= 1.009E-01 +/- 3.87 % Gg(l=1) ave= 9.860E-02 +/- 1.79 % Gg(l=2) ave= 0.000E+00 +/- 0.00 % Gg(l=3) ave= 0.000E+00 +/- 0.00 %  % || D(l=0) ave= 2.433E-01 +/- 0.09 % D(l=1) ave= 1.829E-01 +/- 0.09 % D(l=2) ave= 0.000E+00 +/- 0.00 % D(l=3) ave= 0.000E+00 +/- 0.00 %  % || S(l=0) ave= 4.179E-05 +/- 0.26 % S(l=1) ave= 3.707E-04 +/- 14.75 % S(l=2) ave= 0.000E+00 +/- 0.00 % S(l=3) ave= 0.000E+00 +/- 0.00 %  % || Fis(th) ave= 7.044E+02 b. +/- 4.80 %
 ... random file  6 Cap(th)  ave= 1.458E+01 b. +/- 30.39 % || Ela(th) ave= 9.377E+00 b. +/- 15.14 % || RIcap ave= 2.79E+00 b. +/- 21.06 % || Macs30 ave= 2.96E-01 b. +/- 15.99 % || Gn^0(l=0) ave= 2.029E-05 +/- 0.14 % Gn^0(l=1) ave= 2.956E-04 +/- 15.23 % Gn^0(l=2) ave= 0.000E+00 +/- 0.00 % Gn^0(l=3) ave= 0.000E+00 +/- 0.00 % || Gtotal(l=0) ave= 4.476E+01 +/- 0.06 % Gtotal(l=1) ave= 4.591E+01 +/- 0.14 % Gtotal(l=2) ave= 0.000E+00 +/- 0.00 % Gtotal(l=3) ave= 0.000E+00 +/- 0.00 %  % || Gg(l=0) ave= 1.015E-01 +/- 3.80 % Gg(l=1) ave= 9.905E-02 +/- 1.98 % Gg(l=2) ave= 0.000E+00 +/- 0.00 % Gg(l=3) ave= 0.000E+00 +/- 0.00 %  % || D(l=0) ave= 2.433E-01 +/- 0.09 % D(l=1) ave= 1.829E-01 +/- 0.09 % D(l=2) ave= 0.000E+00 +/- 0.00 % D(l=3) ave= 0.000E+00 +/- 0.00 %  % || S(l=0) ave= 4.180E-05 +/- 0.25 % S(l=1) ave= 3.619E-04 +/- 15.18 % S(l=2) ave= 0.000E+00 +/- 0.00 % S(l=3) ave= 0.000E+00 +/- 0.00 %  % || Fis(th) ave= 7.020E+02 b. +/- 4.53 %
 ... random file  7 Cap(th)  ave= 1.429E+01 b. +/- 29.50 % || Ela(th) ave= 9.091E+00 b. +/- 16.82 % || RIcap ave= 2.81E+00 b. +/- 19.65 % || Macs30 ave= 2.98E-01 b. +/- 14.94 % || Gn^0(l=0) ave= 2.029E-05 +/- 0.15 % Gn^0(l=1) ave= 3.057E-04 +/- 16.30 % Gn^0(l=2) ave= 0.000E+00 +/- 0.00 % Gn^0(l=3) ave= 0.000E+00 +/- 0.00 % || Gtotal(l=0) ave= 4.477E+01 +/- 0.07 % Gtotal(l=1) ave= 4.591E+01 +/- 0.13 % Gtotal(l=2) ave= 0.000E+00 +/- 0.00 % Gtotal(l=3) ave= 0.000E+00 +/- 0.00 %  % || Gg(l=0) ave= 1.015E-01 +/- 3.55 % Gg(l=1) ave= 9.888E-02 +/- 1.92 % Gg(l=2) ave= 0.000E+00 +/- 0.00 % Gg(l=3) ave= 0.000E+00 +/- 0.00 %  % || D(l=0) ave= 2.434E-01 +/- 0.11 % D(l=1) ave= 1.829E-01 +/- 0.09 % D(l=2) ave= 0.000E+00 +/- 0.00 % D(l=3) ave= 0.000E+00 +/- 0.00 %  % || S(l=0) ave= 4.177E-05 +/- 0.30 % S(l=1) ave= 3.742E-04 +/- 16.25 % S(l=2) ave= 0.000E+00 +/- 0.00 % S(l=3) ave= 0.000E+00 +/- 0.00 %  % || Fis(th) ave= 6.981E+02 b. +/- 4.51 %
 ... random file  8 Cap(th)  ave= 1.472E+01 b. +/- 28.24 % || Ela(th) ave= 8.891E+00 b. +/- 17.40 % || RIcap ave= 2.81E+00 b. +/- 18.52 % || Macs30 ave= 2.93E-01 b. +/- 14.88 % || Gn^0(l=0) ave= 2.029E-05 +/- 0.15 % Gn^0(l=1) ave= 3.129E-04 +/- 16.35 % Gn^0(l=2) ave= 0.000E+00 +/- 0.00 % Gn^0(l=3) ave= 0.000E+00 +/- 0.00 % || Gtotal(l=0) ave= 4.477E+01 +/- 0.08 % Gtotal(l=1) ave= 4.590E+01 +/- 0.13 % Gtotal(l=2) ave= 0.000E+00 +/- 0.00 % Gtotal(l=3) ave= 0.000E+00 +/- 0.00 %  % || Gg(l=0) ave= 1.006E-01 +/- 4.24 % Gg(l=1) ave= 9.858E-02 +/- 2.00 % Gg(l=2) ave= 0.000E+00 +/- 0.00 % Gg(l=3) ave= 0.000E+00 +/- 0.00 %  % || D(l=0) ave= 2.434E-01 +/- 0.12 % D(l=1) ave= 1.829E-01 +/- 0.09 % D(l=2) ave= 0.000E+00 +/- 0.00 % D(l=3) ave= 0.000E+00 +/- 0.00 %  % || S(l=0) ave= 4.176E-05 +/- 0.30 % S(l=1) ave= 3.831E-04 +/- 16.32 % S(l=2) ave= 0.000E+00 +/- 0.00 % S(l=3) ave= 0.000E+00 +/- 0.00 %  % || Fis(th) ave= 7.008E+02 b. +/- 4.37 %
 ... random file  9 Cap(th)  ave= 1.395E+01 b. +/- 32.81 % || Ela(th) ave= 8.932E+00 b. +/- 16.49 % || RIcap ave= 2.78E+00 b. +/- 18.06 % || Macs30 ave= 2.90E-01 b. +/- 14.58 % || Gn^0(l=0) ave= 2.028E-05 +/- 0.15 % Gn^0(l=1) ave= 3.104E-04 +/- 15.83 % Gn^0(l=2) ave= 0.000E+00 +/- 0.00 % Gn^0(l=3) ave= 0.000E+00 +/- 0.00 % || Gtotal(l=0) ave= 4.478E+01 +/- 0.08 % Gtotal(l=1) ave= 4.590E+01 +/- 0.13 % Gtotal(l=2) ave= 0.000E+00 +/- 0.00 % Gtotal(l=3) ave= 0.000E+00 +/- 0.00 %  % || Gg(l=0) ave= 1.004E-01 +/- 4.07 % Gg(l=1) ave= 9.893E-02 +/- 2.16 % Gg(l=2) ave= 0.000E+00 +/- 0.00 % Gg(l=3) ave= 0.000E+00 +/- 0.00 %  % || D(l=0) ave= 2.435E-01 +/- 0.12 % D(l=1) ave= 1.829E-01 +/- 0.09 % D(l=2) ave= 0.000E+00 +/- 0.00 % D(l=3) ave= 0.000E+00 +/- 0.00 %  % || S(l=0) ave= 4.174E-05 +/- 0.31 % S(l=1) ave= 3.800E-04 +/- 15.80 % S(l=2) ave= 0.000E+00 +/- 0.00 % S(l=3) ave= 0.000E+00 +/- 0.00 %  % || Fis(th) ave= 6.875E+02 b. +/- 7.17 %
 ... random file  10 Cap(th)  ave= 1.431E+01 b. +/- 31.50 % || Ela(th) ave= 9.041E+00 b. +/- 16.00 % || RIcap ave= 2.83E+00 b. +/- 17.85 % || Macs30 ave= 2.91E-01 b. +/- 13.89 % || Gn^0(l=0) ave= 2.029E-05 +/- 0.14 % Gn^0(l=1) ave= 3.064E-04 +/- 15.83 % Gn^0(l=2) ave= 0.000E+00 +/- 0.00 % Gn^0(l=3) ave= 0.000E+00 +/- 0.00 % || Gtotal(l=0) ave= 4.478E+01 +/- 0.09 % Gtotal(l=1) ave= 4.592E+01 +/- 0.14 % Gtotal(l=2) ave= 0.000E+00 +/- 0.00 % Gtotal(l=3) ave= 0.000E+00 +/- 0.00 %  % || Gg(l=0) ave= 1.005E-01 +/- 3.90 % Gg(l=1) ave= 9.899E-02 +/- 2.07 % Gg(l=2) ave= 0.000E+00 +/- 0.00 % Gg(l=3) ave= 0.000E+00 +/- 0.00 %  % || D(l=0) ave= 2.435E-01 +/- 0.12 % D(l=1) ave= 1.829E-01 +/- 0.09 % D(l=2) ave= 0.000E+00 +/- 0.00 % D(l=3) ave= 0.000E+00 +/- 0.00 %  % || S(l=0) ave= 4.174E-05 +/- 0.29 % S(l=1) ave= 3.751E-04 +/- 15.81 % S(l=2) ave= 0.000E+00 +/- 0.00 % S(l=3) ave= 0.000E+00 +/- 0.00 %  % || Fis(th) ave= 6.886E+02 b. +/- 6.84 %
 ... Histogram plot for thermal (n,g)
 ... Write covariances  ... MT1  ... plot correlations
 ... MT2  ... MT18  ... MT102 


 ================================================
 ============== From 10 random values === start ======
 Thermal (n,tot) xs  0 K =  711.946 b. +/- 49.5899 b. ( 6.9654 %) skew= -1.21 +/- 0.66
 Thermal (n,el) xs   0 K =  9.04109 b. +/- 1.44617 b. ( 15.9955 %) skew= -0.08 +/- 0.66
 Thermal (n,f) xs    0 K = 688.598 b. +/- 47.0968 b. ( 6.83952 %) skew= -1.10 +/- 0.66
 Thermal (n,g) xs    0 K =  14.3065 b. +/- 4.50668 b. ( 31.5008 %) skew= +0.03 +/- 0.66
 RI      (n,g)       0 K =  2.83257 b. +/- 0.505511 b. ( 17.8464 %) 
 MACS    (n,g)       0 K (at Emacs= 30000 eV) =  0.291272 b. +/- 0.0404667 b. ( 13.8931 %) 
 Ave. Gtotal  L=0        =  4.478E+01 +/- 0.09 %
 Ave. Gn^(0)  L=0        =  2.029E-05 +/- 0.14 %
 Ave. Gg      L=0        =  1.005E-01 +/- 3.90 %
 Ave. D       L=0        =  2.435E-01 +/- 0.12 %
 Ave. S       L=0        =  4.174E-05 +/- 0.29 %
 Ave. Gtotal  L=1        =  4.592E+01 +/- 0.14 %
 Ave. Gg      L=1        =  9.899E-02 +/- 2.07 %
 Ave. D       L=1        =  1.829E-01 +/- 0.09 %
 Ave. S       L=1        =  3.751E-04 +/- 15.81 %

 Expected Thermal (n,g) (syst or meas)= 20 b. +/- 5 b. nominal: 16.3962 b.
 ratio Calculated/expected thermal (n,g): 0.72 ratio DCalculated/Dexpected: 0.90 ratio Calculated/Nominal: 0.87
 ============== From 10 random values ===== stop ======
 ================================================
 ... Calculation of (n,a) and (n,p) cross sections at 300 K
 ... thermal (n,a) cross section is 1.57513e-15 +/- 7.87566e-16 b.
 ... thermal (n,a) cross section is 0 b. (random case 1)
 ... thermal (n,a) cross section is 0 b. (random case 2)
 ... thermal (n,a) cross section is 0 b. (random case 3)
 ... thermal (n,a) cross section is 0 b. (random case 4)
 ... thermal (n,a) cross section is 0 b. (random case 5)
 ... thermal (n,a) cross section is 0 b. (random case 6)
 ... thermal (n,a) cross section is 0 b. (random case 7)
 ... thermal (n,a) cross section is 0 b. (random case 8)
 ... thermal (n,a) cross section is 0 b. (random case 9)
 ... thermal (n,a) cross section is 0 b. (random case 10)
 ... thermal (n,p) cross section is 1.57513e-15 +/- 7.87566e-16 b.
 ... thermal (n,p) cross section is 0 b. (random case 1)
 ... thermal (n,p) cross section is 0 b. (random case 2)
 ... thermal (n,p) cross section is 0 b. (random case 3)
 ... thermal (n,p) cross section is 0 b. (random case 4)
 ... thermal (n,p) cross section is 0 b. (random case 5)
 ... thermal (n,p) cross section is 0 b. (random case 6)
 ... thermal (n,p) cross section is 0 b. (random case 7)
 ... thermal (n,p) cross section is 0 b. (random case 8)
 ... thermal (n,p) cross section is 0 b. (random case 9)
 ... thermal (n,p) cross section is 0 b. (random case 10)
 ... Rewrite index for MF2
 ... Write text for MF1 in file mf1.tares.txt
 ... plotting cross sections for the MF1
 ... order output files

 ............................................................ 
 ...                                                      ... 
 ... MF2 format selection for the final file: n-Db268.mf2.mlbw
 ... MF2 format : mlbw
 ... cross section values for the final mf2 file: START   ... 
 ... Import MF2 from TARES calculations
 ... End energy of TARES MF2 : 9.923925E+1 eV and limit to 40000 resonances
 ... File used for reconstruction: n-Db268.mf2.reconst
 ... run RECENT ...
 ... Doppler broadened at a unique temperature: 0 Kelvin using sigma1
 ... The keyword temperature is zero, no Doppler broadening for the MACS

 ============== INTER values at 0 Kelvin ==============
 Thermal (n,g) xs =  16.3962 b. (meas/sys: 20 b.) (warning: comparison to be done at 296 or 300 K)
 Th Maxw (n,g) xs =  16.241 b. (thermal Maxwellian value)
 Westcott factor  =  0.9905
 RI      (n,g)    =  2.76993 b. (meas or sys: - b.)
 MACS 3.000e+04 eV=  0.00033196 b. (meas or sys: - b.) from 1.00E+00 to 9.92E+01 eV (end of RRR) at T= 0 Kelvin 
 Thermal (n,el) xs=  8.92119 b.
 RI      (n,el)   =  46.6509 b.
 Thermal (n,f) xs =  694.123 b. (meas/sys: 2950 +/- 160 b.)
 RI      (n,f) xs =  230.436 b. 
 ============= PSYCHE values ==============
 Ave. G_total L0  =  44.7474 eV
 Ave. G_total L1  =  45.9275 eV
 Ave. Gn_0    L0  =  2.03089e-05
 Ave. Gn_0    L1  =  0.000302711
 Ave. Gg      L0  =  0.0999179 eV
 Ave. Gg      L1  =  0.0993479 eV
 Ave. D       L0  =  0.243233 eV
 Ave. D       L1  =  0.183098 eV
 Ave. S       L0  =  4.18545e-05 eV
 Ave. S       L1  =  0.000370259 eV
 =========================================
 ... cross section values for the final mf2 file: END     ... 
 ...                                                      ... 
 ............................................................ 


================== summary ==================
 Thermal (n,tot) xs = 719.44 b. 
 Thermal (n,el)  xs = 8.92119 b. 
 Thermal (n,g)   xs = 16.3962 b. (meas/sys: 20 b.)
 Thermal (n,f)   xs = 694.123 b. (meas/sys: 2950 +/- 160 b.)
 At 300 K (thermal adjustment): (n,el) = 8.93821 b., (n,g) = 16.4 b., (n,f) = 694.325 b.

 RI      (n,g)      = 2.76993 b. (meas or sys: - b.)
 RI      (n,el)     = 46.6509 b.
 RI      (n,f)      = 230.436 b. 
=============================================


 ... cleaning
                                                 
  -------------------------------------------------------------
  -                                                           -
  - TARES: successful end of run with data from hypothetical  -
  - resonances for Z= 105, A= 268 and isomer= 0               -
  - half-life: 1.208333 days 
  -                                                           -
  -------------------------------------------------------------

   Running time:       55 seconds

 End time: Wed Oct  7 09:46:53 2026

