
  -------------------------------------------------------------
  -                                                           -
  -              Welcome to TARES version 1.8                 -
  -                                                           -
  -  (C) Copyright 2007-2025 D. Rochman, All Rights Reserved  -
  -           NRG, Petten, the Netherlands 2007-2014          -
  -           PSI, Villigen    Switzerland 2015-2025          -
  -         Nagra, Wettingen   Switzerland 2025-              -
  -           (Last Modified October 06, 2026)                -
  -           (Database from October 06, 2026)                -
  -                                                           -
  -------------------------------------------------------------


  ---------------------------------------------
   Compilation information:
   Compiled on:         Oct  7 2026, 09:32:19
   Compiled by:         koning
   Compiler version:    clang++ - 21.0.0
   Source location:     /Users/koning/tares-1.8/source/Module/
   Binaries location:   /Users/koning/bin
   System:              Darwin 25.6.0
   System version:      Darwin Kernel Version 25.6.0: Fri Jul 31 19:19:08 PDT 2026; root:xnu-12377.161.14~5/RELEASE_ARM64_T6050  
   Machine:             arm64 
  ---------------------------------------------

   User information:
   User name:           koning
   Running directory:   /Users/koning/tendl/resbase/W188/work
   Owner mode for running directory : rwx
   Group mode for running directory : r-x
  ---------------------------------------------


 Starting time: Wed Oct  7 11:28:54 2026
 ... inputs directory found (/Users/koning/tares-1.8/source/Module//../../inputs/).
 ... It will be used for resonance parameters 
 ... ###############################################
 ... #     read the input file tares.inp
 ... ###############################################
 ... line: #
 ... line: # Input file generated by Autorochman
          --> line not read
 ... line: #
 ... line: isotope    W
          --> Isotope name: W
 ... line: mass       188
          --> isotopic mass: 188
 ... line: output     n-W188
         ---> Name of the output files: n-W188
 ... line: isomer     0
          --> isomeric state: 0
 ... line: mf32mf33   y
          --> MF33 based on MF32: y
 ... line: nbrRandom  10
          --> Nbr of random files: 10
 ... ###############################################
 ... # end read the input file tares.inp
 ... ###############################################
Value for random generator type not considered in since Tares 1.7 due to compilation issues

 ... ###############################################
     #   Interpretation of the Input definition    #
     ###############################################

 ... Default energy limit: End of resonance region
 ... Nuclear charge    = 74
 ... Element           = W
 ... Mass              = 188
 ... Isomer            = 0
 ... Correlation for (Gn,Gg) not included in random files
 ... Default random option: No random
 ... Output name: n-W188
 ... Energy for the MACS: 30000 eV
 ... Resonances from CALENDF reduced (reduce=y) 
 ... For URR, level density model from TALYS selected: 91n3n12611.2850 (see manual for description)
 ... Random Generator: default (pseudo random numbers from ansi c++)
 ... Reconstruction of cross section selected
 ... Doppler broadening at 0 Kelvin
 ... URR not included (from the input file flag)
 ... Weight for grouping is flat
 ... Calculation of (n,alpha) cross section selected
 ... Number of digit for MF32c covariance representation: 2
 ... MF32 included
 ... MF33 will be used for covariance processing
 ... TENDL option set to yes (automatic choice of MF2 and format)
 ... Isotope not found in the best file --> use of MLBW formalism
 ... default option: Multi level Breit Wigner approximation selected
 ... (check file best.tendl.yes for changing this option)
 ... Retroactive option set to no with the 2025 option
 ... ladder option set to yes (CALENDF will be used for statistical resonances)

 ... ###############################################
     #           End of Input definition           #
     ###############################################

 ... gnuplot found, will be used for plotting
 ... latex found, will be used for plotting
 ... dvips found, will be used for plotting
 ... ps2epsi not found, limited plotting available
 ... uncertainties on default parameters multiplied by 1.61928
 ... Read resonance data from the 2025 directory
 ... Resonance parameters taken from /Users/koning/tares-1.8/source/Module//../../inputs/2025/Resonance/default/
 ---> Processing Z= 74 and A= 188 and isomer= 0 (level number: 0)
 Exfor path; Could not find /Users/koning/tares-1.8/source/Module//../../inputs/exfor/W188/xs/102
Thermal file; Could not open file /Users/koning/tares-1.8/source/Module//../../inputs/2025/runThermal/results//thermal.mxw.ng.cendl3.1
Thermal file; Could not open file /Users/koning/tares-1.8/source/Module//../../inputs/2025/runThermal/results//thermal.mxw.ng.brond3.1
Thermal file; Could not open file /Users/koning/tares-1.8/source/Module//../../inputs/2025/runThermal/results//thermal.xs.ng.unc.cendl3.1
 ... spin taken from the final/ directory (1)
 ... The spin found in level file ( 0 ) and the one in the urr file ( 5.5 ) differ

 ... ###############################################
 ... #  Nucleus global parameters (2025 database)  #
 ... ###############################################
 0. Half-life: 69.7685 days 
 ... Scattering radius from TALYS: /Users/koning/tares-1.8/source/Module//../../inputs/2025/lib.urr/talys.urr/
 1. Spin of the target isotope: 0
 2. Relative Atomic Mass of the target isotope: 187.958
 3. Scattering radius (local compilation): 7.59986 fm +/- 0.136797 fm
      .......................................
      ... Thermal capture cross sections: ...
 4. Thermal (n,g) cross section from systematics: 12 +/- 3 b.
 5. Thermal (n,g) cross section from compilation (Firestone-2022 average on element W): 18.5 +/- 0.4 b.
 6. Thermal (n,g) cross section from compilation (Firestone-2022 final on element W): 18.26 +/- 0.17 b.
 7. Thermal (n,g) cross section from EAF-2010: 12.007 b.
 8. Thermal (n,g) cross section from TENDL-2023: 12 +/- 6.306 b.
 9. Thermal (n,g) cross section from JEFF-3.3: 12.01 +/- 4.529 b.
 10. Thermal (n,g) cross section from JEFF-4.0: 12 +/- 3.704 b.
 11. Thermal (n,g) cross section from JENDL-5.0: 12 b.
      .......................................
      ...  Thermal total cross sections:  ...
      .......................................
      ... Thermal elastic cross sections: ...
 12. Thermal (n,el) cross section from JENDL-5.0: 7.692 b.
 13. Thermal (n,el) cross section from JEFF-3.3: 5.106 b.
 14. Thermal (n,el) cross section from potential (4piR^2): 9.5512 +/- 0.47756 b.
      .......................................
             ... Resonance integral: ...
 15. No capture integral found in /Users/koning/tares-1.8/source/Module//../../inputs/capture.integral
 ... no RI(n,g) found in local compilation, take 2018 value.
 ... no RI(n,g) found in local compilation, take Sukhoruchkin value.
   ---- MACS 30 keV ----- 
 16. TALYS MACS 30 keV (HF): 0.137092 b. 
   ---------- S0 -------- 
 17. S0 from TALYS: 2.18759
   ---------- S1 -------- 
 18. S1 from TALYS: 0.353361
   ---------- S2 -------- 
 19. S2 from TALYS: 6.69099
   ---------- D0 -------- 
 20. D0 from TALYS: 159.852 eV
   ---------- D1 -------- 
 21. D1 from TALYS: 54.644 eV
   ---------- D2 -------- 
 22. D2 from TALYS: 34.4812 eV
   ---------- G0 -------- 
 23. Gg0 from TALYS: 0.0314134 eV
   ---------- G1 -------- 
 24. Gg1 from TALYS: 0.0314135 eV
   ---------- G2 -------- 
 25. Gg2 from TALYS: 0.0317056 eV


   ---------------------- 
 ... Read resonance parameters (format: 2: Multi Level Breit Wigner)
 ... 0 resonances found 
 ... possibly no resonances in the Resonance directory for this isotope and options
 ... Use HFR (ladder) behavior 
 --> 27. Number of resonances from the input file: 2 up to 79.9261 eV
 28. Read nuclear quantities (mass, MAT...)
 29. Read thermal (n,g) xs 
 30. Read the scattering radius 
 31. Read uncertainty on Gg for 2 resonances
 32. Read uncertainty on Gg for 2 resonances ... done
 ... order resonances 
 ... Upper limit for the RRR: 79.9261 eV (no statistical resonances HFR) from the limit.RRR file
 ... Write parameters for l=0 waves
 ... End writing original MF2 
 ... No RRR in the database: uncertainties on default parameters multiplied by 1.99753
 ... Enter in urr function (ladder option set to y) for file n-W188
 ... read the file /Users/koning/tares-1.8/source/Module//../../inputs/2025/list.jcs.urr to find URR origin
 Default URR taken from TALYS calculations with level density model: 91n3n12611.2850
 File considered for the URR: /Users/koning/tares-1.8/source/Module//../../inputs/2025/lib.urr/talys.urr/91n3n12611.2850/W/urr/urr.dat.W.188.000.0.gz
 ... Write URR using TALYS average parameters (used for HFR)
 ... Limit of URR changed to 25 keV (recommendation from WPEC and JEFF)
 ... ---> Emax(RRR) taken from the file limit.ladder: 5000 eV <---
 ... (File limit.ladder: /Users/koning/tares-1.8/source/Module//../../inputs/2025/limit.ladder.91n3n12611.2850)
 ... read D0, S0, Gn and Gg
 ... number of URR energies: 1010
 Number of l: 1010 and last energy: 5
 Last  URR energy: 5000 eV
 ... Enter in to_MLBW_mf2 function
 ... Convert to Multi Level Breit Wigner (MLBW)
 ... Write parameter covariances (MF32) for l=0
 ... Convert parameter covariances (MF32) to MLBW
 ... copy the mf2 and mf32 to .mlbw files
 ... Enter in urr_correct function case 1
 Modify the higher limit of RRR in MF2
 --> old value: 8.032578+1 eV new value: 1.000000-2 eV
 Modify resonance covariances (MF32) to include correlations in the URR
 End Modify resonance covariances (MF32) to include correlations in the URR
 ... Enter in calendf_xs function
 Use CALENDF for statistical resonances (update MF2) up to 5.000000+3 eV (initial limit)
 Extract resonances from CALENDF for RRR->URR 2
 284 statistical resonances found
 After reduction, 210 statistical resonances found
 ... checking resonance order 1
 ... checking resonance order 2nd round for 208 resonances
 ... end checking resonance order 2nd round
 Too many resonances (208): reduced to 100.
 .......................................................
 ... Adjustment to the thermal cross section : start ...
 .......................................................

 Before adjustment (adjustment to the thermal cross section set to y)
 ... Import MF2 from TARES calculations
 ... End energy of TARES MF2 : 2.497514E+3 eV and limit to 40000 resonances
 ... File used for reconstruction: new.temp22.reconst
 ... run RECENT ...
 ... Doppler broadened at a unique temperature: 300 Kelvin using sigma1
 ... run SIGMA1 at 3.000000E+02 K.

 ============== INTER values at 300 Kelvin ==============
 Thermal (n,g) xs =  1.08064 b. (meas/sys: 12 b.) (warning: comparison to be done at 296 or 300 K)
 Th Maxw (n,g) xs =  1.0868 b. (thermal Maxwellian value)
 Westcott factor  =  1.00572
 RI      (n,g)    =  16.9731 b. (meas or sys: - b.)
 MACS 3.000e+04 eV=  0.13275 b. (meas or sys: - b.) from 1.00E+00 to 2.00E+07 eV (end of RRR) at T= 300 Kelvin 
 Thermal (n,el) xs=  4.54029 b.
 RI      (n,el)   =  276.851 b.
 ============= PSYCHE values ==============
 Ave. G_total L0  =  1.42725 eV
 Ave. G_total L1  =  0.0327583 eV
 Ave. G_total L2  =  0.0313891 eV
 Ave. Gn_0    L0  =  0.0513939
 Ave. Gn_0    L1  =  0.00614383
 Ave. Gn_0    L2  =  0.0919818
 Ave. Gg      L0  =  0.0314261 eV
 Ave. Gg      L1  =  0.0316055 eV
 Ave. Gg      L2  =  0.0313788 eV
 Ave. D       L0  =  156.095 eV
 Ave. D       L1  =  96.0582 eV
 Ave. D       L2  =  78.0473 eV
 Ave. S       L0  =  0.000349827 eV
 Ave. S       L1  =  3.31995e-05 eV
 Ave. S       L2  =  0.000575183 eV
 =========================================
 Calculated capture integral   16.9731 b.
 Calculated thermal (n,g)=          1.08063797 b. and recommended= 12 b. (C/E= 0.0900532)
 Calculated RI      (n,g)= 16.9731 b. (no reference value)
 ... tolerances: thermal (n,g) 20 % (reference uncertainties, minimum 2% and 5%, maximum 20%)
 Adjust the capture widths ...
 ... capture adjusted with Gn for 82 resonances (Gn<Gg) and with Gg for 18 resonances
 ... iteration 0: C/E thermal (n,g)= 0.0900532

 <-------- After adjustment -------->
 ... Import MF2 from TARES calculations
 ... End energy of TARES MF2 : 2.497514E+3 eV and limit to 40000 resonances
 ... File used for reconstruction: new.temp22.reconst
 ... run RECENT ...
 ... Doppler broadened at a unique temperature: 300 Kelvin using sigma1
 ... run SIGMA1 at 3.000000E+02 K.

 ============== INTER values at 300 Kelvin ==============
 Thermal (n,g) xs =  9.83999 b. (meas/sys: 12 b.) (warning: comparison to be done at 296 or 300 K)
 Th Maxw (n,g) xs =  9.8963 b. (thermal Maxwellian value)
 Westcott factor  =  1.00572
 RI      (n,g)    =  54.1108 b. (meas or sys: - b.)
 MACS 3.000e+04 eV=  0.14301 b. (meas or sys: - b.) from 1.00E+00 to 2.00E+07 eV (end of RRR) at T= 300 Kelvin 
 Thermal (n,el) xs=  4.53285 b.
 RI      (n,el)   =  243.86 b.
 ============= PSYCHE values ==============
 Ave. G_total L0  =  1.65866 eV
 Ave. G_total L1  =  0.0421028 eV
 Ave. G_total L2  =  0.0314729 eV
 Ave. Gn_0    L0  =  0.0515695
 Ave. Gn_0    L1  =  0.0559441
 Ave. Gn_0    L2  =  0.837561
 Ave. Gg      L0  =  0.256189 eV
 Ave. Gg      L1  =  0.0316055 eV
 Ave. Gg      L2  =  0.0313788 eV
 Ave. D       L0  =  156.095 eV
 Ave. D       L1  =  96.0582 eV
 Ave. D       L2  =  78.0473 eV
 Ave. S       L0  =  0.000351022 eV
 Ave. S       L1  =  0.000302306 eV
 Ave. S       L2  =  0.00523746 eV
 =========================================
 ... iteration 1: C/E thermal (n,g)= 0.819999


 ... ratio C/E thermal (n,g): 8.199988E-01
 ...................................................... 
 ... Adjustment to the thermal cross section : stop ...
 ...................................................... 
 ... new MF2 file after adjustment: n-W188
 ... read the file /Users/koning/tares-1.8/source/Module//../../inputs/2025/list.jcs.urr to find URR origin
 Default URR taken from TALYS calculations with level density model: 91n3n12611.2850
 File considered for the URR: /Users/koning/tares-1.8/source/Module//../../inputs/2025/lib.urr/talys.urr/91n3n12611.2850/W/urr/urr.dat.W.188.000.0.gz
 ... Write URR using TALYS average parameters (not used for HFR)
 ... Limit of URR changed to 25 keV (recommendation from WPEC and JEFF)
 ... read D0, S0, Gn and Gg
 ... number of URR energies: 355
 Number of l: 355 and last energy: 5
 Last  URR energy: 141728 eV
 Energies in the URR : 355 -> reduced by a factor 2
 ... Enter in urr_correct function case 2
 Modify the higher limit of RRR in MF2
 --> old value: 2.497514+3 eV new value: 2.497514+3 eV
 Modify resonance covariances (MF32) to include correlations in the URR
 End Modify resonance covariances (MF32) to include correlations in the URR
 ... Enter in update_MF32 function
 ... Change uncertainties
 ... for the HFR, random position of the positive resonances with 0.020000 %
 ... end of update MF32 function
 ... GLS calculation of the parameter correlations from the thermal/RI adjustment (MF32c)
 ... MF32: correlations from the thermal/RI adjustment (GLS) for 7 resonances (14 widths), 17 correlation lines
 ...   thermal (n,g): uncertainty from these widths 2.89354 b. -> 2.08266 b. (reference: 12 +/- 3 b.)
 ... copy the mf2 and mf32 to .mlbw files

 ... Start of final reconstruction and testing ...
 ... Reconstruction of cross sections at 0 Kelvin  ... Import MF2 from TARES calculations
 ... End energy of TARES MF2 : 2.497514E+3 eV and limit to 40000 resonances
 ... File used for reconstruction: n-W188.reconst
 ... run RECENT ...
 ... Doppler broadened at a unique temperature: 0 Kelvin using sigma1
 ... The keyword temperature is zero, no Doppler broadening for the MACS

 ============== INTER values at 0 Kelvin ==============
 Thermal (n,g) xs =  9.83483 b. (meas/sys: 12 b.) (warning: comparison to be done at 296 or 300 K)
 Th Maxw (n,g) xs =  9.8392 b. (thermal Maxwellian value)
 Westcott factor  =  1.00045
 RI      (n,g)    =  54.066 b. (meas or sys: - b.)
 MACS 3.000e+04 eV=  0.14215 b. (meas or sys: - b.) from 1.00E+00 to 2.50E+03 eV (end of RRR) at T= 0 Kelvin 
 Thermal (n,el) xs=  4.52057 b.
 RI      (n,el)   =  243.35 b.
 ============= PSYCHE values ==============
 Ave. G_total L0  =  1.65866 eV
 Ave. G_total L1  =  0.0421028 eV
 Ave. G_total L2  =  0.0314729 eV
 Ave. Gn_0    L0  =  0.0515695
 Ave. Gn_0    L1  =  0.0559441
 Ave. Gn_0    L2  =  0.837561
 Ave. Gg      L0  =  0.256189 eV
 Ave. Gg      L1  =  0.0316055 eV
 Ave. Gg      L2  =  0.0313788 eV
 Ave. D       L0  =  156.095 eV
 Ave. D       L1  =  96.0582 eV
 Ave. D       L2  =  78.0473 eV
 Ave. S       L0  =  0.000351022 eV
 Ave. S       L1  =  0.000302306 eV
 Ave. S       L2  =  0.00523746 eV
 =========================================
 ... End of final reconstruction and testing ...

 ... grouping is not optimum, change to 70 groups
 ... Produce MF33 based on MF32 and 10 random files
 ... run endsam for 10 in groups of 1 global run
 ... run endsam from 1 to 10
 ... reorder resonance position after endsam (sampling)
 ... preparing the vectors  ... done
 ... nominal file 0 Cap(th)  ave= 9.835E+00 b. +/- 0.00 % || Ela(th) ave= 4.521E+00 b. +/- 0.00 % || RIcap ave= 5.34E+01 b. +/- 0.00 % || Macs30 ave= 3.80E+00 b. +/- 0.00 % || Gn^0(l=0) ave= 5.157E-02 +/- 0.00 % Gn^0(l=1) ave= 5.594E-02 +/- 0.00 % Gn^0(l=2) ave= 8.376E-01 +/- 0.00 % Gn^0(l=3) ave= 0.000E+00 +/- 0.00 % || Gtotal(l=0) ave= 1.659E+00 +/- 0.00 % Gtotal(l=1) ave= 4.210E-02 +/- 0.00 % Gtotal(l=2) ave= 3.147E-02 +/- 0.00 % Gtotal(l=3) ave= 0.000E+00 +/- 0.00 %  % || Gg(l=0) ave= 2.562E-01 +/- 0.00 % Gg(l=1) ave= 3.161E-02 +/- 0.00 % Gg(l=2) ave= 3.138E-02 +/- 0.00 % Gg(l=3) ave= 0.000E+00 +/- 0.00 %  % || D(l=0) ave= 1.561E+02 +/- 0.00 % D(l=1) ave= 9.606E+01 +/- 0.00 % D(l=2) ave= 7.805E+01 +/- 0.00 % D(l=3) ave= 0.000E+00 +/- 0.00 %  % || S(l=0) ave= 3.510E-04 +/- 0.00 % S(l=1) ave= 3.023E-04 +/- 0.00 % S(l=2) ave= 5.237E-03 +/- 0.00 % S(l=3) ave= 0.000E+00 +/- 0.00 % 
 ... random file  1 Cap(th)  ave= 9.505E+00 b. +/- 3.47 % || Ela(th) ave= 4.163E+00 b. +/- 8.60 % || RIcap ave= 5.29E+01 b. +/- 0.84 % || Macs30 ave= 3.46E+00 b. +/- 9.62 % || Gn^0(l=0) ave= 5.322E-02 +/- 3.11 % Gn^0(l=1) ave= 6.012E-02 +/- 6.94 % Gn^0(l=2) ave= 9.776E-01 +/- 14.32 % Gn^0(l=3) ave= 0.000E+00 +/- 0.00 % || Gtotal(l=0) ave= 1.699E+00 +/- 2.37 % Gtotal(l=1) ave= 4.210E-02 +/- 0.00 % Gtotal(l=2) ave= 3.147E-02 +/- 0.00 % Gtotal(l=3) ave= 0.000E+00 +/- 0.00 %  % || Gg(l=0) ave= 2.606E-01 +/- 1.70 % Gg(l=1) ave= 3.072E-02 +/- 2.90 % Gg(l=2) ave= 3.230E-02 +/- 2.85 % Gg(l=3) ave= 0.000E+00 +/- 0.00 %  % || D(l=0) ave= 1.613E+02 +/- 3.23 % D(l=1) ave= 9.606E+01 +/- 0.00 % D(l=2) ave= 7.805E+01 +/- 0.00 % D(l=3) ave= 0.000E+00 +/- 0.00 %  % || S(l=0) ave= 3.513E-04 +/- 0.08 % S(l=1) ave= 3.247E-04 +/- 6.91 % S(l=2) ave= 6.112E-03 +/- 14.30 % S(l=3) ave= 0.000E+00 +/- 0.00 % 
 ... random file  2 Cap(th)  ave= 8.995E+00 b. +/- 8.55 % || Ela(th) ave= 4.613E+00 b. +/- 15.18 % || RIcap ave= 5.20E+01 b. +/- 2.52 % || Macs30 ave= 3.51E+00 b. +/- 7.94 % || Gn^0(l=0) ave= 5.217E-02 +/- 3.85 % Gn^0(l=1) ave= 5.640E-02 +/- 11.11 % Gn^0(l=2) ave= 8.638E-01 +/- 22.85 % Gn^0(l=3) ave= 0.000E+00 +/- 0.00 % || Gtotal(l=0) ave= 1.685E+00 +/- 2.25 % Gtotal(l=1) ave= 4.210E-02 +/- 0.00 % Gtotal(l=2) ave= 3.147E-02 +/- 0.00 % Gtotal(l=3) ave= 0.000E+00 +/- 0.00 %  % || Gg(l=0) ave= 2.584E-01 +/- 1.84 % Gg(l=1) ave= 3.311E-02 +/- 10.44 % Gg(l=2) ave= 3.199E-02 +/- 2.72 % Gg(l=3) ave= 0.000E+00 +/- 0.00 %  % || D(l=0) ave= 1.596E+02 +/- 3.07 % D(l=1) ave= 9.606E+01 +/- 0.00 % D(l=2) ave= 7.805E+01 +/- 0.00 % D(l=3) ave= 0.000E+00 +/- 0.00 %  % || S(l=0) ave= 3.478E-04 +/- 1.43 % S(l=1) ave= 3.046E-04 +/- 11.12 % S(l=2) ave= 5.400E-03 +/- 22.85 % S(l=3) ave= 0.000E+00 +/- 0.00 % 
 ... random file  3 Cap(th)  ave= 9.201E+00 b. +/- 8.21 % || Ela(th) ave= 4.418E+00 b. +/- 15.71 % || RIcap ave= 5.09E+01 b. +/- 4.42 % || Macs30 ave= 3.38E+00 b. +/- 9.67 % || Gn^0(l=0) ave= 5.254E-02 +/- 3.53 % Gn^0(l=1) ave= 5.850E-02 +/- 11.17 % Gn^0(l=2) ave= 9.281E-01 +/- 21.98 % Gn^0(l=3) ave= 0.000E+00 +/- 0.00 % || Gtotal(l=0) ave= 1.699E+00 +/- 2.37 % Gtotal(l=1) ave= 4.210E-02 +/- 0.00 % Gtotal(l=2) ave= 3.147E-02 +/- 0.00 % Gtotal(l=3) ave= 0.000E+00 +/- 0.00 %  % || Gg(l=0) ave= 2.508E-01 +/- 5.50 % Gg(l=1) ave= 3.287E-02 +/- 9.19 % Gg(l=2) ave= 3.180E-02 +/- 2.57 % Gg(l=3) ave= 0.000E+00 +/- 0.00 %  % || D(l=0) ave= 1.613E+02 +/- 3.23 % D(l=1) ave= 9.606E+01 +/- 0.00 % D(l=2) ave= 7.805E+01 +/- 0.00 % D(l=3) ave= 0.000E+00 +/- 0.00 %  % || S(l=0) ave= 3.468E-04 +/- 1.34 % S(l=1) ave= 3.158E-04 +/- 11.14 % S(l=2) ave= 5.800E-03 +/- 21.95 % S(l=3) ave= 0.000E+00 +/- 0.00 % 
 ... random file  4 Cap(th)  ave= 8.713E+00 b. +/- 13.61 % || Ela(th) ave= 4.496E+00 b. +/- 14.24 % || RIcap ave= 5.16E+01 b. +/- 4.63 % || Macs30 ave= 3.39E+00 b. +/- 8.64 % || Gn^0(l=0) ave= 5.250E-02 +/- 3.17 % Gn^0(l=1) ave= 5.730E-02 +/- 11.03 % Gn^0(l=2) ave= 8.917E-01 +/- 22.03 % Gn^0(l=3) ave= 0.000E+00 +/- 0.00 % || Gtotal(l=0) ave= 1.691E+00 +/- 2.33 % Gtotal(l=1) ave= 4.210E-02 +/- 0.00 % Gtotal(l=2) ave= 3.147E-02 +/- 0.00 % Gtotal(l=3) ave= 0.000E+00 +/- 0.00 %  % || Gg(l=0) ave= 2.444E-01 +/- 7.28 % Gg(l=1) ave= 3.209E-02 +/- 9.73 % Gg(l=2) ave= 3.217E-02 +/- 3.20 % Gg(l=3) ave= 0.000E+00 +/- 0.00 %  % || D(l=0) ave= 1.603E+02 +/- 3.18 % D(l=1) ave= 9.606E+01 +/- 0.00 % D(l=2) ave= 7.805E+01 +/- 0.00 % D(l=3) ave= 0.000E+00 +/- 0.00 %  % || S(l=0) ave= 3.487E-04 +/- 1.61 % S(l=1) ave= 3.094E-04 +/- 10.99 % S(l=2) ave= 5.573E-03 +/- 22.00 % S(l=3) ave= 0.000E+00 +/- 0.00 % 
 ... random file  5 Cap(th)  ave= 9.416E+00 b. +/- 20.28 % || Ela(th) ave= 4.596E+00 b. +/- 13.62 % || RIcap ave= 5.31E+01 b. +/- 7.70 % || Macs30 ave= 3.65E+00 b. +/- 17.60 % || Gn^0(l=0) ave= 5.285E-02 +/- 3.23 % Gn^0(l=1) ave= 5.638E-02 +/- 10.86 % Gn^0(l=2) ave= 8.595E-01 +/- 22.48 % Gn^0(l=3) ave= 0.000E+00 +/- 0.00 % || Gtotal(l=0) ave= 1.699E+00 +/- 2.37 % Gtotal(l=1) ave= 4.210E-02 +/- 0.00 % Gtotal(l=2) ave= 3.147E-02 +/- 0.00 % Gtotal(l=3) ave= 0.000E+00 +/- 0.00 %  % || Gg(l=0) ave= 2.630E-01 +/- 16.99 % Gg(l=1) ave= 3.197E-02 +/- 8.96 % Gg(l=2) ave= 3.251E-02 +/- 3.72 % Gg(l=3) ave= 0.000E+00 +/- 0.00 %  % || D(l=0) ave= 1.613E+02 +/- 3.23 % D(l=1) ave= 9.606E+01 +/- 0.00 % D(l=2) ave= 7.805E+01 +/- 0.00 % D(l=3) ave= 0.000E+00 +/- 0.00 %  % || S(l=0) ave= 3.489E-04 +/- 1.47 % S(l=1) ave= 3.043E-04 +/- 10.84 % S(l=2) ave= 5.372E-03 +/- 22.46 % S(l=3) ave= 0.000E+00 +/- 0.00 % 
 ... random file  6 Cap(th)  ave= 9.313E+00 b. +/- 19.18 % || Ela(th) ave= 4.470E+00 b. +/- 14.70 % || RIcap ave= 5.26E+01 b. +/- 7.58 % || Macs30 ave= 3.66E+00 b. +/- 16.26 % || Gn^0(l=0) ave= 5.272E-02 +/- 3.06 % Gn^0(l=1) ave= 5.756E-02 +/- 11.04 % Gn^0(l=2) ave= 8.954E-01 +/- 22.27 % Gn^0(l=3) ave= 0.000E+00 +/- 0.00 % || Gtotal(l=0) ave= 1.693E+00 +/- 2.35 % Gtotal(l=1) ave= 4.210E-02 +/- 0.00 % Gtotal(l=2) ave= 3.147E-02 +/- 0.00 % Gtotal(l=3) ave= 0.000E+00 +/- 0.00 %  % || Gg(l=0) ave= 2.662E-01 +/- 15.81 % Gg(l=1) ave= 3.220E-02 +/- 8.41 % Gg(l=2) ave= 3.260E-02 +/- 3.50 % Gg(l=3) ave= 0.000E+00 +/- 0.00 %  % || D(l=0) ave= 1.606E+02 +/- 3.21 % D(l=1) ave= 9.606E+01 +/- 0.00 % D(l=2) ave= 7.805E+01 +/- 0.00 % D(l=3) ave= 0.000E+00 +/- 0.00 %  % || S(l=0) ave= 3.495E-04 +/- 1.44 % S(l=1) ave= 3.108E-04 +/- 11.07 % S(l=2) ave= 5.596E-03 +/- 22.25 % S(l=3) ave= 0.000E+00 +/- 0.00 % 
 ... random file  7 Cap(th)  ave= 9.358E+00 b. +/- 17.90 % || Ela(th) ave= 4.442E+00 b. +/- 13.94 % || RIcap ave= 5.22E+01 b. +/- 7.36 % || Macs30 ave= 3.61E+00 b. +/- 15.74 % || Gn^0(l=0) ave= 5.251E-02 +/- 3.07 % Gn^0(l=1) ave= 5.774E-02 +/- 10.33 % Gn^0(l=2) ave= 9.003E-01 +/- 20.77 % Gn^0(l=3) ave= 0.000E+00 +/- 0.00 % || Gtotal(l=0) ave= 1.689E+00 +/- 2.31 % Gtotal(l=1) ave= 4.210E-02 +/- 0.00 % Gtotal(l=2) ave= 3.147E-02 +/- 0.00 % Gtotal(l=3) ave= 0.000E+00 +/- 0.00 %  % || Gg(l=0) ave= 2.608E-01 +/- 16.07 % Gg(l=1) ave= 3.201E-02 +/- 8.07 % Gg(l=2) ave= 3.259E-02 +/- 3.28 % Gg(l=3) ave= 0.000E+00 +/- 0.00 %  % || D(l=0) ave= 1.600E+02 +/- 3.15 % D(l=1) ave= 9.606E+01 +/- 0.00 % D(l=2) ave= 7.805E+01 +/- 0.00 % D(l=3) ave= 0.000E+00 +/- 0.00 %  % || S(l=0) ave= 3.493E-04 +/- 1.36 % S(l=1) ave= 3.119E-04 +/- 10.36 % S(l=2) ave= 5.629E-03 +/- 20.74 % S(l=3) ave= 0.000E+00 +/- 0.00 % 
 ... random file  8 Cap(th)  ave= 9.096E+00 b. +/- 19.19 % || Ela(th) ave= 4.391E+00 b. +/- 13.69 % || RIcap ave= 5.20E+01 b. +/- 7.04 % || Macs30 ave= 3.59E+00 b. +/- 15.02 % || Gn^0(l=0) ave= 5.263E-02 +/- 2.95 % Gn^0(l=1) ave= 5.834E-02 +/- 10.07 % Gn^0(l=2) ave= 9.205E-01 +/- 20.13 % Gn^0(l=3) ave= 0.000E+00 +/- 0.00 % || Gtotal(l=0) ave= 1.694E+00 +/- 2.36 % Gtotal(l=1) ave= 4.210E-02 +/- 0.00 % Gtotal(l=2) ave= 3.147E-02 +/- 0.00 % Gtotal(l=3) ave= 0.000E+00 +/- 0.00 %  % || Gg(l=0) ave= 2.591E-01 +/- 15.35 % Gg(l=1) ave= 3.188E-02 +/- 7.71 % Gg(l=2) ave= 3.228E-02 +/- 4.12 % Gg(l=3) ave= 0.000E+00 +/- 0.00 %  % || D(l=0) ave= 1.607E+02 +/- 3.22 % D(l=1) ave= 9.606E+01 +/- 0.00 % D(l=2) ave= 7.805E+01 +/- 0.00 % D(l=3) ave= 0.000E+00 +/- 0.00 %  % || S(l=0) ave= 3.486E-04 +/- 1.40 % S(l=1) ave= 3.152E-04 +/- 10.10 % S(l=2) ave= 5.754E-03 +/- 20.10 % S(l=3) ave= 0.000E+00 +/- 0.00 % 
 ... random file  9 Cap(th)  ave= 9.853E+00 b. +/- 28.53 % || Ela(th) ave= 4.372E+00 b. +/- 13.10 % || RIcap ave= 5.36E+01 b. +/- 10.64 % || Macs30 ave= 3.71E+00 b. +/- 16.84 % || Gn^0(l=0) ave= 5.258E-02 +/- 2.82 % Gn^0(l=1) ave= 5.835E-02 +/- 9.55 % Gn^0(l=2) ave= 9.207E-01 +/- 19.09 % Gn^0(l=3) ave= 0.000E+00 +/- 0.00 % || Gtotal(l=0) ave= 1.691E+00 +/- 2.33 % Gtotal(l=1) ave= 4.210E-02 +/- 0.00 % Gtotal(l=2) ave= 3.147E-02 +/- 0.00 % Gtotal(l=3) ave= 0.000E+00 +/- 0.00 %  % || Gg(l=0) ave= 2.670E-01 +/- 16.70 % Gg(l=1) ave= 3.206E-02 +/- 7.46 % Gg(l=2) ave= 3.299E-02 +/- 7.53 % Gg(l=3) ave= 0.000E+00 +/- 0.00 %  % || D(l=0) ave= 1.603E+02 +/- 3.18 % D(l=1) ave= 9.606E+01 +/- 0.00 % D(l=2) ave= 7.805E+01 +/- 0.00 % D(l=3) ave= 0.000E+00 +/- 0.00 %  % || S(l=0) ave= 3.492E-04 +/- 1.43 % S(l=1) ave= 3.152E-04 +/- 9.58 % S(l=2) ave= 5.756E-03 +/- 19.06 % S(l=3) ave= 0.000E+00 +/- 0.00 % 
 ... random file  10 Cap(th)  ave= 9.897E+00 b. +/- 27.12 % || Ela(th) ave= 4.446E+00 b. +/- 13.35 % || RIcap ave= 5.31E+01 b. +/- 10.58 % || Macs30 ave= 3.69E+00 b. +/- 16.22 % || Gn^0(l=0) ave= 5.278E-02 +/- 2.93 % Gn^0(l=1) ave= 5.760E-02 +/- 10.10 % Gn^0(l=2) ave= 8.978E-01 +/- 20.34 % Gn^0(l=3) ave= 0.000E+00 +/- 0.00 % || Gtotal(l=0) ave= 1.695E+00 +/- 2.36 % Gtotal(l=1) ave= 4.210E-02 +/- 0.00 % Gtotal(l=2) ave= 3.147E-02 +/- 0.00 % Gtotal(l=3) ave= 0.000E+00 +/- 0.00 %  % || Gg(l=0) ave= 2.626E-01 +/- 17.06 % Gg(l=1) ave= 3.172E-02 +/- 7.97 % Gg(l=2) ave= 3.289E-02 +/- 7.27 % Gg(l=3) ave= 0.000E+00 +/- 0.00 %  % || D(l=0) ave= 1.608E+02 +/- 3.22 % D(l=1) ave= 9.606E+01 +/- 0.00 % D(l=2) ave= 7.805E+01 +/- 0.00 % D(l=3) ave= 0.000E+00 +/- 0.00 %  % || S(l=0) ave= 3.494E-04 +/- 1.37 % S(l=1) ave= 3.111E-04 +/- 10.12 % S(l=2) ave= 5.613E-03 +/- 20.31 % S(l=3) ave= 0.000E+00 +/- 0.00 % 
 ... Histogram plot for thermal (n,g)
 ... Write covariances  ... MT1  ... plot correlations
 ... MT2  ... MT102 


 ================================================
 ============== From 10 random values === start ======
 Thermal (n,tot) xs  0 K =  14.3426 b. +/- 2.757 b. ( 19.2225 %) skew= +1.13 +/- 0.66
 Thermal (n,el) xs   0 K =  4.44568 b. +/- 0.5934 b. ( 13.3478 %) skew= +0.40 +/- 0.66
 Thermal (n,g) xs    0 K =  9.89688 b. +/- 2.68403 b. ( 27.1199 %) skew= +1.29 +/- 0.66
 RI      (n,g)       0 K =  53.1009 b. +/- 5.61745 b. ( 10.5788 %) 
 MACS    (n,g)       0 K (at Emacs= 30000 eV) =  3.69431 b. +/- 0.599097 b. ( 16.2168 %) 
 Ave. Gtotal  L=0        =  1.695E+00 +/- 2.36 %
 Ave. Gn^(0)  L=0        =  5.278E-02 +/- 2.93 %
 Ave. Gg      L=0        =  2.626E-01 +/- 17.06 %
 Ave. D       L=0        =  1.608E+02 +/- 3.22 %
 Ave. S       L=0        =  3.494E-04 +/- 1.37 %
 Ave. Gtotal  L=1        =  4.210E-02 +/- 0.00 %
 Ave. Gn^(1)  L=1        =  5.760E-02 +/- 10.10 %
 Ave. Gg      L=1        =  3.172E-02 +/- 7.97 %
 Ave. D       L=1        =  9.606E+01 +/- 0.00 %
 Ave. S       L=1        =  3.111E-04 +/- 10.12 %
 Ave. Gtotal  L=2        =  3.147E-02 +/- 0.00 %
 Ave. Gn^(2)  L=2        =  8.978E-01 +/- 20.34 %
 Ave. Gg      L=2        =  3.289E-02 +/- 7.27 %
 Ave. D       L=2        =  7.805E+01 +/- 0.00 %
 Ave. S       L=2        =  5.613E-03 +/- 20.31 %

 Expected Thermal (n,g) (syst or meas)= 12 b. +/- 3 b. nominal: 9.83483 b.
 ratio Calculated/expected thermal (n,g): 0.82 ratio DCalculated/Dexpected: 0.89 ratio Calculated/Nominal: 1.01
 ============== From 10 random values ===== stop ======
 ================================================
 ... Calculation of (n,a) and (n,p) cross sections at 300 K
 ... thermal (n,a) cross section is 4.14297e-10 +/- 2.07149e-10 b.
 ... thermal (n,a) cross section is 0 b. (random case 1)
 ... thermal (n,a) cross section is 0 b. (random case 2)
 ... thermal (n,a) cross section is 0 b. (random case 3)
 ... thermal (n,a) cross section is 0 b. (random case 4)
 ... thermal (n,a) cross section is 0 b. (random case 5)
 ... thermal (n,a) cross section is 0 b. (random case 6)
 ... thermal (n,a) cross section is 0 b. (random case 7)
 ... thermal (n,a) cross section is 0 b. (random case 8)
 ... thermal (n,a) cross section is 0 b. (random case 9)
 ... thermal (n,a) cross section is 0 b. (random case 10)
 ... (n,p) Q-value negative for this element
 ... Rewrite index for MF2
 ... Write text for MF1 in file mf1.tares.txt
 ... plotting cross sections for the MF1
 ... order output files


================== summary ==================
 Thermal (n,tot) xs = 14.3554 b. 
 Thermal (n,el)  xs = 4.52057 b. 
 Thermal (n,g)   xs = 9.83483 b. (meas/sys: 12 b.)
 At 300 K (thermal adjustment): (n,el) = 4.53285 b., (n,g) = 9.83999 b.

 RI      (n,g)      = 54.066 b. (meas or sys: - b.)
 RI      (n,el)     = 243.35 b.
=============================================


 ... cleaning
                                                 
  -------------------------------------------------------------
  -                                                           -
  - TARES: successful end of run with data from hypothetical  -
  - resonances for  Z= 74, A= 188 and isomer= 0               -
  - half-life: 69.768517 days 
  -                                                           -
  -------------------------------------------------------------

   Running time:       23 seconds

 End time: Wed Oct  7 11:29:17 2026

