
  -------------------------------------------------------------
  -                                                           -
  -              Welcome to TARES version 1.8                 -
  -                                                           -
  -  (C) Copyright 2007-2025 D. Rochman, All Rights Reserved  -
  -           NRG, Petten, the Netherlands 2007-2014          -
  -           PSI, Villigen    Switzerland 2015-2025          -
  -         Nagra, Wettingen   Switzerland 2025-              -
  -           (Last Modified October 06, 2026)                -
  -           (Database from October 06, 2026)                -
  -                                                           -
  -------------------------------------------------------------


  ---------------------------------------------
   Compilation information:
   Compiled on:         Oct  7 2026, 09:32:19
   Compiled by:         koning
   Compiler version:    clang++ - 21.0.0
   Source location:     /Users/koning/tares-1.8/source/Module/
   Binaries location:   /Users/koning/bin
   System:              Darwin 25.6.0
   System version:      Darwin Kernel Version 25.6.0: Fri Jul 31 19:19:08 PDT 2026; root:xnu-12377.161.14~5/RELEASE_ARM64_T6050  
   Machine:             arm64 
  ---------------------------------------------

   User information:
   User name:           koning
   Running directory:   /Users/koning/tendl/resbase/Ho161/work
   Owner mode for running directory : rwx
   Group mode for running directory : r-x
  ---------------------------------------------


 Starting time: Wed Oct  7 09:43:46 2026
 ... inputs directory found (/Users/koning/tares-1.8/source/Module//../../inputs/).
 ... It will be used for resonance parameters 
 ... ###############################################
 ... #     read the input file tares.inp
 ... ###############################################
 ... line: #
 ... line: # Input file generated by Autorochman
          --> line not read
 ... line: #
 ... line: isotope    Ho
          --> Isotope name: Ho
 ... line: mass       161
          --> isotopic mass: 161
 ... line: output     n-Ho161
         ---> Name of the output files: n-Ho161
 ... line: isomer     0
          --> isomeric state: 0
 ... line: mf32mf33   y
          --> MF33 based on MF32: y
 ... line: nbrRandom  10
          --> Nbr of random files: 10
 ... ###############################################
 ... # end read the input file tares.inp
 ... ###############################################
Value for random generator type not considered in since Tares 1.7 due to compilation issues

 ... ###############################################
     #   Interpretation of the Input definition    #
     ###############################################

 ... Default energy limit: End of resonance region
 ... Nuclear charge    = 67
 ... Element           = Ho
 ... Mass              = 161
 ... Isomer            = 0
 ... Correlation for (Gn,Gg) not included in random files
 ... Default random option: No random
 ... Output name: n-Ho161
 ... Energy for the MACS: 30000 eV
 ... Resonances from CALENDF reduced (reduce=y) 
 ... For URR, level density model from TALYS selected: 91n3n12611.2850 (see manual for description)
 ... Random Generator: default (pseudo random numbers from ansi c++)
 ... Reconstruction of cross section selected
 ... Doppler broadening at 0 Kelvin
 ... URR not included (from the input file flag)
 ... Weight for grouping is flat
 ... Calculation of (n,alpha) cross section selected
 ... Number of digit for MF32c covariance representation: 2
 ... MF32 included
 ... MF33 will be used for covariance processing
 ... TENDL option set to yes (automatic choice of MF2 and format)
 ... Isotope not found in the best file --> use of MLBW formalism
 ... default option: Multi level Breit Wigner approximation selected
 ... (check file best.tendl.yes for changing this option)
 ... Retroactive option set to no with the 2025 option
 ... ladder option set to yes (CALENDF will be used for statistical resonances)

 ... ###############################################
     #           End of Input definition           #
     ###############################################

 ... gnuplot found, will be used for plotting
 ... latex found, will be used for plotting
 ... dvips found, will be used for plotting
 ... ps2epsi not found, limited plotting available
 ... uncertainties on default parameters multiplied by 1.23791
 ... Read resonance data from the 2025 directory
 ... Resonance parameters taken from /Users/koning/tares-1.8/source/Module//../../inputs/2025/Resonance/default/
 ---> Processing Z= 67 and A= 161 and isomer= 0 (level number: 0)
 Exfor path; Could not find /Users/koning/tares-1.8/source/Module//../../inputs/exfor/Ho161/xs/102
Thermal file; Could not open file /Users/koning/tares-1.8/source/Module//../../inputs/2025/runThermal/results//thermal.mxw.ng.cendl3.1
Thermal file; Could not open file /Users/koning/tares-1.8/source/Module//../../inputs/2025/runThermal/results//thermal.mxw.ng.brond3.1
Thermal file; Could not open file /Users/koning/tares-1.8/source/Module//../../inputs/2025/runThermal/results//thermal.xs.ng.unc.cendl3.1
 ... spin taken from the final/ directory (1)

 ... ###############################################
 ... #  Nucleus global parameters (2025 database)  #
 ... ###############################################
 0. Half-life: 2.48 hours
 ... Scattering radius from TALYS: /Users/koning/tares-1.8/source/Module//../../inputs/2025/lib.urr/talys.urr/
 1. Spin of the target isotope: 3.5
 2. Relative Atomic Mass of the target isotope: 160.927
 3. Scattering radius (local compilation): 7.22082 fm +/- 0.151637 fm
      .......................................
      ... Thermal capture cross sections: ...
 4. Thermal (n,g) cross section from systematics: 81.05 +/- 40.525 b.
 5. Thermal (n,g) cross section from compilation (Firestone-2022 average on element Ho): 66 +/- 2.1 b.
 6. Thermal (n,g) cross section from compilation (Firestone-2022 final on element Ho): 65 +/- 1 b.
 7. Thermal (n,g) cross section from TENDL-2023: 77.25 +/- 22.59 b.
 8. Thermal (n,g) cross section from JENDL-5.0: 78.91 b.
      .......................................
      ...  Thermal total cross sections:  ...
      .......................................
      ... Thermal elastic cross sections: ...
 9. Thermal (n,el) cross section from JENDL-5.0: 7.243 b.
 10. Thermal (n,el) cross section from potential (4piR^2): 9.07484 +/- 0.453742 b.
      .......................................
             ... Resonance integral: ...
 11. No capture integral found in /Users/koning/tares-1.8/source/Module//../../inputs/capture.integral
 ... no RI(n,g) found in local compilation, take 2018 value.
 ... no RI(n,g) found in local compilation, take Sukhoruchkin value.
   ---- MACS 30 keV ----- 
 12. TALYS MACS 30 keV (HF): 6.55585 b. 
   ---------- S0 -------- 
 13. S0 from TALYS: 12.9567
   ---------- S1 -------- 
 14. S1 from TALYS: 0.399445
   ---------- S2 -------- 
 15. S2 from TALYS: 6.75093
   ---------- D0 -------- 
 16. D0 from TALYS: 0.315096 eV
   ---------- D1 -------- 
 17. D1 from TALYS: 0.162466 eV
   ---------- D2 -------- 
 18. D2 from TALYS: 0.114006 eV
   ---------- G0 -------- 
 19. Gg0 from TALYS: 0.0590026 eV
   ---------- G1 -------- 
 20. Gg1 from TALYS: 0.06008 eV
   ---------- G2 -------- 
 21. Gg2 from TALYS: 0.0609369 eV


   ---------------------- 
 ... Read resonance parameters (format: 2: Multi Level Breit Wigner)
 ... 0 resonances found 
 ... possibly no resonances in the Resonance directory for this isotope and options
 ... Use HFR (ladder) behavior 
 --> 23. Number of resonances from the input file: 2 up to 0.157548 eV
 24. Read nuclear quantities (mass, MAT...)
 25. Read thermal (n,g) xs 
 26. Read the scattering radius 
 27. Read uncertainty on Gg for 2 resonances
 28. Read uncertainty on Gg for 2 resonances ... done
 ... order resonances 
 ... Upper limit for the RRR: 0.157548 eV (no statistical resonances HFR) from the limit.RRR file
 ... Write parameters for l=0 waves
 ... End writing original MF2 
 ... No RRR in the database: uncertainties on default parameters multiplied by 1.99753
 ... Enter in urr function (ladder option set to y) for file n-Ho161
 ... read the file /Users/koning/tares-1.8/source/Module//../../inputs/2025/list.jcs.urr to find URR origin
 Default URR taken from TALYS calculations with level density model: 91n3n12611.2850
 File considered for the URR: /Users/koning/tares-1.8/source/Module//../../inputs/2025/lib.urr/talys.urr/91n3n12611.2850/Ho/urr/urr.dat.Ho.161.000.0.gz
 ... Write URR using TALYS average parameters (used for HFR)
 ... Limit of URR changed to 25 keV (recommendation from WPEC and JEFF)
 ... ---> Emax(RRR) taken from the file limit.ladder: 20 eV <---
 ... (File limit.ladder: /Users/koning/tares-1.8/source/Module//../../inputs/2025/limit.ladder.91n3n12611.2850)
 ... read D0, S0, Gn and Gg
 ... number of URR energies: 1200
 Number of l: 1200 and last energy: 12
 Last  URR energy: 20 eV
 ... Enter in to_MLBW_mf2 function
 ... Convert to Multi Level Breit Wigner (MLBW)
 ... Write parameter covariances (MF32) for l=0
 ... Convert parameter covariances (MF32) to MLBW
 ... copy the mf2 and mf32 to .mlbw files
 ... Enter in urr_correct function case 1
 Modify the higher limit of RRR in MF2
 --> old value: 1.583360-1 eV new value: 1.000000-2 eV
 Modify resonance covariances (MF32) to include correlations in the URR
 End Modify resonance covariances (MF32) to include correlations in the URR
 ... Enter in calendf_xs function
 Use CALENDF for statistical resonances (update MF2) up to 2.000000+1 eV (initial limit)
 Extract resonances from CALENDF for RRR->URR 2
 167 statistical resonances found
 After reduction, 166 statistical resonances found
 ... checking resonance order 1
 ... checking resonance order 2nd round for 164 resonances
 ... end checking resonance order 2nd round
 Too many resonances (164): reduced to 100.
 .......................................................
 ... Adjustment to the thermal cross section : start ...
 .......................................................

 Before adjustment (adjustment to the thermal cross section set to y)
 ... Import MF2 from TARES calculations
 ... End energy of TARES MF2 : 1.193772E+1 eV and limit to 40000 resonances
 ... File used for reconstruction: new.temp22.reconst
 ... run RECENT ...
 ... Doppler broadened at a unique temperature: 300 Kelvin using sigma1
 ... run SIGMA1 at 3.000000E+02 K.

 ============== INTER values at 300 Kelvin ==============
 Thermal (n,g) xs =  39580.6 b. (meas/sys: 81.05 b.) (warning: comparison to be done at 296 or 300 K)
 Th Maxw (n,g) xs =  47142 b. (thermal Maxwellian value)
 Westcott factor  =  1.19105
 RI      (n,g)    =  11972.3 b. (meas or sys: - b.)
 MACS 3.000e+04 eV=  6.4893 b. (meas or sys: - b.) from 1.00E+00 to 2.00E+07 eV (end of RRR) at T= 300 Kelvin 
 Thermal (n,el) xs=  66.0877 b.
 RI      (n,el)   =  557.24 b.
 ============= PSYCHE values ==============
 Ave. G_total L0  =  0.0600594 eV
 Ave. G_total L1  =  0.057842 eV
 Ave. Gn_0    L0  =  0.000800065
 Ave. Gn_0    L1  =  3.51012e-05
 Ave. Gg      L0  =  0.0582154 eV
 Ave. Gg      L1  =  0.057842 eV
 Ave. D       L0  =  0.31415 eV
 Ave. D       L1  =  0.248702 eV
 Ave. S       L0  =  0.001322 eV
 Ave. S       L1  =  2.45264e-05 eV
 =========================================
 Calculated capture integral   11972.3 b.
 Calculated thermal (n,g)=          39580.5541 b. and recommended= 81.05 b. (C/E= 488.347)
 Calculated RI      (n,g)= 11972.3 b. (no reference value)
 ... tolerances: thermal (n,g) 20 % (reference uncertainties, minimum 2% and 5%, maximum 20%)
 Adjust the capture widths ...
 ... capture adjusted with Gn for 100 resonances (Gn<Gg) and with Gg for 0 resonances
 ... iteration 0: C/E thermal (n,g)= 488.347
 Warning: 100 widths limited to a change of a factor 10 from their starting values

 <-------- After adjustment -------->
 ... Import MF2 from TARES calculations
 ... End energy of TARES MF2 : 1.193772E+1 eV and limit to 40000 resonances
 ... File used for reconstruction: new.temp22.reconst
 ... run RECENT ...
 ... Doppler broadened at a unique temperature: 300 Kelvin using sigma1
 ... run SIGMA1 at 3.000000E+02 K.

 ============== INTER values at 300 Kelvin ==============
 Thermal (n,g) xs =  3960.48 b. (meas/sys: 81.05 b.) (warning: comparison to be done at 296 or 300 K)
 Th Maxw (n,g) xs =  4721.9 b. (thermal Maxwellian value)
 Westcott factor  =  1.19224
 RI      (n,g)    =  3291.41 b. (meas or sys: - b.)
 MACS 3.000e+04 eV=  6.4891 b. (meas or sys: - b.) from 1.00E+00 to 2.00E+07 eV (end of RRR) at T= 300 Kelvin 
 Thermal (n,el) xs=  7.68446 b.
 RI      (n,el)   =  24.8715 b.
 ============= PSYCHE values ==============
 Ave. G_total L0  =  0.0583998 eV
 Ave. G_total L1  =  0.057842 eV
 Ave. Gn_0    L0  =  8.00065e-05
 Ave. Gn_0    L1  =  3.51011e-06
 Ave. Gg      L0  =  0.0582154 eV
 Ave. Gg      L1  =  0.057842 eV
 Ave. D       L0  =  0.31415 eV
 Ave. D       L1  =  0.248702 eV
 Ave. S       L0  =  0.0001322 eV
 Ave. S       L1  =  2.45263e-06 eV
 =========================================
 ... iteration 1: C/E thermal (n,g)= 48.8647
 Warning: 100 widths limited to a change of a factor 10 from their starting values

 <-------- After adjustment -------->
 ... Import MF2 from TARES calculations
 ... End energy of TARES MF2 : 1.193772E+1 eV and limit to 40000 resonances
 ... File used for reconstruction: new.temp22.reconst
 ... run RECENT ...
 ... Doppler broadened at a unique temperature: 300 Kelvin using sigma1
 ... run SIGMA1 at 3.000000E+02 K.

 ============== INTER values at 300 Kelvin ==============
 Thermal (n,g) xs =  3960.48 b. (meas/sys: 81.05 b.) (warning: comparison to be done at 296 or 300 K)
 Th Maxw (n,g) xs =  4721.9 b. (thermal Maxwellian value)
 Westcott factor  =  1.19224
 RI      (n,g)    =  3291.41 b. (meas or sys: - b.)
 MACS 3.000e+04 eV=  6.4891 b. (meas or sys: - b.) from 1.00E+00 to 2.00E+07 eV (end of RRR) at T= 300 Kelvin 
 Thermal (n,el) xs=  7.68446 b.
 RI      (n,el)   =  24.8715 b.
 ============= PSYCHE values ==============
 Ave. G_total L0  =  0.0583998 eV
 Ave. G_total L1  =  0.057842 eV
 Ave. Gn_0    L0  =  8.00065e-05
 Ave. Gn_0    L1  =  3.51011e-06
 Ave. Gg      L0  =  0.0582154 eV
 Ave. Gg      L1  =  0.057842 eV
 Ave. D       L0  =  0.31415 eV
 Ave. D       L1  =  0.248702 eV
 Ave. S       L0  =  0.0001322 eV
 Ave. S       L1  =  2.45263e-06 eV
 =========================================
 ... iteration 2: C/E thermal (n,g)= 48.8647
 Warning: no further change possible (widths at the limit of a factor 10): adjustment stopped


 ... ratio C/E thermal (n,g): 4.886468E+01
 ...................................................... 
 ... Adjustment to the thermal cross section : stop ...
 ...................................................... 
 ... new MF2 file after adjustment: n-Ho161
 ... read the file /Users/koning/tares-1.8/source/Module//../../inputs/2025/list.jcs.urr to find URR origin
 Default URR taken from TALYS calculations with level density model: 91n3n12611.2850
 File considered for the URR: /Users/koning/tares-1.8/source/Module//../../inputs/2025/lib.urr/talys.urr/91n3n12611.2850/Ho/urr/urr.dat.Ho.161.000.0.gz
 ... Write URR using TALYS average parameters (not used for HFR)
 ... Limit of URR changed to 25 keV (recommendation from WPEC and JEFF)
 ... read D0, S0, Gn and Gg
 ... number of URR energies: 1968
 Number of l: 1968 and last energy: 12
 Last  URR energy: 98633.7 eV
 Energies in the URR : 1968 -> reduced by a factor 2
 Energies in the URR : 912 -> reduced by a factor 2
 Energies in the URR : 396 -> reduced by a factor 2
 ... Enter in urr_correct function case 2
 Modify the higher limit of RRR in MF2
 --> old value: 1.193772+1 eV new value: 1.193772+1 eV
 Modify resonance covariances (MF32) to include correlations in the URR
 End Modify resonance covariances (MF32) to include correlations in the URR
 ... Enter in update_MF32 function
 ... Change uncertainties
 ... for the HFR, random position of the positive resonances with 0.020000 %
 ... end of update MF32 function
 ... GLS calculation of the parameter correlations from the thermal/RI adjustment (MF32c)
 ... MF32: correlations from the thermal/RI adjustment (GLS) for 4 resonances (6 widths), 6 correlation lines
 ...   thermal (n,g): uncertainty from these widths 584.354 b. -> 40.4279 b. (reference: 81.05 +/- 40.525 b.)
 ... copy the mf2 and mf32 to .mlbw files

 ... Start of final reconstruction and testing ...
 ... Reconstruction of cross sections at 0 Kelvin  ... Import MF2 from TARES calculations
 ... End energy of TARES MF2 : 1.193772E+1 eV and limit to 40000 resonances
 ... File used for reconstruction: n-Ho161.reconst
 ... run RECENT ...
 ... Doppler broadened at a unique temperature: 0 Kelvin using sigma1
 ... The keyword temperature is zero, no Doppler broadening for the MACS

 ============== INTER values at 0 Kelvin ==============
 Thermal (n,g) xs =  3934.97 b. (meas/sys: 81.05 b.) (warning: comparison to be done at 296 or 300 K)
 Th Maxw (n,g) xs =  4707 b. (thermal Maxwellian value)
 Westcott factor  =  1.1962
 RI      (n,g)    =  3277.74 b. (meas or sys: - b.)
 MACS 3.000e+04 eV=  6.4531 b. (meas or sys: - b.) from 1.00E+00 to 1.19E+01 eV (end of RRR) at T= 0 Kelvin 
 Thermal (n,el) xs=  7.66745 b.
 RI      (n,el)   =  24.8599 b.
 ============= PSYCHE values ==============
 Ave. G_total L0  =  0.0583998 eV
 Ave. G_total L1  =  0.057842 eV
 Ave. Gn_0    L0  =  8.00065e-05
 Ave. Gn_0    L1  =  3.51011e-06
 Ave. Gg      L0  =  0.0582154 eV
 Ave. Gg      L1  =  0.057842 eV
 Ave. D       L0  =  0.31415 eV
 Ave. D       L1  =  0.248702 eV
 Ave. S       L0  =  0.0001322 eV
 Ave. S       L1  =  2.45263e-06 eV
 =========================================
 ... End of final reconstruction and testing ...

 ... grouping is not optimum, change to 70 groups
 ... Produce MF33 based on MF32 and 10 random files
 ... run endsam for 10 in groups of 1 global run
 ... run endsam from 1 to 10
 ... reorder resonance position after endsam (sampling)
 ... preparing the vectors  ... done
 ... nominal file 0 Cap(th)  ave= 3.935E+03 b. +/- 0.00 % || Ela(th) ave= 7.667E+00 b. +/- 0.00 % || RIcap ave= 1.02E+03 b. +/- 0.00 % || Macs30 ave= 2.38E+02 b. +/- 0.00 % || Gn^0(l=0) ave= 8.001E-05 +/- 0.00 % Gn^0(l=1) ave= 3.510E-06 +/- 0.00 % Gn^0(l=2) ave= 0.000E+00 +/- 0.00 % Gn^0(l=3) ave= 0.000E+00 +/- 0.00 % || Gtotal(l=0) ave= 5.840E-02 +/- 0.00 % Gtotal(l=1) ave= 5.784E-02 +/- 0.00 % Gtotal(l=2) ave= 0.000E+00 +/- 0.00 % Gtotal(l=3) ave= 0.000E+00 +/- 0.00 %  % || Gg(l=0) ave= 5.822E-02 +/- 0.00 % Gg(l=1) ave= 5.784E-02 +/- 0.00 % Gg(l=2) ave= 0.000E+00 +/- 0.00 % Gg(l=3) ave= 0.000E+00 +/- 0.00 %  % || D(l=0) ave= 3.142E-01 +/- 0.00 % D(l=1) ave= 2.487E-01 +/- 0.00 % D(l=2) ave= 0.000E+00 +/- 0.00 % D(l=3) ave= 0.000E+00 +/- 0.00 %  % || S(l=0) ave= 1.322E-04 +/- 0.00 % S(l=1) ave= 2.453E-06 +/- 0.00 % S(l=2) ave= 0.000E+00 +/- 0.00 % S(l=3) ave= 0.000E+00 +/- 0.00 % 
 ... random file  1 Cap(th)  ave= 3.816E+03 b. +/- 3.12 % || Ela(th) ave= 7.553E+00 b. +/- 1.52 % || RIcap ave= 1.02E+03 b. +/- 0.16 % || Macs30 ave= 2.34E+02 b. +/- 1.59 % || Gn^0(l=0) ave= 8.085E-05 +/- 1.05 % Gn^0(l=1) ave= 3.585E-06 +/- 2.08 % Gn^0(l=2) ave= 0.000E+00 +/- 0.00 % Gn^0(l=3) ave= 0.000E+00 +/- 0.00 % || Gtotal(l=0) ave= 5.841E-02 +/- 0.02 % Gtotal(l=1) ave= 5.784E-02 +/- 0.00 % Gtotal(l=2) ave= 0.000E+00 +/- 0.00 % Gtotal(l=3) ave= 0.000E+00 +/- 0.00 %  % || Gg(l=0) ave= 5.748E-02 +/- 1.28 % Gg(l=1) ave= 5.817E-02 +/- 0.57 % Gg(l=2) ave= 0.000E+00 +/- 0.00 % Gg(l=3) ave= 0.000E+00 +/- 0.00 %  % || D(l=0) ave= 3.184E-01 +/- 1.33 % D(l=1) ave= 2.487E-01 +/- 0.00 % D(l=2) ave= 0.000E+00 +/- 0.00 % D(l=3) ave= 0.000E+00 +/- 0.00 %  % || S(l=0) ave= 1.319E-04 +/- 0.26 % S(l=1) ave= 2.505E-06 +/- 2.08 % S(l=2) ave= 0.000E+00 +/- 0.00 % S(l=3) ave= 0.000E+00 +/- 0.00 % 
 ... random file  2 Cap(th)  ave= 3.764E+03 b. +/- 3.25 % || Ela(th) ave= 6.968E+00 b. +/- 11.94 % || RIcap ave= 1.03E+03 b. +/- 0.55 % || Macs30 ave= 2.32E+02 b. +/- 2.20 % || Gn^0(l=0) ave= 8.064E-05 +/- 0.94 % Gn^0(l=1) ave= 3.868E-06 +/- 10.50 % Gn^0(l=2) ave= 0.000E+00 +/- 0.00 % Gn^0(l=3) ave= 0.000E+00 +/- 0.00 % || Gtotal(l=0) ave= 5.841E-02 +/- 0.02 % Gtotal(l=1) ave= 5.784E-02 +/- 0.00 % Gtotal(l=2) ave= 0.000E+00 +/- 0.00 % Gtotal(l=3) ave= 0.000E+00 +/- 0.00 %  % || Gg(l=0) ave= 5.835E-02 +/- 2.35 % Gg(l=1) ave= 5.698E-02 +/- 3.01 % Gg(l=2) ave= 0.000E+00 +/- 0.00 % Gg(l=3) ave= 0.000E+00 +/- 0.00 %  % || D(l=0) ave= 3.170E-01 +/- 1.26 % D(l=1) ave= 2.487E-01 +/- 0.00 % D(l=2) ave= 0.000E+00 +/- 0.00 % D(l=3) ave= 0.000E+00 +/- 0.00 %  % || S(l=0) ave= 1.321E-04 +/- 0.31 % S(l=1) ave= 2.703E-06 +/- 10.50 % S(l=2) ave= 0.000E+00 +/- 0.00 % S(l=3) ave= 0.000E+00 +/- 0.00 % 
 ... random file  3 Cap(th)  ave= 3.738E+03 b. +/- 3.08 % || Ela(th) ave= 6.876E+00 b. +/- 10.73 % || RIcap ave= 1.02E+03 b. +/- 0.62 % || Macs30 ave= 2.31E+02 b. +/- 1.92 % || Gn^0(l=0) ave= 8.054E-05 +/- 0.84 % Gn^0(l=1) ave= 3.959E-06 +/- 9.73 % Gn^0(l=2) ave= 0.000E+00 +/- 0.00 % Gn^0(l=3) ave= 0.000E+00 +/- 0.00 % || Gtotal(l=0) ave= 5.841E-02 +/- 0.02 % Gtotal(l=1) ave= 5.784E-02 +/- 0.00 % Gtotal(l=2) ave= 0.000E+00 +/- 0.00 % Gtotal(l=3) ave= 0.000E+00 +/- 0.00 %  % || Gg(l=0) ave= 5.915E-02 +/- 3.07 % Gg(l=1) ave= 5.762E-02 +/- 3.23 % Gg(l=2) ave= 0.000E+00 +/- 0.00 % Gg(l=3) ave= 0.000E+00 +/- 0.00 %  % || D(l=0) ave= 3.163E-01 +/- 1.16 % D(l=1) ave= 2.487E-01 +/- 0.00 % D(l=2) ave= 0.000E+00 +/- 0.00 % D(l=3) ave= 0.000E+00 +/- 0.00 %  % || S(l=0) ave= 1.322E-04 +/- 0.30 % S(l=1) ave= 2.767E-06 +/- 9.73 % S(l=2) ave= 0.000E+00 +/- 0.00 % S(l=3) ave= 0.000E+00 +/- 0.00 % 
 ... random file  4 Cap(th)  ave= 3.733E+03 b. +/- 2.76 % || Ela(th) ave= 7.406E+00 b. +/- 16.87 % || RIcap ave= 1.02E+03 b. +/- 0.60 % || Macs30 ave= 2.29E+02 b. +/- 2.71 % || Gn^0(l=0) ave= 8.072E-05 +/- 0.88 % Gn^0(l=1) ave= 3.740E-06 +/- 14.92 % Gn^0(l=2) ave= 0.000E+00 +/- 0.00 % Gn^0(l=3) ave= 0.000E+00 +/- 0.00 % || Gtotal(l=0) ave= 5.841E-02 +/- 0.02 % Gtotal(l=1) ave= 5.784E-02 +/- 0.00 % Gtotal(l=2) ave= 0.000E+00 +/- 0.00 % Gtotal(l=3) ave= 0.000E+00 +/- 0.00 %  % || Gg(l=0) ave= 5.951E-02 +/- 2.99 % Gg(l=1) ave= 5.839E-02 +/- 3.88 % Gg(l=2) ave= 0.000E+00 +/- 0.00 % Gg(l=3) ave= 0.000E+00 +/- 0.00 %  % || D(l=0) ave= 3.175E-01 +/- 1.31 % D(l=1) ave= 2.487E-01 +/- 0.00 % D(l=2) ave= 0.000E+00 +/- 0.00 % D(l=3) ave= 0.000E+00 +/- 0.00 %  % || S(l=0) ave= 1.319E-04 +/- 0.43 % S(l=1) ave= 2.613E-06 +/- 14.92 % S(l=2) ave= 0.000E+00 +/- 0.00 % S(l=3) ave= 0.000E+00 +/- 0.00 % 
 ... random file  5 Cap(th)  ave= 3.736E+03 b. +/- 2.53 % || Ela(th) ave= 7.521E+00 b. +/- 15.55 % || RIcap ave= 1.02E+03 b. +/- 0.64 % || Macs30 ave= 2.19E+02 b. +/- 10.48 % || Gn^0(l=0) ave= 8.057E-05 +/- 0.90 % Gn^0(l=1) ave= 3.686E-06 +/- 14.21 % Gn^0(l=2) ave= 0.000E+00 +/- 0.00 % Gn^0(l=3) ave= 0.000E+00 +/- 0.00 % || Gtotal(l=0) ave= 5.841E-02 +/- 0.02 % Gtotal(l=1) ave= 5.784E-02 +/- 0.00 % Gtotal(l=2) ave= 0.000E+00 +/- 0.00 % Gtotal(l=3) ave= 0.000E+00 +/- 0.00 %  % || Gg(l=0) ave= 5.840E-02 +/- 5.07 % Gg(l=1) ave= 5.865E-02 +/- 3.66 % Gg(l=2) ave= 0.000E+00 +/- 0.00 % Gg(l=3) ave= 0.000E+00 +/- 0.00 %  % || D(l=0) ave= 3.170E-01 +/- 1.26 % D(l=1) ave= 2.487E-01 +/- 0.00 % D(l=2) ave= 0.000E+00 +/- 0.00 % D(l=3) ave= 0.000E+00 +/- 0.00 %  % || S(l=0) ave= 1.319E-04 +/- 0.39 % S(l=1) ave= 2.575E-06 +/- 14.21 % S(l=2) ave= 0.000E+00 +/- 0.00 % S(l=3) ave= 0.000E+00 +/- 0.00 % 
 ... random file  6 Cap(th)  ave= 3.738E+03 b. +/- 2.34 % || Ela(th) ave= 7.571E+00 b. +/- 14.39 % || RIcap ave= 1.02E+03 b. +/- 0.60 % || Macs30 ave= 2.24E+02 b. +/- 11.18 % || Gn^0(l=0) ave= 8.053E-05 +/- 0.85 % Gn^0(l=1) ave= 3.670E-06 +/- 13.25 % Gn^0(l=2) ave= 0.000E+00 +/- 0.00 % Gn^0(l=3) ave= 0.000E+00 +/- 0.00 % || Gtotal(l=0) ave= 5.841E-02 +/- 0.02 % Gtotal(l=1) ave= 5.784E-02 +/- 0.00 % Gtotal(l=2) ave= 0.000E+00 +/- 0.00 % Gtotal(l=3) ave= 0.000E+00 +/- 0.00 %  % || Gg(l=0) ave= 5.746E-02 +/- 6.24 % Gg(l=1) ave= 5.861E-02 +/- 3.39 % Gg(l=2) ave= 0.000E+00 +/- 0.00 % Gg(l=3) ave= 0.000E+00 +/- 0.00 %  % || D(l=0) ave= 3.166E-01 +/- 1.21 % D(l=1) ave= 2.487E-01 +/- 0.00 % D(l=2) ave= 0.000E+00 +/- 0.00 % D(l=3) ave= 0.000E+00 +/- 0.00 %  % || S(l=0) ave= 1.320E-04 +/- 0.41 % S(l=1) ave= 2.564E-06 +/- 13.25 % S(l=2) ave= 0.000E+00 +/- 0.00 % S(l=3) ave= 0.000E+00 +/- 0.00 % 
 ... random file  7 Cap(th)  ave= 3.730E+03 b. +/- 2.25 % || Ela(th) ave= 7.456E+00 b. +/- 14.26 % || RIcap ave= 1.02E+03 b. +/- 0.56 % || Macs30 ave= 2.24E+02 b. +/- 10.47 % || Gn^0(l=0) ave= 8.067E-05 +/- 0.92 % Gn^0(l=1) ave= 3.721E-06 +/- 12.76 % Gn^0(l=2) ave= 0.000E+00 +/- 0.00 % Gn^0(l=3) ave= 0.000E+00 +/- 0.00 % || Gtotal(l=0) ave= 5.841E-02 +/- 0.02 % Gtotal(l=1) ave= 5.784E-02 +/- 0.00 % Gtotal(l=2) ave= 0.000E+00 +/- 0.00 % Gtotal(l=3) ave= 0.000E+00 +/- 0.00 %  % || Gg(l=0) ave= 5.746E-02 +/- 5.84 % Gg(l=1) ave= 5.795E-02 +/- 4.41 % Gg(l=2) ave= 0.000E+00 +/- 0.00 % Gg(l=3) ave= 0.000E+00 +/- 0.00 %  % || D(l=0) ave= 3.173E-01 +/- 1.30 % D(l=1) ave= 2.487E-01 +/- 0.00 % D(l=2) ave= 0.000E+00 +/- 0.00 % D(l=3) ave= 0.000E+00 +/- 0.00 %  % || S(l=0) ave= 1.320E-04 +/- 0.41 % S(l=1) ave= 2.600E-06 +/- 12.76 % S(l=2) ave= 0.000E+00 +/- 0.00 % S(l=3) ave= 0.000E+00 +/- 0.00 % 
 ... random file  8 Cap(th)  ave= 3.725E+03 b. +/- 2.17 % || Ela(th) ave= 7.656E+00 b. +/- 15.04 % || RIcap ave= 1.02E+03 b. +/- 0.53 % || Macs30 ave= 2.26E+02 b. +/- 10.08 % || Gn^0(l=0) ave= 8.077E-05 +/- 0.94 % Gn^0(l=1) ave= 3.637E-06 +/- 13.91 % Gn^0(l=2) ave= 0.000E+00 +/- 0.00 % Gn^0(l=3) ave= 0.000E+00 +/- 0.00 % || Gtotal(l=0) ave= 5.841E-02 +/- 0.02 % Gtotal(l=1) ave= 5.784E-02 +/- 0.00 % Gtotal(l=2) ave= 0.000E+00 +/- 0.00 % Gtotal(l=3) ave= 0.000E+00 +/- 0.00 %  % || Gg(l=0) ave= 5.825E-02 +/- 6.67 % Gg(l=1) ave= 5.800E-02 +/- 4.16 % Gg(l=2) ave= 0.000E+00 +/- 0.00 % Gg(l=3) ave= 0.000E+00 +/- 0.00 %  % || D(l=0) ave= 3.179E-01 +/- 1.33 % D(l=1) ave= 2.487E-01 +/- 0.00 % D(l=2) ave= 0.000E+00 +/- 0.00 % D(l=3) ave= 0.000E+00 +/- 0.00 %  % || S(l=0) ave= 1.319E-04 +/- 0.42 % S(l=1) ave= 2.542E-06 +/- 13.91 % S(l=2) ave= 0.000E+00 +/- 0.00 % S(l=3) ave= 0.000E+00 +/- 0.00 % 
 ... random file  9 Cap(th)  ave= 3.725E+03 b. +/- 2.06 % || Ela(th) ave= 7.504E+00 b. +/- 15.78 % || RIcap ave= 1.02E+03 b. +/- 0.52 % || Macs30 ave= 2.29E+02 b. +/- 10.02 % || Gn^0(l=0) ave= 8.083E-05 +/- 0.91 % Gn^0(l=1) ave= 3.714E-06 +/- 14.32 % Gn^0(l=2) ave= 0.000E+00 +/- 0.00 % Gn^0(l=3) ave= 0.000E+00 +/- 0.00 % || Gtotal(l=0) ave= 5.841E-02 +/- 0.02 % Gtotal(l=1) ave= 5.784E-02 +/- 0.00 % Gtotal(l=2) ave= 0.000E+00 +/- 0.00 % Gtotal(l=3) ave= 0.000E+00 +/- 0.00 %  % || Gg(l=0) ave= 5.815E-02 +/- 6.36 % Gg(l=1) ave= 5.752E-02 +/- 4.71 % Gg(l=2) ave= 0.000E+00 +/- 0.00 % Gg(l=3) ave= 0.000E+00 +/- 0.00 %  % || D(l=0) ave= 3.184E-01 +/- 1.33 % D(l=1) ave= 2.487E-01 +/- 0.00 % D(l=2) ave= 0.000E+00 +/- 0.00 % D(l=3) ave= 0.000E+00 +/- 0.00 %  % || S(l=0) ave= 1.318E-04 +/- 0.47 % S(l=1) ave= 2.595E-06 +/- 14.32 % S(l=2) ave= 0.000E+00 +/- 0.00 % S(l=3) ave= 0.000E+00 +/- 0.00 % 
 ... random file  10 Cap(th)  ave= 3.721E+03 b. +/- 1.99 % || Ela(th) ave= 7.655E+00 b. +/- 16.01 % || RIcap ave= 1.02E+03 b. +/- 0.65 % || Macs30 ave= 2.27E+02 b. +/- 9.78 % || Gn^0(l=0) ave= 8.072E-05 +/- 0.96 % Gn^0(l=1) ave= 3.641E-06 +/- 15.28 % Gn^0(l=2) ave= 0.000E+00 +/- 0.00 % Gn^0(l=3) ave= 0.000E+00 +/- 0.00 % || Gtotal(l=0) ave= 5.841E-02 +/- 0.02 % Gtotal(l=1) ave= 5.784E-02 +/- 0.00 % Gtotal(l=2) ave= 0.000E+00 +/- 0.00 % Gtotal(l=3) ave= 0.000E+00 +/- 0.00 %  % || Gg(l=0) ave= 5.729E-02 +/- 7.75 % Gg(l=1) ave= 5.720E-02 +/- 4.84 % Gg(l=2) ave= 0.000E+00 +/- 0.00 % Gg(l=3) ave= 0.000E+00 +/- 0.00 %  % || D(l=0) ave= 3.180E-01 +/- 1.33 % D(l=1) ave= 2.487E-01 +/- 0.00 % D(l=2) ave= 0.000E+00 +/- 0.00 % D(l=3) ave= 0.000E+00 +/- 0.00 %  % || S(l=0) ave= 1.318E-04 +/- 0.44 % S(l=1) ave= 2.544E-06 +/- 15.28 % S(l=2) ave= 0.000E+00 +/- 0.00 % S(l=3) ave= 0.000E+00 +/- 0.00 % 
 ... Histogram plot for thermal (n,g)
 ... Write covariances  ... MT1  ... plot correlations
 ... MT2  ... MT102 


 ================================================
 ============== From 10 random values === start ======
 Thermal (n,tot) xs  0 K =  3728.6 b. +/- 74.3739 b. ( 1.99469 %) skew= +2.02 +/- 0.66
 Thermal (n,el) xs   0 K =  7.65532 b. +/- 1.22591 b. ( 16.0138 %) skew= +0.11 +/- 0.66
 Thermal (n,g) xs    0 K =  3720.94 b. +/- 74.2322 b. ( 1.99499 %) skew= +2.03 +/- 0.66
 RI      (n,g)       0 K =  1018.81 b. +/- 6.62687 b. ( 0.65045 %) 
 MACS    (n,g)       0 K (at Emacs= 30000 eV) =  227.295 b. +/- 22.2394 b. ( 9.78438 %) 
 Ave. Gtotal  L=0        =  5.841E-02 +/- 0.02 %
 Ave. Gn^(0)  L=0        =  8.072E-05 +/- 0.96 %
 Ave. Gg      L=0        =  5.729E-02 +/- 7.75 %
 Ave. D       L=0        =  3.180E-01 +/- 1.33 %
 Ave. S       L=0        =  1.318E-04 +/- 0.44 %
 Ave. Gtotal  L=1        =  5.784E-02 +/- 0.00 %
 Ave. Gg      L=1        =  5.720E-02 +/- 4.84 %
 Ave. D       L=1        =  2.487E-01 +/- 0.00 %
 Ave. S       L=1        =  2.544E-06 +/- 15.28 %

 Expected Thermal (n,g) (syst or meas)= 81.05 b. +/- 40.525 b. nominal: 3934.97 b.
 ratio Calculated/expected thermal (n,g): 45.91 ratio DCalculated/Dexpected: 1.83 ratio Calculated/Nominal: 0.95
 ============== From 10 random values ===== stop ======
 ================================================
 ... Calculation of (n,a) and (n,p) cross sections at 300 K
 ... thermal (n,a) cross section is 2.79615e-08 +/- 1.39807e-08 b.
 ... thermal (n,a) cross section is 0 b. (random case 1)
 ... thermal (n,a) cross section is 0 b. (random case 2)
 ... thermal (n,a) cross section is 0 b. (random case 3)
 ... thermal (n,a) cross section is 0 b. (random case 4)
 ... thermal (n,a) cross section is 0 b. (random case 5)
 ... thermal (n,a) cross section is 0 b. (random case 6)
 ... thermal (n,a) cross section is 0 b. (random case 7)
 ... thermal (n,a) cross section is 0 b. (random case 8)
 ... thermal (n,a) cross section is 0 b. (random case 9)
 ... thermal (n,a) cross section is 0 b. (random case 10)
 ... thermal (n,p) cross section is 2.79615e-08 +/- 1.39807e-08 b.
 ... thermal (n,p) cross section is 0 b. (random case 1)
 ... thermal (n,p) cross section is 0 b. (random case 2)
 ... thermal (n,p) cross section is 0 b. (random case 3)
 ... thermal (n,p) cross section is 0 b. (random case 4)
 ... thermal (n,p) cross section is 0 b. (random case 5)
 ... thermal (n,p) cross section is 0 b. (random case 6)
 ... thermal (n,p) cross section is 0 b. (random case 7)
 ... thermal (n,p) cross section is 0 b. (random case 8)
 ... thermal (n,p) cross section is 0 b. (random case 9)
 ... thermal (n,p) cross section is 0 b. (random case 10)
 ... Rewrite index for MF2
 ... Write text for MF1 in file mf1.tares.txt
 ... plotting cross sections for the MF1
 ... order output files


================== summary ==================
 Thermal (n,tot) xs = 3942.64 b. 
 Thermal (n,el)  xs = 7.66745 b. 
 Thermal (n,g)   xs = 3934.97 b. (meas/sys: 81.05 b.)
 At 300 K (thermal adjustment): (n,el) = 7.68446 b., (n,g) = 3960.48 b.

 RI      (n,g)      = 3277.74 b. (meas or sys: - b.)
 RI      (n,el)     = 24.8599 b.
=============================================


 ... cleaning
                                                 
  -------------------------------------------------------------
  -                                                           -
  - TARES: successful end of run with data from hypothetical  -
  - resonances for  Z= 67, A= 161 and isomer= 0               -
  - half-life: 2.480000 hours
  -                                                           -
  -------------------------------------------------------------

   Running time:       16 seconds

 End time: Wed Oct  7 09:44:02 2026

