
  -------------------------------------------------------------
  -                                                           -
  -              Welcome to TARES version 1.8                 -
  -                                                           -
  -  (C) Copyright 2007-2025 D. Rochman, All Rights Reserved  -
  -           NRG, Petten, the Netherlands 2007-2014          -
  -           PSI, Villigen    Switzerland 2015-2025          -
  -         Nagra, Wettingen   Switzerland 2025-              -
  -           (Last Modified October 06, 2026)                -
  -           (Database from October 06, 2026)                -
  -                                                           -
  -------------------------------------------------------------


  ---------------------------------------------
   Compilation information:
   Compiled on:         Oct  8 2026, 18:36:06
   Compiled by:         koning
   Compiler version:    clang++ - 21.0.0
   Source location:     /Users/koning/tares-1.8/source/Module/
   Binaries location:   /Users/koning/bin
   System:              Darwin 25.6.0
   System version:      Darwin Kernel Version 25.6.0: Fri Jul 31 19:19:08 PDT 2026; root:xnu-12377.161.14~5/RELEASE_ARM64_T6050  
   Machine:             arm64 
  ---------------------------------------------

   User information:
   User name:           koning
   Running directory:   /Users/koning/tendl/resbase/Hf162/work
   Owner mode for running directory : rwx
   Group mode for running directory : r-x
  ---------------------------------------------


 Starting time: Fri Oct  9 11:56:28 2026
 ... inputs directory found (/Users/koning/tares-1.8/source/Module//../../inputs/).
 ... It will be used for resonance parameters 
 ... ###############################################
 ... #     read the input file tares.inp
 ... ###############################################
 ... line: #
 ... line: # Input file generated by Autorochman
          --> line not read
 ... line: #
 ... line: isotope    Hf
          --> Isotope name: Hf
 ... line: mass       162
          --> isotopic mass: 162
 ... line: output     n-Hf162
         ---> Name of the output files: n-Hf162
 ... line: isomer     0
          --> isomeric state: 0
 ... line: mf32mf33   y
          --> MF33 based on MF32: y
 ... line: nbrRandom  6
          --> Nbr of random files: 6
 ... ###############################################
 ... # end read the input file tares.inp
 ... ###############################################
Value for random generator type not considered in since Tares 1.7 due to compilation issues

 ... ###############################################
     #   Interpretation of the Input definition    #
     ###############################################

 ... Default energy limit: End of resonance region
 ... Nuclear charge    = 72
 ... Element           = Hf
 ... Mass              = 162
 ... Isomer            = 0
 ... Correlation for (Gn,Gg) not included in random files
 ... Default random option: No random
 ... Output name: n-Hf162
 ... Energy for the MACS: 30000 eV
 ... Resonances from CALENDF reduced (reduce=y) 
 ... For URR, level density model from TALYS selected: 91n3n12611.2850 (see manual for description)
 ... Random Generator: default (pseudo random numbers from ansi c++)
 ... Reconstruction of cross section selected
 ... Doppler broadening at 0 Kelvin
 ... URR not included (from the input file flag)
 ... Weight for grouping is flat
 ... Calculation of (n,alpha) cross section selected
 ... Number of digit for MF32c covariance representation: 2
 ... MF32 included
 ... MF33 will be used for covariance processing
 ... TENDL option set to yes (automatic choice of MF2 and format)
 ... Isotope not found in the best file --> use of MLBW formalism
 ... default option: Multi level Breit Wigner approximation selected
 ... (check file best.tendl.yes for changing this option)
 ... Retroactive option set to no with the 2025 option
 ... ladder option set to yes (CALENDF will be used for statistical resonances)

 ... ###############################################
     #           End of Input definition           #
     ###############################################

 ... gnuplot found, will be used for plotting
 ... latex found, will be used for plotting
 ... dvips found, will be used for plotting
 ... ps2epsi not found, limited plotting available
 ... uncertainties on default parameters multiplied by 1.04743
 ... Read resonance data from the 2025 directory
 ... Resonance parameters taken from /Users/koning/tares-1.8/source/Module//../../inputs/2025/Resonance/default/
 ---> Processing Z= 72 and A= 162 and isomer= 0 (level number: 0)
 Exfor path; Could not find /Users/koning/tares-1.8/source/Module//../../inputs/exfor/Hf162/xs/102
Thermal file; Could not open file /Users/koning/tares-1.8/source/Module//../../inputs/2025/runThermal/results//thermal.mxw.ng.cendl3.1
Thermal file; Could not open file /Users/koning/tares-1.8/source/Module//../../inputs/2025/runThermal/results//thermal.mxw.ng.brond3.1
Thermal file; Could not open file /Users/koning/tares-1.8/source/Module//../../inputs/2025/runThermal/results//thermal.xs.ng.unc.cendl3.1
 ... spin taken from the final/ directory (1)
 ... The spin found in level file ( 0 ) and the one in the urr file ( 5.5 ) differ

 ... ###############################################
 ... #  Nucleus global parameters (2025 database)  #
 ... ###############################################
 0. Half-life: 39.4 sec. 
 ... Scattering radius from TALYS: /Users/koning/tares-1.8/source/Module//../../inputs/2025/lib.urr/talys.urr/
 1. Spin of the target isotope: 0
 2. Relative Atomic Mass of the target isotope: 161.947
 3. Scattering radius (local compilation): 7.23559 fm +/- 0.173654 fm
      .......................................
      ... Thermal capture cross sections: ...
 4. Thermal (n,g) cross section from systematics (TALYS, urr.dat): 83.3414 +/- 70.8402 b.
 5. Thermal (n,g) cross section from compilation (Firestone-2022 average on element Hf): 101.8 +/- 0.5 b.
 6. Thermal (n,g) cross section from compilation (Firestone-2022 final on element Hf): 102 +/- 0.7 b.
 7. Thermal (n,g) cross section from TENDL-2023: 82.88 b.
      .......................................
      ...  Thermal total cross sections:  ...
      .......................................
      ... Thermal elastic cross sections: ...
 8. Thermal (n,el) cross section from potential (4piR^2): 9.0934 +/- 0.45467 b.
      .......................................
             ... Resonance integral: ...
 9. No capture integral found in /Users/koning/tares-1.8/source/Module//../../inputs/capture.integral
 ... no RI(n,g) found in local compilation, take 2018 value.
 ... no RI(n,g) found in local compilation, take Sukhoruchkin value.
   ---- MACS 30 keV ----- 
 10. TALYS MACS 30 keV (HF): 3.41353 b. 
   ---------- S0 -------- 
 11. S0 from TALYS: 7.26804
   ---------- S1 -------- 
 12. S1 from TALYS: 0.4062
   ---------- S2 -------- 
 13. S2 from TALYS: 9.17058
   ---------- D0 -------- 
 14. D0 from TALYS: 2.05105 eV
   ---------- D1 -------- 
 15. D1 from TALYS: 0.699411 eV
   ---------- D2 -------- 
 16. D2 from TALYS: 0.439177 eV
   ---------- G0 -------- 
 17. Gg0 from TALYS: 0.0718506 eV
   ---------- G1 -------- 
 18. Gg1 from TALYS: 0.0718512 eV
   ---------- G2 -------- 
 19. Gg2 from TALYS: 0.0711321 eV


   ---------------------- 
 ... Read resonance parameters (format: 2: Multi Level Breit Wigner)
 ... 0 resonances found 
 ... possibly no resonances in the Resonance directory for this isotope and options
 ... Use HFR (ladder) behavior 
 --> 21. Number of resonances from the input file: 2 up to 1.02552 eV
 22. Read nuclear quantities (mass, MAT...)
 23. Read thermal (n,g) xs 
 24. Read the scattering radius 
 25. Read uncertainty on Gg for 2 resonances
 26. Read uncertainty on Gg for 2 resonances ... done
 ... order resonances 
 ... Upper limit for the RRR: 1.02552 eV (no statistical resonances HFR) from the limit.RRR file
 ... Write parameters for l=0 waves
 ... End writing original MF2 
 ... No RRR in the database: uncertainties on default parameters multiplied by 1.99753
 ... Enter in urr function (ladder option set to y) for file n-Hf162
 ... read the file /Users/koning/tares-1.8/source/Module//../../inputs/2025/list.jcs.urr to find URR origin
 Default URR taken from TALYS calculations with level density model: 91n3n12611.2850
 File considered for the URR: /Users/koning/tares-1.8/source/Module//../../inputs/2025/lib.urr/talys.urr/91n3n12611.2850/Hf/urr/urr.dat.Hf.162.000.0.gz
 ... Write URR using TALYS average parameters (used for HFR)
 ... Limit of URR changed to 25 keV (recommendation from WPEC and JEFF)
 ... Extract the Sn value from file ./urr.dat.Hf.162.0.0
 ... found Sn= 8.17221 MeV
 ... estimated number of resonances up to 261.891 eV:  127.687 resonances
 ... This is a test here. The higher energy limit to include URR data for calendf is set to max Sn. 24/03/2016
 ... Use Sn to define the maximum energy for the URR: Sn= 8.17221 MeV --> last_energyURR= 261.891 eV
 ... read D0, S0, Gn and Gg
 ... number of URR energies: 705
 Number of l: 705 and last energy: 5
 Last  URR energy: 261.891 eV
 ... Enter in to_MLBW_mf2 function
 ... Convert to Multi Level Breit Wigner (MLBW)
 ... Write parameter covariances (MF32) for l=0
 ... Convert parameter covariances (MF32) to MLBW
 ... copy the mf2 and mf32 to .mlbw files
 ... Enter in urr_correct function case 1
 Modify the higher limit of RRR in MF2
 --> old value: 1.030651+0 eV new value: 1.000000-2 eV
 Modify resonance covariances (MF32) to include correlations in the URR
 End Modify resonance covariances (MF32) to include correlations in the URR
 ... Enter in calendf_xs function
 Use CALENDF for statistical resonances (update MF2) up to 2.618910+2 eV (initial limit)
 Extract resonances from CALENDF for RRR->URR 2
 717 statistical resonances found
 Reduction to 100 resonances based on the half-life of the isotope
 After reduction, 101 statistical resonances found
 ... checking resonance order 1
 ... checking resonance order 2nd round for 99 resonances
 ... end checking resonance order 2nd round
 .......................................................
 ... Adjustment to the thermal cross section : start ...
 .......................................................

 Before adjustment (adjustment to the thermal cross section set to y)
 ... Import MF2 from TARES calculations
 ... End energy of TARES MF2 : 8.415331E+1 eV and limit to 40000 resonances
 ... File used for reconstruction: new.temp22.reconst
 ... run RECENT ...
 ... Doppler broadened at a unique temperature: 300 Kelvin using sigma1
 ... run SIGMA1 at 3.000000E+02 K.

 ============== INTER values at 300 Kelvin ==============
 Thermal (n,g) xs =  301.585 b. (meas/sys: 83.3414 b.) (warning: comparison to be done at 296 or 300 K)
 Th Maxw (n,g) xs =  313.01 b. (thermal Maxwellian value)
 Westcott factor  =  1.03787
 RI      (n,g)    =  5009.73 b. (meas or sys: - b.)
 MACS 3.000e+04 eV=  3.3744 b. (meas or sys: - b.) from 1.00E+00 to 2.00E+07 eV (end of RRR) at T= 300 Kelvin 
 Thermal (n,el) xs=  0.159753 b.
 RI      (n,el)   =  295.986 b.
 ============= PSYCHE values ==============
 Ave. G_total L0  =  0.0806839 eV
 Ave. G_total L1  =  0.07134 eV
 Ave. G_total L2  =  0.0700714 eV
 Ave. Gn_0    L0  =  0.00139901
 Ave. Gn_0    L1  =  0.000116813
 Ave. Gn_0    L2  =  0.00427416
 Ave. Gg      L0  =  0.0718522 eV
 Ave. Gg      L1  =  0.0713399 eV
 Ave. Gg      L2  =  0.0700714 eV
 Ave. D       L0  =  2.05252 eV
 Ave. D       L1  =  1.87007 eV
 Ave. D       L2  =  28.0511 eV
 Ave. S       L0  =  0.000698229 eV
 Ave. S       L1  =  3.07047e-05 eV
 Ave. S       L2  =  0.000115976 eV
 =========================================
 Calculated capture integral   5009.73 b.
 Calculated thermal (n,g)=          301.585116 b. and recommended= 83.3414 b. (C/E= 3.61867)
 Calculated RI      (n,g)= 5009.73 b. (no reference value)
 ... tolerances: thermal (n,g) 20 % (reference uncertainties, minimum 2% and 5%, maximum 20%)
 Adjust the capture widths ...
 ... capture adjusted with Gn for 99 resonances (Gn<Gg) and with Gg for 0 resonances
 ... iteration 0: C/E thermal (n,g)= 3.61867

 <-------- After adjustment -------->
 ... Import MF2 from TARES calculations
 ... End energy of TARES MF2 : 8.415331E+1 eV and limit to 40000 resonances
 ... File used for reconstruction: new.temp22.reconst
 ... run RECENT ...
 ... Doppler broadened at a unique temperature: 300 Kelvin using sigma1
 ... run SIGMA1 at 3.000000E+02 K.

 ============== INTER values at 300 Kelvin ==============
 Thermal (n,g) xs =  98.3431 b. (meas/sys: 83.3414 b.) (warning: comparison to be done at 296 or 300 K)
 Th Maxw (n,g) xs =  102.07 b. (thermal Maxwellian value)
 Westcott factor  =  1.03787
 RI      (n,g)    =  1911.85 b. (meas or sys: - b.)
 MACS 3.000e+04 eV=  3.3736 b. (meas or sys: - b.) from 1.00E+00 to 2.00E+07 eV (end of RRR) at T= 300 Kelvin 
 Thermal (n,el) xs=  3.46439 b.
 RI      (n,el)   =  60.6425 b.
 ============= PSYCHE values ==============
 Ave. G_total L0  =  0.0747321 eV
 Ave. G_total L1  =  0.0713399 eV
 Ave. G_total L2  =  0.0700714 eV
 Ave. Gn_0    L0  =  0.000456197
 Ave. Gn_0    L1  =  3.80912e-05
 Ave. Gn_0    L2  =  0.00139375
 Ave. Gg      L0  =  0.0718522 eV
 Ave. Gg      L1  =  0.0713399 eV
 Ave. Gg      L2  =  0.0700714 eV
 Ave. D       L0  =  2.05252 eV
 Ave. D       L1  =  1.87007 eV
 Ave. D       L2  =  28.0511 eV
 Ave. S       L0  =  0.000227683 eV
 Ave. S       L1  =  1.00124e-05 eV
 Ave. S       L2  =  3.78183e-05 eV
 =========================================
 ... iteration 1: C/E thermal (n,g)= 1.18


 ... ratio C/E thermal (n,g): 1.180003E+00
 ...................................................... 
 ... Adjustment to the thermal cross section : stop ...
 ...................................................... 
 ... new MF2 file after adjustment: n-Hf162
 ... read the file /Users/koning/tares-1.8/source/Module//../../inputs/2025/list.jcs.urr to find URR origin
 Default URR taken from TALYS calculations with level density model: 91n3n12611.2850
 File considered for the URR: /Users/koning/tares-1.8/source/Module//../../inputs/2025/lib.urr/talys.urr/91n3n12611.2850/Hf/urr/urr.dat.Hf.162.000.0.gz
 ... Write URR using TALYS average parameters (not used for HFR)
 ... Limit of URR changed to 25 keV (recommendation from WPEC and JEFF)
 Energy limit of the URR set to 109.399 eV
 ... read D0, S0, Gn and Gg
 ... number of URR energies: 10
 Number of l: 10 and last energy: 5
 Last  URR energy: 109.399 eV
 ... Enter in urr_correct function case 2
 Modify the higher limit of RRR in MF2
 --> old value: 8.415331+1 eV new value: 8.415331+1 eV
 Modify resonance covariances (MF32) to include correlations in the URR
 End Modify resonance covariances (MF32) to include correlations in the URR
 ... Enter in update_MF32 function
 ... Change uncertainties
 ... for the HFR, random position of the positive resonances with 0.020000 %
 ... end of update MF32 function
 ... GLS calculation of the parameter correlations from the thermal/RI adjustment (MF32c)
 ... MF32: correlations from the thermal/RI adjustment (GLS) for 6 resonances (11 widths), 1 correlation lines
 ...   thermal (n,g): uncertainty from these widths 32.4502 b. -> 29.5022 b. (reference: 83.3414 +/- 70.8402 b.)
 ... copy the mf2 and mf32 to .mlbw files

 ... Start of final reconstruction and testing ...
 ... Reconstruction of cross sections at 0 Kelvin  ... Import MF2 from TARES calculations
 ... End energy of TARES MF2 : 8.415331E+1 eV and limit to 40000 resonances
 ... File used for reconstruction: n-Hf162.reconst
 ... run RECENT ...
 ... Doppler broadened at a unique temperature: 0 Kelvin using sigma1
 ... The keyword temperature is zero, no Doppler broadening for the MACS

 ============== INTER values at 0 Kelvin ==============
 Thermal (n,g) xs =  98.242 b. (meas/sys: 83.3414 b.) (warning: comparison to be done at 296 or 300 K)
 Th Maxw (n,g) xs =  101.4 b. (thermal Maxwellian value)
 Westcott factor  =  1.03218
 RI      (n,g)    =  1908.91 b. (meas or sys: - b.)
 MACS 3.000e+04 eV=  3.3535 b. (meas or sys: - b.) from 1.00E+00 to 8.42E+01 eV (end of RRR) at T= 0 Kelvin 
 Thermal (n,el) xs=  3.4539 b.
 RI      (n,el)   =  60.5719 b.
 ============= PSYCHE values ==============
 Ave. G_total L0  =  0.0747321 eV
 Ave. G_total L1  =  0.0713399 eV
 Ave. G_total L2  =  0.0700714 eV
 Ave. Gn_0    L0  =  0.000456197
 Ave. Gn_0    L1  =  3.80912e-05
 Ave. Gn_0    L2  =  0.00139375
 Ave. Gg      L0  =  0.0718522 eV
 Ave. Gg      L1  =  0.0713399 eV
 Ave. Gg      L2  =  0.0700714 eV
 Ave. D       L0  =  2.05252 eV
 Ave. D       L1  =  1.87007 eV
 Ave. D       L2  =  28.0511 eV
 Ave. S       L0  =  0.000227683 eV
 Ave. S       L1  =  1.00124e-05 eV
 Ave. S       L2  =  3.78183e-05 eV
 =========================================
 ... End of final reconstruction and testing ...

 ... grouping is not optimum, change to 70 groups
 ... Produce MF33 based on MF32 and 6 random files
 ... MF3 of n-Hf162.reconst (3 sections) added to the files for ENDSAM
 ... run endsam for 6 in groups of 1 global run
 ... run endsam from 1 to 6
 ... random files: total width GT set to Gn+Gg+Gf (594 resonances in 6 files)
 ... reorder resonance position after endsam (sampling)
 ... preparing the vectors  ... done
 ... nominal file 0 Cap(th)  ave= 9.824E+01 b. +/- 0.00 % || Ela(th) ave= 3.454E+00 b. +/- 0.00 % || RIcap ave= 1.91E+03 b. +/- 0.00 % || Macs30 ave= 3.35E+00 b. +/- 0.00 % || Gn^0(l=0) ave= 4.562E-04 +/- 0.00 % Gn^0(l=1) ave= 3.809E-05 +/- 0.00 % Gn^0(l=2) ave= 1.394E-03 +/- 0.00 % Gn^0(l=3) ave= 0.000E+00 +/- 0.00 % || Gtotal(l=0) ave= 7.473E-02 +/- 0.00 % Gtotal(l=1) ave= 7.134E-02 +/- 0.00 % Gtotal(l=2) ave= 7.007E-02 +/- 0.00 % Gtotal(l=3) ave= 0.000E+00 +/- 0.00 %  % || Gg(l=0) ave= 7.185E-02 +/- 0.00 % Gg(l=1) ave= 7.134E-02 +/- 0.00 % Gg(l=2) ave= 7.007E-02 +/- 0.00 % Gg(l=3) ave= 0.000E+00 +/- 0.00 %  % || D(l=0) ave= 2.053E+00 +/- 0.00 % D(l=1) ave= 1.870E+00 +/- 0.00 % D(l=2) ave= 2.805E+01 +/- 0.00 % D(l=3) ave= 0.000E+00 +/- 0.00 %  % || S(l=0) ave= 2.277E-04 +/- 0.00 % S(l=1) ave= 1.001E-05 +/- 0.00 % S(l=2) ave= 3.782E-05 +/- 0.00 % S(l=3) ave= 0.000E+00 +/- 0.00 % 
 ... random file  1 Cap(th)  ave= 1.084E+02 b. +/- 9.40 % || Ela(th) ave= 3.774E+00 b. +/- 8.49 % || RIcap ave= 1.90E+03 b. +/- 0.47 % || Macs30 ave= 3.35E+00 b. +/- 0.00 % || Gn^0(l=0) ave= 4.611E-04 +/- 1.07 % Gn^0(l=1) ave= 3.587E-05 +/- 6.19 % Gn^0(l=2) ave= 1.241E-03 +/- 12.35 % Gn^0(l=3) ave= 0.000E+00 +/- 0.00 % || Gtotal(l=0) ave= 7.530E-02 +/- 0.76 % Gtotal(l=1) ave= 7.347E-02 +/- 2.90 % Gtotal(l=2) ave= 7.439E-02 +/- 5.80 % Gtotal(l=3) ave= 0.000E+00 +/- 0.00 %  % || Gg(l=0) ave= 7.239E-02 +/- 0.75 % Gg(l=1) ave= 7.347E-02 +/- 2.90 % Gg(l=2) ave= 7.439E-02 +/- 5.80 % Gg(l=3) ave= 0.000E+00 +/- 0.00 %  % || D(l=0) ave= 2.078E+00 +/- 1.23 % D(l=1) ave= 1.870E+00 +/- 0.00 % D(l=2) ave= 2.805E+01 +/- 0.00 % D(l=3) ave= 0.000E+00 +/- 0.00 %  % || S(l=0) ave= 2.274E-04 +/- 0.14 % S(l=1) ave= 9.428E-06 +/- 6.19 % S(l=2) ave= 3.366E-05 +/- 12.35 % S(l=3) ave= 0.000E+00 +/- 0.00 % 
 ... random file  2 Cap(th)  ave= 1.066E+02 b. +/- 8.19 % || Ela(th) ave= 3.925E+00 b. +/- 8.60 % || RIcap ave= 1.90E+03 b. +/- 0.42 % || Macs30 ave= 3.35E+00 b. +/- 0.00 % || Gn^0(l=0) ave= 4.591E-04 +/- 1.08 % Gn^0(l=1) ave= 3.486E-05 +/- 6.63 % Gn^0(l=2) ave= 1.172E-03 +/- 13.46 % Gn^0(l=3) ave= 0.000E+00 +/- 0.00 % || Gtotal(l=0) ave= 7.284E-02 +/- 4.81 % Gtotal(l=1) ave= 7.353E-02 +/- 2.37 % Gtotal(l=2) ave= 8.154E-02 +/- 13.14 % Gtotal(l=3) ave= 0.000E+00 +/- 0.00 %  % || Gg(l=0) ave= 6.995E-02 +/- 4.98 % Gg(l=1) ave= 7.353E-02 +/- 2.37 % Gg(l=2) ave= 8.154E-02 +/- 13.14 % Gg(l=3) ave= 0.000E+00 +/- 0.00 %  % || D(l=0) ave= 2.070E+00 +/- 1.17 % D(l=1) ave= 1.870E+00 +/- 0.00 % D(l=2) ave= 2.805E+01 +/- 0.00 % D(l=3) ave= 0.000E+00 +/- 0.00 %  % || S(l=0) ave= 2.273E-04 +/- 0.13 % S(l=1) ave= 9.163E-06 +/- 6.63 % S(l=2) ave= 3.181E-05 +/- 13.46 % S(l=3) ave= 0.000E+00 +/- 0.00 % 
 ... random file  3 Cap(th)  ave= 1.028E+02 b. +/- 9.77 % || Ela(th) ave= 3.673E+00 b. +/- 14.31 % || RIcap ave= 1.91E+03 b. +/- 0.53 % || Macs30 ave= 3.35E+00 b. +/- 0.00 % || Gn^0(l=0) ave= 4.613E-04 +/- 1.24 % Gn^0(l=1) ave= 3.688E-05 +/- 10.93 % Gn^0(l=2) ave= 1.322E-03 +/- 22.17 % Gn^0(l=3) ave= 0.000E+00 +/- 0.00 % || Gtotal(l=0) ave= 7.352E-02 +/- 4.43 % Gtotal(l=1) ave= 7.126E-02 +/- 5.92 % Gtotal(l=2) ave= 8.263E-02 +/- 11.46 % Gtotal(l=3) ave= 0.000E+00 +/- 0.00 %  % || Gg(l=0) ave= 7.061E-02 +/- 4.57 % Gg(l=1) ave= 7.126E-02 +/- 5.92 % Gg(l=2) ave= 8.263E-02 +/- 11.46 % Gg(l=3) ave= 0.000E+00 +/- 0.00 %  % || D(l=0) ave= 2.078E+00 +/- 1.23 % D(l=1) ave= 1.870E+00 +/- 0.00 % D(l=2) ave= 2.805E+01 +/- 0.00 % D(l=3) ave= 0.000E+00 +/- 0.00 %  % || S(l=0) ave= 2.274E-04 +/- 0.17 % S(l=1) ave= 9.694E-06 +/- 10.94 % S(l=2) ave= 3.588E-05 +/- 22.17 % S(l=3) ave= 0.000E+00 +/- 0.00 % 
 ... random file  4 Cap(th)  ave= 1.006E+02 b. +/- 9.92 % || Ela(th) ave= 3.533E+00 b. +/- 15.49 % || RIcap ave= 1.91E+03 b. +/- 0.48 % || Macs30 ave= 3.35E+00 b. +/- 0.00 % || Gn^0(l=0) ave= 4.600E-04 +/- 1.23 % Gn^0(l=1) ave= 3.800E-05 +/- 11.17 % Gn^0(l=2) ave= 1.404E-03 +/- 22.03 % Gn^0(l=3) ave= 0.000E+00 +/- 0.00 % || Gtotal(l=0) ave= 7.360E-02 +/- 3.96 % Gtotal(l=1) ave= 7.113E-02 +/- 5.31 % Gtotal(l=2) ave= 8.413E-02 +/- 10.68 % Gtotal(l=3) ave= 0.000E+00 +/- 0.00 %  % || Gg(l=0) ave= 7.069E-02 +/- 4.09 % Gg(l=1) ave= 7.113E-02 +/- 5.31 % Gg(l=2) ave= 8.413E-02 +/- 10.68 % Gg(l=3) ave= 0.000E+00 +/- 0.00 %  % || D(l=0) ave= 2.073E+00 +/- 1.21 % D(l=1) ave= 1.870E+00 +/- 0.00 % D(l=2) ave= 2.805E+01 +/- 0.00 % D(l=3) ave= 0.000E+00 +/- 0.00 %  % || S(l=0) ave= 2.274E-04 +/- 0.16 % S(l=1) ave= 9.988E-06 +/- 11.17 % S(l=2) ave= 3.811E-05 +/- 22.03 % S(l=3) ave= 0.000E+00 +/- 0.00 % 
 ... random file  5 Cap(th)  ave= 9.927E+01 b. +/- 9.65 % || Ela(th) ave= 3.569E+00 b. +/- 14.18 % || RIcap ave= 1.91E+03 b. +/- 0.44 % || Macs30 ave= 3.35E+00 b. +/- 0.00 % || Gn^0(l=0) ave= 4.612E-04 +/- 1.26 % Gn^0(l=1) ave= 3.764E-05 +/- 10.51 % Gn^0(l=2) ave= 1.376E-03 +/- 21.04 % Gn^0(l=3) ave= 0.000E+00 +/- 0.00 % || Gtotal(l=0) ave= 7.287E-02 +/- 4.29 % Gtotal(l=1) ave= 7.186E-02 +/- 5.31 % Gtotal(l=2) ave= 8.378E-02 +/- 9.84 % Gtotal(l=3) ave= 0.000E+00 +/- 0.00 %  % || Gg(l=0) ave= 6.996E-02 +/- 4.45 % Gg(l=1) ave= 7.186E-02 +/- 5.31 % Gg(l=2) ave= 8.378E-02 +/- 9.84 % Gg(l=3) ave= 0.000E+00 +/- 0.00 %  % || D(l=0) ave= 2.078E+00 +/- 1.23 % D(l=1) ave= 1.870E+00 +/- 0.00 % D(l=2) ave= 2.805E+01 +/- 0.00 % D(l=3) ave= 0.000E+00 +/- 0.00 %  % || S(l=0) ave= 2.274E-04 +/- 0.15 % S(l=1) ave= 9.893E-06 +/- 10.51 % S(l=2) ave= 3.733E-05 +/- 21.04 % S(l=3) ave= 0.000E+00 +/- 0.00 % 
 ... random file  6 Cap(th)  ave= 9.988E+01 b. +/- 9.00 % || Ela(th) ave= 3.426E+00 b. +/- 17.09 % || RIcap ave= 1.91E+03 b. +/- 0.43 % || Macs30 ave= 3.35E+00 b. +/- 0.00 % || Gn^0(l=0) ave= 4.606E-04 +/- 1.21 % Gn^0(l=1) ave= 3.898E-05 +/- 12.62 % Gn^0(l=2) ave= 1.483E-03 +/- 25.27 % Gn^0(l=3) ave= 0.000E+00 +/- 0.00 % || Gtotal(l=0) ave= 7.371E-02 +/- 4.82 % Gtotal(l=1) ave= 7.181E-02 +/- 4.93 % Gtotal(l=2) ave= 8.019E-02 +/- 14.52 % Gtotal(l=3) ave= 0.000E+00 +/- 0.00 %  % || Gg(l=0) ave= 7.080E-02 +/- 5.01 % Gg(l=1) ave= 7.181E-02 +/- 4.93 % Gg(l=2) ave= 8.019E-02 +/- 14.52 % Gg(l=3) ave= 0.000E+00 +/- 0.00 %  % || D(l=0) ave= 2.075E+00 +/- 1.22 % D(l=1) ave= 1.870E+00 +/- 0.00 % D(l=2) ave= 2.805E+01 +/- 0.00 % D(l=3) ave= 0.000E+00 +/- 0.00 %  % || S(l=0) ave= 2.275E-04 +/- 0.17 % S(l=1) ave= 1.025E-05 +/- 12.62 % S(l=2) ave= 4.023E-05 +/- 25.27 % S(l=3) ave= 0.000E+00 +/- 0.00 % 
 ... Histogram plot for thermal (n,g)
 ... Write covariances  ... MT1  ... plot correlations
 ... MT2  ... MT102 


 ================================================
 ============== From 6 random values === start ======
 Thermal (n,tot) xs  0 K =  103.305 b. +/- 9.28022 b. ( 8.98335 %) skew= +1.02 +/- 0.79
 Thermal (n,el) xs   0 K =  3.42566 b. +/- 0.585612 b. ( 17.0949 %) skew= -0.01 +/- 0.79
 Thermal (n,g) xs    0 K =  99.879 b. +/- 8.98954 b. ( 9.00043 %) skew= +1.01 +/- 0.79
 RI      (n,g)       0 K =  1908.38 b. +/- 8.1883 b. ( 0.429072 %) 
 MACS    (n,g)       0 K (at Emacs= 30000 eV) =  3.3535 b. +/- 2.38419e-07 b. ( 7.10954e-06 %) 
 Ave. Gtotal  L=0        =  7.371E-02 +/- 4.82 %
 Ave. Gn^(0)  L=0        =  4.606E-04 +/- 1.21 %
 Ave. Gg      L=0        =  7.080E-02 +/- 5.01 %
 Ave. D       L=0        =  2.075E+00 +/- 1.22 %
 Ave. S       L=0        =  2.275E-04 +/- 0.17 %
 Ave. Gtotal  L=1        =  7.181E-02 +/- 4.93 %
 Ave. Gn^(1)  L=1        =  3.898E-05 +/- 12.62 %
 Ave. Gg      L=1        =  7.181E-02 +/- 4.93 %
 Ave. D       L=1        =  1.870E+00 +/- 0.00 %
 Ave. S       L=1        =  1.025E-05 +/- 12.62 %
 Ave. Gtotal  L=2        =  8.019E-02 +/- 14.52 %
 Ave. Gn^(2)  L=2        =  1.483E-03 +/- 25.27 %
 Ave. Gg      L=2        =  8.019E-02 +/- 14.52 %
 Ave. D       L=2        =  2.805E+01 +/- 0.00 %
 Ave. S       L=2        =  4.023E-05 +/- 25.27 %

 Expected Thermal (n,g) (syst or meas)= 83.3414 b. +/- 70.8402 b. nominal: 98.242 b.
 ratio Calculated/expected thermal (n,g): 1.20 ratio DCalculated/Dexpected: 0.13 ratio Calculated/Nominal: 1.02
 ============== From 6 random values ===== stop ======
 ================================================
 ... Calculation of (n,a) and (n,p) cross sections at 300 K
 ... thermal (n,a) cross section is 2.39227e-08 +/- 1.19614e-08 b.
 ... thermal (n,a) cross section is 1.35768e-08 b. (random case 1)
 ... thermal (n,a) cross section is 3.28102e-08 b. (random case 2)
 ... thermal (n,a) cross section is 3.07528e-08 b. (random case 3)
 ... thermal (n,a) cross section is 2.47779e-08 b. (random case 4)
 ... thermal (n,a) cross section is 5.14489e-08 b. (random case 5)
 ... thermal (n,a) cross section is 2.09631e-08 b. (random case 6)
 ... thermal (n,p) cross section is 2.39227e-08 +/- 1.19614e-08 b.
 ... thermal (n,p) cross section is 1.91408e-08 b. (random case 1)
 ... thermal (n,p) cross section is 2.84489e-08 b. (random case 2)
 ... thermal (n,p) cross section is 1.69844e-08 b. (random case 3)
 ... thermal (n,p) cross section is 5.29647e-09 b. (random case 4)
 ... thermal (n,p) cross section is 8.53506e-09 b. (random case 5)
 ... thermal (n,p) cross section is 2.00713e-08 b. (random case 6)
 ... Rewrite index for MF2
 ... Write text for MF1 in file mf1.tares.txt
 ... plotting cross sections for the MF1
 ... order output files


================== summary ==================
 Thermal (n,tot) xs = 101.696 b. 
 Thermal (n,el)  xs = 3.4539 b. 
 Thermal (n,g)   xs = 98.242 b. (meas/sys: 83.3414 b.)
 At 300 K (thermal adjustment): (n,el) = 3.46439 b., (n,g) = 98.3431 b.

 RI      (n,g)      = 1908.91 b. (meas or sys: - b.)
 RI      (n,el)     = 60.5719 b.
=============================================


 ... cleaning
                                                 
  -------------------------------------------------------------
  -                                                           -
  - TARES: successful end of run with data from hypothetical  -
  - resonances for  Z= 72, A= 162 and isomer= 0               -
  - half-life: 39.400002 sec. 
  -                                                           -
  -------------------------------------------------------------

   Running time:       21 seconds

 End time: Fri Oct  9 11:56:49 2026

