
  -------------------------------------------------------------
  -                                                           -
  -              Welcome to TARES version 1.8                 -
  -                                                           -
  -  (C) Copyright 2007-2025 D. Rochman, All Rights Reserved  -
  -           NRG, Petten, the Netherlands 2007-2014          -
  -           PSI, Villigen    Switzerland 2015-2025          -
  -         Nagra, Wettingen   Switzerland 2025-              -
  -           (Last Modified October 06, 2026)                -
  -           (Database from October 06, 2026)                -
  -                                                           -
  -------------------------------------------------------------


  ---------------------------------------------
   Compilation information:
   Compiled on:         Oct  7 2026, 09:32:19
   Compiled by:         koning
   Compiler version:    clang++ - 21.0.0
   Source location:     /Users/koning/tares-1.8/source/Module/
   Binaries location:   /Users/koning/bin
   System:              Darwin 25.6.0
   System version:      Darwin Kernel Version 25.6.0: Fri Jul 31 19:19:08 PDT 2026; root:xnu-12377.161.14~5/RELEASE_ARM64_T6050  
   Machine:             arm64 
  ---------------------------------------------

   User information:
   User name:           koning
   Running directory:   /Users/koning/tendl/resbase/Er170/work
   Owner mode for running directory : rwx
   Group mode for running directory : r-x
  ---------------------------------------------


 Starting time: Wed Oct  7 09:49:09 2026
 ... inputs directory found (/Users/koning/tares-1.8/source/Module//../../inputs/).
 ... It will be used for resonance parameters 
 ... ###############################################
 ... #     read the input file tares.inp
 ... ###############################################
 ... line: #
 ... line: # Input file generated by Autorochman
          --> line not read
 ... line: #
 ... line: isotope    Er
          --> Isotope name: Er
 ... line: mass       170
          --> isotopic mass: 170
 ... line: output     n-Er170
         ---> Name of the output files: n-Er170
 ... line: isomer     0
          --> isomeric state: 0
 ... line: mf32mf33   y
          --> MF33 based on MF32: y
 ... line: nbrRandom  40
          --> Nbr of random files: 40
 ... ###############################################
 ... # end read the input file tares.inp
 ... ###############################################
Value for random generator type not considered in since Tares 1.7 due to compilation issues

 ... ###############################################
     #   Interpretation of the Input definition    #
     ###############################################

 ... Default energy limit: End of resonance region
 ... Nuclear charge    = 68
 ... Element           = Er
 ... Mass              = 170
 ... Isomer            = 0
 ... Correlation for (Gn,Gg) not included in random files
 ... Default random option: No random
 ... Output name: n-Er170
 ... Energy for the MACS: 30000 eV
 ... Resonances from CALENDF reduced (reduce=y) 
 ... For URR, level density model from TALYS selected: 91n3n12611.2850 (see manual for description)
 ... Random Generator: default (pseudo random numbers from ansi c++)
 ... Reconstruction of cross section selected
 ... Doppler broadening at 0 Kelvin
 ... Default formalism: Multi Level Breit Wigner (from file best.tendl.yes)
 ... URR not included (from the input file flag)
 ... Weight for grouping is flat
 ... Calculation of (n,alpha) cross section selected
 ... Number of digit for MF32c covariance representation: 2
 ... MF32 included
 ... MF33 will be used for covariance processing
 ... TENDL option set to yes (automatic choice of MF2 and format)
 ... default option: Multi level Breit Wigner approximation selected
 ... (check file best.tendl.yes for changing this option)
 ... Retroactive option set to no with the 2025 option
 ... ladder option set to no (CALENDF will not be used for statistical resonances)

 ... ###############################################
     #           End of Input definition           #
     ###############################################

 ... gnuplot found, will be used for plotting
 ... latex found, will be used for plotting
 ... dvips found, will be used for plotting
 ... ps2epsi not found, limited plotting available
 ... uncertainties on default parameters multiplied by 1.5
 ... Read resonance data from the 2025 directory
 ... Resonance parameters taken from /Users/koning/tares-1.8/source/Module//../../inputs/2025/Resonance/default/
 ---> Processing Z= 68 and A= 170 and isomer= 0 (level number: 0)
Thermal file; Could not open file /Users/koning/tares-1.8/source/Module//../../inputs/2025/runThermal/results//thermal.mxw.ng.cendl3.1
Thermal file; Could not open file /Users/koning/tares-1.8/source/Module//../../inputs/2025/runThermal/results//thermal.mxw.ng.brond3.1
Thermal file; Could not open file /Users/koning/tares-1.8/source/Module//../../inputs/2025/runThermal/results//thermal.xs.ng.unc.cendl3.1
 ... spin taken from the final/ directory (1)
 ... The spin found in level file ( 0 ) and the one in the urr file ( 5.5 ) differ

 ... ###############################################
 ... #  Nucleus global parameters (2025 database)  #
 ... ###############################################
 ... Scattering radius from file /Users/koning/tares-1.8/source/Module//../../inputs/2025/Resonance/default//global.2023.txt
 0. Spin of the target isotope: 0
 1. Relative Atomic Mass of the target isotope: 169.935
 2. Isotopic composition of the target isotope: 14.91 %
 3. Scattering radius (local compilation): 7.55 fm +/- 0.06 fm
 4. Scattering radius (Mughabghab): 7.55 +/- 0.2 fm
      .......................................
      ... Thermal capture cross sections: ...
 5. Thermal (total) (n,g) cross section from experiments (local compilation): 8.15 +/- 0.35 b.
 6. Thermal (n,g) cross section from experiments (Kzero): 8.97 +/- 0.33 b.
 7. Thermal (n,g) cross section from compilation (Firestone-2022 average on element Er): 156 +/- 12 b.
 8. Thermal (n,g) cross section from compilation (Firestone-2022 final on element Er): 156.4 +/- 1.9 b.
 9. Thermal Maxwellian (n,g) XS from compilation (Mughabghab-2006): 8.85 +/- 0.3 b.
 10. Thermal Maxwellian (n,g) XS from compilation (Mughabghab-2018): 8.15 +/- 0.35 b.
 11. Thermal Maxwellian (n,g) XS from compilation (Sukhoruchkin-2009): 8.85 +/- 0.3 b.
 12. Thermal Maxwellian (n,g) XS from compilation (Sukhoruchkin-2015): 8.9 +/- 0.3 b.
 13. Thermal (n,g) cross section from EAF-2010: 5.8527 b.
 14. Thermal (n,g) cross section from compilation (CRP-2007): 5.5 +/- 1 b.
 15. Thermal (n,g) cross section from ENDF/B-VIII.1: 8.855 b.
 16. Thermal (n,g) cross section from ENDF/B-VIII.0: 8.889 b.
 17. Thermal (n,g) cross section from TENDL-2023: 8.151 +/- 0.5165 b.
 18. Thermal (n,g) cross section from JEFF-3.3: 8.897 +/- 0.2351 b.
 19. Thermal (n,g) cross section from JEFF-4.0: 8.154 +/- 0.5457 b.
 20. Thermal (n,g) cross section from JENDL-5.0: 8.885 b.
      .......................................
      ...  Thermal total cross sections:  ...
 21. Thermal (n,tot) cross section from recommendations (resonancetables): 64.33 +/- 0.1 b.
 22. Thermal (n,tot) cross section from JENDL-5.0 (resonancetables): 21.6816 b.
 23. Thermal (n,tot) cross section from ENDF/B-VIII.1 (resonancetables): 20.5538 b.
 24. Thermal (n,tot) cross section from JEFF-4.0 (resonancetables): 19.2904 b.
 25. Thermal (n,tot) cross section from TENDL-2025 (resonancetables): 19.2903 b.
      .......................................
      ... Thermal elastic cross sections: ...
 26. Thermal (n,el) cross section from compilation (Mughabghab): 11 +/- 1.9 b.
 27. Thermal (n,el) cross section from ENDF/B-VIII.1: 11.7 b.
 28. Thermal (n,el) cross section from ENDF/B-VIII.0: 11.7 b.
 29. Thermal (n,el) cross section from JENDL-5.0: 12.83 b.
 30. Thermal (n,el) cross section from JEFF-3.3: 10.43 b.
 31. Thermal (n,el) cross section from experiments (local compilation): 11 +/- 1.9 b.
 32. Neutron scattering length from Atominstitut (TU Wien): 9.61 +/- 0.06 fm.
      .......................................
             ... Resonance integral: ...
 33. Experimental capture integral (local compilation): 44.5 +/- 4.5 b.
 34. Experimental capture integral (Kzero): 39.6 +/- 2 b.
 35. Experimental capture integral (Mughabghab): 44.5 +/- 4 b.
 36. Experimental capture integral (Sukhoruchkin): 42 +/- 6 b.
   ---- MACS 30 keV ----- 
 37. TALYS MACS 30 keV (HF): 0.183246 b. 
 38. Recommended MACS 30 keV from EAF: 0.17 b. 
 39. Recommended MACS 30 keV (local compilation): 0.17 +/- 0.007 b. 
 40. Recommended MACS 30 keV from Kadonis: 0.17 +/- 0.007 b. 
 41. Recommended MACS (Sukhoruchkin): 0.22 +/- 0.04 b.
 42. Recommended MACS (Mughabghab): 0.17 +/- 0.007 b.
   ---------- S0 -------- 
 43. S0 from TALYS: 1.78216
 44. Experimental S0: 1.71 +/- 0.26
 45. Atlas S0: 1.83 +/- 0.29
   ---------- S1 -------- 
 46. S1 from TALYS: 1.47299
 47. Experimental S1: 1.15 +/- 0.23
 48. Atlas S1: 1.38 +/- 0.23
   ---------- S2 -------- 
 49. S2 from TALYS: 3.20937
 50. Experimental S2: 2.35 +/- 0.3
   ---------- D0 -------- 
 51. D0 from TALYS: 143.289 eV
 52. Experimental D0: 125 +/- 25 eV
 53. Atlas D0: 157.6 +/- 10.4
   ---------- D1 -------- 
 54. D1 from TALYS: 49.0504 eV
   ---------- D2 -------- 
 55. D2 from TALYS: 31.0383 eV
   ---------- G0 -------- 
 56. Gg0 from TALYS: 0.0377033 eV
   ---------- G1 -------- 
 57. Gg1 from TALYS: 0.0353317 eV
   ---------- G2 -------- 
 58. Gg2 from TALYS: 0.0371657 eV


   ---------------------- 
 ... Read resonance parameters (format: 2: Multi Level Breit Wigner)
 ... 126 resonances found 
 --> 59. Number of resonances from the input file: 126 up to 23695 eV
 60. Read nuclear quantities (mass, MAT...)
 61. Read thermal (n,g) xs 
 62. Read the scattering radius 
 63. Read uncertainty on Gg for 126 resonances
 64. Read uncertainty on Gg for 126 resonances ... done
 ... order resonances 
 ... Upper limit for the RRR: 3996 eV (no statistical resonances HFR) from the limit.RRR file
 ... Write parameters for l=0 waves
 ... Write parameters for l=1 waves
 ... End writing original MF2 
 ... Enter in to_MLBW_mf2 function
 ... Convert to Multi Level Breit Wigner (MLBW)
 ... Gn-Gg correlations: calculated capture kernel used for 112 evaluated resonances (no measured kernel)
 ... Write parameter covariances (MF32) for l=0
 Write parameter covariances (MF32) for l=1
 ... MF32: 45 energy correlation lines (time of flight) for the first 10 evaluated resonances
 ... Convert parameter covariances (MF32) to MLBW
 ... copy the mf2 and mf32 to .mlbw files
 ... Ladder option set to no --> no use of calendf_xs
 ... no thermal/RI adjustment (ladder option set to no): no GLS calculation of parameter correlations
 ... copy the mf2 and mf32 to .mlbw files

 ... Start of final reconstruction and testing ...
 ... Reconstruction of cross sections at 0 Kelvin  ... Import MF2 from TARES calculations
 ... End energy of TARES MF2 : 3.996000E+3 eV and limit to 40000 resonances
 ... File used for reconstruction: n-Er170.reconst
 ... run RECENT ...
 ... Doppler broadened at a unique temperature: 0 Kelvin using sigma1
 ... The keyword temperature is zero, no Doppler broadening for the MACS

 ============== INTER values at 0 Kelvin ==============
 Thermal (n,g) xs =  8.14979 b. (meas/sys: 8.15 b.) (warning: comparison to be done at 296 or 300 K)
 Th Maxw (n,g) xs =  8.1544 b. (thermal Maxwellian value)
 Westcott factor  =  1.00057
 RI      (n,g)    =  43.8883 b. (meas or sys: 44.5 b.)
 MACS 3.000e+04 eV=  0.16803 b. (meas or sys: - b.) from 1.00E+00 to 2.00E+07 eV (end of RRR) at T= 0 Kelvin 
 Thermal (n,el) xs=  11.1066 b.
 RI      (n,el)   =  508.19 b.
 ============= PSYCHE values ==============
 Ave. G_total L0  =  0.964061 eV
 Ave. G_total L1  =  0.0846744 eV
 Ave. Gn_0    L0  =  0.0248053
 Ave. Gn_0    L1  =  0.0290173
 Ave. Gg      L0  =  0.0778 eV
 Ave. Gg      L1  =  0.0778 eV
 Ave. D       L0  =  181.636 eV
 Ave. D       L1  =  133.2 eV
 Ave. S       L0  =  0.000142773 eV
 Ave. S       L1  =  0.000150073 eV
 =========================================
 ... End of final reconstruction and testing ...

 ... grouping is not optimum, change to 70 groups
 ... Produce MF33 based on MF32 and 40 random files
 ... run endsam for 40 in groups of 1 global run
 ... run endsam from 1 to 40
 ... preparing the vectors  ... done
 ... nominal file 0 Cap(th)  ave= 8.150E+00 b. +/- 0.00 % || Ela(th) ave= 1.111E+01 b. +/- 0.00 % || RIcap ave= 4.30E+01 b. +/- 0.00 % || Macs30 ave= 1.03E+00 b. +/- 0.00 % || Gn^0(l=0) ave= 2.481E-02 +/- 0.00 % Gn^0(l=1) ave= 2.902E-02 +/- 0.00 % Gn^0(l=2) ave= 0.000E+00 +/- 0.00 % Gn^0(l=3) ave= 0.000E+00 +/- 0.00 % || Gtotal(l=0) ave= 9.641E-01 +/- 0.00 % Gtotal(l=1) ave= 8.467E-02 +/- 0.00 % Gtotal(l=2) ave= 0.000E+00 +/- 0.00 % Gtotal(l=3) ave= 0.000E+00 +/- 0.00 %  % || Gg(l=0) ave= 7.780E-02 +/- 0.00 % Gg(l=1) ave= 7.780E-02 +/- 0.00 % Gg(l=2) ave= 0.000E+00 +/- 0.00 % Gg(l=3) ave= 0.000E+00 +/- 0.00 %  % || D(l=0) ave= 1.816E+02 +/- 0.00 % D(l=1) ave= 1.332E+02 +/- 0.00 % D(l=2) ave= 0.000E+00 +/- 0.00 % D(l=3) ave= 0.000E+00 +/- 0.00 %  % || S(l=0) ave= 1.428E-04 +/- 0.00 % S(l=1) ave= 1.501E-04 +/- 0.00 % S(l=2) ave= 0.000E+00 +/- 0.00 % S(l=3) ave= 0.000E+00 +/- 0.00 % 
 ... random file  1 Cap(th)  ave= 8.077E+00 b. +/- 0.90 % || Ela(th) ave= 1.094E+01 b. +/- 1.51 % || RIcap ave= 4.37E+01 b. +/- 1.55 % || Macs30 ave= 1.04E+00 b. +/- 0.10 % || Gn^0(l=0) ave= 2.446E-02 +/- 1.40 % Gn^0(l=1) ave= 3.229E-02 +/- 10.15 % Gn^0(l=2) ave= 0.000E+00 +/- 0.00 % Gn^0(l=3) ave= 0.000E+00 +/- 0.00 % || Gtotal(l=0) ave= 9.641E-01 +/- 0.00 % Gtotal(l=1) ave= 8.467E-02 +/- 0.00 % Gtotal(l=2) ave= 0.000E+00 +/- 0.00 % Gtotal(l=3) ave= 0.000E+00 +/- 0.00 %  % || Gg(l=0) ave= 7.829E-02 +/- 0.62 % Gg(l=1) ave= 7.806E-02 +/- 0.34 % Gg(l=2) ave= 0.000E+00 +/- 0.00 % Gg(l=3) ave= 0.000E+00 +/- 0.00 %  % || D(l=0) ave= 1.816E+02 +/- 0.00 % D(l=1) ave= 1.332E+02 +/- 0.00 % D(l=2) ave= 0.000E+00 +/- 0.00 % D(l=3) ave= 0.000E+00 +/- 0.00 %  % || S(l=0) ave= 1.408E-04 +/- 1.40 % S(l=1) ave= 1.670E-04 +/- 10.15 % S(l=2) ave= 0.000E+00 +/- 0.00 % S(l=3) ave= 0.000E+00 +/- 0.00 % 
 ... random file  2 Cap(th)  ave= 8.011E+00 b. +/- 1.38 % || Ela(th) ave= 1.107E+01 b. +/- 2.03 % || RIcap ave= 4.35E+01 b. +/- 1.43 % || Macs30 ave= 1.03E+00 b. +/- 0.14 % || Gn^0(l=0) ave= 2.455E-02 +/- 1.25 % Gn^0(l=1) ave= 3.073E-02 +/- 11.29 % Gn^0(l=2) ave= 0.000E+00 +/- 0.00 % Gn^0(l=3) ave= 0.000E+00 +/- 0.00 % || Gtotal(l=0) ave= 9.641E-01 +/- 0.00 % Gtotal(l=1) ave= 8.467E-02 +/- 0.00 % Gtotal(l=2) ave= 0.000E+00 +/- 0.00 % Gtotal(l=3) ave= 0.000E+00 +/- 0.00 %  % || Gg(l=0) ave= 7.807E-02 +/- 0.64 % Gg(l=1) ave= 7.809E-02 +/- 0.28 % Gg(l=2) ave= 0.000E+00 +/- 0.00 % Gg(l=3) ave= 0.000E+00 +/- 0.00 %  % || D(l=0) ave= 1.816E+02 +/- 0.00 % D(l=1) ave= 1.332E+02 +/- 0.00 % D(l=2) ave= 0.000E+00 +/- 0.00 % D(l=3) ave= 0.000E+00 +/- 0.00 %  % || S(l=0) ave= 1.413E-04 +/- 1.25 % S(l=1) ave= 1.589E-04 +/- 11.29 % S(l=2) ave= 0.000E+00 +/- 0.00 % S(l=3) ave= 0.000E+00 +/- 0.00 % 
 ... random file  3 Cap(th)  ave= 8.107E+00 b. +/- 2.38 % || Ela(th) ave= 1.147E+01 b. +/- 6.25 % || RIcap ave= 4.29E+01 b. +/- 2.63 % || Macs30 ave= 1.04E+00 b. +/- 0.52 % || Gn^0(l=0) ave= 2.494E-02 +/- 2.88 % Gn^0(l=1) ave= 3.025E-02 +/- 10.31 % Gn^0(l=2) ave= 0.000E+00 +/- 0.00 % Gn^0(l=3) ave= 0.000E+00 +/- 0.00 % || Gtotal(l=0) ave= 9.641E-01 +/- 0.00 % Gtotal(l=1) ave= 8.467E-02 +/- 0.00 % Gtotal(l=2) ave= 0.000E+00 +/- 0.00 % Gtotal(l=3) ave= 0.000E+00 +/- 0.00 %  % || Gg(l=0) ave= 7.798E-02 +/- 0.59 % Gg(l=1) ave= 7.818E-02 +/- 0.31 % Gg(l=2) ave= 0.000E+00 +/- 0.00 % Gg(l=3) ave= 0.000E+00 +/- 0.00 %  % || D(l=0) ave= 1.816E+02 +/- 0.00 % D(l=1) ave= 1.332E+02 +/- 0.00 % D(l=2) ave= 0.000E+00 +/- 0.00 % D(l=3) ave= 0.000E+00 +/- 0.00 %  % || S(l=0) ave= 1.435E-04 +/- 2.88 % S(l=1) ave= 1.564E-04 +/- 10.31 % S(l=2) ave= 0.000E+00 +/- 0.00 % S(l=3) ave= 0.000E+00 +/- 0.00 % 
 ... random file  4 Cap(th)  ave= 8.127E+00 b. +/- 2.18 % || Ela(th) ave= 1.116E+01 b. +/- 7.92 % || RIcap ave= 4.36E+01 b. +/- 3.98 % || Macs30 ave= 1.04E+00 b. +/- 0.50 % || Gn^0(l=0) ave= 2.509E-02 +/- 2.82 % Gn^0(l=1) ave= 2.990E-02 +/- 9.61 % Gn^0(l=2) ave= 0.000E+00 +/- 0.00 % Gn^0(l=3) ave= 0.000E+00 +/- 0.00 % || Gtotal(l=0) ave= 9.641E-01 +/- 0.00 % Gtotal(l=1) ave= 8.467E-02 +/- 0.00 % Gtotal(l=2) ave= 0.000E+00 +/- 0.00 % Gtotal(l=3) ave= 0.000E+00 +/- 0.00 %  % || Gg(l=0) ave= 7.781E-02 +/- 0.68 % Gg(l=1) ave= 7.826E-02 +/- 0.34 % Gg(l=2) ave= 0.000E+00 +/- 0.00 % Gg(l=3) ave= 0.000E+00 +/- 0.00 %  % || D(l=0) ave= 1.816E+02 +/- 0.00 % D(l=1) ave= 1.332E+02 +/- 0.00 % D(l=2) ave= 0.000E+00 +/- 0.00 % D(l=3) ave= 0.000E+00 +/- 0.00 %  % || S(l=0) ave= 1.444E-04 +/- 2.82 % S(l=1) ave= 1.546E-04 +/- 9.62 % S(l=2) ave= 0.000E+00 +/- 0.00 % S(l=3) ave= 0.000E+00 +/- 0.00 % 
 ... random file  5 Cap(th)  ave= 8.086E+00 b. +/- 2.30 % || Ela(th) ave= 1.129E+01 b. +/- 7.60 % || RIcap ave= 4.33E+01 b. +/- 4.03 % || Macs30 ave= 1.03E+00 b. +/- 0.93 % || Gn^0(l=0) ave= 2.522E-02 +/- 2.81 % Gn^0(l=1) ave= 2.923E-02 +/- 10.32 % Gn^0(l=2) ave= 0.000E+00 +/- 0.00 % Gn^0(l=3) ave= 0.000E+00 +/- 0.00 % || Gtotal(l=0) ave= 9.641E-01 +/- 0.00 % Gtotal(l=1) ave= 8.467E-02 +/- 0.00 % Gtotal(l=2) ave= 0.000E+00 +/- 0.00 % Gtotal(l=3) ave= 0.000E+00 +/- 0.00 %  % || Gg(l=0) ave= 7.776E-02 +/- 0.64 % Gg(l=1) ave= 7.816E-02 +/- 0.43 % Gg(l=2) ave= 0.000E+00 +/- 0.00 % Gg(l=3) ave= 0.000E+00 +/- 0.00 %  % || D(l=0) ave= 1.816E+02 +/- 0.00 % D(l=1) ave= 1.332E+02 +/- 0.00 % D(l=2) ave= 0.000E+00 +/- 0.00 % D(l=3) ave= 0.000E+00 +/- 0.00 %  % || S(l=0) ave= 1.451E-04 +/- 2.81 % S(l=1) ave= 1.512E-04 +/- 10.32 % S(l=2) ave= 0.000E+00 +/- 0.00 % S(l=3) ave= 0.000E+00 +/- 0.00 % 
 ... random file  6 Cap(th)  ave= 8.132E+00 b. +/- 2.52 % || Ela(th) ave= 1.164E+01 b. +/- 10.00 % || RIcap ave= 4.35E+01 b. +/- 3.85 % || Macs30 ave= 1.03E+00 b. +/- 1.11 % || Gn^0(l=0) ave= 2.507E-02 +/- 2.98 % Gn^0(l=1) ave= 2.869E-02 +/- 10.78 % Gn^0(l=2) ave= 0.000E+00 +/- 0.00 % Gn^0(l=3) ave= 0.000E+00 +/- 0.00 % || Gtotal(l=0) ave= 9.641E-01 +/- 0.00 % Gtotal(l=1) ave= 8.467E-02 +/- 0.00 % Gtotal(l=2) ave= 0.000E+00 +/- 0.00 % Gtotal(l=3) ave= 0.000E+00 +/- 0.00 %  % || Gg(l=0) ave= 7.784E-02 +/- 0.64 % Gg(l=1) ave= 7.811E-02 +/- 0.42 % Gg(l=2) ave= 0.000E+00 +/- 0.00 % Gg(l=3) ave= 0.000E+00 +/- 0.00 %  % || D(l=0) ave= 1.816E+02 +/- 0.00 % D(l=1) ave= 1.332E+02 +/- 0.00 % D(l=2) ave= 0.000E+00 +/- 0.00 % D(l=3) ave= 0.000E+00 +/- 0.00 %  % || S(l=0) ave= 1.443E-04 +/- 2.98 % S(l=1) ave= 1.484E-04 +/- 10.78 % S(l=2) ave= 0.000E+00 +/- 0.00 % S(l=3) ave= 0.000E+00 +/- 0.00 % 
 ... random file  7 Cap(th)  ave= 8.104E+00 b. +/- 2.53 % || Ela(th) ave= 1.181E+01 b. +/- 10.01 % || RIcap ave= 4.38E+01 b. +/- 4.05 % || Macs30 ave= 1.03E+00 b. +/- 1.04 % || Gn^0(l=0) ave= 2.521E-02 +/- 3.15 % Gn^0(l=1) ave= 2.847E-02 +/- 10.38 % Gn^0(l=2) ave= 0.000E+00 +/- 0.00 % Gn^0(l=3) ave= 0.000E+00 +/- 0.00 % || Gtotal(l=0) ave= 9.641E-01 +/- 0.00 % Gtotal(l=1) ave= 8.467E-02 +/- 0.00 % Gtotal(l=2) ave= 0.000E+00 +/- 0.00 % Gtotal(l=3) ave= 0.000E+00 +/- 0.00 %  % || Gg(l=0) ave= 7.783E-02 +/- 0.60 % Gg(l=1) ave= 7.818E-02 +/- 0.45 % Gg(l=2) ave= 0.000E+00 +/- 0.00 % Gg(l=3) ave= 0.000E+00 +/- 0.00 %  % || D(l=0) ave= 1.816E+02 +/- 0.00 % D(l=1) ave= 1.332E+02 +/- 0.00 % D(l=2) ave= 0.000E+00 +/- 0.00 % D(l=3) ave= 0.000E+00 +/- 0.00 %  % || S(l=0) ave= 1.451E-04 +/- 3.15 % S(l=1) ave= 1.472E-04 +/- 10.38 % S(l=2) ave= 0.000E+00 +/- 0.00 % S(l=3) ave= 0.000E+00 +/- 0.00 % 
 ... random file  8 Cap(th)  ave= 8.143E+00 b. +/- 2.73 % || Ela(th) ave= 1.174E+01 b. +/- 9.67 % || RIcap ave= 4.38E+01 b. +/- 3.81 % || Macs30 ave= 1.03E+00 b. +/- 1.37 % || Gn^0(l=0) ave= 2.503E-02 +/- 3.66 % Gn^0(l=1) ave= 2.857E-02 +/- 9.81 % Gn^0(l=2) ave= 0.000E+00 +/- 0.00 % Gn^0(l=3) ave= 0.000E+00 +/- 0.00 % || Gtotal(l=0) ave= 9.641E-01 +/- 0.00 % Gtotal(l=1) ave= 8.467E-02 +/- 0.00 % Gtotal(l=2) ave= 0.000E+00 +/- 0.00 % Gtotal(l=3) ave= 0.000E+00 +/- 0.00 %  % || Gg(l=0) ave= 7.782E-02 +/- 0.57 % Gg(l=1) ave= 7.816E-02 +/- 0.43 % Gg(l=2) ave= 0.000E+00 +/- 0.00 % Gg(l=3) ave= 0.000E+00 +/- 0.00 %  % || D(l=0) ave= 1.816E+02 +/- 0.00 % D(l=1) ave= 1.332E+02 +/- 0.00 % D(l=2) ave= 0.000E+00 +/- 0.00 % D(l=3) ave= 0.000E+00 +/- 0.00 %  % || S(l=0) ave= 1.441E-04 +/- 3.66 % S(l=1) ave= 1.478E-04 +/- 9.81 % S(l=2) ave= 0.000E+00 +/- 0.00 % S(l=3) ave= 0.000E+00 +/- 0.00 % 
 ... random file  9 Cap(th)  ave= 8.127E+00 b. +/- 2.66 % || Ela(th) ave= 1.176E+01 b. +/- 9.18 % || RIcap ave= 4.36E+01 b. +/- 3.86 % || Macs30 ave= 1.03E+00 b. +/- 1.34 % || Gn^0(l=0) ave= 2.494E-02 +/- 3.64 % Gn^0(l=1) ave= 2.827E-02 +/- 9.93 % Gn^0(l=2) ave= 0.000E+00 +/- 0.00 % Gn^0(l=3) ave= 0.000E+00 +/- 0.00 % || Gtotal(l=0) ave= 9.641E-01 +/- 0.00 % Gtotal(l=1) ave= 8.467E-02 +/- 0.00 % Gtotal(l=2) ave= 0.000E+00 +/- 0.00 % Gtotal(l=3) ave= 0.000E+00 +/- 0.00 %  % || Gg(l=0) ave= 7.784E-02 +/- 0.54 % Gg(l=1) ave= 7.809E-02 +/- 0.47 % Gg(l=2) ave= 0.000E+00 +/- 0.00 % Gg(l=3) ave= 0.000E+00 +/- 0.00 %  % || D(l=0) ave= 1.816E+02 +/- 0.00 % D(l=1) ave= 1.332E+02 +/- 0.00 % D(l=2) ave= 0.000E+00 +/- 0.00 % D(l=3) ave= 0.000E+00 +/- 0.00 %  % || S(l=0) ave= 1.435E-04 +/- 3.64 % S(l=1) ave= 1.462E-04 +/- 9.93 % S(l=2) ave= 0.000E+00 +/- 0.00 % S(l=3) ave= 0.000E+00 +/- 0.00 % 
 ... random file  10 Cap(th)  ave= 8.185E+00 b. +/- 3.36 % || Ela(th) ave= 1.187E+01 b. +/- 9.13 % || RIcap ave= 4.40E+01 b. +/- 4.67 % || Macs30 ave= 1.03E+00 b. +/- 1.33 % || Gn^0(l=0) ave= 2.483E-02 +/- 3.76 % Gn^0(l=1) ave= 2.824E-02 +/- 9.49 % Gn^0(l=2) ave= 0.000E+00 +/- 0.00 % Gn^0(l=3) ave= 0.000E+00 +/- 0.00 % || Gtotal(l=0) ave= 9.641E-01 +/- 0.00 % Gtotal(l=1) ave= 8.467E-02 +/- 0.00 % Gtotal(l=2) ave= 0.000E+00 +/- 0.00 % Gtotal(l=3) ave= 0.000E+00 +/- 0.00 %  % || Gg(l=0) ave= 7.796E-02 +/- 0.69 % Gg(l=1) ave= 7.798E-02 +/- 0.64 % Gg(l=2) ave= 0.000E+00 +/- 0.00 % Gg(l=3) ave= 0.000E+00 +/- 0.00 %  % || D(l=0) ave= 1.816E+02 +/- 0.00 % D(l=1) ave= 1.332E+02 +/- 0.00 % D(l=2) ave= 0.000E+00 +/- 0.00 % D(l=3) ave= 0.000E+00 +/- 0.00 %  % || S(l=0) ave= 1.429E-04 +/- 3.76 % S(l=1) ave= 1.460E-04 +/- 9.49 % S(l=2) ave= 0.000E+00 +/- 0.00 % S(l=3) ave= 0.000E+00 +/- 0.00 % 
 ... random file  11 Cap(th)  ave= 8.172E+00 b. +/- 3.27 % || Ela(th) ave= 1.172E+01 b. +/- 9.82 % || RIcap ave= 4.37E+01 b. +/- 5.24 % || Macs30 ave= 1.03E+00 b. +/- 1.32 % || Gn^0(l=0) ave= 2.479E-02 +/- 3.65 % Gn^0(l=1) ave= 2.819E-02 +/- 9.11 % Gn^0(l=2) ave= 0.000E+00 +/- 0.00 % Gn^0(l=3) ave= 0.000E+00 +/- 0.00 % || Gtotal(l=0) ave= 9.641E-01 +/- 0.00 % Gtotal(l=1) ave= 8.467E-02 +/- 0.00 % Gtotal(l=2) ave= 0.000E+00 +/- 0.00 % Gtotal(l=3) ave= 0.000E+00 +/- 0.00 %  % || Gg(l=0) ave= 7.788E-02 +/- 0.73 % Gg(l=1) ave= 7.797E-02 +/- 0.61 % Gg(l=2) ave= 0.000E+00 +/- 0.00 % Gg(l=3) ave= 0.000E+00 +/- 0.00 %  % || D(l=0) ave= 1.816E+02 +/- 0.00 % D(l=1) ave= 1.332E+02 +/- 0.00 % D(l=2) ave= 0.000E+00 +/- 0.00 % D(l=3) ave= 0.000E+00 +/- 0.00 %  % || S(l=0) ave= 1.427E-04 +/- 3.65 % S(l=1) ave= 1.458E-04 +/- 9.11 % S(l=2) ave= 0.000E+00 +/- 0.00 % S(l=3) ave= 0.000E+00 +/- 0.00 % 
 ... random file  12 Cap(th)  ave= 8.167E+00 b. +/- 3.15 % || Ela(th) ave= 1.160E+01 b. +/- 10.16 % || RIcap ave= 4.36E+01 b. +/- 5.07 % || Macs30 ave= 1.03E+00 b. +/- 1.30 % || Gn^0(l=0) ave= 2.476E-02 +/- 3.52 % Gn^0(l=1) ave= 2.864E-02 +/- 10.20 % Gn^0(l=2) ave= 0.000E+00 +/- 0.00 % Gn^0(l=3) ave= 0.000E+00 +/- 0.00 % || Gtotal(l=0) ave= 9.641E-01 +/- 0.00 % Gtotal(l=1) ave= 8.467E-02 +/- 0.00 % Gtotal(l=2) ave= 0.000E+00 +/- 0.00 % Gtotal(l=3) ave= 0.000E+00 +/- 0.00 %  % || Gg(l=0) ave= 7.789E-02 +/- 0.70 % Gg(l=1) ave= 7.789E-02 +/- 0.70 % Gg(l=2) ave= 0.000E+00 +/- 0.00 % Gg(l=3) ave= 0.000E+00 +/- 0.00 %  % || D(l=0) ave= 1.816E+02 +/- 0.00 % D(l=1) ave= 1.332E+02 +/- 0.00 % D(l=2) ave= 0.000E+00 +/- 0.00 % D(l=3) ave= 0.000E+00 +/- 0.00 %  % || S(l=0) ave= 1.425E-04 +/- 3.52 % S(l=1) ave= 1.481E-04 +/- 10.20 % S(l=2) ave= 0.000E+00 +/- 0.00 % S(l=3) ave= 0.000E+00 +/- 0.00 % 
 ... random file  13 Cap(th)  ave= 8.101E+00 b. +/- 4.24 % || Ela(th) ave= 1.141E+01 b. +/- 11.58 % || RIcap ave= 4.32E+01 b. +/- 5.85 % || Macs30 ave= 1.03E+00 b. +/- 1.25 % || Gn^0(l=0) ave= 2.474E-02 +/- 3.42 % Gn^0(l=1) ave= 2.888E-02 +/- 10.18 % Gn^0(l=2) ave= 0.000E+00 +/- 0.00 % Gn^0(l=3) ave= 0.000E+00 +/- 0.00 % || Gtotal(l=0) ave= 9.641E-01 +/- 0.00 % Gtotal(l=1) ave= 8.467E-02 +/- 0.00 % Gtotal(l=2) ave= 0.000E+00 +/- 0.00 % Gtotal(l=3) ave= 0.000E+00 +/- 0.00 %  % || Gg(l=0) ave= 7.789E-02 +/- 0.68 % Gg(l=1) ave= 7.779E-02 +/- 0.80 % Gg(l=2) ave= 0.000E+00 +/- 0.00 % Gg(l=3) ave= 0.000E+00 +/- 0.00 %  % || D(l=0) ave= 1.816E+02 +/- 0.00 % D(l=1) ave= 1.332E+02 +/- 0.00 % D(l=2) ave= 0.000E+00 +/- 0.00 % D(l=3) ave= 0.000E+00 +/- 0.00 %  % || S(l=0) ave= 1.424E-04 +/- 3.42 % S(l=1) ave= 1.494E-04 +/- 10.18 % S(l=2) ave= 0.000E+00 +/- 0.00 % S(l=3) ave= 0.000E+00 +/- 0.00 % 
 ... random file  14 Cap(th)  ave= 8.120E+00 b. +/- 4.18 % || Ela(th) ave= 1.151E+01 b. +/- 11.52 % || RIcap ave= 4.32E+01 b. +/- 5.66 % || Macs30 ave= 1.03E+00 b. +/- 1.23 % || Gn^0(l=0) ave= 2.469E-02 +/- 3.40 % Gn^0(l=1) ave= 2.874E-02 +/- 10.03 % Gn^0(l=2) ave= 0.000E+00 +/- 0.00 % Gn^0(l=3) ave= 0.000E+00 +/- 0.00 % || Gtotal(l=0) ave= 9.641E-01 +/- 0.00 % Gtotal(l=1) ave= 8.467E-02 +/- 0.00 % Gtotal(l=2) ave= 0.000E+00 +/- 0.00 % Gtotal(l=3) ave= 0.000E+00 +/- 0.00 %  % || Gg(l=0) ave= 7.795E-02 +/- 0.71 % Gg(l=1) ave= 7.783E-02 +/- 0.79 % Gg(l=2) ave= 0.000E+00 +/- 0.00 % Gg(l=3) ave= 0.000E+00 +/- 0.00 %  % || D(l=0) ave= 1.816E+02 +/- 0.00 % D(l=1) ave= 1.332E+02 +/- 0.00 % D(l=2) ave= 0.000E+00 +/- 0.00 % D(l=3) ave= 0.000E+00 +/- 0.00 %  % || S(l=0) ave= 1.421E-04 +/- 3.40 % S(l=1) ave= 1.487E-04 +/- 10.03 % S(l=2) ave= 0.000E+00 +/- 0.00 % S(l=3) ave= 0.000E+00 +/- 0.00 % 
 ... random file  15 Cap(th)  ave= 8.173E+00 b. +/- 4.74 % || Ela(th) ave= 1.152E+01 b. +/- 11.15 % || RIcap ave= 4.33E+01 b. +/- 5.62 % || Macs30 ave= 1.03E+00 b. +/- 1.20 % || Gn^0(l=0) ave= 2.473E-02 +/- 3.35 % Gn^0(l=1) ave= 2.913E-02 +/- 10.90 % Gn^0(l=2) ave= 0.000E+00 +/- 0.00 % Gn^0(l=3) ave= 0.000E+00 +/- 0.00 % || Gtotal(l=0) ave= 9.641E-01 +/- 0.00 % Gtotal(l=1) ave= 8.467E-02 +/- 0.00 % Gtotal(l=2) ave= 0.000E+00 +/- 0.00 % Gtotal(l=3) ave= 0.000E+00 +/- 0.00 %  % || Gg(l=0) ave= 7.794E-02 +/- 0.69 % Gg(l=1) ave= 7.778E-02 +/- 0.80 % Gg(l=2) ave= 0.000E+00 +/- 0.00 % Gg(l=3) ave= 0.000E+00 +/- 0.00 %  % || D(l=0) ave= 1.816E+02 +/- 0.00 % D(l=1) ave= 1.332E+02 +/- 0.00 % D(l=2) ave= 0.000E+00 +/- 0.00 % D(l=3) ave= 0.000E+00 +/- 0.00 %  % || S(l=0) ave= 1.423E-04 +/- 3.35 % S(l=1) ave= 1.507E-04 +/- 10.90 % S(l=2) ave= 0.000E+00 +/- 0.00 % S(l=3) ave= 0.000E+00 +/- 0.00 % 
 ... random file  16 Cap(th)  ave= 8.213E+00 b. +/- 4.98 % || Ela(th) ave= 1.166E+01 b. +/- 11.70 % || RIcap ave= 4.36E+01 b. +/- 6.01 % || Macs30 ave= 1.03E+00 b. +/- 1.34 % || Gn^0(l=0) ave= 2.473E-02 +/- 3.25 % Gn^0(l=1) ave= 2.879E-02 +/- 11.74 % Gn^0(l=2) ave= 0.000E+00 +/- 0.00 % Gn^0(l=3) ave= 0.000E+00 +/- 0.00 % || Gtotal(l=0) ave= 9.641E-01 +/- 0.00 % Gtotal(l=1) ave= 8.467E-02 +/- 0.00 % Gtotal(l=2) ave= 0.000E+00 +/- 0.00 % Gtotal(l=3) ave= 0.000E+00 +/- 0.00 %  % || Gg(l=0) ave= 7.801E-02 +/- 0.74 % Gg(l=1) ave= 7.786E-02 +/- 0.87 % Gg(l=2) ave= 0.000E+00 +/- 0.00 % Gg(l=3) ave= 0.000E+00 +/- 0.00 %  % || D(l=0) ave= 1.816E+02 +/- 0.00 % D(l=1) ave= 1.332E+02 +/- 0.00 % D(l=2) ave= 0.000E+00 +/- 0.00 % D(l=3) ave= 0.000E+00 +/- 0.00 %  % || S(l=0) ave= 1.423E-04 +/- 3.25 % S(l=1) ave= 1.489E-04 +/- 11.74 % S(l=2) ave= 0.000E+00 +/- 0.00 % S(l=3) ave= 0.000E+00 +/- 0.00 % 
 ... random file  17 Cap(th)  ave= 8.287E+00 b. +/- 6.05 % || Ela(th) ave= 1.169E+01 b. +/- 11.40 % || RIcap ave= 4.39E+01 b. +/- 6.45 % || Macs30 ave= 1.03E+00 b. +/- 1.39 % || Gn^0(l=0) ave= 2.471E-02 +/- 3.17 % Gn^0(l=1) ave= 2.902E-02 +/- 11.80 % Gn^0(l=2) ave= 0.000E+00 +/- 0.00 % Gn^0(l=3) ave= 0.000E+00 +/- 0.00 % || Gtotal(l=0) ave= 9.641E-01 +/- 0.00 % Gtotal(l=1) ave= 8.467E-02 +/- 0.00 % Gtotal(l=2) ave= 0.000E+00 +/- 0.00 % Gtotal(l=3) ave= 0.000E+00 +/- 0.00 %  % || Gg(l=0) ave= 7.806E-02 +/- 0.77 % Gg(l=1) ave= 7.779E-02 +/- 0.93 % Gg(l=2) ave= 0.000E+00 +/- 0.00 % Gg(l=3) ave= 0.000E+00 +/- 0.00 %  % || D(l=0) ave= 1.816E+02 +/- 0.00 % D(l=1) ave= 1.332E+02 +/- 0.00 % D(l=2) ave= 0.000E+00 +/- 0.00 % D(l=3) ave= 0.000E+00 +/- 0.00 %  % || S(l=0) ave= 1.422E-04 +/- 3.17 % S(l=1) ave= 1.501E-04 +/- 11.80 % S(l=2) ave= 0.000E+00 +/- 0.00 % S(l=3) ave= 0.000E+00 +/- 0.00 % 
 ... random file  18 Cap(th)  ave= 8.262E+00 b. +/- 6.05 % || Ela(th) ave= 1.165E+01 b. +/- 11.26 % || RIcap ave= 4.36E+01 b. +/- 6.98 % || Macs30 ave= 1.03E+00 b. +/- 1.39 % || Gn^0(l=0) ave= 2.472E-02 +/- 3.09 % Gn^0(l=1) ave= 2.931E-02 +/- 12.13 % Gn^0(l=2) ave= 0.000E+00 +/- 0.00 % Gn^0(l=3) ave= 0.000E+00 +/- 0.00 % || Gtotal(l=0) ave= 9.641E-01 +/- 0.00 % Gtotal(l=1) ave= 8.467E-02 +/- 0.00 % Gtotal(l=2) ave= 0.000E+00 +/- 0.00 % Gtotal(l=3) ave= 0.000E+00 +/- 0.00 %  % || Gg(l=0) ave= 7.800E-02 +/- 0.81 % Gg(l=1) ave= 7.776E-02 +/- 0.92 % Gg(l=2) ave= 0.000E+00 +/- 0.00 % Gg(l=3) ave= 0.000E+00 +/- 0.00 %  % || D(l=0) ave= 1.816E+02 +/- 0.00 % D(l=1) ave= 1.332E+02 +/- 0.00 % D(l=2) ave= 0.000E+00 +/- 0.00 % D(l=3) ave= 0.000E+00 +/- 0.00 %  % || S(l=0) ave= 1.423E-04 +/- 3.09 % S(l=1) ave= 1.516E-04 +/- 12.13 % S(l=2) ave= 0.000E+00 +/- 0.00 % S(l=3) ave= 0.000E+00 +/- 0.00 % 
 ... random file  19 Cap(th)  ave= 8.245E+00 b. +/- 5.98 % || Ela(th) ave= 1.164E+01 b. +/- 10.98 % || RIcap ave= 4.34E+01 b. +/- 7.15 % || Macs30 ave= 1.03E+00 b. +/- 1.43 % || Gn^0(l=0) ave= 2.474E-02 +/- 3.02 % Gn^0(l=1) ave= 2.918E-02 +/- 12.04 % Gn^0(l=2) ave= 0.000E+00 +/- 0.00 % Gn^0(l=3) ave= 0.000E+00 +/- 0.00 % || Gtotal(l=0) ave= 9.641E-01 +/- 0.00 % Gtotal(l=1) ave= 8.467E-02 +/- 0.00 % Gtotal(l=2) ave= 0.000E+00 +/- 0.00 % Gtotal(l=3) ave= 0.000E+00 +/- 0.00 %  % || Gg(l=0) ave= 7.799E-02 +/- 0.79 % Gg(l=1) ave= 7.770E-02 +/- 0.95 % Gg(l=2) ave= 0.000E+00 +/- 0.00 % Gg(l=3) ave= 0.000E+00 +/- 0.00 %  % || D(l=0) ave= 1.816E+02 +/- 0.00 % D(l=1) ave= 1.332E+02 +/- 0.00 % D(l=2) ave= 0.000E+00 +/- 0.00 % D(l=3) ave= 0.000E+00 +/- 0.00 %  % || S(l=0) ave= 1.424E-04 +/- 3.02 % S(l=1) ave= 1.509E-04 +/- 12.04 % S(l=2) ave= 0.000E+00 +/- 0.00 % S(l=3) ave= 0.000E+00 +/- 0.00 % 
 ... random file  20 Cap(th)  ave= 8.265E+00 b. +/- 5.92 % || Ela(th) ave= 1.164E+01 b. +/- 10.72 % || RIcap ave= 4.37E+01 b. +/- 7.38 % || Macs30 ave= 1.03E+00 b. +/- 1.40 % || Gn^0(l=0) ave= 2.472E-02 +/- 2.97 % Gn^0(l=1) ave= 2.915E-02 +/- 11.77 % Gn^0(l=2) ave= 0.000E+00 +/- 0.00 % Gn^0(l=3) ave= 0.000E+00 +/- 0.00 % || Gtotal(l=0) ave= 9.641E-01 +/- 0.00 % Gtotal(l=1) ave= 8.467E-02 +/- 0.00 % Gtotal(l=2) ave= 0.000E+00 +/- 0.00 % Gtotal(l=3) ave= 0.000E+00 +/- 0.00 %  % || Gg(l=0) ave= 7.795E-02 +/- 0.82 % Gg(l=1) ave= 7.769E-02 +/- 0.93 % Gg(l=2) ave= 0.000E+00 +/- 0.00 % Gg(l=3) ave= 0.000E+00 +/- 0.00 %  % || D(l=0) ave= 1.816E+02 +/- 0.00 % D(l=1) ave= 1.332E+02 +/- 0.00 % D(l=2) ave= 0.000E+00 +/- 0.00 % D(l=3) ave= 0.000E+00 +/- 0.00 %  % || S(l=0) ave= 1.423E-04 +/- 2.97 % S(l=1) ave= 1.508E-04 +/- 11.77 % S(l=2) ave= 0.000E+00 +/- 0.00 % S(l=3) ave= 0.000E+00 +/- 0.00 % 
 ... random file  21 Cap(th)  ave= 8.286E+00 b. +/- 5.89 % || Ela(th) ave= 1.166E+01 b. +/- 10.49 % || RIcap ave= 4.37E+01 b. +/- 7.21 % || Macs30 ave= 1.03E+00 b. +/- 1.57 % || Gn^0(l=0) ave= 2.472E-02 +/- 2.91 % Gn^0(l=1) ave= 2.931E-02 +/- 11.69 % Gn^0(l=2) ave= 0.000E+00 +/- 0.00 % Gn^0(l=3) ave= 0.000E+00 +/- 0.00 % || Gtotal(l=0) ave= 9.641E-01 +/- 0.00 % Gtotal(l=1) ave= 8.467E-02 +/- 0.00 % Gtotal(l=2) ave= 0.000E+00 +/- 0.00 % Gtotal(l=3) ave= 0.000E+00 +/- 0.00 %  % || Gg(l=0) ave= 7.793E-02 +/- 0.81 % Gg(l=1) ave= 7.765E-02 +/- 0.93 % Gg(l=2) ave= 0.000E+00 +/- 0.00 % Gg(l=3) ave= 0.000E+00 +/- 0.00 %  % || D(l=0) ave= 1.816E+02 +/- 0.00 % D(l=1) ave= 1.332E+02 +/- 0.00 % D(l=2) ave= 0.000E+00 +/- 0.00 % D(l=3) ave= 0.000E+00 +/- 0.00 %  % || S(l=0) ave= 1.423E-04 +/- 2.91 % S(l=1) ave= 1.516E-04 +/- 11.69 % S(l=2) ave= 0.000E+00 +/- 0.00 % S(l=3) ave= 0.000E+00 +/- 0.00 % 
 ... random file  22 Cap(th)  ave= 8.264E+00 b. +/- 5.92 % || Ela(th) ave= 1.161E+01 b. +/- 10.52 % || RIcap ave= 4.36E+01 b. +/- 7.06 % || Macs30 ave= 1.03E+00 b. +/- 1.53 % || Gn^0(l=0) ave= 2.476E-02 +/- 2.91 % Gn^0(l=1) ave= 2.943E-02 +/- 11.54 % Gn^0(l=2) ave= 0.000E+00 +/- 0.00 % Gn^0(l=3) ave= 0.000E+00 +/- 0.00 % || Gtotal(l=0) ave= 9.641E-01 +/- 0.00 % Gtotal(l=1) ave= 8.467E-02 +/- 0.00 % Gtotal(l=2) ave= 0.000E+00 +/- 0.00 % Gtotal(l=3) ave= 0.000E+00 +/- 0.00 %  % || Gg(l=0) ave= 7.786E-02 +/- 0.88 % Gg(l=1) ave= 7.761E-02 +/- 0.95 % Gg(l=2) ave= 0.000E+00 +/- 0.00 % Gg(l=3) ave= 0.000E+00 +/- 0.00 %  % || D(l=0) ave= 1.816E+02 +/- 0.00 % D(l=1) ave= 1.332E+02 +/- 0.00 % D(l=2) ave= 0.000E+00 +/- 0.00 % D(l=3) ave= 0.000E+00 +/- 0.00 %  % || S(l=0) ave= 1.425E-04 +/- 2.91 % S(l=1) ave= 1.522E-04 +/- 11.54 % S(l=2) ave= 0.000E+00 +/- 0.00 % S(l=3) ave= 0.000E+00 +/- 0.00 % 
 ... random file  23 Cap(th)  ave= 8.250E+00 b. +/- 5.86 % || Ela(th) ave= 1.159E+01 b. +/- 10.33 % || RIcap ave= 4.36E+01 b. +/- 6.91 % || Macs30 ave= 1.03E+00 b. +/- 1.51 % || Gn^0(l=0) ave= 2.476E-02 +/- 2.85 % Gn^0(l=1) ave= 2.942E-02 +/- 11.31 % Gn^0(l=2) ave= 0.000E+00 +/- 0.00 % Gn^0(l=3) ave= 0.000E+00 +/- 0.00 % || Gtotal(l=0) ave= 9.641E-01 +/- 0.00 % Gtotal(l=1) ave= 8.467E-02 +/- 0.00 % Gtotal(l=2) ave= 0.000E+00 +/- 0.00 % Gtotal(l=3) ave= 0.000E+00 +/- 0.00 %  % || Gg(l=0) ave= 7.796E-02 +/- 1.06 % Gg(l=1) ave= 7.770E-02 +/- 1.08 % Gg(l=2) ave= 0.000E+00 +/- 0.00 % Gg(l=3) ave= 0.000E+00 +/- 0.00 %  % || D(l=0) ave= 1.816E+02 +/- 0.00 % D(l=1) ave= 1.332E+02 +/- 0.00 % D(l=2) ave= 0.000E+00 +/- 0.00 % D(l=3) ave= 0.000E+00 +/- 0.00 %  % || S(l=0) ave= 1.425E-04 +/- 2.85 % S(l=1) ave= 1.522E-04 +/- 11.31 % S(l=2) ave= 0.000E+00 +/- 0.00 % S(l=3) ave= 0.000E+00 +/- 0.00 % 
 ... random file  24 Cap(th)  ave= 8.239E+00 b. +/- 5.78 % || Ela(th) ave= 1.156E+01 b. +/- 10.24 % || RIcap ave= 4.34E+01 b. +/- 7.18 % || Macs30 ave= 1.03E+00 b. +/- 1.51 % || Gn^0(l=0) ave= 2.480E-02 +/- 2.89 % Gn^0(l=1) ave= 2.976E-02 +/- 12.28 % Gn^0(l=2) ave= 0.000E+00 +/- 0.00 % Gn^0(l=3) ave= 0.000E+00 +/- 0.00 % || Gtotal(l=0) ave= 9.641E-01 +/- 0.00 % Gtotal(l=1) ave= 8.467E-02 +/- 0.00 % Gtotal(l=2) ave= 0.000E+00 +/- 0.00 % Gtotal(l=3) ave= 0.000E+00 +/- 0.00 %  % || Gg(l=0) ave= 7.790E-02 +/- 1.12 % Gg(l=1) ave= 7.773E-02 +/- 1.08 % Gg(l=2) ave= 0.000E+00 +/- 0.00 % Gg(l=3) ave= 0.000E+00 +/- 0.00 %  % || D(l=0) ave= 1.816E+02 +/- 0.00 % D(l=1) ave= 1.332E+02 +/- 0.00 % D(l=2) ave= 0.000E+00 +/- 0.00 % D(l=3) ave= 0.000E+00 +/- 0.00 %  % || S(l=0) ave= 1.427E-04 +/- 2.89 % S(l=1) ave= 1.539E-04 +/- 12.28 % S(l=2) ave= 0.000E+00 +/- 0.00 % S(l=3) ave= 0.000E+00 +/- 0.00 % 
 ... random file  25 Cap(th)  ave= 8.245E+00 b. +/- 5.68 % || Ela(th) ave= 1.155E+01 b. +/- 10.07 % || RIcap ave= 4.35E+01 b. +/- 7.10 % || Macs30 ave= 1.03E+00 b. +/- 1.52 % || Gn^0(l=0) ave= 2.479E-02 +/- 2.84 % Gn^0(l=1) ave= 2.970E-02 +/- 12.10 % Gn^0(l=2) ave= 0.000E+00 +/- 0.00 % Gn^0(l=3) ave= 0.000E+00 +/- 0.00 % || Gtotal(l=0) ave= 9.641E-01 +/- 0.00 % Gtotal(l=1) ave= 8.467E-02 +/- 0.00 % Gtotal(l=2) ave= 0.000E+00 +/- 0.00 % Gtotal(l=3) ave= 0.000E+00 +/- 0.00 %  % || Gg(l=0) ave= 7.791E-02 +/- 1.10 % Gg(l=1) ave= 7.773E-02 +/- 1.06 % Gg(l=2) ave= 0.000E+00 +/- 0.00 % Gg(l=3) ave= 0.000E+00 +/- 0.00 %  % || D(l=0) ave= 1.816E+02 +/- 0.00 % D(l=1) ave= 1.332E+02 +/- 0.00 % D(l=2) ave= 0.000E+00 +/- 0.00 % D(l=3) ave= 0.000E+00 +/- 0.00 %  % || S(l=0) ave= 1.427E-04 +/- 2.84 % S(l=1) ave= 1.536E-04 +/- 12.10 % S(l=2) ave= 0.000E+00 +/- 0.00 % S(l=3) ave= 0.000E+00 +/- 0.00 % 
 ... random file  26 Cap(th)  ave= 8.251E+00 b. +/- 5.58 % || Ela(th) ave= 1.157E+01 b. +/- 9.92 % || RIcap ave= 4.37E+01 b. +/- 7.17 % || Macs30 ave= 1.03E+00 b. +/- 1.49 % || Gn^0(l=0) ave= 2.485E-02 +/- 3.00 % Gn^0(l=1) ave= 2.954E-02 +/- 12.24 % Gn^0(l=2) ave= 0.000E+00 +/- 0.00 % Gn^0(l=3) ave= 0.000E+00 +/- 0.00 % || Gtotal(l=0) ave= 9.641E-01 +/- 0.00 % Gtotal(l=1) ave= 8.467E-02 +/- 0.00 % Gtotal(l=2) ave= 0.000E+00 +/- 0.00 % Gtotal(l=3) ave= 0.000E+00 +/- 0.00 %  % || Gg(l=0) ave= 7.788E-02 +/- 1.10 % Gg(l=1) ave= 7.772E-02 +/- 1.05 % Gg(l=2) ave= 0.000E+00 +/- 0.00 % Gg(l=3) ave= 0.000E+00 +/- 0.00 %  % || D(l=0) ave= 1.816E+02 +/- 0.00 % D(l=1) ave= 1.332E+02 +/- 0.00 % D(l=2) ave= 0.000E+00 +/- 0.00 % D(l=3) ave= 0.000E+00 +/- 0.00 %  % || S(l=0) ave= 1.430E-04 +/- 3.00 % S(l=1) ave= 1.528E-04 +/- 12.24 % S(l=2) ave= 0.000E+00 +/- 0.00 % S(l=3) ave= 0.000E+00 +/- 0.00 % 
 ... random file  27 Cap(th)  ave= 8.247E+00 b. +/- 5.49 % || Ela(th) ave= 1.154E+01 b. +/- 9.86 % || RIcap ave= 4.37E+01 b. +/- 7.05 % || Macs30 ave= 1.03E+00 b. +/- 1.56 % || Gn^0(l=0) ave= 2.487E-02 +/- 2.98 % Gn^0(l=1) ave= 2.950E-02 +/- 12.07 % Gn^0(l=2) ave= 0.000E+00 +/- 0.00 % Gn^0(l=3) ave= 0.000E+00 +/- 0.00 % || Gtotal(l=0) ave= 9.641E-01 +/- 0.00 % Gtotal(l=1) ave= 8.467E-02 +/- 0.00 % Gtotal(l=2) ave= 0.000E+00 +/- 0.00 % Gtotal(l=3) ave= 0.000E+00 +/- 0.00 %  % || Gg(l=0) ave= 7.783E-02 +/- 1.14 % Gg(l=1) ave= 7.771E-02 +/- 1.03 % Gg(l=2) ave= 0.000E+00 +/- 0.00 % Gg(l=3) ave= 0.000E+00 +/- 0.00 %  % || D(l=0) ave= 1.816E+02 +/- 0.00 % D(l=1) ave= 1.332E+02 +/- 0.00 % D(l=2) ave= 0.000E+00 +/- 0.00 % D(l=3) ave= 0.000E+00 +/- 0.00 %  % || S(l=0) ave= 1.431E-04 +/- 2.98 % S(l=1) ave= 1.525E-04 +/- 12.07 % S(l=2) ave= 0.000E+00 +/- 0.00 % S(l=3) ave= 0.000E+00 +/- 0.00 % 
 ... random file  28 Cap(th)  ave= 8.221E+00 b. +/- 5.66 % || Ela(th) ave= 1.145E+01 b. +/- 10.60 % || RIcap ave= 4.36E+01 b. +/- 7.08 % || Macs30 ave= 1.03E+00 b. +/- 1.67 % || Gn^0(l=0) ave= 2.483E-02 +/- 3.02 % Gn^0(l=1) ave= 2.934E-02 +/- 12.25 % Gn^0(l=2) ave= 0.000E+00 +/- 0.00 % Gn^0(l=3) ave= 0.000E+00 +/- 0.00 % || Gtotal(l=0) ave= 9.641E-01 +/- 0.00 % Gtotal(l=1) ave= 8.467E-02 +/- 0.00 % Gtotal(l=2) ave= 0.000E+00 +/- 0.00 % Gtotal(l=3) ave= 0.000E+00 +/- 0.00 %  % || Gg(l=0) ave= 7.785E-02 +/- 1.13 % Gg(l=1) ave= 7.770E-02 +/- 1.01 % Gg(l=2) ave= 0.000E+00 +/- 0.00 % Gg(l=3) ave= 0.000E+00 +/- 0.00 %  % || D(l=0) ave= 1.816E+02 +/- 0.00 % D(l=1) ave= 1.332E+02 +/- 0.00 % D(l=2) ave= 0.000E+00 +/- 0.00 % D(l=3) ave= 0.000E+00 +/- 0.00 %  % || S(l=0) ave= 1.429E-04 +/- 3.02 % S(l=1) ave= 1.517E-04 +/- 12.25 % S(l=2) ave= 0.000E+00 +/- 0.00 % S(l=3) ave= 0.000E+00 +/- 0.00 % 
 ... random file  29 Cap(th)  ave= 8.201E+00 b. +/- 5.74 % || Ela(th) ave= 1.141E+01 b. +/- 10.64 % || RIcap ave= 4.35E+01 b. +/- 7.15 % || Macs30 ave= 1.03E+00 b. +/- 1.65 % || Gn^0(l=0) ave= 2.486E-02 +/- 3.02 % Gn^0(l=1) ave= 2.931E-02 +/- 12.08 % Gn^0(l=2) ave= 0.000E+00 +/- 0.00 % Gn^0(l=3) ave= 0.000E+00 +/- 0.00 % || Gtotal(l=0) ave= 9.641E-01 +/- 0.00 % Gtotal(l=1) ave= 8.467E-02 +/- 0.00 % Gtotal(l=2) ave= 0.000E+00 +/- 0.00 % Gtotal(l=3) ave= 0.000E+00 +/- 0.00 %  % || Gg(l=0) ave= 7.779E-02 +/- 1.21 % Gg(l=1) ave= 7.771E-02 +/- 1.00 % Gg(l=2) ave= 0.000E+00 +/- 0.00 % Gg(l=3) ave= 0.000E+00 +/- 0.00 %  % || D(l=0) ave= 1.816E+02 +/- 0.00 % D(l=1) ave= 1.332E+02 +/- 0.00 % D(l=2) ave= 0.000E+00 +/- 0.00 % D(l=3) ave= 0.000E+00 +/- 0.00 %  % || S(l=0) ave= 1.431E-04 +/- 3.02 % S(l=1) ave= 1.516E-04 +/- 12.08 % S(l=2) ave= 0.000E+00 +/- 0.00 % S(l=3) ave= 0.000E+00 +/- 0.00 % 
 ... random file  30 Cap(th)  ave= 8.193E+00 b. +/- 5.68 % || Ela(th) ave= 1.139E+01 b. +/- 10.57 % || RIcap ave= 4.35E+01 b. +/- 7.03 % || Macs30 ave= 1.03E+00 b. +/- 1.65 % || Gn^0(l=0) ave= 2.484E-02 +/- 2.99 % Gn^0(l=1) ave= 2.936E-02 +/- 11.90 % Gn^0(l=2) ave= 0.000E+00 +/- 0.00 % Gn^0(l=3) ave= 0.000E+00 +/- 0.00 % || Gtotal(l=0) ave= 9.641E-01 +/- 0.00 % Gtotal(l=1) ave= 8.467E-02 +/- 0.00 % Gtotal(l=2) ave= 0.000E+00 +/- 0.00 % Gtotal(l=3) ave= 0.000E+00 +/- 0.00 %  % || Gg(l=0) ave= 7.782E-02 +/- 1.21 % Gg(l=1) ave= 7.772E-02 +/- 0.98 % Gg(l=2) ave= 0.000E+00 +/- 0.00 % Gg(l=3) ave= 0.000E+00 +/- 0.00 %  % || D(l=0) ave= 1.816E+02 +/- 0.00 % D(l=1) ave= 1.332E+02 +/- 0.00 % D(l=2) ave= 0.000E+00 +/- 0.00 % D(l=3) ave= 0.000E+00 +/- 0.00 %  % || S(l=0) ave= 1.430E-04 +/- 2.99 % S(l=1) ave= 1.519E-04 +/- 11.90 % S(l=2) ave= 0.000E+00 +/- 0.00 % S(l=3) ave= 0.000E+00 +/- 0.00 % 
 ... random file  31 Cap(th)  ave= 8.191E+00 b. +/- 5.59 % || Ela(th) ave= 1.142E+01 b. +/- 10.48 % || RIcap ave= 4.35E+01 b. +/- 6.94 % || Macs30 ave= 1.03E+00 b. +/- 1.63 % || Gn^0(l=0) ave= 2.485E-02 +/- 2.95 % Gn^0(l=1) ave= 2.930E-02 +/- 11.79 % Gn^0(l=2) ave= 0.000E+00 +/- 0.00 % Gn^0(l=3) ave= 0.000E+00 +/- 0.00 % || Gtotal(l=0) ave= 9.641E-01 +/- 0.00 % Gtotal(l=1) ave= 8.467E-02 +/- 0.00 % Gtotal(l=2) ave= 0.000E+00 +/- 0.00 % Gtotal(l=3) ave= 0.000E+00 +/- 0.00 %  % || Gg(l=0) ave= 7.782E-02 +/- 1.19 % Gg(l=1) ave= 7.775E-02 +/- 0.99 % Gg(l=2) ave= 0.000E+00 +/- 0.00 % Gg(l=3) ave= 0.000E+00 +/- 0.00 %  % || D(l=0) ave= 1.816E+02 +/- 0.00 % D(l=1) ave= 1.332E+02 +/- 0.00 % D(l=2) ave= 0.000E+00 +/- 0.00 % D(l=3) ave= 0.000E+00 +/- 0.00 %  % || S(l=0) ave= 1.431E-04 +/- 2.95 % S(l=1) ave= 1.516E-04 +/- 11.79 % S(l=2) ave= 0.000E+00 +/- 0.00 % S(l=3) ave= 0.000E+00 +/- 0.00 % 
 ... random file  32 Cap(th)  ave= 8.189E+00 b. +/- 5.51 % || Ela(th) ave= 1.141E+01 b. +/- 10.35 % || RIcap ave= 4.36E+01 b. +/- 6.87 % || Macs30 ave= 1.03E+00 b. +/- 1.65 % || Gn^0(l=0) ave= 2.484E-02 +/- 2.93 % Gn^0(l=1) ave= 2.921E-02 +/- 11.79 % Gn^0(l=2) ave= 0.000E+00 +/- 0.00 % Gn^0(l=3) ave= 0.000E+00 +/- 0.00 % || Gtotal(l=0) ave= 9.641E-01 +/- 0.00 % Gtotal(l=1) ave= 8.467E-02 +/- 0.00 % Gtotal(l=2) ave= 0.000E+00 +/- 0.00 % Gtotal(l=3) ave= 0.000E+00 +/- 0.00 %  % || Gg(l=0) ave= 7.785E-02 +/- 1.20 % Gg(l=1) ave= 7.773E-02 +/- 0.98 % Gg(l=2) ave= 0.000E+00 +/- 0.00 % Gg(l=3) ave= 0.000E+00 +/- 0.00 %  % || D(l=0) ave= 1.816E+02 +/- 0.00 % D(l=1) ave= 1.332E+02 +/- 0.00 % D(l=2) ave= 0.000E+00 +/- 0.00 % D(l=3) ave= 0.000E+00 +/- 0.00 %  % || S(l=0) ave= 1.430E-04 +/- 2.93 % S(l=1) ave= 1.511E-04 +/- 11.79 % S(l=2) ave= 0.000E+00 +/- 0.00 % S(l=3) ave= 0.000E+00 +/- 0.00 % 
 ... random file  33 Cap(th)  ave= 8.171E+00 b. +/- 5.59 % || Ela(th) ave= 1.134E+01 b. +/- 10.79 % || RIcap ave= 4.35E+01 b. +/- 6.99 % || Macs30 ave= 1.03E+00 b. +/- 1.66 % || Gn^0(l=0) ave= 2.485E-02 +/- 2.89 % Gn^0(l=1) ave= 2.921E-02 +/- 11.61 % Gn^0(l=2) ave= 0.000E+00 +/- 0.00 % Gn^0(l=3) ave= 0.000E+00 +/- 0.00 % || Gtotal(l=0) ave= 9.641E-01 +/- 0.00 % Gtotal(l=1) ave= 8.467E-02 +/- 0.00 % Gtotal(l=2) ave= 0.000E+00 +/- 0.00 % Gtotal(l=3) ave= 0.000E+00 +/- 0.00 %  % || Gg(l=0) ave= 7.782E-02 +/- 1.21 % Gg(l=1) ave= 7.775E-02 +/- 0.98 % Gg(l=2) ave= 0.000E+00 +/- 0.00 % Gg(l=3) ave= 0.000E+00 +/- 0.00 %  % || D(l=0) ave= 1.816E+02 +/- 0.00 % D(l=1) ave= 1.332E+02 +/- 0.00 % D(l=2) ave= 0.000E+00 +/- 0.00 % D(l=3) ave= 0.000E+00 +/- 0.00 %  % || S(l=0) ave= 1.430E-04 +/- 2.89 % S(l=1) ave= 1.511E-04 +/- 11.61 % S(l=2) ave= 0.000E+00 +/- 0.00 % S(l=3) ave= 0.000E+00 +/- 0.00 % 
 ... random file  34 Cap(th)  ave= 8.156E+00 b. +/- 5.63 % || Ela(th) ave= 1.129E+01 b. +/- 11.03 % || RIcap ave= 4.34E+01 b. +/- 6.92 % || Macs30 ave= 1.03E+00 b. +/- 1.66 % || Gn^0(l=0) ave= 2.485E-02 +/- 2.85 % Gn^0(l=1) ave= 2.921E-02 +/- 11.45 % Gn^0(l=2) ave= 0.000E+00 +/- 0.00 % Gn^0(l=3) ave= 0.000E+00 +/- 0.00 % || Gtotal(l=0) ave= 9.641E-01 +/- 0.00 % Gtotal(l=1) ave= 8.467E-02 +/- 0.00 % Gtotal(l=2) ave= 0.000E+00 +/- 0.00 % Gtotal(l=3) ave= 0.000E+00 +/- 0.00 %  % || Gg(l=0) ave= 7.784E-02 +/- 1.20 % Gg(l=1) ave= 7.772E-02 +/- 0.99 % Gg(l=2) ave= 0.000E+00 +/- 0.00 % Gg(l=3) ave= 0.000E+00 +/- 0.00 %  % || D(l=0) ave= 1.816E+02 +/- 0.00 % D(l=1) ave= 1.332E+02 +/- 0.00 % D(l=2) ave= 0.000E+00 +/- 0.00 % D(l=3) ave= 0.000E+00 +/- 0.00 %  % || S(l=0) ave= 1.430E-04 +/- 2.85 % S(l=1) ave= 1.510E-04 +/- 11.45 % S(l=2) ave= 0.000E+00 +/- 0.00 % S(l=3) ave= 0.000E+00 +/- 0.00 % 
 ... random file  35 Cap(th)  ave= 8.158E+00 b. +/- 5.55 % || Ela(th) ave= 1.125E+01 b. +/- 11.10 % || RIcap ave= 4.35E+01 b. +/- 6.84 % || Macs30 ave= 1.03E+00 b. +/- 1.64 % || Gn^0(l=0) ave= 2.488E-02 +/- 2.89 % Gn^0(l=1) ave= 2.912E-02 +/- 11.43 % Gn^0(l=2) ave= 0.000E+00 +/- 0.00 % Gn^0(l=3) ave= 0.000E+00 +/- 0.00 % || Gtotal(l=0) ave= 9.641E-01 +/- 0.00 % Gtotal(l=1) ave= 8.467E-02 +/- 0.00 % Gtotal(l=2) ave= 0.000E+00 +/- 0.00 % Gtotal(l=3) ave= 0.000E+00 +/- 0.00 %  % || Gg(l=0) ave= 7.784E-02 +/- 1.19 % Gg(l=1) ave= 7.772E-02 +/- 0.98 % Gg(l=2) ave= 0.000E+00 +/- 0.00 % Gg(l=3) ave= 0.000E+00 +/- 0.00 %  % || D(l=0) ave= 1.816E+02 +/- 0.00 % D(l=1) ave= 1.332E+02 +/- 0.00 % D(l=2) ave= 0.000E+00 +/- 0.00 % D(l=3) ave= 0.000E+00 +/- 0.00 %  % || S(l=0) ave= 1.432E-04 +/- 2.89 % S(l=1) ave= 1.506E-04 +/- 11.43 % S(l=2) ave= 0.000E+00 +/- 0.00 % S(l=3) ave= 0.000E+00 +/- 0.00 % 
 ... random file  36 Cap(th)  ave= 8.139E+00 b. +/- 5.65 % || Ela(th) ave= 1.120E+01 b. +/- 11.33 % || RIcap ave= 4.34E+01 b. +/- 6.86 % || Macs30 ave= 1.02E+00 b. +/- 1.69 % || Gn^0(l=0) ave= 2.490E-02 +/- 2.87 % Gn^0(l=1) ave= 2.906E-02 +/- 11.38 % Gn^0(l=2) ave= 0.000E+00 +/- 0.00 % Gn^0(l=3) ave= 0.000E+00 +/- 0.00 % || Gtotal(l=0) ave= 9.641E-01 +/- 0.00 % Gtotal(l=1) ave= 8.467E-02 +/- 0.00 % Gtotal(l=2) ave= 0.000E+00 +/- 0.00 % Gtotal(l=3) ave= 0.000E+00 +/- 0.00 %  % || Gg(l=0) ave= 7.781E-02 +/- 1.20 % Gg(l=1) ave= 7.767E-02 +/- 1.03 % Gg(l=2) ave= 0.000E+00 +/- 0.00 % Gg(l=3) ave= 0.000E+00 +/- 0.00 %  % || D(l=0) ave= 1.816E+02 +/- 0.00 % D(l=1) ave= 1.332E+02 +/- 0.00 % D(l=2) ave= 0.000E+00 +/- 0.00 % D(l=3) ave= 0.000E+00 +/- 0.00 %  % || S(l=0) ave= 1.433E-04 +/- 2.87 % S(l=1) ave= 1.503E-04 +/- 11.38 % S(l=2) ave= 0.000E+00 +/- 0.00 % S(l=3) ave= 0.000E+00 +/- 0.00 % 
 ... random file  37 Cap(th)  ave= 8.163E+00 b. +/- 5.85 % || Ela(th) ave= 1.119E+01 b. +/- 11.19 % || RIcap ave= 4.36E+01 b. +/- 7.22 % || Macs30 ave= 1.02E+00 b. +/- 1.71 % || Gn^0(l=0) ave= 2.492E-02 +/- 2.86 % Gn^0(l=1) ave= 2.908E-02 +/- 11.23 % Gn^0(l=2) ave= 0.000E+00 +/- 0.00 % Gn^0(l=3) ave= 0.000E+00 +/- 0.00 % || Gtotal(l=0) ave= 9.641E-01 +/- 0.00 % Gtotal(l=1) ave= 8.467E-02 +/- 0.00 % Gtotal(l=2) ave= 0.000E+00 +/- 0.00 % Gtotal(l=3) ave= 0.000E+00 +/- 0.00 %  % || Gg(l=0) ave= 7.784E-02 +/- 1.21 % Gg(l=1) ave= 7.769E-02 +/- 1.03 % Gg(l=2) ave= 0.000E+00 +/- 0.00 % Gg(l=3) ave= 0.000E+00 +/- 0.00 %  % || D(l=0) ave= 1.816E+02 +/- 0.00 % D(l=1) ave= 1.332E+02 +/- 0.00 % D(l=2) ave= 0.000E+00 +/- 0.00 % D(l=3) ave= 0.000E+00 +/- 0.00 %  % || S(l=0) ave= 1.434E-04 +/- 2.86 % S(l=1) ave= 1.504E-04 +/- 11.23 % S(l=2) ave= 0.000E+00 +/- 0.00 % S(l=3) ave= 0.000E+00 +/- 0.00 % 
 ... random file  38 Cap(th)  ave= 8.155E+00 b. +/- 5.81 % || Ela(th) ave= 1.122E+01 b. +/- 11.15 % || RIcap ave= 4.34E+01 b. +/- 7.42 % || Macs30 ave= 1.02E+00 b. +/- 1.70 % || Gn^0(l=0) ave= 2.492E-02 +/- 2.83 % Gn^0(l=1) ave= 2.909E-02 +/- 11.08 % Gn^0(l=2) ave= 0.000E+00 +/- 0.00 % Gn^0(l=3) ave= 0.000E+00 +/- 0.00 % || Gtotal(l=0) ave= 9.641E-01 +/- 0.00 % Gtotal(l=1) ave= 8.467E-02 +/- 0.00 % Gtotal(l=2) ave= 0.000E+00 +/- 0.00 % Gtotal(l=3) ave= 0.000E+00 +/- 0.00 %  % || Gg(l=0) ave= 7.782E-02 +/- 1.21 % Gg(l=1) ave= 7.773E-02 +/- 1.05 % Gg(l=2) ave= 0.000E+00 +/- 0.00 % Gg(l=3) ave= 0.000E+00 +/- 0.00 %  % || D(l=0) ave= 1.816E+02 +/- 0.00 % D(l=1) ave= 1.332E+02 +/- 0.00 % D(l=2) ave= 0.000E+00 +/- 0.00 % D(l=3) ave= 0.000E+00 +/- 0.00 %  % || S(l=0) ave= 1.435E-04 +/- 2.83 % S(l=1) ave= 1.505E-04 +/- 11.08 % S(l=2) ave= 0.000E+00 +/- 0.00 % S(l=3) ave= 0.000E+00 +/- 0.00 % 
 ... random file  39 Cap(th)  ave= 8.150E+00 b. +/- 5.75 % || Ela(th) ave= 1.121E+01 b. +/- 11.02 % || RIcap ave= 4.34E+01 b. +/- 7.37 % || Macs30 ave= 1.02E+00 b. +/- 1.80 % || Gn^0(l=0) ave= 2.491E-02 +/- 2.82 % Gn^0(l=1) ave= 2.901E-02 +/- 11.10 % Gn^0(l=2) ave= 0.000E+00 +/- 0.00 % Gn^0(l=3) ave= 0.000E+00 +/- 0.00 % || Gtotal(l=0) ave= 9.641E-01 +/- 0.00 % Gtotal(l=1) ave= 8.467E-02 +/- 0.00 % Gtotal(l=2) ave= 0.000E+00 +/- 0.00 % Gtotal(l=3) ave= 0.000E+00 +/- 0.00 %  % || Gg(l=0) ave= 7.778E-02 +/- 1.24 % Gg(l=1) ave= 7.774E-02 +/- 1.05 % Gg(l=2) ave= 0.000E+00 +/- 0.00 % Gg(l=3) ave= 0.000E+00 +/- 0.00 %  % || D(l=0) ave= 1.816E+02 +/- 0.00 % D(l=1) ave= 1.332E+02 +/- 0.00 % D(l=2) ave= 0.000E+00 +/- 0.00 % D(l=3) ave= 0.000E+00 +/- 0.00 %  % || S(l=0) ave= 1.434E-04 +/- 2.82 % S(l=1) ave= 1.500E-04 +/- 11.10 % S(l=2) ave= 0.000E+00 +/- 0.00 % S(l=3) ave= 0.000E+00 +/- 0.00 % 
 ... random file  40 Cap(th)  ave= 8.157E+00 b. +/- 5.70 % || Ela(th) ave= 1.121E+01 b. +/- 10.89 % || RIcap ave= 4.35E+01 b. +/- 7.32 % || Macs30 ave= 1.02E+00 b. +/- 1.80 % || Gn^0(l=0) ave= 2.489E-02 +/- 2.84 % Gn^0(l=1) ave= 2.904E-02 +/- 10.98 % Gn^0(l=2) ave= 0.000E+00 +/- 0.00 % Gn^0(l=3) ave= 0.000E+00 +/- 0.00 % || Gtotal(l=0) ave= 9.641E-01 +/- 0.00 % Gtotal(l=1) ave= 8.467E-02 +/- 0.00 % Gtotal(l=2) ave= 0.000E+00 +/- 0.00 % Gtotal(l=3) ave= 0.000E+00 +/- 0.00 %  % || Gg(l=0) ave= 7.777E-02 +/- 1.23 % Gg(l=1) ave= 7.776E-02 +/- 1.04 % Gg(l=2) ave= 0.000E+00 +/- 0.00 % Gg(l=3) ave= 0.000E+00 +/- 0.00 %  % || D(l=0) ave= 1.816E+02 +/- 0.00 % D(l=1) ave= 1.332E+02 +/- 0.00 % D(l=2) ave= 0.000E+00 +/- 0.00 % D(l=3) ave= 0.000E+00 +/- 0.00 %  % || S(l=0) ave= 1.432E-04 +/- 2.84 % S(l=1) ave= 1.502E-04 +/- 10.98 % S(l=2) ave= 0.000E+00 +/- 0.00 % S(l=3) ave= 0.000E+00 +/- 0.00 % 
 ... Histogram plot for thermal (n,g)
 ... Write covariances  ... MT1  ... plot correlations
 ... MT2  ... MT102 


 ================================================
 ============== From 40 random values === start ======
 Thermal (n,tot) xs  0 K =  19.3688 b. +/- 1.54437 b. ( 7.97348 %) skew= -0.03 +/- 0.37
 Thermal (n,el) xs   0 K =  11.2122 b. +/- 1.22131 b. ( 10.8927 %) skew= +0.11 +/- 0.37
 Thermal (n,g) xs    0 K =  8.15665 b. +/- 0.464663 b. ( 5.69674 %) skew= +0.69 +/- 0.37
 RI      (n,g)       0 K =  43.4528 b. +/- 3.17975 b. ( 7.31771 %) 
 MACS    (n,g)       0 K (at Emacs= 30000 eV) =  1.02309 b. +/- 0.0183995 b. ( 1.79842 %) 
 Ave. Gtotal  L=0        =  9.641E-01 +/- 0.00 %
 Ave. Gn^(0)  L=0        =  2.489E-02 +/- 2.84 %
 Ave. Gg      L=0        =  7.777E-02 +/- 1.23 %
 Ave. D       L=0        =  1.816E+02 +/- 0.00 %
 Ave. S       L=0        =  1.432E-04 +/- 2.84 %
 Ave. Gtotal  L=1        =  8.467E-02 +/- 0.00 %
 Ave. Gg      L=1        =  7.776E-02 +/- 1.04 %
 Ave. D       L=1        =  1.332E+02 +/- 0.00 %
 Ave. S       L=1        =  1.502E-04 +/- 10.98 %

 Expected Thermal (n,g) (syst or meas)= 8.15 b. +/- 0.35 b. nominal: 8.14979 b.
 ratio Calculated/expected thermal (n,g): 1.00 ratio DCalculated/Dexpected: 1.33 ratio Calculated/Nominal: 1.00
 ============== From 40 random values ===== stop ======
 ================================================
 ... Calculation of (n,a) and (n,p) cross sections at 300 K
 ... thermal (n,a) cross section is 6.86769e-09 +/- 3.43385e-09 b.
 ... thermal (n,a) cross section is 0 b. (random case 1)
 ... thermal (n,a) cross section is 0 b. (random case 2)
 ... thermal (n,a) cross section is 0 b. (random case 3)
 ... thermal (n,a) cross section is 0 b. (random case 4)
 ... thermal (n,a) cross section is 0 b. (random case 5)
 ... thermal (n,a) cross section is 0 b. (random case 6)
 ... thermal (n,a) cross section is 0 b. (random case 7)
 ... thermal (n,a) cross section is 0 b. (random case 8)
 ... thermal (n,a) cross section is 0 b. (random case 9)
 ... thermal (n,a) cross section is 0 b. (random case 10)
 ... thermal (n,a) cross section is 0 b. (random case 11)
 ... thermal (n,a) cross section is 0 b. (random case 12)
 ... thermal (n,a) cross section is 0 b. (random case 13)
 ... thermal (n,a) cross section is 0 b. (random case 14)
 ... thermal (n,a) cross section is 0 b. (random case 15)
 ... thermal (n,a) cross section is 0 b. (random case 16)
 ... thermal (n,a) cross section is 0 b. (random case 17)
 ... thermal (n,a) cross section is 0 b. (random case 18)
 ... thermal (n,a) cross section is 0 b. (random case 19)
 ... thermal (n,a) cross section is 0 b. (random case 20)
 ... thermal (n,a) cross section is 0 b. (random case 21)
 ... thermal (n,a) cross section is 0 b. (random case 22)
 ... thermal (n,a) cross section is 0 b. (random case 23)
 ... thermal (n,a) cross section is 0 b. (random case 24)
 ... thermal (n,a) cross section is 0 b. (random case 25)
 ... thermal (n,a) cross section is 0 b. (random case 26)
 ... thermal (n,a) cross section is 0 b. (random case 27)
 ... thermal (n,a) cross section is 0 b. (random case 28)
 ... thermal (n,a) cross section is 0 b. (random case 29)
 ... thermal (n,a) cross section is 0 b. (random case 30)
 ... thermal (n,a) cross section is 0 b. (random case 31)
 ... thermal (n,a) cross section is 0 b. (random case 32)
 ... thermal (n,a) cross section is 0 b. (random case 33)
 ... thermal (n,a) cross section is 0 b. (random case 34)
 ... thermal (n,a) cross section is 0 b. (random case 35)
 ... thermal (n,a) cross section is 0 b. (random case 36)
 ... thermal (n,a) cross section is 0 b. (random case 37)
 ... thermal (n,a) cross section is 0 b. (random case 38)
 ... thermal (n,a) cross section is 0 b. (random case 39)
 ... thermal (n,a) cross section is 0 b. (random case 40)
 ... (n,p) Q-value negative for this element
 ... Rewrite index for MF2
 ... Write text for MF1 in file mf1.tares.txt
 ... plotting cross sections for the MF1
 ... order output files


================== summary ==================
 Thermal (n,tot) xs = 19.2564 b. (recommended: 64.33 b.)
 Thermal (n,el)  xs = 11.1066 b. 
 Thermal (n,g)   xs = 8.14979 b. (meas/sys: 8.15 b.)

 RI      (n,g)      = 43.8883 b. (meas or sys: 44.5 b.)
 RI      (n,el)     = 508.19 b.
=============================================


 ... cleaning
                                                 
  -------------------------------------------------------------
  -                                                           -
  - TARES: successful end of run with data from the database  -
  -             for Z= 68, A= 170 and isomer= 0               -
  -                                                           -
  -------------------------------------------------------------

   Running time:       47 seconds

 End time: Wed Oct  7 09:49:56 2026

