
  -------------------------------------------------------------
  -                                                           -
  -              Welcome to TARES version 1.8                 -
  -                                                           -
  -  (C) Copyright 2007-2025 D. Rochman, All Rights Reserved  -
  -           NRG, Petten, the Netherlands 2007-2014          -
  -           PSI, Villigen    Switzerland 2015-2025          -
  -         Nagra, Wettingen   Switzerland 2025-              -
  -           (Last Modified October 06, 2026)                -
  -           (Database from October 06, 2026)                -
  -                                                           -
  -------------------------------------------------------------


  ---------------------------------------------
   Compilation information:
   Compiled on:         Oct  8 2026, 18:36:06
   Compiled by:         koning
   Compiler version:    clang++ - 21.0.0
   Source location:     /Users/koning/tares-1.8/source/Module/
   Binaries location:   /Users/koning/bin
   System:              Darwin 25.6.0
   System version:      Darwin Kernel Version 25.6.0: Fri Jul 31 19:19:08 PDT 2026; root:xnu-12377.161.14~5/RELEASE_ARM64_T6050  
   Machine:             arm64 
  ---------------------------------------------

   User information:
   User name:           koning
   Running directory:   /Users/koning/tendl/resbase/Hf181/work
   Owner mode for running directory : rwx
   Group mode for running directory : r-x
  ---------------------------------------------


 Starting time: Fri Oct  9 11:43:11 2026
 ... inputs directory found (/Users/koning/tares-1.8/source/Module//../../inputs/).
 ... It will be used for resonance parameters 
 ... ###############################################
 ... #     read the input file tares.inp
 ... ###############################################
 ... line: #
 ... line: # Input file generated by Autorochman
          --> line not read
 ... line: #
 ... line: isotope    Hf
          --> Isotope name: Hf
 ... line: mass       181
          --> isotopic mass: 181
 ... line: output     n-Hf181
         ---> Name of the output files: n-Hf181
 ... line: isomer     0
          --> isomeric state: 0
 ... line: mf32mf33   y
          --> MF33 based on MF32: y
 ... line: nbrRandom  10
          --> Nbr of random files: 10
 ... ###############################################
 ... # end read the input file tares.inp
 ... ###############################################
Value for random generator type not considered in since Tares 1.7 due to compilation issues

 ... ###############################################
     #   Interpretation of the Input definition    #
     ###############################################

 ... Default energy limit: End of resonance region
 ... Nuclear charge    = 72
 ... Element           = Hf
 ... Mass              = 181
 ... Isomer            = 0
 ... Correlation for (Gn,Gg) not included in random files
 ... Default random option: No random
 ... Output name: n-Hf181
 ... Energy for the MACS: 30000 eV
 ... Resonances from CALENDF reduced (reduce=y) 
 ... For URR, level density model from TALYS selected: 91n3n12611.2850 (see manual for description)
 ... Random Generator: default (pseudo random numbers from ansi c++)
 ... Reconstruction of cross section selected
 ... Doppler broadening at 0 Kelvin
 ... URR not included (from the input file flag)
 ... Weight for grouping is flat
 ... Calculation of (n,alpha) cross section selected
 ... Number of digit for MF32c covariance representation: 2
 ... MF32 included
 ... MF33 will be used for covariance processing
 ... TENDL option set to yes (automatic choice of MF2 and format)
 ... Isotope not found in the best file --> use of MLBW formalism
 ... default option: Multi level Breit Wigner approximation selected
 ... (check file best.tendl.yes for changing this option)
 ... Retroactive option set to no with the 2025 option
 ... ladder option set to yes (CALENDF will be used for statistical resonances)

 ... ###############################################
     #           End of Input definition           #
     ###############################################

 ... gnuplot found, will be used for plotting
 ... latex found, will be used for plotting
 ... dvips found, will be used for plotting
 ... ps2epsi not found, limited plotting available
 ... uncertainties on default parameters multiplied by 1.54157
 ... Read resonance data from the 2025 directory
 ... Resonance parameters taken from /Users/koning/tares-1.8/source/Module//../../inputs/2025/Resonance/default/
 ---> Processing Z= 72 and A= 181 and isomer= 0 (level number: 0)
Thermal file; Could not open file /Users/koning/tares-1.8/source/Module//../../inputs/2025/runThermal/results//thermal.mxw.ng.cendl3.1
Thermal file; Could not open file /Users/koning/tares-1.8/source/Module//../../inputs/2025/runThermal/results//thermal.mxw.ng.brond3.1
Thermal file; Could not open file /Users/koning/tares-1.8/source/Module//../../inputs/2025/runThermal/results//thermal.xs.ng.unc.cendl3.1
 ... spin taken from the final/ directory (1)

 ... ###############################################
 ... #  Nucleus global parameters (2025 database)  #
 ... ###############################################
 0. Half-life: 42.3843 days 
 ... Scattering radius from TALYS: /Users/koning/tares-1.8/source/Module//../../inputs/2025/lib.urr/talys.urr/
 1. Spin of the target isotope: 0.5
 2. Relative Atomic Mass of the target isotope: 180.949
 3. Scattering radius (local compilation): 7.50529 fm +/- 0.135095 fm
      .......................................
      ... Thermal capture cross sections: ...
 4. Thermal (total) (n,g) cross section from experiments (local compilation): 40 +/- 30 b.
 5. Thermal (n,g) cross section from compilation (Firestone-2022 average on element Hf): 101.8 +/- 0.5 b.
 6. Thermal (n,g) cross section from compilation (Firestone-2022 final on element Hf): 102 +/- 0.7 b.
 7. Thermal Maxwellian (n,g) XS from compilation (Mughabghab-2018): 40 +/- 30 b.
 8. Thermal (n,g) cross section from EAF-2010: 30.332 b.
 9. Thermal (n,g) cross section from ENDF/B-VIII.1: 80.03 b.
 10. Thermal (n,g) cross section from ENDF/B-VIII.0: 80.03 b.
 11. Thermal (n,g) cross section from TENDL-2023: 40 +/- 15.32 b.
 12. Thermal (n,g) cross section from JEFF-3.3: 40.03 +/- 23.17 b.
 13. Thermal (n,g) cross section from JEFF-4.0: 40 +/- 16.13 b.
 14. Thermal (n,g) cross section from JENDL-5.0: 80.03 b.
      .......................................
      ...  Thermal total cross sections:  ...
      .......................................
      ... Thermal elastic cross sections: ...
 15. Thermal (n,el) cross section from JEFF-3.3: 5.235 b.
 16. Thermal (n,el) cross section from potential (4piR^2): 9.43235 +/- 0.471617 b.
      .......................................
             ... Resonance integral: ...
 17. No capture integral found in /Users/koning/tares-1.8/source/Module//../../inputs/capture.integral
 ... no RI(n,g) found in local compilation, take 2018 value.
 ... no RI(n,g) found in local compilation, take Sukhoruchkin value.
   ---- MACS 30 keV ----- 
 18. TALYS MACS 30 keV (HF): 0.274409 b. 
 19. Recommended MACS 30 keV from EAF: 0.194 b. 
   ---------- S0 -------- 
 20. S0 from TALYS: 3.46171
   ---------- S1 -------- 
 21. S1 from TALYS: 0.345485
   ---------- S2 -------- 
 22. S2 from TALYS: 9.08429
   ---------- D0 -------- 
 23. D0 from TALYS: 25.0004 eV
   ---------- D1 -------- 
 24. D1 from TALYS: 11.4524 eV
   ---------- D2 -------- 
 25. D2 from TALYS: 7.21033 eV
   ---------- G0 -------- 
 26. Gg0 from TALYS: 0.0304845 eV
   ---------- G1 -------- 
 27. Gg1 from TALYS: 0.0304959 eV
   ---------- G2 -------- 
 28. Gg2 from TALYS: 0.0357362 eV


   ---------------------- 
 ... Read resonance parameters (format: 2: Multi Level Breit Wigner)
 ... 0 resonances found 
 ... possibly no resonances in the Resonance directory for this isotope and options
 ... Use HFR (ladder) behavior 
 --> 30. Number of resonances from the input file: 2 up to 12.5002 eV
 31. Read nuclear quantities (mass, MAT...)
 32. Read thermal (n,g) xs 
 33. Read the scattering radius 
 34. Read uncertainty on Gg for 2 resonances
 35. Read uncertainty on Gg for 2 resonances ... done
 ... order resonances 
 ... Upper limit for the RRR: 12.5002 eV (no statistical resonances HFR) from the limit.RRR file
 ... Write parameters for l=0 waves
 ... End writing original MF2 
 ... No RRR in the database: uncertainties on default parameters multiplied by 1.99753
 ... Enter in urr function (ladder option set to y) for file n-Hf181
 ... read the file /Users/koning/tares-1.8/source/Module//../../inputs/2025/list.jcs.urr to find URR origin
 Default URR taken from TALYS calculations with level density model: 91n3n12611.2850
 File considered for the URR: /Users/koning/tares-1.8/source/Module//../../inputs/2025/lib.urr/talys.urr/91n3n12611.2850/Hf/urr/urr.dat.Hf.181.000.0.gz
 ... Write URR using TALYS average parameters (used for HFR)
 ... Limit of URR changed to 25 keV (recommendation from WPEC and JEFF)
 ... Extract the Sn value from file ./urr.dat.Hf.181.0.0
 ... found Sn= 6.71799 MeV
 ... estimated number of resonances up to 4431.5 eV:  177.257 resonances
 ... This is a test here. The higher energy limit to include URR data for calendf is set to max Sn. 24/03/2016
 ... Use Sn to define the maximum energy for the URR: Sn= 6.71799 MeV --> last_energyURR= 4431.5 eV
 ... read D0, S0, Gn and Gg
 ... number of URR energies: 1592
 Number of l: 1592 and last energy: 8
 Last  URR energy: 4431.5 eV
 ... Enter in to_MLBW_mf2 function
 ... Convert to Multi Level Breit Wigner (MLBW)
 ... Write parameter covariances (MF32) for l=0
 ... Convert parameter covariances (MF32) to MLBW
 ... copy the mf2 and mf32 to .mlbw files
 ... Enter in urr_correct function case 1
 Modify the higher limit of RRR in MF2
 --> old value: 1.256272+1 eV new value: 1.000000-2 eV
 Modify resonance covariances (MF32) to include correlations in the URR
 End Modify resonance covariances (MF32) to include correlations in the URR
 ... Enter in calendf_xs function
 Use CALENDF for statistical resonances (update MF2) up to 4.431500+3 eV (initial limit)
 Extract resonances from CALENDF for RRR->URR 2
 1241 statistical resonances found
 After reduction, 919 statistical resonances found
 ... checking resonance order 1
 ... checking resonance order 2nd round for 917 resonances
 ... end checking resonance order 2nd round
 Too many resonances (917): reduced to 100.
 .......................................................
 ... Adjustment to the thermal cross section : start ...
 .......................................................

 Before adjustment (adjustment to the thermal cross section set to y)
 ... Import MF2 from TARES calculations
 ... End energy of TARES MF2 : 8.939051E+2 eV and limit to 40000 resonances
 ... File used for reconstruction: new.temp22.reconst
 ... run RECENT ...
 ... Doppler broadened at a unique temperature: 300 Kelvin using sigma1
 ... run SIGMA1 at 3.000000E+02 K.

 ============== INTER values at 300 Kelvin ==============
 Thermal (n,g) xs =  7.7604 b. (meas/sys: 40 b.) (warning: comparison to be done at 296 or 300 K)
 Th Maxw (n,g) xs =  7.8147 b. (thermal Maxwellian value)
 Westcott factor  =  1.00699
 RI      (n,g)    =  379.279 b. (meas or sys: - b.)
 MACS 3.000e+04 eV=  0.24993 b. (meas or sys: - b.) from 1.00E+00 to 2.00E+07 eV (end of RRR) at T= 300 Kelvin 
 Thermal (n,el) xs=  2.38474 b.
 RI      (n,el)   =  748.145 b.
 ============= PSYCHE values ==============
 Ave. G_total L0  =  0.328498 eV
 Ave. G_total L1  =  0.0305182 eV
 Ave. G_total L2  =  0.0335151 eV
 Ave. Gn_0    L0  =  0.0146865
 Ave. Gn_0    L1  =  0.00284158
 Ave. Gn_0    L2  =  0.0794867
 Ave. Gg      L0  =  0.0343251 eV
 Ave. Gg      L1  =  0.0304427 eV
 Ave. Gg      L2  =  0.0335143 eV
 Ave. D       L0  =  24.8307 eV
 Ave. D       L1  =  40.632 eV
 Ave. D       L2  =  52.5827 eV
 Ave. S       L0  =  0.000310119 eV
 Ave. S       L1  =  1.83036e-05 eV
 Ave. S       L2  =  0.000314621 eV
 =========================================
 Calculated capture integral   379.279 b.
 Calculated thermal (n,g)=          7.76039640 b. and recommended= 40 b. (C/E= 0.19401)
 Calculated RI      (n,g)= 379.279 b. (no reference value)
 ... tolerances: thermal (n,g) 20 % (reference uncertainties, minimum 2% and 5%, maximum 20%)
 Adjust the capture widths ...
 ... capture adjusted with Gn for 72 resonances (Gn<Gg) and with Gg for 28 resonances
 ... iteration 0: C/E thermal (n,g)= 0.19401

 <-------- After adjustment -------->
 ... Import MF2 from TARES calculations
 ... End energy of TARES MF2 : 8.939051E+2 eV and limit to 40000 resonances
 ... File used for reconstruction: new.temp22.reconst
 ... run RECENT ...
 ... Doppler broadened at a unique temperature: 300 Kelvin using sigma1
 ... run SIGMA1 at 3.000000E+02 K.

 ============== INTER values at 300 Kelvin ==============
 Thermal (n,g) xs =  32.7995 b. (meas/sys: 40 b.) (warning: comparison to be done at 296 or 300 K)
 Th Maxw (n,g) xs =  33.029 b. (thermal Maxwellian value)
 Westcott factor  =  1.00699
 RI      (n,g)    =  734.876 b. (meas or sys: - b.)
 MACS 3.000e+04 eV=  0.25438 b. (meas or sys: - b.) from 1.00E+00 to 2.00E+07 eV (end of RRR) at T= 300 Kelvin 
 Thermal (n,el) xs=  1.81952 b.
 RI      (n,el)   =  531.128 b.
 ============= PSYCHE values ==============
 Ave. G_total L0  =  0.421199 eV
 Ave. G_total L1  =  0.030762 eV
 Ave. G_total L2  =  0.0335177 eV
 Ave. Gn_0    L0  =  0.0160792
 Ave. Gn_0    L1  =  0.0120102
 Ave. Gn_0    L2  =  0.335957
 Ave. Gg      L0  =  0.108589 eV
 Ave. Gg      L1  =  0.0304427 eV
 Ave. Gg      L2  =  0.0335143 eV
 Ave. D       L0  =  24.8307 eV
 Ave. D       L1  =  40.632 eV
 Ave. D       L2  =  52.5827 eV
 Ave. S       L0  =  0.000343537 eV
 Ave. S       L1  =  7.73617e-05 eV
 Ave. S       L2  =  0.00132978 eV
 =========================================
 ... iteration 1: C/E thermal (n,g)= 0.819989


 ... ratio C/E thermal (n,g): 8.199887E-01
 ...................................................... 
 ... Adjustment to the thermal cross section : stop ...
 ...................................................... 
 ... new MF2 file after adjustment: n-Hf181
 ... read the file /Users/koning/tares-1.8/source/Module//../../inputs/2025/list.jcs.urr to find URR origin
 Default URR taken from TALYS calculations with level density model: 91n3n12611.2850
 File considered for the URR: /Users/koning/tares-1.8/source/Module//../../inputs/2025/lib.urr/talys.urr/91n3n12611.2850/Hf/urr/urr.dat.Hf.181.000.0.gz
 ... Write URR using TALYS average parameters (not used for HFR)
 ... Limit of URR changed to 25 keV (recommendation from WPEC and JEFF)
 ... read D0, S0, Gn and Gg
 ... number of URR energies: 480
 Number of l: 480 and last energy: 8
 Last  URR energy: 45305.4 eV
 Energies in the URR : 480 -> reduced by a factor 2
 ... Enter in urr_correct function case 2
 Modify the higher limit of RRR in MF2
 --> old value: 8.939051+2 eV new value: 8.939051+2 eV
 Modify resonance covariances (MF32) to include correlations in the URR
 End Modify resonance covariances (MF32) to include correlations in the URR
 ... Enter in update_MF32 function
 ... Change uncertainties
 ... for the HFR, random position of the positive resonances with 0.020000 %
 ... end of update MF32 function
 ... GLS calculation of the parameter correlations from the thermal/RI adjustment (MF32c)
 ... MF32: correlations from the thermal/RI adjustment (GLS) for 5 resonances (10 widths), 1 correlation lines
 ...   thermal (n,g): uncertainty from these widths 13.3092 b. -> 12.1657 b. (reference: 40 +/- 30 b.)
 ... copy the mf2 and mf32 to .mlbw files

 ... Start of final reconstruction and testing ...
 ... Reconstruction of cross sections at 0 Kelvin  ... Import MF2 from TARES calculations
 ... End energy of TARES MF2 : 8.939051E+2 eV and limit to 40000 resonances
 ... File used for reconstruction: n-Hf181.reconst
 ... run RECENT ...
 ... Doppler broadened at a unique temperature: 0 Kelvin using sigma1
 ... The keyword temperature is zero, no Doppler broadening for the MACS

 ============== INTER values at 0 Kelvin ==============
 Thermal (n,g) xs =  32.7817 b. (meas/sys: 40 b.) (warning: comparison to be done at 296 or 300 K)
 Th Maxw (n,g) xs =  32.839 b. (thermal Maxwellian value)
 Westcott factor  =  1.00174
 RI      (n,g)    =  734.317 b. (meas or sys: - b.)
 MACS 3.000e+04 eV=  0.25316 b. (meas or sys: - b.) from 1.00E+00 to 8.94E+02 eV (end of RRR) at T= 0 Kelvin 
 Thermal (n,el) xs=  1.81444 b.
 RI      (n,el)   =  527.571 b.
 ============= PSYCHE values ==============
 Ave. G_total L0  =  0.421199 eV
 Ave. G_total L1  =  0.030762 eV
 Ave. G_total L2  =  0.0335177 eV
 Ave. Gn_0    L0  =  0.0160792
 Ave. Gn_0    L1  =  0.0120102
 Ave. Gn_0    L2  =  0.335957
 Ave. Gg      L0  =  0.108589 eV
 Ave. Gg      L1  =  0.0304427 eV
 Ave. Gg      L2  =  0.0335143 eV
 Ave. D       L0  =  24.8307 eV
 Ave. D       L1  =  40.632 eV
 Ave. D       L2  =  52.5827 eV
 Ave. S       L0  =  0.000343537 eV
 Ave. S       L1  =  7.73617e-05 eV
 Ave. S       L2  =  0.00132978 eV
 =========================================
 ... End of final reconstruction and testing ...

 ... grouping is not optimum, change to 70 groups
 ... Produce MF33 based on MF32 and 10 random files
 ... MF3 of n-Hf181.reconst (3 sections) added to the files for ENDSAM
 ... run endsam for 10 in groups of 1 global run
 ... run endsam from 1 to 10
 ... random files: total width GT set to Gn+Gg+Gf (1000 resonances in 10 files)
 ... reorder resonance position after endsam (sampling)
 ... preparing the vectors  ... done
 ... nominal file 0 Cap(th)  ave= 3.278E+01 b. +/- 0.00 % || Ela(th) ave= 1.814E+00 b. +/- 0.00 % || RIcap ave= 7.34E+02 b. +/- 0.00 % || Macs30 ave= 2.53E-01 b. +/- 0.00 % || Gn^0(l=0) ave= 1.608E-02 +/- 0.00 % Gn^0(l=1) ave= 1.201E-02 +/- 0.00 % Gn^0(l=2) ave= 3.360E-01 +/- 0.00 % Gn^0(l=3) ave= 0.000E+00 +/- 0.00 % || Gtotal(l=0) ave= 4.212E-01 +/- 0.00 % Gtotal(l=1) ave= 3.076E-02 +/- 0.00 % Gtotal(l=2) ave= 3.352E-02 +/- 0.00 % Gtotal(l=3) ave= 0.000E+00 +/- 0.00 %  % || Gg(l=0) ave= 1.086E-01 +/- 0.00 % Gg(l=1) ave= 3.044E-02 +/- 0.00 % Gg(l=2) ave= 3.351E-02 +/- 0.00 % Gg(l=3) ave= 0.000E+00 +/- 0.00 %  % || D(l=0) ave= 2.483E+01 +/- 0.00 % D(l=1) ave= 4.063E+01 +/- 0.00 % D(l=2) ave= 5.258E+01 +/- 0.00 % D(l=3) ave= 0.000E+00 +/- 0.00 %  % || S(l=0) ave= 3.435E-04 +/- 0.00 % S(l=1) ave= 7.736E-05 +/- 0.00 % S(l=2) ave= 1.330E-03 +/- 0.00 % S(l=3) ave= 0.000E+00 +/- 0.00 % 
 ... random file  1 Cap(th)  ave= 2.818E+01 b. +/- 16.32 % || Ela(th) ave= 1.838E+00 b. +/- 1.27 % || RIcap ave= 6.89E+02 b. +/- 6.59 % || Macs30 ave= 2.53E-01 b. +/- 0.12 % || Gn^0(l=0) ave= 1.514E-02 +/- 6.23 % Gn^0(l=1) ave= 1.192E-02 +/- 0.72 % Gn^0(l=2) ave= 3.317E-01 +/- 1.27 % Gn^0(l=3) ave= 0.000E+00 +/- 0.00 % || Gtotal(l=0) ave= 3.873E-01 +/- 8.76 % Gtotal(l=1) ave= 2.734E-02 +/- 12.53 % Gtotal(l=2) ave= 2.895E-02 +/- 15.76 % Gtotal(l=3) ave= 0.000E+00 +/- 0.00 %  % || Gg(l=0) ave= 1.055E-01 +/- 2.93 % Gg(l=1) ave= 2.702E-02 +/- 12.67 % Gg(l=2) ave= 2.895E-02 +/- 15.76 % Gg(l=3) ave= 0.000E+00 +/- 0.00 %  % || D(l=0) ave= 2.519E+01 +/- 1.41 % D(l=1) ave= 4.063E+01 +/- 0.00 % D(l=2) ave= 5.258E+01 +/- 0.00 % D(l=3) ave= 0.000E+00 +/- 0.00 %  % || S(l=0) ave= 3.316E-04 +/- 3.60 % S(l=1) ave= 7.678E-05 +/- 0.76 % S(l=2) ave= 1.313E-03 +/- 1.27 % S(l=3) ave= 0.000E+00 +/- 0.00 % 
 ... random file  2 Cap(th)  ave= 2.615E+01 b. +/- 18.07 % || Ela(th) ave= 1.882E+00 b. +/- 3.49 % || RIcap ave= 6.72E+02 b. +/- 6.61 % || Macs30 ave= 2.53E-01 b. +/- 0.21 % || Gn^0(l=0) ave= 1.547E-02 +/- 5.86 % Gn^0(l=1) ave= 1.181E-02 +/- 1.50 % Gn^0(l=2) ave= 3.251E-01 +/- 3.06 % Gn^0(l=3) ave= 0.000E+00 +/- 0.00 % || Gtotal(l=0) ave= 4.045E-01 +/- 9.12 % Gtotal(l=1) ave= 2.589E-02 +/- 13.37 % Gtotal(l=2) ave= 3.121E-02 +/- 15.73 % Gtotal(l=3) ave= 0.000E+00 +/- 0.00 %  % || Gg(l=0) ave= 1.118E-01 +/- 8.29 % Gg(l=1) ave= 2.557E-02 +/- 13.54 % Gg(l=2) ave= 3.121E-02 +/- 15.73 % Gg(l=3) ave= 0.000E+00 +/- 0.00 %  % || D(l=0) ave= 2.507E+01 +/- 1.33 % D(l=1) ave= 4.063E+01 +/- 0.00 % D(l=2) ave= 5.258E+01 +/- 0.00 % D(l=3) ave= 0.000E+00 +/- 0.00 %  % || S(l=0) ave= 3.359E-04 +/- 3.43 % S(l=1) ave= 7.601E-05 +/- 1.57 % S(l=2) ave= 1.287E-03 +/- 3.06 % S(l=3) ave= 0.000E+00 +/- 0.00 % 
 ... random file  3 Cap(th)  ave= 2.911E+01 b. +/- 22.51 % || Ela(th) ave= 1.870E+00 b. +/- 3.26 % || RIcap ave= 6.95E+02 b. +/- 8.02 % || Macs30 ave= 2.53E-01 b. +/- 0.23 % || Gn^0(l=0) ave= 1.517E-02 +/- 6.24 % Gn^0(l=1) ave= 1.171E-02 +/- 1.93 % Gn^0(l=2) ave= 3.245E-01 +/- 2.68 % Gn^0(l=3) ave= 0.000E+00 +/- 0.00 % || Gtotal(l=0) ave= 3.904E-01 +/- 10.30 % Gtotal(l=1) ave= 2.826E-02 +/- 17.99 % Gtotal(l=2) ave= 3.178E-02 +/- 13.73 % Gtotal(l=3) ave= 0.000E+00 +/- 0.00 %  % || Gg(l=0) ave= 1.079E-01 +/- 9.73 % Gg(l=1) ave= 2.795E-02 +/- 18.19 % Gg(l=2) ave= 3.177E-02 +/- 13.73 % Gg(l=3) ave= 0.000E+00 +/- 0.00 %  % || D(l=0) ave= 2.519E+01 +/- 1.41 % D(l=1) ave= 4.019E+01 +/- 1.90 % D(l=2) ave= 5.258E+01 +/- 0.00 % D(l=3) ave= 0.000E+00 +/- 0.00 %  % || S(l=0) ave= 3.321E-04 +/- 3.60 % S(l=1) ave= 7.624E-05 +/- 1.45 % S(l=2) ave= 1.285E-03 +/- 2.67 % S(l=3) ave= 0.000E+00 +/- 0.00 % 
 ... random file  4 Cap(th)  ave= 2.762E+01 b. +/- 23.80 % || Ela(th) ave= 1.834E+00 b. +/- 4.90 % || RIcap ave= 6.82E+02 b. +/- 8.17 % || Macs30 ave= 2.53E-01 b. +/- 0.28 % || Gn^0(l=0) ave= 1.533E-02 +/- 5.92 % Gn^0(l=1) ave= 1.189E-02 +/- 3.40 % Gn^0(l=2) ave= 3.327E-01 +/- 5.43 % Gn^0(l=3) ave= 0.000E+00 +/- 0.00 % || Gtotal(l=0) ave= 3.904E-01 +/- 9.21 % Gtotal(l=1) ave= 2.950E-02 +/- 17.55 % Gtotal(l=2) ave= 3.173E-02 +/- 12.30 % Gtotal(l=3) ave= 0.000E+00 +/- 0.00 %  % || Gg(l=0) ave= 1.023E-01 +/- 14.26 % Gg(l=1) ave= 2.918E-02 +/- 17.74 % Gg(l=2) ave= 3.173E-02 +/- 12.30 % Gg(l=3) ave= 0.000E+00 +/- 0.00 %  % || D(l=0) ave= 2.511E+01 +/- 1.38 % D(l=1) ave= 4.028E+01 +/- 1.75 % D(l=2) ave= 5.258E+01 +/- 0.00 % D(l=3) ave= 0.000E+00 +/- 0.00 %  % || S(l=0) ave= 3.341E-04 +/- 3.41 % S(l=1) ave= 7.719E-05 +/- 2.79 % S(l=2) ave= 1.317E-03 +/- 5.43 % S(l=3) ave= 0.000E+00 +/- 0.00 % 
 ... random file  5 Cap(th)  ave= 2.749E+01 b. +/- 21.85 % || Ela(th) ave= 1.799E+00 b. +/- 6.25 % || RIcap ave= 6.83E+02 b. +/- 7.46 % || Macs30 ave= 2.53E-01 b. +/- 0.26 % || Gn^0(l=0) ave= 1.513E-02 +/- 6.22 % Gn^0(l=1) ave= 1.200E-02 +/- 3.72 % Gn^0(l=2) ave= 3.392E-01 +/- 6.48 % Gn^0(l=3) ave= 0.000E+00 +/- 0.00 % || Gtotal(l=0) ave= 3.842E-01 +/- 9.27 % Gtotal(l=1) ave= 3.019E-02 +/- 16.46 % Gtotal(l=2) ave= 3.269E-02 +/- 12.70 % Gtotal(l=3) ave= 0.000E+00 +/- 0.00 %  % || Gg(l=0) ave= 1.025E-01 +/- 13.00 % Gg(l=1) ave= 2.987E-02 +/- 16.64 % Gg(l=2) ave= 3.268E-02 +/- 12.70 % Gg(l=3) ave= 0.000E+00 +/- 0.00 %  % || D(l=0) ave= 2.519E+01 +/- 1.41 % D(l=1) ave= 4.034E+01 +/- 1.63 % D(l=2) ave= 5.258E+01 +/- 0.00 % D(l=3) ave= 0.000E+00 +/- 0.00 %  % || S(l=0) ave= 3.317E-04 +/- 3.51 % S(l=1) ave= 7.786E-05 +/- 3.16 % S(l=2) ave= 1.343E-03 +/- 6.48 % S(l=3) ave= 0.000E+00 +/- 0.00 % 
 ... random file  6 Cap(th)  ave= 2.870E+01 b. +/- 21.98 % || Ela(th) ave= 1.825E+00 b. +/- 6.68 % || RIcap ave= 6.89E+02 b. +/- 7.18 % || Macs30 ave= 2.53E-01 b. +/- 0.26 % || Gn^0(l=0) ave= 1.527E-02 +/- 6.13 % Gn^0(l=1) ave= 1.193E-02 +/- 3.78 % Gn^0(l=2) ave= 3.342E-01 +/- 7.08 % Gn^0(l=3) ave= 0.000E+00 +/- 0.00 % || Gtotal(l=0) ave= 3.884E-01 +/- 8.90 % Gtotal(l=1) ave= 3.021E-02 +/- 15.23 % Gtotal(l=2) ave= 3.209E-02 +/- 12.81 % Gtotal(l=3) ave= 0.000E+00 +/- 0.00 %  % || Gg(l=0) ave= 1.022E-01 +/- 12.09 % Gg(l=1) ave= 2.990E-02 +/- 15.39 % Gg(l=2) ave= 3.209E-02 +/- 12.81 % Gg(l=3) ave= 0.000E+00 +/- 0.00 %  % || D(l=0) ave= 2.513E+01 +/- 1.40 % D(l=1) ave= 4.038E+01 +/- 1.53 % D(l=2) ave= 5.258E+01 +/- 0.00 % D(l=3) ave= 0.000E+00 +/- 0.00 %  % || S(l=0) ave= 3.335E-04 +/- 3.48 % S(l=1) ave= 7.729E-05 +/- 3.45 % S(l=2) ave= 1.323E-03 +/- 7.08 % S(l=3) ave= 0.000E+00 +/- 0.00 % 
 ... random file  7 Cap(th)  ave= 3.343E+01 b. +/- 41.39 % || Ela(th) ave= 1.810E+00 b. +/- 6.66 % || RIcap ave= 7.07E+02 b. +/- 9.51 % || Macs30 ave= 2.53E-01 b. +/- 0.24 % || Gn^0(l=0) ave= 1.537E-02 +/- 5.95 % Gn^0(l=1) ave= 1.200E-02 +/- 3.82 % Gn^0(l=2) ave= 3.373E-01 +/- 6.99 % Gn^0(l=3) ave= 0.000E+00 +/- 0.00 % || Gtotal(l=0) ave= 3.930E-01 +/- 8.80 % Gtotal(l=1) ave= 3.111E-02 +/- 15.81 % Gtotal(l=2) ave= 3.186E-02 +/- 12.23 % Gtotal(l=3) ave= 0.000E+00 +/- 0.00 %  % || Gg(l=0) ave= 1.035E-01 +/- 11.67 % Gg(l=1) ave= 3.080E-02 +/- 15.97 % Gg(l=2) ave= 3.185E-02 +/- 12.23 % Gg(l=3) ave= 0.000E+00 +/- 0.00 %  % || D(l=0) ave= 2.510E+01 +/- 1.37 % D(l=1) ave= 4.041E+01 +/- 1.45 % D(l=2) ave= 5.258E+01 +/- 0.00 % D(l=3) ave= 0.000E+00 +/- 0.00 %  % || S(l=0) ave= 3.347E-04 +/- 3.39 % S(l=1) ave= 7.767E-05 +/- 3.47 % S(l=2) ave= 1.335E-03 +/- 6.99 % S(l=3) ave= 0.000E+00 +/- 0.00 % 
 ... random file  8 Cap(th)  ave= 3.128E+01 b. +/- 46.02 % || Ela(th) ave= 1.826E+00 b. +/- 6.67 % || RIcap ave= 6.83E+02 b. +/- 13.78 % || Macs30 ave= 2.53E-01 b. +/- 0.23 % || Gn^0(l=0) ave= 1.524E-02 +/- 6.14 % Gn^0(l=1) ave= 1.194E-02 +/- 3.82 % Gn^0(l=2) ave= 3.345E-01 +/- 7.05 % Gn^0(l=3) ave= 0.000E+00 +/- 0.00 % || Gtotal(l=0) ave= 3.896E-01 +/- 8.74 % Gtotal(l=1) ave= 3.121E-02 +/- 14.89 % Gtotal(l=2) ave= 3.276E-02 +/- 13.67 % Gtotal(l=3) ave= 0.000E+00 +/- 0.00 %  % || Gg(l=0) ave= 1.042E-01 +/- 11.09 % Gg(l=1) ave= 3.089E-02 +/- 15.04 % Gg(l=2) ave= 3.276E-02 +/- 13.67 % Gg(l=3) ave= 0.000E+00 +/- 0.00 %  % || D(l=0) ave= 2.515E+01 +/- 1.40 % D(l=1) ave= 4.044E+01 +/- 1.37 % D(l=2) ave= 5.258E+01 +/- 0.00 % D(l=3) ave= 0.000E+00 +/- 0.00 %  % || S(l=0) ave= 3.332E-04 +/- 3.47 % S(l=1) ave= 7.729E-05 +/- 3.58 % S(l=2) ave= 1.324E-03 +/- 7.05 % S(l=3) ave= 0.000E+00 +/- 0.00 % 
 ... random file  9 Cap(th)  ave= 3.091E+01 b. +/- 44.34 % || Ela(th) ave= 1.888E+00 b. +/- 11.61 % || RIcap ave= 6.83E+02 b. +/- 13.08 % || Macs30 ave= 2.53E-01 b. +/- 0.22 % || Gn^0(l=0) ave= 1.514E-02 +/- 6.23 % Gn^0(l=1) ave= 1.176E-02 +/- 5.86 % Gn^0(l=2) ave= 3.252E-01 +/- 11.05 % Gn^0(l=3) ave= 0.000E+00 +/- 0.00 % || Gtotal(l=0) ave= 3.852E-01 +/- 9.05 % Gtotal(l=1) ave= 3.127E-02 +/- 14.11 % Gtotal(l=2) ave= 3.234E-02 +/- 13.71 % Gtotal(l=3) ave= 0.000E+00 +/- 0.00 %  % || Gg(l=0) ave= 1.033E-01 +/- 10.96 % Gg(l=1) ave= 3.095E-02 +/- 14.25 % Gg(l=2) ave= 3.234E-02 +/- 13.71 % Gg(l=3) ave= 0.000E+00 +/- 0.00 %  % || D(l=0) ave= 2.519E+01 +/- 1.41 % D(l=1) ave= 4.046E+01 +/- 1.31 % D(l=2) ave= 5.258E+01 +/- 0.00 % D(l=3) ave= 0.000E+00 +/- 0.00 %  % || S(l=0) ave= 3.318E-04 +/- 3.53 % S(l=1) ave= 7.611E-05 +/- 5.77 % S(l=2) ave= 1.287E-03 +/- 11.05 % S(l=3) ave= 0.000E+00 +/- 0.00 % 
 ... random file  10 Cap(th)  ave= 3.104E+01 b. +/- 42.12 % || Ela(th) ave= 1.828E+00 b. +/- 15.42 % || RIcap ave= 6.83E+02 b. +/- 12.46 % || Macs30 ave= 2.53E-01 b. +/- 0.21 % || Gn^0(l=0) ave= 1.504E-02 +/- 6.27 % Gn^0(l=1) ave= 1.204E-02 +/- 9.10 % Gn^0(l=2) ave= 3.419E-01 +/- 18.44 % Gn^0(l=3) ave= 0.000E+00 +/- 0.00 % || Gtotal(l=0) ave= 3.834E-01 +/- 8.79 % Gtotal(l=1) ave= 3.148E-02 +/- 13.53 % Gtotal(l=2) ave= 3.282E-02 +/- 13.68 % Gtotal(l=3) ave= 0.000E+00 +/- 0.00 %  % || Gg(l=0) ave= 1.044E-01 +/- 10.88 % Gg(l=1) ave= 3.116E-02 +/- 13.67 % Gg(l=2) ave= 3.282E-02 +/- 13.68 % Gg(l=3) ave= 0.000E+00 +/- 0.00 %  % || D(l=0) ave= 2.522E+01 +/- 1.40 % D(l=1) ave= 4.047E+01 +/- 1.25 % D(l=2) ave= 5.258E+01 +/- 0.00 % D(l=3) ave= 0.000E+00 +/- 0.00 %  % || S(l=0) ave= 3.307E-04 +/- 3.54 % S(l=1) ave= 7.786E-05 +/- 8.90 % S(l=2) ave= 1.353E-03 +/- 18.44 % S(l=3) ave= 0.000E+00 +/- 0.00 % 
 ... Histogram plot for thermal (n,g)
 ... Write covariances  ... MT1  ... plot correlations
 ... MT2  ... MT102 


 ================================================
 ============== From 10 random values === start ======
 Thermal (n,tot) xs  0 K =  32.8634 b. +/- 13.0198 b. ( 39.618 %) skew= +1.56 +/- 0.66
 Thermal (n,el) xs   0 K =  1.82813 b. +/- 0.281904 b. ( 15.4203 %) skew= +0.07 +/- 0.66
 Thermal (n,g) xs    0 K =  31.0352 b. +/- 13.0721 b. ( 42.1201 %) skew= +1.56 +/- 0.66
 RI      (n,g)       0 K =  683.153 b. +/- 85.1355 b. ( 12.4621 %) 
 MACS    (n,g)       0 K (at Emacs= 30000 eV) =  0.252675 b. +/- 0.000540848 b. ( 0.214049 %) 
 Ave. Gtotal  L=0        =  3.834E-01 +/- 8.79 %
 Ave. Gn^(0)  L=0        =  1.504E-02 +/- 6.27 %
 Ave. Gg      L=0        =  1.044E-01 +/- 10.88 %
 Ave. D       L=0        =  2.522E+01 +/- 1.40 %
 Ave. S       L=0        =  3.307E-04 +/- 3.54 %
 Ave. Gtotal  L=1        =  3.148E-02 +/- 13.53 %
 Ave. Gn^(1)  L=1        =  1.204E-02 +/- 9.10 %
 Ave. Gg      L=1        =  3.116E-02 +/- 13.67 %
 Ave. D       L=1        =  4.047E+01 +/- 1.25 %
 Ave. S       L=1        =  7.786E-05 +/- 8.90 %
 Ave. Gtotal  L=2        =  3.282E-02 +/- 13.68 %
 Ave. Gn^(2)  L=2        =  3.419E-01 +/- 18.44 %
 Ave. Gg      L=2        =  3.282E-02 +/- 13.68 %
 Ave. D       L=2        =  5.258E+01 +/- 0.00 %
 Ave. S       L=2        =  1.353E-03 +/- 18.44 %

 Expected Thermal (n,g) (syst or meas)= 40 b. +/- 30 b. nominal: 32.7817 b.
 ratio Calculated/expected thermal (n,g): 0.78 ratio DCalculated/Dexpected: 0.44 ratio Calculated/Nominal: 0.95
 ============== From 10 random values ===== stop ======
 ================================================
 ... Calculation of (n,a) and (n,p) cross sections at 300 K
 ... thermal (n,a) cross section is 1.2347e-09 +/- 6.1735e-10 b.
 ... thermal (n,a) cross section is 5.67318e-10 b. (random case 1)
 ... thermal (n,a) cross section is 1.9164e-09 b. (random case 2)
 ... thermal (n,a) cross section is 1.68305e-09 b. (random case 3)
 ... thermal (n,a) cross section is 1.3449e-09 b. (random case 4)
 ... thermal (n,a) cross section is 1.13029e-09 b. (random case 5)
 ... thermal (n,a) cross section is 9.09292e-10 b. (random case 6)
 ... thermal (n,a) cross section is 1.69443e-09 b. (random case 7)
 ... thermal (n,a) cross section is 1.00987e-09 b. (random case 8)
 ... thermal (n,a) cross section is 2.1189e-09 b. (random case 9)
 ... thermal (n,a) cross section is 1.05293e-09 b. (random case 10)
 ... (n,p) Q-value negative for this element
 ... Rewrite index for MF2
 ... Write text for MF1 in file mf1.tares.txt
 ... plotting cross sections for the MF1
 ... order output files


================== summary ==================
 Thermal (n,tot) xs = 34.5961 b. 
 Thermal (n,el)  xs = 1.81444 b. 
 Thermal (n,g)   xs = 32.7817 b. (meas/sys: 40 b.)
 At 300 K (thermal adjustment): (n,el) = 1.81952 b., (n,g) = 32.7995 b.

 RI      (n,g)      = 734.317 b. (meas or sys: - b.)
 RI      (n,el)     = 527.571 b.
=============================================


 ... cleaning
                                                 
  -------------------------------------------------------------
  -                                                           -
  - TARES: successful end of run with data from hypothetical  -
  - resonances for  Z= 72, A= 181 and isomer= 0               -
  - half-life: 42.384258 days 
  -                                                           -
  -------------------------------------------------------------

   Running time:       21 seconds

 End time: Fri Oct  9 11:43:32 2026

