
  -------------------------------------------------------------
  -                                                           -
  -              Welcome to TARES version 1.8                 -
  -                                                           -
  -  (C) Copyright 2007-2025 D. Rochman, All Rights Reserved  -
  -           NRG, Petten, the Netherlands 2007-2014          -
  -           PSI, Villigen    Switzerland 2015-2025          -
  -         Nagra, Wettingen   Switzerland 2025-              -
  -           (Last Modified October 06, 2026)                -
  -           (Database from October 06, 2026)                -
  -                                                           -
  -------------------------------------------------------------


  ---------------------------------------------
   Compilation information:
   Compiled on:         Oct  7 2026, 09:32:19
   Compiled by:         koning
   Compiler version:    clang++ - 21.0.0
   Source location:     /Users/koning/tares-1.8/source/Module/
   Binaries location:   /Users/koning/bin
   System:              Darwin 25.6.0
   System version:      Darwin Kernel Version 25.6.0: Fri Jul 31 19:19:08 PDT 2026; root:xnu-12377.161.14~5/RELEASE_ARM64_T6050  
   Machine:             arm64 
  ---------------------------------------------

   User information:
   User name:           koning
   Running directory:   /Users/koning/tendl/resbase/In126m/work
   Owner mode for running directory : rwx
   Group mode for running directory : r-x
  ---------------------------------------------


 Starting time: Wed Oct  7 10:08:38 2026
 ... inputs directory found (/Users/koning/tares-1.8/source/Module//../../inputs/).
 ... It will be used for resonance parameters 
 ... ###############################################
 ... #     read the input file tares.inp
 ... ###############################################
 ... line: #
 ... line: # Input file generated by Autorochman
          --> line not read
 ... line: #
 ... line: isotope    In
          --> Isotope name: In
 ... line: mass       126
          --> isotopic mass: 126
 ... line: output     n-In126m
         ---> Name of the output files: n-In126m
 ... line: isomer     1
          --> isomeric state: 1
 ... line: mf32mf33   y
          --> MF33 based on MF32: y
 ... line: nbrRandom  6
          --> Nbr of random files: 6
 ... ###############################################
 ... # end read the input file tares.inp
 ... ###############################################
Value for random generator type not considered in since Tares 1.7 due to compilation issues

 ... ###############################################
     #   Interpretation of the Input definition    #
     ###############################################

 ... Default energy limit: End of resonance region
 ... Nuclear charge    = 49
 ... Element           = In
 ... Mass              = 126
 ... Isomer            = 1
 ... Correlation for (Gn,Gg) not included in random files
 ... Default random option: No random
 ... Output name: n-In126m
 ... Energy for the MACS: 30000 eV
 ... Resonances from CALENDF reduced (reduce=y) 
 ... For URR, level density model from TALYS selected: 91n3n12611.2850 (see manual for description)
 ... Random Generator: default (pseudo random numbers from ansi c++)
 ... Reconstruction of cross section selected
 ... Doppler broadening at 0 Kelvin
 ... URR not included (from the input file flag)
 ... Weight for grouping is flat
 ... Calculation of (n,alpha) cross section selected
 ... Number of digit for MF32c covariance representation: 2
 ... MF32 included
 ... MF33 will be used for covariance processing
 ... TENDL option set to yes (automatic choice of MF2 and format)
 ... Isotope not found in the best file --> use of MLBW formalism
 ... default option: Multi level Breit Wigner approximation selected
 ... (check file best.tendl.yes for changing this option)
 ... Retroactive option set to no with the 2025 option

 ... ###############################################
     #           End of Input definition           #
     ###############################################

 ... gnuplot found, will be used for plotting
 ... latex found, will be used for plotting
 ... dvips found, will be used for plotting
 ... ps2epsi not found, limited plotting available
 ... uncertainties on default parameters multiplied by 1.70206
 ... Read resonance data from the 2025 directory
 ... Resonance parameters taken from /Users/koning/tares-1.8/source/Module//../../inputs/2025/Resonance/default/
 ---> Processing Z= 49 and A= 126 and isomer= 1 (level number: 1)
 Exfor path; Could not find /Users/koning/tares-1.8/source/Module//../../inputs/exfor/In126m/xs/102
Thermal file; Could not open file /Users/koning/tares-1.8/source/Module//../../inputs/2025/runThermal/results//thermal.mxw.ng.cendl3.1
Thermal file; Could not open file /Users/koning/tares-1.8/source/Module//../../inputs/2025/runThermal/results//thermal.mxw.ng.brond3.1
Thermal file; Could not open file /Users/koning/tares-1.8/source/Module//../../inputs/2025/runThermal/results//thermal.xs.ng.unc.cendl3.1
 ... spin taken from the final/ directory (1)

 ... ###############################################
 ... #  Nucleus global parameters (2025 database)  #
 ... ###############################################
 0. Half-life: 1.64 sec. 
 ... Scattering radius from TALYS: /Users/koning/tares-1.8/source/Module//../../inputs/2025/lib.urr/talys.urr/
 1. Spin of the target isotope: 8
 2. Relative Atomic Mass of the target isotope: 125.916
 3. Level of the isomer: 0.102000 MeV (level number 1)
 4. Scattering radius (local compilation): 6.65972 fm +/- 0.159833 fm
      .......................................
      ... Thermal capture cross sections: ...
 ... ratio of 2.3097 applied for isomeric cross section (isomer/ground)
 5. Thermal (n,g) cross section from systematics: 13.2438 +/- 11.2573 b.
 6. Thermal (n,g) cross section from compilation (Firestone-2022 average on element In): 195 +/- 3 b.
 7. Thermal (n,g) cross section from compilation (Firestone-2022 final on element In): 194.2 +/- 1.6 b.
      .......................................
      ...  Thermal total cross sections:  ...
      .......................................
      ... Thermal elastic cross sections: ...
 8. Thermal (n,el) cross section from potential (4piR^2): 8.36967 +/- 0.418483 b.
      .......................................
             ... Resonance integral: ...
 9. No capture integral found in /Users/koning/tares-1.8/source/Module//../../inputs/capture.integral
 ... no RI(n,g) found in local compilation, take 2018 value.
 ... no RI(n,g) found in local compilation, take Sukhoruchkin value.
   ---- MACS 30 keV ----- 
 10. TALYS MACS 30 keV (HF): 0.0137 b. 
   ---------- S0 -------- 
 11. S0 from TALYS: 0.754347
   ---------- S1 -------- 
 12. S1 from TALYS: 2.28312
   ---------- S2 -------- 
 13. S2 from TALYS: 0.601926
   ---------- D0 -------- 
 14. D0 from TALYS: 501.596 eV
   ---------- D1 -------- 
 15. D1 from TALYS: 251.17 eV
   ---------- D2 -------- 
 16. D2 from TALYS: 168.374 eV
   ---------- G0 -------- 
 17. Gg0 from TALYS: 0.137144 eV
   ---------- G1 -------- 
 18. Gg1 from TALYS: 0.152998 eV
   ---------- G2 -------- 
 19. Gg2 from TALYS: 0.189455 eV


   ---------------------- 
 ... Read resonance parameters (format: 2: Multi Level Breit Wigner)
 ... 0 resonances found 
 ... possibly no resonances in the Resonance directory for this isotope and options
 ... Use HFR (ladder) behavior 
 --> 21. Number of resonances from the input file: 2 up to 250.798 eV
 22. Read nuclear quantities (mass, MAT...)
 23. Read thermal (n,g) xs 
 24. Read the scattering radius 
 25. Read uncertainty on Gg for 2 resonances
 26. Read uncertainty on Gg for 2 resonances ... done
 ... order resonances 
 ... Upper limit for the RRR: 250.798 eV (no statistical resonances HFR) from the limit.RRR file
 ... Write parameters for l=0 waves
 ... End writing original MF2 
 ... No RRR in the database: uncertainties on default parameters multiplied by 1.99753
 ... Enter in urr function (ladder option set to y) for file n-In126m
 ... read the file /Users/koning/tares-1.8/source/Module//../../inputs/2025/list.jcs.urr to find URR origin
 Default URR taken from TALYS calculations with level density model: 91n3n12611.2850
 File considered for the URR: /Users/koning/tares-1.8/source/Module//../../inputs/2025/lib.urr/talys.urr/91n3n12611.2850/In/urr/urr.dat.In.126.001.1.gz
 ... Write URR using TALYS average parameters (used for HFR)
 ... Limit of URR changed to 25 keV (recommendation from WPEC and JEFF)
 ... ---> Emax(RRR) taken from the file limit.ladder: 3000 eV <---
 ... (File limit.ladder: /Users/koning/tares-1.8/source/Module//../../inputs/2025/limit.ladder.91n3n12611.2850)
 ... read D0, S0, Gn and Gg
 ... number of URR energies: 2292
 Number of l: 2292 and last energy: 12
 Last  URR energy: 3000 eV
 ... Enter in to_MLBW_mf2 function
 ... Convert to Multi Level Breit Wigner (MLBW)
 ... Write parameter covariances (MF32) for l=0
 ... Convert parameter covariances (MF32) to MLBW
 ... copy the mf2 and mf32 to .mlbw files
 ... Enter in urr_correct function case 1
 Modify the higher limit of RRR in MF2
 --> old value: 2.520519+2 eV new value: 1.000000-2 eV
 Modify resonance covariances (MF32) to include correlations in the URR
 End Modify resonance covariances (MF32) to include correlations in the URR
 ... Enter in calendf_xs function
 Use CALENDF for statistical resonances (update MF2) up to 3.000000+3 eV (initial limit)
 Extract resonances from CALENDF for RRR->URR 2
 68 statistical resonances found
 After reduction, 61 statistical resonances found
 ... checking resonance order 1
 ... checking resonance order 2nd round for 59 resonances
 ... end checking resonance order 2nd round
 .......................................................
 ... Adjustment to the thermal cross section : start ...
 .......................................................
 ... ratio of 2.3097 applied for isomeric cross section (isomer/ground)

 Before adjustment (adjustment to the thermal cross section set to y)
 ... Import MF2 from TARES calculations
 ... End energy of TARES MF2 : 2.916597E+3 eV and limit to 40000 resonances
 ... File used for reconstruction: new.temp22.reconst
 ... run RECENT ...
 ... Doppler broadened at a unique temperature: 300 Kelvin using sigma1
 ... run SIGMA1 at 3.000000E+02 K.

 ============== INTER values at 300 Kelvin ==============
 Thermal (n,g) xs =  2.95178 b. (meas/sys: 13.2438 b.) (warning: comparison to be done at 296 or 300 K)
 Th Maxw (n,g) xs =  2.9681 b. (thermal Maxwellian value)
 Westcott factor  =  1.00552
 RI      (n,g)    =  2.06653 b. (meas or sys: - b.)
 MACS 3.000e+04 eV=  0.051232 b. (meas or sys: - b.) from 1.00E+00 to 2.00E+07 eV (end of RRR) at T= 300 Kelvin 
 Thermal (n,el) xs=  7.75973 b.
 RI      (n,el)   =  68.8071 b.
 ============= PSYCHE values ==============
 Ave. G_total L0  =  3.18166 eV
 Ave. G_total L1  =  0.250919 eV
 Ave. G_total L2  =  0.141584 eV
 Ave. Gn_0    L0  =  0.0663726
 Ave. Gn_0    L1  =  0.688519
 Ave. Gn_0    L2  =  0.059083
 Ave. Gg      L0  =  0.129467 eV
 Ave. Gg      L1  =  0.139906 eV
 Ave. Gg      L2  =  0.141579 eV
 Ave. D       L0  =  583.319 eV
 Ave. D       L1  =  583.319 eV
 Ave. D       L2  =  224.354 eV
 Ave. S       L0  =  7.0217e-05 eV
 Ave. S       L1  =  0.000231905 eV
 Ave. S       L2  =  2.68881e-05 eV
 =========================================
 Calculated capture integral   2.06653 b.
 Calculated thermal (n,g)=          2.95177856 b. and recommended= 13.2438 b. (C/E= 0.222879)
 Calculated RI      (n,g)= 2.06653 b. (no reference value)
 ... tolerances: thermal (n,g) 20 % (reference uncertainties, minimum 2% and 5%, maximum 20%)
 Adjust the capture widths ...
 ... capture adjusted with Gn for 46 resonances (Gn<Gg) and with Gg for 13 resonances
 ... iteration 0: C/E thermal (n,g)= 0.222879

 <-------- After adjustment -------->
 ... Import MF2 from TARES calculations
 ... End energy of TARES MF2 : 2.916597E+3 eV and limit to 40000 resonances
 ... File used for reconstruction: new.temp22.reconst
 ... run RECENT ...
 ... Doppler broadened at a unique temperature: 300 Kelvin using sigma1
 ... run SIGMA1 at 3.000000E+02 K.

 ============== INTER values at 300 Kelvin ==============
 Thermal (n,g) xs =  10.8599 b. (meas/sys: 13.2438 b.) (warning: comparison to be done at 296 or 300 K)
 Th Maxw (n,g) xs =  10.92 b. (thermal Maxwellian value)
 Westcott factor  =  1.00552
 RI      (n,g)    =  5.76544 b. (meas or sys: - b.)
 MACS 3.000e+04 eV=  0.054317 b. (meas or sys: - b.) from 1.00E+00 to 2.00E+07 eV (end of RRR) at T= 300 Kelvin 
 Thermal (n,el) xs=  7.72241 b.
 RI      (n,el)   =  68.7959 b.
 ============= PSYCHE values ==============
 Ave. G_total L0  =  3.46466 eV
 Ave. G_total L1  =  0.399577 eV
 Ave. G_total L2  =  0.141599 eV
 Ave. Gn_0    L0  =  0.068298
 Ave. Gn_0    L1  =  0.992595
 Ave. Gn_0    L2  =  0.217374
 Ave. Gg      L0  =  0.360706 eV
 Ave. Gg      L1  =  0.255523 eV
 Ave. Gg      L2  =  0.141579 eV
 Ave. D       L0  =  583.319 eV
 Ave. D       L1  =  583.319 eV
 Ave. D       L2  =  224.354 eV
 Ave. S       L0  =  7.20821e-05 eV
 Ave. S       L1  =  0.000319908 eV
 Ave. S       L2  =  9.89246e-05 eV
 =========================================
 ... iteration 1: C/E thermal (n,g)= 0.819993


 ... ratio C/E thermal (n,g): 8.199932E-01
 ...................................................... 
 ... Adjustment to the thermal cross section : stop ...
 ...................................................... 
 ... new MF2 file after adjustment: n-In126m
 ... read the file /Users/koning/tares-1.8/source/Module//../../inputs/2025/list.jcs.urr to find URR origin
 Default URR taken from TALYS calculations with level density model: 91n3n12611.2850
 File considered for the URR: /Users/koning/tares-1.8/source/Module//../../inputs/2025/lib.urr/talys.urr/91n3n12611.2850/In/urr/urr.dat.In.126.001.1.gz
 ... Write URR using TALYS average parameters (not used for HFR)
 ... Limit of URR changed to 25 keV (recommendation from WPEC and JEFF)
 ... read D0, S0, Gn and Gg
 ... number of URR energies: 780
 Number of l: 780 and last energy: 12
 Last  URR energy: 100980 eV
 Energies in the URR : 780 -> reduced by a factor 2
 Energies in the URR : 372 -> reduced by a factor 2
 ... Enter in urr_correct function case 2
 Modify the higher limit of RRR in MF2
 --> old value: 2.916597+3 eV new value: 2.916597+3 eV
 Modify resonance covariances (MF32) to include correlations in the URR
 End Modify resonance covariances (MF32) to include correlations in the URR
 ... Enter in update_MF32 function
 ... Change uncertainties
 ... for the HFR, random position of the positive resonances with 0.020000 %
 ... end of update MF32 function
 ... GLS calculation of the parameter correlations from the thermal/RI adjustment (MF32c)
 ... MF32: correlations from the thermal/RI adjustment (GLS) for 3 resonances (6 widths), 1 correlation lines
 ...   thermal (n,g): uncertainty from these widths 6.9776 b. -> 5.93073 b. (reference: 13.2438 +/- 11.2573 b.)
 ... copy the mf2 and mf32 to .mlbw files

 ... Start of final reconstruction and testing ...
 ... Reconstruction of cross sections at 0 Kelvin  ... Import MF2 from TARES calculations
 ... End energy of TARES MF2 : 2.916597E+3 eV and limit to 40000 resonances
 ... File used for reconstruction: n-In126m.reconst
 ... run RECENT ...
 ... Doppler broadened at a unique temperature: 0 Kelvin using sigma1
 ... The keyword temperature is zero, no Doppler broadening for the MACS

 ============== INTER values at 0 Kelvin ==============
 Thermal (n,g) xs =  10.8541 b. (meas/sys: 13.2438 b.) (warning: comparison to be done at 296 or 300 K)
 Th Maxw (n,g) xs =  10.857 b. (thermal Maxwellian value)
 Westcott factor  =  1.00028
 RI      (n,g)    =  5.73985 b. (meas or sys: - b.)
 MACS 3.000e+04 eV=  0.054028 b. (meas or sys: - b.) from 1.00E+00 to 2.92E+03 eV (end of RRR) at T= 0 Kelvin 
 Thermal (n,el) xs=  7.69121 b.
 RI      (n,el)   =  66.9081 b.
 ============= PSYCHE values ==============
 Ave. G_total L0  =  3.46466 eV
 Ave. G_total L1  =  0.399577 eV
 Ave. G_total L2  =  0.141599 eV
 Ave. Gn_0    L0  =  0.068298
 Ave. Gn_0    L1  =  0.992595
 Ave. Gn_0    L2  =  0.217374
 Ave. Gg      L0  =  0.360706 eV
 Ave. Gg      L1  =  0.255523 eV
 Ave. Gg      L2  =  0.141579 eV
 Ave. D       L0  =  583.319 eV
 Ave. D       L1  =  583.319 eV
 Ave. D       L2  =  224.354 eV
 Ave. S       L0  =  7.20821e-05 eV
 Ave. S       L1  =  0.000319908 eV
 Ave. S       L2  =  9.89246e-05 eV
 =========================================
 ... End of final reconstruction and testing ...

 ... grouping is not optimum, change to 70 groups
 ... Produce MF33 based on MF32 and 6 random files
 ... run endsam for 6 in groups of 1 global run
 ... run endsam from 1 to 6
 ... reorder resonance position after endsam (sampling)
 ... preparing the vectors  ... done
 ... nominal file 0 Cap(th)  ave= 1.085E+01 b. +/- 0.00 % || Ela(th) ave= 7.691E+00 b. +/- 0.00 % || RIcap ave= 5.35E+00 b. +/- 0.00 % || Macs30 ave= 1.09E+00 b. +/- 0.00 % || Gn^0(l=0) ave= 6.830E-02 +/- 0.00 % Gn^0(l=1) ave= 9.926E-01 +/- 0.00 % Gn^0(l=2) ave= 2.174E-01 +/- 0.00 % Gn^0(l=3) ave= 0.000E+00 +/- 0.00 % || Gtotal(l=0) ave= 3.465E+00 +/- 0.00 % Gtotal(l=1) ave= 3.996E-01 +/- 0.00 % Gtotal(l=2) ave= 1.416E-01 +/- 0.00 % Gtotal(l=3) ave= 0.000E+00 +/- 0.00 %  % || Gg(l=0) ave= 3.607E-01 +/- 0.00 % Gg(l=1) ave= 2.555E-01 +/- 0.00 % Gg(l=2) ave= 1.416E-01 +/- 0.00 % Gg(l=3) ave= 0.000E+00 +/- 0.00 %  % || D(l=0) ave= 5.833E+02 +/- 0.00 % D(l=1) ave= 5.833E+02 +/- 0.00 % D(l=2) ave= 2.244E+02 +/- 0.00 % D(l=3) ave= 0.000E+00 +/- 0.00 %  % || S(l=0) ave= 7.208E-05 +/- 0.00 % S(l=1) ave= 3.199E-04 +/- 0.00 % S(l=2) ave= 9.892E-05 +/- 0.00 % S(l=3) ave= 0.000E+00 +/- 0.00 % 
 ... random file  1 Cap(th)  ave= 1.074E+01 b. +/- 1.03 % || Ela(th) ave= 8.117E+00 b. +/- 5.25 % || RIcap ave= 5.29E+00 b. +/- 1.20 % || Macs30 ave= 1.08E+00 b. +/- 0.66 % || Gn^0(l=0) ave= 6.830E-02 +/- 0.00 % Gn^0(l=1) ave= 9.356E-01 +/- 6.09 % Gn^0(l=2) ave= 1.937E-01 +/- 12.20 % Gn^0(l=3) ave= 0.000E+00 +/- 0.00 % || Gtotal(l=0) ave= 3.465E+00 +/- 0.00 % Gtotal(l=1) ave= 3.996E-01 +/- 0.00 % Gtotal(l=2) ave= 1.416E-01 +/- 0.00 % Gtotal(l=3) ave= 0.000E+00 +/- 0.00 %  % || Gg(l=0) ave= 3.609E-01 +/- 0.07 % Gg(l=1) ave= 2.551E-01 +/- 0.18 % Gg(l=2) ave= 1.377E-01 +/- 2.85 % Gg(l=3) ave= 0.000E+00 +/- 0.00 %  % || D(l=0) ave= 5.833E+02 +/- 0.00 % D(l=1) ave= 5.833E+02 +/- 0.00 % D(l=2) ave= 2.244E+02 +/- 0.00 % D(l=3) ave= 0.000E+00 +/- 0.00 %  % || S(l=0) ave= 7.208E-05 +/- 0.00 % S(l=1) ave= 3.015E-04 +/- 6.10 % S(l=2) ave= 8.819E-05 +/- 12.17 % S(l=3) ave= 0.000E+00 +/- 0.00 % 
 ... random file  2 Cap(th)  ave= 1.063E+01 b. +/- 1.76 % || Ela(th) ave= 7.615E+00 b. +/- 10.39 % || RIcap ave= 5.29E+00 b. +/- 0.98 % || Macs30 ave= 1.12E+00 b. +/- 5.15 % || Gn^0(l=0) ave= 6.803E-02 +/- 0.56 % Gn^0(l=1) ave= 1.011E+00 +/- 11.53 % Gn^0(l=2) ave= 2.319E-01 +/- 24.70 % Gn^0(l=3) ave= 0.000E+00 +/- 0.00 % || Gtotal(l=0) ave= 3.402E+00 +/- 2.61 % Gtotal(l=1) ave= 3.996E-01 +/- 0.00 % Gtotal(l=2) ave= 1.416E-01 +/- 0.00 % Gtotal(l=3) ave= 0.000E+00 +/- 0.00 %  % || Gg(l=0) ave= 3.732E-01 +/- 4.63 % Gg(l=1) ave= 2.198E-01 +/- 22.68 % Gg(l=2) ave= 1.420E-01 +/- 4.86 % Gg(l=3) ave= 0.000E+00 +/- 0.00 %  % || D(l=0) ave= 6.319E+02 +/- 10.88 % D(l=1) ave= 5.833E+02 +/- 0.00 % D(l=2) ave= 2.244E+02 +/- 0.00 % D(l=3) ave= 0.000E+00 +/- 0.00 %  % || S(l=0) ave= 6.819E-05 +/- 8.07 % S(l=1) ave= 3.259E-04 +/- 11.54 % S(l=2) ave= 1.056E-04 +/- 24.73 % S(l=3) ave= 0.000E+00 +/- 0.00 % 
 ... random file  3 Cap(th)  ave= 9.129E+00 b. +/- 28.50 % || Ela(th) ave= 7.420E+00 b. +/- 10.30 % || RIcap ave= 4.77E+00 b. +/- 19.10 % || Macs30 ave= 1.10E+00 b. +/- 5.88 % || Gn^0(l=0) ave= 6.807E-02 +/- 0.50 % Gn^0(l=1) ave= 1.044E+00 +/- 11.11 % Gn^0(l=2) ave= 2.460E-01 +/- 22.48 % Gn^0(l=3) ave= 0.000E+00 +/- 0.00 % || Gtotal(l=0) ave= 3.418E+00 +/- 2.38 % Gtotal(l=1) ave= 3.996E-01 +/- 0.00 % Gtotal(l=2) ave= 1.416E-01 +/- 0.00 % Gtotal(l=3) ave= 0.000E+00 +/- 0.00 %  % || Gg(l=0) ave= 3.756E-01 +/- 4.14 % Gg(l=1) ave= 2.402E-01 +/- 23.24 % Gg(l=2) ave= 1.344E-01 +/- 10.67 % Gg(l=3) ave= 0.000E+00 +/- 0.00 %  % || D(l=0) ave= 6.198E+02 +/- 10.19 % D(l=1) ave= 5.833E+02 +/- 0.00 % D(l=2) ave= 2.244E+02 +/- 0.00 % D(l=3) ave= 0.000E+00 +/- 0.00 %  % || S(l=0) ave= 6.914E-05 +/- 7.29 % S(l=1) ave= 3.365E-04 +/- 11.12 % S(l=2) ave= 1.120E-04 +/- 22.51 % S(l=3) ave= 0.000E+00 +/- 0.00 % 
 ... random file  4 Cap(th)  ave= 1.025E+01 b. +/- 31.52 % || Ela(th) ave= 7.623E+00 b. +/- 10.44 % || RIcap ave= 5.11E+00 b. +/- 20.84 % || Macs30 ave= 1.05E+00 b. +/- 10.09 % || Gn^0(l=0) ave= 6.776E-02 +/- 1.02 % Gn^0(l=1) ave= 1.011E+00 +/- 12.14 % Gn^0(l=2) ave= 2.316E-01 +/- 24.68 % Gn^0(l=3) ave= 0.000E+00 +/- 0.00 % || Gtotal(l=0) ave= 3.389E+00 +/- 2.72 % Gtotal(l=1) ave= 3.996E-01 +/- 0.00 % Gtotal(l=2) ave= 1.416E-01 +/- 0.00 % Gtotal(l=3) ave= 0.000E+00 +/- 0.00 %  % || Gg(l=0) ave= 3.536E-01 +/- 13.01 % Gg(l=1) ave= 2.310E-01 +/- 23.05 % Gg(l=2) ave= 1.308E-01 +/- 11.31 % Gg(l=3) ave= 0.000E+00 +/- 0.00 %  % || D(l=0) ave= 6.417E+02 +/- 11.13 % D(l=1) ave= 5.833E+02 +/- 0.00 % D(l=2) ave= 2.244E+02 +/- 0.00 % D(l=3) ave= 0.000E+00 +/- 0.00 %  % || S(l=0) ave= 6.721E-05 +/- 8.83 % S(l=1) ave= 3.259E-04 +/- 12.17 % S(l=2) ave= 1.055E-04 +/- 24.73 % S(l=3) ave= 0.000E+00 +/- 0.00 % 
 ... random file  5 Cap(th)  ave= 9.860E+00 b. +/- 31.18 % || Ela(th) ave= 7.805E+00 b. +/- 10.66 % || RIcap ave= 4.95E+00 b. +/- 20.88 % || Macs30 ave= 1.02E+00 b. +/- 11.92 % || Gn^0(l=0) ave= 6.770E-02 +/- 0.96 % Gn^0(l=1) ave= 9.845E-01 +/- 12.92 % Gn^0(l=2) ave= 2.196E-01 +/- 26.75 % Gn^0(l=3) ave= 0.000E+00 +/- 0.00 % || Gtotal(l=0) ave= 3.371E+00 +/- 2.79 % Gtotal(l=1) ave= 3.996E-01 +/- 0.00 % Gtotal(l=2) ave= 1.416E-01 +/- 0.00 % Gtotal(l=3) ave= 0.000E+00 +/- 0.00 %  % || Gg(l=0) ave= 3.405E-01 +/- 15.05 % Gg(l=1) ave= 2.260E-01 +/- 22.06 % Gg(l=2) ave= 1.416E-01 +/- 19.63 % Gg(l=3) ave= 0.000E+00 +/- 0.00 %  % || D(l=0) ave= 6.562E+02 +/- 11.11 % D(l=1) ave= 5.833E+02 +/- 0.00 % D(l=2) ave= 2.244E+02 +/- 0.00 % D(l=3) ave= 0.000E+00 +/- 0.00 %  % || S(l=0) ave= 6.607E-05 +/- 9.07 % S(l=1) ave= 3.173E-04 +/- 12.92 % S(l=2) ave= 9.997E-05 +/- 26.81 % S(l=3) ave= 0.000E+00 +/- 0.00 % 
 ... random file  6 Cap(th)  ave= 1.046E+01 b. +/- 30.59 % || Ela(th) ave= 7.671E+00 b. +/- 10.90 % || RIcap ave= 5.23E+00 b. +/- 22.35 % || Macs30 ave= 1.04E+00 b. +/- 11.66 % || Gn^0(l=0) ave= 6.778E-02 +/- 0.94 % Gn^0(l=1) ave= 1.004E+00 +/- 12.62 % Gn^0(l=2) ave= 2.284E-01 +/- 25.62 % Gn^0(l=3) ave= 0.000E+00 +/- 0.00 % || Gtotal(l=0) ave= 3.384E+00 +/- 2.75 % Gtotal(l=1) ave= 3.996E-01 +/- 0.00 % Gtotal(l=2) ave= 1.416E-01 +/- 0.00 % Gtotal(l=3) ave= 0.000E+00 +/- 0.00 %  % || Gg(l=0) ave= 3.498E-01 +/- 15.04 % Gg(l=1) ave= 2.282E-01 +/- 20.37 % Gg(l=2) ave= 1.444E-01 +/- 18.43 % Gg(l=3) ave= 0.000E+00 +/- 0.00 %  % || D(l=0) ave= 6.458E+02 +/- 11.17 % D(l=1) ave= 5.833E+02 +/- 0.00 % D(l=2) ave= 2.244E+02 +/- 0.00 % D(l=3) ave= 0.000E+00 +/- 0.00 %  % || S(l=0) ave= 6.692E-05 +/- 8.86 % S(l=1) ave= 3.234E-04 +/- 12.62 % S(l=2) ave= 1.040E-04 +/- 25.65 % S(l=3) ave= 0.000E+00 +/- 0.00 % 
 ... Histogram plot for thermal (n,g)
 ... Write covariances  ... MT1  ... plot correlations
 ... MT2  ... MT102 


 ================================================
 ============== From 6 random values === start ======
 Thermal (n,tot) xs  0 K =  18.1269 b. +/- 3.42794 b. ( 18.9108 %) skew= -0.53 +/- 0.79
 Thermal (n,el) xs   0 K =  7.67137 b. +/- 0.836236 b. ( 10.9007 %) skew= -0.01 +/- 0.79
 Thermal (n,g) xs    0 K =  10.4555 b. +/- 3.19785 b. ( 30.5852 %) skew= -0.39 +/- 0.79
 RI      (n,g)       0 K =  5.22735 b. +/- 1.16853 b. ( 22.3541 %) 
 MACS    (n,g)       0 K (at Emacs= 30000 eV) =  1.03908 b. +/- 0.121195 b. ( 11.6637 %) 
 Ave. Gtotal  L=0        =  3.384E+00 +/- 2.75 %
 Ave. Gn^(0)  L=0        =  6.778E-02 +/- 0.94 %
 Ave. Gg      L=0        =  3.498E-01 +/- 15.04 %
 Ave. D       L=0        =  6.458E+02 +/- 11.17 %
 Ave. S       L=0        =  6.692E-05 +/- 8.86 %
 Ave. Gtotal  L=1        =  3.996E-01 +/- 0.00 %
 Ave. Gn^(1)  L=1        =  1.004E+00 +/- 12.62 %
 Ave. Gg      L=1        =  2.282E-01 +/- 20.37 %
 Ave. D       L=1        =  5.833E+02 +/- 0.00 %
 Ave. S       L=1        =  3.234E-04 +/- 12.62 %
 Ave. Gtotal  L=2        =  1.416E-01 +/- 0.00 %
 Ave. Gn^(2)  L=2        =  2.284E-01 +/- 25.62 %
 Ave. Gg      L=2        =  1.444E-01 +/- 18.43 %
 Ave. D       L=2        =  2.244E+02 +/- 0.00 %
 Ave. S       L=2        =  1.040E-04 +/- 25.65 %

 Expected Thermal (n,g) (syst or meas)= 13.2438 b. +/- 11.2573 b. nominal: 10.8541 b.
 ratio Calculated/expected thermal (n,g): 0.79 ratio DCalculated/Dexpected: 0.28 ratio Calculated/Nominal: 0.96
 ============== From 6 random values ===== stop ======
 ================================================
 ... Calculation of (n,a) and (n,p) cross sections at 300 K
 <<(n,a) Q-value negative for this element>> ... (n,p) Q-value negative for this element
 ... Rewrite index for MF2
 ... Write text for MF1 in file mf1.tares.txt
 ... plotting cross sections for the MF1
 ... order output files


================== summary ==================
 Thermal (n,tot) xs = 18.5453 b. 
 Thermal (n,el)  xs = 7.69121 b. 
 Thermal (n,g)   xs = 10.8541 b. (meas/sys: 13.2438 b.)
 At 300 K (thermal adjustment): (n,el) = 7.72241 b., (n,g) = 10.8599 b.

 RI      (n,g)      = 5.73985 b. (meas or sys: - b.)
 RI      (n,el)     = 66.9081 b.
=============================================


 ... cleaning
                                                 
  -------------------------------------------------------------
  -                                                           -
  - TARES: successful end of run with data from hypothetical  -
  - resonances for  Z= 49, A= 126 and isomer= 1               -
  - half-life: 1.640000 sec. 
  -                                                           -
  -------------------------------------------------------------

   Running time:       12 seconds

 End time: Wed Oct  7 10:08:50 2026

