
  -------------------------------------------------------------
  -                                                           -
  -              Welcome to TARES version 1.8                 -
  -                                                           -
  -  (C) Copyright 2007-2025 D. Rochman, All Rights Reserved  -
  -           NRG, Petten, the Netherlands 2007-2014          -
  -           PSI, Villigen    Switzerland 2015-2025          -
  -         Nagra, Wettingen   Switzerland 2025-              -
  -           (Last Modified October 06, 2026)                -
  -           (Database from October 06, 2026)                -
  -                                                           -
  -------------------------------------------------------------


  ---------------------------------------------
   Compilation information:
   Compiled on:         Oct  8 2026, 18:36:06
   Compiled by:         koning
   Compiler version:    clang++ - 21.0.0
   Source location:     /Users/koning/tares-1.8/source/Module/
   Binaries location:   /Users/koning/bin
   System:              Darwin 25.6.0
   System version:      Darwin Kernel Version 25.6.0: Fri Jul 31 19:19:08 PDT 2026; root:xnu-12377.161.14~5/RELEASE_ARM64_T6050  
   Machine:             arm64 
  ---------------------------------------------

   User information:
   User name:           koning
   Running directory:   /Users/koning/tendl/resbase/Tc093m/work
   Owner mode for running directory : rwx
   Group mode for running directory : r-x
  ---------------------------------------------


 Starting time: Fri Oct  9 11:10:24 2026
 ... inputs directory found (/Users/koning/tares-1.8/source/Module//../../inputs/).
 ... It will be used for resonance parameters 
 ... ###############################################
 ... #     read the input file tares.inp
 ... ###############################################
 ... line: #
 ... line: # Input file generated by Autorochman
          --> line not read
 ... line: #
 ... line: isotope    Tc
          --> Isotope name: Tc
 ... line: mass       93
          --> isotopic mass: 93
 ... line: output     n-Tc093m
         ---> Name of the output files: n-Tc093m
 ... line: isomer     1
          --> isomeric state: 1
 ... line: mf32mf33   y
          --> MF33 based on MF32: y
 ... line: nbrRandom  10
          --> Nbr of random files: 10
 ... ###############################################
 ... # end read the input file tares.inp
 ... ###############################################
Value for random generator type not considered in since Tares 1.7 due to compilation issues

 ... ###############################################
     #   Interpretation of the Input definition    #
     ###############################################

 ... Default energy limit: End of resonance region
 ... Nuclear charge    = 43
 ... Element           = Tc
 ... Mass              = 93
 ... Isomer            = 1
 ... Correlation for (Gn,Gg) not included in random files
 ... Default random option: No random
 ... Output name: n-Tc093m
 ... Energy for the MACS: 30000 eV
 ... Resonances from CALENDF reduced (reduce=y) 
 ... For URR, level density model from TALYS selected: 91n3n12611.2850 (see manual for description)
 ... Random Generator: default (pseudo random numbers from ansi c++)
 ... Reconstruction of cross section selected
 ... Doppler broadening at 0 Kelvin
 ... URR not included (from the input file flag)
 ... Weight for grouping is flat
 ... Calculation of (n,alpha) cross section selected
 ... Number of digit for MF32c covariance representation: 2
 ... MF32 included
 ... MF33 will be used for covariance processing
 ... TENDL option set to yes (automatic choice of MF2 and format)
 ... Isotope not found in the best file --> use of MLBW formalism
 ... default option: Multi level Breit Wigner approximation selected
 ... (check file best.tendl.yes for changing this option)
 ... Retroactive option set to no with the 2025 option

 ... ###############################################
     #           End of Input definition           #
     ###############################################

 ... gnuplot found, will be used for plotting
 ... latex found, will be used for plotting
 ... dvips found, will be used for plotting
 ... ps2epsi not found, limited plotting available
 ... uncertainties on default parameters multiplied by 1.01718
 ... Read resonance data from the 2025 directory
 ... Resonance parameters taken from /Users/koning/tares-1.8/source/Module//../../inputs/2025/Resonance/default/
 ---> Processing Z= 43 and A= 93 and isomer= 1 (level number: 1)
 Exfor path; Could not find /Users/koning/tares-1.8/source/Module//../../inputs/exfor/Tc093m/xs/102
Thermal file; Could not open file /Users/koning/tares-1.8/source/Module//../../inputs/2025/runThermal/results//thermal.mxw.ng.cendl3.1
Thermal file; Could not open file /Users/koning/tares-1.8/source/Module//../../inputs/2025/runThermal/results//thermal.mxw.ng.brond3.1
Thermal file; Could not open file /Users/koning/tares-1.8/source/Module//../../inputs/2025/runThermal/results//thermal.xs.ng.unc.cendl3.1
 ... spin taken from the final/ directory (1)

 ... ###############################################
 ... #  Nucleus global parameters (2025 database)  #
 ... ###############################################
 0. Half-life: 43.5 min. 
 ... Scattering radius from TALYS: /Users/koning/tares-1.8/source/Module//../../inputs/2025/lib.urr/talys.urr/
 1. Spin of the target isotope: 0.5
 2. Relative Atomic Mass of the target isotope: 92.9102
 3. Level of the isomer: 0.391840 MeV (level number 1)
 4. Scattering radius (local compilation): 6.02467 fm +/- 0.126518 fm
      .......................................
      ... Thermal capture cross sections: ...
 ... ratio of 0.956003 applied for isomeric cross section (isomer/ground)
 5. Thermal (n,g) cross section from systematics (TALYS, urr.dat): 6.90698 +/- 4.83489 b.
 6. Thermal (n,g) cross section from compilation (Firestone-2022 average on element Tc): 18.9 +/- 2 b.
 7. Thermal (n,g) cross section from compilation (Firestone-2022 final on element Tc): 21.6 +/- 1.6 b.
      .......................................
      ...  Thermal total cross sections:  ...
      .......................................
      ... Thermal elastic cross sections: ...
 8. Thermal (n,el) cross section from potential (4piR^2): 7.57156 +/- 0.378578 b.
      .......................................
             ... Resonance integral: ...
 9. No capture integral found in /Users/koning/tares-1.8/source/Module//../../inputs/capture.integral
 ... no RI(n,g) found in local compilation, take 2018 value.
 ... no RI(n,g) found in local compilation, take Sukhoruchkin value.
   ---- MACS 30 keV ----- 
 10. TALYS MACS 30 keV (HF): 4.41656e-06 b. 
   ---------- S0 -------- 
 11. S0 from TALYS: 0.564341
   ---------- S1 -------- 
 12. S1 from TALYS: 7.18601
   ---------- S2 -------- 
 13. S2 from TALYS: 0.553099
   ---------- D0 -------- 
 14. D0 from TALYS: 704.433 eV
   ---------- D1 -------- 
 15. D1 from TALYS: 331.007 eV
   ---------- D2 -------- 
 16. D2 from TALYS: 216.92 eV
   ---------- G0 -------- 
 17. Gg0 from TALYS: 0.879339 eV
   ---------- G1 -------- 
 18. Gg1 from TALYS: 0.786392 eV
   ---------- G2 -------- 
 19. Gg2 from TALYS: 0.883362 eV


   ---------------------- 
 ... Read resonance parameters (format: 2: Multi Level Breit Wigner)
 ... 0 resonances found 
 ... possibly no resonances in the Resonance directory for this isotope and options
 ... Use HFR (ladder) behavior 
 --> 21. Number of resonances from the input file: 2 up to 352.217 eV
 22. Read nuclear quantities (mass, MAT...)
 23. Read thermal (n,g) xs 
 24. Read the scattering radius 
 25. Read uncertainty on Gg for 2 resonances
 26. Read uncertainty on Gg for 2 resonances ... done
 ... order resonances 
 ... Upper limit for the RRR: 352.217 eV (no statistical resonances HFR) from the limit.RRR file
 ... Write parameters for l=0 waves
 ... End writing original MF2 
 ... No RRR in the database: uncertainties on default parameters multiplied by 1.99753
 ... Enter in urr function (ladder option set to y) for file n-Tc093m
 ... read the file /Users/koning/tares-1.8/source/Module//../../inputs/2025/list.jcs.urr to find URR origin
 Default URR taken from TALYS calculations with level density model: 91n3n12611.2850
 File considered for the URR: /Users/koning/tares-1.8/source/Module//../../inputs/2025/lib.urr/talys.urr/91n3n12611.2850/Tc/urr/urr.dat.Tc.093.001.1.gz
 ... Write URR using TALYS average parameters (used for HFR)
 ... Limit of URR changed to 25 keV (recommendation from WPEC and JEFF)
 ... ---> Emax(RRR) taken from the file limit.ladder: 1000 eV <---
 ... (File limit.ladder: /Users/koning/tares-1.8/source/Module//../../inputs/2025/limit.ladder.91n3n12611.2850)
 ... read D0, S0, Gn and Gg
 ... number of URR energies: 1416
 Number of l: 1416 and last energy: 8
 Last  URR energy: 1000 eV
 ... Enter in to_MLBW_mf2 function
 ... Convert to Multi Level Breit Wigner (MLBW)
 ... Write parameter covariances (MF32) for l=0
 ... Convert parameter covariances (MF32) to MLBW
 ... copy the mf2 and mf32 to .mlbw files
 ... Enter in urr_correct function case 1
 Modify the higher limit of RRR in MF2
 --> old value: 3.539777+2 eV new value: 1.000000-2 eV
 Modify resonance covariances (MF32) to include correlations in the URR
 End Modify resonance covariances (MF32) to include correlations in the URR
 ... Enter in calendf_xs function
 Use CALENDF for statistical resonances (update MF2) up to 1.000000+3 eV (initial limit)
 Extract resonances from CALENDF for RRR->URR 2
 21 statistical resonances found
 After reduction, 19 statistical resonances found
 ... checking resonance order 1
 ... checking resonance order 2nd round for 17 resonances
 ... end checking resonance order 2nd round
 .......................................................
 ... Adjustment to the thermal cross section : start ...
 .......................................................
 ... ratio of 0.956003 applied for isomeric cross section (isomer/ground)

 Before adjustment (adjustment to the thermal cross section set to y)
 ... Import MF2 from TARES calculations
 ... End energy of TARES MF2 : 5.083954E+2 eV and limit to 40000 resonances
 ... File used for reconstruction: new.temp22.reconst
 ... run RECENT ...
 ... Doppler broadened at a unique temperature: 300 Kelvin using sigma1
 ... run SIGMA1 at 3.000000E+02 K.

 ============== INTER values at 300 Kelvin ==============
 Thermal (n,g) xs =  0.405844 b. (meas/sys: 6.90698 b.) (warning: comparison to be done at 296 or 300 K)
 Th Maxw (n,g) xs =  0.40818 b. (thermal Maxwellian value)
 Westcott factor  =  1.00576
 RI      (n,g)    =  4.71051 b. (meas or sys: - b.)
 MACS 3.000e+04 eV=  0.18213 b. (meas or sys: - b.) from 1.00E+00 to 2.00E+07 eV (end of RRR) at T= 300 Kelvin 
 Thermal (n,el) xs=  4.7489 b.
 RI      (n,el)   =  32.718 b.
 ============= PSYCHE values ==============
 Ave. G_total L0  =  1.10284 eV
 Ave. G_total L1  =  0.812316 eV
 Ave. G_total L2  =  0.830467 eV
 Ave. Gn_0    L0  =  0.00973146
 Ave. Gn_0    L1  =  1.23696
 Ave. Gn_0    L2  =  0.0745708
 Ave. Gg      L0  =  0.883414 eV
 Ave. Gg      L1  =  0.795591 eV
 Ave. Gg      L2  =  0.830467 eV
 Ave. D       L0  =  0 eV
 Ave. D       L1  =  508.395 eV
 Ave. D       L2  =  254.198 eV
 Ave. S       L0  =  0.0072986 eV
 Ave. S       L1  =  0.001711 eV
 Ave. S       L2  =  0.000109686 eV
 =========================================
 Calculated capture integral   4.71051 b.
 Calculated thermal (n,g)=          .405844073 b. and recommended= 6.90698 b. (C/E= 0.0587585)
 Calculated RI      (n,g)= 4.71051 b. (no reference value)
 ... tolerances: thermal (n,g) 20 % (reference uncertainties, minimum 2% and 5%, maximum 20%)
 Adjust the capture widths ...
 ... capture adjusted with Gn for 16 resonances (Gn<Gg) and with Gg for 1 resonances
 ... iteration 0: C/E thermal (n,g)= 0.0587585
 Warning: 17 widths limited to a change of a factor 10 from their starting values

 <-------- After adjustment -------->
 ... Import MF2 from TARES calculations
 ... End energy of TARES MF2 : 5.083954E+2 eV and limit to 40000 resonances
 ... File used for reconstruction: new.temp22.reconst
 ... run RECENT ...
 ... Doppler broadened at a unique temperature: 300 Kelvin using sigma1
 ... run SIGMA1 at 3.000000E+02 K.

 ============== INTER values at 300 Kelvin ==============
 Thermal (n,g) xs =  4.05839 b. (meas/sys: 6.90698 b.) (warning: comparison to be done at 296 or 300 K)
 Th Maxw (n,g) xs =  4.0818 b. (thermal Maxwellian value)
 Westcott factor  =  1.00576
 RI      (n,g)    =  14.9531 b. (meas or sys: - b.)
 MACS 3.000e+04 eV=  0.18418 b. (meas or sys: - b.) from 1.00E+00 to 2.00E+07 eV (end of RRR) at T= 300 Kelvin 
 Thermal (n,el) xs=  4.76433 b.
 RI      (n,el)   =  50.7982 b.
 ============= PSYCHE values ==============
 Ave. G_total L0  =  3.07763 eV
 Ave. G_total L1  =  0.962839 eV
 Ave. G_total L2  =  0.830467 eV
 Ave. Gn_0    L0  =  0.0973146
 Ave. Gn_0    L1  =  12.3696
 Ave. Gn_0    L2  =  0.745708
 Ave. Gg      L0  =  0.883414 eV
 Ave. Gg      L1  =  0.795591 eV
 Ave. Gg      L2  =  0.830467 eV
 Ave. D       L0  =  0 eV
 Ave. D       L1  =  508.395 eV
 Ave. D       L2  =  254.198 eV
 Ave. S       L0  =  0.072986 eV
 Ave. S       L1  =  0.01711 eV
 Ave. S       L2  =  0.00109686 eV
 =========================================
 ... iteration 1: C/E thermal (n,g)= 0.587578
 Warning: 17 widths limited to a change of a factor 10 from their starting values

 <-------- After adjustment -------->
 ... Import MF2 from TARES calculations
 ... End energy of TARES MF2 : 5.083954E+2 eV and limit to 40000 resonances
 ... File used for reconstruction: new.temp22.reconst
 ... run RECENT ...
 ... Doppler broadened at a unique temperature: 300 Kelvin using sigma1
 ... run SIGMA1 at 3.000000E+02 K.

 ============== INTER values at 300 Kelvin ==============
 Thermal (n,g) xs =  4.05839 b. (meas/sys: 6.90698 b.) (warning: comparison to be done at 296 or 300 K)
 Th Maxw (n,g) xs =  4.0818 b. (thermal Maxwellian value)
 Westcott factor  =  1.00576
 RI      (n,g)    =  14.9531 b. (meas or sys: - b.)
 MACS 3.000e+04 eV=  0.18418 b. (meas or sys: - b.) from 1.00E+00 to 2.00E+07 eV (end of RRR) at T= 300 Kelvin 
 Thermal (n,el) xs=  4.76433 b.
 RI      (n,el)   =  50.7982 b.
 ============= PSYCHE values ==============
 Ave. G_total L0  =  3.07763 eV
 Ave. G_total L1  =  0.962839 eV
 Ave. G_total L2  =  0.830467 eV
 Ave. Gn_0    L0  =  0.0973146
 Ave. Gn_0    L1  =  12.3696
 Ave. Gn_0    L2  =  0.745708
 Ave. Gg      L0  =  0.883414 eV
 Ave. Gg      L1  =  0.795591 eV
 Ave. Gg      L2  =  0.830467 eV
 Ave. D       L0  =  0 eV
 Ave. D       L1  =  508.395 eV
 Ave. D       L2  =  254.198 eV
 Ave. S       L0  =  0.072986 eV
 Ave. S       L1  =  0.01711 eV
 Ave. S       L2  =  0.00109686 eV
 =========================================
 ... iteration 2: C/E thermal (n,g)= 0.587578
 Warning: no further change possible (widths at the limit of a factor 10): adjustment stopped


 ... ratio C/E thermal (n,g): 5.875780E-01
 ...................................................... 
 ... Adjustment to the thermal cross section : stop ...
 ...................................................... 
 ... new MF2 file after adjustment: n-Tc093m
 ... read the file /Users/koning/tares-1.8/source/Module//../../inputs/2025/list.jcs.urr to find URR origin
 Default URR taken from TALYS calculations with level density model: 91n3n12611.2850
 File considered for the URR: /Users/koning/tares-1.8/source/Module//../../inputs/2025/lib.urr/talys.urr/91n3n12611.2850/Tc/urr/urr.dat.Tc.093.001.1.gz
 ... Write URR using TALYS average parameters (not used for HFR)
 ... Limit of URR changed to 25 keV (recommendation from WPEC and JEFF)
 Energy limit of the URR set to 660.914 eV
 ... read D0, S0, Gn and Gg
 ... number of URR energies: 64
 Number of l: 64 and last energy: 8
 Last  URR energy: 660.914 eV
 ... Enter in urr_correct function case 2
 Modify the higher limit of RRR in MF2
 --> old value: 5.083954+2 eV new value: 5.083954+2 eV
 Modify resonance covariances (MF32) to include correlations in the URR
 End Modify resonance covariances (MF32) to include correlations in the URR
 ... Enter in update_MF32 function
 ... Change uncertainties
 ... for the HFR, random position of the positive resonances with 0.020000 %
 ... end of update MF32 function
 ... GLS calculation of the parameter correlations from the thermal/RI adjustment (MF32c)
 ... MF32: correlations from the thermal/RI adjustment (GLS) for 3 resonances (6 widths), 2 correlation lines
 ...   thermal (n,g): uncertainty from these widths 0.990103 b. -> 0.969974 b. (reference: 6.90698 +/- 4.83489 b.)
 ... copy the mf2 and mf32 to .mlbw files

 ... Start of final reconstruction and testing ...
 ... Reconstruction of cross sections at 0 Kelvin  ... Import MF2 from TARES calculations
 ... End energy of TARES MF2 : 5.083954E+2 eV and limit to 40000 resonances
 ... File used for reconstruction: n-Tc093m.reconst
 ... run RECENT ...
 ... Doppler broadened at a unique temperature: 0 Kelvin using sigma1
 ... The keyword temperature is zero, no Doppler broadening for the MACS

 ============== INTER values at 0 Kelvin ==============
 Thermal (n,g) xs =  4.05621 b. (meas/sys: 6.90698 b.) (warning: comparison to be done at 296 or 300 K)
 Th Maxw (n,g) xs =  4.0584 b. (thermal Maxwellian value)
 Westcott factor  =  1.00055
 RI      (n,g)    =  14.9239 b. (meas or sys: - b.)
 MACS 3.000e+04 eV=  0.18309 b. (meas or sys: - b.) from 1.00E+00 to 5.08E+02 eV (end of RRR) at T= 0 Kelvin 
 Thermal (n,el) xs=  4.73828 b.
 RI      (n,el)   =  40.7556 b.
 ============= PSYCHE values ==============
 Ave. G_total L0  =  3.07763 eV
 Ave. G_total L1  =  0.962839 eV
 Ave. G_total L2  =  0.830467 eV
 Ave. Gn_0    L0  =  0.0973146
 Ave. Gn_0    L1  =  12.3696
 Ave. Gn_0    L2  =  0.745708
 Ave. Gg      L0  =  0.883414 eV
 Ave. Gg      L1  =  0.795591 eV
 Ave. Gg      L2  =  0.830467 eV
 Ave. D       L0  =  0 eV
 Ave. D       L1  =  508.395 eV
 Ave. D       L2  =  254.198 eV
 Ave. S       L0  =  0.072986 eV
 Ave. S       L1  =  0.01711 eV
 Ave. S       L2  =  0.00109686 eV
 =========================================
 ... End of final reconstruction and testing ...

 ... grouping is not optimum, change to 70 groups
 ... Produce MF33 based on MF32 and 10 random files
 ... MF3 of n-Tc093m.reconst (3 sections) added to the files for ENDSAM
 ... run endsam for 10 in groups of 1 global run
 ... run endsam from 1 to 10
 ... random files: total width GT set to Gn+Gg+Gf (170 resonances in 10 files)
 ... reorder resonance position after endsam (sampling)
 ... preparing the vectors  ... done
 ... nominal file 0 Cap(th)  ave= 4.056E+00 b. +/- 0.00 % || Ela(th) ave= 4.738E+00 b. +/- 0.00 % || RIcap ave= 1.49E+01 b. +/- 0.00 % || Macs30 ave= 1.83E-01 b. +/- 0.00 % || Gn^0(l=0) ave= 9.731E-02 +/- 0.00 % Gn^0(l=1) ave= 1.237E+01 +/- 0.00 % Gn^0(l=2) ave= 7.457E-01 +/- 0.00 % Gn^0(l=3) ave= 0.000E+00 +/- 0.00 % || Gtotal(l=0) ave= 3.078E+00 +/- 0.00 % Gtotal(l=1) ave= 9.628E-01 +/- 0.00 % Gtotal(l=2) ave= 8.305E-01 +/- 0.00 % Gtotal(l=3) ave= 0.000E+00 +/- 0.00 %  % || Gg(l=0) ave= 8.834E-01 +/- 0.00 % Gg(l=1) ave= 7.956E-01 +/- 0.00 % Gg(l=2) ave= 8.305E-01 +/- 0.00 % Gg(l=3) ave= 0.000E+00 +/- 0.00 %  % || D(l=0) ave= 0.000E+00 +/- 0.00 % D(l=1) ave= 5.084E+02 +/- 0.00 % D(l=2) ave= 2.542E+02 +/- 0.00 % D(l=3) ave= 0.000E+00 +/- 0.00 %  % || S(l=0) ave= 7.299E-02 +/- 0.00 % S(l=1) ave= 1.711E-02 +/- 0.00 % S(l=2) ave= 1.097E-03 +/- 0.00 % S(l=3) ave= 0.000E+00 +/- 0.00 % 
 ... random file  1 Cap(th)  ave= 5.021E+00 b. +/- 19.22 % || Ela(th) ave= 5.613E+00 b. +/- 15.58 % || RIcap ave= 1.54E+01 b. +/- 3.09 % || Macs30 ave= 1.83E-01 b. +/- 0.04 % || Gn^0(l=0) ave= 4.598E+00 +/- 97.88 % Gn^0(l=1) ave= 6.381E+00 +/- 93.84 % Gn^0(l=2) ave= 7.457E-01 +/- 0.00 % Gn^0(l=3) ave= 0.000E+00 +/- 0.00 % || Gtotal(l=0) ave= 2.383E+00 +/- 29.17 % Gtotal(l=1) ave= 1.131E+00 +/- 14.90 % Gtotal(l=2) ave= 8.305E-01 +/- 0.00 % Gtotal(l=3) ave= 0.000E+00 +/- 0.00 %  % || Gg(l=0) ave= 1.201E+00 +/- 26.43 % Gg(l=1) ave= 1.048E+00 +/- 24.07 % Gg(l=2) ave= 8.305E-01 +/- 0.00 % Gg(l=3) ave= 0.000E+00 +/- 0.00 %  % || D(l=0) ave= 5.084E+02 +/- 0.00 % D(l=1) ave= 3.813E+02 +/- 33.33 % D(l=2) ave= 2.542E+02 +/- 0.00 % D(l=3) ave= 0.000E+00 +/- 0.00 %  % || S(l=0) ave= 4.278E-02 +/- 70.59 % S(l=1) ave= 8.844E-03 +/- 93.46 % S(l=2) ave= 1.097E-03 +/- 0.00 % S(l=3) ave= 0.000E+00 +/- 0.00 % 
 ... random file  2 Cap(th)  ave= 4.150E+00 b. +/- 35.23 % || Ela(th) ave= 5.202E+00 b. +/- 17.70 % || RIcap ave= 1.53E+01 b. +/- 2.61 % || Macs30 ave= 1.83E-01 b. +/- 0.05 % || Gn^0(l=0) ave= 7.497E+00 +/- 73.43 % Gn^0(l=1) ave= 4.547E+00 +/- 121.75 % Gn^0(l=2) ave= 7.457E-01 +/- 0.00 % Gn^0(l=3) ave= 0.000E+00 +/- 0.00 % || Gtotal(l=0) ave= 2.142E+00 +/- 30.90 % Gtotal(l=1) ave= 9.795E-01 +/- 26.05 % Gtotal(l=2) ave= 8.305E-01 +/- 0.00 % Gtotal(l=3) ave= 0.000E+00 +/- 0.00 %  % || Gg(l=0) ave= 1.299E+00 +/- 22.62 % Gg(l=1) ave= 9.237E-01 +/- 29.29 % Gg(l=2) ave= 8.305E-01 +/- 0.00 % Gg(l=3) ave= 0.000E+00 +/- 0.00 %  % || D(l=0) ave= 5.084E+02 +/- 0.00 % D(l=1) ave= 3.389E+02 +/- 35.36 % D(l=2) ave= 2.542E+02 +/- 0.00 % D(l=3) ave= 0.000E+00 +/- 0.00 %  % || S(l=0) ave= 3.464E-02 +/- 78.57 % S(l=1) ave= 6.326E-03 +/- 120.63 % S(l=2) ave= 1.097E-03 +/- 0.00 % S(l=3) ave= 0.000E+00 +/- 0.00 % 
 ... random file  3 Cap(th)  ave= 4.132E+00 b. +/- 30.65 % || Ela(th) ave= 5.311E+00 b. +/- 15.43 % || RIcap ave= 1.57E+01 b. +/- 4.67 % || Macs30 ave= 1.83E-01 b. +/- 0.11 % || Gn^0(l=0) ave= 5.647E+00 +/- 101.73 % Gn^0(l=1) ave= 5.996E+00 +/- 90.25 % Gn^0(l=2) ave= 6.338E-01 +/- 17.65 % Gn^0(l=3) ave= 0.000E+00 +/- 0.00 % || Gtotal(l=0) ave= 2.531E+00 +/- 34.97 % Gtotal(l=1) ave= 1.019E+00 +/- 22.71 % Gtotal(l=2) ave= 9.468E-01 +/- 12.28 % Gtotal(l=3) ave= 0.000E+00 +/- 0.00 %  % || Gg(l=0) ave= 1.355E+00 +/- 20.10 % Gg(l=1) ave= 9.357E-01 +/- 25.14 % Gg(l=2) ave= 9.468E-01 +/- 12.28 % Gg(l=3) ave= 0.000E+00 +/- 0.00 %  % || D(l=0) ave= 5.084E+02 +/- 0.00 % D(l=1) ave= 3.813E+02 +/- 33.33 % D(l=2) ave= 2.542E+02 +/- 0.00 % D(l=3) ave= 0.000E+00 +/- 0.00 %  % || S(l=0) ave= 4.407E-02 +/- 65.07 % S(l=1) ave= 8.311E-03 +/- 89.63 % S(l=2) ave= 9.323E-04 +/- 17.65 % S(l=3) ave= 0.000E+00 +/- 0.00 % 
 ... random file  4 Cap(th)  ave= 4.037E+00 b. +/- 28.45 % || Ela(th) ave= 5.174E+00 b. +/- 15.13 % || RIcap ave= 1.55E+01 b. +/- 5.04 % || Macs30 ave= 1.83E-01 b. +/- 0.12 % || Gn^0(l=0) ave= 4.537E+00 +/- 123.37 % Gn^0(l=1) ave= 7.323E+00 +/- 75.38 % Gn^0(l=2) ave= 6.833E-01 +/- 16.84 % Gn^0(l=3) ave= 0.000E+00 +/- 0.00 % || Gtotal(l=0) ave= 2.602E+00 +/- 30.91 % Gtotal(l=1) ave= 1.064E+00 +/- 21.20 % Gtotal(l=2) ave= 9.474E-01 +/- 10.02 % Gtotal(l=3) ave= 0.000E+00 +/- 0.00 %  % || Gg(l=0) ave= 1.222E+00 +/- 29.44 % Gg(l=1) ave= 9.639E-01 +/- 22.60 % Gg(l=2) ave= 9.474E-01 +/- 10.02 % Gg(l=3) ave= 0.000E+00 +/- 0.00 %  % || D(l=0) ave= 5.084E+02 +/- 0.00 % D(l=1) ave= 4.067E+02 +/- 30.62 % D(l=2) ave= 2.542E+02 +/- 0.00 % D(l=3) ave= 0.000E+00 +/- 0.00 %  % || S(l=0) ave= 4.984E-02 +/- 56.43 % S(l=1) ave= 1.014E-02 +/- 74.97 % S(l=2) ave= 1.005E-03 +/- 16.84 % S(l=3) ave= 0.000E+00 +/- 0.00 % 
 ... random file  5 Cap(th)  ave= 4.006E+00 b. +/- 26.23 % || Ela(th) ave= 5.073E+00 b. +/- 14.77 % || RIcap ave= 1.57E+01 b. +/- 5.47 % || Macs30 ave= 1.83E-01 b. +/- 0.14 % || Gn^0(l=0) ave= 3.797E+00 +/- 141.44 % Gn^0(l=1) ave= 8.251E+00 +/- 66.05 % Gn^0(l=2) ave= 7.123E-01 +/- 15.66 % Gn^0(l=3) ave= 0.000E+00 +/- 0.00 % || Gtotal(l=0) ave= 2.787E+00 +/- 30.25 % Gtotal(l=1) ave= 1.062E+00 +/- 19.41 % Gtotal(l=2) ave= 9.652E-01 +/- 9.10 % Gtotal(l=3) ave= 0.000E+00 +/- 0.00 %  % || Gg(l=0) ave= 1.268E+00 +/- 27.14 % Gg(l=1) ave= 9.500E-01 +/- 21.18 % Gg(l=2) ave= 9.652E-01 +/- 9.10 % Gg(l=3) ave= 0.000E+00 +/- 0.00 %  % || D(l=0) ave= 5.084E+02 +/- 0.00 % D(l=1) ave= 4.237E+02 +/- 28.28 % D(l=2) ave= 2.542E+02 +/- 0.00 % D(l=3) ave= 0.000E+00 +/- 0.00 %  % || S(l=0) ave= 5.382E-02 +/- 50.49 % S(l=1) ave= 1.143E-02 +/- 65.74 % S(l=2) ave= 1.048E-03 +/- 15.66 % S(l=3) ave= 0.000E+00 +/- 0.00 % 
 ... random file  6 Cap(th)  ave= 4.089E+00 b. +/- 24.31 % || Ela(th) ave= 4.924E+00 b. +/- 15.93 % || RIcap ave= 1.55E+01 b. +/- 5.79 % || Macs30 ave= 1.83E-01 b. +/- 0.15 % || Gn^0(l=0) ave= 5.353E+00 +/- 117.03 % Gn^0(l=1) ave= 7.220E+00 +/- 78.14 % Gn^0(l=2) ave= 7.123E-01 +/- 15.66 % Gn^0(l=3) ave= 0.000E+00 +/- 0.00 % || Gtotal(l=0) ave= 2.507E+00 +/- 41.43 % Gtotal(l=1) ave= 1.025E+00 +/- 20.53 % Gtotal(l=2) ave= 9.652E-01 +/- 9.10 % Gtotal(l=3) ave= 0.000E+00 +/- 0.00 %  % || Gg(l=0) ave= 1.181E+00 +/- 32.44 % Gg(l=1) ave= 9.297E-01 +/- 20.75 % Gg(l=2) ave= 9.652E-01 +/- 9.10 % Gg(l=3) ave= 0.000E+00 +/- 0.00 %  % || D(l=0) ave= 5.084E+02 +/- 0.00 % D(l=1) ave= 3.995E+02 +/- 31.49 % D(l=2) ave= 2.542E+02 +/- 0.00 % D(l=3) ave= 0.000E+00 +/- 0.00 %  % || S(l=0) ave= 4.903E-02 +/- 56.61 % S(l=1) ave= 1.001E-02 +/- 77.61 % S(l=2) ave= 1.048E-03 +/- 15.66 % S(l=3) ave= 0.000E+00 +/- 0.00 % 
 ... random file  7 Cap(th)  ave= 3.987E+00 b. +/- 24.29 % || Ela(th) ave= 4.815E+00 b. +/- 16.37 % || RIcap ave= 1.53E+01 b. +/- 7.27 % || Macs30 ave= 1.83E-01 b. +/- 0.18 % || Gn^0(l=0) ave= 4.696E+00 +/- 130.16 % Gn^0(l=1) ave= 8.134E+00 +/- 71.36 % Gn^0(l=2) ave= 7.757E-01 +/- 20.80 % Gn^0(l=3) ave= 0.000E+00 +/- 0.00 % || Gtotal(l=0) ave= 2.521E+00 +/- 38.57 % Gtotal(l=1) ave= 1.035E+00 +/- 19.18 % Gtotal(l=2) ave= 1.000E+00 +/- 10.50 % Gtotal(l=3) ave= 0.000E+00 +/- 0.00 %  % || Gg(l=0) ave= 1.088E+00 +/- 40.09 % Gg(l=1) ave= 9.302E-01 +/- 19.39 % Gg(l=2) ave= 1.000E+00 +/- 10.50 % Gg(l=3) ave= 0.000E+00 +/- 0.00 %  % || D(l=0) ave= 5.084E+02 +/- 0.00 % D(l=1) ave= 4.131E+02 +/- 29.79 % D(l=2) ave= 2.542E+02 +/- 0.00 % D(l=3) ave= 0.000E+00 +/- 0.00 %  % || S(l=0) ave= 5.201E-02 +/- 52.17 % S(l=1) ave= 1.127E-02 +/- 70.93 % S(l=2) ave= 1.141E-03 +/- 20.80 % S(l=3) ave= 0.000E+00 +/- 0.00 % 
 ... random file  8 Cap(th)  ave= 3.882E+00 b. +/- 24.73 % || Ela(th) ave= 4.875E+00 b. +/- 15.64 % || RIcap ave= 1.52E+01 b. +/- 6.89 % || Macs30 ave= 1.83E-01 b. +/- 0.17 % || Gn^0(l=0) ave= 4.185E+00 +/- 141.97 % Gn^0(l=1) ave= 8.463E+00 +/- 65.59 % Gn^0(l=2) ave= 7.432E-01 +/- 22.10 % Gn^0(l=3) ave= 0.000E+00 +/- 0.00 % || Gtotal(l=0) ave= 2.570E+00 +/- 36.07 % Gtotal(l=1) ave= 1.047E+00 +/- 18.18 % Gtotal(l=2) ave= 9.780E-01 +/- 11.02 % Gtotal(l=3) ave= 0.000E+00 +/- 0.00 %  % || Gg(l=0) ave= 1.054E+00 +/- 39.99 % Gg(l=1) ave= 9.354E-01 +/- 18.25 % Gg(l=2) ave= 9.780E-01 +/- 11.02 % Gg(l=3) ave= 0.000E+00 +/- 0.00 %  % || D(l=0) ave= 5.084E+02 +/- 0.00 % D(l=1) ave= 4.237E+02 +/- 28.28 % D(l=2) ave= 2.542E+02 +/- 0.00 % D(l=3) ave= 0.000E+00 +/- 0.00 %  % || S(l=0) ave= 5.425E-02 +/- 48.58 % S(l=1) ave= 1.173E-02 +/- 65.21 % S(l=2) ave= 1.093E-03 +/- 22.10 % S(l=3) ave= 0.000E+00 +/- 0.00 % 
 ... random file  9 Cap(th)  ave= 3.678E+00 b. +/- 29.85 % || Ela(th) ave= 4.943E+00 b. +/- 15.21 % || RIcap ave= 1.49E+01 b. +/- 8.99 % || Macs30 ave= 1.83E-01 b. +/- 0.19 % || Gn^0(l=0) ave= 3.776E+00 +/- 152.75 % Gn^0(l=1) ave= 8.672E+00 +/- 61.16 % Gn^0(l=2) ave= 7.141E-01 +/- 23.52 % Gn^0(l=3) ave= 0.000E+00 +/- 0.00 % || Gtotal(l=0) ave= 2.577E+00 +/- 34.14 % Gtotal(l=1) ave= 1.038E+00 +/- 17.62 % Gtotal(l=2) ave= 9.574E-01 +/- 11.67 % Gtotal(l=3) ave= 0.000E+00 +/- 0.00 %  % || Gg(l=0) ave= 9.917E-01 +/- 44.57 % Gg(l=1) ave= 9.203E-01 +/- 18.27 % Gg(l=2) ave= 9.574E-01 +/- 11.67 % Gg(l=3) ave= 0.000E+00 +/- 0.00 %  % || D(l=0) ave= 5.084E+02 +/- 0.00 % D(l=1) ave= 4.321E+02 +/- 26.96 % D(l=2) ave= 2.542E+02 +/- 0.00 % D(l=3) ave= 0.000E+00 +/- 0.00 %  % || S(l=0) ave= 5.619E-02 +/- 45.69 % S(l=1) ave= 1.202E-02 +/- 60.81 % S(l=2) ave= 1.050E-03 +/- 23.52 % S(l=3) ave= 0.000E+00 +/- 0.00 % 
 ... random file  10 Cap(th)  ave= 3.772E+00 b. +/- 28.85 % || Ela(th) ave= 4.944E+00 b. +/- 14.50 % || RIcap ave= 1.52E+01 b. +/- 9.60 % || Macs30 ave= 1.83E-01 b. +/- 0.20 % || Gn^0(l=0) ave= 4.515E+00 +/- 132.35 % Gn^0(l=1) ave= 7.945E+00 +/- 69.90 % Gn^0(l=2) ave= 7.141E-01 +/- 23.52 % Gn^0(l=3) ave= 0.000E+00 +/- 0.00 % || Gtotal(l=0) ave= 2.444E+00 +/- 38.42 % Gtotal(l=1) ave= 9.937E-01 +/- 22.46 % Gtotal(l=2) ave= 9.574E-01 +/- 11.67 % Gtotal(l=3) ave= 0.000E+00 +/- 0.00 %  % || Gg(l=0) ave= 9.871E-01 +/- 42.72 % Gg(l=1) ave= 8.869E-01 +/- 21.65 % Gg(l=2) ave= 9.574E-01 +/- 11.67 % Gg(l=3) ave= 0.000E+00 +/- 0.00 %  % || D(l=0) ave= 5.084E+02 +/- 0.00 % D(l=1) ave= 4.160E+02 +/- 29.40 % D(l=2) ave= 2.542E+02 +/- 0.00 % D(l=3) ave= 0.000E+00 +/- 0.00 %  % || S(l=0) ave= 5.258E-02 +/- 51.35 % S(l=1) ave= 1.102E-02 +/- 69.47 % S(l=2) ave= 1.050E-03 +/- 23.52 % S(l=3) ave= 0.000E+00 +/- 0.00 % 
 ... Histogram plot for thermal (n,g)
 ... Write covariances  ... MT1  ... plot correlations
 ... MT2  ... MT102 


 ================================================
 ============== From 10 random values === start ======
 Thermal (n,tot) xs  0 K =  8.71555 b. +/- 1.47113 b. ( 16.8793 %) skew= +1.22 +/- 0.66
 Thermal (n,el) xs   0 K =  4.9437 b. +/- 0.716624 b. ( 14.4957 %) skew= +0.63 +/- 0.66
 Thermal (n,g) xs    0 K =  3.77185 b. +/- 1.08822 b. ( 28.851 %) skew= +0.14 +/- 0.66
 RI      (n,g)       0 K =  15.1561 b. +/- 1.4552 b. ( 9.60142 %) 
 MACS    (n,g)       0 K (at Emacs= 30000 eV) =  0.183178 b. +/- 0.000369614 b. ( 0.201779 %) 
 Ave. Gtotal  L=0        =  2.444E+00 +/- 38.42 %
 Ave. Gn^(0)  L=0        =  4.515E+00 +/- 132.35 %
 Ave. Gg      L=0        =  9.871E-01 +/- 42.72 %
 Ave. D       L=0        =  5.084E+02 +/- 0.00 %
 Ave. S       L=0        =  5.258E-02 +/- 51.35 %
 Ave. Gtotal  L=1        =  9.937E-01 +/- 22.46 %
 Ave. Gn^(1)  L=1        =  7.945E+00 +/- 69.90 %
 Ave. Gg      L=1        =  8.869E-01 +/- 21.65 %
 Ave. D       L=1        =  4.160E+02 +/- 29.40 %
 Ave. S       L=1        =  1.102E-02 +/- 69.47 %
 Ave. Gtotal  L=2        =  9.574E-01 +/- 11.67 %
 Ave. Gn^(2)  L=2        =  7.141E-01 +/- 23.52 %
 Ave. Gg      L=2        =  9.574E-01 +/- 11.67 %
 Ave. D       L=2        =  2.542E+02 +/- 0.00 %
 Ave. S       L=2        =  1.050E-03 +/- 23.52 %

 Expected Thermal (n,g) (syst or meas)= 6.90698 b. +/- 4.83489 b. nominal: 4.05621 b.
 ratio Calculated/expected thermal (n,g): 0.55 ratio DCalculated/Dexpected: 0.23 ratio Calculated/Nominal: 0.93
 ============== From 10 random values ===== stop ======
 ================================================
 ... Calculation of (n,a) and (n,p) cross sections at 300 K
 ... thermal (n,a) cross section is 0.00113124 +/- 0.000565622 b.
 ... thermal (n,a) cross section is 0.00209198 b. (random case 1)
 ... thermal (n,a) cross section is 0.00100821 b. (random case 2)
 ... thermal (n,a) cross section is 0.000584472 b. (random case 3)
 ... thermal (n,a) cross section is 0.000665019 b. (random case 4)
 ... thermal (n,a) cross section is 0.000587024 b. (random case 5)
 ... thermal (n,a) cross section is 0.00133475 b. (random case 6)
 ... thermal (n,a) cross section is 0.00136749 b. (random case 7)
 ... thermal (n,a) cross section is 0.000620909 b. (random case 8)
 ... thermal (n,a) cross section is 0.00047268 b. (random case 9)
 ... thermal (n,a) cross section is 0.00119246 b. (random case 10)
 ... thermal (n,p) cross section is 0.00113124 +/- 0.000565622 b.
 ... thermal (n,p) cross section is 0.000919369 b. (random case 1)
 ... thermal (n,p) cross section is 0.000954091 b. (random case 2)
 ... thermal (n,p) cross section is 0.00153961 b. (random case 3)
 ... thermal (n,p) cross section is 0.00019858 b. (random case 4)
 ... thermal (n,p) cross section is 0.00144309 b. (random case 5)
 ... thermal (n,p) cross section is 0.00173243 b. (random case 6)
 ... thermal (n,p) cross section is 0.0010626 b. (random case 7)
 ... thermal (n,p) cross section is 0.000499191 b. (random case 8)
 ... thermal (n,p) cross section is 0.00147776 b. (random case 9)
 ... thermal (n,p) cross section is 0.00130615 b. (random case 10)
 ... Rewrite index for MF2
 ... Write text for MF1 in file mf1.tares.txt
 ... plotting cross sections for the MF1
 ... order output files


================== summary ==================
 Thermal (n,tot) xs = 8.79675 b. 
 Thermal (n,el)  xs = 4.73828 b. 
 Thermal (n,g)   xs = 4.05621 b. (meas/sys: 6.90698 b.)
 At 300 K (thermal adjustment): (n,el) = 4.76433 b., (n,g) = 4.05839 b.

 RI      (n,g)      = 14.9239 b. (meas or sys: - b.)
 RI      (n,el)     = 40.7556 b.
=============================================


 ... cleaning
                                                 
  -------------------------------------------------------------
  -                                                           -
  - TARES: successful end of run with data from hypothetical  -
  - resonances for  Z= 43,  A= 93 and isomer= 1               -
  - half-life: 43.500000 min. 
  -                                                           -
  -------------------------------------------------------------

   Running time:       8 seconds

 End time: Fri Oct  9 11:10:32 2026

