
  -------------------------------------------------------------
  -                                                           -
  -              Welcome to TARES version 1.8                 -
  -                                                           -
  -  (C) Copyright 2007-2025 D. Rochman, All Rights Reserved  -
  -           NRG, Petten, the Netherlands 2007-2014          -
  -           PSI, Villigen    Switzerland 2015-2025          -
  -         Nagra, Wettingen   Switzerland 2025-              -
  -           (Last Modified October 06, 2026)                -
  -           (Database from October 06, 2026)                -
  -                                                           -
  -------------------------------------------------------------


  ---------------------------------------------
   Compilation information:
   Compiled on:         Oct  8 2026, 18:36:06
   Compiled by:         koning
   Compiler version:    clang++ - 21.0.0
   Source location:     /Users/koning/tares-1.8/source/Module/
   Binaries location:   /Users/koning/bin
   System:              Darwin 25.6.0
   System version:      Darwin Kernel Version 25.6.0: Fri Jul 31 19:19:08 PDT 2026; root:xnu-12377.161.14~5/RELEASE_ARM64_T6050  
   Machine:             arm64 
  ---------------------------------------------

   User information:
   User name:           koning
   Running directory:   /Users/koning/tendl/resbase/Xe126/work
   Owner mode for running directory : rwx
   Group mode for running directory : r-x
  ---------------------------------------------


 Starting time: Fri Oct  9 10:39:04 2026
 ... inputs directory found (/Users/koning/tares-1.8/source/Module//../../inputs/).
 ... It will be used for resonance parameters 
 ... ###############################################
 ... #     read the input file tares.inp
 ... ###############################################
 ... line: #
 ... line: # Input file generated by Autorochman
          --> line not read
 ... line: #
 ... line: isotope    Xe
          --> Isotope name: Xe
 ... line: mass       126
          --> isotopic mass: 126
 ... line: output     n-Xe126
         ---> Name of the output files: n-Xe126
 ... line: isomer     0
          --> isomeric state: 0
 ... line: mf32mf33   y
          --> MF33 based on MF32: y
 ... line: nbrRandom  20
          --> Nbr of random files: 20
 ... ###############################################
 ... # end read the input file tares.inp
 ... ###############################################
Value for random generator type not considered in since Tares 1.7 due to compilation issues

 ... ###############################################
     #   Interpretation of the Input definition    #
     ###############################################

 ... Default energy limit: End of resonance region
 ... Nuclear charge    = 54
 ... Element           = Xe
 ... Mass              = 126
 ... Isomer            = 0
 ... Correlation for (Gn,Gg) not included in random files
 ... Default random option: No random
 ... Output name: n-Xe126
 ... Energy for the MACS: 30000 eV
 ... Resonances from CALENDF reduced (reduce=y) 
 ... For URR, level density model from TALYS selected: 91n3n12611.2850 (see manual for description)
 ... Random Generator: default (pseudo random numbers from ansi c++)
 ... Reconstruction of cross section selected
 ... Doppler broadening at 0 Kelvin
 ... Default formalism: Multi Level Breit Wigner (from file best.tendl.yes)
 ... URR not included (from the input file flag)
 ... Weight for grouping is flat
 ... Calculation of (n,alpha) cross section selected
 ... Number of digit for MF32c covariance representation: 2
 ... MF32 included
 ... MF33 will be used for covariance processing
 ... TENDL option set to yes (automatic choice of MF2 and format)
 ... default option: Multi level Breit Wigner approximation selected
 ... (check file best.tendl.yes for changing this option)
 ... Retroactive option set to no with the 2025 option
 ... ladder option set to yes (CALENDF will be used for statistical resonances)

 ... ###############################################
     #           End of Input definition           #
     ###############################################

 ... gnuplot found, will be used for plotting
 ... latex found, will be used for plotting
 ... dvips found, will be used for plotting
 ... ps2epsi not found, limited plotting available
 ... uncertainties on default parameters multiplied by 1.1192
 ... Read resonance data from the 2025 directory
 ... Resonance parameters taken from /Users/koning/tares-1.8/source/Module//../../inputs/2025/Resonance/default/
 ---> Processing Z= 54 and A= 126 and isomer= 0 (level number: 0)
Thermal file; Could not open file /Users/koning/tares-1.8/source/Module//../../inputs/2025/runThermal/results//thermal.mxw.ng.cendl3.1
Thermal file; Could not open file /Users/koning/tares-1.8/source/Module//../../inputs/2025/runThermal/results//thermal.mxw.ng.brond3.1
Thermal file; Could not open file /Users/koning/tares-1.8/source/Module//../../inputs/2025/runThermal/results//thermal.xs.ng.unc.cendl3.1
 ... spin taken from the final/ directory (1)
 ... The spin found in level file ( 0 ) and the one in the urr file ( 5.5 ) differ

 ... ###############################################
 ... #  Nucleus global parameters (2025 database)  #
 ... ###############################################
 ... Scattering radius from TALYS: /Users/koning/tares-1.8/source/Module//../../inputs/2025/lib.urr/talys.urr/
 0. Spin of the target isotope: 0
 1. Relative Atomic Mass of the target isotope: 125.904
 2. Isotopic composition of the target isotope: 0.089 %
 3. Scattering radius (local compilation): 6.65972 fm +/- 0.0998958 fm
      .......................................
      ... Thermal capture cross sections: ...
 4. Thermal (sigma0) (n,g) cross section from experiments (local compilation): 2.47 +/- 0.25 b.
 5. Thermal (n,g) cross section from compilation (Firestone-2022 final on element Xe): 24.6 +/- 2.3 b.
 6. Thermal (n,g) cross section from compilation (Mughabghab-2006): 3.5 +/- 0.8 b.
 7. Thermal (n,g) cross section from compilation (Mughabghab-2018): 2.47 +/- 0.25 b.
 8. Thermal Maxwellian (n,g) XS from compilation (Sukhoruchkin-2009): 3.5 +/- 0.8 b.
 9. Thermal Maxwellian (n,g) XS from compilation (Sukhoruchkin-2015): 3.5 +/- 0.8 b.
 10. Thermal (n,g) cross section from EAF-2010: 3.45 b.
 11. Thermal (n,g) cross section from ENDF/B-VI.8: 2.201 b.
 12. Thermal (n,g) cross section from ENDF/B-VIII.1: 3.488 b.
 13. Thermal (n,g) cross section from ENDF/B-VIII.0: 3.499 b.
 14. Thermal (n,g) cross section from JEF2.2: 2.209 b.
 15. Thermal (n,g) cross section from TENDL-2023: 2.47 +/- 0.1976 b.
 16. Thermal (n,g) cross section from JEFF-3.3: 3.498 +/- 0.7721 b.
 17. Thermal (n,g) cross section from JEFF-4.0: 2.47 +/- 0.2103 b.
 18. Thermal (n,g) cross section from JENDL-5.0: 4.287 b.
      .......................................
      ...  Thermal total cross sections:  ...
      .......................................
      ... Thermal elastic cross sections: ...
 19. Thermal (n,el) cross section from ENDF/B-VIII.1: 5.063 b.
 20. Thermal (n,el) cross section from ENDF/B-VIII.0: 5.063 b.
 21. Thermal (n,el) cross section from ENDF/B-VI.8: 4.328 b.
 22. Thermal (n,el) cross section from JENDL-5.0: 5.407 b.
 23. Thermal (n,el) cross section from JEFF-3.3: 5.508 b.
 24. Thermal (n,el) cross section from potential (4piR^2): 8.36967 +/- 0.418483 b.
      .......................................
             ... Resonance integral: ...
 25. Experimental capture integral (local compilation): 61 +/- 6 b.
 26. Experimental capture integral (Mughabghab): 61 +/- 6 b.
 27. Experimental capture integral (Sukhoruchkin): 67 +/- 6 b.
   ---- MACS 30 keV ----- 
 28. TALYS MACS 30 keV (HF): 0.359946 b. 
 29. Recommended MACS 30 keV from EAF: 0.04 b. 
 30. Recommended MACS 30 keV (local compilation): 0.359 +/- 0.051 b. 
 31. Recommended MACS 30 keV from Kadonis: 0.359 +/- 0.051 b. 
 32. Recommended MACS (Sukhoruchkin): 0.67 +/- 0.16 b.
 33. Recommended MACS (Mughabghab): 0.359 +/- 0.051 b.
   ---------- S0 -------- 
 34. S0 from TALYS: 1.18291
   ---------- S1 -------- 
 35. S1 from TALYS: 1.48748
   ---------- S2 -------- 
 36. S2 from TALYS: 0.830836
   ---------- D0 -------- 
 37. D0 from TALYS: 18.8609 eV
 Correction to D0: 2
 38. Atlas D0: 108 +/- 23
   ---------- D1 -------- 
 39. D1 from TALYS: 6.51743 eV
   ---------- D2 -------- 
 40. D2 from TALYS: 4.20242 eV
   ---------- G0 -------- 
 41. Gg0 from TALYS: 0.0194132 eV
   ---------- G1 -------- 
 42. Gg1 from TALYS: 0.0196245 eV
   ---------- G2 -------- 
 43. Gg2 from TALYS: 0.0187913 eV


   ---------------------- 
 ... Read resonance parameters (format: 2: Multi Level Breit Wigner)
 ... 5 resonances found 
 --> 44. Number of resonances from the input file: 5 up to 2332.5 eV
 45. Read nuclear quantities (mass, MAT...)
 46. Read thermal (n,g) xs 
 47. Read the scattering radius 
 48. Read uncertainty on Gg for 5 resonances
 49. Read uncertainty on Gg for 5 resonances ... done
 ... order resonances 
 ... Upper limit for the RRR: 521 eV (no statistical resonances HFR) from the limit.RRR file
 ... Write parameters for l=0 waves
 ... End writing original MF2 
 ... Enter in urr function (ladder option set to y) for file n-Xe126
 ... read the file /Users/koning/tares-1.8/source/Module//../../inputs/2025/list.jcs.urr to find URR origin
 Default URR taken from TALYS calculations with level density model: 91n3n12611.2850
 File considered for the URR: /Users/koning/tares-1.8/source/Module//../../inputs/2025/lib.urr/talys.urr/91n3n12611.2850/Xe/urr/urr.dat.Xe.126.000.0.gz
 ... Write URR using TALYS average parameters (used for HFR)
 ... Limit of URR changed to 25 keV (recommendation from WPEC and JEFF)
 ... ---> Emax(RRR) taken from the file limit.ladder: 5000 eV <---
 ... (File limit.ladder: /Users/koning/tares-1.8/source/Module//../../inputs/2025/limit.ladder.91n3n12611.2850)
 ... read D0, S0, Gn and Gg
 ... number of URR energies: 240
 Number of l: 240 and last energy: 5
 Last  URR energy: 5000 eV
 ... Enter in to_MLBW_mf2 function
 ... Convert to Multi Level Breit Wigner (MLBW)
 ... Gn-Gg correlations: calculated capture kernel used for 5 evaluated resonances (no measured kernel)
 ... Write parameter covariances (MF32) for l=0
 ... Convert parameter covariances (MF32) to MLBW
 ... copy the mf2 and mf32 to .mlbw files
 ... Enter in urr_correct function case 1
 Modify the higher limit of RRR in MF2
 --> old value: 5.210000+2 eV new value: 5.210000+2 eV
 Modify resonance covariances (MF32) to include correlations in the URR
 End Modify resonance covariances (MF32) to include correlations in the URR
 ... Enter in calendf_xs function
 Use CALENDF for statistical resonances (update MF2) up to 5.000000+3 eV (initial limit)
 Extract resonances from CALENDF for RRR->URR 2
 1016 statistical resonances found
 After reduction, 819 statistical resonances found
 ... checking resonance order 1
 ... checking resonance order 2nd round for 819 resonances
 ... end checking resonance order 2nd round
 .......................................................
 ... Adjustment to the thermal cross section : start ...
 .......................................................

 Before adjustment (adjustment to the thermal cross section set to y)
 ... Import MF2 from TARES calculations
 ... End energy of TARES MF2 : 4.971630E+3 eV and limit to 40000 resonances
 ... File used for reconstruction: new.temp22.reconst
 ... run RECENT ...
 ... Doppler broadened at a unique temperature: 300 Kelvin using sigma1
 ... run SIGMA1 at 3.000000E+02 K.

 ============== INTER values at 300 Kelvin ==============
 Thermal (n,g) xs =  0.342958 b. (meas/sys: 2.47 b.) (warning: comparison to be done at 296 or 300 K)
 Th Maxw (n,g) xs =  0.34503 b. (thermal Maxwellian value)
 Westcott factor  =  1.00603
 RI      (n,g)    =  13.6786 b. (meas or sys: 61 b.)
 MACS 3.000e+04 eV=  0.34868 b. (meas or sys: - b.) from 1.00E+00 to 2.00E+07 eV (end of RRR) at T= 300 Kelvin 
 Thermal (n,el) xs=  5.09905 b.
 RI      (n,el)   =  72.4468 b.
 ============= PSYCHE values ==============
 Ave. G_total L0  =  0.136795 eV
 Ave. G_total L1  =  0.0201085 eV
 Ave. G_total L2  =  0.0183548 eV
 Ave. Gn_0    L0  =  0.00241708
 Ave. Gn_0    L1  =  0.00285337
 Ave. Gn_0    L2  =  0.00100645
 Ave. Gg      L0  =  0.0211067 eV
 Ave. Gg      L1  =  0.0191919 eV
 Ave. Gg      L2  =  0.0183546 eV
 Ave. D       L0  =  38.2433 eV
 Ave. D       L1  =  17.7558 eV
 Ave. D       L2  =  12.3366 eV
 Ave. S       L0  =  6.36889e-05 eV
 Ave. S       L1  =  7.56029e-05 eV
 Ave. S       L2  =  4.256e-05 eV
 =========================================
 Calculated capture integral   13.6786 b.
 Calculated thermal (n,g)=          .342957552 b. and recommended= 2.47 b. (C/E= 0.138849)
 Calculated RI      (n,g)= 13.6786 b. and recommended= 61 b. (C/E= 0.224239)
 ... tolerances: thermal (n,g) 10.1215 %, RI(n,g) 9.83607 % (reference uncertainties, minimum 2% and 5%, maximum 20%)
 Adjust the capture widths ...
 ... capture adjusted with Gn for 732 resonances (Gn<Gg) and with Gg for 87 resonances
 ... iteration 0: C/E thermal (n,g)= 0.138849
 ...             C/E RI (n,g)= 0.224241  [RRR: 11.9331 b. + above RRR: 1.74566 b. ; reference: 61 b.]

 <-------- After adjustment -------->
 ... Import MF2 from TARES calculations
 ... End energy of TARES MF2 : 4.971630E+3 eV and limit to 40000 resonances
 ... File used for reconstruction: new.temp22.reconst
 ... run RECENT ...
 ... Doppler broadened at a unique temperature: 300 Kelvin using sigma1
 ... run SIGMA1 at 3.000000E+02 K.

 ============== INTER values at 300 Kelvin ==============
 Thermal (n,g) xs =  2.2694 b. (meas/sys: 2.47 b.) (warning: comparison to be done at 296 or 300 K)
 Th Maxw (n,g) xs =  2.2831 b. (thermal Maxwellian value)
 Westcott factor  =  1.00603
 RI      (n,g)    =  59.6058 b. (meas or sys: 61 b.)
 MACS 3.000e+04 eV=  0.37354 b. (meas or sys: - b.) from 1.00E+00 to 2.00E+07 eV (end of RRR) at T= 300 Kelvin 
 Thermal (n,el) xs=  4.6985 b.
 RI      (n,el)   =  75.5722 b.
 ============= PSYCHE values ==============
 Ave. G_total L0  =  0.225723 eV
 Ave. G_total L1  =  0.0252571 eV
 Ave. G_total L2  =  0.0183564 eV
 Ave. Gn_0    L0  =  0.0027802
 Ave. Gn_0    L1  =  0.0188812
 Ave. Gn_0    L2  =  0.00665983
 Ave. Gg      L0  =  0.0958813 eV
 Ave. Gg      L1  =  0.0191919 eV
 Ave. Gg      L2  =  0.0183546 eV
 Ave. D       L0  =  38.2433 eV
 Ave. D       L1  =  17.7558 eV
 Ave. D       L2  =  12.3366 eV
 Ave. S       L0  =  7.32568e-05 eV
 Ave. S       L1  =  0.000500275 eV
 Ave. S       L2  =  0.000281626 eV
 =========================================
 ... iteration 1: C/E thermal (n,g)= 0.918785
 ...             C/E RI (n,g)= 0.977149  [RRR: 57.8593 b. + above RRR: 1.74684 b. ; reference: 61 b.]


 ... ratio C/E thermal (n,g): 9.187847E-01
 ...................................................... 
 ... Adjustment to the thermal cross section : stop ...
 ...................................................... 
 ... new MF2 file after adjustment: n-Xe126
 ... read the file /Users/koning/tares-1.8/source/Module//../../inputs/2025/list.jcs.urr to find URR origin
 Default URR taken from TALYS calculations with level density model: 91n3n12611.2850
 File considered for the URR: /Users/koning/tares-1.8/source/Module//../../inputs/2025/lib.urr/talys.urr/91n3n12611.2850/Xe/urr/urr.dat.Xe.126.000.0.gz
 ... Write URR using TALYS average parameters (not used for HFR)
 ... Limit of URR changed to 25 keV (recommendation from WPEC and JEFF)
 Energy limit of the URR set to 6463.12 eV
 ... read D0, S0, Gn and Gg
 ... number of URR energies: 15
 Number of l: 15 and last energy: 5
 Last  URR energy: 6463.12 eV
 ... Enter in urr_correct function case 2
 Modify the higher limit of RRR in MF2
 --> old value: 4.971630+3 eV new value: 4.971630+3 eV
 Modify resonance covariances (MF32) to include correlations in the URR
 End Modify resonance covariances (MF32) to include correlations in the URR
 ... Enter in update_MF32 function
 ... Change uncertainties
 ... for the HFR, random position of the positive resonances with 0.022384 %
 ... MF32: 3 energy correlation lines (time of flight) for the first 3 evaluated resonances
 ... end of update MF32 function
 ... GLS calculation of the parameter correlations from the thermal/RI adjustment (MF32c)
 ... MF32: correlations from the thermal/RI adjustment (GLS) for 5 resonances (10 widths), 11 correlation lines
 ...   thermal (n,g): uncertainty from these widths 0.15161 b. -> 0.128295 b. (reference: 2.47 +/- 0.25 b.)
 ...   RI(n,g): uncertainty from these widths 1.18057 b. -> 1.03907 b. (reference: 61 +/- 6 b.)
 ... copy the mf2 and mf32 to .mlbw files

 ... Start of final reconstruction and testing ...
 ... Reconstruction of cross sections at 0 Kelvin  ... Import MF2 from TARES calculations
 ... End energy of TARES MF2 : 4.971630E+3 eV and limit to 40000 resonances
 ... File used for reconstruction: n-Xe126.reconst
 ... run RECENT ...
 ... Doppler broadened at a unique temperature: 0 Kelvin using sigma1
 ... The keyword temperature is zero, no Doppler broadening for the MACS

 ============== INTER values at 0 Kelvin ==============
 Thermal (n,g) xs =  2.26818 b. (meas/sys: 2.47 b.) (warning: comparison to be done at 296 or 300 K)
 Th Maxw (n,g) xs =  2.27 b. (thermal Maxwellian value)
 Westcott factor  =  1.00079
 RI      (n,g)    =  59.6534 b. (meas or sys: 61 b.)
 MACS 3.000e+04 eV=  0.3715 b. (meas or sys: - b.) from 1.00E+00 to 4.97E+03 eV (end of RRR) at T= 0 Kelvin 
 Thermal (n,el) xs=  4.67952 b.
 RI      (n,el)   =  75.5654 b.
 ============= PSYCHE values ==============
 Ave. G_total L0  =  0.225723 eV
 Ave. G_total L1  =  0.0252571 eV
 Ave. G_total L2  =  0.0183564 eV
 Ave. Gn_0    L0  =  0.0027802
 Ave. Gn_0    L1  =  0.0188812
 Ave. Gn_0    L2  =  0.00665983
 Ave. Gg      L0  =  0.0958813 eV
 Ave. Gg      L1  =  0.0191919 eV
 Ave. Gg      L2  =  0.0183546 eV
 Ave. D       L0  =  38.2433 eV
 Ave. D       L1  =  17.7558 eV
 Ave. D       L2  =  12.3366 eV
 Ave. S       L0  =  7.32568e-05 eV
 Ave. S       L1  =  0.000500275 eV
 Ave. S       L2  =  0.000281626 eV
 =========================================
 ... End of final reconstruction and testing ...

 ... grouping is not optimum, change to 70 groups
 ... Produce MF33 based on MF32 and 20 random files
 ... MF3 of n-Xe126.reconst (3 sections) added to the files for ENDSAM
 ... run endsam for 20 in groups of 1 global run
 ... run endsam from 1 to 20
 ... random files: total width GT set to Gn+Gg+Gf (16380 resonances in 20 files)
 ... reorder resonance position after endsam (sampling)
 ... preparing the vectors  ... done
 ... nominal file 0 Cap(th)  ave= 2.268E+00 b. +/- 0.00 % || Ela(th) ave= 4.680E+00 b. +/- 0.00 % || RIcap ave= 5.97E+01 b. +/- 0.00 % || Macs30 ave= 3.71E-01 b. +/- 0.00 % || Gn^0(l=0) ave= 2.780E-03 +/- 0.00 % Gn^0(l=1) ave= 1.888E-02 +/- 0.00 % Gn^0(l=2) ave= 6.660E-03 +/- 0.00 % Gn^0(l=3) ave= 0.000E+00 +/- 0.00 % || Gtotal(l=0) ave= 2.257E-01 +/- 0.00 % Gtotal(l=1) ave= 2.526E-02 +/- 0.00 % Gtotal(l=2) ave= 1.836E-02 +/- 0.00 % Gtotal(l=3) ave= 0.000E+00 +/- 0.00 %  % || Gg(l=0) ave= 9.588E-02 +/- 0.00 % Gg(l=1) ave= 1.919E-02 +/- 0.00 % Gg(l=2) ave= 1.835E-02 +/- 0.00 % Gg(l=3) ave= 0.000E+00 +/- 0.00 %  % || D(l=0) ave= 3.824E+01 +/- 0.00 % D(l=1) ave= 1.776E+01 +/- 0.00 % D(l=2) ave= 1.234E+01 +/- 0.00 % D(l=3) ave= 0.000E+00 +/- 0.00 %  % || S(l=0) ave= 7.326E-05 +/- 0.00 % S(l=1) ave= 5.003E-04 +/- 0.00 % S(l=2) ave= 2.816E-04 +/- 0.00 % S(l=3) ave= 0.000E+00 +/- 0.00 % 
 ... random file  1 Cap(th)  ave= 2.299E+00 b. +/- 1.33 % || Ela(th) ave= 5.098E+00 b. +/- 8.22 % || RIcap ave= 5.99E+01 b. +/- 0.37 % || Macs30 ave= 3.72E-01 b. +/- 0.01 % || Gn^0(l=0) ave= 2.843E-03 +/- 2.22 % Gn^0(l=1) ave= 1.735E-02 +/- 8.80 % Gn^0(l=2) ave= 5.667E-03 +/- 17.52 % Gn^0(l=3) ave= 0.000E+00 +/- 0.00 % || Gtotal(l=0) ave= 2.271E-01 +/- 0.60 % Gtotal(l=1) ave= 2.537E-02 +/- 0.43 % Gtotal(l=2) ave= 1.852E-02 +/- 0.88 % Gtotal(l=3) ave= 0.000E+00 +/- 0.00 %  % || Gg(l=0) ave= 9.583E-02 +/- 0.05 % Gg(l=1) ave= 1.930E-02 +/- 0.58 % Gg(l=2) ave= 1.852E-02 +/- 0.88 % Gg(l=3) ave= 0.000E+00 +/- 0.00 %  % || D(l=0) ave= 3.839E+01 +/- 0.39 % D(l=1) ave= 1.776E+01 +/- 0.00 % D(l=2) ave= 1.234E+01 +/- 0.00 % D(l=3) ave= 0.000E+00 +/- 0.00 %  % || S(l=0) ave= 7.463E-05 +/- 1.84 % S(l=1) ave= 4.598E-04 +/- 8.79 % S(l=2) ave= 2.396E-04 +/- 17.52 % S(l=3) ave= 0.000E+00 +/- 0.00 % 
 ... random file  2 Cap(th)  ave= 2.226E+00 b. +/- 4.76 % || Ela(th) ave= 4.889E+00 b. +/- 9.25 % || RIcap ave= 5.92E+01 b. +/- 1.69 % || Macs30 ave= 3.71E-01 b. +/- 0.10 % || Gn^0(l=0) ave= 2.797E-03 +/- 3.00 % Gn^0(l=1) ave= 1.821E-02 +/- 9.53 % Gn^0(l=2) ave= 6.243E-03 +/- 18.41 % Gn^0(l=3) ave= 0.000E+00 +/- 0.00 % || Gtotal(l=0) ave= 2.254E-01 +/- 1.15 % Gtotal(l=1) ave= 2.551E-02 +/- 0.89 % Gtotal(l=2) ave= 1.847E-02 +/- 0.83 % Gtotal(l=3) ave= 0.000E+00 +/- 0.00 %  % || Gg(l=0) ave= 9.525E-02 +/- 0.87 % Gg(l=1) ave= 1.945E-02 +/- 1.15 % Gg(l=2) ave= 1.847E-02 +/- 0.83 % Gg(l=3) ave= 0.000E+00 +/- 0.00 %  % || D(l=0) ave= 3.834E+01 +/- 0.36 % D(l=1) ave= 1.776E+01 +/- 0.00 % D(l=2) ave= 1.234E+01 +/- 0.00 % D(l=3) ave= 0.000E+00 +/- 0.00 %  % || S(l=0) ave= 7.349E-05 +/- 2.67 % S(l=1) ave= 4.823E-04 +/- 9.51 % S(l=2) ave= 2.640E-04 +/- 18.41 % S(l=3) ave= 0.000E+00 +/- 0.00 % 
 ... random file  3 Cap(th)  ave= 2.258E+00 b. +/- 4.78 % || Ela(th) ave= 4.807E+00 b. +/- 8.67 % || RIcap ave= 5.92E+01 b. +/- 1.47 % || Macs30 ave= 3.71E-01 b. +/- 0.09 % || Gn^0(l=0) ave= 2.816E-03 +/- 2.85 % Gn^0(l=1) ave= 1.841E-02 +/- 8.39 % Gn^0(l=2) ave= 6.375E-03 +/- 16.02 % Gn^0(l=3) ave= 0.000E+00 +/- 0.00 % || Gtotal(l=0) ave= 2.257E-01 +/- 1.02 % Gtotal(l=1) ave= 2.538E-02 +/- 1.18 % Gtotal(l=2) ave= 1.850E-02 +/- 0.80 % Gtotal(l=3) ave= 0.000E+00 +/- 0.00 %  % || Gg(l=0) ave= 9.509E-02 +/- 0.81 % Gg(l=1) ave= 1.932E-02 +/- 1.55 % Gg(l=2) ave= 1.850E-02 +/- 0.80 % Gg(l=3) ave= 0.000E+00 +/- 0.00 %  % || D(l=0) ave= 3.839E+01 +/- 0.39 % D(l=1) ave= 1.776E+01 +/- 0.00 % D(l=2) ave= 1.234E+01 +/- 0.00 % D(l=3) ave= 0.000E+00 +/- 0.00 %  % || S(l=0) ave= 7.392E-05 +/- 2.50 % S(l=1) ave= 4.879E-04 +/- 8.37 % S(l=2) ave= 2.696E-04 +/- 16.02 % S(l=3) ave= 0.000E+00 +/- 0.00 % 
 ... random file  4 Cap(th)  ave= 2.203E+00 b. +/- 6.69 % || Ela(th) ave= 4.781E+00 b. +/- 7.88 % || RIcap ave= 5.87E+01 b. +/- 2.17 % || Macs30 ave= 3.71E-01 b. +/- 0.10 % || Gn^0(l=0) ave= 2.788E-03 +/- 3.27 % Gn^0(l=1) ave= 1.859E-02 +/- 7.67 % Gn^0(l=2) ave= 6.488E-03 +/- 14.50 % Gn^0(l=3) ave= 0.000E+00 +/- 0.00 % || Gtotal(l=0) ave= 2.255E-01 +/- 0.94 % Gtotal(l=1) ave= 2.537E-02 +/- 1.06 % Gtotal(l=2) ave= 1.837E-02 +/- 1.66 % Gtotal(l=3) ave= 0.000E+00 +/- 0.00 %  % || Gg(l=0) ave= 9.544E-02 +/- 1.04 % Gg(l=1) ave= 1.930E-02 +/- 1.39 % Gg(l=2) ave= 1.837E-02 +/- 1.66 % Gg(l=3) ave= 0.000E+00 +/- 0.00 %  % || D(l=0) ave= 3.842E+01 +/- 0.38 % D(l=1) ave= 1.776E+01 +/- 0.00 % D(l=2) ave= 1.234E+01 +/- 0.00 % D(l=3) ave= 0.000E+00 +/- 0.00 %  % || S(l=0) ave= 7.313E-05 +/- 3.12 % S(l=1) ave= 4.925E-04 +/- 7.65 % S(l=2) ave= 2.744E-04 +/- 14.50 % S(l=3) ave= 0.000E+00 +/- 0.00 % 
 ... random file  5 Cap(th)  ave= 2.233E+00 b. +/- 6.77 % || Ela(th) ave= 4.809E+00 b. +/- 7.27 % || RIcap ave= 5.88E+01 b. +/- 2.06 % || Macs30 ave= 3.71E-01 b. +/- 0.09 % || Gn^0(l=0) ave= 2.797E-03 +/- 3.05 % Gn^0(l=1) ave= 1.847E-02 +/- 7.19 % Gn^0(l=2) ave= 6.400E-03 +/- 13.77 % Gn^0(l=3) ave= 0.000E+00 +/- 0.00 % || Gtotal(l=0) ave= 2.259E-01 +/- 0.95 % Gtotal(l=1) ave= 2.541E-02 +/- 1.03 % Gtotal(l=2) ave= 1.840E-02 +/- 1.57 % Gtotal(l=3) ave= 0.000E+00 +/- 0.00 %  % || Gg(l=0) ave= 9.565E-02 +/- 1.06 % Gg(l=1) ave= 1.934E-02 +/- 1.36 % Gg(l=2) ave= 1.840E-02 +/- 1.57 % Gg(l=3) ave= 0.000E+00 +/- 0.00 %  % || D(l=0) ave= 3.844E+01 +/- 0.36 % D(l=1) ave= 1.776E+01 +/- 0.00 % D(l=2) ave= 1.234E+01 +/- 0.00 % D(l=3) ave= 0.000E+00 +/- 0.00 %  % || S(l=0) ave= 7.332E-05 +/- 2.90 % S(l=1) ave= 4.893E-04 +/- 7.18 % S(l=2) ave= 2.706E-04 +/- 13.77 % S(l=3) ave= 0.000E+00 +/- 0.00 % 
 ... random file  6 Cap(th)  ave= 2.196E+00 b. +/- 7.59 % || Ela(th) ave= 4.691E+00 b. +/- 9.25 % || RIcap ave= 5.86E+01 b. +/- 2.04 % || Macs30 ave= 3.71E-01 b. +/- 0.12 % || Gn^0(l=0) ave= 2.778E-03 +/- 3.31 % Gn^0(l=1) ave= 1.902E-02 +/- 9.60 % Gn^0(l=2) ave= 6.818E-03 +/- 19.18 % Gn^0(l=3) ave= 0.000E+00 +/- 0.00 % || Gtotal(l=0) ave= 2.252E-01 +/- 1.21 % Gtotal(l=1) ave= 2.543E-02 +/- 0.98 % Gtotal(l=2) ave= 1.842E-02 +/- 1.48 % Gtotal(l=3) ave= 0.000E+00 +/- 0.00 %  % || Gg(l=0) ave= 9.531E-02 +/- 1.31 % Gg(l=1) ave= 1.937E-02 +/- 1.29 % Gg(l=2) ave= 1.842E-02 +/- 1.48 % Gg(l=3) ave= 0.000E+00 +/- 0.00 %  % || D(l=0) ave= 3.841E+01 +/- 0.38 % D(l=1) ave= 1.776E+01 +/- 0.00 % D(l=2) ave= 1.234E+01 +/- 0.00 % D(l=3) ave= 0.000E+00 +/- 0.00 %  % || S(l=0) ave= 7.287E-05 +/- 3.10 % S(l=1) ave= 5.039E-04 +/- 9.58 % S(l=2) ave= 2.883E-04 +/- 19.18 % S(l=3) ave= 0.000E+00 +/- 0.00 % 
 ... random file  7 Cap(th)  ave= 2.232E+00 b. +/- 8.13 % || Ela(th) ave= 4.676E+00 b. +/- 8.73 % || RIcap ave= 5.90E+01 b. +/- 2.45 % || Macs30 ave= 3.71E-01 b. +/- 0.11 % || Gn^0(l=0) ave= 2.795E-03 +/- 3.46 % Gn^0(l=1) ave= 1.900E-02 +/- 8.99 % Gn^0(l=2) ave= 6.793E-03 +/- 18.03 % Gn^0(l=3) ave= 0.000E+00 +/- 0.00 % || Gtotal(l=0) ave= 2.254E-01 +/- 1.16 % Gtotal(l=1) ave= 2.544E-02 +/- 0.92 % Gtotal(l=2) ave= 1.845E-02 +/- 1.42 % Gtotal(l=3) ave= 0.000E+00 +/- 0.00 %  % || Gg(l=0) ave= 9.519E-02 +/- 1.27 % Gg(l=1) ave= 1.937E-02 +/- 1.21 % Gg(l=2) ave= 1.845E-02 +/- 1.42 % Gg(l=3) ave= 0.000E+00 +/- 0.00 %  % || D(l=0) ave= 3.843E+01 +/- 0.37 % D(l=1) ave= 1.776E+01 +/- 0.00 % D(l=2) ave= 1.234E+01 +/- 0.00 % D(l=3) ave= 0.000E+00 +/- 0.00 %  % || S(l=0) ave= 7.328E-05 +/- 3.24 % S(l=1) ave= 5.033E-04 +/- 8.98 % S(l=2) ave= 2.873E-04 +/- 18.03 % S(l=3) ave= 0.000E+00 +/- 0.00 % 
 ... random file  8 Cap(th)  ave= 2.237E+00 b. +/- 7.67 % || Ela(th) ave= 4.637E+00 b. +/- 8.62 % || RIcap ave= 5.91E+01 b. +/- 2.34 % || Macs30 ave= 3.71E-01 b. +/- 0.11 % || Gn^0(l=0) ave= 2.793E-03 +/- 3.27 % Gn^0(l=1) ave= 1.913E-02 +/- 8.66 % Gn^0(l=2) ave= 6.890E-03 +/- 17.23 % Gn^0(l=3) ave= 0.000E+00 +/- 0.00 % || Gtotal(l=0) ave= 2.255E-01 +/- 1.10 % Gtotal(l=1) ave= 2.542E-02 +/- 0.88 % Gtotal(l=2) ave= 1.844E-02 +/- 1.36 % Gtotal(l=3) ave= 0.000E+00 +/- 0.00 %  % || Gg(l=0) ave= 9.530E-02 +/- 1.25 % Gg(l=1) ave= 1.936E-02 +/- 1.16 % Gg(l=2) ave= 1.843E-02 +/- 1.36 % Gg(l=3) ave= 0.000E+00 +/- 0.00 %  % || D(l=0) ave= 3.841E+01 +/- 0.38 % D(l=1) ave= 1.776E+01 +/- 0.00 % D(l=2) ave= 1.234E+01 +/- 0.00 % D(l=3) ave= 0.000E+00 +/- 0.00 %  % || S(l=0) ave= 7.328E-05 +/- 3.05 % S(l=1) ave= 5.069E-04 +/- 8.65 % S(l=2) ave= 2.914E-04 +/- 17.23 % S(l=3) ave= 0.000E+00 +/- 0.00 % 
 ... random file  9 Cap(th)  ave= 2.235E+00 b. +/- 7.29 % || Ela(th) ave= 4.689E+00 b. +/- 8.73 % || RIcap ave= 5.90E+01 b. +/- 2.22 % || Macs30 ave= 3.71E-01 b. +/- 0.10 % || Gn^0(l=0) ave= 2.786E-03 +/- 3.21 % Gn^0(l=1) ave= 1.898E-02 +/- 8.62 % Gn^0(l=2) ave= 6.778E-03 +/- 17.34 % Gn^0(l=3) ave= 0.000E+00 +/- 0.00 % || Gtotal(l=0) ave= 2.254E-01 +/- 1.05 % Gtotal(l=1) ave= 2.538E-02 +/- 0.96 % Gtotal(l=2) ave= 1.841E-02 +/- 1.33 % Gtotal(l=3) ave= 0.000E+00 +/- 0.00 %  % || Gg(l=0) ave= 9.539E-02 +/- 1.21 % Gg(l=1) ave= 1.932E-02 +/- 1.26 % Gg(l=2) ave= 1.841E-02 +/- 1.33 % Gg(l=3) ave= 0.000E+00 +/- 0.00 %  % || D(l=0) ave= 3.839E+01 +/- 0.39 % D(l=1) ave= 1.776E+01 +/- 0.00 % D(l=2) ave= 1.234E+01 +/- 0.00 % D(l=3) ave= 0.000E+00 +/- 0.00 %  % || S(l=0) ave= 7.311E-05 +/- 2.98 % S(l=1) ave= 5.029E-04 +/- 8.61 % S(l=2) ave= 2.866E-04 +/- 17.34 % S(l=3) ave= 0.000E+00 +/- 0.00 % 
 ... random file  10 Cap(th)  ave= 2.239E+00 b. +/- 6.96 % || Ela(th) ave= 4.662E+00 b. +/- 8.56 % || RIcap ave= 5.91E+01 b. +/- 2.16 % || Macs30 ave= 3.71E-01 b. +/- 0.10 % || Gn^0(l=0) ave= 2.785E-03 +/- 3.07 % Gn^0(l=1) ave= 1.907E-02 +/- 8.31 % Gn^0(l=2) ave= 6.837E-03 +/- 16.61 % Gn^0(l=3) ave= 0.000E+00 +/- 0.00 % || Gtotal(l=0) ave= 2.254E-01 +/- 1.00 % Gtotal(l=1) ave= 2.534E-02 +/- 1.06 % Gtotal(l=2) ave= 1.843E-02 +/- 1.28 % Gtotal(l=3) ave= 0.000E+00 +/- 0.00 %  % || Gg(l=0) ave= 9.542E-02 +/- 1.16 % Gg(l=1) ave= 1.928E-02 +/- 1.39 % Gg(l=2) ave= 1.842E-02 +/- 1.28 % Gg(l=3) ave= 0.000E+00 +/- 0.00 %  % || D(l=0) ave= 3.838E+01 +/- 0.38 % D(l=1) ave= 1.776E+01 +/- 0.00 % D(l=2) ave= 1.234E+01 +/- 0.00 % D(l=3) ave= 0.000E+00 +/- 0.00 %  % || S(l=0) ave= 7.313E-05 +/- 2.84 % S(l=1) ave= 5.051E-04 +/- 8.30 % S(l=2) ave= 2.891E-04 +/- 16.61 % S(l=3) ave= 0.000E+00 +/- 0.00 % 
 ... random file  11 Cap(th)  ave= 2.228E+00 b. +/- 6.89 % || Ela(th) ave= 4.659E+00 b. +/- 8.21 % || RIcap ave= 5.90E+01 b. +/- 2.15 % || Macs30 ave= 3.71E-01 b. +/- 0.10 % || Gn^0(l=0) ave= 2.774E-03 +/- 3.21 % Gn^0(l=1) ave= 1.911E-02 +/- 7.97 % Gn^0(l=2) ave= 6.867E-03 +/- 15.90 % Gn^0(l=3) ave= 0.000E+00 +/- 0.00 % || Gtotal(l=0) ave= 2.254E-01 +/- 0.96 % Gtotal(l=1) ave= 2.536E-02 +/- 1.03 % Gtotal(l=2) ave= 1.843E-02 +/- 1.23 % Gtotal(l=3) ave= 0.000E+00 +/- 0.00 %  % || Gg(l=0) ave= 9.561E-02 +/- 1.28 % Gg(l=1) ave= 1.929E-02 +/- 1.36 % Gg(l=2) ave= 1.843E-02 +/- 1.23 % Gg(l=3) ave= 0.000E+00 +/- 0.00 %  % || D(l=0) ave= 3.837E+01 +/- 0.38 % D(l=1) ave= 1.776E+01 +/- 0.00 % D(l=2) ave= 1.234E+01 +/- 0.00 % D(l=3) ave= 0.000E+00 +/- 0.00 %  % || S(l=0) ave= 7.286E-05 +/- 2.98 % S(l=1) ave= 5.064E-04 +/- 7.97 % S(l=2) ave= 2.904E-04 +/- 15.90 % S(l=3) ave= 0.000E+00 +/- 0.00 % 
 ... random file  12 Cap(th)  ave= 2.227E+00 b. +/- 6.62 % || Ela(th) ave= 4.682E+00 b. +/- 8.03 % || RIcap ave= 5.91E+01 b. +/- 2.17 % || Macs30 ave= 3.71E-01 b. +/- 0.10 % || Gn^0(l=0) ave= 2.776E-03 +/- 3.09 % Gn^0(l=1) ave= 1.901E-02 +/- 7.95 % Gn^0(l=2) ave= 6.789E-03 +/- 15.95 % Gn^0(l=3) ave= 0.000E+00 +/- 0.00 % || Gtotal(l=0) ave= 2.255E-01 +/- 0.96 % Gtotal(l=1) ave= 2.539E-02 +/- 1.07 % Gtotal(l=2) ave= 1.846E-02 +/- 1.32 % Gtotal(l=3) ave= 0.000E+00 +/- 0.00 %  % || Gg(l=0) ave= 9.574E-02 +/- 1.32 % Gg(l=1) ave= 1.932E-02 +/- 1.41 % Gg(l=2) ave= 1.846E-02 +/- 1.32 % Gg(l=3) ave= 0.000E+00 +/- 0.00 %  % || D(l=0) ave= 3.836E+01 +/- 0.38 % D(l=1) ave= 1.776E+01 +/- 0.00 % D(l=2) ave= 1.234E+01 +/- 0.07 % D(l=3) ave= 0.000E+00 +/- 0.00 %  % || S(l=0) ave= 7.293E-05 +/- 2.87 % S(l=1) ave= 5.036E-04 +/- 7.94 % S(l=2) ave= 2.870E-04 +/- 15.97 % S(l=3) ave= 0.000E+00 +/- 0.00 % 
 ... random file  13 Cap(th)  ave= 2.222E+00 b. +/- 6.45 % || Ela(th) ave= 4.669E+00 b. +/- 7.83 % || RIcap ave= 5.91E+01 b. +/- 2.15 % || Macs30 ave= 3.71E-01 b. +/- 0.10 % || Gn^0(l=0) ave= 2.771E-03 +/- 3.06 % Gn^0(l=1) ave= 1.907E-02 +/- 7.73 % Gn^0(l=2) ave= 6.833E-03 +/- 15.44 % Gn^0(l=3) ave= 0.000E+00 +/- 0.00 % || Gtotal(l=0) ave= 2.252E-01 +/- 1.04 % Gtotal(l=1) ave= 2.538E-02 +/- 1.04 % Gtotal(l=2) ave= 1.846E-02 +/- 1.27 % Gtotal(l=3) ave= 0.000E+00 +/- 0.00 %  % || Gg(l=0) ave= 9.555E-02 +/- 1.47 % Gg(l=1) ave= 1.932E-02 +/- 1.37 % Gg(l=2) ave= 1.846E-02 +/- 1.27 % Gg(l=3) ave= 0.000E+00 +/- 0.00 %  % || D(l=0) ave= 3.837E+01 +/- 0.38 % D(l=1) ave= 1.776E+01 +/- 0.00 % D(l=2) ave= 1.234E+01 +/- 0.06 % D(l=3) ave= 0.000E+00 +/- 0.00 %  % || S(l=0) ave= 7.277E-05 +/- 2.89 % S(l=1) ave= 5.052E-04 +/- 7.72 % S(l=2) ave= 2.889E-04 +/- 15.46 % S(l=3) ave= 0.000E+00 +/- 0.00 % 
 ... random file  14 Cap(th)  ave= 2.225E+00 b. +/- 6.25 % || Ela(th) ave= 4.638E+00 b. +/- 8.03 % || RIcap ave= 5.91E+01 b. +/- 2.09 % || Macs30 ave= 3.71E-01 b. +/- 0.09 % || Gn^0(l=0) ave= 2.771E-03 +/- 2.96 % Gn^0(l=1) ave= 1.919E-02 +/- 7.78 % Gn^0(l=2) ave= 6.921E-03 +/- 15.48 % Gn^0(l=3) ave= 0.000E+00 +/- 0.00 % || Gtotal(l=0) ave= 2.250E-01 +/- 1.07 % Gtotal(l=1) ave= 2.537E-02 +/- 1.02 % Gtotal(l=2) ave= 1.845E-02 +/- 1.27 % Gtotal(l=3) ave= 0.000E+00 +/- 0.00 %  % || Gg(l=0) ave= 9.535E-02 +/- 1.64 % Gg(l=1) ave= 1.930E-02 +/- 1.35 % Gg(l=2) ave= 1.844E-02 +/- 1.27 % Gg(l=3) ave= 0.000E+00 +/- 0.00 %  % || D(l=0) ave= 3.836E+01 +/- 0.38 % D(l=1) ave= 1.776E+01 +/- 0.00 % D(l=2) ave= 1.234E+01 +/- 0.06 % D(l=3) ave= 0.000E+00 +/- 0.00 %  % || S(l=0) ave= 7.278E-05 +/- 2.79 % S(l=1) ave= 5.084E-04 +/- 7.78 % S(l=2) ave= 2.926E-04 +/- 15.50 % S(l=3) ave= 0.000E+00 +/- 0.00 % 
 ... random file  15 Cap(th)  ave= 2.230E+00 b. +/- 6.10 % || Ela(th) ave= 4.702E+00 b. +/- 9.30 % || RIcap ave= 5.92E+01 b. +/- 2.06 % || Macs30 ave= 3.71E-01 b. +/- 0.10 % || Gn^0(l=0) ave= 2.771E-03 +/- 2.86 % Gn^0(l=1) ave= 1.898E-02 +/- 8.72 % Gn^0(l=2) ave= 6.781E-03 +/- 17.26 % Gn^0(l=3) ave= 0.000E+00 +/- 0.00 % || Gtotal(l=0) ave= 2.251E-01 +/- 1.05 % Gtotal(l=1) ave= 2.537E-02 +/- 1.00 % Gtotal(l=2) ave= 1.842E-02 +/- 1.34 % Gtotal(l=3) ave= 0.000E+00 +/- 0.00 %  % || Gg(l=0) ave= 9.543E-02 +/- 1.62 % Gg(l=1) ave= 1.931E-02 +/- 1.31 % Gg(l=2) ave= 1.842E-02 +/- 1.34 % Gg(l=3) ave= 0.000E+00 +/- 0.00 %  % || D(l=0) ave= 3.835E+01 +/- 0.37 % D(l=1) ave= 1.776E+01 +/- 0.00 % D(l=2) ave= 1.234E+01 +/- 0.06 % D(l=3) ave= 0.000E+00 +/- 0.00 %  % || S(l=0) ave= 7.280E-05 +/- 2.70 % S(l=1) ave= 5.029E-04 +/- 8.72 % S(l=2) ave= 2.867E-04 +/- 17.27 % S(l=3) ave= 0.000E+00 +/- 0.00 % 
 ... random file  16 Cap(th)  ave= 2.230E+00 b. +/- 5.92 % || Ela(th) ave= 4.654E+00 b. +/- 9.98 % || RIcap ave= 5.92E+01 b. +/- 2.06 % || Macs30 ave= 3.71E-01 b. +/- 0.10 % || Gn^0(l=0) ave= 2.772E-03 +/- 2.78 % Gn^0(l=1) ave= 1.916E-02 +/- 9.19 % Gn^0(l=2) ave= 6.917E-03 +/- 18.18 % Gn^0(l=3) ave= 0.000E+00 +/- 0.00 % || Gtotal(l=0) ave= 2.251E-01 +/- 1.02 % Gtotal(l=1) ave= 2.538E-02 +/- 0.97 % Gtotal(l=2) ave= 1.843E-02 +/- 1.31 % Gtotal(l=3) ave= 0.000E+00 +/- 0.00 %  % || Gg(l=0) ave= 9.545E-02 +/- 1.57 % Gg(l=1) ave= 1.931E-02 +/- 1.27 % Gg(l=2) ave= 1.843E-02 +/- 1.31 % Gg(l=3) ave= 0.000E+00 +/- 0.00 %  % || D(l=0) ave= 3.835E+01 +/- 0.37 % D(l=1) ave= 1.776E+01 +/- 0.00 % D(l=2) ave= 1.234E+01 +/- 0.06 % D(l=3) ave= 0.000E+00 +/- 0.00 %  % || S(l=0) ave= 7.285E-05 +/- 2.63 % S(l=1) ave= 5.077E-04 +/- 9.18 % S(l=2) ave= 2.924E-04 +/- 18.20 % S(l=3) ave= 0.000E+00 +/- 0.00 % 
 ... random file  17 Cap(th)  ave= 2.253E+00 b. +/- 7.12 % || Ela(th) ave= 4.675E+00 b. +/- 9.82 % || RIcap ave= 5.94E+01 b. +/- 2.16 % || Macs30 ave= 3.71E-01 b. +/- 0.09 % || Gn^0(l=0) ave= 2.786E-03 +/- 3.39 % Gn^0(l=1) ave= 1.904E-02 +/- 9.37 % Gn^0(l=2) ave= 6.831E-03 +/- 18.63 % Gn^0(l=3) ave= 0.000E+00 +/- 0.00 % || Gtotal(l=0) ave= 2.254E-01 +/- 1.07 % Gtotal(l=1) ave= 2.537E-02 +/- 0.96 % Gtotal(l=2) ave= 1.842E-02 +/- 1.28 % Gtotal(l=3) ave= 0.000E+00 +/- 0.00 %  % || Gg(l=0) ave= 9.537E-02 +/- 1.57 % Gg(l=1) ave= 1.930E-02 +/- 1.26 % Gg(l=2) ave= 1.842E-02 +/- 1.28 % Gg(l=3) ave= 0.000E+00 +/- 0.00 %  % || D(l=0) ave= 3.836E+01 +/- 0.38 % D(l=1) ave= 1.776E+01 +/- 0.00 % D(l=2) ave= 1.234E+01 +/- 0.06 % D(l=3) ave= 0.000E+00 +/- 0.00 %  % || S(l=0) ave= 7.319E-05 +/- 3.20 % S(l=1) ave= 5.045E-04 +/- 9.36 % S(l=2) ave= 2.888E-04 +/- 18.64 % S(l=3) ave= 0.000E+00 +/- 0.00 % 
 ... random file  18 Cap(th)  ave= 2.250E+00 b. +/- 6.97 % || Ela(th) ave= 4.644E+00 b. +/- 10.03 % || RIcap ave= 5.93E+01 b. +/- 2.19 % || Macs30 ave= 3.71E-01 b. +/- 0.10 % || Gn^0(l=0) ave= 2.782E-03 +/- 3.36 % Gn^0(l=1) ave= 1.919E-02 +/- 9.62 % Gn^0(l=2) ave= 6.940E-03 +/- 19.05 % Gn^0(l=3) ave= 0.000E+00 +/- 0.00 % || Gtotal(l=0) ave= 2.255E-01 +/- 1.05 % Gtotal(l=1) ave= 2.536E-02 +/- 0.93 % Gtotal(l=2) ave= 1.843E-02 +/- 1.26 % Gtotal(l=3) ave= 0.000E+00 +/- 0.00 %  % || Gg(l=0) ave= 9.554E-02 +/- 1.72 % Gg(l=1) ave= 1.930E-02 +/- 1.23 % Gg(l=2) ave= 1.843E-02 +/- 1.26 % Gg(l=3) ave= 0.000E+00 +/- 0.00 %  % || D(l=0) ave= 3.837E+01 +/- 0.38 % D(l=1) ave= 1.776E+01 +/- 0.00 % D(l=2) ave= 1.234E+01 +/- 0.06 % D(l=3) ave= 0.000E+00 +/- 0.00 %  % || S(l=0) ave= 7.307E-05 +/- 3.20 % S(l=1) ave= 5.083E-04 +/- 9.61 % S(l=2) ave= 2.934E-04 +/- 19.07 % S(l=3) ave= 0.000E+00 +/- 0.00 % 
 ... random file  19 Cap(th)  ave= 2.246E+00 b. +/- 6.84 % || Ela(th) ave= 4.665E+00 b. +/- 9.93 % || RIcap ave= 5.92E+01 b. +/- 2.15 % || Macs30 ave= 3.71E-01 b. +/- 0.10 % || Gn^0(l=0) ave= 2.778E-03 +/- 3.34 % Gn^0(l=1) ave= 1.912E-02 +/- 9.53 % Gn^0(l=2) ave= 6.890E-03 +/- 18.96 % Gn^0(l=3) ave= 0.000E+00 +/- 0.00 % || Gtotal(l=0) ave= 2.254E-01 +/- 1.03 % Gtotal(l=1) ave= 2.536E-02 +/- 0.92 % Gtotal(l=2) ave= 1.844E-02 +/- 1.24 % Gtotal(l=3) ave= 0.000E+00 +/- 0.00 %  % || Gg(l=0) ave= 9.560E-02 +/- 1.69 % Gg(l=1) ave= 1.929E-02 +/- 1.21 % Gg(l=2) ave= 1.844E-02 +/- 1.24 % Gg(l=3) ave= 0.000E+00 +/- 0.00 %  % || D(l=0) ave= 3.838E+01 +/- 0.38 % D(l=1) ave= 1.776E+01 +/- 0.00 % D(l=2) ave= 1.234E+01 +/- 0.05 % D(l=3) ave= 0.000E+00 +/- 0.00 %  % || S(l=0) ave= 7.295E-05 +/- 3.21 % S(l=1) ave= 5.066E-04 +/- 9.52 % S(l=2) ave= 2.913E-04 +/- 18.97 % S(l=3) ave= 0.000E+00 +/- 0.00 % 
 ... random file  20 Cap(th)  ave= 2.240E+00 b. +/- 6.82 % || Ela(th) ave= 4.685E+00 b. +/- 9.83 % || RIcap ave= 5.92E+01 b. +/- 2.11 % || Macs30 ave= 3.71E-01 b. +/- 0.12 % || Gn^0(l=0) ave= 2.777E-03 +/- 3.26 % Gn^0(l=1) ave= 1.904E-02 +/- 9.51 % Gn^0(l=2) ave= 6.835E-03 +/- 19.01 % Gn^0(l=3) ave= 0.000E+00 +/- 0.00 % || Gtotal(l=0) ave= 2.252E-01 +/- 1.09 % Gtotal(l=1) ave= 2.534E-02 +/- 0.94 % Gtotal(l=2) ave= 1.844E-02 +/- 1.21 % Gtotal(l=3) ave= 0.000E+00 +/- 0.00 %  % || Gg(l=0) ave= 9.541E-02 +/- 1.87 % Gg(l=1) ave= 1.928E-02 +/- 1.24 % Gg(l=2) ave= 1.844E-02 +/- 1.21 % Gg(l=3) ave= 0.000E+00 +/- 0.00 %  % || D(l=0) ave= 3.838E+01 +/- 0.39 % D(l=1) ave= 1.776E+01 +/- 0.00 % D(l=2) ave= 1.234E+01 +/- 0.05 % D(l=3) ave= 0.000E+00 +/- 0.00 %  % || S(l=0) ave= 7.291E-05 +/- 3.14 % S(l=1) ave= 5.045E-04 +/- 9.50 % S(l=2) ave= 2.890E-04 +/- 19.02 % S(l=3) ave= 0.000E+00 +/- 0.00 % 
 ... Histogram plot for thermal (n,g)
 ... Write covariances  ... MT1  ... plot correlations
 ... MT2  ... MT102 


 ================================================
 ============== From 20 random values === start ======
 Thermal (n,tot) xs  0 K =  6.92493 b. +/- 0.526037 b. ( 7.59627 %) skew= +0.21 +/- 0.50
 Thermal (n,el) xs   0 K =  4.68516 b. +/- 0.460602 b. ( 9.83108 %) skew= +0.27 +/- 0.50
 Thermal (n,g) xs    0 K =  2.23977 b. +/- 0.152713 b. ( 6.81825 %) skew= +0.57 +/- 0.50
 RI      (n,g)       0 K =  59.2071 b. +/- 1.25133 b. ( 2.11348 %) 
 MACS    (n,g)       0 K (at Emacs= 30000 eV) =  0.371088 b. +/- 0.000442428 b. ( 0.119225 %) 
 Ave. Gtotal  L=0        =  2.252E-01 +/- 1.09 %
 Ave. Gn^(0)  L=0        =  2.777E-03 +/- 3.26 %
 Ave. Gg      L=0        =  9.541E-02 +/- 1.87 %
 Ave. D       L=0        =  3.838E+01 +/- 0.39 %
 Ave. S       L=0        =  7.291E-05 +/- 3.14 %
 Ave. Gtotal  L=1        =  2.534E-02 +/- 0.94 %
 Ave. Gn^(1)  L=1        =  1.904E-02 +/- 9.51 %
 Ave. Gg      L=1        =  1.928E-02 +/- 1.24 %
 Ave. D       L=1        =  1.776E+01 +/- 0.00 %
 Ave. S       L=1        =  5.045E-04 +/- 9.50 %
 Ave. Gtotal  L=2        =  1.844E-02 +/- 1.21 %
 Ave. Gn^(2)  L=2        =  6.835E-03 +/- 19.01 %
 Ave. Gg      L=2        =  1.844E-02 +/- 1.21 %
 Ave. D       L=2        =  1.234E+01 +/- 0.05 %
 Ave. S       L=2        =  2.890E-04 +/- 19.02 %

 Expected Thermal (n,g) (syst or meas)= 2.47 b. +/- 0.25 b. nominal: 2.26818 b.
 ratio Calculated/expected thermal (n,g): 0.91 ratio DCalculated/Dexpected: 0.61 ratio Calculated/Nominal: 0.99
 ============== From 20 random values ===== stop ======
 ================================================
 ... Calculation of (n,a) and (n,p) cross sections at 300 K
 ... thermal (n,a) cross section is 6.57367e-06 +/- 3.28684e-06 b.
 ... thermal (n,a) cross section is 7.48534e-06 b. (random case 1)
 ... thermal (n,a) cross section is 5.11022e-06 b. (random case 2)
 ... thermal (n,a) cross section is 7.44219e-06 b. (random case 3)
 ... thermal (n,a) cross section is 1.40234e-05 b. (random case 4)
 ... thermal (n,a) cross section is 1.61811e-06 b. (random case 5)
 ... thermal (n,a) cross section is 1.39829e-06 b. (random case 6)
 ... thermal (n,a) cross section is 9.91902e-06 b. (random case 7)
 ... thermal (n,a) cross section is 6.75589e-06 b. (random case 8)
 ... thermal (n,a) cross section is 6.17259e-06 b. (random case 9)
 ... thermal (n,a) cross section is 6.85569e-06 b. (random case 10)
 ... thermal (n,a) cross section is 3.6502e-06 b. (random case 11)
 ... thermal (n,a) cross section is 1.01094e-05 b. (random case 12)
 ... thermal (n,a) cross section is 6.91723e-06 b. (random case 13)
 ... thermal (n,a) cross section is 3.34159e-07 b. (random case 14)
 ... thermal (n,a) cross section is 2.93318e-06 b. (random case 15)
 ... thermal (n,a) cross section is 1.29094e-05 b. (random case 16)
 ... thermal (n,a) cross section is 7.4437e-06 b. (random case 17)
 ... thermal (n,a) cross section is 7.00987e-06 b. (random case 18)
 ... thermal (n,a) cross section is 8.30932e-06 b. (random case 19)
 ... thermal (n,a) cross section is 1.23707e-05 b. (random case 20)
 ... (n,p) Q-value negative for this element
 ... Rewrite index for MF2
 ... Write text for MF1 in file mf1.tares.txt
 ... plotting cross sections for the MF1
 ... order output files


================== summary ==================
 Thermal (n,tot) xs = 6.94771 b. 
 Thermal (n,el)  xs = 4.67952 b. 
 Thermal (n,g)   xs = 2.26818 b. (meas/sys: 2.47 b.)
 At 300 K (thermal adjustment): (n,el) = 4.6985 b., (n,g) = 2.2694 b.

 RI      (n,g)      = 59.6534 b. (meas or sys: 61 b.)
 RI      (n,el)     = 75.5654 b.
=============================================


 ... cleaning
                                                 
  -------------------------------------------------------------
  -                                                           -
  - TARES: successful end of run with data from the database  -
  -             for Z= 54, A= 126 and isomer= 0               -
  -                                                           -
  -------------------------------------------------------------

   Running time:       384 seconds

 End time: Fri Oct  9 10:45:28 2026

