
  -------------------------------------------------------------
  -                                                           -
  -              Welcome to TARES version 1.8                 -
  -                                                           -
  -  (C) Copyright 2007-2025 D. Rochman, All Rights Reserved  -
  -           NRG, Petten, the Netherlands 2007-2014          -
  -           PSI, Villigen    Switzerland 2015-2025          -
  -         Nagra, Wettingen   Switzerland 2025-              -
  -           (Last Modified October 06, 2026)                -
  -           (Database from October 06, 2026)                -
  -                                                           -
  -------------------------------------------------------------


  ---------------------------------------------
   Compilation information:
   Compiled on:         Oct  7 2026, 09:32:19
   Compiled by:         koning
   Compiler version:    clang++ - 21.0.0
   Source location:     /Users/koning/tares-1.8/source/Module/
   Binaries location:   /Users/koning/bin
   System:              Darwin 25.6.0
   System version:      Darwin Kernel Version 25.6.0: Fri Jul 31 19:19:08 PDT 2026; root:xnu-12377.161.14~5/RELEASE_ARM64_T6050  
   Machine:             arm64 
  ---------------------------------------------

   User information:
   User name:           koning
   Running directory:   /Users/koning/tendl/resbase/Rh112/work
   Owner mode for running directory : rwx
   Group mode for running directory : r-x
  ---------------------------------------------


 Starting time: Wed Oct  7 11:08:16 2026
 ... inputs directory found (/Users/koning/tares-1.8/source/Module//../../inputs/).
 ... It will be used for resonance parameters 
 ... ###############################################
 ... #     read the input file tares.inp
 ... ###############################################
 ... line: #
 ... line: # Input file generated by Autorochman
          --> line not read
 ... line: #
 ... line: isotope    Rh
          --> Isotope name: Rh
 ... line: mass       112
          --> isotopic mass: 112
 ... line: output     n-Rh112
         ---> Name of the output files: n-Rh112
 ... line: isomer     0
          --> isomeric state: 0
 ... line: mf32mf33   y
          --> MF33 based on MF32: y
 ... line: nbrRandom  6
          --> Nbr of random files: 6
 ... ###############################################
 ... # end read the input file tares.inp
 ... ###############################################
Value for random generator type not considered in since Tares 1.7 due to compilation issues

 ... ###############################################
     #   Interpretation of the Input definition    #
     ###############################################

 ... Default energy limit: End of resonance region
 ... Nuclear charge    = 45
 ... Element           = Rh
 ... Mass              = 112
 ... Isomer            = 0
 ... Correlation for (Gn,Gg) not included in random files
 ... Default random option: No random
 ... Output name: n-Rh112
 ... Energy for the MACS: 30000 eV
 ... Resonances from CALENDF reduced (reduce=y) 
 ... For URR, level density model from TALYS selected: 91n3n12611.2850 (see manual for description)
 ... Random Generator: default (pseudo random numbers from ansi c++)
 ... Reconstruction of cross section selected
 ... Doppler broadening at 0 Kelvin
 ... URR not included (from the input file flag)
 ... Weight for grouping is flat
 ... Calculation of (n,alpha) cross section selected
 ... Number of digit for MF32c covariance representation: 2
 ... MF32 included
 ... MF33 will be used for covariance processing
 ... TENDL option set to yes (automatic choice of MF2 and format)
 ... Isotope not found in the best file --> use of MLBW formalism
 ... default option: Multi level Breit Wigner approximation selected
 ... (check file best.tendl.yes for changing this option)
 ... Retroactive option set to no with the 2025 option
 ... ladder option set to yes (CALENDF will be used for statistical resonances)

 ... ###############################################
     #           End of Input definition           #
     ###############################################

 ... gnuplot found, will be used for plotting
 ... latex found, will be used for plotting
 ... dvips found, will be used for plotting
 ... ps2epsi not found, limited plotting available
 ... uncertainties on default parameters multiplied by 1.46672
 ... Read resonance data from the 2025 directory
 ... Resonance parameters taken from /Users/koning/tares-1.8/source/Module//../../inputs/2025/Resonance/default/
 ---> Processing Z= 45 and A= 112 and isomer= 0 (level number: 0)
 Exfor path; Could not find /Users/koning/tares-1.8/source/Module//../../inputs/exfor/Rh112/xs/102
Thermal file; Could not open file /Users/koning/tares-1.8/source/Module//../../inputs/2025/runThermal/results//thermal.mxw.ng.cendl3.1
Thermal file; Could not open file /Users/koning/tares-1.8/source/Module//../../inputs/2025/runThermal/results//thermal.mxw.ng.brond3.1
Thermal file; Could not open file /Users/koning/tares-1.8/source/Module//../../inputs/2025/runThermal/results//thermal.xs.ng.unc.cendl3.1
 ... spin taken from the final/ directory (1)
 ... The spin found in level file ( 1 ) and the one in the urr file ( 5.5 ) differ

 ... ###############################################
 ... #  Nucleus global parameters (2025 database)  #
 ... ###############################################
 0. Half-life: 3.4 sec. 
 ... Scattering radius from TALYS: /Users/koning/tares-1.8/source/Module//../../inputs/2025/lib.urr/talys.urr/
 1. Spin of the target isotope: 1
 2. Relative Atomic Mass of the target isotope: 111.914
 3. Scattering radius (local compilation): 6.40583 fm +/- 0.15374 fm
      .......................................
      ... Thermal capture cross sections: ...
 4. Thermal (n,g) cross section from systematics: 22.13 +/- 18.8105 b.
 5. Thermal (n,g) cross section from compilation (Firestone-2022 average on element Rh): 146.5 +/- 2.5 b.
 6. Thermal (n,g) cross section from compilation (Firestone-2022 final on element Rh): 144.3 +/- 1.3 b.
 7. Thermal (n,g) cross section from TENDL-2023: 22.49 b.
      .......................................
      ...  Thermal total cross sections:  ...
      .......................................
      ... Thermal elastic cross sections: ...
 8. Thermal (n,el) cross section from potential (4piR^2): 8.05059 +/- 0.40253 b.
      .......................................
             ... Resonance integral: ...
 9. No capture integral found in /Users/koning/tares-1.8/source/Module//../../inputs/capture.integral
 ... no RI(n,g) found in local compilation, take 2018 value.
 ... no RI(n,g) found in local compilation, take Sukhoruchkin value.
   ---- MACS 30 keV ----- 
 10. TALYS MACS 30 keV (HF): 0.466581 b. 
   ---------- S0 -------- 
 11. S0 from TALYS: 0.527305
   ---------- S1 -------- 
 12. S1 from TALYS: 6.7413
   ---------- S2 -------- 
 13. S2 from TALYS: 0.472593
   ---------- D0 -------- 
 14. D0 from TALYS: 21.312 eV
   ---------- D1 -------- 
 15. D1 from TALYS: 11.2519 eV
   ---------- D2 -------- 
 16. D2 from TALYS: 7.24732 eV
   ---------- G0 -------- 
 17. Gg0 from TALYS: 0.0608189 eV
   ---------- G1 -------- 
 18. Gg1 from TALYS: 0.0618021 eV
   ---------- G2 -------- 
 19. Gg2 from TALYS: 0.0608189 eV


   ---------------------- 
 ... Read resonance parameters (format: 2: Multi Level Breit Wigner)
 ... 0 resonances found 
 ... possibly no resonances in the Resonance directory for this isotope and options
 ... Use HFR (ladder) behavior 
 --> 21. Number of resonances from the input file: 2 up to 10.656 eV
 22. Read nuclear quantities (mass, MAT...)
 23. Read thermal (n,g) xs 
 24. Read the scattering radius 
 25. Read uncertainty on Gg for 2 resonances
 26. Read uncertainty on Gg for 2 resonances ... done
 ... order resonances 
 ... Upper limit for the RRR: 10.656 eV (no statistical resonances HFR) from the limit.RRR file
 ... Write parameters for l=0 waves
 ... End writing original MF2 
 ... No RRR in the database: uncertainties on default parameters multiplied by 1.99753
 ... Enter in urr function (ladder option set to y) for file n-Rh112
 ... read the file /Users/koning/tares-1.8/source/Module//../../inputs/2025/list.jcs.urr to find URR origin
 Default URR taken from TALYS calculations with level density model: 91n3n12611.2850
 File considered for the URR: /Users/koning/tares-1.8/source/Module//../../inputs/2025/lib.urr/talys.urr/91n3n12611.2850/Rh/urr/urr.dat.Rh.112.000.0.gz
 ... Write URR using TALYS average parameters (used for HFR)
 ... Limit of URR changed to 25 keV (recommendation from WPEC and JEFF)
 ... Extract the Sn value from file ./urr.dat.Rh.112.0.0
 ... found Sn= 7.10721 MeV
 ... estimated number of resonances up to 3959.42 eV:  185.783 resonances
 ... This is a test here. The higher energy limit to include URR data for calendf is set to max Sn. 24/03/2016
 ... Use Sn to define the maximum energy for the URR: Sn= 7.10721 MeV --> last_energyURR= 3959.42 eV
 ... read D0, S0, Gn and Gg
 ... number of URR energies: 1764
 Number of l: 1764 and last energy: 9
 Last  URR energy: 3959.42 eV
 ... Enter in to_MLBW_mf2 function
 ... Convert to Multi Level Breit Wigner (MLBW)
 ... Write parameter covariances (MF32) for l=0
 ... Convert parameter covariances (MF32) to MLBW
 ... copy the mf2 and mf32 to .mlbw files
 ... Enter in urr_correct function case 1
 Modify the higher limit of RRR in MF2
 --> old value: 1.070930+1 eV new value: 1.000000-2 eV
 Modify resonance covariances (MF32) to include correlations in the URR
 End Modify resonance covariances (MF32) to include correlations in the URR
 ... Enter in calendf_xs function
 Use CALENDF for statistical resonances (update MF2) up to 3.959420+3 eV (initial limit)
 Extract resonances from CALENDF for RRR->URR 2
 1117 statistical resonances found
 Reduction to 100 resonances based on the half-life of the isotope
 After reduction, 101 statistical resonances found
 ... checking resonance order 1
 ... checking resonance order 2nd round for 99 resonances
 ... end checking resonance order 2nd round
 .......................................................
 ... Adjustment to the thermal cross section : start ...
 .......................................................

 Before adjustment (adjustment to the thermal cross section set to y)
 ... Import MF2 from TARES calculations
 ... End energy of TARES MF2 : 7.793242E+2 eV and limit to 40000 resonances
 ... File used for reconstruction: new.temp22.reconst
 ... run RECENT ...
 ... Doppler broadened at a unique temperature: 300 Kelvin using sigma1
 ... run SIGMA1 at 3.000000E+02 K.

 ============== INTER values at 300 Kelvin ==============
 Thermal (n,g) xs =  1.21597 b. (meas/sys: 22.13 b.) (warning: comparison to be done at 296 or 300 K)
 Th Maxw (n,g) xs =  1.222 b. (thermal Maxwellian value)
 Westcott factor  =  1.00498
 RI      (n,g)    =  49.9143 b. (meas or sys: - b.)
 MACS 3.000e+04 eV=  0.46952 b. (meas or sys: - b.) from 1.00E+00 to 2.00E+07 eV (end of RRR) at T= 300 Kelvin 
 Thermal (n,el) xs=  5.14799 b.
 RI      (n,el)   =  55.2895 b.
 ============= PSYCHE values ==============
 Ave. G_total L0  =  0.10241 eV
 Ave. G_total L1  =  0.0608252 eV
 Ave. G_total L2  =  0.0571549 eV
 Ave. Gn_0    L0  =  0.00213411
 Ave. Gn_0    L1  =  0.04171
 Ave. Gn_0    L2  =  0.00511572
 Ave. Gg      L0  =  0.0595245 eV
 Ave. Gg      L1  =  0.0597634 eV
 Ave. Gg      L2  =  0.0571549 eV
 Ave. D       L0  =  20.5085 eV
 Ave. D       L1  =  28.8639 eV
 Ave. D       L2  =  64.9437 eV
 Ave. S       L0  =  5.89118e-05 eV
 Ave. S       L1  =  0.000312261 eV
 Ave. S       L2  =  1.13957e-05 eV
 =========================================
 Calculated capture integral   49.9143 b.
 Calculated thermal (n,g)=          1.21596541 b. and recommended= 22.13 b. (C/E= 0.0549465)
 Calculated RI      (n,g)= 49.9143 b. (no reference value)
 ... tolerances: thermal (n,g) 20 % (reference uncertainties, minimum 2% and 5%, maximum 20%)
 Adjust the capture widths ...
 ... capture adjusted with Gn for 84 resonances (Gn<Gg) and with Gg for 15 resonances
 ... iteration 0: C/E thermal (n,g)= 0.0549465
 Warning: 99 widths limited to a change of a factor 10 from their starting values

 <-------- After adjustment -------->
 ... Import MF2 from TARES calculations
 ... End energy of TARES MF2 : 7.793242E+2 eV and limit to 40000 resonances
 ... File used for reconstruction: new.temp22.reconst
 ... run RECENT ...
 ... Doppler broadened at a unique temperature: 300 Kelvin using sigma1
 ... run SIGMA1 at 3.000000E+02 K.

 ============== INTER values at 300 Kelvin ==============
 Thermal (n,g) xs =  12.1596 b. (meas/sys: 22.13 b.) (warning: comparison to be done at 296 or 300 K)
 Th Maxw (n,g) xs =  12.22 b. (thermal Maxwellian value)
 Westcott factor  =  1.00499
 RI      (n,g)    =  227.101 b. (meas or sys: - b.)
 MACS 3.000e+04 eV=  0.47328 b. (meas or sys: - b.) from 1.00E+00 to 2.00E+07 eV (end of RRR) at T= 300 Kelvin 
 Thermal (n,el) xs=  3.85843 b.
 RI      (n,el)   =  234.201 b.
 ============= PSYCHE values ==============
 Ave. G_total L0  =  0.328701 eV
 Ave. G_total L1  =  0.0703815 eV
 Ave. G_total L2  =  0.0571551 eV
 Ave. Gn_0    L0  =  0.00623962
 Ave. Gn_0    L1  =  0.4171
 Ave. Gn_0    L2  =  0.0511572
 Ave. Gg      L0  =  0.223744 eV
 Ave. Gg      L1  =  0.0597634 eV
 Ave. Gg      L2  =  0.0571549 eV
 Ave. D       L0  =  20.5085 eV
 Ave. D       L1  =  28.8639 eV
 Ave. D       L2  =  64.9437 eV
 Ave. S       L0  =  0.000155769 eV
 Ave. S       L1  =  0.00312261 eV
 Ave. S       L2  =  0.000113957 eV
 =========================================
 ... iteration 1: C/E thermal (n,g)= 0.549461
 Warning: 99 widths limited to a change of a factor 10 from their starting values

 <-------- After adjustment -------->
 ... Import MF2 from TARES calculations
 ... End energy of TARES MF2 : 7.793242E+2 eV and limit to 40000 resonances
 ... File used for reconstruction: new.temp22.reconst
 ... run RECENT ...
 ... Doppler broadened at a unique temperature: 300 Kelvin using sigma1
 ... run SIGMA1 at 3.000000E+02 K.

 ============== INTER values at 300 Kelvin ==============
 Thermal (n,g) xs =  12.1596 b. (meas/sys: 22.13 b.) (warning: comparison to be done at 296 or 300 K)
 Th Maxw (n,g) xs =  12.22 b. (thermal Maxwellian value)
 Westcott factor  =  1.00499
 RI      (n,g)    =  227.101 b. (meas or sys: - b.)
 MACS 3.000e+04 eV=  0.47328 b. (meas or sys: - b.) from 1.00E+00 to 2.00E+07 eV (end of RRR) at T= 300 Kelvin 
 Thermal (n,el) xs=  3.85843 b.
 RI      (n,el)   =  234.201 b.
 ============= PSYCHE values ==============
 Ave. G_total L0  =  0.328701 eV
 Ave. G_total L1  =  0.0703815 eV
 Ave. G_total L2  =  0.0571551 eV
 Ave. Gn_0    L0  =  0.00623962
 Ave. Gn_0    L1  =  0.4171
 Ave. Gn_0    L2  =  0.0511572
 Ave. Gg      L0  =  0.223744 eV
 Ave. Gg      L1  =  0.0597634 eV
 Ave. Gg      L2  =  0.0571549 eV
 Ave. D       L0  =  20.5085 eV
 Ave. D       L1  =  28.8639 eV
 Ave. D       L2  =  64.9437 eV
 Ave. S       L0  =  0.000155769 eV
 Ave. S       L1  =  0.00312261 eV
 Ave. S       L2  =  0.000113957 eV
 =========================================
 ... iteration 2: C/E thermal (n,g)= 0.549461
 Warning: no further change possible (widths at the limit of a factor 10): adjustment stopped


 ... ratio C/E thermal (n,g): 5.494615E-01
 ...................................................... 
 ... Adjustment to the thermal cross section : stop ...
 ...................................................... 
 ... new MF2 file after adjustment: n-Rh112
 ... read the file /Users/koning/tares-1.8/source/Module//../../inputs/2025/list.jcs.urr to find URR origin
 Default URR taken from TALYS calculations with level density model: 91n3n12611.2850
 File considered for the URR: /Users/koning/tares-1.8/source/Module//../../inputs/2025/lib.urr/talys.urr/91n3n12611.2850/Rh/urr/urr.dat.Rh.112.000.0.gz
 ... Write URR using TALYS average parameters (not used for HFR)
 ... Limit of URR changed to 25 keV (recommendation from WPEC and JEFF)
 ... read D0, S0, Gn and Gg
 ... number of URR energies: 765
 Number of l: 765 and last energy: 9
 Last  URR energy: 81447.3 eV
 Energies in the URR : 765 -> reduced by a factor 2
 Energies in the URR : 369 -> reduced by a factor 2
 ... Enter in urr_correct function case 2
 Modify the higher limit of RRR in MF2
 --> old value: 7.793242+2 eV new value: 7.793242+2 eV
 Modify resonance covariances (MF32) to include correlations in the URR
 End Modify resonance covariances (MF32) to include correlations in the URR
 ... Enter in update_MF32 function
 ... Change uncertainties
 ... for the HFR, random position of the positive resonances with 0.020000 %
 ... end of update MF32 function
 ... GLS calculation of the parameter correlations from the thermal/RI adjustment (MF32c)
 ... MF32: correlations from the thermal/RI adjustment (GLS) for 13 resonances (26 widths), 1 correlation lines
 ...   thermal (n,g): uncertainty from these widths 2.8905 b. -> 2.85697 b. (reference: 22.13 +/- 18.8105 b.)
 ... copy the mf2 and mf32 to .mlbw files

 ... Start of final reconstruction and testing ...
 ... Reconstruction of cross sections at 0 Kelvin  ... Import MF2 from TARES calculations
 ... End energy of TARES MF2 : 7.793242E+2 eV and limit to 40000 resonances
 ... File used for reconstruction: n-Rh112.reconst
 ... run RECENT ...
 ... Doppler broadened at a unique temperature: 0 Kelvin using sigma1
 ... The keyword temperature is zero, no Doppler broadening for the MACS

 ============== INTER values at 0 Kelvin ==============
 Thermal (n,g) xs =  12.1533 b. (meas/sys: 22.13 b.) (warning: comparison to be done at 296 or 300 K)
 Th Maxw (n,g) xs =  12.15 b. (thermal Maxwellian value)
 Westcott factor  =  0.99974
 RI      (n,g)    =  227.301 b. (meas or sys: - b.)
 MACS 3.000e+04 eV=  0.47055 b. (meas or sys: - b.) from 1.00E+00 to 7.79E+02 eV (end of RRR) at T= 0 Kelvin 
 Thermal (n,el) xs=  3.84096 b.
 RI      (n,el)   =  234.202 b.
 ============= PSYCHE values ==============
 Ave. G_total L0  =  0.328701 eV
 Ave. G_total L1  =  0.0703815 eV
 Ave. G_total L2  =  0.0571551 eV
 Ave. Gn_0    L0  =  0.00623962
 Ave. Gn_0    L1  =  0.4171
 Ave. Gn_0    L2  =  0.0511572
 Ave. Gg      L0  =  0.223744 eV
 Ave. Gg      L1  =  0.0597634 eV
 Ave. Gg      L2  =  0.0571549 eV
 Ave. D       L0  =  20.5085 eV
 Ave. D       L1  =  28.8639 eV
 Ave. D       L2  =  64.9437 eV
 Ave. S       L0  =  0.000155769 eV
 Ave. S       L1  =  0.00312261 eV
 Ave. S       L2  =  0.000113957 eV
 =========================================
 ... End of final reconstruction and testing ...

 ... grouping is not optimum, change to 70 groups
 ... Produce MF33 based on MF32 and 6 random files
 ... run endsam for 6 in groups of 1 global run
 ... run endsam from 1 to 6
 ... reorder resonance position after endsam (sampling)
 ... preparing the vectors  ... done
 ... nominal file 0 Cap(th)  ave= 1.215E+01 b. +/- 0.00 % || Ela(th) ave= 3.841E+00 b. +/- 0.00 % || RIcap ave= 2.21E+02 b. +/- 0.00 % || Macs30 ave= 1.69E+01 b. +/- 0.00 % || Gn^0(l=0) ave= 6.240E-03 +/- 0.00 % Gn^0(l=1) ave= 4.171E-01 +/- 0.00 % Gn^0(l=2) ave= 5.116E-02 +/- 0.00 % Gn^0(l=3) ave= 0.000E+00 +/- 0.00 % || Gtotal(l=0) ave= 3.287E-01 +/- 0.00 % Gtotal(l=1) ave= 7.038E-02 +/- 0.00 % Gtotal(l=2) ave= 5.716E-02 +/- 0.00 % Gtotal(l=3) ave= 0.000E+00 +/- 0.00 %  % || Gg(l=0) ave= 2.237E-01 +/- 0.00 % Gg(l=1) ave= 5.976E-02 +/- 0.00 % Gg(l=2) ave= 5.715E-02 +/- 0.00 % Gg(l=3) ave= 0.000E+00 +/- 0.00 %  % || D(l=0) ave= 2.051E+01 +/- 0.00 % D(l=1) ave= 2.886E+01 +/- 0.00 % D(l=2) ave= 6.494E+01 +/- 0.00 % D(l=3) ave= 0.000E+00 +/- 0.00 %  % || S(l=0) ave= 1.558E-04 +/- 0.00 % S(l=1) ave= 3.123E-03 +/- 0.00 % S(l=2) ave= 1.140E-04 +/- 0.00 % S(l=3) ave= 0.000E+00 +/- 0.00 % 
 ... random file  1 Cap(th)  ave= 1.397E+01 b. +/- 12.98 % || Ela(th) ave= 3.476E+00 b. +/- 10.48 % || RIcap ave= 2.08E+02 b. +/- 6.44 % || Macs30 ave= 1.70E+01 b. +/- 0.61 % || Gn^0(l=0) ave= 6.254E-03 +/- 0.24 % Gn^0(l=1) ave= 4.583E-01 +/- 8.99 % Gn^0(l=2) ave= 6.223E-02 +/- 17.79 % Gn^0(l=3) ave= 0.000E+00 +/- 0.00 % || Gtotal(l=0) ave= 3.287E-01 +/- 0.00 % Gtotal(l=1) ave= 7.038E-02 +/- 0.00 % Gtotal(l=2) ave= 5.716E-02 +/- 0.00 % Gtotal(l=3) ave= 0.000E+00 +/- 0.00 %  % || Gg(l=0) ave= 2.567E-01 +/- 12.83 % Gg(l=1) ave= 5.996E-02 +/- 0.33 % Gg(l=2) ave= 4.660E-02 +/- 22.66 % Gg(l=3) ave= 0.000E+00 +/- 0.00 %  % || D(l=0) ave= 2.051E+01 +/- 0.00 % D(l=1) ave= 2.886E+01 +/- 0.00 % D(l=2) ave= 6.494E+01 +/- 0.00 % D(l=3) ave= 0.000E+00 +/- 0.00 %  % || S(l=0) ave= 1.561E-04 +/- 0.23 % S(l=1) ave= 3.430E-03 +/- 8.95 % S(l=2) ave= 1.386E-04 +/- 17.79 % S(l=3) ave= 0.000E+00 +/- 0.00 % 
 ... random file  2 Cap(th)  ave= 1.245E+01 b. +/- 20.97 % || Ela(th) ave= 3.485E+00 b. +/- 8.55 % || RIcap ave= 2.01E+02 b. +/- 7.09 % || Macs30 ave= 1.69E+01 b. +/- 1.44 % || Gn^0(l=0) ave= 6.258E-03 +/- 0.21 % Gn^0(l=1) ave= 4.554E-01 +/- 7.44 % Gn^0(l=2) ave= 6.153E-02 +/- 14.78 % Gn^0(l=3) ave= 0.000E+00 +/- 0.00 % || Gtotal(l=0) ave= 3.252E-01 +/- 1.54 % Gtotal(l=1) ave= 7.038E-02 +/- 0.00 % Gtotal(l=2) ave= 5.716E-02 +/- 0.00 % Gtotal(l=3) ave= 0.000E+00 +/- 0.00 %  % || Gg(l=0) ave= 2.422E-01 +/- 13.95 % Gg(l=1) ave= 6.031E-02 +/- 0.86 % Gg(l=2) ave= 4.635E-02 +/- 18.62 % Gg(l=3) ave= 0.000E+00 +/- 0.00 %  % || D(l=0) ave= 2.069E+01 +/- 1.26 % D(l=1) ave= 2.886E+01 +/- 0.00 % D(l=2) ave= 6.494E+01 +/- 0.00 % D(l=3) ave= 0.000E+00 +/- 0.00 %  % || S(l=0) ave= 1.552E-04 +/- 0.84 % S(l=1) ave= 3.410E-03 +/- 7.40 % S(l=2) ave= 1.371E-04 +/- 14.78 % S(l=3) ave= 0.000E+00 +/- 0.00 % 
 ... random file  3 Cap(th)  ave= 1.486E+01 b. +/- 31.96 % || Ela(th) ave= 3.721E+00 b. +/- 12.99 % || RIcap ave= 2.05E+02 b. +/- 6.66 % || Macs30 ave= 1.67E+01 b. +/- 1.96 % || Gn^0(l=0) ave= 6.255E-03 +/- 0.20 % Gn^0(l=1) ave= 4.331E-01 +/- 11.19 % Gn^0(l=2) ave= 5.604E-02 +/- 22.03 % Gn^0(l=3) ave= 0.000E+00 +/- 0.00 % || Gtotal(l=0) ave= 3.260E-01 +/- 1.41 % Gtotal(l=1) ave= 7.038E-02 +/- 0.00 % Gtotal(l=2) ave= 5.716E-02 +/- 0.00 % Gtotal(l=3) ave= 0.000E+00 +/- 0.00 %  % || Gg(l=0) ave= 2.401E-01 +/- 12.28 % Gg(l=1) ave= 5.964E-02 +/- 2.07 % Gg(l=2) ave= 4.929E-02 +/- 18.36 % Gg(l=3) ave= 0.000E+00 +/- 0.00 %  % || D(l=0) ave= 2.065E+01 +/- 1.16 % D(l=1) ave= 2.886E+01 +/- 0.00 % D(l=2) ave= 6.494E+01 +/- 0.00 % D(l=3) ave= 0.000E+00 +/- 0.00 %  % || S(l=0) ave= 1.554E-04 +/- 0.76 % S(l=1) ave= 3.244E-03 +/- 11.15 % S(l=2) ave= 1.248E-04 +/- 22.03 % S(l=3) ave= 0.000E+00 +/- 0.00 % 
 ... random file  4 Cap(th)  ave= 1.405E+01 b. +/- 32.33 % || Ela(th) ave= 3.696E+00 b. +/- 11.78 % || RIcap ave= 2.02E+02 b. +/- 6.70 % || Macs30 ave= 1.67E+01 b. +/- 1.79 % || Gn^0(l=0) ave= 6.262E-03 +/- 0.27 % Gn^0(l=1) ave= 4.346E-01 +/- 10.00 % Gn^0(l=2) ave= 5.617E-02 +/- 19.67 % Gn^0(l=3) ave= 0.000E+00 +/- 0.00 % || Gtotal(l=0) ave= 3.266E-01 +/- 1.30 % Gtotal(l=1) ave= 7.038E-02 +/- 0.00 % Gtotal(l=2) ave= 5.716E-02 +/- 0.00 % Gtotal(l=3) ave= 0.000E+00 +/- 0.00 %  % || Gg(l=0) ave= 2.351E-01 +/- 12.00 % Gg(l=1) ave= 5.999E-02 +/- 2.18 % Gg(l=2) ave= 5.022E-02 +/- 16.53 % Gg(l=3) ave= 0.000E+00 +/- 0.00 %  % || D(l=0) ave= 2.062E+01 +/- 1.08 % D(l=1) ave= 2.886E+01 +/- 0.00 % D(l=2) ave= 6.494E+01 +/- 0.00 % D(l=3) ave= 0.000E+00 +/- 0.00 %  % || S(l=0) ave= 1.557E-04 +/- 0.76 % S(l=1) ave= 3.256E-03 +/- 9.97 % S(l=2) ave= 1.251E-04 +/- 19.67 % S(l=3) ave= 0.000E+00 +/- 0.00 % 
 ... random file  5 Cap(th)  ave= 1.383E+01 b. +/- 30.21 % || Ela(th) ave= 3.854E+00 b. +/- 13.81 % || RIcap ave= 2.03E+02 b. +/- 6.23 % || Macs30 ave= 1.66E+01 b. +/- 2.32 % || Gn^0(l=0) ave= 6.264E-03 +/- 0.26 % Gn^0(l=1) ave= 4.210E-01 +/- 11.88 % Gn^0(l=2) ave= 5.287E-02 +/- 23.64 % Gn^0(l=3) ave= 0.000E+00 +/- 0.00 % || Gtotal(l=0) ave= 3.269E-01 +/- 1.21 % Gtotal(l=1) ave= 7.038E-02 +/- 0.00 % Gtotal(l=2) ave= 5.716E-02 +/- 0.00 % Gtotal(l=3) ave= 0.000E+00 +/- 0.00 %  % || Gg(l=0) ave= 2.243E-01 +/- 15.72 % Gg(l=1) ave= 6.130E-02 +/- 5.17 % Gg(l=2) ave= 4.917E-02 +/- 16.13 % Gg(l=3) ave= 0.000E+00 +/- 0.00 %  % || D(l=0) ave= 2.060E+01 +/- 1.00 % D(l=1) ave= 2.886E+01 +/- 0.00 % D(l=2) ave= 6.494E+01 +/- 0.00 % D(l=3) ave= 0.000E+00 +/- 0.00 %  % || S(l=0) ave= 1.558E-04 +/- 0.72 % S(l=1) ave= 3.153E-03 +/- 11.89 % S(l=2) ave= 1.178E-04 +/- 23.64 % S(l=3) ave= 0.000E+00 +/- 0.00 % 
 ... random file  6 Cap(th)  ave= 1.340E+01 b. +/- 29.90 % || Ela(th) ave= 3.767E+00 b. +/- 14.27 % || RIcap ave= 2.02E+02 b. +/- 6.05 % || Macs30 ave= 1.67E+01 b. +/- 2.54 % || Gn^0(l=0) ave= 6.269E-03 +/- 0.30 % Gn^0(l=1) ave= 4.303E-01 +/- 12.00 % Gn^0(l=2) ave= 5.516E-02 +/- 23.32 % Gn^0(l=3) ave= 0.000E+00 +/- 0.00 % || Gtotal(l=0) ave= 3.257E-01 +/- 1.47 % Gtotal(l=1) ave= 7.038E-02 +/- 0.00 % Gtotal(l=2) ave= 5.716E-02 +/- 0.00 % Gtotal(l=3) ave= 0.000E+00 +/- 0.00 %  % || Gg(l=0) ave= 2.298E-01 +/- 15.37 % Gg(l=1) ave= 6.031E-02 +/- 6.32 % Gg(l=2) ave= 4.896E-02 +/- 15.03 % Gg(l=3) ave= 0.000E+00 +/- 0.00 %  % || D(l=0) ave= 2.067E+01 +/- 1.21 % D(l=1) ave= 2.886E+01 +/- 0.00 % D(l=2) ave= 6.494E+01 +/- 0.00 % D(l=3) ave= 0.000E+00 +/- 0.00 %  % || S(l=0) ave= 1.555E-04 +/- 0.80 % S(l=1) ave= 3.222E-03 +/- 11.98 % S(l=2) ave= 1.229E-04 +/- 23.32 % S(l=3) ave= 0.000E+00 +/- 0.00 % 
 ... Histogram plot for thermal (n,g)
 ... Write covariances  ... MT1  ... plot correlations
 ... MT2  ... MT102 


 ================================================
 ============== From 6 random values === start ======
 Thermal (n,tot) xs  0 K =  17.1641 b. +/- 4.26024 b. ( 24.8207 %) skew= +1.28 +/- 0.79
 Thermal (n,el) xs   0 K =  3.76651 b. +/- 0.537558 b. ( 14.2721 %) skew= +0.48 +/- 0.79
 Thermal (n,g) xs    0 K =  13.3976 b. +/- 4.00602 b. ( 29.901 %) skew= +1.27 +/- 0.79
 RI      (n,g)       0 K =  201.538 b. +/- 12.1863 b. ( 6.04662 %) 
 MACS    (n,g)       0 K (at Emacs= 30000 eV) =  16.6583 b. +/- 0.423101 b. ( 2.53988 %) 
 Ave. Gtotal  L=0        =  3.257E-01 +/- 1.47 %
 Ave. Gn^(0)  L=0        =  6.269E-03 +/- 0.30 %
 Ave. Gg      L=0        =  2.298E-01 +/- 15.37 %
 Ave. D       L=0        =  2.067E+01 +/- 1.21 %
 Ave. S       L=0        =  1.555E-04 +/- 0.80 %
 Ave. Gtotal  L=1        =  7.038E-02 +/- 0.00 %
 Ave. Gn^(1)  L=1        =  4.303E-01 +/- 12.00 %
 Ave. Gg      L=1        =  6.031E-02 +/- 6.32 %
 Ave. D       L=1        =  2.886E+01 +/- 0.00 %
 Ave. S       L=1        =  3.222E-03 +/- 11.98 %
 Ave. Gtotal  L=2        =  5.716E-02 +/- 0.00 %
 Ave. Gn^(2)  L=2        =  5.516E-02 +/- 23.32 %
 Ave. Gg      L=2        =  4.896E-02 +/- 15.03 %
 Ave. D       L=2        =  6.494E+01 +/- 0.00 %
 Ave. S       L=2        =  1.229E-04 +/- 23.32 %

 Expected Thermal (n,g) (syst or meas)= 22.13 b. +/- 18.8105 b. nominal: 12.1533 b.
 ratio Calculated/expected thermal (n,g): 0.61 ratio DCalculated/Dexpected: 0.21 ratio Calculated/Nominal: 1.10
 ============== From 6 random values ===== stop ======
 ================================================
 ... Calculation of (n,a) and (n,p) cross sections at 300 K
 ... thermal (n,a) cross section is 5.83858e-05 +/- 2.91929e-05 b.
 ... thermal (n,a) cross section is 0.000106636 b. (random case 1)
 ... thermal (n,a) cross section is 0.000155636 b. (random case 2)
 ... thermal (n,a) cross section is 0.000204636 b. (random case 3)
 ... thermal (n,a) cross section is 0.000253636 b. (random case 4)
 ... thermal (n,a) cross section is 0.000302636 b. (random case 5)
 ... thermal (n,a) cross section is 0.000351636 b. (random case 6)
 ... (n,p) Q-value negative for this element
 ... Rewrite index for MF2
 ... Write text for MF1 in file mf1.tares.txt
 ... plotting cross sections for the MF1
 ... order output files


================== summary ==================
 Thermal (n,tot) xs = 15.9946 b. 
 Thermal (n,el)  xs = 3.84096 b. 
 Thermal (n,g)   xs = 12.1533 b. (meas/sys: 22.13 b.)
 At 300 K (thermal adjustment): (n,el) = 3.85843 b., (n,g) = 12.1596 b.

 RI      (n,g)      = 227.301 b. (meas or sys: - b.)
 RI      (n,el)     = 234.202 b.
=============================================


 ... cleaning
                                                 
  -------------------------------------------------------------
  -                                                           -
  - TARES: successful end of run with data from hypothetical  -
  - resonances for  Z= 45, A= 112 and isomer= 0               -
  - half-life: 3.400000 sec. 
  -                                                           -
  -------------------------------------------------------------

   Running time:       20 seconds

 End time: Wed Oct  7 11:08:36 2026

