
  -------------------------------------------------------------
  -                                                           -
  -              Welcome to TARES version 1.8                 -
  -                                                           -
  -  (C) Copyright 2007-2025 D. Rochman, All Rights Reserved  -
  -           NRG, Petten, the Netherlands 2007-2014          -
  -           PSI, Villigen    Switzerland 2015-2025          -
  -         Nagra, Wettingen   Switzerland 2025-              -
  -           (Last Modified October 06, 2026)                -
  -           (Database from October 06, 2026)                -
  -                                                           -
  -------------------------------------------------------------


  ---------------------------------------------
   Compilation information:
   Compiled on:         Oct  8 2026, 18:36:06
   Compiled by:         koning
   Compiler version:    clang++ - 21.0.0
   Source location:     /Users/koning/tares-1.8/source/Module/
   Binaries location:   /Users/koning/bin
   System:              Darwin 25.6.0
   System version:      Darwin Kernel Version 25.6.0: Fri Jul 31 19:19:08 PDT 2026; root:xnu-12377.161.14~5/RELEASE_ARM64_T6050  
   Machine:             arm64 
  ---------------------------------------------

   User information:
   User name:           koning
   Running directory:   /Users/koning/tendl/resbase/Fe053m/work
   Owner mode for running directory : rwx
   Group mode for running directory : r-x
  ---------------------------------------------


 Starting time: Fri Oct  9 13:41:18 2026
 ... inputs directory found (/Users/koning/tares-1.8/source/Module//../../inputs/).
 ... It will be used for resonance parameters 
 ... ###############################################
 ... #     read the input file tares.inp
 ... ###############################################
 ... line: #
 ... line: # Input file generated by Autorochman
          --> line not read
 ... line: #
 ... line: isotope    Fe
          --> Isotope name: Fe
 ... line: mass       53
          --> isotopic mass: 53
 ... line: output     n-Fe053m
         ---> Name of the output files: n-Fe053m
 ... line: isomer     1
          --> isomeric state: 1
 ... line: mf32mf33   y
          --> MF33 based on MF32: y
 ... line: nbrRandom  6
          --> Nbr of random files: 6
 ... ###############################################
 ... # end read the input file tares.inp
 ... ###############################################
Value for random generator type not considered in since Tares 1.7 due to compilation issues

 ... ###############################################
     #   Interpretation of the Input definition    #
     ###############################################

 ... Default energy limit: End of resonance region
 ... Nuclear charge    = 26
 ... Element           = Fe
 ... Mass              = 53
 ... Isomer            = 1
 ... Correlation for (Gn,Gg) not included in random files
 ... Default random option: No random
 ... Output name: n-Fe053m
 ... Energy for the MACS: 30000 eV
 ... Resonances from CALENDF reduced (reduce=y) 
 ... For URR, level density model from TALYS selected: 91n3n12611.2850 (see manual for description)
 ... Random Generator: default (pseudo random numbers from ansi c++)
 ... Reconstruction of cross section selected
 ... Doppler broadening at 0 Kelvin
 ... URR not included (from the input file flag)
 ... Weight for grouping is flat
 ... Calculation of (n,alpha) cross section selected
 ... Number of digit for MF32c covariance representation: 2
 ... MF32 included
 ... MF33 will be used for covariance processing
 ... TENDL option set to yes (automatic choice of MF2 and format)
 ... Isotope not found in the best file --> use of MLBW formalism
 ... default option: Multi level Breit Wigner approximation selected
 ... (check file best.tendl.yes for changing this option)
 ... Retroactive option set to no with the 2025 option

 ... ###############################################
     #           End of Input definition           #
     ###############################################

 ... gnuplot found, will be used for plotting
 ... latex found, will be used for plotting
 ... dvips found, will be used for plotting
 ... ps2epsi not found, limited plotting available
 ... uncertainties on default parameters multiplied by 1.00392
 ... Read resonance data from the 2025 directory
 ... Resonance parameters taken from /Users/koning/tares-1.8/source/Module//../../inputs/2025/Resonance/default/
 ---> Processing Z= 26 and A= 53 and isomer= 1 (level number: 22)
 Exfor path; Could not find /Users/koning/tares-1.8/source/Module//../../inputs/exfor/Fe053m/xs/102
Thermal file; Could not open file /Users/koning/tares-1.8/source/Module//../../inputs/2025/runThermal/results//thermal.mxw.ng.cendl3.1
Thermal file; Could not open file /Users/koning/tares-1.8/source/Module//../../inputs/2025/runThermal/results//thermal.mxw.ng.brond3.1
Thermal file; Could not open file /Users/koning/tares-1.8/source/Module//../../inputs/2025/runThermal/results//thermal.xs.ng.unc.cendl3.1
 ... spin taken from the final/ directory (1)

 ... ###############################################
 ... #  Nucleus global parameters (2025 database)  #
 ... ###############################################
 0. Half-life: 2.54 min. 
 ... Scattering radius from TALYS: /Users/koning/tares-1.8/source/Module//../../inputs/2025/lib.urr/talys.urr/
 1. Spin of the target isotope: 9.5
 2. Relative Atomic Mass of the target isotope: 52.9453
 3. Level of the isomer: 3.040400 MeV (level number 22)
 4. Scattering radius (local compilation): 5.00432 fm +/- 0.105091 fm
      .......................................
      ... Thermal capture cross sections: ...
 5. Thermal (maxwellian) (n,g) cross section from experiments (local compilation): 1 +/- 1 b.
 6. Thermal (n,g) cross section from compilation (Firestone-2022 average on element Fe): 2.57 +/- 0.04 b.
 7. Thermal (n,g) cross section from compilation (Firestone-2022 final on element Fe): 2.53 +/- 0.03 b.
      .......................................
      ...  Thermal total cross sections:  ...
      .......................................
      ... Thermal elastic cross sections: ...
 8. Thermal (n,el) cross section from potential (4piR^2): 6.28923 +/- 0.314461 b.
      .......................................
             ... Resonance integral: ...
 9. No capture integral found in /Users/koning/tares-1.8/source/Module//../../inputs/capture.integral
 ... no RI(n,g) found in local compilation, take 2018 value.
 ... no RI(n,g) found in local compilation, take Sukhoruchkin value.
   ---- MACS 30 keV ----- 
 10. TALYS MACS 30 keV (HF): 4.79258e-41 b. 
   ---------- S0 -------- 
 11. S0 from TALYS: 6.39429
   ---------- S1 -------- 
 12. S1 from TALYS: 0.64764
   ---------- S2 -------- 
 13. S2 from TALYS: 4.41117
   ---------- D0 -------- 
 14. D0 from TALYS: 31662.5 eV
 Correction to D0: 0.1
   ---------- D1 -------- 
 15. D1 from TALYS: 12599.6 eV
   ---------- D2 -------- 
 16. D2 from TALYS: 6242.6 eV
   ---------- G0 -------- 
 17. Gg0 from TALYS: 8.80234 eV
   ---------- G1 -------- 
 18. Gg1 from TALYS: 10.0077 eV
   ---------- G2 -------- 
 19. Gg2 from TALYS: 14.8175 eV


   ---------------------- 
 ... Read resonance parameters (format: 2: Multi Level Breit Wigner)
 ... 0 resonances found 
 ... possibly no resonances in the Resonance directory for this isotope and options
 ... Use HFR (ladder) behavior 
 --> 21. Number of resonances from the input file: 2 up to 15831.2 eV
 22. Read nuclear quantities (mass, MAT...)
 23. Read thermal (n,g) xs 
 24. Read the scattering radius 
 25. Read uncertainty on Gg for 2 resonances
 26. Read uncertainty on Gg for 2 resonances ... done
 ... order resonances 
 ... Upper limit for the RRR: 15831.2 eV (no statistical resonances HFR) from the limit.RRR file
 ... Write parameters for l=0 waves
 ... End writing original MF2 
 ... No RRR in the database: uncertainties on default parameters multiplied by 1.99753
 ... Enter in urr function (ladder option set to y) for file n-Fe053m
 ... read the file /Users/koning/tares-1.8/source/Module//../../inputs/2025/list.jcs.urr to find URR origin
 Default URR taken from TALYS calculations with level density model: 91n3n12611.2850
 File considered for the URR: /Users/koning/tares-1.8/source/Module//../../inputs/2025/lib.urr/talys.urr/91n3n12611.2850/Fe/urr/urr.dat.Fe.053.022.1.gz
 ... Write URR using TALYS average parameters (used for HFR)
 ... Extract the Sn value from file ./urr.dat.Fe.53.22.1
 ... found Sn= 13.3785 MeV
 ... estimated number of resonances up to 76.3757 eV:  1 resonances
 ... This is a test here. The higher energy limit to include URR data for calendf is set to max Sn. 24/03/2016
 ... Use Sn to define the maximum energy for the URR: Sn= 13.3785 MeV --> last_energyURR= 76.3757 eV
 ... read D0, S0, Gn and Gg
 ... number of URR energies: 2580
 Number of l: 2580 and last energy: 12
 Last  URR energy: 15831.2 eV
 ... Enter in to_MLBW_mf2 function
 ... Convert to Multi Level Breit Wigner (MLBW)
 ... Write parameter covariances (MF32) for l=0
 ... Convert parameter covariances (MF32) to MLBW
 ... copy the mf2 and mf32 to .mlbw files
 ... Enter in urr_correct function case 1
 Modify the higher limit of RRR in MF2
 --> old value: 1.591039+4 eV new value: 1.000000-2 eV
 Modify resonance covariances (MF32) to include correlations in the URR
 End Modify resonance covariances (MF32) to include correlations in the URR
 ... Enter in calendf_xs function
 Use CALENDF for statistical resonances (update MF2) up to 1.583120+4 eV (initial limit)
 Extract resonances from CALENDF for RRR->URR 2
 74 statistical resonances found
 After reduction, 61 statistical resonances found
 ... checking resonance order 1
 ... checking resonance order 2nd round for 57 resonances
 ... end checking resonance order 2nd round
 .......................................................
 ... Adjustment to the thermal cross section : start ...
 .......................................................

 Before adjustment (adjustment to the thermal cross section set to y)
 ... Import MF2 from TARES calculations
 ... End energy of TARES MF2 : 1.244337E+4 eV and limit to 40000 resonances
 ... File used for reconstruction: new.temp22.reconst
 ... run RECENT ...
 ... Doppler broadened at a unique temperature: 300 Kelvin using sigma1
 ... run SIGMA1 at 3.000000E+02 K.

 ============== INTER values at 300 Kelvin ==============
 Thermal (n,g) xs =  388.137 b. (meas/sys: 1 b.) (warning: comparison to be done at 296 or 300 K)
 Th Maxw (n,g) xs =  390.37 b. (thermal Maxwellian value)
 Westcott factor  =  1.00574
 RI      (n,g)    =  164.935 b. (meas or sys: - b.)
 MACS 3.000e+04 eV=  0.092747 b. (meas or sys: - b.) from 1.00E+00 to 2.00E+07 eV (end of RRR) at T= 300 Kelvin 
 Thermal (n,el) xs=  503.402 b.
 RI      (n,el)   =  4348.58 b.
 ============= PSYCHE values ==============
 Ave. G_total L0  =  4475.31 eV
 Ave. G_total L1  =  10.7561 eV
 Ave. G_total L2  =  11.2869 eV
 Ave. Gn_0    L0  =  43.8049
 Ave. Gn_0    L1  =  2.35166
 Ave. Gn_0    L2  =  32.1593
 Ave. Gg      L0  =  8.48108 eV
 Ave. Gg      L1  =  9.50371 eV
 Ave. Gg      L2  =  11.2348 eV
 Ave. D       L0  =  2488.67 eV
 Ave. D       L1  =  1555.42 eV
 Ave. D       L2  =  1555.42 eV
 Ave. S       L0  =  0.0102598 eV
 Ave. S       L1  =  0.000269245 eV
 Ave. S       L2  =  0.00254588 eV
 =========================================
 Calculated capture integral   164.935 b.
 Calculated thermal (n,g)=          388.136752 b. and recommended= 1 b. (C/E= 388.137)
 Calculated RI      (n,g)= 164.935 b. (no reference value)
 ... tolerances: thermal (n,g) 20 % (reference uncertainties, minimum 2% and 5%, maximum 20%)
 Adjust the capture widths ...
 ... capture adjusted with Gn for 46 resonances (Gn<Gg) and with Gg for 11 resonances
 ... iteration 0: C/E thermal (n,g)= 388.137
 Warning: 57 widths limited to a change of a factor 10 from their starting values

 <-------- After adjustment -------->
 ... Import MF2 from TARES calculations
 ... End energy of TARES MF2 : 1.244337E+4 eV and limit to 40000 resonances
 ... File used for reconstruction: new.temp22.reconst
 ... run RECENT ...
 ... Doppler broadened at a unique temperature: 300 Kelvin using sigma1
 ... run SIGMA1 at 3.000000E+02 K.

 ============== INTER values at 300 Kelvin ==============
 Thermal (n,g) xs =  38.814 b. (meas/sys: 1 b.) (warning: comparison to be done at 296 or 300 K)
 Th Maxw (n,g) xs =  39.037 b. (thermal Maxwellian value)
 Westcott factor  =  1.00575
 RI      (n,g)    =  16.5272 b. (meas or sys: - b.)
 MACS 3.000e+04 eV=  0.014356 b. (meas or sys: - b.) from 1.00E+00 to 2.00E+07 eV (end of RRR) at T= 300 Kelvin 
 Thermal (n,el) xs=  503.458 b.
 RI      (n,el)   =  4350.55 b.
 ============= PSYCHE values ==============
 Ave. G_total L0  =  4468.69 eV
 Ave. G_total L1  =  9.62894 eV
 Ave. G_total L2  =  11.24 eV
 Ave. Gn_0    L0  =  43.8008
 Ave. Gn_0    L1  =  0.235166
 Ave. Gn_0    L2  =  3.21593
 Ave. Gg      L0  =  2.16938 eV
 Ave. Gg      L1  =  9.50371 eV
 Ave. Gg      L2  =  11.2348 eV
 Ave. D       L0  =  2488.67 eV
 Ave. D       L1  =  1555.42 eV
 Ave. D       L2  =  1555.42 eV
 Ave. S       L0  =  0.0102588 eV
 Ave. S       L1  =  2.69245e-05 eV
 Ave. S       L2  =  0.000254588 eV
 =========================================
 ... iteration 1: C/E thermal (n,g)= 38.814
 Warning: 57 widths limited to a change of a factor 10 from their starting values

 <-------- After adjustment -------->
 ... Import MF2 from TARES calculations
 ... End energy of TARES MF2 : 1.244337E+4 eV and limit to 40000 resonances
 ... File used for reconstruction: new.temp22.reconst
 ... run RECENT ...
 ... Doppler broadened at a unique temperature: 300 Kelvin using sigma1
 ... run SIGMA1 at 3.000000E+02 K.

 ============== INTER values at 300 Kelvin ==============
 Thermal (n,g) xs =  38.814 b. (meas/sys: 1 b.) (warning: comparison to be done at 296 or 300 K)
 Th Maxw (n,g) xs =  39.037 b. (thermal Maxwellian value)
 Westcott factor  =  1.00575
 RI      (n,g)    =  16.5272 b. (meas or sys: - b.)
 MACS 3.000e+04 eV=  0.014356 b. (meas or sys: - b.) from 1.00E+00 to 2.00E+07 eV (end of RRR) at T= 300 Kelvin 
 Thermal (n,el) xs=  503.458 b.
 RI      (n,el)   =  4350.55 b.
 ============= PSYCHE values ==============
 Ave. G_total L0  =  4468.69 eV
 Ave. G_total L1  =  9.62894 eV
 Ave. G_total L2  =  11.24 eV
 Ave. Gn_0    L0  =  43.8008
 Ave. Gn_0    L1  =  0.235166
 Ave. Gn_0    L2  =  3.21593
 Ave. Gg      L0  =  2.16938 eV
 Ave. Gg      L1  =  9.50371 eV
 Ave. Gg      L2  =  11.2348 eV
 Ave. D       L0  =  2488.67 eV
 Ave. D       L1  =  1555.42 eV
 Ave. D       L2  =  1555.42 eV
 Ave. S       L0  =  0.0102588 eV
 Ave. S       L1  =  2.69245e-05 eV
 Ave. S       L2  =  0.000254588 eV
 =========================================
 ... iteration 2: C/E thermal (n,g)= 38.814
 Warning: no further change possible (widths at the limit of a factor 10): adjustment stopped


 ... ratio C/E thermal (n,g): 3.881404E+01
 ...................................................... 
 ... Adjustment to the thermal cross section : stop ...
 ...................................................... 
 ... new MF2 file after adjustment: n-Fe053m
 ... read the file /Users/koning/tares-1.8/source/Module//../../inputs/2025/list.jcs.urr to find URR origin
 Default URR taken from TALYS calculations with level density model: 91n3n12611.2850
 File considered for the URR: /Users/koning/tares-1.8/source/Module//../../inputs/2025/lib.urr/talys.urr/91n3n12611.2850/Fe/urr/urr.dat.Fe.053.022.1.gz
 ... Write URR using TALYS average parameters (not used for HFR)
 Energy limit of the URR set to 16176.4 eV
 ... read D0, S0, Gn and Gg
 ... number of URR energies: 48
 Number of l: 48 and last energy: 12
 Last  URR energy: 16176.4 eV
 ... Enter in urr_correct function case 2
 Modify the higher limit of RRR in MF2
 --> old value: 1.244337+4 eV new value: 1.244337+4 eV
 Modify resonance covariances (MF32) to include correlations in the URR
 End Modify resonance covariances (MF32) to include correlations in the URR
 ... Enter in update_MF32 function
 ... Change uncertainties
 ... for the HFR, random position of the positive resonances with 0.020000 %
 ... end of update MF32 function
 ... GLS calculation of the parameter correlations from the thermal/RI adjustment (MF32c)
 ... MF32: correlations from the thermal/RI adjustment (GLS) for 6 resonances (12 widths), 8 correlation lines
 ...   thermal (n,g): uncertainty from these widths 11.789 b. -> 0.996422 b. (reference: 1 +/- 1 b.)
 ... copy the mf2 and mf32 to .mlbw files

 ... Start of final reconstruction and testing ...
 ... Reconstruction of cross sections at 0 Kelvin  ... Import MF2 from TARES calculations
 ... End energy of TARES MF2 : 1.244337E+4 eV and limit to 40000 resonances
 ... File used for reconstruction: n-Fe053m.reconst
 ... run RECENT ...
 ... Doppler broadened at a unique temperature: 0 Kelvin using sigma1
 ... The keyword temperature is zero, no Doppler broadening for the MACS

 ============== INTER values at 0 Kelvin ==============
 Thermal (n,g) xs =  38.7955 b. (meas/sys: 1 b.) (warning: comparison to be done at 296 or 300 K)
 Th Maxw (n,g) xs =  38.817 b. (thermal Maxwellian value)
 Westcott factor  =  1.00054
 RI      (n,g)    =  16.4305 b. (meas or sys: - b.)
 MACS 3.000e+04 eV=  0.014303 b. (meas or sys: - b.) from 1.00E+00 to 1.24E+04 eV (end of RRR) at T= 0 Kelvin 
 Thermal (n,el) xs=  498.646 b.
 RI      (n,el)   =  4317.23 b.
 ============= PSYCHE values ==============
 Ave. G_total L0  =  4468.69 eV
 Ave. G_total L1  =  9.62894 eV
 Ave. G_total L2  =  11.24 eV
 Ave. Gn_0    L0  =  43.8008
 Ave. Gn_0    L1  =  0.235166
 Ave. Gn_0    L2  =  3.21593
 Ave. Gg      L0  =  2.16938 eV
 Ave. Gg      L1  =  9.50371 eV
 Ave. Gg      L2  =  11.2348 eV
 Ave. D       L0  =  2488.67 eV
 Ave. D       L1  =  1555.42 eV
 Ave. D       L2  =  1555.42 eV
 Ave. S       L0  =  0.0102588 eV
 Ave. S       L1  =  2.69245e-05 eV
 Ave. S       L2  =  0.000254588 eV
 =========================================
 ... End of final reconstruction and testing ...

 ... grouping is not optimum, change to 70 groups
 ... Produce MF33 based on MF32 and 6 random files
 ... MF3 of n-Fe053m.reconst (3 sections) added to the files for ENDSAM
 ... run endsam for 6 in groups of 1 global run
 ... run endsam from 1 to 6
 ... random files: total width GT set to Gn+Gg+Gf (342 resonances in 6 files)
 ... reorder resonance position after endsam (sampling)
 ... preparing the vectors  ... done
 ... nominal file 0 Cap(th)  ave= 3.880E+01 b. +/- 0.00 % || Ela(th) ave= 4.986E+02 b. +/- 0.00 % || RIcap ave= 1.64E+01 b. +/- 0.00 % || Macs30 ave= 1.43E-02 b. +/- 0.00 % || Gn^0(l=0) ave= 4.380E+01 +/- 0.00 % Gn^0(l=1) ave= 2.352E-01 +/- 0.00 % Gn^0(l=2) ave= 3.216E+00 +/- 0.00 % Gn^0(l=3) ave= 0.000E+00 +/- 0.00 % || Gtotal(l=0) ave= 4.469E+03 +/- 0.00 % Gtotal(l=1) ave= 9.629E+00 +/- 0.00 % Gtotal(l=2) ave= 1.124E+01 +/- 0.00 % Gtotal(l=3) ave= 0.000E+00 +/- 0.00 %  % || Gg(l=0) ave= 2.169E+00 +/- 0.00 % Gg(l=1) ave= 9.504E+00 +/- 0.00 % Gg(l=2) ave= 1.123E+01 +/- 0.00 % Gg(l=3) ave= 0.000E+00 +/- 0.00 %  % || D(l=0) ave= 2.489E+03 +/- 0.00 % D(l=1) ave= 1.555E+03 +/- 0.00 % D(l=2) ave= 1.555E+03 +/- 0.00 % D(l=3) ave= 0.000E+00 +/- 0.00 %  % || S(l=0) ave= 1.026E-02 +/- 0.00 % S(l=1) ave= 2.692E-05 +/- 0.00 % S(l=2) ave= 2.546E-04 +/- 0.00 % S(l=3) ave= 0.000E+00 +/- 0.00 % 
 ... random file  1 Cap(th)  ave= 4.671E+01 b. +/- 16.94 % || Ela(th) ave= 4.933E+02 b. +/- 1.08 % || RIcap ave= 1.96E+01 b. +/- 16.22 % || Macs30 ave= 1.36E-02 b. +/- 5.34 % || Gn^0(l=0) ave= 4.381E+01 +/- 0.02 % Gn^0(l=1) ave= 2.459E-01 +/- 4.35 % Gn^0(l=2) ave= 3.573E+00 +/- 10.00 % Gn^0(l=3) ave= 0.000E+00 +/- 0.00 % || Gtotal(l=0) ave= 4.470E+03 +/- 0.02 % Gtotal(l=1) ave= 9.041E+00 +/- 6.50 % Gtotal(l=2) ave= 1.134E+01 +/- 0.87 % Gtotal(l=3) ave= 0.000E+00 +/- 0.00 %  % || Gg(l=0) ave= 1.874E+00 +/- 15.75 % Gg(l=1) ave= 8.917E+00 +/- 6.58 % Gg(l=2) ave= 1.133E+01 +/- 0.87 % Gg(l=3) ave= 0.000E+00 +/- 0.00 %  % || D(l=0) ave= 2.489E+03 +/- 0.00 % D(l=1) ave= 1.555E+03 +/- 0.00 % D(l=2) ave= 1.555E+03 +/- 0.00 % D(l=3) ave= 0.000E+00 +/- 0.00 %  % || S(l=0) ave= 1.026E-02 +/- 0.02 % S(l=1) ave= 2.815E-05 +/- 4.34 % S(l=2) ave= 2.829E-04 +/- 10.01 % S(l=3) ave= 0.000E+00 +/- 0.00 % 
 ... random file  2 Cap(th)  ave= 4.899E+01 b. +/- 14.74 % || Ela(th) ave= 4.940E+02 b. +/- 0.90 % || RIcap ave= 2.05E+01 b. +/- 14.12 % || Macs30 ave= 1.31E-02 b. +/- 7.06 % || Gn^0(l=0) ave= 3.443E+01 +/- 38.54 % Gn^0(l=1) ave= 2.546E-01 +/- 5.93 % Gn^0(l=2) ave= 3.837E+00 +/- 12.33 % Gn^0(l=3) ave= 0.000E+00 +/- 0.00 % || Gtotal(l=0) ave= 3.394E+03 +/- 44.83 % Gtotal(l=1) ave= 9.363E+00 +/- 7.06 % Gtotal(l=2) ave= 1.120E+01 +/- 1.86 % Gtotal(l=3) ave= 0.000E+00 +/- 0.00 %  % || Gg(l=0) ave= 1.834E+00 +/- 13.51 % Gg(l=1) ave= 9.239E+00 +/- 7.16 % Gg(l=2) ave= 1.120E+01 +/- 1.86 % Gg(l=3) ave= 0.000E+00 +/- 0.00 %  % || D(l=0) ave= 2.696E+03 +/- 10.88 % D(l=1) ave= 1.555E+03 +/- 0.00 % D(l=2) ave= 1.555E+03 +/- 0.00 % D(l=3) ave= 0.000E+00 +/- 0.00 %  % || S(l=0) ave= 7.912E-03 +/- 41.97 % S(l=1) ave= 2.914E-05 +/- 5.93 % S(l=2) ave= 3.036E-04 +/- 12.29 % S(l=3) ave= 0.000E+00 +/- 0.00 % 
 ... random file  3 Cap(th)  ave= 4.753E+01 b. +/- 14.19 % || Ela(th) ave= 4.914E+02 b. +/- 1.22 % || RIcap ave= 1.99E+01 b. +/- 13.55 % || Macs30 ave= 1.33E-02 b. +/- 6.87 % || Gn^0(l=0) ave= 2.972E+01 +/- 47.40 % Gn^0(l=1) ave= 2.741E-01 +/- 13.22 % Gn^0(l=2) ave= 4.511E+00 +/- 27.43 % Gn^0(l=3) ave= 0.000E+00 +/- 0.00 % || Gtotal(l=0) ave= 2.855E+03 +/- 56.55 % Gtotal(l=1) ave= 9.641E+00 +/- 7.77 % Gtotal(l=2) ave= 1.089E+01 +/- 5.23 % Gtotal(l=3) ave= 0.000E+00 +/- 0.00 %  % || Gg(l=0) ave= 2.037E+00 +/- 20.26 % Gg(l=1) ave= 9.517E+00 +/- 7.86 % Gg(l=2) ave= 1.089E+01 +/- 5.24 % Gg(l=3) ave= 0.000E+00 +/- 0.00 %  % || D(l=0) ave= 2.800E+03 +/- 11.11 % D(l=1) ave= 1.555E+03 +/- 0.00 % D(l=2) ave= 1.555E+03 +/- 0.00 % D(l=3) ave= 0.000E+00 +/- 0.00 %  % || S(l=0) ave= 6.736E-03 +/- 52.33 % S(l=1) ave= 3.137E-05 +/- 13.19 % S(l=2) ave= 3.570E-04 +/- 27.44 % S(l=3) ave= 0.000E+00 +/- 0.00 % 
 ... random file  4 Cap(th)  ave= 4.389E+01 b. +/- 21.53 % || Ela(th) ave= 4.912E+02 b. +/- 1.10 % || RIcap ave= 1.85E+01 b. +/- 20.26 % || Macs30 ave= 1.43E-02 b. +/- 14.70 % || Gn^0(l=0) ave= 2.690E+01 +/- 51.34 % Gn^0(l=1) ave= 2.576E-01 +/- 17.93 % Gn^0(l=2) ave= 4.037E+00 +/- 36.07 % Gn^0(l=3) ave= 0.000E+00 +/- 0.00 % || Gtotal(l=0) ave= 2.532E+03 +/- 62.50 % Gtotal(l=1) ave= 9.515E+00 +/- 7.53 % Gtotal(l=2) ave= 1.139E+01 +/- 9.87 % Gtotal(l=3) ave= 0.000E+00 +/- 0.00 %  % || Gg(l=0) ave= 2.151E+00 +/- 20.15 % Gg(l=1) ave= 9.390E+00 +/- 7.62 % Gg(l=2) ave= 1.139E+01 +/- 9.88 % Gg(l=3) ave= 0.000E+00 +/- 0.00 %  % || D(l=0) ave= 2.862E+03 +/- 10.65 % D(l=1) ave= 1.555E+03 +/- 0.00 % D(l=2) ave= 1.555E+03 +/- 0.00 % D(l=3) ave= 0.000E+00 +/- 0.00 %  % || S(l=0) ave= 6.030E-03 +/- 57.29 % S(l=1) ave= 2.949E-05 +/- 17.90 % S(l=2) ave= 3.196E-04 +/- 36.07 % S(l=3) ave= 0.000E+00 +/- 0.00 % 
 ... random file  5 Cap(th)  ave= 4.188E+01 b. +/- 23.24 % || Ela(th) ave= 4.930E+02 b. +/- 1.30 % || RIcap ave= 1.77E+01 b. +/- 21.95 % || Macs30 ave= 1.43E-02 b. +/- 13.41 % || Gn^0(l=0) ave= 2.502E+01 +/- 53.08 % Gn^0(l=1) ave= 2.551E-01 +/- 16.68 % Gn^0(l=2) ave= 3.943E+00 +/- 34.13 % Gn^0(l=3) ave= 0.000E+00 +/- 0.00 % || Gtotal(l=0) ave= 2.317E+03 +/- 65.69 % Gtotal(l=1) ave= 9.601E+00 +/- 7.10 % Gtotal(l=2) ave= 1.103E+01 +/- 11.82 % Gtotal(l=3) ave= 0.000E+00 +/- 0.00 %  % || Gg(l=0) ave= 2.068E+00 +/- 21.11 % Gg(l=1) ave= 9.476E+00 +/- 7.19 % Gg(l=2) ave= 1.103E+01 +/- 11.83 % Gg(l=3) ave= 0.000E+00 +/- 0.00 %  % || D(l=0) ave= 2.903E+03 +/- 10.10 % D(l=1) ave= 1.555E+03 +/- 0.00 % D(l=2) ave= 1.555E+03 +/- 0.00 % D(l=3) ave= 0.000E+00 +/- 0.00 %  % || S(l=0) ave= 5.561E-03 +/- 59.76 % S(l=1) ave= 2.919E-05 +/- 16.67 % S(l=2) ave= 3.122E-04 +/- 34.12 % S(l=3) ave= 0.000E+00 +/- 0.00 % 
 ... random file  6 Cap(th)  ave= 4.207E+01 b. +/- 21.45 % || Ela(th) ave= 4.922E+02 b. +/- 1.27 % || RIcap ave= 1.78E+01 b. +/- 20.27 % || Macs30 ave= 1.43E-02 b. +/- 12.41 % || Gn^0(l=0) ave= 2.771E+01 +/- 50.32 % Gn^0(l=1) ave= 2.480E-01 +/- 17.34 % Gn^0(l=2) ave= 3.723E+00 +/- 36.46 % Gn^0(l=3) ave= 0.000E+00 +/- 0.00 % || Gtotal(l=0) ave= 2.625E+03 +/- 60.90 % Gtotal(l=1) ave= 9.569E+00 +/- 6.64 % Gtotal(l=2) ave= 1.127E+01 +/- 11.86 % Gtotal(l=3) ave= 0.000E+00 +/- 0.00 %  % || Gg(l=0) ave= 2.060E+00 +/- 19.65 % Gg(l=1) ave= 9.444E+00 +/- 6.73 % Gg(l=2) ave= 1.126E+01 +/- 11.87 % Gg(l=3) ave= 0.000E+00 +/- 0.00 %  % || D(l=0) ave= 2.844E+03 +/- 10.83 % D(l=1) ave= 1.555E+03 +/- 0.00 % D(l=2) ave= 1.555E+03 +/- 0.00 % D(l=3) ave= 0.000E+00 +/- 0.00 %  % || S(l=0) ave= 6.231E-03 +/- 55.96 % S(l=1) ave= 2.839E-05 +/- 17.32 % S(l=2) ave= 2.947E-04 +/- 36.46 % S(l=3) ave= 0.000E+00 +/- 0.00 % 
 ... Histogram plot for thermal (n,g)
 ... Write covariances  ... MT1  ... plot correlations
 ... MT2  ... MT102 


 ================================================
 ============== From 6 random values === start ======
 Thermal (n,tot) xs  0 K =  534.28 b. +/- 9.12611 b. ( 1.70811 %) skew= +0.02 +/- 0.79
 Thermal (n,el) xs   0 K =  492.213 b. +/- 6.22816 b. ( 1.26534 %) skew= +0.25 +/- 0.79
 Thermal (n,g) xs    0 K =  42.0667 b. +/- 9.02136 b. ( 21.4454 %) skew= +0.06 +/- 0.79
 RI      (n,g)       0 K =  17.7662 b. +/- 3.60049 b. ( 20.2659 %) 
 MACS    (n,g)       0 K (at Emacs= 30000 eV) =  0.0143217 b. +/- 0.00177707 b. ( 12.4082 %) 
 Ave. Gtotal  L=0        =  2.625E+03 +/- 60.90 %
 Ave. Gn^(0)  L=0        =  2.771E+01 +/- 50.32 %
 Ave. Gg      L=0        =  2.060E+00 +/- 19.65 %
 Ave. D       L=0        =  2.844E+03 +/- 10.83 %
 Ave. S       L=0        =  6.231E-03 +/- 55.96 %
 Ave. Gtotal  L=1        =  9.569E+00 +/- 6.64 %
 Ave. Gn^(1)  L=1        =  2.480E-01 +/- 17.34 %
 Ave. Gg      L=1        =  9.444E+00 +/- 6.73 %
 Ave. D       L=1        =  1.555E+03 +/- 0.00 %
 Ave. S       L=1        =  2.839E-05 +/- 17.32 %
 Ave. Gtotal  L=2        =  1.127E+01 +/- 11.86 %
 Ave. Gn^(2)  L=2        =  3.723E+00 +/- 36.46 %
 Ave. Gg      L=2        =  1.126E+01 +/- 11.87 %
 Ave. D       L=2        =  1.555E+03 +/- 0.00 %
 Ave. S       L=2        =  2.947E-04 +/- 36.46 %

 Expected Thermal (n,g) (syst or meas)= 1 b. +/- 1 b. nominal: 38.7955 b.
 ratio Calculated/expected thermal (n,g): 42.07 ratio DCalculated/Dexpected: 9.02 ratio Calculated/Nominal: 1.08
 ============== From 6 random values ===== stop ======
 ================================================
 ... Calculation of (n,a) and (n,p) cross sections at 300 K
 ... thermal (n,a) cross section is 0.580168 +/- 0.290084 b.
 ... thermal (n,a) cross section is 0.470543 b. (random case 1)
 ... thermal (n,a) cross section is 0.630538 b. (random case 2)
 ... thermal (n,a) cross section is 0.602469 b. (random case 3)
 ... thermal (n,a) cross section is 0.280427 b. (random case 4)
 ... thermal (n,a) cross section is 0.793344 b. (random case 5)
 ... thermal (n,a) cross section is 0.461027 b. (random case 6)
 ... thermal (n,p) cross section is 0.580168 +/- 0.290084 b.
 ... thermal (n,p) cross section is 0.886263 b. (random case 1)
 ... thermal (n,p) cross section is 0.99998 b. (random case 2)
 ... thermal (n,p) cross section is 0.913682 b. (random case 3)
 ... thermal (n,p) cross section is 0.629547 b. (random case 4)
 ... thermal (n,p) cross section is 0.541296 b. (random case 5)
 ... thermal (n,p) cross section is 0.256476 b. (random case 6)
 ... Rewrite index for MF2
 ... Write text for MF1 in file mf1.tares.txt
 ... plotting cross sections for the MF1
 ... order output files


================== summary ==================
 Thermal (n,tot) xs = 538.602 b. 
 Thermal (n,el)  xs = 498.646 b. 
 Thermal (n,g)   xs = 38.7955 b. (meas/sys: 1 b.)
 Thermal (n,a)   xs = 0.580168 b. 
 Thermal (n,p)   xs = 0.580168 b. 
 At 300 K (thermal adjustment): (n,el) = 503.458 b., (n,g) = 38.814 b.

 RI      (n,g)      = 16.4305 b. (meas or sys: - b.)
 RI      (n,el)     = 4317.23 b.
=============================================


 ... cleaning
                                                 
  -------------------------------------------------------------
  -                                                           -
  - TARES: successful end of run with data from hypothetical  -
  - resonances for  Z= 26,  A= 53 and isomer= 1               -
  - half-life: 2.540000 min. 
  -                                                           -
  -------------------------------------------------------------

   Running time:       8 seconds

 End time: Fri Oct  9 13:41:26 2026

