
  -------------------------------------------------------------
  -                                                           -
  -              Welcome to TARES version 1.8                 -
  -                                                           -
  -  (C) Copyright 2007-2025 D. Rochman, All Rights Reserved  -
  -           NRG, Petten, the Netherlands 2007-2014          -
  -           PSI, Villigen    Switzerland 2015-2025          -
  -         Nagra, Wettingen   Switzerland 2025-              -
  -           (Last Modified October 06, 2026)                -
  -           (Database from October 06, 2026)                -
  -                                                           -
  -------------------------------------------------------------


  ---------------------------------------------
   Compilation information:
   Compiled on:         Oct  8 2026, 18:36:06
   Compiled by:         koning
   Compiler version:    clang++ - 21.0.0
   Source location:     /Users/koning/tares-1.8/source/Module/
   Binaries location:   /Users/koning/bin
   System:              Darwin 25.6.0
   System version:      Darwin Kernel Version 25.6.0: Fri Jul 31 19:19:08 PDT 2026; root:xnu-12377.161.14~5/RELEASE_ARM64_T6050  
   Machine:             arm64 
  ---------------------------------------------

   User information:
   User name:           koning
   Running directory:   /Users/koning/tendl/resbase/Cu073/work
   Owner mode for running directory : rwx
   Group mode for running directory : r-x
  ---------------------------------------------


 Starting time: Fri Oct  9 13:55:41 2026
 ... inputs directory found (/Users/koning/tares-1.8/source/Module//../../inputs/).
 ... It will be used for resonance parameters 
 ... ###############################################
 ... #     read the input file tares.inp
 ... ###############################################
 ... line: #
 ... line: # Input file generated by Autorochman
          --> line not read
 ... line: #
 ... line: isotope    Cu
          --> Isotope name: Cu
 ... line: mass       73
          --> isotopic mass: 73
 ... line: output     n-Cu073
         ---> Name of the output files: n-Cu073
 ... line: isomer     0
          --> isomeric state: 0
 ... line: mf32mf33   y
          --> MF33 based on MF32: y
 ... line: nbrRandom  6
          --> Nbr of random files: 6
 ... ###############################################
 ... # end read the input file tares.inp
 ... ###############################################
Value for random generator type not considered in since Tares 1.7 due to compilation issues

 ... ###############################################
     #   Interpretation of the Input definition    #
     ###############################################

 ... Default energy limit: End of resonance region
 ... Nuclear charge    = 29
 ... Element           = Cu
 ... Mass              = 73
 ... Isomer            = 0
 ... Correlation for (Gn,Gg) not included in random files
 ... Default random option: No random
 ... Output name: n-Cu073
 ... Energy for the MACS: 30000 eV
 ... Resonances from CALENDF reduced (reduce=y) 
 ... For URR, level density model from TALYS selected: 91n3n12611.2850 (see manual for description)
 ... Random Generator: default (pseudo random numbers from ansi c++)
 ... Reconstruction of cross section selected
 ... Doppler broadening at 0 Kelvin
 ... URR not included (from the input file flag)
 ... Weight for grouping is flat
 ... Calculation of (n,alpha) cross section selected
 ... Number of digit for MF32c covariance representation: 2
 ... MF32 included
 ... MF33 will be used for covariance processing
 ... TENDL option set to yes (automatic choice of MF2 and format)
 ... Isotope not found in the best file --> use of MLBW formalism
 ... default option: Multi level Breit Wigner approximation selected
 ... (check file best.tendl.yes for changing this option)
 ... Retroactive option set to no with the 2025 option
 ... ladder option set to yes (CALENDF will be used for statistical resonances)

 ... ###############################################
     #           End of Input definition           #
     ###############################################

 ... gnuplot found, will be used for plotting
 ... latex found, will be used for plotting
 ... dvips found, will be used for plotting
 ... ps2epsi not found, limited plotting available
 ... uncertainties on default parameters multiplied by 1.55154
 ... Read resonance data from the 2025 directory
 ... Resonance parameters taken from /Users/koning/tares-1.8/source/Module//../../inputs/2025/Resonance/default/
 ---> Processing Z= 29 and A= 73 and isomer= 0 (level number: 0)
 Exfor path; Could not find /Users/koning/tares-1.8/source/Module//../../inputs/exfor/Cu073/xs/102
Thermal file; Could not open file /Users/koning/tares-1.8/source/Module//../../inputs/2025/runThermal/results//thermal.mxw.ng.cendl3.1
Thermal file; Could not open file /Users/koning/tares-1.8/source/Module//../../inputs/2025/runThermal/results//thermal.mxw.ng.brond3.1
Thermal file; Could not open file /Users/koning/tares-1.8/source/Module//../../inputs/2025/runThermal/results//thermal.xs.ng.unc.cendl3.1
 ... spin taken from the final/ directory (1)

 ... ###############################################
 ... #  Nucleus global parameters (2025 database)  #
 ... ###############################################
 0. Half-life: 4.2 sec. 
 ... Scattering radius from TALYS: /Users/koning/tares-1.8/source/Module//../../inputs/2025/lib.urr/talys.urr/
 1. Spin of the target isotope: 1.5
 2. Relative Atomic Mass of the target isotope: 72.9366
 3. Scattering radius (local compilation): 5.56199 fm +/- 0.133488 fm
      .......................................
      ... Thermal capture cross sections: ...
 4. Thermal (n,g) cross section from systematics (TALYS, urr.dat): 2.18978 +/- 1.86131 b.
 5. Thermal (n,g) cross section from compilation (Firestone-2022 average on element Cu): 3.79 +/- 0.05 b.
 6. Thermal (n,g) cross section from compilation (Firestone-2022 final on element Cu): 3.782 +/- 0.015 b.
 7. Thermal (n,g) cross section from TENDL-2023: 2.19 b.
      .......................................
      ...  Thermal total cross sections:  ...
      .......................................
      ... Thermal elastic cross sections: ...
 8. Thermal (n,el) cross section from potential (4piR^2): 6.99009 +/- 0.349504 b.
      .......................................
             ... Resonance integral: ...
 9. No capture integral found in /Users/koning/tares-1.8/source/Module//../../inputs/capture.integral
 ... no RI(n,g) found in local compilation, take 2018 value.
 ... no RI(n,g) found in local compilation, take Sukhoruchkin value.
   ---- MACS 30 keV ----- 
 10. TALYS MACS 30 keV (HF): 0.00970773 b. 
   ---------- S0 -------- 
 11. S0 from TALYS: 1.71516
   ---------- S1 -------- 
 12. S1 from TALYS: 0.765435
   ---------- S2 -------- 
 13. S2 from TALYS: 3.49372
   ---------- D0 -------- 
 14. D0 from TALYS: 1792.42 eV
   ---------- D1 -------- 
 15. D1 from TALYS: 990.386 eV
   ---------- D2 -------- 
 16. D2 from TALYS: 733.063 eV
   ---------- G0 -------- 
 17. Gg0 from TALYS: 0.058972 eV
   ---------- G1 -------- 
 18. Gg1 from TALYS: 0.0655904 eV
   ---------- G2 -------- 
 19. Gg2 from TALYS: 0.0600367 eV


   ---------------------- 
 ... Read resonance parameters (format: 2: Multi Level Breit Wigner)
 ... 0 resonances found 
 ... possibly no resonances in the Resonance directory for this isotope and options
 ... Use HFR (ladder) behavior 
 --> 21. Number of resonances from the input file: 2 up to 896.211 eV
 22. Read nuclear quantities (mass, MAT...)
 23. Read thermal (n,g) xs 
 24. Read the scattering radius 
 25. Read uncertainty on Gg for 2 resonances
 26. Read uncertainty on Gg for 2 resonances ... done
 ... order resonances 
 ... Upper limit for the RRR: 896.211 eV (no statistical resonances HFR) from the limit.RRR file
 ... Write parameters for l=0 waves
 ... End writing original MF2 
 ... No RRR in the database: uncertainties on default parameters multiplied by 1.99753
 ... Enter in urr function (ladder option set to y) for file n-Cu073
 ... read the file /Users/koning/tares-1.8/source/Module//../../inputs/2025/list.jcs.urr to find URR origin
 Default URR taken from TALYS calculations with level density model: 91n3n12611.2850
 File considered for the URR: /Users/koning/tares-1.8/source/Module//../../inputs/2025/lib.urr/talys.urr/91n3n12611.2850/Cu/urr/urr.dat.Cu.073.000.0.gz
 ... Write URR using TALYS average parameters (used for HFR)
 ... Limit of URR changed to 25 keV (recommendation from WPEC and JEFF)
 ... ---> Emax(RRR) taken from the file limit.ladder: 10000 eV <---
 ... (File limit.ladder: /Users/koning/tares-1.8/source/Module//../../inputs/2025/limit.ladder.91n3n12611.2850)
 ... read D0, S0, Gn and Gg
 ... number of URR energies: 2310
 Number of l: 2310 and last energy: 11
 Last  URR energy: 10000 eV
 ... Enter in to_MLBW_mf2 function
 ... Convert to Multi Level Breit Wigner (MLBW)
 ... Write parameter covariances (MF32) for l=0
 ... Convert parameter covariances (MF32) to MLBW
 ... copy the mf2 and mf32 to .mlbw files
 ... Enter in urr_correct function case 1
 Modify the higher limit of RRR in MF2
 --> old value: 9.006921+2 eV new value: 1.000000-2 eV
 Modify resonance covariances (MF32) to include correlations in the URR
 End Modify resonance covariances (MF32) to include correlations in the URR
 ... Enter in calendf_xs function
 Use CALENDF for statistical resonances (update MF2) up to 1.000000+4 eV (initial limit)
 Extract resonances from CALENDF for RRR->URR 2
 62 statistical resonances found
 After reduction, 54 statistical resonances found
 ... checking resonance order 1
 ... checking resonance order 2nd round for 52 resonances
 ... end checking resonance order 2nd round
 .......................................................
 ... Adjustment to the thermal cross section : start ...
 .......................................................

 Before adjustment (adjustment to the thermal cross section set to y)
 ... Import MF2 from TARES calculations
 ... End energy of TARES MF2 : 9.531435E+3 eV and limit to 40000 resonances
 ... File used for reconstruction: new.temp22.reconst
 ... run RECENT ...
 ... Doppler broadened at a unique temperature: 300 Kelvin using sigma1
 ... run SIGMA1 at 3.000000E+02 K.

 ============== INTER values at 300 Kelvin ==============
 Thermal (n,g) xs =  0.151806 b. (meas/sys: 2.18978 b.) (warning: comparison to be done at 296 or 300 K)
 Th Maxw (n,g) xs =  0.15268 b. (thermal Maxwellian value)
 Westcott factor  =  1.00576
 RI      (n,g)    =  0.514505 b. (meas or sys: - b.)
 MACS 3.000e+04 eV=  0.0096609 b. (meas or sys: - b.) from 1.00E+00 to 2.00E+07 eV (end of RRR) at T= 300 Kelvin 
 Thermal (n,el) xs=  3.64174 b.
 RI      (n,el)   =  88.1483 b.
 ============= PSYCHE values ==============
 Ave. G_total L0  =  25.1023 eV
 Ave. G_total L1  =  0.286431 eV
 Ave. G_total L2  =  0.0568082 eV
 Ave. Gn_0    L0  =  0.358369
 Ave. Gn_0    L1  =  0.398745
 Ave. Gn_0    L2  =  4.9833
 Ave. Gg      L0  =  0.0587808 eV
 Ave. Gg      L1  =  0.0655501 eV
 Ave. Gg      L2  =  0.055793 eV
 Ave. D       L0  =  1906.29 eV
 Ave. D       L1  =  1361.63 eV
 Ave. D       L2  =  1191.43 eV
 Ave. S       L0  =  0.000107731 eV
 Ave. S       L1  =  7.66737e-05 eV
 Ave. S       L2  =  0.000292562 eV
 =========================================
 Calculated capture integral   0.514505 b.
 Calculated thermal (n,g)=          .151805896 b. and recommended= 2.18978 b. (C/E= 0.0693248)
 Calculated RI      (n,g)= 0.514505 b. (no reference value)
 ... tolerances: thermal (n,g) 20 % (reference uncertainties, minimum 2% and 5%, maximum 20%)
 Adjust the capture widths ...
 ... capture adjusted with Gn for 33 resonances (Gn<Gg) and with Gg for 19 resonances
 ... iteration 0: C/E thermal (n,g)= 0.0693248
 Warning: 52 widths limited to a change of a factor 10 from their starting values

 <-------- After adjustment -------->
 ... Import MF2 from TARES calculations
 ... End energy of TARES MF2 : 9.531435E+3 eV and limit to 40000 resonances
 ... File used for reconstruction: new.temp22.reconst
 ... run RECENT ...
 ... Doppler broadened at a unique temperature: 300 Kelvin using sigma1
 ... run SIGMA1 at 3.000000E+02 K.

 ============== INTER values at 300 Kelvin ==============
 Thermal (n,g) xs =  1.51806 b. (meas/sys: 2.18978 b.) (warning: comparison to be done at 296 or 300 K)
 Th Maxw (n,g) xs =  1.5268 b. (thermal Maxwellian value)
 Westcott factor  =  1.00576
 RI      (n,g)    =  4.37693 b. (meas or sys: - b.)
 MACS 3.000e+04 eV=  0.017373 b. (meas or sys: - b.) from 1.00E+00 to 2.00E+07 eV (end of RRR) at T= 300 Kelvin 
 Thermal (n,el) xs=  3.64174 b.
 RI      (n,el)   =  84.8913 b.
 ============= PSYCHE values ==============
 Ave. G_total L0  =  25.6313 eV
 Ave. G_total L1  =  0.721195 eV
 Ave. G_total L2  =  0.0659453 eV
 Ave. Gn_0    L0  =  0.358369
 Ave. Gn_0    L1  =  0.673953
 Ave. Gn_0    L2  =  49.833
 Ave. Gg      L0  =  0.587808 eV
 Ave. Gg      L1  =  0.359058 eV
 Ave. Gg      L2  =  0.055793 eV
 Ave. D       L0  =  1906.29 eV
 Ave. D       L1  =  1361.63 eV
 Ave. D       L2  =  1191.43 eV
 Ave. S       L0  =  0.000107731 eV
 Ave. S       L1  =  0.000108309 eV
 Ave. S       L2  =  0.00292562 eV
 =========================================
 ... iteration 1: C/E thermal (n,g)= 0.693248
 Warning: 52 widths limited to a change of a factor 10 from their starting values

 <-------- After adjustment -------->
 ... Import MF2 from TARES calculations
 ... End energy of TARES MF2 : 9.531435E+3 eV and limit to 40000 resonances
 ... File used for reconstruction: new.temp22.reconst
 ... run RECENT ...
 ... Doppler broadened at a unique temperature: 300 Kelvin using sigma1
 ... run SIGMA1 at 3.000000E+02 K.

 ============== INTER values at 300 Kelvin ==============
 Thermal (n,g) xs =  1.51806 b. (meas/sys: 2.18978 b.) (warning: comparison to be done at 296 or 300 K)
 Th Maxw (n,g) xs =  1.5268 b. (thermal Maxwellian value)
 Westcott factor  =  1.00576
 RI      (n,g)    =  4.37693 b. (meas or sys: - b.)
 MACS 3.000e+04 eV=  0.017373 b. (meas or sys: - b.) from 1.00E+00 to 2.00E+07 eV (end of RRR) at T= 300 Kelvin 
 Thermal (n,el) xs=  3.64174 b.
 RI      (n,el)   =  84.8913 b.
 ============= PSYCHE values ==============
 Ave. G_total L0  =  25.6313 eV
 Ave. G_total L1  =  0.721195 eV
 Ave. G_total L2  =  0.0659453 eV
 Ave. Gn_0    L0  =  0.358369
 Ave. Gn_0    L1  =  0.673953
 Ave. Gn_0    L2  =  49.833
 Ave. Gg      L0  =  0.587808 eV
 Ave. Gg      L1  =  0.359058 eV
 Ave. Gg      L2  =  0.055793 eV
 Ave. D       L0  =  1906.29 eV
 Ave. D       L1  =  1361.63 eV
 Ave. D       L2  =  1191.43 eV
 Ave. S       L0  =  0.000107731 eV
 Ave. S       L1  =  0.000108309 eV
 Ave. S       L2  =  0.00292562 eV
 =========================================
 ... iteration 2: C/E thermal (n,g)= 0.693248
 Warning: no further change possible (widths at the limit of a factor 10): adjustment stopped


 ... ratio C/E thermal (n,g): 6.932481E-01
 ...................................................... 
 ... Adjustment to the thermal cross section : stop ...
 ...................................................... 
 ... new MF2 file after adjustment: n-Cu073
 ... read the file /Users/koning/tares-1.8/source/Module//../../inputs/2025/list.jcs.urr to find URR origin
 Default URR taken from TALYS calculations with level density model: 91n3n12611.2850
 File considered for the URR: /Users/koning/tares-1.8/source/Module//../../inputs/2025/lib.urr/talys.urr/91n3n12611.2850/Cu/urr/urr.dat.Cu.073.000.0.gz
 ... Write URR using TALYS average parameters (not used for HFR)
 ... Limit of URR changed to 25 keV (recommendation from WPEC and JEFF)
 ... read D0, S0, Gn and Gg
 ... number of URR energies: 550
 Number of l: 550 and last energy: 11
 Last  URR energy: 134046 eV
 Energies in the URR : 550 -> reduced by a factor 2
 ... Enter in urr_correct function case 2
 Modify the higher limit of RRR in MF2
 --> old value: 9.531435+3 eV new value: 9.531435+3 eV
 Modify resonance covariances (MF32) to include correlations in the URR
 End Modify resonance covariances (MF32) to include correlations in the URR
 ... Enter in update_MF32 function
 ... Change uncertainties
 ... for the HFR, random position of the positive resonances with 0.020000 %
 ... end of update MF32 function
 ... GLS calculation of the parameter correlations from the thermal/RI adjustment (MF32c)
 ... MF32: correlations from the thermal/RI adjustment (GLS) for 7 resonances (14 widths), 1 correlation lines
 ...   thermal (n,g): uncertainty from these widths 0.652992 b. -> 0.616173 b. (reference: 2.18978 +/- 1.86131 b.)
 ... copy the mf2 and mf32 to .mlbw files

 ... Start of final reconstruction and testing ...
 ... Reconstruction of cross sections at 0 Kelvin  ... Import MF2 from TARES calculations
 ... End energy of TARES MF2 : 9.531435E+3 eV and limit to 40000 resonances
 ... File used for reconstruction: n-Cu073.reconst
 ... run RECENT ...
 ... Doppler broadened at a unique temperature: 0 Kelvin using sigma1
 ... The keyword temperature is zero, no Doppler broadening for the MACS

 ============== INTER values at 0 Kelvin ==============
 Thermal (n,g) xs =  1.51724 b. (meas/sys: 2.18978 b.) (warning: comparison to be done at 296 or 300 K)
 Th Maxw (n,g) xs =  1.5181 b. (thermal Maxwellian value)
 Westcott factor  =  1.00058
 RI      (n,g)    =  4.36458 b. (meas or sys: - b.)
 MACS 3.000e+04 eV=  0.017319 b. (meas or sys: - b.) from 1.00E+00 to 9.53E+03 eV (end of RRR) at T= 0 Kelvin 
 Thermal (n,el) xs=  3.61641 b.
 RI      (n,el)   =  84.5609 b.
 ============= PSYCHE values ==============
 Ave. G_total L0  =  25.6313 eV
 Ave. G_total L1  =  0.721195 eV
 Ave. G_total L2  =  0.0659453 eV
 Ave. Gn_0    L0  =  0.358369
 Ave. Gn_0    L1  =  0.673953
 Ave. Gn_0    L2  =  49.833
 Ave. Gg      L0  =  0.587808 eV
 Ave. Gg      L1  =  0.359058 eV
 Ave. Gg      L2  =  0.055793 eV
 Ave. D       L0  =  1906.29 eV
 Ave. D       L1  =  1361.63 eV
 Ave. D       L2  =  1191.43 eV
 Ave. S       L0  =  0.000107731 eV
 Ave. S       L1  =  0.000108309 eV
 Ave. S       L2  =  0.00292562 eV
 =========================================
 ... End of final reconstruction and testing ...

 ... grouping is not optimum, change to 70 groups
 ... Produce MF33 based on MF32 and 6 random files
 ... MF3 of n-Cu073.reconst (3 sections) added to the files for ENDSAM
 ... run endsam for 6 in groups of 1 global run
 ... run endsam from 1 to 6
 ... random files: total width GT set to Gn+Gg+Gf (312 resonances in 6 files)
 ... reorder resonance position after endsam (sampling)
 ... preparing the vectors  ... done
 ... nominal file 0 Cap(th)  ave= 1.517E+00 b. +/- 0.00 % || Ela(th) ave= 3.616E+00 b. +/- 0.00 % || RIcap ave= 4.36E+00 b. +/- 0.00 % || Macs30 ave= 1.73E-02 b. +/- 0.00 % || Gn^0(l=0) ave= 3.584E-01 +/- 0.00 % Gn^0(l=1) ave= 6.740E-01 +/- 0.00 % Gn^0(l=2) ave= 4.983E+01 +/- 0.00 % Gn^0(l=3) ave= 0.000E+00 +/- 0.00 % || Gtotal(l=0) ave= 2.563E+01 +/- 0.00 % Gtotal(l=1) ave= 7.212E-01 +/- 0.00 % Gtotal(l=2) ave= 6.595E-02 +/- 0.00 % Gtotal(l=3) ave= 0.000E+00 +/- 0.00 %  % || Gg(l=0) ave= 5.878E-01 +/- 0.00 % Gg(l=1) ave= 3.591E-01 +/- 0.00 % Gg(l=2) ave= 5.579E-02 +/- 0.00 % Gg(l=3) ave= 0.000E+00 +/- 0.00 %  % || D(l=0) ave= 1.906E+03 +/- 0.00 % D(l=1) ave= 1.362E+03 +/- 0.00 % D(l=2) ave= 1.191E+03 +/- 0.00 % D(l=3) ave= 0.000E+00 +/- 0.00 %  % || S(l=0) ave= 1.077E-04 +/- 0.00 % S(l=1) ave= 1.083E-04 +/- 0.00 % S(l=2) ave= 2.926E-03 +/- 0.00 % S(l=3) ave= 0.000E+00 +/- 0.00 % 
 ... random file  1 Cap(th)  ave= 1.253E+00 b. +/- 21.04 % || Ela(th) ave= 3.441E+00 b. +/- 5.11 % || RIcap ave= 3.62E+00 b. +/- 20.64 % || Macs30 ave= 1.73E-02 b. +/- 0.05 % || Gn^0(l=0) ave= 3.573E-01 +/- 0.30 % Gn^0(l=1) ave= 7.130E-01 +/- 5.48 % Gn^0(l=2) ave= 5.504E+01 +/- 9.46 % Gn^0(l=3) ave= 0.000E+00 +/- 0.00 % || Gtotal(l=0) ave= 2.553E+01 +/- 0.41 % Gtotal(l=1) ave= 6.758E-01 +/- 6.73 % Gtotal(l=2) ave= 6.297E-02 +/- 4.73 % Gtotal(l=3) ave= 0.000E+00 +/- 0.00 %  % || Gg(l=0) ave= 5.896E-01 +/- 0.30 % Gg(l=1) ave= 3.110E-01 +/- 15.46 % Gg(l=2) ave= 5.284E-02 +/- 5.60 % Gg(l=3) ave= 0.000E+00 +/- 0.00 %  % || D(l=0) ave= 1.906E+03 +/- 0.00 % D(l=1) ave= 1.362E+03 +/- 0.00 % D(l=2) ave= 1.191E+03 +/- 0.00 % D(l=3) ave= 0.000E+00 +/- 0.00 %  % || S(l=0) ave= 1.075E-04 +/- 0.26 % S(l=1) ave= 1.151E-04 +/- 5.87 % S(l=2) ave= 3.234E-03 +/- 9.54 % S(l=3) ave= 0.000E+00 +/- 0.00 % 
 ... random file  2 Cap(th)  ave= 1.397E+00 b. +/- 21.18 % || Ela(th) ave= 3.434E+00 b. +/- 4.19 % || RIcap ave= 4.28E+00 b. +/- 26.13 % || Macs30 ave= 1.81E-02 b. +/- 6.15 % || Gn^0(l=0) ave= 3.559E-01 +/- 0.60 % Gn^0(l=1) ave= 7.144E-01 +/- 4.47 % Gn^0(l=2) ave= 5.544E+01 +/- 7.73 % Gn^0(l=3) ave= 0.000E+00 +/- 0.00 % || Gtotal(l=0) ave= 2.555E+01 +/- 0.35 % Gtotal(l=1) ave= 7.011E-01 +/- 7.36 % Gtotal(l=2) ave= 6.769E-02 +/- 10.51 % Gtotal(l=3) ave= 0.000E+00 +/- 0.00 %  % || Gg(l=0) ave= 6.930E-01 +/- 21.10 % Gg(l=1) ave= 3.373E-01 +/- 16.05 % Gg(l=2) ave= 5.759E-02 +/- 12.40 % Gg(l=3) ave= 0.000E+00 +/- 0.00 %  % || D(l=0) ave= 1.906E+03 +/- 0.00 % D(l=1) ave= 1.362E+03 +/- 0.00 % D(l=2) ave= 1.191E+03 +/- 0.00 % D(l=3) ave= 0.000E+00 +/- 0.00 %  % || S(l=0) ave= 1.071E-04 +/- 0.54 % S(l=1) ave= 1.151E-04 +/- 4.79 % S(l=2) ave= 3.255E-03 +/- 7.80 % S(l=3) ave= 0.000E+00 +/- 0.00 % 
 ... random file  3 Cap(th)  ave= 1.372E+00 b. +/- 18.94 % || Ela(th) ave= 3.609E+00 b. +/- 9.10 % || RIcap ave= 4.27E+00 b. +/- 22.69 % || Macs30 ave= 1.78E-02 b. +/- 6.42 % || Gn^0(l=0) ave= 3.735E-01 +/- 8.16 % Gn^0(l=1) ave= 6.843E-01 +/- 8.64 % Gn^0(l=2) ave= 5.099E+01 +/- 16.76 % Gn^0(l=3) ave= 0.000E+00 +/- 0.00 % || Gtotal(l=0) ave= 2.672E+01 +/- 7.62 % Gtotal(l=1) ave= 7.191E-01 +/- 7.58 % Gtotal(l=2) ave= 6.656E-02 +/- 9.72 % Gtotal(l=3) ave= 0.000E+00 +/- 0.00 %  % || Gg(l=0) ave= 6.418E-01 +/- 24.07 % Gg(l=1) ave= 3.555E-01 +/- 15.87 % Gg(l=2) ave= 5.645E-02 +/- 11.50 % Gg(l=3) ave= 0.000E+00 +/- 0.00 %  % || D(l=0) ave= 2.025E+03 +/- 10.19 % D(l=1) ave= 1.362E+03 +/- 0.00 % D(l=2) ave= 1.191E+03 +/- 0.00 % D(l=3) ave= 0.000E+00 +/- 0.00 %  % || S(l=0) ave= 1.070E-04 +/- 0.48 % S(l=1) ave= 1.102E-04 +/- 8.83 % S(l=2) ave= 2.999E-03 +/- 16.50 % S(l=3) ave= 0.000E+00 +/- 0.00 % 
 ... random file  4 Cap(th)  ave= 1.396E+00 b. +/- 17.01 % || Ela(th) ave= 3.505E+00 b. +/- 10.29 % || RIcap ave= 4.29E+00 b. +/- 20.23 % || Macs30 ave= 1.75E-02 b. +/- 6.36 % || Gn^0(l=0) ave= 3.698E-01 +/- 7.63 % Gn^0(l=1) ave= 7.065E-01 +/- 9.78 % Gn^0(l=2) ave= 5.446E+01 +/- 18.96 % Gn^0(l=3) ave= 0.000E+00 +/- 0.00 % || Gtotal(l=0) ave= 2.643E+01 +/- 7.22 % Gtotal(l=1) ave= 7.190E-01 +/- 6.78 % Gtotal(l=2) ave= 6.635E-02 +/- 8.74 % Gtotal(l=3) ave= 0.000E+00 +/- 0.00 %  % || Gg(l=0) ave= 6.143E-01 +/- 24.22 % Gg(l=1) ave= 3.554E-01 +/- 14.20 % Gg(l=2) ave= 5.625E-02 +/- 10.35 % Gg(l=3) ave= 0.000E+00 +/- 0.00 %  % || D(l=0) ave= 2.002E+03 +/- 9.52 % D(l=1) ave= 1.362E+03 +/- 0.00 % D(l=2) ave= 1.191E+03 +/- 0.00 % D(l=3) ave= 0.000E+00 +/- 0.00 %  % || S(l=0) ave= 1.070E-04 +/- 0.43 % S(l=1) ave= 1.137E-04 +/- 9.84 % S(l=2) ave= 3.202E-03 +/- 18.76 % S(l=3) ave= 0.000E+00 +/- 0.00 % 
 ... random file  5 Cap(th)  ave= 1.332E+00 b. +/- 19.53 % || Ela(th) ave= 3.628E+00 b. +/- 11.86 % || RIcap ave= 4.11E+00 b. +/- 21.61 % || Macs30 ave= 1.73E-02 b. +/- 6.81 % || Gn^0(l=0) ave= 3.795E-01 +/- 8.87 % Gn^0(l=1) ave= 6.856E-01 +/- 11.45 % Gn^0(l=2) ave= 5.169E+01 +/- 21.84 % Gn^0(l=3) ave= 0.000E+00 +/- 0.00 % || Gtotal(l=0) ave= 2.709E+01 +/- 8.42 % Gtotal(l=1) ave= 7.172E-01 +/- 6.23 % Gtotal(l=2) ave= 6.718E-02 +/- 8.35 % Gtotal(l=3) ave= 0.000E+00 +/- 0.00 %  % || Gg(l=0) ave= 5.750E-01 +/- 28.14 % Gg(l=1) ave= 3.542E-01 +/- 13.03 % Gg(l=2) ave= 5.706E-02 +/- 9.84 % Gg(l=3) ave= 0.000E+00 +/- 0.00 %  % || D(l=0) ave= 2.065E+03 +/- 10.88 % D(l=1) ave= 1.362E+03 +/- 0.00 % D(l=2) ave= 1.191E+03 +/- 0.00 % D(l=3) ave= 0.000E+00 +/- 0.00 %  % || S(l=0) ave= 1.069E-04 +/- 0.41 % S(l=1) ave= 1.103E-04 +/- 11.59 % S(l=2) ave= 3.035E-03 +/- 21.86 % S(l=3) ave= 0.000E+00 +/- 0.00 % 
 ... random file  6 Cap(th)  ave= 1.466E+00 b. +/- 27.72 % || Ela(th) ave= 3.530E+00 b. +/- 13.18 % || RIcap ave= 4.49E+00 b. +/- 27.61 % || Macs30 ave= 1.73E-02 b. +/- 6.31 % || Gn^0(l=0) ave= 3.874E-01 +/- 9.48 % Gn^0(l=1) ave= 7.039E-01 +/- 12.12 % Gn^0(l=2) ave= 5.479E+01 +/- 23.59 % Gn^0(l=3) ave= 0.000E+00 +/- 0.00 % || Gtotal(l=0) ave= 2.766E+01 +/- 9.15 % Gtotal(l=1) ave= 7.250E-01 +/- 6.29 % Gtotal(l=2) ave= 6.591E-02 +/- 9.17 % Gtotal(l=3) ave= 0.000E+00 +/- 0.00 %  % || Gg(l=0) ave= 5.900E-01 +/- 26.15 % Gg(l=1) ave= 3.622E-01 +/- 12.99 % Gg(l=2) ave= 5.579E-02 +/- 10.86 % Gg(l=3) ave= 0.000E+00 +/- 0.00 %  % || D(l=0) ave= 2.111E+03 +/- 11.17 % D(l=1) ave= 1.362E+03 +/- 0.00 % D(l=2) ave= 1.191E+03 +/- 0.00 % D(l=3) ave= 0.000E+00 +/- 0.00 %  % || S(l=0) ave= 1.072E-04 +/- 0.63 % S(l=1) ave= 1.132E-04 +/- 12.22 % S(l=2) ave= 3.215E-03 +/- 23.53 % S(l=3) ave= 0.000E+00 +/- 0.00 % 
 ... Histogram plot for thermal (n,g)
 ... Write covariances  ... MT1  ... plot correlations
 ... MT2  ... MT102 


 ================================================
 ============== From 6 random values === start ======
 Thermal (n,tot) xs  0 K =  4.99587 b. +/- 0.388804 b. ( 7.78251 %) skew= -0.89 +/- 0.79
 Thermal (n,el) xs   0 K =  3.53024 b. +/- 0.46522 b. ( 13.1781 %) skew= +0.40 +/- 0.79
 Thermal (n,g) xs    0 K =  1.46563 b. +/- 0.406341 b. ( 27.7246 %) skew= +0.68 +/- 0.79
 RI      (n,g)       0 K =  4.48582 b. +/- 1.23855 b. ( 27.6104 %) 
 MACS    (n,g)       0 K (at Emacs= 30000 eV) =  0.0172946 b. +/- 0.00109043 b. ( 6.30504 %) 
 Ave. Gtotal  L=0        =  2.766E+01 +/- 9.15 %
 Ave. Gn^(0)  L=0        =  3.874E-01 +/- 9.48 %
 Ave. Gg      L=0        =  5.900E-01 +/- 26.15 %
 Ave. D       L=0        =  2.111E+03 +/- 11.17 %
 Ave. S       L=0        =  1.072E-04 +/- 0.63 %
 Ave. Gtotal  L=1        =  7.250E-01 +/- 6.29 %
 Ave. Gn^(1)  L=1        =  7.039E-01 +/- 12.12 %
 Ave. Gg      L=1        =  3.622E-01 +/- 12.99 %
 Ave. D       L=1        =  1.362E+03 +/- 0.00 %
 Ave. S       L=1        =  1.132E-04 +/- 12.22 %
 Ave. Gtotal  L=2        =  6.591E-02 +/- 9.17 %
 Ave. Gn^(2)  L=2        =  5.479E+01 +/- 23.59 %
 Ave. Gg      L=2        =  5.579E-02 +/- 10.86 %
 Ave. D       L=2        =  1.191E+03 +/- 0.00 %
 Ave. S       L=2        =  3.215E-03 +/- 23.53 %

 Expected Thermal (n,g) (syst or meas)= 2.18978 b. +/- 1.86131 b. nominal: 1.51724 b.
 ratio Calculated/expected thermal (n,g): 0.67 ratio DCalculated/Dexpected: 0.22 ratio Calculated/Nominal: 0.97
 ============== From 6 random values ===== stop ======
 ================================================
 ... Calculation of (n,a) and (n,p) cross sections at 300 K
 ... thermal (n,a) cross section is 0.0256186 +/- 0.0128093 b.
 ... thermal (n,a) cross section is 0.0270716 b. (random case 1)
 ... thermal (n,a) cross section is 0.0125645 b. (random case 2)
 ... thermal (n,a) cross section is 0.0238532 b. (random case 3)
 ... thermal (n,a) cross section is 0.0276634 b. (random case 4)
 ... thermal (n,a) cross section is 0.0341828 b. (random case 5)
 ... thermal (n,a) cross section is 0.0373773 b. (random case 6)
 ... thermal (n,p) cross section is 0.0256186 +/- 0.0128093 b.
 ... thermal (n,p) cross section is 0.0179352 b. (random case 1)
 ... thermal (n,p) cross section is 0.0156014 b. (random case 2)
 ... thermal (n,p) cross section is 0.0184385 b. (random case 3)
 ... thermal (n,p) cross section is 0.0345918 b. (random case 4)
 ... thermal (n,p) cross section is 0.0110083 b. (random case 5)
 ... thermal (n,p) cross section is 0.017509 b. (random case 6)
 ... Rewrite index for MF2
 ... Write text for MF1 in file mf1.tares.txt
 ... plotting cross sections for the MF1
 ... order output files


================== summary ==================
 Thermal (n,tot) xs = 5.18489 b. 
 Thermal (n,el)  xs = 3.61641 b. 
 Thermal (n,g)   xs = 1.51724 b. (meas/sys: 2.18978 b.)
 Thermal (n,a)   xs = 0.0256186 b. 
 Thermal (n,p)   xs = 0.0256186 b. 
 At 300 K (thermal adjustment): (n,el) = 3.64174 b., (n,g) = 1.51806 b.

 RI      (n,g)      = 4.36458 b. (meas or sys: - b.)
 RI      (n,el)     = 84.5609 b.
=============================================


 ... cleaning
                                                 
  -------------------------------------------------------------
  -                                                           -
  - TARES: successful end of run with data from hypothetical  -
  - resonances for  Z= 29,  A= 73 and isomer= 0               -
  - half-life: 4.200000 sec. 
  -                                                           -
  -------------------------------------------------------------

   Running time:       7 seconds

 End time: Fri Oct  9 13:55:48 2026

