
  -------------------------------------------------------------
  -                                                           -
  -              Welcome to TARES version 1.8                 -
  -                                                           -
  -  (C) Copyright 2007-2025 D. Rochman, All Rights Reserved  -
  -           NRG, Petten, the Netherlands 2007-2014          -
  -           PSI, Villigen    Switzerland 2015-2025          -
  -         Nagra, Wettingen   Switzerland 2025-              -
  -           (Last Modified October 06, 2026)                -
  -           (Database from October 06, 2026)                -
  -                                                           -
  -------------------------------------------------------------


  ---------------------------------------------
   Compilation information:
   Compiled on:         Oct  8 2026, 18:36:06
   Compiled by:         koning
   Compiler version:    clang++ - 21.0.0
   Source location:     /Users/koning/tares-1.8/source/Module/
   Binaries location:   /Users/koning/bin
   System:              Darwin 25.6.0
   System version:      Darwin Kernel Version 25.6.0: Fri Jul 31 19:19:08 PDT 2026; root:xnu-12377.161.14~5/RELEASE_ARM64_T6050  
   Machine:             arm64 
  ---------------------------------------------

   User information:
   User name:           koning
   Running directory:   /Users/koning/tendl/resbase/Ag116/work
   Owner mode for running directory : rwx
   Group mode for running directory : r-x
  ---------------------------------------------


 Starting time: Fri Oct  9 12:51:18 2026
 ... inputs directory found (/Users/koning/tares-1.8/source/Module//../../inputs/).
 ... It will be used for resonance parameters 
 ... ###############################################
 ... #     read the input file tares.inp
 ... ###############################################
 ... line: #
 ... line: # Input file generated by Autorochman
          --> line not read
 ... line: #
 ... line: isotope    Ag
          --> Isotope name: Ag
 ... line: mass       116
          --> isotopic mass: 116
 ... line: output     n-Ag116
         ---> Name of the output files: n-Ag116
 ... line: isomer     0
          --> isomeric state: 0
 ... line: mf32mf33   y
          --> MF33 based on MF32: y
 ... line: nbrRandom  6
          --> Nbr of random files: 6
 ... ###############################################
 ... # end read the input file tares.inp
 ... ###############################################
Value for random generator type not considered in since Tares 1.7 due to compilation issues

 ... ###############################################
     #   Interpretation of the Input definition    #
     ###############################################

 ... Default energy limit: End of resonance region
 ... Nuclear charge    = 47
 ... Element           = Ag
 ... Mass              = 116
 ... Isomer            = 0
 ... Correlation for (Gn,Gg) not included in random files
 ... Default random option: No random
 ... Output name: n-Ag116
 ... Energy for the MACS: 30000 eV
 ... Resonances from CALENDF reduced (reduce=y) 
 ... For URR, level density model from TALYS selected: 91n3n12611.2850 (see manual for description)
 ... Random Generator: default (pseudo random numbers from ansi c++)
 ... Reconstruction of cross section selected
 ... Doppler broadening at 0 Kelvin
 ... URR not included (from the input file flag)
 ... Weight for grouping is flat
 ... Calculation of (n,alpha) cross section selected
 ... Number of digit for MF32c covariance representation: 2
 ... MF32 included
 ... MF33 will be used for covariance processing
 ... TENDL option set to yes (automatic choice of MF2 and format)
 ... Isotope not found in the best file --> use of MLBW formalism
 ... default option: Multi level Breit Wigner approximation selected
 ... (check file best.tendl.yes for changing this option)
 ... Retroactive option set to no with the 2025 option
 ... ladder option set to yes (CALENDF will be used for statistical resonances)

 ... ###############################################
     #           End of Input definition           #
     ###############################################

 ... gnuplot found, will be used for plotting
 ... latex found, will be used for plotting
 ... dvips found, will be used for plotting
 ... ps2epsi not found, limited plotting available
 ... uncertainties on default parameters multiplied by 1.40541
 ... Read resonance data from the 2025 directory
 ... Resonance parameters taken from /Users/koning/tares-1.8/source/Module//../../inputs/2025/Resonance/default/
 ---> Processing Z= 47 and A= 116 and isomer= 0 (level number: 0)
 Exfor path; Could not find /Users/koning/tares-1.8/source/Module//../../inputs/exfor/Ag116/xs/102
Thermal file; Could not open file /Users/koning/tares-1.8/source/Module//../../inputs/2025/runThermal/results//thermal.mxw.ng.cendl3.1
Thermal file; Could not open file /Users/koning/tares-1.8/source/Module//../../inputs/2025/runThermal/results//thermal.mxw.ng.brond3.1
Thermal file; Could not open file /Users/koning/tares-1.8/source/Module//../../inputs/2025/runThermal/results//thermal.xs.ng.unc.cendl3.1
 ... spin taken from the final/ directory (1)
 ... The spin found in level file ( 0 ) and the one in the urr file ( 5.5 ) differ

 ... ###############################################
 ... #  Nucleus global parameters (2025 database)  #
 ... ###############################################
 0. Half-life: 3.83 min. 
 ... Scattering radius from TALYS: /Users/koning/tares-1.8/source/Module//../../inputs/2025/lib.urr/talys.urr/
 1. Spin of the target isotope: 0
 2. Relative Atomic Mass of the target isotope: 115.911
 3. Scattering radius (local compilation): 6.48045 fm +/- 0.136089 fm
      .......................................
      ... Thermal capture cross sections: ...
 4. Thermal (n,g) cross section from systematics (TALYS, urr.dat): 28.44 +/- 19.908 b.
 5. Thermal (n,g) cross section from compilation (Firestone-2022 average on element Ag): 63.7 +/- 0.6 b.
 6. Thermal (n,g) cross section from compilation (Firestone-2022 final on element Ag): 63.8 +/- 0.5 b.
 7. Thermal (n,g) cross section from ENDF/B-VIII.1: 1.322 b.
 8. Thermal (n,g) cross section from ENDF/B-VIII.0: 1.327 b.
 9. Thermal (n,g) cross section from TENDL-2023: 28.44 +/- 5.862 b.
      .......................................
      ...  Thermal total cross sections:  ...
      .......................................
      ... Thermal elastic cross sections: ...
 10. Thermal (n,el) cross section from ENDF/B-VIII.1: 4.173 b.
 11. Thermal (n,el) cross section from ENDF/B-VIII.0: 4.173 b.
 12. Thermal (n,el) cross section from potential (4piR^2): 8.14437 +/- 0.407219 b.
      .......................................
             ... Resonance integral: ...
 13. No capture integral found in /Users/koning/tares-1.8/source/Module//../../inputs/capture.integral
 ... no RI(n,g) found in local compilation, take 2018 value.
 ... no RI(n,g) found in local compilation, take Sukhoruchkin value.
   ---- MACS 30 keV ----- 
 14. TALYS MACS 30 keV (HF): 0.912072 b. 
   ---------- S0 -------- 
 15. S0 from TALYS: 0.5968
   ---------- S1 -------- 
 16. S1 from TALYS: 4.53693
   ---------- S2 -------- 
 17. S2 from TALYS: 0.511866
   ---------- D0 -------- 
 18. D0 from TALYS: 35.2183 eV
   ---------- D1 -------- 
 19. D1 from TALYS: 12.1524 eV
   ---------- D2 -------- 
 20. D2 from TALYS: 7.81349 eV
   ---------- G0 -------- 
 21. Gg0 from TALYS: 0.0678507 eV
   ---------- G1 -------- 
 22. Gg1 from TALYS: 0.0704847 eV
   ---------- G2 -------- 
 23. Gg2 from TALYS: 0.0667958 eV


   ---------------------- 
 ... Read resonance parameters (format: 2: Multi Level Breit Wigner)
 ... 0 resonances found 
 ... possibly no resonances in the Resonance directory for this isotope and options
 ... Use HFR (ladder) behavior 
 --> 25. Number of resonances from the input file: 2 up to 17.6091 eV
 26. Read nuclear quantities (mass, MAT...)
 27. Read thermal (n,g) xs 
 28. Read the scattering radius 
 29. Read uncertainty on Gg for 2 resonances
 30. Read uncertainty on Gg for 2 resonances ... done
 ... order resonances 
 ... Upper limit for the RRR: 17.6091 eV (no statistical resonances HFR) from the limit.RRR file
 ... Write parameters for l=0 waves
 ... End writing original MF2 
 ... No RRR in the database: uncertainties on default parameters multiplied by 1.99753
 ... Enter in urr function (ladder option set to y) for file n-Ag116
 ... read the file /Users/koning/tares-1.8/source/Module//../../inputs/2025/list.jcs.urr to find URR origin
 Default URR taken from TALYS calculations with level density model: 91n3n12611.2850
 File considered for the URR: /Users/koning/tares-1.8/source/Module//../../inputs/2025/lib.urr/talys.urr/91n3n12611.2850/Ag/urr/urr.dat.Ag.116.000.0.gz
 ... Write URR using TALYS average parameters (used for HFR)
 ... Limit of URR changed to 25 keV (recommendation from WPEC and JEFF)
 ... Extract the Sn value from file ./urr.dat.Ag.116.0.0
 ... found Sn= 7.71057 MeV
 ... estimated number of resonances up to 3364.01 eV:  95.5189 resonances
 ... This is a test here. The higher energy limit to include URR data for calendf is set to max Sn. 24/03/2016
 ... Use Sn to define the maximum energy for the URR: Sn= 7.71057 MeV --> last_energyURR= 3364.01 eV
 ... read D0, S0, Gn and Gg
 ... number of URR energies: 965
 Number of l: 965 and last energy: 5
 Last  URR energy: 3364.01 eV
 ... Enter in to_MLBW_mf2 function
 ... Convert to Multi Level Breit Wigner (MLBW)
 ... Write parameter covariances (MF32) for l=0
 ... Convert parameter covariances (MF32) to MLBW
 ... copy the mf2 and mf32 to .mlbw files
 ... Enter in urr_correct function case 1
 Modify the higher limit of RRR in MF2
 --> old value: 1.769717+1 eV new value: 1.000000-2 eV
 Modify resonance covariances (MF32) to include correlations in the URR
 End Modify resonance covariances (MF32) to include correlations in the URR
 ... Enter in calendf_xs function
 Use CALENDF for statistical resonances (update MF2) up to 3.364010+3 eV (initial limit)
 Extract resonances from CALENDF for RRR->URR 2
 808 statistical resonances found
 After reduction, 608 statistical resonances found
 ... checking resonance order 1
 ... checking resonance order 2nd round for 606 resonances
 ... end checking resonance order 2nd round
 Too many resonances (606): reduced to 100.
 .......................................................
 ... Adjustment to the thermal cross section : start ...
 .......................................................

 Before adjustment (adjustment to the thermal cross section set to y)
 ... Import MF2 from TARES calculations
 ... End energy of TARES MF2 : 9.737458E+2 eV and limit to 40000 resonances
 ... File used for reconstruction: new.temp22.reconst
 ... run RECENT ...
 ... Doppler broadened at a unique temperature: 300 Kelvin using sigma1
 ... run SIGMA1 at 3.000000E+02 K.

 ============== INTER values at 300 Kelvin ==============
 Thermal (n,g) xs =  6.10106 b. (meas/sys: 28.44 b.) (warning: comparison to be done at 296 or 300 K)
 Th Maxw (n,g) xs =  6.1437 b. (thermal Maxwellian value)
 Westcott factor  =  1.00699
 RI      (n,g)    =  282.359 b. (meas or sys: - b.)
 MACS 3.000e+04 eV=  0.65153 b. (meas or sys: - b.) from 1.00E+00 to 2.00E+07 eV (end of RRR) at T= 300 Kelvin 
 Thermal (n,el) xs=  3.77365 b.
 RI      (n,el)   =  144.272 b.
 ============= PSYCHE values ==============
 Ave. G_total L0  =  0.104442 eV
 Ave. G_total L1  =  0.0702965 eV
 Ave. G_total L2  =  0.0660504 eV
 Ave. Gn_0    L0  =  0.00205427
 Ave. Gn_0    L1  =  0.0293037
 Ave. Gn_0    L2  =  0.00210853
 Ave. Gg      L0  =  0.0678689 eV
 Ave. Gg      L1  =  0.0695198 eV
 Ave. Gg      L2  =  0.0660504 eV
 Ave. D       L0  =  32.4582 eV
 Ave. D       L1  =  27.8213 eV
 Ave. D       L2  =  42.3368 eV
 Ave. S       L0  =  6.53994e-05 eV
 Ave. S       L1  =  0.000454332 eV
 Ave. S       L2  =  2.49143e-05 eV
 =========================================
 Calculated capture integral   282.359 b.
 Calculated thermal (n,g)=          6.10105953 b. and recommended= 28.44 b. (C/E= 0.214524)
 Calculated RI      (n,g)= 282.359 b. (no reference value)
 ... tolerances: thermal (n,g) 20 % (reference uncertainties, minimum 2% and 5%, maximum 20%)
 Adjust the capture widths ...
 ... capture adjusted with Gn for 95 resonances (Gn<Gg) and with Gg for 5 resonances
 ... iteration 0: C/E thermal (n,g)= 0.214524

 <-------- After adjustment -------->
 ... Import MF2 from TARES calculations
 ... End energy of TARES MF2 : 9.737458E+2 eV and limit to 40000 resonances
 ... File used for reconstruction: new.temp22.reconst
 ... run RECENT ...
 ... Doppler broadened at a unique temperature: 300 Kelvin using sigma1
 ... run SIGMA1 at 3.000000E+02 K.

 ============== INTER values at 300 Kelvin ==============
 Thermal (n,g) xs =  23.3208 b. (meas/sys: 28.44 b.) (warning: comparison to be done at 296 or 300 K)
 Th Maxw (n,g) xs =  23.484 b. (thermal Maxwellian value)
 Westcott factor  =  1.00699
 RI      (n,g)    =  640.891 b. (meas or sys: - b.)
 MACS 3.000e+04 eV=  0.65488 b. (meas or sys: - b.) from 1.00E+00 to 2.00E+07 eV (end of RRR) at T= 300 Kelvin 
 Thermal (n,el) xs=  1.34998 b.
 RI      (n,el)   =  798.035 b.
 ============= PSYCHE values ==============
 Ave. G_total L0  =  0.177419 eV
 Ave. G_total L1  =  0.0724887 eV
 Ave. G_total L2  =  0.0660504 eV
 Ave. Gn_0    L0  =  0.00483392
 Ave. Gn_0    L1  =  0.112011
 Ave. Gn_0    L2  =  0.00805967
 Ave. Gg      L0  =  0.0987649 eV
 Ave. Gg      L1  =  0.0695198 eV
 Ave. Gg      L2  =  0.0660504 eV
 Ave. D       L0  =  32.4582 eV
 Ave. D       L1  =  27.8213 eV
 Ave. D       L2  =  42.3368 eV
 Ave. S       L0  =  0.000153892 eV
 Ave. S       L1  =  0.00173665 eV
 Ave. S       L2  =  9.52327e-05 eV
 =========================================
 ... iteration 1: C/E thermal (n,g)= 0.82


 ... ratio C/E thermal (n,g): 8.199998E-01
 ...................................................... 
 ... Adjustment to the thermal cross section : stop ...
 ...................................................... 
 ... new MF2 file after adjustment: n-Ag116
 ... read the file /Users/koning/tares-1.8/source/Module//../../inputs/2025/list.jcs.urr to find URR origin
 Default URR taken from TALYS calculations with level density model: 91n3n12611.2850
 File considered for the URR: /Users/koning/tares-1.8/source/Module//../../inputs/2025/lib.urr/talys.urr/91n3n12611.2850/Ag/urr/urr.dat.Ag.116.000.0.gz
 ... Write URR using TALYS average parameters (not used for HFR)
 ... Limit of URR changed to 25 keV (recommendation from WPEC and JEFF)
 ... read D0, S0, Gn and Gg
 ... number of URR energies: 285
 Number of l: 285 and last energy: 5
 Last  URR energy: 47421 eV
 ... Enter in urr_correct function case 2
 Modify the higher limit of RRR in MF2
 --> old value: 9.737458+2 eV new value: 9.737458+2 eV
 Modify resonance covariances (MF32) to include correlations in the URR
 End Modify resonance covariances (MF32) to include correlations in the URR
 ... Enter in update_MF32 function
 ... Change uncertainties
 ... for the HFR, random position of the positive resonances with 0.020000 %
 ... end of update MF32 function
 ... GLS calculation of the parameter correlations from the thermal/RI adjustment (MF32c)
 ... MF32: correlations from the thermal/RI adjustment (GLS) for 5 resonances (10 widths), 2 correlation lines
 ...   thermal (n,g): uncertainty from these widths 10.6207 b. -> 9.3706 b. (reference: 28.44 +/- 19.908 b.)
 ... copy the mf2 and mf32 to .mlbw files

 ... Start of final reconstruction and testing ...
 ... Reconstruction of cross sections at 0 Kelvin  ... Import MF2 from TARES calculations
 ... End energy of TARES MF2 : 9.737458E+2 eV and limit to 40000 resonances
 ... File used for reconstruction: n-Ag116.reconst
 ... run RECENT ...
 ... Doppler broadened at a unique temperature: 0 Kelvin using sigma1
 ... The keyword temperature is zero, no Doppler broadening for the MACS

 ============== INTER values at 0 Kelvin ==============
 Thermal (n,g) xs =  23.3076 b. (meas/sys: 28.44 b.) (warning: comparison to be done at 296 or 300 K)
 Th Maxw (n,g) xs =  23.349 b. (thermal Maxwellian value)
 Westcott factor  =  1.00177
 RI      (n,g)    =  640.955 b. (meas or sys: - b.)
 MACS 3.000e+04 eV=  0.65138 b. (meas or sys: - b.) from 1.00E+00 to 9.74E+02 eV (end of RRR) at T= 0 Kelvin 
 Thermal (n,el) xs=  1.34414 b.
 RI      (n,el)   =  797.978 b.
 ============= PSYCHE values ==============
 Ave. G_total L0  =  0.177419 eV
 Ave. G_total L1  =  0.0724887 eV
 Ave. G_total L2  =  0.0660504 eV
 Ave. Gn_0    L0  =  0.00483392
 Ave. Gn_0    L1  =  0.112011
 Ave. Gn_0    L2  =  0.00805967
 Ave. Gg      L0  =  0.0987649 eV
 Ave. Gg      L1  =  0.0695198 eV
 Ave. Gg      L2  =  0.0660504 eV
 Ave. D       L0  =  32.4582 eV
 Ave. D       L1  =  27.8213 eV
 Ave. D       L2  =  42.3368 eV
 Ave. S       L0  =  0.000153892 eV
 Ave. S       L1  =  0.00173665 eV
 Ave. S       L2  =  9.52327e-05 eV
 =========================================
 ... End of final reconstruction and testing ...

 ... grouping is not optimum, change to 70 groups
 ... Produce MF33 based on MF32 and 6 random files
 ... MF3 of n-Ag116.reconst (3 sections) added to the files for ENDSAM
 ... run endsam for 6 in groups of 1 global run
 ... run endsam from 1 to 6
 ... random files: total width GT set to Gn+Gg+Gf (600 resonances in 6 files)
 ... reorder resonance position after endsam (sampling)
 ... preparing the vectors  ... done
 ... nominal file 0 Cap(th)  ave= 2.331E+01 b. +/- 0.00 % || Ela(th) ave= 1.344E+00 b. +/- 0.00 % || RIcap ave= 6.41E+02 b. +/- 0.00 % || Macs30 ave= 6.51E-01 b. +/- 0.00 % || Gn^0(l=0) ave= 4.834E-03 +/- 0.00 % Gn^0(l=1) ave= 1.120E-01 +/- 0.00 % Gn^0(l=2) ave= 8.060E-03 +/- 0.00 % Gn^0(l=3) ave= 0.000E+00 +/- 0.00 % || Gtotal(l=0) ave= 1.774E-01 +/- 0.00 % Gtotal(l=1) ave= 7.249E-02 +/- 0.00 % Gtotal(l=2) ave= 6.605E-02 +/- 0.00 % Gtotal(l=3) ave= 0.000E+00 +/- 0.00 %  % || Gg(l=0) ave= 9.876E-02 +/- 0.00 % Gg(l=1) ave= 6.952E-02 +/- 0.00 % Gg(l=2) ave= 6.605E-02 +/- 0.00 % Gg(l=3) ave= 0.000E+00 +/- 0.00 %  % || D(l=0) ave= 3.246E+01 +/- 0.00 % D(l=1) ave= 2.782E+01 +/- 0.00 % D(l=2) ave= 4.234E+01 +/- 0.00 % D(l=3) ave= 0.000E+00 +/- 0.00 %  % || S(l=0) ave= 1.539E-04 +/- 0.00 % S(l=1) ave= 1.737E-03 +/- 0.00 % S(l=2) ave= 9.523E-05 +/- 0.00 % S(l=3) ave= 0.000E+00 +/- 0.00 % 
 ... random file  1 Cap(th)  ave= 1.664E+01 b. +/- 40.09 % || Ela(th) ave= 1.505E+00 b. +/- 10.70 % || RIcap ave= 4.99E+02 b. +/- 28.38 % || Macs30 ave= 6.51E-01 b. +/- 0.05 % || Gn^0(l=0) ave= 4.831E-03 +/- 0.06 % Gn^0(l=1) ave= 1.065E-01 +/- 5.13 % Gn^0(l=2) ave= 7.261E-03 +/- 11.00 % Gn^0(l=3) ave= 0.000E+00 +/- 0.00 % || Gtotal(l=0) ave= 1.713E-01 +/- 3.57 % Gtotal(l=1) ave= 7.342E-02 +/- 1.27 % Gtotal(l=2) ave= 6.127E-02 +/- 7.81 % Gtotal(l=3) ave= 0.000E+00 +/- 0.00 %  % || Gg(l=0) ave= 9.264E-02 +/- 6.61 % Gg(l=1) ave= 7.044E-02 +/- 1.30 % Gg(l=2) ave= 6.127E-02 +/- 7.81 % Gg(l=3) ave= 0.000E+00 +/- 0.00 %  % || D(l=0) ave= 3.246E+01 +/- 0.00 % D(l=1) ave= 2.782E+01 +/- 0.00 % D(l=2) ave= 4.234E+01 +/- 0.00 % D(l=3) ave= 0.000E+00 +/- 0.00 %  % || S(l=0) ave= 1.538E-04 +/- 0.06 % S(l=1) ave= 1.651E-03 +/- 5.21 % S(l=2) ave= 8.580E-05 +/- 11.00 % S(l=3) ave= 0.000E+00 +/- 0.00 % 
 ... random file  2 Cap(th)  ave= 1.586E+01 b. +/- 35.03 % || Ela(th) ave= 1.375E+00 b. +/- 16.46 % || RIcap ave= 4.92E+02 b. +/- 23.63 % || Macs30 ave= 6.51E-01 b. +/- 0.04 % || Gn^0(l=0) ave= 4.863E-03 +/- 0.95 % Gn^0(l=1) ave= 1.134E-01 +/- 9.47 % Gn^0(l=2) ave= 8.296E-03 +/- 19.31 % Gn^0(l=3) ave= 0.000E+00 +/- 0.00 % || Gtotal(l=0) ave= 1.745E-01 +/- 3.87 % Gtotal(l=1) ave= 7.524E-02 +/- 3.56 % Gtotal(l=2) ave= 6.023E-02 +/- 6.92 % Gtotal(l=3) ave= 0.000E+00 +/- 0.00 %  % || Gg(l=0) ave= 9.554E-02 +/- 6.77 % Gg(l=1) ave= 7.225E-02 +/- 3.70 % Gg(l=2) ave= 6.023E-02 +/- 6.92 % Gg(l=3) ave= 0.000E+00 +/- 0.00 %  % || D(l=0) ave= 3.283E+01 +/- 1.61 % D(l=1) ave= 2.782E+01 +/- 0.00 % D(l=2) ave= 4.234E+01 +/- 0.00 % D(l=3) ave= 0.000E+00 +/- 0.00 %  % || S(l=0) ave= 1.531E-04 +/- 0.60 % S(l=1) ave= 1.758E-03 +/- 9.54 % S(l=2) ave= 9.802E-05 +/- 19.31 % S(l=3) ave= 0.000E+00 +/- 0.00 % 
 ... random file  3 Cap(th)  ave= 1.605E+01 b. +/- 30.05 % || Ela(th) ave= 1.226E+00 b. +/- 26.37 % || RIcap ave= 4.94E+02 b. +/- 20.39 % || Macs30 ave= 6.51E-01 b. +/- 0.04 % || Gn^0(l=0) ave= 4.854E-03 +/- 0.89 % Gn^0(l=1) ave= 1.218E-01 +/- 14.13 % Gn^0(l=2) ave= 9.698E-03 +/- 28.84 % Gn^0(l=3) ave= 0.000E+00 +/- 0.00 % || Gtotal(l=0) ave= 1.734E-01 +/- 3.56 % Gtotal(l=1) ave= 7.643E-02 +/- 4.07 % Gtotal(l=2) ave= 6.181E-02 +/- 7.33 % Gtotal(l=3) ave= 0.000E+00 +/- 0.00 %  % || Gg(l=0) ave= 9.446E-02 +/- 6.25 % Gg(l=1) ave= 7.345E-02 +/- 4.24 % Gg(l=2) ave= 6.181E-02 +/- 7.33 % Gg(l=3) ave= 0.000E+00 +/- 0.00 %  % || D(l=0) ave= 3.274E+01 +/- 1.48 % D(l=1) ave= 2.782E+01 +/- 0.00 % D(l=2) ave= 4.234E+01 +/- 0.00 % D(l=3) ave= 0.000E+00 +/- 0.00 %  % || S(l=0) ave= 1.533E-04 +/- 0.54 % S(l=1) ave= 1.889E-03 +/- 14.21 % S(l=2) ave= 1.146E-04 +/- 28.84 % S(l=3) ave= 0.000E+00 +/- 0.00 % 
 ... random file  4 Cap(th)  ave= 1.819E+01 b. +/- 33.40 % || Ela(th) ave= 1.180E+00 b. +/- 25.74 % || RIcap ave= 5.24E+02 b. +/- 20.63 % || Macs30 ave= 6.51E-01 b. +/- 0.04 % || Gn^0(l=0) ave= 4.848E-03 +/- 0.83 % Gn^0(l=1) ave= 1.238E-01 +/- 12.84 % Gn^0(l=2) ave= 9.981E-03 +/- 25.70 % Gn^0(l=3) ave= 0.000E+00 +/- 0.00 % || Gtotal(l=0) ave= 1.737E-01 +/- 3.21 % Gtotal(l=1) ave= 7.542E-02 +/- 4.56 % Gtotal(l=2) ave= 6.354E-02 +/- 8.38 % Gtotal(l=3) ave= 0.000E+00 +/- 0.00 %  % || Gg(l=0) ave= 9.487E-02 +/- 5.64 % Gg(l=1) ave= 7.244E-02 +/- 4.75 % Gg(l=2) ave= 6.354E-02 +/- 8.38 % Gg(l=3) ave= 0.000E+00 +/- 0.00 %  % || D(l=0) ave= 3.268E+01 +/- 1.37 % D(l=1) ave= 2.782E+01 +/- 0.00 % D(l=2) ave= 4.234E+01 +/- 0.00 % D(l=3) ave= 0.000E+00 +/- 0.00 %  % || S(l=0) ave= 1.533E-04 +/- 0.49 % S(l=1) ave= 1.919E-03 +/- 12.90 % S(l=2) ave= 1.179E-04 +/- 25.70 % S(l=3) ave= 0.000E+00 +/- 0.00 % 
 ... random file  5 Cap(th)  ave= 1.817E+01 b. +/- 30.53 % || Ela(th) ave= 1.056E+00 b. +/- 37.09 % || RIcap ave= 5.28E+02 b. +/- 18.76 % || Macs30 ave= 6.51E-01 b. +/- 0.04 % || Gn^0(l=0) ave= 4.873E-03 +/- 1.34 % Gn^0(l=1) ave= 1.337E-01 +/- 19.86 % Gn^0(l=2) ave= 1.193E-02 +/- 41.45 % Gn^0(l=3) ave= 0.000E+00 +/- 0.00 % || Gtotal(l=0) ave= 1.756E-01 +/- 3.79 % Gtotal(l=1) ave= 7.442E-02 +/- 5.17 % Gtotal(l=2) ave= 6.257E-02 +/- 8.51 % Gtotal(l=3) ave= 0.000E+00 +/- 0.00 %  % || Gg(l=0) ave= 9.648E-02 +/- 6.28 % Gg(l=1) ave= 7.145E-02 +/- 5.39 % Gg(l=2) ave= 6.257E-02 +/- 8.51 % Gg(l=3) ave= 0.000E+00 +/- 0.00 %  % || D(l=0) ave= 3.283E+01 +/- 1.61 % D(l=1) ave= 2.782E+01 +/- 0.00 % D(l=2) ave= 4.234E+01 +/- 0.00 % D(l=3) ave= 0.000E+00 +/- 0.00 %  % || S(l=0) ave= 1.534E-04 +/- 0.46 % S(l=1) ave= 2.072E-03 +/- 19.83 % S(l=2) ave= 1.409E-04 +/- 41.45 % S(l=3) ave= 0.000E+00 +/- 0.00 % 
 ... random file  6 Cap(th)  ave= 1.811E+01 b. +/- 28.37 % || Ela(th) ave= 1.078E+00 b. +/- 34.01 % || RIcap ave= 5.31E+02 b. +/- 17.33 % || Macs30 ave= 6.51E-01 b. +/- 0.04 % || Gn^0(l=0) ave= 4.890E-03 +/- 1.52 % Gn^0(l=1) ave= 1.311E-01 +/- 19.40 % Gn^0(l=2) ave= 1.143E-02 +/- 41.42 % Gn^0(l=3) ave= 0.000E+00 +/- 0.00 % || Gtotal(l=0) ave= 1.769E-01 +/- 3.92 % Gtotal(l=1) ave= 7.334E-02 +/- 6.06 % Gtotal(l=2) ave= 6.259E-02 +/- 7.87 % Gtotal(l=3) ave= 0.000E+00 +/- 0.00 %  % || Gg(l=0) ave= 9.763E-02 +/- 6.43 % Gg(l=1) ave= 7.036E-02 +/- 6.32 % Gg(l=2) ave= 6.259E-02 +/- 7.87 % Gg(l=3) ave= 0.000E+00 +/- 0.00 %  % || D(l=0) ave= 3.294E+01 +/- 1.68 % D(l=1) ave= 2.782E+01 +/- 0.00 % D(l=2) ave= 4.234E+01 +/- 0.00 % D(l=3) ave= 0.000E+00 +/- 0.00 %  % || S(l=0) ave= 1.535E-04 +/- 0.44 % S(l=1) ave= 2.031E-03 +/- 19.38 % S(l=2) ave= 1.351E-04 +/- 41.42 % S(l=3) ave= 0.000E+00 +/- 0.00 % 
 ... Histogram plot for thermal (n,g)
 ... Write covariances  ... MT1  ... plot correlations
 ... MT2  ... MT102 


 ================================================
 ============== From 6 random values === start ======
 Thermal (n,tot) xs  0 K =  19.1918 b. +/- 5.04371 b. ( 26.2806 %) skew= +0.33 +/- 0.79
 Thermal (n,el) xs   0 K =  1.07837 b. +/- 0.366726 b. ( 34.0074 %) skew= -0.19 +/- 0.79
 Thermal (n,g) xs    0 K =  18.1134 b. +/- 5.13825 b. ( 28.3671 %) skew= +0.20 +/- 0.79
 RI      (n,g)       0 K =  530.984 b. +/- 92.0218 b. ( 17.3304 %) 
 MACS    (n,g)       0 K (at Emacs= 30000 eV) =  0.65105 b. +/- 0.000265706 b. ( 0.0408119 %) 
 Ave. Gtotal  L=0        =  1.769E-01 +/- 3.92 %
 Ave. Gn^(0)  L=0        =  4.890E-03 +/- 1.52 %
 Ave. Gg      L=0        =  9.763E-02 +/- 6.43 %
 Ave. D       L=0        =  3.294E+01 +/- 1.68 %
 Ave. S       L=0        =  1.535E-04 +/- 0.44 %
 Ave. Gtotal  L=1        =  7.334E-02 +/- 6.06 %
 Ave. Gn^(1)  L=1        =  1.311E-01 +/- 19.40 %
 Ave. Gg      L=1        =  7.036E-02 +/- 6.32 %
 Ave. D       L=1        =  2.782E+01 +/- 0.00 %
 Ave. S       L=1        =  2.031E-03 +/- 19.38 %
 Ave. Gtotal  L=2        =  6.259E-02 +/- 7.87 %
 Ave. Gn^(2)  L=2        =  1.143E-02 +/- 41.42 %
 Ave. Gg      L=2        =  6.259E-02 +/- 7.87 %
 Ave. D       L=2        =  4.234E+01 +/- 0.00 %
 Ave. S       L=2        =  1.351E-04 +/- 41.42 %

 Expected Thermal (n,g) (syst or meas)= 28.44 b. +/- 19.908 b. nominal: 23.3076 b.
 ratio Calculated/expected thermal (n,g): 0.64 ratio DCalculated/Dexpected: 0.26 ratio Calculated/Nominal: 0.78
 ============== From 6 random values ===== stop ======
 ================================================
 ... Calculation of (n,a) and (n,p) cross sections at 300 K
 ... thermal (n,a) cross section is 3.12829e-05 +/- 1.56415e-05 b.
 ... thermal (n,a) cross section is 2.35404e-05 b. (random case 1)
 ... thermal (n,a) cross section is 1.36622e-05 b. (random case 2)
 ... thermal (n,a) cross section is 4.05469e-05 b. (random case 3)
 ... thermal (n,a) cross section is 5.22784e-06 b. (random case 4)
 ... thermal (n,a) cross section is 5.75833e-05 b. (random case 5)
 ... thermal (n,a) cross section is 3.79124e-05 b. (random case 6)
 ... (n,p) Q-value negative for this element
 ... Rewrite index for MF2
 ... Write text for MF1 in file mf1.tares.txt
 ... plotting cross sections for the MF1
 ... order output files


================== summary ==================
 Thermal (n,tot) xs = 24.6518 b. 
 Thermal (n,el)  xs = 1.34414 b. 
 Thermal (n,g)   xs = 23.3076 b. (meas/sys: 28.44 b.)
 At 300 K (thermal adjustment): (n,el) = 1.34998 b., (n,g) = 23.3208 b.

 RI      (n,g)      = 640.955 b. (meas or sys: - b.)
 RI      (n,el)     = 797.978 b.
=============================================


 ... cleaning
                                                 
  -------------------------------------------------------------
  -                                                           -
  - TARES: successful end of run with data from hypothetical  -
  - resonances for  Z= 47, A= 116 and isomer= 0               -
  - half-life: 3.830000 min. 
  -                                                           -
  -------------------------------------------------------------

   Running time:       17 seconds

 End time: Fri Oct  9 12:51:35 2026

