
  -------------------------------------------------------------
  -                                                           -
  -              Welcome to TARES version 1.8                 -
  -                                                           -
  -  (C) Copyright 2007-2025 D. Rochman, All Rights Reserved  -
  -           NRG, Petten, the Netherlands 2007-2014          -
  -           PSI, Villigen    Switzerland 2015-2025          -
  -         Nagra, Wettingen   Switzerland 2025-              -
  -           (Last Modified October 06, 2026)                -
  -           (Database from October 06, 2026)                -
  -                                                           -
  -------------------------------------------------------------


  ---------------------------------------------
   Compilation information:
   Compiled on:         Oct  7 2026, 09:32:19
   Compiled by:         koning
   Compiler version:    clang++ - 21.0.0
   Source location:     /Users/koning/tares-1.8/source/Module/
   Binaries location:   /Users/koning/bin
   System:              Darwin 25.6.0
   System version:      Darwin Kernel Version 25.6.0: Fri Jul 31 19:19:08 PDT 2026; root:xnu-12377.161.14~5/RELEASE_ARM64_T6050  
   Machine:             arm64 
  ---------------------------------------------

   User information:
   User name:           koning
   Running directory:   /Users/koning/tendl/resbase/Sn130/work
   Owner mode for running directory : rwx
   Group mode for running directory : r-x
  ---------------------------------------------


 Starting time: Wed Oct  7 11:41:58 2026
 ... inputs directory found (/Users/koning/tares-1.8/source/Module//../../inputs/).
 ... It will be used for resonance parameters 
 ... ###############################################
 ... #     read the input file tares.inp
 ... ###############################################
 ... line: #
 ... line: # Input file generated by Autorochman
          --> line not read
 ... line: #
 ... line: isotope    Sn
          --> Isotope name: Sn
 ... line: mass       130
          --> isotopic mass: 130
 ... line: output     n-Sn130
         ---> Name of the output files: n-Sn130
 ... line: isomer     0
          --> isomeric state: 0
 ... line: mf32mf33   y
          --> MF33 based on MF32: y
 ... line: nbrRandom  6
          --> Nbr of random files: 6
 ... ###############################################
 ... # end read the input file tares.inp
 ... ###############################################
Value for random generator type not considered in since Tares 1.7 due to compilation issues

 ... ###############################################
     #   Interpretation of the Input definition    #
     ###############################################

 ... Default energy limit: End of resonance region
 ... Nuclear charge    = 50
 ... Element           = Sn
 ... Mass              = 130
 ... Isomer            = 0
 ... Correlation for (Gn,Gg) not included in random files
 ... Default random option: No random
 ... Output name: n-Sn130
 ... Energy for the MACS: 30000 eV
 ... Resonances from CALENDF reduced (reduce=y) 
 ... For URR, level density model from TALYS selected: 91n3n12611.2850 (see manual for description)
 ... Random Generator: default (pseudo random numbers from ansi c++)
 ... Reconstruction of cross section selected
 ... Doppler broadening at 0 Kelvin
 ... URR not included (from the input file flag)
 ... Weight for grouping is flat
 ... Calculation of (n,alpha) cross section selected
 ... Number of digit for MF32c covariance representation: 2
 ... MF32 included
 ... MF33 will be used for covariance processing
 ... TENDL option set to yes (automatic choice of MF2 and format)
 ... Isotope not found in the best file --> use of MLBW formalism
 ... default option: Multi level Breit Wigner approximation selected
 ... (check file best.tendl.yes for changing this option)
 ... Retroactive option set to no with the 2025 option
 ... ladder option set to yes (CALENDF will be used for statistical resonances)

 ... ###############################################
     #           End of Input definition           #
     ###############################################

 ... gnuplot found, will be used for plotting
 ... latex found, will be used for plotting
 ... dvips found, will be used for plotting
 ... ps2epsi not found, limited plotting available
 ... uncertainties on default parameters multiplied by 1.76852
 ... Read resonance data from the 2025 directory
 ... Resonance parameters taken from /Users/koning/tares-1.8/source/Module//../../inputs/2025/Resonance/default/
 ---> Processing Z= 50 and A= 130 and isomer= 0 (level number: 0)
 Exfor path; Could not find /Users/koning/tares-1.8/source/Module//../../inputs/exfor/Sn130/xs/102
Thermal file; Could not open file /Users/koning/tares-1.8/source/Module//../../inputs/2025/runThermal/results//thermal.mxw.ng.cendl3.1
Thermal file; Could not open file /Users/koning/tares-1.8/source/Module//../../inputs/2025/runThermal/results//thermal.mxw.ng.brond3.1
Thermal file; Could not open file /Users/koning/tares-1.8/source/Module//../../inputs/2025/runThermal/results//thermal.xs.ng.unc.cendl3.1
 ... spin taken from the final/ directory (1)
 ... The spin found in level file ( 0 ) and the one in the urr file ( 5.5 ) differ

 ... ###############################################
 ... #  Nucleus global parameters (2025 database)  #
 ... ###############################################
 0. Half-life: 3.72 min. 
 ... Scattering radius from TALYS: /Users/koning/tares-1.8/source/Module//../../inputs/2025/lib.urr/talys.urr/
 1. Spin of the target isotope: 0
 2. Relative Atomic Mass of the target isotope: 129.913
 3. Scattering radius (local compilation): 6.72876 fm +/- 0.141304 fm
      .......................................
      ... Thermal capture cross sections: ...
 4. Thermal (n,g) cross section from systematics: 0.1692 +/- 0.11844 b.
 5. Thermal (n,g) cross section from compilation (Firestone-2022 average on element Sn): 0.616 +/- 0.008 b.
 6. Thermal (n,g) cross section from compilation (Firestone-2022 final on element Sn): 0.61 +/- 0.003 b.
 7. Thermal (n,g) cross section from TENDL-2023: 0.1722 +/- 0.07847 b.
      .......................................
      ...  Thermal total cross sections:  ...
      .......................................
      ... Thermal elastic cross sections: ...
 8. Thermal (n,el) cross section from potential (4piR^2): 8.45644 +/- 0.422822 b.
      .......................................
             ... Resonance integral: ...
 9. No capture integral found in /Users/koning/tares-1.8/source/Module//../../inputs/capture.integral
 ... no RI(n,g) found in local compilation, take 2018 value.
 ... no RI(n,g) found in local compilation, take Sukhoruchkin value.
   ---- MACS 30 keV ----- 
 10. TALYS MACS 30 keV (HF): 0.00505352 b. 
   ---------- S0 -------- 
 11. S0 from TALYS: 0.869986
   ---------- S1 -------- 
 12. S1 from TALYS: 1.74971
   ---------- S2 -------- 
 13. S2 from TALYS: 0.653547
   ---------- D0 -------- 
 14. D0 from TALYS: 499844 eV
 Correction to D0: 0.2
   ---------- D1 -------- 
 15. D1 from TALYS: 177731 eV
   ---------- D2 -------- 
 16. D2 from TALYS: 121344 eV
   ---------- G0 -------- 
 17. Gg0 from TALYS: 0.946097 eV
   ---------- G1 -------- 
 18. Gg1 from TALYS: 4.60902 eV
   ---------- G2 -------- 
 19. Gg2 from TALYS: 0.592932 eV


   ---------------------- 
 ... Read resonance parameters (format: 2: Multi Level Breit Wigner)
 ... 0 resonances found 
 ... possibly no resonances in the Resonance directory for this isotope and options
 ... Use HFR (ladder) behavior 
 --> 21. Number of resonances from the input file: 2 up to 249922 eV
 22. Read nuclear quantities (mass, MAT...)
 23. Read thermal (n,g) xs 
 24. Read the scattering radius 
 25. Read uncertainty on Gg for 2 resonances
 26. Read uncertainty on Gg for 2 resonances ... done
 ... order resonances 
 ... Upper limit for the RRR: 249922 eV (no statistical resonances HFR) from the limit.RRR file
 ... Write parameters for l=0 waves
 ... End writing original MF2 
 ... No RRR in the database: uncertainties on default parameters multiplied by 1.99753
 ... Enter in urr function (ladder option set to y) for file n-Sn130
 ... read the file /Users/koning/tares-1.8/source/Module//../../inputs/2025/list.jcs.urr to find URR origin
 Default URR taken from TALYS calculations with level density model: 91n3n12611.2850
 File considered for the URR: /Users/koning/tares-1.8/source/Module//../../inputs/2025/lib.urr/talys.urr/91n3n12611.2850/Sn/urr/urr.dat.Sn.130.000.0.gz
 ... Write URR using TALYS average parameters (used for HFR)
 ... ---> Emax(RRR) taken from the file limit.ladder: 2.5e+06 eV <---
 ... (File limit.ladder: /Users/koning/tares-1.8/source/Module//../../inputs/2025/limit.ladder.91n3n12611.2850)
 Warning 2, the end of the RRR (2.5e+06 eV) is higher than the 1st inelastic level (1.22126e+06 eV)
 ... read D0, S0, Gn and Gg
 ... number of URR energies: 1585
 Number of l: 1585 and last energy: 5
 Last  URR energy: 2.5e+06 eV
 ... Enter in to_MLBW_mf2 function
 ... Convert to Multi Level Breit Wigner (MLBW)
 ... Write parameter covariances (MF32) for l=0
 ... Convert parameter covariances (MF32) to MLBW
 ... copy the mf2 and mf32 to .mlbw files
 ... Enter in urr_correct function case 1
 Modify the higher limit of RRR in MF2
 --> old value: 2.511714+5 eV new value: 1.000000-2 eV
 Modify resonance covariances (MF32) to include correlations in the URR
 End Modify resonance covariances (MF32) to include correlations in the URR
 ... Enter in calendf_xs function
 Use CALENDF for statistical resonances (update MF2) up to 2.500000+6 eV (initial limit)
 Extract resonances from CALENDF for RRR->URR 2
 1114 statistical resonances found
 After reduction, 920 statistical resonances found
 ... checking resonance order 1
 ... checking resonance order 2nd round for 918 resonances
 ... end checking resonance order 2nd round
 Too many resonances (918): reduced to 100.
 .......................................................
 ... Adjustment to the thermal cross section : start ...
 .......................................................

 Before adjustment (adjustment to the thermal cross section set to y)
 ... Import MF2 from TARES calculations
 ... End energy of TARES MF2 : 7.290979E+5 eV and limit to 40000 resonances
 ... File used for reconstruction: new.temp22.reconst
 ... run RECENT ...
 ... Doppler broadened at a unique temperature: 300 Kelvin using sigma1
 ... run SIGMA1 at 3.000000E+02 K.

 ============== INTER values at 300 Kelvin ==============
 Thermal (n,g) xs =  0.0839607 b. (meas/sys: 0.1692 b.) (warning: comparison to be done at 296 or 300 K)
 Th Maxw (n,g) xs =  0.084448 b. (thermal Maxwellian value)
 Westcott factor  =  1.0058
 RI      (n,g)    =  0.0997638 b. (meas or sys: - b.)
 MACS 3.000e+04 eV=  0.0082833 b. (meas or sys: - b.) from 1.00E+00 to 2.00E+07 eV (end of RRR) at T= 300 Kelvin 
 Thermal (n,el) xs=  3.00528 b.
 RI      (n,el)   =  68.0705 b.
 ============= PSYCHE values ==============
 Ave. G_total L0  =  15524.4 eV
 Ave. G_total L1  =  9433.62 eV
 Ave. G_total L2  =  1233.97 eV
 Ave. Gn_0    L0  =  24.8381
 Ave. Gn_0    L1  =  38.6407
 Ave. Gn_0    L2  =  19.9375
 Ave. Gg      L0  =  0.986233 eV
 Ave. Gg      L1  =  3.55752 eV
 Ave. Gg      L2  =  0.459616 eV
 Ave. D       L0  =  56084.5 eV
 Ave. D       L1  =  25141.3 eV
 Ave. D       L2  =  22784.3 eV
 Ave. S       L0  =  0.000476936 eV
 Ave. S       L1  =  0.000727223 eV
 Ave. S       L2  =  0.000461366 eV
 =========================================
 Calculated capture integral   0.0997638 b.
 Calculated thermal (n,g)=          .083960698 b. and recommended= 0.1692 b. (C/E= 0.496222)
 Calculated RI      (n,g)= 0.0997638 b. (no reference value)
 ... tolerances: thermal (n,g) 20 % (reference uncertainties, minimum 2% and 5%, maximum 20%)
 Adjust the capture widths ...
 ... capture adjusted with Gn for 2 resonances (Gn<Gg) and with Gg for 98 resonances
 ... iteration 0: C/E thermal (n,g)= 0.496222

 <-------- After adjustment -------->
 ... Import MF2 from TARES calculations
 ... End energy of TARES MF2 : 7.290979E+5 eV and limit to 40000 resonances
 ... File used for reconstruction: new.temp22.reconst
 ... run RECENT ...
 ... Doppler broadened at a unique temperature: 300 Kelvin using sigma1
 ... run SIGMA1 at 3.000000E+02 K.

 ============== INTER values at 300 Kelvin ==============
 Thermal (n,g) xs =  0.138744 b. (meas/sys: 0.1692 b.) (warning: comparison to be done at 296 or 300 K)
 Th Maxw (n,g) xs =  0.13955 b. (thermal Maxwellian value)
 Westcott factor  =  1.0058
 RI      (n,g)    =  0.163711 b. (meas or sys: - b.)
 MACS 3.000e+04 eV=  0.013632 b. (meas or sys: - b.) from 1.00E+00 to 2.00E+07 eV (end of RRR) at T= 300 Kelvin 
 Thermal (n,el) xs=  3.00528 b.
 RI      (n,el)   =  68.0307 b.
 ============= PSYCHE values ==============
 Ave. G_total L0  =  15525.1 eV
 Ave. G_total L1  =  9435.94 eV
 Ave. G_total L2  =  1234.27 eV
 Ave. Gn_0    L0  =  24.8381
 Ave. Gn_0    L1  =  38.6407
 Ave. Gn_0    L2  =  19.9375
 Ave. Gg      L0  =  1.62974 eV
 Ave. Gg      L1  =  5.87876 eV
 Ave. Gg      L2  =  0.759509 eV
 Ave. D       L0  =  56084.5 eV
 Ave. D       L1  =  25141.3 eV
 Ave. D       L2  =  22784.3 eV
 Ave. S       L0  =  0.000476936 eV
 Ave. S       L1  =  0.000727223 eV
 Ave. S       L2  =  0.000461366 eV
 =========================================
 ... iteration 1: C/E thermal (n,g)= 0.82


 ... ratio C/E thermal (n,g): 8.200002E-01
 ...................................................... 
 ... Adjustment to the thermal cross section : stop ...
 ...................................................... 
 ... new MF2 file after adjustment: n-Sn130
 ... Enter in update_MF32 function
 ... Change uncertainties
 ... for the HFR, random position of the positive resonances with 0.020000 %
 ... end of update MF32 function
 ... GLS calculation of the parameter correlations from the thermal/RI adjustment (MF32c)
 ... MF32: correlations from the thermal/RI adjustment (GLS) for 6 resonances (12 widths), 4 correlation lines
 ...   thermal (n,g): uncertainty from these widths 0.059204 b. -> 0.0529565 b. (reference: 0.1692 +/- 0.11844 b.)
 ... copy the mf2 and mf32 to .mlbw files

 ... Start of final reconstruction and testing ...
 ... Reconstruction of cross sections at 0 Kelvin  ... Import MF2 from TARES calculations
 ... End energy of TARES MF2 : 7.290979E+5 eV and limit to 40000 resonances
 ... File used for reconstruction: n-Sn130.reconst
 ... run RECENT ...
 ... Doppler broadened at a unique temperature: 0 Kelvin using sigma1
 ... The keyword temperature is zero, no Doppler broadening for the MACS

 ============== INTER values at 0 Kelvin ==============
 Thermal (n,g) xs =  0.13867 b. (meas/sys: 0.1692 b.) (warning: comparison to be done at 296 or 300 K)
 Th Maxw (n,g) xs =  0.13875 b. (thermal Maxwellian value)
 Westcott factor  =  1.00056
 RI      (n,g)    =  0.163134 b. (meas or sys: - b.)
 MACS 3.000e+04 eV=  0.013602 b. (meas or sys: - b.) from 1.00E+00 to 7.29E+05 eV (end of RRR) at T= 0 Kelvin 
 Thermal (n,el) xs=  2.99351 b.
 RI      (n,el)   =  67.7831 b.
 ============= PSYCHE values ==============
 Ave. G_total L0  =  15525.1 eV
 Ave. G_total L1  =  9435.94 eV
 Ave. G_total L2  =  1234.27 eV
 Ave. Gn_0    L0  =  24.8381
 Ave. Gn_0    L1  =  38.6407
 Ave. Gn_0    L2  =  19.9375
 Ave. Gg      L0  =  1.62974 eV
 Ave. Gg      L1  =  5.87876 eV
 Ave. Gg      L2  =  0.759509 eV
 Ave. D       L0  =  56084.5 eV
 Ave. D       L1  =  25141.3 eV
 Ave. D       L2  =  22784.3 eV
 Ave. S       L0  =  0.000476936 eV
 Ave. S       L1  =  0.000727223 eV
 Ave. S       L2  =  0.000461366 eV
 =========================================
 ... End of final reconstruction and testing ...

 ... grouping is not optimum, change to 70 groups
 ... Produce MF33 based on MF32 and 6 random files
 ... run endsam for 6 in groups of 1 global run
 ... run endsam from 1 to 6
 ... reorder resonance position after endsam (sampling)
 ... preparing the vectors  ... done
 ... nominal file 0 Cap(th)  ave= 1.387E-01 b. +/- 0.00 % || Ela(th) ave= 2.994E+00 b. +/- 0.00 % || RIcap ave= 1.62E-01 b. +/- 0.00 % || Macs30 ave= 1.36E-02 b. +/- 0.00 % || Gn^0(l=0) ave= 2.484E+01 +/- 0.00 % Gn^0(l=1) ave= 3.864E+01 +/- 0.00 % Gn^0(l=2) ave= 1.994E+01 +/- 0.00 % Gn^0(l=3) ave= 0.000E+00 +/- 0.00 % || Gtotal(l=0) ave= 1.553E+04 +/- 0.00 % Gtotal(l=1) ave= 9.436E+03 +/- 0.00 % Gtotal(l=2) ave= 1.234E+03 +/- 0.00 % Gtotal(l=3) ave= 0.000E+00 +/- 0.00 %  % || Gg(l=0) ave= 1.630E+00 +/- 0.00 % Gg(l=1) ave= 5.879E+00 +/- 0.00 % Gg(l=2) ave= 7.595E-01 +/- 0.00 % Gg(l=3) ave= 0.000E+00 +/- 0.00 %  % || D(l=0) ave= 5.608E+04 +/- 0.00 % D(l=1) ave= 2.514E+04 +/- 0.00 % D(l=2) ave= 2.278E+04 +/- 0.00 % D(l=3) ave= 0.000E+00 +/- 0.00 %  % || S(l=0) ave= 4.769E-04 +/- 0.00 % S(l=1) ave= 7.272E-04 +/- 0.00 % S(l=2) ave= 4.614E-04 +/- 0.00 % S(l=3) ave= 0.000E+00 +/- 0.00 % 
 ... random file  1 Cap(th)  ave= 1.107E-01 b. +/- 25.21 % || Ela(th) ave= 2.883E+00 b. +/- 3.85 % || RIcap ave= 1.18E-01 b. +/- 37.12 % || Macs30 ave= 9.75E-03 b. +/- 39.58 % || Gn^0(l=0) ave= 2.478E+01 +/- 0.23 % Gn^0(l=1) ave= 3.926E+01 +/- 1.57 % Gn^0(l=2) ave= 2.081E+01 +/- 4.21 % Gn^0(l=3) ave= 0.000E+00 +/- 0.00 % || Gtotal(l=0) ave= 1.553E+04 +/- 0.00 % Gtotal(l=1) ave= 9.436E+03 +/- 0.00 % Gtotal(l=2) ave= 1.234E+03 +/- 0.00 % Gtotal(l=3) ave= 0.000E+00 +/- 0.00 %  % || Gg(l=0) ave= 1.325E+00 +/- 22.97 % Gg(l=1) ave= 5.175E+00 +/- 13.59 % Gg(l=2) ave= 7.993E-01 +/- 4.98 % Gg(l=3) ave= 0.000E+00 +/- 0.00 %  % || D(l=0) ave= 5.608E+04 +/- 0.00 % D(l=1) ave= 2.514E+04 +/- 0.00 % D(l=2) ave= 2.278E+04 +/- 0.00 % D(l=3) ave= 0.000E+00 +/- 0.00 %  % || S(l=0) ave= 4.758E-04 +/- 0.23 % S(l=1) ave= 7.403E-04 +/- 1.77 % S(l=2) ave= 4.817E-04 +/- 4.22 % S(l=3) ave= 0.000E+00 +/- 0.00 % 
 ... random file  2 Cap(th)  ave= 1.246E-01 b. +/- 24.14 % || Ela(th) ave= 2.865E+00 b. +/- 3.28 % || RIcap ave= 1.46E-01 b. +/- 36.23 % || Macs30 ave= 1.25E-02 b. +/- 40.26 % || Gn^0(l=0) ave= 2.541E+01 +/- 3.50 % Gn^0(l=1) ave= 3.951E+01 +/- 1.57 % Gn^0(l=2) ave= 2.108E+01 +/- 3.83 % Gn^0(l=3) ave= 0.000E+00 +/- 0.00 % || Gtotal(l=0) ave= 1.590E+04 +/- 3.37 % Gtotal(l=1) ave= 9.436E+03 +/- 0.00 % Gtotal(l=2) ave= 1.234E+03 +/- 0.00 % Gtotal(l=3) ave= 0.000E+00 +/- 0.00 %  % || Gg(l=0) ave= 1.344E+00 +/- 18.60 % Gg(l=1) ave= 5.240E+00 +/- 11.10 % Gg(l=2) ave= 8.111E-01 +/- 4.50 % Gg(l=3) ave= 0.000E+00 +/- 0.00 %  % || D(l=0) ave= 5.764E+04 +/- 3.82 % D(l=1) ave= 2.514E+04 +/- 0.00 % D(l=2) ave= 2.278E+04 +/- 0.00 % D(l=3) ave= 0.000E+00 +/- 0.00 %  % || S(l=0) ave= 4.757E-04 +/- 0.19 % S(l=1) ave= 7.439E-04 +/- 1.59 % S(l=2) ave= 4.877E-04 +/- 3.83 % S(l=3) ave= 0.000E+00 +/- 0.00 % 
 ... random file  3 Cap(th)  ave= 1.435E-01 b. +/- 29.17 % || Ela(th) ave= 2.784E+00 b. +/- 5.84 % || RIcap ave= 1.71E-01 b. +/- 37.06 % || Macs30 ave= 1.42E-02 b. +/- 36.88 % || Gn^0(l=0) ave= 2.574E+01 +/- 3.73 % Gn^0(l=1) ave= 3.999E+01 +/- 2.45 % Gn^0(l=2) ave= 2.173E+01 +/- 6.12 % Gn^0(l=3) ave= 0.000E+00 +/- 0.00 % || Gtotal(l=0) ave= 1.609E+04 +/- 3.54 % Gtotal(l=1) ave= 9.436E+03 +/- 0.00 % Gtotal(l=2) ave= 1.234E+03 +/- 0.00 % Gtotal(l=3) ave= 0.000E+00 +/- 0.00 %  % || Gg(l=0) ave= 1.465E+00 +/- 20.58 % Gg(l=1) ave= 5.296E+00 +/- 9.68 % Gg(l=2) ave= 7.847E-01 +/- 7.08 % Gg(l=3) ave= 0.000E+00 +/- 0.00 %  % || D(l=0) ave= 5.842E+04 +/- 4.00 % D(l=1) ave= 2.514E+04 +/- 0.00 % D(l=2) ave= 2.278E+04 +/- 0.00 % D(l=3) ave= 0.000E+00 +/- 0.00 %  % || S(l=0) ave= 4.759E-04 +/- 0.19 % S(l=1) ave= 7.537E-04 +/- 2.63 % S(l=2) ave= 5.027E-04 +/- 6.09 % S(l=3) ave= 0.000E+00 +/- 0.00 % 
 ... random file  4 Cap(th)  ave= 1.285E-01 b. +/- 37.33 % || Ela(th) ave= 2.834E+00 b. +/- 6.23 % || RIcap ave= 1.56E-01 b. +/- 41.16 % || Macs30 ave= 1.34E-02 b. +/- 36.57 % || Gn^0(l=0) ave= 2.600E+01 +/- 3.85 % Gn^0(l=1) ave= 3.963E+01 +/- 2.87 % Gn^0(l=2) ave= 2.128E+01 +/- 7.02 % Gn^0(l=3) ave= 0.000E+00 +/- 0.00 % || Gtotal(l=0) ave= 1.621E+04 +/- 3.44 % Gtotal(l=1) ave= 9.436E+03 +/- 0.00 % Gtotal(l=2) ave= 1.234E+03 +/- 0.00 % Gtotal(l=3) ave= 0.000E+00 +/- 0.00 %  % || Gg(l=0) ave= 1.376E+00 +/- 23.52 % Gg(l=1) ave= 5.545E+00 +/- 12.21 % Gg(l=2) ave= 8.218E-01 +/- 10.86 % Gg(l=3) ave= 0.000E+00 +/- 0.00 %  % || D(l=0) ave= 5.889E+04 +/- 3.89 % D(l=1) ave= 2.514E+04 +/- 0.00 % D(l=2) ave= 2.278E+04 +/- 0.00 % D(l=3) ave= 0.000E+00 +/- 0.00 %  % || S(l=0) ave= 4.771E-04 +/- 0.52 % S(l=1) ave= 7.467E-04 +/- 3.02 % S(l=2) ave= 4.924E-04 +/- 6.96 % S(l=3) ave= 0.000E+00 +/- 0.00 % 
 ... random file  5 Cap(th)  ave= 1.291E-01 b. +/- 33.95 % || Ela(th) ave= 2.787E+00 b. +/- 6.88 % || RIcap ave= 1.57E-01 b. +/- 37.32 % || Macs30 ave= 1.31E-02 b. +/- 34.73 % || Gn^0(l=0) ave= 2.616E+01 +/- 3.78 % Gn^0(l=1) ave= 3.992E+01 +/- 3.08 % Gn^0(l=2) ave= 2.169E+01 +/- 7.59 % Gn^0(l=3) ave= 0.000E+00 +/- 0.00 % || Gtotal(l=0) ave= 1.628E+04 +/- 3.30 % Gtotal(l=1) ave= 9.436E+03 +/- 0.00 % Gtotal(l=2) ave= 1.234E+03 +/- 0.00 % Gtotal(l=3) ave= 0.000E+00 +/- 0.00 %  % || Gg(l=0) ave= 1.401E+00 +/- 21.47 % Gg(l=1) ave= 5.605E+00 +/- 11.29 % Gg(l=2) ave= 8.249E-01 +/- 9.92 % Gg(l=3) ave= 0.000E+00 +/- 0.00 %  % || D(l=0) ave= 5.920E+04 +/- 3.72 % D(l=1) ave= 2.514E+04 +/- 0.00 % D(l=2) ave= 2.278E+04 +/- 0.00 % D(l=3) ave= 0.000E+00 +/- 0.00 %  % || S(l=0) ave= 4.779E-04 +/- 0.59 % S(l=1) ave= 7.524E-04 +/- 3.21 % S(l=2) ave= 5.019E-04 +/- 7.53 % S(l=3) ave= 0.000E+00 +/- 0.00 % 
 ... random file  6 Cap(th)  ave= 1.226E-01 b. +/- 35.57 % || Ela(th) ave= 2.763E+00 b. +/- 6.77 % || RIcap ave= 1.47E-01 b. +/- 40.32 % || Macs30 ave= 1.26E-02 b. +/- 34.69 % || Gn^0(l=0) ave= 2.626E+01 +/- 3.60 % Gn^0(l=1) ave= 4.007E+01 +/- 2.99 % Gn^0(l=2) ave= 2.191E+01 +/- 7.37 % Gn^0(l=3) ave= 0.000E+00 +/- 0.00 % || Gtotal(l=0) ave= 1.634E+04 +/- 3.15 % Gtotal(l=1) ave= 9.436E+03 +/- 0.00 % Gtotal(l=2) ave= 1.234E+03 +/- 0.00 % Gtotal(l=3) ave= 0.000E+00 +/- 0.00 %  % || Gg(l=0) ave= 1.363E+00 +/- 21.55 % Gg(l=1) ave= 5.593E+00 +/- 10.49 % Gg(l=2) ave= 8.240E-01 +/- 9.20 % Gg(l=3) ave= 0.000E+00 +/- 0.00 %  % || D(l=0) ave= 5.942E+04 +/- 3.55 % D(l=1) ave= 2.514E+04 +/- 0.00 % D(l=2) ave= 2.278E+04 +/- 0.00 % D(l=3) ave= 0.000E+00 +/- 0.00 %  % || S(l=0) ave= 4.780E-04 +/- 0.55 % S(l=1) ave= 7.554E-04 +/- 3.12 % S(l=2) ave= 5.069E-04 +/- 7.31 % S(l=3) ave= 0.000E+00 +/- 0.00 % 
 ... Histogram plot for thermal (n,g)
 ... Write covariances  ... MT1  ... plot correlations
 ... MT2  ... MT102 


 ================================================
 ============== From 6 random values === start ======
 Thermal (n,tot) xs  0 K =  2.88577 b. +/- 0.174285 b. ( 6.03945 %) skew= +0.24 +/- 0.79
 Thermal (n,el) xs   0 K =  2.76319 b. +/- 0.187104 b. ( 6.7713 %) skew= +0.20 +/- 0.79
 Thermal (n,g) xs    0 K =  0.122583 b. +/- 0.0436088 b. ( 35.5749 %) skew= +0.38 +/- 0.79
 RI      (n,g)       0 K =  0.147418 b. +/- 0.0594406 b. ( 40.3211 %) 
 MACS    (n,g)       0 K (at Emacs= 30000 eV) =  0.0126237 b. +/- 0.00437858 b. ( 34.6855 %) 
 Ave. Gtotal  L=0        =  1.634E+04 +/- 3.15 %
 Ave. Gn^(0)  L=0        =  2.626E+01 +/- 3.60 %
 Ave. Gg      L=0        =  1.363E+00 +/- 21.55 %
 Ave. D       L=0        =  5.942E+04 +/- 3.55 %
 Ave. S       L=0        =  4.780E-04 +/- 0.55 %
 Ave. Gtotal  L=1        =  9.436E+03 +/- 0.00 %
 Ave. Gn^(1)  L=1        =  4.007E+01 +/- 2.99 %
 Ave. Gg      L=1        =  5.593E+00 +/- 10.49 %
 Ave. D       L=1        =  2.514E+04 +/- 0.00 %
 Ave. S       L=1        =  7.554E-04 +/- 3.12 %
 Ave. Gtotal  L=2        =  1.234E+03 +/- 0.00 %
 Ave. Gn^(2)  L=2        =  2.191E+01 +/- 7.37 %
 Ave. Gg      L=2        =  8.240E-01 +/- 9.20 %
 Ave. D       L=2        =  2.278E+04 +/- 0.00 %
 Ave. S       L=2        =  5.069E-04 +/- 7.31 %

 Expected Thermal (n,g) (syst or meas)= 0.1692 b. +/- 0.11844 b. nominal: 0.13867 b.
 ratio Calculated/expected thermal (n,g): 0.72 ratio DCalculated/Dexpected: 0.37 ratio Calculated/Nominal: 0.88
 ============== From 6 random values ===== stop ======
 ================================================
 ... Calculation of (n,a) and (n,p) cross sections at 300 K
 <<(n,a) Q-value negative for this element>> ... (n,p) Q-value negative for this element
 ... Rewrite index for MF2
 ... Write text for MF1 in file mf1.tares.txt
 ... plotting cross sections for the MF1
 ... order output files


================== summary ==================
 Thermal (n,tot) xs = 3.13218 b. 
 Thermal (n,el)  xs = 2.99351 b. 
 Thermal (n,g)   xs = 0.13867 b. (meas/sys: 0.1692 b.)
 At 300 K (thermal adjustment): (n,el) = 3.00528 b., (n,g) = 0.138744 b.

 RI      (n,g)      = 0.163134 b. (meas or sys: - b.)
 RI      (n,el)     = 67.7831 b.
=============================================


 ... cleaning
                                                 
  -------------------------------------------------------------
  -                                                           -
  - TARES: successful end of run with data from hypothetical  -
  - resonances for  Z= 50, A= 130 and isomer= 0               -
  - half-life: 3.720000 min. 
  -                                                           -
  -------------------------------------------------------------

   Running time:       9 seconds

 End time: Wed Oct  7 11:42:07 2026

