
  -------------------------------------------------------------
  -                                                           -
  -              Welcome to TARES version 1.8                 -
  -                                                           -
  -  (C) Copyright 2007-2025 D. Rochman, All Rights Reserved  -
  -           NRG, Petten, the Netherlands 2007-2014          -
  -           PSI, Villigen    Switzerland 2015-2025          -
  -         Nagra, Wettingen   Switzerland 2025-              -
  -           (Last Modified October 06, 2026)                -
  -           (Database from October 06, 2026)                -
  -                                                           -
  -------------------------------------------------------------


  ---------------------------------------------
   Compilation information:
   Compiled on:         Oct  8 2026, 18:36:06
   Compiled by:         koning
   Compiler version:    clang++ - 21.0.0
   Source location:     /Users/koning/tares-1.8/source/Module/
   Binaries location:   /Users/koning/bin
   System:              Darwin 25.6.0
   System version:      Darwin Kernel Version 25.6.0: Fri Jul 31 19:19:08 PDT 2026; root:xnu-12377.161.14~5/RELEASE_ARM64_T6050  
   Machine:             arm64 
  ---------------------------------------------

   User information:
   User name:           koning
   Running directory:   /Users/koning/tendl/resbase/Kr074/work
   Owner mode for running directory : rwx
   Group mode for running directory : r-x
  ---------------------------------------------


 Starting time: Fri Oct  9 13:07:47 2026
 ... inputs directory found (/Users/koning/tares-1.8/source/Module//../../inputs/).
 ... It will be used for resonance parameters 
 ... ###############################################
 ... #     read the input file tares.inp
 ... ###############################################
 ... line: #
 ... line: # Input file generated by Autorochman
          --> line not read
 ... line: #
 ... line: isotope    Kr
          --> Isotope name: Kr
 ... line: mass       74
          --> isotopic mass: 74
 ... line: output     n-Kr074
         ---> Name of the output files: n-Kr074
 ... line: isomer     0
          --> isomeric state: 0
 ... line: mf32mf33   y
          --> MF33 based on MF32: y
 ... line: nbrRandom  6
          --> Nbr of random files: 6
 ... ###############################################
 ... # end read the input file tares.inp
 ... ###############################################
Value for random generator type not considered in since Tares 1.7 due to compilation issues

 ... ###############################################
     #   Interpretation of the Input definition    #
     ###############################################

 ... Default energy limit: End of resonance region
 ... Nuclear charge    = 36
 ... Element           = Kr
 ... Mass              = 74
 ... Isomer            = 0
 ... Correlation for (Gn,Gg) not included in random files
 ... Default random option: No random
 ... Output name: n-Kr074
 ... Energy for the MACS: 30000 eV
 ... Resonances from CALENDF reduced (reduce=y) 
 ... For URR, level density model from TALYS selected: 91n3n12611.2850 (see manual for description)
 ... Random Generator: default (pseudo random numbers from ansi c++)
 ... Reconstruction of cross section selected
 ... Doppler broadening at 0 Kelvin
 ... URR not included (from the input file flag)
 ... Weight for grouping is flat
 ... Calculation of (n,alpha) cross section selected
 ... Number of digit for MF32c covariance representation: 2
 ... MF32 included
 ... MF33 will be used for covariance processing
 ... TENDL option set to yes (automatic choice of MF2 and format)
 ... Isotope not found in the best file --> use of MLBW formalism
 ... default option: Multi level Breit Wigner approximation selected
 ... (check file best.tendl.yes for changing this option)
 ... Retroactive option set to no with the 2025 option
 ... ladder option set to yes (CALENDF will be used for statistical resonances)

 ... ###############################################
     #           End of Input definition           #
     ###############################################

 ... gnuplot found, will be used for plotting
 ... latex found, will be used for plotting
 ... dvips found, will be used for plotting
 ... ps2epsi not found, limited plotting available
 ... uncertainties on default parameters multiplied by 1.0048
 ... Read resonance data from the 2025 directory
 ... Resonance parameters taken from /Users/koning/tares-1.8/source/Module//../../inputs/2025/Resonance/default/
 ---> Processing Z= 36 and A= 74 and isomer= 0 (level number: 0)
 Exfor path; Could not find /Users/koning/tares-1.8/source/Module//../../inputs/exfor/Kr074/xs/102
Thermal file; Could not open file /Users/koning/tares-1.8/source/Module//../../inputs/2025/runThermal/results//thermal.mxw.ng.cendl3.1
Thermal file; Could not open file /Users/koning/tares-1.8/source/Module//../../inputs/2025/runThermal/results//thermal.mxw.ng.brond3.1
Thermal file; Could not open file /Users/koning/tares-1.8/source/Module//../../inputs/2025/runThermal/results//thermal.xs.ng.unc.cendl3.1
 ... spin taken from the final/ directory (1)
 ... The spin found in level file ( 0 ) and the one in the urr file ( 5.5 ) differ

 ... ###############################################
 ... #  Nucleus global parameters (2025 database)  #
 ... ###############################################
 0. Half-life: 11.5 min. 
 ... Scattering radius from TALYS: /Users/koning/tares-1.8/source/Module//../../inputs/2025/lib.urr/talys.urr/
 1. Spin of the target isotope: 0
 2. Relative Atomic Mass of the target isotope: 73.933
 3. Scattering radius (local compilation): 5.58702 fm +/- 0.117327 fm
      .......................................
      ... Thermal capture cross sections: ...
 4. Thermal (n,g) cross section from systematics (TALYS, urr.dat): 16.5491 +/- 11.5844 b.
 5. Thermal (n,g) cross section from compilation (Firestone-2022 final on element Kr): 25.4 +/- 1.2 b.
 6. Thermal (n,g) cross section from TENDL-2023: 16.55 +/- 6.076 b.
      .......................................
      ...  Thermal total cross sections:  ...
      .......................................
      ... Thermal elastic cross sections: ...
 7. Thermal (n,el) cross section from potential (4piR^2): 7.02154 +/- 0.351077 b.
      .......................................
             ... Resonance integral: ...
 8. No capture integral found in /Users/koning/tares-1.8/source/Module//../../inputs/capture.integral
 ... no RI(n,g) found in local compilation, take 2018 value.
 ... no RI(n,g) found in local compilation, take Sukhoruchkin value.
   ---- MACS 30 keV ----- 
 9. TALYS MACS 30 keV (HF): 0.0827618 b. 
   ---------- S0 -------- 
 10. S0 from TALYS: 1.01074
   ---------- S1 -------- 
 11. S1 from TALYS: 1.65991
   ---------- S2 -------- 
 12. S2 from TALYS: 1.50804
   ---------- D0 -------- 
 13. D0 from TALYS: 118.09 eV
   ---------- D1 -------- 
 14. D1 from TALYS: 41.5319 eV
   ---------- D2 -------- 
 15. D2 from TALYS: 27.7404 eV
   ---------- G0 -------- 
 16. Gg0 from TALYS: 0.459482 eV
   ---------- G1 -------- 
 17. Gg1 from TALYS: 0.454427 eV
   ---------- G2 -------- 
 18. Gg2 from TALYS: 0.450516 eV


   ---------------------- 
 ... Read resonance parameters (format: 2: Multi Level Breit Wigner)
 ... 0 resonances found 
 ... possibly no resonances in the Resonance directory for this isotope and options
 ... Use HFR (ladder) behavior 
 --> 20. Number of resonances from the input file: 2 up to 59.0451 eV
 21. Read nuclear quantities (mass, MAT...)
 22. Read thermal (n,g) xs 
 23. Read the scattering radius 
 24. Read uncertainty on Gg for 2 resonances
 25. Read uncertainty on Gg for 2 resonances ... done
 ... order resonances 
 ... Upper limit for the RRR: 59.0451 eV (no statistical resonances HFR) from the limit.RRR file
 ... Write parameters for l=0 waves
 ... End writing original MF2 
 ... No RRR in the database: uncertainties on default parameters multiplied by 1.99753
 ... Enter in urr function (ladder option set to y) for file n-Kr074
 ... read the file /Users/koning/tares-1.8/source/Module//../../inputs/2025/list.jcs.urr to find URR origin
 Default URR taken from TALYS calculations with level density model: 91n3n12611.2850
 File considered for the URR: /Users/koning/tares-1.8/source/Module//../../inputs/2025/lib.urr/talys.urr/91n3n12611.2850/Kr/urr/urr.dat.Kr.074.000.0.gz
 ... Write URR using TALYS average parameters (used for HFR)
 ... Limit of URR changed to 25 keV (recommendation from WPEC and JEFF)
 ... Extract the Sn value from file ./urr.dat.Kr.74.0.0
 ... found Sn= 10.0631 MeV
 ... estimated number of resonances up to 155.647 eV:  1.31803 resonances
 ... This is a test here. The higher energy limit to include URR data for calendf is set to max Sn. 24/03/2016
 ... Use Sn to define the maximum energy for the URR: Sn= 10.0631 MeV --> last_energyURR= 155.647 eV
 ... read D0, S0, Gn and Gg
 ... number of URR energies: 670
 Number of l: 670 and last energy: 5
 Last  URR energy: 155.647 eV
 ... Enter in to_MLBW_mf2 function
 ... Convert to Multi Level Breit Wigner (MLBW)
 ... Write parameter covariances (MF32) for l=0
 ... Convert parameter covariances (MF32) to MLBW
 ... copy the mf2 and mf32 to .mlbw files
 ... Enter in urr_correct function case 1
 Modify the higher limit of RRR in MF2
 --> old value: 5.934033+1 eV new value: 1.000000-2 eV
 Modify resonance covariances (MF32) to include correlations in the URR
 End Modify resonance covariances (MF32) to include correlations in the URR
 ... Enter in calendf_xs function
 Use CALENDF for statistical resonances (update MF2) up to 1.556470+2 eV (initial limit)
 Extract resonances from CALENDF for RRR->URR 2
 18 statistical resonances found
 After reduction, 18 statistical resonances found
 ... checking resonance order 1
 ... checking resonance order 2nd round for 16 resonances
 ... end checking resonance order 2nd round
 .......................................................
 ... Adjustment to the thermal cross section : start ...
 .......................................................

 Before adjustment (adjustment to the thermal cross section set to y)
 ... Import MF2 from TARES calculations
 ... End energy of TARES MF2 : 8.618233E+1 eV and limit to 40000 resonances
 ... File used for reconstruction: new.temp22.reconst
 ... run RECENT ...
 ... Doppler broadened at a unique temperature: 300 Kelvin using sigma1
 ... run SIGMA1 at 3.000000E+02 K.

 ============== INTER values at 300 Kelvin ==============
 Thermal (n,g) xs =  38.1402 b. (meas/sys: 16.5491 b.) (warning: comparison to be done at 296 or 300 K)
 Th Maxw (n,g) xs =  38.446 b. (thermal Maxwellian value)
 Westcott factor  =  1.00801
 RI      (n,g)    =  134.825 b. (meas or sys: - b.)
 MACS 3.000e+04 eV=  0.082739 b. (meas or sys: - b.) from 1.00E+00 to 2.00E+07 eV (end of RRR) at T= 300 Kelvin 
 Thermal (n,el) xs=  4.18608 b.
 RI      (n,el)   =  73.2615 b.
 ============= PSYCHE values ==============
 Ave. G_total L0  =  0.627521 eV
 Ave. G_total L1  =  0.454435 eV
 Ave. Gn_0    L0  =  0.0181489
 Ave. Gn_0    L1  =  0.017133
 Ave. Gg      L0  =  0.459487 eV
 Ave. Gg      L1  =  0.454432 eV
 Ave. D       L0  =  86.1823 eV
 Ave. D       L1  =  0 eV
 Ave. S       L0  =  0.000421174 eV
 Ave. S       L1  =  0.017133 eV
 =========================================
 Calculated capture integral   134.825 b.
 Calculated thermal (n,g)=          38.1402040 b. and recommended= 16.5491 b. (C/E= 2.30467)
 Calculated RI      (n,g)= 134.825 b. (no reference value)
 ... tolerances: thermal (n,g) 20 % (reference uncertainties, minimum 2% and 5%, maximum 20%)
 Adjust the capture widths ...
 ... capture adjusted with Gn for 16 resonances (Gn<Gg) and with Gg for 0 resonances
 ... iteration 0: C/E thermal (n,g)= 2.30467

 <-------- After adjustment -------->
 ... Import MF2 from TARES calculations
 ... End energy of TARES MF2 : 8.618233E+1 eV and limit to 40000 resonances
 ... File used for reconstruction: new.temp22.reconst
 ... run RECENT ...
 ... Doppler broadened at a unique temperature: 300 Kelvin using sigma1
 ... run SIGMA1 at 3.000000E+02 K.

 ============== INTER values at 300 Kelvin ==============
 Thermal (n,g) xs =  19.5279 b. (meas/sys: 16.5491 b.) (warning: comparison to be done at 296 or 300 K)
 Th Maxw (n,g) xs =  19.684 b. (thermal Maxwellian value)
 Westcott factor  =  1.00801
 RI      (n,g)    =  77.9406 b. (meas or sys: - b.)
 MACS 3.000e+04 eV=  0.082559 b. (meas or sys: - b.) from 1.00E+00 to 2.00E+07 eV (end of RRR) at T= 300 Kelvin 
 Thermal (n,el) xs=  4.06985 b.
 RI      (n,el)   =  36.8912 b.
 ============= PSYCHE values ==============
 Ave. G_total L0  =  0.545521 eV
 Ave. G_total L1  =  0.454433 eV
 Ave. Gn_0    L0  =  0.0092923
 Ave. Gn_0    L1  =  0.00877216
 Ave. Gg      L0  =  0.459487 eV
 Ave. Gg      L1  =  0.454432 eV
 Ave. D       L0  =  86.1823 eV
 Ave. D       L1  =  0 eV
 Ave. S       L0  =  0.000215643 eV
 Ave. S       L1  =  0.00877216 eV
 =========================================
 ... iteration 1: C/E thermal (n,g)= 1.18


 ... ratio C/E thermal (n,g): 1.180000E+00
 ...................................................... 
 ... Adjustment to the thermal cross section : stop ...
 ...................................................... 
 ... new MF2 file after adjustment: n-Kr074
 ... read the file /Users/koning/tares-1.8/source/Module//../../inputs/2025/list.jcs.urr to find URR origin
 Default URR taken from TALYS calculations with level density model: 91n3n12611.2850
 File considered for the URR: /Users/koning/tares-1.8/source/Module//../../inputs/2025/lib.urr/talys.urr/91n3n12611.2850/Kr/urr/urr.dat.Kr.074.000.0.gz
 ... Write URR using TALYS average parameters (not used for HFR)
 ... Limit of URR changed to 25 keV (recommendation from WPEC and JEFF)
 Energy limit of the URR set to 112.037 eV
 ... read D0, S0, Gn and Gg
 ... number of URR energies: 10
 Number of l: 10 and last energy: 5
 Last  URR energy: 112.037 eV
 ... Enter in urr_correct function case 2
 Modify the higher limit of RRR in MF2
 --> old value: 8.618233+1 eV new value: 8.618233+1 eV
 Modify resonance covariances (MF32) to include correlations in the URR
 End Modify resonance covariances (MF32) to include correlations in the URR
 ... Enter in update_MF32 function
 ... Change uncertainties
 ... for the HFR, random position of the positive resonances with 0.020000 %
 ... end of update MF32 function
 ... GLS calculation of the parameter correlations from the thermal/RI adjustment (MF32c)
 ... MF32: correlations from the thermal/RI adjustment (GLS) for 3 resonances (6 widths), 3 correlation lines
 ...   thermal (n,g): uncertainty from these widths 4.58667 b. -> 4.26456 b. (reference: 16.5491 +/- 11.5844 b.)
 ... copy the mf2 and mf32 to .mlbw files

 ... Start of final reconstruction and testing ...
 ... Reconstruction of cross sections at 0 Kelvin  ... Import MF2 from TARES calculations
 ... End energy of TARES MF2 : 8.618233E+1 eV and limit to 40000 resonances
 ... File used for reconstruction: n-Kr074.reconst
 ... run RECENT ...
 ... Doppler broadened at a unique temperature: 0 Kelvin using sigma1
 ... The keyword temperature is zero, no Doppler broadening for the MACS

 ============== INTER values at 0 Kelvin ==============
 Thermal (n,g) xs =  19.5156 b. (meas/sys: 16.5491 b.) (warning: comparison to be done at 296 or 300 K)
 Th Maxw (n,g) xs =  19.571 b. (thermal Maxwellian value)
 Westcott factor  =  1.00286
 RI      (n,g)    =  77.8353 b. (meas or sys: - b.)
 MACS 3.000e+04 eV=  0.082054 b. (meas or sys: - b.) from 1.00E+00 to 8.62E+01 eV (end of RRR) at T= 0 Kelvin 
 Thermal (n,el) xs=  4.04195 b.
 RI      (n,el)   =  29.1801 b.
 ============= PSYCHE values ==============
 Ave. G_total L0  =  0.545521 eV
 Ave. G_total L1  =  0.454433 eV
 Ave. Gn_0    L0  =  0.0092923
 Ave. Gn_0    L1  =  0.00877216
 Ave. Gg      L0  =  0.459487 eV
 Ave. Gg      L1  =  0.454432 eV
 Ave. D       L0  =  86.1823 eV
 Ave. D       L1  =  0 eV
 Ave. S       L0  =  0.000215643 eV
 Ave. S       L1  =  0.00877216 eV
 =========================================
 ... End of final reconstruction and testing ...

 ... grouping is not optimum, change to 70 groups
 ... Produce MF33 based on MF32 and 6 random files
 ... MF3 of n-Kr074.reconst (3 sections) added to the files for ENDSAM
 ... run endsam for 6 in groups of 1 global run
 ... run endsam from 1 to 6
 ... random files: total width GT set to Gn+Gg+Gf (96 resonances in 6 files)
 ... reorder resonance position after endsam (sampling)
 ... preparing the vectors  ... done
 ... nominal file 0 Cap(th)  ave= 1.952E+01 b. +/- 0.00 % || Ela(th) ave= 4.042E+00 b. +/- 0.00 % || RIcap ave= 7.78E+01 b. +/- 0.00 % || Macs30 ave= 8.21E-02 b. +/- 0.00 % || Gn^0(l=0) ave= 9.292E-03 +/- 0.00 % Gn^0(l=1) ave= 8.772E-03 +/- 0.00 % Gn^0(l=2) ave= 0.000E+00 +/- 0.00 % Gn^0(l=3) ave= 0.000E+00 +/- 0.00 % || Gtotal(l=0) ave= 5.455E-01 +/- 0.00 % Gtotal(l=1) ave= 4.544E-01 +/- 0.00 % Gtotal(l=2) ave= 0.000E+00 +/- 0.00 % Gtotal(l=3) ave= 0.000E+00 +/- 0.00 %  % || Gg(l=0) ave= 4.595E-01 +/- 0.00 % Gg(l=1) ave= 4.544E-01 +/- 0.00 % Gg(l=2) ave= 0.000E+00 +/- 0.00 % Gg(l=3) ave= 0.000E+00 +/- 0.00 %  % || D(l=0) ave= 8.618E+01 +/- 0.00 % D(l=1) ave= 0.000E+00 +/- 0.00 % D(l=2) ave= 0.000E+00 +/- 0.00 % D(l=3) ave= 0.000E+00 +/- 0.00 %  % || S(l=0) ave= 2.156E-04 +/- 0.00 % S(l=1) ave= 8.772E-03 +/- 0.00 % S(l=2) ave= 0.000E+00 +/- 0.00 % S(l=3) ave= 0.000E+00 +/- 0.00 % 
 ... random file  1 Cap(th)  ave= 2.121E+01 b. +/- 8.00 % || Ela(th) ave= 4.234E+00 b. +/- 4.53 % || RIcap ave= 8.14E+01 b. +/- 4.33 % || Macs30 ave= 8.21E-02 b. +/- 0.03 % || Gn^0(l=0) ave= 9.315E-03 +/- 0.24 % Gn^0(l=1) ave= 8.387E-03 +/- 4.59 % Gn^0(l=2) ave= 0.000E+00 +/- 0.00 % Gn^0(l=3) ave= 0.000E+00 +/- 0.00 % || Gtotal(l=0) ave= 5.894E-01 +/- 7.44 % Gtotal(l=1) ave= 5.472E-01 +/- 16.95 % Gtotal(l=2) ave= 0.000E+00 +/- 0.00 % Gtotal(l=3) ave= 0.000E+00 +/- 0.00 %  % || Gg(l=0) ave= 5.032E-01 +/- 8.68 % Gg(l=1) ave= 5.472E-01 +/- 16.95 % Gg(l=2) ave= 0.000E+00 +/- 0.00 % Gg(l=3) ave= 0.000E+00 +/- 0.00 %  % || D(l=0) ave= 8.618E+01 +/- 0.00 % D(l=1) ave= 0.000E+00 +/- 0.00 % D(l=2) ave= 0.000E+00 +/- 0.00 % D(l=3) ave= 0.000E+00 +/- 0.00 %  % || S(l=0) ave= 2.162E-04 +/- 0.24 % S(l=1) ave= 8.387E-03 +/- 4.59 % S(l=2) ave= 0.000E+00 +/- 0.00 % S(l=3) ave= 0.000E+00 +/- 0.00 % 
 ... random file  2 Cap(th)  ave= 2.351E+01 b. +/- 15.04 % || Ela(th) ave= 4.290E+00 b. +/- 4.09 % || RIcap ave= 8.29E+01 b. +/- 4.40 % || Macs30 ave= 8.21E-02 b. +/- 0.03 % || Gn^0(l=0) ave= 6.231E-03 +/- 69.99 % Gn^0(l=1) ave= 8.276E-03 +/- 4.25 % Gn^0(l=2) ave= 0.000E+00 +/- 0.00 % Gn^0(l=3) ave= 0.000E+00 +/- 0.00 % || Gtotal(l=0) ave= 5.457E-01 +/- 13.08 % Gtotal(l=1) ave= 4.910E-01 +/- 22.37 % Gtotal(l=2) ave= 0.000E+00 +/- 0.00 % Gtotal(l=3) ave= 0.000E+00 +/- 0.00 %  % || Gg(l=0) ave= 4.882E-01 +/- 8.49 % Gg(l=1) ave= 4.910E-01 +/- 22.37 % Gg(l=2) ave= 0.000E+00 +/- 0.00 % Gg(l=3) ave= 0.000E+00 +/- 0.00 %  % || D(l=0) ave= 8.618E+01 +/- 0.00 % D(l=1) ave= 0.000E+00 +/- 0.00 % D(l=2) ave= 0.000E+00 +/- 0.00 % D(l=3) ave= 0.000E+00 +/- 0.00 %  % || S(l=0) ave= 1.652E-04 +/- 43.67 % S(l=1) ave= 8.276E-03 +/- 4.25 % S(l=2) ave= 0.000E+00 +/- 0.00 % S(l=3) ave= 0.000E+00 +/- 0.00 % 
 ... random file  3 Cap(th)  ave= 2.256E+01 b. +/- 15.42 % || Ela(th) ave= 4.316E+00 b. +/- 3.67 % || RIcap ave= 8.14E+01 b. +/- 5.01 % || Macs30 ave= 8.21E-02 b. +/- 0.03 % || Gn^0(l=0) ave= 6.976E-03 +/- 57.22 % Gn^0(l=1) ave= 8.223E-03 +/- 3.87 % Gn^0(l=2) ave= 0.000E+00 +/- 0.00 % Gn^0(l=3) ave= 0.000E+00 +/- 0.00 % || Gtotal(l=0) ave= 5.511E-01 +/- 11.34 % Gtotal(l=1) ave= 5.252E-01 +/- 21.34 % Gtotal(l=2) ave= 0.000E+00 +/- 0.00 % Gtotal(l=3) ave= 0.000E+00 +/- 0.00 %  % || Gg(l=0) ave= 4.866E-01 +/- 7.40 % Gg(l=1) ave= 5.252E-01 +/- 21.34 % Gg(l=2) ave= 0.000E+00 +/- 0.00 % Gg(l=3) ave= 0.000E+00 +/- 0.00 %  % || D(l=0) ave= 8.618E+01 +/- 0.00 % D(l=1) ave= 0.000E+00 +/- 0.00 % D(l=2) ave= 0.000E+00 +/- 0.00 % D(l=3) ave= 0.000E+00 +/- 0.00 %  % || S(l=0) ave= 1.773E-04 +/- 37.17 % S(l=1) ave= 8.223E-03 +/- 3.87 % S(l=2) ave= 0.000E+00 +/- 0.00 % S(l=3) ave= 0.000E+00 +/- 0.00 % 
 ... random file  4 Cap(th)  ave= 2.210E+01 b. +/- 14.70 % || Ela(th) ave= 4.162E+00 b. +/- 8.16 % || RIcap ave= 7.96E+01 b. +/- 6.61 % || Macs30 ave= 8.21E-02 b. +/- 0.04 % || Gn^0(l=0) ave= 5.593E-03 +/- 80.73 % Gn^0(l=1) ave= 8.592E-03 +/- 9.20 % Gn^0(l=2) ave= 0.000E+00 +/- 0.00 % Gn^0(l=3) ave= 0.000E+00 +/- 0.00 % || Gtotal(l=0) ave= 5.798E-01 +/- 13.82 % Gtotal(l=1) ave= 4.875E-01 +/- 25.74 % Gtotal(l=2) ave= 0.000E+00 +/- 0.00 % Gtotal(l=3) ave= 0.000E+00 +/- 0.00 %  % || Gg(l=0) ave= 5.282E-01 +/- 16.88 % Gg(l=1) ave= 4.875E-01 +/- 25.74 % Gg(l=2) ave= 0.000E+00 +/- 0.00 % Gg(l=3) ave= 0.000E+00 +/- 0.00 %  % || D(l=0) ave= 8.618E+01 +/- 0.00 % D(l=1) ave= 0.000E+00 +/- 0.00 % D(l=2) ave= 0.000E+00 +/- 0.00 % D(l=3) ave= 0.000E+00 +/- 0.00 %  % || S(l=0) ave= 1.545E-04 +/- 48.22 % S(l=1) ave= 8.592E-03 +/- 9.20 % S(l=2) ave= 0.000E+00 +/- 0.00 % S(l=3) ave= 0.000E+00 +/- 0.00 % 
 ... random file  5 Cap(th)  ave= 2.051E+01 b. +/- 22.53 % || Ela(th) ave= 4.160E+00 b. +/- 7.45 % || RIcap ave= 7.83E+01 b. +/- 7.09 % || Macs30 ave= 8.21E-02 b. +/- 0.04 % || Gn^0(l=0) ave= 6.215E-03 +/- 69.99 % Gn^0(l=1) ave= 8.579E-03 +/- 8.41 % Gn^0(l=2) ave= 0.000E+00 +/- 0.00 % Gn^0(l=3) ave= 0.000E+00 +/- 0.00 % || Gtotal(l=0) ave= 5.450E-01 +/- 19.58 % Gtotal(l=1) ave= 4.973E-01 +/- 23.45 % Gtotal(l=2) ave= 0.000E+00 +/- 0.00 % Gtotal(l=3) ave= 0.000E+00 +/- 0.00 %  % || Gg(l=0) ave= 4.876E-01 +/- 24.98 % Gg(l=1) ave= 4.973E-01 +/- 23.45 % Gg(l=2) ave= 0.000E+00 +/- 0.00 % Gg(l=3) ave= 0.000E+00 +/- 0.00 %  % || D(l=0) ave= 8.618E+01 +/- 0.00 % D(l=1) ave= 0.000E+00 +/- 0.00 % D(l=2) ave= 0.000E+00 +/- 0.00 % D(l=3) ave= 0.000E+00 +/- 0.00 %  % || S(l=0) ave= 1.648E-04 +/- 43.57 % S(l=1) ave= 8.579E-03 +/- 8.41 % S(l=2) ave= 0.000E+00 +/- 0.00 % S(l=3) ave= 0.000E+00 +/- 0.00 % 
 ... random file  6 Cap(th)  ave= 1.948E+01 b. +/- 25.47 % || Ela(th) ave= 4.243E+00 b. +/- 8.30 % || RIcap ave= 7.77E+01 b. +/- 6.88 % || Macs30 ave= 8.21E-02 b. +/- 0.04 % || Gn^0(l=0) ave= 6.659E-03 +/- 62.65 % Gn^0(l=1) ave= 8.417E-03 +/- 9.23 % Gn^0(l=2) ave= 0.000E+00 +/- 0.00 % Gn^0(l=3) ave= 0.000E+00 +/- 0.00 % || Gtotal(l=0) ave= 5.252E-01 +/- 20.96 % Gtotal(l=1) ave= 4.791E-01 +/- 24.37 % Gtotal(l=2) ave= 0.000E+00 +/- 0.00 % Gtotal(l=3) ave= 0.000E+00 +/- 0.00 %  % || Gg(l=0) ave= 4.637E-01 +/- 27.42 % Gg(l=1) ave= 4.791E-01 +/- 24.37 % Gg(l=2) ave= 0.000E+00 +/- 0.00 % Gg(l=3) ave= 0.000E+00 +/- 0.00 %  % || D(l=0) ave= 8.618E+01 +/- 0.00 % D(l=1) ave= 0.000E+00 +/- 0.00 % D(l=2) ave= 0.000E+00 +/- 0.00 % D(l=3) ave= 0.000E+00 +/- 0.00 %  % || S(l=0) ave= 1.722E-04 +/- 40.01 % S(l=1) ave= 8.417E-03 +/- 9.23 % S(l=2) ave= 0.000E+00 +/- 0.00 % S(l=3) ave= 0.000E+00 +/- 0.00 % 
 ... Histogram plot for thermal (n,g)
 ... Write covariances  ... MT1  ... plot correlations
 ... MT2  ... MT102 


 ================================================
 ============== From 6 random values === start ======
 Thermal (n,tot) xs  0 K =  23.7279 b. +/- 4.94791 b. ( 20.8528 %) skew= +0.24 +/- 0.79
 Thermal (n,el) xs   0 K =  4.24341 b. +/- 0.352386 b. ( 8.30431 %) skew= -0.69 +/- 0.79
 Thermal (n,g) xs    0 K =  19.4844 b. +/- 4.96234 b. ( 25.4682 %) skew= +0.14 +/- 0.79
 RI      (n,g)       0 K =  77.7085 b. +/- 5.34663 b. ( 6.88037 %) 
 MACS    (n,g)       0 K (at Emacs= 30000 eV) =  0.0820519 b. +/- 3.19929e-05 b. ( 0.0389911 %) 
 Ave. Gtotal  L=0        =  5.252E-01 +/- 20.96 %
 Ave. Gn^(0)  L=0        =  6.659E-03 +/- 62.65 %
 Ave. Gg      L=0        =  4.637E-01 +/- 27.42 %
 Ave. D       L=0        =  8.618E+01 +/- 0.00 %
 Ave. S       L=0        =  1.722E-04 +/- 40.01 %
 Ave. Gtotal  L=1        =  4.791E-01 +/- 24.37 %
 Ave. Gg      L=1        =  4.791E-01 +/- 24.37 %
 Ave. S       L=1        =  8.417E-03 +/- 9.23 %

 Expected Thermal (n,g) (syst or meas)= 16.5491 b. +/- 11.5844 b. nominal: 19.5156 b.
 ratio Calculated/expected thermal (n,g): 1.18 ratio DCalculated/Dexpected: 0.43 ratio Calculated/Nominal: 1.00
 ============== From 6 random values ===== stop ======
 ================================================
 ... Calculation of (n,a) and (n,p) cross sections at 300 K
 ... thermal (n,a) cross section is 0.0219182 +/- 0.0109591 b.
 ... thermal (n,a) cross section is 0.0165377 b. (random case 1)
 ... thermal (n,a) cross section is 0.0234885 b. (random case 2)
 ... thermal (n,a) cross section is 0.044968 b. (random case 3)
 ... thermal (n,a) cross section is 0.0123472 b. (random case 4)
 ... thermal (n,a) cross section is 0.0224137 b. (random case 5)
 ... thermal (n,a) cross section is 0.0186463 b. (random case 6)
 ... thermal (n,p) cross section is 0.0219182 +/- 0.0109591 b.
 ... thermal (n,p) cross section is 0.0195978 b. (random case 1)
 ... thermal (n,p) cross section is 0.0217402 b. (random case 2)
 ... thermal (n,p) cross section is 0.0212529 b. (random case 3)
 ... thermal (n,p) cross section is 0.00296815 b. (random case 4)
 ... thermal (n,p) cross section is 0.0463086 b. (random case 5)
 ... thermal (n,p) cross section is 0.0183964 b. (random case 6)
 ... Rewrite index for MF2
 ... Write text for MF1 in file mf1.tares.txt
 ... plotting cross sections for the MF1
 ... order output files


================== summary ==================
 Thermal (n,tot) xs = 23.6014 b. 
 Thermal (n,el)  xs = 4.04195 b. 
 Thermal (n,g)   xs = 19.5156 b. (meas/sys: 16.5491 b.)
 Thermal (n,a)   xs = 0.0219182 b. 
 Thermal (n,p)   xs = 0.0219182 b. 
 At 300 K (thermal adjustment): (n,el) = 4.06985 b., (n,g) = 19.5279 b.

 RI      (n,g)      = 77.8353 b. (meas or sys: - b.)
 RI      (n,el)     = 29.1801 b.
=============================================


 ... cleaning
                                                 
  -------------------------------------------------------------
  -                                                           -
  - TARES: successful end of run with data from hypothetical  -
  - resonances for  Z= 36,  A= 74 and isomer= 0               -
  - half-life: 11.500000 min. 
  -                                                           -
  -------------------------------------------------------------

   Running time:       5 seconds

 End time: Fri Oct  9 13:07:52 2026

