
  -------------------------------------------------------------
  -                                                           -
  -              Welcome to TARES version 1.8                 -
  -                                                           -
  -  (C) Copyright 2007-2025 D. Rochman, All Rights Reserved  -
  -           NRG, Petten, the Netherlands 2007-2014          -
  -           PSI, Villigen    Switzerland 2015-2025          -
  -         Nagra, Wettingen   Switzerland 2025-              -
  -           (Last Modified October 06, 2026)                -
  -           (Database from October 06, 2026)                -
  -                                                           -
  -------------------------------------------------------------


  ---------------------------------------------
   Compilation information:
   Compiled on:         Oct  7 2026, 09:32:19
   Compiled by:         koning
   Compiler version:    clang++ - 21.0.0
   Source location:     /Users/koning/tares-1.8/source/Module/
   Binaries location:   /Users/koning/bin
   System:              Darwin 25.6.0
   System version:      Darwin Kernel Version 25.6.0: Fri Jul 31 19:19:08 PDT 2026; root:xnu-12377.161.14~5/RELEASE_ARM64_T6050  
   Machine:             arm64 
  ---------------------------------------------

   User information:
   User name:           koning
   Running directory:   /Users/koning/tendl/resbase/Cf247/work
   Owner mode for running directory : rwx
   Group mode for running directory : r-x
  ---------------------------------------------


 Starting time: Wed Oct  7 10:36:17 2026
 ... inputs directory found (/Users/koning/tares-1.8/source/Module//../../inputs/).
 ... It will be used for resonance parameters 
 ... ###############################################
 ... #     read the input file tares.inp
 ... ###############################################
 ... line: #
 ... line: # Input file generated by Autorochman
          --> line not read
 ... line: #
 ... line: isotope    Cf
          --> Isotope name: Cf
 ... line: mass       247
          --> isotopic mass: 247
 ... line: output     n-Cf247
         ---> Name of the output files: n-Cf247
 ... line: isomer     0
          --> isomeric state: 0
 ... line: mf32mf33   y
          --> MF33 based on MF32: y
 ... line: nbrRandom  10
          --> Nbr of random files: 10
 ... ###############################################
 ... # end read the input file tares.inp
 ... ###############################################
Value for random generator type not considered in since Tares 1.7 due to compilation issues

 ... ###############################################
     #   Interpretation of the Input definition    #
     ###############################################

 ... Default energy limit: End of resonance region
 ... Nuclear charge    = 98
 ... Element           = Cf
 ... Mass              = 247
 ... Isomer            = 0
 ... Correlation for (Gn,Gg) not included in random files
 ... Default random option: No random
 ... Output name: n-Cf247
 ... Energy for the MACS: 30000 eV
 ... Resonances from CALENDF reduced (reduce=y) 
 ... For URR, level density model from TALYS selected: 91n3n12611.2850 (see manual for description)
 ... Random Generator: default (pseudo random numbers from ansi c++)
 ... Reconstruction of cross section selected
 ... Doppler broadening at 0 Kelvin
 ... URR not included (from the input file flag)
 ... Weight for grouping is flat
 ... Calculation of (n,alpha) cross section selected
 ... Number of digit for MF32c covariance representation: 2
 ... MF32 included
 ... MF33 will be used for covariance processing
 ... TENDL option set to yes (automatic choice of MF2 and format)
 ... Isotope not found in the best file --> use of MLBW formalism
 ... default option: Multi level Breit Wigner approximation selected
 ... (check file best.tendl.yes for changing this option)
 ... Retroactive option set to no with the 2025 option
 ... ladder option set to yes (CALENDF will be used for statistical resonances)

 ... ###############################################
     #           End of Input definition           #
     ###############################################

 ... gnuplot found, will be used for plotting
 ... latex found, will be used for plotting
 ... dvips found, will be used for plotting
 ... ps2epsi not found, limited plotting available
 ... uncertainties on default parameters multiplied by 1.56092
 ... Read resonance data from the 2025 directory
 ... Resonance parameters taken from /Users/koning/tares-1.8/source/Module//../../inputs/2025/Resonance/default/
 ---> Processing Z= 98 and A= 247 and isomer= 0 (level number: 0)
 Exfor path; Could not find /Users/koning/tares-1.8/source/Module//../../inputs/exfor/Cf247/xs/102
Thermal file; Could not open file /Users/koning/tares-1.8/source/Module//../../inputs/2025/runThermal/results//thermal.mxw.ng.cendl3.1
Thermal file; Could not open file /Users/koning/tares-1.8/source/Module//../../inputs/2025/runThermal/results//thermal.mxw.ng.brond3.1
Thermal file; Could not open file /Users/koning/tares-1.8/source/Module//../../inputs/2025/runThermal/results//thermal.xs.ng.unc.cendl3.1
 ... spin taken from the final/ directory (1)

 ... ###############################################
 ... #  Nucleus global parameters (2025 database)  #
 ... ###############################################
 0. Half-life: 3.11111 hours
 ... Scattering radius from TALYS: /Users/koning/tares-1.8/source/Module//../../inputs/2025/lib.urr/talys.urr/
 1. Spin of the target isotope: 3.5
 2. Relative Atomic Mass of the target isotope: 247.07
 3. Scattering radius (local compilation): 8.31618 fm +/- 0.17464 fm
      .......................................
      ... Thermal capture cross sections: ...
 4. Thermal (n,g) cross section from systematics: 77.98 +/- 38.99 b.
 5. Thermal (n,g) cross section from ENDF/B-VIII.1: 59.24 b.
 6. Thermal (n,g) cross section from ENDF/B-VIII.0: 59.46 b.
 7. Thermal (n,g) cross section from TENDL-2023: 7.026 b.
      .......................................
      ...  Thermal total cross sections:  ...
      .......................................
      ... Thermal elastic cross sections: ...
 8. Thermal (n,el) cross section from ENDF/B-VIII.1: 11.9 b.
 9. Thermal (n,el) cross section from ENDF/B-VIII.0: 11.9 b.
 10. Thermal (n,el) cross section from potential (4piR^2): 10.4514 +/- 0.522572 b.
      .......................................
             ... Resonance integral: ...
 11. No capture integral found in /Users/koning/tares-1.8/source/Module//../../inputs/capture.integral
 ... no RI(n,g) found in local compilation, take 2018 value.
 ... no RI(n,g) found in local compilation, take Sukhoruchkin value.
 12. Thermal (n,f) cross section from systematics: 298.649 +/- 238.919 b.
   ---- MACS 30 keV ----- 
 13. TALYS MACS 30 keV (HF): 3.10249 b. 
   ---------- S0 -------- 
 14. S0 from TALYS: 2.60807
   ---------- S1 -------- 
 15. S1 from TALYS: 2.08827
   ---------- S2 -------- 
 16. S2 from TALYS: 3.28776
   ---------- D0 -------- 
 17. D0 from TALYS: 0.452468 eV
   ---------- D1 -------- 
 18. D1 from TALYS: 0.231393 eV
   ---------- D2 -------- 
 19. D2 from TALYS: 0.16017 eV
   ---------- G0 -------- 
 20. Gg0 from TALYS: 0.0317798 eV
   ---------- G1 -------- 
 21. Gg1 from TALYS: 0.0322891 eV
   ---------- G2 -------- 
 22. Gg2 from TALYS: 0.0328069 eV


   ---------------------- 
 ... Read resonance parameters (format: 2: Multi Level Breit Wigner)
 ... 0 resonances found 
 ... possibly no resonances in the Resonance directory for this isotope and options
 ... Use HFR (ladder) behavior 
 --> 23. Number of resonances from the input file: 2 up to 0.226234 eV
 24. Read nuclear quantities (mass, MAT...)
 25. Read thermal (n,g) xs 
 26. Read the scattering radius 
 27. Read uncertainty on Gg for 2 resonances
 28. Read uncertainty on Gg for 2 resonances ... done
 29. Read uncertainty on Gf1
 30. Read uncertainty on Gf2
 ... order resonances 
 ... Upper limit for the RRR: 0.226234 eV (no statistical resonances HFR) from the limit.RRR file
 ... Write parameters for l=0 waves
 ... End writing original MF2 
 ... No RRR in the database: uncertainties on default parameters multiplied by 1.99753
 ... Enter in urr function (ladder option set to y) for file n-Cf247
 ... read the file /Users/koning/tares-1.8/source/Module//../../inputs/2025/list.jcs.urr to find URR origin
 Default URR taken from TALYS calculations with level density model: 91n3n12611.2850
 File considered for the URR: /Users/koning/tares-1.8/source/Module//../../inputs/2025/lib.urr/talys.urr/91n3n12611.2850/Cf/urr/urr.dat.Cf.247.000.0.gz
 ... Write URR using TALYS average parameters (used for HFR)
 ... Limit of URR changed to 25 keV (recommendation from WPEC and JEFF)
 ... ---> Emax(RRR) taken from the file limit.ladder: 100 eV <---
 ... (File limit.ladder: /Users/koning/tares-1.8/source/Module//../../inputs/2025/limit.ladder.91n3n12611.2850)
 ... read D0, S0, Gn and Gg
 ... number of URR energies: 1128
 Number of l: 1128 and last energy: 12
 Last  URR energy: 100 eV
 ... Enter in to_MLBW_mf2 function
 ... Convert to Multi Level Breit Wigner (MLBW)
 ... Write parameter covariances (MF32) for l=0
 ... Convert parameter covariances (MF32) to MLBW
 ... copy the mf2 and mf32 to .mlbw files
 ... Enter in urr_correct function case 1
 Modify the higher limit of RRR in MF2
 --> old value: 2.273650-1 eV new value: 1.000000-2 eV
 Modify resonance covariances (MF32) to include correlations in the URR
 End Modify resonance covariances (MF32) to include correlations in the URR
 ... Enter in calendf_xs function
 Use CALENDF for statistical resonances (update MF2) up to 1.000000+2 eV (initial limit)
 Extract resonances from CALENDF for RRR->URR 2
 702 statistical resonances found
 After reduction, 619 statistical resonances found
 ... checking resonance order 1
 ... checking resonance order 2nd round for 617 resonances
 ... end checking resonance order 2nd round
 Too many resonances (617): reduced to 100.
 .......................................................
 ... Adjustment to the thermal cross section : start ...
 .......................................................
 --> Systematics thermal (n,g) xs   77.98 b.
 --> Systematics thermal (n,f) xs   298.649 b.
 ... Prior values:
 ... Import MF2 from TARES calculations
 ... End energy of TARES MF2 : 1.975437E+1 eV and limit to 40000 resonances
 ... File used for reconstruction: new.temp22.reconst
 ... run RECENT ...
 ... Doppler broadened at a unique temperature: 300 Kelvin using sigma1
 ... run SIGMA1 at 3.000000E+02 K.

 ============== INTER values at 300 Kelvin ==============
 Thermal (n,g) xs =  94.6651 b. (meas/sys: 77.98 b.) (warning: comparison to be done at 296 or 300 K)
 Th Maxw (n,g) xs =  98.302 b. (thermal Maxwellian value)
 Westcott factor  =  1.03842
 RI      (n,g)    =  2598.54 b. (meas or sys: - b.)
 MACS 3.000e+04 eV=  3.2623 b. (meas or sys: - b.) from 1.00E+00 to 2.00E+07 eV (end of RRR) at T= 300 Kelvin 
 Thermal (n,el) xs=  4.89522 b.
 RI      (n,el)   =  149.409 b.
 Thermal (n,f) xs =  0.00386436 b. (meas/sys: 298.649 +/- 238.919 b.)
 RI      (n,f) xs =  0.067075 b. 
 ============= PSYCHE values ==============
 Ave. G_total L0  =  0.0322366 eV
 Ave. G_total L1  =  0.0311741 eV
 Ave. Gn_0    L0  =  0.000298087
 Ave. Gn_0    L1  =  0.000357651
 Ave. Gg      L0  =  0.0313823 eV
 Ave. Gg      L1  =  0.0311735 eV
 Ave. D       L0  =  0.459404 eV
 Ave. D       L1  =  0.519852 eV
 Ave. S       L0  =  0.000320086 eV
 Ave. S       L1  =  0.000115098 eV
 =========================================
 ... tolerances: thermal (n,g) 20 %, thermal (n,f) 20 % (reference uncertainties, minimum 2%, maximum 20%)
 Calculated thermal (n,g)=          94.6651215 b. and measured/system= 77.98 b. (C/E= 1.21397)
 Calculated thermal (n,f)=          .003864359 b. and measured/system= 298.649 b. (C/E= 1.29395e-05)
 Warning: first correction of Gg/Gf limited to a factor 10 (C/E too far from 1)
 ... Import MF2 from TARES calculations
 ... End energy of TARES MF2 : 1.975437E+1 eV and limit to 40000 resonances
 ... File used for reconstruction: new.temp22.reconst
 ... run RECENT ...
 ... Doppler broadened at a unique temperature: 300 Kelvin using sigma1
 ... run SIGMA1 at 3.000000E+02 K.

 ============== INTER values at 300 Kelvin ==============
 Thermal (n,g) xs =  92.0188 b. (meas/sys: 77.98 b.) (warning: comparison to be done at 296 or 300 K)
 Th Maxw (n,g) xs =  95.552 b. (thermal Maxwellian value)
 Westcott factor  =  1.03839
 RI      (n,g)    =  2596.73 b. (meas or sys: - b.)
 MACS 3.000e+04 eV=  3.2623 b. (meas or sys: - b.) from 1.00E+00 to 2.00E+07 eV (end of RRR) at T= 300 Kelvin 
 Thermal (n,el) xs=  4.89518 b.
 RI      (n,el)   =  152.404 b.
 Thermal (n,f) xs =  0.0386449 b. (meas/sys: 298.649 +/- 238.919 b.)
 RI      (n,f) xs =  0.689621 b. 
 ============= PSYCHE values ==============
 Ave. G_total L0  =  0.0313639 eV
 Ave. G_total L1  =  0.0303068 eV
 Ave. Gn_0    L0  =  0.000298087
 Ave. Gn_0    L1  =  0.000357651
 Ave. Gg      L0  =  0.0305042 eV
 Ave. Gg      L1  =  0.0303012 eV
 Ave. D       L0  =  0.459404 eV
 Ave. D       L1  =  0.519852 eV
 Ave. S       L0  =  0.000320086 eV
 Ave. S       L1  =  0.000115098 eV
 =========================================
 ... iteration 0: C/E thermal (n,g)= 1.18003  C/E thermal (n,f)= 0.000129399
 Warning: 100 Gg/Gf values limited to a change of a factor 10 from their starting values
 ... Posterior values (iteration 1):
 ... Import MF2 from TARES calculations
 ... End energy of TARES MF2 : 1.975437E+1 eV and limit to 40000 resonances
 ... File used for reconstruction: new.temp22.reconst
 ... run RECENT ...
 ... Doppler broadened at a unique temperature: 300 Kelvin using sigma1
 ... run SIGMA1 at 3.000000E+02 K.

 ============== INTER values at 300 Kelvin ==============
 Thermal (n,g) xs =  92.0164 b. (meas/sys: 77.98 b.) (warning: comparison to be done at 296 or 300 K)
 Th Maxw (n,g) xs =  95.549 b. (thermal Maxwellian value)
 Westcott factor  =  1.03839
 RI      (n,g)    =  2596.85 b. (meas or sys: - b.)
 MACS 3.000e+04 eV=  3.2623 b. (meas or sys: - b.) from 1.00E+00 to 2.00E+07 eV (end of RRR) at T= 300 Kelvin 
 Thermal (n,el) xs=  4.89518 b.
 RI      (n,el)   =  152.407 b.
 Thermal (n,f) xs =  0.0386449 b. (meas/sys: 298.649 +/- 238.919 b.)
 RI      (n,f) xs =  0.689638 b. 
 ============= PSYCHE values ==============
 Ave. G_total L0  =  0.0313631 eV
 Ave. G_total L1  =  0.030306 eV
 Ave. Gn_0    L0  =  0.000298087
 Ave. Gn_0    L1  =  0.000357651
 Ave. Gg      L0  =  0.0305034 eV
 Ave. Gg      L1  =  0.0303004 eV
 Ave. D       L0  =  0.459404 eV
 Ave. D       L1  =  0.519852 eV
 Ave. S       L0  =  0.000320086 eV
 Ave. S       L1  =  0.000115098 eV
 =========================================

 ... iteration 1: C/E thermal (n,g)= 1.18  C/E thermal (n,f)= 0.000129399
 Warning: no further change possible (widths at the limit of a factor 10): adjustment stopped
 Adjusted thermal (n,f) xs            .038644923 b. (ratio for Gf= 0.000157804 )

 ... ratio C/E thermal (n,g): 1.180000E+00
 ... ratio C/E thermal (n,f): 1.293990E-04
 ...................................................... 
 ... Adjustment to the thermal cross section : stop ...
 ...................................................... 
 ... new MF2 file after adjustment: n-Cf247
 ... read the file /Users/koning/tares-1.8/source/Module//../../inputs/2025/list.jcs.urr to find URR origin
 Default URR taken from TALYS calculations with level density model: 91n3n12611.2850
 File considered for the URR: /Users/koning/tares-1.8/source/Module//../../inputs/2025/lib.urr/talys.urr/91n3n12611.2850/Cf/urr/urr.dat.Cf.247.000.0.gz
 ... Write URR using TALYS average parameters (not used for HFR)
 ... Limit of URR changed to 25 keV (recommendation from WPEC and JEFF)
 ... read D0, S0, Gn and Gg
 ... number of URR energies: 1656
 Number of l: 1656 and last energy: 12
 Last  URR energy: 54450 eV
 Energies in the URR : 1656 -> reduced by a factor 2
 Energies in the URR : 888 -> reduced by a factor 2
 Energies in the URR : 528 -> reduced by a factor 2
 ... Enter in urr_correct function case 2
 Modify the higher limit of RRR in MF2
 --> old value: 1.975437+1 eV new value: 1.975437+1 eV
 Modify resonance covariances (MF32) to include correlations in the URR
 End Modify resonance covariances (MF32) to include correlations in the URR
 ... Enter in update_MF32 function
 ... Change uncertainties
 ... for the HFR, random position of the positive resonances with 0.020000 %
 ... end of update MF32 function
 ... GLS calculation of the parameter correlations from the thermal/RI adjustment (MF32c)
 ... MF32: correlations from the thermal/RI adjustment (GLS) for 9 resonances (27 widths), 9 correlation lines
 ...   thermal (n,g): uncertainty from these widths 30.197 b. -> 23.8742 b. (reference: 77.98 +/- 38.99 b.)
 ...   thermal (n,f): uncertainty from these widths 0.0167428 b. -> 0.0167428 b. (reference: 298.649 +/- 238.919 b.)
 ... copy the mf2 and mf32 to .mlbw files

 ... Start of final reconstruction and testing ...
 ... Reconstruction of cross sections at 0 Kelvin  ... Import MF2 from TARES calculations
 ... End energy of TARES MF2 : 1.975437E+1 eV and limit to 40000 resonances
 ... File used for reconstruction: n-Cf247.reconst
 ... run RECENT ...
 ... Doppler broadened at a unique temperature: 0 Kelvin using sigma1
 ... The keyword temperature is zero, no Doppler broadening for the MACS

 ============== INTER values at 0 Kelvin ==============
 Thermal (n,g) xs =  91.9411 b. (meas/sys: 77.98 b.) (warning: comparison to be done at 296 or 300 K)
 Th Maxw (n,g) xs =  94.939 b. (thermal Maxwellian value)
 Westcott factor  =  1.0326
 RI      (n,g)    =  2617.02 b. (meas or sys: - b.)
 MACS 3.000e+04 eV=  3.2431 b. (meas or sys: - b.) from 1.00E+00 to 1.98E+01 eV (end of RRR) at T= 0 Kelvin 
 Thermal (n,el) xs=  4.88572 b.
 RI      (n,el)   =  152.574 b.
 Thermal (n,f) xs =  0.0386098 b. (meas/sys: 298.649 +/- 238.919 b.)
 RI      (n,f) xs =  0.702316 b. 
 ============= PSYCHE values ==============
 Ave. G_total L0  =  0.0313631 eV
 Ave. G_total L1  =  0.030306 eV
 Ave. Gn_0    L0  =  0.000298087
 Ave. Gn_0    L1  =  0.000357651
 Ave. Gg      L0  =  0.0305034 eV
 Ave. Gg      L1  =  0.0303004 eV
 Ave. D       L0  =  0.459404 eV
 Ave. D       L1  =  0.519852 eV
 Ave. S       L0  =  0.000320086 eV
 Ave. S       L1  =  0.000115098 eV
 =========================================
 ... End of final reconstruction and testing ...

 ... grouping is not optimum, change to 70 groups
 ... Produce MF33 based on MF32 and 10 random files
 ... run endsam for 10 in groups of 1 global run
 ... run endsam from 1 to 10
 ... reorder resonance position after endsam (sampling)
 ... preparing the vectors  ... done
 ... nominal file 0 Cap(th)  ave= 9.194E+01 b. +/- 0.00 % || Ela(th) ave= 4.886E+00 b. +/- 0.00 % || RIcap ave= 2.23E+03 b. +/- 0.00 % || Macs30 ave= 3.66E+02 b. +/- 0.00 % || Gn^0(l=0) ave= 2.981E-04 +/- 0.00 % Gn^0(l=1) ave= 3.577E-04 +/- 0.00 % Gn^0(l=2) ave= 0.000E+00 +/- 0.00 % Gn^0(l=3) ave= 0.000E+00 +/- 0.00 % || Gtotal(l=0) ave= 3.136E-02 +/- 0.00 % Gtotal(l=1) ave= 3.031E-02 +/- 0.00 % Gtotal(l=2) ave= 0.000E+00 +/- 0.00 % Gtotal(l=3) ave= 0.000E+00 +/- 0.00 %  % || Gg(l=0) ave= 3.050E-02 +/- 0.00 % Gg(l=1) ave= 3.030E-02 +/- 0.00 % Gg(l=2) ave= 0.000E+00 +/- 0.00 % Gg(l=3) ave= 0.000E+00 +/- 0.00 %  % || D(l=0) ave= 4.594E-01 +/- 0.00 % D(l=1) ave= 5.199E-01 +/- 0.00 % D(l=2) ave= 0.000E+00 +/- 0.00 % D(l=3) ave= 0.000E+00 +/- 0.00 %  % || S(l=0) ave= 3.201E-04 +/- 0.00 % S(l=1) ave= 1.151E-04 +/- 0.00 % S(l=2) ave= 0.000E+00 +/- 0.00 % S(l=3) ave= 0.000E+00 +/- 0.00 %  % || Fis(th) ave= 3.861E-02 b. +/- 0.00 %
 ... random file  1 Cap(th)  ave= 9.789E+01 b. +/- 6.08 % || Ela(th) ave= 4.774E+00 b. +/- 2.33 % || RIcap ave= 2.25E+03 b. +/- 0.82 % || Macs30 ave= 3.73E+02 b. +/- 1.85 % || Gn^0(l=0) ave= 2.983E-04 +/- 0.09 % Gn^0(l=1) ave= 3.645E-04 +/- 1.87 % Gn^0(l=2) ave= 0.000E+00 +/- 0.00 % Gn^0(l=3) ave= 0.000E+00 +/- 0.00 % || Gtotal(l=0) ave= 3.136E-02 +/- 0.01 % Gtotal(l=1) ave= 3.031E-02 +/- 0.00 % Gtotal(l=2) ave= 0.000E+00 +/- 0.00 % Gtotal(l=3) ave= 0.000E+00 +/- 0.00 %  % || Gg(l=0) ave= 3.065E-02 +/- 0.48 % Gg(l=1) ave= 2.998E-02 +/- 1.05 % Gg(l=2) ave= 0.000E+00 +/- 0.00 % Gg(l=3) ave= 0.000E+00 +/- 0.00 %  % || D(l=0) ave= 4.649E-01 +/- 1.18 % D(l=1) ave= 5.199E-01 +/- 0.00 % D(l=2) ave= 0.000E+00 +/- 0.00 % D(l=3) ave= 0.000E+00 +/- 0.00 %  % || S(l=0) ave= 3.170E-04 +/- 0.98 % S(l=1) ave= 1.173E-04 +/- 1.87 % S(l=2) ave= 0.000E+00 +/- 0.00 % S(l=3) ave= 0.000E+00 +/- 0.00 %  % || Fis(th) ave= 3.361E-02 b. +/- 14.89 %
 ... random file  2 Cap(th)  ave= 9.023E+01 b. +/- 13.17 % || Ela(th) ave= 4.888E+00 b. +/- 3.78 % || RIcap ave= 2.22E+03 b. +/- 1.76 % || Macs30 ave= 3.86E+02 b. +/- 4.87 % || Gn^0(l=0) ave= 2.987E-04 +/- 0.20 % Gn^0(l=1) ave= 3.577E-04 +/- 3.10 % Gn^0(l=2) ave= 0.000E+00 +/- 0.00 % Gn^0(l=3) ave= 0.000E+00 +/- 0.00 % || Gtotal(l=0) ave= 3.136E-02 +/- 0.01 % Gtotal(l=1) ave= 3.031E-02 +/- 0.00 % Gtotal(l=2) ave= 0.000E+00 +/- 0.00 % Gtotal(l=3) ave= 0.000E+00 +/- 0.00 %  % || Gg(l=0) ave= 2.964E-02 +/- 4.85 % Gg(l=1) ave= 2.920E-02 +/- 3.92 % Gg(l=2) ave= 0.000E+00 +/- 0.00 % Gg(l=3) ave= 0.000E+00 +/- 0.00 %  % || D(l=0) ave= 4.631E-01 +/- 1.11 % D(l=1) ave= 5.199E-01 +/- 0.00 % D(l=2) ave= 0.000E+00 +/- 0.00 % D(l=3) ave= 0.000E+00 +/- 0.00 %  % || S(l=0) ave= 3.185E-04 +/- 1.06 % S(l=1) ave= 1.151E-04 +/- 3.11 % S(l=2) ave= 0.000E+00 +/- 0.00 % S(l=3) ave= 0.000E+00 +/- 0.00 %  % || Fis(th) ave= 2.636E-02 b. +/- 41.86 %
 ... random file  3 Cap(th)  ave= 9.471E+01 b. +/- 13.61 % || Ela(th) ave= 4.844E+00 b. +/- 3.67 % || RIcap ave= 2.23E+03 b. +/- 1.65 % || Macs30 ave= 4.10E+02 b. +/- 10.98 % || Gn^0(l=0) ave= 2.997E-04 +/- 0.61 % Gn^0(l=1) ave= 3.595E-04 +/- 2.81 % Gn^0(l=2) ave= 0.000E+00 +/- 0.00 % Gn^0(l=3) ave= 0.000E+00 +/- 0.00 % || Gtotal(l=0) ave= 3.136E-02 +/- 0.01 % Gtotal(l=1) ave= 3.031E-02 +/- 0.00 % Gtotal(l=2) ave= 0.000E+00 +/- 0.00 % Gtotal(l=3) ave= 0.000E+00 +/- 0.00 %  % || Gg(l=0) ave= 2.937E-02 +/- 4.52 % Gg(l=1) ave= 2.926E-02 +/- 3.41 % Gg(l=2) ave= 0.000E+00 +/- 0.00 % Gg(l=3) ave= 0.000E+00 +/- 0.00 %  % || D(l=0) ave= 4.649E-01 +/- 1.18 % D(l=1) ave= 5.199E-01 +/- 0.00 % D(l=2) ave= 0.000E+00 +/- 0.00 % D(l=3) ave= 0.000E+00 +/- 0.00 %  % || S(l=0) ave= 3.184E-04 +/- 0.92 % S(l=1) ave= 1.157E-04 +/- 2.82 % S(l=2) ave= 0.000E+00 +/- 0.00 % S(l=3) ave= 0.000E+00 +/- 0.00 %  % || Fis(th) ave= 2.714E-02 b. +/- 35.56 %
 ... random file  4 Cap(th)  ave= 9.817E+01 b. +/- 13.69 % || Ela(th) ave= 4.899E+00 b. +/- 3.95 % || RIcap ave= 2.19E+03 b. +/- 3.74 % || Macs30 ave= 4.03E+02 b. +/- 10.58 % || Gn^0(l=0) ave= 2.993E-04 +/- 0.61 % Gn^0(l=1) ave= 3.568E-04 +/- 2.96 % Gn^0(l=2) ave= 0.000E+00 +/- 0.00 % Gn^0(l=3) ave= 0.000E+00 +/- 0.00 % || Gtotal(l=0) ave= 3.136E-02 +/- 0.01 % Gtotal(l=1) ave= 3.031E-02 +/- 0.00 % Gtotal(l=2) ave= 0.000E+00 +/- 0.00 % Gtotal(l=3) ave= 0.000E+00 +/- 0.00 %  % || Gg(l=0) ave= 2.980E-02 +/- 4.91 % Gg(l=1) ave= 2.892E-02 +/- 3.90 % Gg(l=2) ave= 0.000E+00 +/- 0.00 % Gg(l=3) ave= 0.000E+00 +/- 0.00 %  % || D(l=0) ave= 4.638E-01 +/- 1.16 % D(l=1) ave= 5.199E-01 +/- 0.00 % D(l=2) ave= 0.000E+00 +/- 0.00 % D(l=3) ave= 0.000E+00 +/- 0.00 %  % || S(l=0) ave= 3.187E-04 +/- 0.84 % S(l=1) ave= 1.148E-04 +/- 2.96 % S(l=2) ave= 0.000E+00 +/- 0.00 % S(l=3) ave= 0.000E+00 +/- 0.00 %  % || Fis(th) ave= 2.935E-02 b. +/- 33.05 %
 ... random file  5 Cap(th)  ave= 1.019E+02 b. +/- 14.57 % || Ela(th) ave= 4.924E+00 b. +/- 3.76 % || RIcap ave= 2.19E+03 b. +/- 3.52 % || Macs30 ave= 3.90E+02 b. +/- 12.50 % || Gn^0(l=0) ave= 2.995E-04 +/- 0.56 % Gn^0(l=1) ave= 3.555E-04 +/- 2.83 % Gn^0(l=2) ave= 0.000E+00 +/- 0.00 % Gn^0(l=3) ave= 0.000E+00 +/- 0.00 % || Gtotal(l=0) ave= 3.136E-02 +/- 0.01 % Gtotal(l=1) ave= 3.031E-02 +/- 0.00 % Gtotal(l=2) ave= 0.000E+00 +/- 0.00 % Gtotal(l=3) ave= 0.000E+00 +/- 0.00 %  % || Gg(l=0) ave= 2.946E-02 +/- 5.20 % Gg(l=1) ave= 2.882E-02 +/- 3.65 % Gg(l=2) ave= 0.000E+00 +/- 0.00 % Gg(l=3) ave= 0.000E+00 +/- 0.00 %  % || D(l=0) ave= 4.649E-01 +/- 1.18 % D(l=1) ave= 5.199E-01 +/- 0.00 % D(l=2) ave= 0.000E+00 +/- 0.00 % D(l=3) ave= 0.000E+00 +/- 0.00 %  % || S(l=0) ave= 3.182E-04 +/- 0.85 % S(l=1) ave= 1.144E-04 +/- 2.83 % S(l=2) ave= 0.000E+00 +/- 0.00 % S(l=3) ave= 0.000E+00 +/- 0.00 %  % || Fis(th) ave= 3.055E-02 b. +/- 30.29 %
 ... random file  6 Cap(th)  ave= 9.602E+01 b. +/- 20.74 % || Ela(th) ave= 4.940E+00 b. +/- 3.56 % || RIcap ave= 2.22E+03 b. +/- 4.82 % || Macs30 ave= 3.85E+02 b. +/- 12.16 % || Gn^0(l=0) ave= 3.001E-04 +/- 0.72 % Gn^0(l=1) ave= 3.547E-04 +/- 2.68 % Gn^0(l=2) ave= 0.000E+00 +/- 0.00 % Gn^0(l=3) ave= 0.000E+00 +/- 0.00 % || Gtotal(l=0) ave= 3.136E-02 +/- 0.01 % Gtotal(l=1) ave= 3.031E-02 +/- 0.00 % Gtotal(l=2) ave= 0.000E+00 +/- 0.00 % Gtotal(l=3) ave= 0.000E+00 +/- 0.00 %  % || Gg(l=0) ave= 2.972E-02 +/- 5.21 % Gg(l=1) ave= 2.952E-02 +/- 6.67 % Gg(l=2) ave= 0.000E+00 +/- 0.00 % Gg(l=3) ave= 0.000E+00 +/- 0.00 %  % || D(l=0) ave= 4.657E-01 +/- 1.16 % D(l=1) ave= 5.199E-01 +/- 0.00 % D(l=2) ave= 0.000E+00 +/- 0.00 % D(l=3) ave= 0.000E+00 +/- 0.00 %  % || S(l=0) ave= 3.183E-04 +/- 0.79 % S(l=1) ave= 1.141E-04 +/- 2.68 % S(l=2) ave= 0.000E+00 +/- 0.00 % S(l=3) ave= 0.000E+00 +/- 0.00 %  % || Fis(th) ave= 3.046E-02 b. +/- 28.14 %
 ... random file  7 Cap(th)  ave= 9.463E+01 b. +/- 20.06 % || Ela(th) ave= 4.929E+00 b. +/- 3.39 % || RIcap ave= 2.22E+03 b. +/- 4.51 % || Macs30 ave= 3.82E+02 b. +/- 11.57 % || Gn^0(l=0) ave= 3.004E-04 +/- 0.71 % Gn^0(l=1) ave= 3.552E-04 +/- 2.53 % Gn^0(l=2) ave= 0.000E+00 +/- 0.00 % Gn^0(l=3) ave= 0.000E+00 +/- 0.00 % || Gtotal(l=0) ave= 3.136E-02 +/- 0.01 % Gtotal(l=1) ave= 3.031E-02 +/- 0.00 % Gtotal(l=2) ave= 0.000E+00 +/- 0.00 % Gtotal(l=3) ave= 0.000E+00 +/- 0.00 %  % || Gg(l=0) ave= 2.985E-02 +/- 5.00 % Gg(l=1) ave= 2.926E-02 +/- 6.71 % Gg(l=2) ave= 0.000E+00 +/- 0.00 % Gg(l=3) ave= 0.000E+00 +/- 0.00 %  % || D(l=0) ave= 4.662E-01 +/- 1.14 % D(l=1) ave= 5.199E-01 +/- 0.00 % D(l=2) ave= 0.000E+00 +/- 0.00 % D(l=3) ave= 0.000E+00 +/- 0.00 %  % || S(l=0) ave= 3.182E-04 +/- 0.74 % S(l=1) ave= 1.143E-04 +/- 2.53 % S(l=2) ave= 0.000E+00 +/- 0.00 % S(l=3) ave= 0.000E+00 +/- 0.00 %  % || Fis(th) ave= 3.048E-02 b. +/- 26.30 %
 ... random file  8 Cap(th)  ave= 9.265E+01 b. +/- 20.25 % || Ela(th) ave= 4.915E+00 b. +/- 3.31 % || RIcap ave= 2.22E+03 b. +/- 4.25 % || Macs30 ave= 3.83E+02 b. +/- 10.90 % || Gn^0(l=0) ave= 3.002E-04 +/- 0.69 % Gn^0(l=1) ave= 3.560E-04 +/- 2.47 % Gn^0(l=2) ave= 0.000E+00 +/- 0.00 % Gn^0(l=3) ave= 0.000E+00 +/- 0.00 % || Gtotal(l=0) ave= 3.136E-02 +/- 0.01 % Gtotal(l=1) ave= 3.031E-02 +/- 0.00 % Gtotal(l=2) ave= 0.000E+00 +/- 0.00 % Gtotal(l=3) ave= 0.000E+00 +/- 0.00 %  % || Gg(l=0) ave= 3.061E-02 +/- 8.40 % Gg(l=1) ave= 2.957E-02 +/- 6.94 % Gg(l=2) ave= 0.000E+00 +/- 0.00 % Gg(l=3) ave= 0.000E+00 +/- 0.00 %  % || D(l=0) ave= 4.655E-01 +/- 1.17 % D(l=1) ave= 5.199E-01 +/- 0.00 % D(l=2) ave= 0.000E+00 +/- 0.00 % D(l=3) ave= 0.000E+00 +/- 0.00 %  % || S(l=0) ave= 3.184E-04 +/- 0.74 % S(l=1) ave= 1.146E-04 +/- 2.47 % S(l=2) ave= 0.000E+00 +/- 0.00 % S(l=3) ave= 0.000E+00 +/- 0.00 %  % || Fis(th) ave= 3.268E-02 b. +/- 29.96 %
 ... random file  9 Cap(th)  ave= 9.791E+01 b. +/- 24.30 % || Ela(th) ave= 4.909E+00 b. +/- 3.16 % || RIcap ave= 2.21E+03 b. +/- 4.59 % || Macs30 ave= 3.86E+02 b. +/- 10.51 % || Gn^0(l=0) ave= 2.998E-04 +/- 0.74 % Gn^0(l=1) ave= 3.564E-04 +/- 2.37 % Gn^0(l=2) ave= 0.000E+00 +/- 0.00 % Gn^0(l=3) ave= 0.000E+00 +/- 0.00 % || Gtotal(l=0) ave= 3.136E-02 +/- 0.01 % Gtotal(l=1) ave= 3.031E-02 +/- 0.00 % Gtotal(l=2) ave= 0.000E+00 +/- 0.00 % Gtotal(l=3) ave= 0.000E+00 +/- 0.00 %  % || Gg(l=0) ave= 3.056E-02 +/- 8.00 % Gg(l=1) ave= 2.933E-02 +/- 7.09 % Gg(l=2) ave= 0.000E+00 +/- 0.00 % Gg(l=3) ave= 0.000E+00 +/- 0.00 %  % || D(l=0) ave= 4.649E-01 +/- 1.18 % D(l=1) ave= 5.199E-01 +/- 0.00 % D(l=2) ave= 0.000E+00 +/- 0.00 % D(l=3) ave= 0.000E+00 +/- 0.00 %  % || S(l=0) ave= 3.185E-04 +/- 0.70 % S(l=1) ave= 1.147E-04 +/- 2.37 % S(l=2) ave= 0.000E+00 +/- 0.00 % S(l=3) ave= 0.000E+00 +/- 0.00 %  % || Fis(th) ave= 3.291E-02 b. +/- 28.30 %
 ... random file  10 Cap(th)  ave= 9.422E+01 b. +/- 27.08 % || Ela(th) ave= 5.184E+00 b. +/- 16.98 % || RIcap ave= 2.22E+03 b. +/- 4.58 % || Macs30 ave= 3.79E+02 b. +/- 11.88 % || Gn^0(l=0) ave= 2.998E-04 +/- 0.71 % Gn^0(l=1) ave= 3.464E-04 +/- 9.47 % Gn^0(l=2) ave= 0.000E+00 +/- 0.00 % Gn^0(l=3) ave= 0.000E+00 +/- 0.00 % || Gtotal(l=0) ave= 3.136E-02 +/- 0.01 % Gtotal(l=1) ave= 3.031E-02 +/- 0.00 % Gtotal(l=2) ave= 0.000E+00 +/- 0.00 % Gtotal(l=3) ave= 0.000E+00 +/- 0.00 %  % || Gg(l=0) ave= 3.069E-02 +/- 7.71 % Gg(l=1) ave= 2.959E-02 +/- 7.26 % Gg(l=2) ave= 0.000E+00 +/- 0.00 % Gg(l=3) ave= 0.000E+00 +/- 0.00 %  % || D(l=0) ave= 4.654E-01 +/- 1.17 % D(l=1) ave= 5.199E-01 +/- 0.00 % D(l=2) ave= 0.000E+00 +/- 0.00 % D(l=3) ave= 0.000E+00 +/- 0.00 %  % || S(l=0) ave= 3.181E-04 +/- 0.75 % S(l=1) ave= 1.115E-04 +/- 9.47 % S(l=2) ave= 0.000E+00 +/- 0.00 % S(l=3) ave= 0.000E+00 +/- 0.00 %  % || Fis(th) ave= 3.273E-02 b. +/- 27.19 %
 ... Histogram plot for thermal (n,g)
 ... Write covariances  ... MT1  ... plot correlations
 ... MT2  ... MT18  ... MT102 


 ================================================
 ============== From 10 random values === start ======
 Thermal (n,tot) xs  0 K =  99.4321 b. +/- 25.113 b. ( 25.2564 %) skew= +0.38 +/- 0.66
 Thermal (n,el) xs   0 K =  5.18368 b. +/- 0.879971 b. ( 16.9758 %) skew= +2.70 +/- 0.66
 Thermal (n,f) xs    0 K = 0.0327324 b. +/- 0.00889934 b. ( 27.1882 %) skew= -0.44 +/- 0.66
 Thermal (n,g) xs    0 K =  94.2157 b. +/- 25.5179 b. ( 27.0846 %) skew= +0.32 +/- 0.66
 RI      (n,g)       0 K =  2216.59 b. +/- 101.513 b. ( 4.5797 %) 
 MACS    (n,g)       0 K (at Emacs= 30000 eV) =  378.603 b. +/- 44.9899 b. ( 11.8831 %) 
 Ave. Gtotal  L=0        =  3.136E-02 +/- 0.01 %
 Ave. Gn^(0)  L=0        =  2.998E-04 +/- 0.71 %
 Ave. Gg      L=0        =  3.069E-02 +/- 7.71 %
 Ave. D       L=0        =  4.654E-01 +/- 1.17 %
 Ave. S       L=0        =  3.181E-04 +/- 0.75 %
 Ave. Gtotal  L=1        =  3.031E-02 +/- 0.00 %
 Ave. Gg      L=1        =  2.959E-02 +/- 7.26 %
 Ave. D       L=1        =  5.199E-01 +/- 0.00 %
 Ave. S       L=1        =  1.115E-04 +/- 9.47 %

 Expected Thermal (n,g) (syst or meas)= 77.98 b. +/- 38.99 b. nominal: 91.9411 b.
 ratio Calculated/expected thermal (n,g): 1.21 ratio DCalculated/Dexpected: 0.65 ratio Calculated/Nominal: 1.02
 ============== From 10 random values ===== stop ======
 ================================================
 ... Calculation of (n,a) and (n,p) cross sections at 300 K
 ... thermal (n,a) cross section is 4.16932e-14 +/- 2.08466e-14 b.
 ... thermal (n,a) cross section is 0 b. (random case 1)
 ... thermal (n,a) cross section is 0 b. (random case 2)
 ... thermal (n,a) cross section is 0 b. (random case 3)
 ... thermal (n,a) cross section is 0 b. (random case 4)
 ... thermal (n,a) cross section is 0 b. (random case 5)
 ... thermal (n,a) cross section is 0 b. (random case 6)
 ... thermal (n,a) cross section is 0 b. (random case 7)
 ... thermal (n,a) cross section is 0 b. (random case 8)
 ... thermal (n,a) cross section is 0 b. (random case 9)
 ... thermal (n,a) cross section is 0 b. (random case 10)
 ... thermal (n,p) cross section is 4.16932e-14 +/- 2.08466e-14 b.
 ... thermal (n,p) cross section is 0 b. (random case 1)
 ... thermal (n,p) cross section is 0 b. (random case 2)
 ... thermal (n,p) cross section is 0 b. (random case 3)
 ... thermal (n,p) cross section is 0 b. (random case 4)
 ... thermal (n,p) cross section is 0 b. (random case 5)
 ... thermal (n,p) cross section is 0 b. (random case 6)
 ... thermal (n,p) cross section is 0 b. (random case 7)
 ... thermal (n,p) cross section is 0 b. (random case 8)
 ... thermal (n,p) cross section is 0 b. (random case 9)
 ... thermal (n,p) cross section is 0 b. (random case 10)
 ... Rewrite index for MF2
 ... Write text for MF1 in file mf1.tares.txt
 ... plotting cross sections for the MF1
 ... order output files

 ............................................................ 
 ...                                                      ... 
 ... MF2 format selection for the final file: n-Cf247.mf2.mlbw
 ... MF2 format : mlbw
 ... cross section values for the final mf2 file: START   ... 
 ... Import MF2 from TARES calculations
 ... End energy of TARES MF2 : 1.975437E+1 eV and limit to 40000 resonances
 ... File used for reconstruction: n-Cf247.mf2.reconst
 ... run RECENT ...
 ... Doppler broadened at a unique temperature: 0 Kelvin using sigma1
 ... The keyword temperature is zero, no Doppler broadening for the MACS

 ============== INTER values at 0 Kelvin ==============
 Thermal (n,g) xs =  91.9411 b. (meas/sys: 77.98 b.) (warning: comparison to be done at 296 or 300 K)
 Th Maxw (n,g) xs =  94.939 b. (thermal Maxwellian value)
 Westcott factor  =  1.0326
 RI      (n,g)    =  2617.02 b. (meas or sys: - b.)
 MACS 3.000e+04 eV=  3.2431 b. (meas or sys: - b.) from 1.00E+00 to 1.98E+01 eV (end of RRR) at T= 0 Kelvin 
 Thermal (n,el) xs=  4.88572 b.
 RI      (n,el)   =  152.574 b.
 Thermal (n,f) xs =  0.0386098 b. (meas/sys: 298.649 +/- 238.919 b.)
 RI      (n,f) xs =  0.702316 b. 
 ============= PSYCHE values ==============
 Ave. G_total L0  =  0.0313631 eV
 Ave. G_total L1  =  0.030306 eV
 Ave. Gn_0    L0  =  0.000298087
 Ave. Gn_0    L1  =  0.000357651
 Ave. Gg      L0  =  0.0305034 eV
 Ave. Gg      L1  =  0.0303004 eV
 Ave. D       L0  =  0.459404 eV
 Ave. D       L1  =  0.519852 eV
 Ave. S       L0  =  0.000320086 eV
 Ave. S       L1  =  0.000115098 eV
 =========================================
 ... cross section values for the final mf2 file: END     ... 
 ...                                                      ... 
 ............................................................ 


================== summary ==================
 Thermal (n,tot) xs = 96.8654 b. 
 Thermal (n,el)  xs = 4.88572 b. 
 Thermal (n,g)   xs = 91.9411 b. (meas/sys: 77.98 b.)
 Thermal (n,f)   xs = 0.0386098 b. (meas/sys: 298.649 +/- 238.919 b.)
 At 300 K (thermal adjustment): (n,el) = 4.89518 b., (n,g) = 92.0164 b., (n,f) = 0.0386449 b.

 RI      (n,g)      = 2617.02 b. (meas or sys: - b.)
 RI      (n,el)     = 152.574 b.
 RI      (n,f)      = 0.702316 b. 
=============================================


 ... cleaning
                                                 
  -------------------------------------------------------------
  -                                                           -
  - TARES: successful end of run with data from hypothetical  -
  - resonances for  Z= 98, A= 247 and isomer= 0               -
  - half-life: 3.111111 hours
  -                                                           -
  -------------------------------------------------------------

   Running time:       24 seconds

 End time: Wed Oct  7 10:36:41 2026

