
  -------------------------------------------------------------
  -                                                           -
  -              Welcome to TARES version 1.8                 -
  -                                                           -
  -  (C) Copyright 2007-2025 D. Rochman, All Rights Reserved  -
  -           NRG, Petten, the Netherlands 2007-2014          -
  -           PSI, Villigen    Switzerland 2015-2025          -
  -         Nagra, Wettingen   Switzerland 2025-              -
  -           (Last Modified October 06, 2026)                -
  -           (Database from October 06, 2026)                -
  -                                                           -
  -------------------------------------------------------------


  ---------------------------------------------
   Compilation information:
   Compiled on:         Oct  8 2026, 18:36:06
   Compiled by:         koning
   Compiler version:    clang++ - 21.0.0
   Source location:     /Users/koning/tares-1.8/source/Module/
   Binaries location:   /Users/koning/bin
   System:              Darwin 25.6.0
   System version:      Darwin Kernel Version 25.6.0: Fri Jul 31 19:19:08 PDT 2026; root:xnu-12377.161.14~5/RELEASE_ARM64_T6050  
   Machine:             arm64 
  ---------------------------------------------

   User information:
   User name:           koning
   Running directory:   /Users/koning/tendl/resbase/Sm138/work
   Owner mode for running directory : rwx
   Group mode for running directory : r-x
  ---------------------------------------------


 Starting time: Fri Oct  9 11:21:35 2026
 ... inputs directory found (/Users/koning/tares-1.8/source/Module//../../inputs/).
 ... It will be used for resonance parameters 
 ... ###############################################
 ... #     read the input file tares.inp
 ... ###############################################
 ... line: #
 ... line: # Input file generated by Autorochman
          --> line not read
 ... line: #
 ... line: isotope    Sm
          --> Isotope name: Sm
 ... line: mass       138
          --> isotopic mass: 138
 ... line: output     n-Sm138
         ---> Name of the output files: n-Sm138
 ... line: isomer     0
          --> isomeric state: 0
 ... line: mf32mf33   y
          --> MF33 based on MF32: y
 ... line: nbrRandom  6
          --> Nbr of random files: 6
 ... ###############################################
 ... # end read the input file tares.inp
 ... ###############################################
Value for random generator type not considered in since Tares 1.7 due to compilation issues

 ... ###############################################
     #   Interpretation of the Input definition    #
     ###############################################

 ... Default energy limit: End of resonance region
 ... Nuclear charge    = 62
 ... Element           = Sm
 ... Mass              = 138
 ... Isomer            = 0
 ... Correlation for (Gn,Gg) not included in random files
 ... Default random option: No random
 ... Output name: n-Sm138
 ... Energy for the MACS: 30000 eV
 ... Resonances from CALENDF reduced (reduce=y) 
 ... For URR, level density model from TALYS selected: 91n3n12611.2850 (see manual for description)
 ... Random Generator: default (pseudo random numbers from ansi c++)
 ... Reconstruction of cross section selected
 ... Doppler broadening at 0 Kelvin
 ... URR not included (from the input file flag)
 ... Weight for grouping is flat
 ... Calculation of (n,alpha) cross section selected
 ... Number of digit for MF32c covariance representation: 2
 ... MF32 included
 ... MF33 will be used for covariance processing
 ... TENDL option set to yes (automatic choice of MF2 and format)
 ... Isotope not found in the best file --> use of MLBW formalism
 ... default option: Multi level Breit Wigner approximation selected
 ... (check file best.tendl.yes for changing this option)
 ... Retroactive option set to no with the 2025 option
 ... ladder option set to yes (CALENDF will be used for statistical resonances)

 ... ###############################################
     #           End of Input definition           #
     ###############################################

 ... gnuplot found, will be used for plotting
 ... latex found, will be used for plotting
 ... dvips found, will be used for plotting
 ... ps2epsi not found, limited plotting available
 ... uncertainties on default parameters multiplied by 1.0359
 ... Read resonance data from the 2025 directory
 ... Resonance parameters taken from /Users/koning/tares-1.8/source/Module//../../inputs/2025/Resonance/default/
 ---> Processing Z= 62 and A= 138 and isomer= 0 (level number: 0)
 Exfor path; Could not find /Users/koning/tares-1.8/source/Module//../../inputs/exfor/Sm138/xs/102
Thermal file; Could not open file /Users/koning/tares-1.8/source/Module//../../inputs/2025/runThermal/results//thermal.mxw.ng.cendl3.1
Thermal file; Could not open file /Users/koning/tares-1.8/source/Module//../../inputs/2025/runThermal/results//thermal.mxw.ng.brond3.1
Thermal file; Could not open file /Users/koning/tares-1.8/source/Module//../../inputs/2025/runThermal/results//thermal.xs.ng.unc.cendl3.1
 ... spin taken from the final/ directory (1)
 ... The spin found in level file ( 0 ) and the one in the urr file ( 5.5 ) differ

 ... ###############################################
 ... #  Nucleus global parameters (2025 database)  #
 ... ###############################################
 0. Half-life: 3.1 min. 
 ... Scattering radius from TALYS: /Users/koning/tares-1.8/source/Module//../../inputs/2025/lib.urr/talys.urr/
 1. Spin of the target isotope: 0
 2. Relative Atomic Mass of the target isotope: 137.923
 3. Scattering radius (local compilation): 6.86268 fm +/- 0.144116 fm
      .......................................
      ... Thermal capture cross sections: ...
 4. Thermal (n,g) cross section from systematics (TALYS, urr.dat): 62.7914 +/- 43.954 b.
 5. Thermal (n,g) cross section from compilation (Firestone-2022 average on element Sm): 5840 +/- 30 b.
 6. Thermal (n,g) cross section from compilation (Firestone-2022 final on element Sm): 5840 +/- 30 b.
 7. Thermal (n,g) cross section from TENDL-2023: 62.77 +/- 20.46 b.
      .......................................
      ...  Thermal total cross sections:  ...
      .......................................
      ... Thermal elastic cross sections: ...
 8. Thermal (n,el) cross section from potential (4piR^2): 8.62474 +/- 0.431237 b.
      .......................................
             ... Resonance integral: ...
 9. No capture integral found in /Users/koning/tares-1.8/source/Module//../../inputs/capture.integral
 ... no RI(n,g) found in local compilation, take 2018 value.
 ... no RI(n,g) found in local compilation, take Sukhoruchkin value.
   ---- MACS 30 keV ----- 
 10. TALYS MACS 30 keV (HF): 2.25793 b. 
   ---------- S0 -------- 
 11. S0 from TALYS: 4.20279
   ---------- S1 -------- 
 12. S1 from TALYS: 0.678071
   ---------- S2 -------- 
 13. S2 from TALYS: 1.91074
   ---------- D0 -------- 
 14. D0 from TALYS: 4.72872 eV
   ---------- D1 -------- 
 15. D1 from TALYS: 1.61919 eV
   ---------- D2 -------- 
 16. D2 from TALYS: 1.02518 eV
   ---------- G0 -------- 
 17. Gg0 from TALYS: 0.108164 eV
   ---------- G1 -------- 
 18. Gg1 from TALYS: 0.109989 eV
   ---------- G2 -------- 
 19. Gg2 from TALYS: 0.106912 eV


   ---------------------- 
 ... Read resonance parameters (format: 2: Multi Level Breit Wigner)
 ... 0 resonances found 
 ... possibly no resonances in the Resonance directory for this isotope and options
 ... Use HFR (ladder) behavior 
 --> 21. Number of resonances from the input file: 2 up to 2.36436 eV
 22. Read nuclear quantities (mass, MAT...)
 23. Read thermal (n,g) xs 
 24. Read the scattering radius 
 25. Read uncertainty on Gg for 2 resonances
 26. Read uncertainty on Gg for 2 resonances ... done
 ... order resonances 
 ... Upper limit for the RRR: 2.36436 eV (no statistical resonances HFR) from the limit.RRR file
 ... Write parameters for l=0 waves
 ... End writing original MF2 
 ... No RRR in the database: uncertainties on default parameters multiplied by 1.99753
 ... Enter in urr function (ladder option set to y) for file n-Sm138
 ... read the file /Users/koning/tares-1.8/source/Module//../../inputs/2025/list.jcs.urr to find URR origin
 Default URR taken from TALYS calculations with level density model: 91n3n12611.2850
 File considered for the URR: /Users/koning/tares-1.8/source/Module//../../inputs/2025/lib.urr/talys.urr/91n3n12611.2850/Sm/urr/urr.dat.Sm.138.000.0.gz
 ... Write URR using TALYS average parameters (used for HFR)
 ... Limit of URR changed to 25 keV (recommendation from WPEC and JEFF)
 ... Extract the Sn value from file ./urr.dat.Sm.138.0.0
 ... found Sn= 8.95377 MeV
 ... estimated number of resonances up to 208.427 eV:  44.0769 resonances
 ... This is a test here. The higher energy limit to include URR data for calendf is set to max Sn. 24/03/2016
 ... Use Sn to define the maximum energy for the URR: Sn= 8.95377 MeV --> last_energyURR= 208.427 eV
 ... read D0, S0, Gn and Gg
 ... number of URR energies: 690
 Number of l: 690 and last energy: 5
 Last  URR energy: 208.427 eV
 ... Enter in to_MLBW_mf2 function
 ... Convert to Multi Level Breit Wigner (MLBW)
 ... Write parameter covariances (MF32) for l=0
 ... Convert parameter covariances (MF32) to MLBW
 ... copy the mf2 and mf32 to .mlbw files
 ... Enter in urr_correct function case 1
 Modify the higher limit of RRR in MF2
 --> old value: 2.376182+0 eV new value: 1.000000-2 eV
 Modify resonance covariances (MF32) to include correlations in the URR
 End Modify resonance covariances (MF32) to include correlations in the URR
 ... Enter in calendf_xs function
 Use CALENDF for statistical resonances (update MF2) up to 2.084270+2 eV (initial limit)
 Extract resonances from CALENDF for RRR->URR 2
 213 statistical resonances found
 After reduction, 194 statistical resonances found
 ... checking resonance order 1
 ... checking resonance order 2nd round for 192 resonances
 ... end checking resonance order 2nd round
 Too many resonances (192): reduced to 100.
 .......................................................
 ... Adjustment to the thermal cross section : start ...
 .......................................................

 Before adjustment (adjustment to the thermal cross section set to y)
 ... Import MF2 from TARES calculations
 ... End energy of TARES MF2 : 1.205233E+2 eV and limit to 40000 resonances
 ... File used for reconstruction: new.temp22.reconst
 ... run RECENT ...
 ... Doppler broadened at a unique temperature: 300 Kelvin using sigma1
 ... run SIGMA1 at 3.000000E+02 K.

 ============== INTER values at 300 Kelvin ==============
 Thermal (n,g) xs =  193.407 b. (meas/sys: 62.7914 b.) (warning: comparison to be done at 296 or 300 K)
 Th Maxw (n,g) xs =  192.52 b. (thermal Maxwellian value)
 Westcott factor  =  0.99543
 RI      (n,g)    =  1666.47 b. (meas or sys: - b.)
 MACS 3.000e+04 eV=  2.236 b. (meas or sys: - b.) from 1.00E+00 to 2.00E+07 eV (end of RRR) at T= 300 Kelvin 
 Thermal (n,el) xs=  4.06358 b.
 RI      (n,el)   =  253.203 b.
 ============= PSYCHE values ==============
 Ave. G_total L0  =  0.123151 eV
 Ave. G_total L1  =  0.108872 eV
 Ave. G_total L2  =  0.105807 eV
 Ave. Gn_0    L0  =  0.00190465
 Ave. Gn_0    L1  =  0.000346759
 Ave. Gn_0    L2  =  0.0029893
 Ave. Gg      L0  =  0.108167 eV
 Ave. Gg      L1  =  0.108872 eV
 Ave. Gg      L2  =  0.105807 eV
 Ave. D       L0  =  4.63551 eV
 Ave. D       L1  =  2.07799 eV
 Ave. D       L2  =  40.1744 eV
 Ave. S       L0  =  0.000426685 eV
 Ave. S       L1  =  7.66446e-05 eV
 Ave. S       L2  =  5.0799e-05 eV
 =========================================
 Calculated capture integral   1666.47 b.
 Calculated thermal (n,g)=          193.407255 b. and recommended= 62.7914 b. (C/E= 3.08016)
 Calculated RI      (n,g)= 1666.47 b. (no reference value)
 ... tolerances: thermal (n,g) 20 % (reference uncertainties, minimum 2% and 5%, maximum 20%)
 Adjust the capture widths ...
 ... capture adjusted with Gn for 100 resonances (Gn<Gg) and with Gg for 0 resonances
 ... iteration 0: C/E thermal (n,g)= 3.08016

 <-------- After adjustment -------->
 ... Import MF2 from TARES calculations
 ... End energy of TARES MF2 : 1.205233E+2 eV and limit to 40000 resonances
 ... File used for reconstruction: new.temp22.reconst
 ... run RECENT ...
 ... Doppler broadened at a unique temperature: 300 Kelvin using sigma1
 ... run SIGMA1 at 3.000000E+02 K.

 ============== INTER values at 300 Kelvin ==============
 Thermal (n,g) xs =  74.0939 b. (meas/sys: 62.7914 b.) (warning: comparison to be done at 296 or 300 K)
 Th Maxw (n,g) xs =  73.755 b. (thermal Maxwellian value)
 Westcott factor  =  0.99543
 RI      (n,g)    =  785.456 b. (meas or sys: - b.)
 MACS 3.000e+04 eV=  2.2352 b. (meas or sys: - b.) from 1.00E+00 to 2.00E+07 eV (end of RRR) at T= 300 Kelvin 
 Thermal (n,el) xs=  5.17921 b.
 RI      (n,el)   =  65.4091 b.
 ============= PSYCHE values ==============
 Ave. G_total L0  =  0.113907 eV
 Ave. G_total L1  =  0.108872 eV
 Ave. G_total L2  =  0.105807 eV
 Ave. Gn_0    L0  =  0.000729666
 Ave. Gn_0    L1  =  0.000132843
 Ave. Gn_0    L2  =  0.00114519
 Ave. Gg      L0  =  0.108167 eV
 Ave. Gg      L1  =  0.108872 eV
 Ave. Gg      L2  =  0.105807 eV
 Ave. D       L0  =  4.63551 eV
 Ave. D       L1  =  2.07799 eV
 Ave. D       L2  =  40.1744 eV
 Ave. S       L0  =  0.000163462 eV
 Ave. S       L1  =  2.93624e-05 eV
 Ave. S       L2  =  1.94609e-05 eV
 =========================================
 ... iteration 1: C/E thermal (n,g)= 1.18


 ... ratio C/E thermal (n,g): 1.180001E+00
 ...................................................... 
 ... Adjustment to the thermal cross section : stop ...
 ...................................................... 
 ... new MF2 file after adjustment: n-Sm138
 ... read the file /Users/koning/tares-1.8/source/Module//../../inputs/2025/list.jcs.urr to find URR origin
 Default URR taken from TALYS calculations with level density model: 91n3n12611.2850
 File considered for the URR: /Users/koning/tares-1.8/source/Module//../../inputs/2025/lib.urr/talys.urr/91n3n12611.2850/Sm/urr/urr.dat.Sm.138.000.0.gz
 ... Write URR using TALYS average parameters (not used for HFR)
 ... Limit of URR changed to 25 keV (recommendation from WPEC and JEFF)
 Energy limit of the URR set to 156.68 eV
 ... read D0, S0, Gn and Gg
 ... number of URR energies: 15
 Number of l: 15 and last energy: 5
 Last  URR energy: 156.68 eV
 ... Enter in urr_correct function case 2
 Modify the higher limit of RRR in MF2
 --> old value: 1.205233+2 eV new value: 1.205233+2 eV
 Modify resonance covariances (MF32) to include correlations in the URR
 End Modify resonance covariances (MF32) to include correlations in the URR
 ... Enter in update_MF32 function
 ... Change uncertainties
 ... for the HFR, random position of the positive resonances with 0.020000 %
 ... end of update MF32 function
 ... GLS calculation of the parameter correlations from the thermal/RI adjustment (MF32c)
 ... MF32: correlations from the thermal/RI adjustment (GLS) for 5 resonances (9 widths), 6 correlation lines
 ...   thermal (n,g): uncertainty from these widths 15.1846 b. -> 14.3523 b. (reference: 62.7914 +/- 43.954 b.)
 ... copy the mf2 and mf32 to .mlbw files

 ... Start of final reconstruction and testing ...
 ... Reconstruction of cross sections at 0 Kelvin  ... Import MF2 from TARES calculations
 ... End energy of TARES MF2 : 1.205233E+2 eV and limit to 40000 resonances
 ... File used for reconstruction: n-Sm138.reconst
 ... run RECENT ...
 ... Doppler broadened at a unique temperature: 0 Kelvin using sigma1
 ... The keyword temperature is zero, no Doppler broadening for the MACS

 ============== INTER values at 0 Kelvin ==============
 Thermal (n,g) xs =  74.0721 b. (meas/sys: 62.7914 b.) (warning: comparison to be done at 296 or 300 K)
 Th Maxw (n,g) xs =  73.338 b. (thermal Maxwellian value)
 Westcott factor  =  0.99009
 RI      (n,g)    =  784.587 b. (meas or sys: - b.)
 MACS 3.000e+04 eV=  2.2221 b. (meas or sys: - b.) from 1.00E+00 to 1.21E+02 eV (end of RRR) at T= 0 Kelvin 
 Thermal (n,el) xs=  5.16038 b.
 RI      (n,el)   =  65.3337 b.
 ============= PSYCHE values ==============
 Ave. G_total L0  =  0.113907 eV
 Ave. G_total L1  =  0.108872 eV
 Ave. G_total L2  =  0.105807 eV
 Ave. Gn_0    L0  =  0.000729666
 Ave. Gn_0    L1  =  0.000132843
 Ave. Gn_0    L2  =  0.00114519
 Ave. Gg      L0  =  0.108167 eV
 Ave. Gg      L1  =  0.108872 eV
 Ave. Gg      L2  =  0.105807 eV
 Ave. D       L0  =  4.63551 eV
 Ave. D       L1  =  2.07799 eV
 Ave. D       L2  =  40.1744 eV
 Ave. S       L0  =  0.000163462 eV
 Ave. S       L1  =  2.93624e-05 eV
 Ave. S       L2  =  1.94609e-05 eV
 =========================================
 ... End of final reconstruction and testing ...

 ... grouping is not optimum, change to 70 groups
 ... Produce MF33 based on MF32 and 6 random files
 ... MF3 of n-Sm138.reconst (3 sections) added to the files for ENDSAM
 ... run endsam for 6 in groups of 1 global run
 ... run endsam from 1 to 6
 ... random files: total width GT set to Gn+Gg+Gf (600 resonances in 6 files)
 ... reorder resonance position after endsam (sampling)
 ... preparing the vectors  ... done
 ... nominal file 0 Cap(th)  ave= 7.407E+01 b. +/- 0.00 % || Ela(th) ave= 5.160E+00 b. +/- 0.00 % || RIcap ave= 7.85E+02 b. +/- 0.00 % || Macs30 ave= 2.22E+00 b. +/- 0.00 % || Gn^0(l=0) ave= 7.297E-04 +/- 0.00 % Gn^0(l=1) ave= 1.328E-04 +/- 0.00 % Gn^0(l=2) ave= 1.145E-03 +/- 0.00 % Gn^0(l=3) ave= 0.000E+00 +/- 0.00 % || Gtotal(l=0) ave= 1.139E-01 +/- 0.00 % Gtotal(l=1) ave= 1.089E-01 +/- 0.00 % Gtotal(l=2) ave= 1.058E-01 +/- 0.00 % Gtotal(l=3) ave= 0.000E+00 +/- 0.00 %  % || Gg(l=0) ave= 1.082E-01 +/- 0.00 % Gg(l=1) ave= 1.089E-01 +/- 0.00 % Gg(l=2) ave= 1.058E-01 +/- 0.00 % Gg(l=3) ave= 0.000E+00 +/- 0.00 %  % || D(l=0) ave= 4.636E+00 +/- 0.00 % D(l=1) ave= 2.078E+00 +/- 0.00 % D(l=2) ave= 4.017E+01 +/- 0.00 % D(l=3) ave= 0.000E+00 +/- 0.00 %  % || S(l=0) ave= 1.635E-04 +/- 0.00 % S(l=1) ave= 2.936E-05 +/- 0.00 % S(l=2) ave= 1.946E-05 +/- 0.00 % S(l=3) ave= 0.000E+00 +/- 0.00 % 
 ... random file  1 Cap(th)  ave= 6.892E+01 b. +/- 7.48 % || Ela(th) ave= 5.237E+00 b. +/- 1.47 % || RIcap ave= 7.77E+02 b. +/- 0.96 % || Macs30 ave= 2.22E+00 b. +/- 0.00 % || Gn^0(l=0) ave= 7.426E-04 +/- 1.74 % Gn^0(l=1) ave= 1.307E-04 +/- 1.63 % Gn^0(l=2) ave= 1.109E-03 +/- 3.28 % Gn^0(l=3) ave= 0.000E+00 +/- 0.00 % || Gtotal(l=0) ave= 1.134E-01 +/- 0.46 % Gtotal(l=1) ave= 1.139E-01 +/- 4.45 % Gtotal(l=2) ave= 8.628E-02 +/- 22.63 % Gtotal(l=3) ave= 0.000E+00 +/- 0.00 %  % || Gg(l=0) ave= 1.076E-01 +/- 0.57 % Gg(l=1) ave= 1.139E-01 +/- 4.45 % Gg(l=2) ave= 8.628E-02 +/- 22.63 % Gg(l=3) ave= 0.000E+00 +/- 0.00 %  % || D(l=0) ave= 4.728E+00 +/- 1.96 % D(l=1) ave= 2.078E+00 +/- 0.00 % D(l=2) ave= 4.017E+01 +/- 0.00 % D(l=3) ave= 0.000E+00 +/- 0.00 %  % || S(l=0) ave= 1.632E-04 +/- 0.14 % S(l=1) ave= 2.889E-05 +/- 1.63 % S(l=2) ave= 1.884E-05 +/- 3.28 % S(l=3) ave= 0.000E+00 +/- 0.00 % 
 ... random file  2 Cap(th)  ave= 7.441E+01 b. +/- 11.87 % || Ela(th) ave= 5.611E+00 b. +/- 9.48 % || RIcap ave= 7.76E+02 b. +/- 0.80 % || Macs30 ave= 2.22E+00 b. +/- 0.00 % || Gn^0(l=0) ave= 7.367E-04 +/- 1.83 % Gn^0(l=1) ave= 1.237E-04 +/- 8.10 % Gn^0(l=2) ave= 1.000E-03 +/- 15.68 % Gn^0(l=3) ave= 0.000E+00 +/- 0.00 % || Gtotal(l=0) ave= 1.110E-01 +/- 3.11 % Gtotal(l=1) ave= 1.133E-01 +/- 3.73 % Gtotal(l=2) ave= 8.547E-02 +/- 18.70 % Gtotal(l=3) ave= 0.000E+00 +/- 0.00 %  % || Gg(l=0) ave= 1.052E-01 +/- 3.23 % Gg(l=1) ave= 1.133E-01 +/- 3.73 % Gg(l=2) ave= 8.547E-02 +/- 18.70 % Gg(l=3) ave= 0.000E+00 +/- 0.00 %  % || D(l=0) ave= 4.697E+00 +/- 1.86 % D(l=1) ave= 2.078E+00 +/- 0.00 % D(l=2) ave= 4.017E+01 +/- 0.00 % D(l=3) ave= 0.000E+00 +/- 0.00 %  % || S(l=0) ave= 1.630E-04 +/- 0.27 % S(l=1) ave= 2.735E-05 +/- 8.10 % S(l=2) ave= 1.699E-05 +/- 15.68 % S(l=3) ave= 0.000E+00 +/- 0.00 % 
 ... random file  3 Cap(th)  ave= 7.179E+01 b. +/- 12.39 % || Ela(th) ave= 5.547E+00 b. +/- 8.54 % || RIcap ave= 7.81E+02 b. +/- 1.25 % || Macs30 ave= 2.22E+00 b. +/- 0.00 % || Gn^0(l=0) ave= 7.350E-04 +/- 1.64 % Gn^0(l=1) ave= 1.249E-04 +/- 7.14 % Gn^0(l=2) ave= 1.018E-03 +/- 13.69 % Gn^0(l=3) ave= 0.000E+00 +/- 0.00 % || Gtotal(l=0) ave= 1.109E-01 +/- 2.70 % Gtotal(l=1) ave= 1.099E-01 +/- 6.33 % Gtotal(l=2) ave= 9.523E-02 +/- 22.94 % Gtotal(l=3) ave= 0.000E+00 +/- 0.00 %  % || Gg(l=0) ave= 1.051E-01 +/- 2.81 % Gg(l=1) ave= 1.099E-01 +/- 6.33 % Gg(l=2) ave= 9.523E-02 +/- 22.94 % Gg(l=3) ave= 0.000E+00 +/- 0.00 %  % || D(l=0) ave= 4.682E+00 +/- 1.71 % D(l=1) ave= 2.078E+00 +/- 0.00 % D(l=2) ave= 4.017E+01 +/- 0.00 % D(l=3) ave= 0.000E+00 +/- 0.00 %  % || S(l=0) ave= 1.631E-04 +/- 0.27 % S(l=1) ave= 2.761E-05 +/- 7.14 % S(l=2) ave= 1.730E-05 +/- 13.69 % S(l=3) ave= 0.000E+00 +/- 0.00 % 
 ... random file  4 Cap(th)  ave= 7.198E+01 b. +/- 11.07 % || Ela(th) ave= 5.429E+00 b. +/- 8.93 % || RIcap ave= 7.81E+02 b. +/- 1.12 % || Macs30 ave= 2.22E+00 b. +/- 0.00 % || Gn^0(l=0) ave= 7.385E-04 +/- 1.74 % Gn^0(l=1) ave= 1.276E-04 +/- 7.53 % Gn^0(l=2) ave= 1.063E-03 +/- 14.42 % Gn^0(l=3) ave= 0.000E+00 +/- 0.00 % || Gtotal(l=0) ave= 1.105E-01 +/- 2.50 % Gtotal(l=1) ave= 1.102E-01 +/- 5.67 % Gtotal(l=2) ave= 9.149E-02 +/- 22.87 % Gtotal(l=3) ave= 0.000E+00 +/- 0.00 %  % || Gg(l=0) ave= 1.047E-01 +/- 2.61 % Gg(l=1) ave= 1.102E-01 +/- 5.67 % Gg(l=2) ave= 9.149E-02 +/- 22.87 % Gg(l=3) ave= 0.000E+00 +/- 0.00 %  % || D(l=0) ave= 4.710E+00 +/- 1.93 % D(l=1) ave= 2.078E+00 +/- 0.00 % D(l=2) ave= 4.017E+01 +/- 0.00 % D(l=3) ave= 0.000E+00 +/- 0.00 %  % || S(l=0) ave= 1.629E-04 +/- 0.30 % S(l=1) ave= 2.820E-05 +/- 7.53 % S(l=2) ave= 1.806E-05 +/- 14.42 % S(l=3) ave= 0.000E+00 +/- 0.00 % 
 ... random file  5 Cap(th)  ave= 7.070E+01 b. +/- 11.05 % || Ela(th) ave= 5.319E+00 b. +/- 9.51 % || RIcap ave= 7.82E+02 b. +/- 1.08 % || Macs30 ave= 2.22E+00 b. +/- 0.00 % || Gn^0(l=0) ave= 7.372E-04 +/- 1.64 % Gn^0(l=1) ave= 1.303E-04 +/- 8.15 % Gn^0(l=2) ave= 1.109E-03 +/- 15.68 % Gn^0(l=3) ave= 0.000E+00 +/- 0.00 % || Gtotal(l=0) ave= 1.131E-01 +/- 5.48 % Gtotal(l=1) ave= 1.079E-01 +/- 7.14 % Gtotal(l=2) ave= 1.019E-01 +/- 29.51 % Gtotal(l=3) ave= 0.000E+00 +/- 0.00 %  % || Gg(l=0) ave= 1.073E-01 +/- 5.79 % Gg(l=1) ave= 1.079E-01 +/- 7.14 % Gg(l=2) ave= 1.019E-01 +/- 29.51 % Gg(l=3) ave= 0.000E+00 +/- 0.00 %  % || D(l=0) ave= 4.697E+00 +/- 1.86 % D(l=1) ave= 2.078E+00 +/- 0.00 % D(l=2) ave= 4.017E+01 +/- 0.00 % D(l=3) ave= 0.000E+00 +/- 0.00 %  % || S(l=0) ave= 1.631E-04 +/- 0.33 % S(l=1) ave= 2.880E-05 +/- 8.15 % S(l=2) ave= 1.884E-05 +/- 15.68 % S(l=3) ave= 0.000E+00 +/- 0.00 % 
 ... random file  6 Cap(th)  ave= 7.032E+01 b. +/- 10.38 % || Ela(th) ave= 5.395E+00 b. +/- 9.33 % || RIcap ave= 7.82E+02 b. +/- 1.02 % || Macs30 ave= 2.22E+00 b. +/- 0.00 % || Gn^0(l=0) ave= 7.387E-04 +/- 1.59 % Gn^0(l=1) ave= 1.286E-04 +/- 8.27 % Gn^0(l=2) ave= 1.081E-03 +/- 16.18 % Gn^0(l=3) ave= 0.000E+00 +/- 0.00 % || Gtotal(l=0) ave= 1.156E-01 +/- 7.30 % Gtotal(l=1) ave= 1.075E-01 +/- 6.71 % Gtotal(l=2) ave= 1.054E-01 +/- 27.65 % Gtotal(l=3) ave= 0.000E+00 +/- 0.00 %  % || Gg(l=0) ave= 1.098E-01 +/- 7.68 % Gg(l=1) ave= 1.075E-01 +/- 6.71 % Gg(l=2) ave= 1.054E-01 +/- 27.65 % Gg(l=3) ave= 0.000E+00 +/- 0.00 %  % || D(l=0) ave= 4.715E+00 +/- 1.95 % D(l=1) ave= 2.078E+00 +/- 0.00 % D(l=2) ave= 4.017E+01 +/- 0.00 % D(l=3) ave= 0.000E+00 +/- 0.00 %  % || S(l=0) ave= 1.628E-04 +/- 0.50 % S(l=1) ave= 2.843E-05 +/- 8.27 % S(l=2) ave= 1.837E-05 +/- 16.18 % S(l=3) ave= 0.000E+00 +/- 0.00 % 
 ... Histogram plot for thermal (n,g)
 ... Write covariances  ... MT1  ... plot correlations
 ... MT2  ... MT102 


 ================================================
 ============== From 6 random values === start ======
 Thermal (n,tot) xs  0 K =  75.7105 b. +/- 7.62076 b. ( 10.0657 %) skew= +1.07 +/- 0.79
 Thermal (n,el) xs   0 K =  5.39504 b. +/- 0.503617 b. ( 9.3348 %) skew= +0.72 +/- 0.79
 Thermal (n,g) xs    0 K =  70.3155 b. +/- 7.29653 b. ( 10.3769 %) skew= +1.00 +/- 0.79
 RI      (n,g)       0 K =  782.474 b. +/- 7.97948 b. ( 1.01978 %) 
 MACS    (n,g)       0 K (at Emacs= 30000 eV) =  2.2221 b. +/- 0 b. ( 0 %) 
 Ave. Gtotal  L=0        =  1.156E-01 +/- 7.30 %
 Ave. Gn^(0)  L=0        =  7.387E-04 +/- 1.59 %
 Ave. Gg      L=0        =  1.098E-01 +/- 7.68 %
 Ave. D       L=0        =  4.715E+00 +/- 1.95 %
 Ave. S       L=0        =  1.628E-04 +/- 0.50 %
 Ave. Gtotal  L=1        =  1.075E-01 +/- 6.71 %
 Ave. Gn^(1)  L=1        =  1.286E-04 +/- 8.27 %
 Ave. Gg      L=1        =  1.075E-01 +/- 6.71 %
 Ave. D       L=1        =  2.078E+00 +/- 0.00 %
 Ave. S       L=1        =  2.843E-05 +/- 8.27 %
 Ave. Gtotal  L=2        =  1.054E-01 +/- 27.65 %
 Ave. Gn^(2)  L=2        =  1.081E-03 +/- 16.18 %
 Ave. Gg      L=2        =  1.054E-01 +/- 27.65 %
 Ave. D       L=2        =  4.017E+01 +/- 0.00 %
 Ave. S       L=2        =  1.837E-05 +/- 16.18 %

 Expected Thermal (n,g) (syst or meas)= 62.7914 b. +/- 43.954 b. nominal: 74.0721 b.
 ratio Calculated/expected thermal (n,g): 1.12 ratio DCalculated/Dexpected: 0.17 ratio Calculated/Nominal: 0.95
 ============== From 6 random values ===== stop ======
 ================================================
 ... Calculation of (n,a) and (n,p) cross sections at 300 K
 ... thermal (n,a) cross section is 1.01113e-06 +/- 5.05567e-07 b.
 ... thermal (n,a) cross section is 8.83659e-07 b. (random case 1)
 ... thermal (n,a) cross section is 1.42016e-06 b. (random case 2)
 ... thermal (n,a) cross section is 1.46423e-06 b. (random case 3)
 ... thermal (n,a) cross section is 7.69395e-07 b. (random case 4)
 ... thermal (n,a) cross section is 1.29233e-06 b. (random case 5)
 ... thermal (n,a) cross section is 9.06586e-07 b. (random case 6)
 ... thermal (n,p) cross section is 1.01113e-06 +/- 5.05567e-07 b.
 ... thermal (n,p) cross section is 1.84345e-06 b. (random case 1)
 ... thermal (n,p) cross section is 1.06287e-06 b. (random case 2)
 ... thermal (n,p) cross section is 7.76506e-07 b. (random case 3)
 ... thermal (n,p) cross section is 1.26616e-06 b. (random case 4)
 ... thermal (n,p) cross section is 1.17726e-06 b. (random case 5)
 ... thermal (n,p) cross section is 2.06231e-06 b. (random case 6)
 ... Rewrite index for MF2
 ... Write text for MF1 in file mf1.tares.txt
 ... plotting cross sections for the MF1
 ... order output files


================== summary ==================
 Thermal (n,tot) xs = 79.2325 b. 
 Thermal (n,el)  xs = 5.16038 b. 
 Thermal (n,g)   xs = 74.0721 b. (meas/sys: 62.7914 b.)
 At 300 K (thermal adjustment): (n,el) = 5.17921 b., (n,g) = 74.0939 b.

 RI      (n,g)      = 784.587 b. (meas or sys: - b.)
 RI      (n,el)     = 65.3337 b.
=============================================


 ... cleaning
                                                 
  -------------------------------------------------------------
  -                                                           -
  - TARES: successful end of run with data from hypothetical  -
  - resonances for  Z= 62, A= 138 and isomer= 0               -
  - half-life: 3.100000 min. 
  -                                                           -
  -------------------------------------------------------------

   Running time:       12 seconds

 End time: Fri Oct  9 11:21:47 2026

