
  -------------------------------------------------------------
  -                                                           -
  -              Welcome to TARES version 1.8                 -
  -                                                           -
  -  (C) Copyright 2007-2025 D. Rochman, All Rights Reserved  -
  -           NRG, Petten, the Netherlands 2007-2014          -
  -           PSI, Villigen    Switzerland 2015-2025          -
  -         Nagra, Wettingen   Switzerland 2025-              -
  -           (Last Modified October 06, 2026)                -
  -           (Database from October 06, 2026)                -
  -                                                           -
  -------------------------------------------------------------


  ---------------------------------------------
   Compilation information:
   Compiled on:         Oct  8 2026, 18:36:06
   Compiled by:         koning
   Compiler version:    clang++ - 21.0.0
   Source location:     /Users/koning/tares-1.8/source/Module/
   Binaries location:   /Users/koning/bin
   System:              Darwin 25.6.0
   System version:      Darwin Kernel Version 25.6.0: Fri Jul 31 19:19:08 PDT 2026; root:xnu-12377.161.14~5/RELEASE_ARM64_T6050  
   Machine:             arm64 
  ---------------------------------------------

   User information:
   User name:           koning
   Running directory:   /Users/koning/tendl/resbase/Fe063/work
   Owner mode for running directory : rwx
   Group mode for running directory : r-x
  ---------------------------------------------


 Starting time: Fri Oct  9 13:45:59 2026
 ... inputs directory found (/Users/koning/tares-1.8/source/Module//../../inputs/).
 ... It will be used for resonance parameters 
 ... ###############################################
 ... #     read the input file tares.inp
 ... ###############################################
 ... line: #
 ... line: # Input file generated by Autorochman
          --> line not read
 ... line: #
 ... line: isotope    Fe
          --> Isotope name: Fe
 ... line: mass       63
          --> isotopic mass: 63
 ... line: output     n-Fe063
         ---> Name of the output files: n-Fe063
 ... line: isomer     0
          --> isomeric state: 0
 ... line: mf32mf33   y
          --> MF33 based on MF32: y
 ... line: nbrRandom  6
          --> Nbr of random files: 6
 ... ###############################################
 ... # end read the input file tares.inp
 ... ###############################################
Value for random generator type not considered in since Tares 1.7 due to compilation issues

 ... ###############################################
     #   Interpretation of the Input definition    #
     ###############################################

 ... Default energy limit: End of resonance region
 ... Nuclear charge    = 26
 ... Element           = Fe
 ... Mass              = 63
 ... Isomer            = 0
 ... Correlation for (Gn,Gg) not included in random files
 ... Default random option: No random
 ... Output name: n-Fe063
 ... Energy for the MACS: 30000 eV
 ... Resonances from CALENDF reduced (reduce=y) 
 ... For URR, level density model from TALYS selected: 91n3n12611.2850 (see manual for description)
 ... Random Generator: default (pseudo random numbers from ansi c++)
 ... Reconstruction of cross section selected
 ... Doppler broadening at 0 Kelvin
 ... URR not included (from the input file flag)
 ... Weight for grouping is flat
 ... Calculation of (n,alpha) cross section selected
 ... Number of digit for MF32c covariance representation: 2
 ... MF32 included
 ... MF33 will be used for covariance processing
 ... TENDL option set to yes (automatic choice of MF2 and format)
 ... Isotope not found in the best file --> use of MLBW formalism
 ... default option: Multi level Breit Wigner approximation selected
 ... (check file best.tendl.yes for changing this option)
 ... Retroactive option set to no with the 2025 option
 ... ladder option set to yes (CALENDF will be used for statistical resonances)

 ... ###############################################
     #           End of Input definition           #
     ###############################################

 ... gnuplot found, will be used for plotting
 ... latex found, will be used for plotting
 ... dvips found, will be used for plotting
 ... ps2epsi not found, limited plotting available
 ... uncertainties on default parameters multiplied by 1.28433
 ... Read resonance data from the 2025 directory
 ... Resonance parameters taken from /Users/koning/tares-1.8/source/Module//../../inputs/2025/Resonance/default/
 ---> Processing Z= 26 and A= 63 and isomer= 0 (level number: 0)
 Exfor path; Could not find /Users/koning/tares-1.8/source/Module//../../inputs/exfor/Fe063/xs/102
Thermal file; Could not open file /Users/koning/tares-1.8/source/Module//../../inputs/2025/runThermal/results//thermal.mxw.ng.cendl3.1
Thermal file; Could not open file /Users/koning/tares-1.8/source/Module//../../inputs/2025/runThermal/results//thermal.mxw.ng.brond3.1
Thermal file; Could not open file /Users/koning/tares-1.8/source/Module//../../inputs/2025/runThermal/results//thermal.xs.ng.unc.cendl3.1
 ... spin taken from the final/ directory (1)

 ... ###############################################
 ... #  Nucleus global parameters (2025 database)  #
 ... ###############################################
 0. Half-life: 6.1 sec. 
 ... Scattering radius from TALYS: /Users/koning/tares-1.8/source/Module//../../inputs/2025/lib.urr/talys.urr/
 1. Spin of the target isotope: 2.5
 2. Relative Atomic Mass of the target isotope: 62.9402
 3. Scattering radius (local compilation): 5.29805 fm +/- 0.127153 fm
      .......................................
      ... Thermal capture cross sections: ...
 4. Thermal (n,g) cross section from systematics (TALYS, urr.dat): 1.52893 +/- 1.29959 b.
 5. Thermal (n,g) cross section from compilation (Firestone-2022 average on element Fe): 2.57 +/- 0.04 b.
 6. Thermal (n,g) cross section from compilation (Firestone-2022 final on element Fe): 2.53 +/- 0.03 b.
 7. Thermal (n,g) cross section from TENDL-2023: 1.529 b.
      .......................................
      ...  Thermal total cross sections:  ...
      .......................................
      ... Thermal elastic cross sections: ...
 8. Thermal (n,el) cross section from potential (4piR^2): 6.65838 +/- 0.332919 b.
      .......................................
             ... Resonance integral: ...
 9. No capture integral found in /Users/koning/tares-1.8/source/Module//../../inputs/capture.integral
 ... no RI(n,g) found in local compilation, take 2018 value.
 ... no RI(n,g) found in local compilation, take Sukhoruchkin value.
   ---- MACS 30 keV ----- 
 10. TALYS MACS 30 keV (HF): 0.00823181 b. 
   ---------- S0 -------- 
 11. S0 from TALYS: 4.25434
   ---------- S1 -------- 
 12. S1 from TALYS: 0.568163
   ---------- S2 -------- 
 13. S2 from TALYS: 5.61765
   ---------- D0 -------- 
 14. D0 from TALYS: 2129.43 eV
   ---------- D1 -------- 
 15. D1 from TALYS: 1173.5 eV
   ---------- D2 -------- 
 16. D2 from TALYS: 920.966 eV
   ---------- G0 -------- 
 17. Gg0 from TALYS: 0.0876517 eV
   ---------- G1 -------- 
 18. Gg1 from TALYS: 0.0751358 eV
   ---------- G2 -------- 
 19. Gg2 from TALYS: 0.0788517 eV


   ---------------------- 
 ... Read resonance parameters (format: 2: Multi Level Breit Wigner)
 ... 0 resonances found 
 ... possibly no resonances in the Resonance directory for this isotope and options
 ... Use HFR (ladder) behavior 
 --> 21. Number of resonances from the input file: 2 up to 1064.71 eV
 22. Read nuclear quantities (mass, MAT...)
 23. Read thermal (n,g) xs 
 24. Read the scattering radius 
 25. Read uncertainty on Gg for 2 resonances
 26. Read uncertainty on Gg for 2 resonances ... done
 ... order resonances 
 ... Upper limit for the RRR: 1064.71 eV (no statistical resonances HFR) from the limit.RRR file
 ... Write parameters for l=0 waves
 ... End writing original MF2 
 ... No RRR in the database: uncertainties on default parameters multiplied by 1.99753
 ... Enter in urr function (ladder option set to y) for file n-Fe063
 ... read the file /Users/koning/tares-1.8/source/Module//../../inputs/2025/list.jcs.urr to find URR origin
 Default URR taken from TALYS calculations with level density model: 91n3n12611.2850
 File considered for the URR: /Users/koning/tares-1.8/source/Module//../../inputs/2025/lib.urr/talys.urr/91n3n12611.2850/Fe/urr/urr.dat.Fe.063.000.0.gz
 ... Write URR using TALYS average parameters (used for HFR)
 ... Limit of URR changed to 25 keV (recommendation from WPEC and JEFF)
 ... ---> Emax(RRR) taken from the file limit.ladder: 10000 eV <---
 ... (File limit.ladder: /Users/koning/tares-1.8/source/Module//../../inputs/2025/limit.ladder.91n3n12611.2850)
 ... read D0, S0, Gn and Gg
 ... number of URR energies: 2520
 Number of l: 2520 and last energy: 12
 Last  URR energy: 10000 eV
 ... Enter in to_MLBW_mf2 function
 ... Convert to Multi Level Breit Wigner (MLBW)
 ... Write parameter covariances (MF32) for l=0
 ... Convert parameter covariances (MF32) to MLBW
 ... copy the mf2 and mf32 to .mlbw files
 ... Enter in urr_correct function case 1
 Modify the higher limit of RRR in MF2
 --> old value: 1.070037+3 eV new value: 1.000000-2 eV
 Modify resonance covariances (MF32) to include correlations in the URR
 End Modify resonance covariances (MF32) to include correlations in the URR
 ... Enter in calendf_xs function
 Use CALENDF for statistical resonances (update MF2) up to 1.000000+4 eV (initial limit)
 Extract resonances from CALENDF for RRR->URR 2
 52 statistical resonances found
 After reduction, 49 statistical resonances found
 ... checking resonance order 1
 ... checking resonance order 2nd round for 47 resonances
 ... end checking resonance order 2nd round
 .......................................................
 ... Adjustment to the thermal cross section : start ...
 .......................................................

 Before adjustment (adjustment to the thermal cross section set to y)
 ... Import MF2 from TARES calculations
 ... End energy of TARES MF2 : 9.196792E+3 eV and limit to 40000 resonances
 ... File used for reconstruction: new.temp22.reconst
 ... run RECENT ...
 ... Doppler broadened at a unique temperature: 300 Kelvin using sigma1
 ... run SIGMA1 at 3.000000E+02 K.

 ============== INTER values at 300 Kelvin ==============
 Thermal (n,g) xs =  0.244691 b. (meas/sys: 1.52893 b.) (warning: comparison to be done at 296 or 300 K)
 Th Maxw (n,g) xs =  0.2461 b. (thermal Maxwellian value)
 Westcott factor  =  1.00576
 RI      (n,g)    =  0.236222 b. (meas or sys: - b.)
 MACS 3.000e+04 eV=  0.007899 b. (meas or sys: - b.) from 1.00E+00 to 2.00E+07 eV (end of RRR) at T= 300 Kelvin 
 Thermal (n,el) xs=  3.1266 b.
 RI      (n,el)   =  88.8286 b.
 ============= PSYCHE values ==============
 Ave. G_total L0  =  51.2242 eV
 Ave. G_total L1  =  0.133853 eV
 Ave. G_total L2  =  0.0748009 eV
 Ave. Gn_0    L0  =  0.859527
 Ave. Gn_0    L1  =  0.146839
 Ave. Gn_0    L2  =  2.79869
 Ave. Gg      L0  =  0.0852418 eV
 Ave. Gg      L1  =  0.0585571 eV
 Ave. Gg      L2  =  0.0737195 eV
 Ave. D       L0  =  3065.6 eV
 Ave. D       L1  =  1839.36 eV
 Ave. D       L2  =  1313.83 eV
 Ave. S       L0  =  0.000186306 eV
 Ave. S       L1  =  2.03155e-05 eV
 Ave. S       L2  =  0.000371278 eV
 =========================================
 Calculated capture integral   0.236222 b.
 Calculated thermal (n,g)=          .244690623 b. and recommended= 1.52893 b. (C/E= 0.16004)
 Calculated RI      (n,g)= 0.236222 b. (no reference value)
 ... tolerances: thermal (n,g) 20 % (reference uncertainties, minimum 2% and 5%, maximum 20%)
 Adjust the capture widths ...
 ... capture adjusted with Gn for 33 resonances (Gn<Gg) and with Gg for 14 resonances
 ... iteration 0: C/E thermal (n,g)= 0.16004

 <-------- After adjustment -------->
 ... Import MF2 from TARES calculations
 ... End energy of TARES MF2 : 9.196792E+3 eV and limit to 40000 resonances
 ... File used for reconstruction: new.temp22.reconst
 ... run RECENT ...
 ... Doppler broadened at a unique temperature: 300 Kelvin using sigma1
 ... run SIGMA1 at 3.000000E+02 K.

 ============== INTER values at 300 Kelvin ==============
 Thermal (n,g) xs =  1.25373 b. (meas/sys: 1.52893 b.) (warning: comparison to be done at 296 or 300 K)
 Th Maxw (n,g) xs =  1.2609 b. (thermal Maxwellian value)
 Westcott factor  =  1.00576
 RI      (n,g)    =  1.07101 b. (meas or sys: - b.)
 MACS 3.000e+04 eV=  0.011254 b. (meas or sys: - b.) from 1.00E+00 to 2.00E+07 eV (end of RRR) at T= 300 Kelvin 
 Thermal (n,el) xs=  3.1266 b.
 RI      (n,el)   =  88.4291 b.
 ============= PSYCHE values ==============
 Ave. G_total L0  =  51.5757 eV
 Ave. G_total L1  =  0.260211 eV
 Ave. G_total L2  =  0.0792602 eV
 Ave. Gn_0    L0  =  0.859527
 Ave. Gn_0    L1  =  0.238307
 Ave. Gn_0    L2  =  14.3397
 Ave. Gg      L0  =  0.436755 eV
 Ave. Gg      L1  =  0.134703 eV
 Ave. Gg      L2  =  0.0737195 eV
 Ave. D       L0  =  3065.6 eV
 Ave. D       L1  =  1839.36 eV
 Ave. D       L2  =  1313.83 eV
 Ave. S       L0  =  0.000186306 eV
 Ave. S       L1  =  2.87975e-05 eV
 Ave. S       L2  =  0.00190233 eV
 =========================================
 ... iteration 1: C/E thermal (n,g)= 0.82


 ... ratio C/E thermal (n,g): 8.200000E-01
 ...................................................... 
 ... Adjustment to the thermal cross section : stop ...
 ...................................................... 
 ... new MF2 file after adjustment: n-Fe063
 ... read the file /Users/koning/tares-1.8/source/Module//../../inputs/2025/list.jcs.urr to find URR origin
 Default URR taken from TALYS calculations with level density model: 91n3n12611.2850
 File considered for the URR: /Users/koning/tares-1.8/source/Module//../../inputs/2025/lib.urr/talys.urr/91n3n12611.2850/Fe/urr/urr.dat.Fe.063.000.0.gz
 ... Write URR using TALYS average parameters (not used for HFR)
 ... Limit of URR changed to 25 keV (recommendation from WPEC and JEFF)
 Energy limit of the URR set to 11955.8 eV
 ... read D0, S0, Gn and Gg
 ... number of URR energies: 24
 Number of l: 24 and last energy: 12
 Last  URR energy: 11955.8 eV
 ... Enter in urr_correct function case 2
 Modify the higher limit of RRR in MF2
 --> old value: 9.196792+3 eV new value: 9.196792+3 eV
 Modify resonance covariances (MF32) to include correlations in the URR
 End Modify resonance covariances (MF32) to include correlations in the URR
 ... Enter in update_MF32 function
 ... Change uncertainties
 ... for the HFR, random position of the positive resonances with 0.020000 %
 ... end of update MF32 function
 ... GLS calculation of the parameter correlations from the thermal/RI adjustment (MF32c)
 ... MF32: correlations from the thermal/RI adjustment (GLS) for 6 resonances (12 widths), 1 correlation lines
 ...   thermal (n,g): uncertainty from these widths 0.384995 b. -> 0.369138 b. (reference: 1.52893 +/- 1.29959 b.)
 ... copy the mf2 and mf32 to .mlbw files

 ... Start of final reconstruction and testing ...
 ... Reconstruction of cross sections at 0 Kelvin  ... Import MF2 from TARES calculations
 ... End energy of TARES MF2 : 9.196792E+3 eV and limit to 40000 resonances
 ... File used for reconstruction: n-Fe063.reconst
 ... run RECENT ...
 ... Doppler broadened at a unique temperature: 0 Kelvin using sigma1
 ... The keyword temperature is zero, no Doppler broadening for the MACS

 ============== INTER values at 0 Kelvin ==============
 Thermal (n,g) xs =  1.2531 b. (meas/sys: 1.52893 b.) (warning: comparison to be done at 296 or 300 K)
 Th Maxw (n,g) xs =  1.2538 b. (thermal Maxwellian value)
 Westcott factor  =  1.00055
 RI      (n,g)    =  1.06679 b. (meas or sys: - b.)
 MACS 3.000e+04 eV=  0.011209 b. (meas or sys: - b.) from 1.00E+00 to 9.20E+03 eV (end of RRR) at T= 0 Kelvin 
 Thermal (n,el) xs=  3.10142 b.
 RI      (n,el)   =  87.415 b.
 ============= PSYCHE values ==============
 Ave. G_total L0  =  51.5757 eV
 Ave. G_total L1  =  0.260211 eV
 Ave. G_total L2  =  0.0792602 eV
 Ave. Gn_0    L0  =  0.859527
 Ave. Gn_0    L1  =  0.238307
 Ave. Gn_0    L2  =  14.3397
 Ave. Gg      L0  =  0.436755 eV
 Ave. Gg      L1  =  0.134703 eV
 Ave. Gg      L2  =  0.0737195 eV
 Ave. D       L0  =  3065.6 eV
 Ave. D       L1  =  1839.36 eV
 Ave. D       L2  =  1313.83 eV
 Ave. S       L0  =  0.000186306 eV
 Ave. S       L1  =  2.87975e-05 eV
 Ave. S       L2  =  0.00190233 eV
 =========================================
 ... End of final reconstruction and testing ...

 ... grouping is not optimum, change to 70 groups
 ... Produce MF33 based on MF32 and 6 random files
 ... MF3 of n-Fe063.reconst (3 sections) added to the files for ENDSAM
 ... run endsam for 6 in groups of 1 global run
 ... run endsam from 1 to 6
 ... random files: total width GT set to Gn+Gg+Gf (282 resonances in 6 files)
 ... reorder resonance position after endsam (sampling)
 ... preparing the vectors  ... done
 ... nominal file 0 Cap(th)  ave= 1.253E+00 b. +/- 0.00 % || Ela(th) ave= 3.101E+00 b. +/- 0.00 % || RIcap ave= 1.07E+00 b. +/- 0.00 % || Macs30 ave= 1.12E-02 b. +/- 0.00 % || Gn^0(l=0) ave= 8.595E-01 +/- 0.00 % Gn^0(l=1) ave= 2.383E-01 +/- 0.00 % Gn^0(l=2) ave= 1.434E+01 +/- 0.00 % Gn^0(l=3) ave= 0.000E+00 +/- 0.00 % || Gtotal(l=0) ave= 5.158E+01 +/- 0.00 % Gtotal(l=1) ave= 2.602E-01 +/- 0.00 % Gtotal(l=2) ave= 7.926E-02 +/- 0.00 % Gtotal(l=3) ave= 0.000E+00 +/- 0.00 %  % || Gg(l=0) ave= 4.368E-01 +/- 0.00 % Gg(l=1) ave= 1.347E-01 +/- 0.00 % Gg(l=2) ave= 7.372E-02 +/- 0.00 % Gg(l=3) ave= 0.000E+00 +/- 0.00 %  % || D(l=0) ave= 3.066E+03 +/- 0.00 % D(l=1) ave= 1.839E+03 +/- 0.00 % D(l=2) ave= 1.314E+03 +/- 0.00 % D(l=3) ave= 0.000E+00 +/- 0.00 %  % || S(l=0) ave= 1.863E-04 +/- 0.00 % S(l=1) ave= 2.880E-05 +/- 0.00 % S(l=2) ave= 1.902E-03 +/- 0.00 % S(l=3) ave= 0.000E+00 +/- 0.00 % 
 ... random file  1 Cap(th)  ave= 1.084E+00 b. +/- 15.64 % || Ela(th) ave= 3.100E+00 b. +/- 0.04 % || RIcap ave= 9.06E-01 b. +/- 17.76 % || Macs30 ave= 1.03E-02 b. +/- 8.60 % || Gn^0(l=0) ave= 9.317E-01 +/- 7.74 % Gn^0(l=1) ave= 2.373E-01 +/- 0.41 % Gn^0(l=2) ave= 1.436E+01 +/- 0.16 % Gn^0(l=3) ave= 0.000E+00 +/- 0.00 % || Gtotal(l=0) ave= 5.326E+01 +/- 3.16 % Gtotal(l=1) ave= 2.426E-01 +/- 7.26 % Gtotal(l=2) ave= 8.223E-02 +/- 3.61 % Gtotal(l=3) ave= 0.000E+00 +/- 0.00 %  % || Gg(l=0) ave= 3.307E-01 +/- 32.07 % Gg(l=1) ave= 1.179E-01 +/- 14.28 % Gg(l=2) ave= 7.671E-02 +/- 3.90 % Gg(l=3) ave= 0.000E+00 +/- 0.00 %  % || D(l=0) ave= 3.832E+03 +/- 20.00 % D(l=1) ave= 1.839E+03 +/- 0.00 % D(l=2) ave= 1.314E+03 +/- 0.00 % D(l=3) ave= 0.000E+00 +/- 0.00 %  % || S(l=0) ave= 1.766E-04 +/- 5.52 % S(l=1) ave= 2.871E-05 +/- 0.30 % S(l=2) ave= 1.904E-03 +/- 0.09 % S(l=3) ave= 0.000E+00 +/- 0.00 % 
 ... random file  2 Cap(th)  ave= 1.280E+00 b. +/- 24.23 % || Ela(th) ave= 3.209E+00 b. +/- 4.79 % || RIcap ave= 1.01E+00 b. +/- 19.32 % || Macs30 ave= 1.04E-02 b. +/- 7.09 % || Gn^0(l=0) ave= 9.097E-01 +/- 7.32 % Gn^0(l=1) ave= 2.305E-01 +/- 4.23 % Gn^0(l=2) ave= 1.345E+01 +/- 9.58 % Gn^0(l=3) ave= 0.000E+00 +/- 0.00 % || Gtotal(l=0) ave= 5.279E+01 +/- 2.89 % Gtotal(l=1) ave= 2.502E-01 +/- 7.18 % Gtotal(l=2) ave= 8.468E-02 +/- 4.99 % Gtotal(l=3) ave= 0.000E+00 +/- 0.00 %  % || Gg(l=0) ave= 3.374E-01 +/- 25.82 % Gg(l=1) ave= 1.252E-01 +/- 13.74 % Gg(l=2) ave= 7.917E-02 +/- 5.37 % Gg(l=3) ave= 0.000E+00 +/- 0.00 %  % || D(l=0) ave= 3.577E+03 +/- 20.20 % D(l=1) ave= 1.839E+03 +/- 0.00 % D(l=2) ave= 1.314E+03 +/- 0.00 % D(l=3) ave= 0.000E+00 +/- 0.00 %  % || S(l=0) ave= 1.803E-04 +/- 5.31 % S(l=1) ave= 2.788E-05 +/- 4.21 % S(l=2) ave= 1.783E-03 +/- 9.60 % S(l=3) ave= 0.000E+00 +/- 0.00 % 
 ... random file  3 Cap(th)  ave= 1.570E+00 b. +/- 36.27 % || Ela(th) ave= 3.079E+00 b. +/- 8.50 % || RIcap ave= 1.27E+00 b. +/- 37.73 % || Macs30 ave= 1.09E-02 b. +/- 9.31 % || Gn^0(l=0) ave= 8.980E-01 +/- 6.81 % Gn^0(l=1) ave= 2.402E-01 +/- 7.83 % Gn^0(l=2) ave= 1.474E+01 +/- 16.93 % Gn^0(l=3) ave= 0.000E+00 +/- 0.00 % || Gtotal(l=0) ave= 5.260E+01 +/- 2.59 % Gtotal(l=1) ave= 2.403E-01 +/- 9.67 % Gtotal(l=2) ave= 8.604E-02 +/- 5.06 % Gtotal(l=3) ave= 0.000E+00 +/- 0.00 %  % || Gg(l=0) ave= 4.143E-01 +/- 36.94 % Gg(l=1) ave= 1.152E-01 +/- 19.81 % Gg(l=2) ave= 8.050E-02 +/- 5.40 % Gg(l=3) ave= 0.000E+00 +/- 0.00 %  % || D(l=0) ave= 3.449E+03 +/- 19.25 % D(l=1) ave= 1.839E+03 +/- 0.00 % D(l=2) ave= 1.314E+03 +/- 0.00 % D(l=3) ave= 0.000E+00 +/- 0.00 %  % || S(l=0) ave= 1.820E-04 +/- 4.82 % S(l=1) ave= 2.905E-05 +/- 7.79 % S(l=2) ave= 1.956E-03 +/- 17.06 % S(l=3) ave= 0.000E+00 +/- 0.00 % 
 ... random file  4 Cap(th)  ave= 1.448E+00 b. +/- 38.98 % || Ela(th) ave= 2.954E+00 b. +/- 11.58 % || RIcap ave= 1.17E+00 b. +/- 39.89 % || Macs30 ave= 1.10E-02 b. +/- 8.47 % || Gn^0(l=0) ave= 9.200E-01 +/- 7.64 % Gn^0(l=1) ave= 2.512E-01 +/- 11.06 % Gn^0(l=2) ave= 1.616E+01 +/- 22.38 % Gn^0(l=3) ave= 0.000E+00 +/- 0.00 % || Gtotal(l=0) ave= 5.314E+01 +/- 3.08 % Gtotal(l=1) ave= 2.396E-01 +/- 8.69 % Gtotal(l=2) ave= 8.338E-02 +/- 7.90 % Gtotal(l=3) ave= 0.000E+00 +/- 0.00 %  % || Gg(l=0) ave= 4.254E-01 +/- 32.60 % Gg(l=1) ave= 1.145E-01 +/- 17.88 % Gg(l=2) ave= 7.786E-02 +/- 8.42 % Gg(l=3) ave= 0.000E+00 +/- 0.00 %  % || D(l=0) ave= 3.679E+03 +/- 20.41 % D(l=1) ave= 1.839E+03 +/- 0.00 % D(l=2) ave= 1.314E+03 +/- 0.00 % D(l=3) ave= 0.000E+00 +/- 0.00 %  % || S(l=0) ave= 1.791E-04 +/- 5.48 % S(l=1) ave= 3.040E-05 +/- 11.09 % S(l=2) ave= 2.143E-03 +/- 22.38 % S(l=3) ave= 0.000E+00 +/- 0.00 % 
 ... random file  5 Cap(th)  ave= 1.379E+00 b. +/- 38.99 % || Ela(th) ave= 3.177E+00 b. +/- 18.49 % || RIcap ave= 1.14E+00 b. +/- 38.02 % || Macs30 ave= 1.10E-02 b. +/- 7.76 % || Gn^0(l=0) ave= 9.359E-01 +/- 7.83 % Gn^0(l=1) ave= 2.388E-01 +/- 15.78 % Gn^0(l=2) ave= 1.472E+01 +/- 31.34 % Gn^0(l=3) ave= 0.000E+00 +/- 0.00 % || Gtotal(l=0) ave= 5.353E+01 +/- 3.23 % Gtotal(l=1) ave= 2.416E-01 +/- 8.08 % Gtotal(l=2) ave= 8.368E-02 +/- 7.23 % Gtotal(l=3) ave= 0.000E+00 +/- 0.00 %  % || Gg(l=0) ave= 4.126E-01 +/- 31.45 % Gg(l=1) ave= 1.162E-01 +/- 16.40 % Gg(l=2) ave= 7.817E-02 +/- 7.71 % Gg(l=3) ave= 0.000E+00 +/- 0.00 %  % || D(l=0) ave= 3.832E+03 +/- 20.00 % D(l=1) ave= 1.839E+03 +/- 0.00 % D(l=2) ave= 1.314E+03 +/- 0.00 % D(l=3) ave= 0.000E+00 +/- 0.00 %  % || S(l=0) ave= 1.773E-04 +/- 5.53 % S(l=1) ave= 2.888E-05 +/- 15.83 % S(l=2) ave= 1.952E-03 +/- 31.34 % S(l=3) ave= 0.000E+00 +/- 0.00 % 
 ... random file  6 Cap(th)  ave= 1.314E+00 b. +/- 39.78 % || Ela(th) ave= 3.218E+00 b. +/- 17.19 % || RIcap ave= 1.07E+00 b. +/- 40.99 % || Macs30 ave= 1.07E-02 b. +/- 9.07 % || Gn^0(l=0) ave= 9.250E-01 +/- 7.89 % Gn^0(l=1) ave= 2.352E-01 +/- 15.30 % Gn^0(l=2) ave= 1.428E+01 +/- 30.86 % Gn^0(l=3) ave= 0.000E+00 +/- 0.00 % || Gtotal(l=0) ave= 5.320E+01 +/- 3.38 % Gtotal(l=1) ave= 2.368E-01 +/- 9.14 % Gtotal(l=2) ave= 8.294E-02 +/- 7.11 % Gtotal(l=3) ave= 0.000E+00 +/- 0.00 %  % || Gg(l=0) ave= 3.858E-01 +/- 35.50 % Gg(l=1) ave= 1.114E-01 +/- 18.98 % Gg(l=2) ave= 7.742E-02 +/- 7.59 % Gg(l=3) ave= 0.000E+00 +/- 0.00 %  % || D(l=0) ave= 3.723E+03 +/- 20.38 % D(l=1) ave= 1.839E+03 +/- 0.00 % D(l=2) ave= 1.314E+03 +/- 0.00 % D(l=3) ave= 0.000E+00 +/- 0.00 %  % || S(l=0) ave= 1.786E-04 +/- 5.39 % S(l=1) ave= 2.845E-05 +/- 15.35 % S(l=2) ave= 1.894E-03 +/- 30.85 % S(l=3) ave= 0.000E+00 +/- 0.00 % 
 ... Histogram plot for thermal (n,g)
 ... Write covariances  ... MT1  ... plot correlations
 ... MT2  ... MT102 


 ================================================
 ============== From 6 random values === start ======
 Thermal (n,tot) xs  0 K =  4.53243 b. +/- 0.640048 b. ( 14.1215 %) skew= -0.35 +/- 0.79
 Thermal (n,el) xs   0 K =  3.2184 b. +/- 0.553201 b. ( 17.1887 %) skew= +0.55 +/- 0.79
 Thermal (n,g) xs    0 K =  1.31403 b. +/- 0.522757 b. ( 39.7826 %) skew= +1.28 +/- 0.79
 RI      (n,g)       0 K =  1.06639 b. +/- 0.437103 b. ( 40.989 %) 
 MACS    (n,g)       0 K (at Emacs= 30000 eV) =  0.0107288 b. +/- 0.000973101 b. ( 9.07003 %) 
 Ave. Gtotal  L=0        =  5.320E+01 +/- 3.38 %
 Ave. Gn^(0)  L=0        =  9.250E-01 +/- 7.89 %
 Ave. Gg      L=0        =  3.858E-01 +/- 35.50 %
 Ave. D       L=0        =  3.723E+03 +/- 20.38 %
 Ave. S       L=0        =  1.786E-04 +/- 5.39 %
 Ave. Gtotal  L=1        =  2.368E-01 +/- 9.14 %
 Ave. Gn^(1)  L=1        =  2.352E-01 +/- 15.30 %
 Ave. Gg      L=1        =  1.114E-01 +/- 18.98 %
 Ave. D       L=1        =  1.839E+03 +/- 0.00 %
 Ave. S       L=1        =  2.845E-05 +/- 15.35 %
 Ave. Gtotal  L=2        =  8.294E-02 +/- 7.11 %
 Ave. Gn^(2)  L=2        =  1.428E+01 +/- 30.86 %
 Ave. Gg      L=2        =  7.742E-02 +/- 7.59 %
 Ave. D       L=2        =  1.314E+03 +/- 0.00 %
 Ave. S       L=2        =  1.894E-03 +/- 30.85 %

 Expected Thermal (n,g) (syst or meas)= 1.52893 b. +/- 1.29959 b. nominal: 1.2531 b.
 ratio Calculated/expected thermal (n,g): 0.86 ratio DCalculated/Dexpected: 0.40 ratio Calculated/Nominal: 1.05
 ============== From 6 random values ===== stop ======
 ================================================
 ... Calculation of (n,a) and (n,p) cross sections at 300 K
 <<(n,a) Q-value negative for this element>> ... (n,p) Q-value negative for this element
 ... Rewrite index for MF2
 ... Write text for MF1 in file mf1.tares.txt
 ... plotting cross sections for the MF1
 ... order output files


================== summary ==================
 Thermal (n,tot) xs = 4.35452 b. 
 Thermal (n,el)  xs = 3.10142 b. 
 Thermal (n,g)   xs = 1.2531 b. (meas/sys: 1.52893 b.)
 At 300 K (thermal adjustment): (n,el) = 3.1266 b., (n,g) = 1.25373 b.

 RI      (n,g)      = 1.06679 b. (meas or sys: - b.)
 RI      (n,el)     = 87.415 b.
=============================================


 ... cleaning
                                                 
  -------------------------------------------------------------
  -                                                           -
  - TARES: successful end of run with data from hypothetical  -
  - resonances for  Z= 26,  A= 63 and isomer= 0               -
  - half-life: 6.100000 sec. 
  -                                                           -
  -------------------------------------------------------------

   Running time:       7 seconds

 End time: Fri Oct  9 13:46:06 2026

