
  -------------------------------------------------------------
  -                                                           -
  -              Welcome to TARES version 1.8                 -
  -                                                           -
  -  (C) Copyright 2007-2025 D. Rochman, All Rights Reserved  -
  -           NRG, Petten, the Netherlands 2007-2014          -
  -           PSI, Villigen    Switzerland 2015-2025          -
  -         Nagra, Wettingen   Switzerland 2025-              -
  -           (Last Modified October 06, 2026)                -
  -           (Database from October 06, 2026)                -
  -                                                           -
  -------------------------------------------------------------


  ---------------------------------------------
   Compilation information:
   Compiled on:         Oct  8 2026, 18:36:06
   Compiled by:         koning
   Compiler version:    clang++ - 21.0.0
   Source location:     /Users/koning/tares-1.8/source/Module/
   Binaries location:   /Users/koning/bin
   System:              Darwin 25.6.0
   System version:      Darwin Kernel Version 25.6.0: Fri Jul 31 19:19:08 PDT 2026; root:xnu-12377.161.14~5/RELEASE_ARM64_T6050  
   Machine:             arm64 
  ---------------------------------------------

   User information:
   User name:           koning
   Running directory:   /Users/koning/tendl/resbase/Ac214/work
   Owner mode for running directory : rwx
   Group mode for running directory : r-x
  ---------------------------------------------


 Starting time: Fri Oct  9 12:58:30 2026
 ... inputs directory found (/Users/koning/tares-1.8/source/Module//../../inputs/).
 ... It will be used for resonance parameters 
 ... ###############################################
 ... #     read the input file tares.inp
 ... ###############################################
 ... line: #
 ... line: # Input file generated by Autorochman
          --> line not read
 ... line: #
 ... line: isotope    Ac
          --> Isotope name: Ac
 ... line: mass       214
          --> isotopic mass: 214
 ... line: output     n-Ac214
         ---> Name of the output files: n-Ac214
 ... line: isomer     0
          --> isomeric state: 0
 ... line: mf32mf33   y
          --> MF33 based on MF32: y
 ... line: nbrRandom  6
          --> Nbr of random files: 6
 ... ###############################################
 ... # end read the input file tares.inp
 ... ###############################################
Value for random generator type not considered in since Tares 1.7 due to compilation issues

 ... ###############################################
     #   Interpretation of the Input definition    #
     ###############################################

 ... Default energy limit: End of resonance region
 ... Nuclear charge    = 89
 ... Element           = Ac
 ... Mass              = 214
 ... Isomer            = 0
 ... Correlation for (Gn,Gg) not included in random files
 ... Default random option: No random
 ... Output name: n-Ac214
 ... Energy for the MACS: 30000 eV
 ... Resonances from CALENDF reduced (reduce=y) 
 ... For URR, level density model from TALYS selected: 91n3n12611.2850 (see manual for description)
 ... Random Generator: default (pseudo random numbers from ansi c++)
 ... Reconstruction of cross section selected
 ... Doppler broadening at 0 Kelvin
 ... URR not included (from the input file flag)
 ... Weight for grouping is flat
 ... Calculation of (n,alpha) cross section selected
 ... Number of digit for MF32c covariance representation: 2
 ... MF32 included
 ... MF33 will be used for covariance processing
 ... TENDL option set to yes (automatic choice of MF2 and format)
 ... Isotope not found in the best file --> use of MLBW formalism
 ... default option: Multi level Breit Wigner approximation selected
 ... (check file best.tendl.yes for changing this option)
 ... Retroactive option set to no with the 2025 option
 ... ladder option set to yes (CALENDF will be used for statistical resonances)

 ... ###############################################
     #           End of Input definition           #
     ###############################################

 ... gnuplot found, will be used for plotting
 ... latex found, will be used for plotting
 ... dvips found, will be used for plotting
 ... ps2epsi not found, limited plotting available
 ... uncertainties on default parameters multiplied by 1.24121
 ... Read resonance data from the 2025 directory
 ... Resonance parameters taken from /Users/koning/tares-1.8/source/Module//../../inputs/2025/Resonance/default/
 ---> Processing Z= 89 and A= 214 and isomer= 0 (level number: 0)
 Exfor path; Could not find /Users/koning/tares-1.8/source/Module//../../inputs/exfor/Ac214/xs/102
Thermal file; Could not open file /Users/koning/tares-1.8/source/Module//../../inputs/2025/runThermal/results//thermal.mxw.ng.cendl3.1
Thermal file; Could not open file /Users/koning/tares-1.8/source/Module//../../inputs/2025/runThermal/results//thermal.mxw.ng.brond3.1
Thermal file; Could not open file /Users/koning/tares-1.8/source/Module//../../inputs/2025/runThermal/results//thermal.xs.ng.unc.cendl3.1
 ... spin taken from the final/ directory (1)

 ... ###############################################
 ... #  Nucleus global parameters (2025 database)  #
 ... ###############################################
 0. Half-life: 8.2 sec. 
 ... Scattering radius from TALYS: /Users/koning/tares-1.8/source/Module//../../inputs/2025/lib.urr/talys.urr/
 1. Spin of the target isotope: 5
 2. Relative Atomic Mass of the target isotope: 214.006
 3. Scattering radius (local compilation): 7.93177 fm +/- 0.190362 fm
      .......................................
      ... Thermal capture cross sections: ...
 4. Thermal (n,g) cross section from systematics (TALYS, urr.dat): 96.8509 +/- 82.3233 b.
 5. Thermal (n,g) cross section from TENDL-2023: 96.88 b.
      .......................................
      ...  Thermal total cross sections:  ...
      .......................................
      ... Thermal elastic cross sections: ...
 6. Thermal (n,el) cross section from potential (4piR^2): 9.96833 +/- 0.498417 b.
      .......................................
             ... Resonance integral: ...
 7. No capture integral found in /Users/koning/tares-1.8/source/Module//../../inputs/capture.integral
 ... no RI(n,g) found in local compilation, take 2018 value.
 ... no RI(n,g) found in local compilation, take Sukhoruchkin value.
   ---- MACS 30 keV ----- 
 8. TALYS MACS 30 keV (HF): 1.85101 b. 
   ---------- S0 -------- 
 9. S0 from TALYS: 0.500455
   ---------- S1 -------- 
 10. S1 from TALYS: 0.841208
   ---------- S2 -------- 
 11. S2 from TALYS: 0.649697
   ---------- D0 -------- 
 12. D0 from TALYS: 0.215992 eV
   ---------- D1 -------- 
 13. D1 from TALYS: 0.110401 eV
   ---------- D2 -------- 
 14. D2 from TALYS: 0.0763541 eV
   ---------- G0 -------- 
 15. Gg0 from TALYS: 0.101598 eV
   ---------- G1 -------- 
 16. Gg1 from TALYS: 0.103702 eV
   ---------- G2 -------- 
 17. Gg2 from TALYS: 0.1056 eV


   ---------------------- 
 ... Read resonance parameters (format: 2: Multi Level Breit Wigner)
 ... 0 resonances found 
 ... possibly no resonances in the Resonance directory for this isotope and options
 ... Use HFR (ladder) behavior 
 --> 19. Number of resonances from the input file: 2 up to 0.107996 eV
 20. Read nuclear quantities (mass, MAT...)
 21. Read thermal (n,g) xs 
 22. Read the scattering radius 
 23. Read uncertainty on Gg for 2 resonances
 24. Read uncertainty on Gg for 2 resonances ... done
 ... order resonances 
 ... Upper limit for the RRR: 0.107996 eV (no statistical resonances HFR) from the limit.RRR file
 ... Write parameters for l=0 waves
 ... End writing original MF2 
 ... No RRR in the database: uncertainties on default parameters multiplied by 1.99753
 ... Enter in urr function (ladder option set to y) for file n-Ac214
 ... read the file /Users/koning/tares-1.8/source/Module//../../inputs/2025/list.jcs.urr to find URR origin
 Default URR taken from TALYS calculations with level density model: 91n3n12611.2850
 File considered for the URR: /Users/koning/tares-1.8/source/Module//../../inputs/2025/lib.urr/talys.urr/91n3n12611.2850/Ac/urr/urr.dat.Ac.214.000.0.gz
 ... Write URR using TALYS average parameters (used for HFR)
 ... Limit of URR changed to 25 keV (recommendation from WPEC and JEFF)
 ... Extract the Sn value from file ./urr.dat.Ac.214.0.0
 ... found Sn= 8.47404 MeV
 ... estimated number of resonances up to 239.191 eV: 1107.4 resonances, too high ?
 ... estimated number of resonances up to 119.595 eV:  553.701 resonances
 ... This is a test here. The higher energy limit to include URR data for calendf is set to max Sn. 24/03/2016
 ... Use Sn to define the maximum energy for the URR: Sn= 8.47404 MeV --> last_energyURR= 119.595 eV
 ... read D0, S0, Gn and Gg
 ... number of URR energies: 1560
 Number of l: 1560 and last energy: 12
 Last  URR energy: 119.595 eV
 ... Enter in to_MLBW_mf2 function
 ... Convert to Multi Level Breit Wigner (MLBW)
 ... Write parameter covariances (MF32) for l=0
 ... Convert parameter covariances (MF32) to MLBW
 ... copy the mf2 and mf32 to .mlbw files
 ... Enter in urr_correct function case 1
 Modify the higher limit of RRR in MF2
 --> old value: 1.085360-1 eV new value: 1.000000-2 eV
 Modify resonance covariances (MF32) to include correlations in the URR
 End Modify resonance covariances (MF32) to include correlations in the URR
 ... Enter in calendf_xs function
 Use CALENDF for statistical resonances (update MF2) up to 1.195950+2 eV (initial limit)
 Extract resonances from CALENDF for RRR->URR 2
 1742 statistical resonances found
 Reduction to 100 resonances based on the half-life of the isotope
 After reduction, 101 statistical resonances found
 ... checking resonance order 1
 ... checking resonance order 2nd round for 99 resonances
 ... end checking resonance order 2nd round
 ... hypothetical resonance closer than 0.01 eV to the thermal energy:
 ... all positive resonances shifted by -0.0145199 eV (thermal energy between two resonances)
 .......................................................
 ... Adjustment to the thermal cross section : start ...
 .......................................................

 Before adjustment (adjustment to the thermal cross section set to y)
 ... Import MF2 from TARES calculations
 ... End energy of TARES MF2 : 1.311301E+1 eV and limit to 40000 resonances
 ... File used for reconstruction: new.temp22.reconst
 ... run RECENT ...
 ... Doppler broadened at a unique temperature: 300 Kelvin using sigma1
 ... run SIGMA1 at 3.000000E+02 K.

 ============== INTER values at 300 Kelvin ==============
 Thermal (n,g) xs =  7967.99 b. (meas/sys: 96.8509 b.) (warning: comparison to be done at 296 or 300 K)
 Th Maxw (n,g) xs =  7047.6 b. (thermal Maxwellian value)
 Westcott factor  =  0.88448
 RI      (n,g)    =  766.583 b. (meas or sys: - b.)
 MACS 3.000e+04 eV=  1.8333 b. (meas or sys: - b.) from 1.00E+00 to 2.00E+07 eV (end of RRR) at T= 300 Kelvin 
 Thermal (n,el) xs=  7.56958 b.
 RI      (n,el)   =  25.6828 b.
 ============= PSYCHE values ==============
 Ave. G_total L0  =  0.100234 eV
 Ave. G_total L1  =  0.0991585 eV
 Ave. Gn_0    L0  =  2.3445e-05
 Ave. Gn_0    L1  =  8.34779e-05
 Ave. Gg      L0  =  0.100179 eV
 Ave. Gg      L1  =  0.0991585 eV
 Ave. D       L0  =  0.21855 eV
 Ave. D       L1  =  0.468321 eV
 Ave. S       L0  =  5.47346e-05 eV
 Ave. S       L1  =  3.18922e-05 eV
 =========================================
 Calculated capture integral   766.583 b.
 Calculated thermal (n,g)=          7967.99402 b. and recommended= 96.8509 b. (C/E= 82.2707)
 Calculated RI      (n,g)= 766.583 b. (no reference value)
 ... tolerances: thermal (n,g) 20 % (reference uncertainties, minimum 2% and 5%, maximum 20%)
 Adjust the capture widths ...
 ... capture adjusted with Gn for 99 resonances (Gn<Gg) and with Gg for 0 resonances
 ... iteration 0: C/E thermal (n,g)= 82.2707
 Warning: 99 widths limited to a change of a factor 10 from their starting values

 <-------- After adjustment -------->
 ... Import MF2 from TARES calculations
 ... End energy of TARES MF2 : 1.311301E+1 eV and limit to 40000 resonances
 ... File used for reconstruction: new.temp22.reconst
 ... run RECENT ...
 ... Doppler broadened at a unique temperature: 300 Kelvin using sigma1
 ... run SIGMA1 at 3.000000E+02 K.

 ============== INTER values at 300 Kelvin ==============
 Thermal (n,g) xs =  796.909 b. (meas/sys: 96.8509 b.) (warning: comparison to be done at 296 or 300 K)
 Th Maxw (n,g) xs =  704.85 b. (thermal Maxwellian value)
 Westcott factor  =  0.88448
 RI      (n,g)    =  182.977 b. (meas or sys: - b.)
 MACS 3.000e+04 eV=  1.8331 b. (meas or sys: - b.) from 1.00E+00 to 2.00E+07 eV (end of RRR) at T= 300 Kelvin 
 Thermal (n,el) xs=  7.81886 b.
 RI      (n,el)   =  25.1136 b.
 ============= PSYCHE values ==============
 Ave. G_total L0  =  0.100185 eV
 Ave. G_total L1  =  0.0991585 eV
 Ave. Gn_0    L0  =  2.3445e-06
 Ave. Gn_0    L1  =  8.34779e-06
 Ave. Gg      L0  =  0.100179 eV
 Ave. Gg      L1  =  0.0991585 eV
 Ave. D       L0  =  0.21855 eV
 Ave. D       L1  =  0.468321 eV
 Ave. S       L0  =  5.47347e-06 eV
 Ave. S       L1  =  3.18922e-06 eV
 =========================================
 ... iteration 1: C/E thermal (n,g)= 8.2282
 Warning: 99 widths limited to a change of a factor 10 from their starting values

 <-------- After adjustment -------->
 ... Import MF2 from TARES calculations
 ... End energy of TARES MF2 : 1.311301E+1 eV and limit to 40000 resonances
 ... File used for reconstruction: new.temp22.reconst
 ... run RECENT ...
 ... Doppler broadened at a unique temperature: 300 Kelvin using sigma1
 ... run SIGMA1 at 3.000000E+02 K.

 ============== INTER values at 300 Kelvin ==============
 Thermal (n,g) xs =  796.909 b. (meas/sys: 96.8509 b.) (warning: comparison to be done at 296 or 300 K)
 Th Maxw (n,g) xs =  704.85 b. (thermal Maxwellian value)
 Westcott factor  =  0.88448
 RI      (n,g)    =  182.977 b. (meas or sys: - b.)
 MACS 3.000e+04 eV=  1.8331 b. (meas or sys: - b.) from 1.00E+00 to 2.00E+07 eV (end of RRR) at T= 300 Kelvin 
 Thermal (n,el) xs=  7.81886 b.
 RI      (n,el)   =  25.1136 b.
 ============= PSYCHE values ==============
 Ave. G_total L0  =  0.100185 eV
 Ave. G_total L1  =  0.0991585 eV
 Ave. Gn_0    L0  =  2.3445e-06
 Ave. Gn_0    L1  =  8.34779e-06
 Ave. Gg      L0  =  0.100179 eV
 Ave. Gg      L1  =  0.0991585 eV
 Ave. D       L0  =  0.21855 eV
 Ave. D       L1  =  0.468321 eV
 Ave. S       L0  =  5.47347e-06 eV
 Ave. S       L1  =  3.18922e-06 eV
 =========================================
 ... iteration 2: C/E thermal (n,g)= 8.2282
 Warning: no further change possible (widths at the limit of a factor 10): adjustment stopped


 ... ratio C/E thermal (n,g): 8.228200E+00
 ...................................................... 
 ... Adjustment to the thermal cross section : stop ...
 ...................................................... 
 ... new MF2 file after adjustment: n-Ac214
 ... read the file /Users/koning/tares-1.8/source/Module//../../inputs/2025/list.jcs.urr to find URR origin
 Default URR taken from TALYS calculations with level density model: 91n3n12611.2850
 File considered for the URR: /Users/koning/tares-1.8/source/Module//../../inputs/2025/lib.urr/talys.urr/91n3n12611.2850/Ac/urr/urr.dat.Ac.214.000.0.gz
 ... Write URR using TALYS average parameters (not used for HFR)
 ... Limit of URR changed to 25 keV (recommendation from WPEC and JEFF)
 ... read D0, S0, Gn and Gg
 ... number of URR energies: 1944
 Number of l: 1944 and last energy: 12
 Last  URR energy: 90882 eV
 Energies in the URR : 1944 -> reduced by a factor 2
 Energies in the URR : 936 -> reduced by a factor 2
 Energies in the URR : 528 -> reduced by a factor 2
 ... Enter in urr_correct function case 2
 Modify the higher limit of RRR in MF2
 --> old value: 1.311301+1 eV new value: 1.311301+1 eV
 Modify resonance covariances (MF32) to include correlations in the URR
 End Modify resonance covariances (MF32) to include correlations in the URR
 ... Enter in update_MF32 function
 ... Change uncertainties
 ... for the HFR, random position of the positive resonances with 0.020000 %
 ... end of update MF32 function
 ... GLS calculation of the parameter correlations from the thermal/RI adjustment (MF32c)
 ... MF32: correlations from the thermal/RI adjustment (GLS) for 2 resonances (2 widths), 1 correlation lines
 ...   thermal (n,g): uncertainty from these widths 213.687 b. -> 76.8197 b. (reference: 96.8509 +/- 82.3233 b.)
 ... copy the mf2 and mf32 to .mlbw files

 ... Start of final reconstruction and testing ...
 ... Reconstruction of cross sections at 0 Kelvin  ... Import MF2 from TARES calculations
 ... End energy of TARES MF2 : 1.311301E+1 eV and limit to 40000 resonances
 ... File used for reconstruction: n-Ac214.reconst
 ... run RECENT ...
 ... Doppler broadened at a unique temperature: 0 Kelvin using sigma1
 ... The keyword temperature is zero, no Doppler broadening for the MACS

 ============== INTER values at 0 Kelvin ==============
 Thermal (n,g) xs =  796.963 b. (meas/sys: 96.8509 b.) (warning: comparison to be done at 296 or 300 K)
 Th Maxw (n,g) xs =  701.45 b. (thermal Maxwellian value)
 Westcott factor  =  0.88015
 RI      (n,g)    =  182.316 b. (meas or sys: - b.)
 MACS 3.000e+04 eV=  1.8237 b. (meas or sys: - b.) from 1.00E+00 to 1.31E+01 eV (end of RRR) at T= 0 Kelvin 
 Thermal (n,el) xs=  7.79804 b.
 RI      (n,el)   =  25.0761 b.
 ============= PSYCHE values ==============
 Ave. G_total L0  =  0.100185 eV
 Ave. G_total L1  =  0.0991585 eV
 Ave. Gn_0    L0  =  2.3445e-06
 Ave. Gn_0    L1  =  8.34779e-06
 Ave. Gg      L0  =  0.100179 eV
 Ave. Gg      L1  =  0.0991585 eV
 Ave. D       L0  =  0.21855 eV
 Ave. D       L1  =  0.468321 eV
 Ave. S       L0  =  5.47347e-06 eV
 Ave. S       L1  =  3.18922e-06 eV
 =========================================
 ... End of final reconstruction and testing ...

 ... grouping is not optimum, change to 70 groups
 ... Produce MF33 based on MF32 and 6 random files
 ... MF3 of n-Ac214.reconst (3 sections) added to the files for ENDSAM
 ... run endsam for 6 in groups of 1 global run
 ... run endsam from 1 to 6
 ... random files: total width GT set to Gn+Gg+Gf (594 resonances in 6 files)
 ... reorder resonance position after endsam (sampling)
 ... preparing the vectors  ... done
 ... nominal file 0 Cap(th)  ave= 7.970E+02 b. +/- 0.00 % || Ela(th) ave= 7.798E+00 b. +/- 0.00 % || RIcap ave= 1.82E+02 b. +/- 0.00 % || Macs30 ave= 1.82E+00 b. +/- 0.00 % || Gn^0(l=0) ave= 2.344E-06 +/- 0.00 % Gn^0(l=1) ave= 8.348E-06 +/- 0.00 % Gn^0(l=2) ave= 0.000E+00 +/- 0.00 % Gn^0(l=3) ave= 0.000E+00 +/- 0.00 % || Gtotal(l=0) ave= 1.002E-01 +/- 0.00 % Gtotal(l=1) ave= 9.916E-02 +/- 0.00 % Gtotal(l=2) ave= 0.000E+00 +/- 0.00 % Gtotal(l=3) ave= 0.000E+00 +/- 0.00 %  % || Gg(l=0) ave= 1.002E-01 +/- 0.00 % Gg(l=1) ave= 9.916E-02 +/- 0.00 % Gg(l=2) ave= 0.000E+00 +/- 0.00 % Gg(l=3) ave= 0.000E+00 +/- 0.00 %  % || D(l=0) ave= 2.185E-01 +/- 0.00 % D(l=1) ave= 4.683E-01 +/- 0.00 % D(l=2) ave= 0.000E+00 +/- 0.00 % D(l=3) ave= 0.000E+00 +/- 0.00 %  % || S(l=0) ave= 5.473E-06 +/- 0.00 % S(l=1) ave= 3.189E-06 +/- 0.00 % S(l=2) ave= 0.000E+00 +/- 0.00 % S(l=3) ave= 0.000E+00 +/- 0.00 % 
 ... random file  1 Cap(th)  ave= 7.778E+02 b. +/- 2.46 % || Ela(th) ave= 7.674E+00 b. +/- 1.62 % || RIcap ave= 1.82E+02 b. +/- 0.09 % || Macs30 ave= 1.82E+00 b. +/- 0.00 % || Gn^0(l=0) ave= 2.350E-06 +/- 0.25 % Gn^0(l=1) ave= 8.511E-06 +/- 1.91 % Gn^0(l=2) ave= 0.000E+00 +/- 0.00 % Gn^0(l=3) ave= 0.000E+00 +/- 0.00 % || Gtotal(l=0) ave= 9.480E-02 +/- 5.69 % Gtotal(l=1) ave= 9.917E-02 +/- 0.01 % Gtotal(l=2) ave= 0.000E+00 +/- 0.00 % Gtotal(l=3) ave= 0.000E+00 +/- 0.00 %  % || Gg(l=0) ave= 9.479E-02 +/- 5.69 % Gg(l=1) ave= 9.917E-02 +/- 0.01 % Gg(l=2) ave= 0.000E+00 +/- 0.00 % Gg(l=3) ave= 0.000E+00 +/- 0.00 %  % || D(l=0) ave= 2.185E-01 +/- 0.00 % D(l=1) ave= 4.683E-01 +/- 0.00 % D(l=2) ave= 0.000E+00 +/- 0.00 % D(l=3) ave= 0.000E+00 +/- 0.00 %  % || S(l=0) ave= 5.486E-06 +/- 0.22 % S(l=1) ave= 3.251E-06 +/- 1.91 % S(l=2) ave= 0.000E+00 +/- 0.00 % S(l=3) ave= 0.000E+00 +/- 0.00 % 
 ... random file  2 Cap(th)  ave= 8.017E+02 b. +/- 4.64 % || Ela(th) ave= 7.840E+00 b. +/- 3.27 % || RIcap ave= 1.81E+02 b. +/- 0.66 % || Macs30 ave= 1.82E+00 b. +/- 0.00 % || Gn^0(l=0) ave= 2.346E-06 +/- 0.32 % Gn^0(l=1) ave= 8.369E-06 +/- 2.87 % Gn^0(l=2) ave= 0.000E+00 +/- 0.00 % Gn^0(l=3) ave= 0.000E+00 +/- 0.00 % || Gtotal(l=0) ave= 9.196E-02 +/- 6.48 % Gtotal(l=1) ave= 9.727E-02 +/- 2.76 % Gtotal(l=2) ave= 0.000E+00 +/- 0.00 % Gtotal(l=3) ave= 0.000E+00 +/- 0.00 %  % || Gg(l=0) ave= 9.195E-02 +/- 6.48 % Gg(l=1) ave= 9.727E-02 +/- 2.76 % Gg(l=2) ave= 0.000E+00 +/- 0.00 % Gg(l=3) ave= 0.000E+00 +/- 0.00 %  % || D(l=0) ave= 2.198E-01 +/- 0.79 % D(l=1) ave= 4.683E-01 +/- 0.00 % D(l=2) ave= 0.000E+00 +/- 0.00 % D(l=3) ave= 0.000E+00 +/- 0.00 %  % || S(l=0) ave= 5.450E-06 +/- 0.95 % S(l=1) ave= 3.197E-06 +/- 2.87 % S(l=2) ave= 0.000E+00 +/- 0.00 % S(l=3) ave= 0.000E+00 +/- 0.00 % 
 ... random file  3 Cap(th)  ave= 8.515E+02 b. +/- 10.82 % || Ela(th) ave= 7.896E+00 b. +/- 3.07 % || RIcap ave= 1.82E+02 b. +/- 1.02 % || Macs30 ave= 1.82E+00 b. +/- 0.00 % || Gn^0(l=0) ave= 2.345E-06 +/- 0.30 % Gn^0(l=1) ave= 8.280E-06 +/- 3.13 % Gn^0(l=2) ave= 0.000E+00 +/- 0.00 % Gn^0(l=3) ave= 0.000E+00 +/- 0.00 % || Gtotal(l=0) ave= 9.536E-02 +/- 8.21 % Gtotal(l=1) ave= 9.825E-02 +/- 2.93 % Gtotal(l=2) ave= 0.000E+00 +/- 0.00 % Gtotal(l=3) ave= 0.000E+00 +/- 0.00 %  % || Gg(l=0) ave= 9.535E-02 +/- 8.21 % Gg(l=1) ave= 9.825E-02 +/- 2.93 % Gg(l=2) ave= 0.000E+00 +/- 0.00 % Gg(l=3) ave= 0.000E+00 +/- 0.00 %  % || D(l=0) ave= 2.195E-01 +/- 0.73 % D(l=1) ave= 4.683E-01 +/- 0.00 % D(l=2) ave= 0.000E+00 +/- 0.00 % D(l=3) ave= 0.000E+00 +/- 0.00 %  % || S(l=0) ave= 5.453E-06 +/- 0.83 % S(l=1) ave= 3.163E-06 +/- 3.13 % S(l=2) ave= 0.000E+00 +/- 0.00 % S(l=3) ave= 0.000E+00 +/- 0.00 % 
 ... random file  4 Cap(th)  ave= 8.527E+02 b. +/- 9.66 % || Ela(th) ave= 8.164E+00 b. +/- 7.07 % || RIcap ave= 1.82E+02 b. +/- 0.92 % || Macs30 ave= 1.82E+00 b. +/- 0.00 % || Gn^0(l=0) ave= 2.344E-06 +/- 0.27 % Gn^0(l=1) ave= 8.040E-06 +/- 6.63 % Gn^0(l=2) ave= 0.000E+00 +/- 0.00 % Gn^0(l=3) ave= 0.000E+00 +/- 0.00 % || Gtotal(l=0) ave= 9.568E-02 +/- 7.35 % Gtotal(l=1) ave= 9.966E-02 +/- 3.84 % Gtotal(l=2) ave= 0.000E+00 +/- 0.00 % Gtotal(l=3) ave= 0.000E+00 +/- 0.00 %  % || Gg(l=0) ave= 9.567E-02 +/- 7.35 % Gg(l=1) ave= 9.966E-02 +/- 3.84 % Gg(l=2) ave= 0.000E+00 +/- 0.00 % Gg(l=3) ave= 0.000E+00 +/- 0.00 %  % || D(l=0) ave= 2.193E-01 +/- 0.68 % D(l=1) ave= 4.683E-01 +/- 0.00 % D(l=2) ave= 0.000E+00 +/- 0.00 % D(l=3) ave= 0.000E+00 +/- 0.00 %  % || S(l=0) ave= 5.456E-06 +/- 0.75 % S(l=1) ave= 3.072E-06 +/- 6.64 % S(l=2) ave= 0.000E+00 +/- 0.00 % S(l=3) ave= 0.000E+00 +/- 0.00 % 
 ... random file  5 Cap(th)  ave= 8.449E+02 b. +/- 9.14 % || Ela(th) ave= 8.486E+00 b. +/- 10.51 % || RIcap ave= 1.83E+02 b. +/- 1.07 % || Macs30 ave= 1.82E+00 b. +/- 0.00 % || Gn^0(l=0) ave= 2.344E-06 +/- 0.25 % Gn^0(l=1) ave= 7.780E-06 +/- 9.74 % Gn^0(l=2) ave= 0.000E+00 +/- 0.00 % Gn^0(l=3) ave= 0.000E+00 +/- 0.00 % || Gtotal(l=0) ave= 9.766E-02 +/- 7.99 % Gtotal(l=1) ave= 9.879E-02 +/- 4.05 % Gtotal(l=2) ave= 0.000E+00 +/- 0.00 % Gtotal(l=3) ave= 0.000E+00 +/- 0.00 %  % || Gg(l=0) ave= 9.766E-02 +/- 7.99 % Gg(l=1) ave= 9.879E-02 +/- 4.05 % Gg(l=2) ave= 0.000E+00 +/- 0.00 % Gg(l=3) ave= 0.000E+00 +/- 0.00 %  % || D(l=0) ave= 2.192E-01 +/- 0.63 % D(l=1) ave= 4.683E-01 +/- 0.00 % D(l=2) ave= 0.000E+00 +/- 0.00 % D(l=3) ave= 0.000E+00 +/- 0.00 %  % || S(l=0) ave= 5.459E-06 +/- 0.69 % S(l=1) ave= 2.972E-06 +/- 9.74 % S(l=2) ave= 0.000E+00 +/- 0.00 % S(l=3) ave= 0.000E+00 +/- 0.00 % 
 ... random file  6 Cap(th)  ave= 8.481E+02 b. +/- 8.48 % || Ela(th) ave= 8.435E+00 b. +/- 9.90 % || RIcap ave= 1.83E+02 b. +/- 1.03 % || Macs30 ave= 1.82E+00 b. +/- 0.00 % || Gn^0(l=0) ave= 2.344E-06 +/- 0.24 % Gn^0(l=1) ave= 7.761E-06 +/- 9.06 % Gn^0(l=2) ave= 0.000E+00 +/- 0.00 % Gn^0(l=3) ave= 0.000E+00 +/- 0.00 % || Gtotal(l=0) ave= 9.963E-02 +/- 8.71 % Gtotal(l=1) ave= 9.936E-02 +/- 3.98 % Gtotal(l=2) ave= 0.000E+00 +/- 0.00 % Gtotal(l=3) ave= 0.000E+00 +/- 0.00 %  % || Gg(l=0) ave= 9.962E-02 +/- 8.71 % Gg(l=1) ave= 9.936E-02 +/- 3.98 % Gg(l=2) ave= 0.000E+00 +/- 0.00 % Gg(l=3) ave= 0.000E+00 +/- 0.00 %  % || D(l=0) ave= 2.191E-01 +/- 0.59 % D(l=1) ave= 4.683E-01 +/- 0.00 % D(l=2) ave= 0.000E+00 +/- 0.00 % D(l=3) ave= 0.000E+00 +/- 0.00 %  % || S(l=0) ave= 5.462E-06 +/- 0.65 % S(l=1) ave= 2.965E-06 +/- 9.06 % S(l=2) ave= 0.000E+00 +/- 0.00 % S(l=3) ave= 0.000E+00 +/- 0.00 % 
 ... Histogram plot for thermal (n,g)
 ... Write covariances  ... MT1  ... plot correlations
 ... MT2  ... MT102 


 ================================================
 ============== From 6 random values === start ======
 Thermal (n,tot) xs  0 K =  856.514 b. +/- 71.9004 b. ( 8.39454 %) skew= +1.00 +/- 0.79
 Thermal (n,el) xs   0 K =  8.4354 b. +/- 0.834916 b. ( 9.89776 %) skew= +0.99 +/- 0.79
 Thermal (n,g) xs    0 K =  848.078 b. +/- 71.9227 b. ( 8.48067 %) skew= +1.02 +/- 0.79
 RI      (n,g)       0 K =  182.512 b. +/- 1.88425 b. ( 1.0324 %) 
 MACS    (n,g)       0 K (at Emacs= 30000 eV) =  1.8237 b. +/- 0 b. ( 0 %) 
 Ave. Gtotal  L=0        =  9.963E-02 +/- 8.71 %
 Ave. Gn^(0)  L=0        =  2.344E-06 +/- 0.24 %
 Ave. Gg      L=0        =  9.962E-02 +/- 8.71 %
 Ave. D       L=0        =  2.191E-01 +/- 0.59 %
 Ave. S       L=0        =  5.462E-06 +/- 0.65 %
 Ave. Gtotal  L=1        =  9.936E-02 +/- 3.98 %
 Ave. Gg      L=1        =  9.936E-02 +/- 3.98 %
 Ave. D       L=1        =  4.683E-01 +/- 0.00 %
 Ave. S       L=1        =  2.965E-06 +/- 9.06 %

 Expected Thermal (n,g) (syst or meas)= 96.8509 b. +/- 82.3233 b. nominal: 796.963 b.
 ratio Calculated/expected thermal (n,g): 8.76 ratio DCalculated/Dexpected: 0.87 ratio Calculated/Nominal: 1.06
 ============== From 6 random values ===== stop ======
 ================================================
 ... Calculation of (n,a) and (n,p) cross sections at 300 K
 ... thermal (n,a) cross section is 7.17486e-12 +/- 3.58743e-12 b.
 ... thermal (n,a) cross section is 6.84566e-12 b. (random case 1)
 ... thermal (n,a) cross section is 1.6697e-12 b. (random case 2)
 ... thermal (n,a) cross section is 7.99046e-12 b. (random case 3)
 ... thermal (n,a) cross section is 3.3984e-12 b. (random case 4)
 ... thermal (n,a) cross section is 4.77481e-12 b. (random case 5)
 ... thermal (n,a) cross section is 4.0673e-12 b. (random case 6)
 ... thermal (n,p) cross section is 7.17486e-12 +/- 3.58743e-12 b.
 ... thermal (n,p) cross section is 3.45642e-12 b. (random case 1)
 ... thermal (n,p) cross section is 1.03035e-11 b. (random case 2)
 ... thermal (n,p) cross section is 8.12691e-12 b. (random case 3)
 ... thermal (n,p) cross section is 9.76461e-12 b. (random case 4)
 ... thermal (n,p) cross section is 7.23187e-12 b. (random case 5)
 ... thermal (n,p) cross section is 9.1011e-12 b. (random case 6)
 ... Rewrite index for MF2
 ... Write text for MF1 in file mf1.tares.txt
 ... plotting cross sections for the MF1
 ... order output files


================== summary ==================
 Thermal (n,tot) xs = 804.761 b. 
 Thermal (n,el)  xs = 7.79804 b. 
 Thermal (n,g)   xs = 796.963 b. (meas/sys: 96.8509 b.)
 At 300 K (thermal adjustment): (n,el) = 7.81886 b., (n,g) = 796.909 b.

 RI      (n,g)      = 182.316 b. (meas or sys: - b.)
 RI      (n,el)     = 25.0761 b.
=============================================


 ... cleaning
                                                 
  -------------------------------------------------------------
  -                                                           -
  - TARES: successful end of run with data from hypothetical  -
  - resonances for  Z= 89, A= 214 and isomer= 0               -
  - half-life: 8.200000 sec. 
  -                                                           -
  -------------------------------------------------------------

   Running time:       15 seconds

 End time: Fri Oct  9 12:58:45 2026

