
  -------------------------------------------------------------
  -                                                           -
  -              Welcome to TARES version 1.8                 -
  -                                                           -
  -  (C) Copyright 2007-2025 D. Rochman, All Rights Reserved  -
  -           NRG, Petten, the Netherlands 2007-2014          -
  -           PSI, Villigen    Switzerland 2015-2025          -
  -         Nagra, Wettingen   Switzerland 2025-              -
  -           (Last Modified October 06, 2026)                -
  -           (Database from October 06, 2026)                -
  -                                                           -
  -------------------------------------------------------------


  ---------------------------------------------
   Compilation information:
   Compiled on:         Oct  8 2026, 18:36:06
   Compiled by:         koning
   Compiler version:    clang++ - 21.0.0
   Source location:     /Users/koning/tares-1.8/source/Module/
   Binaries location:   /Users/koning/bin
   System:              Darwin 25.6.0
   System version:      Darwin Kernel Version 25.6.0: Fri Jul 31 19:19:08 PDT 2026; root:xnu-12377.161.14~5/RELEASE_ARM64_T6050  
   Machine:             arm64 
  ---------------------------------------------

   User information:
   User name:           koning
   Running directory:   /Users/koning/tendl/resbase/Pu233/work
   Owner mode for running directory : rwx
   Group mode for running directory : r-x
  ---------------------------------------------


 Starting time: Fri Oct  9 12:14:27 2026
 ... inputs directory found (/Users/koning/tares-1.8/source/Module//../../inputs/).
 ... It will be used for resonance parameters 
 ... ###############################################
 ... #     read the input file tares.inp
 ... ###############################################
 ... line: #
 ... line: # Input file generated by Autorochman
          --> line not read
 ... line: #
 ... line: isotope    Pu
          --> Isotope name: Pu
 ... line: mass       233
          --> isotopic mass: 233
 ... line: output     n-Pu233
         ---> Name of the output files: n-Pu233
 ... line: isomer     0
          --> isomeric state: 0
 ... line: mf32mf33   y
          --> MF33 based on MF32: y
 ... line: nbrRandom  10
          --> Nbr of random files: 10
 ... ###############################################
 ... # end read the input file tares.inp
 ... ###############################################
Value for random generator type not considered in since Tares 1.7 due to compilation issues

 ... ###############################################
     #   Interpretation of the Input definition    #
     ###############################################

 ... Default energy limit: End of resonance region
 ... Nuclear charge    = 94
 ... Element           = Pu
 ... Mass              = 233
 ... Isomer            = 0
 ... Correlation for (Gn,Gg) not included in random files
 ... Default random option: No random
 ... Output name: n-Pu233
 ... Energy for the MACS: 30000 eV
 ... Resonances from CALENDF reduced (reduce=y) 
 ... For URR, level density model from TALYS selected: 91n3n12611.2850 (see manual for description)
 ... Random Generator: default (pseudo random numbers from ansi c++)
 ... Reconstruction of cross section selected
 ... Doppler broadening at 0 Kelvin
 ... URR not included (from the input file flag)
 ... Weight for grouping is flat
 ... Calculation of (n,alpha) cross section selected
 ... Number of digit for MF32c covariance representation: 2
 ... MF32 included
 ... MF33 will be used for covariance processing
 ... TENDL option set to yes (automatic choice of MF2 and format)
 ... Isotope not found in the best file --> use of MLBW formalism
 ... default option: Multi level Breit Wigner approximation selected
 ... (check file best.tendl.yes for changing this option)
 ... Retroactive option set to no with the 2025 option
 ... ladder option set to yes (CALENDF will be used for statistical resonances)

 ... ###############################################
     #           End of Input definition           #
     ###############################################

 ... gnuplot found, will be used for plotting
 ... latex found, will be used for plotting
 ... dvips found, will be used for plotting
 ... ps2epsi not found, limited plotting available
 ... uncertainties on default parameters multiplied by 1.43651
 ... Read resonance data from the 2025 directory
 ... Resonance parameters taken from /Users/koning/tares-1.8/source/Module//../../inputs/2025/Resonance/default/
 ---> Processing Z= 94 and A= 233 and isomer= 0 (level number: 0)
 Exfor path; Could not find /Users/koning/tares-1.8/source/Module//../../inputs/exfor/Pu233/xs/102
Thermal file; Could not open file /Users/koning/tares-1.8/source/Module//../../inputs/2025/runThermal/results//thermal.mxw.ng.cendl3.1
Thermal file; Could not open file /Users/koning/tares-1.8/source/Module//../../inputs/2025/runThermal/results//thermal.mxw.ng.brond3.1
Thermal file; Could not open file /Users/koning/tares-1.8/source/Module//../../inputs/2025/runThermal/results//thermal.xs.ng.unc.cendl3.1
 ... spin taken from the final/ directory (1)

 ... ###############################################
 ... #  Nucleus global parameters (2025 database)  #
 ... ###############################################
 0. Half-life: 20.9 min. 
 ... Scattering radius from TALYS: /Users/koning/tares-1.8/source/Module//../../inputs/2025/lib.urr/talys.urr/
 1. Spin of the target isotope: 2.5
 2. Relative Atomic Mass of the target isotope: 233.042
 3. Scattering radius (local compilation): 8.15758 fm +/- 0.171309 fm
      .......................................
      ... Thermal capture cross sections: ...
 4. Thermal (n,g) cross section from systematics (TALYS, urr.dat): 136.237 +/- 95.3658 b.
 5. Thermal (n,g) cross section from TENDL-2023: 14.97 +/- 5.3 b.
      .......................................
      ...  Thermal total cross sections:  ...
      .......................................
      ... Thermal elastic cross sections: ...
 6. Thermal (n,el) cross section from potential (4piR^2): 10.2521 +/- 0.512606 b.
      .......................................
             ... Resonance integral: ...
 7. No capture integral found in /Users/koning/tares-1.8/source/Module//../../inputs/capture.integral
 ... no RI(n,g) found in local compilation, take 2018 value.
 ... no RI(n,g) found in local compilation, take Sukhoruchkin value.
 8. Thermal (n,f) cross section from systematics: 464.291 +/- 371.433 b.
   ---- MACS 30 keV ----- 
 9. TALYS MACS 30 keV (HF): 3.1882e-06 b. 
   ---------- S0 -------- 
 10. S0 from TALYS: 0.542902
   ---------- S1 -------- 
 11. S1 from TALYS: 1.91128
   ---------- S2 -------- 
 12. S2 from TALYS: 0.607762
   ---------- D0 -------- 
 13. D0 from TALYS: 0.087143 eV
   ---------- D1 -------- 
 14. D1 from TALYS: 0.0445748 eV
   ---------- D2 -------- 
 15. D2 from TALYS: 0.0308658 eV
   ---------- G0 -------- 
 16. Gg0 from TALYS: 0.0338305 eV
   ---------- G1 -------- 
 17. Gg1 from TALYS: 0.0341453 eV
   ---------- G2 -------- 
 18. Gg2 from TALYS: 0.034179 eV


   ---------------------- 
 ... Read resonance parameters (format: 2: Multi Level Breit Wigner)
 ... 0 resonances found 
 ... possibly no resonances in the Resonance directory for this isotope and options
 ... Use HFR (ladder) behavior 
 --> 19. Number of resonances from the input file: 2 up to 0.0435715 eV
 20. Read nuclear quantities (mass, MAT...)
 21. Read thermal (n,g) xs 
 22. Read the scattering radius 
 23. Read uncertainty on Gg for 2 resonances
 24. Read uncertainty on Gg for 2 resonances ... done
 25. Read uncertainty on Gf1
 26. Read uncertainty on Gf2
 ... order resonances 
 ... Upper limit for the RRR: 0.0435715 eV (no statistical resonances HFR) from the limit.RRR file
 ... Write parameters for l=0 waves
 ... End writing original MF2 
 ... No RRR in the database: uncertainties on default parameters multiplied by 1.99753
 ... Enter in urr function (ladder option set to y) for file n-Pu233
 ... read the file /Users/koning/tares-1.8/source/Module//../../inputs/2025/list.jcs.urr to find URR origin
 Default URR taken from TALYS calculations with level density model: 91n3n12611.2850
 File considered for the URR: /Users/koning/tares-1.8/source/Module//../../inputs/2025/lib.urr/talys.urr/91n3n12611.2850/Pu/urr/urr.dat.Pu.233.000.0.gz
 ... Write URR using TALYS average parameters (used for HFR)
 ... Limit of URR changed to 25 keV (recommendation from WPEC and JEFF)
 ... Extract the Sn value from file ./urr.dat.Pu.233.0.0
 ... found Sn= 7.77317 MeV
 ... estimated number of resonances up to 3310.05 eV: 37984.1 resonances, too high ?
 ... estimated number of resonances up to 1655.02 eV: 18992 resonances, too high ?
 ... estimated number of resonances up to 827.512 eV: 9496.02 resonances, too high ?
 ... estimated number of resonances up to 413.756 eV: 4748.01 resonances, too high ?
 ... estimated number of resonances up to 206.878 eV: 2374.01 resonances, too high ?
 too many reductions... stops after 5
 ... estimated number of resonances up to 103.439 eV:  1187 resonances
 ... This is a test here. The higher energy limit to include URR data for calendf is set to max Sn. 24/03/2016
 ... Use Sn to define the maximum energy for the URR: Sn= 7.77317 MeV --> last_energyURR= 103.439 eV
 ... read D0, S0, Gn and Gg
 ... number of URR energies: 1548
 Number of l: 1548 and last energy: 12
 Last  URR energy: 103.439 eV
 ... Enter in to_MLBW_mf2 function
 ... Convert to Multi Level Breit Wigner (MLBW)
 ... Write parameter covariances (MF32) for l=0
 ... Convert parameter covariances (MF32) to MLBW
 ... copy the mf2 and mf32 to .mlbw files
 ... Enter in urr_correct function case 1
 Modify the higher limit of RRR in MF2
 --> old value: 4.378900-2 eV new value: 1.000000-2 eV
 Modify resonance covariances (MF32) to include correlations in the URR
 End Modify resonance covariances (MF32) to include correlations in the URR
 ... Enter in calendf_xs function
 Use CALENDF for statistical resonances (update MF2) up to 1.034390+2 eV (initial limit)
 Extract resonances from CALENDF for RRR->URR 2
 3752 statistical resonances found
 After reduction, 3151 statistical resonances found
 ... checking resonance order 1
 ... checking resonance order 2nd round for 3147 resonances
 ... end checking resonance order 2nd round
 Too many resonances (3147): reduced to 100.
 .......................................................
 ... Adjustment to the thermal cross section : start ...
 .......................................................
 --> Systematics thermal (n,g) xs   136.237 b.
 --> Systematics thermal (n,f) xs   464.291 b.
 ... Prior values:
 ... Import MF2 from TARES calculations
 ... End energy of TARES MF2 : 6.928367E+0 eV and limit to 40000 resonances
 ... File used for reconstruction: new.temp22.reconst
 ... run RECENT ...
 ... Doppler broadened at a unique temperature: 300 Kelvin using sigma1
 ... run SIGMA1 at 3.000000E+02 K.

 ============== INTER values at 300 Kelvin ==============
 Thermal (n,g) xs =  8.55575 b. (meas/sys: 136.237 b.) (warning: comparison to be done at 296 or 300 K)
 Th Maxw (n,g) xs =  8.6246 b. (thermal Maxwellian value)
 Westcott factor  =  1.00805
 RI      (n,g)    =  6.75411 b. (meas or sys: - b.)
 MACS 3.000e+04 eV=  3.2309e-06 b. (meas or sys: - b.) from 1.00E+00 to 2.00E+07 eV (end of RRR) at T= 300 Kelvin 
 Thermal (n,el) xs=  8.11026 b.
 RI      (n,el)   =  20.8938 b.
 Thermal (n,f) xs =  584.95 b. (meas/sys: 464.291 +/- 371.433 b.)
 RI      (n,f) xs =  214.999 b. 
 ============= PSYCHE values ==============
 Ave. G_total L0  =  5.22817 eV
 Ave. G_total L1  =  3.70691 eV
 Ave. Gn_0    L0  =  8.33233e-06
 Ave. Gn_0    L1  =  0.000102313
 Ave. Gg      L0  =  0.0336346 eV
 Ave. Gg      L1  =  0.0336847 eV
 Ave. D       L0  =  0.0888251 eV
 Ave. D       L1  =  0.494883 eV
 Ave. S       L0  =  4.85659e-05 eV
 Ave. S       L1  =  3.69831e-05 eV
 =========================================
 ... tolerances: thermal (n,g) 20 %, thermal (n,f) 20 % (reference uncertainties, minimum 2%, maximum 20%)
 Calculated thermal (n,g)=          8.55574930 b. and measured/system= 136.237 b. (C/E= 0.0628006)
 Calculated thermal (n,f)=          584.950186 b. and measured/system= 464.291 b. (C/E= 1.25988)
 Warning: first correction of Gg/Gf limited to a factor 10 (C/E too far from 1)
 ... Import MF2 from TARES calculations
 ... End energy of TARES MF2 : 6.928367E+0 eV and limit to 40000 resonances
 ... File used for reconstruction: new.temp22.reconst
 ... run RECENT ...
 ... Doppler broadened at a unique temperature: 300 Kelvin using sigma1
 ... run SIGMA1 at 3.000000E+02 K.

 ============== INTER values at 300 Kelvin ==============
 Thermal (n,g) xs =  75.6205 b. (meas/sys: 136.237 b.) (warning: comparison to be done at 296 or 300 K)
 Th Maxw (n,g) xs =  76.236 b. (thermal Maxwellian value)
 Westcott factor  =  1.00814
 RI      (n,g)    =  43.8866 b. (meas or sys: - b.)
 MACS 3.000e+04 eV=  3.7352e-06 b. (meas or sys: - b.) from 1.00E+00 to 2.00E+07 eV (end of RRR) at T= 300 Kelvin 
 Thermal (n,el) xs=  8.11263 b.
 RI      (n,el)   =  20.8928 b.
 Thermal (n,f) xs =  507.963 b. (meas/sys: 464.291 +/- 371.433 b.)
 RI      (n,f) xs =  177.672 b. 
 ============= PSYCHE values ==============
 Ave. G_total L0  =  5.20154 eV
 Ave. G_total L1  =  3.77719 eV
 Ave. Gn_0    L0  =  8.33233e-06
 Ave. Gn_0    L1  =  0.000102313
 Ave. Gg      L0  =  0.336346 eV
 Ave. Gg      L1  =  0.336847 eV
 Ave. D       L0  =  0.0888251 eV
 Ave. D       L1  =  0.494883 eV
 Ave. S       L0  =  4.85659e-05 eV
 Ave. S       L1  =  3.69831e-05 eV
 =========================================
 ... iteration 0: C/E thermal (n,g)= 0.555067  C/E thermal (n,f)= 1.09406
 Warning: 100 Gg/Gf values limited to a change of a factor 10 from their starting values
 ... Posterior values (iteration 1):
 ... Import MF2 from TARES calculations
 ... End energy of TARES MF2 : 6.928367E+0 eV and limit to 40000 resonances
 ... File used for reconstruction: new.temp22.reconst
 ... run RECENT ...
 ... Doppler broadened at a unique temperature: 300 Kelvin using sigma1
 ... run SIGMA1 at 3.000000E+02 K.

 ============== INTER values at 300 Kelvin ==============
 Thermal (n,g) xs =  75.6205 b. (meas/sys: 136.237 b.) (warning: comparison to be done at 296 or 300 K)
 Th Maxw (n,g) xs =  76.236 b. (thermal Maxwellian value)
 Westcott factor  =  1.00814
 RI      (n,g)    =  43.8866 b. (meas or sys: - b.)
 MACS 3.000e+04 eV=  3.7355e-06 b. (meas or sys: - b.) from 1.00E+00 to 2.00E+07 eV (end of RRR) at T= 300 Kelvin 
 Thermal (n,el) xs=  8.11263 b.
 RI      (n,el)   =  20.8928 b.
 Thermal (n,f) xs =  507.963 b. (meas/sys: 464.291 +/- 371.433 b.)
 RI      (n,f) xs =  177.672 b. 
 ============= PSYCHE values ==============
 Ave. G_total L0  =  5.20154 eV
 Ave. G_total L1  =  3.77719 eV
 Ave. Gn_0    L0  =  8.33233e-06
 Ave. Gn_0    L1  =  0.000102313
 Ave. Gg      L0  =  0.336346 eV
 Ave. Gg      L1  =  0.336847 eV
 Ave. D       L0  =  0.0888251 eV
 Ave. D       L1  =  0.494883 eV
 Ave. S       L0  =  4.85659e-05 eV
 Ave. S       L1  =  3.69831e-05 eV
 =========================================

 ... iteration 1: C/E thermal (n,g)= 0.555067  C/E thermal (n,f)= 1.09406
 Warning: no further change possible (widths at the limit of a factor 10): adjustment stopped
 Adjusted thermal (n,f) xs            507.962845 b. (ratio for Gf= 1 )

 ... ratio C/E thermal (n,g): 5.550669E-01
 ... ratio C/E thermal (n,f): 1.094061E+00
 ...................................................... 
 ... Adjustment to the thermal cross section : stop ...
 ...................................................... 
 ... new MF2 file after adjustment: n-Pu233
 ... read the file /Users/koning/tares-1.8/source/Module//../../inputs/2025/list.jcs.urr to find URR origin
 Default URR taken from TALYS calculations with level density model: 91n3n12611.2850
 File considered for the URR: /Users/koning/tares-1.8/source/Module//../../inputs/2025/lib.urr/talys.urr/91n3n12611.2850/Pu/urr/urr.dat.Pu.233.000.0.gz
 ... Write URR using TALYS average parameters (not used for HFR)
 ... Limit of URR changed to 25 keV (recommendation from WPEC and JEFF)
 Energy limit of the URR set to 9.00688 eV
 ... read D0, S0, Gn and Gg
 ... number of URR energies: 96
 Number of l: 96 and last energy: 12
 Last  URR energy: 9.00688 eV
 ... Enter in urr_correct function case 2
 Modify the higher limit of RRR in MF2
 --> old value: 6.928367+0 eV new value: 6.928367+0 eV
 Modify resonance covariances (MF32) to include correlations in the URR
 End Modify resonance covariances (MF32) to include correlations in the URR
 ... Enter in update_MF32 function
 ... Change uncertainties
 ... for the HFR, random position of the positive resonances with 0.020000 %
 ... end of update MF32 function
 ... GLS calculation of the parameter correlations from the thermal/RI adjustment (MF32c)
 ... MF32: correlations from the thermal/RI adjustment (GLS) for 20 resonances (45 widths), 1 correlation lines
 ...   thermal (n,g): uncertainty from these widths 21.2547 b. -> 20.7157 b. (reference: 136.237 +/- 95.3658 b.)
 ...   thermal (n,f): uncertainty from these widths 41.4213 b. -> 40.9279 b. (reference: 464.291 +/- 371.433 b.)
 ... copy the mf2 and mf32 to .mlbw files

 ... Start of final reconstruction and testing ...
 ... Reconstruction of cross sections at 0 Kelvin  ... Import MF2 from TARES calculations
 ... End energy of TARES MF2 : 6.928367E+0 eV and limit to 40000 resonances
 ... File used for reconstruction: n-Pu233.reconst
 ... run RECENT ...
 ... Doppler broadened at a unique temperature: 0 Kelvin using sigma1
 ... The keyword temperature is zero, no Doppler broadening for the MACS

 ============== INTER values at 0 Kelvin ==============
 Thermal (n,g) xs =  75.5789 b. (meas/sys: 136.237 b.) (warning: comparison to be done at 296 or 300 K)
 Th Maxw (n,g) xs =  75.794 b. (thermal Maxwellian value)
 Westcott factor  =  1.00285
 RI      (n,g)    =  43.7871 b. (meas or sys: - b.)
 MACS 3.000e+04 eV=  3.7639e-06 b. (meas or sys: - b.) from 1.00E+00 to 6.93E+00 eV (end of RRR) at T= 0 Kelvin 
 Thermal (n,el) xs=  8.09486 b.
 RI      (n,el)   =  20.8992 b.
 Thermal (n,f) xs =  507.687 b. (meas/sys: 464.291 +/- 371.433 b.)
 RI      (n,f) xs =  177.118 b. 
 ============= PSYCHE values ==============
 Ave. G_total L0  =  5.20154 eV
 Ave. G_total L1  =  3.77719 eV
 Ave. Gn_0    L0  =  8.33233e-06
 Ave. Gn_0    L1  =  0.000102313
 Ave. Gg      L0  =  0.336346 eV
 Ave. Gg      L1  =  0.336847 eV
 Ave. D       L0  =  0.0888251 eV
 Ave. D       L1  =  0.494883 eV
 Ave. S       L0  =  4.85659e-05 eV
 Ave. S       L1  =  3.69831e-05 eV
 =========================================
 ... End of final reconstruction and testing ...

 ... grouping is not optimum, change to 70 groups
 ... Produce MF33 based on MF32 and 10 random files
 ... MF3 of n-Pu233.reconst (4 sections) added to the files for ENDSAM
 ... run endsam for 10 in groups of 1 global run
 ... run endsam from 1 to 10
 ... random files: total width GT set to Gn+Gg+Gf (1000 resonances in 10 files)
 ... reorder resonance position after endsam (sampling)
 ... preparing the vectors  ... done
 ... nominal file 0 Cap(th)  ave= 7.558E+01 b. +/- 0.00 % || Ela(th) ave= 8.095E+00 b. +/- 0.00 % || RIcap ave= 4.38E+01 b. +/- 0.00 % || Macs30 ave= 3.76E-06 b. +/- 0.00 % || Gn^0(l=0) ave= 8.332E-06 +/- 0.00 % Gn^0(l=1) ave= 1.023E-04 +/- 0.00 % Gn^0(l=2) ave= 0.000E+00 +/- 0.00 % Gn^0(l=3) ave= 0.000E+00 +/- 0.00 % || Gtotal(l=0) ave= 5.202E+00 +/- 0.00 % Gtotal(l=1) ave= 3.777E+00 +/- 0.00 % Gtotal(l=2) ave= 0.000E+00 +/- 0.00 % Gtotal(l=3) ave= 0.000E+00 +/- 0.00 %  % || Gg(l=0) ave= 3.363E-01 +/- 0.00 % Gg(l=1) ave= 3.368E-01 +/- 0.00 % Gg(l=2) ave= 0.000E+00 +/- 0.00 % Gg(l=3) ave= 0.000E+00 +/- 0.00 %  % || D(l=0) ave= 8.883E-02 +/- 0.00 % D(l=1) ave= 4.949E-01 +/- 0.00 % D(l=2) ave= 0.000E+00 +/- 0.00 % D(l=3) ave= 0.000E+00 +/- 0.00 %  % || S(l=0) ave= 4.857E-05 +/- 0.00 % S(l=1) ave= 3.698E-05 +/- 0.00 % S(l=2) ave= 0.000E+00 +/- 0.00 % S(l=3) ave= 0.000E+00 +/- 0.00 %  % || Fis(th) ave= 5.077E+02 b. +/- 0.00 %
 ... random file  1 Cap(th)  ave= 8.356E+01 b. +/- 9.55 % || Ela(th) ave= 8.457E+00 b. +/- 4.29 % || RIcap ave= 4.20E+01 b. +/- 4.37 % || Macs30 ave= 3.69E-06 b. +/- 1.96 % || Gn^0(l=0) ave= 8.328E-06 +/- 0.05 % Gn^0(l=1) ave= 9.808E-05 +/- 4.32 % Gn^0(l=2) ave= 0.000E+00 +/- 0.00 % Gn^0(l=3) ave= 0.000E+00 +/- 0.00 % || Gtotal(l=0) ave= 5.460E+00 +/- 4.73 % Gtotal(l=1) ave= 3.883E+00 +/- 2.73 % Gtotal(l=2) ave= 0.000E+00 +/- 0.00 % Gtotal(l=3) ave= 0.000E+00 +/- 0.00 %  % || Gg(l=0) ave= 3.328E-01 +/- 1.05 % Gg(l=1) ave= 4.304E-01 +/- 21.74 % Gg(l=2) ave= 0.000E+00 +/- 0.00 % Gg(l=3) ave= 0.000E+00 +/- 0.00 %  % || D(l=0) ave= 8.883E-02 +/- 0.00 % D(l=1) ave= 4.949E-01 +/- 0.00 % D(l=2) ave= 0.000E+00 +/- 0.00 % D(l=3) ave= 0.000E+00 +/- 0.00 %  % || S(l=0) ave= 4.854E-05 +/- 0.04 % S(l=1) ave= 3.545E-05 +/- 4.31 % S(l=2) ave= 0.000E+00 +/- 0.00 % S(l=3) ave= 0.000E+00 +/- 0.00 %  % || Fis(th) ave= 5.161E+02 b. +/- 1.62 %
 ... random file  2 Cap(th)  ave= 9.068E+01 b. +/- 13.23 % || Ela(th) ave= 7.939E+00 b. +/- 9.96 % || RIcap ave= 4.37E+01 b. +/- 6.57 % || Macs30 ave= 3.72E-06 b. +/- 1.92 % || Gn^0(l=0) ave= 8.290E-06 +/- 0.65 % Gn^0(l=1) ave= 1.052E-04 +/- 10.08 % Gn^0(l=2) ave= 0.000E+00 +/- 0.00 % Gn^0(l=3) ave= 0.000E+00 +/- 0.00 % || Gtotal(l=0) ave= 5.665E+00 +/- 6.34 % Gtotal(l=1) ave= 3.575E+00 +/- 12.42 % Gtotal(l=2) ave= 0.000E+00 +/- 0.00 % Gtotal(l=3) ave= 0.000E+00 +/- 0.00 %  % || Gg(l=0) ave= 3.299E-01 +/- 1.52 % Gg(l=1) ave= 3.812E-01 +/- 27.11 % Gg(l=2) ave= 0.000E+00 +/- 0.00 % Gg(l=3) ave= 0.000E+00 +/- 0.00 %  % || D(l=0) ave= 8.921E-02 +/- 0.61 % D(l=1) ave= 4.949E-01 +/- 0.00 % D(l=2) ave= 0.000E+00 +/- 0.00 % D(l=3) ave= 0.000E+00 +/- 0.00 %  % || S(l=0) ave= 4.807E-05 +/- 1.39 % S(l=1) ave= 3.801E-05 +/- 10.08 % S(l=2) ave= 0.000E+00 +/- 0.00 % S(l=3) ave= 0.000E+00 +/- 0.00 %  % || Fis(th) ave= 5.270E+02 b. +/- 3.22 %
 ... random file  3 Cap(th)  ave= 1.021E+02 b. +/- 21.89 % || Ela(th) ave= 7.329E+00 b. +/- 17.17 % || RIcap ave= 4.50E+01 b. +/- 7.54 % || Macs30 ave= 3.71E-06 b. +/- 1.68 % || Gn^0(l=0) ave= 8.260E-06 +/- 0.85 % Gn^0(l=1) ave= 1.162E-04 +/- 18.20 % Gn^0(l=2) ave= 0.000E+00 +/- 0.00 % Gn^0(l=3) ave= 0.000E+00 +/- 0.00 % || Gtotal(l=0) ave= 5.496E+00 +/- 7.78 % Gtotal(l=1) ave= 3.637E+00 +/- 10.97 % Gtotal(l=2) ave= 0.000E+00 +/- 0.00 % Gtotal(l=3) ave= 0.000E+00 +/- 0.00 %  % || Gg(l=0) ave= 3.369E-01 +/- 3.82 % Gg(l=1) ave= 3.824E-01 +/- 23.41 % Gg(l=2) ave= 0.000E+00 +/- 0.00 % Gg(l=3) ave= 0.000E+00 +/- 0.00 %  % || D(l=0) ave= 8.940E-02 +/- 0.65 % D(l=1) ave= 4.949E-01 +/- 0.00 % D(l=2) ave= 0.000E+00 +/- 0.00 % D(l=3) ave= 0.000E+00 +/- 0.00 %  % || S(l=0) ave= 4.776E-05 +/- 1.66 % S(l=1) ave= 4.199E-05 +/- 18.20 % S(l=2) ave= 0.000E+00 +/- 0.00 % S(l=3) ave= 0.000E+00 +/- 0.00 %  % || Fis(th) ave= 5.334E+02 b. +/- 3.44 %
 ... random file  4 Cap(th)  ave= 9.931E+01 b. +/- 20.90 % || Ela(th) ave= 7.654E+00 b. +/- 16.98 % || RIcap ave= 4.48E+01 b. +/- 6.89 % || Macs30 ave= 3.73E-06 b. +/- 1.63 % || Gn^0(l=0) ave= 8.269E-06 +/- 0.79 % Gn^0(l=1) ave= 1.114E-04 +/- 18.96 % Gn^0(l=2) ave= 0.000E+00 +/- 0.00 % Gn^0(l=3) ave= 0.000E+00 +/- 0.00 % || Gtotal(l=0) ave= 5.510E+00 +/- 6.96 % Gtotal(l=1) ave= 3.965E+00 +/- 18.84 % Gtotal(l=2) ave= 0.000E+00 +/- 0.00 % Gtotal(l=3) ave= 0.000E+00 +/- 0.00 %  % || Gg(l=0) ave= 3.383E-01 +/- 3.50 % Gg(l=1) ave= 3.666E-01 +/- 23.49 % Gg(l=2) ave= 0.000E+00 +/- 0.00 % Gg(l=3) ave= 0.000E+00 +/- 0.00 %  % || D(l=0) ave= 8.929E-02 +/- 0.63 % D(l=1) ave= 4.949E-01 +/- 0.00 % D(l=2) ave= 0.000E+00 +/- 0.00 % D(l=3) ave= 0.000E+00 +/- 0.00 %  % || S(l=0) ave= 4.789E-05 +/- 1.58 % S(l=1) ave= 4.029E-05 +/- 18.96 % S(l=2) ave= 0.000E+00 +/- 0.00 % S(l=3) ave= 0.000E+00 +/- 0.00 %  % || Fis(th) ave= 5.201E+02 b. +/- 6.02 %
 ... random file  5 Cap(th)  ave= 9.704E+01 b. +/- 20.22 % || Ela(th) ave= 7.623E+00 b. +/- 15.59 % || RIcap ave= 4.62E+01 b. +/- 9.35 % || Macs30 ave= 3.75E-06 b. +/- 2.09 % || Gn^0(l=0) ave= 8.276E-06 +/- 0.75 % Gn^0(l=1) ave= 1.112E-04 +/- 17.35 % Gn^0(l=2) ave= 0.000E+00 +/- 0.00 % Gn^0(l=3) ave= 0.000E+00 +/- 0.00 % || Gtotal(l=0) ave= 5.427E+00 +/- 7.32 % Gtotal(l=1) ave= 4.046E+00 +/- 17.44 % Gtotal(l=2) ave= 0.000E+00 +/- 0.00 % Gtotal(l=3) ave= 0.000E+00 +/- 0.00 %  % || Gg(l=0) ave= 3.404E-01 +/- 3.47 % Gg(l=1) ave= 3.761E-01 +/- 21.65 % Gg(l=2) ave= 0.000E+00 +/- 0.00 % Gg(l=3) ave= 0.000E+00 +/- 0.00 %  % || D(l=0) ave= 8.921E-02 +/- 0.61 % D(l=1) ave= 4.949E-01 +/- 0.00 % D(l=2) ave= 0.000E+00 +/- 0.00 % D(l=3) ave= 0.000E+00 +/- 0.00 %  % || S(l=0) ave= 4.798E-05 +/- 1.50 % S(l=1) ave= 4.020E-05 +/- 17.35 % S(l=2) ave= 0.000E+00 +/- 0.00 % S(l=3) ave= 0.000E+00 +/- 0.00 %  % || Fis(th) ave= 5.124E+02 b. +/- 6.51 %
 ... random file  6 Cap(th)  ave= 9.782E+01 b. +/- 18.67 % || Ela(th) ave= 7.793E+00 b. +/- 15.09 % || RIcap ave= 4.69E+01 b. +/- 9.20 % || Macs30 ave= 3.77E-06 b. +/- 2.16 % || Gn^0(l=0) ave= 8.283E-06 +/- 0.72 % Gn^0(l=1) ave= 1.088E-04 +/- 17.28 % Gn^0(l=2) ave= 0.000E+00 +/- 0.00 % Gn^0(l=3) ave= 0.000E+00 +/- 0.00 % || Gtotal(l=0) ave= 5.497E+00 +/- 7.38 % Gtotal(l=1) ave= 4.001E+00 +/- 16.56 % Gtotal(l=2) ave= 0.000E+00 +/- 0.00 % Gtotal(l=3) ave= 0.000E+00 +/- 0.00 %  % || Gg(l=0) ave= 3.397E-01 +/- 3.26 % Gg(l=1) ave= 3.746E-01 +/- 20.14 % Gg(l=2) ave= 0.000E+00 +/- 0.00 % Gg(l=3) ave= 0.000E+00 +/- 0.00 %  % || D(l=0) ave= 8.915E-02 +/- 0.58 % D(l=1) ave= 4.949E-01 +/- 0.00 % D(l=2) ave= 0.000E+00 +/- 0.00 % D(l=3) ave= 0.000E+00 +/- 0.00 %  % || S(l=0) ave= 4.806E-05 +/- 1.44 % S(l=1) ave= 3.933E-05 +/- 17.28 % S(l=2) ave= 0.000E+00 +/- 0.00 % S(l=3) ave= 0.000E+00 +/- 0.00 %  % || Fis(th) ave= 5.118E+02 b. +/- 6.04 %
 ... random file  7 Cap(th)  ave= 9.980E+01 b. +/- 17.90 % || Ela(th) ave= 7.971E+00 b. +/- 15.01 % || RIcap ave= 4.80E+01 b. +/- 10.44 % || Macs30 ave= 3.76E-06 b. +/- 2.05 % || Gn^0(l=0) ave= 8.287E-06 +/- 0.68 % Gn^0(l=1) ave= 1.064E-04 +/- 17.53 % Gn^0(l=2) ave= 0.000E+00 +/- 0.00 % Gn^0(l=3) ave= 0.000E+00 +/- 0.00 % || Gtotal(l=0) ave= 5.542E+00 +/- 7.18 % Gtotal(l=1) ave= 4.045E+00 +/- 15.58 % Gtotal(l=2) ave= 0.000E+00 +/- 0.00 % Gtotal(l=3) ave= 0.000E+00 +/- 0.00 %  % || Gg(l=0) ave= 3.380E-01 +/- 3.33 % Gg(l=1) ave= 3.714E-01 +/- 19.14 % Gg(l=2) ave= 0.000E+00 +/- 0.00 % Gg(l=3) ave= 0.000E+00 +/- 0.00 %  % || D(l=0) ave= 8.911E-02 +/- 0.56 % D(l=1) ave= 4.949E-01 +/- 0.00 % D(l=2) ave= 0.000E+00 +/- 0.00 % D(l=3) ave= 0.000E+00 +/- 0.00 %  % || S(l=0) ave= 4.810E-05 +/- 1.37 % S(l=1) ave= 3.848E-05 +/- 17.53 % S(l=2) ave= 0.000E+00 +/- 0.00 % S(l=3) ave= 0.000E+00 +/- 0.00 %  % || Fis(th) ave= 5.132E+02 b. +/- 5.68 %
 ... random file  8 Cap(th)  ave= 9.719E+01 b. +/- 18.92 % || Ela(th) ave= 8.078E+00 b. +/- 14.46 % || RIcap ave= 4.87E+01 b. +/- 10.47 % || Macs30 ave= 3.78E-06 b. +/- 2.27 % || Gn^0(l=0) ave= 8.278E-06 +/- 0.71 % Gn^0(l=1) ave= 1.049E-04 +/- 17.29 % Gn^0(l=2) ave= 0.000E+00 +/- 0.00 % Gn^0(l=3) ave= 0.000E+00 +/- 0.00 % || Gtotal(l=0) ave= 5.453E+00 +/- 8.30 % Gtotal(l=1) ave= 3.983E+00 +/- 15.54 % Gtotal(l=2) ave= 0.000E+00 +/- 0.00 % Gtotal(l=3) ave= 0.000E+00 +/- 0.00 %  % || Gg(l=0) ave= 3.373E-01 +/- 3.21 % Gg(l=1) ave= 3.718E-01 +/- 18.03 % Gg(l=2) ave= 0.000E+00 +/- 0.00 % Gg(l=3) ave= 0.000E+00 +/- 0.00 %  % || D(l=0) ave= 8.921E-02 +/- 0.61 % D(l=1) ave= 4.949E-01 +/- 0.00 % D(l=2) ave= 0.000E+00 +/- 0.00 % D(l=3) ave= 0.000E+00 +/- 0.00 %  % || S(l=0) ave= 4.799E-05 +/- 1.46 % S(l=1) ave= 3.791E-05 +/- 17.29 % S(l=2) ave= 0.000E+00 +/- 0.00 % S(l=3) ave= 0.000E+00 +/- 0.00 %  % || Fis(th) ave= 5.115E+02 b. +/- 5.45 %
 ... random file  9 Cap(th)  ave= 9.495E+01 b. +/- 19.69 % || Ela(th) ave= 8.159E+00 b. +/- 13.90 % || RIcap ave= 4.85E+01 b. +/- 10.02 % || Macs30 ave= 3.78E-06 b. +/- 2.16 % || Gn^0(l=0) ave= 8.284E-06 +/- 0.71 % Gn^0(l=1) ave= 1.037E-04 +/- 16.93 % Gn^0(l=2) ave= 0.000E+00 +/- 0.00 % Gn^0(l=3) ave= 0.000E+00 +/- 0.00 % || Gtotal(l=0) ave= 5.420E+00 +/- 8.13 % Gtotal(l=1) ave= 4.053E+00 +/- 15.39 % Gtotal(l=2) ave= 0.000E+00 +/- 0.00 % Gtotal(l=3) ave= 0.000E+00 +/- 0.00 %  % || Gg(l=0) ave= 3.377E-01 +/- 3.06 % Gg(l=1) ave= 3.627E-01 +/- 19.06 % Gg(l=2) ave= 0.000E+00 +/- 0.00 % Gg(l=3) ave= 0.000E+00 +/- 0.00 %  % || D(l=0) ave= 8.917E-02 +/- 0.59 % D(l=1) ave= 4.949E-01 +/- 0.00 % D(l=2) ave= 0.000E+00 +/- 0.00 % D(l=3) ave= 0.000E+00 +/- 0.00 %  % || S(l=0) ave= 4.805E-05 +/- 1.44 % S(l=1) ave= 3.749E-05 +/- 16.93 % S(l=2) ave= 0.000E+00 +/- 0.00 % S(l=3) ave= 0.000E+00 +/- 0.00 %  % || Fis(th) ave= 5.091E+02 b. +/- 5.38 %
 ... random file  10 Cap(th)  ave= 9.845E+01 b. +/- 21.30 % || Ela(th) ave= 8.172E+00 b. +/- 13.24 % || RIcap ave= 4.90E+01 b. +/- 10.04 % || Macs30 ave= 3.79E-06 b. +/- 2.13 % || Gn^0(l=0) ave= 8.277E-06 +/- 0.74 % Gn^0(l=1) ave= 1.033E-04 +/- 16.26 % Gn^0(l=2) ave= 0.000E+00 +/- 0.00 % Gn^0(l=3) ave= 0.000E+00 +/- 0.00 % || Gtotal(l=0) ave= 5.447E+00 +/- 7.88 % Gtotal(l=1) ave= 4.091E+00 +/- 14.82 % Gtotal(l=2) ave= 0.000E+00 +/- 0.00 % Gtotal(l=3) ave= 0.000E+00 +/- 0.00 %  % || Gg(l=0) ave= 3.349E-01 +/- 3.93 % Gg(l=1) ave= 3.673E-01 +/- 18.38 % Gg(l=2) ave= 0.000E+00 +/- 0.00 % Gg(l=3) ave= 0.000E+00 +/- 0.00 %  % || D(l=0) ave= 8.924E-02 +/- 0.62 % D(l=1) ave= 4.949E-01 +/- 0.00 % D(l=2) ave= 0.000E+00 +/- 0.00 % D(l=3) ave= 0.000E+00 +/- 0.00 %  % || S(l=0) ave= 4.796E-05 +/- 1.51 % S(l=1) ave= 3.735E-05 +/- 16.26 % S(l=2) ave= 0.000E+00 +/- 0.00 % S(l=3) ave= 0.000E+00 +/- 0.00 %  % || Fis(th) ave= 5.131E+02 b. +/- 5.67 %
 ... Histogram plot for thermal (n,g)
 ... Write covariances  ... MT1  ... plot correlations
 ... MT2  ... MT18  ... MT102 


 ================================================
 ============== From 10 random values === start ======
 Thermal (n,tot) xs  0 K =  619.725 b. +/- 46.7229 b. ( 7.5393 %) skew= +0.38 +/- 0.66
 Thermal (n,el) xs   0 K =  8.17171 b. +/- 1.08222 b. ( 13.2436 %) skew= -1.33 +/- 0.66
 Thermal (n,f) xs    0 K = 513.107 b. +/- 29.0697 b. ( 5.66542 %) skew= -0.02 +/- 0.66
 Thermal (n,g) xs    0 K =  98.4466 b. +/- 20.9699 b. ( 21.3008 %) skew= +0.61 +/- 0.66
 RI      (n,g)       0 K =  49.0299 b. +/- 4.92078 b. ( 10.0363 %) 
 MACS    (n,g)       0 K (at Emacs= 30000 eV) =  3.7875e-06 b. +/- 8.07176e-08 b. ( 2.13116 %) 
 Ave. Gtotal  L=0        =  5.447E+00 +/- 7.88 %
 Ave. Gn^(0)  L=0        =  8.277E-06 +/- 0.74 %
 Ave. Gg      L=0        =  3.349E-01 +/- 3.93 %
 Ave. D       L=0        =  8.924E-02 +/- 0.62 %
 Ave. S       L=0        =  4.796E-05 +/- 1.51 %
 Ave. Gtotal  L=1        =  4.091E+00 +/- 14.82 %
 Ave. Gg      L=1        =  3.673E-01 +/- 18.38 %
 Ave. D       L=1        =  4.949E-01 +/- 0.00 %
 Ave. S       L=1        =  3.735E-05 +/- 16.26 %

 Expected Thermal (n,g) (syst or meas)= 136.237 b. +/- 95.3658 b. nominal: 75.5789 b.
 ratio Calculated/expected thermal (n,g): 0.72 ratio DCalculated/Dexpected: 0.22 ratio Calculated/Nominal: 1.30
 ============== From 10 random values ===== stop ======
 ================================================
 ... Calculation of (n,a) and (n,p) cross sections at 300 K
 ... thermal (n,a) cross section is 3.70309e-13 +/- 1.85155e-13 b.
 ... thermal (n,a) cross section is 2.68629e-13 b. (random case 1)
 ... thermal (n,a) cross section is 5.04602e-13 b. (random case 2)
 ... thermal (n,a) cross section is 3.562e-13 b. (random case 3)
 ... thermal (n,a) cross section is 3.82934e-13 b. (random case 4)
 ... thermal (n,a) cross section is 9.77389e-14 b. (random case 5)
 ... thermal (n,a) cross section is 3.32495e-13 b. (random case 6)
 ... thermal (n,a) cross section is 6.06605e-13 b. (random case 7)
 ... thermal (n,a) cross section is 3.28859e-13 b. (random case 8)
 ... thermal (n,a) cross section is 3.41362e-13 b. (random case 9)
 ... thermal (n,a) cross section is 9.32364e-13 b. (random case 10)
 ... thermal (n,p) cross section is 3.70309e-13 +/- 1.85155e-13 b.
 ... thermal (n,p) cross section is 1.35841e-13 b. (random case 1)
 ... thermal (n,p) cross section is 9.32033e-14 b. (random case 2)
 ... thermal (n,p) cross section is 2.86966e-13 b. (random case 3)
 ... thermal (n,p) cross section is 5.30802e-13 b. (random case 4)
 ... thermal (n,p) cross section is 4.78312e-13 b. (random case 5)
 ... thermal (n,p) cross section is 6.32062e-13 b. (random case 6)
 ... thermal (n,p) cross section is 6.78627e-14 b. (random case 7)
 ... thermal (n,p) cross section is 5.01761e-13 b. (random case 8)
 ... thermal (n,p) cross section is 5.50855e-13 b. (random case 9)
 ... thermal (n,p) cross section is 5.03492e-13 b. (random case 10)
 ... Rewrite index for MF2
 ... Write text for MF1 in file mf1.tares.txt
 ... plotting cross sections for the MF1
 ... order output files

 ............................................................ 
 ...                                                      ... 
 ... MF2 format selection for the final file: n-Pu233.mf2.mlbw
 ... MF2 format : mlbw
 ... cross section values for the final mf2 file: START   ... 
 ... Import MF2 from TARES calculations
 ... End energy of TARES MF2 : 6.928367E+0 eV and limit to 40000 resonances
 ... File used for reconstruction: n-Pu233.mf2.reconst
 ... run RECENT ...
 ... Doppler broadened at a unique temperature: 0 Kelvin using sigma1
 ... The keyword temperature is zero, no Doppler broadening for the MACS

 ============== INTER values at 0 Kelvin ==============
 Thermal (n,g) xs =  75.5789 b. (meas/sys: 136.237 b.) (warning: comparison to be done at 296 or 300 K)
 Th Maxw (n,g) xs =  75.794 b. (thermal Maxwellian value)
 Westcott factor  =  1.00285
 RI      (n,g)    =  43.7871 b. (meas or sys: - b.)
 MACS 3.000e+04 eV=  3.7639e-06 b. (meas or sys: - b.) from 1.00E+00 to 6.93E+00 eV (end of RRR) at T= 0 Kelvin 
 Thermal (n,el) xs=  8.09486 b.
 RI      (n,el)   =  20.8992 b.
 Thermal (n,f) xs =  507.687 b. (meas/sys: 464.291 +/- 371.433 b.)
 RI      (n,f) xs =  177.118 b. 
 ============= PSYCHE values ==============
 Ave. G_total L0  =  5.20154 eV
 Ave. G_total L1  =  3.77719 eV
 Ave. Gn_0    L0  =  8.33233e-06
 Ave. Gn_0    L1  =  0.000102313
 Ave. Gg      L0  =  0.336346 eV
 Ave. Gg      L1  =  0.336847 eV
 Ave. D       L0  =  0.0888251 eV
 Ave. D       L1  =  0.494883 eV
 Ave. S       L0  =  4.85659e-05 eV
 Ave. S       L1  =  3.69831e-05 eV
 =========================================
 ... cross section values for the final mf2 file: END     ... 
 ...                                                      ... 
 ............................................................ 


================== summary ==================
 Thermal (n,tot) xs = 591.361 b. 
 Thermal (n,el)  xs = 8.09486 b. 
 Thermal (n,g)   xs = 75.5789 b. (meas/sys: 136.237 b.)
 Thermal (n,f)   xs = 507.687 b. (meas/sys: 464.291 +/- 371.433 b.)
 At 300 K (thermal adjustment): (n,el) = 8.11263 b., (n,g) = 75.6205 b., (n,f) = 507.963 b.

 RI      (n,g)      = 43.7871 b. (meas or sys: - b.)
 RI      (n,el)     = 20.8992 b.
 RI      (n,f)      = 177.118 b. 
=============================================


 ... cleaning
                                                 
  -------------------------------------------------------------
  -                                                           -
  - TARES: successful end of run with data from hypothetical  -
  - resonances for  Z= 94, A= 233 and isomer= 0               -
  - half-life: 20.900000 min. 
  -                                                           -
  -------------------------------------------------------------

   Running time:       17 seconds

 End time: Fri Oct  9 12:14:44 2026

