
  -------------------------------------------------------------
  -                                                           -
  -              Welcome to TARES version 1.8                 -
  -                                                           -
  -  (C) Copyright 2007-2025 D. Rochman, All Rights Reserved  -
  -           NRG, Petten, the Netherlands 2007-2014          -
  -           PSI, Villigen    Switzerland 2015-2025          -
  -         Nagra, Wettingen   Switzerland 2025-              -
  -           (Last Modified October 06, 2026)                -
  -           (Database from October 06, 2026)                -
  -                                                           -
  -------------------------------------------------------------


  ---------------------------------------------
   Compilation information:
   Compiled on:         Oct  7 2026, 09:32:19
   Compiled by:         koning
   Compiler version:    clang++ - 21.0.0
   Source location:     /Users/koning/tares-1.8/source/Module/
   Binaries location:   /Users/koning/bin
   System:              Darwin 25.6.0
   System version:      Darwin Kernel Version 25.6.0: Fri Jul 31 19:19:08 PDT 2026; root:xnu-12377.161.14~5/RELEASE_ARM64_T6050  
   Machine:             arm64 
  ---------------------------------------------

   User information:
   User name:           koning
   Running directory:   /Users/koning/tendl/resbase/Ho164/work
   Owner mode for running directory : rwx
   Group mode for running directory : r-x
  ---------------------------------------------


 Starting time: Wed Oct  7 09:45:28 2026
 ... inputs directory found (/Users/koning/tares-1.8/source/Module//../../inputs/).
 ... It will be used for resonance parameters 
 ... ###############################################
 ... #     read the input file tares.inp
 ... ###############################################
 ... line: #
 ... line: # Input file generated by Autorochman
          --> line not read
 ... line: #
 ... line: isotope    Ho
          --> Isotope name: Ho
 ... line: mass       164
          --> isotopic mass: 164
 ... line: output     n-Ho164
         ---> Name of the output files: n-Ho164
 ... line: isomer     0
          --> isomeric state: 0
 ... line: mf32mf33   y
          --> MF33 based on MF32: y
 ... line: nbrRandom  10
          --> Nbr of random files: 10
 ... ###############################################
 ... # end read the input file tares.inp
 ... ###############################################
Value for random generator type not considered in since Tares 1.7 due to compilation issues

 ... ###############################################
     #   Interpretation of the Input definition    #
     ###############################################

 ... Default energy limit: End of resonance region
 ... Nuclear charge    = 67
 ... Element           = Ho
 ... Mass              = 164
 ... Isomer            = 0
 ... Correlation for (Gn,Gg) not included in random files
 ... Default random option: No random
 ... Output name: n-Ho164
 ... Energy for the MACS: 30000 eV
 ... Resonances from CALENDF reduced (reduce=y) 
 ... For URR, level density model from TALYS selected: 91n3n12611.2850 (see manual for description)
 ... Random Generator: default (pseudo random numbers from ansi c++)
 ... Reconstruction of cross section selected
 ... Doppler broadening at 0 Kelvin
 ... URR not included (from the input file flag)
 ... Weight for grouping is flat
 ... Calculation of (n,alpha) cross section selected
 ... Number of digit for MF32c covariance representation: 2
 ... MF32 included
 ... MF33 will be used for covariance processing
 ... TENDL option set to yes (automatic choice of MF2 and format)
 ... Isotope not found in the best file --> use of MLBW formalism
 ... default option: Multi level Breit Wigner approximation selected
 ... (check file best.tendl.yes for changing this option)
 ... Retroactive option set to no with the 2025 option
 ... ladder option set to yes (CALENDF will be used for statistical resonances)

 ... ###############################################
     #           End of Input definition           #
     ###############################################

 ... gnuplot found, will be used for plotting
 ... latex found, will be used for plotting
 ... dvips found, will be used for plotting
 ... ps2epsi not found, limited plotting available
 ... uncertainties on default parameters multiplied by 1.34822
 ... Read resonance data from the 2025 directory
 ... Resonance parameters taken from /Users/koning/tares-1.8/source/Module//../../inputs/2025/Resonance/default/
 ---> Processing Z= 67 and A= 164 and isomer= 0 (level number: 0)
 Exfor path; Could not find /Users/koning/tares-1.8/source/Module//../../inputs/exfor/Ho164/xs/102
Thermal file; Could not open file /Users/koning/tares-1.8/source/Module//../../inputs/2025/runThermal/results//thermal.mxw.ng.cendl3.1
Thermal file; Could not open file /Users/koning/tares-1.8/source/Module//../../inputs/2025/runThermal/results//thermal.mxw.ng.brond3.1
Thermal file; Could not open file /Users/koning/tares-1.8/source/Module//../../inputs/2025/runThermal/results//thermal.xs.ng.unc.cendl3.1
 ... spin taken from the final/ directory (1)
 ... The spin found in level file ( 1 ) and the one in the urr file ( 5.5 ) differ

 ... ###############################################
 ... #  Nucleus global parameters (2025 database)  #
 ... ###############################################
 0. Half-life: 28.8 min. 
 ... Scattering radius from TALYS: /Users/koning/tares-1.8/source/Module//../../inputs/2025/lib.urr/talys.urr/
 1. Spin of the target isotope: 1
 2. Relative Atomic Mass of the target isotope: 163.93
 3. Scattering radius (local compilation): 7.26494 fm +/- 0.152564 fm
      .......................................
      ... Thermal capture cross sections: ...
 4. Thermal (n,g) cross section from systematics: 74.8 +/- 52.36 b.
 5. Thermal (n,g) cross section from compilation (Firestone-2022 average on element Ho): 66 +/- 2.1 b.
 6. Thermal (n,g) cross section from compilation (Firestone-2022 final on element Ho): 65 +/- 1 b.
 7. Thermal (n,g) cross section from TENDL-2023: 4.478 +/- 0.8417 b.
 8. Thermal (n,g) cross section from JENDL-5.0: 29.58 b.
      .......................................
      ...  Thermal total cross sections:  ...
      .......................................
      ... Thermal elastic cross sections: ...
 9. Thermal (n,el) cross section from JENDL-5.0: 7.243 b.
 10. Thermal (n,el) cross section from potential (4piR^2): 9.13029 +/- 0.456514 b.
      .......................................
             ... Resonance integral: ...
 11. No capture integral found in /Users/koning/tares-1.8/source/Module//../../inputs/capture.integral
 ... no RI(n,g) found in local compilation, take 2018 value.
 ... no RI(n,g) found in local compilation, take Sukhoruchkin value.
   ---- MACS 30 keV ----- 
 12. TALYS MACS 30 keV (HF): 3.62291 b. 
   ---------- S0 -------- 
 13. S0 from TALYS: 12.4341
   ---------- S1 -------- 
 14. S1 from TALYS: 0.382063
   ---------- S2 -------- 
 15. S2 from TALYS: 7.66517
   ---------- D0 -------- 
 16. D0 from TALYS: 0.9955 eV
   ---------- D1 -------- 
 17. D1 from TALYS: 0.514924 eV
   ---------- D2 -------- 
 18. D2 from TALYS: 0.32305 eV
   ---------- G0 -------- 
 19. Gg0 from TALYS: 0.0577316 eV
   ---------- G1 -------- 
 20. Gg1 from TALYS: 0.0580077 eV
   ---------- G2 -------- 
 21. Gg2 from TALYS: 0.0577316 eV


   ---------------------- 
 ... Read resonance parameters (format: 2: Multi Level Breit Wigner)
 ... 0 resonances found 
 ... possibly no resonances in the Resonance directory for this isotope and options
 ... Use HFR (ladder) behavior 
 --> 23. Number of resonances from the input file: 2 up to 0.49775 eV
 24. Read nuclear quantities (mass, MAT...)
 25. Read thermal (n,g) xs 
 26. Read the scattering radius 
 27. Read uncertainty on Gg for 2 resonances
 28. Read uncertainty on Gg for 2 resonances ... done
 ... order resonances 
 ... Upper limit for the RRR: 0.49775 eV (no statistical resonances HFR) from the limit.RRR file
 ... Write parameters for l=0 waves
 ... End writing original MF2 
 ... No RRR in the database: uncertainties on default parameters multiplied by 1.99753
 ... Enter in urr function (ladder option set to y) for file n-Ho164
 ... read the file /Users/koning/tares-1.8/source/Module//../../inputs/2025/list.jcs.urr to find URR origin
 Default URR taken from TALYS calculations with level density model: 91n3n12611.2850
 File considered for the URR: /Users/koning/tares-1.8/source/Module//../../inputs/2025/lib.urr/talys.urr/91n3n12611.2850/Ho/urr/urr.dat.Ho.164.000.0.gz
 ... Write URR using TALYS average parameters (used for HFR)
 ... Limit of URR changed to 25 keV (recommendation from WPEC and JEFF)
 ... ---> Emax(RRR) taken from the file limit.ladder: 250 eV <---
 ... (File limit.ladder: /Users/koning/tares-1.8/source/Module//../../inputs/2025/limit.ladder.91n3n12611.2850)
 ... read D0, S0, Gn and Gg
 ... number of URR energies: 1260
 Number of l: 1260 and last energy: 9
 Last  URR energy: 250 eV
 ... Enter in to_MLBW_mf2 function
 ... Convert to Multi Level Breit Wigner (MLBW)
 ... Write parameter covariances (MF32) for l=0
 ... Convert parameter covariances (MF32) to MLBW
 ... copy the mf2 and mf32 to .mlbw files
 ... Enter in urr_correct function case 1
 Modify the higher limit of RRR in MF2
 --> old value: 5.002390-1 eV new value: 1.000000-2 eV
 Modify resonance covariances (MF32) to include correlations in the URR
 End Modify resonance covariances (MF32) to include correlations in the URR
 ... Enter in calendf_xs function
 Use CALENDF for statistical resonances (update MF2) up to 2.500000+2 eV (initial limit)
 Extract resonances from CALENDF for RRR->URR 2
 1059 statistical resonances found
 After reduction, 936 statistical resonances found
 ... checking resonance order 1
 ... checking resonance order 2nd round for 934 resonances
 ... end checking resonance order 2nd round
 Too many resonances (934): reduced to 100.
 .......................................................
 ... Adjustment to the thermal cross section : start ...
 .......................................................

 Before adjustment (adjustment to the thermal cross section set to y)
 ... Import MF2 from TARES calculations
 ... End energy of TARES MF2 : 5.166330E+1 eV and limit to 40000 resonances
 ... File used for reconstruction: new.temp22.reconst
 ... run RECENT ...
 ... Doppler broadened at a unique temperature: 300 Kelvin using sigma1
 ... run SIGMA1 at 3.000000E+02 K.

 ============== INTER values at 300 Kelvin ==============
 Thermal (n,g) xs =  1224.48 b. (meas/sys: 74.8 b.) (warning: comparison to be done at 296 or 300 K)
 Th Maxw (n,g) xs =  1159.8 b. (thermal Maxwellian value)
 Westcott factor  =  0.94716
 RI      (n,g)    =  2913.12 b. (meas or sys: - b.)
 MACS 3.000e+04 eV=  3.1205 b. (meas or sys: - b.) from 1.00E+00 to 2.00E+07 eV (end of RRR) at T= 300 Kelvin 
 Thermal (n,el) xs=  7.09585 b.
 RI      (n,el)   =  723.34 b.
 ============= PSYCHE values ==============
 Ave. G_total L0  =  0.0713993 eV
 Ave. G_total L1  =  0.0566606 eV
 Ave. Gn_0    L0  =  0.00258468
 Ave. Gn_0    L1  =  0.000134604
 Ave. Gg      L0  =  0.0570988 eV
 Ave. Gg      L1  =  0.0566605 eV
 Ave. D       L0  =  1.03327 eV
 Ave. D       L1  =  1.43509 eV
 Ave. S       L0  =  0.00130179 eV
 Ave. S       L1  =  2.11704e-05 eV
 =========================================
 Calculated capture integral   2913.12 b.
 Calculated thermal (n,g)=          1224.47754 b. and recommended= 74.8 b. (C/E= 16.37)
 Calculated RI      (n,g)= 2913.12 b. (no reference value)
 ... tolerances: thermal (n,g) 20 % (reference uncertainties, minimum 2% and 5%, maximum 20%)
 Adjust the capture widths ...
 ... capture adjusted with Gn for 97 resonances (Gn<Gg) and with Gg for 3 resonances
 ... iteration 0: C/E thermal (n,g)= 16.37
 Warning: 100 widths limited to a change of a factor 10 from their starting values

 <-------- After adjustment -------->
 ... Import MF2 from TARES calculations
 ... End energy of TARES MF2 : 5.166330E+1 eV and limit to 40000 resonances
 ... File used for reconstruction: new.temp22.reconst
 ... run RECENT ...
 ... Doppler broadened at a unique temperature: 300 Kelvin using sigma1
 ... run SIGMA1 at 3.000000E+02 K.

 ============== INTER values at 300 Kelvin ==============
 Thermal (n,g) xs =  122.45 b. (meas/sys: 74.8 b.) (warning: comparison to be done at 296 or 300 K)
 Th Maxw (n,g) xs =  115.98 b. (thermal Maxwellian value)
 Westcott factor  =  0.94716
 RI      (n,g)    =  879.731 b. (meas or sys: - b.)
 MACS 3.000e+04 eV=  3.1191 b. (meas or sys: - b.) from 1.00E+00 to 2.00E+07 eV (end of RRR) at T= 300 Kelvin 
 Thermal (n,el) xs=  5.1323 b.
 RI      (n,el)   =  261.911 b.
 ============= PSYCHE values ==============
 Ave. G_total L0  =  0.0600954 eV
 Ave. G_total L1  =  0.0566605 eV
 Ave. Gn_0    L0  =  0.000959177
 Ave. Gn_0    L1  =  1.34604e-05
 Ave. Gg      L0  =  0.0540587 eV
 Ave. Gg      L1  =  0.0566605 eV
 Ave. D       L0  =  1.03327 eV
 Ave. D       L1  =  1.43509 eV
 Ave. S       L0  =  0.000433963 eV
 Ave. S       L1  =  2.11704e-06 eV
 =========================================
 ... iteration 1: C/E thermal (n,g)= 1.63703
 Warning: 100 widths limited to a change of a factor 10 from their starting values

 <-------- After adjustment -------->
 ... Import MF2 from TARES calculations
 ... End energy of TARES MF2 : 5.166330E+1 eV and limit to 40000 resonances
 ... File used for reconstruction: new.temp22.reconst
 ... run RECENT ...
 ... Doppler broadened at a unique temperature: 300 Kelvin using sigma1
 ... run SIGMA1 at 3.000000E+02 K.

 ============== INTER values at 300 Kelvin ==============
 Thermal (n,g) xs =  122.45 b. (meas/sys: 74.8 b.) (warning: comparison to be done at 296 or 300 K)
 Th Maxw (n,g) xs =  115.98 b. (thermal Maxwellian value)
 Westcott factor  =  0.94716
 RI      (n,g)    =  879.731 b. (meas or sys: - b.)
 MACS 3.000e+04 eV=  3.1191 b. (meas or sys: - b.) from 1.00E+00 to 2.00E+07 eV (end of RRR) at T= 300 Kelvin 
 Thermal (n,el) xs=  5.1323 b.
 RI      (n,el)   =  261.911 b.
 ============= PSYCHE values ==============
 Ave. G_total L0  =  0.0600954 eV
 Ave. G_total L1  =  0.0566605 eV
 Ave. Gn_0    L0  =  0.000959177
 Ave. Gn_0    L1  =  1.34604e-05
 Ave. Gg      L0  =  0.0540587 eV
 Ave. Gg      L1  =  0.0566605 eV
 Ave. D       L0  =  1.03327 eV
 Ave. D       L1  =  1.43509 eV
 Ave. S       L0  =  0.000433963 eV
 Ave. S       L1  =  2.11704e-06 eV
 =========================================
 ... iteration 2: C/E thermal (n,g)= 1.63703
 Warning: no further change possible (widths at the limit of a factor 10): adjustment stopped


 ... ratio C/E thermal (n,g): 1.637030E+00
 ...................................................... 
 ... Adjustment to the thermal cross section : stop ...
 ...................................................... 
 ... new MF2 file after adjustment: n-Ho164
 ... read the file /Users/koning/tares-1.8/source/Module//../../inputs/2025/list.jcs.urr to find URR origin
 Default URR taken from TALYS calculations with level density model: 91n3n12611.2850
 File considered for the URR: /Users/koning/tares-1.8/source/Module//../../inputs/2025/lib.urr/talys.urr/91n3n12611.2850/Ho/urr/urr.dat.Ho.164.000.0.gz
 ... Write URR using TALYS average parameters (not used for HFR)
 ... Limit of URR changed to 25 keV (recommendation from WPEC and JEFF)
 ... read D0, S0, Gn and Gg
 ... number of URR energies: 1017
 Number of l: 1017 and last energy: 9
 Last  URR energy: 36967.6 eV
 Energies in the URR : 1017 -> reduced by a factor 2
 Energies in the URR : 504 -> reduced by a factor 2
 Energies in the URR : 306 -> reduced by a factor 2
 ... Enter in urr_correct function case 2
 Modify the higher limit of RRR in MF2
 --> old value: 5.166330+1 eV new value: 5.166330+1 eV
 Modify resonance covariances (MF32) to include correlations in the URR
 End Modify resonance covariances (MF32) to include correlations in the URR
 ... Enter in update_MF32 function
 ... Change uncertainties
 ... for the HFR, random position of the positive resonances with 0.020000 %
 ... end of update MF32 function
 ... GLS calculation of the parameter correlations from the thermal/RI adjustment (MF32c)
 ... MF32: correlations from the thermal/RI adjustment (GLS) for 5 resonances (8 widths), 3 correlation lines
 ...   thermal (n,g): uncertainty from these widths 44.0476 b. -> 33.7068 b. (reference: 74.8 +/- 52.36 b.)
 ... copy the mf2 and mf32 to .mlbw files

 ... Start of final reconstruction and testing ...
 ... Reconstruction of cross sections at 0 Kelvin  ... Import MF2 from TARES calculations
 ... End energy of TARES MF2 : 5.166330E+1 eV and limit to 40000 resonances
 ... File used for reconstruction: n-Ho164.reconst
 ... run RECENT ...
 ... Doppler broadened at a unique temperature: 0 Kelvin using sigma1
 ... The keyword temperature is zero, no Doppler broadening for the MACS

 ============== INTER values at 0 Kelvin ==============
 Thermal (n,g) xs =  122.553 b. (meas/sys: 74.8 b.) (warning: comparison to be done at 296 or 300 K)
 Th Maxw (n,g) xs =  115.5 b. (thermal Maxwellian value)
 Westcott factor  =  0.94246
 RI      (n,g)    =  876.65 b. (meas or sys: - b.)
 MACS 3.000e+04 eV=  3.1046 b. (meas or sys: - b.) from 1.00E+00 to 5.17E+01 eV (end of RRR) at T= 0 Kelvin 
 Thermal (n,el) xs=  5.11702 b.
 RI      (n,el)   =  262.028 b.
 ============= PSYCHE values ==============
 Ave. G_total L0  =  0.0600954 eV
 Ave. G_total L1  =  0.0566605 eV
 Ave. Gn_0    L0  =  0.000959177
 Ave. Gn_0    L1  =  1.34604e-05
 Ave. Gg      L0  =  0.0540587 eV
 Ave. Gg      L1  =  0.0566605 eV
 Ave. D       L0  =  1.03327 eV
 Ave. D       L1  =  1.43509 eV
 Ave. S       L0  =  0.000433963 eV
 Ave. S       L1  =  2.11704e-06 eV
 =========================================
 ... End of final reconstruction and testing ...

 ... grouping is not optimum, change to 70 groups
 ... Produce MF33 based on MF32 and 10 random files
 ... run endsam for 10 in groups of 1 global run
 ... run endsam from 1 to 10
 ... reorder resonance position after endsam (sampling)
 ... preparing the vectors  ... done
 ... nominal file 0 Cap(th)  ave= 1.226E+02 b. +/- 0.00 % || Ela(th) ave= 5.117E+00 b. +/- 0.00 % || RIcap ave= 2.87E+02 b. +/- 0.00 % || Macs30 ave= 1.11E+02 b. +/- 0.00 % || Gn^0(l=0) ave= 9.592E-04 +/- 0.00 % Gn^0(l=1) ave= 1.346E-05 +/- 0.00 % Gn^0(l=2) ave= 0.000E+00 +/- 0.00 % Gn^0(l=3) ave= 0.000E+00 +/- 0.00 % || Gtotal(l=0) ave= 6.010E-02 +/- 0.00 % Gtotal(l=1) ave= 5.666E-02 +/- 0.00 % Gtotal(l=2) ave= 0.000E+00 +/- 0.00 % Gtotal(l=3) ave= 0.000E+00 +/- 0.00 %  % || Gg(l=0) ave= 5.406E-02 +/- 0.00 % Gg(l=1) ave= 5.666E-02 +/- 0.00 % Gg(l=2) ave= 0.000E+00 +/- 0.00 % Gg(l=3) ave= 0.000E+00 +/- 0.00 %  % || D(l=0) ave= 1.033E+00 +/- 0.00 % D(l=1) ave= 1.435E+00 +/- 0.00 % D(l=2) ave= 0.000E+00 +/- 0.00 % D(l=3) ave= 0.000E+00 +/- 0.00 %  % || S(l=0) ave= 4.340E-04 +/- 0.00 % S(l=1) ave= 2.117E-06 +/- 0.00 % S(l=2) ave= 0.000E+00 +/- 0.00 % S(l=3) ave= 0.000E+00 +/- 0.00 % 
 ... random file  1 Cap(th)  ave= 9.219E+01 b. +/- 32.94 % || Ela(th) ave= 5.452E+00 b. +/- 6.15 % || RIcap ave= 2.80E+02 b. +/- 2.65 % || Macs30 ave= 1.04E+02 b. +/- 6.93 % || Gn^0(l=0) ave= 9.648E-04 +/- 0.58 % Gn^0(l=1) ave= 1.275E-05 +/- 5.57 % Gn^0(l=2) ave= 0.000E+00 +/- 0.00 % Gn^0(l=3) ave= 0.000E+00 +/- 0.00 % || Gtotal(l=0) ave= 6.010E-02 +/- 0.00 % Gtotal(l=1) ave= 5.666E-02 +/- 0.00 % Gtotal(l=2) ave= 0.000E+00 +/- 0.00 % Gtotal(l=3) ave= 0.000E+00 +/- 0.00 %  % || Gg(l=0) ave= 5.064E-02 +/- 6.76 % Gg(l=1) ave= 5.503E-02 +/- 2.97 % Gg(l=2) ave= 0.000E+00 +/- 0.00 % Gg(l=3) ave= 0.000E+00 +/- 0.00 %  % || D(l=0) ave= 1.033E+00 +/- 0.00 % D(l=1) ave= 1.435E+00 +/- 0.00 % D(l=2) ave= 0.000E+00 +/- 0.00 % D(l=3) ave= 0.000E+00 +/- 0.00 %  % || S(l=0) ave= 4.356E-04 +/- 0.37 % S(l=1) ave= 2.005E-06 +/- 5.57 % S(l=2) ave= 0.000E+00 +/- 0.00 % S(l=3) ave= 0.000E+00 +/- 0.00 % 
 ... random file  2 Cap(th)  ave= 9.086E+01 b. +/- 27.37 % || Ela(th) ave= 5.081E+00 b. +/- 11.64 % || RIcap ave= 2.81E+02 b. +/- 2.24 % || Macs30 ave= 1.06E+02 b. +/- 6.00 % || Gn^0(l=0) ave= 9.660E-04 +/- 0.51 % Gn^0(l=1) ave= 1.368E-05 +/- 10.54 % Gn^0(l=2) ave= 0.000E+00 +/- 0.00 % Gn^0(l=3) ave= 0.000E+00 +/- 0.00 % || Gtotal(l=0) ave= 6.010E-02 +/- 0.00 % Gtotal(l=1) ave= 5.666E-02 +/- 0.00 % Gtotal(l=2) ave= 0.000E+00 +/- 0.00 % Gtotal(l=3) ave= 0.000E+00 +/- 0.00 %  % || Gg(l=0) ave= 5.121E-02 +/- 5.68 % Gg(l=1) ave= 5.220E-02 +/- 8.07 % Gg(l=2) ave= 0.000E+00 +/- 0.00 % Gg(l=3) ave= 0.000E+00 +/- 0.00 %  % || D(l=0) ave= 1.033E+00 +/- 0.00 % D(l=1) ave= 1.435E+00 +/- 0.00 % D(l=2) ave= 0.000E+00 +/- 0.00 % D(l=3) ave= 0.000E+00 +/- 0.00 %  % || S(l=0) ave= 4.362E-04 +/- 0.36 % S(l=1) ave= 2.152E-06 +/- 10.54 % S(l=2) ave= 0.000E+00 +/- 0.00 % S(l=3) ave= 0.000E+00 +/- 0.00 % 
 ... random file  3 Cap(th)  ave= 9.424E+01 b. +/- 23.68 % || Ela(th) ave= 5.190E+00 b. +/- 10.52 % || RIcap ave= 2.80E+02 b. +/- 2.05 % || Macs30 ave= 1.04E+02 b. +/- 5.57 % || Gn^0(l=0) ave= 9.667E-04 +/- 0.46 % Gn^0(l=1) ave= 1.342E-05 +/- 9.91 % Gn^0(l=2) ave= 0.000E+00 +/- 0.00 % Gn^0(l=3) ave= 0.000E+00 +/- 0.00 % || Gtotal(l=0) ave= 6.011E-02 +/- 0.04 % Gtotal(l=1) ave= 5.666E-02 +/- 0.00 % Gtotal(l=2) ave= 0.000E+00 +/- 0.00 % Gtotal(l=3) ave= 0.000E+00 +/- 0.00 %  % || Gg(l=0) ave= 5.127E-02 +/- 4.92 % Gg(l=1) ave= 5.267E-02 +/- 7.09 % Gg(l=2) ave= 0.000E+00 +/- 0.00 % Gg(l=3) ave= 0.000E+00 +/- 0.00 %  % || D(l=0) ave= 1.039E+00 +/- 0.88 % D(l=1) ave= 1.435E+00 +/- 0.00 % D(l=2) ave= 0.000E+00 +/- 0.00 % D(l=3) ave= 0.000E+00 +/- 0.00 %  % || S(l=0) ave= 4.347E-04 +/- 0.66 % S(l=1) ave= 2.111E-06 +/- 9.91 % S(l=2) ave= 0.000E+00 +/- 0.00 % S(l=3) ave= 0.000E+00 +/- 0.00 % 
 ... random file  4 Cap(th)  ave= 1.019E+02 b. +/- 24.69 % || Ela(th) ave= 5.302E+00 b. +/- 10.14 % || RIcap ave= 2.81E+02 b. +/- 1.85 % || Macs30 ave= 1.05E+02 b. +/- 5.24 % || Gn^0(l=0) ave= 9.681E-04 +/- 0.50 % Gn^0(l=1) ave= 1.316E-05 +/- 9.84 % Gn^0(l=2) ave= 0.000E+00 +/- 0.00 % Gn^0(l=3) ave= 0.000E+00 +/- 0.00 % || Gtotal(l=0) ave= 6.012E-02 +/- 0.04 % Gtotal(l=1) ave= 5.666E-02 +/- 0.00 % Gtotal(l=2) ave= 0.000E+00 +/- 0.00 % Gtotal(l=3) ave= 0.000E+00 +/- 0.00 %  % || Gg(l=0) ave= 5.205E-02 +/- 5.27 % Gg(l=1) ave= 5.390E-02 +/- 7.70 % Gg(l=2) ave= 0.000E+00 +/- 0.00 % Gg(l=3) ave= 0.000E+00 +/- 0.00 %  % || D(l=0) ave= 1.042E+00 +/- 0.99 % D(l=1) ave= 1.435E+00 +/- 0.00 % D(l=2) ave= 0.000E+00 +/- 0.00 % D(l=3) ave= 0.000E+00 +/- 0.00 %  % || S(l=0) ave= 4.341E-04 +/- 0.66 % S(l=1) ave= 2.070E-06 +/- 9.84 % S(l=2) ave= 0.000E+00 +/- 0.00 % S(l=3) ave= 0.000E+00 +/- 0.00 % 
 ... random file  5 Cap(th)  ave= 9.785E+01 b. +/- 25.23 % || Ela(th) ave= 5.203E+00 b. +/- 10.36 % || RIcap ave= 2.83E+02 b. +/- 2.76 % || Macs30 ave= 1.08E+02 b. +/- 7.36 % || Gn^0(l=0) ave= 9.681E-04 +/- 0.46 % Gn^0(l=1) ave= 1.339E-05 +/- 9.63 % Gn^0(l=2) ave= 0.000E+00 +/- 0.00 % Gn^0(l=3) ave= 0.000E+00 +/- 0.00 % || Gtotal(l=0) ave= 6.012E-02 +/- 0.05 % Gtotal(l=1) ave= 5.666E-02 +/- 0.00 % Gtotal(l=2) ave= 0.000E+00 +/- 0.00 % Gtotal(l=3) ave= 0.000E+00 +/- 0.00 %  % || Gg(l=0) ave= 5.236E-02 +/- 4.96 % Gg(l=1) ave= 5.483E-02 +/- 7.88 % Gg(l=2) ave= 0.000E+00 +/- 0.00 % Gg(l=3) ave= 0.000E+00 +/- 0.00 %  % || D(l=0) ave= 1.044E+00 +/- 1.01 % D(l=1) ave= 1.435E+00 +/- 0.00 % D(l=2) ave= 0.000E+00 +/- 0.00 % D(l=3) ave= 0.000E+00 +/- 0.00 %  % || S(l=0) ave= 4.334E-04 +/- 0.69 % S(l=1) ave= 2.107E-06 +/- 9.63 % S(l=2) ave= 0.000E+00 +/- 0.00 % S(l=3) ave= 0.000E+00 +/- 0.00 % 
 ... random file  6 Cap(th)  ave= 9.420E+01 b. +/- 26.06 % || Ela(th) ave= 5.099E+00 b. +/- 10.98 % || RIcap ave= 2.85E+02 b. +/- 2.83 % || Macs30 ave= 1.09E+02 b. +/- 7.28 % || Gn^0(l=0) ave= 9.691E-04 +/- 0.49 % Gn^0(l=1) ave= 1.365E-05 +/- 9.92 % Gn^0(l=2) ave= 0.000E+00 +/- 0.00 % Gn^0(l=3) ave= 0.000E+00 +/- 0.00 % || Gtotal(l=0) ave= 6.013E-02 +/- 0.04 % Gtotal(l=1) ave= 5.666E-02 +/- 0.00 % Gtotal(l=2) ave= 0.000E+00 +/- 0.00 % Gtotal(l=3) ave= 0.000E+00 +/- 0.00 %  % || Gg(l=0) ave= 5.224E-02 +/- 4.65 % Gg(l=1) ave= 5.489E-02 +/- 7.29 % Gg(l=2) ave= 0.000E+00 +/- 0.00 % Gg(l=3) ave= 0.000E+00 +/- 0.00 %  % || D(l=0) ave= 1.045E+00 +/- 1.00 % D(l=1) ave= 1.435E+00 +/- 0.00 % D(l=2) ave= 0.000E+00 +/- 0.00 % D(l=3) ave= 0.000E+00 +/- 0.00 %  % || S(l=0) ave= 4.331E-04 +/- 0.66 % S(l=1) ave= 2.148E-06 +/- 9.92 % S(l=2) ave= 0.000E+00 +/- 0.00 % S(l=3) ave= 0.000E+00 +/- 0.00 % 
 ... random file  7 Cap(th)  ave= 1.004E+02 b. +/- 28.12 % || Ela(th) ave= 5.013E+00 b. +/- 11.39 % || RIcap ave= 2.86E+02 b. +/- 2.75 % || Macs30 ave= 1.11E+02 b. +/- 7.43 % || Gn^0(l=0) ave= 9.675E-04 +/- 0.63 % Gn^0(l=1) ave= 1.386E-05 +/- 9.95 % Gn^0(l=2) ave= 0.000E+00 +/- 0.00 % Gn^0(l=3) ave= 0.000E+00 +/- 0.00 % || Gtotal(l=0) ave= 6.012E-02 +/- 0.05 % Gtotal(l=1) ave= 5.666E-02 +/- 0.00 % Gtotal(l=2) ave= 0.000E+00 +/- 0.00 % Gtotal(l=3) ave= 0.000E+00 +/- 0.00 %  % || Gg(l=0) ave= 5.175E-02 +/- 5.03 % Gg(l=1) ave= 5.576E-02 +/- 7.88 % Gg(l=2) ave= 0.000E+00 +/- 0.00 % Gg(l=3) ave= 0.000E+00 +/- 0.00 %  % || D(l=0) ave= 1.044E+00 +/- 1.01 % D(l=1) ave= 1.435E+00 +/- 0.00 % D(l=2) ave= 0.000E+00 +/- 0.00 % D(l=3) ave= 0.000E+00 +/- 0.00 %  % || S(l=0) ave= 4.334E-04 +/- 0.63 % S(l=1) ave= 2.180E-06 +/- 9.95 % S(l=2) ave= 0.000E+00 +/- 0.00 % S(l=3) ave= 0.000E+00 +/- 0.00 % 
 ... random file  8 Cap(th)  ave= 1.037E+02 b. +/- 27.23 % || Ela(th) ave= 5.052E+00 b. +/- 10.88 % || RIcap ave= 2.85E+02 b. +/- 2.64 % || Macs30 ave= 1.10E+02 b. +/- 7.68 % || Gn^0(l=0) ave= 9.673E-04 +/- 0.60 % Gn^0(l=1) ave= 1.375E-05 +/- 9.72 % Gn^0(l=2) ave= 0.000E+00 +/- 0.00 % Gn^0(l=3) ave= 0.000E+00 +/- 0.00 % || Gtotal(l=0) ave= 6.012E-02 +/- 0.05 % Gtotal(l=1) ave= 5.666E-02 +/- 0.00 % Gtotal(l=2) ave= 0.000E+00 +/- 0.00 % Gtotal(l=3) ave= 0.000E+00 +/- 0.00 %  % || Gg(l=0) ave= 5.263E-02 +/- 6.63 % Gg(l=1) ave= 5.663E-02 +/- 8.49 % Gg(l=2) ave= 0.000E+00 +/- 0.00 % Gg(l=3) ave= 0.000E+00 +/- 0.00 %  % || D(l=0) ave= 1.043E+00 +/- 1.00 % D(l=1) ave= 1.435E+00 +/- 0.00 % D(l=2) ave= 0.000E+00 +/- 0.00 % D(l=3) ave= 0.000E+00 +/- 0.00 %  % || S(l=0) ave= 4.336E-04 +/- 0.62 % S(l=1) ave= 2.163E-06 +/- 9.72 % S(l=2) ave= 0.000E+00 +/- 0.00 % S(l=3) ave= 0.000E+00 +/- 0.00 % 
 ... random file  9 Cap(th)  ave= 1.070E+02 b. +/- 26.63 % || Ela(th) ave= 5.139E+00 b. +/- 11.35 % || RIcap ave= 2.86E+02 b. +/- 2.58 % || Macs30 ave= 1.11E+02 b. +/- 8.16 % || Gn^0(l=0) ave= 9.682E-04 +/- 0.63 % Gn^0(l=1) ave= 1.356E-05 +/- 10.29 % Gn^0(l=2) ave= 0.000E+00 +/- 0.00 % Gn^0(l=3) ave= 0.000E+00 +/- 0.00 % || Gtotal(l=0) ave= 6.012E-02 +/- 0.05 % Gtotal(l=1) ave= 5.666E-02 +/- 0.00 % Gtotal(l=2) ave= 0.000E+00 +/- 0.00 % Gtotal(l=3) ave= 0.000E+00 +/- 0.00 %  % || Gg(l=0) ave= 5.255E-02 +/- 6.31 % Gg(l=1) ave= 5.652E-02 +/- 8.09 % Gg(l=2) ave= 0.000E+00 +/- 0.00 % Gg(l=3) ave= 0.000E+00 +/- 0.00 %  % || D(l=0) ave= 1.044E+00 +/- 1.01 % D(l=1) ave= 1.435E+00 +/- 0.00 % D(l=2) ave= 0.000E+00 +/- 0.00 % D(l=3) ave= 0.000E+00 +/- 0.00 %  % || S(l=0) ave= 4.336E-04 +/- 0.58 % S(l=1) ave= 2.132E-06 +/- 10.29 % S(l=2) ave= 0.000E+00 +/- 0.00 % S(l=3) ave= 0.000E+00 +/- 0.00 % 
 ... random file  10 Cap(th)  ave= 1.095E+02 b. +/- 25.87 % || Ela(th) ave= 5.110E+00 b. +/- 11.03 % || RIcap ave= 2.86E+02 b. +/- 2.52 % || Macs30 ave= 1.11E+02 b. +/- 7.79 % || Gn^0(l=0) ave= 9.693E-04 +/- 0.72 % Gn^0(l=1) ave= 1.362E-05 +/- 9.86 % Gn^0(l=2) ave= 0.000E+00 +/- 0.00 % Gn^0(l=3) ave= 0.000E+00 +/- 0.00 % || Gtotal(l=0) ave= 6.013E-02 +/- 0.05 % Gtotal(l=1) ave= 5.666E-02 +/- 0.00 % Gtotal(l=2) ave= 0.000E+00 +/- 0.00 % Gtotal(l=3) ave= 0.000E+00 +/- 0.00 %  % || Gg(l=0) ave= 5.322E-02 +/- 7.13 % Gg(l=1) ave= 5.611E-02 +/- 8.12 % Gg(l=2) ave= 0.000E+00 +/- 0.00 % Gg(l=3) ave= 0.000E+00 +/- 0.00 %  % || D(l=0) ave= 1.045E+00 +/- 1.00 % D(l=1) ave= 1.435E+00 +/- 0.00 % D(l=2) ave= 0.000E+00 +/- 0.00 % D(l=3) ave= 0.000E+00 +/- 0.00 %  % || S(l=0) ave= 4.336E-04 +/- 0.56 % S(l=1) ave= 2.142E-06 +/- 9.86 % S(l=2) ave= 0.000E+00 +/- 0.00 % S(l=3) ave= 0.000E+00 +/- 0.00 % 
 ... Histogram plot for thermal (n,g)
 ... Write covariances  ... MT1  ... plot correlations
 ... MT2  ... MT102 


 ================================================
 ============== From 10 random values === start ======
 Thermal (n,tot) xs  0 K =  114.629 b. +/- 28.4315 b. ( 24.8031 %) skew= -0.41 +/- 0.66
 Thermal (n,el) xs   0 K =  5.10987 b. +/- 0.563737 b. ( 11.0323 %) skew= +0.03 +/- 0.66
 Thermal (n,g) xs    0 K =  109.519 b. +/- 28.3335 b. ( 25.8708 %) skew= -0.41 +/- 0.66
 RI      (n,g)       0 K =  286.174 b. +/- 7.20106 b. ( 2.51632 %) 
 MACS    (n,g)       0 K (at Emacs= 30000 eV) =  110.836 b. +/- 8.63478 b. ( 7.79057 %) 
 Ave. Gtotal  L=0        =  6.013E-02 +/- 0.05 %
 Ave. Gn^(0)  L=0        =  9.693E-04 +/- 0.72 %
 Ave. Gg      L=0        =  5.322E-02 +/- 7.13 %
 Ave. D       L=0        =  1.045E+00 +/- 1.00 %
 Ave. S       L=0        =  4.336E-04 +/- 0.56 %
 Ave. Gtotal  L=1        =  5.666E-02 +/- 0.00 %
 Ave. Gg      L=1        =  5.611E-02 +/- 8.12 %
 Ave. D       L=1        =  1.435E+00 +/- 0.00 %
 Ave. S       L=1        =  2.142E-06 +/- 9.86 %

 Expected Thermal (n,g) (syst or meas)= 74.8 b. +/- 52.36 b. nominal: 122.553 b.
 ratio Calculated/expected thermal (n,g): 1.46 ratio DCalculated/Dexpected: 0.54 ratio Calculated/Nominal: 0.89
 ============== From 10 random values ===== stop ======
 ================================================
 ... Calculation of (n,a) and (n,p) cross sections at 300 K
 ... thermal (n,a) cross section is 1.7511e-08 +/- 8.75549e-09 b.
 ... thermal (n,a) cross section is 0 b. (random case 1)
 ... thermal (n,a) cross section is 0 b. (random case 2)
 ... thermal (n,a) cross section is 0 b. (random case 3)
 ... thermal (n,a) cross section is 0 b. (random case 4)
 ... thermal (n,a) cross section is 0 b. (random case 5)
 ... thermal (n,a) cross section is 0 b. (random case 6)
 ... thermal (n,a) cross section is 0 b. (random case 7)
 ... thermal (n,a) cross section is 0 b. (random case 8)
 ... thermal (n,a) cross section is 0 b. (random case 9)
 ... thermal (n,a) cross section is 0 b. (random case 10)
 ... thermal (n,p) cross section is 1.7511e-08 +/- 8.75549e-09 b.
 ... thermal (n,p) cross section is 0 b. (random case 1)
 ... thermal (n,p) cross section is 0 b. (random case 2)
 ... thermal (n,p) cross section is 0 b. (random case 3)
 ... thermal (n,p) cross section is 0 b. (random case 4)
 ... thermal (n,p) cross section is 0 b. (random case 5)
 ... thermal (n,p) cross section is 0 b. (random case 6)
 ... thermal (n,p) cross section is 0 b. (random case 7)
 ... thermal (n,p) cross section is 0 b. (random case 8)
 ... thermal (n,p) cross section is 0 b. (random case 9)
 ... thermal (n,p) cross section is 0 b. (random case 10)
 ... Rewrite index for MF2
 ... Write text for MF1 in file mf1.tares.txt
 ... plotting cross sections for the MF1
 ... order output files


================== summary ==================
 Thermal (n,tot) xs = 127.67 b. 
 Thermal (n,el)  xs = 5.11702 b. 
 Thermal (n,g)   xs = 122.553 b. (meas/sys: 74.8 b.)
 At 300 K (thermal adjustment): (n,el) = 5.1323 b., (n,g) = 122.45 b.

 RI      (n,g)      = 876.65 b. (meas or sys: - b.)
 RI      (n,el)     = 262.028 b.
=============================================


 ... cleaning
                                                 
  -------------------------------------------------------------
  -                                                           -
  - TARES: successful end of run with data from hypothetical  -
  - resonances for  Z= 67, A= 164 and isomer= 0               -
  - half-life: 28.799999 min. 
  -                                                           -
  -------------------------------------------------------------

   Running time:       20 seconds

 End time: Wed Oct  7 09:45:48 2026

