
  -------------------------------------------------------------
  -                                                           -
  -              Welcome to TARES version 1.8                 -
  -                                                           -
  -  (C) Copyright 2007-2025 D. Rochman, All Rights Reserved  -
  -           NRG, Petten, the Netherlands 2007-2014          -
  -           PSI, Villigen    Switzerland 2015-2025          -
  -         Nagra, Wettingen   Switzerland 2025-              -
  -           (Last Modified October 06, 2026)                -
  -           (Database from October 06, 2026)                -
  -                                                           -
  -------------------------------------------------------------


  ---------------------------------------------
   Compilation information:
   Compiled on:         Oct  7 2026, 09:32:19
   Compiled by:         koning
   Compiler version:    clang++ - 21.0.0
   Source location:     /Users/koning/tares-1.8/source/Module/
   Binaries location:   /Users/koning/bin
   System:              Darwin 25.6.0
   System version:      Darwin Kernel Version 25.6.0: Fri Jul 31 19:19:08 PDT 2026; root:xnu-12377.161.14~5/RELEASE_ARM64_T6050  
   Machine:             arm64 
  ---------------------------------------------

   User information:
   User name:           koning
   Running directory:   /Users/koning/tendl/resbase/Co056/work
   Owner mode for running directory : rwx
   Group mode for running directory : r-x
  ---------------------------------------------


 Starting time: Wed Oct  7 12:32:45 2026
 ... inputs directory found (/Users/koning/tares-1.8/source/Module//../../inputs/).
 ... It will be used for resonance parameters 
 ... ###############################################
 ... #     read the input file tares.inp
 ... ###############################################
 ... line: #
 ... line: # Input file generated by Autorochman
          --> line not read
 ... line: #
 ... line: isotope    Co
          --> Isotope name: Co
 ... line: mass       56
          --> isotopic mass: 56
 ... line: output     n-Co056
         ---> Name of the output files: n-Co056
 ... line: isomer     0
          --> isomeric state: 0
 ... line: mf32mf33   y
          --> MF33 based on MF32: y
 ... line: nbrRandom  10
          --> Nbr of random files: 10
 ... ###############################################
 ... # end read the input file tares.inp
 ... ###############################################
Value for random generator type not considered in since Tares 1.7 due to compilation issues

 ... ###############################################
     #   Interpretation of the Input definition    #
     ###############################################

 ... Default energy limit: End of resonance region
 ... Nuclear charge    = 27
 ... Element           = Co
 ... Mass              = 56
 ... Isomer            = 0
 ... Correlation for (Gn,Gg) not included in random files
 ... Default random option: No random
 ... Output name: n-Co056
 ... Energy for the MACS: 30000 eV
 ... Resonances from CALENDF reduced (reduce=y) 
 ... For URR, level density model from TALYS selected: 91n3n12611.2850 (see manual for description)
 ... Random Generator: default (pseudo random numbers from ansi c++)
 ... Reconstruction of cross section selected
 ... Doppler broadening at 0 Kelvin
 ... URR not included (from the input file flag)
 ... Weight for grouping is flat
 ... Calculation of (n,alpha) cross section selected
 ... Number of digit for MF32c covariance representation: 2
 ... MF32 included
 ... MF33 will be used for covariance processing
 ... TENDL option set to yes (automatic choice of MF2 and format)
 ... Isotope not found in the best file --> use of MLBW formalism
 ... default option: Multi level Breit Wigner approximation selected
 ... (check file best.tendl.yes for changing this option)
 ... Retroactive option set to no with the 2025 option
 ... ladder option set to yes (CALENDF will be used for statistical resonances)

 ... ###############################################
     #           End of Input definition           #
     ###############################################

 ... gnuplot found, will be used for plotting
 ... latex found, will be used for plotting
 ... dvips found, will be used for plotting
 ... ps2epsi not found, limited plotting available
 ... uncertainties on default parameters multiplied by 1.00599
 ... Read resonance data from the 2025 directory
 ... Resonance parameters taken from /Users/koning/tares-1.8/source/Module//../../inputs/2025/Resonance/default/
 ---> Processing Z= 27 and A= 56 and isomer= 0 (level number: 0)
 Exfor path; Could not find /Users/koning/tares-1.8/source/Module//../../inputs/exfor/Co056/xs/102
Thermal file; Could not open file /Users/koning/tares-1.8/source/Module//../../inputs/2025/runThermal/results//thermal.mxw.ng.cendl3.1
Thermal file; Could not open file /Users/koning/tares-1.8/source/Module//../../inputs/2025/runThermal/results//thermal.mxw.ng.brond3.1
Thermal file; Could not open file /Users/koning/tares-1.8/source/Module//../../inputs/2025/runThermal/results//thermal.xs.ng.unc.cendl3.1
 ... spin taken from the final/ directory (1)

 ... ###############################################
 ... #  Nucleus global parameters (2025 database)  #
 ... ###############################################
 0. Half-life: 77.2338 days 
 ... Scattering radius from TALYS: /Users/koning/tares-1.8/source/Module//../../inputs/2025/lib.urr/talys.urr/
 1. Spin of the target isotope: 4
 2. Relative Atomic Mass of the target isotope: 55.9398
 3. Scattering radius (local compilation): 5.09607 fm +/- 0.0917293 fm
      .......................................
      ... Thermal capture cross sections: ...
 4. Thermal (n,g) cross section from systematics: 3.019 +/- 0.75475 b.
 5. Thermal (n,g) cross section from compilation (Firestone-2022 average on element Co): 37.2 +/- 0.3 b.
 6. Thermal (n,g) cross section from compilation (Firestone-2022 final on element Co): 37.18 +/- 0.06 b.
 7. Thermal (n,g) cross section from EAF-2010: 8.5889 b.
 8. Thermal (n,g) cross section from TENDL-2023: 3.044 +/- 0.7488 b.
 9. Thermal (n,g) cross section from JEFF-3.3: 16.28 +/- 5.821 b.
 10. Thermal (n,g) cross section from JEFF-4.0: 3.044 +/- 1.122 b.
 11. Thermal (n,g) cross section from JENDL-5.0: 0.419 b.
      .......................................
      ...  Thermal total cross sections:  ...
      .......................................
      ... Thermal elastic cross sections: ...
 12. Thermal (n,el) cross section from JENDL-5.0: 5.608 b.
 13. Thermal (n,el) cross section from JEFF-3.3: 2.907 b.
 14. Thermal (n,el) cross section from potential (4piR^2): 6.40454 +/- 0.320227 b.
      .......................................
             ... Resonance integral: ...
 15. No capture integral found in /Users/koning/tares-1.8/source/Module//../../inputs/capture.integral
 ... no RI(n,g) found in local compilation, take 2018 value.
 ... no RI(n,g) found in local compilation, take Sukhoruchkin value.
   ---- MACS 30 keV ----- 
 16. TALYS MACS 30 keV (HF): 0.0491336 b. 
   ---------- S0 -------- 
 17. S0 from TALYS: 5.10362
   ---------- S1 -------- 
 18. S1 from TALYS: 0.636911
   ---------- S2 -------- 
 19. S2 from TALYS: 5.02441
   ---------- D0 -------- 
 20. D0 from TALYS: 1008.91 eV
   ---------- D1 -------- 
 21. D1 from TALYS: 533.068 eV
   ---------- D2 -------- 
 22. D2 from TALYS: 391.626 eV
   ---------- G0 -------- 
 23. Gg0 from TALYS: 1.55816 eV
   ---------- G1 -------- 
 24. Gg1 from TALYS: 1.41819 eV
   ---------- G2 -------- 
 25. Gg2 from TALYS: 1.78207 eV


   ---------------------- 
 ... Read resonance parameters (format: 2: Multi Level Breit Wigner)
 ... 0 resonances found 
 ... possibly no resonances in the Resonance directory for this isotope and options
 ... Use HFR (ladder) behavior 
 --> 27. Number of resonances from the input file: 2 up to 504.456 eV
 28. Read nuclear quantities (mass, MAT...)
 29. Read thermal (n,g) xs 
 30. Read the scattering radius 
 31. Read uncertainty on Gg for 2 resonances
 32. Read uncertainty on Gg for 2 resonances ... done
 ... order resonances 
 ... Upper limit for the RRR: 504.456 eV (no statistical resonances HFR) from the limit.RRR file
 ... Write parameters for l=0 waves
 ... End writing original MF2 
 ... No RRR in the database: uncertainties on default parameters multiplied by 1.99753
 ... Enter in urr function (ladder option set to y) for file n-Co056
 ... read the file /Users/koning/tares-1.8/source/Module//../../inputs/2025/list.jcs.urr to find URR origin
 Default URR taken from TALYS calculations with level density model: 91n3n12611.2850
 File considered for the URR: /Users/koning/tares-1.8/source/Module//../../inputs/2025/lib.urr/talys.urr/91n3n12611.2850/Co/urr/urr.dat.Co.056.000.0.gz
 ... Write URR using TALYS average parameters (used for HFR)
 ... Limit of URR changed to 25 keV (recommendation from WPEC and JEFF)
 ... ---> Emax(RRR) taken from the file limit.ladder: 10000 eV <---
 ... (File limit.ladder: /Users/koning/tares-1.8/source/Module//../../inputs/2025/limit.ladder.91n3n12611.2850)
 ... read D0, S0, Gn and Gg
 ... number of URR energies: 2520
 Number of l: 2520 and last energy: 12
 Last  URR energy: 10000 eV
 ... Enter in to_MLBW_mf2 function
 ... Convert to Multi Level Breit Wigner (MLBW)
 ... Write parameter covariances (MF32) for l=0
 ... Convert parameter covariances (MF32) to MLBW
 ... copy the mf2 and mf32 to .mlbw files
 ... Enter in urr_correct function case 1
 Modify the higher limit of RRR in MF2
 --> old value: 5.069778+2 eV new value: 1.000000-2 eV
 Modify resonance covariances (MF32) to include correlations in the URR
 End Modify resonance covariances (MF32) to include correlations in the URR
 ... Enter in calendf_xs function
 Use CALENDF for statistical resonances (update MF2) up to 1.000000+4 eV (initial limit)
 Extract resonances from CALENDF for RRR->URR 2
 96 statistical resonances found
 After reduction, 85 statistical resonances found
 ... checking resonance order 1
 ... checking resonance order 2nd round for 83 resonances
 ... end checking resonance order 2nd round
 .......................................................
 ... Adjustment to the thermal cross section : start ...
 .......................................................

 Before adjustment (adjustment to the thermal cross section set to y)
 ... Import MF2 from TARES calculations
 ... End energy of TARES MF2 : 9.496936E+3 eV and limit to 40000 resonances
 ... File used for reconstruction: new.temp22.reconst
 ... run RECENT ...
 ... Doppler broadened at a unique temperature: 300 Kelvin using sigma1
 ... run SIGMA1 at 3.000000E+02 K.

 ============== INTER values at 300 Kelvin ==============
 Thermal (n,g) xs =  77.5891 b. (meas/sys: 3.019 b.) (warning: comparison to be done at 296 or 300 K)
 Th Maxw (n,g) xs =  78.033 b. (thermal Maxwellian value)
 Westcott factor  =  1.00572
 RI      (n,g)    =  39.4278 b. (meas or sys: - b.)
 MACS 3.000e+04 eV=  0.070801 b. (meas or sys: - b.) from 1.00E+00 to 2.00E+07 eV (end of RRR) at T= 300 Kelvin 
 Thermal (n,el) xs=  49.3139 b.
 RI      (n,el)   =  486.64 b.
 ============= PSYCHE values ==============
 Ave. G_total L0  =  81.4792 eV
 Ave. G_total L1  =  1.24213 eV
 Ave. G_total L2  =  1.46711 eV
 Ave. Gn_0    L0  =  1.1258
 Ave. Gn_0    L1  =  0.13534
 Ave. Gn_0    L2  =  1.74036
 Ave. Gg      L0  =  1.48938 eV
 Ave. Gg      L1  =  1.19203 eV
 Ave. Gg      L2  =  1.46666 eV
 Ave. D       L0  =  949.694 eV
 Ave. D       L1  =  791.411 eV
 Ave. D       L2  =  474.847 eV
 Ave. S       L0  =  0.000656608 eV
 Ave. S       L1  =  2.81913e-05 eV
 Ave. S       L2  =  0.00032552 eV
 =========================================
 Calculated capture integral   39.4278 b.
 Calculated thermal (n,g)=          77.5891110 b. and recommended= 3.019 b. (C/E= 25.7003)
 Calculated RI      (n,g)= 39.4278 b. (no reference value)
 ... tolerances: thermal (n,g) 20 % (reference uncertainties, minimum 2% and 5%, maximum 20%)
 Adjust the capture widths ...
 ... capture adjusted with Gn for 67 resonances (Gn<Gg) and with Gg for 16 resonances
 ... iteration 0: C/E thermal (n,g)= 25.7003
 Warning: 83 widths limited to a change of a factor 10 from their starting values

 <-------- After adjustment -------->
 ... Import MF2 from TARES calculations
 ... End energy of TARES MF2 : 9.496936E+3 eV and limit to 40000 resonances
 ... File used for reconstruction: new.temp22.reconst
 ... run RECENT ...
 ... Doppler broadened at a unique temperature: 300 Kelvin using sigma1
 ... run SIGMA1 at 3.000000E+02 K.

 ============== INTER values at 300 Kelvin ==============
 Thermal (n,g) xs =  7.75894 b. (meas/sys: 3.019 b.) (warning: comparison to be done at 296 or 300 K)
 Th Maxw (n,g) xs =  7.8033 b. (thermal Maxwellian value)
 Westcott factor  =  1.00572
 RI      (n,g)    =  4.28411 b. (meas or sys: - b.)
 MACS 3.000e+04 eV=  0.044617 b. (meas or sys: - b.) from 1.00E+00 to 2.00E+07 eV (end of RRR) at T= 300 Kelvin 
 Thermal (n,el) xs=  49.3144 b.
 RI      (n,el)   =  493.499 b.
 ============= PSYCHE values ==============
 Ave. G_total L0  =  80.2024 eV
 Ave. G_total L1  =  1.19704 eV
 Ave. G_total L2  =  1.4667 eV
 Ave. Gn_0    L0  =  1.12505
 Ave. Gn_0    L1  =  0.013534
 Ave. Gn_0    L2  =  0.174036
 Ave. Gg      L0  =  0.27652 eV
 Ave. Gg      L1  =  1.19203 eV
 Ave. Gg      L2  =  1.46666 eV
 Ave. D       L0  =  949.694 eV
 Ave. D       L1  =  791.411 eV
 Ave. D       L2  =  474.847 eV
 Ave. S       L0  =  0.000656219 eV
 Ave. S       L1  =  2.81913e-06 eV
 Ave. S       L2  =  3.2552e-05 eV
 =========================================
 ... iteration 1: C/E thermal (n,g)= 2.57004
 Warning: 83 widths limited to a change of a factor 10 from their starting values

 <-------- After adjustment -------->
 ... Import MF2 from TARES calculations
 ... End energy of TARES MF2 : 9.496936E+3 eV and limit to 40000 resonances
 ... File used for reconstruction: new.temp22.reconst
 ... run RECENT ...
 ... Doppler broadened at a unique temperature: 300 Kelvin using sigma1
 ... run SIGMA1 at 3.000000E+02 K.

 ============== INTER values at 300 Kelvin ==============
 Thermal (n,g) xs =  7.75894 b. (meas/sys: 3.019 b.) (warning: comparison to be done at 296 or 300 K)
 Th Maxw (n,g) xs =  7.8033 b. (thermal Maxwellian value)
 Westcott factor  =  1.00572
 RI      (n,g)    =  4.28411 b. (meas or sys: - b.)
 MACS 3.000e+04 eV=  0.044617 b. (meas or sys: - b.) from 1.00E+00 to 2.00E+07 eV (end of RRR) at T= 300 Kelvin 
 Thermal (n,el) xs=  49.3144 b.
 RI      (n,el)   =  493.499 b.
 ============= PSYCHE values ==============
 Ave. G_total L0  =  80.2024 eV
 Ave. G_total L1  =  1.19704 eV
 Ave. G_total L2  =  1.4667 eV
 Ave. Gn_0    L0  =  1.12505
 Ave. Gn_0    L1  =  0.013534
 Ave. Gn_0    L2  =  0.174036
 Ave. Gg      L0  =  0.27652 eV
 Ave. Gg      L1  =  1.19203 eV
 Ave. Gg      L2  =  1.46666 eV
 Ave. D       L0  =  949.694 eV
 Ave. D       L1  =  791.411 eV
 Ave. D       L2  =  474.847 eV
 Ave. S       L0  =  0.000656219 eV
 Ave. S       L1  =  2.81913e-06 eV
 Ave. S       L2  =  3.2552e-05 eV
 =========================================
 ... iteration 2: C/E thermal (n,g)= 2.57004
 Warning: no further change possible (widths at the limit of a factor 10): adjustment stopped


 ... ratio C/E thermal (n,g): 2.570036E+00
 ...................................................... 
 ... Adjustment to the thermal cross section : stop ...
 ...................................................... 
 ... new MF2 file after adjustment: n-Co056
 ... read the file /Users/koning/tares-1.8/source/Module//../../inputs/2025/list.jcs.urr to find URR origin
 Default URR taken from TALYS calculations with level density model: 91n3n12611.2850
 File considered for the URR: /Users/koning/tares-1.8/source/Module//../../inputs/2025/lib.urr/talys.urr/91n3n12611.2850/Co/urr/urr.dat.Co.056.000.0.gz
 ... Write URR using TALYS average parameters (not used for HFR)
 ... Limit of URR changed to 25 keV (recommendation from WPEC and JEFF)
 Energy limit of the URR set to 12346 eV
 ... read D0, S0, Gn and Gg
 ... number of URR energies: 36
 Number of l: 36 and last energy: 12
 Last  URR energy: 12346 eV
 ... Enter in urr_correct function case 2
 Modify the higher limit of RRR in MF2
 --> old value: 9.496936+3 eV new value: 9.496936+3 eV
 Modify resonance covariances (MF32) to include correlations in the URR
 End Modify resonance covariances (MF32) to include correlations in the URR
 ... Enter in update_MF32 function
 ... Change uncertainties
 ... for the HFR, random position of the positive resonances with 0.020000 %
 ... end of update MF32 function
 ... GLS calculation of the parameter correlations from the thermal/RI adjustment (MF32c)
 ... MF32: correlations from the thermal/RI adjustment (GLS) for 5 resonances (10 widths), 5 correlation lines
 ...   thermal (n,g): uncertainty from these widths 2.65714 b. -> 0.726029 b. (reference: 3.019 +/- 0.75475 b.)
 ... copy the mf2 and mf32 to .mlbw files

 ... Start of final reconstruction and testing ...
 ... Reconstruction of cross sections at 0 Kelvin  ... Import MF2 from TARES calculations
 ... End energy of TARES MF2 : 9.496936E+3 eV and limit to 40000 resonances
 ... File used for reconstruction: n-Co056.reconst
 ... run RECENT ...
 ... Doppler broadened at a unique temperature: 0 Kelvin using sigma1
 ... The keyword temperature is zero, no Doppler broadening for the MACS

 ============== INTER values at 0 Kelvin ==============
 Thermal (n,g) xs =  7.75524 b. (meas/sys: 3.019 b.) (warning: comparison to be done at 296 or 300 K)
 Th Maxw (n,g) xs =  7.7592 b. (thermal Maxwellian value)
 Westcott factor  =  1.00051
 RI      (n,g)    =  4.26304 b. (meas or sys: - b.)
 MACS 3.000e+04 eV=  0.044378 b. (meas or sys: - b.) from 1.00E+00 to 9.50E+03 eV (end of RRR) at T= 0 Kelvin 
 Thermal (n,el) xs=  48.8682 b.
 RI      (n,el)   =  489.829 b.
 ============= PSYCHE values ==============
 Ave. G_total L0  =  80.2024 eV
 Ave. G_total L1  =  1.19704 eV
 Ave. G_total L2  =  1.4667 eV
 Ave. Gn_0    L0  =  1.12505
 Ave. Gn_0    L1  =  0.013534
 Ave. Gn_0    L2  =  0.174036
 Ave. Gg      L0  =  0.27652 eV
 Ave. Gg      L1  =  1.19203 eV
 Ave. Gg      L2  =  1.46666 eV
 Ave. D       L0  =  949.694 eV
 Ave. D       L1  =  791.411 eV
 Ave. D       L2  =  474.847 eV
 Ave. S       L0  =  0.000656219 eV
 Ave. S       L1  =  2.81913e-06 eV
 Ave. S       L2  =  3.2552e-05 eV
 =========================================
 ... End of final reconstruction and testing ...

 ... grouping is not optimum, change to 70 groups
 ... Produce MF33 based on MF32 and 10 random files
 ... run endsam for 10 in groups of 1 global run
 ... run endsam from 1 to 10
 ... reorder resonance position after endsam (sampling)
 ... preparing the vectors  ... done
 ... nominal file 0 Cap(th)  ave= 7.755E+00 b. +/- 0.00 % || Ela(th) ave= 4.887E+01 b. +/- 0.00 % || RIcap ave= 4.11E+00 b. +/- 0.00 % || Macs30 ave= 8.29E-02 b. +/- 0.00 % || Gn^0(l=0) ave= 1.125E+00 +/- 0.00 % Gn^0(l=1) ave= 1.353E-02 +/- 0.00 % Gn^0(l=2) ave= 1.740E-01 +/- 0.00 % Gn^0(l=3) ave= 0.000E+00 +/- 0.00 % || Gtotal(l=0) ave= 8.020E+01 +/- 0.00 % Gtotal(l=1) ave= 1.197E+00 +/- 0.00 % Gtotal(l=2) ave= 1.467E+00 +/- 0.00 % Gtotal(l=3) ave= 0.000E+00 +/- 0.00 %  % || Gg(l=0) ave= 2.765E-01 +/- 0.00 % Gg(l=1) ave= 1.192E+00 +/- 0.00 % Gg(l=2) ave= 1.467E+00 +/- 0.00 % Gg(l=3) ave= 0.000E+00 +/- 0.00 %  % || D(l=0) ave= 9.497E+02 +/- 0.00 % D(l=1) ave= 7.914E+02 +/- 0.00 % D(l=2) ave= 4.748E+02 +/- 0.00 % D(l=3) ave= 0.000E+00 +/- 0.00 %  % || S(l=0) ave= 6.562E-04 +/- 0.00 % S(l=1) ave= 2.819E-06 +/- 0.00 % S(l=2) ave= 3.255E-05 +/- 0.00 % S(l=3) ave= 0.000E+00 +/- 0.00 % 
 ... random file  1 Cap(th)  ave= 6.918E+00 b. +/- 12.10 % || Ela(th) ave= 4.871E+01 b. +/- 0.32 % || RIcap ave= 3.66E+00 b. +/- 12.30 % || Macs30 ave= 7.70E-02 b. +/- 7.64 % || Gn^0(l=0) ave= 9.398E-01 +/- 19.71 % Gn^0(l=1) ave= 1.331E-02 +/- 1.65 % Gn^0(l=2) ave= 1.693E-01 +/- 2.81 % Gn^0(l=3) ave= 0.000E+00 +/- 0.00 % || Gtotal(l=0) ave= 6.029E+01 +/- 33.02 % Gtotal(l=1) ave= 1.197E+00 +/- 0.00 % Gtotal(l=2) ave= 1.467E+00 +/- 0.00 % Gtotal(l=3) ave= 0.000E+00 +/- 0.00 %  % || Gg(l=0) ave= 2.908E-01 +/- 4.91 % Gg(l=1) ave= 1.063E+00 +/- 12.10 % Gg(l=2) ave= 1.485E+00 +/- 1.22 % Gg(l=3) ave= 0.000E+00 +/- 0.00 %  % || D(l=0) ave= 1.002E+03 +/- 5.26 % D(l=1) ave= 7.914E+02 +/- 0.00 % D(l=2) ave= 4.748E+02 +/- 0.00 % D(l=3) ave= 0.000E+00 +/- 0.00 %  % || S(l=0) ave= 5.145E-04 +/- 27.54 % S(l=1) ave= 2.775E-06 +/- 1.59 % S(l=2) ave= 3.170E-05 +/- 2.70 % S(l=3) ave= 0.000E+00 +/- 0.00 % 
 ... random file  2 Cap(th)  ave= 6.141E+00 b. +/- 21.09 % || Ela(th) ave= 4.891E+01 b. +/- 0.62 % || RIcap ave= 3.32E+00 b. +/- 18.31 % || Macs30 ave= 7.81E-02 b. +/- 6.50 % || Gn^0(l=0) ave= 1.003E+00 +/- 17.50 % Gn^0(l=1) ave= 1.315E-02 +/- 2.26 % Gn^0(l=2) ave= 1.647E-01 +/- 4.60 % Gn^0(l=3) ave= 0.000E+00 +/- 0.00 % || Gtotal(l=0) ave= 6.693E+01 +/- 28.05 % Gtotal(l=1) ave= 1.197E+00 +/- 0.00 % Gtotal(l=2) ave= 1.467E+00 +/- 0.00 % Gtotal(l=3) ave= 0.000E+00 +/- 0.00 %  % || Gg(l=0) ave= 2.745E-01 +/- 9.43 % Gg(l=1) ave= 1.171E+00 +/- 15.77 % Gg(l=2) ave= 1.464E+00 +/- 2.29 % Gg(l=3) ave= 0.000E+00 +/- 0.00 %  % || D(l=0) ave= 9.849E+02 +/- 5.05 % D(l=1) ave= 7.914E+02 +/- 0.00 % D(l=2) ave= 4.748E+02 +/- 0.00 % D(l=3) ave= 0.000E+00 +/- 0.00 %  % || S(l=0) ave= 5.625E-04 +/- 23.85 % S(l=1) ave= 2.740E-06 +/- 2.25 % S(l=2) ave= 3.081E-05 +/- 4.66 % S(l=3) ave= 0.000E+00 +/- 0.00 % 
 ... random file  3 Cap(th)  ave= 6.472E+00 b. +/- 19.47 % || Ela(th) ave= 4.917E+01 b. +/- 1.07 % || RIcap ave= 3.56E+00 b. +/- 18.83 % || Macs30 ave= 8.06E-02 b. +/- 7.53 % || Gn^0(l=0) ave= 1.033E+00 +/- 15.58 % Gn^0(l=1) ave= 1.305E-02 +/- 2.38 % Gn^0(l=2) ave= 1.625E-01 +/- 4.63 % Gn^0(l=3) ave= 0.000E+00 +/- 0.00 % || Gtotal(l=0) ave= 7.025E+01 +/- 24.55 % Gtotal(l=1) ave= 1.197E+00 +/- 0.00 % Gtotal(l=2) ave= 1.467E+00 +/- 0.00 % Gtotal(l=3) ave= 0.000E+00 +/- 0.00 %  % || Gg(l=0) ave= 2.645E-01 +/- 10.67 % Gg(l=1) ave= 1.138E+00 +/- 14.93 % Gg(l=2) ave= 1.471E+00 +/- 2.16 % Gg(l=3) ave= 0.000E+00 +/- 0.00 %  % || D(l=0) ave= 9.761E+02 +/- 4.68 % D(l=1) ave= 7.914E+02 +/- 0.00 % D(l=2) ave= 4.748E+02 +/- 0.00 % D(l=3) ave= 0.000E+00 +/- 0.00 %  % || S(l=0) ave= 5.858E-04 +/- 21.00 % S(l=1) ave= 2.718E-06 +/- 2.40 % S(l=2) ave= 3.040E-05 +/- 4.69 % S(l=3) ave= 0.000E+00 +/- 0.00 % 
 ... random file  4 Cap(th)  ave= 7.174E+00 b. +/- 25.09 % || Ela(th) ave= 4.932E+01 b. +/- 1.12 % || RIcap ave= 3.77E+00 b. +/- 19.62 % || Macs30 ave= 7.85E-02 b. +/- 8.61 % || Gn^0(l=0) ave= 9.753E-01 +/- 18.96 % Gn^0(l=1) ave= 1.299E-02 +/- 2.29 % Gn^0(l=2) ave= 1.614E-01 +/- 4.39 % Gn^0(l=3) ave= 0.000E+00 +/- 0.00 % || Gtotal(l=0) ave= 6.427E+01 +/- 30.35 % Gtotal(l=1) ave= 1.197E+00 +/- 0.00 % Gtotal(l=2) ave= 1.467E+00 +/- 0.00 % Gtotal(l=3) ave= 0.000E+00 +/- 0.00 %  % || Gg(l=0) ave= 2.633E-01 +/- 9.64 % Gg(l=1) ave= 1.137E+00 +/- 13.36 % Gg(l=2) ave= 1.449E+00 +/- 3.66 % Gg(l=3) ave= 0.000E+00 +/- 0.00 %  % || D(l=0) ave= 9.919E+02 +/- 5.21 % D(l=1) ave= 7.914E+02 +/- 0.00 % D(l=2) ave= 4.748E+02 +/- 0.00 % D(l=3) ave= 0.000E+00 +/- 0.00 %  % || S(l=0) ave= 5.421E-04 +/- 25.91 % S(l=1) ave= 2.707E-06 +/- 2.30 % S(l=2) ave= 3.020E-05 +/- 4.44 % S(l=3) ave= 0.000E+00 +/- 0.00 % 
 ... random file  5 Cap(th)  ave= 6.962E+00 b. +/- 24.55 % || Ela(th) ave= 4.915E+01 b. +/- 1.27 % || RIcap ave= 3.72E+00 b. +/- 18.47 % || Macs30 ave= 8.03E-02 b. +/- 9.15 % || Gn^0(l=0) ave= 1.002E+00 +/- 17.89 % Gn^0(l=1) ave= 1.317E-02 +/- 3.63 % Gn^0(l=2) ave= 1.658E-01 +/- 7.10 % Gn^0(l=3) ave= 0.000E+00 +/- 0.00 % || Gtotal(l=0) ave= 6.693E+01 +/- 28.05 % Gtotal(l=1) ave= 1.197E+00 +/- 0.00 % Gtotal(l=2) ave= 1.467E+00 +/- 0.00 % Gtotal(l=3) ave= 0.000E+00 +/- 0.00 %  % || Gg(l=0) ave= 2.692E-01 +/- 9.91 % Gg(l=1) ave= 1.110E+00 +/- 13.70 % Gg(l=2) ave= 1.426E+00 +/- 4.88 % Gg(l=3) ave= 0.000E+00 +/- 0.00 %  % || D(l=0) ave= 9.849E+02 +/- 5.05 % D(l=1) ave= 7.914E+02 +/- 0.00 % D(l=2) ave= 4.748E+02 +/- 0.00 % D(l=3) ave= 0.000E+00 +/- 0.00 %  % || S(l=0) ave= 5.623E-04 +/- 24.18 % S(l=1) ave= 2.743E-06 +/- 3.60 % S(l=2) ave= 3.102E-05 +/- 7.10 % S(l=3) ave= 0.000E+00 +/- 0.00 % 
 ... random file  6 Cap(th)  ave= 6.559E+00 b. +/- 28.46 % || Ela(th) ave= 4.910E+01 b. +/- 1.21 % || RIcap ave= 3.65E+00 b. +/- 18.09 % || Macs30 ave= 8.11E-02 b. +/- 8.71 % || Gn^0(l=0) ave= 9.668E-01 +/- 19.39 % Gn^0(l=1) ave= 1.322E-02 +/- 3.49 % Gn^0(l=2) ave= 1.671E-01 +/- 6.78 % Gn^0(l=3) ave= 0.000E+00 +/- 0.00 % || Gtotal(l=0) ave= 6.314E+01 +/- 31.21 % Gtotal(l=1) ave= 1.197E+00 +/- 0.00 % Gtotal(l=2) ave= 1.467E+00 +/- 0.00 % Gtotal(l=3) ave= 0.000E+00 +/- 0.00 %  % || Gg(l=0) ave= 2.736E-01 +/- 9.87 % Gg(l=1) ave= 1.100E+00 +/- 12.95 % Gg(l=2) ave= 1.440E+00 +/- 5.04 % Gg(l=3) ave= 0.000E+00 +/- 0.00 %  % || D(l=0) ave= 9.949E+02 +/- 5.25 % D(l=1) ave= 7.914E+02 +/- 0.00 % D(l=2) ave= 4.748E+02 +/- 0.00 % D(l=3) ave= 0.000E+00 +/- 0.00 %  % || S(l=0) ave= 5.352E-04 +/- 26.59 % S(l=1) ave= 2.754E-06 +/- 3.47 % S(l=2) ave= 3.124E-05 +/- 6.75 % S(l=3) ave= 0.000E+00 +/- 0.00 % 
 ... random file  7 Cap(th)  ave= 7.004E+00 b. +/- 30.07 % || Ela(th) ave= 4.906E+01 b. +/- 1.15 % || RIcap ave= 3.78E+00 b. +/- 18.73 % || Macs30 ave= 7.94E-02 b. +/- 9.97 % || Gn^0(l=0) ave= 9.397E-01 +/- 20.16 % Gn^0(l=1) ave= 1.335E-02 +/- 4.06 % Gn^0(l=2) ave= 1.700E-01 +/- 7.70 % Gn^0(l=3) ave= 0.000E+00 +/- 0.00 % || Gtotal(l=0) ave= 6.029E+01 +/- 33.02 % Gtotal(l=1) ave= 1.197E+00 +/- 0.00 % Gtotal(l=2) ave= 1.467E+00 +/- 0.00 % Gtotal(l=3) ave= 0.000E+00 +/- 0.00 %  % || Gg(l=0) ave= 2.665E-01 +/- 11.82 % Gg(l=1) ave= 1.103E+00 +/- 12.10 % Gg(l=2) ave= 1.450E+00 +/- 5.03 % Gg(l=3) ave= 0.000E+00 +/- 0.00 %  % || D(l=0) ave= 1.002E+03 +/- 5.26 % D(l=1) ave= 7.914E+02 +/- 0.00 % D(l=2) ave= 4.748E+02 +/- 0.00 % D(l=3) ave= 0.000E+00 +/- 0.00 %  % || S(l=0) ave= 5.146E-04 +/- 27.95 % S(l=1) ave= 2.780E-06 +/- 4.05 % S(l=2) ave= 3.179E-05 +/- 7.73 % S(l=3) ave= 0.000E+00 +/- 0.00 % 
 ... random file  8 Cap(th)  ave= 7.030E+00 b. +/- 28.26 % || Ela(th) ave= 4.898E+01 b. +/- 1.17 % || RIcap ave= 3.80E+00 b. +/- 17.63 % || Macs30 ave= 8.02E-02 b. +/- 9.67 % || Gn^0(l=0) ave= 9.178E-01 +/- 20.61 % Gn^0(l=1) ave= 1.331E-02 +/- 3.91 % Gn^0(l=2) ave= 1.689E-01 +/- 7.53 % Gn^0(l=3) ave= 0.000E+00 +/- 0.00 % || Gtotal(l=0) ave= 5.808E+01 +/- 34.07 % Gtotal(l=1) ave= 1.197E+00 +/- 0.00 % Gtotal(l=2) ave= 1.467E+00 +/- 0.00 % Gtotal(l=3) ave= 0.000E+00 +/- 0.00 %  % || Gg(l=0) ave= 2.795E-01 +/- 16.88 % Gg(l=1) ave= 1.094E+00 +/- 11.75 % Gg(l=2) ave= 1.456E+00 +/- 4.85 % Gg(l=3) ave= 0.000E+00 +/- 0.00 %  % || D(l=0) ave= 1.008E+03 +/- 5.20 % D(l=1) ave= 7.914E+02 +/- 0.00 % D(l=2) ave= 4.748E+02 +/- 0.00 % D(l=3) ave= 0.000E+00 +/- 0.00 %  % || S(l=0) ave= 4.982E-04 +/- 28.77 % S(l=1) ave= 2.773E-06 +/- 3.91 % S(l=2) ave= 3.159E-05 +/- 7.55 % S(l=3) ave= 0.000E+00 +/- 0.00 % 
 ... random file  9 Cap(th)  ave= 6.874E+00 b. +/- 28.25 % || Ela(th) ave= 4.898E+01 b. +/- 1.11 % || RIcap ave= 3.73E+00 b. +/- 18.05 % || Macs30 ave= 7.99E-02 b. +/- 9.28 % || Gn^0(l=0) ave= 9.385E-01 +/- 20.23 % Gn^0(l=1) ave= 1.328E-02 +/- 3.80 % Gn^0(l=2) ave= 1.680E-01 +/- 7.38 % Gn^0(l=3) ave= 0.000E+00 +/- 0.00 % || Gtotal(l=0) ave= 6.029E+01 +/- 33.02 % Gtotal(l=1) ave= 1.197E+00 +/- 0.00 % Gtotal(l=2) ave= 1.467E+00 +/- 0.00 % Gtotal(l=3) ave= 0.000E+00 +/- 0.00 %  % || Gg(l=0) ave= 2.868E-01 +/- 17.40 % Gg(l=1) ave= 1.123E+00 +/- 13.40 % Gg(l=2) ave= 1.462E+00 +/- 4.77 % Gg(l=3) ave= 0.000E+00 +/- 0.00 %  % || D(l=0) ave= 1.002E+03 +/- 5.26 % D(l=1) ave= 7.914E+02 +/- 0.00 % D(l=2) ave= 4.748E+02 +/- 0.00 % D(l=3) ave= 0.000E+00 +/- 0.00 %  % || S(l=0) ave= 5.141E-04 +/- 28.03 % S(l=1) ave= 2.766E-06 +/- 3.79 % S(l=2) ave= 3.141E-05 +/- 7.40 % S(l=3) ave= 0.000E+00 +/- 0.00 % 
 ... random file  10 Cap(th)  ave= 7.068E+00 b. +/- 27.60 % || Ela(th) ave= 4.896E+01 b. +/- 1.08 % || RIcap ave= 3.79E+00 b. +/- 17.73 % || Macs30 ave= 7.96E-02 b. +/- 8.95 % || Gn^0(l=0) ave= 9.550E-01 +/- 19.73 % Gn^0(l=1) ave= 1.331E-02 +/- 3.71 % Gn^0(l=2) ave= 1.690E-01 +/- 7.26 % Gn^0(l=3) ave= 0.000E+00 +/- 0.00 % || Gtotal(l=0) ave= 6.210E+01 +/- 31.93 % Gtotal(l=1) ave= 1.197E+00 +/- 0.00 % Gtotal(l=2) ave= 1.467E+00 +/- 0.00 % Gtotal(l=3) ave= 0.000E+00 +/- 0.00 %  % || Gg(l=0) ave= 2.775E-01 +/- 20.20 % Gg(l=1) ave= 1.114E+00 +/- 13.13 % Gg(l=2) ave= 1.476E+00 +/- 5.38 % Gg(l=3) ave= 0.000E+00 +/- 0.00 %  % || D(l=0) ave= 9.977E+02 +/- 5.27 % D(l=1) ave= 7.914E+02 +/- 0.00 % D(l=2) ave= 4.748E+02 +/- 0.00 % D(l=3) ave= 0.000E+00 +/- 0.00 %  % || S(l=0) ave= 5.268E-04 +/- 27.17 % S(l=1) ave= 2.773E-06 +/- 3.69 % S(l=2) ave= 3.160E-05 +/- 7.27 % S(l=3) ave= 0.000E+00 +/- 0.00 % 
 ... Histogram plot for thermal (n,g)
 ... Write covariances  ... MT1  ... plot correlations
 ... MT2  ... MT102 


 ================================================
 ============== From 10 random values === start ======
 Thermal (n,tot) xs  0 K =  56.0245 b. +/- 2.14008 b. ( 3.8199 %) skew= +0.35 +/- 0.66
 Thermal (n,el) xs   0 K =  48.9561 b. +/- 0.526778 b. ( 1.07602 %) skew= +0.83 +/- 0.66
 Thermal (n,g) xs    0 K =  7.06849 b. +/- 1.95105 b. ( 27.6021 %) skew= +0.17 +/- 0.66
 RI      (n,g)       0 K =  3.78956 b. +/- 0.671848 b. ( 17.7289 %) 
 MACS    (n,g)       0 K (at Emacs= 30000 eV) =  0.07961 b. +/- 0.00712248 b. ( 8.94671 %) 
 Ave. Gtotal  L=0        =  6.210E+01 +/- 31.93 %
 Ave. Gn^(0)  L=0        =  9.550E-01 +/- 19.73 %
 Ave. Gg      L=0        =  2.775E-01 +/- 20.20 %
 Ave. D       L=0        =  9.977E+02 +/- 5.27 %
 Ave. S       L=0        =  5.268E-04 +/- 27.17 %
 Ave. Gtotal  L=1        =  1.197E+00 +/- 0.00 %
 Ave. Gn^(1)  L=1        =  1.331E-02 +/- 3.71 %
 Ave. Gg      L=1        =  1.114E+00 +/- 13.13 %
 Ave. D       L=1        =  7.914E+02 +/- 0.00 %
 Ave. S       L=1        =  2.773E-06 +/- 3.69 %
 Ave. Gtotal  L=2        =  1.467E+00 +/- 0.00 %
 Ave. Gn^(2)  L=2        =  1.690E-01 +/- 7.26 %
 Ave. Gg      L=2        =  1.476E+00 +/- 5.38 %
 Ave. D       L=2        =  4.748E+02 +/- 0.00 %
 Ave. S       L=2        =  3.160E-05 +/- 7.27 %

 Expected Thermal (n,g) (syst or meas)= 3.019 b. +/- 0.75475 b. nominal: 7.75524 b.
 ratio Calculated/expected thermal (n,g): 2.34 ratio DCalculated/Dexpected: 2.59 ratio Calculated/Nominal: 0.91
 ============== From 10 random values ===== stop ======
 ================================================
 ... Calculation of (n,a) and (n,p) cross sections at 300 K
 ... thermal (n,a) cross section is 0.363332 +/- 0.181666 b.
 ... thermal (n,a) cross section is 0.668002 b. (random case 1)
 ... thermal (n,a) cross section is 0.972672 b. (random case 2)
 ... thermal (n,a) cross section is 1.27734 b. (random case 3)
 ... thermal (n,a) cross section is 1.87417 b. (random case 4)
 ... thermal (n,a) cross section is 2.47099 b. (random case 5)
 ... thermal (n,a) cross section is 2.40086 b. (random case 6)
 ... thermal (n,a) cross section is 2.33073 b. (random case 7)
 ... thermal (n,a) cross section is 2.2606 b. (random case 8)
 ... thermal (n,a) cross section is 2.19046 b. (random case 9)
 ... thermal (n,a) cross section is 2.12033 b. (random case 10)
 ... thermal (n,p) cross section is 0.363332 +/- 0.181666 b.
 ... thermal (n,p) cross section is 0.668002 b. (random case 1)
 ... thermal (n,p) cross section is 0.972672 b. (random case 2)
 ... thermal (n,p) cross section is 1.27734 b. (random case 3)
 ... thermal (n,p) cross section is 1.87417 b. (random case 4)
 ... thermal (n,p) cross section is 2.47099 b. (random case 5)
 ... thermal (n,p) cross section is 2.40086 b. (random case 6)
 ... thermal (n,p) cross section is 2.33073 b. (random case 7)
 ... thermal (n,p) cross section is 2.2606 b. (random case 8)
 ... thermal (n,p) cross section is 2.19046 b. (random case 9)
 ... thermal (n,p) cross section is 2.12033 b. (random case 10)
 ... Rewrite index for MF2
 ... Write text for MF1 in file mf1.tares.txt
 ... plotting cross sections for the MF1
 ... order output files


================== summary ==================
 Thermal (n,tot) xs = 60.8641 b. 
 Thermal (n,el)  xs = 48.8682 b. 
 Thermal (n,g)   xs = 7.75524 b. (meas/sys: 3.019 b.)
 Thermal (n,a)   xs = 2.12033 b. 
 Thermal (n,p)   xs = 2.12033 b. 
 At 300 K (thermal adjustment): (n,el) = 49.3144 b., (n,g) = 7.75894 b.

 RI      (n,g)      = 4.26304 b. (meas or sys: - b.)
 RI      (n,el)     = 489.829 b.
=============================================


 ... cleaning
                                                 
  -------------------------------------------------------------
  -                                                           -
  - TARES: successful end of run with data from hypothetical  -
  - resonances for  Z= 27,  A= 56 and isomer= 0               -
  - half-life: 77.233795 days 
  -                                                           -
  -------------------------------------------------------------

   Running time:       10 seconds

 End time: Wed Oct  7 12:32:55 2026

