
  -------------------------------------------------------------
  -                                                           -
  -              Welcome to TARES version 1.8                 -
  -                                                           -
  -  (C) Copyright 2007-2025 D. Rochman, All Rights Reserved  -
  -           NRG, Petten, the Netherlands 2007-2014          -
  -           PSI, Villigen    Switzerland 2015-2025          -
  -         Nagra, Wettingen   Switzerland 2025-              -
  -           (Last Modified October 06, 2026)                -
  -           (Database from October 06, 2026)                -
  -                                                           -
  -------------------------------------------------------------


  ---------------------------------------------
   Compilation information:
   Compiled on:         Oct  8 2026, 18:36:06
   Compiled by:         koning
   Compiler version:    clang++ - 21.0.0
   Source location:     /Users/koning/tares-1.8/source/Module/
   Binaries location:   /Users/koning/bin
   System:              Darwin 25.6.0
   System version:      Darwin Kernel Version 25.6.0: Fri Jul 31 19:19:08 PDT 2026; root:xnu-12377.161.14~5/RELEASE_ARM64_T6050  
   Machine:             arm64 
  ---------------------------------------------

   User information:
   User name:           koning
   Running directory:   /Users/koning/tendl/resbase/Md246m/work
   Owner mode for running directory : rwx
   Group mode for running directory : r-x
  ---------------------------------------------


 Starting time: Fri Oct  9 13:15:16 2026
 ... inputs directory found (/Users/koning/tares-1.8/source/Module//../../inputs/).
 ... It will be used for resonance parameters 
 ... ###############################################
 ... #     read the input file tares.inp
 ... ###############################################
 ... line: #
 ... line: # Input file generated by Autorochman
          --> line not read
 ... line: #
 ... line: isotope    Md
          --> Isotope name: Md
 ... line: mass       246
          --> isotopic mass: 246
 ... line: output     n-Md246m
         ---> Name of the output files: n-Md246m
 ... line: isomer     1
          --> isomeric state: 1
 ... line: mf32mf33   y
          --> MF33 based on MF32: y
 ... line: nbrRandom  6
          --> Nbr of random files: 6
 ... ###############################################
 ... # end read the input file tares.inp
 ... ###############################################
Value for random generator type not considered in since Tares 1.7 due to compilation issues

 ... ###############################################
     #   Interpretation of the Input definition    #
     ###############################################

 ... Default energy limit: End of resonance region
 ... Nuclear charge    = 101
 ... Element           = Md
 ... Mass              = 246
 ... Isomer            = 1
 ... Correlation for (Gn,Gg) not included in random files
 ... Default random option: No random
 ... Output name: n-Md246m
 ... Energy for the MACS: 30000 eV
 ... Resonances from CALENDF reduced (reduce=y) 
 ... For URR, level density model from TALYS selected: 91n3n12611.2850 (see manual for description)
 ... Random Generator: default (pseudo random numbers from ansi c++)
 ... Reconstruction of cross section selected
 ... Doppler broadening at 0 Kelvin
 ... URR not included (from the input file flag)
 ... Weight for grouping is flat
 ... Calculation of (n,alpha) cross section selected
 ... Number of digit for MF32c covariance representation: 2
 ... MF32 included
 ... MF33 will be used for covariance processing
 ... TENDL option set to yes (automatic choice of MF2 and format)
 ... Isotope not found in the best file --> use of MLBW formalism
 ... default option: Multi level Breit Wigner approximation selected
 ... (check file best.tendl.yes for changing this option)
 ... Retroactive option set to no with the 2025 option

 ... ###############################################
     #           End of Input definition           #
     ###############################################

 ... gnuplot found, will be used for plotting
 ... latex found, will be used for plotting
 ... dvips found, will be used for plotting
 ... ps2epsi not found, limited plotting available
 ... uncertainties on default parameters multiplied by 1.31599
 ... Read resonance data from the 2025 directory
 ... Resonance parameters taken from /Users/koning/tares-1.8/source/Module//../../inputs/2025/Resonance/default/
 ---> Processing Z= 101 and A= 246 and isomer= 1 (level number: 1)
 Exfor path; Could not find /Users/koning/tares-1.8/source/Module//../../inputs/exfor/Md246m/xs/102
Thermal file; Could not open file /Users/koning/tares-1.8/source/Module//../../inputs/2025/runThermal/results//thermal.mxw.ng.cendl3.1
Thermal file; Could not open file /Users/koning/tares-1.8/source/Module//../../inputs/2025/runThermal/results//thermal.mxw.ng.brond3.1
Thermal file; Could not open file /Users/koning/tares-1.8/source/Module//../../inputs/2025/runThermal/results//thermal.xs.ng.unc.cendl3.1
 ... spin taken from the final/ directory (1)
 ... The spin found in level file ( 0 ) and the one in the urr file ( 5.5 ) differ

 ... ###############################################
 ... #  Nucleus global parameters (2025 database)  #
 ... ###############################################
 0. Half-life: 4.4 sec. 
 ... Scattering radius from TALYS: /Users/koning/tares-1.8/source/Module//../../inputs/2025/lib.urr/talys.urr/
 1. Spin of the target isotope: 0
 2. Relative Atomic Mass of the target isotope: 246.081
 3. Level of the isomer: 0.260000 MeV (level number 1)
 4. Scattering radius (local compilation): 8.30505 fm +/- 0.199321 fm
      .......................................
      ... Thermal capture cross sections: ...
File /Users/koning/tares-1.8/source/Module//../../inputs/2025/lib.urr/talys.urr/91n3n12611.2850/Md/urr/urr.dat.Md.246.000.0.gz not found
 ... urr.dat file missing, take ratio of 1 for isomeric cross section (isomer/ground)
 5. Thermal (n,g) cross section from systematics (TALYS, urr.dat): 227.668 +/- 193.517 b.
      .......................................
      ...  Thermal total cross sections:  ...
      .......................................
      ... Thermal elastic cross sections: ...
 6. Thermal (n,el) cross section from potential (4piR^2): 10.4375 +/- 0.521873 b.
      .......................................
             ... Resonance integral: ...
 7. No capture integral found in /Users/koning/tares-1.8/source/Module//../../inputs/capture.integral
 ... no RI(n,g) found in local compilation, take 2018 value.
 ... no RI(n,g) found in local compilation, take Sukhoruchkin value.
 8. Thermal (n,f) cross section from systematics: 8648.8 +/- 6919.04 b.
   ---- MACS 30 keV ----- 
 9. TALYS MACS 30 keV (HF): 0.00179123 b. 
   ---------- S0 -------- 
 10. S0 from TALYS: 0.668131
   ---------- S1 -------- 
 11. S1 from TALYS: 3.47297
   ---------- S2 -------- 
 12. S2 from TALYS: 0.78221
   ---------- D0 -------- 
 13. D0 from TALYS: 0.0902119 eV
   ---------- D1 -------- 
 14. D1 from TALYS: 0.0304982 eV
   ---------- D2 -------- 
 15. D2 from TALYS: 0.0188229 eV
   ---------- G0 -------- 
 16. Gg0 from TALYS: 0.124086 eV
   ---------- G1 -------- 
 17. Gg1 from TALYS: 0.124137 eV
   ---------- G2 -------- 
 18. Gg2 from TALYS: 0.123521 eV


   ---------------------- 
 ... Read resonance parameters (format: 2: Multi Level Breit Wigner)
 ... 0 resonances found 
 ... possibly no resonances in the Resonance directory for this isotope and options
 ... Use HFR (ladder) behavior 
 --> 19. Number of resonances from the input file: 2 up to 0.045106 eV
 20. Read nuclear quantities (mass, MAT...)
 21. Read thermal (n,g) xs 
 22. Read the scattering radius 
 23. Read uncertainty on Gg for 2 resonances
 24. Read uncertainty on Gg for 2 resonances ... done
 25. Read uncertainty on Gf1
 26. Read uncertainty on Gf2
 ... order resonances 
 ... Upper limit for the RRR: 0.045106 eV (no statistical resonances HFR) from the limit.RRR file
 ... Write parameters for l=0 waves
 ... End writing original MF2 
 ... No RRR in the database: uncertainties on default parameters multiplied by 1.99753
 ... Enter in urr function (ladder option set to y) for file n-Md246m
 ... read the file /Users/koning/tares-1.8/source/Module//../../inputs/2025/list.jcs.urr to find URR origin
 Default URR taken from TALYS calculations with level density model: 91n3n12611.2850
 File considered for the URR: /Users/koning/tares-1.8/source/Module//../../inputs/2025/lib.urr/talys.urr/91n3n12611.2850/Md/urr/urr.dat.Md.246.001.1.gz
 ... Write URR using TALYS average parameters (used for HFR)
 ... Limit of URR changed to 25 keV (recommendation from WPEC and JEFF)
 ... Extract the Sn value from file ./urr.dat.Md.246.1.1
 ... found Sn= 8.25032 MeV
 ... estimated number of resonances up to 255.737 eV:  1 resonances
 ... This is a test here. The higher energy limit to include URR data for calendf is set to max Sn. 24/03/2016
 ... Use Sn to define the maximum energy for the URR: Sn= 8.25032 MeV --> last_energyURR= 255.737 eV
 ... read D0, S0, Gn and Gg
 ... number of URR energies: 700
 Number of l: 700 and last energy: 5
 Last  URR energy: 255.737 eV
 ... Enter in to_MLBW_mf2 function
 ... Convert to Multi Level Breit Wigner (MLBW)
 ... Write parameter covariances (MF32) for l=0
 ... Convert parameter covariances (MF32) to MLBW
 ... copy the mf2 and mf32 to .mlbw files
 ... Enter in urr_correct function case 1
 Modify the higher limit of RRR in MF2
 --> old value: 4.533100-2 eV new value: 1.000000-2 eV
 Modify resonance covariances (MF32) to include correlations in the URR
 End Modify resonance covariances (MF32) to include correlations in the URR
 ... Enter in calendf_xs function
 Use CALENDF for statistical resonances (update MF2) up to 2.557370+2 eV (initial limit)
 Extract resonances from CALENDF for RRR->URR 2
 More than 5000 resonances found (11543 statistical resonances found)
 Reduction to 100 resonances based on the half-life of the isotope
 After reduction, 101 statistical resonances found
 ... checking resonance order 1
 ... checking resonance order 2nd round for 101 resonances
 ... end checking resonance order 2nd round
 .......................................................
 ... Adjustment to the thermal cross section : start ...
 .......................................................
File /Users/koning/tares-1.8/source/Module//../../inputs/2025/lib.urr/talys.urr/91n3n12611.2850/Md/urr/urr.dat.Md.246.000.0.gz not found
 ... urr.dat file missing, take ratio of 1 for isomeric cross section (isomer/ground)
 --> Systematics thermal (n,g) xs   227.668 b.
 --> Systematics thermal (n,f) xs   8648.8 b.
 ... Prior values:
 ... Import MF2 from TARES calculations
 ... End energy of TARES MF2 : 1.490575E+1 eV and limit to 40000 resonances
 ... File used for reconstruction: new.temp22.reconst
 ... run RECENT ...
 ... Doppler broadened at a unique temperature: 300 Kelvin using sigma1
 ... run SIGMA1 at 3.000000E+02 K.

 ============== INTER values at 300 Kelvin ==============
 Thermal (n,g) xs =  1348.68 b. (meas/sys: 227.668 b.) (warning: comparison to be done at 296 or 300 K)
 Th Maxw (n,g) xs =  1170 b. (thermal Maxwellian value)
 Westcott factor  =  0.86752
 RI      (n,g)    =  237.135 b. (meas or sys: - b.)
 MACS 3.000e+04 eV=  3.6808 b. (meas or sys: - b.) from 1.00E+00 to 2.00E+07 eV (end of RRR) at T= 300 Kelvin 
 Thermal (n,el) xs=  8.64068 b.
 RI      (n,el)   =  28.2651 b.
 Thermal (n,f) xs =  35.6046 b. (meas/sys: 8648.8 +/- 6919.04 b.)
 RI      (n,f) xs =  11.8 b. 
 ============= PSYCHE values ==============
 Ave. G_total L0  =  0.146333 eV
 Ave. G_total L1  =  0.144449 eV
 Ave. Gn_0    L0  =  5.61693e-06
 Ave. Gn_0    L1  =  6.94876e-05
 Ave. Gg      L0  =  0.124086 eV
 Ave. Gg      L1  =  0.123834 eV
 Ave. D       L0  =  0.324038 eV
 Ave. D       L1  =  0.324038 eV
 Ave. S       L0  =  1.7711e-05 eV
 Ave. S       L1  =  0.000110352 eV
 =========================================
 ... tolerances: thermal (n,g) 20 %, thermal (n,f) 20 % (reference uncertainties, minimum 2%, maximum 20%)
 Calculated thermal (n,g)=          1348.67821 b. and measured/system= 227.668 b. (C/E= 5.92389)
 Calculated thermal (n,f)=          35.6046499 b. and measured/system= 8648.8 b. (C/E= 0.00411672)
 Warning: first correction of Gg/Gf limited to a factor 10 (C/E too far from 1)
 ... Import MF2 from TARES calculations
 ... End energy of TARES MF2 : 1.490575E+1 eV and limit to 40000 resonances
 ... File used for reconstruction: new.temp22.reconst
 ... run RECENT ...
 ... Doppler broadened at a unique temperature: 300 Kelvin using sigma1
 ... run SIGMA1 at 3.000000E+02 K.

 ============== INTER values at 300 Kelvin ==============
 Thermal (n,g) xs =  1179.21 b. (meas/sys: 227.668 b.) (warning: comparison to be done at 296 or 300 K)
 Th Maxw (n,g) xs =  919.89 b. (thermal Maxwellian value)
 Westcott factor  =  0.78009
 RI      (n,g)    =  164.868 b. (meas or sys: - b.)
 MACS 3.000e+04 eV=  3.6808 b. (meas or sys: - b.) from 1.00E+00 to 2.00E+07 eV (end of RRR) at T= 300 Kelvin 
 Thermal (n,el) xs=  9.25882 b.
 RI      (n,el)   =  28.243 b.
 Thermal (n,f) xs =  1500 b. (meas/sys: 8648.8 +/- 6919.04 b.)
 RI      (n,f) xs =  76.3339 b. 
 ============= PSYCHE values ==============
 Ave. G_total L0  =  0.247046 eV
 Ave. G_total L1  =  0.230818 eV
 Ave. Gn_0    L0  =  5.61693e-06
 Ave. Gn_0    L1  =  6.94876e-05
 Ave. Gg      L0  =  0.0247172 eV
 Ave. Gg      L1  =  0.0246669 eV
 Ave. D       L0  =  0.324038 eV
 Ave. D       L1  =  0.324038 eV
 Ave. S       L0  =  1.7711e-05 eV
 Ave. S       L1  =  0.000110352 eV
 =========================================
 ... iteration 0: C/E thermal (n,g)= 5.17951  C/E thermal (n,f)= 0.173434
 Warning: 202 Gg/Gf values limited to a change of a factor 10 from their starting values
 ... Posterior values (iteration 1):
 ... Import MF2 from TARES calculations
 ... End energy of TARES MF2 : 1.490575E+1 eV and limit to 40000 resonances
 ... File used for reconstruction: new.temp22.reconst
 ... run RECENT ...
 ... Doppler broadened at a unique temperature: 300 Kelvin using sigma1
 ... run SIGMA1 at 3.000000E+02 K.

 ============== INTER values at 300 Kelvin ==============
 Thermal (n,g) xs =  872.743 b. (meas/sys: 227.668 b.) (warning: comparison to be done at 296 or 300 K)
 Th Maxw (n,g) xs =  682.52 b. (thermal Maxwellian value)
 Westcott factor  =  0.78204
 RI      (n,g)    =  153.033 b. (meas or sys: - b.)
 MACS 3.000e+04 eV=  3.6808 b. (meas or sys: - b.) from 1.00E+00 to 2.00E+07 eV (end of RRR) at T= 300 Kelvin 
 Thermal (n,el) xs=  9.6302 b.
 RI      (n,el)   =  28.2543 b.
 Thermal (n,f) xs =  2203.45 b. (meas/sys: 8648.8 +/- 6919.04 b.)
 RI      (n,f) xs =  88.1833 b. 
 ============= PSYCHE values ==============
 Ave. G_total L0  =  0.234737 eV
 Ave. G_total L1  =  0.218534 eV
 Ave. Gn_0    L0  =  5.61693e-06
 Ave. Gn_0    L1  =  6.94876e-05
 Ave. Gg      L0  =  0.0124086 eV
 Ave. Gg      L1  =  0.0123834 eV
 Ave. D       L0  =  0.324038 eV
 Ave. D       L1  =  0.324038 eV
 Ave. S       L0  =  1.7711e-05 eV
 Ave. S       L1  =  0.000110352 eV
 =========================================

 ... iteration 1: C/E thermal (n,g)= 3.83341  C/E thermal (n,f)= 0.25477
 Warning: 202 Gg/Gf values limited to a change of a factor 10 from their starting values
 ... Posterior values (iteration 2):
 ... Import MF2 from TARES calculations
 ... End energy of TARES MF2 : 1.490575E+1 eV and limit to 40000 resonances
 ... File used for reconstruction: new.temp22.reconst
 ... run RECENT ...
 ... Doppler broadened at a unique temperature: 300 Kelvin using sigma1
 ... run SIGMA1 at 3.000000E+02 K.

 ============== INTER values at 300 Kelvin ==============
 Thermal (n,g) xs =  872.743 b. (meas/sys: 227.668 b.) (warning: comparison to be done at 296 or 300 K)
 Th Maxw (n,g) xs =  682.52 b. (thermal Maxwellian value)
 Westcott factor  =  0.78204
 RI      (n,g)    =  153.033 b. (meas or sys: - b.)
 MACS 3.000e+04 eV=  3.6808 b. (meas or sys: - b.) from 1.00E+00 to 2.00E+07 eV (end of RRR) at T= 300 Kelvin 
 Thermal (n,el) xs=  9.6302 b.
 RI      (n,el)   =  28.2543 b.
 Thermal (n,f) xs =  2203.45 b. (meas/sys: 8648.8 +/- 6919.04 b.)
 RI      (n,f) xs =  88.1833 b. 
 ============= PSYCHE values ==============
 Ave. G_total L0  =  0.234737 eV
 Ave. G_total L1  =  0.218534 eV
 Ave. Gn_0    L0  =  5.61693e-06
 Ave. Gn_0    L1  =  6.94876e-05
 Ave. Gg      L0  =  0.0124086 eV
 Ave. Gg      L1  =  0.0123834 eV
 Ave. D       L0  =  0.324038 eV
 Ave. D       L1  =  0.324038 eV
 Ave. S       L0  =  1.7711e-05 eV
 Ave. S       L1  =  0.000110352 eV
 =========================================

 ... iteration 2: C/E thermal (n,g)= 3.83341  C/E thermal (n,f)= 0.25477
 Warning: no further change possible (widths at the limit of a factor 10): adjustment stopped
 Adjusted thermal (n,f) xs            2203.45255 b. (ratio for Gf= 0.310695 )

 ... ratio C/E thermal (n,g): 3.833410E+00
 ... ratio C/E thermal (n,f): 2.547699E-01
 ...................................................... 
 ... Adjustment to the thermal cross section : stop ...
 ...................................................... 
 ... new MF2 file after adjustment: n-Md246m
 ... read the file /Users/koning/tares-1.8/source/Module//../../inputs/2025/list.jcs.urr to find URR origin
 Default URR taken from TALYS calculations with level density model: 91n3n12611.2850
 File considered for the URR: /Users/koning/tares-1.8/source/Module//../../inputs/2025/lib.urr/talys.urr/91n3n12611.2850/Md/urr/urr.dat.Md.246.001.1.gz
 ... Write URR using TALYS average parameters (not used for HFR)
 ... Limit of URR changed to 25 keV (recommendation from WPEC and JEFF)
 Energy limit of the URR set to 19.3775 eV
 ... read D0, S0, Gn and Gg
 ... number of URR energies: 25
 Number of l: 25 and last energy: 5
 Last  URR energy: 19.3775 eV
 ... Enter in urr_correct function case 2
 Modify the higher limit of RRR in MF2
 --> old value: 1.490575+1 eV new value: 1.490575+1 eV
 Modify resonance covariances (MF32) to include correlations in the URR
 End Modify resonance covariances (MF32) to include correlations in the URR
 ... Enter in update_MF32 function
 ... Change uncertainties
 ... for the HFR, random position of the positive resonances with 0.020000 %
 ... end of update MF32 function
 ... GLS calculation of the parameter correlations from the thermal/RI adjustment (MF32c)
 ... MF32: correlations from the thermal/RI adjustment (GLS) for 1 resonances (2 widths), 1 correlation lines
 ...   thermal (n,g): uncertainty from these widths 553.236 b. -> 182.658 b. (reference: 227.668 +/- 193.517 b.)
 ...   thermal (n,f): uncertainty from these widths 487.954 b. -> 455.632 b. (reference: 8648.8 +/- 6919.04 b.)
 ... copy the mf2 and mf32 to .mlbw files

 ... Start of final reconstruction and testing ...
 ... Reconstruction of cross sections at 0 Kelvin  ... Import MF2 from TARES calculations
 ... End energy of TARES MF2 : 1.490575E+1 eV and limit to 40000 resonances
 ... File used for reconstruction: n-Md246m.reconst
 ... run RECENT ...
 ... Doppler broadened at a unique temperature: 0 Kelvin using sigma1
 ... The keyword temperature is zero, no Doppler broadening for the MACS

 ============== INTER values at 0 Kelvin ==============
 Thermal (n,g) xs =  877.579 b. (meas/sys: 227.668 b.) (warning: comparison to be done at 296 or 300 K)
 Th Maxw (n,g) xs =  680.18 b. (thermal Maxwellian value)
 Westcott factor  =  0.77506
 RI      (n,g)    =  152.323 b. (meas or sys: - b.)
 MACS 3.000e+04 eV=  3.6857 b. (meas or sys: - b.) from 1.00E+00 to 1.49E+01 eV (end of RRR) at T= 0 Kelvin 
 Thermal (n,el) xs=  9.6189 b.
 RI      (n,el)   =  28.2741 b.
 Thermal (n,f) xs =  2215.56 b. (meas/sys: 8648.8 +/- 6919.04 b.)
 RI      (n,f) xs =  88.1714 b. 
 ============= PSYCHE values ==============
 Ave. G_total L0  =  0.234737 eV
 Ave. G_total L1  =  0.218534 eV
 Ave. Gn_0    L0  =  5.61693e-06
 Ave. Gn_0    L1  =  6.94876e-05
 Ave. Gg      L0  =  0.0124086 eV
 Ave. Gg      L1  =  0.0123834 eV
 Ave. D       L0  =  0.324038 eV
 Ave. D       L1  =  0.324038 eV
 Ave. S       L0  =  1.7711e-05 eV
 Ave. S       L1  =  0.000110352 eV
 =========================================
 ... End of final reconstruction and testing ...

 ... grouping is not optimum, change to 70 groups
 ... Produce MF33 based on MF32 and 6 random files
 ... MF3 of n-Md246m.reconst (4 sections) added to the files for ENDSAM
 ... run endsam for 6 in groups of 1 global run
 ... run endsam from 1 to 6
 ... random files: total width GT set to Gn+Gg+Gf (606 resonances in 6 files)
 ... reorder resonance position after endsam (sampling)
 ... preparing the vectors  ... done
 ... nominal file 0 Cap(th)  ave= 8.776E+02 b. +/- 0.00 % || Ela(th) ave= 9.619E+00 b. +/- 0.00 % || RIcap ave= 1.52E+02 b. +/- 0.00 % || Macs30 ave= 3.69E+00 b. +/- 0.00 % || Gn^0(l=0) ave= 5.617E-06 +/- 0.00 % Gn^0(l=1) ave= 6.949E-05 +/- 0.00 % Gn^0(l=2) ave= 0.000E+00 +/- 0.00 % Gn^0(l=3) ave= 0.000E+00 +/- 0.00 % || Gtotal(l=0) ave= 2.347E-01 +/- 0.00 % Gtotal(l=1) ave= 2.185E-01 +/- 0.00 % Gtotal(l=2) ave= 0.000E+00 +/- 0.00 % Gtotal(l=3) ave= 0.000E+00 +/- 0.00 %  % || Gg(l=0) ave= 1.241E-02 +/- 0.00 % Gg(l=1) ave= 1.238E-02 +/- 0.00 % Gg(l=2) ave= 0.000E+00 +/- 0.00 % Gg(l=3) ave= 0.000E+00 +/- 0.00 %  % || D(l=0) ave= 3.240E-01 +/- 0.00 % D(l=1) ave= 3.240E-01 +/- 0.00 % D(l=2) ave= 0.000E+00 +/- 0.00 % D(l=3) ave= 0.000E+00 +/- 0.00 %  % || S(l=0) ave= 1.771E-05 +/- 0.00 % S(l=1) ave= 1.104E-04 +/- 0.00 % S(l=2) ave= 0.000E+00 +/- 0.00 % S(l=3) ave= 0.000E+00 +/- 0.00 %  % || Fis(th) ave= 2.216E+03 b. +/- 0.00 %
 ... random file  1 Cap(th)  ave= 8.109E+02 b. +/- 8.22 % || Ela(th) ave= 1.050E+01 b. +/- 8.43 % || RIcap ave= 1.53E+02 b. +/- 0.54 % || Macs30 ave= 3.69E+00 b. +/- 0.00 % || Gn^0(l=0) ave= 5.615E-06 +/- 0.04 % Gn^0(l=1) ave= 6.317E-05 +/- 10.00 % Gn^0(l=2) ave= 0.000E+00 +/- 0.00 % Gn^0(l=3) ave= 0.000E+00 +/- 0.00 % || Gtotal(l=0) ave= 2.363E-01 +/- 0.64 % Gtotal(l=1) ave= 2.528E-01 +/- 13.56 % Gtotal(l=2) ave= 0.000E+00 +/- 0.00 % Gtotal(l=3) ave= 0.000E+00 +/- 0.00 %  % || Gg(l=0) ave= 1.276E-02 +/- 2.74 % Gg(l=1) ave= 1.172E-02 +/- 5.66 % Gg(l=2) ave= 0.000E+00 +/- 0.00 % Gg(l=3) ave= 0.000E+00 +/- 0.00 %  % || D(l=0) ave= 3.276E-01 +/- 1.10 % D(l=1) ave= 3.240E-01 +/- 0.00 % D(l=2) ave= 0.000E+00 +/- 0.00 % D(l=3) ave= 0.000E+00 +/- 0.00 %  % || S(l=0) ave= 1.752E-05 +/- 1.11 % S(l=1) ave= 1.003E-04 +/- 10.00 % S(l=2) ave= 0.000E+00 +/- 0.00 % S(l=3) ave= 0.000E+00 +/- 0.00 %  % || Fis(th) ave= 2.176E+03 b. +/- 1.82 %
 ... random file  2 Cap(th)  ave= 7.970E+02 b. +/- 7.26 % || Ela(th) ave= 1.117E+01 b. +/- 10.58 % || RIcap ave= 1.55E+02 b. +/- 1.50 % || Macs30 ave= 3.69E+00 b. +/- 0.00 % || Gn^0(l=0) ave= 5.615E-06 +/- 0.03 % Gn^0(l=1) ave= 6.389E-05 +/- 8.23 % Gn^0(l=2) ave= 0.000E+00 +/- 0.00 % Gn^0(l=3) ave= 0.000E+00 +/- 0.00 % || Gtotal(l=0) ave= 2.430E-01 +/- 3.93 % Gtotal(l=1) ave= 2.369E-01 +/- 15.17 % Gtotal(l=2) ave= 0.000E+00 +/- 0.00 % Gtotal(l=3) ave= 0.000E+00 +/- 0.00 %  % || Gg(l=0) ave= 1.314E-02 +/- 4.69 % Gg(l=1) ave= 1.189E-02 +/- 4.96 % Gg(l=2) ave= 0.000E+00 +/- 0.00 % Gg(l=3) ave= 0.000E+00 +/- 0.00 %  % || D(l=0) ave= 3.288E-01 +/- 1.03 % D(l=1) ave= 3.240E-01 +/- 0.00 % D(l=2) ave= 0.000E+00 +/- 0.00 % D(l=3) ave= 0.000E+00 +/- 0.00 %  % || S(l=0) ave= 1.745E-05 +/- 1.04 % S(l=1) ave= 1.015E-04 +/- 8.23 % S(l=2) ave= 0.000E+00 +/- 0.00 % S(l=3) ave= 0.000E+00 +/- 0.00 %  % || Fis(th) ave= 2.185E+03 b. +/- 1.59 %
 ... random file  3 Cap(th)  ave= 7.982E+02 b. +/- 6.28 % || Ela(th) ave= 1.033E+01 b. +/- 17.17 % || RIcap ave= 1.54E+02 b. +/- 1.50 % || Macs30 ave= 3.69E+00 b. +/- 0.00 % || Gn^0(l=0) ave= 5.618E-06 +/- 0.10 % Gn^0(l=1) ave= 6.974E-05 +/- 15.92 % Gn^0(l=2) ave= 0.000E+00 +/- 0.00 % Gn^0(l=3) ave= 0.000E+00 +/- 0.00 % || Gtotal(l=0) ave= 2.440E-01 +/- 3.47 % Gtotal(l=1) ave= 2.326E-01 +/- 13.75 % Gtotal(l=2) ave= 0.000E+00 +/- 0.00 % Gtotal(l=3) ave= 0.000E+00 +/- 0.00 %  % || Gg(l=0) ave= 1.283E-02 +/- 5.96 % Gg(l=1) ave= 1.226E-02 +/- 6.74 % Gg(l=2) ave= 0.000E+00 +/- 0.00 % Gg(l=3) ave= 0.000E+00 +/- 0.00 %  % || D(l=0) ave= 3.276E-01 +/- 1.10 % D(l=1) ave= 3.240E-01 +/- 0.00 % D(l=2) ave= 0.000E+00 +/- 0.00 % D(l=3) ave= 0.000E+00 +/- 0.00 %  % || S(l=0) ave= 1.753E-05 +/- 1.15 % S(l=1) ave= 1.108E-04 +/- 15.92 % S(l=2) ave= 0.000E+00 +/- 0.00 % S(l=3) ave= 0.000E+00 +/- 0.00 %  % || Fis(th) ave= 2.225E+03 b. +/- 3.44 %
 ... random file  4 Cap(th)  ave= 7.192E+02 b. +/- 22.83 % || Ela(th) ave= 1.023E+01 b. +/- 15.62 % || RIcap ave= 1.55E+02 b. +/- 1.61 % || Macs30 ave= 3.69E+00 b. +/- 0.00 % || Gn^0(l=0) ave= 5.616E-06 +/- 0.11 % Gn^0(l=1) ave= 6.814E-05 +/- 15.31 % Gn^0(l=2) ave= 0.000E+00 +/- 0.00 % Gn^0(l=3) ave= 0.000E+00 +/- 0.00 % || Gtotal(l=0) ave= 2.414E-01 +/- 3.76 % Gtotal(l=1) ave= 2.322E-01 +/- 12.32 % Gtotal(l=2) ave= 0.000E+00 +/- 0.00 % Gtotal(l=3) ave= 0.000E+00 +/- 0.00 %  % || Gg(l=0) ave= 1.293E-02 +/- 5.52 % Gg(l=1) ave= 1.246E-02 +/- 6.74 % Gg(l=2) ave= 0.000E+00 +/- 0.00 % Gg(l=3) ave= 0.000E+00 +/- 0.00 %  % || D(l=0) ave= 3.284E-01 +/- 1.07 % D(l=1) ave= 3.240E-01 +/- 0.00 % D(l=2) ave= 0.000E+00 +/- 0.00 % D(l=3) ave= 0.000E+00 +/- 0.00 %  % || S(l=0) ave= 1.748E-05 +/- 1.14 % S(l=1) ave= 1.082E-04 +/- 15.31 % S(l=2) ave= 0.000E+00 +/- 0.00 % S(l=3) ave= 0.000E+00 +/- 0.00 %  % || Fis(th) ave= 2.060E+03 b. +/- 16.35 %
 ... random file  5 Cap(th)  ave= 7.303E+02 b. +/- 20.81 % || Ela(th) ave= 1.027E+01 b. +/- 14.23 % || RIcap ave= 1.54E+02 b. +/- 1.52 % || Macs30 ave= 3.69E+00 b. +/- 0.00 % || Gn^0(l=0) ave= 5.622E-06 +/- 0.25 % Gn^0(l=1) ave= 6.733E-05 +/- 14.40 % Gn^0(l=2) ave= 0.000E+00 +/- 0.00 % Gn^0(l=3) ave= 0.000E+00 +/- 0.00 % || Gtotal(l=0) ave= 2.421E-01 +/- 3.48 % Gtotal(l=1) ave= 2.300E-01 +/- 11.56 % Gtotal(l=2) ave= 0.000E+00 +/- 0.00 % Gtotal(l=3) ave= 0.000E+00 +/- 0.00 %  % || Gg(l=0) ave= 1.317E-02 +/- 6.39 % Gg(l=1) ave= 1.211E-02 +/- 9.11 % Gg(l=2) ave= 0.000E+00 +/- 0.00 % Gg(l=3) ave= 0.000E+00 +/- 0.00 %  % || D(l=0) ave= 3.288E-01 +/- 1.03 % D(l=1) ave= 3.240E-01 +/- 0.00 % D(l=2) ave= 0.000E+00 +/- 0.00 % D(l=3) ave= 0.000E+00 +/- 0.00 %  % || S(l=0) ave= 1.748E-05 +/- 1.05 % S(l=1) ave= 1.069E-04 +/- 14.40 % S(l=2) ave= 0.000E+00 +/- 0.00 % S(l=3) ave= 0.000E+00 +/- 0.00 %  % || Fis(th) ave= 2.096E+03 b. +/- 15.17 %
 ... random file  6 Cap(th)  ave= 7.383E+02 b. +/- 19.24 % || Ela(th) ave= 1.017E+01 b. +/- 13.52 % || RIcap ave= 1.54E+02 b. +/- 1.41 % || Macs30 ave= 3.69E+00 b. +/- 0.00 % || Gn^0(l=0) ave= 5.620E-06 +/- 0.25 % Gn^0(l=1) ave= 6.732E-05 +/- 13.33 % Gn^0(l=2) ave= 0.000E+00 +/- 0.00 % Gn^0(l=3) ave= 0.000E+00 +/- 0.00 % || Gtotal(l=0) ave= 2.368E-01 +/- 6.39 % Gtotal(l=1) ave= 2.306E-01 +/- 10.69 % Gtotal(l=2) ave= 0.000E+00 +/- 0.00 % Gtotal(l=3) ave= 0.000E+00 +/- 0.00 %  % || Gg(l=0) ave= 1.287E-02 +/- 8.29 % Gg(l=1) ave= 1.221E-02 +/- 8.61 % Gg(l=2) ave= 0.000E+00 +/- 0.00 % Gg(l=3) ave= 0.000E+00 +/- 0.00 %  % || D(l=0) ave= 3.292E-01 +/- 0.99 % D(l=1) ave= 3.240E-01 +/- 0.00 % D(l=2) ave= 0.000E+00 +/- 0.00 % D(l=3) ave= 0.000E+00 +/- 0.00 %  % || S(l=0) ave= 1.745E-05 +/- 1.03 % S(l=1) ave= 1.069E-04 +/- 13.33 % S(l=2) ave= 0.000E+00 +/- 0.00 % S(l=3) ave= 0.000E+00 +/- 0.00 %  % || Fis(th) ave= 2.074E+03 b. +/- 14.42 %
 ... Histogram plot for thermal (n,g)
 ... Write covariances  ... MT1  ... plot correlations
 ... MT2  ... MT18  ... MT102 


 ================================================
 ============== From 6 random values === start ======
 Thermal (n,tot) xs  0 K =  2822.85 b. +/- 432.306 b. ( 15.3146 %) skew= -1.68 +/- 0.79
 Thermal (n,el) xs   0 K =  10.1716 b. +/- 1.3757 b. ( 13.5249 %) skew= +0.05 +/- 0.79
 Thermal (n,f) xs    0 K = 2074.41 b. +/- 299.129 b. ( 14.42 %) skew= -1.47 +/- 0.79
 Thermal (n,g) xs    0 K =  738.266 b. +/- 142.016 b. ( 19.2364 %) skew= -1.71 +/- 0.79
 RI      (n,g)       0 K =  154.463 b. +/- 2.17778 b. ( 1.40991 %) 
 MACS    (n,g)       0 K (at Emacs= 30000 eV) =  3.6857 b. +/- 2.38419e-07 b. ( 6.46875e-06 %) 
 Ave. Gtotal  L=0        =  2.368E-01 +/- 6.39 %
 Ave. Gn^(0)  L=0        =  5.620E-06 +/- 0.25 %
 Ave. Gg      L=0        =  1.287E-02 +/- 8.29 %
 Ave. D       L=0        =  3.292E-01 +/- 0.99 %
 Ave. S       L=0        =  1.745E-05 +/- 1.03 %
 Ave. Gtotal  L=1        =  2.306E-01 +/- 10.69 %
 Ave. Gg      L=1        =  1.221E-02 +/- 8.61 %
 Ave. D       L=1        =  3.240E-01 +/- 0.00 %
 Ave. S       L=1        =  1.069E-04 +/- 13.33 %

 Expected Thermal (n,g) (syst or meas)= 227.668 b. +/- 193.517 b. nominal: 877.579 b.
 ratio Calculated/expected thermal (n,g): 3.24 ratio DCalculated/Dexpected: 0.73 ratio Calculated/Nominal: 0.84
 ============== From 6 random values ===== stop ======
 ================================================
 ... Calculation of (n,a) and (n,p) cross sections at 300 K
 ... thermal (n,a) cross section is 4.87321e-14 +/- 2.43661e-14 b.
 ... thermal (n,a) cross section is 5.74265e-14 b. (random case 1)
 ... thermal (n,a) cross section is 3.4278e-14 b. (random case 2)
 ... thermal (n,a) cross section is 6.97506e-14 b. (random case 3)
 ... thermal (n,a) cross section is 6.16316e-14 b. (random case 4)
 ... thermal (n,a) cross section is 8.65712e-14 b. (random case 5)
 ... thermal (n,a) cross section is 7.46104e-14 b. (random case 6)
 ... thermal (n,p) cross section is 4.87321e-14 +/- 2.43661e-14 b.
 ... thermal (n,p) cross section is 7.71665e-14 b. (random case 1)
 ... thermal (n,p) cross section is 4.55359e-14 b. (random case 2)
 ... thermal (n,p) cross section is 4.59814e-14 b. (random case 3)
 ... thermal (n,p) cross section is 4.68966e-14 b. (random case 4)
 ... thermal (n,p) cross section is 7.27247e-14 b. (random case 5)
 ... thermal (n,p) cross section is 2.93492e-14 b. (random case 6)
 ... Rewrite index for MF2
 ... Write text for MF1 in file mf1.tares.txt
 ... plotting cross sections for the MF1
 ... order output files

 ............................................................ 
 ...                                                      ... 
 ... MF2 format selection for the final file: n-Md246m.mf2.mlbw
 ... MF2 format : mlbw
 ... cross section values for the final mf2 file: START   ... 
 ... Import MF2 from TARES calculations
 ... End energy of TARES MF2 : 1.490575E+1 eV and limit to 40000 resonances
 ... File used for reconstruction: n-Md246m.mf2.reconst
 ... run RECENT ...
 ... Doppler broadened at a unique temperature: 0 Kelvin using sigma1
 ... The keyword temperature is zero, no Doppler broadening for the MACS

 ============== INTER values at 0 Kelvin ==============
 Thermal (n,g) xs =  877.579 b. (meas/sys: 227.668 b.) (warning: comparison to be done at 296 or 300 K)
 Th Maxw (n,g) xs =  680.18 b. (thermal Maxwellian value)
 Westcott factor  =  0.77506
 RI      (n,g)    =  152.323 b. (meas or sys: - b.)
 MACS 3.000e+04 eV=  3.6857 b. (meas or sys: - b.) from 1.00E+00 to 1.49E+01 eV (end of RRR) at T= 0 Kelvin 
 Thermal (n,el) xs=  9.6189 b.
 RI      (n,el)   =  28.2741 b.
 Thermal (n,f) xs =  2215.56 b. (meas/sys: 8648.8 +/- 6919.04 b.)
 RI      (n,f) xs =  88.1714 b. 
 ============= PSYCHE values ==============
 Ave. G_total L0  =  0.234737 eV
 Ave. G_total L1  =  0.218534 eV
 Ave. Gn_0    L0  =  5.61693e-06
 Ave. Gn_0    L1  =  6.94876e-05
 Ave. Gg      L0  =  0.0124086 eV
 Ave. Gg      L1  =  0.0123834 eV
 Ave. D       L0  =  0.324038 eV
 Ave. D       L1  =  0.324038 eV
 Ave. S       L0  =  1.7711e-05 eV
 Ave. S       L1  =  0.000110352 eV
 =========================================
 ... cross section values for the final mf2 file: END     ... 
 ...                                                      ... 
 ............................................................ 


================== summary ==================
 Thermal (n,tot) xs = 3102.76 b. 
 Thermal (n,el)  xs = 9.6189 b. 
 Thermal (n,g)   xs = 877.579 b. (meas/sys: 227.668 b.)
 Thermal (n,f)   xs = 2215.56 b. (meas/sys: 8648.8 +/- 6919.04 b.)
 At 300 K (thermal adjustment): (n,el) = 9.6302 b., (n,g) = 872.743 b., (n,f) = 2203.45 b.

 RI      (n,g)      = 152.323 b. (meas or sys: - b.)
 RI      (n,el)     = 28.2741 b.
 RI      (n,f)      = 88.1714 b. 
=============================================


 ... cleaning
                                                 
  -------------------------------------------------------------
  -                                                           -
  - TARES: successful end of run with data from hypothetical  -
  - resonances for Z= 101, A= 246 and isomer= 1               -
  - half-life: 4.400000 sec. 
  -                                                           -
  -------------------------------------------------------------

   Running time:       13 seconds

 End time: Fri Oct  9 13:15:29 2026

