
  -------------------------------------------------------------
  -                                                           -
  -              Welcome to TARES version 1.8                 -
  -                                                           -
  -  (C) Copyright 2007-2025 D. Rochman, All Rights Reserved  -
  -           NRG, Petten, the Netherlands 2007-2014          -
  -           PSI, Villigen    Switzerland 2015-2025          -
  -         Nagra, Wettingen   Switzerland 2025-              -
  -           (Last Modified October 06, 2026)                -
  -           (Database from October 06, 2026)                -
  -                                                           -
  -------------------------------------------------------------


  ---------------------------------------------
   Compilation information:
   Compiled on:         Oct  7 2026, 09:32:19
   Compiled by:         koning
   Compiler version:    clang++ - 21.0.0
   Source location:     /Users/koning/tares-1.8/source/Module/
   Binaries location:   /Users/koning/bin
   System:              Darwin 25.6.0
   System version:      Darwin Kernel Version 25.6.0: Fri Jul 31 19:19:08 PDT 2026; root:xnu-12377.161.14~5/RELEASE_ARM64_T6050  
   Machine:             arm64 
  ---------------------------------------------

   User information:
   User name:           koning
   Running directory:   /Users/koning/tendl/resbase/Pm161/work
   Owner mode for running directory : rwx
   Group mode for running directory : r-x
  ---------------------------------------------


 Starting time: Wed Oct  7 10:38:13 2026
 ... inputs directory found (/Users/koning/tares-1.8/source/Module//../../inputs/).
 ... It will be used for resonance parameters 
 ... ###############################################
 ... #     read the input file tares.inp
 ... ###############################################
 ... line: #
 ... line: # Input file generated by Autorochman
          --> line not read
 ... line: #
 ... line: isotope    Pm
          --> Isotope name: Pm
 ... line: mass       161
          --> isotopic mass: 161
 ... line: output     n-Pm161
         ---> Name of the output files: n-Pm161
 ... line: isomer     0
          --> isomeric state: 0
 ... line: mf32mf33   y
          --> MF33 based on MF32: y
 ... line: nbrRandom  6
          --> Nbr of random files: 6
 ... ###############################################
 ... # end read the input file tares.inp
 ... ###############################################
Value for random generator type not considered in since Tares 1.7 due to compilation issues

 ... ###############################################
     #   Interpretation of the Input definition    #
     ###############################################

 ... Default energy limit: End of resonance region
 ... Nuclear charge    = 61
 ... Element           = Pm
 ... Mass              = 161
 ... Isomer            = 0
 ... Correlation for (Gn,Gg) not included in random files
 ... Default random option: No random
 ... Output name: n-Pm161
 ... Energy for the MACS: 30000 eV
 ... Resonances from CALENDF reduced (reduce=y) 
 ... For URR, level density model from TALYS selected: 91n3n12611.2850 (see manual for description)
 ... Random Generator: default (pseudo random numbers from ansi c++)
 ... Reconstruction of cross section selected
 ... Doppler broadening at 0 Kelvin
 ... URR not included (from the input file flag)
 ... Weight for grouping is flat
 ... Calculation of (n,alpha) cross section selected
 ... Number of digit for MF32c covariance representation: 2
 ... MF32 included
 ... MF33 will be used for covariance processing
 ... TENDL option set to yes (automatic choice of MF2 and format)
 ... Isotope not found in the best file --> use of MLBW formalism
 ... default option: Multi level Breit Wigner approximation selected
 ... (check file best.tendl.yes for changing this option)
 ... Retroactive option set to no with the 2025 option
 ... ladder option set to yes (CALENDF will be used for statistical resonances)

 ... ###############################################
     #           End of Input definition           #
     ###############################################

 ... gnuplot found, will be used for plotting
 ... latex found, will be used for plotting
 ... dvips found, will be used for plotting
 ... ps2epsi not found, limited plotting available
 ... uncertainties on default parameters multiplied by 1.84186
 ... Read resonance data from the 2025 directory
 ... Resonance parameters taken from /Users/koning/tares-1.8/source/Module//../../inputs/2025/Resonance/default/
 ---> Processing Z= 61 and A= 161 and isomer= 0 (level number: 0)
 Exfor path; Could not find /Users/koning/tares-1.8/source/Module//../../inputs/exfor/Pm161/xs/102
Thermal file; Could not open file /Users/koning/tares-1.8/source/Module//../../inputs/2025/runThermal/results//thermal.mxw.ng.cendl3.1
Thermal file; Could not open file /Users/koning/tares-1.8/source/Module//../../inputs/2025/runThermal/results//thermal.mxw.ng.brond3.1
Thermal file; Could not open file /Users/koning/tares-1.8/source/Module//../../inputs/2025/runThermal/results//thermal.xs.ng.unc.cendl3.1
 ... spin taken from the final/ directory (1)

 ... ###############################################
 ... #  Nucleus global parameters (2025 database)  #
 ... ###############################################
 0. Half-life: 1.05 sec. 
 ... Scattering radius from TALYS: /Users/koning/tares-1.8/source/Module//../../inputs/2025/lib.urr/talys.urr/
 1. Spin of the target isotope: 2.5
 2. Relative Atomic Mass of the target isotope: 160.946
 3. Scattering radius (local compilation): 7.22082 fm +/- 0.1733 fm
      .......................................
      ... Thermal capture cross sections: ...
 4. Thermal (n,g) cross section from systematics: 12.13 +/- 10.3105 b.
 5. Thermal (n,g) cross section from TENDL-2023: 102.3 b.
      .......................................
      ...  Thermal total cross sections:  ...
      .......................................
      ... Thermal elastic cross sections: ...
 6. Thermal (n,el) cross section from potential (4piR^2): 9.07484 +/- 0.453742 b.
      .......................................
             ... Resonance integral: ...
 7. No capture integral found in /Users/koning/tares-1.8/source/Module//../../inputs/capture.integral
 ... no RI(n,g) found in local compilation, take 2018 value.
 ... no RI(n,g) found in local compilation, take Sukhoruchkin value.
   ---- MACS 30 keV ----- 
 8. TALYS MACS 30 keV (HF): 0.0644915 b. 
   ---------- S0 -------- 
 9. S0 from TALYS: 10.0835
   ---------- S1 -------- 
 10. S1 from TALYS: 0
   ---------- S2 -------- 
 11. S2 from TALYS: 3.32838
   ---------- D0 -------- 
 12. D0 from TALYS: 58.4787 eV
   ---------- D1 -------- 
 13. D1 from TALYS: 30.4731 eV
   ---------- D2 -------- 
 14. D2 from TALYS: 21.7645 eV
   ---------- G0 -------- 
 15. Gg0 from TALYS: 0.028122 eV
   ---------- G1 -------- 
 16. Gg1 from TALYS: 0.0296337 eV
   ---------- G2 -------- 
 17. Gg2 from TALYS: 0.0301193 eV


   ---------------------- 
 ... Read resonance parameters (format: 2: Multi Level Breit Wigner)
 ... 0 resonances found 
 ... possibly no resonances in the Resonance directory for this isotope and options
 ... Use HFR (ladder) behavior 
 --> 19. Number of resonances from the input file: 2 up to 29.2393 eV
 20. Read nuclear quantities (mass, MAT...)
 21. Read thermal (n,g) xs 
 22. Read the scattering radius 
 23. Read uncertainty on Gg for 2 resonances
 24. Read uncertainty on Gg for 2 resonances ... done
 ... order resonances 
 ... Upper limit for the RRR: 29.2393 eV (no statistical resonances HFR) from the limit.RRR file
 ... Write parameters for l=0 waves
 ... End writing original MF2 
 ... No RRR in the database: uncertainties on default parameters multiplied by 1.99753
 ... Enter in urr function (ladder option set to y) for file n-Pm161
 ... read the file /Users/koning/tares-1.8/source/Module//../../inputs/2025/list.jcs.urr to find URR origin
 Default URR taken from TALYS calculations with level density model: 91n3n12611.2850
 File considered for the URR: /Users/koning/tares-1.8/source/Module//../../inputs/2025/lib.urr/talys.urr/91n3n12611.2850/Pm/urr/urr.dat.Pm.161.000.0.gz
 ... Write URR using TALYS average parameters (used for HFR)
 ... Limit of URR changed to 25 keV (recommendation from WPEC and JEFF)
 ... Extract the Sn value from file ./urr.dat.Pm.161.0.0
 ... found Sn= 4.02473 MeV
 ... estimated number of resonances up to 498462 eV: 8523.82 resonances, too high ?
 ... estimated number of resonances up to 249231 eV: 4261.91 resonances, too high ?
 ... estimated number of resonances up to 124615 eV: 2130.95 resonances, too high ?
 ... estimated number of resonances up to 62307.7 eV: 1065.48 resonances, too high ?
 ... estimated number of resonances up to 31153.9 eV:  532.739 resonances
 ... This is a test here. The higher energy limit to include URR data for calendf is set to max Sn. 24/03/2016
 ... Use Sn to define the maximum energy for the URR: Sn= 4.02473 MeV --> last_energyURR= 31153.9 eV
 Warning 2, the end of the RRR (31153.9 eV) is higher than the 1st inelastic level (30800 eV)
 ... read D0, S0, Gn and Gg
 ... number of URR energies: 2700
 Number of l: 2700 and last energy: 12
 Last  URR energy: 31153.9 eV
 ... Enter in to_MLBW_mf2 function
 ... Convert to Multi Level Breit Wigner (MLBW)
 ... Write parameter covariances (MF32) for l=0
 ... Convert parameter covariances (MF32) to MLBW
 ... copy the mf2 and mf32 to .mlbw files
 ... Enter in urr_correct function case 1
 Modify the higher limit of RRR in MF2
 --> old value: 2.938554+1 eV new value: 1.000000-2 eV
 Modify resonance covariances (MF32) to include correlations in the URR
 End Modify resonance covariances (MF32) to include correlations in the URR
 ... Enter in calendf_xs function
 Use CALENDF for statistical resonances (update MF2) up to 3.115390+4 eV (initial limit)
 Extract resonances from CALENDF for RRR->URR 2
 3486 statistical resonances found
 Reduction to 100 resonances based on the half-life of the isotope
 After reduction, 101 statistical resonances found
 ... checking resonance order 1
 ... checking resonance order 2nd round for 99 resonances
 ... end checking resonance order 2nd round
 .......................................................
 ... Adjustment to the thermal cross section : start ...
 .......................................................

 Before adjustment (adjustment to the thermal cross section set to y)
 ... Import MF2 from TARES calculations
 ... End energy of TARES MF2 : 2.964608E+3 eV and limit to 40000 resonances
 ... File used for reconstruction: new.temp22.reconst
 ... run RECENT ...
 ... Doppler broadened at a unique temperature: 300 Kelvin using sigma1
 ... run SIGMA1 at 3.000000E+02 K.

 ============== INTER values at 300 Kelvin ==============
 Thermal (n,g) xs =  359.274 b. (meas/sys: 12.13 b.) (warning: comparison to be done at 296 or 300 K)
 Th Maxw (n,g) xs =  364.99 b. (thermal Maxwellian value)
 Westcott factor  =  1.01592
 RI      (n,g)    =  6612.29 b. (meas or sys: - b.)
 MACS 3.000e+04 eV=  0.072836 b. (meas or sys: - b.) from 1.00E+00 to 2.00E+07 eV (end of RRR) at T= 300 Kelvin 
 Thermal (n,el) xs=  72.7555 b.
 RI      (n,el)   =  17199.2 b.
 ============= PSYCHE values ==============
 Ave. G_total L0  =  2.83598 eV
 Ave. G_total L1  =  0.0299813 eV
 Ave. Gn_0    L0  =  0.0873576
 Ave. Gn_0    L1  =  0.0140409
 Ave. Gg      L0  =  0.0272659 eV
 Ave. Gg      L1  =  0.0273762 eV
 Ave. D       L0  =  59.2922 eV
 Ave. D       L1  =  211.758 eV
 Ave. S       L0  =  0.000760134 eV
 Ave. S       L1  =  1.14945e-05 eV
 =========================================
 Calculated capture integral   6612.29 b.
 Calculated thermal (n,g)=          359.274496 b. and recommended= 12.13 b. (C/E= 29.6187)
 Calculated RI      (n,g)= 6612.29 b. (no reference value)
 ... tolerances: thermal (n,g) 20 % (reference uncertainties, minimum 2% and 5%, maximum 20%)
 Adjust the capture widths ...
 ... capture adjusted with Gn for 49 resonances (Gn<Gg) and with Gg for 50 resonances
 ... iteration 0: C/E thermal (n,g)= 29.6187
 Warning: 99 widths limited to a change of a factor 10 from their starting values

 <-------- After adjustment -------->
 ... Import MF2 from TARES calculations
 ... End energy of TARES MF2 : 2.964608E+3 eV and limit to 40000 resonances
 ... File used for reconstruction: new.temp22.reconst
 ... run RECENT ...
 ... Doppler broadened at a unique temperature: 300 Kelvin using sigma1
 ... run SIGMA1 at 3.000000E+02 K.

 ============== INTER values at 300 Kelvin ==============
 Thermal (n,g) xs =  35.9287 b. (meas/sys: 12.13 b.) (warning: comparison to be done at 296 or 300 K)
 Th Maxw (n,g) xs =  36.501 b. (thermal Maxwellian value)
 Westcott factor  =  1.01592
 RI      (n,g)    =  918.72 b. (meas or sys: - b.)
 MACS 3.000e+04 eV=  0.070115 b. (meas or sys: - b.) from 1.00E+00 to 2.00E+07 eV (end of RRR) at T= 300 Kelvin 
 Thermal (n,el) xs=  72.7646 b.
 RI      (n,el)   =  22811.5 b.
 ============= PSYCHE values ==============
 Ave. G_total L0  =  2.81345 eV
 Ave. G_total L1  =  0.0276367 eV
 Ave. Gn_0    L0  =  0.0873297
 Ave. Gn_0    L1  =  0.00140409
 Ave. Gg      L0  =  0.00559759 eV
 Ave. Gg      L1  =  0.0273762 eV
 Ave. D       L0  =  59.2922 eV
 Ave. D       L1  =  211.758 eV
 Ave. S       L0  =  0.000759863 eV
 Ave. S       L1  =  1.14945e-06 eV
 =========================================
 ... iteration 1: C/E thermal (n,g)= 2.96197
 Warning: 99 widths limited to a change of a factor 10 from their starting values

 <-------- After adjustment -------->
 ... Import MF2 from TARES calculations
 ... End energy of TARES MF2 : 2.964608E+3 eV and limit to 40000 resonances
 ... File used for reconstruction: new.temp22.reconst
 ... run RECENT ...
 ... Doppler broadened at a unique temperature: 300 Kelvin using sigma1
 ... run SIGMA1 at 3.000000E+02 K.

 ============== INTER values at 300 Kelvin ==============
 Thermal (n,g) xs =  35.9287 b. (meas/sys: 12.13 b.) (warning: comparison to be done at 296 or 300 K)
 Th Maxw (n,g) xs =  36.501 b. (thermal Maxwellian value)
 Westcott factor  =  1.01592
 RI      (n,g)    =  918.72 b. (meas or sys: - b.)
 MACS 3.000e+04 eV=  0.070115 b. (meas or sys: - b.) from 1.00E+00 to 2.00E+07 eV (end of RRR) at T= 300 Kelvin 
 Thermal (n,el) xs=  72.7646 b.
 RI      (n,el)   =  22811.5 b.
 ============= PSYCHE values ==============
 Ave. G_total L0  =  2.81345 eV
 Ave. G_total L1  =  0.0276367 eV
 Ave. Gn_0    L0  =  0.0873297
 Ave. Gn_0    L1  =  0.00140409
 Ave. Gg      L0  =  0.00559759 eV
 Ave. Gg      L1  =  0.0273762 eV
 Ave. D       L0  =  59.2922 eV
 Ave. D       L1  =  211.758 eV
 Ave. S       L0  =  0.000759863 eV
 Ave. S       L1  =  1.14945e-06 eV
 =========================================
 ... iteration 2: C/E thermal (n,g)= 2.96197
 Warning: no further change possible (widths at the limit of a factor 10): adjustment stopped


 ... ratio C/E thermal (n,g): 2.961972E+00
 ...................................................... 
 ... Adjustment to the thermal cross section : stop ...
 ...................................................... 
 ... new MF2 file after adjustment: n-Pm161
 ... read the file /Users/koning/tares-1.8/source/Module//../../inputs/2025/list.jcs.urr to find URR origin
 Default URR taken from TALYS calculations with level density model: 91n3n12611.2850
 File considered for the URR: /Users/koning/tares-1.8/source/Module//../../inputs/2025/lib.urr/talys.urr/91n3n12611.2850/Pm/urr/urr.dat.Pm.161.000.0.gz
 ... Write URR using TALYS average parameters (not used for HFR)
 ... Limit of URR changed to 25 keV (recommendation from WPEC and JEFF)
 ... read D0, S0, Gn and Gg
 ... number of URR energies: 408
 Number of l: 408 and last energy: 12
 Last  URR energy: 30492 eV
 Energies in the URR : 408 -> reduced by a factor 2
 ... Enter in urr_correct function case 2
 Modify the higher limit of RRR in MF2
 --> old value: 2.964608+3 eV new value: 2.964608+3 eV
 Modify resonance covariances (MF32) to include correlations in the URR
 End Modify resonance covariances (MF32) to include correlations in the URR
 ... Enter in update_MF32 function
 ... Change uncertainties
 ... for the HFR, random position of the positive resonances with 0.020000 %
 ... end of update MF32 function
 ... GLS calculation of the parameter correlations from the thermal/RI adjustment (MF32c)
 ... MF32: correlations from the thermal/RI adjustment (GLS) for 2 resonances (4 widths), 2 correlation lines
 ...   thermal (n,g): uncertainty from these widths 25.5089 b. -> 9.55918 b. (reference: 12.13 +/- 10.3105 b.)
 ... copy the mf2 and mf32 to .mlbw files

 ... Start of final reconstruction and testing ...
 ... Reconstruction of cross sections at 0 Kelvin  ... Import MF2 from TARES calculations
 ... End energy of TARES MF2 : 2.964608E+3 eV and limit to 40000 resonances
 ... File used for reconstruction: n-Pm161.reconst
 ... run RECENT ...
 ... Doppler broadened at a unique temperature: 0 Kelvin using sigma1
 ... The keyword temperature is zero, no Doppler broadening for the MACS

 ============== INTER values at 0 Kelvin ==============
 Thermal (n,g) xs =  35.9036 b. (meas/sys: 12.13 b.) (warning: comparison to be done at 296 or 300 K)
 Th Maxw (n,g) xs =  36.282 b. (thermal Maxwellian value)
 Westcott factor  =  1.01053
 RI      (n,g)    =  918.296 b. (meas or sys: - b.)
 MACS 3.000e+04 eV=  0.069769 b. (meas or sys: - b.) from 1.00E+00 to 2.96E+03 eV (end of RRR) at T= 0 Kelvin 
 Thermal (n,el) xs=  72.5145 b.
 RI      (n,el)   =  22790.7 b.
 ============= PSYCHE values ==============
 Ave. G_total L0  =  2.81345 eV
 Ave. G_total L1  =  0.0276367 eV
 Ave. Gn_0    L0  =  0.0873297
 Ave. Gn_0    L1  =  0.00140409
 Ave. Gg      L0  =  0.00559759 eV
 Ave. Gg      L1  =  0.0273762 eV
 Ave. D       L0  =  59.2922 eV
 Ave. D       L1  =  211.758 eV
 Ave. S       L0  =  0.000759863 eV
 Ave. S       L1  =  1.14945e-06 eV
 =========================================
 ... End of final reconstruction and testing ...

 ... grouping is not optimum, change to 70 groups
 ... Produce MF33 based on MF32 and 6 random files
 ... run endsam for 6 in groups of 1 global run
 ... run endsam from 1 to 6
 ... reorder resonance position after endsam (sampling)
 ... preparing the vectors  ... done
 ... nominal file 0 Cap(th)  ave= 3.590E+01 b. +/- 0.00 % || Ela(th) ave= 7.251E+01 b. +/- 0.00 % || RIcap ave= 9.18E+02 b. +/- 0.00 % || Macs30 ave= 7.16E-02 b. +/- 0.00 % || Gn^0(l=0) ave= 8.733E-02 +/- 0.00 % Gn^0(l=1) ave= 1.404E-03 +/- 0.00 % Gn^0(l=2) ave= 0.000E+00 +/- 0.00 % Gn^0(l=3) ave= 0.000E+00 +/- 0.00 % || Gtotal(l=0) ave= 2.813E+00 +/- 0.00 % Gtotal(l=1) ave= 2.764E-02 +/- 0.00 % Gtotal(l=2) ave= 0.000E+00 +/- 0.00 % Gtotal(l=3) ave= 0.000E+00 +/- 0.00 %  % || Gg(l=0) ave= 5.598E-03 +/- 0.00 % Gg(l=1) ave= 2.738E-02 +/- 0.00 % Gg(l=2) ave= 0.000E+00 +/- 0.00 % Gg(l=3) ave= 0.000E+00 +/- 0.00 %  % || D(l=0) ave= 5.929E+01 +/- 0.00 % D(l=1) ave= 2.118E+02 +/- 0.00 % D(l=2) ave= 0.000E+00 +/- 0.00 % D(l=3) ave= 0.000E+00 +/- 0.00 %  % || S(l=0) ave= 7.599E-04 +/- 0.00 % S(l=1) ave= 1.149E-06 +/- 0.00 % S(l=2) ave= 0.000E+00 +/- 0.00 % S(l=3) ave= 0.000E+00 +/- 0.00 % 
 ... random file  1 Cap(th)  ave= 3.947E+01 b. +/- 9.04 % || Ela(th) ave= 7.578E+01 b. +/- 4.31 % || RIcap ave= 1.00E+03 b. +/- 8.62 % || Macs30 ave= 7.11E-02 b. +/- 0.72 % || Gn^0(l=0) ave= 8.746E-02 +/- 0.15 % Gn^0(l=1) ave= 1.596E-03 +/- 12.03 % Gn^0(l=2) ave= 0.000E+00 +/- 0.00 % Gn^0(l=3) ave= 0.000E+00 +/- 0.00 % || Gtotal(l=0) ave= 2.813E+00 +/- 0.00 % Gtotal(l=1) ave= 2.764E-02 +/- 0.00 % Gtotal(l=2) ave= 0.000E+00 +/- 0.00 % Gtotal(l=3) ave= 0.000E+00 +/- 0.00 %  % || Gg(l=0) ave= 6.214E-03 +/- 9.91 % Gg(l=1) ave= 3.374E-02 +/- 18.87 % Gg(l=2) ave= 0.000E+00 +/- 0.00 % Gg(l=3) ave= 0.000E+00 +/- 0.00 %  % || D(l=0) ave= 5.929E+01 +/- 0.00 % D(l=1) ave= 2.118E+02 +/- 0.00 % D(l=2) ave= 0.000E+00 +/- 0.00 % D(l=3) ave= 0.000E+00 +/- 0.00 %  % || S(l=0) ave= 7.613E-04 +/- 0.19 % S(l=1) ave= 1.305E-06 +/- 11.95 % S(l=2) ave= 0.000E+00 +/- 0.00 % S(l=3) ave= 0.000E+00 +/- 0.00 % 
 ... random file  2 Cap(th)  ave= 3.134E+01 b. +/- 37.88 % || Ela(th) ave= 7.344E+01 b. +/- 5.78 % || RIcap ave= 7.90E+02 b. +/- 39.40 % || Macs30 ave= 6.90E-02 b. +/- 4.28 % || Gn^0(l=0) ave= 8.742E-02 +/- 0.14 % Gn^0(l=1) ave= 1.488E-03 +/- 14.68 % Gn^0(l=2) ave= 0.000E+00 +/- 0.00 % Gn^0(l=3) ave= 0.000E+00 +/- 0.00 % || Gtotal(l=0) ave= 2.801E+00 +/- 0.62 % Gtotal(l=1) ave= 2.764E-02 +/- 0.00 % Gtotal(l=2) ave= 0.000E+00 +/- 0.00 % Gtotal(l=3) ave= 0.000E+00 +/- 0.00 %  % || Gg(l=0) ave= 5.783E-03 +/- 13.66 % Gg(l=1) ave= 2.878E-02 +/- 30.36 % Gg(l=2) ave= 0.000E+00 +/- 0.00 % Gg(l=3) ave= 0.000E+00 +/- 0.00 %  % || D(l=0) ave= 5.970E+01 +/- 0.96 % D(l=1) ave= 2.118E+02 +/- 0.00 % D(l=2) ave= 0.000E+00 +/- 0.00 % D(l=3) ave= 0.000E+00 +/- 0.00 %  % || S(l=0) ave= 7.568E-04 +/- 0.86 % S(l=1) ave= 1.217E-06 +/- 14.68 % S(l=2) ave= 0.000E+00 +/- 0.00 % S(l=3) ave= 0.000E+00 +/- 0.00 % 
 ... random file  3 Cap(th)  ave= 2.931E+01 b. +/- 37.06 % || Ela(th) ave= 7.436E+01 b. +/- 5.38 % || RIcap ave= 7.42E+02 b. +/- 38.00 % || Macs30 ave= 6.88E-02 b. +/- 3.78 % || Gn^0(l=0) ave= 8.734E-02 +/- 0.19 % Gn^0(l=1) ave= 1.579E-03 +/- 15.56 % Gn^0(l=2) ave= 0.000E+00 +/- 0.00 % Gn^0(l=3) ave= 0.000E+00 +/- 0.00 % || Gtotal(l=0) ave= 2.795E+00 +/- 0.66 % Gtotal(l=1) ave= 2.764E-02 +/- 0.00 % Gtotal(l=2) ave= 0.000E+00 +/- 0.00 % Gtotal(l=3) ave= 0.000E+00 +/- 0.00 %  % || Gg(l=0) ave= 5.702E-03 +/- 12.25 % Gg(l=1) ave= 3.096E-02 +/- 27.32 % Gg(l=2) ave= 0.000E+00 +/- 0.00 % Gg(l=3) ave= 0.000E+00 +/- 0.00 %  % || D(l=0) ave= 5.990E+01 +/- 1.01 % D(l=1) ave= 2.118E+02 +/- 0.00 % D(l=2) ave= 0.000E+00 +/- 0.00 % D(l=3) ave= 0.000E+00 +/- 0.00 %  % || S(l=0) ave= 7.541E-04 +/- 0.96 % S(l=1) ave= 1.291E-06 +/- 15.58 % S(l=2) ave= 0.000E+00 +/- 0.00 % S(l=3) ave= 0.000E+00 +/- 0.00 % 
 ... random file  4 Cap(th)  ave= 3.591E+01 b. +/- 45.63 % || Ela(th) ave= 7.432E+01 b. +/- 4.82 % || RIcap ave= 9.09E+02 b. +/- 46.03 % || Macs30 ave= 6.93E-02 b. +/- 3.71 % || Gn^0(l=0) ave= 8.733E-02 +/- 0.17 % Gn^0(l=1) ave= 1.598E-03 +/- 13.95 % Gn^0(l=2) ave= 0.000E+00 +/- 0.00 % Gn^0(l=3) ave= 0.000E+00 +/- 0.00 % || Gtotal(l=0) ave= 2.791E+00 +/- 0.65 % Gtotal(l=1) ave= 2.764E-02 +/- 0.00 % Gtotal(l=2) ave= 0.000E+00 +/- 0.00 % Gtotal(l=3) ave= 0.000E+00 +/- 0.00 %  % || Gg(l=0) ave= 5.462E-03 +/- 14.43 % Gg(l=1) ave= 3.066E-02 +/- 24.75 % Gg(l=2) ave= 0.000E+00 +/- 0.00 % Gg(l=3) ave= 0.000E+00 +/- 0.00 %  % || D(l=0) ave= 6.002E+01 +/- 0.99 % D(l=1) ave= 2.118E+02 +/- 0.00 % D(l=2) ave= 0.000E+00 +/- 0.00 % D(l=3) ave= 0.000E+00 +/- 0.00 %  % || S(l=0) ave= 7.529E-04 +/- 0.92 % S(l=1) ave= 1.307E-06 +/- 13.98 % S(l=2) ave= 0.000E+00 +/- 0.00 % S(l=3) ave= 0.000E+00 +/- 0.00 % 
 ... random file  5 Cap(th)  ave= 4.126E+01 b. +/- 46.44 % || Ela(th) ave= 7.459E+01 b. +/- 4.46 % || RIcap ave= 1.03E+03 b. +/- 45.49 % || Macs30 ave= 7.22E-02 b. +/- 9.59 % || Gn^0(l=0) ave= 8.737E-02 +/- 0.18 % Gn^0(l=1) ave= 1.551E-03 +/- 14.70 % Gn^0(l=2) ave= 0.000E+00 +/- 0.00 % Gn^0(l=3) ave= 0.000E+00 +/- 0.00 % || Gtotal(l=0) ave= 2.789E+00 +/- 0.62 % Gtotal(l=1) ave= 2.764E-02 +/- 0.00 % Gtotal(l=2) ave= 0.000E+00 +/- 0.00 % Gtotal(l=3) ave= 0.000E+00 +/- 0.00 %  % || Gg(l=0) ave= 5.781E-03 +/- 17.54 % Gg(l=1) ave= 2.917E-02 +/- 26.33 % Gg(l=2) ave= 0.000E+00 +/- 0.00 % Gg(l=3) ave= 0.000E+00 +/- 0.00 %  % || D(l=0) ave= 6.010E+01 +/- 0.95 % D(l=1) ave= 2.118E+02 +/- 0.00 % D(l=2) ave= 0.000E+00 +/- 0.00 % D(l=3) ave= 0.000E+00 +/- 0.00 %  % || S(l=0) ave= 7.524E-04 +/- 0.86 % S(l=1) ave= 1.270E-06 +/- 14.69 % S(l=2) ave= 0.000E+00 +/- 0.00 % S(l=3) ave= 0.000E+00 +/- 0.00 % 
 ... random file  6 Cap(th)  ave= 4.144E+01 b. +/- 42.83 % || Ela(th) ave= 7.491E+01 b. +/- 4.24 % || RIcap ave= 1.04E+03 b. +/- 41.81 % || Macs30 ave= 7.13E-02 b. +/- 9.47 % || Gn^0(l=0) ave= 8.739E-02 +/- 0.18 % Gn^0(l=1) ave= 1.577E-03 +/- 13.97 % Gn^0(l=2) ave= 0.000E+00 +/- 0.00 % Gn^0(l=3) ave= 0.000E+00 +/- 0.00 % || Gtotal(l=0) ave= 2.792E+00 +/- 0.65 % Gtotal(l=1) ave= 2.764E-02 +/- 0.00 % Gtotal(l=2) ave= 0.000E+00 +/- 0.00 % Gtotal(l=3) ave= 0.000E+00 +/- 0.00 %  % || Gg(l=0) ave= 5.662E-03 +/- 17.37 % Gg(l=1) ave= 2.915E-02 +/- 24.40 % Gg(l=2) ave= 0.000E+00 +/- 0.00 % Gg(l=3) ave= 0.000E+00 +/- 0.00 %  % || D(l=0) ave= 5.998E+01 +/- 1.00 % D(l=1) ave= 2.118E+02 +/- 0.00 % D(l=2) ave= 0.000E+00 +/- 0.00 % D(l=3) ave= 0.000E+00 +/- 0.00 %  % || S(l=0) ave= 7.537E-04 +/- 0.90 % S(l=1) ave= 1.291E-06 +/- 13.96 % S(l=2) ave= 0.000E+00 +/- 0.00 % S(l=3) ave= 0.000E+00 +/- 0.00 % 
 ... Histogram plot for thermal (n,g)
 ... Write covariances  ... MT1  ... plot correlations
 ... MT2  ... MT102 


 ================================================
 ============== From 6 random values === start ======
 Thermal (n,tot) xs  0 K =  116.351 b. +/- 19.2314 b. ( 16.5288 %) skew= -0.19 +/- 0.79
 Thermal (n,el) xs   0 K =  74.9104 b. +/- 3.1746 b. ( 4.23786 %) skew= -0.70 +/- 0.79
 Thermal (n,g) xs    0 K =  41.4408 b. +/- 17.7473 b. ( 42.8257 %) skew= +0.09 +/- 0.79
 RI      (n,g)       0 K =  1039.7 b. +/- 434.665 b. ( 41.8068 %) 
 MACS    (n,g)       0 K (at Emacs= 30000 eV) =  0.0713447 b. +/- 0.00675636 b. ( 9.47002 %) 
 Ave. Gtotal  L=0        =  2.792E+00 +/- 0.65 %
 Ave. Gn^(0)  L=0        =  8.739E-02 +/- 0.18 %
 Ave. Gg      L=0        =  5.662E-03 +/- 17.37 %
 Ave. D       L=0        =  5.998E+01 +/- 1.00 %
 Ave. S       L=0        =  7.537E-04 +/- 0.90 %
 Ave. Gtotal  L=1        =  2.764E-02 +/- 0.00 %
 Ave. Gg      L=1        =  2.915E-02 +/- 24.40 %
 Ave. D       L=1        =  2.118E+02 +/- 0.00 %
 Ave. S       L=1        =  1.291E-06 +/- 13.96 %

 Expected Thermal (n,g) (syst or meas)= 12.13 b. +/- 10.3105 b. nominal: 35.9036 b.
 ratio Calculated/expected thermal (n,g): 3.42 ratio DCalculated/Dexpected: 1.72 ratio Calculated/Nominal: 1.15
 ============== From 6 random values ===== stop ======
 ================================================
 ... Calculation of (n,a) and (n,p) cross sections at 300 K
 ... thermal (n,a) cross section is 2.79615e-08 +/- 1.39807e-08 b.
 ... thermal (n,a) cross section is 0 b. (random case 1)
 ... thermal (n,a) cross section is 0 b. (random case 2)
 ... thermal (n,a) cross section is 0 b. (random case 3)
 ... thermal (n,a) cross section is 0 b. (random case 4)
 ... thermal (n,a) cross section is 0 b. (random case 5)
 ... thermal (n,a) cross section is 0 b. (random case 6)
 ... thermal (n,p) cross section is 2.79615e-08 +/- 1.39807e-08 b.
 ... thermal (n,p) cross section is 0 b. (random case 1)
 ... thermal (n,p) cross section is 0 b. (random case 2)
 ... thermal (n,p) cross section is 0 b. (random case 3)
 ... thermal (n,p) cross section is 0 b. (random case 4)
 ... thermal (n,p) cross section is 0 b. (random case 5)
 ... thermal (n,p) cross section is 0 b. (random case 6)
 ... Rewrite index for MF2
 ... Write text for MF1 in file mf1.tares.txt
 ... plotting cross sections for the MF1
 ... order output files


================== summary ==================
 Thermal (n,tot) xs = 108.418 b. 
 Thermal (n,el)  xs = 72.5145 b. 
 Thermal (n,g)   xs = 35.9036 b. (meas/sys: 12.13 b.)
 At 300 K (thermal adjustment): (n,el) = 72.7646 b., (n,g) = 35.9287 b.

 RI      (n,g)      = 918.296 b. (meas or sys: - b.)
 RI      (n,el)     = 22790.7 b.
=============================================


 ... cleaning
                                                 
  -------------------------------------------------------------
  -                                                           -
  - TARES: successful end of run with data from hypothetical  -
  - resonances for  Z= 61, A= 161 and isomer= 0               -
  - half-life: 1.050000 sec. 
  -                                                           -
  -------------------------------------------------------------

   Running time:       20 seconds

 End time: Wed Oct  7 10:38:33 2026

