
  -------------------------------------------------------------
  -                                                           -
  -              Welcome to TARES version 1.8                 -
  -                                                           -
  -  (C) Copyright 2007-2025 D. Rochman, All Rights Reserved  -
  -           NRG, Petten, the Netherlands 2007-2014          -
  -           PSI, Villigen    Switzerland 2015-2025          -
  -         Nagra, Wettingen   Switzerland 2025-              -
  -           (Last Modified October 06, 2026)                -
  -           (Database from October 06, 2026)                -
  -                                                           -
  -------------------------------------------------------------


  ---------------------------------------------
   Compilation information:
   Compiled on:         Oct  7 2026, 09:32:19
   Compiled by:         koning
   Compiler version:    clang++ - 21.0.0
   Source location:     /Users/koning/tares-1.8/source/Module/
   Binaries location:   /Users/koning/bin
   System:              Darwin 25.6.0
   System version:      Darwin Kernel Version 25.6.0: Fri Jul 31 19:19:08 PDT 2026; root:xnu-12377.161.14~5/RELEASE_ARM64_T6050  
   Machine:             arm64 
  ---------------------------------------------

   User information:
   User name:           koning
   Running directory:   /Users/koning/tendl/resbase/Ag098/work
   Owner mode for running directory : rwx
   Group mode for running directory : r-x
  ---------------------------------------------


 Starting time: Wed Oct  7 10:07:24 2026
 ... inputs directory found (/Users/koning/tares-1.8/source/Module//../../inputs/).
 ... It will be used for resonance parameters 
 ... ###############################################
 ... #     read the input file tares.inp
 ... ###############################################
 ... line: #
 ... line: # Input file generated by Autorochman
          --> line not read
 ... line: #
 ... line: isotope    Ag
          --> Isotope name: Ag
 ... line: mass       98
          --> isotopic mass: 98
 ... line: output     n-Ag098
         ---> Name of the output files: n-Ag098
 ... line: isomer     0
          --> isomeric state: 0
 ... line: mf32mf33   y
          --> MF33 based on MF32: y
 ... line: nbrRandom  6
          --> Nbr of random files: 6
 ... ###############################################
 ... # end read the input file tares.inp
 ... ###############################################
Value for random generator type not considered in since Tares 1.7 due to compilation issues

 ... ###############################################
     #   Interpretation of the Input definition    #
     ###############################################

 ... Default energy limit: End of resonance region
 ... Nuclear charge    = 47
 ... Element           = Ag
 ... Mass              = 98
 ... Isomer            = 0
 ... Correlation for (Gn,Gg) not included in random files
 ... Default random option: No random
 ... Output name: n-Ag098
 ... Energy for the MACS: 30000 eV
 ... Resonances from CALENDF reduced (reduce=y) 
 ... For URR, level density model from TALYS selected: 91n3n12611.2850 (see manual for description)
 ... Random Generator: default (pseudo random numbers from ansi c++)
 ... Reconstruction of cross section selected
 ... Doppler broadening at 0 Kelvin
 ... URR not included (from the input file flag)
 ... Weight for grouping is flat
 ... Calculation of (n,alpha) cross section selected
 ... Number of digit for MF32c covariance representation: 2
 ... MF32 included
 ... MF33 will be used for covariance processing
 ... TENDL option set to yes (automatic choice of MF2 and format)
 ... Isotope not found in the best file --> use of MLBW formalism
 ... default option: Multi level Breit Wigner approximation selected
 ... (check file best.tendl.yes for changing this option)
 ... Retroactive option set to no with the 2025 option
 ... ladder option set to yes (CALENDF will be used for statistical resonances)

 ... ###############################################
     #           End of Input definition           #
     ###############################################

 ... gnuplot found, will be used for plotting
 ... latex found, will be used for plotting
 ... dvips found, will be used for plotting
 ... ps2epsi not found, limited plotting available
 ... uncertainties on default parameters multiplied by 1.00684
 ... Read resonance data from the 2025 directory
 ... Resonance parameters taken from /Users/koning/tares-1.8/source/Module//../../inputs/2025/Resonance/default/
 ---> Processing Z= 47 and A= 98 and isomer= 0 (level number: 0)
 Exfor path; Could not find /Users/koning/tares-1.8/source/Module//../../inputs/exfor/Ag098/xs/102
Thermal file; Could not open file /Users/koning/tares-1.8/source/Module//../../inputs/2025/runThermal/results//thermal.mxw.ng.cendl3.1
Thermal file; Could not open file /Users/koning/tares-1.8/source/Module//../../inputs/2025/runThermal/results//thermal.mxw.ng.brond3.1
Thermal file; Could not open file /Users/koning/tares-1.8/source/Module//../../inputs/2025/runThermal/results//thermal.xs.ng.unc.cendl3.1
 ... spin taken from the final/ directory (1)

 ... ###############################################
 ... #  Nucleus global parameters (2025 database)  #
 ... ###############################################
 0. Half-life: 47.5 sec. 
 ... Scattering radius from TALYS: /Users/koning/tares-1.8/source/Module//../../inputs/2025/lib.urr/talys.urr/
 1. Spin of the target isotope: 6
 2. Relative Atomic Mass of the target isotope: 97.9215
 3. Scattering radius (local compilation): 6.12969 fm +/- 0.147113 fm
      .......................................
      ... Thermal capture cross sections: ...
 4. Thermal (n,g) cross section from systematics: 13.42 +/- 11.407 b.
 5. Thermal (n,g) cross section from compilation (Firestone-2022 average on element Ag): 63.7 +/- 0.6 b.
 6. Thermal (n,g) cross section from compilation (Firestone-2022 final on element Ag): 63.8 +/- 0.5 b.
 7. Thermal (n,g) cross section from TENDL-2023: 13.42 b.
      .......................................
      ...  Thermal total cross sections:  ...
      .......................................
      ... Thermal elastic cross sections: ...
 8. Thermal (n,el) cross section from potential (4piR^2): 7.70355 +/- 0.385177 b.
      .......................................
             ... Resonance integral: ...
 9. No capture integral found in /Users/koning/tares-1.8/source/Module//../../inputs/capture.integral
 ... no RI(n,g) found in local compilation, take 2018 value.
 ... no RI(n,g) found in local compilation, take Sukhoruchkin value.
   ---- MACS 30 keV ----- 
 10. TALYS MACS 30 keV (HF): 0.0364675 b. 
   ---------- S0 -------- 
 11. S0 from TALYS: 0.59604
   ---------- S1 -------- 
 12. S1 from TALYS: 7.62127
   ---------- S2 -------- 
 13. S2 from TALYS: 0.550477
   ---------- D0 -------- 
 14. D0 from TALYS: 62.3953 eV
   ---------- D1 -------- 
 15. D1 from TALYS: 32.0001 eV
   ---------- D2 -------- 
 16. D2 from TALYS: 22.2887 eV
   ---------- G0 -------- 
 17. Gg0 from TALYS: 0.766834 eV
   ---------- G1 -------- 
 18. Gg1 from TALYS: 0.90207 eV
   ---------- G2 -------- 
 19. Gg2 from TALYS: 0.924283 eV


   ---------------------- 
 ... Read resonance parameters (format: 2: Multi Level Breit Wigner)
 ... 0 resonances found 
 ... possibly no resonances in the Resonance directory for this isotope and options
 ... Use HFR (ladder) behavior 
 --> 21. Number of resonances from the input file: 2 up to 31.1976 eV
 22. Read nuclear quantities (mass, MAT...)
 23. Read thermal (n,g) xs 
 24. Read the scattering radius 
 25. Read uncertainty on Gg for 2 resonances
 26. Read uncertainty on Gg for 2 resonances ... done
 ... order resonances 
 ... Upper limit for the RRR: 31.1976 eV (no statistical resonances HFR) from the limit.RRR file
 ... Write parameters for l=0 waves
 ... End writing original MF2 
 ... No RRR in the database: uncertainties on default parameters multiplied by 1.99753
 ... Enter in urr function (ladder option set to y) for file n-Ag098
 ... read the file /Users/koning/tares-1.8/source/Module//../../inputs/2025/list.jcs.urr to find URR origin
 Default URR taken from TALYS calculations with level density model: 91n3n12611.2850
 File considered for the URR: /Users/koning/tares-1.8/source/Module//../../inputs/2025/lib.urr/talys.urr/91n3n12611.2850/Ag/urr/urr.dat.Ag.098.000.0.gz
 ... Write URR using TALYS average parameters (used for HFR)
 ... Limit of URR changed to 25 keV (recommendation from WPEC and JEFF)
 ... Extract the Sn value from file ./urr.dat.Ag.98.0.0
 ... found Sn= 11.7174 MeV
 ... estimated number of resonances up to 106.388 eV:  1.70507 resonances
 ... This is a test here. The higher energy limit to include URR data for calendf is set to max Sn. 24/03/2016
 ... Use Sn to define the maximum energy for the URR: Sn= 11.7174 MeV --> last_energyURR= 106.388 eV
 ... read D0, S0, Gn and Gg
 ... number of URR energies: 1548
 Number of l: 1548 and last energy: 12
 Last  URR energy: 106.388 eV
 ... Enter in to_MLBW_mf2 function
 ... Convert to Multi Level Breit Wigner (MLBW)
 ... Write parameter covariances (MF32) for l=0
 ... Convert parameter covariances (MF32) to MLBW
 ... copy the mf2 and mf32 to .mlbw files
 ... Enter in urr_correct function case 1
 Modify the higher limit of RRR in MF2
 --> old value: 3.135363+1 eV new value: 1.000000-2 eV
 Modify resonance covariances (MF32) to include correlations in the URR
 End Modify resonance covariances (MF32) to include correlations in the URR
 ... Enter in calendf_xs function
 Use CALENDF for statistical resonances (update MF2) up to 1.063880+2 eV (initial limit)
 Extract resonances from CALENDF for RRR->URR 2
 16 statistical resonances found
 After reduction, 14 statistical resonances found
 ... checking resonance order 1
 ... checking resonance order 2nd round for 12 resonances
 ... end checking resonance order 2nd round
 .......................................................
 ... Adjustment to the thermal cross section : start ...
 .......................................................

 Before adjustment (adjustment to the thermal cross section set to y)
 ... Import MF2 from TARES calculations
 ... End energy of TARES MF2 : 1.783822E+1 eV and limit to 40000 resonances
 ... File used for reconstruction: new.temp22.reconst
 ... run RECENT ...
 ... Doppler broadened at a unique temperature: 300 Kelvin using sigma1
 ... run SIGMA1 at 3.000000E+02 K.

 ============== INTER values at 300 Kelvin ==============
 Thermal (n,g) xs =  67.2557 b. (meas/sys: 13.42 b.) (warning: comparison to be done at 296 or 300 K)
 Th Maxw (n,g) xs =  67.528 b. (thermal Maxwellian value)
 Westcott factor  =  1.00405
 RI      (n,g)    =  23.6992 b. (meas or sys: - b.)
 MACS 3.000e+04 eV=  0.036206 b. (meas or sys: - b.) from 1.00E+00 to 2.00E+07 eV (end of RRR) at T= 300 Kelvin 
 Thermal (n,el) xs=  5.95049 b.
 RI      (n,el)   =  19.5421 b.
 ============= PSYCHE values ==============
 Ave. G_total L0  =  0.768355 eV
 Ave. Gn_0    L0  =  0.000358595
 Ave. Gg      L0  =  0.766841 eV
 Ave. D       L0  =  0 eV
 Ave. S       L0  =  0.000165505 eV
 =========================================
 Calculated capture integral   23.6992 b.
 Calculated thermal (n,g)=          67.2556860 b. and recommended= 13.42 b. (C/E= 5.0116)
 Calculated RI      (n,g)= 23.6992 b. (no reference value)
 ... tolerances: thermal (n,g) 20 % (reference uncertainties, minimum 2% and 5%, maximum 20%)
 Adjust the capture widths ...
 ... capture adjusted with Gn for 12 resonances (Gn<Gg) and with Gg for 0 resonances
 ... iteration 0: C/E thermal (n,g)= 5.0116

 <-------- After adjustment -------->
 ... Import MF2 from TARES calculations
 ... End energy of TARES MF2 : 1.783822E+1 eV and limit to 40000 resonances
 ... File used for reconstruction: new.temp22.reconst
 ... run RECENT ...
 ... Doppler broadened at a unique temperature: 300 Kelvin using sigma1
 ... run SIGMA1 at 3.000000E+02 K.

 ============== INTER values at 300 Kelvin ==============
 Thermal (n,g) xs =  15.8356 b. (meas/sys: 13.42 b.) (warning: comparison to be done at 296 or 300 K)
 Th Maxw (n,g) xs =  15.9 b. (thermal Maxwellian value)
 Westcott factor  =  1.00405
 RI      (n,g)    =  6.43468 b. (meas or sys: - b.)
 MACS 3.000e+04 eV=  0.036204 b. (meas or sys: - b.) from 1.00E+00 to 2.00E+07 eV (end of RRR) at T= 300 Kelvin 
 Thermal (n,el) xs=  5.00804 b.
 RI      (n,el)   =  17.1421 b.
 ============= PSYCHE values ==============
 Ave. G_total L0  =  0.767197 eV
 Ave. Gn_0    L0  =  8.44326e-05
 Ave. Gg      L0  =  0.766841 eV
 Ave. D       L0  =  0 eV
 Ave. S       L0  =  3.89689e-05 eV
 =========================================
 ... iteration 1: C/E thermal (n,g)= 1.18


 ... ratio C/E thermal (n,g): 1.180002E+00
 ...................................................... 
 ... Adjustment to the thermal cross section : stop ...
 ...................................................... 
 ... new MF2 file after adjustment: n-Ag098
 ... read the file /Users/koning/tares-1.8/source/Module//../../inputs/2025/list.jcs.urr to find URR origin
 Default URR taken from TALYS calculations with level density model: 91n3n12611.2850
 File considered for the URR: /Users/koning/tares-1.8/source/Module//../../inputs/2025/lib.urr/talys.urr/91n3n12611.2850/Ag/urr/urr.dat.Ag.098.000.0.gz
 ... Write URR using TALYS average parameters (not used for HFR)
 ... Limit of URR changed to 25 keV (recommendation from WPEC and JEFF)
 ... read D0, S0, Gn and Gg
 ... number of URR energies: 1908
 Number of l: 1908 and last energy: 12
 Last  URR energy: 106207 eV
 Energies in the URR : 1908 -> reduced by a factor 2
 Energies in the URR : 924 -> reduced by a factor 2
 Energies in the URR : 468 -> reduced by a factor 2
 ... Enter in urr_correct function case 2
 Modify the higher limit of RRR in MF2
 --> old value: 1.783822+1 eV new value: 1.783822+1 eV
 Modify resonance covariances (MF32) to include correlations in the URR
 End Modify resonance covariances (MF32) to include correlations in the URR
 ... Enter in update_MF32 function
 ... Change uncertainties
 ... for the HFR, random position of the positive resonances with 0.020000 %
 ... end of update MF32 function
 ... GLS calculation of the parameter correlations from the thermal/RI adjustment (MF32c)
 ... MF32: correlations from the thermal/RI adjustment (GLS) for 2 resonances (4 widths), 0 correlation lines
 ...   thermal (n,g): uncertainty from these widths 6.19529 b. -> 5.44417 b. (reference: 13.42 +/- 11.407 b.)
 ... copy the mf2 and mf32 to .mlbw files

 ... Start of final reconstruction and testing ...
 ... Reconstruction of cross sections at 0 Kelvin  ... Import MF2 from TARES calculations
 ... End energy of TARES MF2 : 1.783822E+1 eV and limit to 40000 resonances
 ... File used for reconstruction: n-Ag098.reconst
 ... run RECENT ...
 ... Doppler broadened at a unique temperature: 0 Kelvin using sigma1
 ... The keyword temperature is zero, no Doppler broadening for the MACS

 ============== INTER values at 0 Kelvin ==============
 Thermal (n,g) xs =  15.8204 b. (meas/sys: 13.42 b.) (warning: comparison to be done at 296 or 300 K)
 Th Maxw (n,g) xs =  15.808 b. (thermal Maxwellian value)
 Westcott factor  =  0.99924
 RI      (n,g)    =  6.40184 b. (meas or sys: - b.)
 MACS 3.000e+04 eV=  0.036262 b. (meas or sys: - b.) from 1.00E+00 to 1.78E+01 eV (end of RRR) at T= 0 Kelvin 
 Thermal (n,el) xs=  4.98206 b.
 RI      (n,el)   =  17.0909 b.
 ============= PSYCHE values ==============
 Ave. G_total L0  =  0.767197 eV
 Ave. Gn_0    L0  =  8.44326e-05
 Ave. Gg      L0  =  0.766841 eV
 Ave. D       L0  =  0 eV
 Ave. S       L0  =  3.89689e-05 eV
 =========================================
 ... End of final reconstruction and testing ...

 ... grouping is not optimum, change to 70 groups
 ... Produce MF33 based on MF32 and 6 random files
 ... run endsam for 6 in groups of 1 global run
 ... run endsam from 1 to 6
 ... reorder resonance position after endsam (sampling)
 ... preparing the vectors  ... done
 ... nominal file 0 Cap(th)  ave= 1.582E+01 b. +/- 0.00 % || Ela(th) ave= 4.982E+00 b. +/- 0.00 % || RIcap ave= 5.29E+00 b. +/- 0.00 % || Macs30 ave= 2.64E+00 b. +/- 0.00 % || Gn^0(l=0) ave= 8.443E-05 +/- 0.00 % Gn^0(l=1) ave= 0.000E+00 +/- 0.00 % Gn^0(l=2) ave= 0.000E+00 +/- 0.00 % Gn^0(l=3) ave= 0.000E+00 +/- 0.00 % || Gtotal(l=0) ave= 7.672E-01 +/- 0.00 % Gtotal(l=1) ave= 0.000E+00 +/- 0.00 % Gtotal(l=2) ave= 0.000E+00 +/- 0.00 % Gtotal(l=3) ave= 0.000E+00 +/- 0.00 %  % || Gg(l=0) ave= 7.668E-01 +/- 0.00 % Gg(l=1) ave= 0.000E+00 +/- 0.00 % Gg(l=2) ave= 0.000E+00 +/- 0.00 % Gg(l=3) ave= 0.000E+00 +/- 0.00 %  % || D(l=0) ave= 0.000E+00 +/- 0.00 % D(l=1) ave= 0.000E+00 +/- 0.00 % D(l=2) ave= 0.000E+00 +/- 0.00 % D(l=3) ave= 0.000E+00 +/- 0.00 %  % || S(l=0) ave= 3.897E-05 +/- 0.00 % S(l=1) ave= 0.000E+00 +/- 0.00 % S(l=2) ave= 0.000E+00 +/- 0.00 % S(l=3) ave= 0.000E+00 +/- 0.00 % 
 ... random file  1 Cap(th)  ave= 1.140E+01 b. +/- 38.77 % || Ela(th) ave= 4.924E+00 b. +/- 1.18 % || RIcap ave= 4.12E+00 b. +/- 28.60 % || Macs30 ave= 2.57E+00 b. +/- 2.86 % || Gn^0(l=0) ave= 8.388E-05 +/- 0.66 % Gn^0(l=1) ave= 0.000E+00 +/- 0.00 % Gn^0(l=2) ave= 0.000E+00 +/- 0.00 % Gn^0(l=3) ave= 0.000E+00 +/- 0.00 % || Gtotal(l=0) ave= 7.672E-01 +/- 0.00 % Gtotal(l=1) ave= 0.000E+00 +/- 0.00 % Gtotal(l=2) ave= 0.000E+00 +/- 0.00 % Gtotal(l=3) ave= 0.000E+00 +/- 0.00 %  % || Gg(l=0) ave= 5.660E-01 +/- 35.49 % Gg(l=1) ave= 0.000E+00 +/- 0.00 % Gg(l=2) ave= 0.000E+00 +/- 0.00 % Gg(l=3) ave= 0.000E+00 +/- 0.00 %  % || D(l=0) ave= 0.000E+00 +/- 0.00 % D(l=1) ave= 0.000E+00 +/- 0.00 % D(l=2) ave= 0.000E+00 +/- 0.00 % D(l=3) ave= 0.000E+00 +/- 0.00 %  % || S(l=0) ave= 3.871E-05 +/- 0.66 % S(l=1) ave= 0.000E+00 +/- 0.00 % S(l=2) ave= 0.000E+00 +/- 0.00 % S(l=3) ave= 0.000E+00 +/- 0.00 % 
 ... random file  2 Cap(th)  ave= 1.318E+01 b. +/- 33.39 % || Ela(th) ave= 4.934E+00 b. +/- 1.00 % || RIcap ave= 4.60E+00 b. +/- 25.64 % || Macs30 ave= 2.63E+00 b. +/- 4.07 % || Gn^0(l=0) ave= 8.468E-05 +/- 1.44 % Gn^0(l=1) ave= 0.000E+00 +/- 0.00 % Gn^0(l=2) ave= 0.000E+00 +/- 0.00 % Gn^0(l=3) ave= 0.000E+00 +/- 0.00 % || Gtotal(l=0) ave= 7.672E-01 +/- 0.00 % Gtotal(l=1) ave= 0.000E+00 +/- 0.00 % Gtotal(l=2) ave= 0.000E+00 +/- 0.00 % Gtotal(l=3) ave= 0.000E+00 +/- 0.00 %  % || Gg(l=0) ave= 6.226E-01 +/- 29.31 % Gg(l=1) ave= 0.000E+00 +/- 0.00 % Gg(l=2) ave= 0.000E+00 +/- 0.00 % Gg(l=3) ave= 0.000E+00 +/- 0.00 %  % || D(l=0) ave= 0.000E+00 +/- 0.00 % D(l=1) ave= 0.000E+00 +/- 0.00 % D(l=2) ave= 0.000E+00 +/- 0.00 % D(l=3) ave= 0.000E+00 +/- 0.00 %  % || S(l=0) ave= 3.908E-05 +/- 1.44 % S(l=1) ave= 0.000E+00 +/- 0.00 % S(l=2) ave= 0.000E+00 +/- 0.00 % S(l=3) ave= 0.000E+00 +/- 0.00 % 
 ... random file  3 Cap(th)  ave= 1.418E+01 b. +/- 29.51 % || Ela(th) ave= 4.948E+00 b. +/- 1.01 % || RIcap ave= 4.87E+00 b. +/- 23.13 % || Macs30 ave= 2.63E+00 b. +/- 3.52 % || Gn^0(l=0) ave= 8.462E-05 +/- 1.25 % Gn^0(l=1) ave= 0.000E+00 +/- 0.00 % Gn^0(l=2) ave= 0.000E+00 +/- 0.00 % Gn^0(l=3) ave= 0.000E+00 +/- 0.00 % || Gtotal(l=0) ave= 7.672E-01 +/- 0.00 % Gtotal(l=1) ave= 0.000E+00 +/- 0.00 % Gtotal(l=2) ave= 0.000E+00 +/- 0.00 % Gtotal(l=3) ave= 0.000E+00 +/- 0.00 %  % || Gg(l=0) ave= 7.725E-01 +/- 39.34 % Gg(l=1) ave= 0.000E+00 +/- 0.00 % Gg(l=2) ave= 0.000E+00 +/- 0.00 % Gg(l=3) ave= 0.000E+00 +/- 0.00 %  % || D(l=0) ave= 0.000E+00 +/- 0.00 % D(l=1) ave= 0.000E+00 +/- 0.00 % D(l=2) ave= 0.000E+00 +/- 0.00 % D(l=3) ave= 0.000E+00 +/- 0.00 %  % || S(l=0) ave= 3.906E-05 +/- 1.25 % S(l=1) ave= 0.000E+00 +/- 0.00 % S(l=2) ave= 0.000E+00 +/- 0.00 % S(l=3) ave= 0.000E+00 +/- 0.00 % 
 ... random file  4 Cap(th)  ave= 1.257E+01 b. +/- 39.24 % || Ela(th) ave= 4.920E+00 b. +/- 1.47 % || RIcap ave= 4.46E+00 b. +/- 29.27 % || Macs30 ave= 2.58E+00 b. +/- 5.02 % || Gn^0(l=0) ave= 8.462E-05 +/- 1.25 % Gn^0(l=1) ave= 0.000E+00 +/- 0.00 % Gn^0(l=2) ave= 0.000E+00 +/- 0.00 % Gn^0(l=3) ave= 0.000E+00 +/- 0.00 % || Gtotal(l=0) ave= 7.672E-01 +/- 0.00 % Gtotal(l=1) ave= 0.000E+00 +/- 0.00 % Gtotal(l=2) ave= 0.000E+00 +/- 0.00 % Gtotal(l=3) ave= 0.000E+00 +/- 0.00 %  % || Gg(l=0) ave= 7.725E-01 +/- 39.34 % Gg(l=1) ave= 0.000E+00 +/- 0.00 % Gg(l=2) ave= 0.000E+00 +/- 0.00 % Gg(l=3) ave= 0.000E+00 +/- 0.00 %  % || D(l=0) ave= 0.000E+00 +/- 0.00 % D(l=1) ave= 0.000E+00 +/- 0.00 % D(l=2) ave= 0.000E+00 +/- 0.00 % D(l=3) ave= 0.000E+00 +/- 0.00 %  % || S(l=0) ave= 3.906E-05 +/- 1.25 % S(l=1) ave= 0.000E+00 +/- 0.00 % S(l=2) ave= 0.000E+00 +/- 0.00 % S(l=3) ave= 0.000E+00 +/- 0.00 % 
 ... random file  5 Cap(th)  ave= 1.451E+01 b. +/- 43.05 % || Ela(th) ave= 4.949E+00 b. +/- 1.87 % || RIcap ave= 4.96E+00 b. +/- 32.81 % || Macs30 ave= 2.63E+00 b. +/- 6.01 % || Gn^0(l=0) ave= 8.453E-05 +/- 1.14 % Gn^0(l=1) ave= 0.000E+00 +/- 0.00 % Gn^0(l=2) ave= 0.000E+00 +/- 0.00 % Gn^0(l=3) ave= 0.000E+00 +/- 0.00 % || Gtotal(l=0) ave= 7.672E-01 +/- 0.00 % Gtotal(l=1) ave= 0.000E+00 +/- 0.00 % Gtotal(l=2) ave= 0.000E+00 +/- 0.00 % Gtotal(l=3) ave= 0.000E+00 +/- 0.00 %  % || Gg(l=0) ave= 7.390E-01 +/- 37.89 % Gg(l=1) ave= 0.000E+00 +/- 0.00 % Gg(l=2) ave= 0.000E+00 +/- 0.00 % Gg(l=3) ave= 0.000E+00 +/- 0.00 %  % || D(l=0) ave= 0.000E+00 +/- 0.00 % D(l=1) ave= 0.000E+00 +/- 0.00 % D(l=2) ave= 0.000E+00 +/- 0.00 % D(l=3) ave= 0.000E+00 +/- 0.00 %  % || S(l=0) ave= 3.901E-05 +/- 1.14 % S(l=1) ave= 0.000E+00 +/- 0.00 % S(l=2) ave= 0.000E+00 +/- 0.00 % S(l=3) ave= 0.000E+00 +/- 0.00 % 
 ... random file  6 Cap(th)  ave= 1.533E+01 b. +/- 39.96 % || Ela(th) ave= 4.936E+00 b. +/- 1.85 % || RIcap ave= 5.18E+00 b. +/- 30.91 % || Macs30 ave= 2.65E+00 b. +/- 5.94 % || Gn^0(l=0) ave= 8.472E-05 +/- 1.16 % Gn^0(l=1) ave= 0.000E+00 +/- 0.00 % Gn^0(l=2) ave= 0.000E+00 +/- 0.00 % Gn^0(l=3) ave= 0.000E+00 +/- 0.00 % || Gtotal(l=0) ave= 7.672E-01 +/- 0.00 % Gtotal(l=1) ave= 0.000E+00 +/- 0.00 % Gtotal(l=2) ave= 0.000E+00 +/- 0.00 % Gtotal(l=3) ave= 0.000E+00 +/- 0.00 %  % || Gg(l=0) ave= 7.688E-01 +/- 34.36 % Gg(l=1) ave= 0.000E+00 +/- 0.00 % Gg(l=2) ave= 0.000E+00 +/- 0.00 % Gg(l=3) ave= 0.000E+00 +/- 0.00 %  % || D(l=0) ave= 0.000E+00 +/- 0.00 % D(l=1) ave= 0.000E+00 +/- 0.00 % D(l=2) ave= 0.000E+00 +/- 0.00 % D(l=3) ave= 0.000E+00 +/- 0.00 %  % || S(l=0) ave= 3.910E-05 +/- 1.16 % S(l=1) ave= 0.000E+00 +/- 0.00 % S(l=2) ave= 0.000E+00 +/- 0.00 % S(l=3) ave= 0.000E+00 +/- 0.00 % 
 ... Histogram plot for thermal (n,g)
 ... Write covariances  ... MT1  ... plot correlations
 ... MT2  ... MT102 


 ================================================
 ============== From 6 random values === start ======
 Thermal (n,tot) xs  0 K =  20.2703 b. +/- 6.19604 b. ( 30.5671 %) skew= -0.33 +/- 0.79
 Thermal (n,el) xs   0 K =  4.93593 b. +/- 0.0913443 b. ( 1.8506 %) skew= +0.24 +/- 0.79
 Thermal (n,g) xs    0 K =  15.3344 b. +/- 6.12723 b. ( 39.9575 %) skew= -0.33 +/- 0.79
 RI      (n,g)       0 K =  5.17619 b. +/- 1.59983 b. ( 30.9075 %) 
 MACS    (n,g)       0 K (at Emacs= 30000 eV) =  2.64957 b. +/- 0.157356 b. ( 5.93891 %) 
 Ave. Gtotal  L=0        =  7.672E-01 +/- 0.00 %
 Ave. Gn^(0)  L=0        =  8.472E-05 +/- 1.16 %
 Ave. Gg      L=0        =  7.688E-01 +/- 34.36 %
 Ave. S       L=0        =  3.910E-05 +/- 1.16 %

 Expected Thermal (n,g) (syst or meas)= 13.42 b. +/- 11.407 b. nominal: 15.8204 b.
 ratio Calculated/expected thermal (n,g): 1.14 ratio DCalculated/Dexpected: 0.54 ratio Calculated/Nominal: 0.97
 ============== From 6 random values ===== stop ======
 ================================================
 ... Calculation of (n,a) and (n,p) cross sections at 300 K
 ... thermal (n,a) cross section is 0.000518569 +/- 0.000259284 b.
 ... thermal (n,a) cross section is 0.000953365 b. (random case 1)
 ... thermal (n,a) cross section is 0.00138737 b. (random case 2)
 ... thermal (n,a) cross section is 0.00182137 b. (random case 3)
 ... thermal (n,a) cross section is 0.00225537 b. (random case 4)
 ... thermal (n,a) cross section is 0.00268937 b. (random case 5)
 ... thermal (n,a) cross section is 0.00312337 b. (random case 6)
 ... thermal (n,p) cross section is 0.000518569 +/- 0.000259284 b.
 ... thermal (n,p) cross section is 0.000953365 b. (random case 1)
 ... thermal (n,p) cross section is 0.00138737 b. (random case 2)
 ... thermal (n,p) cross section is 0.00182137 b. (random case 3)
 ... thermal (n,p) cross section is 0.00225537 b. (random case 4)
 ... thermal (n,p) cross section is 0.00268937 b. (random case 5)
 ... thermal (n,p) cross section is 0.00312337 b. (random case 6)
 ... Rewrite index for MF2
 ... Write text for MF1 in file mf1.tares.txt
 ... plotting cross sections for the MF1
 ... order output files


================== summary ==================
 Thermal (n,tot) xs = 20.8087 b. 
 Thermal (n,el)  xs = 4.98206 b. 
 Thermal (n,g)   xs = 15.8204 b. (meas/sys: 13.42 b.)
 At 300 K (thermal adjustment): (n,el) = 5.00804 b., (n,g) = 15.8356 b.

 RI      (n,g)      = 6.40184 b. (meas or sys: - b.)
 RI      (n,el)     = 17.0909 b.
=============================================


 ... cleaning
                                                 
  -------------------------------------------------------------
  -                                                           -
  - TARES: successful end of run with data from hypothetical  -
  - resonances for  Z= 47,  A= 98 and isomer= 0               -
  - half-life: 47.500000 sec. 
  -                                                           -
  -------------------------------------------------------------

   Running time:       7 seconds

 End time: Wed Oct  7 10:07:31 2026

