
  -------------------------------------------------------------
  -                                                           -
  -              Welcome to TARES version 1.8                 -
  -                                                           -
  -  (C) Copyright 2007-2025 D. Rochman, All Rights Reserved  -
  -           NRG, Petten, the Netherlands 2007-2014          -
  -           PSI, Villigen    Switzerland 2015-2025          -
  -         Nagra, Wettingen   Switzerland 2025-              -
  -           (Last Modified October 06, 2026)                -
  -           (Database from October 06, 2026)                -
  -                                                           -
  -------------------------------------------------------------


  ---------------------------------------------
   Compilation information:
   Compiled on:         Oct  8 2026, 18:36:06
   Compiled by:         koning
   Compiler version:    clang++ - 21.0.0
   Source location:     /Users/koning/tares-1.8/source/Module/
   Binaries location:   /Users/koning/bin
   System:              Darwin 25.6.0
   System version:      Darwin Kernel Version 25.6.0: Fri Jul 31 19:19:08 PDT 2026; root:xnu-12377.161.14~5/RELEASE_ARM64_T6050  
   Machine:             arm64 
  ---------------------------------------------

   User information:
   User name:           koning
   Running directory:   /Users/koning/tendl/resbase/Tm173/work
   Owner mode for running directory : rwx
   Group mode for running directory : r-x
  ---------------------------------------------


 Starting time: Fri Oct  9 11:02:01 2026
 ... inputs directory found (/Users/koning/tares-1.8/source/Module//../../inputs/).
 ... It will be used for resonance parameters 
 ... ###############################################
 ... #     read the input file tares.inp
 ... ###############################################
 ... line: #
 ... line: # Input file generated by Autorochman
          --> line not read
 ... line: #
 ... line: isotope    Tm
          --> Isotope name: Tm
 ... line: mass       173
          --> isotopic mass: 173
 ... line: output     n-Tm173
         ---> Name of the output files: n-Tm173
 ... line: isomer     0
          --> isomeric state: 0
 ... line: mf32mf33   y
          --> MF33 based on MF32: y
 ... line: nbrRandom  10
          --> Nbr of random files: 10
 ... ###############################################
 ... # end read the input file tares.inp
 ... ###############################################
Value for random generator type not considered in since Tares 1.7 due to compilation issues

 ... ###############################################
     #   Interpretation of the Input definition    #
     ###############################################

 ... Default energy limit: End of resonance region
 ... Nuclear charge    = 69
 ... Element           = Tm
 ... Mass              = 173
 ... Isomer            = 0
 ... Correlation for (Gn,Gg) not included in random files
 ... Default random option: No random
 ... Output name: n-Tm173
 ... Energy for the MACS: 30000 eV
 ... Resonances from CALENDF reduced (reduce=y) 
 ... For URR, level density model from TALYS selected: 91n3n12611.2850 (see manual for description)
 ... Random Generator: default (pseudo random numbers from ansi c++)
 ... Reconstruction of cross section selected
 ... Doppler broadening at 0 Kelvin
 ... URR not included (from the input file flag)
 ... Weight for grouping is flat
 ... Calculation of (n,alpha) cross section selected
 ... Number of digit for MF32c covariance representation: 2
 ... MF32 included
 ... MF33 will be used for covariance processing
 ... TENDL option set to yes (automatic choice of MF2 and format)
 ... Isotope not found in the best file --> use of MLBW formalism
 ... default option: Multi level Breit Wigner approximation selected
 ... (check file best.tendl.yes for changing this option)
 ... Retroactive option set to no with the 2025 option
 ... ladder option set to yes (CALENDF will be used for statistical resonances)

 ... ###############################################
     #           End of Input definition           #
     ###############################################

 ... gnuplot found, will be used for plotting
 ... latex found, will be used for plotting
 ... dvips found, will be used for plotting
 ... ps2epsi not found, limited plotting available
 ... uncertainties on default parameters multiplied by 1.52173
 ... Read resonance data from the 2025 directory
 ... Resonance parameters taken from /Users/koning/tares-1.8/source/Module//../../inputs/2025/Resonance/default/
 ---> Processing Z= 69 and A= 173 and isomer= 0 (level number: 0)
 Exfor path; Could not find /Users/koning/tares-1.8/source/Module//../../inputs/exfor/Tm173/xs/102
Thermal file; Could not open file /Users/koning/tares-1.8/source/Module//../../inputs/2025/runThermal/results//thermal.mxw.ng.cendl3.1
Thermal file; Could not open file /Users/koning/tares-1.8/source/Module//../../inputs/2025/runThermal/results//thermal.mxw.ng.brond3.1
Thermal file; Could not open file /Users/koning/tares-1.8/source/Module//../../inputs/2025/runThermal/results//thermal.xs.ng.unc.cendl3.1
 ... spin taken from the final/ directory (1)

 ... ###############################################
 ... #  Nucleus global parameters (2025 database)  #
 ... ###############################################
 0. Half-life: 8.23889 hours
 ... Scattering radius from TALYS: /Users/koning/tares-1.8/source/Module//../../inputs/2025/lib.urr/talys.urr/
 1. Spin of the target isotope: 0.5
 2. Relative Atomic Mass of the target isotope: 172.939
 3. Scattering radius (local compilation): 7.39416 fm +/- 0.155277 fm
      .......................................
      ... Thermal capture cross sections: ...
 4. Thermal (n,g) cross section from systematics (TALYS, urr.dat): 34.9466 +/- 17.4733 b.
 5. Thermal (n,g) cross section from compilation (Firestone-2022 average on element Tm): 120 +/- 6 b.
 6. Thermal (n,g) cross section from compilation (Firestone-2022 final on element Tm): 107 +/- 3 b.
 7. Thermal (n,g) cross section from TENDL-2023: 34.95 +/- 18.05 b.
      .......................................
      ...  Thermal total cross sections:  ...
      .......................................
      ... Thermal elastic cross sections: ...
 8. Thermal (n,el) cross section from potential (4piR^2): 9.29268 +/- 0.464634 b.
      .......................................
             ... Resonance integral: ...
 9. No capture integral found in /Users/koning/tares-1.8/source/Module//../../inputs/capture.integral
 ... no RI(n,g) found in local compilation, take 2018 value.
 ... no RI(n,g) found in local compilation, take Sukhoruchkin value.
   ---- MACS 30 keV ----- 
 10. TALYS MACS 30 keV (HF): 0.516797 b. 
   ---------- S0 -------- 
 11. S0 from TALYS: 7.05713
   ---------- S1 -------- 
 12. S1 from TALYS: 0.349284
   ---------- S2 -------- 
 13. S2 from TALYS: 10.3168
   ---------- D0 -------- 
 14. D0 from TALYS: 13.6029 eV
   ---------- D1 -------- 
 15. D1 from TALYS: 6.23183 eV
   ---------- D2 -------- 
 16. D2 from TALYS: 3.92395 eV
   ---------- G0 -------- 
 17. Gg0 from TALYS: 0.0533093 eV
   ---------- G1 -------- 
 18. Gg1 from TALYS: 0.0541717 eV
   ---------- G2 -------- 
 19. Gg2 from TALYS: 0.0525998 eV


   ---------------------- 
 ... Read resonance parameters (format: 2: Multi Level Breit Wigner)
 ... 0 resonances found 
 ... possibly no resonances in the Resonance directory for this isotope and options
 ... Use HFR (ladder) behavior 
 --> 21. Number of resonances from the input file: 2 up to 6.80146 eV
 22. Read nuclear quantities (mass, MAT...)
 23. Read thermal (n,g) xs 
 24. Read the scattering radius 
 25. Read uncertainty on Gg for 2 resonances
 26. Read uncertainty on Gg for 2 resonances ... done
 ... order resonances 
 ... Upper limit for the RRR: 6.80146 eV (no statistical resonances HFR) from the limit.RRR file
 ... Write parameters for l=0 waves
 ... End writing original MF2 
 ... No RRR in the database: uncertainties on default parameters multiplied by 1.99753
 ... Enter in urr function (ladder option set to y) for file n-Tm173
 ... read the file /Users/koning/tares-1.8/source/Module//../../inputs/2025/list.jcs.urr to find URR origin
 Default URR taken from TALYS calculations with level density model: 91n3n12611.2850
 File considered for the URR: /Users/koning/tares-1.8/source/Module//../../inputs/2025/lib.urr/talys.urr/91n3n12611.2850/Tm/urr/urr.dat.Tm.173.000.0.gz
 ... Write URR using TALYS average parameters (used for HFR)
 ... Limit of URR changed to 25 keV (recommendation from WPEC and JEFF)
 ... Extract the Sn value from file ./urr.dat.Tm.173.0.0
 ... found Sn= 5.67977 MeV
 ... estimated number of resonances up to 15658.8 eV: 1151.14 resonances, too high ?
 ... estimated number of resonances up to 7829.41 eV:  575.568 resonances
 ... This is a test here. The higher energy limit to include URR data for calendf is set to max Sn. 24/03/2016
 ... Use Sn to define the maximum energy for the URR: Sn= 5.67977 MeV --> last_energyURR= 7829.41 eV
 Warning 2, the end of the RRR (7829.41 eV) is higher than the 1st inelastic level (2460 eV)
 ... read D0, S0, Gn and Gg
 ... number of URR energies: 1656
 Number of l: 1656 and last energy: 8
 Last  URR energy: 7829.41 eV
 ... Enter in to_MLBW_mf2 function
 ... Convert to Multi Level Breit Wigner (MLBW)
 ... Write parameter covariances (MF32) for l=0
 ... Convert parameter covariances (MF32) to MLBW
 ... copy the mf2 and mf32 to .mlbw files
 ... Enter in urr_correct function case 1
 Modify the higher limit of RRR in MF2
 --> old value: 6.835467+0 eV new value: 1.000000-2 eV
 Modify resonance covariances (MF32) to include correlations in the URR
 End Modify resonance covariances (MF32) to include correlations in the URR
 ... Enter in calendf_xs function
 Use CALENDF for statistical resonances (update MF2) up to 7.829410+3 eV (initial limit)
 Extract resonances from CALENDF for RRR->URR 2
 4121 statistical resonances found
 After reduction, 2721 statistical resonances found
 ... checking resonance order 1
 ... checking resonance order 2nd round for 2719 resonances
 ... end checking resonance order 2nd round
 Too many resonances (2719): reduced to 100.
 .......................................................
 ... Adjustment to the thermal cross section : start ...
 .......................................................

 Before adjustment (adjustment to the thermal cross section set to y)
 ... Import MF2 from TARES calculations
 ... End energy of TARES MF2 : 9.345137E+2 eV and limit to 40000 resonances
 ... File used for reconstruction: new.temp22.reconst
 ... run RECENT ...
 ... Doppler broadened at a unique temperature: 300 Kelvin using sigma1
 ... run SIGMA1 at 3.000000E+02 K.

 ============== INTER values at 300 Kelvin ==============
 Thermal (n,g) xs =  108.612 b. (meas/sys: 34.9466 b.) (warning: comparison to be done at 296 or 300 K)
 Th Maxw (n,g) xs =  109.68 b. (thermal Maxwellian value)
 Westcott factor  =  1.00984
 RI      (n,g)    =  2446.81 b. (meas or sys: - b.)
 MACS 3.000e+04 eV=  0.47935 b. (meas or sys: - b.) from 1.00E+00 to 2.00E+07 eV (end of RRR) at T= 300 Kelvin 
 Thermal (n,el) xs=  2.14803 b.
 RI      (n,el)   =  1328.55 b.
 ============= PSYCHE values ==============
 Ave. G_total L0  =  0.494076 eV
 Ave. G_total L1  =  0.0532573 eV
 Ave. G_total L2  =  0.0513243 eV
 Ave. Gn_0    L0  =  0.0194795
 Ave. Gn_0    L1  =  0.00375688
 Ave. Gn_0    L2  =  0.0863195
 Ave. Gg      L0  =  0.0527926 eV
 Ave. Gg      L1  =  0.0530984 eV
 Ave. Gg      L2  =  0.0513231 eV
 Ave. D       L0  =  13.7428 eV
 Ave. D       L1  =  71.8857 eV
 Ave. D       L2  =  0 eV
 Ave. S       L0  =  0.000683972 eV
 Ave. S       L1  =  9.73981e-06 eV
 Ave. S       L2  =  0.107899 eV
 =========================================
 Calculated capture integral   2446.81 b.
 Calculated thermal (n,g)=          108.611743 b. and recommended= 34.9466 b. (C/E= 3.10794)
 Calculated RI      (n,g)= 2446.81 b. (no reference value)
 ... tolerances: thermal (n,g) 20 % (reference uncertainties, minimum 2% and 5%, maximum 20%)
 Adjust the capture widths ...
 ... capture adjusted with Gn for 51 resonances (Gn<Gg) and with Gg for 49 resonances
 ... iteration 0: C/E thermal (n,g)= 3.10794

 <-------- After adjustment -------->
 ... Import MF2 from TARES calculations
 ... End energy of TARES MF2 : 9.345137E+2 eV and limit to 40000 resonances
 ... File used for reconstruction: new.temp22.reconst
 ... run RECENT ...
 ... Doppler broadened at a unique temperature: 300 Kelvin using sigma1
 ... run SIGMA1 at 3.000000E+02 K.

 ============== INTER values at 300 Kelvin ==============
 Thermal (n,g) xs =  41.237 b. (meas/sys: 34.9466 b.) (warning: comparison to be done at 296 or 300 K)
 Th Maxw (n,g) xs =  41.643 b. (thermal Maxwellian value)
 Westcott factor  =  1.00984
 RI      (n,g)    =  1065.85 b. (meas or sys: - b.)
 MACS 3.000e+04 eV=  0.47559 b. (meas or sys: - b.) from 1.00E+00 to 2.00E+07 eV (end of RRR) at T= 300 Kelvin 
 Thermal (n,el) xs=  3.80576 b.
 RI      (n,el)   =  961.438 b.
 ============= PSYCHE values ==============
 Ave. G_total L0  =  0.469168 eV
 Ave. G_total L1  =  0.0531587 eV
 Ave. G_total L2  =  0.0513236 eV
 Ave. Gn_0    L0  =  0.0192275
 Ave. Gn_0    L1  =  0.00142639
 Ave. Gn_0    L2  =  0.0327732
 Ave. Gg      L0  =  0.0309409 eV
 Ave. Gg      L1  =  0.0530984 eV
 Ave. Gg      L2  =  0.0513231 eV
 Ave. D       L0  =  13.7428 eV
 Ave. D       L1  =  71.8857 eV
 Ave. D       L2  =  0 eV
 Ave. S       L0  =  0.000670483 eV
 Ave. S       L1  =  3.69794e-06 eV
 Ave. S       L2  =  0.0409665 eV
 =========================================
 ... iteration 1: C/E thermal (n,g)= 1.18


 ... ratio C/E thermal (n,g): 1.180002E+00
 ...................................................... 
 ... Adjustment to the thermal cross section : stop ...
 ...................................................... 
 ... new MF2 file after adjustment: n-Tm173
 ... read the file /Users/koning/tares-1.8/source/Module//../../inputs/2025/list.jcs.urr to find URR origin
 Default URR taken from TALYS calculations with level density model: 91n3n12611.2850
 File considered for the URR: /Users/koning/tares-1.8/source/Module//../../inputs/2025/lib.urr/talys.urr/91n3n12611.2850/Tm/urr/urr.dat.Tm.173.000.0.gz
 ... Write URR using TALYS average parameters (not used for HFR)
 ... Limit of URR changed to 25 keV (recommendation from WPEC and JEFF)
 ... read D0, S0, Gn and Gg
 ... number of URR energies: 120
 Number of l: 120 and last energy: 8
 Last  URR energy: 2435.4 eV
 ... Enter in urr_correct function case 2
 Modify the higher limit of RRR in MF2
 --> old value: 9.345137+2 eV new value: 9.345137+2 eV
 Modify resonance covariances (MF32) to include correlations in the URR
 End Modify resonance covariances (MF32) to include correlations in the URR
 ... Enter in update_MF32 function
 ... Change uncertainties
 ... for the HFR, random position of the positive resonances with 0.020000 %
 ... end of update MF32 function
 ... GLS calculation of the parameter correlations from the thermal/RI adjustment (MF32c)
 ... MF32: correlations from the thermal/RI adjustment (GLS) for 4 resonances (8 widths), 4 correlation lines
 ...   thermal (n,g): uncertainty from these widths 17.8936 b. -> 12.5014 b. (reference: 34.9466 +/- 17.4733 b.)
 ... copy the mf2 and mf32 to .mlbw files

 ... Start of final reconstruction and testing ...
 ... Reconstruction of cross sections at 0 Kelvin  ... Import MF2 from TARES calculations
 ... End energy of TARES MF2 : 9.345137E+2 eV and limit to 40000 resonances
 ... File used for reconstruction: n-Tm173.reconst
 ... run RECENT ...
 ... Doppler broadened at a unique temperature: 0 Kelvin using sigma1
 ... The keyword temperature is zero, no Doppler broadening for the MACS

 ============== INTER values at 0 Kelvin ==============
 Thermal (n,g) xs =  41.2126 b. (meas/sys: 34.9466 b.) (warning: comparison to be done at 296 or 300 K)
 Th Maxw (n,g) xs =  41.403 b. (thermal Maxwellian value)
 Westcott factor  =  1.00461
 RI      (n,g)    =  1065.88 b. (meas or sys: - b.)
 MACS 3.000e+04 eV=  0.47312 b. (meas or sys: - b.) from 1.00E+00 to 9.35E+02 eV (end of RRR) at T= 0 Kelvin 
 Thermal (n,el) xs=  3.79484 b.
 RI      (n,el)   =  960.576 b.
 ============= PSYCHE values ==============
 Ave. G_total L0  =  0.469168 eV
 Ave. G_total L1  =  0.0531587 eV
 Ave. G_total L2  =  0.0513236 eV
 Ave. Gn_0    L0  =  0.0192275
 Ave. Gn_0    L1  =  0.00142639
 Ave. Gn_0    L2  =  0.0327732
 Ave. Gg      L0  =  0.0309409 eV
 Ave. Gg      L1  =  0.0530984 eV
 Ave. Gg      L2  =  0.0513231 eV
 Ave. D       L0  =  13.7428 eV
 Ave. D       L1  =  71.8857 eV
 Ave. D       L2  =  0 eV
 Ave. S       L0  =  0.000670483 eV
 Ave. S       L1  =  3.69794e-06 eV
 Ave. S       L2  =  0.0409665 eV
 =========================================
 ... End of final reconstruction and testing ...

 ... grouping is not optimum, change to 70 groups
 ... Produce MF33 based on MF32 and 10 random files
 ... MF3 of n-Tm173.reconst (3 sections) added to the files for ENDSAM
 ... run endsam for 10 in groups of 1 global run
 ... run endsam from 1 to 10
 ... random files: total width GT set to Gn+Gg+Gf (1000 resonances in 10 files)
 ... reorder resonance position after endsam (sampling)
 ... preparing the vectors  ... done
 ... nominal file 0 Cap(th)  ave= 4.121E+01 b. +/- 0.00 % || Ela(th) ave= 3.795E+00 b. +/- 0.00 % || RIcap ave= 1.07E+03 b. +/- 0.00 % || Macs30 ave= 4.73E-01 b. +/- 0.00 % || Gn^0(l=0) ave= 1.923E-02 +/- 0.00 % Gn^0(l=1) ave= 1.426E-03 +/- 0.00 % Gn^0(l=2) ave= 3.277E-02 +/- 0.00 % Gn^0(l=3) ave= 0.000E+00 +/- 0.00 % || Gtotal(l=0) ave= 4.692E-01 +/- 0.00 % Gtotal(l=1) ave= 5.316E-02 +/- 0.00 % Gtotal(l=2) ave= 5.132E-02 +/- 0.00 % Gtotal(l=3) ave= 0.000E+00 +/- 0.00 %  % || Gg(l=0) ave= 3.094E-02 +/- 0.00 % Gg(l=1) ave= 5.310E-02 +/- 0.00 % Gg(l=2) ave= 5.132E-02 +/- 0.00 % Gg(l=3) ave= 0.000E+00 +/- 0.00 %  % || D(l=0) ave= 1.374E+01 +/- 0.00 % D(l=1) ave= 7.189E+01 +/- 0.00 % D(l=2) ave= 0.000E+00 +/- 0.00 % D(l=3) ave= 0.000E+00 +/- 0.00 %  % || S(l=0) ave= 6.705E-04 +/- 0.00 % S(l=1) ave= 3.698E-06 +/- 0.00 % S(l=2) ave= 4.097E-02 +/- 0.00 % S(l=3) ave= 0.000E+00 +/- 0.00 % 
 ... random file  1 Cap(th)  ave= 4.387E+01 b. +/- 6.06 % || Ela(th) ave= 3.734E+00 b. +/- 1.64 % || RIcap ave= 1.06E+03 b. +/- 0.28 % || Macs30 ave= 4.73E-01 b. +/- 0.02 % || Gn^0(l=0) ave= 1.931E-02 +/- 0.41 % Gn^0(l=1) ave= 1.449E-03 +/- 1.54 % Gn^0(l=2) ave= 3.377E-02 +/- 2.95 % Gn^0(l=3) ave= 0.000E+00 +/- 0.00 % || Gtotal(l=0) ave= 4.727E-01 +/- 0.74 % Gtotal(l=1) ave= 5.034E-02 +/- 5.60 % Gtotal(l=2) ave= 3.990E-02 +/- 28.63 % Gtotal(l=3) ave= 0.000E+00 +/- 0.00 %  % || Gg(l=0) ave= 3.292E-02 +/- 6.00 % Gg(l=1) ave= 5.028E-02 +/- 5.61 % Gg(l=2) ave= 3.990E-02 +/- 28.63 % Gg(l=3) ave= 0.000E+00 +/- 0.00 %  % || D(l=0) ave= 1.385E+01 +/- 0.74 % D(l=1) ave= 7.189E+01 +/- 0.00 % D(l=2) ave= 0.000E+00 +/- 0.00 % D(l=3) ave= 0.000E+00 +/- 0.00 %  % || S(l=0) ave= 6.682E-04 +/- 0.35 % S(l=1) ave= 3.758E-06 +/- 1.59 % S(l=2) ave= 4.221E-02 +/- 2.95 % S(l=3) ave= 0.000E+00 +/- 0.00 % 
 ... random file  2 Cap(th)  ave= 4.102E+01 b. +/- 11.17 % || Ela(th) ave= 3.930E+00 b. +/- 7.19 % || RIcap ave= 1.07E+03 b. +/- 0.44 % || Macs30 ave= 4.73E-01 b. +/- 0.02 % || Gn^0(l=0) ave= 1.931E-02 +/- 0.34 % Gn^0(l=1) ave= 1.400E-03 +/- 5.10 % Gn^0(l=2) ave= 3.164E-02 +/- 9.86 % Gn^0(l=3) ave= 0.000E+00 +/- 0.00 % || Gtotal(l=0) ave= 4.729E-01 +/- 0.61 % Gtotal(l=1) ave= 4.959E-02 +/- 5.11 % Gtotal(l=2) ave= 5.567E-02 +/- 43.42 % Gtotal(l=3) ave= 0.000E+00 +/- 0.00 %  % || Gg(l=0) ave= 3.259E-02 +/- 5.15 % Gg(l=1) ave= 4.953E-02 +/- 5.11 % Gg(l=2) ave= 5.567E-02 +/- 43.42 % Gg(l=3) ave= 0.000E+00 +/- 0.00 %  % || D(l=0) ave= 1.381E+01 +/- 0.70 % D(l=1) ave= 7.189E+01 +/- 0.00 % D(l=2) ave= 0.000E+00 +/- 0.00 % D(l=3) ave= 0.000E+00 +/- 0.00 %  % || S(l=0) ave= 6.696E-04 +/- 0.41 % S(l=1) ave= 3.629E-06 +/- 5.20 % S(l=2) ave= 3.955E-02 +/- 9.86 % S(l=3) ave= 0.000E+00 +/- 0.00 % 
 ... random file  3 Cap(th)  ave= 4.506E+01 b. +/- 17.87 % || Ela(th) ave= 4.211E+00 b. +/- 12.92 % || RIcap ave= 1.08E+03 b. +/- 2.45 % || Macs30 ave= 4.73E-01 b. +/- 0.03 % || Gn^0(l=0) ave= 1.928E-02 +/- 0.42 % Gn^0(l=1) ave= 1.340E-03 +/- 9.07 % Gn^0(l=2) ave= 2.906E-02 +/- 17.97 % Gn^0(l=3) ave= 0.000E+00 +/- 0.00 % || Gtotal(l=0) ave= 4.717E-01 +/- 0.69 % Gtotal(l=1) ave= 4.804E-02 +/- 7.23 % Gtotal(l=2) ave= 4.640E-02 +/- 56.85 % Gtotal(l=3) ave= 0.000E+00 +/- 0.00 %  % || Gg(l=0) ave= 3.220E-02 +/- 4.99 % Gg(l=1) ave= 4.798E-02 +/- 7.24 % Gg(l=2) ave= 4.640E-02 +/- 56.85 % Gg(l=3) ave= 0.000E+00 +/- 0.00 %  % || D(l=0) ave= 1.379E+01 +/- 0.64 % D(l=1) ave= 7.189E+01 +/- 0.00 % D(l=2) ave= 0.000E+00 +/- 0.00 % D(l=3) ave= 0.000E+00 +/- 0.00 %  % || S(l=0) ave= 6.691E-04 +/- 0.38 % S(l=1) ave= 3.474E-06 +/- 9.02 % S(l=2) ave= 3.632E-02 +/- 17.97 % S(l=3) ave= 0.000E+00 +/- 0.00 % 
 ... random file  4 Cap(th)  ave= 4.319E+01 b. +/- 18.78 % || Ela(th) ave= 4.187E+00 b. +/- 11.68 % || RIcap ave= 1.09E+03 b. +/- 2.42 % || Macs30 ave= 4.73E-01 b. +/- 0.02 % || Gn^0(l=0) ave= 1.929E-02 +/- 0.40 % Gn^0(l=1) ave= 1.343E-03 +/- 8.11 % Gn^0(l=2) ave= 2.907E-02 +/- 16.06 % Gn^0(l=3) ave= 0.000E+00 +/- 0.00 % || Gtotal(l=0) ave= 4.714E-01 +/- 0.63 % Gtotal(l=1) ave= 4.839E-02 +/- 6.59 % Gtotal(l=2) ave= 4.855E-02 +/- 49.40 % Gtotal(l=3) ave= 0.000E+00 +/- 0.00 %  % || Gg(l=0) ave= 3.146E-02 +/- 6.52 % Gg(l=1) ave= 4.833E-02 +/- 6.60 % Gg(l=2) ave= 4.855E-02 +/- 49.40 % Gg(l=3) ave= 0.000E+00 +/- 0.00 %  % || D(l=0) ave= 1.378E+01 +/- 0.60 % D(l=1) ave= 7.189E+01 +/- 0.00 % D(l=2) ave= 0.000E+00 +/- 0.00 % D(l=3) ave= 0.000E+00 +/- 0.00 %  % || S(l=0) ave= 6.699E-04 +/- 0.41 % S(l=1) ave= 3.480E-06 +/- 8.06 % S(l=2) ave= 3.633E-02 +/- 16.06 % S(l=3) ave= 0.000E+00 +/- 0.00 % 
 ... random file  5 Cap(th)  ave= 4.020E+01 b. +/- 24.83 % || Ela(th) ave= 4.223E+00 b. +/- 10.75 % || RIcap ave= 1.07E+03 b. +/- 4.80 % || Macs30 ave= 4.73E-01 b. +/- 0.02 % || Gn^0(l=0) ave= 1.930E-02 +/- 0.36 % Gn^0(l=1) ave= 1.334E-03 +/- 7.63 % Gn^0(l=2) ave= 2.869E-02 +/- 15.14 % Gn^0(l=3) ave= 0.000E+00 +/- 0.00 % || Gtotal(l=0) ave= 4.716E-01 +/- 0.58 % Gtotal(l=1) ave= 4.771E-02 +/- 6.87 % Gtotal(l=2) ave= 4.622E-02 +/- 48.69 % Gtotal(l=3) ave= 0.000E+00 +/- 0.00 %  % || Gg(l=0) ave= 3.169E-02 +/- 6.13 % Gg(l=1) ave= 4.765E-02 +/- 6.88 % Gg(l=2) ave= 4.622E-02 +/- 48.69 % Gg(l=3) ave= 0.000E+00 +/- 0.00 %  % || D(l=0) ave= 1.378E+01 +/- 0.56 % D(l=1) ave= 7.189E+01 +/- 0.00 % D(l=2) ave= 0.000E+00 +/- 0.00 % D(l=3) ave= 0.000E+00 +/- 0.00 %  % || S(l=0) ave= 6.703E-04 +/- 0.40 % S(l=1) ave= 3.456E-06 +/- 7.56 % S(l=2) ave= 3.586E-02 +/- 15.14 % S(l=3) ave= 0.000E+00 +/- 0.00 % 
 ... random file  6 Cap(th)  ave= 3.846E+01 b. +/- 26.45 % || Ela(th) ave= 4.144E+00 b. +/- 11.17 % || RIcap ave= 1.04E+03 b. +/- 7.44 % || Macs30 ave= 4.73E-01 b. +/- 0.03 % || Gn^0(l=0) ave= 1.933E-02 +/- 0.56 % Gn^0(l=1) ave= 1.351E-03 +/- 7.65 % Gn^0(l=2) ave= 2.947E-02 +/- 15.11 % Gn^0(l=3) ave= 0.000E+00 +/- 0.00 % || Gtotal(l=0) ave= 4.726E-01 +/- 0.74 % Gtotal(l=1) ave= 4.909E-02 +/- 9.24 % Gtotal(l=2) ave= 4.841E-02 +/- 44.45 % Gtotal(l=3) ave= 0.000E+00 +/- 0.00 %  % || Gg(l=0) ave= 3.204E-02 +/- 6.21 % Gg(l=1) ave= 4.903E-02 +/- 9.26 % Gg(l=2) ave= 4.841E-02 +/- 44.45 % Gg(l=3) ave= 0.000E+00 +/- 0.00 %  % || D(l=0) ave= 1.380E+01 +/- 0.67 % D(l=1) ave= 7.189E+01 +/- 0.00 % D(l=2) ave= 0.000E+00 +/- 0.00 % D(l=3) ave= 0.000E+00 +/- 0.00 %  % || S(l=0) ave= 6.706E-04 +/- 0.39 % S(l=1) ave= 3.504E-06 +/- 7.66 % S(l=2) ave= 3.684E-02 +/- 15.11 % S(l=3) ave= 0.000E+00 +/- 0.00 % 
 ... random file  7 Cap(th)  ave= 3.597E+01 b. +/- 32.22 % || Ela(th) ave= 4.058E+00 b. +/- 12.07 % || RIcap ave= 1.03E+03 b. +/- 7.72 % || Macs30 ave= 4.73E-01 b. +/- 0.05 % || Gn^0(l=0) ave= 1.933E-02 +/- 0.52 % Gn^0(l=1) ave= 1.374E-03 +/- 8.30 % Gn^0(l=2) ave= 3.052E-02 +/- 16.39 % Gn^0(l=3) ave= 0.000E+00 +/- 0.00 % || Gtotal(l=0) ave= 4.723E-01 +/- 0.72 % Gtotal(l=1) ave= 4.904E-02 +/- 8.66 % Gtotal(l=2) ave= 4.867E-02 +/- 41.37 % Gtotal(l=3) ave= 0.000E+00 +/- 0.00 %  % || Gg(l=0) ave= 3.178E-02 +/- 6.24 % Gg(l=1) ave= 4.898E-02 +/- 8.67 % Gg(l=2) ave= 4.867E-02 +/- 41.37 % Gg(l=3) ave= 0.000E+00 +/- 0.00 %  % || D(l=0) ave= 1.382E+01 +/- 0.72 % D(l=1) ave= 7.189E+01 +/- 0.00 % D(l=2) ave= 0.000E+00 +/- 0.00 % D(l=3) ave= 0.000E+00 +/- 0.00 %  % || S(l=0) ave= 6.696E-04 +/- 0.53 % S(l=1) ave= 3.565E-06 +/- 8.37 % S(l=2) ave= 3.815E-02 +/- 16.39 % S(l=3) ave= 0.000E+00 +/- 0.00 % 
 ... random file  8 Cap(th)  ave= 3.590E+01 b. +/- 30.43 % || Ela(th) ave= 4.000E+00 b. +/- 12.24 % || RIcap ave= 1.02E+03 b. +/- 7.50 % || Macs30 ave= 4.73E-01 b. +/- 0.04 % || Gn^0(l=0) ave= 1.933E-02 +/- 0.49 % Gn^0(l=1) ave= 1.390E-03 +/- 8.36 % Gn^0(l=2) ave= 3.128E-02 +/- 16.57 % Gn^0(l=3) ave= 0.000E+00 +/- 0.00 % || Gtotal(l=0) ave= 4.722E-01 +/- 0.69 % Gtotal(l=1) ave= 4.860E-02 +/- 8.62 % Gtotal(l=2) ave= 4.717E-02 +/- 41.25 % Gtotal(l=3) ave= 0.000E+00 +/- 0.00 %  % || Gg(l=0) ave= 3.174E-02 +/- 5.90 % Gg(l=1) ave= 4.854E-02 +/- 8.63 % Gg(l=2) ave= 4.717E-02 +/- 41.25 % Gg(l=3) ave= 0.000E+00 +/- 0.00 %  % || D(l=0) ave= 1.383E+01 +/- 0.74 % D(l=1) ave= 7.189E+01 +/- 0.00 % D(l=2) ave= 0.000E+00 +/- 0.00 % D(l=3) ave= 0.000E+00 +/- 0.00 %  % || S(l=0) ave= 6.690E-04 +/- 0.57 % S(l=1) ave= 3.606E-06 +/- 8.44 % S(l=2) ave= 3.910E-02 +/- 16.57 % S(l=3) ave= 0.000E+00 +/- 0.00 % 
 ... random file  9 Cap(th)  ave= 3.735E+01 b. +/- 30.10 % || Ela(th) ave= 4.037E+00 b. +/- 11.84 % || RIcap ave= 1.02E+03 b. +/- 7.19 % || Macs30 ave= 4.73E-01 b. +/- 0.05 % || Gn^0(l=0) ave= 1.932E-02 +/- 0.51 % Gn^0(l=1) ave= 1.378E-03 +/- 8.38 % Gn^0(l=2) ave= 3.076E-02 +/- 16.77 % Gn^0(l=3) ave= 0.000E+00 +/- 0.00 % || Gtotal(l=0) ave= 4.723E-01 +/- 0.65 % Gtotal(l=1) ave= 4.873E-02 +/- 8.19 % Gtotal(l=2) ave= 4.551E-02 +/- 42.02 % Gtotal(l=3) ave= 0.000E+00 +/- 0.00 %  % || Gg(l=0) ave= 3.207E-02 +/- 6.37 % Gg(l=1) ave= 4.867E-02 +/- 8.20 % Gg(l=2) ave= 4.551E-02 +/- 42.02 % Gg(l=3) ave= 0.000E+00 +/- 0.00 %  % || D(l=0) ave= 1.382E+01 +/- 0.73 % D(l=1) ave= 7.189E+01 +/- 0.00 % D(l=2) ave= 0.000E+00 +/- 0.00 % D(l=3) ave= 0.000E+00 +/- 0.00 %  % || S(l=0) ave= 6.692E-04 +/- 0.55 % S(l=1) ave= 3.574E-06 +/- 8.50 % S(l=2) ave= 3.845E-02 +/- 16.77 % S(l=3) ave= 0.000E+00 +/- 0.00 % 
 ... random file  10 Cap(th)  ave= 3.852E+01 b. +/- 29.44 % || Ela(th) ave= 4.023E+00 b. +/- 11.38 % || RIcap ave= 1.03E+03 b. +/- 6.99 % || Macs30 ave= 4.73E-01 b. +/- 0.05 % || Gn^0(l=0) ave= 1.932E-02 +/- 0.49 % Gn^0(l=1) ave= 1.383E-03 +/- 8.03 % Gn^0(l=2) ave= 3.093E-02 +/- 16.00 % Gn^0(l=3) ave= 0.000E+00 +/- 0.00 % || Gtotal(l=0) ave= 4.723E-01 +/- 0.62 % Gtotal(l=1) ave= 4.817E-02 +/- 8.72 % Gtotal(l=2) ave= 4.390E-02 +/- 43.11 % Gtotal(l=3) ave= 0.000E+00 +/- 0.00 %  % || Gg(l=0) ave= 3.211E-02 +/- 6.07 % Gg(l=1) ave= 4.811E-02 +/- 8.73 % Gg(l=2) ave= 4.390E-02 +/- 43.11 % Gg(l=3) ave= 0.000E+00 +/- 0.00 %  % || D(l=0) ave= 1.384E+01 +/- 0.74 % D(l=1) ave= 7.189E+01 +/- 0.00 % D(l=2) ave= 0.000E+00 +/- 0.00 % D(l=3) ave= 0.000E+00 +/- 0.00 %  % || S(l=0) ave= 6.690E-04 +/- 0.53 % S(l=1) ave= 3.586E-06 +/- 8.15 % S(l=2) ave= 3.866E-02 +/- 16.00 % S(l=3) ave= 0.000E+00 +/- 0.00 % 
 ... Histogram plot for thermal (n,g)
 ... Write covariances  ... MT1  ... plot correlations
 ... MT2  ... MT102 


 ================================================
 ============== From 10 random values === start ======
 Thermal (n,tot) xs  0 K =  42.5461 b. +/- 11.5769 b. ( 27.2103 %) skew= -0.05 +/- 0.66
 Thermal (n,el) xs   0 K =  4.02294 b. +/- 0.457903 b. ( 11.3823 %) skew= +0.77 +/- 0.66
 Thermal (n,g) xs    0 K =  38.5232 b. +/- 11.3401 b. ( 29.4372 %) skew= -0.08 +/- 0.66
 RI      (n,g)       0 K =  1025.13 b. +/- 71.6835 b. ( 6.9926 %) 
 MACS    (n,g)       0 K (at Emacs= 30000 eV) =  0.47312 b. +/- 0.000226999 b. ( 0.0479791 %) 
 Ave. Gtotal  L=0        =  4.723E-01 +/- 0.62 %
 Ave. Gn^(0)  L=0        =  1.932E-02 +/- 0.49 %
 Ave. Gg      L=0        =  3.211E-02 +/- 6.07 %
 Ave. D       L=0        =  1.384E+01 +/- 0.74 %
 Ave. S       L=0        =  6.690E-04 +/- 0.53 %
 Ave. Gtotal  L=1        =  4.817E-02 +/- 8.72 %
 Ave. Gn^(1)  L=1        =  1.383E-03 +/- 8.03 %
 Ave. Gg      L=1        =  4.811E-02 +/- 8.73 %
 Ave. D       L=1        =  7.189E+01 +/- 0.00 %
 Ave. S       L=1        =  3.586E-06 +/- 8.15 %
 Ave. Gtotal  L=2        =  4.390E-02 +/- 43.11 %
 Ave. Gn^(2)  L=2        =  3.093E-02 +/- 16.00 %
 Ave. Gg      L=2        =  4.390E-02 +/- 43.11 %
 Ave. S       L=2        =  3.866E-02 +/- 16.00 %

 Expected Thermal (n,g) (syst or meas)= 34.9466 b. +/- 17.4733 b. nominal: 41.2126 b.
 ratio Calculated/expected thermal (n,g): 1.10 ratio DCalculated/Dexpected: 0.65 ratio Calculated/Nominal: 0.93
 ============== From 10 random values ===== stop ======
 ================================================
 ... Calculation of (n,a) and (n,p) cross sections at 300 K
 ... thermal (n,a) cross section is 4.30092e-09 +/- 2.15046e-09 b.
 ... thermal (n,a) cross section is 3.36914e-10 b. (random case 1)
 ... thermal (n,a) cross section is 2.62429e-09 b. (random case 2)
 ... thermal (n,a) cross section is 2.55194e-09 b. (random case 3)
 ... thermal (n,a) cross section is 6.17362e-09 b. (random case 4)
 ... thermal (n,a) cross section is 3.76587e-09 b. (random case 5)
 ... thermal (n,a) cross section is 5.34764e-09 b. (random case 6)
 ... thermal (n,a) cross section is 3.4714e-10 b. (random case 7)
 ... thermal (n,a) cross section is 1.32695e-09 b. (random case 8)
 ... thermal (n,a) cross section is 3.7984e-09 b. (random case 9)
 ... thermal (n,a) cross section is 5.11105e-09 b. (random case 10)
 ... (n,p) Q-value negative for this element
 ... Rewrite index for MF2
 ... Write text for MF1 in file mf1.tares.txt
 ... plotting cross sections for the MF1
 ... order output files


================== summary ==================
 Thermal (n,tot) xs = 45.0074 b. 
 Thermal (n,el)  xs = 3.79484 b. 
 Thermal (n,g)   xs = 41.2126 b. (meas/sys: 34.9466 b.)
 At 300 K (thermal adjustment): (n,el) = 3.80576 b., (n,g) = 41.237 b.

 RI      (n,g)      = 1065.88 b. (meas or sys: - b.)
 RI      (n,el)     = 960.576 b.
=============================================


 ... cleaning
                                                 
  -------------------------------------------------------------
  -                                                           -
  - TARES: successful end of run with data from hypothetical  -
  - resonances for  Z= 69, A= 173 and isomer= 0               -
  - half-life: 8.238889 hours
  -                                                           -
  -------------------------------------------------------------

   Running time:       22 seconds

 End time: Fri Oct  9 11:02:23 2026

