
  -------------------------------------------------------------
  -                                                           -
  -              Welcome to TARES version 1.8                 -
  -                                                           -
  -  (C) Copyright 2007-2025 D. Rochman, All Rights Reserved  -
  -           NRG, Petten, the Netherlands 2007-2014          -
  -           PSI, Villigen    Switzerland 2015-2025          -
  -         Nagra, Wettingen   Switzerland 2025-              -
  -           (Last Modified October 06, 2026)                -
  -           (Database from October 06, 2026)                -
  -                                                           -
  -------------------------------------------------------------


  ---------------------------------------------
   Compilation information:
   Compiled on:         Oct  7 2026, 09:32:19
   Compiled by:         koning
   Compiler version:    clang++ - 21.0.0
   Source location:     /Users/koning/tares-1.8/source/Module/
   Binaries location:   /Users/koning/bin
   System:              Darwin 25.6.0
   System version:      Darwin Kernel Version 25.6.0: Fri Jul 31 19:19:08 PDT 2026; root:xnu-12377.161.14~5/RELEASE_ARM64_T6050  
   Machine:             arm64 
  ---------------------------------------------

   User information:
   User name:           koning
   Running directory:   /Users/koning/tendl/resbase/Co055/work
   Owner mode for running directory : rwx
   Group mode for running directory : r-x
  ---------------------------------------------


 Starting time: Wed Oct  7 12:34:19 2026
 ... inputs directory found (/Users/koning/tares-1.8/source/Module//../../inputs/).
 ... It will be used for resonance parameters 
 ... ###############################################
 ... #     read the input file tares.inp
 ... ###############################################
 ... line: #
 ... line: # Input file generated by Autorochman
          --> line not read
 ... line: #
 ... line: isotope    Co
          --> Isotope name: Co
 ... line: mass       55
          --> isotopic mass: 55
 ... line: output     n-Co055
         ---> Name of the output files: n-Co055
 ... line: isomer     0
          --> isomeric state: 0
 ... line: mf32mf33   y
          --> MF33 based on MF32: y
 ... line: nbrRandom  10
          --> Nbr of random files: 10
 ... ###############################################
 ... # end read the input file tares.inp
 ... ###############################################
Value for random generator type not considered in since Tares 1.7 due to compilation issues

 ... ###############################################
     #   Interpretation of the Input definition    #
     ###############################################

 ... Default energy limit: End of resonance region
 ... Nuclear charge    = 27
 ... Element           = Co
 ... Mass              = 55
 ... Isomer            = 0
 ... Correlation for (Gn,Gg) not included in random files
 ... Default random option: No random
 ... Output name: n-Co055
 ... Energy for the MACS: 30000 eV
 ... Resonances from CALENDF reduced (reduce=y) 
 ... For URR, level density model from TALYS selected: 91n3n12611.2850 (see manual for description)
 ... Random Generator: default (pseudo random numbers from ansi c++)
 ... Reconstruction of cross section selected
 ... Doppler broadening at 0 Kelvin
 ... URR not included (from the input file flag)
 ... Weight for grouping is flat
 ... Calculation of (n,alpha) cross section selected
 ... Number of digit for MF32c covariance representation: 2
 ... MF32 included
 ... MF33 will be used for covariance processing
 ... TENDL option set to yes (automatic choice of MF2 and format)
 ... Isotope not found in the best file --> use of MLBW formalism
 ... default option: Multi level Breit Wigner approximation selected
 ... (check file best.tendl.yes for changing this option)
 ... Retroactive option set to no with the 2025 option
 ... ladder option set to yes (CALENDF will be used for statistical resonances)

 ... ###############################################
     #           End of Input definition           #
     ###############################################

 ... gnuplot found, will be used for plotting
 ... latex found, will be used for plotting
 ... dvips found, will be used for plotting
 ... ps2epsi not found, limited plotting available
 ... uncertainties on default parameters multiplied by 1.00385
 ... Read resonance data from the 2025 directory
 ... Resonance parameters taken from /Users/koning/tares-1.8/source/Module//../../inputs/2025/Resonance/default/
 ---> Processing Z= 27 and A= 55 and isomer= 0 (level number: 0)
 Exfor path; Could not find /Users/koning/tares-1.8/source/Module//../../inputs/exfor/Co055/xs/102
Thermal file; Could not open file /Users/koning/tares-1.8/source/Module//../../inputs/2025/runThermal/results//thermal.mxw.ng.cendl3.1
Thermal file; Could not open file /Users/koning/tares-1.8/source/Module//../../inputs/2025/runThermal/results//thermal.mxw.ng.brond3.1
Thermal file; Could not open file /Users/koning/tares-1.8/source/Module//../../inputs/2025/runThermal/results//thermal.xs.ng.unc.cendl3.1
 ... spin taken from the final/ directory (1)

 ... ###############################################
 ... #  Nucleus global parameters (2025 database)  #
 ... ###############################################
 0. Half-life: 17.5306 hours
 ... Scattering radius from TALYS: /Users/koning/tares-1.8/source/Module//../../inputs/2025/lib.urr/talys.urr/
 1. Spin of the target isotope: 3.5
 2. Relative Atomic Mass of the target isotope: 54.9419
 3. Scattering radius (local compilation): 5.06586 fm +/- 0.106383 fm
      .......................................
      ... Thermal capture cross sections: ...
 4. Thermal (n,g) cross section from systematics: 2.901 +/- 1.4505 b.
 5. Thermal (n,g) cross section from compilation (Firestone-2022 average on element Co): 37.2 +/- 0.3 b.
 6. Thermal (n,g) cross section from compilation (Firestone-2022 final on element Co): 37.18 +/- 0.06 b.
 7. Thermal (n,g) cross section from TENDL-2023: 2.091 +/- 0.5199 b.
 8. Thermal (n,g) cross section from JENDL-5.0: 0.2272 b.
      .......................................
      ...  Thermal total cross sections:  ...
      .......................................
      ... Thermal elastic cross sections: ...
 9. Thermal (n,el) cross section from JENDL-5.0: 3.806 b.
 10. Thermal (n,el) cross section from potential (4piR^2): 6.36657 +/- 0.318328 b.
      .......................................
             ... Resonance integral: ...
 11. No capture integral found in /Users/koning/tares-1.8/source/Module//../../inputs/capture.integral
 ... no RI(n,g) found in local compilation, take 2018 value.
 ... no RI(n,g) found in local compilation, take Sukhoruchkin value.
   ---- MACS 30 keV ----- 
 12. TALYS MACS 30 keV (HF): 0.0252869 b. 
   ---------- S0 -------- 
 13. S0 from TALYS: 5.29342
   ---------- S1 -------- 
 14. S1 from TALYS: 0.645573
   ---------- S2 -------- 
 15. S2 from TALYS: 4.90236
   ---------- D0 -------- 
 16. D0 from TALYS: 1173.71 eV
   ---------- D1 -------- 
 17. D1 from TALYS: 630.697 eV
   ---------- D2 -------- 
 18. D2 from TALYS: 476.252 eV
   ---------- G0 -------- 
 19. Gg0 from TALYS: 0.876661 eV
   ---------- G1 -------- 
 20. Gg1 from TALYS: 0.665482 eV
   ---------- G2 -------- 
 21. Gg2 from TALYS: 0.821681 eV


   ---------------------- 
 ... Read resonance parameters (format: 2: Multi Level Breit Wigner)
 ... 0 resonances found 
 ... possibly no resonances in the Resonance directory for this isotope and options
 ... Use HFR (ladder) behavior 
 --> 23. Number of resonances from the input file: 2 up to 586.854 eV
 24. Read nuclear quantities (mass, MAT...)
 25. Read thermal (n,g) xs 
 26. Read the scattering radius 
 27. Read uncertainty on Gg for 2 resonances
 28. Read uncertainty on Gg for 2 resonances ... done
 ... order resonances 
 ... Upper limit for the RRR: 586.854 eV (no statistical resonances HFR) from the limit.RRR file
 ... Write parameters for l=0 waves
 ... End writing original MF2 
 ... No RRR in the database: uncertainties on default parameters multiplied by 1.99753
 ... Enter in urr function (ladder option set to y) for file n-Co055
 ... read the file /Users/koning/tares-1.8/source/Module//../../inputs/2025/list.jcs.urr to find URR origin
 Default URR taken from TALYS calculations with level density model: 91n3n12611.2850
 File considered for the URR: /Users/koning/tares-1.8/source/Module//../../inputs/2025/lib.urr/talys.urr/91n3n12611.2850/Co/urr/urr.dat.Co.055.000.0.gz
 ... Write URR using TALYS average parameters (used for HFR)
 ... Limit of URR changed to 25 keV (recommendation from WPEC and JEFF)
 ... ---> Emax(RRR) taken from the file limit.ladder: 15000 eV <---
 ... (File limit.ladder: /Users/koning/tares-1.8/source/Module//../../inputs/2025/limit.ladder.91n3n12611.2850)
 ... read D0, S0, Gn and Gg
 ... number of URR energies: 2580
 Number of l: 2580 and last energy: 12
 Last  URR energy: 15000 eV
 ... Enter in to_MLBW_mf2 function
 ... Convert to Multi Level Breit Wigner (MLBW)
 ... Write parameter covariances (MF32) for l=0
 ... Convert parameter covariances (MF32) to MLBW
 ... copy the mf2 and mf32 to .mlbw files
 ... Enter in urr_correct function case 1
 Modify the higher limit of RRR in MF2
 --> old value: 5.897878+2 eV new value: 1.000000-2 eV
 Modify resonance covariances (MF32) to include correlations in the URR
 End Modify resonance covariances (MF32) to include correlations in the URR
 ... Enter in calendf_xs function
 Use CALENDF for statistical resonances (update MF2) up to 1.500000+4 eV (initial limit)
 Extract resonances from CALENDF for RRR->URR 2
 103 statistical resonances found
 After reduction, 89 statistical resonances found
 ... checking resonance order 1
 ... checking resonance order 2nd round for 87 resonances
 ... end checking resonance order 2nd round
 .......................................................
 ... Adjustment to the thermal cross section : start ...
 .......................................................

 Before adjustment (adjustment to the thermal cross section set to y)
 ... Import MF2 from TARES calculations
 ... End energy of TARES MF2 : 1.452555E+4 eV and limit to 40000 resonances
 ... File used for reconstruction: new.temp22.reconst
 ... run RECENT ...
 ... Doppler broadened at a unique temperature: 300 Kelvin using sigma1
 ... run SIGMA1 at 3.000000E+02 K.

 ============== INTER values at 300 Kelvin ==============
 Thermal (n,g) xs =  1337.43 b. (meas/sys: 2.901 b.) (warning: comparison to be done at 296 or 300 K)
 Th Maxw (n,g) xs =  1345.7 b. (thermal Maxwellian value)
 Westcott factor  =  1.0062
 RI      (n,g)    =  1071.97 b. (meas or sys: - b.)
 MACS 3.000e+04 eV=  0.046726 b. (meas or sys: - b.) from 1.00E+00 to 2.00E+07 eV (end of RRR) at T= 300 Kelvin 
 Thermal (n,el) xs=  513.824 b.
 RI      (n,el)   =  12473.6 b.
 ============= PSYCHE values ==============
 Ave. G_total L0  =  84.5828 eV
 Ave. G_total L1  =  0.802327 eV
 Ave. G_total L2  =  0.86936 eV
 Ave. Gn_0    L0  =  1.17765
 Ave. Gn_0    L1  =  0.205438
 Ave. Gn_0    L2  =  3.62661
 Ave. Gg      L0  =  0.907877 eV
 Ave. Gg      L1  =  0.618067 eV
 Ave. Gg      L2  =  0.864993 eV
 Ave. D       L0  =  1037.54 eV
 Ave. D       L1  =  907.847 eV
 Ave. D       L2  =  806.975 eV
 Ave. S       L0  =  0.000623547 eV
 Ave. S       L1  =  3.84485e-05 eV
 Ave. S       L2  =  0.000474048 eV
 =========================================
 Calculated capture integral   1071.97 b.
 Calculated thermal (n,g)=          1337.42640 b. and recommended= 2.901 b. (C/E= 461.023)
 Calculated RI      (n,g)= 1071.97 b. (no reference value)
 ... tolerances: thermal (n,g) 20 % (reference uncertainties, minimum 2% and 5%, maximum 20%)
 Adjust the capture widths ...
 ... capture adjusted with Gn for 66 resonances (Gn<Gg) and with Gg for 21 resonances
 ... iteration 0: C/E thermal (n,g)= 461.023
 Warning: 87 widths limited to a change of a factor 10 from their starting values

 <-------- After adjustment -------->
 ... Import MF2 from TARES calculations
 ... End energy of TARES MF2 : 1.452555E+4 eV and limit to 40000 resonances
 ... File used for reconstruction: new.temp22.reconst
 ... run RECENT ...
 ... Doppler broadened at a unique temperature: 300 Kelvin using sigma1
 ... run SIGMA1 at 3.000000E+02 K.

 ============== INTER values at 300 Kelvin ==============
 Thermal (n,g) xs =  133.758 b. (meas/sys: 2.901 b.) (warning: comparison to be done at 296 or 300 K)
 Th Maxw (n,g) xs =  134.59 b. (thermal Maxwellian value)
 Westcott factor  =  1.0062
 RI      (n,g)    =  109.684 b. (meas or sys: - b.)
 MACS 3.000e+04 eV=  0.021905 b. (meas or sys: - b.) from 1.00E+00 to 2.00E+07 eV (end of RRR) at T= 300 Kelvin 
 Thermal (n,el) xs=  513.838 b.
 RI      (n,el)   =  12956.5 b.
 ============= PSYCHE values ==============
 Ave. G_total L0  =  83.8147 eV
 Ave. G_total L1  =  0.651929 eV
 Ave. G_total L2  =  0.86543 eV
 Ave. Gn_0    L0  =  1.17753
 Ave. Gn_0    L1  =  0.077681
 Ave. Gn_0    L2  =  0.362661
 Ave. Gg      L0  =  0.143423 eV
 Ave. Gg      L1  =  0.550377 eV
 Ave. Gg      L2  =  0.864993 eV
 Ave. D       L0  =  1037.54 eV
 Ave. D       L1  =  907.847 eV
 Ave. D       L2  =  806.975 eV
 Ave. S       L0  =  0.000623494 eV
 Ave. S       L1  =  1.38916e-05 eV
 Ave. S       L2  =  4.74048e-05 eV
 =========================================
 ... iteration 1: C/E thermal (n,g)= 46.1076
 Warning: 87 widths limited to a change of a factor 10 from their starting values

 <-------- After adjustment -------->
 ... Import MF2 from TARES calculations
 ... End energy of TARES MF2 : 1.452555E+4 eV and limit to 40000 resonances
 ... File used for reconstruction: new.temp22.reconst
 ... run RECENT ...
 ... Doppler broadened at a unique temperature: 300 Kelvin using sigma1
 ... run SIGMA1 at 3.000000E+02 K.

 ============== INTER values at 300 Kelvin ==============
 Thermal (n,g) xs =  133.758 b. (meas/sys: 2.901 b.) (warning: comparison to be done at 296 or 300 K)
 Th Maxw (n,g) xs =  134.59 b. (thermal Maxwellian value)
 Westcott factor  =  1.0062
 RI      (n,g)    =  109.684 b. (meas or sys: - b.)
 MACS 3.000e+04 eV=  0.021905 b. (meas or sys: - b.) from 1.00E+00 to 2.00E+07 eV (end of RRR) at T= 300 Kelvin 
 Thermal (n,el) xs=  513.838 b.
 RI      (n,el)   =  12956.5 b.
 ============= PSYCHE values ==============
 Ave. G_total L0  =  83.8147 eV
 Ave. G_total L1  =  0.651929 eV
 Ave. G_total L2  =  0.86543 eV
 Ave. Gn_0    L0  =  1.17753
 Ave. Gn_0    L1  =  0.077681
 Ave. Gn_0    L2  =  0.362661
 Ave. Gg      L0  =  0.143423 eV
 Ave. Gg      L1  =  0.550377 eV
 Ave. Gg      L2  =  0.864993 eV
 Ave. D       L0  =  1037.54 eV
 Ave. D       L1  =  907.847 eV
 Ave. D       L2  =  806.975 eV
 Ave. S       L0  =  0.000623494 eV
 Ave. S       L1  =  1.38916e-05 eV
 Ave. S       L2  =  4.74048e-05 eV
 =========================================
 ... iteration 2: C/E thermal (n,g)= 46.1076
 Warning: no further change possible (widths at the limit of a factor 10): adjustment stopped


 ... ratio C/E thermal (n,g): 4.610756E+01
 ...................................................... 
 ... Adjustment to the thermal cross section : stop ...
 ...................................................... 
 ... new MF2 file after adjustment: n-Co055
 ... read the file /Users/koning/tares-1.8/source/Module//../../inputs/2025/list.jcs.urr to find URR origin
 Default URR taken from TALYS calculations with level density model: 91n3n12611.2850
 File considered for the URR: /Users/koning/tares-1.8/source/Module//../../inputs/2025/lib.urr/talys.urr/91n3n12611.2850/Co/urr/urr.dat.Co.055.000.0.gz
 ... Write URR using TALYS average parameters (not used for HFR)
 Energy limit of the URR set to 18883.2 eV
 ... read D0, S0, Gn and Gg
 ... number of URR energies: 48
 Number of l: 48 and last energy: 12
 Last  URR energy: 18883.2 eV
 ... Enter in urr_correct function case 2
 Modify the higher limit of RRR in MF2
 --> old value: 1.452555+4 eV new value: 1.452555+4 eV
 Modify resonance covariances (MF32) to include correlations in the URR
 End Modify resonance covariances (MF32) to include correlations in the URR
 ... Enter in update_MF32 function
 ... Change uncertainties
 ... for the HFR, random position of the positive resonances with 0.020000 %
 ... end of update MF32 function
 ... GLS calculation of the parameter correlations from the thermal/RI adjustment (MF32c)
 ... MF32: correlations from the thermal/RI adjustment (GLS) for 1 resonances (2 widths), 1 correlation lines
 ...   thermal (n,g): uncertainty from these widths 53.4239 b. -> 1.44997 b. (reference: 2.901 +/- 1.4505 b.)
 ... copy the mf2 and mf32 to .mlbw files

 ... Start of final reconstruction and testing ...
 ... Reconstruction of cross sections at 0 Kelvin  ... Import MF2 from TARES calculations
 ... End energy of TARES MF2 : 1.452555E+4 eV and limit to 40000 resonances
 ... File used for reconstruction: n-Co055.reconst
 ... run RECENT ...
 ... Doppler broadened at a unique temperature: 0 Kelvin using sigma1
 ... The keyword temperature is zero, no Doppler broadening for the MACS

 ============== INTER values at 0 Kelvin ==============
 Thermal (n,g) xs =  133.691 b. (meas/sys: 2.901 b.) (warning: comparison to be done at 296 or 300 K)
 Th Maxw (n,g) xs =  133.83 b. (thermal Maxwellian value)
 Westcott factor  =  1.00101
 RI      (n,g)    =  109.222 b. (meas or sys: - b.)
 MACS 3.000e+04 eV=  0.021794 b. (meas or sys: - b.) from 1.00E+00 to 1.45E+04 eV (end of RRR) at T= 0 Kelvin 
 Thermal (n,el) xs=  509.081 b.
 RI      (n,el)   =  12920.6 b.
 ============= PSYCHE values ==============
 Ave. G_total L0  =  83.8147 eV
 Ave. G_total L1  =  0.651929 eV
 Ave. G_total L2  =  0.86543 eV
 Ave. Gn_0    L0  =  1.17753
 Ave. Gn_0    L1  =  0.077681
 Ave. Gn_0    L2  =  0.362661
 Ave. Gg      L0  =  0.143423 eV
 Ave. Gg      L1  =  0.550377 eV
 Ave. Gg      L2  =  0.864993 eV
 Ave. D       L0  =  1037.54 eV
 Ave. D       L1  =  907.847 eV
 Ave. D       L2  =  806.975 eV
 Ave. S       L0  =  0.000623494 eV
 Ave. S       L1  =  1.38916e-05 eV
 Ave. S       L2  =  4.74048e-05 eV
 =========================================
 ... End of final reconstruction and testing ...

 ... grouping is not optimum, change to 70 groups
 ... Produce MF33 based on MF32 and 10 random files
 ... run endsam for 10 in groups of 1 global run
 ... run endsam from 1 to 10
 ... reorder resonance position after endsam (sampling)
 ... preparing the vectors  ... done
 ... nominal file 0 Cap(th)  ave= 1.337E+02 b. +/- 0.00 % || Ela(th) ave= 5.091E+02 b. +/- 0.00 % || RIcap ave= 1.09E+02 b. +/- 0.00 % || Macs30 ave= 3.62E-02 b. +/- 0.00 % || Gn^0(l=0) ave= 1.178E+00 +/- 0.00 % Gn^0(l=1) ave= 7.768E-02 +/- 0.00 % Gn^0(l=2) ave= 3.627E-01 +/- 0.00 % Gn^0(l=3) ave= 0.000E+00 +/- 0.00 % || Gtotal(l=0) ave= 8.381E+01 +/- 0.00 % Gtotal(l=1) ave= 6.519E-01 +/- 0.00 % Gtotal(l=2) ave= 8.654E-01 +/- 0.00 % Gtotal(l=3) ave= 0.000E+00 +/- 0.00 %  % || Gg(l=0) ave= 1.434E-01 +/- 0.00 % Gg(l=1) ave= 5.504E-01 +/- 0.00 % Gg(l=2) ave= 8.650E-01 +/- 0.00 % Gg(l=3) ave= 0.000E+00 +/- 0.00 %  % || D(l=0) ave= 1.038E+03 +/- 0.00 % D(l=1) ave= 9.078E+02 +/- 0.00 % D(l=2) ave= 8.070E+02 +/- 0.00 % D(l=3) ave= 0.000E+00 +/- 0.00 %  % || S(l=0) ave= 6.235E-04 +/- 0.00 % S(l=1) ave= 1.389E-05 +/- 0.00 % S(l=2) ave= 4.740E-05 +/- 0.00 % S(l=3) ave= 0.000E+00 +/- 0.00 % 
 ... random file  1 Cap(th)  ave= 1.219E+02 b. +/- 9.70 % || Ela(th) ave= 5.065E+02 b. +/- 0.50 % || RIcap ave= 9.96E+01 b. +/- 9.61 % || Macs30 ave= 3.53E-02 b. +/- 2.66 % || Gn^0(l=0) ave= 1.173E+00 +/- 0.41 % Gn^0(l=1) ave= 7.550E-02 +/- 2.89 % Gn^0(l=2) ave= 3.426E-01 +/- 5.86 % Gn^0(l=3) ave= 0.000E+00 +/- 0.00 % || Gtotal(l=0) ave= 8.381E+01 +/- 0.00 % Gtotal(l=1) ave= 6.519E-01 +/- 0.00 % Gtotal(l=2) ave= 8.654E-01 +/- 0.00 % Gtotal(l=3) ave= 0.000E+00 +/- 0.00 %  % || Gg(l=0) ave= 1.355E-01 +/- 5.82 % Gg(l=1) ave= 6.034E-01 +/- 8.79 % Gg(l=2) ave= 9.250E-01 +/- 6.49 % Gg(l=3) ave= 0.000E+00 +/- 0.00 %  % || D(l=0) ave= 1.038E+03 +/- 0.00 % D(l=1) ave= 9.078E+02 +/- 0.00 % D(l=2) ave= 8.070E+02 +/- 0.00 % D(l=3) ave= 0.000E+00 +/- 0.00 %  % || S(l=0) ave= 6.209E-04 +/- 0.42 % S(l=1) ave= 1.350E-05 +/- 2.91 % S(l=2) ave= 4.477E-05 +/- 5.88 % S(l=3) ave= 0.000E+00 +/- 0.00 % 
 ... random file  2 Cap(th)  ave= 1.296E+02 b. +/- 11.28 % || Ela(th) ave= 5.051E+02 b. +/- 0.58 % || RIcap ave= 1.06E+02 b. +/- 11.41 % || Macs30 ave= 3.63E-02 b. +/- 4.64 % || Gn^0(l=0) ave= 1.174E+00 +/- 0.36 % Gn^0(l=1) ave= 8.084E-02 +/- 9.60 % Gn^0(l=2) ave= 3.970E-01 +/- 19.83 % Gn^0(l=3) ave= 0.000E+00 +/- 0.00 % || Gtotal(l=0) ave= 8.381E+01 +/- 0.00 % Gtotal(l=1) ave= 6.519E-01 +/- 0.00 % Gtotal(l=2) ave= 8.654E-01 +/- 0.00 % Gtotal(l=3) ave= 0.000E+00 +/- 0.00 %  % || Gg(l=0) ave= 1.432E-01 +/- 8.83 % Gg(l=1) ave= 5.822E-01 +/- 9.04 % Gg(l=2) ave= 8.746E-01 +/- 9.89 % Gg(l=3) ave= 0.000E+00 +/- 0.00 %  % || D(l=0) ave= 1.038E+03 +/- 0.00 % D(l=1) ave= 9.078E+02 +/- 0.00 % D(l=2) ave= 8.070E+02 +/- 0.00 % D(l=3) ave= 0.000E+00 +/- 0.00 %  % || S(l=0) ave= 6.215E-04 +/- 0.37 % S(l=1) ave= 1.446E-05 +/- 9.62 % S(l=2) ave= 5.187E-05 +/- 19.80 % S(l=3) ave= 0.000E+00 +/- 0.00 % 
 ... random file  3 Cap(th)  ave= 1.288E+02 b. +/- 9.90 % || Ela(th) ave= 5.059E+02 b. +/- 0.57 % || RIcap ave= 1.05E+02 b. +/- 10.01 % || Macs30 ave= 3.61E-02 b. +/- 4.17 % || Gn^0(l=0) ave= 1.191E+00 +/- 2.54 % Gn^0(l=1) ave= 8.464E-02 +/- 11.11 % Gn^0(l=2) ave= 4.375E-01 +/- 22.35 % Gn^0(l=3) ave= 0.000E+00 +/- 0.00 % || Gtotal(l=0) ave= 8.475E+01 +/- 1.90 % Gtotal(l=1) ave= 6.519E-01 +/- 0.00 % Gtotal(l=2) ave= 8.654E-01 +/- 0.00 % Gtotal(l=3) ave= 0.000E+00 +/- 0.00 %  % || Gg(l=0) ave= 1.383E-01 +/- 10.02 % Gg(l=1) ave= 5.833E-01 +/- 7.82 % Gg(l=2) ave= 9.022E-01 +/- 9.85 % Gg(l=3) ave= 0.000E+00 +/- 0.00 %  % || D(l=0) ave= 1.057E+03 +/- 3.27 % D(l=1) ave= 9.078E+02 +/- 0.00 % D(l=2) ave= 8.070E+02 +/- 0.00 % D(l=3) ave= 0.000E+00 +/- 0.00 %  % || S(l=0) ave= 6.202E-04 +/- 0.49 % S(l=1) ave= 1.513E-05 +/- 11.11 % S(l=2) ave= 5.725E-05 +/- 22.49 % S(l=3) ave= 0.000E+00 +/- 0.00 % 
 ... random file  4 Cap(th)  ave= 1.190E+02 b. +/- 18.98 % || Ela(th) ave= 5.085E+02 b. +/- 1.15 % || RIcap ave= 9.74E+01 b. +/- 19.11 % || Macs30 ave= 3.63E-02 b. +/- 3.79 % || Gn^0(l=0) ave= 1.201E+00 +/- 2.82 % Gn^0(l=1) ave= 8.692E-02 +/- 11.01 % Gn^0(l=2) ave= 4.624E-01 +/- 21.76 % Gn^0(l=3) ave= 0.000E+00 +/- 0.00 % || Gtotal(l=0) ave= 8.531E+01 +/- 2.14 % Gtotal(l=1) ave= 6.519E-01 +/- 0.00 % Gtotal(l=2) ave= 8.654E-01 +/- 0.00 % Gtotal(l=3) ave= 0.000E+00 +/- 0.00 %  % || Gg(l=0) ave= 1.432E-01 +/- 10.99 % Gg(l=1) ave= 5.915E-01 +/- 7.43 % Gg(l=2) ave= 8.733E-01 +/- 11.25 % Gg(l=3) ave= 0.000E+00 +/- 0.00 %  % || D(l=0) ave= 1.069E+03 +/- 3.66 % D(l=1) ave= 9.078E+02 +/- 0.00 % D(l=2) ave= 8.070E+02 +/- 0.00 % D(l=3) ave= 0.000E+00 +/- 0.00 %  % || S(l=0) ave= 6.192E-04 +/- 0.55 % S(l=1) ave= 1.554E-05 +/- 11.00 % S(l=2) ave= 6.046E-05 +/- 21.81 % S(l=3) ave= 0.000E+00 +/- 0.00 % 
 ... random file  5 Cap(th)  ave= 1.134E+02 b. +/- 21.28 % || Ela(th) ave= 5.054E+02 b. +/- 1.72 % || RIcap ave= 9.29E+01 b. +/- 21.29 % || Macs30 ave= 3.65E-02 b. +/- 3.72 % || Gn^0(l=0) ave= 1.208E+00 +/- 2.87 % Gn^0(l=1) ave= 8.353E-02 +/- 13.86 % Gn^0(l=2) ave= 4.298E-01 +/- 27.27 % Gn^0(l=3) ave= 0.000E+00 +/- 0.00 % || Gtotal(l=0) ave= 8.568E+01 +/- 2.17 % Gtotal(l=1) ave= 6.519E-01 +/- 0.00 % Gtotal(l=2) ave= 8.654E-01 +/- 0.00 % Gtotal(l=3) ave= 0.000E+00 +/- 0.00 %  % || Gg(l=0) ave= 1.431E-01 +/- 10.04 % Gg(l=1) ave= 5.783E-01 +/- 8.61 % Gg(l=2) ave= 8.835E-01 +/- 10.47 % Gg(l=3) ave= 0.000E+00 +/- 0.00 %  % || D(l=0) ave= 1.077E+03 +/- 3.70 % D(l=1) ave= 9.078E+02 +/- 0.00 % D(l=2) ave= 8.070E+02 +/- 0.00 % D(l=3) ave= 0.000E+00 +/- 0.00 %  % || S(l=0) ave= 6.187E-04 +/- 0.53 % S(l=1) ave= 1.493E-05 +/- 13.89 % S(l=2) ave= 5.620E-05 +/- 27.30 % S(l=3) ave= 0.000E+00 +/- 0.00 % 
 ... random file  6 Cap(th)  ave= 1.145E+02 b. +/- 19.65 % || Ela(th) ave= 5.039E+02 b. +/- 1.75 % || RIcap ave= 9.39E+01 b. +/- 19.68 % || Macs30 ave= 3.59E-02 b. +/- 5.29 % || Gn^0(l=0) ave= 1.214E+00 +/- 2.85 % Gn^0(l=1) ave= 8.541E-02 +/- 13.65 % Gn^0(l=2) ave= 4.491E-01 +/- 26.34 % Gn^0(l=3) ave= 0.000E+00 +/- 0.00 % || Gtotal(l=0) ave= 8.594E+01 +/- 2.15 % Gtotal(l=1) ave= 6.519E-01 +/- 0.00 % Gtotal(l=2) ave= 8.654E-01 +/- 0.00 % Gtotal(l=3) ave= 0.000E+00 +/- 0.00 %  % || Gg(l=0) ave= 1.388E-01 +/- 12.21 % Gg(l=1) ave= 5.771E-01 +/- 8.00 % Gg(l=2) ave= 8.979E-01 +/- 10.32 % Gg(l=3) ave= 0.000E+00 +/- 0.00 %  % || D(l=0) ave= 1.083E+03 +/- 3.65 % D(l=1) ave= 9.078E+02 +/- 0.00 % D(l=2) ave= 8.070E+02 +/- 0.00 % D(l=3) ave= 0.000E+00 +/- 0.00 %  % || S(l=0) ave= 6.185E-04 +/- 0.50 % S(l=1) ave= 1.526E-05 +/- 13.67 % S(l=2) ave= 5.876E-05 +/- 26.42 % S(l=3) ave= 0.000E+00 +/- 0.00 % 
 ... random file  7 Cap(th)  ave= 1.103E+02 b. +/- 21.65 % || Ela(th) ave= 5.071E+02 b. +/- 2.33 % || RIcap ave= 9.03E+01 b. +/- 21.84 % || Macs30 ave= 3.57E-02 b. +/- 5.25 % || Gn^0(l=0) ave= 1.218E+00 +/- 2.84 % Gn^0(l=1) ave= 8.301E-02 +/- 15.19 % Gn^0(l=2) ave= 4.258E-01 +/- 29.72 % Gn^0(l=3) ave= 0.000E+00 +/- 0.00 % || Gtotal(l=0) ave= 8.614E+01 +/- 2.09 % Gtotal(l=1) ave= 6.519E-01 +/- 0.00 % Gtotal(l=2) ave= 8.654E-01 +/- 0.00 % Gtotal(l=3) ave= 0.000E+00 +/- 0.00 %  % || Gg(l=0) ave= 1.383E-01 +/- 11.51 % Gg(l=1) ave= 5.741E-01 +/- 7.66 % Gg(l=2) ave= 9.001E-01 +/- 9.65 % Gg(l=3) ave= 0.000E+00 +/- 0.00 %  % || D(l=0) ave= 1.087E+03 +/- 3.55 % D(l=1) ave= 9.078E+02 +/- 0.00 % D(l=2) ave= 8.070E+02 +/- 0.00 % D(l=3) ave= 0.000E+00 +/- 0.00 %  % || S(l=0) ave= 6.186E-04 +/- 0.47 % S(l=1) ave= 1.484E-05 +/- 15.19 % S(l=2) ave= 5.571E-05 +/- 29.81 % S(l=3) ave= 0.000E+00 +/- 0.00 % 
 ... random file  8 Cap(th)  ave= 1.093E+02 b. +/- 20.78 % || Ela(th) ave= 5.069E+02 b. +/- 2.20 % || RIcap ave= 8.95E+01 b. +/- 20.95 % || Macs30 ave= 3.57E-02 b. +/- 4.96 % || Gn^0(l=0) ave= 1.213E+00 +/- 2.95 % Gn^0(l=1) ave= 8.241E-02 +/- 14.58 % Gn^0(l=2) ave= 4.190E-01 +/- 28.85 % Gn^0(l=3) ave= 0.000E+00 +/- 0.00 % || Gtotal(l=0) ave= 8.588E+01 +/- 2.16 % Gtotal(l=1) ave= 6.519E-01 +/- 0.00 % Gtotal(l=2) ave= 8.654E-01 +/- 0.00 % Gtotal(l=3) ave= 0.000E+00 +/- 0.00 %  % || Gg(l=0) ave= 1.380E-01 +/- 10.90 % Gg(l=1) ave= 5.687E-01 +/- 7.76 % Gg(l=2) ave= 8.810E-01 +/- 11.13 % Gg(l=3) ave= 0.000E+00 +/- 0.00 %  % || D(l=0) ave= 1.082E+03 +/- 3.67 % D(l=1) ave= 9.078E+02 +/- 0.00 % D(l=2) ave= 8.070E+02 +/- 0.00 % D(l=3) ave= 0.000E+00 +/- 0.00 %  % || S(l=0) ave= 6.188E-04 +/- 0.45 % S(l=1) ave= 1.473E-05 +/- 14.57 % S(l=2) ave= 5.483E-05 +/- 28.92 % S(l=3) ave= 0.000E+00 +/- 0.00 % 
 ... random file  9 Cap(th)  ave= 1.094E+02 b. +/- 19.69 % || Ela(th) ave= 5.063E+02 b. +/- 2.12 % || RIcap ave= 8.96E+01 b. +/- 19.85 % || Macs30 ave= 3.64E-02 b. +/- 7.00 % || Gn^0(l=0) ave= 1.208E+00 +/- 3.05 % Gn^0(l=1) ave= 8.079E-02 +/- 15.33 % Gn^0(l=2) ave= 4.033E-01 +/- 30.75 % Gn^0(l=3) ave= 0.000E+00 +/- 0.00 % || Gtotal(l=0) ave= 8.568E+01 +/- 2.17 % Gtotal(l=1) ave= 6.519E-01 +/- 0.00 % Gtotal(l=2) ave= 8.654E-01 +/- 0.00 % Gtotal(l=3) ave= 0.000E+00 +/- 0.00 %  % || Gg(l=0) ave= 1.379E-01 +/- 10.35 % Gg(l=1) ave= 5.643E-01 +/- 7.78 % Gg(l=2) ave= 8.902E-01 +/- 10.90 % Gg(l=3) ave= 0.000E+00 +/- 0.00 %  % || D(l=0) ave= 1.077E+03 +/- 3.70 % D(l=1) ave= 9.078E+02 +/- 0.00 % D(l=2) ave= 8.070E+02 +/- 0.00 % D(l=3) ave= 0.000E+00 +/- 0.00 %  % || S(l=0) ave= 6.185E-04 +/- 0.44 % S(l=1) ave= 1.444E-05 +/- 15.30 % S(l=2) ave= 5.275E-05 +/- 30.87 % S(l=3) ave= 0.000E+00 +/- 0.00 % 
 ... random file  10 Cap(th)  ave= 1.132E+02 b. +/- 21.04 % || Ela(th) ave= 5.063E+02 b. +/- 2.02 % || RIcap ave= 9.27E+01 b. +/- 21.12 % || Macs30 ave= 3.63E-02 b. +/- 6.69 % || Gn^0(l=0) ave= 1.206E+00 +/- 2.99 % Gn^0(l=1) ave= 8.007E-02 +/- 15.02 % Gn^0(l=2) ave= 3.957E-01 +/- 30.49 % Gn^0(l=3) ave= 0.000E+00 +/- 0.00 % || Gtotal(l=0) ave= 8.551E+01 +/- 2.17 % Gtotal(l=1) ave= 6.519E-01 +/- 0.00 % Gtotal(l=2) ave= 8.654E-01 +/- 0.00 % Gtotal(l=3) ave= 0.000E+00 +/- 0.00 %  % || Gg(l=0) ave= 1.355E-01 +/- 11.51 % Gg(l=1) ave= 5.638E-01 +/- 7.43 % Gg(l=2) ave= 8.838E-01 +/- 10.71 % Gg(l=3) ave= 0.000E+00 +/- 0.00 %  % || D(l=0) ave= 1.074E+03 +/- 3.70 % D(l=1) ave= 9.078E+02 +/- 0.00 % D(l=2) ave= 8.070E+02 +/- 0.00 % D(l=3) ave= 0.000E+00 +/- 0.00 %  % || S(l=0) ave= 6.191E-04 +/- 0.50 % S(l=1) ave= 1.432E-05 +/- 14.98 % S(l=2) ave= 5.176E-05 +/- 30.61 % S(l=3) ave= 0.000E+00 +/- 0.00 % 
 ... Histogram plot for thermal (n,g)
 ... Write covariances  ... MT1  ... plot correlations
 ... MT2  ... MT102 


 ================================================
 ============== From 10 random values === start ======
 Thermal (n,tot) xs  0 K =  619.465 b. +/- 22.7402 b. ( 3.67094 %) skew= -0.06 +/- 0.66
 Thermal (n,el) xs   0 K =  506.254 b. +/- 10.2506 b. ( 2.02479 %) skew= +0.74 +/- 0.66
 Thermal (n,g) xs    0 K =  113.211 b. +/- 23.8202 b. ( 21.0406 %) skew= +0.03 +/- 0.66
 RI      (n,g)       0 K =  92.682 b. +/- 19.5756 b. ( 21.1212 %) 
 MACS    (n,g)       0 K (at Emacs= 30000 eV) =  0.0363266 b. +/- 0.00243148 b. ( 6.69339 %) 
 Ave. Gtotal  L=0        =  8.551E+01 +/- 2.17 %
 Ave. Gn^(0)  L=0        =  1.206E+00 +/- 2.99 %
 Ave. Gg      L=0        =  1.355E-01 +/- 11.51 %
 Ave. D       L=0        =  1.074E+03 +/- 3.70 %
 Ave. S       L=0        =  6.191E-04 +/- 0.50 %
 Ave. Gtotal  L=1        =  6.519E-01 +/- 0.00 %
 Ave. Gn^(1)  L=1        =  8.007E-02 +/- 15.02 %
 Ave. Gg      L=1        =  5.638E-01 +/- 7.43 %
 Ave. D       L=1        =  9.078E+02 +/- 0.00 %
 Ave. S       L=1        =  1.432E-05 +/- 14.98 %
 Ave. Gtotal  L=2        =  8.654E-01 +/- 0.00 %
 Ave. Gn^(2)  L=2        =  3.957E-01 +/- 30.49 %
 Ave. Gg      L=2        =  8.838E-01 +/- 10.71 %
 Ave. D       L=2        =  8.070E+02 +/- 0.00 %
 Ave. S       L=2        =  5.176E-05 +/- 30.61 %

 Expected Thermal (n,g) (syst or meas)= 2.901 b. +/- 1.4505 b. nominal: 133.691 b.
 ratio Calculated/expected thermal (n,g): 39.02 ratio DCalculated/Dexpected: 16.42 ratio Calculated/Nominal: 0.85
 ============== From 10 random values ===== stop ======
 ================================================
 ... Calculation of (n,a) and (n,p) cross sections at 300 K
 ... thermal (n,a) cross section is 0.424672 +/- 0.212336 b.
 ... thermal (n,a) cross section is 0.780778 b. (random case 1)
 ... thermal (n,a) cross section is 1.13688 b. (random case 2)
 ... thermal (n,a) cross section is 1.83447 b. (random case 3)
 ... thermal (n,a) cross section is 2.53205 b. (random case 4)
 ... thermal (n,a) cross section is 2.45008 b. (random case 5)
 ... thermal (n,a) cross section is 2.36811 b. (random case 6)
 ... thermal (n,a) cross section is 2.28614 b. (random case 7)
 ... thermal (n,a) cross section is 2.20417 b. (random case 8)
 ... thermal (n,a) cross section is 2.12219 b. (random case 9)
 ... thermal (n,a) cross section is 2.04022 b. (random case 10)
 ... thermal (n,p) cross section is 0.424672 +/- 0.212336 b.
 ... thermal (n,p) cross section is 0.780778 b. (random case 1)
 ... thermal (n,p) cross section is 1.13688 b. (random case 2)
 ... thermal (n,p) cross section is 1.83447 b. (random case 3)
 ... thermal (n,p) cross section is 2.53205 b. (random case 4)
 ... thermal (n,p) cross section is 2.45008 b. (random case 5)
 ... thermal (n,p) cross section is 2.36811 b. (random case 6)
 ... thermal (n,p) cross section is 2.28614 b. (random case 7)
 ... thermal (n,p) cross section is 2.20417 b. (random case 8)
 ... thermal (n,p) cross section is 2.12219 b. (random case 9)
 ... thermal (n,p) cross section is 2.04022 b. (random case 10)
 ... Rewrite index for MF2
 ... Write text for MF1 in file mf1.tares.txt
 ... plotting cross sections for the MF1
 ... order output files


================== summary ==================
 Thermal (n,tot) xs = 646.852 b. 
 Thermal (n,el)  xs = 509.081 b. 
 Thermal (n,g)   xs = 133.691 b. (meas/sys: 2.901 b.)
 Thermal (n,a)   xs = 2.04022 b. 
 Thermal (n,p)   xs = 2.04022 b. 
 At 300 K (thermal adjustment): (n,el) = 513.838 b., (n,g) = 133.758 b.

 RI      (n,g)      = 109.222 b. (meas or sys: - b.)
 RI      (n,el)     = 12920.6 b.
=============================================


 ... cleaning
                                                 
  -------------------------------------------------------------
  -                                                           -
  - TARES: successful end of run with data from hypothetical  -
  - resonances for  Z= 27,  A= 55 and isomer= 0               -
  - half-life: 17.530556 hours
  -                                                           -
  -------------------------------------------------------------

   Running time:       10 seconds

 End time: Wed Oct  7 12:34:29 2026

